154.54.249.195 - - [27/Jun/2022:01:43:21 +0200] "GET /PodCast/Email?action=edit&restore=diff:1172764240:1165681233:&preview=y HTTP/1.1" 200 8640 "-" "Mozilla/5.0 (compatible; Barkrowler/0.9; +https://babbar.tech/crawler)"
154.54.249.195 - - [27/Jun/2022:01:43:58 +0200] "GET /PodCast/Email?action=edit&restore=diff:1172766149:1172765705:&preview=y HTTP/1.1" 200 8640 "-" "Mozilla/5.0 (compatible; Barkrowler/0.9; +https://babbar.tech/crawler)"
154.54.249.195 - - [27/Jun/2022:01:44:39 +0200] "GET /PodCast/Email?action=edit&restore=diff:1172765705:1172764240:&preview=y HTTP/1.1" 200 8640 "-" "Mozilla/5.0 (compatible; Barkrowler/0.9; +https://babbar.tech/crawler)"
154.54.249.195 - - [27/Jun/2022:01:45:18 +0200] "GET /PodCast/Email?action=edit&restore=diff:1165522104:1165519158:&preview=y HTTP/1.1" 200 8640 "-" "Mozilla/5.0 (compatible; Barkrowler/0.9; +https://babbar.tech/crawler)"
66.249.76.193 - - [27/Jun/2022:01:45:49 +0200] "GET /PodCast/IndexPage?action=rss HTTP/1.1" 200 6298 "-" "Mozilla/5.0 (compatible; Googlebot/2.1; +http://www.google.com/bot.html)"
154.54.249.195 - - [27/Jun/2022:01:45:59 +0200] "GET /PodCast/Email?action=edit&restore=diff:1165522143:1165522104:&preview=y HTTP/1.1" 200 8640 "-" "Mozilla/5.0 (compatible; Barkrowler/0.9; +https://babbar.tech/crawler)"
154.54.249.195 - - [27/Jun/2022:01:46:41 +0200] "GET /robots.txt HTTP/1.1" 200 - "-" "Mozilla/5.0 (compatible; Barkrowler/0.9; +https://babbar.tech/crawler)"
157.55.39.153 - - [27/Jun/2022:01:46:52 +0200] "GET /Site/61Sanggale1465 HTTP/1.1" 200 18601 "-" "Mozilla/5.0 (compatible; bingbot/2.0; +http://www.bing.com/bingbot.htm)"
154.54.249.195 - - [27/Jun/2022:01:47:18 +0200] "GET /PodCast/Email?action=edit&restore=diff:1165651232:1165651052:&preview=y HTTP/1.1" 200 8640 "-" "Mozilla/5.0 (compatible; Barkrowler/0.9; +https://babbar.tech/crawler)"
154.54.249.195 - - [27/Jun/2022:01:47:59 +0200] "GET /PodCast/Email?action=edit&restore=diff:1165651052:1165650667:&preview=y HTTP/1.1" 200 8640 "-" "Mozilla/5.0 (compatible; Barkrowler/0.9; +https://babbar.tech/crawler)"
154.54.249.195 - - [27/Jun/2022:01:48:37 +0200] "GET /PodCast/Email?action=edit&restore=diff:1165651251:1165651232:&preview=y HTTP/1.1" 200 8640 "-" "Mozilla/5.0 (compatible; Barkrowler/0.9; +https://babbar.tech/crawler)"
154.54.249.195 - - [27/Jun/2022:01:49:19 +0200] "GET /PodCast/Email?action=edit&restore=diff:1165650646:1165522143:&preview=y HTTP/1.1" 200 8640 "-" "Mozilla/5.0 (compatible; Barkrowler/0.9; +https://babbar.tech/crawler)"
154.54.249.195 - - [27/Jun/2022:01:49:56 +0200] "GET /PodCast/Email?action=edit&restore=diff:1165650667:1165650646:&preview=y HTTP/1.1" 200 8640 "-" "Mozilla/5.0 (compatible; Barkrowler/0.9; +https://babbar.tech/crawler)"
154.54.249.195 - - [27/Jun/2022:01:50:37 +0200] "GET /PodCast/Puzzle?action=edit&restore=diff:1165650010:1165647066:&preview=y HTTP/1.1" 200 8654 "-" "Mozilla/5.0 (compatible; Barkrowler/0.9; +https://babbar.tech/crawler)"
154.54.249.195 - - [27/Jun/2022:01:51:18 +0200] "GET /PodCast/Puzzle?action=edit&restore=diff:1165650243:1165650197:&preview=y HTTP/1.1" 200 8654 "-" "Mozilla/5.0 (compatible; Barkrowler/0.9; +https://babbar.tech/crawler)"
185.191.171.1 - - [27/Jun/2022:01:51:45 +0200] "GET /PmWikiFr/Audiences?action=print HTTP/1.1" 403 18 "-" "Mozilla/5.0 (compatible; SemrushBot/7~bl; +http://www.semrush.com/bot.html)"
154.54.249.195 - - [27/Jun/2022:01:51:57 +0200] "GET /PodCast/Puzzle?action=edit&restore=diff:1165650197:1165650010:&preview=y HTTP/1.1" 200 8654 "-" "Mozilla/5.0 (compatible; Barkrowler/0.9; +https://babbar.tech/crawler)"
185.191.171.9 - - [27/Jun/2022:01:52:23 +0200] "GET /PmWikiDe/Requirements?action=diff HTTP/1.1" 403 18 "-" "Mozilla/5.0 (compatible; SemrushBot/7~bl; +http://www.semrush.com/bot.html)"
154.54.249.195 - - [27/Jun/2022:01:52:36 +0200] "GET /PodCast/Puzzle?action=edit&restore=diff:1177578736:1166170225:&preview=y HTTP/1.1" 200 8654 "-" "Mozilla/5.0 (compatible; Barkrowler/0.9; +https://babbar.tech/crawler)"
85.25.177.219 - - [27/Jun/2022:01:53:05 +0200] "GET /Hilfe/Quicktime?action=edit HTTP/1.1" 403 18 "-" "SEO Scanner/1.2.4 (SEO Crawler; seoscanners.info; info@seoscanners.info)"
154.54.249.195 - - [27/Jun/2022:01:53:13 +0200] "GET /PodCast/Puzzle?action=edit&restore=diff:1165910268:1165681188:&preview=y HTTP/1.1" 200 8654 "-" "Mozilla/5.0 (compatible; Barkrowler/0.9; +https://babbar.tech/crawler)"
154.54.249.195 - - [27/Jun/2022:01:53:52 +0200] "GET /PodCast/Puzzle?action=edit&restore=diff:1165647066:1165647066:&preview=y HTTP/1.1" 200 8654 "-" "Mozilla/5.0 (compatible; Barkrowler/0.9; +https://babbar.tech/crawler)"
154.54.249.195 - - [27/Jun/2022:01:54:36 +0200] "GET /PodCast/Puzzle?action=edit&restore=diff:1165681188:1165650243:&preview=y HTTP/1.1" 200 8654 "-" "Mozilla/5.0 (compatible; Barkrowler/0.9; +https://babbar.tech/crawler)"
85.25.177.219 - - [27/Jun/2022:01:54:52 +0200] "GET /Hilfe/Quicktime?action=upload HTTP/1.1" 403 18 "-" "SEO Scanner/1.2.4 (SEO Crawler; seoscanners.info; info@seoscanners.info)"
154.54.249.195 - - [27/Jun/2022:01:55:15 +0200] "GET /PodCast/Puzzle?action=edit&restore=diff:1166170225:1165910268:&preview=y HTTP/1.1" 200 8654 "-" "Mozilla/5.0 (compatible; Barkrowler/0.9; +https://babbar.tech/crawler)"
154.54.249.195 - - [27/Jun/2022:01:55:54 +0200] "GET /Admin/Links?action=edit&restore=diff:1340380386:1329585246:minor&preview=y HTTP/1.1" 200 8616 "-" "Mozilla/5.0 (compatible; Barkrowler/0.9; +https://babbar.tech/crawler)"
154.54.249.195 - - [27/Jun/2022:01:56:31 +0200] "GET /Admin/Links?action=edit&restore=diff:1503675448:1503675398:&preview=y HTTP/1.1" 200 8611 "-" "Mozilla/5.0 (compatible; Barkrowler/0.9; +https://babbar.tech/crawler)"
154.54.249.195 - - [27/Jun/2022:01:57:07 +0200] "GET /Site/141Taagsatzig1484?action=upload&upname=141Taagsatzig1484.mp3 HTTP/1.1" 200 8652 "-" "Mozilla/5.0 (compatible; Barkrowler/0.9; +https://babbar.tech/crawler)"
154.54.249.195 - - [27/Jun/2022:01:57:49 +0200] "GET /robots.txt HTTP/1.1" 200 - "-" "Mozilla/5.0 (compatible; Barkrowler/0.9; +https://babbar.tech/crawler)"
154.54.249.195 - - [27/Jun/2022:01:58:27 +0200] "GET /Site/Voorwort?action=edit&restore=diff:1177579840:1177579788:&preview=y HTTP/1.1" 200 8639 "-" "Mozilla/5.0 (compatible; Barkrowler/0.9; +https://babbar.tech/crawler)"
154.54.249.195 - - [27/Jun/2022:01:59:07 +0200] "GET /Site/Voorwort?action=edit&restore=diff:1177579201:1177579144:&preview=y HTTP/1.1" 200 8639 "-" "Mozilla/5.0 (compatible; Barkrowler/0.9; +https://babbar.tech/crawler)"
154.54.249.195 - - [27/Jun/2022:01:59:44 +0200] "GET /Site/Voorwort?action=edit&restore=diff:1177579144:1177579144:&preview=y HTTP/1.1" 200 8639 "-" "Mozilla/5.0 (compatible; Barkrowler/0.9; +https://babbar.tech/crawler)"
62.210.215.119 - - [27/Jun/2022:02:00:27 +0200] "GET /PodCast/IndexPage?action=rss HTTP/1.1" 200 6298 "-" "Mozilla/5.0 (X11; Linux i686) AppleWebKit/537.36 (KHTML, like Gecko) Chrome/30.0.1599.66 Safari/537.36"
154.54.249.195 - - [27/Jun/2022:02:00:27 +0200] "GET /Site/Voorwort?action=edit&restore=diff:1177579788:1177579201:&preview=y HTTP/1.1" 200 8639 "-" "Mozilla/5.0 (compatible; Barkrowler/0.9; +https://babbar.tech/crawler)"
185.191.171.24 - - [27/Jun/2022:02:00:38 +0200] "GET /PmWikiDe/XLPage?action=diff HTTP/1.1" 403 18 "-" "Mozilla/5.0 (compatible; SemrushBot/7~bl; +http://www.semrush.com/bot.html)"
154.54.249.195 - - [27/Jun/2022:02:01:06 +0200] "GET /Site/Miroir?action=edit&restore=diff:1233334630:1233334469:&preview=y HTTP/1.1" 200 8611 "-" "Mozilla/5.0 (compatible; Barkrowler/0.9; +https://babbar.tech/crawler)"
194.209.200.2 - - [27/Jun/2022:02:01:10 +0200] "GET /robots.txt HTTP/1.1" 200 - "-" "Mozilla/5.0 (compatible; TMMBot/0.2; +http://www.dslab.ch)/Nutch-1.15"
194.209.200.2 - - [27/Jun/2022:02:01:10 +0200] "GET /Texte/ZurcherischEnglish HTTP/1.1" 200 8274 "-" "Mozilla/5.0 (compatible; TMMBot/0.2; +http://www.dslab.ch)/Nutch-1.15"
154.54.249.195 - - [27/Jun/2022:02:01:45 +0200] "GET /Site/Miroir?action=edit&restore=diff:1233334708:1233334630:&preview=y HTTP/1.1" 200 8611 "-" "Mozilla/5.0 (compatible; Barkrowler/0.9; +https://babbar.tech/crawler)"
154.54.249.195 - - [27/Jun/2022:02:02:33 +0200] "GET /Site/Miroir?action=edit&restore=diff:1233334469:1233334469:&preview=y HTTP/1.1" 200 8611 "-" "Mozilla/5.0 (compatible; Barkrowler/0.9; +https://babbar.tech/crawler)"
54.36.149.22 - - [27/Jun/2022:02:03:04 +0200] "GET /robots.txt HTTP/1.1" 200 - "-" "Mozilla/5.0 (compatible; AhrefsBot/7.0; +http://ahrefs.com/robot/)"
54.36.149.81 - - [27/Jun/2022:02:03:05 +0200] "GET / HTTP/1.1" 200 14638 "-" "Mozilla/5.0 (compatible; AhrefsBot/7.0; +http://ahrefs.com/robot/)"
154.54.249.195 - - [27/Jun/2022:02:03:09 +0200] "GET /Site/Miroir?action=edit&restore=diff:1237148023:1233334708:&preview=y HTTP/1.1" 200 8611 "-" "Mozilla/5.0 (compatible; Barkrowler/0.9; +https://babbar.tech/crawler)"
154.54.249.195 - - [27/Jun/2022:02:03:53 +0200] "GET /Site/PodCast?action=edit&restore=diff:1375209726:1373741683:&preview=y HTTP/1.1" 200 8627 "-" "Mozilla/5.0 (compatible; Barkrowler/0.9; +https://babbar.tech/crawler)"
194.209.200.2 - - [27/Jun/2022:02:03:56 +0200] "GET /Texte/Schrybwys HTTP/1.1" 200 11028 "-" "Mozilla/5.0 (compatible; TMMBot/0.2; +http://www.dslab.ch)/Nutch-1.15"
154.54.249.195 - - [27/Jun/2022:02:04:29 +0200] "GET /Site/PodCast?action=edit&restore=diff:1355943666:1353776197:&preview=y HTTP/1.1" 200 8627 "-" "Mozilla/5.0 (compatible; Barkrowler/0.9; +https://babbar.tech/crawler)"
154.54.249.195 - - [27/Jun/2022:02:05:12 +0200] "GET /Site/PodCast?action=edit&restore=diff:1385062499:1385062080:&preview=y HTTP/1.1" 200 8627 "-" "Mozilla/5.0 (compatible; Barkrowler/0.9; +https://babbar.tech/crawler)"
154.54.249.195 - - [27/Jun/2022:02:05:50 +0200] "GET /Site/PodCast?action=edit&restore=diff:1385061901:1382365965:&preview=y HTTP/1.1" 200 8627 "-" "Mozilla/5.0 (compatible; Barkrowler/0.9; +https://babbar.tech/crawler)"
194.209.200.2 - - [27/Jun/2022:02:05:55 +0200] "GET /Texte/Styluebige HTTP/1.1" 200 9998 "-" "Mozilla/5.0 (compatible; TMMBot/0.2; +http://www.dslab.ch)/Nutch-1.15"
85.25.177.219 - - [27/Jun/2022:02:06:05 +0200] "GET /Texte/Gloosse?action=upload HTTP/1.1" 403 18 "-" "SEO Scanner/1.2.4 (SEO Crawler; seoscanners.info; info@seoscanners.info)"
154.54.249.195 - - [27/Jun/2022:02:06:31 +0200] "GET /Site/PodCast?action=edit&restore=diff:1385062080:1385061901:&preview=y HTTP/1.1" 200 8627 "-" "Mozilla/5.0 (compatible; Barkrowler/0.9; +https://babbar.tech/crawler)"
154.54.249.195 - - [27/Jun/2022:02:07:07 +0200] "GET /Site/PodCast?action=edit&restore=diff:1364919752:1363453036:&preview=y HTTP/1.1" 200 8627 "-" "Mozilla/5.0 (compatible; Barkrowler/0.9; +https://babbar.tech/crawler)"
154.54.249.195 - - [27/Jun/2022:02:07:48 +0200] "GET /Site/PodCast?action=edit&restore=diff:1364919940:1364919836:&preview=y HTTP/1.1" 200 8627 "-" "Mozilla/5.0 (compatible; Barkrowler/0.9; +https://babbar.tech/crawler)"
154.54.249.195 - - [27/Jun/2022:02:08:27 +0200] "GET /Site/PodCast?action=edit&restore=diff:1364919836:1364919752:&preview=y HTTP/1.1" 200 8627 "-" "Mozilla/5.0 (compatible; Barkrowler/0.9; +https://babbar.tech/crawler)"
194.209.200.2 - - [27/Jun/2022:02:08:36 +0200] "GET / HTTP/1.1" 200 14638 "-" "Mozilla/5.0 (compatible; TMMBot/0.2; +http://www.dslab.ch)/Nutch-1.15"
154.54.249.195 - - [27/Jun/2022:02:09:08 +0200] "GET /robots.txt HTTP/1.1" 200 - "-" "Mozilla/5.0 (compatible; Barkrowler/0.9; +https://babbar.tech/crawler)"
194.209.200.2 - - [27/Jun/2022:02:09:30 +0200] "GET /Texte/Bitterbeuhsi HTTP/1.1" 200 9255 "-" "Mozilla/5.0 (compatible; TMMBot/0.2; +http://www.dslab.ch)/Nutch-1.15"
194.209.200.2 - - [27/Jun/2022:02:09:44 +0200] "GET /Gast/Podcast HTTP/1.1" 200 8106 "-" "Mozilla/5.0 (compatible; TMMBot/0.2; +http://www.dslab.ch)/Nutch-1.15"
154.54.249.195 - - [27/Jun/2022:02:09:48 +0200] "GET /Site/PodCast?action=edit&restore=diff:1348495764:1347560604:&preview=y HTTP/1.1" 200 8627 "-" "Mozilla/5.0 (compatible; Barkrowler/0.9; +https://babbar.tech/crawler)"
194.209.200.2 - - [27/Jun/2022:02:10:26 +0200] "GET /Hilfe/AnleitungTonbeispiele HTTP/1.1" 200 9878 "-" "Mozilla/5.0 (compatible; TMMBot/0.2; +http://www.dslab.ch)/Nutch-1.15"
154.54.249.195 - - [27/Jun/2022:02:10:33 +0200] "GET /Site/PodCast?action=edit&restore=diff:1382365965:1379530739:&preview=y HTTP/1.1" 200 8627 "-" "Mozilla/5.0 (compatible; Barkrowler/0.9; +https://babbar.tech/crawler)"
154.54.249.195 - - [27/Jun/2022:02:11:16 +0200] "GET /Site/PodCast?action=edit&restore=diff:1398959858:1398959161:&preview=y HTTP/1.1" 200 8627 "-" "Mozilla/5.0 (compatible; Barkrowler/0.9; +https://babbar.tech/crawler)"
154.54.249.195 - - [27/Jun/2022:02:11:55 +0200] "GET /Site/PodCast?action=edit&restore=diff:1398959161:1398959105:&preview=y HTTP/1.1" 200 8627 "-" "Mozilla/5.0 (compatible; Barkrowler/0.9; +https://babbar.tech/crawler)"
154.54.249.195 - - [27/Jun/2022:02:12:34 +0200] "GET /Site/PodCast?action=edit&restore=diff:1398958916:1398108789:&preview=y HTTP/1.1" 200 8627 "-" "Mozilla/5.0 (compatible; Barkrowler/0.9; +https://babbar.tech/crawler)"
154.54.249.195 - - [27/Jun/2022:02:13:16 +0200] "GET /Site/PodCast?action=edit&restore=diff:1398959105:1398958988:&preview=y HTTP/1.1" 200 8627 "-" "Mozilla/5.0 (compatible; Barkrowler/0.9; +https://babbar.tech/crawler)"
154.54.249.195 - - [27/Jun/2022:02:14:23 +0200] "GET /Site/PodCast?action=edit&restore=diff:1398958988:1398958916:&preview=y HTTP/1.1" 200 8627 "-" "Mozilla/5.0 (compatible; Barkrowler/0.9; +https://babbar.tech/crawler)"
114.119.134.123 - - [27/Jun/2022:02:15:02 +0200] "GET /PmWikiFr/DeletingPages?action=diff HTTP/1.1" 403 18 "http://www.pro-zurituutsch.ch/PmWikiFr/DeletingPages" "Mozilla/5.0 (Linux; Android 7.0;) AppleWebKit/537.36 (KHTML, like Gecko) Mobile Safari/537.36 (compatible; PetalBot;+https://webmaster.petalsearch.com/site/petalbot)"
154.54.249.195 - - [27/Jun/2022:02:15:04 +0200] "GET /Site/PodCast?action=edit&restore=diff:1340804286:1339516577:&preview=y HTTP/1.1" 200 8627 "-" "Mozilla/5.0 (compatible; Barkrowler/0.9; +https://babbar.tech/crawler)"
154.54.249.195 - - [27/Jun/2022:02:15:45 +0200] "GET /Site/PodCast?action=edit&restore=diff:1321545315:1320954334:&preview=y HTTP/1.1" 200 8627 "-" "Mozilla/5.0 (compatible; Barkrowler/0.9; +https://babbar.tech/crawler)"
154.54.249.195 - - [27/Jun/2022:02:16:30 +0200] "GET /Site/PodCast?action=edit&restore=diff:1308477849:1305970836:&preview=y HTTP/1.1" 200 8627 "-" "Mozilla/5.0 (compatible; Barkrowler/0.9; +https://babbar.tech/crawler)"
85.25.177.219 - - [27/Jun/2022:02:17:06 +0200] "GET /Texte/Gloosse?action=diff HTTP/1.1" 403 18 "-" "SEO Scanner/1.2.4 (SEO Crawler; seoscanners.info; info@seoscanners.info)"
154.54.249.195 - - [27/Jun/2022:02:17:12 +0200] "GET /Site/PodCast?action=edit&restore=diff:1336406138:1334944558:&preview=y HTTP/1.1" 200 8627 "-" "Mozilla/5.0 (compatible; Barkrowler/0.9; +https://babbar.tech/crawler)"
185.191.171.1 - - [27/Jun/2022:02:17:46 +0200] "GET /PmWikiDe/References?action=edit HTTP/1.1" 404 18 "-" "Mozilla/5.0 (compatible; SemrushBot/7~bl; +http://www.semrush.com/bot.html)"
154.54.249.195 - - [27/Jun/2022:02:17:51 +0200] "GET /Site/PodCast?action=edit&restore=diff:1373741683:1372237814:&preview=y HTTP/1.1" 200 8627 "-" "Mozilla/5.0 (compatible; Barkrowler/0.9; +https://babbar.tech/crawler)"
154.54.249.195 - - [27/Jun/2022:02:18:35 +0200] "GET /Site/PodCast?action=edit&restore=diff:1391014907:1388998666:&preview=y HTTP/1.1" 200 8627 "-" "Mozilla/5.0 (compatible; Barkrowler/0.9; +https://babbar.tech/crawler)"
154.54.249.195 - - [27/Jun/2022:02:19:32 +0200] "GET /Site/PodCast?action=edit&restore=diff:1391015164:1391014907:&preview=y HTTP/1.1" 200 8627 "-" "Mozilla/5.0 (compatible; Barkrowler/0.9; +https://babbar.tech/crawler)"
154.54.249.195 - - [27/Jun/2022:02:20:14 +0200] "GET /Site/PodCast?action=edit&restore=diff:1353776197:1351703168:&preview=y HTTP/1.1" 200 8627 "-" "Mozilla/5.0 (compatible; Barkrowler/0.9; +https://babbar.tech/crawler)"
85.25.177.219 - - [27/Jun/2022:02:20:17 +0200] "GET /Texte/Gloosse?action=print HTTP/1.1" 403 18 "-" "SEO Scanner/1.2.4 (SEO Crawler; seoscanners.info; info@seoscanners.info)"
154.54.249.195 - - [27/Jun/2022:02:20:53 +0200] "GET /Site/PodCast?action=edit&restore=diff:1368869934:1367507830:&preview=y HTTP/1.1" 200 8627 "-" "Mozilla/5.0 (compatible; Barkrowler/0.9; +https://babbar.tech/crawler)"
154.54.249.195 - - [27/Jun/2022:02:21:34 +0200] "GET /robots.txt HTTP/1.1" 200 - "-" "Mozilla/5.0 (compatible; Barkrowler/0.9; +https://babbar.tech/crawler)"
154.54.249.195 - - [27/Jun/2022:02:22:12 +0200] "GET /Site/PodCast?action=edit&restore=diff:1387558558:1385062499:&preview=y HTTP/1.1" 200 8627 "-" "Mozilla/5.0 (compatible; Barkrowler/0.9; +https://babbar.tech/crawler)"
154.54.249.195 - - [27/Jun/2022:02:22:55 +0200] "GET /Site/PodCast?action=edit&restore=diff:1387559257:1387558558:&preview=y HTTP/1.1" 200 8627 "-" "Mozilla/5.0 (compatible; Barkrowler/0.9; +https://babbar.tech/crawler)"
154.54.249.195 - - [27/Jun/2022:02:23:37 +0200] "GET /Site/PodCast?action=edit&restore=diff:1361294584:1357845923:&preview=y HTTP/1.1" 200 8627 "-" "Mozilla/5.0 (compatible; Barkrowler/0.9; +https://babbar.tech/crawler)"
154.54.249.195 - - [27/Jun/2022:02:24:20 +0200] "GET /Site/PodCast?action=edit&restore=diff:1361294707:1361294584:&preview=y HTTP/1.1" 200 8627 "-" "Mozilla/5.0 (compatible; Barkrowler/0.9; +https://babbar.tech/crawler)"
114.119.140.84 - - [27/Jun/2022:02:24:38 +0200] "GET /PmWikiFr/PageHistory?action=diff HTTP/1.1" 403 18 "http://www.pro-zurituutsch.ch/PmWikiFr/PageHistory" "Mozilla/5.0 (Linux; Android 7.0;) AppleWebKit/537.36 (KHTML, like Gecko) Mobile Safari/537.36 (compatible; PetalBot;+https://webmaster.petalsearch.com/site/petalbot)"
154.54.249.195 - - [27/Jun/2022:02:24:59 +0200] "GET /Site/PodCast?action=edit&restore=diff:1343761854:1342518572:&preview=y HTTP/1.1" 200 8627 "-" "Mozilla/5.0 (compatible; Barkrowler/0.9; +https://babbar.tech/crawler)"
154.54.249.195 - - [27/Jun/2022:02:25:39 +0200] "GET /Site/PodCast?action=edit&restore=diff:1337181598:1336406138:&preview=y HTTP/1.1" 200 8627 "-" "Mozilla/5.0 (compatible; Barkrowler/0.9; +https://babbar.tech/crawler)"
154.54.249.195 - - [27/Jun/2022:02:26:20 +0200] "GET /Site/PodCast?action=edit&restore=diff:1372237814:1372237746:&preview=y HTTP/1.1" 200 8627 "-" "Mozilla/5.0 (compatible; Barkrowler/0.9; +https://babbar.tech/crawler)"
154.54.249.195 - - [27/Jun/2022:02:26:59 +0200] "GET /Site/PodCast?action=edit&restore=diff:1372237746:1371287435:&preview=y HTTP/1.1" 200 8627 "-" "Mozilla/5.0 (compatible; Barkrowler/0.9; +https://babbar.tech/crawler)"
154.54.249.195 - - [27/Jun/2022:02:27:43 +0200] "GET /Site/PodCast?action=edit&restore=diff:1304154636:1302447413:&preview=y HTTP/1.1" 200 8627 "-" "Mozilla/5.0 (compatible; Barkrowler/0.9; +https://babbar.tech/crawler)"
154.54.249.195 - - [27/Jun/2022:02:28:19 +0200] "GET /Site/PodCast?action=edit&restore=diff:1397752483:1397750908:&preview=y HTTP/1.1" 200 8627 "-" "Mozilla/5.0 (compatible; Barkrowler/0.9; +https://babbar.tech/crawler)"
154.54.249.195 - - [27/Jun/2022:02:29:06 +0200] "GET /Site/PodCast?action=edit&restore=diff:1397750908:1397750834:&preview=y HTTP/1.1" 200 8627 "-" "Mozilla/5.0 (compatible; Barkrowler/0.9; +https://babbar.tech/crawler)"
154.54.249.195 - - [27/Jun/2022:02:29:44 +0200] "GET /Site/PodCast?action=edit&restore=diff:1397750731:1397750703:&preview=y HTTP/1.1" 200 8627 "-" "Mozilla/5.0 (compatible; Barkrowler/0.9; +https://babbar.tech/crawler)"
154.54.249.195 - - [27/Jun/2022:02:30:32 +0200] "GET /Site/PodCast?action=edit&restore=diff:1397750770:1397750731:&preview=y HTTP/1.1" 200 8627 "-" "Mozilla/5.0 (compatible; Barkrowler/0.9; +https://babbar.tech/crawler)"
154.54.249.195 - - [27/Jun/2022:02:31:11 +0200] "GET /Site/PodCast?action=edit&restore=diff:1397752559:1397752483:&preview=y HTTP/1.1" 200 8627 "-" "Mozilla/5.0 (compatible; Barkrowler/0.9; +https://babbar.tech/crawler)"
154.54.249.195 - - [27/Jun/2022:02:31:49 +0200] "GET /Site/PodCast?action=edit&restore=diff:1397750703:1396792842:&preview=y HTTP/1.1" 200 8627 "-" "Mozilla/5.0 (compatible; Barkrowler/0.9; +https://babbar.tech/crawler)"
154.54.249.195 - - [27/Jun/2022:02:32:30 +0200] "GET /Site/PodCast?action=edit&restore=diff:1397750834:1397750770:&preview=y HTTP/1.1" 200 8627 "-" "Mozilla/5.0 (compatible; Barkrowler/0.9; +https://babbar.tech/crawler)"
154.54.249.195 - - [27/Jun/2022:02:33:35 +0200] "GET /robots.txt HTTP/1.1" 200 - "-" "Mozilla/5.0 (compatible; Barkrowler/0.9; +https://babbar.tech/crawler)"
154.54.249.195 - - [27/Jun/2022:02:34:12 +0200] "GET /Site/PodCast?action=edit&restore=diff:1345304564:1343761854:&preview=y HTTP/1.1" 200 8627 "-" "Mozilla/5.0 (compatible; Barkrowler/0.9; +https://babbar.tech/crawler)"
194.209.200.2 - - [27/Jun/2022:02:34:50 +0200] "GET /robots.txt HTTP/1.1" 200 - "-" "Mozilla/5.0 (compatible; TMMBot/0.2; +http://www.dslab.ch)/Nutch-1.15"
194.209.200.2 - - [27/Jun/2022:02:34:50 +0200] "GET /Admin/AdresseStiftung HTTP/1.1" 200 8453 "-" "Mozilla/5.0 (compatible; TMMBot/0.2; +http://www.dslab.ch)/Nutch-1.15"
154.54.249.195 - - [27/Jun/2022:02:34:55 +0200] "GET /Site/PodCast?action=edit&restore=diff:1388998666:1387559257:&preview=y HTTP/1.1" 200 8627 "-" "Mozilla/5.0 (compatible; Barkrowler/0.9; +https://babbar.tech/crawler)"
194.209.200.2 - - [27/Jun/2022:02:35:19 +0200] "GET /Texte/ZurcherischEnglish HTTP/1.1" 200 8274 "-" "Mozilla/5.0 (compatible; TMMBot/0.2; +http://www.dslab.ch)/Nutch-1.15"
154.54.249.195 - - [27/Jun/2022:02:35:37 +0200] "GET /Site/PodCast?action=edit&restore=diff:1367507185:1366311301:&preview=y HTTP/1.1" 200 8627 "-" "Mozilla/5.0 (compatible; Barkrowler/0.9; +https://babbar.tech/crawler)"
154.54.249.195 - - [27/Jun/2022:02:36:19 +0200] "GET /Site/PodCast?action=edit&restore=diff:1367507830:1367507185:&preview=y HTTP/1.1" 200 8627 "-" "Mozilla/5.0 (compatible; Barkrowler/0.9; +https://babbar.tech/crawler)"
154.54.249.195 - - [27/Jun/2022:02:37:01 +0200] "GET /Site/PodCast?action=edit&restore=diff:1332617796:1331053861:&preview=y HTTP/1.1" 200 8627 "-" "Mozilla/5.0 (compatible; Barkrowler/0.9; +https://babbar.tech/crawler)"
154.54.249.195 - - [27/Jun/2022:02:37:39 +0200] "GET /Site/PodCast?action=edit&restore=diff:1395677144:1393003035:&preview=y HTTP/1.1" 200 8627 "-" "Mozilla/5.0 (compatible; Barkrowler/0.9; +https://babbar.tech/crawler)"
85.25.177.219 - - [27/Jun/2022:02:37:40 +0200] "GET /Texte/Gloosse?action=edit HTTP/1.1" 403 18 "-" "SEO Scanner/1.2.4 (SEO Crawler; seoscanners.info; info@seoscanners.info)"
154.54.249.195 - - [27/Jun/2022:02:38:21 +0200] "GET /Site/PodCast?action=edit&restore=diff:1325147443:1324395450:&preview=y HTTP/1.1" 200 8627 "-" "Mozilla/5.0 (compatible; Barkrowler/0.9; +https://babbar.tech/crawler)"
194.209.200.2 - - [27/Jun/2022:02:38:53 +0200] "GET /Texte/Styluebige HTTP/1.1" 200 9998 "-" "Mozilla/5.0 (compatible; TMMBot/0.2; +http://www.dslab.ch)/Nutch-1.15"
154.54.249.195 - - [27/Jun/2022:02:38:59 +0200] "GET /Site/PodCast?action=edit&restore=diff:1342518572:1340804286:&preview=y HTTP/1.1" 200 8627 "-" "Mozilla/5.0 (compatible; Barkrowler/0.9; +https://babbar.tech/crawler)"
154.54.249.195 - - [27/Jun/2022:02:39:41 +0200] "GET /Site/PodCast?action=edit&restore=diff:1305184028:1304154636:&preview=y HTTP/1.1" 200 8627 "-" "Mozilla/5.0 (compatible; Barkrowler/0.9; +https://babbar.tech/crawler)"
154.54.249.195 - - [27/Jun/2022:02:40:22 +0200] "GET /Site/PodCast?action=edit&restore=diff:1375286701:1375209726:&preview=y HTTP/1.1" 200 8627 "-" "Mozilla/5.0 (compatible; Barkrowler/0.9; +https://babbar.tech/crawler)"
154.54.249.195 - - [27/Jun/2022:02:41:02 +0200] "GET /Site/PodCast?action=edit&restore=diff:1305970836:1305970492:&preview=y HTTP/1.1" 200 8627 "-" "Mozilla/5.0 (compatible; Barkrowler/0.9; +https://babbar.tech/crawler)"
194.209.200.2 - - [27/Jun/2022:02:41:08 +0200] "GET /Admin/Pro-ZurituutschStatuten HTTP/1.1" 200 9580 "-" "Mozilla/5.0 (compatible; TMMBot/0.2; +http://www.dslab.ch)/Nutch-1.15"
194.209.200.2 - - [27/Jun/2022:02:41:12 +0200] "GET / HTTP/1.1" 200 14638 "-" "Mozilla/5.0 (compatible; TMMBot/0.2; +http://www.dslab.ch)/Nutch-1.15"
154.54.249.195 - - [27/Jun/2022:02:41:46 +0200] "GET /Site/PodCast?action=edit&restore=diff:1305970492:1305184028:&preview=y HTTP/1.1" 200 8627 "-" "Mozilla/5.0 (compatible; Barkrowler/0.9; +https://babbar.tech/crawler)"
194.209.200.2 - - [27/Jun/2022:02:42:01 +0200] "GET /Texte/Bitterbeuhsi HTTP/1.1" 200 9255 "-" "Mozilla/5.0 (compatible; TMMBot/0.2; +http://www.dslab.ch)/Nutch-1.15"
194.209.200.2 - - [27/Jun/2022:02:42:14 +0200] "GET /Gast/Podcast HTTP/1.1" 200 8106 "-" "Mozilla/5.0 (compatible; TMMBot/0.2; +http://www.dslab.ch)/Nutch-1.15"
154.54.249.195 - - [27/Jun/2022:02:42:29 +0200] "GET /Site/PodCast?action=edit&restore=diff:1398106292:1398106165:&preview=y HTTP/1.1" 200 8627 "-" "Mozilla/5.0 (compatible; Barkrowler/0.9; +https://babbar.tech/crawler)"
194.209.200.2 - - [27/Jun/2022:02:42:43 +0200] "GET /Hilfe/AnleitungTonbeispiele HTTP/1.1" 200 9878 "-" "Mozilla/5.0 (compatible; TMMBot/0.2; +http://www.dslab.ch)/Nutch-1.15"
154.54.249.195 - - [27/Jun/2022:02:43:07 +0200] "GET /Site/PodCast?action=edit&restore=diff:1398106549:1398106468:&preview=y HTTP/1.1" 200 8627 "-" "Mozilla/5.0 (compatible; Barkrowler/0.9; +https://babbar.tech/crawler)"
42.236.10.113 - - [27/Jun/2022:02:43:25 +0200] "GET / HTTP/1.1" 200 14638 "http://www.pro-zurituutsch.ch/" "Mozilla/5.0 (Windows NT 6.1; WOW64) AppleWebKit/537.36 (KHTML, like Gecko) Chrome/50.0.2661.102 Safari/537.36; 360Spider"
154.54.249.195 - - [27/Jun/2022:02:43:52 +0200] "GET /Site/PodCast?action=edit&restore=diff:1398105291:1397752559:&preview=y HTTP/1.1" 200 8627 "-" "Mozilla/5.0 (compatible; Barkrowler/0.9; +https://babbar.tech/crawler)"
154.54.249.195 - - [27/Jun/2022:02:44:31 +0200] "GET /Site/PodCast?action=edit&restore=diff:1398105512:1398105404:&preview=y HTTP/1.1" 200 8627 "-" "Mozilla/5.0 (compatible; Barkrowler/0.9; +https://babbar.tech/crawler)"
154.54.249.195 - - [27/Jun/2022:02:45:12 +0200] "GET /robots.txt HTTP/1.1" 200 - "-" "Mozilla/5.0 (compatible; Barkrowler/0.9; +https://babbar.tech/crawler)"
3.219.254.95 - - [27/Jun/2022:02:45:29 +0200] "GET /PodCast/IndexPage?action=rss HTTP/1.1" 200 6298 "-" "PocketCasts/1.0 (Pocket Casts Feed Parser; +http://pocketcasts.com/)"
154.54.249.195 - - [27/Jun/2022:02:46:06 +0200] "GET /Site/PodCast?action=edit&restore=diff:1398106095:1398105994:&preview=y HTTP/1.1" 200 8627 "-" "Mozilla/5.0 (compatible; Barkrowler/0.9; +https://babbar.tech/crawler)"
154.54.249.195 - - [27/Jun/2022:02:46:47 +0200] "GET /Site/PodCast?action=edit&restore=diff:1398108789:1398108742:&preview=y HTTP/1.1" 200 8627 "-" "Mozilla/5.0 (compatible; Barkrowler/0.9; +https://babbar.tech/crawler)"
154.54.249.195 - - [27/Jun/2022:02:47:26 +0200] "GET /Site/PodCast?action=edit&restore=diff:1398105404:1398105355:&preview=y HTTP/1.1" 200 8627 "-" "Mozilla/5.0 (compatible; Barkrowler/0.9; +https://babbar.tech/crawler)"
154.54.249.195 - - [27/Jun/2022:02:48:10 +0200] "GET /Site/PodCast?action=edit&restore=diff:1398106165:1398106095:&preview=y HTTP/1.1" 200 8627 "-" "Mozilla/5.0 (compatible; Barkrowler/0.9; +https://babbar.tech/crawler)"
154.54.249.195 - - [27/Jun/2022:02:48:46 +0200] "GET /Site/PodCast?action=edit&restore=diff:1398105355:1398105291:&preview=y HTTP/1.1" 200 8627 "-" "Mozilla/5.0 (compatible; Barkrowler/0.9; +https://babbar.tech/crawler)"
154.54.249.195 - - [27/Jun/2022:02:49:31 +0200] "GET /Site/PodCast?action=edit&restore=diff:1398105994:1398105900:&preview=y HTTP/1.1" 200 8627 "-" "Mozilla/5.0 (compatible; Barkrowler/0.9; +https://babbar.tech/crawler)"
154.54.249.195 - - [27/Jun/2022:02:50:08 +0200] "GET /Site/PodCast?action=edit&restore=diff:1398106324:1398106292:&preview=y HTTP/1.1" 200 8627 "-" "Mozilla/5.0 (compatible; Barkrowler/0.9; +https://babbar.tech/crawler)"
66.249.76.193 - - [27/Jun/2022:02:50:29 +0200] "GET /PodCast/IndexPage?action=rss HTTP/1.1" 200 6298 "-" "Mozilla/5.0 (compatible; Googlebot/2.1; +http://www.google.com/bot.html)"
154.54.249.195 - - [27/Jun/2022:02:50:51 +0200] "GET /Site/PodCast?action=edit&restore=diff:1398106468:1398106324:&preview=y HTTP/1.1" 200 8627 "-" "Mozilla/5.0 (compatible; Barkrowler/0.9; +https://babbar.tech/crawler)"
154.54.249.195 - - [27/Jun/2022:02:51:31 +0200] "GET /Site/PodCast?action=edit&restore=diff:1398108742:1398106549:&preview=y HTTP/1.1" 200 8627 "-" "Mozilla/5.0 (compatible; Barkrowler/0.9; +https://babbar.tech/crawler)"
154.54.249.195 - - [27/Jun/2022:02:52:13 +0200] "GET /Site/PodCast?action=edit&restore=diff:1398105900:1398105512:&preview=y HTTP/1.1" 200 8627 "-" "Mozilla/5.0 (compatible; Barkrowler/0.9; +https://babbar.tech/crawler)"
154.54.249.195 - - [27/Jun/2022:02:52:50 +0200] "GET /Site/PodCast?action=edit&restore=diff:1366311301:1364920053:&preview=y HTTP/1.1" 200 8627 "-" "Mozilla/5.0 (compatible; Barkrowler/0.9; +https://babbar.tech/crawler)"
154.54.249.195 - - [27/Jun/2022:02:53:32 +0200] "GET /Site/PodCast?action=edit&restore=diff:1339516479:1338986805:&preview=y HTTP/1.1" 200 8627 "-" "Mozilla/5.0 (compatible; Barkrowler/0.9; +https://babbar.tech/crawler)"
154.54.249.195 - - [27/Jun/2022:02:54:19 +0200] "GET /Site/PodCast?action=edit&restore=diff:1339516577:1339516479:&preview=y HTTP/1.1" 200 8627 "-" "Mozilla/5.0 (compatible; Barkrowler/0.9; +https://babbar.tech/crawler)"
154.54.249.195 - - [27/Jun/2022:02:54:59 +0200] "GET /Site/PodCast?action=edit&restore=diff:1346169519:1346079089:&preview=y HTTP/1.1" 200 8627 "-" "Mozilla/5.0 (compatible; Barkrowler/0.9; +https://babbar.tech/crawler)"
154.54.249.195 - - [27/Jun/2022:02:55:42 +0200] "GET /Site/PodCast?action=edit&restore=diff:1346169925:1346169519:&preview=y HTTP/1.1" 200 8627 "-" "Mozilla/5.0 (compatible; Barkrowler/0.9; +https://babbar.tech/crawler)"
154.54.249.195 - - [27/Jun/2022:02:56:20 +0200] "GET /Site/PodCast?action=edit&restore=diff:1376765439:1376763719:&preview=y HTTP/1.1" 200 8627 "-" "Mozilla/5.0 (compatible; Barkrowler/0.9; +https://babbar.tech/crawler)"
114.119.141.2 - - [27/Jun/2022:02:56:36 +0200] "GET /PmWikiPtBr/XLPage?action=print HTTP/1.1" 403 18 "http://www.pro-zurituutsch.ch/PmWikiPtBr/XLPage" "Mozilla/5.0 (Linux; Android 7.0;) AppleWebKit/537.36 (KHTML, like Gecko) Mobile Safari/537.36 (compatible; PetalBot;+https://webmaster.petalsearch.com/site/petalbot)"
154.54.249.195 - - [27/Jun/2022:02:57:01 +0200] "GET /robots.txt HTTP/1.1" 200 - "-" "Mozilla/5.0 (compatible; Barkrowler/0.9; +https://babbar.tech/crawler)"
154.54.249.195 - - [27/Jun/2022:02:57:43 +0200] "GET /Site/PodCast?action=edit&restore=diff:1376763719:1375286701:&preview=y HTTP/1.1" 200 8627 "-" "Mozilla/5.0 (compatible; Barkrowler/0.9; +https://babbar.tech/crawler)"
154.54.249.195 - - [27/Jun/2022:02:58:31 +0200] "GET /Site/PodCast?action=edit&restore=diff:1379530739:1376765439:&preview=y HTTP/1.1" 200 8627 "-" "Mozilla/5.0 (compatible; Barkrowler/0.9; +https://babbar.tech/crawler)"
154.54.249.195 - - [27/Jun/2022:02:59:04 +0200] "GET /Site/PodCast?action=edit&restore=diff:1363453036:1361294707:&preview=y HTTP/1.1" 200 8627 "-" "Mozilla/5.0 (compatible; Barkrowler/0.9; +https://babbar.tech/crawler)"
185.191.171.11 - - [27/Jun/2022:02:59:34 +0200] "GET /robots.txt HTTP/1.1" 200 - "-" "Mozilla/5.0 (compatible; SemrushBot/7~bl; +http://www.semrush.com/bot.html)"
185.191.171.36 - - [27/Jun/2022:02:59:34 +0200] "GET /PmWikiDe/DeletingPages?action=print HTTP/1.1" 403 18 "-" "Mozilla/5.0 (compatible; SemrushBot/7~bl; +http://www.semrush.com/bot.html)"
154.54.249.195 - - [27/Jun/2022:02:59:51 +0200] "GET /Site/PodCast?action=edit&restore=diff:1320339294:1320339174:&preview=y HTTP/1.1" 200 8627 "-" "Mozilla/5.0 (compatible; Barkrowler/0.9; +https://babbar.tech/crawler)"
154.54.249.195 - - [27/Jun/2022:03:00:26 +0200] "GET /Site/PodCast?action=edit&restore=diff:1320339390:1320339294:&preview=y HTTP/1.1" 200 8627 "-" "Mozilla/5.0 (compatible; Barkrowler/0.9; +https://babbar.tech/crawler)"
154.54.249.195 - - [27/Jun/2022:03:01:15 +0200] "GET /Site/PodCast?action=edit&restore=diff:1346079089:1345304564:&preview=y HTTP/1.1" 200 8627 "-" "Mozilla/5.0 (compatible; Barkrowler/0.9; +https://babbar.tech/crawler)"
154.54.249.195 - - [27/Jun/2022:03:01:49 +0200] "GET /Site/PodCast?action=edit&restore=diff:1347560604:1346169925:&preview=y HTTP/1.1" 200 8627 "-" "Mozilla/5.0 (compatible; Barkrowler/0.9; +https://babbar.tech/crawler)"
85.25.177.219 - - [27/Jun/2022:03:02:24 +0200] "GET /Texte/Limericks?action=edit HTTP/1.1" 403 18 "-" "SEO Scanner/1.2.4 (SEO Crawler; seoscanners.info; info@seoscanners.info)"
154.54.249.195 - - [27/Jun/2022:03:02:33 +0200] "GET /Site/PodCast?action=edit&restore=diff:1371287435:1368869934:&preview=y HTTP/1.1" 200 8627 "-" "Mozilla/5.0 (compatible; Barkrowler/0.9; +https://babbar.tech/crawler)"
154.54.249.195 - - [27/Jun/2022:03:03:12 +0200] "GET /Site/PodCast?action=edit&restore=diff:1328816912:1328371477:&preview=y HTTP/1.1" 200 8627 "-" "Mozilla/5.0 (compatible; Barkrowler/0.9; +https://babbar.tech/crawler)"
154.54.249.195 - - [27/Jun/2022:03:03:55 +0200] "GET /Site/PodCast?action=edit&restore=diff:1338986631:1337181598:&preview=y HTTP/1.1" 200 8627 "-" "Mozilla/5.0 (compatible; Barkrowler/0.9; +https://babbar.tech/crawler)"
85.25.177.219 - - [27/Jun/2022:03:04:22 +0200] "GET /Texte/Limericks?action=diff HTTP/1.1" 403 18 "-" "SEO Scanner/1.2.4 (SEO Crawler; seoscanners.info; info@seoscanners.info)"
154.54.249.195 - - [27/Jun/2022:03:04:31 +0200] "GET /Site/PodCast?action=edit&restore=diff:1338986805:1338986631:&preview=y HTTP/1.1" 200 8627 "-" "Mozilla/5.0 (compatible; Barkrowler/0.9; +https://babbar.tech/crawler)"
154.54.249.195 - - [27/Jun/2022:03:05:17 +0200] "GET /Site/PodCast?action=edit&restore=diff:1396792842:1396792826:&preview=y HTTP/1.1" 200 8627 "-" "Mozilla/5.0 (compatible; Barkrowler/0.9; +https://babbar.tech/crawler)"
154.54.249.195 - - [27/Jun/2022:03:05:53 +0200] "GET /Site/PodCast?action=edit&restore=diff:1396791231:1395677144:&preview=y HTTP/1.1" 200 8627 "-" "Mozilla/5.0 (compatible; Barkrowler/0.9; +https://babbar.tech/crawler)"
85.25.177.219 - - [27/Jun/2022:03:06:21 +0200] "GET /Texte/Limericks?action=upload HTTP/1.1" 403 18 "-" "SEO Scanner/1.2.4 (SEO Crawler; seoscanners.info; info@seoscanners.info)"
154.54.249.195 - - [27/Jun/2022:03:06:37 +0200] "GET /Site/PodCast?action=edit&restore=diff:1300908603:1299171437:&preview=y HTTP/1.1" 200 8627 "-" "Mozilla/5.0 (compatible; Barkrowler/0.9; +https://babbar.tech/crawler)"
154.54.249.195 - - [27/Jun/2022:03:07:11 +0200] "GET /Site/PodCast?action=edit&restore=diff:1350228156:1348495764:&preview=y HTTP/1.1" 200 8627 "-" "Mozilla/5.0 (compatible; Barkrowler/0.9; +https://babbar.tech/crawler)"
194.209.200.2 - - [27/Jun/2022:03:07:50 +0200] "GET /robots.txt HTTP/1.1" 200 - "-" "Mozilla/5.0 (compatible; TMMBot/0.2; +http://www.dslab.ch)/Nutch-1.15"
194.209.200.2 - - [27/Jun/2022:03:07:50 +0200] "GET /Texte/ZurcherischEnglish HTTP/1.1" 200 8274 "-" "Mozilla/5.0 (compatible; TMMBot/0.2; +http://www.dslab.ch)/Nutch-1.15"
154.54.249.195 - - [27/Jun/2022:03:07:54 +0200] "GET /Site/PodCast?action=edit&restore=diff:1357845923:1355943666:&preview=y HTTP/1.1" 200 8627 "-" "Mozilla/5.0 (compatible; Barkrowler/0.9; +https://babbar.tech/crawler)"
154.54.249.195 - - [27/Jun/2022:03:08:34 +0200] "GET /robots.txt HTTP/1.1" 200 - "-" "Mozilla/5.0 (compatible; Barkrowler/0.9; +https://babbar.tech/crawler)"
154.54.249.195 - - [27/Jun/2022:03:09:15 +0200] "GET /Site/PodCast?action=edit&restore=diff:1391097239:1391015164:&preview=y HTTP/1.1" 200 8627 "-" "Mozilla/5.0 (compatible; Barkrowler/0.9; +https://babbar.tech/crawler)"
194.209.200.2 - - [27/Jun/2022:03:09:30 +0200] "GET /Texte/Limericks HTTP/1.1" 200 8087 "-" "Mozilla/5.0 (compatible; TMMBot/0.2; +http://www.dslab.ch)/Nutch-1.15"
194.209.200.2 - - [27/Jun/2022:03:09:34 +0200] "GET /Texte/Schrybwys HTTP/1.1" 200 11028 "-" "Mozilla/5.0 (compatible; TMMBot/0.2; +http://www.dslab.ch)/Nutch-1.15"
154.54.249.195 - - [27/Jun/2022:03:09:55 +0200] "GET /Site/PodCast?action=edit&restore=diff:1391098188:1391098069:&preview=y HTTP/1.1" 200 8627 "-" "Mozilla/5.0 (compatible; Barkrowler/0.9; +https://babbar.tech/crawler)"
185.191.171.5 - - [27/Jun/2022:03:10:32 +0200] "GET /PmWikiFr/PageLists?action=print HTTP/1.1" 403 18 "-" "Mozilla/5.0 (compatible; SemrushBot/7~bl; +http://www.semrush.com/bot.html)"
154.54.249.195 - - [27/Jun/2022:03:10:34 +0200] "GET /Site/PodCast?action=edit&restore=diff:1391098887:1391098188:&preview=y HTTP/1.1" 200 8627 "-" "Mozilla/5.0 (compatible; Barkrowler/0.9; +https://babbar.tech/crawler)"
194.209.200.2 - - [27/Jun/2022:03:11:00 +0200] "GET /Texte/Styluebige HTTP/1.1" 200 9998 "-" "Mozilla/5.0 (compatible; TMMBot/0.2; +http://www.dslab.ch)/Nutch-1.15"
154.54.249.195 - - [27/Jun/2022:03:11:09 +0200] "GET /Site/PodCast?action=edit&restore=diff:1391098069:1391097239:&preview=y HTTP/1.1" 200 8627 "-" "Mozilla/5.0 (compatible; Barkrowler/0.9; +https://babbar.tech/crawler)"
114.119.141.203 - - [27/Jun/2022:03:11:10 +0200] "GET /PmWikiDe/PageHistory?action=upload HTTP/1.1" 403 18 "http://www.pro-zurituutsch.ch/PmWikiDe/PageHistory" "Mozilla/5.0 (Linux; Android 7.0;) AppleWebKit/537.36 (KHTML, like Gecko) Mobile Safari/537.36 (compatible; PetalBot;+https://webmaster.petalsearch.com/site/petalbot)"
154.54.249.195 - - [27/Jun/2022:03:11:54 +0200] "GET /Site/PodCast?action=edit&restore=diff:1320954334:1320339390:&preview=y HTTP/1.1" 200 8627 "-" "Mozilla/5.0 (compatible; Barkrowler/0.9; +https://babbar.tech/crawler)"
154.54.249.195 - - [27/Jun/2022:03:12:31 +0200] "GET /Site/PodCast?action=edit&restore=diff:1364920053:1364919940:&preview=y HTTP/1.1" 200 8627 "-" "Mozilla/5.0 (compatible; Barkrowler/0.9; +https://babbar.tech/crawler)"
194.209.200.2 - - [27/Jun/2022:03:12:40 +0200] "GET /Main/Home HTTP/1.1" 200 14638 "-" "Mozilla/5.0 (compatible; TMMBot/0.2; +http://www.dslab.ch)/Nutch-1.15"
194.209.200.2 - - [27/Jun/2022:03:13:01 +0200] "GET / HTTP/1.1" 200 14638 "-" "Mozilla/5.0 (compatible; TMMBot/0.2; +http://www.dslab.ch)/Nutch-1.15"
154.54.249.195 - - [27/Jun/2022:03:13:12 +0200] "GET /Site/PodCast?action=edit&restore=diff:1322758537:1322758419:&preview=y HTTP/1.1" 200 8627 "-" "Mozilla/5.0 (compatible; Barkrowler/0.9; +https://babbar.tech/crawler)"
194.209.200.2 - - [27/Jun/2022:03:13:44 +0200] "GET /Texte/Bitterbeuhsi HTTP/1.1" 200 9255 "-" "Mozilla/5.0 (compatible; TMMBot/0.2; +http://www.dslab.ch)/Nutch-1.15"
154.54.249.195 - - [27/Jun/2022:03:13:48 +0200] "GET /Site/PodCast?action=edit&restore=diff:1322758870:1322758537:&preview=y HTTP/1.1" 200 8627 "-" "Mozilla/5.0 (compatible; Barkrowler/0.9; +https://babbar.tech/crawler)"
194.209.200.2 - - [27/Jun/2022:03:13:53 +0200] "GET /Gast/Podcast HTTP/1.1" 200 8106 "-" "Mozilla/5.0 (compatible; TMMBot/0.2; +http://www.dslab.ch)/Nutch-1.15"
154.54.249.195 - - [27/Jun/2022:03:14:29 +0200] "GET /Site/PodCast?action=edit&restore=diff:1291232998:1290680548:&preview=y HTTP/1.1" 200 8627 "-" "Mozilla/5.0 (compatible; Barkrowler/0.9; +https://babbar.tech/crawler)"
154.54.249.195 - - [27/Jun/2022:03:15:07 +0200] "GET /Site/PodCast?action=edit&restore=diff:1286122854:1285700602:&preview=y HTTP/1.1" 200 8627 "-" "Mozilla/5.0 (compatible; Barkrowler/0.9; +https://babbar.tech/crawler)"
154.54.249.195 - - [27/Jun/2022:03:15:50 +0200] "GET /Site/PodCast?action=edit&restore=diff:1282557802:1280693846:&preview=y HTTP/1.1" 200 8627 "-" "Mozilla/5.0 (compatible; Barkrowler/0.9; +https://babbar.tech/crawler)"
154.54.249.195 - - [27/Jun/2022:03:16:25 +0200] "GET /Site/PodCast?action=edit&restore=diff:1282558114:1282557802:&preview=y HTTP/1.1" 200 8627 "-" "Mozilla/5.0 (compatible; Barkrowler/0.9; +https://babbar.tech/crawler)"
154.54.249.195 - - [27/Jun/2022:03:17:08 +0200] "GET /Site/PodCast?action=edit&restore=diff:1299171437:1298141155:&preview=y HTTP/1.1" 200 8627 "-" "Mozilla/5.0 (compatible; Barkrowler/0.9; +https://babbar.tech/crawler)"
154.54.249.195 - - [27/Jun/2022:03:17:44 +0200] "GET /Site/PodCast?action=edit&restore=diff:1286131507:1286122854:&preview=y HTTP/1.1" 200 8627 "-" "Mozilla/5.0 (compatible; Barkrowler/0.9; +https://babbar.tech/crawler)"
154.54.249.195 - - [27/Jun/2022:03:18:27 +0200] "GET /Site/PodCast?action=edit&restore=diff:1286132088:1286131507:&preview=y HTTP/1.1" 200 8627 "-" "Mozilla/5.0 (compatible; Barkrowler/0.9; +https://babbar.tech/crawler)"
154.54.249.195 - - [27/Jun/2022:03:19:05 +0200] "GET /Site/PodCast?action=edit&restore=diff:1298141130:1297616959:&preview=y HTTP/1.1" 200 8627 "-" "Mozilla/5.0 (compatible; Barkrowler/0.9; +https://babbar.tech/crawler)"
154.54.249.195 - - [27/Jun/2022:03:19:48 +0200] "GET /robots.txt HTTP/1.1" 200 - "-" "Mozilla/5.0 (compatible; Barkrowler/0.9; +https://babbar.tech/crawler)"
194.38.20.161 - - [27/Jun/2022:03:20:12 +0200] "GET /wp-content/plugins/page-flip-image-gallery/upload.php HTTP/1.1" 404 319 "-" "ALittle Client"
154.54.249.195 - - [27/Jun/2022:03:20:26 +0200] "GET /Site/PodCast?action=edit&restore=diff:1293038106:1292431917:&preview=y HTTP/1.1" 200 8627 "-" "Mozilla/5.0 (compatible; Barkrowler/0.9; +https://babbar.tech/crawler)"
154.54.249.195 - - [27/Jun/2022:03:21:04 +0200] "GET /Site/PodCast?action=edit&restore=diff:1294243834:1293038106:&preview=y HTTP/1.1" 200 8627 "-" "Mozilla/5.0 (compatible; Barkrowler/0.9; +https://babbar.tech/crawler)"
154.54.249.195 - - [27/Jun/2022:03:21:44 +0200] "GET /Site/PodCast?action=edit&restore=diff:1282763070:1282558114:&preview=y HTTP/1.1" 200 8627 "-" "Mozilla/5.0 (compatible; Barkrowler/0.9; +https://babbar.tech/crawler)"
85.25.177.219 - - [27/Jun/2022:03:22:13 +0200] "GET /Texte/Limericks?action=print HTTP/1.1" 403 18 "-" "SEO Scanner/1.2.4 (SEO Crawler; seoscanners.info; info@seoscanners.info)"
114.119.141.217 - - [27/Jun/2022:03:22:15 +0200] "GET /PmWikiDe/IncludeOtherPages?action=edit HTTP/1.1" 403 18 "http://www.pro-zurituutsch.ch/PmWikiDe/IncludeOtherPages" "Mozilla/5.0 (Linux; Android 7.0;) AppleWebKit/537.36 (KHTML, like Gecko) Mobile Safari/537.36 (compatible; PetalBot;+https://webmaster.petalsearch.com/site/petalbot)"
154.54.249.195 - - [27/Jun/2022:03:22:22 +0200] "GET /Site/PodCast?action=edit&restore=diff:1292431917:1291232998:&preview=y HTTP/1.1" 200 8627 "-" "Mozilla/5.0 (compatible; Barkrowler/0.9; +https://babbar.tech/crawler)"
154.54.249.195 - - [27/Jun/2022:03:23:01 +0200] "GET /Site/PodCast?action=edit&restore=diff:1288799686:1286132088:&preview=y HTTP/1.1" 200 8627 "-" "Mozilla/5.0 (compatible; Barkrowler/0.9; +https://babbar.tech/crawler)"
154.54.249.195 - - [27/Jun/2022:03:23:38 +0200] "GET /Site/PodCast?action=edit&restore=diff:1279901115:1278094742:&preview=y HTTP/1.1" 200 8627 "-" "Mozilla/5.0 (compatible; Barkrowler/0.9; +https://babbar.tech/crawler)"
154.54.249.195 - - [27/Jun/2022:03:24:17 +0200] "GET /Site/PodCast?action=edit&restore=diff:1297616959:1297098629:&preview=y HTTP/1.1" 200 8627 "-" "Mozilla/5.0 (compatible; Barkrowler/0.9; +https://babbar.tech/crawler)"
154.54.249.195 - - [27/Jun/2022:03:24:55 +0200] "GET /Site/PodCast?action=edit&restore=diff:1278094742:1278093622:&preview=y HTTP/1.1" 200 8627 "-" "Mozilla/5.0 (compatible; Barkrowler/0.9; +https://babbar.tech/crawler)"
154.54.249.195 - - [27/Jun/2022:03:25:36 +0200] "GET /Site/PodCast?action=edit&restore=diff:1278093622:1276877636:&preview=y HTTP/1.1" 200 8627 "-" "Mozilla/5.0 (compatible; Barkrowler/0.9; +https://babbar.tech/crawler)"
154.54.249.195 - - [27/Jun/2022:03:26:14 +0200] "GET /Site/PodCast?action=edit&restore=diff:1290680548:1288799686:&preview=y HTTP/1.1" 200 8627 "-" "Mozilla/5.0 (compatible; Barkrowler/0.9; +https://babbar.tech/crawler)"
154.54.249.195 - - [27/Jun/2022:03:26:52 +0200] "GET /Site/PodCast?action=edit&restore=diff:1276877636:1276877107:&preview=y HTTP/1.1" 200 8627 "-" "Mozilla/5.0 (compatible; Barkrowler/0.9; +https://babbar.tech/crawler)"
154.54.249.195 - - [27/Jun/2022:03:27:34 +0200] "GET /Site/PodCast?action=edit&restore=diff:1276877107:1273939174:&preview=y HTTP/1.1" 200 8627 "-" "Mozilla/5.0 (compatible; Barkrowler/0.9; +https://babbar.tech/crawler)"
185.191.171.8 - - [27/Jun/2022:03:27:46 +0200] "GET /PmWikiFr/SpecialCharacters?action=edit HTTP/1.1" 404 18 "-" "Mozilla/5.0 (compatible; SemrushBot/7~bl; +http://www.semrush.com/bot.html)"
114.119.140.99 - - [27/Jun/2022:03:27:51 +0200] "GET /PmWikiFr/PagelistVariables?action=edit HTTP/1.1" 403 18 "http://www.pro-zurituutsch.ch/PmWikiFr/PagelistVariables" "Mozilla/5.0 (Linux; Android 7.0;) AppleWebKit/537.36 (KHTML, like Gecko) Mobile Safari/537.36 (compatible; PetalBot;+https://webmaster.petalsearch.com/site/petalbot)"
154.54.249.195 - - [27/Jun/2022:03:28:19 +0200] "GET /Site/PodCast?action=edit&restore=diff:1283112785:1282763070:&preview=y HTTP/1.1" 200 8627 "-" "Mozilla/5.0 (compatible; Barkrowler/0.9; +https://babbar.tech/crawler)"
154.54.249.195 - - [27/Jun/2022:03:29:00 +0200] "GET /Site/PodCast?action=edit&restore=diff:1295889164:1295889052:&preview=y HTTP/1.1" 200 8627 "-" "Mozilla/5.0 (compatible; Barkrowler/0.9; +https://babbar.tech/crawler)"
154.54.249.195 - - [27/Jun/2022:03:29:42 +0200] "GET /Site/PodCast?action=edit&restore=diff:1295889940:1295889639:&preview=y HTTP/1.1" 200 8627 "-" "Mozilla/5.0 (compatible; Barkrowler/0.9; +https://babbar.tech/crawler)"
154.54.249.195 - - [27/Jun/2022:03:30:21 +0200] "GET /Site/PodCast?action=edit&restore=diff:1295889052:1294243834:&preview=y HTTP/1.1" 200 8627 "-" "Mozilla/5.0 (compatible; Barkrowler/0.9; +https://babbar.tech/crawler)"
154.54.249.195 - - [27/Jun/2022:03:30:58 +0200] "GET /robots.txt HTTP/1.1" 200 - "-" "Mozilla/5.0 (compatible; Barkrowler/0.9; +https://babbar.tech/crawler)"
154.54.249.195 - - [27/Jun/2022:03:31:36 +0200] "GET /Site/PodCast?action=edit&restore=diff:1295889473:1295889164:&preview=y HTTP/1.1" 200 8627 "-" "Mozilla/5.0 (compatible; Barkrowler/0.9; +https://babbar.tech/crawler)"
185.191.171.16 - - [27/Jun/2022:03:32:01 +0200] "GET /PmWiki/LayoutVariables HTTP/1.1" 200 41630 "-" "Mozilla/5.0 (compatible; SemrushBot/7~bl; +http://www.semrush.com/bot.html)"
154.54.249.195 - - [27/Jun/2022:03:32:16 +0200] "GET /Site/PodCast?action=edit&restore=diff:1295889639:1295889473:&preview=y HTTP/1.1" 200 8627 "-" "Mozilla/5.0 (compatible; Barkrowler/0.9; +https://babbar.tech/crawler)"
185.191.171.33 - - [27/Jun/2022:03:32:46 +0200] "GET /PmWikiRu/A?action=search&fmt=title&q=link%3DPmWikiRu.XLPage HTTP/1.1" 404 18 "-" "Mozilla/5.0 (compatible; SemrushBot/7~bl; +http://www.semrush.com/bot.html)"
154.54.249.195 - - [27/Jun/2022:03:32:57 +0200] "GET /Site/PodCast?action=edit&restore=diff:1296147404:1295889940:&preview=y HTTP/1.1" 200 8627 "-" "Mozilla/5.0 (compatible; Barkrowler/0.9; +https://babbar.tech/crawler)"
154.54.249.195 - - [27/Jun/2022:03:33:36 +0200] "GET /Site/PodCast?action=edit&restore=diff:1297098444:1297097802:&preview=y HTTP/1.1" 200 8627 "-" "Mozilla/5.0 (compatible; Barkrowler/0.9; +https://babbar.tech/crawler)"
154.54.249.195 - - [27/Jun/2022:03:34:14 +0200] "GET /Site/PodCast?action=edit&restore=diff:1297097802:1296147404:&preview=y HTTP/1.1" 200 8627 "-" "Mozilla/5.0 (compatible; Barkrowler/0.9; +https://babbar.tech/crawler)"
154.54.249.195 - - [27/Jun/2022:03:34:53 +0200] "GET /Site/PodCast?action=edit&restore=diff:1297098629:1297098444:&preview=y HTTP/1.1" 200 8627 "-" "Mozilla/5.0 (compatible; Barkrowler/0.9; +https://babbar.tech/crawler)"
154.54.249.195 - - [27/Jun/2022:03:35:33 +0200] "GET /Site/PodCast?action=edit&restore=diff:1280693581:1280693490:&preview=y HTTP/1.1" 200 8627 "-" "Mozilla/5.0 (compatible; Barkrowler/0.9; +https://babbar.tech/crawler)"
154.54.249.195 - - [27/Jun/2022:03:36:14 +0200] "GET /Site/PodCast?action=edit&restore=diff:1280693846:1280693581:&preview=y HTTP/1.1" 200 8627 "-" "Mozilla/5.0 (compatible; Barkrowler/0.9; +https://babbar.tech/crawler)"
154.54.249.195 - - [27/Jun/2022:03:36:51 +0200] "GET /Site/PodCast?action=edit&restore=diff:1280693490:1280693396:&preview=y HTTP/1.1" 200 8627 "-" "Mozilla/5.0 (compatible; Barkrowler/0.9; +https://babbar.tech/crawler)"
154.54.249.195 - - [27/Jun/2022:03:37:32 +0200] "GET /Site/PodCast?action=edit&restore=diff:1456600835:1455208733:&preview=y HTTP/1.1" 200 8627 "-" "Mozilla/5.0 (compatible; Barkrowler/0.9; +https://babbar.tech/crawler)"
154.54.249.195 - - [27/Jun/2022:03:38:07 +0200] "GET /Site/PodCast?action=edit&restore=diff:1470995694:1466014586:&preview=y HTTP/1.1" 200 8627 "-" "Mozilla/5.0 (compatible; Barkrowler/0.9; +https://babbar.tech/crawler)"
154.54.249.195 - - [27/Jun/2022:03:38:48 +0200] "GET /Site/PodCast?action=edit&restore=diff:1470995844:1470995694:&preview=y HTTP/1.1" 200 8627 "-" "Mozilla/5.0 (compatible; Barkrowler/0.9; +https://babbar.tech/crawler)"
154.54.249.195 - - [27/Jun/2022:03:39:27 +0200] "GET /Site/PodCast?action=edit&restore=diff:1466014586:1466014493:&preview=y HTTP/1.1" 200 8627 "-" "Mozilla/5.0 (compatible; Barkrowler/0.9; +https://babbar.tech/crawler)"
154.54.249.195 - - [27/Jun/2022:03:40:04 +0200] "GET /Site/PodCast?action=edit&restore=diff:1466014493:1462560800:&preview=y HTTP/1.1" 200 8627 "-" "Mozilla/5.0 (compatible; Barkrowler/0.9; +https://babbar.tech/crawler)"
154.54.249.195 - - [27/Jun/2022:03:40:42 +0200] "GET /Site/PodCast?action=edit&restore=diff:1475918664:1474215219:&preview=y HTTP/1.1" 200 8627 "-" "Mozilla/5.0 (compatible; Barkrowler/0.9; +https://babbar.tech/crawler)"
154.54.249.195 - - [27/Jun/2022:03:41:19 +0200] "GET /Site/PodCast?action=edit&restore=diff:1472673897:1472564823:&preview=y HTTP/1.1" 200 8627 "-" "Mozilla/5.0 (compatible; Barkrowler/0.9; +https://babbar.tech/crawler)"
154.54.249.195 - - [27/Jun/2022:03:42:01 +0200] "GET /robots.txt HTTP/1.1" 200 - "-" "Mozilla/5.0 (compatible; Barkrowler/0.9; +https://babbar.tech/crawler)"
154.54.249.195 - - [27/Jun/2022:03:42:36 +0200] "GET /Site/PodCast?action=edit&restore=diff:1487194399:1483735482:&preview=y HTTP/1.1" 200 8627 "-" "Mozilla/5.0 (compatible; Barkrowler/0.9; +https://babbar.tech/crawler)"
