85.25.177.139 - - [10/Oct/2022:11:57:55 +0200] "GET /Gast/Podcast?action=diff&source=y&minor=y HTTP/1.1" 200 9712 "-" "Mozilla/5.0 (Macintosh; Intel Mac OS X 10.15; rv:103.0) Gecko/20100101 Firefox/103.0"
85.25.177.139 - - [10/Oct/2022:11:59:04 +0200] "GET /Gast/Podcast?action=diff&source=n&minor=n HTTP/1.1" 200 9684 "-" "Mozilla/5.0 (Macintosh; Intel Mac OS X 10.15; rv:103.0) Gecko/20100101 Firefox/103.0"
85.25.177.139 - - [10/Oct/2022:12:00:02 +0200] "GET /Hilfe HTTP/1.1" 404 8123 "-" "Mozilla/5.0 (Macintosh; Intel Mac OS X 10.15; rv:103.0) Gecko/20100101 Firefox/103.0"
85.25.177.139 - - [10/Oct/2022:12:01:01 +0200] "GET /Hilfe/Winamp?action=print HTTP/1.1" 200 3553 "-" "Mozilla/5.0 (Macintosh; Intel Mac OS X 10.15; rv:103.0) Gecko/20100101 Firefox/103.0"
85.25.177.139 - - [10/Oct/2022:12:02:21 +0200] "GET /Hilfe/RealOne?action=print HTTP/1.1" 200 4719 "-" "Mozilla/5.0 (Macintosh; Intel Mac OS X 10.15; rv:103.0) Gecko/20100101 Firefox/103.0"
85.25.177.139 - - [10/Oct/2022:12:02:56 +0200] "GET /Site/182Room1500?action=edit HTTP/1.1" 200 8639 "-" "Mozilla/5.0 (Macintosh; Intel Mac OS X 10.15; rv:103.0) Gecko/20100101 Firefox/103.0"
85.25.177.139 - - [10/Oct/2022:12:04:01 +0200] "GET /Site/182Room1500?action=edit&restore=diff:1273938977:1273332013:&preview=y HTTP/1.1" 200 8685 "-" "Mozilla/5.0 (Macintosh; Intel Mac OS X 10.15; rv:103.0) Gecko/20100101 Firefox/103.0"
85.25.177.139 - - [10/Oct/2022:12:05:49 +0200] "GET /Site/182Room1500?action=edit&restore=diff:1271410267:1271409240:&preview=y HTTP/1.1" 200 8685 "-" "Mozilla/5.0 (Macintosh; Intel Mac OS X 10.15; rv:103.0) Gecko/20100101 Firefox/103.0"
85.25.177.139 - - [10/Oct/2022:12:06:39 +0200] "GET /Site/182Room1500?action=edit&restore=diff:1272875788:1271410549:&preview=y HTTP/1.1" 200 8685 "-" "Mozilla/5.0 (Macintosh; Intel Mac OS X 10.15; rv:103.0) Gecko/20100101 Firefox/103.0"
185.191.171.39 - - [10/Oct/2022:12:07:16 +0200] "GET /robots.txt HTTP/1.1" 200 - "-" "Mozilla/5.0 (compatible; SemrushBot/7~bl; +http://www.semrush.com/bot.html)"
185.191.171.2 - - [10/Oct/2022:12:07:17 +0200] "GET /PmWikiRu/Requirements HTTP/1.1" 200 11673 "-" "Mozilla/5.0 (compatible; SemrushBot/7~bl; +http://www.semrush.com/bot.html)"
85.25.177.139 - - [10/Oct/2022:12:07:24 +0200] "GET /Site/182Room1500?action=edit&restore=diff:1273332013:1272875788:&preview=y HTTP/1.1" 200 8685 "-" "Mozilla/5.0 (Macintosh; Intel Mac OS X 10.15; rv:103.0) Gecko/20100101 Firefox/103.0"
85.25.177.139 - - [10/Oct/2022:12:09:06 +0200] "GET /Site/182Room1500?action=print HTTP/1.1" 200 18614 "-" "Mozilla/5.0 (Macintosh; Intel Mac OS X 10.15; rv:103.0) Gecko/20100101 Firefox/103.0"
85.25.177.139 - - [10/Oct/2022:12:10:16 +0200] "GET /Site/182Room1500?action=edit&restore=diff:1271410549:1271410346:&preview=y HTTP/1.1" 200 8685 "-" "Mozilla/5.0 (Macintosh; Intel Mac OS X 10.15; rv:103.0) Gecko/20100101 Firefox/103.0"
85.25.177.139 - - [10/Oct/2022:12:10:35 +0200] "GET /PodCast/Lacheteuhdt?action=edit&restore=diff:1426351282:1425920465:&preview=y HTTP/1.1" 200 8724 "-" "Mozilla/5.0 (Macintosh; Intel Mac OS X 10.15; rv:103.0) Gecko/20100101 Firefox/103.0"
85.25.177.139 - - [10/Oct/2022:12:11:55 +0200] "GET /Site/182Room1500?action=diff&source=n&minor=y HTTP/1.1" 200 43962 "-" "Mozilla/5.0 (Macintosh; Intel Mac OS X 10.15; rv:103.0) Gecko/20100101 Firefox/103.0"
85.25.177.139 - - [10/Oct/2022:12:12:47 +0200] "GET /Site/182Room1500?action=edit&restore=diff:1271409240:1271409220:&preview=y HTTP/1.1" 200 8685 "-" "Mozilla/5.0 (Macintosh; Intel Mac OS X 10.15; rv:103.0) Gecko/20100101 Firefox/103.0"
85.25.177.139 - - [10/Oct/2022:12:14:55 +0200] "GET /Site/182Room1500?action=edit&restore=diff:1271410346:1271410267:&preview=y HTTP/1.1" 200 8685 "-" "Mozilla/5.0 (Macintosh; Intel Mac OS X 10.15; rv:103.0) Gecko/20100101 Firefox/103.0"
85.25.177.139 - - [10/Oct/2022:12:17:43 +0200] "GET /PodCast/Lacheteuhdt?action=diff&source=n&minor=y HTTP/1.1" 200 12193 "-" "Mozilla/5.0 (Macintosh; Intel Mac OS X 10.15; rv:103.0) Gecko/20100101 Firefox/103.0"
85.25.177.139 - - [10/Oct/2022:12:18:15 +0200] "GET /PodCast/Lacheteuhdt?action=edit&restore=diff:1425920465:1425920395:&preview=y HTTP/1.1" 200 8724 "-" "Mozilla/5.0 (Macintosh; Intel Mac OS X 10.15; rv:103.0) Gecko/20100101 Firefox/103.0"
85.25.177.139 - - [10/Oct/2022:12:19:28 +0200] "GET /PodCast/Lacheteuhdt?action=edit&restore=diff:1425920317:1425920317:&preview=y HTTP/1.1" 200 8724 "-" "Mozilla/5.0 (Macintosh; Intel Mac OS X 10.15; rv:103.0) Gecko/20100101 Firefox/103.0"
85.25.177.139 - - [10/Oct/2022:12:20:52 +0200] "GET /PodCast/Schlaaffloos1?action=edit&restore=diff:1320339448:1320339448:&preview=y HTTP/1.1" 200 8754 "-" "Mozilla/5.0 (Macintosh; Intel Mac OS X 10.15; rv:103.0) Gecko/20100101 Firefox/103.0"
85.25.177.139 - - [10/Oct/2022:12:23:22 +0200] "GET /PodCast/Schlaaffloos1?action=edit&restore=diff:1320340034:1320339947:&preview=y HTTP/1.1" 200 8754 "-" "Mozilla/5.0 (Macintosh; Intel Mac OS X 10.15; rv:103.0) Gecko/20100101 Firefox/103.0"
65.108.0.150 - - [10/Oct/2022:12:23:56 +0200] "GET /robots.txt HTTP/1.1" 200 - "-" "Mozilla/5.0 (compatible; SEOkicks; +https://www.seokicks.de/robot.html)"
65.108.0.150 - - [10/Oct/2022:12:23:58 +0200] "GET / HTTP/1.1" 200 15085 "-" "Mozilla/5.0 (compatible; SEOkicks; +https://www.seokicks.de/robot.html)"
65.108.0.150 - - [10/Oct/2022:12:23:59 +0200] "GET /GNU/Emacs HTTP/1.1" 404 8101 "http://www.pro-zurituutsch.ch/" "Mozilla/5.0 (compatible; SEOkicks; +https://www.seokicks.de/robot.html)"
65.108.0.150 - - [10/Oct/2022:12:24:00 +0200] "GET /PodCast/IndexPage?action=rss HTTP/1.1" 200 6298 "http://www.pro-zurituutsch.ch/" "Mozilla/5.0 (compatible; SEOkicks; +https://www.seokicks.de/robot.html)"
65.108.0.150 - - [10/Oct/2022:12:24:01 +0200] "GET /PodCast/IndexPage HTTP/1.1" 200 32587 "http://www.pro-zurituutsch.ch/PodCast/IndexPage?action=rss" "Mozilla/5.0 (compatible; SEOkicks; +https://www.seokicks.de/robot.html)"
65.108.0.150 - - [10/Oct/2022:12:24:02 +0200] "GET /PodCast/PodCast.IndexPage HTTP/1.1" 404 264 "http://www.pro-zurituutsch.ch/PodCast/IndexPage?action=rss" "Mozilla/5.0 (compatible; SEOkicks; +https://www.seokicks.de/robot.html)"
65.108.0.150 - - [10/Oct/2022:12:24:04 +0200] "GET /PodCast/Wistaria02 HTTP/1.1" 200 16370 "http://www.pro-zurituutsch.ch/PodCast/IndexPage?action=rss" "Mozilla/5.0 (compatible; SEOkicks; +https://www.seokicks.de/robot.html)"
65.108.0.150 - - [10/Oct/2022:12:24:05 +0200] "GET /PodCast/Wistaria01 HTTP/1.1" 200 23568 "http://www.pro-zurituutsch.ch/PodCast/IndexPage?action=rss" "Mozilla/5.0 (compatible; SEOkicks; +https://www.seokicks.de/robot.html)"
65.108.0.150 - - [10/Oct/2022:12:24:06 +0200] "GET /PodCast/Apvantyv HTTP/1.1" 200 11346 "http://www.pro-zurituutsch.ch/PodCast/IndexPage?action=rss" "Mozilla/5.0 (compatible; SEOkicks; +https://www.seokicks.de/robot.html)"
65.108.0.150 - - [10/Oct/2022:12:24:07 +0200] "GET /PodCast/Limerick35 HTTP/1.1" 200 8268 "http://www.pro-zurituutsch.ch/PodCast/IndexPage?action=rss" "Mozilla/5.0 (compatible; SEOkicks; +https://www.seokicks.de/robot.html)"
85.25.177.139 - - [10/Oct/2022:12:24:16 +0200] "GET /PodCast/Schlaaffloos1?action=diff&source=n&minor=y HTTP/1.1" 200 19287 "-" "Mozilla/5.0 (Macintosh; Intel Mac OS X 10.15; rv:103.0) Gecko/20100101 Firefox/103.0"
194.209.200.2 - - [10/Oct/2022:12:26:19 +0200] "GET /robots.txt HTTP/1.1" 200 - "-" "Mozilla/5.0 (compatible; TMMBot/0.2; +http://www.dslab.ch)/Nutch-1.15"
194.209.200.2 - - [10/Oct/2022:12:26:19 +0200] "GET /Texte/Limericks HTTP/1.1" 200 8087 "-" "Mozilla/5.0 (compatible; TMMBot/0.2; +http://www.dslab.ch)/Nutch-1.15"
194.209.200.2 - - [10/Oct/2022:12:26:23 +0200] "GET /Texte/Schrybwys HTTP/1.1" 200 11028 "-" "Mozilla/5.0 (compatible; TMMBot/0.2; +http://www.dslab.ch)/Nutch-1.15"
85.25.177.139 - - [10/Oct/2022:12:27:06 +0200] "GET /PodCast/Schlaaffloos1?action=edit&restore=diff:1447019590:1320340034:&preview=y HTTP/1.1" 200 8754 "-" "Mozilla/5.0 (Macintosh; Intel Mac OS X 10.15; rv:103.0) Gecko/20100101 Firefox/103.0"
194.209.200.2 - - [10/Oct/2022:12:27:08 +0200] "GET /Texte/ArsAmatoria HTTP/1.1" 200 12369 "-" "Mozilla/5.0 (compatible; TMMBot/0.2; +http://www.dslab.ch)/Nutch-1.15"
85.25.177.139 - - [10/Oct/2022:12:27:45 +0200] "GET /PodCast/Schlaaffloos1?action=diff&source=y&minor=n HTTP/1.1" 200 18756 "-" "Mozilla/5.0 (Macintosh; Intel Mac OS X 10.15; rv:103.0) Gecko/20100101 Firefox/103.0"
194.209.200.2 - - [10/Oct/2022:12:28:29 +0200] "GET /Texte/Metamorphoses HTTP/1.1" 200 9045 "-" "Mozilla/5.0 (compatible; TMMBot/0.2; +http://www.dslab.ch)/Nutch-1.15"
85.25.177.139 - - [10/Oct/2022:12:28:53 +0200] "GET /PodCast/Schlaaffloos1?action=edit&restore=diff:1320339947:1320339448:&preview=y HTTP/1.1" 200 8754 "-" "Mozilla/5.0 (Macintosh; Intel Mac OS X 10.15; rv:103.0) Gecko/20100101 Firefox/103.0"
54.36.148.90 - - [10/Oct/2022:12:29:02 +0200] "GET /Texte/Rezension HTTP/1.1" 200 11812 "-" "Mozilla/5.0 (compatible; AhrefsBot/7.0; +http://ahrefs.com/robot/)"
85.25.177.139 - - [10/Oct/2022:12:30:06 +0200] "GET /Site/101Ramft1478?action=edit&restore=diff:1250007183:1250007183:&preview=y HTTP/1.1" 200 8699 "-" "Mozilla/5.0 (Macintosh; Intel Mac OS X 10.15; rv:103.0) Gecko/20100101 Firefox/103.0"
85.25.177.139 - - [10/Oct/2022:12:31:25 +0200] "GET /Site/101Ramft1478?action=edit&restore=diff:1250008134:1250007739:&preview=y HTTP/1.1" 200 8699 "-" "Mozilla/5.0 (Macintosh; Intel Mac OS X 10.15; rv:103.0) Gecko/20100101 Firefox/103.0"
85.25.177.139 - - [10/Oct/2022:12:32:36 +0200] "GET /Site/101Ramft1478?action=diff&source=n&minor=y HTTP/1.1" 200 19624 "-" "Mozilla/5.0 (Macintosh; Intel Mac OS X 10.15; rv:103.0) Gecko/20100101 Firefox/103.0"
194.209.200.2 - - [10/Oct/2022:12:32:59 +0200] "GET /Admin/Pro-ZurituutschStatuten HTTP/1.1" 200 9580 "-" "Mozilla/5.0 (compatible; TMMBot/0.2; +http://www.dslab.ch)/Nutch-1.15"
85.25.177.139 - - [10/Oct/2022:12:33:29 +0200] "GET /Site/101Ramft1478?action=diff&source=y&minor=n HTTP/1.1" 200 19189 "-" "Mozilla/5.0 (Macintosh; Intel Mac OS X 10.15; rv:103.0) Gecko/20100101 Firefox/103.0"
85.25.177.139 - - [10/Oct/2022:12:37:34 +0200] "GET /PodCast/RURAkt1TIl5?action=edit&restore=diff:1371288329:1371288282:&preview=y HTTP/1.1" 200 8734 "-" "Mozilla/5.0 (Macintosh; Intel Mac OS X 10.15; rv:103.0) Gecko/20100101 Firefox/103.0"
85.25.177.139 - - [10/Oct/2022:12:38:23 +0200] "GET /PodCast/RURAkt1TIl5?action=edit&restore=diff:1372238609:1371288419:&preview=y HTTP/1.1" 200 8734 "-" "Mozilla/5.0 (Macintosh; Intel Mac OS X 10.15; rv:103.0) Gecko/20100101 Firefox/103.0"
85.25.177.139 - - [10/Oct/2022:12:44:58 +0200] "GET /robots.txt HTTP/1.1" 200 - "-" "Mozilla/5.0 (Macintosh; Intel Mac OS X 10.15; rv:103.0) Gecko/20100101 Firefox/103.0"
85.25.177.139 - - [10/Oct/2022:12:44:58 +0200] "GET /PodCast/RURAkt1TIl5?action=edit&restore=diff:1372238609:1371288419:&preview=y HTTP/1.1" 200 8734 "-" "Mozilla/5.0 (Macintosh; Intel Mac OS X 10.15; rv:103.0) Gecko/20100101 Firefox/103.0"
85.25.177.139 - - [10/Oct/2022:12:46:37 +0200] "GET /PodCast/RURAkt1TIl5?action=edit&restore=diff:1372238662:1372238609:&preview=y HTTP/1.1" 200 8734 "-" "Mozilla/5.0 (Macintosh; Intel Mac OS X 10.15; rv:103.0) Gecko/20100101 Firefox/103.0"
66.249.76.196 - - [10/Oct/2022:12:47:37 +0200] "GET /PodCast/IndexPage?action=rss HTTP/1.1" 200 6298 "-" "Mozilla/5.0 (compatible; Googlebot/2.1; +http://www.google.com/bot.html)"
85.25.177.139 - - [10/Oct/2022:12:47:37 +0200] "GET /PodCast/RURAkt1TIl5?action=edit&restore=diff:1371288419:1371288358:&preview=y HTTP/1.1" 200 8734 "-" "Mozilla/5.0 (Macintosh; Intel Mac OS X 10.15; rv:103.0) Gecko/20100101 Firefox/103.0"
85.25.177.139 - - [10/Oct/2022:12:48:35 +0200] "GET /PodCast/RURAkt1TIl5?action=edit&restore=diff:1371288358:1371288329:&preview=y HTTP/1.1" 200 8734 "-" "Mozilla/5.0 (Macintosh; Intel Mac OS X 10.15; rv:103.0) Gecko/20100101 Firefox/103.0"
85.25.177.139 - - [10/Oct/2022:12:49:55 +0200] "GET /PodCast/RURAkt1TIl5?action=diff&source=n&minor=y HTTP/1.1" 200 24931 "-" "Mozilla/5.0 (Macintosh; Intel Mac OS X 10.15; rv:103.0) Gecko/20100101 Firefox/103.0"
85.25.177.139 - - [10/Oct/2022:12:51:05 +0200] "GET /Main/Home?action=edit&restore=diff:1456682013:1454699649:&preview=y HTTP/1.1" 200 8583 "-" "Mozilla/5.0 (Macintosh; Intel Mac OS X 10.15; rv:103.0) Gecko/20100101 Firefox/103.0"
85.25.177.139 - - [10/Oct/2022:12:52:15 +0200] "GET /PodCast/RURAkt1TIl5?action=edit&restore=diff:1373743019:1372238662:&preview=y HTTP/1.1" 200 8734 "-" "Mozilla/5.0 (Macintosh; Intel Mac OS X 10.15; rv:103.0) Gecko/20100101 Firefox/103.0"
85.25.177.139 - - [10/Oct/2022:12:53:16 +0200] "GET /PodCast/RURAkt1TIl5?action=diff&source=y&minor=n HTTP/1.1" 200 23356 "-" "Mozilla/5.0 (Macintosh; Intel Mac OS X 10.15; rv:103.0) Gecko/20100101 Firefox/103.0"
62.210.215.119 - - [10/Oct/2022:12:54:37 +0200] "GET /PodCast/IndexPage?action=rss HTTP/1.1" 200 6298 "-" "Mozilla/5.0 (X11; Linux i686) AppleWebKit/537.36 (KHTML, like Gecko) Chrome/30.0.1599.66 Safari/537.36"
85.25.177.139 - - [10/Oct/2022:12:55:00 +0200] "GET /Site/141TaagsatzigIV1484?action=edit&restore=diff:1260733635:1260733583:&preview=y HTTP/1.1" 200 8799 "-" "Mozilla/5.0 (Macintosh; Intel Mac OS X 10.15; rv:103.0) Gecko/20100101 Firefox/103.0"
85.25.177.139 - - [10/Oct/2022:12:56:08 +0200] "GET /Site/141TaagsatzigIV1484?action=edit&restore=diff:1260732732:1260732732:&preview=y HTTP/1.1" 200 8799 "-" "Mozilla/5.0 (Macintosh; Intel Mac OS X 10.15; rv:103.0) Gecko/20100101 Firefox/103.0"
85.25.177.139 - - [10/Oct/2022:12:57:06 +0200] "GET /Site/141TaagsatzigIV1484?action=edit&restore=diff:1260733583:1260733507:&preview=y HTTP/1.1" 200 8799 "-" "Mozilla/5.0 (Macintosh; Intel Mac OS X 10.15; rv:103.0) Gecko/20100101 Firefox/103.0"
85.25.177.139 - - [10/Oct/2022:12:58:22 +0200] "GET /Site/141TaagsatzigIV1484?action=diff&source=y&minor=n HTTP/1.1" 200 25697 "-" "Mozilla/5.0 (Macintosh; Intel Mac OS X 10.15; rv:103.0) Gecko/20100101 Firefox/103.0"
85.25.177.139 - - [10/Oct/2022:12:59:09 +0200] "GET /Site/141TaagsatzigIV1484?action=edit&restore=diff:1260733507:1260732732:&preview=y HTTP/1.1" 200 8799 "-" "Mozilla/5.0 (Macintosh; Intel Mac OS X 10.15; rv:103.0) Gecko/20100101 Firefox/103.0"
85.25.177.139 - - [10/Oct/2022:13:00:46 +0200] "GET /Main/Home?action=edit&restore=diff:1615669567:1615669442:&preview=y HTTP/1.1" 200 8583 "-" "Mozilla/5.0 (Macintosh; Intel Mac OS X 10.15; rv:103.0) Gecko/20100101 Firefox/103.0"
85.25.177.139 - - [10/Oct/2022:13:01:31 +0200] "GET /Site/141TaagsatzigIV1484?action=edit&restore=diff:1261392835:1260733751:&preview=y HTTP/1.1" 200 8799 "-" "Mozilla/5.0 (Macintosh; Intel Mac OS X 10.15; rv:103.0) Gecko/20100101 Firefox/103.0"
194.209.200.2 - - [10/Oct/2022:13:01:38 +0200] "GET /robots.txt HTTP/1.1" 200 - "-" "Mozilla/5.0 (compatible; TMMBot/0.2; +http://www.dslab.ch)/Nutch-1.15"
194.209.200.2 - - [10/Oct/2022:13:01:38 +0200] "GET /Texte/Limericks HTTP/1.1" 200 8087 "-" "Mozilla/5.0 (compatible; TMMBot/0.2; +http://www.dslab.ch)/Nutch-1.15"
194.209.200.2 - - [10/Oct/2022:13:01:42 +0200] "GET /Texte/Schrybwys HTTP/1.1" 200 11028 "-" "Mozilla/5.0 (compatible; TMMBot/0.2; +http://www.dslab.ch)/Nutch-1.15"
85.25.177.139 - - [10/Oct/2022:13:02:56 +0200] "GET /Texte/GDicht?action=edit&restore=diff:1591952806:1591952806:&preview=y HTTP/1.1" 200 8627 "-" "Mozilla/5.0 (Macintosh; Intel Mac OS X 10.15; rv:103.0) Gecko/20100101 Firefox/103.0"
194.209.200.2 - - [10/Oct/2022:13:03:23 +0200] "GET /Texte/Metamorphoses HTTP/1.1" 200 9045 "-" "Mozilla/5.0 (compatible; TMMBot/0.2; +http://www.dslab.ch)/Nutch-1.15"
3.216.185.164 - - [10/Oct/2022:13:03:35 +0200] "GET /PodCast/IndexPage?action=rss HTTP/1.1" 200 6298 "-" "PocketCasts/1.0 (Pocket Casts Feed Parser; +http://pocketcasts.com/)"
85.25.177.139 - - [10/Oct/2022:13:04:03 +0200] "GET /Texte/GDicht?action=diff&source=y&minor=y HTTP/1.1" 200 9534 "-" "Mozilla/5.0 (Macintosh; Intel Mac OS X 10.15; rv:103.0) Gecko/20100101 Firefox/103.0"
194.209.200.2 - - [10/Oct/2022:13:05:12 +0200] "GET /Admin/Pro-ZurituutschStatuten HTTP/1.1" 200 9580 "-" "Mozilla/5.0 (compatible; TMMBot/0.2; +http://www.dslab.ch)/Nutch-1.15"
85.25.177.139 - - [10/Oct/2022:13:05:39 +0200] "GET /Texte/GDicht?action=diff&source=n&minor=n HTTP/1.1" 200 9540 "-" "Mozilla/5.0 (Macintosh; Intel Mac OS X 10.15; rv:103.0) Gecko/20100101 Firefox/103.0"
85.25.177.139 - - [10/Oct/2022:13:06:36 +0200] "GET /Bestellung/Pschtellformoular?action=print HTTP/1.1" 200 5273 "-" "Mozilla/5.0 (Macintosh; Intel Mac OS X 10.15; rv:103.0) Gecko/20100101 Firefox/103.0"
20.205.234.193 - - [10/Oct/2022:13:07:09 +0200] "GET /wp-admin/css/ HTTP/1.1" 404 279 "binance.com" "Mozilla/5.0 (Windows NT 10.0; Win64; x64) AppleWebKit/537.36 (KHTML, like Gecko) Chrome/90.0.4430.85 Safari/537.36"
20.205.234.193 - - [10/Oct/2022:13:07:17 +0200] "GET /.well-known/ HTTP/1.1" 404 264 "binance.com" "Mozilla/5.0 (Windows NT 10.0; Win64; x64) AppleWebKit/537.36 (KHTML, like Gecko) Chrome/90.0.4430.85 Safari/537.36"
20.205.234.193 - - [10/Oct/2022:13:07:23 +0200] "GET /sites/default/files/ HTTP/1.1" 404 286 "binance.com" "Mozilla/5.0 (Windows NT 10.0; Win64; x64) AppleWebKit/537.36 (KHTML, like Gecko) Chrome/90.0.4430.85 Safari/537.36"
20.205.234.193 - - [10/Oct/2022:13:07:27 +0200] "GET /admin/controller/extension/extension/ HTTP/1.1" 404 303 "binance.com" "Mozilla/5.0 (Windows NT 10.0; Win64; x64) AppleWebKit/537.36 (KHTML, like Gecko) Chrome/90.0.4430.85 Safari/537.36"
20.205.234.193 - - [10/Oct/2022:13:07:38 +0200] "GET /uploads/ HTTP/1.1" 403 278 "binance.com" "Mozilla/5.0 (Windows NT 10.0; Win64; x64) AppleWebKit/537.36 (KHTML, like Gecko) Chrome/90.0.4430.85 Safari/537.36"
85.25.177.139 - - [10/Oct/2022:13:08:02 +0200] "GET /Bestellung/Pschtellformoular?action=edit HTTP/1.1" 200 8803 "-" "Mozilla/5.0 (Macintosh; Intel Mac OS X 10.15; rv:103.0) Gecko/20100101 Firefox/103.0"
85.25.177.139 - - [10/Oct/2022:13:09:37 +0200] "GET /Bestellung/Pschtellformoular?action=diff HTTP/1.1" 200 73646 "-" "Mozilla/5.0 (Macintosh; Intel Mac OS X 10.15; rv:103.0) Gecko/20100101 Firefox/103.0"
85.25.177.139 - - [10/Oct/2022:13:10:51 +0200] "GET /Bestellung/Pschtellformoular?action=upload HTTP/1.1" 200 8703 "-" "Mozilla/5.0 (Macintosh; Intel Mac OS X 10.15; rv:103.0) Gecko/20100101 Firefox/103.0"
85.25.177.139 - - [10/Oct/2022:13:12:41 +0200] "GET /Hilfe/Passwort?action=print HTTP/1.1" 404 2386 "-" "Mozilla/5.0 (Macintosh; Intel Mac OS X 10.15; rv:103.0) Gecko/20100101 Firefox/103.0"
85.25.177.139 - - [10/Oct/2022:13:14:01 +0200] "GET /Hilfe/Passwort?action=diff HTTP/1.1" 200 9168 "-" "Mozilla/5.0 (Macintosh; Intel Mac OS X 10.15; rv:103.0) Gecko/20100101 Firefox/103.0"
54.36.148.160 - - [10/Oct/2022:13:16:02 +0200] "GET /Texte/ArsAmatoria HTTP/1.1" 200 12369 "-" "Mozilla/5.0 (compatible; AhrefsBot/7.0; +http://ahrefs.com/robot/)"
85.25.177.139 - - [10/Oct/2022:13:16:42 +0200] "GET /Texte/Limericks?action=diff&source=n&minor=n HTTP/1.1" 200 9587 "-" "Mozilla/5.0 (Macintosh; Intel Mac OS X 10.15; rv:103.0) Gecko/20100101 Firefox/103.0"
85.25.177.139 - - [10/Oct/2022:13:20:52 +0200] "GET /Texte/Limericks?action=diff&source=y&minor=y HTTP/1.1" 200 9581 "-" "Mozilla/5.0 (Macintosh; Intel Mac OS X 10.15; rv:103.0) Gecko/20100101 Firefox/103.0"
85.25.177.139 - - [10/Oct/2022:13:22:18 +0200] "GET /Hilfe/RealOne?action=edit&restore=diff:1163037534:1163037534:&preview=y HTTP/1.1" 200 8641 "-" "Mozilla/5.0 (Macintosh; Intel Mac OS X 10.15; rv:103.0) Gecko/20100101 Firefox/103.0"
66.249.76.196 - - [10/Oct/2022:13:22:44 +0200] "GET /PodCast/IndexPage?action=rss HTTP/1.1" 200 6298 "-" "Mozilla/5.0 (compatible; Googlebot/2.1; +http://www.google.com/bot.html)"
85.25.177.139 - - [10/Oct/2022:13:23:00 +0200] "GET /Hilfe/RealOne?action=edit&restore=diff:1163037612:1163037534:&preview=y HTTP/1.1" 200 8641 "-" "Mozilla/5.0 (Macintosh; Intel Mac OS X 10.15; rv:103.0) Gecko/20100101 Firefox/103.0"
65.108.0.150 - - [10/Oct/2022:13:24:55 +0200] "GET /PodCast/Limerick34 HTTP/1.1" 200 8268 "http://www.pro-zurituutsch.ch/PodCast/IndexPage?action=rss" "Mozilla/5.0 (compatible; SEOkicks; +https://www.seokicks.de/robot.html)"
65.108.0.150 - - [10/Oct/2022:13:24:57 +0200] "GET /PodCast/UberGebuure HTTP/1.1" 200 15628 "http://www.pro-zurituutsch.ch/PodCast/IndexPage?action=rss" "Mozilla/5.0 (compatible; SEOkicks; +https://www.seokicks.de/robot.html)"
65.108.0.150 - - [10/Oct/2022:13:24:58 +0200] "GET /PodCast/Apsourdistan2 HTTP/1.1" 200 10988 "http://www.pro-zurituutsch.ch/PodCast/IndexPage?action=rss" "Mozilla/5.0 (compatible; SEOkicks; +https://www.seokicks.de/robot.html)"
65.108.0.150 - - [10/Oct/2022:13:24:59 +0200] "GET /PodCast/Limerick33 HTTP/1.1" 200 8889 "http://www.pro-zurituutsch.ch/PodCast/IndexPage?action=rss" "Mozilla/5.0 (compatible; SEOkicks; +https://www.seokicks.de/robot.html)"
65.108.0.150 - - [10/Oct/2022:13:25:00 +0200] "GET /PodCast/Falschmaldig HTTP/1.1" 200 11091 "http://www.pro-zurituutsch.ch/PodCast/IndexPage?action=rss" "Mozilla/5.0 (compatible; SEOkicks; +https://www.seokicks.de/robot.html)"
65.108.0.150 - - [10/Oct/2022:13:25:01 +0200] "GET /PodCast/AbsNov16 HTTP/1.1" 200 12438 "http://www.pro-zurituutsch.ch/PodCast/IndexPage?action=rss" "Mozilla/5.0 (compatible; SEOkicks; +https://www.seokicks.de/robot.html)"
65.108.0.150 - - [10/Oct/2022:13:25:03 +0200] "GET /Main/Home HTTP/1.1" 200 15085 "http://www.pro-zurituutsch.ch/" "Mozilla/5.0 (compatible; SEOkicks; +https://www.seokicks.de/robot.html)"
65.108.0.150 - - [10/Oct/2022:13:25:04 +0200] "GET /Main/GNU/Emacs HTTP/1.1" 404 264 "http://www.pro-zurituutsch.ch/Main/Home" "Mozilla/5.0 (compatible; SEOkicks; +https://www.seokicks.de/robot.html)"
65.108.0.150 - - [10/Oct/2022:13:25:05 +0200] "GET /Site/PodCast HTTP/1.1" 200 40934 "http://www.pro-zurituutsch.ch/" "Mozilla/5.0 (compatible; SEOkicks; +https://www.seokicks.de/robot.html)"
65.108.0.150 - - [10/Oct/2022:13:25:06 +0200] "GET /Site/GNU/Emacs HTTP/1.1" 404 264 "http://www.pro-zurituutsch.ch/Site/PodCast" "Mozilla/5.0 (compatible; SEOkicks; +https://www.seokicks.de/robot.html)"
65.108.0.150 - - [10/Oct/2022:13:25:07 +0200] "GET /PodCast/RSSPodcasts HTTP/1.1" 200 8905 "http://www.pro-zurituutsch.ch/" "Mozilla/5.0 (compatible; SEOkicks; +https://www.seokicks.de/robot.html)"
85.25.177.139 - - [10/Oct/2022:13:25:19 +0200] "GET /Hilfe/RealOne?action=diff&source=y&minor=n HTTP/1.1" 200 16370 "-" "Mozilla/5.0 (Macintosh; Intel Mac OS X 10.15; rv:103.0) Gecko/20100101 Firefox/103.0"
85.25.177.139 - - [10/Oct/2022:13:26:13 +0200] "GET /robots.txt HTTP/1.1" 200 - "-" "Mozilla/5.0 (Macintosh; Intel Mac OS X 10.15; rv:103.0) Gecko/20100101 Firefox/103.0"
85.25.177.139 - - [10/Oct/2022:13:26:13 +0200] "GET /Hilfe/RealOne?action=diff&source=n&minor=y HTTP/1.1" 200 15499 "-" "Mozilla/5.0 (Macintosh; Intel Mac OS X 10.15; rv:103.0) Gecko/20100101 Firefox/103.0"
85.25.177.139 - - [10/Oct/2022:13:27:47 +0200] "GET /Texte/Bitterbeuhsi?action=edit&restore=diff:1163057251:1163038336:&preview=y HTTP/1.1" 200 8709 "-" "Mozilla/5.0 (Macintosh; Intel Mac OS X 10.15; rv:103.0) Gecko/20100101 Firefox/103.0"
85.25.177.139 - - [10/Oct/2022:13:29:20 +0200] "GET /Texte/Bitterbeuhsi?action=edit&restore=diff:1179764670:1178907522:&preview=y HTTP/1.1" 200 8709 "-" "Mozilla/5.0 (Macintosh; Intel Mac OS X 10.15; rv:103.0) Gecko/20100101 Firefox/103.0"
85.25.177.139 - - [10/Oct/2022:13:30:17 +0200] "GET /Texte/Bitterbeuhsi?action=diff&source=n&minor=n HTTP/1.1" 200 22112 "-" "Mozilla/5.0 (Macintosh; Intel Mac OS X 10.15; rv:103.0) Gecko/20100101 Firefox/103.0"
85.25.177.139 - - [10/Oct/2022:13:31:17 +0200] "GET /PodCast/Kounschtrandite?action=edit HTTP/1.1" 200 8734 "-" "Mozilla/5.0 (Macintosh; Intel Mac OS X 10.15; rv:103.0) Gecko/20100101 Firefox/103.0"
85.25.177.139 - - [10/Oct/2022:13:32:36 +0200] "GET /PodCast/Kounschtrandite?action=diff&source=n&minor=y HTTP/1.1" 200 17515 "-" "Mozilla/5.0 (Macintosh; Intel Mac OS X 10.15; rv:103.0) Gecko/20100101 Firefox/103.0"
85.25.177.139 - - [10/Oct/2022:13:33:54 +0200] "GET /PodCast/Kounschtrandite?action=diff&source=y&minor=n HTTP/1.1" 200 16400 "-" "Mozilla/5.0 (Macintosh; Intel Mac OS X 10.15; rv:103.0) Gecko/20100101 Firefox/103.0"
3.219.254.95 - - [10/Oct/2022:13:33:57 +0200] "GET /PodCast/IndexPage?action=rss HTTP/1.1" 200 6298 "-" "PocketCasts/1.0 (Pocket Casts Feed Parser; +http://pocketcasts.com/)"
85.25.177.139 - - [10/Oct/2022:13:34:57 +0200] "GET /robots.txt HTTP/1.1" 200 - "-" "Mozilla/5.0 (Macintosh; Intel Mac OS X 10.15; rv:103.0) Gecko/20100101 Firefox/103.0"
85.25.177.139 - - [10/Oct/2022:13:34:58 +0200] "GET /PodCast/Kounschtrandite?action=edit&restore=diff:1385062157:1385062157:&preview=y HTTP/1.1" 200 8780 "-" "Mozilla/5.0 (Macintosh; Intel Mac OS X 10.15; rv:103.0) Gecko/20100101 Firefox/103.0"
85.25.177.139 - - [10/Oct/2022:13:38:12 +0200] "GET /Main/Home?action=edit&restore=diff:1615668822:1591952422:&preview=y HTTP/1.1" 200 8583 "-" "Mozilla/5.0 (Macintosh; Intel Mac OS X 10.15; rv:103.0) Gecko/20100101 Firefox/103.0"
85.25.177.139 - - [10/Oct/2022:13:39:31 +0200] "GET /Admin/AdresseStiftung?action=diff&source=y&minor=y HTTP/1.1" 200 17053 "-" "Mozilla/5.0 (Macintosh; Intel Mac OS X 10.15; rv:103.0) Gecko/20100101 Firefox/103.0"
85.25.177.139 - - [10/Oct/2022:13:41:19 +0200] "GET /Admin/AdresseStiftung?action=diff&source=n&minor=n HTTP/1.1" 200 13363 "-" "Mozilla/5.0 (Macintosh; Intel Mac OS X 10.15; rv:103.0) Gecko/20100101 Firefox/103.0"
85.25.177.139 - - [10/Oct/2022:13:43:26 +0200] "GET /Admin/AdresseStiftung?action=edit&restore=diff:1163035896:1163035896:&preview=y HTTP/1.1" 200 8753 "-" "Mozilla/5.0 (Macintosh; Intel Mac OS X 10.15; rv:103.0) Gecko/20100101 Firefox/103.0"
85.25.177.139 - - [10/Oct/2022:13:44:53 +0200] "GET /Admin/AdresseStiftung?action=edit&restore=diff:1416758598:1185288593:&preview=y HTTP/1.1" 200 8753 "-" "Mozilla/5.0 (Macintosh; Intel Mac OS X 10.15; rv:103.0) Gecko/20100101 Firefox/103.0"
85.25.177.139 - - [10/Oct/2022:13:46:18 +0200] "GET /Texte/ZurcherischEnglish?action=diff&source=n&minor=n HTTP/1.1" 200 9903 "-" "Mozilla/5.0 (Macintosh; Intel Mac OS X 10.15; rv:103.0) Gecko/20100101 Firefox/103.0"
85.25.177.139 - - [10/Oct/2022:13:47:24 +0200] "GET /Texte/ZurcherischEnglish?action=diff&source=y&minor=y HTTP/1.1" 200 9927 "-" "Mozilla/5.0 (Macintosh; Intel Mac OS X 10.15; rv:103.0) Gecko/20100101 Firefox/103.0"
85.25.177.139 - - [10/Oct/2022:13:49:37 +0200] "GET /PodCast/Hafering?action=edit&restore=diff:1297617401:1297617265:&preview=y HTTP/1.1" 200 8682 "-" "Mozilla/5.0 (Macintosh; Intel Mac OS X 10.15; rv:103.0) Gecko/20100101 Firefox/103.0"
85.25.177.139 - - [10/Oct/2022:13:52:12 +0200] "GET /PodCast/Hafering?action=edit&restore=diff:1298145247:1297617487:&preview=y HTTP/1.1" 200 8682 "-" "Mozilla/5.0 (Macintosh; Intel Mac OS X 10.15; rv:103.0) Gecko/20100101 Firefox/103.0"
66.249.76.220 - - [10/Oct/2022:13:52:17 +0200] "GET /PodCast/IndexPage?action=rss HTTP/1.1" 200 6298 "-" "Mozilla/5.0 (compatible; Googlebot/2.1; +http://www.google.com/bot.html)"
85.25.177.139 - - [10/Oct/2022:13:53:14 +0200] "GET /PodCast/Hafering?action=edit&restore=diff:1297617265:1297616998:&preview=y HTTP/1.1" 200 8682 "-" "Mozilla/5.0 (Macintosh; Intel Mac OS X 10.15; rv:103.0) Gecko/20100101 Firefox/103.0"
85.25.177.139 - - [10/Oct/2022:13:53:56 +0200] "GET /PodCast/Hafering?action=edit&restore=diff:1297616998:1297616998:&preview=y HTTP/1.1" 200 8682 "-" "Mozilla/5.0 (Macintosh; Intel Mac OS X 10.15; rv:103.0) Gecko/20100101 Firefox/103.0"
85.25.177.139 - - [10/Oct/2022:13:55:34 +0200] "GET /PodCast/Hafering?action=diff&source=y&minor=n HTTP/1.1" 200 20661 "-" "Mozilla/5.0 (Macintosh; Intel Mac OS X 10.15; rv:103.0) Gecko/20100101 Firefox/103.0"
85.25.177.139 - - [10/Oct/2022:13:56:42 +0200] "GET /PodCast/Hafering?action=diff&source=n&minor=y HTTP/1.1" 200 21132 "-" "Mozilla/5.0 (Macintosh; Intel Mac OS X 10.15; rv:103.0) Gecko/20100101 Firefox/103.0"
114.119.141.173 - - [10/Oct/2022:13:56:49 +0200] "GET /PmWikiDe/WikiStruktur HTTP/1.1" 200 9253 "http://www.pro-zurituutsch.ch/PmWikiDe/ListeAllerSeiten" "Mozilla/5.0 (Linux; Android 7.0;) AppleWebKit/537.36 (KHTML, like Gecko) Mobile Safari/537.36 (compatible; PetalBot;+https://webmaster.petalsearch.com/site/petalbot)"
85.25.177.139 - - [10/Oct/2022:13:57:46 +0200] "GET /Texte/Roman?action=edit&restore=diff:1163034953:1163034838:&preview=y HTTP/1.1" 200 8611 "-" "Mozilla/5.0 (Macintosh; Intel Mac OS X 10.15; rv:103.0) Gecko/20100101 Firefox/103.0"
85.25.177.139 - - [10/Oct/2022:13:59:16 +0200] "GET /Texte/Roman?action=edit&restore=diff:1163035648:1163035602:&preview=y HTTP/1.1" 200 8611 "-" "Mozilla/5.0 (Macintosh; Intel Mac OS X 10.15; rv:103.0) Gecko/20100101 Firefox/103.0"
85.25.177.139 - - [10/Oct/2022:14:00:17 +0200] "GET /Texte/Roman?action=edit&restore=diff:1177684705:1163035713:&preview=y HTTP/1.1" 200 8611 "-" "Mozilla/5.0 (Macintosh; Intel Mac OS X 10.15; rv:103.0) Gecko/20100101 Firefox/103.0"
85.25.177.139 - - [10/Oct/2022:14:01:52 +0200] "GET /Texte/Roman?action=edit&restore=diff:1163035196:1163035078:&preview=y HTTP/1.1" 200 8611 "-" "Mozilla/5.0 (Macintosh; Intel Mac OS X 10.15; rv:103.0) Gecko/20100101 Firefox/103.0"
85.25.177.139 - - [10/Oct/2022:14:03:05 +0200] "GET /Texte/Roman?action=diff&source=y&minor=y HTTP/1.1" 200 104718 "-" "Mozilla/5.0 (Macintosh; Intel Mac OS X 10.15; rv:103.0) Gecko/20100101 Firefox/103.0"
194.209.200.2 - - [10/Oct/2022:14:04:35 +0200] "GET /robots.txt HTTP/1.1" 200 - "-" "Mozilla/5.0 (compatible; TMMBot/0.2; +http://www.dslab.ch)/Nutch-1.15"
194.209.200.2 - - [10/Oct/2022:14:04:35 +0200] "GET /Texte/Limericks HTTP/1.1" 200 8087 "-" "Mozilla/5.0 (compatible; TMMBot/0.2; +http://www.dslab.ch)/Nutch-1.15"
194.209.200.2 - - [10/Oct/2022:14:04:39 +0200] "GET /Texte/Schrybwys HTTP/1.1" 200 11028 "-" "Mozilla/5.0 (compatible; TMMBot/0.2; +http://www.dslab.ch)/Nutch-1.15"
85.25.177.139 - - [10/Oct/2022:14:05:07 +0200] "GET /Texte/Roman?action=edit&restore=diff:1163035713:1163035648:&preview=y HTTP/1.1" 200 8611 "-" "Mozilla/5.0 (Macintosh; Intel Mac OS X 10.15; rv:103.0) Gecko/20100101 Firefox/103.0"
54.36.149.75 - - [10/Oct/2022:14:05:34 +0200] "GET /Hilfe/AnleitungTonbeispiele HTTP/1.1" 200 9878 "-" "Mozilla/5.0 (compatible; AhrefsBot/7.0; +http://ahrefs.com/robot/)"
194.209.200.2 - - [10/Oct/2022:14:06:16 +0200] "GET /Texte/Metamorphoses HTTP/1.1" 200 9045 "-" "Mozilla/5.0 (compatible; TMMBot/0.2; +http://www.dslab.ch)/Nutch-1.15"
85.25.177.139 - - [10/Oct/2022:14:06:18 +0200] "GET /Texte/Roman?action=edit&restore=diff:1268898815:1231002477:&preview=y HTTP/1.1" 200 8611 "-" "Mozilla/5.0 (Macintosh; Intel Mac OS X 10.15; rv:103.0) Gecko/20100101 Firefox/103.0"
85.25.177.139 - - [10/Oct/2022:14:07:55 +0200] "GET /Texte/Roman?action=edit&restore=diff:1179764354:1179236388:&preview=y HTTP/1.1" 200 8611 "-" "Mozilla/5.0 (Macintosh; Intel Mac OS X 10.15; rv:103.0) Gecko/20100101 Firefox/103.0"
194.209.200.2 - - [10/Oct/2022:14:08:05 +0200] "GET /Admin/Pro-ZurituutschStatuten HTTP/1.1" 200 9580 "-" "Mozilla/5.0 (compatible; TMMBot/0.2; +http://www.dslab.ch)/Nutch-1.15"
85.25.177.139 - - [10/Oct/2022:14:09:08 +0200] "GET /Texte/Roman?action=edit&restore=diff:1231002477:1231002356:&preview=y HTTP/1.1" 200 8611 "-" "Mozilla/5.0 (Macintosh; Intel Mac OS X 10.15; rv:103.0) Gecko/20100101 Firefox/103.0"
85.25.177.139 - - [10/Oct/2022:14:10:32 +0200] "GET /Texte/Roman?action=edit&restore=diff:1163035465:1163035430:&preview=y HTTP/1.1" 200 8611 "-" "Mozilla/5.0 (Macintosh; Intel Mac OS X 10.15; rv:103.0) Gecko/20100101 Firefox/103.0"
85.25.177.139 - - [10/Oct/2022:14:12:32 +0200] "GET /Texte/Roman?action=edit&restore=diff:1177685460:1177685343:&preview=y HTTP/1.1" 200 8611 "-" "Mozilla/5.0 (Macintosh; Intel Mac OS X 10.15; rv:103.0) Gecko/20100101 Firefox/103.0"
85.25.177.139 - - [10/Oct/2022:14:13:54 +0200] "GET /Texte/Roman?action=edit&restore=diff:1231001314:1180617173:&preview=y HTTP/1.1" 200 8611 "-" "Mozilla/5.0 (Macintosh; Intel Mac OS X 10.15; rv:103.0) Gecko/20100101 Firefox/103.0"
85.25.177.139 - - [10/Oct/2022:14:14:57 +0200] "GET /Main/Home?action=edit&restore=diff:1456682157:1456682013:&preview=y HTTP/1.1" 200 8583 "-" "Mozilla/5.0 (Macintosh; Intel Mac OS X 10.15; rv:103.0) Gecko/20100101 Firefox/103.0"
85.25.177.139 - - [10/Oct/2022:14:16:30 +0200] "GET /Main/Home?action=edit&restore=diff:1363366975:1336978339:&preview=y HTTP/1.1" 200 8583 "-" "Mozilla/5.0 (Macintosh; Intel Mac OS X 10.15; rv:103.0) Gecko/20100101 Firefox/103.0"
85.25.177.139 - - [10/Oct/2022:14:17:54 +0200] "GET /Texte/ArsAmatoria?action=edit&restore=diff:1163055471:1163055417:&preview=y HTTP/1.1" 200 8697 "-" "Mozilla/5.0 (Macintosh; Intel Mac OS X 10.15; rv:103.0) Gecko/20100101 Firefox/103.0"
65.108.0.150 - - [10/Oct/2022:14:19:45 +0200] "GET /Texte/Roman HTTP/1.1" 200 38741 "http://www.pro-zurituutsch.ch/" "Mozilla/5.0 (compatible; SEOkicks; +https://www.seokicks.de/robot.html)"
65.108.0.150 - - [10/Oct/2022:14:19:46 +0200] "GET /Texte/GNU/Emacs HTTP/1.1" 404 264 "http://www.pro-zurituutsch.ch/Texte/Roman" "Mozilla/5.0 (compatible; SEOkicks; +https://www.seokicks.de/robot.html)"
65.108.0.150 - - [10/Oct/2022:14:19:47 +0200] "GET /Texte/Styluebige HTTP/1.1" 200 9998 "http://www.pro-zurituutsch.ch/" "Mozilla/5.0 (compatible; SEOkicks; +https://www.seokicks.de/robot.html)"
65.108.0.150 - - [10/Oct/2022:14:19:48 +0200] "GET /Texte/Schrybwys HTTP/1.1" 200 11028 "http://www.pro-zurituutsch.ch/" "Mozilla/5.0 (compatible; SEOkicks; +https://www.seokicks.de/robot.html)"
85.25.177.139 - - [10/Oct/2022:14:19:49 +0200] "GET /Texte/ArsAmatoria?action=edit&restore=diff:1163055578:1163055471:&preview=y HTTP/1.1" 200 8697 "-" "Mozilla/5.0 (Macintosh; Intel Mac OS X 10.15; rv:103.0) Gecko/20100101 Firefox/103.0"
65.108.0.150 - - [10/Oct/2022:14:19:50 +0200] "GET /Texte/Bitterbeuhsi HTTP/1.1" 200 9255 "http://www.pro-zurituutsch.ch/" "Mozilla/5.0 (compatible; SEOkicks; +https://www.seokicks.de/robot.html)"
65.108.0.150 - - [10/Oct/2022:14:19:51 +0200] "GET /Texte/ArsAmatoria HTTP/1.1" 200 12369 "http://www.pro-zurituutsch.ch/" "Mozilla/5.0 (compatible; SEOkicks; +https://www.seokicks.de/robot.html)"
65.108.0.150 - - [10/Oct/2022:14:19:52 +0200] "GET /Texte/Metamorphoses HTTP/1.1" 200 9045 "http://www.pro-zurituutsch.ch/" "Mozilla/5.0 (compatible; SEOkicks; +https://www.seokicks.de/robot.html)"
65.108.0.150 - - [10/Oct/2022:14:19:53 +0200] "GET /Texte/ZurcherischEnglish HTTP/1.1" 200 8274 "http://www.pro-zurituutsch.ch/" "Mozilla/5.0 (compatible; SEOkicks; +https://www.seokicks.de/robot.html)"
65.108.0.150 - - [10/Oct/2022:14:19:54 +0200] "GET /Texte/Rezension HTTP/1.1" 200 11812 "http://www.pro-zurituutsch.ch/" "Mozilla/5.0 (compatible; SEOkicks; +https://www.seokicks.de/robot.html)"
65.108.0.150 - - [10/Oct/2022:14:19:56 +0200] "GET /Texte/Limericks HTTP/1.1" 200 8087 "http://www.pro-zurituutsch.ch/" "Mozilla/5.0 (compatible; SEOkicks; +https://www.seokicks.de/robot.html)"
65.108.0.150 - - [10/Oct/2022:14:19:57 +0200] "GET /Texte/GDicht HTTP/1.1" 200 8050 "http://www.pro-zurituutsch.ch/" "Mozilla/5.0 (compatible; SEOkicks; +https://www.seokicks.de/robot.html)"
85.25.177.139 - - [10/Oct/2022:14:21:45 +0200] "GET /Texte/ArsAmatoria?action=edit&restore=diff:1177684406:1177684251:&preview=y HTTP/1.1" 200 8697 "-" "Mozilla/5.0 (Macintosh; Intel Mac OS X 10.15; rv:103.0) Gecko/20100101 Firefox/103.0"
85.25.177.139 - - [10/Oct/2022:14:22:29 +0200] "GET /Texte/ArsAmatoria?action=edit&restore=diff:1177684026:1175714025:&preview=y HTTP/1.1" 200 8697 "-" "Mozilla/5.0 (Macintosh; Intel Mac OS X 10.15; rv:103.0) Gecko/20100101 Firefox/103.0"
66.249.76.220 - - [10/Oct/2022:14:22:45 +0200] "GET /PodCast/IndexPage?action=rss HTTP/1.1" 200 6298 "-" "Mozilla/5.0 (compatible; Googlebot/2.1; +http://www.google.com/bot.html)"
85.25.177.139 - - [10/Oct/2022:14:23:45 +0200] "GET /Texte/ArsAmatoria?action=edit&restore=diff:1177684430:1177684406:&preview=y HTTP/1.1" 200 8697 "-" "Mozilla/5.0 (Macintosh; Intel Mac OS X 10.15; rv:103.0) Gecko/20100101 Firefox/103.0"
85.25.177.139 - - [10/Oct/2022:14:24:49 +0200] "GET /Texte/ArsAmatoria?action=edit&restore=diff:1163056202:1163056076:&preview=y HTTP/1.1" 200 8697 "-" "Mozilla/5.0 (Macintosh; Intel Mac OS X 10.15; rv:103.0) Gecko/20100101 Firefox/103.0"
85.25.177.139 - - [10/Oct/2022:14:27:02 +0200] "GET /Texte/ArsAmatoria?action=edit&restore=diff:1163056076:1163055958:&preview=y HTTP/1.1" 200 8697 "-" "Mozilla/5.0 (Macintosh; Intel Mac OS X 10.15; rv:103.0) Gecko/20100101 Firefox/103.0"
85.25.177.139 - - [10/Oct/2022:14:28:44 +0200] "GET /Texte/ArsAmatoria?action=edit&restore=diff:1163055958:1163055916:&preview=y HTTP/1.1" 200 8697 "-" "Mozilla/5.0 (Macintosh; Intel Mac OS X 10.15; rv:103.0) Gecko/20100101 Firefox/103.0"
85.25.177.139 - - [10/Oct/2022:14:30:37 +0200] "GET /Texte/ArsAmatoria?action=diff&source=y&minor=y HTTP/1.1" 200 41100 "-" "Mozilla/5.0 (Macintosh; Intel Mac OS X 10.15; rv:103.0) Gecko/20100101 Firefox/103.0"
85.25.177.139 - - [10/Oct/2022:14:33:10 +0200] "GET /robots.txt HTTP/1.1" 200 - "-" "Mozilla/5.0 (Macintosh; Intel Mac OS X 10.15; rv:103.0) Gecko/20100101 Firefox/103.0"
85.25.177.139 - - [10/Oct/2022:14:33:10 +0200] "GET /Texte/Styluebige?action=edit&restore=diff:1163038156:1163038073:&preview=y HTTP/1.1" 200 8681 "-" "Mozilla/5.0 (Macintosh; Intel Mac OS X 10.15; rv:103.0) Gecko/20100101 Firefox/103.0"
85.25.177.139 - - [10/Oct/2022:14:37:06 +0200] "GET /Texte/Styluebige?action=edit&restore=diff:1163037997:1163034457:&preview=y HTTP/1.1" 200 8681 "-" "Mozilla/5.0 (Macintosh; Intel Mac OS X 10.15; rv:103.0) Gecko/20100101 Firefox/103.0"
85.25.177.139 - - [10/Oct/2022:14:39:07 +0200] "GET /Texte/Styluebige?action=diff&source=y&minor=n HTTP/1.1" 200 34046 "-" "Mozilla/5.0 (Macintosh; Intel Mac OS X 10.15; rv:103.0) Gecko/20100101 Firefox/103.0"
85.25.177.139 - - [10/Oct/2022:14:40:07 +0200] "GET /Texte/Styluebige?action=edit&restore=diff:1163118852:1163061313:&preview=y HTTP/1.1" 200 8681 "-" "Mozilla/5.0 (Macintosh; Intel Mac OS X 10.15; rv:103.0) Gecko/20100101 Firefox/103.0"
85.25.177.139 - - [10/Oct/2022:14:41:29 +0200] "GET /Texte/Styluebige?action=edit&restore=diff:1163119022:1163118975:&preview=y HTTP/1.1" 200 8681 "-" "Mozilla/5.0 (Macintosh; Intel Mac OS X 10.15; rv:103.0) Gecko/20100101 Firefox/103.0"
40.77.167.83 - - [10/Oct/2022:14:42:14 +0200] "GET /Site/Search HTTP/1.1" 200 10556 "-" "Mozilla/5.0 AppleWebKit/537.36 (KHTML, like Gecko; compatible; bingbot/2.0; +http://www.bing.com/bingbot.htm) Chrome/103.0.5060.134 Safari/537.36"
85.25.177.139 - - [10/Oct/2022:14:42:51 +0200] "GET /Texte/Styluebige?action=edit&restore=diff:1163038179:1163038156:&preview=y HTTP/1.1" 200 8681 "-" "Mozilla/5.0 (Macintosh; Intel Mac OS X 10.15; rv:103.0) Gecko/20100101 Firefox/103.0"
85.25.177.139 - - [10/Oct/2022:14:45:27 +0200] "GET /Texte/Styluebige?action=edit&restore=diff:1163038026:1163037997:&preview=y HTTP/1.1" 200 8681 "-" "Mozilla/5.0 (Macintosh; Intel Mac OS X 10.15; rv:103.0) Gecko/20100101 Firefox/103.0"
85.25.177.139 - - [10/Oct/2022:14:46:38 +0200] "GET /Texte/Styluebige?action=edit&restore=diff:1163061313:1163038201:&preview=y HTTP/1.1" 200 8681 "-" "Mozilla/5.0 (Macintosh; Intel Mac OS X 10.15; rv:103.0) Gecko/20100101 Firefox/103.0"
85.25.177.139 - - [10/Oct/2022:14:47:31 +0200] "GET /Site/WGA6Klynikerfaarig?action=edit&restore=diff:1292432449:1292432346:&preview=y HTTP/1.1" 200 8783 "-" "Mozilla/5.0 (Macintosh; Intel Mac OS X 10.15; rv:103.0) Gecko/20100101 Firefox/103.0"
54.36.148.46 - - [10/Oct/2022:14:47:35 +0200] "GET /PodCast/RSSPodcasts HTTP/1.1" 200 8905 "-" "Mozilla/5.0 (compatible; AhrefsBot/7.0; +http://ahrefs.com/robot/)"
85.25.177.139 - - [10/Oct/2022:14:50:15 +0200] "GET /Site/WGA6Klynikerfaarig?action=diff&source=y&minor=y HTTP/1.1" 200 19952 "-" "Mozilla/5.0 (Macintosh; Intel Mac OS X 10.15; rv:103.0) Gecko/20100101 Firefox/103.0"
85.25.177.139 - - [10/Oct/2022:14:51:26 +0200] "GET /Site/WGA6Klynikerfaarig?action=diff&source=n&minor=n HTTP/1.1" 200 20305 "-" "Mozilla/5.0 (Macintosh; Intel Mac OS X 10.15; rv:103.0) Gecko/20100101 Firefox/103.0"
3.216.185.164 - - [10/Oct/2022:14:52:46 +0200] "GET /PodCast/IndexPage?action=rss HTTP/1.1" 200 6298 "-" "PocketCasts/1.0 (Pocket Casts Feed Parser; +http://pocketcasts.com/)"
194.209.200.2 - - [10/Oct/2022:14:55:30 +0200] "GET /robots.txt HTTP/1.1" 200 - "-" "Mozilla/5.0 (compatible; TMMBot/0.2; +http://www.dslab.ch)/Nutch-1.15"
194.209.200.2 - - [10/Oct/2022:14:55:30 +0200] "GET /Texte/Limericks HTTP/1.1" 200 8087 "-" "Mozilla/5.0 (compatible; TMMBot/0.2; +http://www.dslab.ch)/Nutch-1.15"
194.209.200.2 - - [10/Oct/2022:14:55:40 +0200] "GET /Texte/Schrybwys HTTP/1.1" 200 11028 "-" "Mozilla/5.0 (compatible; TMMBot/0.2; +http://www.dslab.ch)/Nutch-1.15"
85.25.177.139 - - [10/Oct/2022:14:55:43 +0200] "GET /Site/WGA6Klynikerfaarig?action=edit&restore=diff:1292432346:1292431959:&preview=y HTTP/1.1" 200 8783 "-" "Mozilla/5.0 (Macintosh; Intel Mac OS X 10.15; rv:103.0) Gecko/20100101 Firefox/103.0"
85.25.177.139 - - [10/Oct/2022:14:57:03 +0200] "GET /Admin/Links?action=edit&restore=diff:1231706676:1201807102:&preview=y HTTP/1.1" 200 8611 "-" "Mozilla/5.0 (Macintosh; Intel Mac OS X 10.15; rv:103.0) Gecko/20100101 Firefox/103.0"
66.249.76.193 - - [10/Oct/2022:14:57:14 +0200] "GET /PodCast/IndexPage?action=rss HTTP/1.1" 200 6298 "-" "Mozilla/5.0 (compatible; Googlebot/2.1; +http://www.google.com/bot.html)"
194.209.200.2 - - [10/Oct/2022:14:58:44 +0200] "GET /Texte/Metamorphoses HTTP/1.1" 200 9045 "-" "Mozilla/5.0 (compatible; TMMBot/0.2; +http://www.dslab.ch)/Nutch-1.15"
85.25.177.139 - - [10/Oct/2022:14:58:46 +0200] "GET /Admin/Links?action=edit&restore=diff:1231706772:1231706746:&preview=y HTTP/1.1" 200 8611 "-" "Mozilla/5.0 (Macintosh; Intel Mac OS X 10.15; rv:103.0) Gecko/20100101 Firefox/103.0"
85.25.177.139 - - [10/Oct/2022:15:00:36 +0200] "GET /Admin/Links?action=edit&restore=diff:1340380424:1340380402:&preview=y HTTP/1.1" 200 8611 "-" "Mozilla/5.0 (Macintosh; Intel Mac OS X 10.15; rv:103.0) Gecko/20100101 Firefox/103.0"
194.209.200.2 - - [10/Oct/2022:15:01:22 +0200] "GET /Admin/Pro-ZurituutschStatuten HTTP/1.1" 200 9580 "-" "Mozilla/5.0 (compatible; TMMBot/0.2; +http://www.dslab.ch)/Nutch-1.15"
85.25.177.139 - - [10/Oct/2022:15:01:44 +0200] "GET /Admin/Links?action=edit&restore=diff:1458752316:1458752287:&preview=y HTTP/1.1" 200 8611 "-" "Mozilla/5.0 (Macintosh; Intel Mac OS X 10.15; rv:103.0) Gecko/20100101 Firefox/103.0"
85.25.177.139 - - [10/Oct/2022:15:02:49 +0200] "GET /Admin/Links?action=edit&restore=diff:1233091516:1233091485:&preview=y HTTP/1.1" 200 8611 "-" "Mozilla/5.0 (Macintosh; Intel Mac OS X 10.15; rv:103.0) Gecko/20100101 Firefox/103.0"
85.25.177.139 - - [10/Oct/2022:15:03:59 +0200] "GET /Admin/Links?action=edit&restore=diff:1418662856:1361974943:&preview=y HTTP/1.1" 200 8611 "-" "Mozilla/5.0 (Macintosh; Intel Mac OS X 10.15; rv:103.0) Gecko/20100101 Firefox/103.0"
85.25.177.139 - - [10/Oct/2022:15:05:02 +0200] "GET /Admin/Links?action=edit&restore=diff:1447604686:1447604629:&preview=y HTTP/1.1" 200 8611 "-" "Mozilla/5.0 (Macintosh; Intel Mac OS X 10.15; rv:103.0) Gecko/20100101 Firefox/103.0"
65.108.0.150 - - [10/Oct/2022:15:05:44 +0200] "GET /Texte/Gloosse HTTP/1.1" 200 8061 "http://www.pro-zurituutsch.ch/" "Mozilla/5.0 (compatible; SEOkicks; +https://www.seokicks.de/robot.html)"
65.108.0.150 - - [10/Oct/2022:15:05:45 +0200] "GET /Gast/Podcast HTTP/1.1" 200 8106 "http://www.pro-zurituutsch.ch/" "Mozilla/5.0 (compatible; SEOkicks; +https://www.seokicks.de/robot.html)"
65.108.0.150 - - [10/Oct/2022:15:05:47 +0200] "GET /Gast/GNU/Emacs HTTP/1.1" 404 264 "http://www.pro-zurituutsch.ch/Gast/Podcast" "Mozilla/5.0 (compatible; SEOkicks; +https://www.seokicks.de/robot.html)"
65.108.0.150 - - [10/Oct/2022:15:05:48 +0200] "GET /Bestellen/Pschtellf HTTP/1.1" 200 11129 "http://www.pro-zurituutsch.ch/" "Mozilla/5.0 (compatible; SEOkicks; +https://www.seokicks.de/robot.html)"
65.108.0.150 - - [10/Oct/2022:15:05:50 +0200] "GET /Bestellen/GNU/Emacs HTTP/1.1" 404 264 "http://www.pro-zurituutsch.ch/Bestellen/Pschtellf" "Mozilla/5.0 (compatible; SEOkicks; +https://www.seokicks.de/robot.html)"
65.108.0.150 - - [10/Oct/2022:15:05:52 +0200] "GET /Admin/Pro-ZurituutschStatuten HTTP/1.1" 200 9580 "http://www.pro-zurituutsch.ch/" "Mozilla/5.0 (compatible; SEOkicks; +https://www.seokicks.de/robot.html)"
65.108.0.150 - - [10/Oct/2022:15:05:53 +0200] "GET /Admin/GNU/Emacs HTTP/1.1" 404 264 "http://www.pro-zurituutsch.ch/Admin/Pro-ZurituutschStatuten" "Mozilla/5.0 (compatible; SEOkicks; +https://www.seokicks.de/robot.html)"
65.108.0.150 - - [10/Oct/2022:15:05:55 +0200] "GET /Admin/AdresseStiftung HTTP/1.1" 200 8453 "http://www.pro-zurituutsch.ch/" "Mozilla/5.0 (compatible; SEOkicks; +https://www.seokicks.de/robot.html)"
65.108.0.150 - - [10/Oct/2022:15:05:56 +0200] "GET /Admin/ZurStiftung HTTP/1.1" 200 10864 "http://www.pro-zurituutsch.ch/" "Mozilla/5.0 (compatible; SEOkicks; +https://www.seokicks.de/robot.html)"
65.108.0.150 - - [10/Oct/2022:15:05:57 +0200] "GET /Admin/Links HTTP/1.1" 200 14193 "http://www.pro-zurituutsch.ch/" "Mozilla/5.0 (compatible; SEOkicks; +https://www.seokicks.de/robot.html)"
65.108.0.150 - - [10/Oct/2022:15:05:59 +0200] "GET /Hilfe/AnleitungTonbeispiele HTTP/1.1" 200 9878 "http://www.pro-zurituutsch.ch/" "Mozilla/5.0 (compatible; SEOkicks; +https://www.seokicks.de/robot.html)"
85.25.177.139 - - [10/Oct/2022:15:08:22 +0200] "GET /Admin/Links?action=edit&restore=diff:1361974943:1360601748:&preview=y HTTP/1.1" 200 8611 "-" "Mozilla/5.0 (Macintosh; Intel Mac OS X 10.15; rv:103.0) Gecko/20100101 Firefox/103.0"
85.25.177.139 - - [10/Oct/2022:15:10:20 +0200] "GET /Admin/Links?action=edit&restore=diff:1458752256:1458752239:&preview=y HTTP/1.1" 200 8611 "-" "Mozilla/5.0 (Macintosh; Intel Mac OS X 10.15; rv:103.0) Gecko/20100101 Firefox/103.0"
85.25.177.139 - - [10/Oct/2022:15:11:16 +0200] "GET /Admin/Links?action=edit&restore=diff:1231706710:1231706676:&preview=y HTTP/1.1" 200 8611 "-" "Mozilla/5.0 (Macintosh; Intel Mac OS X 10.15; rv:103.0) Gecko/20100101 Firefox/103.0"
85.25.177.139 - - [10/Oct/2022:15:12:00 +0200] "GET /Texte/Schrybwys?action=edit HTTP/1.1" 200 8621 "-" "Mozilla/5.0 (Macintosh; Intel Mac OS X 10.15; rv:103.0) Gecko/20100101 Firefox/103.0"
85.25.177.139 - - [10/Oct/2022:15:14:06 +0200] "GET /PodCast/FHrereid1?action=print HTTP/1.1" 404 2400 "-" "Mozilla/5.0 (Macintosh; Intel Mac OS X 10.15; rv:103.0) Gecko/20100101 Firefox/103.0"
85.25.177.139 - - [10/Oct/2022:15:15:54 +0200] "GET /Hilfe/Quicktime?action=edit&restore=diff:1163037724:1163037724:&preview=y HTTP/1.1" 200 8667 "-" "Mozilla/5.0 (Macintosh; Intel Mac OS X 10.15; rv:103.0) Gecko/20100101 Firefox/103.0"
85.25.177.139 - - [10/Oct/2022:15:17:35 +0200] "GET /Hilfe/Quicktime?action=diff&source=y&minor=n HTTP/1.1" 200 11113 "-" "Mozilla/5.0 (Macintosh; Intel Mac OS X 10.15; rv:103.0) Gecko/20100101 Firefox/103.0"
85.25.177.139 - - [10/Oct/2022:15:18:38 +0200] "GET /Site/72Mourte1476?action=edit&restore=diff:1247429397:1247429187:&preview=y HTTP/1.1" 200 8699 "-" "Mozilla/5.0 (Macintosh; Intel Mac OS X 10.15; rv:103.0) Gecko/20100101 Firefox/103.0"
85.25.177.139 - - [10/Oct/2022:15:19:31 +0200] "GET /Site/72Mourte1476?action=edit&restore=diff:1250007706:1247429397:&preview=y HTTP/1.1" 200 8699 "-" "Mozilla/5.0 (Macintosh; Intel Mac OS X 10.15; rv:103.0) Gecko/20100101 Firefox/103.0"
85.25.177.139 - - [10/Oct/2022:15:20:27 +0200] "GET /PodCast/Schaidig2?action=diff&source=y&minor=y HTTP/1.1" 200 27704 "-" "Mozilla/5.0 (Macintosh; Intel Mac OS X 10.15; rv:103.0) Gecko/20100101 Firefox/103.0"
85.25.177.139 - - [10/Oct/2022:15:21:56 +0200] "GET /Hilfe/Winamp?action=diff HTTP/1.1" 200 12192 "-" "Mozilla/5.0 (Macintosh; Intel Mac OS X 10.15; rv:103.0) Gecko/20100101 Firefox/103.0"
66.249.76.220 - - [10/Oct/2022:15:22:45 +0200] "GET /PodCast/IndexPage?action=rss HTTP/1.1" 200 6298 "-" "Mozilla/5.0 (compatible; Googlebot/2.1; +http://www.google.com/bot.html)"
85.25.177.139 - - [10/Oct/2022:15:23:50 +0200] "GET /PodCast/DryzaateFebrouar2011?action=diff&source=y&minor=y HTTP/1.1" 200 11242 "-" "Mozilla/5.0 (Macintosh; Intel Mac OS X 10.15; rv:103.0) Gecko/20100101 Firefox/103.0"
85.25.177.139 - - [10/Oct/2022:15:25:48 +0200] "GET /PodCast/DryzaateFebrouar2011?action=diff&source=n&minor=n HTTP/1.1" 200 11099 "-" "Mozilla/5.0 (Macintosh; Intel Mac OS X 10.15; rv:103.0) Gecko/20100101 Firefox/103.0"
54.36.148.92 - - [10/Oct/2022:15:26:08 +0200] "GET /Texte/Bitterbeuhsi HTTP/1.1" 200 9255 "-" "Mozilla/5.0 (compatible; AhrefsBot/7.0; +http://ahrefs.com/robot/)"
85.25.177.139 - - [10/Oct/2022:15:27:39 +0200] "GET /PodCast/JBJ202?action=diff&source=n&minor=y HTTP/1.1" 200 25018 "-" "Mozilla/5.0 (Macintosh; Intel Mac OS X 10.15; rv:103.0) Gecko/20100101 Firefox/103.0"
85.25.177.139 - - [10/Oct/2022:15:29:12 +0200] "GET /PodCast/JBJ202?action=edit&restore=diff:1404227219:1402591406:&preview=y HTTP/1.1" 200 8656 "-" "Mozilla/5.0 (Macintosh; Intel Mac OS X 10.15; rv:103.0) Gecko/20100101 Firefox/103.0"
85.25.177.139 - - [10/Oct/2022:15:30:56 +0200] "GET /PodCast/JBJ202?action=edit&restore=diff:1402591332:1402590972:&preview=y HTTP/1.1" 200 8656 "-" "Mozilla/5.0 (Macintosh; Intel Mac OS X 10.15; rv:103.0) Gecko/20100101 Firefox/103.0"
85.25.177.139 - - [10/Oct/2022:15:32:36 +0200] "GET /PodCast/JBJ202?action=edit&restore=diff:1404316829:1404227670:&preview=y HTTP/1.1" 200 8656 "-" "Mozilla/5.0 (Macintosh; Intel Mac OS X 10.15; rv:103.0) Gecko/20100101 Firefox/103.0"
85.25.177.139 - - [10/Oct/2022:15:34:05 +0200] "GET /PodCast/JBJ202?action=edit&restore=diff:1404227670:1404227219:&preview=y HTTP/1.1" 200 8656 "-" "Mozilla/5.0 (Macintosh; Intel Mac OS X 10.15; rv:103.0) Gecko/20100101 Firefox/103.0"
62.210.215.119 - - [10/Oct/2022:15:35:39 +0200] "GET /PodCast/IndexPage?action=rss HTTP/1.1" 200 6298 "-" "Mozilla/5.0 (X11; Linux i686) AppleWebKit/537.36 (KHTML, like Gecko) Chrome/30.0.1599.66 Safari/537.36"
85.25.177.139 - - [10/Oct/2022:15:36:04 +0200] "GET /PodCast/JBJ202?action=edit&restore=diff:1402591406:1402591332:&preview=y HTTP/1.1" 200 8656 "-" "Mozilla/5.0 (Macintosh; Intel Mac OS X 10.15; rv:103.0) Gecko/20100101 Firefox/103.0"
