85.25.177.139 - - [05/Nov/2022:13:42:36 +0100] "GET /PodCast/Resoultat?action=edit HTTP/1.1" 200 8650 "-" "Mozilla/5.0 (Macintosh; Intel Mac OS X 10.15; rv:103.0) Gecko/20100101 Firefox/103.0"
85.25.177.139 - - [05/Nov/2022:13:43:20 +0100] "GET /PodCast/Glawbessund?action=upload HTTP/1.1" 200 8578 "-" "Mozilla/5.0 (Macintosh; Intel Mac OS X 10.15; rv:103.0) Gecko/20100101 Firefox/103.0"
85.25.177.139 - - [05/Nov/2022:13:44:18 +0100] "GET /PodCast/Glawbessund?action=diff HTTP/1.1" 200 51337 "-" "Mozilla/5.0 (Macintosh; Intel Mac OS X 10.15; rv:103.0) Gecko/20100101 Firefox/103.0"
85.25.177.139 - - [05/Nov/2022:13:46:34 +0100] "GET /PodCast/Glawbessund?action=print HTTP/1.1" 200 16957 "-" "Mozilla/5.0 (Macintosh; Intel Mac OS X 10.15; rv:103.0) Gecko/20100101 Firefox/103.0"
85.25.177.139 - - [05/Nov/2022:13:48:05 +0100] "GET /Site/WGA1Begaabig HTTP/1.1" 200 17047 "-" "Mozilla/5.0 (Macintosh; Intel Mac OS X 10.15; rv:103.0) Gecko/20100101 Firefox/103.0"
77.88.5.42 - - [05/Nov/2022:13:51:36 +0100] "GET /robots.txt HTTP/1.1" 200 - "-" "Mozilla/5.0 (compatible; YandexBot/3.0; +http://yandex.com/bots)"
77.88.5.42 - - [05/Nov/2022:13:51:36 +0100] "GET /robots.txt HTTP/1.1" 200 - "-" "Mozilla/5.0 (compatible; YandexBot/3.0; +http://yandex.com/bots)"
77.88.5.42 - - [05/Nov/2022:13:51:40 +0100] "GET / HTTP/1.1" 200 15085 "-" "Mozilla/5.0 (compatible; YandexBot/3.0; +http://yandex.com/bots)"
77.88.5.42 - - [05/Nov/2022:13:51:40 +0100] "GET / HTTP/1.1" 200 15085 "-" "Mozilla/5.0 (compatible; YandexBot/3.0; +http://yandex.com/bots)"
85.25.177.139 - - [05/Nov/2022:13:51:59 +0100] "GET /PodCast/SonTt1?action=print HTTP/1.1" 404 2388 "-" "Mozilla/5.0 (Macintosh; Intel Mac OS X 10.15; rv:103.0) Gecko/20100101 Firefox/103.0"
85.25.177.139 - - [05/Nov/2022:13:54:05 +0100] "GET /PodCast/SonTt1?action=diff HTTP/1.1" 200 9173 "-" "Mozilla/5.0 (Macintosh; Intel Mac OS X 10.15; rv:103.0) Gecko/20100101 Firefox/103.0"
85.25.177.139 - - [05/Nov/2022:13:54:44 +0100] "GET /PodCast/SonTt1?action=upload HTTP/1.1" 200 8512 "-" "Mozilla/5.0 (Macintosh; Intel Mac OS X 10.15; rv:103.0) Gecko/20100101 Firefox/103.0"
85.25.177.139 - - [05/Nov/2022:13:56:13 +0100] "GET /PodCast/SpruchZ?action=print HTTP/1.1" 200 4701 "-" "Mozilla/5.0 (Macintosh; Intel Mac OS X 10.15; rv:103.0) Gecko/20100101 Firefox/103.0"
3.216.185.164 - - [05/Nov/2022:13:56:28 +0100] "GET /PodCast/IndexPage?action=rss HTTP/1.1" 200 6298 "-" "PocketCasts/1.0 (Pocket Casts Feed Parser; +http://pocketcasts.com/)"
3.90.210.80 - - [05/Nov/2022:13:57:04 +0100] "GET /PodCast/IndexPage?action=rss HTTP/1.1" 200 6298 "-" "PlayerFM/1.0 Podcast Sync (1 subscribers; url=https://player.fm/series/podcast-2872909)"
85.25.177.139 - - [05/Nov/2022:13:57:39 +0100] "GET /PodCast/SpruchZ?action=diff HTTP/1.1" 200 17628 "-" "Mozilla/5.0 (Macintosh; Intel Mac OS X 10.15; rv:103.0) Gecko/20100101 Firefox/103.0"
85.25.177.139 - - [05/Nov/2022:13:58:53 +0100] "GET /PodCast/SpruchZ?action=upload HTTP/1.1" 200 8524 "-" "Mozilla/5.0 (Macintosh; Intel Mac OS X 10.15; rv:103.0) Gecko/20100101 Firefox/103.0"
8.29.198.26 - - [05/Nov/2022:13:59:30 +0100] "GET /PodCast/IndexPage?action=rss HTTP/1.1" 200 6298 "-" "Feedly/1.0 (+http://www.feedly.com/fetcher.html; 3 subscribers; like FeedFetcher-Google)"
85.25.177.139 - - [05/Nov/2022:14:02:47 +0100] "GET /PodCast/SpruchZ?action=edit HTTP/1.1" 200 8624 "-" "Mozilla/5.0 (Macintosh; Intel Mac OS X 10.15; rv:103.0) Gecko/20100101 Firefox/103.0"
194.209.200.2 - - [05/Nov/2022:14:04:04 +0100] "GET /robots.txt HTTP/1.1" 200 - "-" "Mozilla/5.0 (compatible; TMMBot/0.2; +http://www.dslab.ch)/Nutch-1.15"
194.209.200.2 - - [05/Nov/2022:14:04:04 +0100] "GET /Admin/Jahresbericht HTTP/1.1" 200 45530 "-" "Mozilla/5.0 (compatible; TMMBot/0.2; +http://www.dslab.ch)/Nutch-1.15"
194.209.200.2 - - [05/Nov/2022:14:04:22 +0100] "GET /Texte/Limericks HTTP/1.1" 200 8087 "-" "Mozilla/5.0 (compatible; TMMBot/0.2; +http://www.dslab.ch)/Nutch-1.15"
194.209.200.2 - - [05/Nov/2022:14:04:26 +0100] "GET /Texte/Schrybwys HTTP/1.1" 200 11028 "-" "Mozilla/5.0 (compatible; TMMBot/0.2; +http://www.dslab.ch)/Nutch-1.15"
194.209.200.2 - - [05/Nov/2022:14:05:23 +0100] "GET /Texte/GDicht HTTP/1.1" 200 8050 "-" "Mozilla/5.0 (compatible; TMMBot/0.2; +http://www.dslab.ch)/Nutch-1.15"
194.209.200.2 - - [05/Nov/2022:14:06:00 +0100] "GET /Texte/Metamorphoses HTTP/1.1" 200 9045 "-" "Mozilla/5.0 (compatible; TMMBot/0.2; +http://www.dslab.ch)/Nutch-1.15"
85.25.177.139 - - [05/Nov/2022:14:06:42 +0100] "GET /PodCast/UberGebuure?action=diff HTTP/1.1" 200 18304 "-" "Mozilla/5.0 (Macintosh; Intel Mac OS X 10.15; rv:103.0) Gecko/20100101 Firefox/103.0"
85.25.177.139 - - [05/Nov/2022:14:08:50 +0100] "GET /PodCast/Wienechtsgschicht?action=diff HTTP/1.1" 200 17369 "-" "Mozilla/5.0 (Macintosh; Intel Mac OS X 10.15; rv:103.0) Gecko/20100101 Firefox/103.0"
85.25.177.139 - - [05/Nov/2022:14:09:36 +0100] "GET /PodCast/Wienechtsgschicht?action=print HTTP/1.1" 200 6246 "-" "Mozilla/5.0 (Macintosh; Intel Mac OS X 10.15; rv:103.0) Gecko/20100101 Firefox/103.0"
85.25.177.139 - - [05/Nov/2022:14:11:12 +0100] "GET /PodCast/UberGebuure?action=upload HTTP/1.1" 200 8580 "-" "Mozilla/5.0 (Macintosh; Intel Mac OS X 10.15; rv:103.0) Gecko/20100101 Firefox/103.0"
85.25.177.139 - - [05/Nov/2022:14:12:17 +0100] "GET /PodCast/Erinerig?action=print HTTP/1.1" 200 2923 "-" "Mozilla/5.0 (Macintosh; Intel Mac OS X 10.15; rv:103.0) Gecko/20100101 Firefox/103.0"
66.249.76.220 - - [05/Nov/2022:14:13:10 +0100] "GET / HTTP/1.1" 200 15085 "-" "Mozilla/5.0 (Linux; Android 6.0.1; Nexus 5X Build/MMB29P) AppleWebKit/537.36 (KHTML, like Gecko) Chrome/99.0.4844.84 Mobile Safari/537.36 (compatible; Googlebot/2.1; +http://www.google.com/bot.html)"
66.249.76.222 - - [05/Nov/2022:14:13:10 +0100] "GET / HTTP/1.1" 200 15085 "-" "Mozilla/5.0 (compatible; Googlebot/2.1; +http://www.google.com/bot.html)"
66.249.70.207 - - [05/Nov/2022:14:13:11 +0100] "GET /pub/skins/pro-zurituutsch/images/favicon.ico HTTP/1.1" 200 1406 "-" "Googlebot-Image/1.0"
66.249.70.210 - - [05/Nov/2022:14:13:11 +0100] "GET /pub/skins/pro-zurituutsch/images/favicon.ico HTTP/1.1" 200 1406 "-" "Googlebot-Image/1.0"
85.25.177.139 - - [05/Nov/2022:14:14:49 +0100] "GET /PodCast/Rucktrittstrioumpf?action=upload HTTP/1.1" 200 8676 "-" "Mozilla/5.0 (Macintosh; Intel Mac OS X 10.15; rv:103.0) Gecko/20100101 Firefox/103.0"
85.25.177.139 - - [05/Nov/2022:14:16:10 +0100] "GET /PodCast/Rucktrittstrioumpf?action=diff HTTP/1.1" 200 18052 "-" "Mozilla/5.0 (Macintosh; Intel Mac OS X 10.15; rv:103.0) Gecko/20100101 Firefox/103.0"
188.154.18.131 - - [05/Nov/2022:14:22:12 +0100] "GET / HTTP/1.1" 200 15085 "https://www.google.com/" "Mozilla/5.0 (Macintosh; Intel Mac OS X 10_15_7) AppleWebKit/537.36 (KHTML, like Gecko) Chrome/107.0.0.0 Safari/537.36"
188.154.18.131 - - [05/Nov/2022:14:22:12 +0100] "GET /pub/skins/pro-zurituutsch/gila.css HTTP/1.1" 200 10186 "http://www.pro-zurituutsch.ch/" "Mozilla/5.0 (Macintosh; Intel Mac OS X 10_15_7) AppleWebKit/537.36 (KHTML, like Gecko) Chrome/107.0.0.0 Safari/537.36"
188.154.18.131 - - [05/Nov/2022:14:22:12 +0100] "GET /uploads/Main/logo.jpg HTTP/1.1" 200 29066 "http://www.pro-zurituutsch.ch/" "Mozilla/5.0 (Macintosh; Intel Mac OS X 10_15_7) AppleWebKit/537.36 (KHTML, like Gecko) Chrome/107.0.0.0 Safari/537.36"
188.154.18.131 - - [05/Nov/2022:14:22:17 +0100] "GET / HTTP/1.1" 200 15085 "https://www.google.com/" "Mozilla/5.0 (Macintosh; Intel Mac OS X 10_15_7) AppleWebKit/537.36 (KHTML, like Gecko) Chrome/107.0.0.0 Safari/537.36"
188.154.18.131 - - [05/Nov/2022:14:22:17 +0100] "GET /pub/skins/pro-zurituutsch/images/external.png HTTP/1.1" 200 165 "http://www.pro-zurituutsch.ch/pub/skins/pro-zurituutsch/gila.css" "Mozilla/5.0 (Macintosh; Intel Mac OS X 10_15_7) AppleWebKit/537.36 (KHTML, like Gecko) Chrome/107.0.0.0 Safari/537.36"
188.154.18.131 - - [05/Nov/2022:14:22:17 +0100] "GET /pub/skins/pro-zurituutsch/images/favicon.ico HTTP/1.1" 200 1406 "http://www.pro-zurituutsch.ch/" "Mozilla/5.0 (Macintosh; Intel Mac OS X 10_15_7) AppleWebKit/537.36 (KHTML, like Gecko) Chrome/107.0.0.0 Safari/537.36"
188.154.18.131 - - [05/Nov/2022:14:22:58 +0100] "GET /Admin/ZurStiftung HTTP/1.1" 200 10864 "http://www.pro-zurituutsch.ch/" "Mozilla/5.0 (Macintosh; Intel Mac OS X 10_15_7) AppleWebKit/537.36 (KHTML, like Gecko) Chrome/107.0.0.0 Safari/537.36"
85.25.177.139 - - [05/Nov/2022:14:23:41 +0100] "GET /robots.txt HTTP/1.1" 200 - "-" "Mozilla/5.0 (Macintosh; Intel Mac OS X 10.15; rv:103.0) Gecko/20100101 Firefox/103.0"
85.25.177.139 - - [05/Nov/2022:14:23:41 +0100] "GET /PodCast/Rucktrittstrioumpf?action=diff HTTP/1.1" 200 18052 "-" "Mozilla/5.0 (Macintosh; Intel Mac OS X 10.15; rv:103.0) Gecko/20100101 Firefox/103.0"
188.154.18.131 - - [05/Nov/2022:14:24:19 +0100] "GET /Admin/Links HTTP/1.1" 200 14193 "http://www.pro-zurituutsch.ch/Admin/ZurStiftung" "Mozilla/5.0 (Macintosh; Intel Mac OS X 10_15_7) AppleWebKit/537.36 (KHTML, like Gecko) Chrome/107.0.0.0 Safari/537.36"
188.154.18.131 - - [05/Nov/2022:14:24:31 +0100] "GET /Bestellen/Pschtellf HTTP/1.1" 200 11129 "http://www.pro-zurituutsch.ch/Admin/Links" "Mozilla/5.0 (Macintosh; Intel Mac OS X 10_15_7) AppleWebKit/537.36 (KHTML, like Gecko) Chrome/107.0.0.0 Safari/537.36"
188.154.18.131 - - [05/Nov/2022:14:24:42 +0100] "GET /Admin/Links HTTP/1.1" 200 14193 "http://www.pro-zurituutsch.ch/Admin/ZurStiftung" "Mozilla/5.0 (Macintosh; Intel Mac OS X 10_15_7) AppleWebKit/537.36 (KHTML, like Gecko) Chrome/107.0.0.0 Safari/537.36"
188.154.18.131 - - [05/Nov/2022:14:24:43 +0100] "GET /Admin/ZurStiftung HTTP/1.1" 200 10864 "http://www.pro-zurituutsch.ch/" "Mozilla/5.0 (Macintosh; Intel Mac OS X 10_15_7) AppleWebKit/537.36 (KHTML, like Gecko) Chrome/107.0.0.0 Safari/537.36"
188.154.18.131 - - [05/Nov/2022:14:24:44 +0100] "GET / HTTP/1.1" 200 15085 "https://www.google.com/" "Mozilla/5.0 (Macintosh; Intel Mac OS X 10_15_7) AppleWebKit/537.36 (KHTML, like Gecko) Chrome/107.0.0.0 Safari/537.36"
85.25.177.139 - - [05/Nov/2022:14:32:17 +0100] "GET /robots.txt HTTP/1.1" 200 - "-" "Mozilla/5.0 (Macintosh; Intel Mac OS X 10.15; rv:103.0) Gecko/20100101 Firefox/103.0"
85.25.177.139 - - [05/Nov/2022:14:32:17 +0100] "GET /PodCast/Rucktrittstrioumpf?action=diff HTTP/1.1" 200 18052 "-" "Mozilla/5.0 (Macintosh; Intel Mac OS X 10.15; rv:103.0) Gecko/20100101 Firefox/103.0"
66.249.76.220 - - [05/Nov/2022:14:32:51 +0100] "GET /PodCast/IndexPage?action=rss HTTP/1.1" 200 6298 "-" "Mozilla/5.0 (compatible; Googlebot/2.1; +http://www.google.com/bot.html)"
80.148.18.172 - - [05/Nov/2022:14:33:16 +0100] "GET / HTTP/1.1" 200 15085 "-" "Mozilla/5.0 (Windows NT 10.0; Win64; x64) AppleWebKit/537.36 (KHTML, like Gecko) Chrome/99.0.4844.74 Safari/537.36"
85.25.177.139 - - [05/Nov/2022:14:34:50 +0100] "GET /PodCast/Rucktrittstrioumpf?action=print HTTP/1.1" 200 8045 "-" "Mozilla/5.0 (Macintosh; Intel Mac OS X 10.15; rv:103.0) Gecko/20100101 Firefox/103.0"
85.25.177.139 - - [05/Nov/2022:14:36:14 +0100] "GET /PodCast/Rucktrittstrioumpf?action=edit HTTP/1.1" 200 8776 "-" "Mozilla/5.0 (Macintosh; Intel Mac OS X 10.15; rv:103.0) Gecko/20100101 Firefox/103.0"
167.172.88.181 - - [05/Nov/2022:14:37:01 +0100] "GET / HTTP/1.1" 200 15085 "-" "Mozilla/5.0 (Windows NT 10.0; Win64; x64) AppleWebKit/537.36 (KHTML, like Gecko) Chrome/95.0.4638.69 Safari/537.36"
167.172.88.181 - - [05/Nov/2022:14:37:02 +0100] "GET /wp-includes/ID3/license.txt HTTP/1.1" 404 293 "-" "Mozilla/5.0 (Windows NT 10.0; Win64; x64) AppleWebKit/537.36 (KHTML, like Gecko) Chrome/95.0.4638.69 Safari/537.36"
167.172.88.181 - - [05/Nov/2022:14:37:02 +0100] "GET /feed/ HTTP/1.1" 404 271 "-" "Mozilla/5.0 (Windows NT 10.0; Win64; x64) AppleWebKit/537.36 (KHTML, like Gecko) Chrome/95.0.4638.69 Safari/537.36"
167.172.88.181 - - [05/Nov/2022:14:37:02 +0100] "GET /xmlrpc.php?rsd HTTP/1.1" 404 276 "-" "Mozilla/5.0 (Windows NT 10.0; Win64; x64) AppleWebKit/537.36 (KHTML, like Gecko) Chrome/95.0.4638.69 Safari/537.36"
167.172.88.181 - - [05/Nov/2022:14:37:02 +0100] "GET /blog/wp-includes/wlwmanifest.xml HTTP/1.1" 404 298 "-" "Mozilla/5.0 (Windows NT 10.0; Win64; x64) AppleWebKit/537.36 (KHTML, like Gecko) Chrome/95.0.4638.69 Safari/537.36"
167.172.88.181 - - [05/Nov/2022:14:37:03 +0100] "GET /web/wp-includes/wlwmanifest.xml HTTP/1.1" 404 297 "-" "Mozilla/5.0 (Windows NT 10.0; Win64; x64) AppleWebKit/537.36 (KHTML, like Gecko) Chrome/95.0.4638.69 Safari/537.36"
167.172.88.181 - - [05/Nov/2022:14:37:03 +0100] "GET /wordpress/wp-includes/wlwmanifest.xml HTTP/1.1" 404 303 "-" "Mozilla/5.0 (Windows NT 10.0; Win64; x64) AppleWebKit/537.36 (KHTML, like Gecko) Chrome/95.0.4638.69 Safari/537.36"
167.172.88.181 - - [05/Nov/2022:14:37:03 +0100] "GET /wp/wp-includes/wlwmanifest.xml HTTP/1.1" 404 296 "-" "Mozilla/5.0 (Windows NT 10.0; Win64; x64) AppleWebKit/537.36 (KHTML, like Gecko) Chrome/95.0.4638.69 Safari/537.36"
167.172.88.181 - - [05/Nov/2022:14:37:03 +0100] "GET /2020/wp-includes/wlwmanifest.xml HTTP/1.1" 404 264 "-" "Mozilla/5.0 (Windows NT 10.0; Win64; x64) AppleWebKit/537.36 (KHTML, like Gecko) Chrome/95.0.4638.69 Safari/537.36"
167.172.88.181 - - [05/Nov/2022:14:37:03 +0100] "GET /2019/wp-includes/wlwmanifest.xml HTTP/1.1" 404 264 "-" "Mozilla/5.0 (Windows NT 10.0; Win64; x64) AppleWebKit/537.36 (KHTML, like Gecko) Chrome/95.0.4638.69 Safari/537.36"
167.172.88.181 - - [05/Nov/2022:14:37:04 +0100] "GET /2021/wp-includes/wlwmanifest.xml HTTP/1.1" 404 264 "-" "Mozilla/5.0 (Windows NT 10.0; Win64; x64) AppleWebKit/537.36 (KHTML, like Gecko) Chrome/95.0.4638.69 Safari/537.36"
167.172.88.181 - - [05/Nov/2022:14:37:04 +0100] "GET /shop/wp-includes/wlwmanifest.xml HTTP/1.1" 404 298 "-" "Mozilla/5.0 (Windows NT 10.0; Win64; x64) AppleWebKit/537.36 (KHTML, like Gecko) Chrome/95.0.4638.69 Safari/537.36"
167.172.88.181 - - [05/Nov/2022:14:37:04 +0100] "GET /wp1/wp-includes/wlwmanifest.xml HTTP/1.1" 404 297 "-" "Mozilla/5.0 (Windows NT 10.0; Win64; x64) AppleWebKit/537.36 (KHTML, like Gecko) Chrome/95.0.4638.69 Safari/537.36"
167.172.88.181 - - [05/Nov/2022:14:37:04 +0100] "GET /test/wp-includes/wlwmanifest.xml HTTP/1.1" 404 298 "-" "Mozilla/5.0 (Windows NT 10.0; Win64; x64) AppleWebKit/537.36 (KHTML, like Gecko) Chrome/95.0.4638.69 Safari/537.36"
167.172.88.181 - - [05/Nov/2022:14:37:04 +0100] "GET /site/wp-includes/wlwmanifest.xml HTTP/1.1" 404 298 "-" "Mozilla/5.0 (Windows NT 10.0; Win64; x64) AppleWebKit/537.36 (KHTML, like Gecko) Chrome/95.0.4638.69 Safari/537.36"
167.172.88.181 - - [05/Nov/2022:14:37:04 +0100] "GET /cms/wp-includes/wlwmanifest.xml HTTP/1.1" 404 297 "-" "Mozilla/5.0 (Windows NT 10.0; Win64; x64) AppleWebKit/537.36 (KHTML, like Gecko) Chrome/95.0.4638.69 Safari/537.36"
194.209.200.2 - - [05/Nov/2022:14:37:25 +0100] "GET /robots.txt HTTP/1.1" 200 - "-" "Mozilla/5.0 (compatible; TMMBot/0.2; +http://www.dslab.ch)/Nutch-1.15"
194.209.200.2 - - [05/Nov/2022:14:37:25 +0100] "GET /Admin/Jahresbericht HTTP/1.1" 200 45530 "-" "Mozilla/5.0 (compatible; TMMBot/0.2; +http://www.dslab.ch)/Nutch-1.15"
194.209.200.2 - - [05/Nov/2022:14:37:43 +0100] "GET /Texte/Limericks HTTP/1.1" 200 8087 "-" "Mozilla/5.0 (compatible; TMMBot/0.2; +http://www.dslab.ch)/Nutch-1.15"
85.25.177.139 - - [05/Nov/2022:14:37:46 +0100] "GET /PodCast/Wienechtsgschicht?action=edit HTTP/1.1" 200 8762 "-" "Mozilla/5.0 (Macintosh; Intel Mac OS X 10.15; rv:103.0) Gecko/20100101 Firefox/103.0"
194.209.200.2 - - [05/Nov/2022:14:37:47 +0100] "GET /Texte/Schrybwys HTTP/1.1" 200 11028 "-" "Mozilla/5.0 (compatible; TMMBot/0.2; +http://www.dslab.ch)/Nutch-1.15"
85.25.177.139 - - [05/Nov/2022:14:38:39 +0100] "GET /PodCast/Wienechtsgschicht?action=upload HTTP/1.1" 200 8662 "-" "Mozilla/5.0 (Macintosh; Intel Mac OS X 10.15; rv:103.0) Gecko/20100101 Firefox/103.0"
194.209.200.2 - - [05/Nov/2022:14:38:46 +0100] "GET /Texte/GDicht HTTP/1.1" 200 8050 "-" "Mozilla/5.0 (compatible; TMMBot/0.2; +http://www.dslab.ch)/Nutch-1.15"
194.209.200.2 - - [05/Nov/2022:14:39:21 +0100] "GET /Texte/Metamorphoses HTTP/1.1" 200 9045 "-" "Mozilla/5.0 (compatible; TMMBot/0.2; +http://www.dslab.ch)/Nutch-1.15"
85.25.177.139 - - [05/Nov/2022:14:40:05 +0100] "GET /Site/WGA4Gglinge?action=diff HTTP/1.1" 200 21902 "-" "Mozilla/5.0 (Macintosh; Intel Mac OS X 10.15; rv:103.0) Gecko/20100101 Firefox/103.0"
85.25.177.139 - - [05/Nov/2022:14:42:42 +0100] "GET /Site/WGA4Gglinge?action=upload HTTP/1.1" 200 8539 "-" "Mozilla/5.0 (Macintosh; Intel Mac OS X 10.15; rv:103.0) Gecko/20100101 Firefox/103.0"
85.25.177.139 - - [05/Nov/2022:14:43:24 +0100] "GET /Site/WGA4Gglinge?action=print HTTP/1.1" 200 12793 "-" "Mozilla/5.0 (Macintosh; Intel Mac OS X 10.15; rv:103.0) Gecko/20100101 Firefox/103.0"
85.25.177.139 - - [05/Nov/2022:14:54:27 +0100] "GET /robots.txt HTTP/1.1" 200 - "-" "Mozilla/5.0 (Macintosh; Intel Mac OS X 10.15; rv:103.0) Gecko/20100101 Firefox/103.0"
85.25.177.139 - - [05/Nov/2022:14:54:28 +0100] "GET /Site/WGA4Gglinge?action=print HTTP/1.1" 200 12793 "-" "Mozilla/5.0 (Macintosh; Intel Mac OS X 10.15; rv:103.0) Gecko/20100101 Firefox/103.0"
85.25.177.139 - - [05/Nov/2022:14:56:59 +0100] "GET /Site/WGA4Gglinge?action=edit HTTP/1.1" 200 8639 "-" "Mozilla/5.0 (Macintosh; Intel Mac OS X 10.15; rv:103.0) Gecko/20100101 Firefox/103.0"
85.25.177.139 - - [05/Nov/2022:14:59:04 +0100] "GET /PodCast/Rezmebeforeyou?action=diff HTTP/1.1" 200 13232 "-" "Mozilla/5.0 (Macintosh; Intel Mac OS X 10.15; rv:103.0) Gecko/20100101 Firefox/103.0"
66.249.70.204 - - [05/Nov/2022:15:00:29 +0100] "GET /PodCast/IndexPage?action=rss HTTP/1.1" 200 6298 "-" "Mozilla/5.0 (compatible; Googlebot/2.1; +http://www.google.com/bot.html)"
85.25.177.139 - - [05/Nov/2022:15:01:13 +0100] "GET /PodCast/Rezmebeforeyou?action=print HTTP/1.1" 200 4364 "-" "Mozilla/5.0 (Macintosh; Intel Mac OS X 10.15; rv:103.0) Gecko/20100101 Firefox/103.0"
85.25.177.139 - - [05/Nov/2022:15:03:20 +0100] "GET /PodCast/Rezmebeforeyou?action=upload HTTP/1.1" 200 8620 "-" "Mozilla/5.0 (Macintosh; Intel Mac OS X 10.15; rv:103.0) Gecko/20100101 Firefox/103.0"
20.106.28.17 - - [05/Nov/2022:15:04:58 +0100] "GET /uploads/Texte/ars2.jpg HTTP/1.1" 200 22694 "http://www.pro-zurituutsch.ch/uploads/Texte" "Mozilla/5.0 (iPhone; CPU iPhone OS 13_5_1 like Mac OS X) AppleWebKit/605.1.15 (KHTML, like Gecko) Version/13.1.1 Mobile/15E148 Safari/604.1"
85.25.177.139 - - [05/Nov/2022:15:05:18 +0100] "GET /PodCast/Rezmebeforeyou?action=edit HTTP/1.1" 200 8720 "-" "Mozilla/5.0 (Macintosh; Intel Mac OS X 10.15; rv:103.0) Gecko/20100101 Firefox/103.0"
85.25.177.139 - - [05/Nov/2022:15:07:08 +0100] "GET /PodCast/Fanatiker?action=print HTTP/1.1" 200 3077 "-" "Mozilla/5.0 (Macintosh; Intel Mac OS X 10.15; rv:103.0) Gecko/20100101 Firefox/103.0"
194.209.200.2 - - [05/Nov/2022:15:07:39 +0100] "GET /robots.txt HTTP/1.1" 200 - "-" "Mozilla/5.0 (compatible; TMMBot/0.2; +http://www.dslab.ch)/Nutch-1.15"
194.209.200.2 - - [05/Nov/2022:15:07:39 +0100] "GET /Admin/Jahresbericht HTTP/1.1" 200 45530 "-" "Mozilla/5.0 (compatible; TMMBot/0.2; +http://www.dslab.ch)/Nutch-1.15"
194.209.200.2 - - [05/Nov/2022:15:07:56 +0100] "GET /Texte/Limericks HTTP/1.1" 200 8087 "-" "Mozilla/5.0 (compatible; TMMBot/0.2; +http://www.dslab.ch)/Nutch-1.15"
194.209.200.2 - - [05/Nov/2022:15:08:00 +0100] "GET /Texte/Schrybwys HTTP/1.1" 200 11028 "-" "Mozilla/5.0 (compatible; TMMBot/0.2; +http://www.dslab.ch)/Nutch-1.15"
194.209.200.2 - - [05/Nov/2022:15:08:59 +0100] "GET /Texte/GDicht HTTP/1.1" 200 8050 "-" "Mozilla/5.0 (compatible; TMMBot/0.2; +http://www.dslab.ch)/Nutch-1.15"
85.25.177.139 - - [05/Nov/2022:15:09:00 +0100] "GET /PodCast/Fanatiker?action=upload HTTP/1.1" 200 8550 "-" "Mozilla/5.0 (Macintosh; Intel Mac OS X 10.15; rv:103.0) Gecko/20100101 Firefox/103.0"
194.209.200.2 - - [05/Nov/2022:15:09:37 +0100] "GET /Texte/Metamorphoses HTTP/1.1" 200 9045 "-" "Mozilla/5.0 (compatible; TMMBot/0.2; +http://www.dslab.ch)/Nutch-1.15"
85.25.177.139 - - [05/Nov/2022:15:10:32 +0100] "GET /PodCast/Fanatiker?action=diff HTTP/1.1" 200 12413 "-" "Mozilla/5.0 (Macintosh; Intel Mac OS X 10.15; rv:103.0) Gecko/20100101 Firefox/103.0"
85.25.177.139 - - [05/Nov/2022:15:11:22 +0100] "GET /PodCast/Apvantyv?action=upload HTTP/1.1" 200 8536 "-" "Mozilla/5.0 (Macintosh; Intel Mac OS X 10.15; rv:103.0) Gecko/20100101 Firefox/103.0"
85.25.177.139 - - [05/Nov/2022:15:13:30 +0100] "GET /PodCast/Apvantyv?action=diff HTTP/1.1" 200 13542 "-" "Mozilla/5.0 (Macintosh; Intel Mac OS X 10.15; rv:103.0) Gecko/20100101 Firefox/103.0"
85.25.177.139 - - [05/Nov/2022:15:15:12 +0100] "GET /PodCast/Apvantyv?action=edit HTTP/1.1" 200 8636 "-" "Mozilla/5.0 (Macintosh; Intel Mac OS X 10.15; rv:103.0) Gecko/20100101 Firefox/103.0"
85.25.177.139 - - [05/Nov/2022:15:15:51 +0100] "GET /PodCast/Falschmaldig?action=edit HTTP/1.1" 200 8692 "-" "Mozilla/5.0 (Macintosh; Intel Mac OS X 10.15; rv:103.0) Gecko/20100101 Firefox/103.0"
85.25.177.139 - - [05/Nov/2022:15:16:32 +0100] "GET /PodCast/Falschmaldig?action=diff HTTP/1.1" 200 13726 "-" "Mozilla/5.0 (Macintosh; Intel Mac OS X 10.15; rv:103.0) Gecko/20100101 Firefox/103.0"
85.25.177.139 - - [05/Nov/2022:15:17:28 +0100] "GET /PodCast/Falschmaldig?action=upload HTTP/1.1" 200 8592 "-" "Mozilla/5.0 (Macintosh; Intel Mac OS X 10.15; rv:103.0) Gecko/20100101 Firefox/103.0"
85.25.177.139 - - [05/Nov/2022:15:18:52 +0100] "GET /PodCast/Falschmaldig?action=print HTTP/1.1" 200 5248 "-" "Mozilla/5.0 (Macintosh; Intel Mac OS X 10.15; rv:103.0) Gecko/20100101 Firefox/103.0"
85.25.177.139 - - [05/Nov/2022:15:20:09 +0100] "GET /PodCast/Eenlichkait?action=print HTTP/1.1" 200 6696 "-" "Mozilla/5.0 (Macintosh; Intel Mac OS X 10.15; rv:103.0) Gecko/20100101 Firefox/103.0"
85.25.177.139 - - [05/Nov/2022:15:21:59 +0100] "GET /PodCast/Eenlichkait?action=edit HTTP/1.1" 200 8678 "-" "Mozilla/5.0 (Macintosh; Intel Mac OS X 10.15; rv:103.0) Gecko/20100101 Firefox/103.0"
85.25.177.139 - - [05/Nov/2022:15:23:12 +0100] "GET /PodCast/Eenlichkait?action=diff HTTP/1.1" 200 15163 "-" "Mozilla/5.0 (Macintosh; Intel Mac OS X 10.15; rv:103.0) Gecko/20100101 Firefox/103.0"
85.25.177.139 - - [05/Nov/2022:15:25:00 +0100] "GET /PodCast/Eenlichkait?action=upload HTTP/1.1" 200 8578 "-" "Mozilla/5.0 (Macintosh; Intel Mac OS X 10.15; rv:103.0) Gecko/20100101 Firefox/103.0"
85.25.177.139 - - [05/Nov/2022:15:26:55 +0100] "GET /PodCast/Limerick27?action=upload HTTP/1.1" 200 8566 "-" "Mozilla/5.0 (Macintosh; Intel Mac OS X 10.15; rv:103.0) Gecko/20100101 Firefox/103.0"
85.25.177.139 - - [05/Nov/2022:15:29:25 +0100] "GET /PodCast/Limerick27?action=diff HTTP/1.1" 200 13466 "-" "Mozilla/5.0 (Macintosh; Intel Mac OS X 10.15; rv:103.0) Gecko/20100101 Firefox/103.0"
85.25.177.139 - - [05/Nov/2022:15:30:45 +0100] "GET /PodCast/Limerick27?action=edit HTTP/1.1" 200 8666 "-" "Mozilla/5.0 (Macintosh; Intel Mac OS X 10.15; rv:103.0) Gecko/20100101 Firefox/103.0"
66.249.70.204 - - [05/Nov/2022:15:32:28 +0100] "GET /PodCast/IndexPage?action=rss HTTP/1.1" 200 6298 "-" "Mozilla/5.0 (compatible; Googlebot/2.1; +http://www.google.com/bot.html)"
85.25.177.139 - - [05/Nov/2022:15:32:36 +0100] "GET /PodCast/Limerick30?action=edit HTTP/1.1" 200 8666 "-" "Mozilla/5.0 (Macintosh; Intel Mac OS X 10.15; rv:103.0) Gecko/20100101 Firefox/103.0"
85.25.177.139 - - [05/Nov/2022:15:35:26 +0100] "GET /PodCast/Limerick30?action=print HTTP/1.1" 200 2884 "-" "Mozilla/5.0 (Macintosh; Intel Mac OS X 10.15; rv:103.0) Gecko/20100101 Firefox/103.0"
85.25.177.139 - - [05/Nov/2022:15:37:01 +0100] "GET /PodCast/Limerick30?action=diff HTTP/1.1" 200 12047 "-" "Mozilla/5.0 (Macintosh; Intel Mac OS X 10.15; rv:103.0) Gecko/20100101 Firefox/103.0"
85.25.177.139 - - [05/Nov/2022:15:39:07 +0100] "GET /PodCast/Limerick30?action=upload HTTP/1.1" 200 8566 "-" "Mozilla/5.0 (Macintosh; Intel Mac OS X 10.15; rv:103.0) Gecko/20100101 Firefox/103.0"
85.25.177.139 - - [05/Nov/2022:15:40:41 +0100] "GET /PodCast/Griechestroom?action=diff HTTP/1.1" 200 15182 "-" "Mozilla/5.0 (Macintosh; Intel Mac OS X 10.15; rv:103.0) Gecko/20100101 Firefox/103.0"
3.216.185.164 - - [05/Nov/2022:15:41:26 +0100] "GET /PodCast/IndexPage?action=rss HTTP/1.1" 200 6298 "-" "PocketCasts/1.0 (Pocket Casts Feed Parser; +http://pocketcasts.com/)"
85.25.177.139 - - [05/Nov/2022:15:42:58 +0100] "GET /PodCast/Griechestroom?action=edit HTTP/1.1" 200 8706 "-" "Mozilla/5.0 (Macintosh; Intel Mac OS X 10.15; rv:103.0) Gecko/20100101 Firefox/103.0"
85.25.177.139 - - [05/Nov/2022:15:44:54 +0100] "GET /PodCast/Griechestroom?action=print HTTP/1.1" 200 6555 "-" "Mozilla/5.0 (Macintosh; Intel Mac OS X 10.15; rv:103.0) Gecko/20100101 Firefox/103.0"
194.209.200.2 - - [05/Nov/2022:15:45:04 +0100] "GET /robots.txt HTTP/1.1" 200 - "-" "Mozilla/5.0 (compatible; TMMBot/0.2; +http://www.dslab.ch)/Nutch-1.15"
194.209.200.2 - - [05/Nov/2022:15:45:04 +0100] "GET /Admin/Jahresbericht HTTP/1.1" 200 45530 "-" "Mozilla/5.0 (compatible; TMMBot/0.2; +http://www.dslab.ch)/Nutch-1.15"
194.209.200.2 - - [05/Nov/2022:15:45:24 +0100] "GET /Texte/Limericks HTTP/1.1" 200 8087 "-" "Mozilla/5.0 (compatible; TMMBot/0.2; +http://www.dslab.ch)/Nutch-1.15"
194.209.200.2 - - [05/Nov/2022:15:45:28 +0100] "GET /Texte/Schrybwys HTTP/1.1" 200 11028 "-" "Mozilla/5.0 (compatible; TMMBot/0.2; +http://www.dslab.ch)/Nutch-1.15"
194.209.200.2 - - [05/Nov/2022:15:46:25 +0100] "GET /Texte/GDicht HTTP/1.1" 200 8050 "-" "Mozilla/5.0 (compatible; TMMBot/0.2; +http://www.dslab.ch)/Nutch-1.15"
85.25.177.139 - - [05/Nov/2022:15:46:27 +0100] "GET /PodCast/Griechestroom?action=upload HTTP/1.1" 200 8606 "-" "Mozilla/5.0 (Macintosh; Intel Mac OS X 10.15; rv:103.0) Gecko/20100101 Firefox/103.0"
194.209.200.2 - - [05/Nov/2022:15:47:01 +0100] "GET /Texte/Metamorphoses HTTP/1.1" 200 9045 "-" "Mozilla/5.0 (compatible; TMMBot/0.2; +http://www.dslab.ch)/Nutch-1.15"
85.25.177.139 - - [05/Nov/2022:15:48:17 +0100] "GET /PodCast/JBJ502?action=print HTTP/1.1" 200 15672 "-" "Mozilla/5.0 (Macintosh; Intel Mac OS X 10.15; rv:103.0) Gecko/20100101 Firefox/103.0"
85.25.177.139 - - [05/Nov/2022:15:49:03 +0100] "GET /PodCast/JBJ502?action=diff HTTP/1.1" 200 26900 "-" "Mozilla/5.0 (Macintosh; Intel Mac OS X 10.15; rv:103.0) Gecko/20100101 Firefox/103.0"
85.25.177.139 - - [05/Nov/2022:15:50:43 +0100] "GET /PodCast/JBJ502?action=upload HTTP/1.1" 200 8510 "-" "Mozilla/5.0 (Macintosh; Intel Mac OS X 10.15; rv:103.0) Gecko/20100101 Firefox/103.0"
85.25.177.139 - - [05/Nov/2022:15:52:37 +0100] "GET /PodCast/JBJ502?action=edit HTTP/1.1" 200 8610 "-" "Mozilla/5.0 (Macintosh; Intel Mac OS X 10.15; rv:103.0) Gecko/20100101 Firefox/103.0"
85.25.177.139 - - [05/Nov/2022:15:55:37 +0100] "GET /PodCast/Limerick911?action=diff HTTP/1.1" 200 13460 "-" "Mozilla/5.0 (Macintosh; Intel Mac OS X 10.15; rv:103.0) Gecko/20100101 Firefox/103.0"
85.25.177.139 - - [05/Nov/2022:15:56:30 +0100] "GET /PodCast/Limerick911?action=edit HTTP/1.1" 200 8680 "-" "Mozilla/5.0 (Macintosh; Intel Mac OS X 10.15; rv:103.0) Gecko/20100101 Firefox/103.0"
85.25.177.139 - - [05/Nov/2022:15:56:51 +0100] "GET /Site/171AmStadelhofe?action=upload HTTP/1.1" 200 8595 "-" "Mozilla/5.0 (Macintosh; Intel Mac OS X 10.15; rv:103.0) Gecko/20100101 Firefox/103.0"
66.249.76.222 - - [05/Nov/2022:15:57:48 +0100] "GET /Main/Home HTTP/1.1" 200 15085 "-" "Mozilla/5.0 (Linux; Android 6.0.1; Nexus 5X Build/MMB29P) AppleWebKit/537.36 (KHTML, like Gecko) Chrome/106.0.5249.119 Mobile Safari/537.36 (compatible; Googlebot/2.1; +http://www.google.com/bot.html)"
85.25.177.139 - - [05/Nov/2022:15:58:58 +0100] "GET /PodCast/RURAkt1TIl5?action=upload HTTP/1.1" 200 8588 "-" "Mozilla/5.0 (Macintosh; Intel Mac OS X 10.15; rv:103.0) Gecko/20100101 Firefox/103.0"
168.119.51.163 - - [05/Nov/2022:15:59:29 +0100] "GET /robots.txt HTTP/1.1" 200 - "-" "Mozilla/5.0 (compatible; um-IC/1.0; mailto: techinfo@ubermetrics-technologies.com; Windows NT 6.1; WOW64; rv:40.0) Gecko/20100101 Firefox/40.1"
168.119.51.163 - - [05/Nov/2022:15:59:29 +0100] "GET /PodCast/IndexPage?action=rss HTTP/1.1" 200 6298 "-" "Mozilla/5.0 (compatible; um-IC/1.0; mailto: techinfo@ubermetrics-technologies.com; Windows NT 6.1; WOW64; rv:40.0) Gecko/20100101 Firefox/40.1"
85.25.177.139 - - [05/Nov/2022:15:59:44 +0100] "GET /PodCast/RURAkt1TIl5?action=diff HTTP/1.1" 200 23358 "-" "Mozilla/5.0 (Macintosh; Intel Mac OS X 10.15; rv:103.0) Gecko/20100101 Firefox/103.0"
85.25.177.139 - - [05/Nov/2022:16:02:33 +0100] "GET /PodCast/RURAkt1TIl5?action=print HTTP/1.1" 200 13114 "-" "Mozilla/5.0 (Macintosh; Intel Mac OS X 10.15; rv:103.0) Gecko/20100101 Firefox/103.0"
85.25.177.139 - - [05/Nov/2022:16:03:49 +0100] "GET /PodCast/RURAkt1TIl5?action=edit HTTP/1.1" 200 8688 "-" "Mozilla/5.0 (Macintosh; Intel Mac OS X 10.15; rv:103.0) Gecko/20100101 Firefox/103.0"
85.25.177.139 - - [05/Nov/2022:16:05:25 +0100] "GET /Site/200Quellen?action=upload HTTP/1.1" 200 8523 "-" "Mozilla/5.0 (Macintosh; Intel Mac OS X 10.15; rv:103.0) Gecko/20100101 Firefox/103.0"
85.25.177.139 - - [05/Nov/2022:16:06:17 +0100] "GET /Site/200Quellen?action=edit HTTP/1.1" 200 8623 "-" "Mozilla/5.0 (Macintosh; Intel Mac OS X 10.15; rv:103.0) Gecko/20100101 Firefox/103.0"
85.25.177.139 - - [05/Nov/2022:16:06:55 +0100] "GET /Site/200Quellen?action=diff HTTP/1.1" 200 23494 "-" "Mozilla/5.0 (Macintosh; Intel Mac OS X 10.15; rv:103.0) Gecko/20100101 Firefox/103.0"
85.25.177.139 - - [05/Nov/2022:16:07:47 +0100] "GET /Site/200Quellen?action=print HTTP/1.1" 200 8216 "-" "Mozilla/5.0 (Macintosh; Intel Mac OS X 10.15; rv:103.0) Gecko/20100101 Firefox/103.0"
85.25.177.139 - - [05/Nov/2022:16:08:43 +0100] "GET /PodCast/Limerick911?action=print HTTP/1.1" 200 3548 "-" "Mozilla/5.0 (Macintosh; Intel Mac OS X 10.15; rv:103.0) Gecko/20100101 Firefox/103.0"
85.25.177.139 - - [05/Nov/2022:16:09:20 +0100] "GET /PodCast/Limerick911?action=upload HTTP/1.1" 200 8580 "-" "Mozilla/5.0 (Macintosh; Intel Mac OS X 10.15; rv:103.0) Gecko/20100101 Firefox/103.0"
85.25.177.139 - - [05/Nov/2022:16:10:02 +0100] "GET /Site/171AmStadelhofe?action=diff HTTP/1.1" 200 34487 "-" "Mozilla/5.0 (Macintosh; Intel Mac OS X 10.15; rv:103.0) Gecko/20100101 Firefox/103.0"
85.25.177.139 - - [05/Nov/2022:16:11:17 +0100] "GET /Site/171AmStadelhofe?action=print HTTP/1.1" 200 21986 "-" "Mozilla/5.0 (Macintosh; Intel Mac OS X 10.15; rv:103.0) Gecko/20100101 Firefox/103.0"
85.25.177.139 - - [05/Nov/2022:16:12:13 +0100] "GET /Site/Tessynfaart?action=edit HTTP/1.1" 200 8635 "-" "Mozilla/5.0 (Macintosh; Intel Mac OS X 10.15; rv:103.0) Gecko/20100101 Firefox/103.0"
85.25.177.139 - - [05/Nov/2022:16:13:09 +0100] "GET /Site/Tessynfaart?action=diff HTTP/1.1" 200 24015 "-" "Mozilla/5.0 (Macintosh; Intel Mac OS X 10.15; rv:103.0) Gecko/20100101 Firefox/103.0"
194.209.200.2 - - [05/Nov/2022:16:13:51 +0100] "GET /robots.txt HTTP/1.1" 200 - "-" "Mozilla/5.0 (compatible; TMMBot/0.2; +http://www.dslab.ch)/Nutch-1.15"
194.209.200.2 - - [05/Nov/2022:16:13:51 +0100] "GET /Admin/Jahresbericht HTTP/1.1" 200 45530 "-" "Mozilla/5.0 (compatible; TMMBot/0.2; +http://www.dslab.ch)/Nutch-1.15"
194.209.200.2 - - [05/Nov/2022:16:14:13 +0100] "GET /Texte/Limericks HTTP/1.1" 200 8087 "-" "Mozilla/5.0 (compatible; TMMBot/0.2; +http://www.dslab.ch)/Nutch-1.15"
85.25.177.139 - - [05/Nov/2022:16:14:14 +0100] "GET /Site/Tessynfaart?action=upload HTTP/1.1" 200 8535 "-" "Mozilla/5.0 (Macintosh; Intel Mac OS X 10.15; rv:103.0) Gecko/20100101 Firefox/103.0"
194.209.200.2 - - [05/Nov/2022:16:14:17 +0100] "GET /Texte/Schrybwys HTTP/1.1" 200 11028 "-" "Mozilla/5.0 (compatible; TMMBot/0.2; +http://www.dslab.ch)/Nutch-1.15"
194.209.200.2 - - [05/Nov/2022:16:15:17 +0100] "GET /Texte/GDicht HTTP/1.1" 200 8050 "-" "Mozilla/5.0 (compatible; TMMBot/0.2; +http://www.dslab.ch)/Nutch-1.15"
85.25.177.139 - - [05/Nov/2022:16:15:31 +0100] "GET /Site/Tessynfaart?action=print HTTP/1.1" 200 11049 "-" "Mozilla/5.0 (Macintosh; Intel Mac OS X 10.15; rv:103.0) Gecko/20100101 Firefox/103.0"
194.209.200.2 - - [05/Nov/2022:16:15:56 +0100] "GET /Texte/Metamorphoses HTTP/1.1" 200 9045 "-" "Mozilla/5.0 (compatible; TMMBot/0.2; +http://www.dslab.ch)/Nutch-1.15"
85.25.177.139 - - [05/Nov/2022:16:16:52 +0100] "GET /Site/PodCast?action=diff HTTP/1.1" 200 219924 "-" "Mozilla/5.0 (Macintosh; Intel Mac OS X 10.15; rv:103.0) Gecko/20100101 Firefox/103.0"
85.25.177.139 - - [05/Nov/2022:16:18:47 +0100] "GET /Site/PodCast?action=upload HTTP/1.1" 200 8481 "-" "Mozilla/5.0 (Macintosh; Intel Mac OS X 10.15; rv:103.0) Gecko/20100101 Firefox/103.0"
85.25.177.139 - - [05/Nov/2022:16:19:49 +0100] "GET /Site/123Sitkouscht1482?action=diff HTTP/1.1" 200 20045 "-" "Mozilla/5.0 (Macintosh; Intel Mac OS X 10.15; rv:103.0) Gecko/20100101 Firefox/103.0"
85.25.177.139 - - [05/Nov/2022:16:20:41 +0100] "GET /Site/123Sitkouscht1482?action=upload HTTP/1.1" 200 8623 "-" "Mozilla/5.0 (Macintosh; Intel Mac OS X 10.15; rv:103.0) Gecko/20100101 Firefox/103.0"
85.25.177.139 - - [05/Nov/2022:16:21:35 +0100] "GET /Site/123Sitkouscht1482?action=print HTTP/1.1" 200 9665 "-" "Mozilla/5.0 (Macintosh; Intel Mac OS X 10.15; rv:103.0) Gecko/20100101 Firefox/103.0"
85.25.177.139 - - [05/Nov/2022:16:22:56 +0100] "GET /Site/123Sitkouscht1482?action=edit HTTP/1.1" 200 8723 "-" "Mozilla/5.0 (Macintosh; Intel Mac OS X 10.15; rv:103.0) Gecko/20100101 Firefox/103.0"
85.25.177.139 - - [05/Nov/2022:16:24:55 +0100] "GET /Site/141TaagsatzigIV1484?action=diff HTTP/1.1" 200 25699 "-" "Mozilla/5.0 (Macintosh; Intel Mac OS X 10.15; rv:103.0) Gecko/20100101 Firefox/103.0"
85.25.177.139 - - [05/Nov/2022:16:26:53 +0100] "GET /Site/141TaagsatzigIV1484?action=upload HTTP/1.1" 200 8653 "-" "Mozilla/5.0 (Macintosh; Intel Mac OS X 10.15; rv:103.0) Gecko/20100101 Firefox/103.0"
85.25.177.139 - - [05/Nov/2022:16:27:50 +0100] "GET /Site/141TaagsatzigIV1484?action=print HTTP/1.1" 200 12418 "-" "Mozilla/5.0 (Macintosh; Intel Mac OS X 10.15; rv:103.0) Gecko/20100101 Firefox/103.0"
85.25.177.139 - - [05/Nov/2022:16:31:01 +0100] "GET /PodCast/SprChlaage?action=upload HTTP/1.1" 200 8566 "-" "Mozilla/5.0 (Macintosh; Intel Mac OS X 10.15; rv:103.0) Gecko/20100101 Firefox/103.0"
85.25.177.139 - - [05/Nov/2022:16:33:19 +0100] "GET /PodCast/SprChlaage?action=edit HTTP/1.1" 200 8666 "-" "Mozilla/5.0 (Macintosh; Intel Mac OS X 10.15; rv:103.0) Gecko/20100101 Firefox/103.0"
85.25.177.139 - - [05/Nov/2022:16:34:58 +0100] "GET /PodCast/SprChlaage?action=print HTTP/1.1" 200 7872 "-" "Mozilla/5.0 (Macintosh; Intel Mac OS X 10.15; rv:103.0) Gecko/20100101 Firefox/103.0"
85.25.177.139 - - [05/Nov/2022:16:37:04 +0100] "GET /PodCast/SprChlaage?action=diff HTTP/1.1" 200 17688 "-" "Mozilla/5.0 (Macintosh; Intel Mac OS X 10.15; rv:103.0) Gecko/20100101 Firefox/103.0"
85.25.177.139 - - [05/Nov/2022:16:38:00 +0100] "GET /PodCast/JBJ302?action=edit&restore=diff:1409496383:1406908280:&preview=y HTTP/1.1" 200 8656 "-" "Mozilla/5.0 (Macintosh; Intel Mac OS X 10.15; rv:103.0) Gecko/20100101 Firefox/103.0"
66.249.70.204 - - [05/Nov/2022:16:38:16 +0100] "GET /PodCast/IndexPage?action=rss HTTP/1.1" 200 6298 "-" "Mozilla/5.0 (compatible; Googlebot/2.1; +http://www.google.com/bot.html)"
85.25.177.139 - - [05/Nov/2022:16:39:37 +0100] "GET /PodCast/JBJ302?action=edit&restore=diff:1406907845:1406907845:&preview=y HTTP/1.1" 200 8656 "-" "Mozilla/5.0 (Macintosh; Intel Mac OS X 10.15; rv:103.0) Gecko/20100101 Firefox/103.0"
85.25.177.139 - - [05/Nov/2022:16:40:29 +0100] "GET /PodCast/JBJ302?action=diff&source=n&minor=y HTTP/1.1" 200 19112 "-" "Mozilla/5.0 (Macintosh; Intel Mac OS X 10.15; rv:103.0) Gecko/20100101 Firefox/103.0"
85.25.177.139 - - [05/Nov/2022:16:41:55 +0100] "GET /PodCast/JBJ302?action=diff&source=y&minor=n HTTP/1.1" 200 18711 "-" "Mozilla/5.0 (Macintosh; Intel Mac OS X 10.15; rv:103.0) Gecko/20100101 Firefox/103.0"
85.25.177.139 - - [05/Nov/2022:16:42:58 +0100] "GET /PodCast/JBJ302?action=edit&restore=diff:1406908187:1406907845:&preview=y HTTP/1.1" 200 8656 "-" "Mozilla/5.0 (Macintosh; Intel Mac OS X 10.15; rv:103.0) Gecko/20100101 Firefox/103.0"
194.209.200.2 - - [05/Nov/2022:16:44:44 +0100] "GET /robots.txt HTTP/1.1" 200 - "-" "Mozilla/5.0 (compatible; TMMBot/0.2; +http://www.dslab.ch)/Nutch-1.15"
194.209.200.2 - - [05/Nov/2022:16:44:44 +0100] "GET /Admin/Jahresbericht HTTP/1.1" 200 45530 "-" "Mozilla/5.0 (compatible; TMMBot/0.2; +http://www.dslab.ch)/Nutch-1.15"
85.25.177.139 - - [05/Nov/2022:16:44:51 +0100] "GET /PodCast/JBJ302?action=edit&restore=diff:1406908280:1406908187:&preview=y HTTP/1.1" 200 8656 "-" "Mozilla/5.0 (Macintosh; Intel Mac OS X 10.15; rv:103.0) Gecko/20100101 Firefox/103.0"
194.209.200.2 - - [05/Nov/2022:16:45:03 +0100] "GET /Texte/Limericks HTTP/1.1" 200 8087 "-" "Mozilla/5.0 (compatible; TMMBot/0.2; +http://www.dslab.ch)/Nutch-1.15"
194.209.200.2 - - [05/Nov/2022:16:45:07 +0100] "GET /Texte/Schrybwys HTTP/1.1" 200 11028 "-" "Mozilla/5.0 (compatible; TMMBot/0.2; +http://www.dslab.ch)/Nutch-1.15"
85.25.177.139 - - [05/Nov/2022:16:45:52 +0100] "GET /Hilfe HTTP/1.1" 404 8123 "-" "Mozilla/5.0 (Macintosh; Intel Mac OS X 10.15; rv:103.0) Gecko/20100101 Firefox/103.0"
194.209.200.2 - - [05/Nov/2022:16:46:04 +0100] "GET /Texte/GDicht HTTP/1.1" 200 8050 "-" "Mozilla/5.0 (compatible; TMMBot/0.2; +http://www.dslab.ch)/Nutch-1.15"
194.209.200.2 - - [05/Nov/2022:16:46:41 +0100] "GET /Texte/Metamorphoses HTTP/1.1" 200 9045 "-" "Mozilla/5.0 (compatible; TMMBot/0.2; +http://www.dslab.ch)/Nutch-1.15"
85.25.177.139 - - [05/Nov/2022:16:47:03 +0100] "GET /Site/Abderhalde0Inhalt?action=edit&restore=diff:1282558146:1282558146:&preview=y HTTP/1.1" 200 8769 "-" "Mozilla/5.0 (Macintosh; Intel Mac OS X 10.15; rv:103.0) Gecko/20100101 Firefox/103.0"
85.25.177.139 - - [05/Nov/2022:16:48:23 +0100] "GET /Site/Abderhalde0Inhalt?action=diff&source=n&minor=y HTTP/1.1" 200 11302 "-" "Mozilla/5.0 (Macintosh; Intel Mac OS X 10.15; rv:103.0) Gecko/20100101 Firefox/103.0"
85.25.177.139 - - [05/Nov/2022:16:50:41 +0100] "GET /Site/Abderhalde0Inhalt?action=edit&restore=diff:1283713852:1282558146:&preview=y HTTP/1.1" 200 8769 "-" "Mozilla/5.0 (Macintosh; Intel Mac OS X 10.15; rv:103.0) Gecko/20100101 Firefox/103.0"
85.25.177.139 - - [05/Nov/2022:16:51:23 +0100] "GET /Site/Abderhalde0Inhalt?action=diff&source=y&minor=n HTTP/1.1" 200 11049 "-" "Mozilla/5.0 (Macintosh; Intel Mac OS X 10.15; rv:103.0) Gecko/20100101 Firefox/103.0"
85.25.177.139 - - [05/Nov/2022:16:52:54 +0100] "GET /Site/Abderhalde0Inhalt?action=edit&restore=diff:1283713923:1283713852:&preview=y HTTP/1.1" 200 8769 "-" "Mozilla/5.0 (Macintosh; Intel Mac OS X 10.15; rv:103.0) Gecko/20100101 Firefox/103.0"
85.25.177.139 - - [05/Nov/2022:16:54:26 +0100] "GET /PodCast/Hinkeljouged2?action=diff&source=n&minor=y HTTP/1.1" 200 22991 "-" "Mozilla/5.0 (Macintosh; Intel Mac OS X 10.15; rv:103.0) Gecko/20100101 Firefox/103.0"
185.191.171.39 - - [05/Nov/2022:16:54:34 +0100] "GET /robots.txt HTTP/1.1" 200 - "-" "Mozilla/5.0 (compatible; SemrushBot/7~bl; +http://www.semrush.com/bot.html)"
185.191.171.10 - - [05/Nov/2022:16:54:34 +0100] "GET /PmWikiIt/WikiGroup HTTP/1.1" 200 13617 "-" "Mozilla/5.0 (compatible; SemrushBot/7~bl; +http://www.semrush.com/bot.html)"
51.222.253.2 - - [05/Nov/2022:16:54:55 +0100] "GET /robots.txt HTTP/1.1" 200 - "-" "Mozilla/5.0 (compatible; AhrefsBot/7.0; +http://ahrefs.com/robot/)"
54.36.148.83 - - [05/Nov/2022:16:54:57 +0100] "GET /Main/Home?action=diff HTTP/1.1" 403 18 "-" "Mozilla/5.0 (compatible; AhrefsBot/7.0; +http://ahrefs.com/robot/)"
85.25.177.139 - - [05/Nov/2022:16:55:45 +0100] "GET /PodCast/Hinkeljouged2?action=diff&source=y&minor=n HTTP/1.1" 200 22572 "-" "Mozilla/5.0 (Macintosh; Intel Mac OS X 10.15; rv:103.0) Gecko/20100101 Firefox/103.0"
85.25.177.139 - - [05/Nov/2022:16:56:20 +0100] "GET /PodCast/Hinkeljouged2?action=edit&restore=diff:1332618742:1332618349:&preview=y HTTP/1.1" 200 8754 "-" "Mozilla/5.0 (Macintosh; Intel Mac OS X 10.15; rv:103.0) Gecko/20100101 Firefox/103.0"
85.25.177.139 - - [05/Nov/2022:16:57:57 +0100] "GET /PodCast/Hinkeljouged2?action=edit&restore=diff:1332617854:1332617854:&preview=y HTTP/1.1" 200 8754 "-" "Mozilla/5.0 (Macintosh; Intel Mac OS X 10.15; rv:103.0) Gecko/20100101 Firefox/103.0"
85.25.177.139 - - [05/Nov/2022:16:58:56 +0100] "GET /PodCast/Hinkeljouged2?action=edit&restore=diff:1332618349:1332617854:&preview=y HTTP/1.1" 200 8754 "-" "Mozilla/5.0 (Macintosh; Intel Mac OS X 10.15; rv:103.0) Gecko/20100101 Firefox/103.0"
85.25.177.139 - - [05/Nov/2022:17:00:32 +0100] "GET /PodCast/RURAkt2TIl3?action=edit&restore=diff:1376766357:1376763787:&preview=y HTTP/1.1" 200 8734 "-" "Mozilla/5.0 (Macintosh; Intel Mac OS X 10.15; rv:103.0) Gecko/20100101 Firefox/103.0"
85.25.177.139 - - [05/Nov/2022:17:01:10 +0100] "GET /PodCast/RURAkt2TIl3?action=edit&restore=diff:1376763787:1375287141:&preview=y HTTP/1.1" 200 8734 "-" "Mozilla/5.0 (Macintosh; Intel Mac OS X 10.15; rv:103.0) Gecko/20100101 Firefox/103.0"
85.25.177.139 - - [05/Nov/2022:17:02:41 +0100] "GET /PodCast/RURAkt2TIl3?action=diff&source=y&minor=n HTTP/1.1" 200 28087 "-" "Mozilla/5.0 (Macintosh; Intel Mac OS X 10.15; rv:103.0) Gecko/20100101 Firefox/103.0"
54.36.148.177 - - [05/Nov/2022:17:03:34 +0100] "GET /Main/Home?action=edit HTTP/1.1" 403 18 "-" "Mozilla/5.0 (compatible; AhrefsBot/7.0; +http://ahrefs.com/robot/)"
85.25.177.139 - - [05/Nov/2022:17:06:32 +0100] "GET /PodCast/RURAkt2TIl3?action=diff&source=n&minor=y HTTP/1.1" 200 29819 "-" "Mozilla/5.0 (Macintosh; Intel Mac OS X 10.15; rv:103.0) Gecko/20100101 Firefox/103.0"
85.25.177.139 - - [05/Nov/2022:17:07:27 +0100] "GET /PodCast/RURAkt2TIl3?action=edit&restore=diff:1375287141:1375287056:&preview=y HTTP/1.1" 200 8734 "-" "Mozilla/5.0 (Macintosh; Intel Mac OS X 10.15; rv:103.0) Gecko/20100101 Firefox/103.0"
85.25.177.139 - - [05/Nov/2022:17:10:36 +0100] "GET /PodCast/RURAkt2TIl3?action=edit&restore=diff:1382366300:1376766357:&preview=y HTTP/1.1" 200 8734 "-" "Mozilla/5.0 (Macintosh; Intel Mac OS X 10.15; rv:103.0) Gecko/20100101 Firefox/103.0"
85.25.177.139 - - [05/Nov/2022:17:13:17 +0100] "GET /PodCast/RURAkt2TIl3?action=edit&restore=diff:1375286776:1375286776:&preview=y HTTP/1.1" 200 8734 "-" "Mozilla/5.0 (Macintosh; Intel Mac OS X 10.15; rv:103.0) Gecko/20100101 Firefox/103.0"
85.25.177.139 - - [05/Nov/2022:17:14:54 +0100] "GET /PodCast/RURAkt2TIl3?action=edit&restore=diff:1375287056:1375286776:&preview=y HTTP/1.1" 200 8734 "-" "Mozilla/5.0 (Macintosh; Intel Mac OS X 10.15; rv:103.0) Gecko/20100101 Firefox/103.0"
194.209.200.2 - - [05/Nov/2022:17:16:17 +0100] "GET /robots.txt HTTP/1.1" 200 - "-" "Mozilla/5.0 (compatible; TMMBot/0.2; +http://www.dslab.ch)/Nutch-1.15"
194.209.200.2 - - [05/Nov/2022:17:16:17 +0100] "GET /Admin/Jahresbericht HTTP/1.1" 200 45530 "-" "Mozilla/5.0 (compatible; TMMBot/0.2; +http://www.dslab.ch)/Nutch-1.15"
194.209.200.2 - - [05/Nov/2022:17:16:35 +0100] "GET /Texte/Limericks HTTP/1.1" 200 8087 "-" "Mozilla/5.0 (compatible; TMMBot/0.2; +http://www.dslab.ch)/Nutch-1.15"
194.209.200.2 - - [05/Nov/2022:17:16:39 +0100] "GET /Texte/Schrybwys HTTP/1.1" 200 11028 "-" "Mozilla/5.0 (compatible; TMMBot/0.2; +http://www.dslab.ch)/Nutch-1.15"
85.25.177.139 - - [05/Nov/2022:17:16:55 +0100] "GET /PodCast/Zwangsabonemang?action=diff&source=n&minor=y HTTP/1.1" 200 21123 "-" "Mozilla/5.0 (Macintosh; Intel Mac OS X 10.15; rv:103.0) Gecko/20100101 Firefox/103.0"
194.209.200.2 - - [05/Nov/2022:17:17:39 +0100] "GET /Texte/GDicht HTTP/1.1" 200 8050 "-" "Mozilla/5.0 (compatible; TMMBot/0.2; +http://www.dslab.ch)/Nutch-1.15"
194.209.200.2 - - [05/Nov/2022:17:18:18 +0100] "GET /Texte/Metamorphoses HTTP/1.1" 200 9045 "-" "Mozilla/5.0 (compatible; TMMBot/0.2; +http://www.dslab.ch)/Nutch-1.15"
185.191.171.15 - - [05/Nov/2022:17:18:41 +0100] "GET /PmWikiDe/Installation HTTP/1.1" 200 15806 "-" "Mozilla/5.0 (compatible; SemrushBot/7~bl; +http://www.semrush.com/bot.html)"
54.36.149.80 - - [05/Nov/2022:17:19:00 +0100] "GET /Main/Home?action=print HTTP/1.1" 403 18 "-" "Mozilla/5.0 (compatible; AhrefsBot/7.0; +http://ahrefs.com/robot/)"
85.25.177.139 - - [05/Nov/2022:17:19:07 +0100] "GET /PodCast/Zwangsabonemang?action=edit&restore=diff:1451575126:1451493665:&preview=y HTTP/1.1" 200 8780 "-" "Mozilla/5.0 (Macintosh; Intel Mac OS X 10.15; rv:103.0) Gecko/20100101 Firefox/103.0"
85.25.177.139 - - [05/Nov/2022:17:21:06 +0100] "GET /robots.txt HTTP/1.1" 200 - "-" "Mozilla/5.0 (Macintosh; Intel Mac OS X 10.15; rv:103.0) Gecko/20100101 Firefox/103.0"
85.25.177.139 - - [05/Nov/2022:17:21:06 +0100] "GET /PodCast/Zwangsabonemang?action=edit&restore=diff:1451493571:1451493455:&preview=y HTTP/1.1" 200 8780 "-" "Mozilla/5.0 (Macintosh; Intel Mac OS X 10.15; rv:103.0) Gecko/20100101 Firefox/103.0"
85.25.177.139 - - [05/Nov/2022:17:22:39 +0100] "GET /PodCast/Zwangsabonemang?action=diff&source=y&minor=n HTTP/1.1" 200 20111 "-" "Mozilla/5.0 (Macintosh; Intel Mac OS X 10.15; rv:103.0) Gecko/20100101 Firefox/103.0"
3.216.185.164 - - [05/Nov/2022:17:24:18 +0100] "GET /PodCast/IndexPage?action=rss HTTP/1.1" 200 6298 "-" "PocketCasts/1.0 (Pocket Casts Feed Parser; +http://pocketcasts.com/)"
85.25.177.139 - - [05/Nov/2022:17:25:41 +0100] "GET /PodCast/Zwangsabonemang?action=edit&restore=diff:1451493195:1451493195:&preview=y HTTP/1.1" 200 8780 "-" "Mozilla/5.0 (Macintosh; Intel Mac OS X 10.15; rv:103.0) Gecko/20100101 Firefox/103.0"
85.25.177.139 - - [05/Nov/2022:17:27:24 +0100] "GET /PodCast/Zwangsabonemang?action=edit&restore=diff:1451493455:1451493380:&preview=y HTTP/1.1" 200 8780 "-" "Mozilla/5.0 (Macintosh; Intel Mac OS X 10.15; rv:103.0) Gecko/20100101 Firefox/103.0"
185.191.171.36 - - [05/Nov/2022:17:29:32 +0100] "GET /PmWikiFr/IncludeOtherPages HTTP/1.1" 200 14792 "-" "Mozilla/5.0 (compatible; SemrushBot/7~bl; +http://www.semrush.com/bot.html)"
85.25.177.139 - - [05/Nov/2022:17:30:39 +0100] "GET /PodCast/Zwangsabonemang?action=edit&restore=diff:1451493665:1451493571:&preview=y HTTP/1.1" 200 8780 "-" "Mozilla/5.0 (Macintosh; Intel Mac OS X 10.15; rv:103.0) Gecko/20100101 Firefox/103.0"
85.25.177.139 - - [05/Nov/2022:17:31:32 +0100] "GET /PodCast/Zwangsabonemang?action=edit&restore=diff:1451493338:1451493195:&preview=y HTTP/1.1" 200 8780 "-" "Mozilla/5.0 (Macintosh; Intel Mac OS X 10.15; rv:103.0) Gecko/20100101 Firefox/103.0"
85.25.177.139 - - [05/Nov/2022:17:33:26 +0100] "GET /PodCast/Zwangsabonemang?action=edit&restore=diff:1451493380:1451493338:&preview=y HTTP/1.1" 200 8780 "-" "Mozilla/5.0 (Macintosh; Intel Mac OS X 10.15; rv:103.0) Gecko/20100101 Firefox/103.0"
85.25.177.139 - - [05/Nov/2022:17:34:40 +0100] "GET /PodCast/Buecherbrand?action=diff&source=y&minor=n HTTP/1.1" 200 35409 "-" "Mozilla/5.0 (Macintosh; Intel Mac OS X 10.15; rv:103.0) Gecko/20100101 Firefox/103.0"
85.25.177.139 - - [05/Nov/2022:17:37:42 +0100] "GET /robots.txt HTTP/1.1" 200 - "-" "Mozilla/5.0 (Macintosh; Intel Mac OS X 10.15; rv:103.0) Gecko/20100101 Firefox/103.0"
85.25.177.139 - - [05/Nov/2022:17:37:42 +0100] "GET /PodCast/Buecherbrand?action=edit&restore=diff:1328371889:1328371525:&preview=y HTTP/1.1" 200 8738 "-" "Mozilla/5.0 (Macintosh; Intel Mac OS X 10.15; rv:103.0) Gecko/20100101 Firefox/103.0"
85.25.177.139 - - [05/Nov/2022:17:38:37 +0100] "GET /PodCast/Buecherbrand?action=edit&restore=diff:1328372142:1328372057:&preview=y HTTP/1.1" 200 8738 "-" "Mozilla/5.0 (Macintosh; Intel Mac OS X 10.15; rv:103.0) Gecko/20100101 Firefox/103.0"
85.25.177.139 - - [05/Nov/2022:17:39:23 +0100] "GET /PodCast/Buecherbrand?action=edit&restore=diff:1328371525:1328371525:&preview=y HTTP/1.1" 200 8738 "-" "Mozilla/5.0 (Macintosh; Intel Mac OS X 10.15; rv:103.0) Gecko/20100101 Firefox/103.0"
85.25.177.139 - - [05/Nov/2022:17:40:46 +0100] "GET /PodCast/Buecherbrand?action=edit&restore=diff:1328372057:1328371889:&preview=y HTTP/1.1" 200 8738 "-" "Mozilla/5.0 (Macintosh; Intel Mac OS X 10.15; rv:103.0) Gecko/20100101 Firefox/103.0"
66.249.70.204 - - [05/Nov/2022:17:41:10 +0100] "GET /PodCast/IndexPage?action=rss HTTP/1.1" 200 6298 "-" "Mozilla/5.0 (compatible; Googlebot/2.1; +http://www.google.com/bot.html)"
85.25.177.139 - - [05/Nov/2022:17:41:50 +0100] "GET /PodCast/Buecherbrand?action=diff&source=n&minor=y HTTP/1.1" 200 34512 "-" "Mozilla/5.0 (Macintosh; Intel Mac OS X 10.15; rv:103.0) Gecko/20100101 Firefox/103.0"
85.25.177.139 - - [05/Nov/2022:17:42:59 +0100] "GET /PodCast/AbsNov16?action=edit&restore=diff:1479118169:1479117990:&preview=y HTTP/1.1" 200 8686 "-" "Mozilla/5.0 (Macintosh; Intel Mac OS X 10.15; rv:103.0) Gecko/20100101 Firefox/103.0"
85.25.177.139 - - [05/Nov/2022:17:43:55 +0100] "GET /PodCast/AbsNov16?action=edit&restore=diff:1479118270:1479118169:&preview=y HTTP/1.1" 200 8686 "-" "Mozilla/5.0 (Macintosh; Intel Mac OS X 10.15; rv:103.0) Gecko/20100101 Firefox/103.0"
85.25.177.139 - - [05/Nov/2022:17:47:46 +0100] "GET /PodCast/AbsNov16?action=edit&restore=diff:1479134033:1479118270:&preview=y HTTP/1.1" 200 8686 "-" "Mozilla/5.0 (Macintosh; Intel Mac OS X 10.15; rv:103.0) Gecko/20100101 Firefox/103.0"
85.25.177.139 - - [05/Nov/2022:17:50:35 +0100] "GET /PodCast/AbsNov16?action=diff&source=y&minor=n HTTP/1.1" 200 15844 "-" "Mozilla/5.0 (Macintosh; Intel Mac OS X 10.15; rv:103.0) Gecko/20100101 Firefox/103.0"
85.25.177.139 - - [05/Nov/2022:17:51:04 +0100] "GET /PodCast/AbsNov16?action=edit&restore=diff:1479117990:1479117990:&preview=y HTTP/1.1" 200 8686 "-" "Mozilla/5.0 (Macintosh; Intel Mac OS X 10.15; rv:103.0) Gecko/20100101 Firefox/103.0"
85.25.177.139 - - [05/Nov/2022:17:51:50 +0100] "GET /PodCast/AbsNov16?action=diff&source=n&minor=y HTTP/1.1" 200 16689 "-" "Mozilla/5.0 (Macintosh; Intel Mac OS X 10.15; rv:103.0) Gecko/20100101 Firefox/103.0"
85.25.177.139 - - [05/Nov/2022:17:52:38 +0100] "GET /Site/42Fasnacht1455?action=edit&restore=diff:1240219584:1240218431:&preview=y HTTP/1.1" 200 8727 "-" "Mozilla/5.0 (Macintosh; Intel Mac OS X 10.15; rv:103.0) Gecko/20100101 Firefox/103.0"
194.209.200.2 - - [05/Nov/2022:17:53:28 +0100] "GET /robots.txt HTTP/1.1" 200 - "-" "Mozilla/5.0 (compatible; TMMBot/0.2; +http://www.dslab.ch)/Nutch-1.15"
194.209.200.2 - - [05/Nov/2022:17:53:28 +0100] "GET /Admin/Jahresbericht HTTP/1.1" 200 45530 "-" "Mozilla/5.0 (compatible; TMMBot/0.2; +http://www.dslab.ch)/Nutch-1.15"
194.209.200.2 - - [05/Nov/2022:17:53:48 +0100] "GET /Texte/Limericks HTTP/1.1" 200 8087 "-" "Mozilla/5.0 (compatible; TMMBot/0.2; +http://www.dslab.ch)/Nutch-1.15"
