18.185.89.240 - - [05/Nov/2022:10:07:27 +0100] "GET /PodCast/Chile HTTP/1.1" 200 15112 "http://www.pro-zurituutsch.ch/PodCast/Zugle" "Mozilla/5.0 (X11; Linux x86_64) AppleWebKit/537.36 (KHTML, like Gecko) Chrome/34.0.1847.137 Safari/4E423F"
18.185.89.240 - - [05/Nov/2022:10:07:29 +0100] "GET /PodCast/JBJ701 HTTP/1.1" 200 19698 "http://www.pro-zurituutsch.ch/PodCast/Chile" "Mozilla/5.0 (Macintosh; Intel Mac OS X 10_8_2) AppleWebKit/537.17 (KHTML, like Gecko) Chrome/24.0.1309.0 Safari/537.17"
18.185.89.240 - - [05/Nov/2022:10:07:31 +0100] "GET /PodCast/JBJ301 HTTP/1.1" 200 14945 "http://www.pro-zurituutsch.ch/PodCast/JBJ701" "Mozilla/5.0 (Windows NT 6.2; WOW64) AppleWebKit/537.36 (KHTML, like Gecko) Chrome/27.0.1453.93 Safari/537.36"
18.185.89.240 - - [05/Nov/2022:10:07:33 +0100] "GET /PodCast/JBJ602 HTTP/1.1" 200 21033 "http://www.pro-zurituutsch.ch/PodCast/JBJ301" "Mozilla/5.0 (Windows NT 5.1) AppleWebKit/537.36 (KHTML, like Gecko) Chrome/35.0.2309.372 Safari/537.36"
18.185.89.240 - - [05/Nov/2022:10:07:35 +0100] "GET /PodCast/Maitli HTTP/1.1" 200 9744 "http://www.pro-zurituutsch.ch/PodCast/JBJ602" "Mozilla/5.0 (Windows NT 6.3; WOW64) AppleWebKit/537.36 (KHTML, like Gecko) Chrome/41.0.2226.0 Safari/537.36"
18.185.89.240 - - [05/Nov/2022:10:07:36 +0100] "GET /PodCast/JBJ501 HTTP/1.1" 200 21897 "http://www.pro-zurituutsch.ch/PodCast/Maitli" "Mozilla/5.0 (Windows NT 10.0) AppleWebKit/537.36 (KHTML, like Gecko) Chrome/40.0.2214.93 Safari/537.36"
18.185.89.240 - - [05/Nov/2022:10:07:39 +0100] "GET /PodCast/Zugle2 HTTP/1.1" 200 20425 "http://www.pro-zurituutsch.ch/PodCast/JBJ501" "Mozilla/5.0 (Windows NT 5.1) AppleWebKit/537.36 (KHTML, like Gecko) Chrome/35.0.2309.372 Safari/537.36"
18.185.89.240 - - [05/Nov/2022:10:07:41 +0100] "GET /PodCast/JBJ702 HTTP/1.1" 200 22843 "http://www.pro-zurituutsch.ch/PodCast/Zugle2" "Mozilla/5.0 (Windows NT 6.2; WOW64) AppleWebKit/537.15 (KHTML, like Gecko) Chrome/24.0.1295.0 Safari/537.15"
18.185.89.240 - - [05/Nov/2022:10:07:43 +0100] "GET /PodCast/Sbysst HTTP/1.1" 200 17403 "http://www.pro-zurituutsch.ch/PodCast/JBJ702" "Mozilla/5.0 (Windows NT 6.2) AppleWebKit/537.36 (KHTML, like Gecko) Chrome/28.0.1467.0 Safari/537.36"
18.159.110.229 - - [05/Nov/2022:10:17:58 +0100] "GET / HTTP/1.1" 200 15085 "-" "Mozilla/5.0 (X11; Linux i586; rv:31.0) Gecko/20100101 Firefox/31.0"
18.159.110.229 - - [05/Nov/2022:10:18:02 +0100] "GET /Main/Home HTTP/1.1" 200 15085 "http://pro-zurituutsch.ch" "Mozilla/5.0 (Windows NT 6.1) AppleWebKit/537.36 (KHTML, like Gecko) Chrome/27.0.1453.93 Safari/537.36"
18.159.110.229 - - [05/Nov/2022:10:18:03 +0100] "GET /Admin/Links HTTP/1.1" 200 14193 "http://www.pro-zurituutsch.ch/Main/Home" "Mozilla/5.0 (Macintosh; Intel Mac OS X 10_10_1) AppleWebKit/537.36 (KHTML, like Gecko) Chrome/41.0.2227.1 Safari/537.36"
18.159.110.229 - - [05/Nov/2022:10:18:06 +0100] "GET /Texte/Roman HTTP/1.1" 200 38741 "http://www.pro-zurituutsch.ch/Admin/Links" "Mozilla/5.0 (Windows NT 5.0; rv:21.0) Gecko/20100101 Firefox/21.0"
18.159.110.229 - - [05/Nov/2022:10:18:08 +0100] "GET /Gast/Podcast HTTP/1.1" 200 8106 "http://www.pro-zurituutsch.ch/Texte/Roman" "Mozilla/5.0 (Windows NT 6.1) AppleWebKit/537.36 (KHTML, like Gecko) Chrome/41.0.2228.0 Safari/537.36"
18.159.110.229 - - [05/Nov/2022:10:18:10 +0100] "GET /Site/PodCast HTTP/1.1" 200 40934 "http://www.pro-zurituutsch.ch/Gast/Podcast" "Mozilla/5.0 (Windows NT 6.2; Win64; x64; rv:27.0) Gecko/20121011 Firefox/27.0"
18.159.110.229 - - [05/Nov/2022:10:18:12 +0100] "GET /Site/Bebi HTTP/1.1" 200 13127 "http://www.pro-zurituutsch.ch/Site/PodCast" "Mozilla/5.0 (Windows NT 6.2) AppleWebKit/537.36 (KHTML, like Gecko) Chrome/28.0.1467.0 Safari/537.36"
18.159.110.229 - - [05/Nov/2022:10:18:14 +0100] "GET /PodCast/Amor HTTP/1.1" 200 9825 "http://www.pro-zurituutsch.ch/Site/Bebi" "Mozilla/5.0 (Windows NT 6.1; Win64; x64; rv:16.0.1) Gecko/20121011 Firefox/21.0.1"
18.159.110.229 - - [05/Nov/2022:10:18:17 +0100] "GET /Texte/GDicht HTTP/1.1" 200 8050 "http://www.pro-zurituutsch.ch/PodCast/Amor" "Mozilla/5.0 (Macintosh; Intel Mac OS X 10_8_2) AppleWebKit/537.17 (KHTML, like Gecko) Chrome/24.0.1309.0 Safari/537.17"
18.159.110.229 - - [05/Nov/2022:10:18:19 +0100] "GET /PodCast/StRbe HTTP/1.1" 200 8194 "http://www.pro-zurituutsch.ch/Texte/GDicht" "Mozilla/5.0 (X11; Linux x86_64) AppleWebKit/537.36 (KHTML, like Gecko) Chrome/34.0.1847.137 Safari/4E423F"
18.159.110.229 - - [05/Nov/2022:10:18:21 +0100] "GET /PodCast/Boni2 HTTP/1.1" 200 13222 "http://www.pro-zurituutsch.ch/PodCast/StRbe" "Mozilla/5.0 (Windows NT 5.1) AppleWebKit/537.36 (KHTML, like Gecko) Chrome/31.0.1650.16 Safari/537.36"
18.159.110.229 - - [05/Nov/2022:10:18:24 +0100] "GET /PodCast/Zugle HTTP/1.1" 200 19132 "http://www.pro-zurituutsch.ch/PodCast/Boni2" "Mozilla/5.0 (Windows NT 6.1; WOW64) AppleWebKit/537.36 (KHTML, like Gecko) Chrome/29.0.1547.62 Safari/537.36"
18.159.110.229 - - [05/Nov/2022:10:18:26 +0100] "GET /Site/WGA5Herz HTTP/1.1" 200 20138 "http://www.pro-zurituutsch.ch/PodCast/Zugle" "Mozilla/5.0 (Windows NT 6.2; WOW64) AppleWebKit/537.15 (KHTML, like Gecko) Chrome/24.0.1295.0 Safari/537.15"
18.159.110.229 - - [05/Nov/2022:10:18:29 +0100] "GET /PodCast/Chile HTTP/1.1" 200 15112 "http://www.pro-zurituutsch.ch/Site/WGA5Herz" "Mozilla/5.0 (Windows NT 4.0; WOW64) AppleWebKit/537.36 (KHTML, like Gecko) Chrome/37.0.2049.0 Safari/537.36"
18.159.110.229 - - [05/Nov/2022:10:18:30 +0100] "GET /PodCast/Bombe HTTP/1.1" 200 8662 "http://www.pro-zurituutsch.ch/PodCast/Chile" "Mozilla/4.0 (compatible; MSIE 8.0; Windows NT 6.1; WOW64; Trident/4.0; SLCC2; .NET CLR 2.0.50727; Media Center PC 6.0; .NET CLR 3.5.30729; .NET CLR 3.0.30729; .NET4.0C)"
18.159.110.229 - - [05/Nov/2022:10:18:32 +0100] "GET /Texte/Gloosse HTTP/1.1" 200 8061 "http://www.pro-zurituutsch.ch/PodCast/Bombe" "Mozilla/5.0 (Windows NT 5.1) AppleWebKit/537.36 (KHTML, like Gecko) Chrome/31.0.1650.16 Safari/537.36"
18.159.110.229 - - [05/Nov/2022:10:18:34 +0100] "GET /PodCast/Lydja HTTP/1.1" 200 9714 "http://www.pro-zurituutsch.ch/Texte/Gloosse" "Mozilla/5.0 (Windows NT 6.2; WOW64) AppleWebKit/537.36 (KHTML, like Gecko) Chrome/29.0.1547.2 Safari/537.36"
18.159.110.229 - - [05/Nov/2022:10:18:35 +0100] "GET /PodCast/JBJ301 HTTP/1.1" 200 14945 "http://www.pro-zurituutsch.ch/PodCast/Lydja" "Mozilla/5.0 (Macintosh; Intel Mac OS X 10_7_5) AppleWebKit/537.36 (KHTML, like Gecko) Chrome/27.0.1453.93 Safari/537.36"
18.159.110.229 - - [05/Nov/2022:10:18:36 +0100] "GET /PodCast/Roman3 HTTP/1.1" 200 13777 "http://www.pro-zurituutsch.ch/PodCast/JBJ301" "Mozilla/5.0 (Windows NT 5.1) AppleWebKit/537.36 (KHTML, like Gecko) Chrome/34.0.1866.237 Safari/537.36"
18.159.110.229 - - [05/Nov/2022:10:18:38 +0100] "GET /PodCast/Antyki HTTP/1.1" 200 8306 "http://www.pro-zurituutsch.ch/PodCast/Roman3" "Mozilla/5.0 (Macintosh; Intel Mac OS X 10_9_0) AppleWebKit/537.36 (KHTML, like Gecko) Chrome/32.0.1664.3 Safari/537.36"
18.159.110.229 - - [05/Nov/2022:10:18:41 +0100] "GET /PodCast/Maitli HTTP/1.1" 200 9744 "http://www.pro-zurituutsch.ch/PodCast/Antyki" "Mozilla/5.0 (Windows NT 6.1; WOW64) AppleWebKit/537.36 (KHTML, like Gecko) Chrome/36.0.1985.67 Safari/537.36"
18.159.110.229 - - [05/Nov/2022:10:18:43 +0100] "GET /PodCast/JBJ402 HTTP/1.1" 200 20809 "http://www.pro-zurituutsch.ch/PodCast/Maitli" "Mozilla/5.0 (Windows NT 6.2) AppleWebKit/537.36 (KHTML, like Gecko) Chrome/28.0.1467.0 Safari/537.36"
18.159.110.229 - - [05/Nov/2022:10:18:44 +0100] "GET /PodCast/JBJ401 HTTP/1.1" 200 20406 "http://www.pro-zurituutsch.ch/PodCast/JBJ402" "Mozilla/5.0 (Windows NT 10.0) AppleWebKit/537.36 (KHTML, like Gecko) Chrome/40.0.2214.93 Safari/537.36"
18.159.110.229 - - [05/Nov/2022:10:18:45 +0100] "GET /PodCast/Sbysst HTTP/1.1" 200 17403 "http://www.pro-zurituutsch.ch/PodCast/JBJ401" "Mozilla/5.0 (Windows NT 6.1; WOW64) AppleWebKit/537.17 (KHTML, like Gecko) Chrome/24.0.1312.60 Safari/537.17"
18.159.110.229 - - [05/Nov/2022:10:18:47 +0100] "GET /PodCast/JBJ701 HTTP/1.1" 200 19698 "http://www.pro-zurituutsch.ch/PodCast/Sbysst" "Mozilla/5.0 (Macintosh; Intel Mac OS X 10_7_5) AppleWebKit/537.36 (KHTML, like Gecko) Chrome/27.0.1453.93 Safari/537.36"
85.25.177.139 - - [05/Nov/2022:10:27:13 +0100] "GET /robots.txt HTTP/1.1" 200 - "-" "Mozilla/5.0 (Macintosh; Intel Mac OS X 10.15; rv:103.0) Gecko/20100101 Firefox/103.0"
85.25.177.139 - - [05/Nov/2022:10:27:13 +0100] "GET /PodCast/SprForKom?action=print HTTP/1.1" 200 2538 "-" "Mozilla/5.0 (Macintosh; Intel Mac OS X 10.15; rv:103.0) Gecko/20100101 Firefox/103.0"
85.25.177.139 - - [05/Nov/2022:10:27:59 +0100] "GET /PodCast/SprForKom?action=upload HTTP/1.1" 200 8554 "-" "Mozilla/5.0 (Macintosh; Intel Mac OS X 10.15; rv:103.0) Gecko/20100101 Firefox/103.0"
85.25.177.139 - - [05/Nov/2022:10:28:48 +0100] "GET /PodCast/SprForKom?action=diff HTTP/1.1" 200 10536 "-" "Mozilla/5.0 (Macintosh; Intel Mac OS X 10.15; rv:103.0) Gecko/20100101 Firefox/103.0"
194.209.200.2 - - [05/Nov/2022:10:29:10 +0100] "GET /robots.txt HTTP/1.1" 200 - "-" "Mozilla/5.0 (compatible; TMMBot/0.2; +http://www.dslab.ch)/Nutch-1.15"
194.209.200.2 - - [05/Nov/2022:10:29:10 +0100] "GET /Admin/Jahresbericht HTTP/1.1" 200 45530 "-" "Mozilla/5.0 (compatible; TMMBot/0.2; +http://www.dslab.ch)/Nutch-1.15"
194.209.200.2 - - [05/Nov/2022:10:29:37 +0100] "GET /Texte/Limericks HTTP/1.1" 200 8087 "-" "Mozilla/5.0 (compatible; TMMBot/0.2; +http://www.dslab.ch)/Nutch-1.15"
194.209.200.2 - - [05/Nov/2022:10:29:42 +0100] "GET /Texte/Schrybwys HTTP/1.1" 200 11028 "-" "Mozilla/5.0 (compatible; TMMBot/0.2; +http://www.dslab.ch)/Nutch-1.15"
85.25.177.139 - - [05/Nov/2022:10:30:29 +0100] "GET /PodCast/SprForKom?action=edit HTTP/1.1" 200 8654 "-" "Mozilla/5.0 (Macintosh; Intel Mac OS X 10.15; rv:103.0) Gecko/20100101 Firefox/103.0"
194.209.200.2 - - [05/Nov/2022:10:30:53 +0100] "GET /Texte/GDicht HTTP/1.1" 200 8050 "-" "Mozilla/5.0 (compatible; TMMBot/0.2; +http://www.dslab.ch)/Nutch-1.15"
85.25.177.139 - - [05/Nov/2022:10:31:50 +0100] "GET /PodCast/Waffeschoutz11?action=diff HTTP/1.1" 200 19155 "-" "Mozilla/5.0 (Macintosh; Intel Mac OS X 10.15; rv:103.0) Gecko/20100101 Firefox/103.0"
85.25.177.139 - - [05/Nov/2022:10:33:05 +0100] "GET /PodCast/Waffeschoutz11?action=edit HTTP/1.1" 200 8722 "-" "Mozilla/5.0 (Macintosh; Intel Mac OS X 10.15; rv:103.0) Gecko/20100101 Firefox/103.0"
85.25.177.139 - - [05/Nov/2022:10:34:38 +0100] "GET /PodCast/Waffeschoutz11?action=upload HTTP/1.1" 200 8622 "-" "Mozilla/5.0 (Macintosh; Intel Mac OS X 10.15; rv:103.0) Gecko/20100101 Firefox/103.0"
66.249.76.193 - - [05/Nov/2022:10:35:31 +0100] "GET /PodCast/IndexPage?action=rss HTTP/1.1" 200 6298 "-" "Mozilla/5.0 (compatible; Googlebot/2.1; +http://www.google.com/bot.html)"
85.25.177.139 - - [05/Nov/2022:10:36:12 +0100] "GET /PodCast/Waffeschoutz11?action=print HTTP/1.1" 200 10357 "-" "Mozilla/5.0 (Macintosh; Intel Mac OS X 10.15; rv:103.0) Gecko/20100101 Firefox/103.0"
85.25.177.139 - - [05/Nov/2022:10:37:31 +0100] "GET /PodCast/JBJ601?action=print HTTP/1.1" 200 16680 "-" "Mozilla/5.0 (Macintosh; Intel Mac OS X 10.15; rv:103.0) Gecko/20100101 Firefox/103.0"
85.25.177.139 - - [05/Nov/2022:10:38:29 +0100] "GET /PodCast/JBJ601?action=upload HTTP/1.1" 200 8510 "-" "Mozilla/5.0 (Macintosh; Intel Mac OS X 10.15; rv:103.0) Gecko/20100101 Firefox/103.0"
85.25.177.139 - - [05/Nov/2022:10:39:59 +0100] "GET /PodCast/JBJ601?action=diff HTTP/1.1" 200 31909 "-" "Mozilla/5.0 (Macintosh; Intel Mac OS X 10.15; rv:103.0) Gecko/20100101 Firefox/103.0"
85.25.177.139 - - [05/Nov/2022:10:40:38 +0100] "GET /PodCast/UberGebuure?action=print HTTP/1.1" 200 9793 "-" "Mozilla/5.0 (Macintosh; Intel Mac OS X 10.15; rv:103.0) Gecko/20100101 Firefox/103.0"
85.25.177.139 - - [05/Nov/2022:10:41:36 +0100] "GET /Site/131MIringe1483?action=diff HTTP/1.1" 200 9254 "-" "Mozilla/5.0 (Macintosh; Intel Mac OS X 10.15; rv:103.0) Gecko/20100101 Firefox/103.0"
85.25.177.139 - - [05/Nov/2022:10:42:24 +0100] "GET /Site/131MIringe1483?action=print HTTP/1.1" 404 2405 "-" "Mozilla/5.0 (Macintosh; Intel Mac OS X 10.15; rv:103.0) Gecko/20100101 Firefox/103.0"
85.25.177.139 - - [05/Nov/2022:10:43:25 +0100] "GET /Site/131MIringe1483?action=upload HTTP/1.1" 200 8583 "-" "Mozilla/5.0 (Macintosh; Intel Mac OS X 10.15; rv:103.0) Gecko/20100101 Firefox/103.0"
77.88.5.42 - - [05/Nov/2022:10:43:31 +0100] "GET /robots.txt HTTP/1.1" 200 - "-" "Mozilla/5.0 (compatible; YandexBot/3.0; +http://yandex.com/bots)"
77.88.5.42 - - [05/Nov/2022:10:43:35 +0100] "GET /Site/PodCast HTTP/1.1" 200 40934 "-" "Mozilla/5.0 (compatible; YandexBot/3.0; +http://yandex.com/bots)"
85.25.177.139 - - [05/Nov/2022:10:44:17 +0100] "GET /PodCast/Rassewaan?action=print HTTP/1.1" 200 5203 "-" "Mozilla/5.0 (Macintosh; Intel Mac OS X 10.15; rv:103.0) Gecko/20100101 Firefox/103.0"
3.216.185.164 - - [05/Nov/2022:10:44:40 +0100] "GET /PodCast/IndexPage?action=rss HTTP/1.1" 200 6298 "-" "PocketCasts/1.0 (Pocket Casts Feed Parser; +http://pocketcasts.com/)"
85.25.177.139 - - [05/Nov/2022:10:45:06 +0100] "GET /PodCast/Rassewaan?action=upload HTTP/1.1" 200 8550 "-" "Mozilla/5.0 (Macintosh; Intel Mac OS X 10.15; rv:103.0) Gecko/20100101 Firefox/103.0"
168.119.51.163 - - [05/Nov/2022:10:45:57 +0100] "GET /robots.txt HTTP/1.1" 200 - "-" "Mozilla/5.0 (compatible; um-IC/1.0; mailto: techinfo@ubermetrics-technologies.com; Windows NT 6.1; WOW64; rv:40.0) Gecko/20100101 Firefox/40.1"
168.119.51.163 - - [05/Nov/2022:10:45:57 +0100] "GET /PodCast/IndexPage?action=rss HTTP/1.1" 200 6298 "-" "Mozilla/5.0 (compatible; um-IC/1.0; mailto: techinfo@ubermetrics-technologies.com; Windows NT 6.1; WOW64; rv:40.0) Gecko/20100101 Firefox/40.1"
85.25.177.139 - - [05/Nov/2022:10:45:58 +0100] "GET /PodCast/Rassewaan?action=edit HTTP/1.1" 200 8650 "-" "Mozilla/5.0 (Macintosh; Intel Mac OS X 10.15; rv:103.0) Gecko/20100101 Firefox/103.0"
85.25.177.139 - - [05/Nov/2022:10:46:54 +0100] "GET /PodCast/Rassewaan?action=diff HTTP/1.1" 200 14107 "-" "Mozilla/5.0 (Macintosh; Intel Mac OS X 10.15; rv:103.0) Gecko/20100101 Firefox/103.0"
85.25.177.139 - - [05/Nov/2022:10:47:47 +0100] "GET /PodCast/Fallgroueb?action=upload HTTP/1.1" 200 8564 "-" "Mozilla/5.0 (Macintosh; Intel Mac OS X 10.15; rv:103.0) Gecko/20100101 Firefox/103.0"
85.25.177.139 - - [05/Nov/2022:10:48:52 +0100] "GET /PodCast/Fallgroueb?action=diff HTTP/1.1" 200 15168 "-" "Mozilla/5.0 (Macintosh; Intel Mac OS X 10.15; rv:103.0) Gecko/20100101 Firefox/103.0"
85.25.177.139 - - [05/Nov/2022:10:49:38 +0100] "GET /PodCast/Fallgroueb?action=print HTTP/1.1" 200 7004 "-" "Mozilla/5.0 (Macintosh; Intel Mac OS X 10.15; rv:103.0) Gecko/20100101 Firefox/103.0"
85.25.177.139 - - [05/Nov/2022:10:50:51 +0100] "GET /PodCast/Fallgroueb?action=edit HTTP/1.1" 200 8664 "-" "Mozilla/5.0 (Macintosh; Intel Mac OS X 10.15; rv:103.0) Gecko/20100101 Firefox/103.0"
85.25.177.139 - - [05/Nov/2022:10:51:45 +0100] "GET /PodCast/Chile?action=print HTTP/1.1" 200 9339 "-" "Mozilla/5.0 (Macintosh; Intel Mac OS X 10.15; rv:103.0) Gecko/20100101 Firefox/103.0"
85.25.177.139 - - [05/Nov/2022:10:52:55 +0100] "GET /PodCast/Chile?action=edit HTTP/1.1" 200 8594 "-" "Mozilla/5.0 (Macintosh; Intel Mac OS X 10.15; rv:103.0) Gecko/20100101 Firefox/103.0"
85.25.177.139 - - [05/Nov/2022:10:53:30 +0100] "GET /PodCast/Chile?action=diff HTTP/1.1" 200 22983 "-" "Mozilla/5.0 (Macintosh; Intel Mac OS X 10.15; rv:103.0) Gecko/20100101 Firefox/103.0"
42.236.10.76 - - [05/Nov/2022:10:53:54 +0100] "GET / HTTP/1.1" 200 15085 "http://www.pro-zurituutsch.ch/" "Mozilla/5.0 (Windows NT 6.1; WOW64) AppleWebKit/537.36 (KHTML, like Gecko) Chrome/50.0.2661.102 Safari/537.36; 360Spider"
85.25.177.139 - - [05/Nov/2022:10:55:01 +0100] "GET /PodCast/JBJ601?action=edit HTTP/1.1" 200 8610 "-" "Mozilla/5.0 (Macintosh; Intel Mac OS X 10.15; rv:103.0) Gecko/20100101 Firefox/103.0"
85.25.177.139 - - [05/Nov/2022:10:56:05 +0100] "GET /Site/Bebi?action=edit HTTP/1.1" 200 8537 "-" "Mozilla/5.0 (Macintosh; Intel Mac OS X 10.15; rv:103.0) Gecko/20100101 Firefox/103.0"
85.25.177.139 - - [05/Nov/2022:10:57:14 +0100] "GET /Site/Bebi?action=diff HTTP/1.1" 200 19372 "-" "Mozilla/5.0 (Macintosh; Intel Mac OS X 10.15; rv:103.0) Gecko/20100101 Firefox/103.0"
85.25.177.139 - - [05/Nov/2022:10:58:07 +0100] "GET /Site/Bebi?action=upload HTTP/1.1" 200 8437 "-" "Mozilla/5.0 (Macintosh; Intel Mac OS X 10.15; rv:103.0) Gecko/20100101 Firefox/103.0"
85.25.177.139 - - [05/Nov/2022:10:59:33 +0100] "GET /Site/Bebi?action=print HTTP/1.1" 200 7388 "-" "Mozilla/5.0 (Macintosh; Intel Mac OS X 10.15; rv:103.0) Gecko/20100101 Firefox/103.0"
194.209.200.2 - - [05/Nov/2022:10:59:44 +0100] "GET /robots.txt HTTP/1.1" 200 - "-" "Mozilla/5.0 (compatible; TMMBot/0.2; +http://www.dslab.ch)/Nutch-1.15"
194.209.200.2 - - [05/Nov/2022:10:59:44 +0100] "GET /Admin/Jahresbericht HTTP/1.1" 200 45530 "-" "Mozilla/5.0 (compatible; TMMBot/0.2; +http://www.dslab.ch)/Nutch-1.15"
194.209.200.2 - - [05/Nov/2022:11:00:02 +0100] "GET /Texte/Limericks HTTP/1.1" 200 8087 "-" "Mozilla/5.0 (compatible; TMMBot/0.2; +http://www.dslab.ch)/Nutch-1.15"
194.209.200.2 - - [05/Nov/2022:11:00:06 +0100] "GET /Texte/Schrybwys HTTP/1.1" 200 11028 "-" "Mozilla/5.0 (compatible; TMMBot/0.2; +http://www.dslab.ch)/Nutch-1.15"
85.25.177.139 - - [05/Nov/2022:11:00:51 +0100] "GET /PodCast/Begriffbegryffe?action=edit HTTP/1.1" 200 8734 "-" "Mozilla/5.0 (Macintosh; Intel Mac OS X 10.15; rv:103.0) Gecko/20100101 Firefox/103.0"
194.209.200.2 - - [05/Nov/2022:11:01:05 +0100] "GET /Texte/GDicht HTTP/1.1" 200 8050 "-" "Mozilla/5.0 (compatible; TMMBot/0.2; +http://www.dslab.ch)/Nutch-1.15"
194.209.200.2 - - [05/Nov/2022:11:01:41 +0100] "GET /Texte/Metamorphoses HTTP/1.1" 200 9045 "-" "Mozilla/5.0 (compatible; TMMBot/0.2; +http://www.dslab.ch)/Nutch-1.15"
85.25.177.139 - - [05/Nov/2022:11:02:52 +0100] "GET /PodCast/Begriffbegryffe?action=print HTTP/1.1" 200 4012 "-" "Mozilla/5.0 (Macintosh; Intel Mac OS X 10.15; rv:103.0) Gecko/20100101 Firefox/103.0"
85.25.177.139 - - [05/Nov/2022:11:04:01 +0100] "GET /PodCast/Begriffbegryffe?action=diff HTTP/1.1" 200 12691 "-" "Mozilla/5.0 (Macintosh; Intel Mac OS X 10.15; rv:103.0) Gecko/20100101 Firefox/103.0"
85.25.177.139 - - [05/Nov/2022:11:04:55 +0100] "GET /PodCast/Begriffbegryffe?action=upload HTTP/1.1" 200 8634 "-" "Mozilla/5.0 (Macintosh; Intel Mac OS X 10.15; rv:103.0) Gecko/20100101 Firefox/103.0"
85.25.177.139 - - [05/Nov/2022:11:06:25 +0100] "GET /PodCast/Boundestaatebound?action=diff HTTP/1.1" 200 18295 "-" "Mozilla/5.0 (Macintosh; Intel Mac OS X 10.15; rv:103.0) Gecko/20100101 Firefox/103.0"
85.25.177.139 - - [05/Nov/2022:11:06:54 +0100] "GET /PodCast/Boundestaatebound?action=print HTTP/1.1" 200 7279 "-" "Mozilla/5.0 (Macintosh; Intel Mac OS X 10.15; rv:103.0) Gecko/20100101 Firefox/103.0"
85.25.177.139 - - [05/Nov/2022:11:07:49 +0100] "GET /PodCast/Boundestaatebound?action=upload HTTP/1.1" 200 8662 "-" "Mozilla/5.0 (Macintosh; Intel Mac OS X 10.15; rv:103.0) Gecko/20100101 Firefox/103.0"
85.25.177.139 - - [05/Nov/2022:11:08:53 +0100] "GET /PodCast/Boundestaatebound?action=edit HTTP/1.1" 200 8762 "-" "Mozilla/5.0 (Macintosh; Intel Mac OS X 10.15; rv:103.0) Gecko/20100101 Firefox/103.0"
85.25.177.139 - - [05/Nov/2022:11:09:43 +0100] "GET /PodCast/Styluebige?action=diff HTTP/1.1" 200 21171 "-" "Mozilla/5.0 (Macintosh; Intel Mac OS X 10.15; rv:103.0) Gecko/20100101 Firefox/103.0"
85.25.177.139 - - [05/Nov/2022:11:10:37 +0100] "GET /PodCast/Styluebige?action=upload HTTP/1.1" 200 8564 "-" "Mozilla/5.0 (Macintosh; Intel Mac OS X 10.15; rv:103.0) Gecko/20100101 Firefox/103.0"
85.25.177.139 - - [05/Nov/2022:11:11:13 +0100] "GET /PodCast/Styluebige?action=print HTTP/1.1" 200 3531 "-" "Mozilla/5.0 (Macintosh; Intel Mac OS X 10.15; rv:103.0) Gecko/20100101 Firefox/103.0"
85.25.177.139 - - [05/Nov/2022:11:12:03 +0100] "GET /PodCast/Styluebige?action=edit HTTP/1.1" 200 8664 "-" "Mozilla/5.0 (Macintosh; Intel Mac OS X 10.15; rv:103.0) Gecko/20100101 Firefox/103.0"
85.25.177.139 - - [05/Nov/2022:11:12:53 +0100] "GET /PodCast/Sterbe?action=edit HTTP/1.1" 200 8608 "-" "Mozilla/5.0 (Macintosh; Intel Mac OS X 10.15; rv:103.0) Gecko/20100101 Firefox/103.0"
85.25.177.139 - - [05/Nov/2022:11:13:32 +0100] "GET /PodCast/Sterbe?action=diff HTTP/1.1" 200 11255 "-" "Mozilla/5.0 (Macintosh; Intel Mac OS X 10.15; rv:103.0) Gecko/20100101 Firefox/103.0"
85.25.177.139 - - [05/Nov/2022:11:14:32 +0100] "GET /PodCast/Sterbe?action=upload HTTP/1.1" 200 8508 "-" "Mozilla/5.0 (Macintosh; Intel Mac OS X 10.15; rv:103.0) Gecko/20100101 Firefox/103.0"
85.25.177.139 - - [05/Nov/2022:11:18:27 +0100] "GET /PodCast/Sterbe?action=print HTTP/1.1" 200 2523 "-" "Mozilla/5.0 (Macintosh; Intel Mac OS X 10.15; rv:103.0) Gecko/20100101 Firefox/103.0"
85.25.177.139 - - [05/Nov/2022:11:19:12 +0100] "GET /PodCast/RootiLinje?action=diff HTTP/1.1" 200 21333 "-" "Mozilla/5.0 (Macintosh; Intel Mac OS X 10.15; rv:103.0) Gecko/20100101 Firefox/103.0"
85.25.177.139 - - [05/Nov/2022:11:19:48 +0100] "GET /PodCast/JBJInhaltsverzaichnis?action=upload HTTP/1.1" 200 8720 "-" "Mozilla/5.0 (Macintosh; Intel Mac OS X 10.15; rv:103.0) Gecko/20100101 Firefox/103.0"
85.25.177.139 - - [05/Nov/2022:11:20:23 +0100] "GET /PodCast/JBJInhaltsverzaichnis?action=edit HTTP/1.1" 200 8820 "-" "Mozilla/5.0 (Macintosh; Intel Mac OS X 10.15; rv:103.0) Gecko/20100101 Firefox/103.0"
66.249.76.220 - - [05/Nov/2022:11:20:44 +0100] "GET /PodCast/IndexPage?action=rss HTTP/1.1" 200 6298 "-" "Mozilla/5.0 (compatible; Googlebot/2.1; +http://www.google.com/bot.html)"
85.25.177.139 - - [05/Nov/2022:11:21:11 +0100] "GET /PodCast/JBJInhaltsverzaichnis?action=print HTTP/1.1" 200 6268 "-" "Mozilla/5.0 (Macintosh; Intel Mac OS X 10.15; rv:103.0) Gecko/20100101 Firefox/103.0"
85.25.177.139 - - [05/Nov/2022:11:21:51 +0100] "GET /PodCast/JBJInhaltsverzaichnis?action=diff HTTP/1.1" 200 14119 "-" "Mozilla/5.0 (Macintosh; Intel Mac OS X 10.15; rv:103.0) Gecko/20100101 Firefox/103.0"
85.25.177.139 - - [05/Nov/2022:11:22:18 +0100] "GET /PodCast/Mordspilot?action=edit HTTP/1.1" 200 8664 "-" "Mozilla/5.0 (Macintosh; Intel Mac OS X 10.15; rv:103.0) Gecko/20100101 Firefox/103.0"
85.25.177.139 - - [05/Nov/2022:11:23:03 +0100] "GET /PodCast/Wandermaasse?action=upload HTTP/1.1" 200 8592 "-" "Mozilla/5.0 (Macintosh; Intel Mac OS X 10.15; rv:103.0) Gecko/20100101 Firefox/103.0"
85.25.177.139 - - [05/Nov/2022:11:23:51 +0100] "GET /PodCast/Wandermaasse?action=print HTTP/1.1" 200 5166 "-" "Mozilla/5.0 (Macintosh; Intel Mac OS X 10.15; rv:103.0) Gecko/20100101 Firefox/103.0"
85.25.177.139 - - [05/Nov/2022:11:25:04 +0100] "GET /PodCast/Wandermaasse?action=edit HTTP/1.1" 200 8692 "-" "Mozilla/5.0 (Macintosh; Intel Mac OS X 10.15; rv:103.0) Gecko/20100101 Firefox/103.0"
85.25.177.139 - - [05/Nov/2022:11:26:48 +0100] "GET /PodCast/JBJKap1?action=edit HTTP/1.1" 200 8626 "-" "Mozilla/5.0 (Macintosh; Intel Mac OS X 10.15; rv:103.0) Gecko/20100101 Firefox/103.0"
85.25.177.139 - - [05/Nov/2022:11:27:53 +0100] "GET /PodCast/JBJKap1?action=diff HTTP/1.1" 200 30711 "-" "Mozilla/5.0 (Macintosh; Intel Mac OS X 10.15; rv:103.0) Gecko/20100101 Firefox/103.0"
85.25.177.139 - - [05/Nov/2022:11:28:55 +0100] "GET /PodCast/JBJKap1?action=print HTTP/1.1" 200 15240 "-" "Mozilla/5.0 (Macintosh; Intel Mac OS X 10.15; rv:103.0) Gecko/20100101 Firefox/103.0"
85.25.177.139 - - [05/Nov/2022:11:30:34 +0100] "GET /PodCast/JBJKap1?action=upload HTTP/1.1" 200 8526 "-" "Mozilla/5.0 (Macintosh; Intel Mac OS X 10.15; rv:103.0) Gecko/20100101 Firefox/103.0"
85.25.177.139 - - [05/Nov/2022:11:31:14 +0100] "GET /PodCast/Nostalgy?action=upload HTTP/1.1" 200 8536 "-" "Mozilla/5.0 (Macintosh; Intel Mac OS X 10.15; rv:103.0) Gecko/20100101 Firefox/103.0"
66.249.70.207 - - [05/Nov/2022:11:31:38 +0100] "GET /PodCast/IndexPage?action=rss HTTP/1.1" 200 6298 "-" "Mozilla/5.0 (compatible; Googlebot/2.1; +http://www.google.com/bot.html)"
194.209.200.2 - - [05/Nov/2022:11:32:14 +0100] "GET /robots.txt HTTP/1.1" 200 - "-" "Mozilla/5.0 (compatible; TMMBot/0.2; +http://www.dslab.ch)/Nutch-1.15"
194.209.200.2 - - [05/Nov/2022:11:32:14 +0100] "GET /Admin/Jahresbericht HTTP/1.1" 200 45530 "-" "Mozilla/5.0 (compatible; TMMBot/0.2; +http://www.dslab.ch)/Nutch-1.15"
85.25.177.139 - - [05/Nov/2022:11:32:22 +0100] "GET /PodCast/Nostalgy?action=print HTTP/1.1" 200 3020 "-" "Mozilla/5.0 (Macintosh; Intel Mac OS X 10.15; rv:103.0) Gecko/20100101 Firefox/103.0"
194.209.200.2 - - [05/Nov/2022:11:32:32 +0100] "GET /Texte/Limericks HTTP/1.1" 200 8087 "-" "Mozilla/5.0 (compatible; TMMBot/0.2; +http://www.dslab.ch)/Nutch-1.15"
194.209.200.2 - - [05/Nov/2022:11:32:36 +0100] "GET /Texte/Schrybwys HTTP/1.1" 200 11028 "-" "Mozilla/5.0 (compatible; TMMBot/0.2; +http://www.dslab.ch)/Nutch-1.15"
194.209.200.2 - - [05/Nov/2022:11:33:33 +0100] "GET /Texte/GDicht HTTP/1.1" 200 8050 "-" "Mozilla/5.0 (compatible; TMMBot/0.2; +http://www.dslab.ch)/Nutch-1.15"
194.209.200.2 - - [05/Nov/2022:11:34:09 +0100] "GET /Texte/Metamorphoses HTTP/1.1" 200 9045 "-" "Mozilla/5.0 (compatible; TMMBot/0.2; +http://www.dslab.ch)/Nutch-1.15"
85.25.177.139 - - [05/Nov/2022:11:34:27 +0100] "GET /PodCast/Boschpochrank?action=upload HTTP/1.1" 200 8606 "-" "Mozilla/5.0 (Macintosh; Intel Mac OS X 10.15; rv:103.0) Gecko/20100101 Firefox/103.0"
85.25.177.139 - - [05/Nov/2022:11:35:46 +0100] "GET /PodCast/Boschpochrank?action=print HTTP/1.1" 200 5541 "-" "Mozilla/5.0 (Macintosh; Intel Mac OS X 10.15; rv:103.0) Gecko/20100101 Firefox/103.0"
85.25.177.139 - - [05/Nov/2022:11:38:35 +0100] "GET /PodCast/Boschpochrank?action=diff HTTP/1.1" 200 14055 "-" "Mozilla/5.0 (Macintosh; Intel Mac OS X 10.15; rv:103.0) Gecko/20100101 Firefox/103.0"
85.25.177.139 - - [05/Nov/2022:11:39:39 +0100] "GET /PodCast/Boschpochrank?action=edit HTTP/1.1" 200 8706 "-" "Mozilla/5.0 (Macintosh; Intel Mac OS X 10.15; rv:103.0) Gecko/20100101 Firefox/103.0"
85.25.177.139 - - [05/Nov/2022:11:41:05 +0100] "GET /PodCast/Limerick29?action=upload HTTP/1.1" 200 8566 "-" "Mozilla/5.0 (Macintosh; Intel Mac OS X 10.15; rv:103.0) Gecko/20100101 Firefox/103.0"
85.25.177.139 - - [05/Nov/2022:11:42:07 +0100] "GET /PodCast/Limerick29?action=print HTTP/1.1" 200 2987 "-" "Mozilla/5.0 (Macintosh; Intel Mac OS X 10.15; rv:103.0) Gecko/20100101 Firefox/103.0"
85.25.177.139 - - [05/Nov/2022:11:43:06 +0100] "GET /PodCast/Limerick29?action=edit HTTP/1.1" 200 8666 "-" "Mozilla/5.0 (Macintosh; Intel Mac OS X 10.15; rv:103.0) Gecko/20100101 Firefox/103.0"
85.25.177.139 - - [05/Nov/2022:11:44:30 +0100] "GET /PodCast/Limerick29?action=diff HTTP/1.1" 200 13599 "-" "Mozilla/5.0 (Macintosh; Intel Mac OS X 10.15; rv:103.0) Gecko/20100101 Firefox/103.0"
85.25.177.139 - - [05/Nov/2022:11:46:40 +0100] "GET /PodCast/Nostalgy?action=edit HTTP/1.1" 200 8636 "-" "Mozilla/5.0 (Macintosh; Intel Mac OS X 10.15; rv:103.0) Gecko/20100101 Firefox/103.0"
188.62.44.230 - - [05/Nov/2022:11:46:53 +0100] "GET / HTTP/1.1" 200 15085 "-" "Mozilla/5.0 (Macintosh; Intel Mac OS X 10_15_7) AppleWebKit/537.36 (KHTML, like Gecko) Chrome/107.0.0.0 Safari/537.36"
188.62.44.230 - - [05/Nov/2022:11:46:54 +0100] "GET /pub/skins/pro-zurituutsch/gila.css HTTP/1.1" 200 10186 "http://www.pro-zurituutsch.ch/" "Mozilla/5.0 (Macintosh; Intel Mac OS X 10_15_7) AppleWebKit/537.36 (KHTML, like Gecko) Chrome/107.0.0.0 Safari/537.36"
188.62.44.230 - - [05/Nov/2022:11:46:54 +0100] "GET /uploads/Main/logo.jpg HTTP/1.1" 200 29066 "http://www.pro-zurituutsch.ch/" "Mozilla/5.0 (Macintosh; Intel Mac OS X 10_15_7) AppleWebKit/537.36 (KHTML, like Gecko) Chrome/107.0.0.0 Safari/537.36"
188.62.44.230 - - [05/Nov/2022:11:46:54 +0100] "GET /pub/skins/pro-zurituutsch/images/external.png HTTP/1.1" 200 165 "http://www.pro-zurituutsch.ch/pub/skins/pro-zurituutsch/gila.css" "Mozilla/5.0 (Macintosh; Intel Mac OS X 10_15_7) AppleWebKit/537.36 (KHTML, like Gecko) Chrome/107.0.0.0 Safari/537.36"
188.62.44.230 - - [05/Nov/2022:11:46:54 +0100] "GET /pub/skins/pro-zurituutsch/images/favicon.ico HTTP/1.1" 200 1406 "http://www.pro-zurituutsch.ch/" "Mozilla/5.0 (Macintosh; Intel Mac OS X 10_15_7) AppleWebKit/537.36 (KHTML, like Gecko) Chrome/107.0.0.0 Safari/537.36"
188.62.44.230 - - [05/Nov/2022:11:47:02 +0100] "GET /Texte/Roman HTTP/1.1" 200 38741 "http://www.pro-zurituutsch.ch/" "Mozilla/5.0 (Macintosh; Intel Mac OS X 10_15_7) AppleWebKit/537.36 (KHTML, like Gecko) Chrome/107.0.0.0 Safari/537.36"
188.62.44.230 - - [05/Nov/2022:11:47:06 +0100] "GET /Texte/Schrybwys HTTP/1.1" 200 11028 "http://www.pro-zurituutsch.ch/Texte/Roman" "Mozilla/5.0 (Macintosh; Intel Mac OS X 10_15_7) AppleWebKit/537.36 (KHTML, like Gecko) Chrome/107.0.0.0 Safari/537.36"
188.62.44.230 - - [05/Nov/2022:11:47:06 +0100] "GET /uploads/Texte/ZurSchreibweise.jpg HTTP/1.1" 200 90748 "http://www.pro-zurituutsch.ch/Texte/Schrybwys" "Mozilla/5.0 (Macintosh; Intel Mac OS X 10_15_7) AppleWebKit/537.36 (KHTML, like Gecko) Chrome/107.0.0.0 Safari/537.36"
188.62.44.230 - - [05/Nov/2022:11:47:09 +0100] "GET /Texte/ZurcherischEnglish HTTP/1.1" 200 8274 "http://www.pro-zurituutsch.ch/Texte/Schrybwys" "Mozilla/5.0 (Macintosh; Intel Mac OS X 10_15_7) AppleWebKit/537.36 (KHTML, like Gecko) Chrome/107.0.0.0 Safari/537.36"
188.62.44.230 - - [05/Nov/2022:11:47:13 +0100] "GET /Texte/Schrybwys HTTP/1.1" 200 11028 "http://www.pro-zurituutsch.ch/Texte/Roman" "Mozilla/5.0 (Macintosh; Intel Mac OS X 10_15_7) AppleWebKit/537.36 (KHTML, like Gecko) Chrome/107.0.0.0 Safari/537.36"
188.62.44.230 - - [05/Nov/2022:11:47:13 +0100] "GET /Texte/Roman HTTP/1.1" 200 38741 "http://www.pro-zurituutsch.ch/" "Mozilla/5.0 (Macintosh; Intel Mac OS X 10_15_7) AppleWebKit/537.36 (KHTML, like Gecko) Chrome/107.0.0.0 Safari/537.36"
188.62.44.230 - - [05/Nov/2022:11:47:15 +0100] "GET / HTTP/1.1" 200 15085 "-" "Mozilla/5.0 (Macintosh; Intel Mac OS X 10_15_7) AppleWebKit/537.36 (KHTML, like Gecko) Chrome/107.0.0.0 Safari/537.36"
85.25.177.139 - - [05/Nov/2022:11:48:05 +0100] "GET /PodCast/Nostalgy?action=diff HTTP/1.1" 200 13036 "-" "Mozilla/5.0 (Macintosh; Intel Mac OS X 10.15; rv:103.0) Gecko/20100101 Firefox/103.0"
20.191.45.212 - - [05/Nov/2022:11:49:59 +0100] "GET / HTTP/1.1" 200 15085 "http://www.pro-zurituutsch.ch/" "Mozilla/5.0 (compatible; DuckDuckGo-Favicons-Bot/1.0; +http://duckduckgo.com)"
20.191.45.212 - - [05/Nov/2022:11:49:59 +0100] "GET /pub/skins/pro-zurituutsch/images/favicon.ico HTTP/1.1" 200 1406 "http://www.pro-zurituutsch.ch/pub/skins/pro-zurituutsch/images/favicon.ico" "Mozilla/5.0 (compatible; DuckDuckGo-Favicons-Bot/1.0; +http://duckduckgo.com)"
85.25.177.139 - - [05/Nov/2022:11:50:30 +0100] "GET /PodCast/Apvantyv?action=print HTTP/1.1" 200 5543 "-" "Mozilla/5.0 (Macintosh; Intel Mac OS X 10.15; rv:103.0) Gecko/20100101 Firefox/103.0"
85.25.177.139 - - [05/Nov/2022:11:51:23 +0100] "GET /PodCast/Ouhsggwise2?action=diff HTTP/1.1" 200 24182 "-" "Mozilla/5.0 (Macintosh; Intel Mac OS X 10.15; rv:103.0) Gecko/20100101 Firefox/103.0"
85.25.177.139 - - [05/Nov/2022:11:53:20 +0100] "GET /PodCast/Ouhsggwise2?action=edit HTTP/1.1" 200 8680 "-" "Mozilla/5.0 (Macintosh; Intel Mac OS X 10.15; rv:103.0) Gecko/20100101 Firefox/103.0"
85.25.177.139 - - [05/Nov/2022:11:54:32 +0100] "GET /PodCast/Ouhsggwise2?action=print HTTP/1.1" 200 14506 "-" "Mozilla/5.0 (Macintosh; Intel Mac OS X 10.15; rv:103.0) Gecko/20100101 Firefox/103.0"
85.25.177.139 - - [05/Nov/2022:11:54:58 +0100] "GET /PodCast/Maassestaab?action=print HTTP/1.1" 200 9929 "-" "Mozilla/5.0 (Macintosh; Intel Mac OS X 10.15; rv:103.0) Gecko/20100101 Firefox/103.0"
85.25.177.139 - - [05/Nov/2022:11:56:04 +0100] "GET /PodCast/Maassestaab?action=edit HTTP/1.1" 200 8678 "-" "Mozilla/5.0 (Macintosh; Intel Mac OS X 10.15; rv:103.0) Gecko/20100101 Firefox/103.0"
85.25.177.139 - - [05/Nov/2022:11:58:35 +0100] "GET /PodCast/Maassestaab?action=diff HTTP/1.1" 200 19691 "-" "Mozilla/5.0 (Macintosh; Intel Mac OS X 10.15; rv:103.0) Gecko/20100101 Firefox/103.0"
85.25.177.139 - - [05/Nov/2022:11:59:31 +0100] "GET /PodCast/Zugle?action=edit HTTP/1.1" 200 8594 "-" "Mozilla/5.0 (Macintosh; Intel Mac OS X 10.15; rv:103.0) Gecko/20100101 Firefox/103.0"
194.209.200.2 - - [05/Nov/2022:12:00:12 +0100] "GET /robots.txt HTTP/1.1" 200 - "-" "Mozilla/5.0 (compatible; TMMBot/0.2; +http://www.dslab.ch)/Nutch-1.15"
194.209.200.2 - - [05/Nov/2022:12:00:12 +0100] "GET /Admin/Jahresbericht HTTP/1.1" 200 45530 "-" "Mozilla/5.0 (compatible; TMMBot/0.2; +http://www.dslab.ch)/Nutch-1.15"
194.209.200.2 - - [05/Nov/2022:12:00:31 +0100] "GET /Texte/Limericks HTTP/1.1" 200 8087 "-" "Mozilla/5.0 (compatible; TMMBot/0.2; +http://www.dslab.ch)/Nutch-1.15"
194.209.200.2 - - [05/Nov/2022:12:00:35 +0100] "GET /Texte/Schrybwys HTTP/1.1" 200 11028 "-" "Mozilla/5.0 (compatible; TMMBot/0.2; +http://www.dslab.ch)/Nutch-1.15"
85.25.177.139 - - [05/Nov/2022:12:01:03 +0100] "GET /PodCast/Zugle?action=upload HTTP/1.1" 200 8494 "-" "Mozilla/5.0 (Macintosh; Intel Mac OS X 10.15; rv:103.0) Gecko/20100101 Firefox/103.0"
194.209.200.2 - - [05/Nov/2022:12:01:33 +0100] "GET /Texte/GDicht HTTP/1.1" 200 8050 "-" "Mozilla/5.0 (compatible; TMMBot/0.2; +http://www.dslab.ch)/Nutch-1.15"
194.209.200.2 - - [05/Nov/2022:12:02:10 +0100] "GET /Texte/Metamorphoses HTTP/1.1" 200 9045 "-" "Mozilla/5.0 (compatible; TMMBot/0.2; +http://www.dslab.ch)/Nutch-1.15"
85.25.177.139 - - [05/Nov/2022:12:02:48 +0100] "GET /PodCast/Zugle?action=print HTTP/1.1" 200 13359 "-" "Mozilla/5.0 (Macintosh; Intel Mac OS X 10.15; rv:103.0) Gecko/20100101 Firefox/103.0"
85.25.177.139 - - [05/Nov/2022:12:03:36 +0100] "GET /PodCast/Zugle?action=diff HTTP/1.1" 200 22636 "-" "Mozilla/5.0 (Macintosh; Intel Mac OS X 10.15; rv:103.0) Gecko/20100101 Firefox/103.0"
85.25.177.139 - - [05/Nov/2022:12:05:32 +0100] "GET /PodCast/Chouechetailet?action=upload HTTP/1.1" 200 8620 "-" "Mozilla/5.0 (Macintosh; Intel Mac OS X 10.15; rv:103.0) Gecko/20100101 Firefox/103.0"
85.25.177.139 - - [05/Nov/2022:12:06:35 +0100] "GET /PodCast/Chouechetailet?action=diff HTTP/1.1" 200 16589 "-" "Mozilla/5.0 (Macintosh; Intel Mac OS X 10.15; rv:103.0) Gecko/20100101 Firefox/103.0"
85.25.177.139 - - [05/Nov/2022:12:07:53 +0100] "GET /PodCast/Chouechetailet?action=print HTTP/1.1" 200 8617 "-" "Mozilla/5.0 (Macintosh; Intel Mac OS X 10.15; rv:103.0) Gecko/20100101 Firefox/103.0"
185.191.171.5 - - [05/Nov/2022:12:07:57 +0100] "GET /robots.txt HTTP/1.1" 200 - "-" "Mozilla/5.0 (compatible; SemrushBot/7~bl; +http://www.semrush.com/bot.html)"
185.191.171.2 - - [05/Nov/2022:12:07:57 +0100] "GET /PmWikiFr/PageVariables HTTP/1.1" 200 13835 "-" "Mozilla/5.0 (compatible; SemrushBot/7~bl; +http://www.semrush.com/bot.html)"
85.25.177.139 - - [05/Nov/2022:12:11:07 +0100] "GET /PodCast/Zugle2?action=edit HTTP/1.1" 200 8610 "-" "Mozilla/5.0 (Macintosh; Intel Mac OS X 10.15; rv:103.0) Gecko/20100101 Firefox/103.0"
85.25.177.139 - - [05/Nov/2022:12:12:22 +0100] "GET /PodCast/Zugle2?action=print HTTP/1.1" 200 14640 "-" "Mozilla/5.0 (Macintosh; Intel Mac OS X 10.15; rv:103.0) Gecko/20100101 Firefox/103.0"
85.25.177.139 - - [05/Nov/2022:12:13:29 +0100] "GET /PodCast/Zugle2?action=diff HTTP/1.1" 200 34369 "-" "Mozilla/5.0 (Macintosh; Intel Mac OS X 10.15; rv:103.0) Gecko/20100101 Firefox/103.0"
85.25.177.139 - - [05/Nov/2022:12:14:53 +0100] "GET /PodCast/Zugle2?action=upload HTTP/1.1" 200 8510 "-" "Mozilla/5.0 (Macintosh; Intel Mac OS X 10.15; rv:103.0) Gecko/20100101 Firefox/103.0"
85.25.177.139 - - [05/Nov/2022:12:15:54 +0100] "GET /Site/171AmStadelhofe?action=edit HTTP/1.1" 200 8695 "-" "Mozilla/5.0 (Macintosh; Intel Mac OS X 10.15; rv:103.0) Gecko/20100101 Firefox/103.0"
85.25.177.139 - - [05/Nov/2022:12:18:13 +0100] "GET /PodCast/Schaidig1?action=print HTTP/1.1" 200 13391 "-" "Mozilla/5.0 (Macintosh; Intel Mac OS X 10.15; rv:103.0) Gecko/20100101 Firefox/103.0"
85.25.177.139 - - [05/Nov/2022:12:19:07 +0100] "GET /PodCast/Schaidig1?action=edit HTTP/1.1" 200 8652 "-" "Mozilla/5.0 (Macintosh; Intel Mac OS X 10.15; rv:103.0) Gecko/20100101 Firefox/103.0"
85.25.177.139 - - [05/Nov/2022:12:20:23 +0100] "GET /PodCast/Schaidig1?action=diff HTTP/1.1" 200 22237 "-" "Mozilla/5.0 (Macintosh; Intel Mac OS X 10.15; rv:103.0) Gecko/20100101 Firefox/103.0"
85.25.177.139 - - [05/Nov/2022:12:21:12 +0100] "GET /PodCast/Schaidig1?action=upload HTTP/1.1" 200 8552 "-" "Mozilla/5.0 (Macintosh; Intel Mac OS X 10.15; rv:103.0) Gecko/20100101 Firefox/103.0"
85.25.177.139 - - [05/Nov/2022:12:21:57 +0100] "GET /Site/121Sitkouscht1482?action=upload HTTP/1.1" 200 8623 "-" "Mozilla/5.0 (Macintosh; Intel Mac OS X 10.15; rv:103.0) Gecko/20100101 Firefox/103.0"
85.25.177.139 - - [05/Nov/2022:12:22:36 +0100] "GET /Site/121Sitkouscht1482?action=edit HTTP/1.1" 200 8723 "-" "Mozilla/5.0 (Macintosh; Intel Mac OS X 10.15; rv:103.0) Gecko/20100101 Firefox/103.0"
3.216.185.164 - - [05/Nov/2022:12:24:23 +0100] "GET /PodCast/IndexPage?action=rss HTTP/1.1" 200 6298 "-" "PocketCasts/1.0 (Pocket Casts Feed Parser; +http://pocketcasts.com/)"
85.25.177.139 - - [05/Nov/2022:12:24:32 +0100] "GET /Site/121Sitkouscht1482?action=print HTTP/1.1" 200 8145 "-" "Mozilla/5.0 (Macintosh; Intel Mac OS X 10.15; rv:103.0) Gecko/20100101 Firefox/103.0"
85.25.177.139 - - [05/Nov/2022:12:26:30 +0100] "GET /Site/121Sitkouscht1482?action=diff HTTP/1.1" 200 17801 "-" "Mozilla/5.0 (Macintosh; Intel Mac OS X 10.15; rv:103.0) Gecko/20100101 Firefox/103.0"
85.25.177.139 - - [05/Nov/2022:12:27:50 +0100] "GET /PodCast/Antiikiundanderigschichte?action=upload HTTP/1.1" 200 8774 "-" "Mozilla/5.0 (Macintosh; Intel Mac OS X 10.15; rv:103.0) Gecko/20100101 Firefox/103.0"
66.249.70.204 - - [05/Nov/2022:12:28:08 +0100] "GET /PodCast/IndexPage?action=rss HTTP/1.1" 200 6298 "-" "Mozilla/5.0 (compatible; Googlebot/2.1; +http://www.google.com/bot.html)"
85.25.177.139 - - [05/Nov/2022:12:29:36 +0100] "GET /PodCast/Antiikiundanderigschichte?action=diff HTTP/1.1" 200 11686 "-" "Mozilla/5.0 (Macintosh; Intel Mac OS X 10.15; rv:103.0) Gecko/20100101 Firefox/103.0"
85.25.177.139 - - [05/Nov/2022:12:30:31 +0100] "GET /PodCast/Antiikiundanderigschichte?action=edit HTTP/1.1" 200 8874 "-" "Mozilla/5.0 (Macintosh; Intel Mac OS X 10.15; rv:103.0) Gecko/20100101 Firefox/103.0"
85.25.177.139 - - [05/Nov/2022:12:32:09 +0100] "GET /PodCast/Antiikiundanderigschichte?action=print HTTP/1.1" 200 2618 "-" "Mozilla/5.0 (Macintosh; Intel Mac OS X 10.15; rv:103.0) Gecko/20100101 Firefox/103.0"
85.25.177.139 - - [05/Nov/2022:12:33:28 +0100] "GET /PodCast/MI2009?action=diff HTTP/1.1" 200 9171 "-" "Mozilla/5.0 (Macintosh; Intel Mac OS X 10.15; rv:103.0) Gecko/20100101 Firefox/103.0"
194.209.200.2 - - [05/Nov/2022:12:33:56 +0100] "GET /robots.txt HTTP/1.1" 200 - "-" "Mozilla/5.0 (compatible; TMMBot/0.2; +http://www.dslab.ch)/Nutch-1.15"
194.209.200.2 - - [05/Nov/2022:12:33:56 +0100] "GET /Admin/Jahresbericht HTTP/1.1" 200 45530 "-" "Mozilla/5.0 (compatible; TMMBot/0.2; +http://www.dslab.ch)/Nutch-1.15"
194.209.200.2 - - [05/Nov/2022:12:34:14 +0100] "GET /Texte/Limericks HTTP/1.1" 200 8087 "-" "Mozilla/5.0 (compatible; TMMBot/0.2; +http://www.dslab.ch)/Nutch-1.15"
194.209.200.2 - - [05/Nov/2022:12:34:18 +0100] "GET /Texte/Schrybwys HTTP/1.1" 200 11028 "-" "Mozilla/5.0 (compatible; TMMBot/0.2; +http://www.dslab.ch)/Nutch-1.15"
85.25.177.139 - - [05/Nov/2022:12:35:11 +0100] "GET /PodCast/MI2009?action=upload HTTP/1.1" 200 8510 "-" "Mozilla/5.0 (Macintosh; Intel Mac OS X 10.15; rv:103.0) Gecko/20100101 Firefox/103.0"
194.209.200.2 - - [05/Nov/2022:12:35:15 +0100] "GET /Texte/GDicht HTTP/1.1" 200 8050 "-" "Mozilla/5.0 (compatible; TMMBot/0.2; +http://www.dslab.ch)/Nutch-1.15"
194.209.200.2 - - [05/Nov/2022:12:35:50 +0100] "GET /Texte/Metamorphoses HTTP/1.1" 200 9045 "-" "Mozilla/5.0 (compatible; TMMBot/0.2; +http://www.dslab.ch)/Nutch-1.15"
85.25.177.139 - - [05/Nov/2022:12:36:11 +0100] "GET /Site/151Konschtanz1485?action=diff HTTP/1.1" 200 16908 "-" "Mozilla/5.0 (Macintosh; Intel Mac OS X 10.15; rv:103.0) Gecko/20100101 Firefox/103.0"
85.25.177.139 - - [05/Nov/2022:12:36:44 +0100] "GET /Site/151Konschtanz1485?action=edit HTTP/1.1" 200 8723 "-" "Mozilla/5.0 (Macintosh; Intel Mac OS X 10.15; rv:103.0) Gecko/20100101 Firefox/103.0"
85.25.177.139 - - [05/Nov/2022:12:37:39 +0100] "GET /Site/151Konschtanz1485?action=upload HTTP/1.1" 200 8623 "-" "Mozilla/5.0 (Macintosh; Intel Mac OS X 10.15; rv:103.0) Gecko/20100101 Firefox/103.0"
85.25.177.139 - - [05/Nov/2022:12:39:22 +0100] "GET /Site/151Konschtanz1485?action=print HTTP/1.1" 200 7558 "-" "Mozilla/5.0 (Macintosh; Intel Mac OS X 10.15; rv:103.0) Gecko/20100101 Firefox/103.0"
85.25.177.139 - - [05/Nov/2022:12:42:42 +0100] "GET /PodCast/Boundeswaal?action=print HTTP/1.1" 200 7084 "-" "Mozilla/5.0 (Macintosh; Intel Mac OS X 10.15; rv:103.0) Gecko/20100101 Firefox/103.0"
85.25.177.139 - - [05/Nov/2022:12:47:16 +0100] "GET /robots.txt HTTP/1.1" 200 - "-" "Mozilla/5.0 (Macintosh; Intel Mac OS X 10.15; rv:103.0) Gecko/20100101 Firefox/103.0"
85.25.177.139 - - [05/Nov/2022:12:47:16 +0100] "GET /PodCast/Boundeswaal?action=edit HTTP/1.1" 200 8678 "-" "Mozilla/5.0 (Macintosh; Intel Mac OS X 10.15; rv:103.0) Gecko/20100101 Firefox/103.0"
85.25.177.139 - - [05/Nov/2022:12:49:29 +0100] "GET /PodCast/Boundeswaal?action=upload HTTP/1.1" 200 8578 "-" "Mozilla/5.0 (Macintosh; Intel Mac OS X 10.15; rv:103.0) Gecko/20100101 Firefox/103.0"
85.25.177.139 - - [05/Nov/2022:12:52:06 +0100] "GET /PodCast/Boundeswaal?action=diff HTTP/1.1" 200 15247 "-" "Mozilla/5.0 (Macintosh; Intel Mac OS X 10.15; rv:103.0) Gecko/20100101 Firefox/103.0"
85.25.177.139 - - [05/Nov/2022:12:54:35 +0100] "GET /PodCast/Ouhsggwise2?action=upload HTTP/1.1" 200 8580 "-" "Mozilla/5.0 (Macintosh; Intel Mac OS X 10.15; rv:103.0) Gecko/20100101 Firefox/103.0"
85.25.177.139 - - [05/Nov/2022:12:55:37 +0100] "GET /PodCast/Gvatterle?action=upload HTTP/1.1" 200 8550 "-" "Mozilla/5.0 (Macintosh; Intel Mac OS X 10.15; rv:103.0) Gecko/20100101 Firefox/103.0"
85.25.177.139 - - [05/Nov/2022:12:58:48 +0100] "GET /PodCast/Gvatterle?action=print HTTP/1.1" 200 8162 "-" "Mozilla/5.0 (Macintosh; Intel Mac OS X 10.15; rv:103.0) Gecko/20100101 Firefox/103.0"
85.25.177.139 - - [05/Nov/2022:13:02:32 +0100] "GET /PodCast/Gvatterle?action=diff HTTP/1.1" 200 17859 "-" "Mozilla/5.0 (Macintosh; Intel Mac OS X 10.15; rv:103.0) Gecko/20100101 Firefox/103.0"
194.209.200.2 - - [05/Nov/2022:13:03:52 +0100] "GET /robots.txt HTTP/1.1" 200 - "-" "Mozilla/5.0 (compatible; TMMBot/0.2; +http://www.dslab.ch)/Nutch-1.15"
194.209.200.2 - - [05/Nov/2022:13:03:52 +0100] "GET /Admin/Jahresbericht HTTP/1.1" 200 45530 "-" "Mozilla/5.0 (compatible; TMMBot/0.2; +http://www.dslab.ch)/Nutch-1.15"
85.25.177.139 - - [05/Nov/2022:13:04:06 +0100] "GET /PodCast/FHrereid1?action=diff HTTP/1.1" 200 9221 "-" "Mozilla/5.0 (Macintosh; Intel Mac OS X 10.15; rv:103.0) Gecko/20100101 Firefox/103.0"
194.209.200.2 - - [05/Nov/2022:13:04:12 +0100] "GET /Texte/Limericks HTTP/1.1" 200 8087 "-" "Mozilla/5.0 (compatible; TMMBot/0.2; +http://www.dslab.ch)/Nutch-1.15"
194.209.200.2 - - [05/Nov/2022:13:04:17 +0100] "GET /Texte/Schrybwys HTTP/1.1" 200 11028 "-" "Mozilla/5.0 (compatible; TMMBot/0.2; +http://www.dslab.ch)/Nutch-1.15"
194.209.200.2 - - [05/Nov/2022:13:05:15 +0100] "GET /Texte/GDicht HTTP/1.1" 200 8050 "-" "Mozilla/5.0 (compatible; TMMBot/0.2; +http://www.dslab.ch)/Nutch-1.15"
194.209.200.2 - - [05/Nov/2022:13:05:52 +0100] "GET /Texte/Metamorphoses HTTP/1.1" 200 9045 "-" "Mozilla/5.0 (compatible; TMMBot/0.2; +http://www.dslab.ch)/Nutch-1.15"
85.25.177.139 - - [05/Nov/2022:13:06:12 +0100] "GET /PodCast/FHrereid1?action=upload HTTP/1.1" 200 8554 "-" "Mozilla/5.0 (Macintosh; Intel Mac OS X 10.15; rv:103.0) Gecko/20100101 Firefox/103.0"
85.25.177.139 - - [05/Nov/2022:13:08:03 +0100] "GET /PodCast/FHrereid1?action=print HTTP/1.1" 404 2400 "-" "Mozilla/5.0 (Macintosh; Intel Mac OS X 10.15; rv:103.0) Gecko/20100101 Firefox/103.0"
85.25.177.139 - - [05/Nov/2022:13:10:30 +0100] "GET /PodCast/Integral?action=edit HTTP/1.1" 200 8636 "-" "Mozilla/5.0 (Macintosh; Intel Mac OS X 10.15; rv:103.0) Gecko/20100101 Firefox/103.0"
85.25.177.139 - - [05/Nov/2022:13:11:36 +0100] "GET /PodCast/Integral?action=print HTTP/1.1" 200 9781 "-" "Mozilla/5.0 (Macintosh; Intel Mac OS X 10.15; rv:103.0) Gecko/20100101 Firefox/103.0"
85.25.177.139 - - [05/Nov/2022:13:13:05 +0100] "GET /PodCast/Integral?action=diff HTTP/1.1" 200 16907 "-" "Mozilla/5.0 (Macintosh; Intel Mac OS X 10.15; rv:103.0) Gecko/20100101 Firefox/103.0"
85.25.177.139 - - [05/Nov/2022:13:14:00 +0100] "GET /PodCast/Integral?action=upload HTTP/1.1" 200 8536 "-" "Mozilla/5.0 (Macintosh; Intel Mac OS X 10.15; rv:103.0) Gecko/20100101 Firefox/103.0"
85.25.177.139 - - [05/Nov/2022:13:14:42 +0100] "GET /PodCast/Gramatik?action=diff HTTP/1.1" 200 25864 "-" "Mozilla/5.0 (Macintosh; Intel Mac OS X 10.15; rv:103.0) Gecko/20100101 Firefox/103.0"
85.25.177.139 - - [05/Nov/2022:13:15:39 +0100] "GET /PodCast/Gramatik?action=edit HTTP/1.1" 200 8636 "-" "Mozilla/5.0 (Macintosh; Intel Mac OS X 10.15; rv:103.0) Gecko/20100101 Firefox/103.0"
85.25.177.139 - - [05/Nov/2022:13:16:59 +0100] "GET /PodCast/Gramatik?action=print HTTP/1.1" 200 17441 "-" "Mozilla/5.0 (Macintosh; Intel Mac OS X 10.15; rv:103.0) Gecko/20100101 Firefox/103.0"
85.25.177.139 - - [05/Nov/2022:13:18:11 +0100] "GET /PodCast/Gramatik?action=upload HTTP/1.1" 200 8536 "-" "Mozilla/5.0 (Macintosh; Intel Mac OS X 10.15; rv:103.0) Gecko/20100101 Firefox/103.0"
85.25.177.139 - - [05/Nov/2022:13:19:29 +0100] "GET /PodCast/PrSidNtewaal?action=edit HTTP/1.1" 200 8696 "-" "Mozilla/5.0 (Macintosh; Intel Mac OS X 10.15; rv:103.0) Gecko/20100101 Firefox/103.0"
85.25.177.139 - - [05/Nov/2022:13:21:59 +0100] "GET /PodCast/PrSidNtewaal?action=print HTTP/1.1" 200 2916 "-" "Mozilla/5.0 (Macintosh; Intel Mac OS X 10.15; rv:103.0) Gecko/20100101 Firefox/103.0"
85.25.177.139 - - [05/Nov/2022:13:23:27 +0100] "GET /PodCast/PrSidNtewaal?action=upload HTTP/1.1" 200 8596 "-" "Mozilla/5.0 (Macintosh; Intel Mac OS X 10.15; rv:103.0) Gecko/20100101 Firefox/103.0"
85.25.177.139 - - [05/Nov/2022:13:24:10 +0100] "GET /PodCast/PrSidNtewaal?action=diff HTTP/1.1" 200 13873 "-" "Mozilla/5.0 (Macintosh; Intel Mac OS X 10.15; rv:103.0) Gecko/20100101 Firefox/103.0"
85.25.177.139 - - [05/Nov/2022:13:25:28 +0100] "GET /Site/WGA5Herz?action=edit HTTP/1.1" 200 8597 "-" "Mozilla/5.0 (Macintosh; Intel Mac OS X 10.15; rv:103.0) Gecko/20100101 Firefox/103.0"
85.25.177.139 - - [05/Nov/2022:13:26:05 +0100] "GET /Site/WGA5Herz?action=print HTTP/1.1" 200 14355 "-" "Mozilla/5.0 (Macintosh; Intel Mac OS X 10.15; rv:103.0) Gecko/20100101 Firefox/103.0"
85.25.177.139 - - [05/Nov/2022:13:26:49 +0100] "GET /PodCast/Verlaine?action=upload HTTP/1.1" 200 8536 "-" "Mozilla/5.0 (Macintosh; Intel Mac OS X 10.15; rv:103.0) Gecko/20100101 Firefox/103.0"
85.25.177.139 - - [05/Nov/2022:13:27:44 +0100] "GET /PodCast/Verlaine?action=print HTTP/1.1" 200 3577 "-" "Mozilla/5.0 (Macintosh; Intel Mac OS X 10.15; rv:103.0) Gecko/20100101 Firefox/103.0"
85.25.177.139 - - [05/Nov/2022:13:30:31 +0100] "GET /PodCast/Verlaine?action=diff HTTP/1.1" 200 13286 "-" "Mozilla/5.0 (Macintosh; Intel Mac OS X 10.15; rv:103.0) Gecko/20100101 Firefox/103.0"
85.25.177.139 - - [05/Nov/2022:13:31:42 +0100] "GET /PodCast/Verlaine?action=edit HTTP/1.1" 200 8636 "-" "Mozilla/5.0 (Macintosh; Intel Mac OS X 10.15; rv:103.0) Gecko/20100101 Firefox/103.0"
85.25.177.139 - - [05/Nov/2022:13:32:21 +0100] "GET /Site/132MIringe1483?action=print HTTP/1.1" 404 2405 "-" "Mozilla/5.0 (Macintosh; Intel Mac OS X 10.15; rv:103.0) Gecko/20100101 Firefox/103.0"
85.25.177.139 - - [05/Nov/2022:13:33:20 +0100] "GET /Site/132MIringe1483?action=upload HTTP/1.1" 200 8583 "-" "Mozilla/5.0 (Macintosh; Intel Mac OS X 10.15; rv:103.0) Gecko/20100101 Firefox/103.0"
85.25.177.139 - - [05/Nov/2022:13:34:10 +0100] "GET /Site/132MIringe1483?action=diff HTTP/1.1" 200 9254 "-" "Mozilla/5.0 (Macintosh; Intel Mac OS X 10.15; rv:103.0) Gecko/20100101 Firefox/103.0"
85.25.177.139 - - [05/Nov/2022:13:35:02 +0100] "GET /PodCast/Glawbessund?action=edit HTTP/1.1" 200 8678 "-" "Mozilla/5.0 (Macintosh; Intel Mac OS X 10.15; rv:103.0) Gecko/20100101 Firefox/103.0"
85.25.177.139 - - [05/Nov/2022:13:36:05 +0100] "GET /Site/WGA3FrejersfuSs?action=upload HTTP/1.1" 200 8597 "-" "Mozilla/5.0 (Macintosh; Intel Mac OS X 10.15; rv:103.0) Gecko/20100101 Firefox/103.0"
194.209.200.2 - - [05/Nov/2022:13:36:09 +0100] "GET /robots.txt HTTP/1.1" 200 - "-" "Mozilla/5.0 (compatible; TMMBot/0.2; +http://www.dslab.ch)/Nutch-1.15"
194.209.200.2 - - [05/Nov/2022:13:36:09 +0100] "GET /Admin/Jahresbericht HTTP/1.1" 200 45530 "-" "Mozilla/5.0 (compatible; TMMBot/0.2; +http://www.dslab.ch)/Nutch-1.15"
194.209.200.2 - - [05/Nov/2022:13:36:28 +0100] "GET /Texte/Limericks HTTP/1.1" 200 8087 "-" "Mozilla/5.0 (compatible; TMMBot/0.2; +http://www.dslab.ch)/Nutch-1.15"
66.249.70.210 - - [05/Nov/2022:13:36:28 +0100] "GET /PodCast/IndexPage?action=rss HTTP/1.1" 200 6298 "-" "Mozilla/5.0 (compatible; Googlebot/2.1; +http://www.google.com/bot.html)"
194.209.200.2 - - [05/Nov/2022:13:36:33 +0100] "GET /Texte/Schrybwys HTTP/1.1" 200 11028 "-" "Mozilla/5.0 (compatible; TMMBot/0.2; +http://www.dslab.ch)/Nutch-1.15"
85.25.177.139 - - [05/Nov/2022:13:36:48 +0100] "GET /Site/WGA3FrejersfuSs?action=diff HTTP/1.1" 200 9270 "-" "Mozilla/5.0 (Macintosh; Intel Mac OS X 10.15; rv:103.0) Gecko/20100101 Firefox/103.0"
194.209.200.2 - - [05/Nov/2022:13:37:32 +0100] "GET /Texte/GDicht HTTP/1.1" 200 8050 "-" "Mozilla/5.0 (compatible; TMMBot/0.2; +http://www.dslab.ch)/Nutch-1.15"
85.25.177.139 - - [05/Nov/2022:13:37:52 +0100] "GET /Site/WGA3FrejersfuSs?action=print HTTP/1.1" 404 2409 "-" "Mozilla/5.0 (Macintosh; Intel Mac OS X 10.15; rv:103.0) Gecko/20100101 Firefox/103.0"
194.209.200.2 - - [05/Nov/2022:13:38:13 +0100] "GET /Texte/Metamorphoses HTTP/1.1" 200 9045 "-" "Mozilla/5.0 (compatible; TMMBot/0.2; +http://www.dslab.ch)/Nutch-1.15"
85.25.177.139 - - [05/Nov/2022:13:39:09 +0100] "GET /PodCast/Resoultat?action=upload HTTP/1.1" 200 8550 "-" "Mozilla/5.0 (Macintosh; Intel Mac OS X 10.15; rv:103.0) Gecko/20100101 Firefox/103.0"
85.25.177.139 - - [05/Nov/2022:13:41:00 +0100] "GET /PodCast/Resoultat?action=diff HTTP/1.1" 200 15047 "-" "Mozilla/5.0 (Macintosh; Intel Mac OS X 10.15; rv:103.0) Gecko/20100101 Firefox/103.0"
