185.191.171.45 - - [01/Dec/2022:11:59:23 +0100] "GET /PmWikiFr/TextFormattingRules?action=edit HTTP/1.1" 403 18 "-" "Mozilla/5.0 (compatible; SemrushBot/7~bl; +http://www.semrush.com/bot.html)"
85.25.185.196 - - [01/Dec/2022:11:59:24 +0100] "GET /Site/PodCast?action=edit&restore=diff:1283411305:1283113210:&preview=y HTTP/1.1" 200 8627 "-" "Mozilla/5.0 (Macintosh; Intel Mac OS X 10.15; rv:103.0) Gecko/20100101 Firefox/103.0"
185.191.171.4 - - [01/Dec/2022:11:59:45 +0100] "GET /PmWikiIt/DeletingPages?action=edit HTTP/1.1" 404 18 "-" "Mozilla/5.0 (compatible; SemrushBot/7~bl; +http://www.semrush.com/bot.html)"
85.25.185.196 - - [01/Dec/2022:12:00:06 +0100] "GET /Site/PodCast?action=edit&restore=diff:1353776197:1351703168:&preview=y HTTP/1.1" 200 8627 "-" "Mozilla/5.0 (Macintosh; Intel Mac OS X 10.15; rv:103.0) Gecko/20100101 Firefox/103.0"
185.191.171.9 - - [01/Dec/2022:12:00:52 +0100] "GET /PmWikiDe/InitialSetupTasks?action=upload HTTP/1.1" 403 18 "-" "Mozilla/5.0 (compatible; SemrushBot/7~bl; +http://www.semrush.com/bot.html)"
85.25.185.196 - - [01/Dec/2022:12:01:06 +0100] "GET /Site/PodCast?action=edit&restore=diff:1320339174:1320339008:&preview=y HTTP/1.1" 200 8627 "-" "Mozilla/5.0 (Macintosh; Intel Mac OS X 10.15; rv:103.0) Gecko/20100101 Firefox/103.0"
185.191.171.3 - - [01/Dec/2022:12:01:21 +0100] "GET /PmWikiNl/EditQuickReference?action=upload HTTP/1.1" 403 18 "-" "Mozilla/5.0 (compatible; SemrushBot/7~bl; +http://www.semrush.com/bot.html)"
185.191.171.7 - - [01/Dec/2022:12:01:59 +0100] "GET /PmWikiRu/WikiStyleExamples?action=diff HTTP/1.1" 403 18 "-" "Mozilla/5.0 (compatible; SemrushBot/7~bl; +http://www.semrush.com/bot.html)"
85.25.185.196 - - [01/Dec/2022:12:02:05 +0100] "GET /Site/PodCast?action=edit&restore=diff:1398106324:1398106292:&preview=y HTTP/1.1" 200 8627 "-" "Mozilla/5.0 (Macintosh; Intel Mac OS X 10.15; rv:103.0) Gecko/20100101 Firefox/103.0"
185.191.171.10 - - [01/Dec/2022:12:03:08 +0100] "GET /PmWikiFr/AuthUser?action=diff HTTP/1.1" 403 18 "-" "Mozilla/5.0 (compatible; SemrushBot/7~bl; +http://www.semrush.com/bot.html)"
85.25.185.196 - - [01/Dec/2022:12:03:23 +0100] "GET /Site/PodCast?action=diff&source=n&minor=y HTTP/1.1" 200 231157 "-" "Mozilla/5.0 (Macintosh; Intel Mac OS X 10.15; rv:103.0) Gecko/20100101 Firefox/103.0"
85.25.185.196 - - [01/Dec/2022:12:03:51 +0100] "GET /Site/PodCast?action=edit&restore=diff:1472673897:1472564823:&preview=y HTTP/1.1" 200 8627 "-" "Mozilla/5.0 (Macintosh; Intel Mac OS X 10.15; rv:103.0) Gecko/20100101 Firefox/103.0"
185.191.171.4 - - [01/Dec/2022:12:04:10 +0100] "GET /PmWikiDe/WikiNode?action=upload HTTP/1.1" 403 18 "-" "Mozilla/5.0 (compatible; SemrushBot/7~bl; +http://www.semrush.com/bot.html)"
185.191.171.1 - - [01/Dec/2022:12:04:50 +0100] "GET /PmWikiFr/Menu?action=upload HTTP/1.1" 403 18 "-" "Mozilla/5.0 (compatible; SemrushBot/7~bl; +http://www.semrush.com/bot.html)"
85.25.185.196 - - [01/Dec/2022:12:05:05 +0100] "GET /Site/PodCast?action=edit&restore=diff:1391098188:1391098069:&preview=y HTTP/1.1" 200 8627 "-" "Mozilla/5.0 (Macintosh; Intel Mac OS X 10.15; rv:103.0) Gecko/20100101 Firefox/103.0"
64.124.8.38 - - [01/Dec/2022:12:05:23 +0100] "GET /robots.txt HTTP/1.1" 200 - "-" "Mozilla/5.0 (X11; Linux x86_64) AppleWebKit/537.36 (KHTML, like Gecko) Chrome/61.0.3163.79 Safari/537.36"
64.124.8.38 - - [01/Dec/2022:12:05:23 +0100] "GET /PodCast/Schaidig1 HTTP/1.1" 200 19206 "-" "Mozilla/5.0 (X11; Linux x86_64) AppleWebKit/537.36 (KHTML, like Gecko) Chrome/61.0.3163.79 Safari/537.36"
185.191.171.3 - - [01/Dec/2022:12:05:24 +0100] "GET /PmWikiFr/SpecialCharactersList?action=edit HTTP/1.1" 404 18 "-" "Mozilla/5.0 (compatible; SemrushBot/7~bl; +http://www.semrush.com/bot.html)"
85.25.185.196 - - [01/Dec/2022:12:06:05 +0100] "GET /Site/PodCast?action=edit&restore=diff:1351703168:1351702473:&preview=y HTTP/1.1" 200 8627 "-" "Mozilla/5.0 (Macintosh; Intel Mac OS X 10.15; rv:103.0) Gecko/20100101 Firefox/103.0"
185.191.171.37 - - [01/Dec/2022:12:06:12 +0100] "GET /PmWikiIt/BasicEditing?action=upload HTTP/1.1" 403 18 "-" "Mozilla/5.0 (compatible; SemrushBot/7~bl; +http://www.semrush.com/bot.html)"
85.25.185.196 - - [01/Dec/2022:12:07:11 +0100] "GET /Site/PodCast?action=edit&restore=diff:1398105512:1398105404:&preview=y HTTP/1.1" 200 8627 "-" "Mozilla/5.0 (Macintosh; Intel Mac OS X 10.15; rv:103.0) Gecko/20100101 Firefox/103.0"
185.191.171.15 - - [01/Dec/2022:12:07:23 +0100] "GET /PmWikiRu/WikiTrails?action=print HTTP/1.1" 403 18 "-" "Mozilla/5.0 (compatible; SemrushBot/7~bl; +http://www.semrush.com/bot.html)"
185.191.171.15 - - [01/Dec/2022:12:07:43 +0100] "GET /PmWikiJa/SkinConfig?action=edit HTTP/1.1" 404 18 "-" "Mozilla/5.0 (compatible; SemrushBot/7~bl; +http://www.semrush.com/bot.html)"
85.25.185.196 - - [01/Dec/2022:12:08:19 +0100] "GET /Site/PodCast?action=edit&restore=diff:1462560734:1461947473:&preview=y HTTP/1.1" 200 8627 "-" "Mozilla/5.0 (Macintosh; Intel Mac OS X 10.15; rv:103.0) Gecko/20100101 Firefox/103.0"
185.191.171.11 - - [01/Dec/2022:12:08:30 +0100] "GET /PmWikiDe/Wikifarm?action=edit HTTP/1.1" 404 18 "-" "Mozilla/5.0 (compatible; SemrushBot/7~bl; +http://www.semrush.com/bot.html)"
85.25.185.196 - - [01/Dec/2022:12:09:21 +0100] "GET /Site/PodCast?action=edit&restore=diff:1425920275:1425485987:&preview=y HTTP/1.1" 200 8627 "-" "Mozilla/5.0 (Macintosh; Intel Mac OS X 10.15; rv:103.0) Gecko/20100101 Firefox/103.0"
85.25.185.196 - - [01/Dec/2022:12:10:18 +0100] "GET /Site/PodCast?action=edit&restore=diff:1492616500:1489943528:&preview=y HTTP/1.1" 200 8627 "-" "Mozilla/5.0 (Macintosh; Intel Mac OS X 10.15; rv:103.0) Gecko/20100101 Firefox/103.0"
185.191.171.43 - - [01/Dec/2022:12:10:35 +0100] "GET /PmWikiHu/InitialSetupTasks?action=edit HTTP/1.1" 404 18 "-" "Mozilla/5.0 (compatible; SemrushBot/7~bl; +http://www.semrush.com/bot.html)"
185.191.171.41 - - [01/Dec/2022:12:10:37 +0100] "GET /PmWikiVi/PmWikiVi?action=diff HTTP/1.1" 403 18 "-" "Mozilla/5.0 (compatible; SemrushBot/7~bl; +http://www.semrush.com/bot.html)"
185.191.171.24 - - [01/Dec/2022:12:11:13 +0100] "GET /PmWikiFr/A?action=search&fmt=title&q=link%3DPmWikiFr.WebHosts HTTP/1.1" 404 18 "-" "Mozilla/5.0 (compatible; SemrushBot/7~bl; +http://www.semrush.com/bot.html)"
185.191.171.39 - - [01/Dec/2022:12:11:18 +0100] "GET /PmWikiTa/PmWikiTa?action=upload HTTP/1.1" 403 18 "-" "Mozilla/5.0 (compatible; SemrushBot/7~bl; +http://www.semrush.com/bot.html)"
85.25.185.196 - - [01/Dec/2022:12:11:48 +0100] "GET /Site/PodCast?action=edit&restore=diff:1337181598:1336406138:&preview=y HTTP/1.1" 200 8627 "-" "Mozilla/5.0 (Macintosh; Intel Mac OS X 10.15; rv:103.0) Gecko/20100101 Firefox/103.0"
185.191.171.38 - - [01/Dec/2022:12:11:50 +0100] "GET /PmWikiPo/PmWikiPo?action=diff HTTP/1.1" 403 18 "-" "Mozilla/5.0 (compatible; SemrushBot/7~bl; +http://www.semrush.com/bot.html)"
185.191.171.16 - - [01/Dec/2022:12:11:59 +0100] "GET /PmWikiRu/MarkupMasterIndex?action=edit HTTP/1.1" 403 18 "-" "Mozilla/5.0 (compatible; SemrushBot/7~bl; +http://www.semrush.com/bot.html)"
85.25.185.196 - - [01/Dec/2022:12:12:52 +0100] "GET /Site/PodCast?action=edit&restore=diff:1398958916:1398108789:&preview=y HTTP/1.1" 200 8627 "-" "Mozilla/5.0 (Macintosh; Intel Mac OS X 10.15; rv:103.0) Gecko/20100101 Firefox/103.0"
85.25.185.196 - - [01/Dec/2022:12:14:01 +0100] "GET /Site/PodCast?action=edit&restore=diff:1475920922:1475920420:&preview=y HTTP/1.1" 200 8627 "-" "Mozilla/5.0 (Macintosh; Intel Mac OS X 10.15; rv:103.0) Gecko/20100101 Firefox/103.0"
185.191.171.2 - - [01/Dec/2022:12:14:39 +0100] "GET /PmWikiRu/InitialSetupTasks?action=upload HTTP/1.1" 403 18 "-" "Mozilla/5.0 (compatible; SemrushBot/7~bl; +http://www.semrush.com/bot.html)"
85.25.185.196 - - [01/Dec/2022:12:15:25 +0100] "GET /Site/PodCast?action=edit&restore=diff:1314902815:1314902735:&preview=y HTTP/1.1" 200 8627 "-" "Mozilla/5.0 (Macintosh; Intel Mac OS X 10.15; rv:103.0) Gecko/20100101 Firefox/103.0"
185.191.171.38 - - [01/Dec/2022:12:16:02 +0100] "GET /PmWikiFr/ChangementDuGroupePrincipal?action=edit HTTP/1.1" 403 18 "-" "Mozilla/5.0 (compatible; SemrushBot/7~bl; +http://www.semrush.com/bot.html)"
185.191.171.24 - - [01/Dec/2022:12:16:39 +0100] "GET /PmWikiRu/BackupAndRestore?action=print HTTP/1.1" 403 18 "-" "Mozilla/5.0 (compatible; SemrushBot/7~bl; +http://www.semrush.com/bot.html)"
185.191.171.39 - - [01/Dec/2022:12:17:42 +0100] "GET /PmWikiFr/LayoutAdvanced?action=edit HTTP/1.1" 403 18 "-" "Mozilla/5.0 (compatible; SemrushBot/7~bl; +http://www.semrush.com/bot.html)"
185.191.171.38 - - [01/Dec/2022:12:18:07 +0100] "GET /PmWikiDe/Passwords?action=print HTTP/1.1" 403 18 "-" "Mozilla/5.0 (compatible; SemrushBot/7~bl; +http://www.semrush.com/bot.html)"
185.191.171.4 - - [01/Dec/2022:12:18:37 +0100] "GET /PmWikiRu/Categories?action=upload HTTP/1.1" 403 18 "-" "Mozilla/5.0 (compatible; SemrushBot/7~bl; +http://www.semrush.com/bot.html)"
85.25.185.196 - - [01/Dec/2022:12:18:44 +0100] "GET /Site/PodCast?action=edit&restore=diff:1339516479:1338986805:&preview=y HTTP/1.1" 200 8627 "-" "Mozilla/5.0 (Macintosh; Intel Mac OS X 10.15; rv:103.0) Gecko/20100101 Firefox/103.0"
185.191.171.11 - - [01/Dec/2022:12:18:48 +0100] "GET /PmWikiFr/DocumentationAudiences?action=print HTTP/1.1" 403 18 "-" "Mozilla/5.0 (compatible; SemrushBot/7~bl; +http://www.semrush.com/bot.html)"
85.25.185.196 - - [01/Dec/2022:12:19:54 +0100] "GET /Site/PodCast?action=edit&restore=diff:1393002993:1393002451:&preview=y HTTP/1.1" 200 8627 "-" "Mozilla/5.0 (Macintosh; Intel Mac OS X 10.15; rv:103.0) Gecko/20100101 Firefox/103.0"
216.244.66.243 - - [01/Dec/2022:12:20:21 +0100] "GET /robots.txt HTTP/1.1" 200 - "-" "Mozilla/5.0 (compatible; DotBot/1.2; +https://opensiteexplorer.org/dotbot; help@moz.com)"
185.191.171.2 - - [01/Dec/2022:12:21:17 +0100] "GET /PmWikiDe/Forms?action=print HTTP/1.1" 403 18 "-" "Mozilla/5.0 (compatible; SemrushBot/7~bl; +http://www.semrush.com/bot.html)"
85.25.185.196 - - [01/Dec/2022:12:21:44 +0100] "GET /Site/PodCast?action=edit&restore=diff:1322758369:1322758300:&preview=y HTTP/1.1" 200 8627 "-" "Mozilla/5.0 (Macintosh; Intel Mac OS X 10.15; rv:103.0) Gecko/20100101 Firefox/103.0"
40.77.167.99 - - [01/Dec/2022:12:22:03 +0100] "GET /robots.txt HTTP/1.1" 200 - "-" "Mozilla/5.0 AppleWebKit/537.36 (KHTML, like Gecko; compatible; bingbot/2.0; +http://www.bing.com/bingbot.htm) Chrome/103.0.5060.134 Safari/537.36"
157.55.39.194 - - [01/Dec/2022:12:22:06 +0100] "GET /Site/Search?pagename=Site%2FSearch&q= HTTP/1.1" 200 10615 "-" "Mozilla/5.0 AppleWebKit/537.36 (KHTML, like Gecko; compatible; bingbot/2.0; +http://www.bing.com/bingbot.htm) Chrome/103.0.5060.134 Safari/537.36"
185.191.171.16 - - [01/Dec/2022:12:22:24 +0100] "GET /PmWikiRu/Contributors?action=upload HTTP/1.1" 403 18 "-" "Mozilla/5.0 (compatible; SemrushBot/7~bl; +http://www.semrush.com/bot.html)"
185.191.171.24 - - [01/Dec/2022:12:23:20 +0100] "GET /PmWikiDe/SimpleTables?action=diff HTTP/1.1" 403 18 "-" "Mozilla/5.0 (compatible; SemrushBot/7~bl; +http://www.semrush.com/bot.html)"
85.25.185.196 - - [01/Dec/2022:12:24:10 +0100] "GET /Site/PodCast?action=edit&restore=diff:1398105900:1398105512:&preview=y HTTP/1.1" 200 8627 "-" "Mozilla/5.0 (Macintosh; Intel Mac OS X 10.15; rv:103.0) Gecko/20100101 Firefox/103.0"
157.55.39.105 - - [01/Dec/2022:12:24:20 +0100] "GET /PodCast/UberGebuure?action=print HTTP/1.1" 403 18 "-" "Mozilla/5.0 (compatible; bingbot/2.0; +http://www.bing.com/bingbot.htm)"
185.191.171.7 - - [01/Dec/2022:12:24:25 +0100] "GET /PmWikiRu/A?action=search&fmt=title&q=link%3DPmWikiRu.TextFormattingRules HTTP/1.1" 404 18 "-" "Mozilla/5.0 (compatible; SemrushBot/7~bl; +http://www.semrush.com/bot.html)"
185.191.171.2 - - [01/Dec/2022:12:24:53 +0100] "GET /PmWikiFr/Installation?action=upload HTTP/1.1" 403 18 "-" "Mozilla/5.0 (compatible; SemrushBot/7~bl; +http://www.semrush.com/bot.html)"
185.191.171.26 - - [01/Dec/2022:12:25:05 +0100] "GET /PmWikiFr/WikiTrails?action=diff HTTP/1.1" 403 18 "-" "Mozilla/5.0 (compatible; SemrushBot/7~bl; +http://www.semrush.com/bot.html)"
185.191.171.19 - - [01/Dec/2022:12:25:15 +0100] "GET /PmWikiFr/Directives?action=diff HTTP/1.1" 403 18 "-" "Mozilla/5.0 (compatible; SemrushBot/7~bl; +http://www.semrush.com/bot.html)"
85.25.185.196 - - [01/Dec/2022:12:25:56 +0100] "GET /Site/PodCast?action=edit&restore=diff:1447019498:1447019033:&preview=y HTTP/1.1" 200 8627 "-" "Mozilla/5.0 (Macintosh; Intel Mac OS X 10.15; rv:103.0) Gecko/20100101 Firefox/103.0"
157.55.39.48 - - [01/Dec/2022:12:25:57 +0100] "GET /Texte/Bitterbeuhsi?action=edit HTTP/1.1" 403 18 "-" "Mozilla/5.0 AppleWebKit/537.36 (KHTML, like Gecko; compatible; bingbot/2.0; +http://www.bing.com/bingbot.htm) Chrome/103.0.5060.134 Safari/537.36"
185.191.171.25 - - [01/Dec/2022:12:26:19 +0100] "GET /PmWikiRu/Security?action=edit HTTP/1.1" 403 18 "-" "Mozilla/5.0 (compatible; SemrushBot/7~bl; +http://www.semrush.com/bot.html)"
85.25.185.196 - - [01/Dec/2022:12:26:36 +0100] "GET /Site/PodCast?action=edit&restore=diff:1350918012:1350228156:&preview=y HTTP/1.1" 200 8627 "-" "Mozilla/5.0 (Macintosh; Intel Mac OS X 10.15; rv:103.0) Gecko/20100101 Firefox/103.0"
185.191.171.22 - - [01/Dec/2022:12:26:53 +0100] "GET /PmWikiIt/StatoDellaTraduzione?action=edit HTTP/1.1" 403 18 "-" "Mozilla/5.0 (compatible; SemrushBot/7~bl; +http://www.semrush.com/bot.html)"
185.191.171.4 - - [01/Dec/2022:12:26:58 +0100] "GET /PmWikiIt/PaginaProva HTTP/1.1" 200 8530 "-" "Mozilla/5.0 (compatible; SemrushBot/7~bl; +http://www.semrush.com/bot.html)"
85.25.185.196 - - [01/Dec/2022:12:27:58 +0100] "GET /Site/PodCast?action=edit&restore=diff:1339516577:1339516479:&preview=y HTTP/1.1" 200 8627 "-" "Mozilla/5.0 (Macintosh; Intel Mac OS X 10.15; rv:103.0) Gecko/20100101 Firefox/103.0"
185.191.171.21 - - [01/Dec/2022:12:28:13 +0100] "GET /robots.txt HTTP/1.1" 200 - "-" "Mozilla/5.0 (compatible; SemrushBot/7~bl; +http://www.semrush.com/bot.html)"
185.191.171.24 - - [01/Dec/2022:12:28:13 +0100] "GET /PmWikiDe/PageHistory?action=edit HTTP/1.1" 403 18 "-" "Mozilla/5.0 (compatible; SemrushBot/7~bl; +http://www.semrush.com/bot.html)"
85.25.185.196 - - [01/Dec/2022:12:29:18 +0100] "GET /Site/PodCast?action=edit&restore=diff:1318705433:1318705287:&preview=y HTTP/1.1" 200 8627 "-" "Mozilla/5.0 (Macintosh; Intel Mac OS X 10.15; rv:103.0) Gecko/20100101 Firefox/103.0"
185.191.171.22 - - [01/Dec/2022:12:29:59 +0100] "GET /PmWikiDe/PageNotFound?action=print HTTP/1.1" 403 18 "-" "Mozilla/5.0 (compatible; SemrushBot/7~bl; +http://www.semrush.com/bot.html)"
185.191.171.44 - - [01/Dec/2022:12:30:22 +0100] "GET /PmWikiRu/Contributors HTTP/1.1" 200 13255 "-" "Mozilla/5.0 (compatible; SemrushBot/7~bl; +http://www.semrush.com/bot.html)"
85.25.185.196 - - [01/Dec/2022:12:30:43 +0100] "GET /Site/PodCast?action=edit&restore=diff:1472564312:1472549257:&preview=y HTTP/1.1" 200 8627 "-" "Mozilla/5.0 (Macintosh; Intel Mac OS X 10.15; rv:103.0) Gecko/20100101 Firefox/103.0"
185.191.171.35 - - [01/Dec/2022:12:31:29 +0100] "GET /PmWikiIt/IndiceDocumentazione?action=print HTTP/1.1" 403 18 "-" "Mozilla/5.0 (compatible; SemrushBot/7~bl; +http://www.semrush.com/bot.html)"
85.25.185.196 - - [01/Dec/2022:12:32:14 +0100] "GET /Site/PodCast?action=edit&restore=diff:1367507830:1367507185:&preview=y HTTP/1.1" 200 8627 "-" "Mozilla/5.0 (Macintosh; Intel Mac OS X 10.15; rv:103.0) Gecko/20100101 Firefox/103.0"
185.191.171.7 - - [01/Dec/2022:12:32:16 +0100] "GET /PmWikiFr/Variables?action=diff HTTP/1.1" 403 18 "-" "Mozilla/5.0 (compatible; SemrushBot/7~bl; +http://www.semrush.com/bot.html)"
185.191.171.11 - - [01/Dec/2022:12:32:26 +0100] "GET /PmWikiFr/Notify?action=edit HTTP/1.1" 403 18 "-" "Mozilla/5.0 (compatible; SemrushBot/7~bl; +http://www.semrush.com/bot.html)"
185.191.171.21 - - [01/Dec/2022:12:32:38 +0100] "GET /PmWikiDe/I18nVariablen?action=diff HTTP/1.1" 403 18 "-" "Mozilla/5.0 (compatible; SemrushBot/7~bl; +http://www.semrush.com/bot.html)"
185.191.171.1 - - [01/Dec/2022:12:33:11 +0100] "GET /PmWikiFr/AttributsDeGroupe?action=print HTTP/1.1" 403 18 "-" "Mozilla/5.0 (compatible; SemrushBot/7~bl; +http://www.semrush.com/bot.html)"
85.25.185.196 - - [01/Dec/2022:12:33:21 +0100] "GET /Site/PodCast?action=edit&restore=diff:1387558558:1385062499:&preview=y HTTP/1.1" 200 8627 "-" "Mozilla/5.0 (Macintosh; Intel Mac OS X 10.15; rv:103.0) Gecko/20100101 Firefox/103.0"
185.191.171.35 - - [01/Dec/2022:12:34:27 +0100] "GET /PmWikiRu/WikiWikiWeb?action=print HTTP/1.1" 403 18 "-" "Mozilla/5.0 (compatible; SemrushBot/7~bl; +http://www.semrush.com/bot.html)"
85.25.185.196 - - [01/Dec/2022:12:34:31 +0100] "GET /Site/PodCast?action=edit&restore=diff:1434654964:1430857307:&preview=y HTTP/1.1" 200 8627 "-" "Mozilla/5.0 (Macintosh; Intel Mac OS X 10.15; rv:103.0) Gecko/20100101 Firefox/103.0"
185.191.171.33 - - [01/Dec/2022:12:35:01 +0100] "GET /PmWikiDe/PasswordsAdmin HTTP/1.1" 200 6842 "-" "Mozilla/5.0 (compatible; SemrushBot/7~bl; +http://www.semrush.com/bot.html)"
185.191.171.8 - - [01/Dec/2022:12:35:12 +0100] "GET /PmWikiFr/ConfigurationLocale?action=edit HTTP/1.1" 404 18 "-" "Mozilla/5.0 (compatible; SemrushBot/7~bl; +http://www.semrush.com/bot.html)"
185.191.171.38 - - [01/Dec/2022:12:35:18 +0100] "GET /PmWikiFr/DocumentationIndex?action=edit HTTP/1.1" 404 18 "-" "Mozilla/5.0 (compatible; SemrushBot/7~bl; +http://www.semrush.com/bot.html)"
185.191.171.34 - - [01/Dec/2022:12:36:08 +0100] "GET /PmWikiFr/Upgrades?action=edit HTTP/1.1" 403 18 "-" "Mozilla/5.0 (compatible; SemrushBot/7~bl; +http://www.semrush.com/bot.html)"
185.191.171.43 - - [01/Dec/2022:12:36:42 +0100] "GET /PmWikiRu/CreatingNewPages?action=edit HTTP/1.1" 403 18 "-" "Mozilla/5.0 (compatible; SemrushBot/7~bl; +http://www.semrush.com/bot.html)"
185.191.171.6 - - [01/Dec/2022:12:36:59 +0100] "GET /PmWikiPtBr/ReferenciaRapidaEdicao?action=edit HTTP/1.1" 403 18 "-" "Mozilla/5.0 (compatible; SemrushBot/7~bl; +http://www.semrush.com/bot.html)"
85.25.185.196 - - [01/Dec/2022:12:37:02 +0100] "GET /Site/PodCast?action=edit&restore=diff:1371287435:1368869934:&preview=y HTTP/1.1" 200 8627 "-" "Mozilla/5.0 (Macintosh; Intel Mac OS X 10.15; rv:103.0) Gecko/20100101 Firefox/103.0"
185.191.171.3 - - [01/Dec/2022:12:37:10 +0100] "GET /PmWikiRu/A?action=search&fmt=title&q=link%3DPmWikiRu.Contributors HTTP/1.1" 404 18 "-" "Mozilla/5.0 (compatible; SemrushBot/7~bl; +http://www.semrush.com/bot.html)"
185.191.171.36 - - [01/Dec/2022:12:37:29 +0100] "GET /PmWikiRu/A?action=search&fmt=title&q=link%3DPmWikiRu.Requirements HTTP/1.1" 404 18 "-" "Mozilla/5.0 (compatible; SemrushBot/7~bl; +http://www.semrush.com/bot.html)"
85.25.185.196 - - [01/Dec/2022:12:37:53 +0100] "GET /Site/PodCast?action=edit&restore=diff:1397752559:1397752483:&preview=y HTTP/1.1" 200 8627 "-" "Mozilla/5.0 (Macintosh; Intel Mac OS X 10.15; rv:103.0) Gecko/20100101 Firefox/103.0"
185.191.171.37 - - [01/Dec/2022:12:39:20 +0100] "GET /PmWikiFr/LesFermesEnBref?action=upload HTTP/1.1" 403 18 "-" "Mozilla/5.0 (compatible; SemrushBot/7~bl; +http://www.semrush.com/bot.html)"
85.25.185.196 - - [01/Dec/2022:12:39:26 +0100] "GET /Site/PodCast?action=edit&restore=diff:1430857307:1429728782:&preview=y HTTP/1.1" 200 8627 "-" "Mozilla/5.0 (Macintosh; Intel Mac OS X 10.15; rv:103.0) Gecko/20100101 Firefox/103.0"
185.191.171.43 - - [01/Dec/2022:12:40:17 +0100] "GET /PmWiki/DonationsPage?action=edit HTTP/1.1" 404 18 "-" "Mozilla/5.0 (compatible; SemrushBot/7~bl; +http://www.semrush.com/bot.html)"
185.191.171.16 - - [01/Dec/2022:12:40:32 +0100] "GET /PmWikiDe/WikiTrails?action=diff HTTP/1.1" 403 18 "-" "Mozilla/5.0 (compatible; SemrushBot/7~bl; +http://www.semrush.com/bot.html)"
85.25.185.196 - - [01/Dec/2022:12:41:24 +0100] "GET /Site/PodCast?action=edit&restore=diff:1314902893:1314902815:&preview=y HTTP/1.1" 200 8627 "-" "Mozilla/5.0 (Macintosh; Intel Mac OS X 10.15; rv:103.0) Gecko/20100101 Firefox/103.0"
85.25.185.196 - - [01/Dec/2022:12:41:56 +0100] "GET /Site/PodCast?action=edit&restore=diff:1454699579:1454699533:&preview=y HTTP/1.1" 200 8627 "-" "Mozilla/5.0 (Macintosh; Intel Mac OS X 10.15; rv:103.0) Gecko/20100101 Firefox/103.0"
85.25.185.196 - - [01/Dec/2022:12:42:46 +0100] "GET /Site/PodCast?action=edit&restore=diff:1428077077:1427991381:&preview=y HTTP/1.1" 200 8627 "-" "Mozilla/5.0 (Macintosh; Intel Mac OS X 10.15; rv:103.0) Gecko/20100101 Firefox/103.0"
185.191.171.8 - - [01/Dec/2022:12:42:57 +0100] "GET /PmWikiDe/Contributors?action=print HTTP/1.1" 403 18 "-" "Mozilla/5.0 (compatible; SemrushBot/7~bl; +http://www.semrush.com/bot.html)"
185.191.171.37 - - [01/Dec/2022:12:44:17 +0100] "GET /Site/AllRecentChangesShort?action=edit HTTP/1.1" 404 18 "-" "Mozilla/5.0 (compatible; SemrushBot/7~bl; +http://www.semrush.com/bot.html)"
185.191.171.24 - - [01/Dec/2022:12:44:24 +0100] "GET /PmWikiPtBr/RegrasFormatacaoTexto?action=print HTTP/1.1" 403 18 "-" "Mozilla/5.0 (compatible; SemrushBot/7~bl; +http://www.semrush.com/bot.html)"
216.244.66.243 - - [01/Dec/2022:12:44:48 +0100] "GET /uploads/Site/Gspr%E8uhch.mp3 HTTP/1.1" 200 29187978 "-" "Mozilla/5.0 (compatible; DotBot/1.2; +https://opensiteexplorer.org/dotbot; help@moz.com)"
85.25.185.196 - - [01/Dec/2022:12:45:00 +0100] "GET /Site/PodCast?action=edit&restore=diff:1364919940:1364919836:&preview=y HTTP/1.1" 200 8627 "-" "Mozilla/5.0 (Macintosh; Intel Mac OS X 10.15; rv:103.0) Gecko/20100101 Firefox/103.0"
194.209.200.2 - - [01/Dec/2022:12:45:00 +0100] "GET /robots.txt HTTP/1.1" 200 - "-" "Mozilla/5.0 (compatible; TMMBot/0.2; +http://www.dslab.ch)/Nutch-1.15"
194.209.200.2 - - [01/Dec/2022:12:45:00 +0100] "GET /Texte/Limericks HTTP/1.1" 200 8087 "-" "Mozilla/5.0 (compatible; TMMBot/0.2; +http://www.dslab.ch)/Nutch-1.15"
194.209.200.2 - - [01/Dec/2022:12:45:04 +0100] "GET /Texte/Schrybwys HTTP/1.1" 200 11028 "-" "Mozilla/5.0 (compatible; TMMBot/0.2; +http://www.dslab.ch)/Nutch-1.15"
85.25.185.196 - - [01/Dec/2022:12:46:03 +0100] "GET /Site/PodCast?action=edit&restore=diff:1317462362:1316891761:&preview=y HTTP/1.1" 200 8627 "-" "Mozilla/5.0 (Macintosh; Intel Mac OS X 10.15; rv:103.0) Gecko/20100101 Firefox/103.0"
194.209.200.2 - - [01/Dec/2022:12:46:06 +0100] "GET /Texte/GDicht HTTP/1.1" 200 8050 "-" "Mozilla/5.0 (compatible; TMMBot/0.2; +http://www.dslab.ch)/Nutch-1.15"
185.191.171.3 - - [01/Dec/2022:12:46:49 +0100] "GET /Texte/Styluebige?action=upload HTTP/1.1" 403 18 "-" "Mozilla/5.0 (compatible; SemrushBot/7~bl; +http://www.semrush.com/bot.html)"
185.191.171.26 - - [01/Dec/2022:12:47:00 +0100] "GET /PmWikiDe/UpgradingFromPmWiki1?action=upload HTTP/1.1" 403 18 "-" "Mozilla/5.0 (compatible; SemrushBot/7~bl; +http://www.semrush.com/bot.html)"
207.46.13.111 - - [01/Dec/2022:12:47:04 +0100] "GET /Bestellen/Pschtellformoular?action=upload HTTP/1.1" 403 18 "-" "Mozilla/5.0 AppleWebKit/537.36 (KHTML, like Gecko; compatible; bingbot/2.0; +http://www.bing.com/bingbot.htm) Chrome/103.0.5060.134 Safari/537.36"
85.25.185.196 - - [01/Dec/2022:12:47:13 +0100] "GET /Site/PodCast?action=edit&restore=diff:1295889164:1295889052:&preview=y HTTP/1.1" 200 8627 "-" "Mozilla/5.0 (Macintosh; Intel Mac OS X 10.15; rv:103.0) Gecko/20100101 Firefox/103.0"
185.191.171.43 - - [01/Dec/2022:12:47:40 +0100] "GET /PmWikiJa/WikiFarmStepByStep?action=diff HTTP/1.1" 403 18 "-" "Mozilla/5.0 (compatible; SemrushBot/7~bl; +http://www.semrush.com/bot.html)"
185.191.171.45 - - [01/Dec/2022:12:47:54 +0100] "GET /Profiles/Ugo?action=edit HTTP/1.1" 404 18 "-" "Mozilla/5.0 (compatible; SemrushBot/7~bl; +http://www.semrush.com/bot.html)"
185.191.171.45 - - [01/Dec/2022:12:48:08 +0100] "GET /PmWikiHu/PmWikiHu?action=edit HTTP/1.1" 403 18 "-" "Mozilla/5.0 (compatible; SemrushBot/7~bl; +http://www.semrush.com/bot.html)"
85.25.185.196 - - [01/Dec/2022:12:48:09 +0100] "GET /Site/PodCast?action=edit&restore=diff:1427991381:1427123461:&preview=y HTTP/1.1" 200 8627 "-" "Mozilla/5.0 (Macintosh; Intel Mac OS X 10.15; rv:103.0) Gecko/20100101 Firefox/103.0"
185.191.171.34 - - [01/Dec/2022:12:48:11 +0100] "GET /PmWikiNl/RecentChanges?action=edit HTTP/1.1" 404 18 "-" "Mozilla/5.0 (compatible; SemrushBot/7~bl; +http://www.semrush.com/bot.html)"
194.209.200.2 - - [01/Dec/2022:12:48:34 +0100] "GET /Admin/Pro-ZurituutschStatuten HTTP/1.1" 200 9580 "-" "Mozilla/5.0 (compatible; TMMBot/0.2; +http://www.dslab.ch)/Nutch-1.15"
185.191.171.12 - - [01/Dec/2022:12:49:02 +0100] "GET /PmWikiFr/BacSable?action=edit HTTP/1.1" 404 18 "-" "Mozilla/5.0 (compatible; SemrushBot/7~bl; +http://www.semrush.com/bot.html)"
185.191.171.3 - - [01/Dec/2022:12:49:50 +0100] "GET /PmWikiDe/Anfangspasswoerter?action=edit HTTP/1.1" 403 18 "-" "Mozilla/5.0 (compatible; SemrushBot/7~bl; +http://www.semrush.com/bot.html)"
85.25.185.196 - - [01/Dec/2022:12:50:29 +0100] "GET /Site/PodCast?action=diff&source=y&minor=n HTTP/1.1" 200 219922 "-" "Mozilla/5.0 (Macintosh; Intel Mac OS X 10.15; rv:103.0) Gecko/20100101 Firefox/103.0"
185.191.171.41 - - [01/Dec/2022:12:51:02 +0100] "GET /PmWikiJa/Cookbook?action=upload HTTP/1.1" 403 18 "-" "Mozilla/5.0 (compatible; SemrushBot/7~bl; +http://www.semrush.com/bot.html)"
85.25.185.196 - - [01/Dec/2022:12:51:17 +0100] "GET /Site/PodCast?action=edit&restore=diff:1492788120:1492616508:&preview=y HTTP/1.1" 200 8627 "-" "Mozilla/5.0 (Macintosh; Intel Mac OS X 10.15; rv:103.0) Gecko/20100101 Firefox/103.0"
185.191.171.6 - - [01/Dec/2022:12:52:02 +0100] "GET /PmWikiNl/EditQuickReference?action=print HTTP/1.1" 403 18 "-" "Mozilla/5.0 (compatible; SemrushBot/7~bl; +http://www.semrush.com/bot.html)"
185.191.171.38 - - [01/Dec/2022:12:52:26 +0100] "GET /PmWikiDe/CustomInterMap?action=edit HTTP/1.1" 403 18 "-" "Mozilla/5.0 (compatible; SemrushBot/7~bl; +http://www.semrush.com/bot.html)"
157.55.39.105 - - [01/Dec/2022:12:53:12 +0100] "GET /PodCast/StroubiZyt2?action=upload HTTP/1.1" 403 18 "-" "Mozilla/5.0 AppleWebKit/537.36 (KHTML, like Gecko; compatible; bingbot/2.0; +http://www.bing.com/bingbot.htm) Chrome/103.0.5060.134 Safari/537.36"
185.191.171.42 - - [01/Dec/2022:12:53:34 +0100] "GET /PmWikiDe/DocumentationIndex?action=print HTTP/1.1" 403 18 "-" "Mozilla/5.0 (compatible; SemrushBot/7~bl; +http://www.semrush.com/bot.html)"
85.25.185.196 - - [01/Dec/2022:12:53:53 +0100] "GET /Site/PodCast?action=edit&restore=diff:1314426460:1312144146:&preview=y HTTP/1.1" 200 8627 "-" "Mozilla/5.0 (Macintosh; Intel Mac OS X 10.15; rv:103.0) Gecko/20100101 Firefox/103.0"
157.55.39.105 - - [01/Dec/2022:12:54:12 +0100] "GET /JissIBNJoussouff3/01 HTTP/1.1" 200 8171 "-" "Mozilla/5.0 AppleWebKit/537.36 (KHTML, like Gecko; compatible; bingbot/2.0; +http://www.bing.com/bingbot.htm) Chrome/103.0.5060.134 Safari/537.36"
185.191.171.23 - - [01/Dec/2022:12:54:26 +0100] "GET /PmWikiPtBr/ListaPaginasGrupo?action=edit HTTP/1.1" 403 18 "-" "Mozilla/5.0 (compatible; SemrushBot/7~bl; +http://www.semrush.com/bot.html)"
194.209.200.2 - - [01/Dec/2022:12:54:29 +0100] "GET /robots.txt HTTP/1.1" 200 - "-" "Mozilla/5.0 (compatible; TMMBot/0.2; +http://www.dslab.ch)/Nutch-1.15"
194.209.200.2 - - [01/Dec/2022:12:54:29 +0100] "GET /Texte/Limericks HTTP/1.1" 200 8087 "-" "Mozilla/5.0 (compatible; TMMBot/0.2; +http://www.dslab.ch)/Nutch-1.15"
194.209.200.2 - - [01/Dec/2022:12:54:33 +0100] "GET /Texte/Schrybwys HTTP/1.1" 200 11028 "-" "Mozilla/5.0 (compatible; TMMBot/0.2; +http://www.dslab.ch)/Nutch-1.15"
85.25.185.196 - - [01/Dec/2022:12:54:59 +0100] "GET /Site/PodCast?action=edit&restore=diff:1331053642:1330102671:&preview=y HTTP/1.1" 200 8627 "-" "Mozilla/5.0 (Macintosh; Intel Mac OS X 10.15; rv:103.0) Gecko/20100101 Firefox/103.0"
185.191.171.26 - - [01/Dec/2022:12:55:01 +0100] "GET /Texte/ZurcherischEnglish?action=edit HTTP/1.1" 403 18 "-" "Mozilla/5.0 (compatible; SemrushBot/7~bl; +http://www.semrush.com/bot.html)"
185.191.171.24 - - [01/Dec/2022:12:55:03 +0100] "GET /PmWikiRu/MailingLists?action=edit HTTP/1.1" 404 18 "-" "Mozilla/5.0 (compatible; SemrushBot/7~bl; +http://www.semrush.com/bot.html)"
194.209.200.2 - - [01/Dec/2022:12:55:34 +0100] "GET /Texte/GDicht HTTP/1.1" 200 8050 "-" "Mozilla/5.0 (compatible; TMMBot/0.2; +http://www.dslab.ch)/Nutch-1.15"
157.55.39.194 - - [01/Dec/2022:12:55:39 +0100] "GET /PodCast/Apvantyv?action=print HTTP/1.1" 403 18 "-" "Mozilla/5.0 AppleWebKit/537.36 (KHTML, like Gecko; compatible; bingbot/2.0; +http://www.bing.com/bingbot.htm) Chrome/103.0.5060.134 Safari/537.36"
185.191.171.33 - - [01/Dec/2022:12:56:04 +0100] "GET /PmWikiDe/PageNotFound?action=edit HTTP/1.1" 403 18 "-" "Mozilla/5.0 (compatible; SemrushBot/7~bl; +http://www.semrush.com/bot.html)"
185.191.171.16 - - [01/Dec/2022:12:56:41 +0100] "GET /PmWikiFr/WikiWikiWeb?action=diff HTTP/1.1" 403 18 "-" "Mozilla/5.0 (compatible; SemrushBot/7~bl; +http://www.semrush.com/bot.html)"
66.249.76.220 - - [01/Dec/2022:12:57:02 +0100] "GET /PodCast/IndexPage?action=rss HTTP/1.1" 200 6298 "-" "Mozilla/5.0 (compatible; Googlebot/2.1; +http://www.google.com/bot.html)"
85.25.185.196 - - [01/Dec/2022:12:57:41 +0100] "GET /Site/PodCast?action=edit&restore=diff:1489943528:1487194399:&preview=y HTTP/1.1" 200 8627 "-" "Mozilla/5.0 (Macintosh; Intel Mac OS X 10.15; rv:103.0) Gecko/20100101 Firefox/103.0"
185.191.171.37 - - [01/Dec/2022:12:57:49 +0100] "GET /PmWikiDe/InitialSetupTasks?action=diff HTTP/1.1" 403 18 "-" "Mozilla/5.0 (compatible; SemrushBot/7~bl; +http://www.semrush.com/bot.html)"
194.209.200.2 - - [01/Dec/2022:12:57:57 +0100] "GET /Admin/Pro-ZurituutschStatuten HTTP/1.1" 200 9580 "-" "Mozilla/5.0 (compatible; TMMBot/0.2; +http://www.dslab.ch)/Nutch-1.15"
185.191.171.15 - - [01/Dec/2022:12:59:05 +0100] "GET /PmWikiCs/ProhledatWiki?action=upload HTTP/1.1" 403 18 "-" "Mozilla/5.0 (compatible; SemrushBot/7~bl; +http://www.semrush.com/bot.html)"
85.25.185.196 - - [01/Dec/2022:12:59:14 +0100] "GET /Site/PodCast?action=edit&restore=diff:1427123461:1425920275:&preview=y HTTP/1.1" 200 8627 "-" "Mozilla/5.0 (Macintosh; Intel Mac OS X 10.15; rv:103.0) Gecko/20100101 Firefox/103.0"
185.191.171.17 - - [01/Dec/2022:12:59:59 +0100] "GET /Cookbook/SimpleForum?action=edit HTTP/1.1" 404 18 "-" "Mozilla/5.0 (compatible; SemrushBot/7~bl; +http://www.semrush.com/bot.html)"
168.119.51.163 - - [01/Dec/2022:12:59:59 +0100] "GET /robots.txt HTTP/1.1" 200 - "-" "Mozilla/5.0 (compatible; um-IC/1.0; mailto: techinfo@ubermetrics-technologies.com; Windows NT 6.1; WOW64; rv:40.0) Gecko/20100101 Firefox/40.1"
168.119.51.163 - - [01/Dec/2022:12:59:59 +0100] "GET /PodCast/IndexPage?action=rss HTTP/1.1" 200 6298 "-" "Mozilla/5.0 (compatible; um-IC/1.0; mailto: techinfo@ubermetrics-technologies.com; Windows NT 6.1; WOW64; rv:40.0) Gecko/20100101 Firefox/40.1"
185.191.171.17 - - [01/Dec/2022:13:00:00 +0100] "GET /Texte/Bitterbeuhsi?action=print HTTP/1.1" 403 18 "-" "Mozilla/5.0 (compatible; SemrushBot/7~bl; +http://www.semrush.com/bot.html)"
185.191.171.5 - - [01/Dec/2022:13:00:23 +0100] "GET /Admin/AdresseStiftung HTTP/1.1" 200 8453 "-" "Mozilla/5.0 (compatible; SemrushBot/7~bl; +http://www.semrush.com/bot.html)"
185.191.171.18 - - [01/Dec/2022:13:00:26 +0100] "GET /PmWikiNl/DocumentationIndex?action=edit HTTP/1.1" 404 18 "-" "Mozilla/5.0 (compatible; SemrushBot/7~bl; +http://www.semrush.com/bot.html)"
185.191.171.24 - - [01/Dec/2022:13:00:31 +0100] "GET /PmWikiFr/AuthorTracking?action=edit HTTP/1.1" 403 18 "-" "Mozilla/5.0 (compatible; SemrushBot/7~bl; +http://www.semrush.com/bot.html)"
85.25.185.196 - - [01/Dec/2022:13:00:41 +0100] "GET /Site/PodCast?action=edit&restore=diff:1305970836:1305970492:&preview=y HTTP/1.1" 200 8627 "-" "Mozilla/5.0 (Macintosh; Intel Mac OS X 10.15; rv:103.0) Gecko/20100101 Firefox/103.0"
85.25.185.196 - - [01/Dec/2022:13:02:45 +0100] "GET /Site/PodCast?action=edit&restore=diff:1391015164:1391014907:&preview=y HTTP/1.1" 200 8627 "-" "Mozilla/5.0 (Macintosh; Intel Mac OS X 10.15; rv:103.0) Gecko/20100101 Firefox/103.0"
85.25.185.196 - - [01/Dec/2022:13:03:20 +0100] "GET /Site/PodCast?action=edit&restore=diff:1321545315:1320954334:&preview=y HTTP/1.1" 200 8627 "-" "Mozilla/5.0 (Macintosh; Intel Mac OS X 10.15; rv:103.0) Gecko/20100101 Firefox/103.0"
185.191.171.15 - - [01/Dec/2022:13:04:25 +0100] "GET /PmWikiZhCn/Site?action=edit HTTP/1.1" 404 18 "-" "Mozilla/5.0 (compatible; SemrushBot/7~bl; +http://www.semrush.com/bot.html)"
85.25.185.196 - - [01/Dec/2022:13:04:32 +0100] "GET /Site/PodCast?action=edit&restore=diff:1500927983:1492788453:&preview=y HTTP/1.1" 200 8627 "-" "Mozilla/5.0 (Macintosh; Intel Mac OS X 10.15; rv:103.0) Gecko/20100101 Firefox/103.0"
185.191.171.24 - - [01/Dec/2022:13:04:50 +0100] "GET /PmWikiIt/IndiceDocumentazione?action=edit HTTP/1.1" 403 18 "-" "Mozilla/5.0 (compatible; SemrushBot/7~bl; +http://www.semrush.com/bot.html)"
85.25.185.196 - - [01/Dec/2022:13:06:39 +0100] "GET /Site/PodCast?action=edit&restore=diff:1325931320:1325147443:&preview=y HTTP/1.1" 200 8627 "-" "Mozilla/5.0 (Macintosh; Intel Mac OS X 10.15; rv:103.0) Gecko/20100101 Firefox/103.0"
185.191.171.6 - - [01/Dec/2022:13:07:19 +0100] "GET /PmWikiRu/A?action=search&fmt=title&q=link%3DPmWikiRu.PatrickMichaud HTTP/1.1" 404 18 "-" "Mozilla/5.0 (compatible; SemrushBot/7~bl; +http://www.semrush.com/bot.html)"
85.25.185.196 - - [01/Dec/2022:13:07:38 +0100] "GET /Site/PodCast?action=edit&restore=diff:1397750703:1396792842:&preview=y HTTP/1.1" 200 8627 "-" "Mozilla/5.0 (Macintosh; Intel Mac OS X 10.15; rv:103.0) Gecko/20100101 Firefox/103.0"
3.216.185.164 - - [01/Dec/2022:13:08:13 +0100] "GET /PodCast/IndexPage?action=rss HTTP/1.1" 200 6298 "-" "PocketCasts/1.0 (Pocket Casts Feed Parser; +http://pocketcasts.com/)"
185.191.171.20 - - [01/Dec/2022:13:08:33 +0100] "GET /PmWikiFr/DossiersEtFichiers?action=diff HTTP/1.1" 403 18 "-" "Mozilla/5.0 (compatible; SemrushBot/7~bl; +http://www.semrush.com/bot.html)"
54.87.52.72 - - [01/Dec/2022:13:08:39 +0100] "GET /PodCast/IndexPage?action=rss HTTP/1.1" 200 6298 "-" "PlayerFM/1.0 Podcast Sync (1 subscribers; url=https://player.fm/series/podcast-2872909)"
85.25.185.196 - - [01/Dec/2022:13:08:51 +0100] "GET /Site/PodCast?action=edit&restore=diff:1351702473:1350918012:&preview=y HTTP/1.1" 200 8627 "-" "Mozilla/5.0 (Macintosh; Intel Mac OS X 10.15; rv:103.0) Gecko/20100101 Firefox/103.0"
185.191.171.22 - - [01/Dec/2022:13:09:57 +0100] "GET /PmWikiDe/WikiWikiWeb?action=print HTTP/1.1" 403 18 "-" "Mozilla/5.0 (compatible; SemrushBot/7~bl; +http://www.semrush.com/bot.html)"
85.25.185.196 - - [01/Dec/2022:13:10:03 +0100] "GET /Site/PodCast?action=edit&restore=diff:1398106095:1398105994:&preview=y HTTP/1.1" 200 8627 "-" "Mozilla/5.0 (Macintosh; Intel Mac OS X 10.15; rv:103.0) Gecko/20100101 Firefox/103.0"
185.191.171.14 - - [01/Dec/2022:13:10:08 +0100] "GET /PmWikiFr/Internationalizations?action=diff HTTP/1.1" 403 18 "-" "Mozilla/5.0 (compatible; SemrushBot/7~bl; +http://www.semrush.com/bot.html)"
185.191.171.35 - - [01/Dec/2022:13:10:15 +0100] "GET /Texte/Styluebige?action=print HTTP/1.1" 403 18 "-" "Mozilla/5.0 (compatible; SemrushBot/7~bl; +http://www.semrush.com/bot.html)"
85.25.185.196 - - [01/Dec/2022:13:10:55 +0100] "GET /Site/PodCast?action=edit&restore=diff:1364919752:1363453036:&preview=y HTTP/1.1" 200 8627 "-" "Mozilla/5.0 (Macintosh; Intel Mac OS X 10.15; rv:103.0) Gecko/20100101 Firefox/103.0"
85.25.185.196 - - [01/Dec/2022:13:12:24 +0100] "GET /Site/PodCast?action=edit&restore=diff:1280693396:1279901115:&preview=y HTTP/1.1" 200 8627 "-" "Mozilla/5.0 (Macintosh; Intel Mac OS X 10.15; rv:103.0) Gecko/20100101 Firefox/103.0"
85.25.185.196 - - [01/Dec/2022:13:13:21 +0100] "GET /Site/PodCast?action=edit&restore=diff:1479109376:1479109223:&preview=y HTTP/1.1" 200 8627 "-" "Mozilla/5.0 (Macintosh; Intel Mac OS X 10.15; rv:103.0) Gecko/20100101 Firefox/103.0"
185.191.171.19 - - [01/Dec/2022:13:13:30 +0100] "GET /PmWikiFr/A?action=search&fmt=title&q=link%3DPmWikiFr.SkinTemplates HTTP/1.1" 404 18 "-" "Mozilla/5.0 (compatible; SemrushBot/7~bl; +http://www.semrush.com/bot.html)"
185.191.171.24 - - [01/Dec/2022:13:13:46 +0100] "GET /Hilfe/Winamp?action=edit HTTP/1.1" 403 18 "-" "Mozilla/5.0 (compatible; SemrushBot/7~bl; +http://www.semrush.com/bot.html)"
185.191.171.42 - - [01/Dec/2022:13:14:03 +0100] "GET /PmWiki/AdvancedTables?action=edit HTTP/1.1" 404 18 "-" "Mozilla/5.0 (compatible; SemrushBot/7~bl; +http://www.semrush.com/bot.html)"
185.191.171.19 - - [01/Dec/2022:13:15:01 +0100] "GET /PmWikiFr/UrlApprovals?action=diff HTTP/1.1" 403 18 "-" "Mozilla/5.0 (compatible; SemrushBot/7~bl; +http://www.semrush.com/bot.html)"
85.25.185.196 - - [01/Dec/2022:13:15:57 +0100] "GET /Site/PodCast?action=edit&restore=diff:1355943666:1353776197:&preview=y HTTP/1.1" 200 8627 "-" "Mozilla/5.0 (Macintosh; Intel Mac OS X 10.15; rv:103.0) Gecko/20100101 Firefox/103.0"
185.191.171.43 - - [01/Dec/2022:13:17:13 +0100] "GET /PmWikiPtBr/IndexMestreMarcacoes?action=edit HTTP/1.1" 404 18 "-" "Mozilla/5.0 (compatible; SemrushBot/7~bl; +http://www.semrush.com/bot.html)"
185.191.171.11 - - [01/Dec/2022:13:18:22 +0100] "GET /PmWikiIt/NuoviSoggetti?action=upload HTTP/1.1" 403 18 "-" "Mozilla/5.0 (compatible; SemrushBot/7~bl; +http://www.semrush.com/bot.html)"
85.25.185.196 - - [01/Dec/2022:13:18:35 +0100] "GET /Site/PodCast?action=edit&restore=diff:1412276904:1409495898:&preview=y HTTP/1.1" 200 8627 "-" "Mozilla/5.0 (Macintosh; Intel Mac OS X 10.15; rv:103.0) Gecko/20100101 Firefox/103.0"
185.191.171.2 - - [01/Dec/2022:13:18:56 +0100] "GET /PmWiki/FAQ HTTP/1.1" 200 126580 "-" "Mozilla/5.0 (compatible; SemrushBot/7~bl; +http://www.semrush.com/bot.html)"
185.191.171.45 - - [01/Dec/2022:13:19:31 +0100] "GET /PmWikiDe/CustomInterMap?action=upload HTTP/1.1" 403 18 "-" "Mozilla/5.0 (compatible; SemrushBot/7~bl; +http://www.semrush.com/bot.html)"
185.191.171.41 - - [01/Dec/2022:13:19:45 +0100] "GET /PmWikiFr/ListeDeBlocage?action=diff HTTP/1.1" 403 18 "-" "Mozilla/5.0 (compatible; SemrushBot/7~bl; +http://www.semrush.com/bot.html)"
85.25.185.196 - - [01/Dec/2022:13:20:00 +0100] "GET /Site/PodCast?action=edit&restore=diff:1503126941:1501390613:&preview=y HTTP/1.1" 200 8627 "-" "Mozilla/5.0 (Macintosh; Intel Mac OS X 10.15; rv:103.0) Gecko/20100101 Firefox/103.0"
185.191.171.23 - - [01/Dec/2022:13:21:34 +0100] "GET /PmWikiRu/BasicEditing?action=print HTTP/1.1" 403 18 "-" "Mozilla/5.0 (compatible; SemrushBot/7~bl; +http://www.semrush.com/bot.html)"
85.25.185.196 - - [01/Dec/2022:13:21:56 +0100] "GET /Site/PodCast?action=edit&restore=diff:1297097802:1296147404:&preview=y HTTP/1.1" 200 8627 "-" "Mozilla/5.0 (Macintosh; Intel Mac OS X 10.15; rv:103.0) Gecko/20100101 Firefox/103.0"
185.191.171.37 - - [01/Dec/2022:13:22:53 +0100] "GET /PmWikiNl/TekstOpmaakBrochure?action=diff HTTP/1.1" 403 18 "-" "Mozilla/5.0 (compatible; SemrushBot/7~bl; +http://www.semrush.com/bot.html)"
85.25.185.196 - - [01/Dec/2022:13:23:31 +0100] "GET /Site/PodCast?action=edit&restore=diff:1295889052:1294243834:&preview=y HTTP/1.1" 200 8627 "-" "Mozilla/5.0 (Macintosh; Intel Mac OS X 10.15; rv:103.0) Gecko/20100101 Firefox/103.0"
185.191.171.45 - - [01/Dec/2022:13:23:50 +0100] "GET /PmWikiRu/Links?action=print HTTP/1.1" 403 18 "-" "Mozilla/5.0 (compatible; SemrushBot/7~bl; +http://www.semrush.com/bot.html)"
185.191.171.1 - - [01/Dec/2022:13:24:10 +0100] "GET /PmWikiFr/ChangerLesURLPmWiki?action=diff HTTP/1.1" 403 18 "-" "Mozilla/5.0 (compatible; SemrushBot/7~bl; +http://www.semrush.com/bot.html)"
185.191.171.8 - - [01/Dec/2022:13:24:49 +0100] "GET /PmWikiIt/CustomInterMap?action=edit HTTP/1.1" 404 18 "-" "Mozilla/5.0 (compatible; SemrushBot/7~bl; +http://www.semrush.com/bot.html)"
85.25.185.196 - - [01/Dec/2022:13:25:41 +0100] "GET /Site/PodCast?action=edit&restore=diff:1278093622:1276877636:&preview=y HTTP/1.1" 200 8627 "-" "Mozilla/5.0 (Macintosh; Intel Mac OS X 10.15; rv:103.0) Gecko/20100101 Firefox/103.0"
185.191.171.6 - - [01/Dec/2022:13:25:53 +0100] "GET /PmWikiDe/Requirements?action=upload HTTP/1.1" 403 18 "-" "Mozilla/5.0 (compatible; SemrushBot/7~bl; +http://www.semrush.com/bot.html)"
185.191.171.40 - - [01/Dec/2022:13:26:11 +0100] "GET /PmWikiFr/AvailableActions?action=print HTTP/1.1" 403 18 "-" "Mozilla/5.0 (compatible; SemrushBot/7~bl; +http://www.semrush.com/bot.html)"
185.191.171.15 - - [01/Dec/2022:13:26:15 +0100] "GET /PmWikiFr/A?action=search&fmt=title&q=link%3DPmWikiFr.Terminologie HTTP/1.1" 404 18 "-" "Mozilla/5.0 (compatible; SemrushBot/7~bl; +http://www.semrush.com/bot.html)"
185.191.171.19 - - [01/Dec/2022:13:26:23 +0100] "GET /PmWiki/MailPosts HTTP/1.1" 200 19613 "-" "Mozilla/5.0 (compatible; SemrushBot/7~bl; +http://www.semrush.com/bot.html)"
216.244.66.243 - - [01/Dec/2022:13:26:49 +0100] "GET /robots.txt HTTP/1.1" 200 - "-" "Mozilla/5.0 (compatible; DotBot/1.2; +https://opensiteexplorer.org/dotbot; help@moz.com)"
185.191.171.44 - - [01/Dec/2022:13:27:05 +0100] "GET /Texte/ZurcherischEnglish?action=diff HTTP/1.1" 403 18 "-" "Mozilla/5.0 (compatible; SemrushBot/7~bl; +http://www.semrush.com/bot.html)"
185.191.171.6 - - [01/Dec/2022:13:27:51 +0100] "GET /PmWikiHu/SzerkesztesSugo?action=diff HTTP/1.1" 403 18 "-" "Mozilla/5.0 (compatible; SemrushBot/7~bl; +http://www.semrush.com/bot.html)"
85.25.185.196 - - [01/Dec/2022:13:28:13 +0100] "GET /Site/PodCast?action=edit&restore=diff:1452271806:1452271672:&preview=y HTTP/1.1" 200 8627 "-" "Mozilla/5.0 (Macintosh; Intel Mac OS X 10.15; rv:103.0) Gecko/20100101 Firefox/103.0"
185.191.171.12 - - [01/Dec/2022:13:28:59 +0100] "GET /robots.txt HTTP/1.1" 200 - "-" "Mozilla/5.0 (compatible; SemrushBot/7~bl; +http://www.semrush.com/bot.html)"
185.191.171.8 - - [01/Dec/2022:13:29:01 +0100] "GET /PmWikiFr/WikiGroup?action=diff HTTP/1.1" 403 18 "-" "Mozilla/5.0 (compatible; SemrushBot/7~bl; +http://www.semrush.com/bot.html)"
85.25.185.196 - - [01/Dec/2022:13:29:14 +0100] "GET /Site/PodCast?action=edit&restore=diff:1479117767:1479109457:&preview=y HTTP/1.1" 200 8627 "-" "Mozilla/5.0 (Macintosh; Intel Mac OS X 10.15; rv:103.0) Gecko/20100101 Firefox/103.0"
185.191.171.17 - - [01/Dec/2022:13:29:53 +0100] "GET /PmWikiFr/Glossary HTTP/1.1" 200 15808 "-" "Mozilla/5.0 (compatible; SemrushBot/7~bl; +http://www.semrush.com/bot.html)"
85.25.185.196 - - [01/Dec/2022:13:30:27 +0100] "GET /Site/PodCast?action=edit&restore=diff:1397750834:1397750770:&preview=y HTTP/1.1" 200 8627 "-" "Mozilla/5.0 (Macintosh; Intel Mac OS X 10.15; rv:103.0) Gecko/20100101 Firefox/103.0"
185.191.171.44 - - [01/Dec/2022:13:30:39 +0100] "GET /PmWikiFr/SitePages?action=print HTTP/1.1" 403 18 "-" "Mozilla/5.0 (compatible; SemrushBot/7~bl; +http://www.semrush.com/bot.html)"
185.191.171.40 - - [01/Dec/2022:13:31:26 +0100] "GET /PmWikiIt/Terminologia?action=diff HTTP/1.1" 403 18 "-" "Mozilla/5.0 (compatible; SemrushBot/7~bl; +http://www.semrush.com/bot.html)"
185.191.171.44 - - [01/Dec/2022:13:31:42 +0100] "GET /Texte/Metamorphoses HTTP/1.1" 200 9045 "-" "Mozilla/5.0 (compatible; SemrushBot/7~bl; +http://www.semrush.com/bot.html)"
85.25.185.196 - - [01/Dec/2022:13:31:52 +0100] "GET /Site/PodCast?action=edit&restore=diff:1466014586:1466014493:&preview=y HTTP/1.1" 200 8627 "-" "Mozilla/5.0 (Macintosh; Intel Mac OS X 10.15; rv:103.0) Gecko/20100101 Firefox/103.0"
85.25.185.196 - - [01/Dec/2022:13:32:38 +0100] "GET /Site/PodCast?action=edit&restore=diff:1472564823:1472564602:&preview=y HTTP/1.1" 200 8627 "-" "Mozilla/5.0 (Macintosh; Intel Mac OS X 10.15; rv:103.0) Gecko/20100101 Firefox/103.0"
185.191.171.33 - - [01/Dec/2022:13:32:56 +0100] "GET /PmWikiIt/Uploads?action=edit HTTP/1.1" 403 18 "-" "Mozilla/5.0 (compatible; SemrushBot/7~bl; +http://www.semrush.com/bot.html)"
185.191.171.16 - - [01/Dec/2022:13:34:03 +0100] "GET /PmWikiFr/ListLocal?action=print HTTP/1.1" 403 18 "-" "Mozilla/5.0 (compatible; SemrushBot/7~bl; +http://www.semrush.com/bot.html)"
85.25.185.196 - - [01/Dec/2022:13:34:35 +0100] "GET /Site/PodCast?action=edit&restore=diff:1320339390:1320339294:&preview=y HTTP/1.1" 200 8627 "-" "Mozilla/5.0 (Macintosh; Intel Mac OS X 10.15; rv:103.0) Gecko/20100101 Firefox/103.0"
185.191.171.35 - - [01/Dec/2022:13:35:39 +0100] "GET /PmWikiIt/RegoleFormattazione?action=upload HTTP/1.1" 403 18 "-" "Mozilla/5.0 (compatible; SemrushBot/7~bl; +http://www.semrush.com/bot.html)"
85.25.185.196 - - [01/Dec/2022:13:35:42 +0100] "GET /Site/PodCast?action=edit&restore=diff:1361294707:1361294584:&preview=y HTTP/1.1" 200 8627 "-" "Mozilla/5.0 (Macintosh; Intel Mac OS X 10.15; rv:103.0) Gecko/20100101 Firefox/103.0"
185.191.171.1 - - [01/Dec/2022:13:37:27 +0100] "GET /PmWikiFr/WebHosts?action=diff HTTP/1.1" 403 18 "-" "Mozilla/5.0 (compatible; SemrushBot/7~bl; +http://www.semrush.com/bot.html)"
85.25.185.196 - - [01/Dec/2022:13:38:24 +0100] "GET /Site/PodCast?action=edit&restore=diff:1375209726:1373741683:&preview=y HTTP/1.1" 200 8627 "-" "Mozilla/5.0 (Macintosh; Intel Mac OS X 10.15; rv:103.0) Gecko/20100101 Firefox/103.0"
185.191.171.17 - - [01/Dec/2022:13:38:44 +0100] "GET /PmWikiPtBr/Sandbox?action=print HTTP/1.1" 403 18 "-" "Mozilla/5.0 (compatible; SemrushBot/7~bl; +http://www.semrush.com/bot.html)"
185.191.171.25 - - [01/Dec/2022:13:39:19 +0100] "GET /PmWikiHu/SzovegFormazasiSzabalyok?action=edit HTTP/1.1" 403 18 "-" "Mozilla/5.0 (compatible; SemrushBot/7~bl; +http://www.semrush.com/bot.html)"
85.25.185.196 - - [01/Dec/2022:13:39:47 +0100] "GET /Site/PodCast?action=edit&restore=diff:1322758300:1321545315:&preview=y HTTP/1.1" 200 8627 "-" "Mozilla/5.0 (Macintosh; Intel Mac OS X 10.15; rv:103.0) Gecko/20100101 Firefox/103.0"
216.244.66.243 - - [01/Dec/2022:13:39:49 +0100] "GET /PodCast/RURAktITail1 HTTP/1.1" 200 19498 "-" "Mozilla/5.0 (compatible; DotBot/1.2; +https://opensiteexplorer.org/dotbot; help@moz.com)"
185.191.171.10 - - [01/Dec/2022:13:39:58 +0100] "GET /PmWikiNl/BasicEditing?action=upload HTTP/1.1" 403 18 "-" "Mozilla/5.0 (compatible; SemrushBot/7~bl; +http://www.semrush.com/bot.html)"
85.25.185.196 - - [01/Dec/2022:13:40:37 +0100] "GET /Site/PodCast?action=edit&restore=diff:1282558114:1282557802:&preview=y HTTP/1.1" 200 8627 "-" "Mozilla/5.0 (Macintosh; Intel Mac OS X 10.15; rv:103.0) Gecko/20100101 Firefox/103.0"
185.191.171.24 - - [01/Dec/2022:13:40:41 +0100] "GET /PmWikiCa/PmWikiCa?action=edit HTTP/1.1" 403 18 "-" "Mozilla/5.0 (compatible; SemrushBot/7~bl; +http://www.semrush.com/bot.html)"
185.191.171.39 - - [01/Dec/2022:13:41:58 +0100] "GET /PmWikiFr/LocalCustomizations?action=diff HTTP/1.1" 403 18 "-" "Mozilla/5.0 (compatible; SemrushBot/7~bl; +http://www.semrush.com/bot.html)"
185.191.171.10 - - [01/Dec/2022:13:42:18 +0100] "GET /PmWikiFr/A?action=search&fmt=title&q=link%3DPmWikiFr.Skins HTTP/1.1" 404 18 "-" "Mozilla/5.0 (compatible; SemrushBot/7~bl; +http://www.semrush.com/bot.html)"
85.25.185.196 - - [01/Dec/2022:13:42:39 +0100] "GET /Site/PodCast?action=edit&restore=diff:1278094742:1278093622:&preview=y HTTP/1.1" 200 8627 "-" "Mozilla/5.0 (Macintosh; Intel Mac OS X 10.15; rv:103.0) Gecko/20100101 Firefox/103.0"
185.191.171.24 - - [01/Dec/2022:13:42:41 +0100] "GET /PmWikiRu/Audiences?action=edit HTTP/1.1" 404 18 "-" "Mozilla/5.0 (compatible; SemrushBot/7~bl; +http://www.semrush.com/bot.html)"
185.191.171.14 - - [01/Dec/2022:13:43:17 +0100] "GET /PmWikiFr/WikiStyleExamples?action=diff HTTP/1.1" 403 18 "-" "Mozilla/5.0 (compatible; SemrushBot/7~bl; +http://www.semrush.com/bot.html)"
185.191.171.6 - - [01/Dec/2022:13:43:21 +0100] "GET /PmWikiRu/Variables?action=upload HTTP/1.1" 403 18 "-" "Mozilla/5.0 (compatible; SemrushBot/7~bl; +http://www.semrush.com/bot.html)"
185.191.171.37 - - [01/Dec/2022:13:43:56 +0100] "GET /PmWikiDe/Anfangspasswoerter?action=upload HTTP/1.1" 403 18 "-" "Mozilla/5.0 (compatible; SemrushBot/7~bl; +http://www.semrush.com/bot.html)"
85.25.185.196 - - [01/Dec/2022:13:44:08 +0100] "GET /Site/PodCast?action=edit&restore=diff:1305970492:1305184028:&preview=y HTTP/1.1" 200 8627 "-" "Mozilla/5.0 (Macintosh; Intel Mac OS X 10.15; rv:103.0) Gecko/20100101 Firefox/103.0"
185.191.171.13 - - [01/Dec/2022:13:44:56 +0100] "GET /PmWikiFr/A?action=search&fmt=title&q=link%3DPmWikiFr.ChangementDuGroupePrincipal HTTP/1.1" 404 18 "-" "Mozilla/5.0 (compatible; SemrushBot/7~bl; +http://www.semrush.com/bot.html)"
185.191.171.24 - - [01/Dec/2022:13:45:01 +0100] "GET /PmWikiLt/XLPage?action=diff HTTP/1.1" 403 18 "-" "Mozilla/5.0 (compatible; SemrushBot/7~bl; +http://www.semrush.com/bot.html)"
185.191.171.3 - - [01/Dec/2022:13:45:16 +0100] "GET /PmWikiNl/WikiSandbox?action=diff HTTP/1.1" 403 18 "-" "Mozilla/5.0 (compatible; SemrushBot/7~bl; +http://www.semrush.com/bot.html)"
85.25.185.196 - - [01/Dec/2022:13:46:37 +0100] "GET /Site/PodCast?action=edit&restore=diff:1455208307:1455208172:&preview=y HTTP/1.1" 200 8627 "-" "Mozilla/5.0 (Macintosh; Intel Mac OS X 10.15; rv:103.0) Gecko/20100101 Firefox/103.0"
185.191.171.41 - - [01/Dec/2022:13:47:25 +0100] "GET /PmWikiFr/EffacerHistorique?action=diff HTTP/1.1" 403 18 "-" "Mozilla/5.0 (compatible; SemrushBot/7~bl; +http://www.semrush.com/bot.html)"
216.244.66.243 - - [01/Dec/2022:13:47:34 +0100] "GET /PodCast/Kossorpsk HTTP/1.1" 200 16055 "-" "Mozilla/5.0 (compatible; DotBot/1.2; +https://opensiteexplorer.org/dotbot; help@moz.com)"
216.244.66.243 - - [01/Dec/2022:13:48:58 +0100] "GET /PmWikiVi/XLPage HTTP/1.1" 200 20320 "-" "Mozilla/5.0 (compatible; DotBot/1.2; +https://opensiteexplorer.org/dotbot; help@moz.com)"
185.191.171.37 - - [01/Dec/2022:13:49:09 +0100] "GET /PmWikiFr/RecentChanges?action=edit HTTP/1.1" 404 18 "-" "Mozilla/5.0 (compatible; SemrushBot/7~bl; +http://www.semrush.com/bot.html)"
85.25.185.196 - - [01/Dec/2022:13:49:43 +0100] "GET /Site/PodCast?action=edit&restore=diff:1302447413:1301673990:&preview=y HTTP/1.1" 200 8627 "-" "Mozilla/5.0 (Macintosh; Intel Mac OS X 10.15; rv:103.0) Gecko/20100101 Firefox/103.0"
185.191.171.24 - - [01/Dec/2022:13:49:47 +0100] "GET /PmWikiFr/AttributsDeGroupe?action=edit HTTP/1.1" 403 18 "-" "Mozilla/5.0 (compatible; SemrushBot/7~bl; +http://www.semrush.com/bot.html)"
185.191.171.25 - - [01/Dec/2022:13:49:55 +0100] "GET /PmWikiFr/SimultaneousEdits?action=diff HTTP/1.1" 403 18 "-" "Mozilla/5.0 (compatible; SemrushBot/7~bl; +http://www.semrush.com/bot.html)"
185.191.171.39 - - [01/Dec/2022:13:49:56 +0100] "GET /PmWikiNo/PmWikiNo HTTP/1.1" 200 9129 "-" "Mozilla/5.0 (compatible; SemrushBot/7~bl; +http://www.semrush.com/bot.html)"
