154.54.249.202 - - [21/Mar/2022:19:02:36 +0100] "GET /Category/Spam?action=edit HTTP/1.1" 200 8593 "-" "Mozilla/5.0 (compatible; Barkrowler/0.9; +https://babbar.tech/crawler)"
154.54.249.202 - - [21/Mar/2022:19:02:52 +0100] "GET /Vietnamese/HomePage HTTP/1.1" 404 8243 "-" "Mozilla/5.0 (compatible; Barkrowler/0.9; +https://babbar.tech/crawler)"
154.54.249.202 - - [21/Mar/2022:19:03:07 +0100] "GET /Site/Bebi?action=print HTTP/1.1" 200 7388 "-" "Mozilla/5.0 (compatible; Barkrowler/0.9; +https://babbar.tech/crawler)"
154.54.249.202 - - [21/Mar/2022:19:03:22 +0100] "GET /Site/41Fasnacht HTTP/1.1" 200 8329 "-" "Mozilla/5.0 (compatible; Barkrowler/0.9; +https://babbar.tech/crawler)"
154.54.249.202 - - [21/Mar/2022:19:03:37 +0100] "GET /Site/43Fasnacht HTTP/1.1" 200 8329 "-" "Mozilla/5.0 (compatible; Barkrowler/0.9; +https://babbar.tech/crawler)"
154.54.249.202 - - [21/Mar/2022:19:03:52 +0100] "GET /Site/Glychniss HTTP/1.1" 200 8312 "-" "Mozilla/5.0 (compatible; Barkrowler/0.9; +https://babbar.tech/crawler)"
154.54.249.202 - - [21/Mar/2022:19:04:07 +0100] "GET /Site/AllRecentChanges HTTP/1.1" 200 73393 "-" "Mozilla/5.0 (compatible; Barkrowler/0.9; +https://babbar.tech/crawler)"
154.54.249.202 - - [21/Mar/2022:19:04:22 +0100] "GET /Site/Etnastara HTTP/1.1" 200 10301 "-" "Mozilla/5.0 (compatible; Barkrowler/0.9; +https://babbar.tech/crawler)"
154.54.249.202 - - [21/Mar/2022:19:04:38 +0100] "GET /Site/Apschlouss HTTP/1.1" 200 9072 "-" "Mozilla/5.0 (compatible; Barkrowler/0.9; +https://babbar.tech/crawler)"
154.54.249.202 - - [21/Mar/2022:19:04:53 +0100] "GET /Site/Leerbouech HTTP/1.1" 200 10755 "-" "Mozilla/5.0 (compatible; Barkrowler/0.9; +https://babbar.tech/crawler)"
154.54.249.202 - - [21/Mar/2022:19:05:08 +0100] "GET /Site/181Room1500 HTTP/1.1" 200 21927 "-" "Mozilla/5.0 (compatible; Barkrowler/0.9; +https://babbar.tech/crawler)"
154.54.249.202 - - [21/Mar/2022:19:05:23 +0100] "GET /Site/42Fasnacht HTTP/1.1" 200 8248 "-" "Mozilla/5.0 (compatible; Barkrowler/0.9; +https://babbar.tech/crawler)"
154.54.249.202 - - [21/Mar/2022:19:05:38 +0100] "GET /Site/Konzertchronik HTTP/1.1" 200 10518 "-" "Mozilla/5.0 (compatible; Barkrowler/0.9; +https://babbar.tech/crawler)"
154.54.249.202 - - [21/Mar/2022:19:05:53 +0100] "GET /Site/FullName?action=edit HTTP/1.1" 200 8595 "-" "Mozilla/5.0 (compatible; Barkrowler/0.9; +https://babbar.tech/crawler)"
154.54.249.202 - - [21/Mar/2022:19:06:08 +0100] "GET /Site/BBi?action=edit HTTP/1.1" 200 8525 "-" "Mozilla/5.0 (compatible; Barkrowler/0.9; +https://babbar.tech/crawler)"
154.54.249.202 - - [21/Mar/2022:19:06:23 +0100] "GET /Site/BBi?action=print HTTP/1.1" 404 2361 "-" "Mozilla/5.0 (compatible; Barkrowler/0.9; +https://babbar.tech/crawler)"
154.54.249.202 - - [21/Mar/2022:19:06:38 +0100] "GET /Site/BBi?action=upload HTTP/1.1" 200 8425 "-" "Mozilla/5.0 (compatible; Barkrowler/0.9; +https://babbar.tech/crawler)"
154.54.249.202 - - [21/Mar/2022:19:06:53 +0100] "GET /Site/182Room1500 HTTP/1.1" 200 24427 "-" "Mozilla/5.0 (compatible; Barkrowler/0.9; +https://babbar.tech/crawler)"
154.54.249.202 - - [21/Mar/2022:19:07:09 +0100] "GET /Hilfe/Winamp HTTP/1.1" 200 9314 "-" "Mozilla/5.0 (compatible; Barkrowler/0.9; +https://babbar.tech/crawler)"
154.54.249.202 - - [21/Mar/2022:19:07:24 +0100] "GET /Hilfe/RealOne HTTP/1.1" 200 10362 "-" "Mozilla/5.0 (compatible; Barkrowler/0.9; +https://babbar.tech/crawler)"
154.54.249.202 - - [21/Mar/2022:19:07:39 +0100] "GET /Hilfe/Passwort HTTP/1.1" 404 8171 "-" "Mozilla/5.0 (compatible; Barkrowler/0.9; +https://babbar.tech/crawler)"
154.54.249.202 - - [21/Mar/2022:19:07:54 +0100] "GET /Texte/GDicht HTTP/1.1" 200 8050 "-" "Mozilla/5.0 (compatible; Barkrowler/0.9; +https://babbar.tech/crawler)"
154.54.249.202 - - [21/Mar/2022:19:08:09 +0100] "GET /Texte/Roman?action=print HTTP/1.1" 200 32990 "-" "Mozilla/5.0 (compatible; Barkrowler/0.9; +https://babbar.tech/crawler)"
154.54.249.202 - - [21/Mar/2022:19:08:24 +0100] "GET /Texte/Roman?action=edit HTTP/1.1" 200 8565 "-" "Mozilla/5.0 (compatible; Barkrowler/0.9; +https://babbar.tech/crawler)"
154.54.249.202 - - [21/Mar/2022:19:08:39 +0100] "GET /Texte/Limericks HTTP/1.1" 200 8087 "-" "Mozilla/5.0 (compatible; Barkrowler/0.9; +https://babbar.tech/crawler)"
154.54.249.202 - - [21/Mar/2022:19:08:54 +0100] "GET /MyPodcasts/IndexPage HTTP/1.1" 404 8258 "-" "Mozilla/5.0 (compatible; Barkrowler/0.9; +https://babbar.tech/crawler)"
154.54.249.202 - - [21/Mar/2022:19:09:10 +0100] "GET /Gast/Podcast?action=diff HTTP/1.1" 200 9712 "-" "Mozilla/5.0 (compatible; Barkrowler/0.9; +https://babbar.tech/crawler)"
154.54.249.202 - - [21/Mar/2022:19:09:25 +0100] "GET /Gast/Podcast?action=print HTTP/1.1" 200 2344 "-" "Mozilla/5.0 (compatible; Barkrowler/0.9; +https://babbar.tech/crawler)"
154.54.249.202 - - [21/Mar/2022:19:09:40 +0100] "GET /Gast/Podcast?action=edit HTTP/1.1" 200 8579 "-" "Mozilla/5.0 (compatible; Barkrowler/0.9; +https://babbar.tech/crawler)"
154.54.249.202 - - [21/Mar/2022:19:09:56 +0100] "GET /Gast/Podcast?action=upload HTTP/1.1" 200 8479 "-" "Mozilla/5.0 (compatible; Barkrowler/0.9; +https://babbar.tech/crawler)"
154.54.249.202 - - [21/Mar/2022:19:10:11 +0100] "GET /Main/SearchWiki?action=diff HTTP/1.1" 200 9186 "-" "Mozilla/5.0 (compatible; Barkrowler/0.9; +https://babbar.tech/crawler)"
154.54.249.202 - - [21/Mar/2022:19:10:26 +0100] "GET /Main/SearchWiki?action=upload HTTP/1.1" 200 8523 "-" "Mozilla/5.0 (compatible; Barkrowler/0.9; +https://babbar.tech/crawler)"
154.54.249.202 - - [21/Mar/2022:19:10:41 +0100] "GET /Main/SearchWiki?action=print HTTP/1.1" 404 2389 "-" "Mozilla/5.0 (compatible; Barkrowler/0.9; +https://babbar.tech/crawler)"
154.54.249.202 - - [21/Mar/2022:19:10:56 +0100] "GET /Main/Blocklist?action=upload HTTP/1.1" 200 8507 "-" "Mozilla/5.0 (compatible; Barkrowler/0.9; +https://babbar.tech/crawler)"
154.54.249.202 - - [21/Mar/2022:19:11:11 +0100] "GET /Main/Blocklist?action=print HTTP/1.1" 404 2385 "-" "Mozilla/5.0 (compatible; Barkrowler/0.9; +https://babbar.tech/crawler)"
185.191.171.44 - - [21/Mar/2022:19:11:19 +0100] "GET /PmWikiDe/Internationalisierungen HTTP/1.1" 200 11520 "-" "Mozilla/5.0 (compatible; SemrushBot/7~bl; +http://www.semrush.com/bot.html)"
154.54.249.202 - - [21/Mar/2022:19:11:27 +0100] "GET /Main/Blocklist?action=edit HTTP/1.1" 200 8607 "-" "Mozilla/5.0 (compatible; Barkrowler/0.9; +https://babbar.tech/crawler)"
154.54.249.202 - - [21/Mar/2022:19:11:42 +0100] "GET /Main/Blocklist?action=diff HTTP/1.1" 200 9168 "-" "Mozilla/5.0 (compatible; Barkrowler/0.9; +https://babbar.tech/crawler)"
154.54.249.202 - - [21/Mar/2022:19:11:57 +0100] "GET /Lydja/Mp3 HTTP/1.1" 200 8011 "-" "Mozilla/5.0 (compatible; Barkrowler/0.9; +https://babbar.tech/crawler)"
154.54.249.202 - - [21/Mar/2022:19:12:12 +0100] "GET /PmWiki/LayoutBasics HTTP/1.1" 404 8905 "-" "Mozilla/5.0 (compatible; Barkrowler/0.9; +https://babbar.tech/crawler)"
154.54.249.202 - - [21/Mar/2022:19:12:27 +0100] "GET /PmWiki/ContactUs HTTP/1.1" 200 9533 "-" "Mozilla/5.0 (compatible; Barkrowler/0.9; +https://babbar.tech/crawler)"
154.54.249.202 - - [21/Mar/2022:19:12:42 +0100] "GET /PmWiki/GroupName HTTP/1.1" 404 8851 "-" "Mozilla/5.0 (compatible; Barkrowler/0.9; +https://babbar.tech/crawler)"
154.54.249.202 - - [21/Mar/2022:19:12:58 +0100] "GET /PmWiki/GroupFooter HTTP/1.1" 200 8802 "-" "Mozilla/5.0 (compatible; Barkrowler/0.9; +https://babbar.tech/crawler)"
154.54.249.202 - - [21/Mar/2022:19:13:13 +0100] "GET /PmWiki/GroupHeader HTTP/1.1" 200 8802 "-" "Mozilla/5.0 (compatible; Barkrowler/0.9; +https://babbar.tech/crawler)"
154.54.249.202 - - [21/Mar/2022:19:13:28 +0100] "GET /PmWiki/MailPosts HTTP/1.1" 200 19613 "-" "Mozilla/5.0 (compatible; Barkrowler/0.9; +https://babbar.tech/crawler)"
154.54.249.202 - - [21/Mar/2022:19:13:44 +0100] "GET /PmWiki/RecentChanges HTTP/1.1" 404 8923 "-" "Mozilla/5.0 (compatible; Barkrowler/0.9; +https://babbar.tech/crawler)"
154.54.249.202 - - [21/Mar/2022:19:13:59 +0100] "GET /PmWiki/AccessKeys HTTP/1.1" 200 18870 "-" "Mozilla/5.0 (compatible; Barkrowler/0.9; +https://babbar.tech/crawler)"
154.54.249.202 - - [21/Mar/2022:19:14:14 +0100] "GET /PmWiki/Introduction HTTP/1.1" 200 12096 "-" "Mozilla/5.0 (compatible; Barkrowler/0.9; +https://babbar.tech/crawler)"
154.54.249.202 - - [21/Mar/2022:19:14:29 +0100] "GET /PmWikiRu/A HTTP/1.1" 404 9467 "-" "Mozilla/5.0 (compatible; Barkrowler/0.9; +https://babbar.tech/crawler)"
154.54.249.202 - - [21/Mar/2022:19:14:44 +0100] "GET /PmWikiDe/Name HTTP/1.1" 404 6614 "-" "Mozilla/5.0 (compatible; Barkrowler/0.9; +https://babbar.tech/crawler)"
154.54.249.202 - - [21/Mar/2022:19:14:59 +0100] "GET /PmWikiDe/FAQ HTTP/1.1" 404 6600 "-" "Mozilla/5.0 (compatible; Barkrowler/0.9; +https://babbar.tech/crawler)"
154.54.249.202 - - [21/Mar/2022:19:15:14 +0100] "GET /PmWikiDe/Images HTTP/1.1" 200 18198 "-" "Mozilla/5.0 (compatible; Barkrowler/0.9; +https://babbar.tech/crawler)"
154.54.249.202 - - [21/Mar/2022:19:15:30 +0100] "GET /PmWikiDe/RSS HTTP/1.1" 200 12641 "-" "Mozilla/5.0 (compatible; Barkrowler/0.9; +https://babbar.tech/crawler)"
154.54.249.202 - - [21/Mar/2022:19:15:45 +0100] "GET /PmWiki/WikiNature HTTP/1.1" 404 8869 "-" "Mozilla/5.0 (compatible; Barkrowler/0.9; +https://babbar.tech/crawler)"
154.54.249.202 - - [21/Mar/2022:19:16:00 +0100] "GET /PmWiki/WikiGroups HTTP/1.1" 302 191 "-" "Mozilla/5.0 (compatible; Barkrowler/0.9; +https://babbar.tech/crawler)"
154.54.249.202 - - [21/Mar/2022:19:16:15 +0100] "GET /PmWiki/WikiWord HTTP/1.1" 200 12028 "-" "Mozilla/5.0 (compatible; Barkrowler/0.9; +https://babbar.tech/crawler)"
154.54.249.202 - - [21/Mar/2022:19:16:30 +0100] "GET /PmWiki/WikiPage HTTP/1.1" 200 9644 "-" "Mozilla/5.0 (compatible; Barkrowler/0.9; +https://babbar.tech/crawler)"
154.54.249.202 - - [21/Mar/2022:19:16:45 +0100] "GET /PmWiki/WikiGroup HTTP/1.1" 200 24736 "-" "Mozilla/5.0 (compatible; Barkrowler/0.9; +https://babbar.tech/crawler)"
154.54.249.202 - - [21/Mar/2022:19:17:01 +0100] "GET /PmWiki/WikiStyles HTTP/1.1" 200 33389 "-" "Mozilla/5.0 (compatible; Barkrowler/0.9; +https://babbar.tech/crawler)"
154.54.249.202 - - [21/Mar/2022:19:17:16 +0100] "GET /PmWiki/WikiTrails HTTP/1.1" 200 26211 "-" "Mozilla/5.0 (compatible; Barkrowler/0.9; +https://babbar.tech/crawler)"
154.54.249.202 - - [21/Mar/2022:19:17:31 +0100] "GET /PmWiki/WikiWords HTTP/1.1" 302 189 "-" "Mozilla/5.0 (compatible; Barkrowler/0.9; +https://babbar.tech/crawler)"
194.209.200.2 - - [21/Mar/2022:19:17:40 +0100] "GET /robots.txt HTTP/1.1" 200 - "-" "Mozilla/5.0 (compatible; TMMBot/0.2; +http://www.dslab.ch)/Nutch-1.15"
194.209.200.2 - - [21/Mar/2022:19:17:40 +0100] "GET /Texte/ZurcherischEnglish HTTP/1.1" 200 8274 "-" "Mozilla/5.0 (compatible; TMMBot/0.2; +http://www.dslab.ch)/Nutch-1.15"
154.54.249.202 - - [21/Mar/2022:19:17:46 +0100] "GET /PmWiki/DesignNotes HTTP/1.1" 200 13315 "-" "Mozilla/5.0 (compatible; Barkrowler/0.9; +https://babbar.tech/crawler)"
154.54.249.202 - - [21/Mar/2022:19:18:02 +0100] "GET /PmWiki/SpecialPages HTTP/1.1" 404 8905 "-" "Mozilla/5.0 (compatible; Barkrowler/0.9; +https://babbar.tech/crawler)"
154.54.249.202 - - [21/Mar/2022:19:18:17 +0100] "GET /PmWiki/SuccessStories HTTP/1.1" 404 8941 "-" "Mozilla/5.0 (compatible; Barkrowler/0.9; +https://babbar.tech/crawler)"
154.54.249.202 - - [21/Mar/2022:19:18:32 +0100] "GET /PmWiki/Functions HTTP/1.1" 200 35969 "-" "Mozilla/5.0 (compatible; Barkrowler/0.9; +https://babbar.tech/crawler)"
154.54.249.202 - - [21/Mar/2022:19:18:47 +0100] "GET /PmWiki/Uploads HTTP/1.1" 200 22218 "-" "Mozilla/5.0 (compatible; Barkrowler/0.9; +https://babbar.tech/crawler)"
154.54.249.202 - - [21/Mar/2022:19:19:03 +0100] "GET /PmWiki/Upgrades HTTP/1.1" 200 22814 "-" "Mozilla/5.0 (compatible; Barkrowler/0.9; +https://babbar.tech/crawler)"
154.54.249.202 - - [21/Mar/2022:19:19:18 +0100] "GET /PmWiki/InterMap HTTP/1.1" 200 19427 "-" "Mozilla/5.0 (compatible; Barkrowler/0.9; +https://babbar.tech/crawler)"
194.209.200.2 - - [21/Mar/2022:19:19:25 +0100] "GET /Texte/Limericks HTTP/1.1" 200 8087 "-" "Mozilla/5.0 (compatible; TMMBot/0.2; +http://www.dslab.ch)/Nutch-1.15"
194.209.200.2 - - [21/Mar/2022:19:19:29 +0100] "GET /Texte/Schrybwys HTTP/1.1" 200 11028 "-" "Mozilla/5.0 (compatible; TMMBot/0.2; +http://www.dslab.ch)/Nutch-1.15"
154.54.249.202 - - [21/Mar/2022:19:19:33 +0100] "GET /PmWiki/Intermap HTTP/1.1" 404 8831 "-" "Mozilla/5.0 (compatible; Barkrowler/0.9; +https://babbar.tech/crawler)"
154.54.249.202 - - [21/Mar/2022:19:19:48 +0100] "GET /PmWiki/FullName HTTP/1.1" 404 8833 "-" "Mozilla/5.0 (compatible; Barkrowler/0.9; +https://babbar.tech/crawler)"
154.54.249.202 - - [21/Mar/2022:19:20:04 +0100] "GET /PmWiki/Audiences HTTP/1.1" 200 13856 "-" "Mozilla/5.0 (compatible; Barkrowler/0.9; +https://babbar.tech/crawler)"
194.209.200.2 - - [21/Mar/2022:19:20:13 +0100] "GET /Texte/ArsAmatoria HTTP/1.1" 200 12369 "-" "Mozilla/5.0 (compatible; TMMBot/0.2; +http://www.dslab.ch)/Nutch-1.15"
154.54.249.202 - - [21/Mar/2022:19:20:19 +0100] "GET /PmWiki/Variables HTTP/1.1" 200 61817 "-" "Mozilla/5.0 (compatible; Barkrowler/0.9; +https://babbar.tech/crawler)"
194.209.200.2 - - [21/Mar/2022:19:20:26 +0100] "GET /Texte/GDicht HTTP/1.1" 200 8050 "-" "Mozilla/5.0 (compatible; TMMBot/0.2; +http://www.dslab.ch)/Nutch-1.15"
154.54.249.202 - - [21/Mar/2022:19:20:34 +0100] "GET /PmWiki/Contributors HTTP/1.1" 200 12661 "-" "Mozilla/5.0 (compatible; Barkrowler/0.9; +https://babbar.tech/crawler)"
154.54.249.202 - - [21/Mar/2022:19:20:49 +0100] "GET /PmWiki/Directives HTTP/1.1" 404 8867 "-" "Mozilla/5.0 (compatible; Barkrowler/0.9; +https://babbar.tech/crawler)"
194.209.200.2 - - [21/Mar/2022:19:20:54 +0100] "GET /Admin/Links HTTP/1.1" 200 14193 "-" "Mozilla/5.0 (compatible; TMMBot/0.2; +http://www.dslab.ch)/Nutch-1.15"
154.54.249.202 - - [21/Mar/2022:19:21:04 +0100] "GET /PmWiki/SimpleTables HTTP/1.1" 404 8905 "-" "Mozilla/5.0 (compatible; Barkrowler/0.9; +https://babbar.tech/crawler)"
154.54.249.202 - - [21/Mar/2022:19:21:20 +0100] "GET /PmWiki/BasicEditing HTTP/1.1" 200 32302 "-" "Mozilla/5.0 (compatible; Barkrowler/0.9; +https://babbar.tech/crawler)"
154.54.249.202 - - [21/Mar/2022:19:21:35 +0100] "GET /PmWiki/Glossary HTTP/1.1" 200 16412 "-" "Mozilla/5.0 (compatible; Barkrowler/0.9; +https://babbar.tech/crawler)"
154.54.249.202 - - [21/Mar/2022:19:21:50 +0100] "GET /PmWiki/Drafts HTTP/1.1" 200 11363 "-" "Mozilla/5.0 (compatible; Barkrowler/0.9; +https://babbar.tech/crawler)"
154.54.249.202 - - [21/Mar/2022:19:22:05 +0100] "GET /PmWiki/ChangeLog HTTP/1.1" 200 104821 "-" "Mozilla/5.0 (compatible; Barkrowler/0.9; +https://babbar.tech/crawler)"
154.54.249.202 - - [21/Mar/2022:19:22:21 +0100] "GET /PmWikiFr/Name HTTP/1.1" 404 9086 "-" "Mozilla/5.0 (compatible; Barkrowler/0.9; +https://babbar.tech/crawler)"
154.54.249.202 - - [21/Mar/2022:19:22:36 +0100] "GET /PmWikiFr/Menu HTTP/1.1" 200 9778 "-" "Mozilla/5.0 (compatible; Barkrowler/0.9; +https://babbar.tech/crawler)"
154.54.249.202 - - [21/Mar/2022:19:22:52 +0100] "GET /PmWikiFr/Security HTTP/1.1" 200 11043 "-" "Mozilla/5.0 (compatible; Barkrowler/0.9; +https://babbar.tech/crawler)"
154.54.249.202 - - [21/Mar/2022:19:23:07 +0100] "GET /PmWikiFr/Download HTTP/1.1" 200 10964 "-" "Mozilla/5.0 (compatible; Barkrowler/0.9; +https://babbar.tech/crawler)"
154.54.249.202 - - [21/Mar/2022:19:23:22 +0100] "GET /PmWikiFr/Search HTTP/1.1" 200 11056 "-" "Mozilla/5.0 (compatible; Barkrowler/0.9; +https://babbar.tech/crawler)"
154.54.249.202 - - [21/Mar/2022:19:23:37 +0100] "GET /PmWikiFr/FAQ HTTP/1.1" 404 9281 "-" "Mozilla/5.0 (compatible; Barkrowler/0.9; +https://babbar.tech/crawler)"
157.55.39.159 - - [21/Mar/2022:19:23:41 +0100] "GET /Site/PodCast HTTP/1.1" 200 40934 "-" "Mozilla/5.0 (compatible; bingbot/2.0; +http://www.bing.com/bingbot.htm)"
194.209.200.2 - - [21/Mar/2022:19:23:46 +0100] "GET /Gast/Podcast HTTP/1.1" 200 8106 "-" "Mozilla/5.0 (compatible; TMMBot/0.2; +http://www.dslab.ch)/Nutch-1.15"
154.54.249.202 - - [21/Mar/2022:19:23:52 +0100] "GET /PmWikiFr/Links HTTP/1.1" 200 16624 "-" "Mozilla/5.0 (compatible; Barkrowler/0.9; +https://babbar.tech/crawler)"
154.54.249.202 - - [21/Mar/2022:19:24:07 +0100] "GET /PmWikiFr/Tables HTTP/1.1" 200 15945 "-" "Mozilla/5.0 (compatible; Barkrowler/0.9; +https://babbar.tech/crawler)"
154.54.249.202 - - [21/Mar/2022:19:24:22 +0100] "GET /PmWikiFr/Aide HTTP/1.1" 200 10320 "-" "Mozilla/5.0 (compatible; Barkrowler/0.9; +https://babbar.tech/crawler)"
154.54.249.202 - - [21/Mar/2022:19:24:38 +0100] "GET /PmWikiFr/Forms HTTP/1.1" 404 9327 "-" "Mozilla/5.0 (compatible; Barkrowler/0.9; +https://babbar.tech/crawler)"
154.54.249.202 - - [21/Mar/2022:19:24:53 +0100] "GET /PmWikiFr/Version HTTP/1.1" 404 9373 "-" "Mozilla/5.0 (compatible; Barkrowler/0.9; +https://babbar.tech/crawler)"
154.54.249.202 - - [21/Mar/2022:19:25:08 +0100] "GET /PmWikiFr/RSS HTTP/1.1" 200 13285 "-" "Mozilla/5.0 (compatible; Barkrowler/0.9; +https://babbar.tech/crawler)"
154.54.249.202 - - [21/Mar/2022:19:25:23 +0100] "GET /PmWikiFr/Images HTTP/1.1" 200 22078 "-" "Mozilla/5.0 (compatible; Barkrowler/0.9; +https://babbar.tech/crawler)"
154.54.249.202 - - [21/Mar/2022:19:25:38 +0100] "GET /PmWiki/Passwords HTTP/1.1" 200 23996 "-" "Mozilla/5.0 (compatible; Barkrowler/0.9; +https://babbar.tech/crawler)"
154.54.249.202 - - [21/Mar/2022:19:25:53 +0100] "GET /PmWiki/RefCount HTTP/1.1" 200 11857 "-" "Mozilla/5.0 (compatible; Barkrowler/0.9; +https://babbar.tech/crawler)"
154.54.249.202 - - [21/Mar/2022:19:26:09 +0100] "GET /PmWiki/BlueSky HTTP/1.1" 404 8815 "-" "Mozilla/5.0 (compatible; Barkrowler/0.9; +https://babbar.tech/crawler)"
154.54.249.202 - - [21/Mar/2022:19:26:24 +0100] "GET /PmWikiIt/RSS HTTP/1.1" 404 8145 "-" "Mozilla/5.0 (compatible; Barkrowler/0.9; +https://babbar.tech/crawler)"
154.54.249.202 - - [21/Mar/2022:19:26:39 +0100] "GET /PmWikiIt/Links HTTP/1.1" 404 8173 "-" "Mozilla/5.0 (compatible; Barkrowler/0.9; +https://babbar.tech/crawler)"
154.54.249.202 - - [21/Mar/2022:19:26:54 +0100] "GET /PmWiki/WebFeeds HTTP/1.1" 200 29017 "-" "Mozilla/5.0 (compatible; Barkrowler/0.9; +https://babbar.tech/crawler)"
154.54.249.202 - - [21/Mar/2022:19:27:09 +0100] "GET /PmWiki/Requirements HTTP/1.1" 200 10838 "-" "Mozilla/5.0 (compatible; Barkrowler/0.9; +https://babbar.tech/crawler)"
154.54.249.202 - - [21/Mar/2022:19:27:24 +0100] "GET /PmWiki/AuthUser HTTP/1.1" 200 32251 "-" "Mozilla/5.0 (compatible; Barkrowler/0.9; +https://babbar.tech/crawler)"
154.54.249.202 - - [21/Mar/2022:19:27:40 +0100] "GET /PmWiki/Blocklist HTTP/1.1" 200 31195 "-" "Mozilla/5.0 (compatible; Barkrowler/0.9; +https://babbar.tech/crawler)"
154.54.249.202 - - [21/Mar/2022:19:27:55 +0100] "GET /Blickestoorff HTTP/1.1" 404 8339 "-" "Mozilla/5.0 (compatible; Barkrowler/0.9; +https://babbar.tech/crawler)"
154.54.249.202 - - [21/Mar/2022:19:28:10 +0100] "GET /Podcast/IndexPage?action=edit HTTP/1.1" 200 8651 "-" "Mozilla/5.0 (compatible; Barkrowler/0.9; +https://babbar.tech/crawler)"
66.249.76.220 - - [21/Mar/2022:19:28:22 +0100] "GET /PodCast/IndexPage?action=rss HTTP/1.1" 200 6298 "-" "Mozilla/5.0 (compatible; Googlebot/2.1; +http://www.google.com/bot.html)"
154.54.249.202 - - [21/Mar/2022:19:28:25 +0100] "GET /Podcast/IndexPage?action=diff HTTP/1.1" 200 9608 "-" "Mozilla/5.0 (compatible; Barkrowler/0.9; +https://babbar.tech/crawler)"
154.54.249.202 - - [21/Mar/2022:19:28:40 +0100] "GET /Podcast/IndexPage?action=upload HTTP/1.1" 200 8551 "-" "Mozilla/5.0 (compatible; Barkrowler/0.9; +https://babbar.tech/crawler)"
154.54.249.202 - - [21/Mar/2022:19:28:55 +0100] "GET /Podcast/IndexPage?action=print HTTP/1.1" 200 2304 "-" "Mozilla/5.0 (compatible; Barkrowler/0.9; +https://babbar.tech/crawler)"
154.54.249.202 - - [21/Mar/2022:19:29:10 +0100] "GET /pub/pschtellform.php HTTP/1.1" 302 - "-" "Mozilla/5.0 (compatible; Barkrowler/0.9; +https://babbar.tech/crawler)"
185.191.171.44 - - [21/Mar/2022:19:29:12 +0100] "GET /robots.txt HTTP/1.1" 200 - "-" "Mozilla/5.0 (compatible; SemrushBot/7~bl; +http://www.semrush.com/bot.html)"
185.191.171.44 - - [21/Mar/2022:19:29:12 +0100] "GET /Main/HomePage?action=print HTTP/1.1" 403 18 "-" "Mozilla/5.0 (compatible; SemrushBot/7~bl; +http://www.semrush.com/bot.html)"
154.54.249.202 - - [21/Mar/2022:19:29:26 +0100] "GET /PodCast/Zugle HTTP/1.1" 200 19132 "-" "Mozilla/5.0 (compatible; Barkrowler/0.9; +https://babbar.tech/crawler)"
154.54.249.202 - - [21/Mar/2022:19:29:41 +0100] "GET /PodCast/RUR02 HTTP/1.1" 200 22708 "-" "Mozilla/5.0 (compatible; Barkrowler/0.9; +https://babbar.tech/crawler)"
154.54.249.202 - - [21/Mar/2022:19:29:56 +0100] "GET /PodCast/RUR01 HTTP/1.1" 200 24436 "-" "Mozilla/5.0 (compatible; Barkrowler/0.9; +https://babbar.tech/crawler)"
154.54.249.202 - - [21/Mar/2022:19:30:11 +0100] "GET /PodCast/Prometheus HTTP/1.1" 200 12520 "-" "Mozilla/5.0 (compatible; Barkrowler/0.9; +https://babbar.tech/crawler)"
154.54.249.202 - - [21/Mar/2022:19:30:27 +0100] "GET /PodCast/Goliat HTTP/1.1" 200 8075 "-" "Mozilla/5.0 (compatible; Barkrowler/0.9; +https://babbar.tech/crawler)"
154.54.249.202 - - [21/Mar/2022:19:30:42 +0100] "GET /PodCast/Schlouss HTTP/1.1" 200 8328 "-" "Mozilla/5.0 (compatible; Barkrowler/0.9; +https://babbar.tech/crawler)"
154.54.249.202 - - [21/Mar/2022:19:30:57 +0100] "GET /PodCast/PodCast HTTP/1.1" 200 29790 "-" "Mozilla/5.0 (compatible; Barkrowler/0.9; +https://babbar.tech/crawler)"
154.54.249.202 - - [21/Mar/2022:19:31:12 +0100] "GET /PodCast/Stounkel HTTP/1.1" 404 8200 "-" "Mozilla/5.0 (compatible; Barkrowler/0.9; +https://babbar.tech/crawler)"
154.54.249.202 - - [21/Mar/2022:19:31:27 +0100] "GET /PodCast/Stolz HTTP/1.1" 200 8062 "-" "Mozilla/5.0 (compatible; Barkrowler/0.9; +https://babbar.tech/crawler)"
154.54.249.202 - - [21/Mar/2022:19:31:42 +0100] "GET /PodCast/Konzyl HTTP/1.1" 200 8307 "-" "Mozilla/5.0 (compatible; Barkrowler/0.9; +https://babbar.tech/crawler)"
154.54.249.202 - - [21/Mar/2022:19:31:57 +0100] "GET /PodCast/Buecherbrand2 HTTP/1.1" 200 17888 "-" "Mozilla/5.0 (compatible; Barkrowler/0.9; +https://babbar.tech/crawler)"
154.54.249.202 - - [21/Mar/2022:19:32:12 +0100] "GET /PodCast/Boni2 HTTP/1.1" 200 13222 "-" "Mozilla/5.0 (compatible; Barkrowler/0.9; +https://babbar.tech/crawler)"
154.54.249.202 - - [21/Mar/2022:19:32:28 +0100] "GET /PodCast/Hafering HTTP/1.1" 200 14273 "-" "Mozilla/5.0 (compatible; Barkrowler/0.9; +https://babbar.tech/crawler)"
154.54.249.202 - - [21/Mar/2022:19:32:43 +0100] "GET /PodCast/Resoultat HTTP/1.1" 200 11319 "-" "Mozilla/5.0 (compatible; Barkrowler/0.9; +https://babbar.tech/crawler)"
154.54.249.202 - - [21/Mar/2022:19:32:59 +0100] "GET /PodCast/Maitli HTTP/1.1" 200 9744 "-" "Mozilla/5.0 (compatible; Barkrowler/0.9; +https://babbar.tech/crawler)"
154.54.249.202 - - [21/Mar/2022:19:33:14 +0100] "GET /PodCast/StRbe HTTP/1.1" 200 8194 "-" "Mozilla/5.0 (compatible; Barkrowler/0.9; +https://babbar.tech/crawler)"
154.54.249.202 - - [21/Mar/2022:19:33:29 +0100] "GET /Pod/Podcasts?action=edit HTTP/1.1" 200 8579 "-" "Mozilla/5.0 (compatible; Barkrowler/0.9; +https://babbar.tech/crawler)"
154.54.249.202 - - [21/Mar/2022:19:33:44 +0100] "GET /Pod/Podcasts?action=print HTTP/1.1" 200 5053 "-" "Mozilla/5.0 (compatible; Barkrowler/0.9; +https://babbar.tech/crawler)"
154.54.249.202 - - [21/Mar/2022:19:33:59 +0100] "GET /Pod/Podcasts?action=upload HTTP/1.1" 200 8479 "-" "Mozilla/5.0 (compatible; Barkrowler/0.9; +https://babbar.tech/crawler)"
154.54.249.202 - - [21/Mar/2022:19:34:14 +0100] "GET /Profiles/SteveAgl HTTP/1.1" 404 8215 "-" "Mozilla/5.0 (compatible; Barkrowler/0.9; +https://babbar.tech/crawler)"
154.54.249.202 - - [21/Mar/2022:19:34:29 +0100] "GET /Profiles/Morsma?action=edit HTTP/1.1" 200 8621 "-" "Mozilla/5.0 (compatible; Barkrowler/0.9; +https://babbar.tech/crawler)"
154.54.249.202 - - [21/Mar/2022:19:34:44 +0100] "GET /Profiles/Author?action=print HTTP/1.1" 404 2393 "-" "Mozilla/5.0 (compatible; Barkrowler/0.9; +https://babbar.tech/crawler)"
154.54.249.202 - - [21/Mar/2022:19:35:00 +0100] "GET /Profiles/Author?action=edit HTTP/1.1" 200 8621 "-" "Mozilla/5.0 (compatible; Barkrowler/0.9; +https://babbar.tech/crawler)"
154.54.249.202 - - [21/Mar/2022:19:35:15 +0100] "GET /Profiles/Pico?action=edit HTTP/1.1" 200 8593 "-" "Mozilla/5.0 (compatible; Barkrowler/0.9; +https://babbar.tech/crawler)"
154.54.249.202 - - [21/Mar/2022:19:35:30 +0100] "GET /Profiles/Pico?action=print HTTP/1.1" 404 2385 "-" "Mozilla/5.0 (compatible; Barkrowler/0.9; +https://babbar.tech/crawler)"
154.54.249.202 - - [21/Mar/2022:19:35:45 +0100] "GET /Profiles/Pico?action=upload HTTP/1.1" 200 8493 "-" "Mozilla/5.0 (compatible; Barkrowler/0.9; +https://babbar.tech/crawler)"
154.54.249.202 - - [21/Mar/2022:19:36:00 +0100] "GET /Profiles/Holo?action=edit HTTP/1.1" 200 8593 "-" "Mozilla/5.0 (compatible; Barkrowler/0.9; +https://babbar.tech/crawler)"
154.54.249.202 - - [21/Mar/2022:19:36:15 +0100] "GET /Profiles/Holo?action=print HTTP/1.1" 404 2385 "-" "Mozilla/5.0 (compatible; Barkrowler/0.9; +https://babbar.tech/crawler)"
154.54.249.202 - - [21/Mar/2022:19:36:31 +0100] "GET /Profiles/Holo?action=upload HTTP/1.1" 200 8493 "-" "Mozilla/5.0 (compatible; Barkrowler/0.9; +https://babbar.tech/crawler)"
154.54.249.202 - - [21/Mar/2022:19:36:46 +0100] "GET /Profiles/Jose?action=diff HTTP/1.1" 200 9152 "-" "Mozilla/5.0 (compatible; Barkrowler/0.9; +https://babbar.tech/crawler)"
154.54.249.202 - - [21/Mar/2022:19:37:01 +0100] "GET /Profiles/Jose?action=upload HTTP/1.1" 200 8493 "-" "Mozilla/5.0 (compatible; Barkrowler/0.9; +https://babbar.tech/crawler)"
154.54.249.202 - - [21/Mar/2022:19:37:16 +0100] "GET /Profiles/Jmi?action=print HTTP/1.1" 404 2381 "-" "Mozilla/5.0 (compatible; Barkrowler/0.9; +https://babbar.tech/crawler)"
154.54.249.202 - - [21/Mar/2022:19:37:31 +0100] "GET /Profiles/Jmi?action=edit HTTP/1.1" 200 8579 "-" "Mozilla/5.0 (compatible; Barkrowler/0.9; +https://babbar.tech/crawler)"
154.54.249.202 - - [21/Mar/2022:19:37:46 +0100] "GET /Profiles/Jmi?action=upload HTTP/1.1" 200 8479 "-" "Mozilla/5.0 (compatible; Barkrowler/0.9; +https://babbar.tech/crawler)"
154.54.249.202 - - [21/Mar/2022:19:38:01 +0100] "GET /Profiles/Uli?action=edit HTTP/1.1" 200 8579 "-" "Mozilla/5.0 (compatible; Barkrowler/0.9; +https://babbar.tech/crawler)"
154.54.249.202 - - [21/Mar/2022:19:38:16 +0100] "GET /Profiles/Uli?action=upload HTTP/1.1" 200 8479 "-" "Mozilla/5.0 (compatible; Barkrowler/0.9; +https://babbar.tech/crawler)"
154.54.249.202 - - [21/Mar/2022:19:38:32 +0100] "GET /Profiles/Uli?action=print HTTP/1.1" 404 2381 "-" "Mozilla/5.0 (compatible; Barkrowler/0.9; +https://babbar.tech/crawler)"
154.54.249.202 - - [21/Mar/2022:19:38:47 +0100] "GET /Profiles/Uli?action=diff HTTP/1.1" 200 9136 "-" "Mozilla/5.0 (compatible; Barkrowler/0.9; +https://babbar.tech/crawler)"
154.54.249.202 - - [21/Mar/2022:19:39:02 +0100] "GET /Profiles/Ugo?action=edit HTTP/1.1" 200 8579 "-" "Mozilla/5.0 (compatible; Barkrowler/0.9; +https://babbar.tech/crawler)"
154.54.249.202 - - [21/Mar/2022:19:39:17 +0100] "GET /Profiles/Ugo?action=upload HTTP/1.1" 200 8479 "-" "Mozilla/5.0 (compatible; Barkrowler/0.9; +https://babbar.tech/crawler)"
154.54.249.202 - - [21/Mar/2022:19:39:32 +0100] "GET /Profiles/Ugo?action=print HTTP/1.1" 404 2381 "-" "Mozilla/5.0 (compatible; Barkrowler/0.9; +https://babbar.tech/crawler)"
154.54.249.202 - - [21/Mar/2022:19:39:47 +0100] "GET /Profiles/Ugo?action=diff HTTP/1.1" 200 9136 "-" "Mozilla/5.0 (compatible; Barkrowler/0.9; +https://babbar.tech/crawler)"
154.54.249.202 - - [21/Mar/2022:19:40:02 +0100] "GET /Profiles/Pm?action=edit HTTP/1.1" 200 8565 "-" "Mozilla/5.0 (compatible; Barkrowler/0.9; +https://babbar.tech/crawler)"
154.54.249.202 - - [21/Mar/2022:19:40:17 +0100] "GET /Profiles/Pm?action=print HTTP/1.1" 404 2377 "-" "Mozilla/5.0 (compatible; Barkrowler/0.9; +https://babbar.tech/crawler)"
154.54.249.202 - - [21/Mar/2022:19:40:33 +0100] "GET /Profiles/Pm?action=upload HTTP/1.1" 200 8465 "-" "Mozilla/5.0 (compatible; Barkrowler/0.9; +https://babbar.tech/crawler)"
154.54.249.202 - - [21/Mar/2022:19:40:48 +0100] "GET /Cookbook/Forum?action=edit HTTP/1.1" 200 8607 "-" "Mozilla/5.0 (compatible; Barkrowler/0.9; +https://babbar.tech/crawler)"
154.54.249.202 - - [21/Mar/2022:19:41:03 +0100] "GET /Cookbook/Forum?action=upload HTTP/1.1" 200 8507 "-" "Mozilla/5.0 (compatible; Barkrowler/0.9; +https://babbar.tech/crawler)"
154.54.249.202 - - [21/Mar/2022:19:41:19 +0100] "GET /Cookbook/Forum?action=print HTTP/1.1" 404 2389 "-" "Mozilla/5.0 (compatible; Barkrowler/0.9; +https://babbar.tech/crawler)"
154.54.249.202 - - [21/Mar/2022:19:41:34 +0100] "GET /Cookbook/Forum?action=diff HTTP/1.1" 200 9168 "-" "Mozilla/5.0 (compatible; Barkrowler/0.9; +https://babbar.tech/crawler)"
154.54.249.202 - - [21/Mar/2022:19:41:49 +0100] "GET /Cookbook/SiteInformation HTTP/1.1" 404 8313 "-" "Mozilla/5.0 (compatible; Barkrowler/0.9; +https://babbar.tech/crawler)"
154.54.249.202 - - [21/Mar/2022:19:42:04 +0100] "GET /Category/PmWikiDesign HTTP/1.1" 200 8543 "-" "Mozilla/5.0 (compatible; Barkrowler/0.9; +https://babbar.tech/crawler)"
154.54.249.202 - - [21/Mar/2022:19:42:19 +0100] "GET /Category/Category?action=diff HTTP/1.1" 200 9216 "-" "Mozilla/5.0 (compatible; Barkrowler/0.9; +https://babbar.tech/crawler)"
154.54.249.202 - - [21/Mar/2022:19:42:34 +0100] "GET /Category/Spam?action=diff HTTP/1.1" 200 9152 "-" "Mozilla/5.0 (compatible; Barkrowler/0.9; +https://babbar.tech/crawler)"
154.54.249.202 - - [21/Mar/2022:19:42:49 +0100] "GET /Category/Spam?action=upload HTTP/1.1" 200 8493 "-" "Mozilla/5.0 (compatible; Barkrowler/0.9; +https://babbar.tech/crawler)"
154.54.249.202 - - [21/Mar/2022:19:43:04 +0100] "GET /Category/Spam?action=print HTTP/1.1" 200 2293 "-" "Mozilla/5.0 (compatible; Barkrowler/0.9; +https://babbar.tech/crawler)"
154.54.249.202 - - [21/Mar/2022:19:43:19 +0100] "GET /Category/Security?action=edit HTTP/1.1" 200 8649 "-" "Mozilla/5.0 (compatible; Barkrowler/0.9; +https://babbar.tech/crawler)"
154.54.249.202 - - [21/Mar/2022:19:43:34 +0100] "GET /Category/Security?action=upload HTTP/1.1" 200 8549 "-" "Mozilla/5.0 (compatible; Barkrowler/0.9; +https://babbar.tech/crawler)"
154.54.249.202 - - [21/Mar/2022:19:43:49 +0100] "GET /Category/Security?action=diff HTTP/1.1" 200 9216 "-" "Mozilla/5.0 (compatible; Barkrowler/0.9; +https://babbar.tech/crawler)"
154.54.249.202 - - [21/Mar/2022:19:44:04 +0100] "GET /Category/Security?action=print HTTP/1.1" 200 2305 "-" "Mozilla/5.0 (compatible; Barkrowler/0.9; +https://babbar.tech/crawler)"
154.54.249.202 - - [21/Mar/2022:19:44:19 +0100] "GET /Upload/Upload?action=upload HTTP/1.1" 200 8493 "-" "Mozilla/5.0 (compatible; Barkrowler/0.9; +https://babbar.tech/crawler)"
154.54.249.202 - - [21/Mar/2022:19:44:35 +0100] "GET /Upload/Upload?action=print HTTP/1.1" 200 2602 "-" "Mozilla/5.0 (compatible; Barkrowler/0.9; +https://babbar.tech/crawler)"
154.54.249.202 - - [21/Mar/2022:19:44:50 +0100] "GET /Upload/Upload?action=edit HTTP/1.1" 200 8593 "-" "Mozilla/5.0 (compatible; Barkrowler/0.9; +https://babbar.tech/crawler)"
154.54.249.202 - - [21/Mar/2022:19:45:05 +0100] "GET /Upload/Upload?action=diff HTTP/1.1" 200 9709 "-" "Mozilla/5.0 (compatible; Barkrowler/0.9; +https://babbar.tech/crawler)"
154.54.249.202 - - [21/Mar/2022:19:45:20 +0100] "GET /Site/UploadQuickReference HTTP/1.1" 200 30704 "-" "Mozilla/5.0 (compatible; Barkrowler/0.9; +https://babbar.tech/crawler)"
154.54.249.202 - - [21/Mar/2022:19:45:35 +0100] "GET /Site/Bebi?action=edit HTTP/1.1" 200 8537 "-" "Mozilla/5.0 (compatible; Barkrowler/0.9; +https://babbar.tech/crawler)"
154.54.249.202 - - [21/Mar/2022:19:45:51 +0100] "GET /Site/Bebi?action=upload HTTP/1.1" 200 8437 "-" "Mozilla/5.0 (compatible; Barkrowler/0.9; +https://babbar.tech/crawler)"
154.54.249.202 - - [21/Mar/2022:19:46:06 +0100] "GET /Site/InterMap?action=edit HTTP/1.1" 200 8595 "-" "Mozilla/5.0 (compatible; Barkrowler/0.9; +https://babbar.tech/crawler)"
154.54.249.202 - - [21/Mar/2022:19:46:21 +0100] "GET /Site/InterMap?action=upload HTTP/1.1" 200 8495 "-" "Mozilla/5.0 (compatible; Barkrowler/0.9; +https://babbar.tech/crawler)"
154.54.249.202 - - [21/Mar/2022:19:46:36 +0100] "GET /Site/InterMap?action=diff HTTP/1.1" 200 9154 "-" "Mozilla/5.0 (compatible; Barkrowler/0.9; +https://babbar.tech/crawler)"
154.54.249.202 - - [21/Mar/2022:19:46:51 +0100] "GET /Site/InterMap?action=print HTTP/1.1" 404 2381 "-" "Mozilla/5.0 (compatible; Barkrowler/0.9; +https://babbar.tech/crawler)"
154.54.249.202 - - [21/Mar/2022:19:47:06 +0100] "GET /Site/Bankett?action=edit HTTP/1.1" 200 8579 "-" "Mozilla/5.0 (compatible; Barkrowler/0.9; +https://babbar.tech/crawler)"
194.209.200.2 - - [21/Mar/2022:19:47:19 +0100] "GET /robots.txt HTTP/1.1" 200 - "-" "Mozilla/5.0 (compatible; TMMBot/0.2; +http://www.dslab.ch)/Nutch-1.15"
194.209.200.2 - - [21/Mar/2022:19:47:19 +0100] "GET /Texte/ZurcherischEnglish HTTP/1.1" 200 8274 "-" "Mozilla/5.0 (compatible; TMMBot/0.2; +http://www.dslab.ch)/Nutch-1.15"
154.54.249.202 - - [21/Mar/2022:19:47:21 +0100] "GET /Site/Bankett?action=diff HTTP/1.1" 200 10416 "-" "Mozilla/5.0 (compatible; Barkrowler/0.9; +https://babbar.tech/crawler)"
154.54.249.202 - - [21/Mar/2022:19:47:36 +0100] "GET /Site/Bankett?action=upload HTTP/1.1" 200 8479 "-" "Mozilla/5.0 (compatible; Barkrowler/0.9; +https://babbar.tech/crawler)"
154.54.249.202 - - [21/Mar/2022:19:47:52 +0100] "GET /Site/Bankett?action=print HTTP/1.1" 200 3218 "-" "Mozilla/5.0 (compatible; Barkrowler/0.9; +https://babbar.tech/crawler)"
154.54.249.202 - - [21/Mar/2022:19:48:07 +0100] "GET /Site/Tessynfaart HTTP/1.1" 200 16858 "-" "Mozilla/5.0 (compatible; Barkrowler/0.9; +https://babbar.tech/crawler)"
154.54.249.202 - - [21/Mar/2022:19:48:22 +0100] "GET /Site/AuthUser?action=edit HTTP/1.1" 200 8595 "-" "Mozilla/5.0 (compatible; Barkrowler/0.9; +https://babbar.tech/crawler)"
194.209.200.2 - - [21/Mar/2022:19:48:31 +0100] "GET /Admin/Jahresbericht HTTP/1.1" 200 45530 "-" "Mozilla/5.0 (compatible; TMMBot/0.2; +http://www.dslab.ch)/Nutch-1.15"
154.54.249.202 - - [21/Mar/2022:19:48:37 +0100] "GET /Site/AuthUser?action=diff HTTP/1.1" 200 9154 "-" "Mozilla/5.0 (compatible; Barkrowler/0.9; +https://babbar.tech/crawler)"
194.209.200.2 - - [21/Mar/2022:19:48:47 +0100] "GET /Texte/Limericks HTTP/1.1" 200 8087 "-" "Mozilla/5.0 (compatible; TMMBot/0.2; +http://www.dslab.ch)/Nutch-1.15"
194.209.200.2 - - [21/Mar/2022:19:48:51 +0100] "GET /Texte/Schrybwys HTTP/1.1" 200 11028 "-" "Mozilla/5.0 (compatible; TMMBot/0.2; +http://www.dslab.ch)/Nutch-1.15"
154.54.249.202 - - [21/Mar/2022:19:48:52 +0100] "GET /Site/AuthUser?action=upload HTTP/1.1" 200 8495 "-" "Mozilla/5.0 (compatible; Barkrowler/0.9; +https://babbar.tech/crawler)"
154.54.249.202 - - [21/Mar/2022:19:49:07 +0100] "GET /Site/AuthUser?action=print HTTP/1.1" 302 189 "-" "Mozilla/5.0 (compatible; Barkrowler/0.9; +https://babbar.tech/crawler)"
154.54.249.202 - - [21/Mar/2022:19:49:22 +0100] "GET /Site/AuthForm?action=edit HTTP/1.1" 200 8595 "-" "Mozilla/5.0 (compatible; Barkrowler/0.9; +https://babbar.tech/crawler)"
194.209.200.2 - - [21/Mar/2022:19:49:32 +0100] "GET /Texte/ArsAmatoria HTTP/1.1" 200 12369 "-" "Mozilla/5.0 (compatible; TMMBot/0.2; +http://www.dslab.ch)/Nutch-1.15"
154.54.249.202 - - [21/Mar/2022:19:49:37 +0100] "GET /Site/AuthForm?action=diff HTTP/1.1" 200 9154 "-" "Mozilla/5.0 (compatible; Barkrowler/0.9; +https://babbar.tech/crawler)"
194.209.200.2 - - [21/Mar/2022:19:49:45 +0100] "GET /Texte/GDicht HTTP/1.1" 200 8050 "-" "Mozilla/5.0 (compatible; TMMBot/0.2; +http://www.dslab.ch)/Nutch-1.15"
154.54.249.202 - - [21/Mar/2022:19:49:53 +0100] "GET /Site/AuthForm?action=upload HTTP/1.1" 200 8495 "-" "Mozilla/5.0 (compatible; Barkrowler/0.9; +https://babbar.tech/crawler)"
154.54.249.202 - - [21/Mar/2022:19:50:08 +0100] "GET /Site/AuthForm?action=print HTTP/1.1" 200 2556 "-" "Mozilla/5.0 (compatible; Barkrowler/0.9; +https://babbar.tech/crawler)"
194.209.200.2 - - [21/Mar/2022:19:50:12 +0100] "GET /Admin/Links HTTP/1.1" 200 14193 "-" "Mozilla/5.0 (compatible; TMMBot/0.2; +http://www.dslab.ch)/Nutch-1.15"
154.54.249.202 - - [21/Mar/2022:19:50:23 +0100] "GET /Site/IndexPage?action=diff HTTP/1.1" 200 9557 "-" "Mozilla/5.0 (compatible; Barkrowler/0.9; +https://babbar.tech/crawler)"
154.54.249.202 - - [21/Mar/2022:19:50:38 +0100] "GET /Site/IndexPage?action=print HTTP/1.1" 200 2292 "-" "Mozilla/5.0 (compatible; Barkrowler/0.9; +https://babbar.tech/crawler)"
154.54.249.202 - - [21/Mar/2022:19:50:53 +0100] "GET /Site/IndexPage?action=edit HTTP/1.1" 200 8609 "-" "Mozilla/5.0 (compatible; Barkrowler/0.9; +https://babbar.tech/crawler)"
154.54.249.202 - - [21/Mar/2022:19:51:08 +0100] "GET /Site/IndexPage?action=upload HTTP/1.1" 200 8509 "-" "Mozilla/5.0 (compatible; Barkrowler/0.9; +https://babbar.tech/crawler)"
154.54.249.202 - - [21/Mar/2022:19:51:23 +0100] "GET /Site/AllRecentUploads HTTP/1.1" 404 8273 "-" "Mozilla/5.0 (compatible; Barkrowler/0.9; +https://babbar.tech/crawler)"
154.54.249.202 - - [21/Mar/2022:19:51:38 +0100] "GET /Site/Ereuffnig HTTP/1.1" 200 8952 "-" "Mozilla/5.0 (compatible; Barkrowler/0.9; +https://babbar.tech/crawler)"
154.54.249.202 - - [21/Mar/2022:19:51:53 +0100] "GET /Site/SideBar?action=edit HTTP/1.1" 200 8581 "-" "Mozilla/5.0 (compatible; Barkrowler/0.9; +https://babbar.tech/crawler)"
194.209.200.2 - - [21/Mar/2022:19:51:56 +0100] "GET /Admin/Pro-ZurituutschStatuten HTTP/1.1" 200 9580 "-" "Mozilla/5.0 (compatible; TMMBot/0.2; +http://www.dslab.ch)/Nutch-1.15"
154.54.249.202 - - [21/Mar/2022:19:52:08 +0100] "GET /Site/SideBar?action=diff HTTP/1.1" 200 23150 "-" "Mozilla/5.0 (compatible; Barkrowler/0.9; +https://babbar.tech/crawler)"
154.54.249.202 - - [21/Mar/2022:19:52:23 +0100] "GET /Site/SideBar?action=upload HTTP/1.1" 200 8481 "-" "Mozilla/5.0 (compatible; Barkrowler/0.9; +https://babbar.tech/crawler)"
154.54.249.202 - - [21/Mar/2022:19:52:39 +0100] "GET /Site/SideBar?action=print HTTP/1.1" 200 4986 "-" "Mozilla/5.0 (compatible; Barkrowler/0.9; +https://babbar.tech/crawler)"
194.209.200.2 - - [21/Mar/2022:19:52:39 +0100] "GET /Texte/Bitterbeuhsi HTTP/1.1" 200 9255 "-" "Mozilla/5.0 (compatible; TMMBot/0.2; +http://www.dslab.ch)/Nutch-1.15"
194.209.200.2 - - [21/Mar/2022:19:52:47 +0100] "GET /Gast/Podcast HTTP/1.1" 200 8106 "-" "Mozilla/5.0 (compatible; TMMBot/0.2; +http://www.dslab.ch)/Nutch-1.15"
154.54.249.202 - - [21/Mar/2022:19:52:54 +0100] "GET /Site/EditQuickReference HTTP/1.1" 200 14256 "-" "Mozilla/5.0 (compatible; Barkrowler/0.9; +https://babbar.tech/crawler)"
154.54.249.202 - - [21/Mar/2022:19:53:09 +0100] "GET /Site/EditForm?action=edit HTTP/1.1" 200 8595 "-" "Mozilla/5.0 (compatible; Barkrowler/0.9; +https://babbar.tech/crawler)"
154.54.249.202 - - [21/Mar/2022:19:53:24 +0100] "GET /Site/EditForm?action=upload HTTP/1.1" 200 8495 "-" "Mozilla/5.0 (compatible; Barkrowler/0.9; +https://babbar.tech/crawler)"
154.54.249.202 - - [21/Mar/2022:19:53:39 +0100] "GET /Site/EditForm?action=diff HTTP/1.1" 200 9154 "-" "Mozilla/5.0 (compatible; Barkrowler/0.9; +https://babbar.tech/crawler)"
185.191.171.19 - - [21/Mar/2022:19:53:52 +0100] "GET /PmWikiRu/A?action=search&fmt=title&q=link%3DPmWikiRu.WikiStyles HTTP/1.1" 404 18 "-" "Mozilla/5.0 (compatible; SemrushBot/7~bl; +http://www.semrush.com/bot.html)"
154.54.249.202 - - [21/Mar/2022:19:53:54 +0100] "GET /Site/EditForm?action=print HTTP/1.1" 200 6464 "-" "Mozilla/5.0 (compatible; Barkrowler/0.9; +https://babbar.tech/crawler)"
154.54.249.202 - - [21/Mar/2022:19:54:09 +0100] "GET /Site/51Trouttike HTTP/1.1" 200 13817 "-" "Mozilla/5.0 (compatible; Barkrowler/0.9; +https://babbar.tech/crawler)"
154.54.249.202 - - [21/Mar/2022:19:54:25 +0100] "GET /Site/Miroir?action=print HTTP/1.1" 200 3029 "-" "Mozilla/5.0 (compatible; Barkrowler/0.9; +https://babbar.tech/crawler)"
154.54.249.202 - - [21/Mar/2022:19:54:40 +0100] "GET /Site/Miroir?action=edit HTTP/1.1" 200 8565 "-" "Mozilla/5.0 (compatible; Barkrowler/0.9; +https://babbar.tech/crawler)"
154.54.249.202 - - [21/Mar/2022:19:54:55 +0100] "GET /Site/FullName?action=diff HTTP/1.1" 200 9154 "-" "Mozilla/5.0 (compatible; Barkrowler/0.9; +https://babbar.tech/crawler)"
154.54.249.202 - - [21/Mar/2022:19:55:10 +0100] "GET /Site/FullName?action=upload HTTP/1.1" 200 8495 "-" "Mozilla/5.0 (compatible; Barkrowler/0.9; +https://babbar.tech/crawler)"
185.191.171.14 - - [21/Mar/2022:19:55:25 +0100] "GET /PmWikiDe/PmWikiPhilosophy?action=diff HTTP/1.1" 403 18 "-" "Mozilla/5.0 (compatible; SemrushBot/7~bl; +http://www.semrush.com/bot.html)"
154.54.249.202 - - [21/Mar/2022:19:55:25 +0100] "GET /Site/FullName?action=print HTTP/1.1" 404 2381 "-" "Mozilla/5.0 (compatible; Barkrowler/0.9; +https://babbar.tech/crawler)"
154.54.249.202 - - [21/Mar/2022:19:55:40 +0100] "GET /Site/PodCast?action=print HTTP/1.1" 200 39273 "-" "Mozilla/5.0 (compatible; Barkrowler/0.9; +https://babbar.tech/crawler)"
193.169.253.96 - - [21/Mar/2022:19:55:46 +0100] "POST /vendor/phpunit/phpunit/src/Util/PHP/eval-stdin.php HTTP/1.1" 404 316 "-" "Mozilla/5.0 (Windows NT 10.0; Win64; x64) AppleWebKit/537.36 (KHTML, like Gecko) Chrome/93.0.4577.82 Safari/537.36"
193.169.253.96 - - [21/Mar/2022:19:55:47 +0100] "GET /.env HTTP/1.1" 404 264 "-" "Mozilla/5.0 (Windows NT 10.0; Win64; x64) AppleWebKit/537.36 (KHTML, like Gecko) Chrome/93.0.4577.82 Safari/537.36"
154.54.249.202 - - [21/Mar/2022:19:55:55 +0100] "GET /Site/PodCast?action=edit HTTP/1.1" 200 8581 "-" "Mozilla/5.0 (compatible; Barkrowler/0.9; +https://babbar.tech/crawler)"
154.54.249.202 - - [21/Mar/2022:19:56:11 +0100] "GET /Site/PodCast?action=upload HTTP/1.1" 200 8481 "-" "Mozilla/5.0 (compatible; Barkrowler/0.9; +https://babbar.tech/crawler)"
154.54.249.202 - - [21/Mar/2022:19:56:26 +0100] "GET /Site/AttrForm?action=edit HTTP/1.1" 200 8595 "-" "Mozilla/5.0 (compatible; Barkrowler/0.9; +https://babbar.tech/crawler)"
154.54.249.202 - - [21/Mar/2022:19:56:41 +0100] "GET /Site/AttrForm?action=upload HTTP/1.1" 200 8495 "-" "Mozilla/5.0 (compatible; Barkrowler/0.9; +https://babbar.tech/crawler)"
154.54.249.202 - - [21/Mar/2022:19:56:56 +0100] "GET /Site/AttrForm?action=print HTTP/1.1" 404 2381 "-" "Mozilla/5.0 (compatible; Barkrowler/0.9; +https://babbar.tech/crawler)"
154.54.249.202 - - [21/Mar/2022:19:57:11 +0100] "GET /Site/AttrForm?action=diff HTTP/1.1" 200 9154 "-" "Mozilla/5.0 (compatible; Barkrowler/0.9; +https://babbar.tech/crawler)"
154.54.249.202 - - [21/Mar/2022:19:57:26 +0100] "GET /Site/Preferences?action=source HTTP/1.1" 200 2426 "-" "Mozilla/5.0 (compatible; Barkrowler/0.9; +https://babbar.tech/crawler)"
154.54.249.202 - - [21/Mar/2022:19:57:41 +0100] "GET /Site/Preferences?action=edit HTTP/1.1" 200 8635 "-" "Mozilla/5.0 (compatible; Barkrowler/0.9; +https://babbar.tech/crawler)"
154.54.249.202 - - [21/Mar/2022:19:57:56 +0100] "GET /Site/Preferences?action=upload HTTP/1.1" 200 8535 "-" "Mozilla/5.0 (compatible; Barkrowler/0.9; +https://babbar.tech/crawler)"
154.54.249.202 - - [21/Mar/2022:19:58:12 +0100] "GET /Site/Preferences?action=diff HTTP/1.1" 200 9200 "-" "Mozilla/5.0 (compatible; Barkrowler/0.9; +https://babbar.tech/crawler)"
154.54.249.202 - - [21/Mar/2022:19:58:27 +0100] "GET /Site/Preferences?action=print HTTP/1.1" 200 5413 "-" "Mozilla/5.0 (compatible; Barkrowler/0.9; +https://babbar.tech/crawler)"
154.54.249.202 - - [21/Mar/2022:19:58:42 +0100] "GET /Texte/Schrybwys HTTP/1.1" 200 11028 "-" "Mozilla/5.0 (compatible; Barkrowler/0.9; +https://babbar.tech/crawler)"
154.54.249.202 - - [21/Mar/2022:19:58:57 +0100] "GET /Texte/Roman?action=diff HTTP/1.1" 200 104718 "-" "Mozilla/5.0 (compatible; Barkrowler/0.9; +https://babbar.tech/crawler)"
154.54.249.202 - - [21/Mar/2022:19:59:13 +0100] "GET /Texte/Roman?action=upload HTTP/1.1" 200 8465 "-" "Mozilla/5.0 (compatible; Barkrowler/0.9; +https://babbar.tech/crawler)"
154.54.249.202 - - [21/Mar/2022:19:59:28 +0100] "GET /Texte/Metamorphoses HTTP/1.1" 200 9045 "-" "Mozilla/5.0 (compatible; Barkrowler/0.9; +https://babbar.tech/crawler)"
154.54.249.202 - - [21/Mar/2022:19:59:43 +0100] "GET /Main/AllRecentChangesShort HTTP/1.1" 404 8345 "-" "Mozilla/5.0 (compatible; Barkrowler/0.9; +https://babbar.tech/crawler)"
154.54.249.202 - - [21/Mar/2022:19:59:58 +0100] "GET /Main/ToutesLesModifs HTTP/1.1" 404 8259 "-" "Mozilla/5.0 (compatible; Barkrowler/0.9; +https://babbar.tech/crawler)"
154.54.249.202 - - [21/Mar/2022:20:00:13 +0100] "GET /uploads/PodCast/Genesis HTTP/1.1" 304 - "-" "Mozilla/5.0 (compatible; Barkrowler/0.9; +https://babbar.tech/crawler)"
154.54.249.202 - - [21/Mar/2022:20:00:28 +0100] "GET /uploads/PodCast/Roman1 HTTP/1.1" 304 - "-" "Mozilla/5.0 (compatible; Barkrowler/0.9; +https://babbar.tech/crawler)"
154.54.249.202 - - [21/Mar/2022:20:00:43 +0100] "GET /PmWiki/MyNewPage HTTP/1.1" 404 8853 "-" "Mozilla/5.0 (compatible; Barkrowler/0.9; +https://babbar.tech/crawler)"
154.54.249.202 - - [21/Mar/2022:20:00:58 +0100] "GET /PmWiki/GroupAttributes HTTP/1.1" 404 8959 "-" "Mozilla/5.0 (compatible; Barkrowler/0.9; +https://babbar.tech/crawler)"
154.54.249.202 - - [21/Mar/2022:20:01:14 +0100] "GET /PmWiki/GroupHeaders HTTP/1.1" 200 14901 "-" "Mozilla/5.0 (compatible; Barkrowler/0.9; +https://babbar.tech/crawler)"
154.54.249.202 - - [21/Mar/2022:20:01:29 +0100] "GET /PmWiki/MailingList HTTP/1.1" 404 8887 "-" "Mozilla/5.0 (compatible; Barkrowler/0.9; +https://babbar.tech/crawler)"
154.54.249.202 - - [21/Mar/2022:20:01:44 +0100] "GET /PmWikiRu/FAQ HTTP/1.1" 200 18879 "-" "Mozilla/5.0 (compatible; Barkrowler/0.9; +https://babbar.tech/crawler)"
154.54.249.202 - - [21/Mar/2022:20:02:00 +0100] "GET /PmWikiRu/Links HTTP/1.1" 200 18190 "-" "Mozilla/5.0 (compatible; Barkrowler/0.9; +https://babbar.tech/crawler)"
154.54.249.202 - - [21/Mar/2022:20:02:15 +0100] "GET /PmWikiRu/Forms HTTP/1.1" 404 9823 "-" "Mozilla/5.0 (compatible; Barkrowler/0.9; +https://babbar.tech/crawler)"
154.54.249.202 - - [21/Mar/2022:20:02:30 +0100] "GET /PmWikiRu/Version HTTP/1.1" 404 9867 "-" "Mozilla/5.0 (compatible; Barkrowler/0.9; +https://babbar.tech/crawler)"
154.54.249.202 - - [21/Mar/2022:20:02:45 +0100] "GET /PmWikiRu/Images HTTP/1.1" 200 25438 "-" "Mozilla/5.0 (compatible; Barkrowler/0.9; +https://babbar.tech/crawler)"
154.54.249.202 - - [21/Mar/2022:20:03:00 +0100] "GET /PmWikiRu/Security HTTP/1.1" 200 11916 "-" "Mozilla/5.0 (compatible; Barkrowler/0.9; +https://babbar.tech/crawler)"
154.54.249.202 - - [21/Mar/2022:20:03:15 +0100] "GET /PmWikiRu/Download HTTP/1.1" 200 11311 "-" "Mozilla/5.0 (compatible; Barkrowler/0.9; +https://babbar.tech/crawler)"
154.54.249.202 - - [21/Mar/2022:20:03:31 +0100] "GET /PmWikiRu/Site HTTP/1.1" 404 9521 "-" "Mozilla/5.0 (compatible; Barkrowler/0.9; +https://babbar.tech/crawler)"
154.54.249.202 - - [21/Mar/2022:20:03:46 +0100] "GET /PmWikiRu/Tables HTTP/1.1" 200 25759 "-" "Mozilla/5.0 (compatible; Barkrowler/0.9; +https://babbar.tech/crawler)"
154.54.249.202 - - [21/Mar/2022:20:04:01 +0100] "GET /PmWikiJa/Category HTTP/1.1" 404 8215 "-" "Mozilla/5.0 (compatible; Barkrowler/0.9; +https://babbar.tech/crawler)"
154.54.249.202 - - [21/Mar/2022:20:04:16 +0100] "GET /PmWikiJa/Flash HTTP/1.1" 404 8173 "-" "Mozilla/5.0 (compatible; Barkrowler/0.9; +https://babbar.tech/crawler)"
154.54.249.202 - - [21/Mar/2022:20:04:31 +0100] "GET /PmWikiJa/Quiz HTTP/1.1" 404 8159 "-" "Mozilla/5.0 (compatible; Barkrowler/0.9; +https://babbar.tech/crawler)"
154.54.249.202 - - [21/Mar/2022:20:04:46 +0100] "GET /PmWikiJa/Tags HTTP/1.1" 404 8159 "-" "Mozilla/5.0 (compatible; Barkrowler/0.9; +https://babbar.tech/crawler)"
154.54.249.202 - - [21/Mar/2022:20:05:02 +0100] "GET /PmWikiDe/Tables HTTP/1.1" 404 6642 "-" "Mozilla/5.0 (compatible; Barkrowler/0.9; +https://babbar.tech/crawler)"
154.54.249.202 - - [21/Mar/2022:20:05:17 +0100] "GET /PmWikiDe/UTF-8 HTTP/1.1" 404 6628 "-" "Mozilla/5.0 (compatible; Barkrowler/0.9; +https://babbar.tech/crawler)"
154.54.249.202 - - [21/Mar/2022:20:05:32 +0100] "GET /PmWikiHu/Forum HTTP/1.1" 200 9817 "-" "Mozilla/5.0 (compatible; Barkrowler/0.9; +https://babbar.tech/crawler)"
154.54.249.202 - - [21/Mar/2022:20:05:47 +0100] "GET /PmWikiNl/Link HTTP/1.1" 404 6763 "-" "Mozilla/5.0 (compatible; Barkrowler/0.9; +https://babbar.tech/crawler)"
154.54.249.202 - - [21/Mar/2022:20:06:02 +0100] "GET /PmWikiDe/References HTTP/1.1" 404 6698 "-" "Mozilla/5.0 (compatible; Barkrowler/0.9; +https://babbar.tech/crawler)"
154.54.249.202 - - [21/Mar/2022:20:06:17 +0100] "GET /PmWikiDe/Categories HTTP/1.1" 200 6626 "-" "Mozilla/5.0 (compatible; Barkrowler/0.9; +https://babbar.tech/crawler)"
154.54.249.202 - - [21/Mar/2022:20:06:32 +0100] "GET /PmWikiDe/Search HTTP/1.1" 200 8455 "-" "Mozilla/5.0 (compatible; Barkrowler/0.9; +https://babbar.tech/crawler)"
154.54.249.202 - - [21/Mar/2022:20:06:47 +0100] "GET /PmWikiDe/Security HTTP/1.1" 200 8785 "-" "Mozilla/5.0 (compatible; Barkrowler/0.9; +https://babbar.tech/crawler)"
185.191.171.42 - - [21/Mar/2022:20:06:53 +0100] "GET /PmWikiFr/PmWikiPhilosophy?action=print HTTP/1.1" 403 18 "-" "Mozilla/5.0 (compatible; SemrushBot/7~bl; +http://www.semrush.com/bot.html)"
154.54.249.202 - - [21/Mar/2022:20:07:03 +0100] "GET /PmWikiDe/GroupHeader HTTP/1.1" 200 6611 "-" "Mozilla/5.0 (compatible; Barkrowler/0.9; +https://babbar.tech/crawler)"
154.54.249.202 - - [21/Mar/2022:20:07:18 +0100] "GET /PmWikiDe/GroupFooter HTTP/1.1" 404 6714 "-" "Mozilla/5.0 (compatible; Barkrowler/0.9; +https://babbar.tech/crawler)"
154.54.249.202 - - [21/Mar/2022:20:07:33 +0100] "GET /PmWikiDe/Forms HTTP/1.1" 200 6880 "-" "Mozilla/5.0 (compatible; Barkrowler/0.9; +https://babbar.tech/crawler)"
154.54.249.202 - - [21/Mar/2022:20:07:48 +0100] "GET /PmWikiDe/Version HTTP/1.1" 404 6656 "-" "Mozilla/5.0 (compatible; Barkrowler/0.9; +https://babbar.tech/crawler)"
154.54.249.202 - - [21/Mar/2022:20:08:03 +0100] "GET /PmWikiCs/Links HTTP/1.1" 404 8173 "-" "Mozilla/5.0 (compatible; Barkrowler/0.9; +https://babbar.tech/crawler)"
154.54.249.202 - - [21/Mar/2022:20:08:19 +0100] "GET /PmWiki/FAQ?action=print HTTP/1.1" 200 120789 "-" "Mozilla/5.0 (compatible; Barkrowler/0.9; +https://babbar.tech/crawler)"
