154.54.249.202 - - [20/Feb/2022:23:35:21 +0100] "GET /Site/191Raech1509 HTTP/1.1" 200 8121 "-" "Mozilla/5.0 (compatible; Barkrowler/0.9; +https://babbar.tech/crawler)"
154.54.249.202 - - [20/Feb/2022:23:35:36 +0100] "GET /Site/AuthUser?action=attr HTTP/1.1" 200 8493 "-" "Mozilla/5.0 (compatible; Barkrowler/0.9; +https://babbar.tech/crawler)"
154.54.249.202 - - [20/Feb/2022:23:35:52 +0100] "GET /Site/AllRecentChangesShort HTTP/1.1" 404 8345 "-" "Mozilla/5.0 (compatible; Barkrowler/0.9; +https://babbar.tech/crawler)"
154.54.249.202 - - [20/Feb/2022:23:36:08 +0100] "GET /Site/112Stans1481 HTTP/1.1" 200 17240 "-" "Mozilla/5.0 (compatible; Barkrowler/0.9; +https://babbar.tech/crawler)"
154.54.249.202 - - [20/Feb/2022:23:36:26 +0100] "GET /Site/101Ramft1478 HTTP/1.1" 200 15898 "-" "Mozilla/5.0 (compatible; Barkrowler/0.9; +https://babbar.tech/crawler)"
154.54.249.202 - - [20/Feb/2022:23:36:41 +0100] "GET /Site/72Mourte1476 HTTP/1.1" 200 21149 "-" "Mozilla/5.0 (compatible; Barkrowler/0.9; +https://babbar.tech/crawler)"
154.54.249.202 - - [20/Feb/2022:23:36:56 +0100] "GET /Site/61Sanggale1465 HTTP/1.1" 200 18601 "-" "Mozilla/5.0 (compatible; Barkrowler/0.9; +https://babbar.tech/crawler)"
85.25.177.219 - - [20/Feb/2022:23:37:05 +0100] "GET /Texte/ArsAmatoria HTTP/1.1" 200 12369 "-" "Mozilla/5.0 (X11; Linux x86_64; rv:81.0) Gecko/20100101 Firefox/81.0"
154.54.249.202 - - [20/Feb/2022:23:37:11 +0100] "GET /Site/LocalTemplates?action=edit HTTP/1.1" 200 8679 "-" "Mozilla/5.0 (compatible; Barkrowler/0.9; +https://babbar.tech/crawler)"
154.54.249.202 - - [20/Feb/2022:23:37:27 +0100] "GET /Site/LocalTemplates?action=print HTTP/1.1" 404 2405 "-" "Mozilla/5.0 (compatible; Barkrowler/0.9; +https://babbar.tech/crawler)"
85.25.177.219 - - [20/Feb/2022:23:37:33 +0100] "GET /Admin/Links?action=edit HTTP/1.1" 200 8565 "-" "Mozilla/5.0 (X11; Linux x86_64; rv:81.0) Gecko/20100101 Firefox/81.0"
185.191.171.45 - - [20/Feb/2022:23:37:34 +0100] "GET /PmWikiRu/LocalCustomizations?action=diff HTTP/1.1" 403 18 "-" "Mozilla/5.0 (compatible; SemrushBot/7~bl; +http://www.semrush.com/bot.html)"
154.54.249.202 - - [20/Feb/2022:23:37:42 +0100] "GET /Site/LocalTemplates?action=upload HTTP/1.1" 200 8579 "-" "Mozilla/5.0 (compatible; Barkrowler/0.9; +https://babbar.tech/crawler)"
154.54.249.202 - - [20/Feb/2022:23:37:57 +0100] "GET /Site/111Stans1481 HTTP/1.1" 200 14791 "-" "Mozilla/5.0 (compatible; Barkrowler/0.9; +https://babbar.tech/crawler)"
154.54.249.202 - - [20/Feb/2022:23:38:13 +0100] "GET /Site/42Fasnacht1455 HTTP/1.1" 200 8391 "-" "Mozilla/5.0 (compatible; Barkrowler/0.9; +https://babbar.tech/crawler)"
154.54.249.202 - - [20/Feb/2022:23:38:28 +0100] "GET /Site/52GsprUhch HTTP/1.1" 404 8189 "-" "Mozilla/5.0 (compatible; Barkrowler/0.9; +https://babbar.tech/crawler)"
154.54.249.202 - - [20/Feb/2022:23:38:43 +0100] "GET /Site/Miroir?action=diff HTTP/1.1" 200 12072 "-" "Mozilla/5.0 (compatible; Barkrowler/0.9; +https://babbar.tech/crawler)"
154.54.249.202 - - [20/Feb/2022:23:38:59 +0100] "GET /Site/Miroir?action=upload HTTP/1.1" 200 8465 "-" "Mozilla/5.0 (compatible; Barkrowler/0.9; +https://babbar.tech/crawler)"
154.54.249.202 - - [20/Feb/2022:23:39:15 +0100] "GET /Site/21Baadstoube HTTP/1.1" 200 17886 "-" "Mozilla/5.0 (compatible; Barkrowler/0.9; +https://babbar.tech/crawler)"
154.54.249.202 - - [20/Feb/2022:23:39:30 +0100] "GET /Site/WGA0Inhalt HTTP/1.1" 200 8245 "-" "Mozilla/5.0 (compatible; Barkrowler/0.9; +https://babbar.tech/crawler)"
154.54.249.202 - - [20/Feb/2022:23:39:45 +0100] "GET /Site/WGA7Magy HTTP/1.1" 200 13447 "-" "Mozilla/5.0 (compatible; Barkrowler/0.9; +https://babbar.tech/crawler)"
194.209.200.2 - - [20/Feb/2022:23:39:53 +0100] "GET /robots.txt HTTP/1.1" 200 - "-" "Mozilla/5.0 (compatible; TMMBot/0.2; +http://www.dslab.ch)/Nutch-1.15"
194.209.200.2 - - [20/Feb/2022:23:39:53 +0100] "GET /Texte/Rezension HTTP/1.1" 200 11812 "-" "Mozilla/5.0 (compatible; TMMBot/0.2; +http://www.dslab.ch)/Nutch-1.15"
154.54.249.202 - - [20/Feb/2022:23:40:00 +0100] "GET /Site/WGA5Herz HTTP/1.1" 200 20138 "-" "Mozilla/5.0 (compatible; Barkrowler/0.9; +https://babbar.tech/crawler)"
154.54.249.202 - - [20/Feb/2022:23:40:15 +0100] "GET /Site/Lobbiing?action=print HTTP/1.1" 200 3222 "-" "Mozilla/5.0 (compatible; Barkrowler/0.9; +https://babbar.tech/crawler)"
194.209.200.2 - - [20/Feb/2022:23:40:26 +0100] "GET /Texte/ZurcherischEnglish HTTP/1.1" 200 8274 "-" "Mozilla/5.0 (compatible; TMMBot/0.2; +http://www.dslab.ch)/Nutch-1.15"
154.54.249.202 - - [20/Feb/2022:23:40:31 +0100] "GET /Site/Lobbiing?action=edit HTTP/1.1" 200 8593 "-" "Mozilla/5.0 (compatible; Barkrowler/0.9; +https://babbar.tech/crawler)"
154.54.249.202 - - [20/Feb/2022:23:40:46 +0100] "GET /Site/PodCast?action=diff HTTP/1.1" 200 219924 "-" "Mozilla/5.0 (compatible; Barkrowler/0.9; +https://babbar.tech/crawler)"
154.54.249.202 - - [20/Feb/2022:23:41:03 +0100] "GET /Site/102Ramft1478 HTTP/1.1" 200 17387 "-" "Mozilla/5.0 (compatible; Barkrowler/0.9; +https://babbar.tech/crawler)"
85.25.177.219 - - [20/Feb/2022:23:41:06 +0100] "GET /Texte/Schrybwys?action=print HTTP/1.1" 200 5237 "-" "Mozilla/5.0 (X11; Linux x86_64; rv:81.0) Gecko/20100101 Firefox/81.0"
154.54.249.202 - - [20/Feb/2022:23:41:18 +0100] "GET /Site/BBi?action=diff HTTP/1.1" 200 9074 "-" "Mozilla/5.0 (compatible; Barkrowler/0.9; +https://babbar.tech/crawler)"
154.54.249.202 - - [20/Feb/2022:23:41:33 +0100] "GET /Site/71Mourte1476 HTTP/1.1" 200 17134 "-" "Mozilla/5.0 (compatible; Barkrowler/0.9; +https://babbar.tech/crawler)"
154.54.249.202 - - [20/Feb/2022:23:41:48 +0100] "GET /Site/62Mulhouse1468 HTTP/1.1" 200 16204 "-" "Mozilla/5.0 (compatible; Barkrowler/0.9; +https://babbar.tech/crawler)"
154.54.249.202 - - [20/Feb/2022:23:42:03 +0100] "GET /Texte/ArsAmatoria HTTP/1.1" 200 12369 "-" "Mozilla/5.0 (compatible; Barkrowler/0.9; +https://babbar.tech/crawler)"
194.209.200.2 - - [20/Feb/2022:23:42:09 +0100] "GET /Texte/Schrybwys HTTP/1.1" 200 11028 "-" "Mozilla/5.0 (compatible; TMMBot/0.2; +http://www.dslab.ch)/Nutch-1.15"
154.54.249.202 - - [20/Feb/2022:23:42:19 +0100] "GET /Texte/Metamorfoose HTTP/1.1" 404 8227 "-" "Mozilla/5.0 (compatible; Barkrowler/0.9; +https://babbar.tech/crawler)"
154.54.249.202 - - [20/Feb/2022:23:42:34 +0100] "GET /Main/AllRecentChanges?action=edit HTTP/1.1" 200 8709 "-" "Mozilla/5.0 (compatible; Barkrowler/0.9; +https://babbar.tech/crawler)"
185.119.81.105 - - [20/Feb/2022:23:42:46 +0100] "GET / HTTP/1.1" 200 14638 "-" "Mozilla/5.0 (Windows NT 10.0; Win64; x64) AppleWebKit/537.36 (KHTML, like Gecko) Chrome/74.0.3729.169 Safari/537.36"
185.119.81.105 - - [20/Feb/2022:23:42:46 +0100] "GET /Site/PodCast HTTP/1.1" 200 40934 "-" "Mozilla/5.0 (Windows NT 10.0; Win64; x64) AppleWebKit/537.36 (KHTML, like Gecko) Chrome/74.0.3729.169 Safari/537.36"
154.54.249.202 - - [20/Feb/2022:23:42:49 +0100] "GET /Main/WikiSandbox?action=edit HTTP/1.1" 200 8637 "-" "Mozilla/5.0 (compatible; Barkrowler/0.9; +https://babbar.tech/crawler)"
185.119.81.105 - - [20/Feb/2022:23:42:51 +0100] "GET /Site/SideBar?action=edit HTTP/1.1" 200 8581 "-" "Mozilla/5.0 (Windows NT 10.0; Win64; x64) AppleWebKit/537.36 (KHTML, like Gecko) Chrome/74.0.3729.169 Safari/537.36"
185.119.81.105 - - [20/Feb/2022:23:42:52 +0100] "GET /Main/Home HTTP/1.1" 200 14638 "-" "Mozilla/5.0 (Windows NT 10.0; Win64; x64) AppleWebKit/537.36 (KHTML, like Gecko) Chrome/74.0.3729.169 Safari/537.36"
185.119.81.105 - - [20/Feb/2022:23:42:52 +0100] "GET /Texte/Roman HTTP/1.1" 200 38741 "-" "Mozilla/5.0 (Windows NT 10.0; Win64; x64) AppleWebKit/537.36 (KHTML, like Gecko) Chrome/74.0.3729.169 Safari/537.36"
185.119.81.105 - - [20/Feb/2022:23:42:52 +0100] "GET /Admin/Links HTTP/1.1" 200 14193 "-" "Mozilla/5.0 (Windows NT 10.0; Win64; x64) AppleWebKit/537.36 (KHTML, like Gecko) Chrome/74.0.3729.169 Safari/537.36"
185.119.81.105 - - [20/Feb/2022:23:42:58 +0100] "GET /Texte/GDicht HTTP/1.1" 200 8050 "-" "Mozilla/5.0 (Windows NT 10.0; Win64; x64) AppleWebKit/537.36 (KHTML, like Gecko) Chrome/74.0.3729.169 Safari/537.36"
185.119.81.105 - - [20/Feb/2022:23:42:58 +0100] "GET /Gast/Podcast HTTP/1.1" 200 8106 "-" "Mozilla/5.0 (Windows NT 10.0; Win64; x64) AppleWebKit/537.36 (KHTML, like Gecko) Chrome/74.0.3729.169 Safari/537.36"
185.119.81.105 - - [20/Feb/2022:23:42:58 +0100] "GET /Texte/Gloosse HTTP/1.1" 200 8061 "-" "Mozilla/5.0 (Windows NT 10.0; Win64; x64) AppleWebKit/537.36 (KHTML, like Gecko) Chrome/74.0.3729.169 Safari/537.36"
185.119.81.105 - - [20/Feb/2022:23:42:58 +0100] "GET /Texte/Schrybwys HTTP/1.1" 200 11028 "-" "Mozilla/5.0 (Windows NT 10.0; Win64; x64) AppleWebKit/537.36 (KHTML, like Gecko) Chrome/74.0.3729.169 Safari/537.36"
185.119.81.105 - - [20/Feb/2022:23:42:58 +0100] "GET /Texte/Rezension HTTP/1.1" 200 11812 "-" "Mozilla/5.0 (Windows NT 10.0; Win64; x64) AppleWebKit/537.36 (KHTML, like Gecko) Chrome/74.0.3729.169 Safari/537.36"
185.119.81.105 - - [20/Feb/2022:23:42:59 +0100] "GET /Texte/Limericks HTTP/1.1" 200 8087 "-" "Mozilla/5.0 (Windows NT 10.0; Win64; x64) AppleWebKit/537.36 (KHTML, like Gecko) Chrome/74.0.3729.169 Safari/537.36"
185.119.81.105 - - [20/Feb/2022:23:42:59 +0100] "GET /Texte/Styluebige HTTP/1.1" 200 9998 "-" "Mozilla/5.0 (Windows NT 10.0; Win64; x64) AppleWebKit/537.36 (KHTML, like Gecko) Chrome/74.0.3729.169 Safari/537.36"
185.119.81.105 - - [20/Feb/2022:23:42:59 +0100] "GET /Texte/ArsAmatoria HTTP/1.1" 200 12369 "-" "Mozilla/5.0 (Windows NT 10.0; Win64; x64) AppleWebKit/537.36 (KHTML, like Gecko) Chrome/74.0.3729.169 Safari/537.36"
185.119.81.105 - - [20/Feb/2022:23:43:00 +0100] "GET /Admin/ZurStiftung HTTP/1.1" 200 10864 "-" "Mozilla/5.0 (Windows NT 10.0; Win64; x64) AppleWebKit/537.36 (KHTML, like Gecko) Chrome/74.0.3729.169 Safari/537.36"
185.119.81.105 - - [20/Feb/2022:23:43:00 +0100] "GET /Texte/Bitterbeuhsi HTTP/1.1" 200 9255 "-" "Mozilla/5.0 (Windows NT 10.0; Win64; x64) AppleWebKit/537.36 (KHTML, like Gecko) Chrome/74.0.3729.169 Safari/537.36"
185.119.81.105 - - [20/Feb/2022:23:43:00 +0100] "GET /Texte/Metamorphoses HTTP/1.1" 200 9045 "-" "Mozilla/5.0 (Windows NT 10.0; Win64; x64) AppleWebKit/537.36 (KHTML, like Gecko) Chrome/74.0.3729.169 Safari/537.36"
154.54.249.202 - - [20/Feb/2022:23:43:05 +0100] "GET /Main/WikiSandbox?action=upload HTTP/1.1" 200 8537 "-" "Mozilla/5.0 (compatible; Barkrowler/0.9; +https://babbar.tech/crawler)"
194.209.200.2 - - [20/Feb/2022:23:43:05 +0100] "GET /Texte/GDicht HTTP/1.1" 200 8050 "-" "Mozilla/5.0 (compatible; TMMBot/0.2; +http://www.dslab.ch)/Nutch-1.15"
185.119.81.105 - - [20/Feb/2022:23:43:06 +0100] "GET /PodCast/RSSPodcasts HTTP/1.1" 200 8905 "-" "Mozilla/5.0 (Windows NT 10.0; Win64; x64) AppleWebKit/537.36 (KHTML, like Gecko) Chrome/74.0.3729.169 Safari/537.36"
185.119.81.105 - - [20/Feb/2022:23:43:06 +0100] "GET /Bestellen/Pschtellf HTTP/1.1" 200 11220 "-" "Mozilla/5.0 (Windows NT 10.0; Win64; x64) AppleWebKit/537.36 (KHTML, like Gecko) Chrome/74.0.3729.169 Safari/537.36"
185.119.81.105 - - [20/Feb/2022:23:43:07 +0100] "GET /Admin/AdresseStiftung HTTP/1.1" 200 8453 "-" "Mozilla/5.0 (Windows NT 10.0; Win64; x64) AppleWebKit/537.36 (KHTML, like Gecko) Chrome/74.0.3729.169 Safari/537.36"
185.119.81.105 - - [20/Feb/2022:23:43:08 +0100] "GET /Main/Home?action=edit HTTP/1.1" 200 8537 "-" "Mozilla/5.0 (Windows NT 10.0; Win64; x64) AppleWebKit/537.36 (KHTML, like Gecko) Chrome/74.0.3729.169 Safari/537.36"
185.119.81.105 - - [20/Feb/2022:23:43:08 +0100] "GET /Main/Home?action=diff HTTP/1.1" 200 44006 "-" "Mozilla/5.0 (Windows NT 10.0; Win64; x64) AppleWebKit/537.36 (KHTML, like Gecko) Chrome/74.0.3729.169 Safari/537.36"
185.119.81.105 - - [20/Feb/2022:23:43:09 +0100] "GET /Main/Home?action=print HTTP/1.1" 200 8906 "-" "Mozilla/5.0 (Windows NT 10.0; Win64; x64) AppleWebKit/537.36 (KHTML, like Gecko) Chrome/74.0.3729.169 Safari/537.36"
185.119.81.105 - - [20/Feb/2022:23:43:09 +0100] "GET /Main/Home?action=upload HTTP/1.1" 200 8437 "-" "Mozilla/5.0 (Windows NT 10.0; Win64; x64) AppleWebKit/537.36 (KHTML, like Gecko) Chrome/74.0.3729.169 Safari/537.36"
185.119.81.105 - - [20/Feb/2022:23:43:09 +0100] "GET /Texte/ZurcherischEnglish HTTP/1.1" 200 8274 "-" "Mozilla/5.0 (Windows NT 10.0; Win64; x64) AppleWebKit/537.36 (KHTML, like Gecko) Chrome/74.0.3729.169 Safari/537.36"
185.119.81.105 - - [20/Feb/2022:23:43:10 +0100] "GET /Hilfe/AnleitungTonbeispiele HTTP/1.1" 200 9878 "-" "Mozilla/5.0 (Windows NT 10.0; Win64; x64) AppleWebKit/537.36 (KHTML, like Gecko) Chrome/74.0.3729.169 Safari/537.36"
185.119.81.105 - - [20/Feb/2022:23:43:10 +0100] "GET /Admin/Pro-ZurituutschStatuten HTTP/1.1" 200 9580 "-" "Mozilla/5.0 (Windows NT 10.0; Win64; x64) AppleWebKit/537.36 (KHTML, like Gecko) Chrome/74.0.3729.169 Safari/537.36"
185.119.81.105 - - [20/Feb/2022:23:43:11 +0100] "GET /Site/PodCast?action=edit HTTP/1.1" 200 8581 "-" "Mozilla/5.0 (Windows NT 10.0; Win64; x64) AppleWebKit/537.36 (KHTML, like Gecko) Chrome/74.0.3729.169 Safari/537.36"
185.119.81.105 - - [20/Feb/2022:23:43:16 +0100] "GET /Site/PodCast?action=upload HTTP/1.1" 200 8481 "-" "Mozilla/5.0 (Windows NT 10.0; Win64; x64) AppleWebKit/537.36 (KHTML, like Gecko) Chrome/74.0.3729.169 Safari/537.36"
185.119.81.105 - - [20/Feb/2022:23:43:16 +0100] "GET /Site/PodCast?action=print HTTP/1.1" 200 39273 "-" "Mozilla/5.0 (Windows NT 10.0; Win64; x64) AppleWebKit/537.36 (KHTML, like Gecko) Chrome/74.0.3729.169 Safari/537.36"
154.54.249.202 - - [20/Feb/2022:23:43:20 +0100] "GET /Main/WikiSandbox?action=diff HTTP/1.1" 200 9202 "-" "Mozilla/5.0 (compatible; Barkrowler/0.9; +https://babbar.tech/crawler)"
185.119.81.105 - - [20/Feb/2022:23:43:23 +0100] "GET /Site/PodCast?action=diff HTTP/1.1" 200 219924 "-" "Mozilla/5.0 (Windows NT 10.0; Win64; x64) AppleWebKit/537.36 (KHTML, like Gecko) Chrome/74.0.3729.169 Safari/537.36"
185.119.81.105 - - [20/Feb/2022:23:43:24 +0100] "GET /Site/WGA6Klynikerfaarig HTTP/1.1" 200 15713 "-" "Mozilla/5.0 (Windows NT 10.0; Win64; x64) AppleWebKit/537.36 (KHTML, like Gecko) Chrome/74.0.3729.169 Safari/537.36"
185.119.81.105 - - [20/Feb/2022:23:43:24 +0100] "GET /Site/WGA5Herz HTTP/1.1" 200 20138 "-" "Mozilla/5.0 (Windows NT 10.0; Win64; x64) AppleWebKit/537.36 (KHTML, like Gecko) Chrome/74.0.3729.169 Safari/537.36"
185.119.81.105 - - [20/Feb/2022:23:43:25 +0100] "GET /Site/WGA4Gglinge HTTP/1.1" 200 18606 "-" "Mozilla/5.0 (Windows NT 10.0; Win64; x64) AppleWebKit/537.36 (KHTML, like Gecko) Chrome/74.0.3729.169 Safari/537.36"
185.119.81.105 - - [20/Feb/2022:23:43:25 +0100] "GET /Site/WGA3FrejersfuSs?action=edit HTTP/1.1" 200 8697 "-" "Mozilla/5.0 (Windows NT 10.0; Win64; x64) AppleWebKit/537.36 (KHTML, like Gecko) Chrome/74.0.3729.169 Safari/537.36"
185.119.81.105 - - [20/Feb/2022:23:43:30 +0100] "GET /Site/WGA2Eergyz HTTP/1.1" 200 17403 "-" "Mozilla/5.0 (Windows NT 10.0; Win64; x64) AppleWebKit/537.36 (KHTML, like Gecko) Chrome/74.0.3729.169 Safari/537.36"
185.119.81.105 - - [20/Feb/2022:23:43:30 +0100] "GET /Site/WGA1Begaabig HTTP/1.1" 200 17047 "-" "Mozilla/5.0 (Windows NT 10.0; Win64; x64) AppleWebKit/537.36 (KHTML, like Gecko) Chrome/74.0.3729.169 Safari/537.36"
194.209.200.2 - - [20/Feb/2022:23:43:34 +0100] "GET /Admin/Links HTTP/1.1" 200 14193 "-" "Mozilla/5.0 (compatible; TMMBot/0.2; +http://www.dslab.ch)/Nutch-1.15"
185.119.81.105 - - [20/Feb/2022:23:43:35 +0100] "GET /Site/Abderhalde0Inhalt HTTP/1.1" 200 8436 "-" "Mozilla/5.0 (Windows NT 10.0; Win64; x64) AppleWebKit/537.36 (KHTML, like Gecko) Chrome/74.0.3729.169 Safari/537.36"
154.54.249.202 - - [20/Feb/2022:23:43:36 +0100] "GET /Main/WikiSandbox?action=print HTTP/1.1" 200 2546 "-" "Mozilla/5.0 (compatible; Barkrowler/0.9; +https://babbar.tech/crawler)"
185.119.81.105 - - [20/Feb/2022:23:43:36 +0100] "GET /Site/200Quellen HTTP/1.1" 200 14017 "-" "Mozilla/5.0 (Windows NT 10.0; Win64; x64) AppleWebKit/537.36 (KHTML, like Gecko) Chrome/74.0.3729.169 Safari/537.36"
185.119.81.105 - - [20/Feb/2022:23:43:37 +0100] "GET /Site/192HouhsRech1509 HTTP/1.1" 200 21137 "-" "Mozilla/5.0 (Windows NT 10.0; Win64; x64) AppleWebKit/537.36 (KHTML, like Gecko) Chrome/74.0.3729.169 Safari/537.36"
194.209.200.2 - - [20/Feb/2022:23:43:42 +0100] "GET /Texte/Metamorphoses HTTP/1.1" 200 9045 "-" "Mozilla/5.0 (compatible; TMMBot/0.2; +http://www.dslab.ch)/Nutch-1.15"
185.119.81.105 - - [20/Feb/2022:23:43:42 +0100] "GET /Site/191Houhsraech1509 HTTP/1.1" 200 21817 "-" "Mozilla/5.0 (Windows NT 10.0; Win64; x64) AppleWebKit/537.36 (KHTML, like Gecko) Chrome/74.0.3729.169 Safari/537.36"
185.119.81.105 - - [20/Feb/2022:23:43:43 +0100] "GET /Site/182Room1500 HTTP/1.1" 200 24427 "-" "Mozilla/5.0 (Windows NT 10.0; Win64; x64) AppleWebKit/537.36 (KHTML, like Gecko) Chrome/74.0.3729.169 Safari/537.36"
185.119.81.105 - - [20/Feb/2022:23:43:43 +0100] "GET /Site/181Room1500 HTTP/1.1" 200 21927 "-" "Mozilla/5.0 (Windows NT 10.0; Win64; x64) AppleWebKit/537.36 (KHTML, like Gecko) Chrome/74.0.3729.169 Safari/537.36"
185.119.81.105 - - [20/Feb/2022:23:43:43 +0100] "GET /Site/171AmStadelhofe HTTP/1.1" 200 27839 "-" "Mozilla/5.0 (Windows NT 10.0; Win64; x64) AppleWebKit/537.36 (KHTML, like Gecko) Chrome/74.0.3729.169 Safari/537.36"
185.119.81.105 - - [20/Feb/2022:23:43:44 +0100] "GET /Site/162Predigerchoor1489 HTTP/1.1" 200 15938 "-" "Mozilla/5.0 (Windows NT 10.0; Win64; x64) AppleWebKit/537.36 (KHTML, like Gecko) Chrome/74.0.3729.169 Safari/537.36"
185.119.81.105 - - [20/Feb/2022:23:43:44 +0100] "GET /Site/161Predigerchoor1489 HTTP/1.1" 200 15057 "-" "Mozilla/5.0 (Windows NT 10.0; Win64; x64) AppleWebKit/537.36 (KHTML, like Gecko) Chrome/74.0.3729.169 Safari/537.36"
185.119.81.105 - - [20/Feb/2022:23:43:45 +0100] "GET /Site/152Konschtanz1485 HTTP/1.1" 200 21228 "-" "Mozilla/5.0 (Windows NT 10.0; Win64; x64) AppleWebKit/537.36 (KHTML, like Gecko) Chrome/74.0.3729.169 Safari/537.36"
194.209.200.2 - - [20/Feb/2022:23:43:45 +0100] "GET /Site/PodCast HTTP/1.1" 200 40934 "-" "Mozilla/5.0 (compatible; TMMBot/0.2; +http://www.dslab.ch)/Nutch-1.15"
185.119.81.105 - - [20/Feb/2022:23:43:50 +0100] "GET /Site/151Konschtanz1485 HTTP/1.1" 200 13431 "-" "Mozilla/5.0 (Windows NT 10.0; Win64; x64) AppleWebKit/537.36 (KHTML, like Gecko) Chrome/74.0.3729.169 Safari/537.36"
185.119.81.105 - - [20/Feb/2022:23:43:50 +0100] "GET /Site/142Taagsatzig1484 HTTP/1.1" 200 12692 "-" "Mozilla/5.0 (Windows NT 10.0; Win64; x64) AppleWebKit/537.36 (KHTML, like Gecko) Chrome/74.0.3729.169 Safari/537.36"
185.119.81.105 - - [20/Feb/2022:23:43:51 +0100] "GET /Site/141TaagsatzigIV1484 HTTP/1.1" 200 18313 "-" "Mozilla/5.0 (Windows NT 10.0; Win64; x64) AppleWebKit/537.36 (KHTML, like Gecko) Chrome/74.0.3729.169 Safari/537.36"
185.119.81.105 - - [20/Feb/2022:23:43:51 +0100] "GET /Site/132MIringe1483?action=edit HTTP/1.1" 200 8683 "-" "Mozilla/5.0 (Windows NT 10.0; Win64; x64) AppleWebKit/537.36 (KHTML, like Gecko) Chrome/74.0.3729.169 Safari/537.36"
185.119.81.105 - - [20/Feb/2022:23:43:51 +0100] "GET /Site/131MIringe1483?action=edit HTTP/1.1" 200 8683 "-" "Mozilla/5.0 (Windows NT 10.0; Win64; x64) AppleWebKit/537.36 (KHTML, like Gecko) Chrome/74.0.3729.169 Safari/537.36"
185.119.81.105 - - [20/Feb/2022:23:43:52 +0100] "GET /Site/123Sitkouscht1482 HTTP/1.1" 200 15538 "-" "Mozilla/5.0 (Windows NT 10.0; Win64; x64) AppleWebKit/537.36 (KHTML, like Gecko) Chrome/74.0.3729.169 Safari/537.36"
185.119.81.105 - - [20/Feb/2022:23:43:52 +0100] "GET /Site/122Sitkouscht1482 HTTP/1.1" 200 19228 "-" "Mozilla/5.0 (Windows NT 10.0; Win64; x64) AppleWebKit/537.36 (KHTML, like Gecko) Chrome/74.0.3729.169 Safari/537.36"
185.119.81.105 - - [20/Feb/2022:23:43:53 +0100] "GET /Site/121Sitkouscht1482 HTTP/1.1" 200 14018 "-" "Mozilla/5.0 (Windows NT 10.0; Win64; x64) AppleWebKit/537.36 (KHTML, like Gecko) Chrome/74.0.3729.169 Safari/537.36"
185.119.81.105 - - [20/Feb/2022:23:43:53 +0100] "GET /Site/112Stans1481 HTTP/1.1" 200 17240 "-" "Mozilla/5.0 (Windows NT 10.0; Win64; x64) AppleWebKit/537.36 (KHTML, like Gecko) Chrome/74.0.3729.169 Safari/537.36"
185.119.81.105 - - [20/Feb/2022:23:43:53 +0100] "GET /Site/111Stans1481 HTTP/1.1" 200 14791 "-" "Mozilla/5.0 (Windows NT 10.0; Win64; x64) AppleWebKit/537.36 (KHTML, like Gecko) Chrome/74.0.3729.169 Safari/537.36"
185.119.81.105 - - [20/Feb/2022:23:43:54 +0100] "GET /Site/102Ramft1478 HTTP/1.1" 200 17387 "-" "Mozilla/5.0 (Windows NT 10.0; Win64; x64) AppleWebKit/537.36 (KHTML, like Gecko) Chrome/74.0.3729.169 Safari/537.36"
185.119.81.105 - - [20/Feb/2022:23:43:54 +0100] "GET /Site/101Ramft1478 HTTP/1.1" 200 15898 "-" "Mozilla/5.0 (Windows NT 10.0; Win64; x64) AppleWebKit/537.36 (KHTML, like Gecko) Chrome/74.0.3729.169 Safari/537.36"
185.119.81.105 - - [20/Feb/2022:23:43:55 +0100] "GET /Site/72Mourte1476 HTTP/1.1" 200 21149 "-" "Mozilla/5.0 (Windows NT 10.0; Win64; x64) AppleWebKit/537.36 (KHTML, like Gecko) Chrome/74.0.3729.169 Safari/537.36"
154.54.249.202 - - [20/Feb/2022:23:43:56 +0100] "GET /PmWiki/CustomMarkup HTTP/1.1" 200 31475 "-" "Mozilla/5.0 (compatible; Barkrowler/0.9; +https://babbar.tech/crawler)"
185.119.81.105 - - [20/Feb/2022:23:43:56 +0100] "GET /Site/71Mourte1476 HTTP/1.1" 200 17134 "-" "Mozilla/5.0 (Windows NT 10.0; Win64; x64) AppleWebKit/537.36 (KHTML, like Gecko) Chrome/74.0.3729.169 Safari/537.36"
185.119.81.105 - - [20/Feb/2022:23:44:03 +0100] "GET /Site/63Frawmeuischter1470 HTTP/1.1" 200 12397 "-" "Mozilla/5.0 (Windows NT 10.0; Win64; x64) AppleWebKit/537.36 (KHTML, like Gecko) Chrome/74.0.3729.169 Safari/537.36"
185.119.81.105 - - [20/Feb/2022:23:44:03 +0100] "GET /Site/62Mulhouse1468 HTTP/1.1" 200 16204 "-" "Mozilla/5.0 (Windows NT 10.0; Win64; x64) AppleWebKit/537.36 (KHTML, like Gecko) Chrome/74.0.3729.169 Safari/537.36"
185.119.81.105 - - [20/Feb/2022:23:44:03 +0100] "GET /Site/61Sanggale1465 HTTP/1.1" 200 18601 "-" "Mozilla/5.0 (Windows NT 10.0; Win64; x64) AppleWebKit/537.36 (KHTML, like Gecko) Chrome/74.0.3729.169 Safari/537.36"
185.119.81.105 - - [20/Feb/2022:23:44:05 +0100] "GET /Site/52GsprUhch?action=edit HTTP/1.1" 200 8625 "-" "Mozilla/5.0 (Windows NT 10.0; Win64; x64) AppleWebKit/537.36 (KHTML, like Gecko) Chrome/74.0.3729.169 Safari/537.36"
185.119.81.105 - - [20/Feb/2022:23:44:06 +0100] "GET /Site/51Trouttike HTTP/1.1" 200 13817 "-" "Mozilla/5.0 (Windows NT 10.0; Win64; x64) AppleWebKit/537.36 (KHTML, like Gecko) Chrome/74.0.3729.169 Safari/537.36"
185.119.81.105 - - [20/Feb/2022:23:44:06 +0100] "GET /Site/43Fasnacht HTTP/1.1" 200 8329 "-" "Mozilla/5.0 (Windows NT 10.0; Win64; x64) AppleWebKit/537.36 (KHTML, like Gecko) Chrome/74.0.3729.169 Safari/537.36"
185.119.81.105 - - [20/Feb/2022:23:44:06 +0100] "GET /Site/42Fasnacht1455 HTTP/1.1" 200 8391 "-" "Mozilla/5.0 (Windows NT 10.0; Win64; x64) AppleWebKit/537.36 (KHTML, like Gecko) Chrome/74.0.3729.169 Safari/537.36"
185.119.81.105 - - [20/Feb/2022:23:44:06 +0100] "GET /Site/41Fasnacht HTTP/1.1" 200 8329 "-" "Mozilla/5.0 (Windows NT 10.0; Win64; x64) AppleWebKit/537.36 (KHTML, like Gecko) Chrome/74.0.3729.169 Safari/537.36"
185.119.81.105 - - [20/Feb/2022:23:44:07 +0100] "GET /Site/32Meuischtergass HTTP/1.1" 200 21818 "-" "Mozilla/5.0 (Windows NT 10.0; Win64; x64) AppleWebKit/537.36 (KHTML, like Gecko) Chrome/74.0.3729.169 Safari/537.36"
185.119.81.105 - - [20/Feb/2022:23:44:08 +0100] "GET /Site/31Meuischtergass HTTP/1.1" 200 18979 "-" "Mozilla/5.0 (Windows NT 10.0; Win64; x64) AppleWebKit/537.36 (KHTML, like Gecko) Chrome/74.0.3729.169 Safari/537.36"
154.54.249.202 - - [20/Feb/2022:23:44:11 +0100] "GET /PmWiki/CustomInterMap HTTP/1.1" 302 194 "-" "Mozilla/5.0 (compatible; Barkrowler/0.9; +https://babbar.tech/crawler)"
185.119.81.105 - - [20/Feb/2022:23:44:13 +0100] "GET /Site/22Baadstoubegass HTTP/1.1" 200 18563 "-" "Mozilla/5.0 (Windows NT 10.0; Win64; x64) AppleWebKit/537.36 (KHTML, like Gecko) Chrome/74.0.3729.169 Safari/537.36"
185.119.81.105 - - [20/Feb/2022:23:44:13 +0100] "GET /Site/21Baadstoube HTTP/1.1" 200 17886 "-" "Mozilla/5.0 (Windows NT 10.0; Win64; x64) AppleWebKit/537.36 (KHTML, like Gecko) Chrome/74.0.3729.169 Safari/537.36"
185.119.81.105 - - [20/Feb/2022:23:44:16 +0100] "GET /Site/Blickestoorff2 HTTP/1.1" 200 18706 "-" "Mozilla/5.0 (Windows NT 10.0; Win64; x64) AppleWebKit/537.36 (KHTML, like Gecko) Chrome/74.0.3729.169 Safari/537.36"
185.119.81.105 - - [20/Feb/2022:23:44:17 +0100] "GET /Site/Blickestoorff HTTP/1.1" 200 18757 "-" "Mozilla/5.0 (Windows NT 10.0; Win64; x64) AppleWebKit/537.36 (KHTML, like Gecko) Chrome/74.0.3729.169 Safari/537.36"
185.119.81.105 - - [20/Feb/2022:23:44:22 +0100] "GET /Site/Tessynfaart HTTP/1.1" 200 16858 "-" "Mozilla/5.0 (Windows NT 10.0; Win64; x64) AppleWebKit/537.36 (KHTML, like Gecko) Chrome/74.0.3729.169 Safari/537.36"
185.119.81.105 - - [20/Feb/2022:23:44:23 +0100] "GET /Site/Bebi HTTP/1.1" 200 13127 "-" "Mozilla/5.0 (Windows NT 10.0; Win64; x64) AppleWebKit/537.36 (KHTML, like Gecko) Chrome/74.0.3729.169 Safari/537.36"
185.119.81.105 - - [20/Feb/2022:23:44:23 +0100] "GET /Site/Leerbouech HTTP/1.1" 200 10755 "-" "Mozilla/5.0 (Windows NT 10.0; Win64; x64) AppleWebKit/537.36 (KHTML, like Gecko) Chrome/74.0.3729.169 Safari/537.36"
185.119.81.105 - - [20/Feb/2022:23:44:23 +0100] "GET /PodCast/Amor HTTP/1.1" 200 9825 "-" "Mozilla/5.0 (Windows NT 10.0; Win64; x64) AppleWebKit/537.36 (KHTML, like Gecko) Chrome/74.0.3729.169 Safari/537.36"
185.119.81.105 - - [20/Feb/2022:23:44:24 +0100] "GET /PodCast/Lydja HTTP/1.1" 200 9714 "-" "Mozilla/5.0 (Windows NT 10.0; Win64; x64) AppleWebKit/537.36 (KHTML, like Gecko) Chrome/74.0.3729.169 Safari/537.36"
185.119.81.105 - - [20/Feb/2022:23:44:29 +0100] "GET /PodCast/Zugle HTTP/1.1" 200 19132 "-" "Mozilla/5.0 (Windows NT 10.0; Win64; x64) AppleWebKit/537.36 (KHTML, like Gecko) Chrome/74.0.3729.169 Safari/537.36"
185.119.81.105 - - [20/Feb/2022:23:44:31 +0100] "GET /PodCast/StRbe HTTP/1.1" 200 8194 "-" "Mozilla/5.0 (Windows NT 10.0; Win64; x64) AppleWebKit/537.36 (KHTML, like Gecko) Chrome/74.0.3729.169 Safari/537.36"
185.119.81.105 - - [20/Feb/2022:23:44:31 +0100] "GET /PodCast/Boni2 HTTP/1.1" 200 13222 "-" "Mozilla/5.0 (Windows NT 10.0; Win64; x64) AppleWebKit/537.36 (KHTML, like Gecko) Chrome/74.0.3729.169 Safari/537.36"
185.119.81.105 - - [20/Feb/2022:23:44:32 +0100] "GET /PodCast/Bombe HTTP/1.1" 200 8662 "-" "Mozilla/5.0 (Windows NT 10.0; Win64; x64) AppleWebKit/537.36 (KHTML, like Gecko) Chrome/74.0.3729.169 Safari/537.36"
185.119.81.105 - - [20/Feb/2022:23:44:32 +0100] "GET /PodCast/Chile HTTP/1.1" 200 15112 "-" "Mozilla/5.0 (Windows NT 10.0; Win64; x64) AppleWebKit/537.36 (KHTML, like Gecko) Chrome/74.0.3729.169 Safari/537.36"
185.119.81.105 - - [20/Feb/2022:23:44:33 +0100] "GET /PodCast/JBJ302 HTTP/1.1" 200 15480 "-" "Mozilla/5.0 (Windows NT 10.0; Win64; x64) AppleWebKit/537.36 (KHTML, like Gecko) Chrome/74.0.3729.169 Safari/537.36"
185.119.81.105 - - [20/Feb/2022:23:44:33 +0100] "GET /PodCast/Sterbe HTTP/1.1" 200 8306 "-" "Mozilla/5.0 (Windows NT 10.0; Win64; x64) AppleWebKit/537.36 (KHTML, like Gecko) Chrome/74.0.3729.169 Safari/537.36"
154.54.249.202 - - [20/Feb/2022:23:44:34 +0100] "GET /PmWiki/CustomWikiStyles HTTP/1.1" 200 19796 "-" "Mozilla/5.0 (compatible; Barkrowler/0.9; +https://babbar.tech/crawler)"
185.119.81.105 - - [20/Feb/2022:23:44:40 +0100] "GET /PodCast/Puzzle HTTP/1.1" 200 10433 "-" "Mozilla/5.0 (Windows NT 10.0; Win64; x64) AppleWebKit/537.36 (KHTML, like Gecko) Chrome/74.0.3729.169 Safari/537.36"
185.119.81.105 - - [20/Feb/2022:23:44:40 +0100] "GET /PodCast/Maitli HTTP/1.1" 200 9744 "-" "Mozilla/5.0 (Windows NT 10.0; Win64; x64) AppleWebKit/537.36 (KHTML, like Gecko) Chrome/74.0.3729.169 Safari/537.36"
185.119.81.105 - - [20/Feb/2022:23:44:45 +0100] "GET /PodCast/JBJ202 HTTP/1.1" 200 20558 "-" "Mozilla/5.0 (Windows NT 10.0; Win64; x64) AppleWebKit/537.36 (KHTML, like Gecko) Chrome/74.0.3729.169 Safari/537.36"
154.54.249.202 - - [20/Feb/2022:23:44:50 +0100] "GET /PmWiki/SitePreferences HTTP/1.1" 200 11153 "-" "Mozilla/5.0 (compatible; Barkrowler/0.9; +https://babbar.tech/crawler)"
185.119.81.105 - - [20/Feb/2022:23:44:50 +0100] "GET /PodCast/Sbysst HTTP/1.1" 200 17403 "-" "Mozilla/5.0 (Windows NT 10.0; Win64; x64) AppleWebKit/537.36 (KHTML, like Gecko) Chrome/74.0.3729.169 Safari/537.36"
185.119.81.105 - - [20/Feb/2022:23:44:51 +0100] "GET /PodCast/JBJ301 HTTP/1.1" 200 14945 "-" "Mozilla/5.0 (Windows NT 10.0; Win64; x64) AppleWebKit/537.36 (KHTML, like Gecko) Chrome/74.0.3729.169 Safari/537.36"
185.119.81.105 - - [20/Feb/2022:23:44:51 +0100] "GET /PodCast/JBJ401 HTTP/1.1" 200 20406 "-" "Mozilla/5.0 (Windows NT 10.0; Win64; x64) AppleWebKit/537.36 (KHTML, like Gecko) Chrome/74.0.3729.169 Safari/537.36"
185.119.81.105 - - [20/Feb/2022:23:44:51 +0100] "GET /PodCast/JBJ402 HTTP/1.1" 200 20809 "-" "Mozilla/5.0 (Windows NT 10.0; Win64; x64) AppleWebKit/537.36 (KHTML, like Gecko) Chrome/74.0.3729.169 Safari/537.36"
185.119.81.105 - - [20/Feb/2022:23:44:52 +0100] "GET /PodCast/Antyki HTTP/1.1" 200 8306 "-" "Mozilla/5.0 (Windows NT 10.0; Win64; x64) AppleWebKit/537.36 (KHTML, like Gecko) Chrome/74.0.3729.169 Safari/537.36"
185.119.81.105 - - [20/Feb/2022:23:44:53 +0100] "GET /PodCast/JBJ502 HTTP/1.1" 200 21457 "-" "Mozilla/5.0 (Windows NT 10.0; Win64; x64) AppleWebKit/537.36 (KHTML, like Gecko) Chrome/74.0.3729.169 Safari/537.36"
185.119.81.105 - - [20/Feb/2022:23:44:53 +0100] "GET /PodCast/JBJ601 HTTP/1.1" 200 22465 "-" "Mozilla/5.0 (Windows NT 10.0; Win64; x64) AppleWebKit/537.36 (KHTML, like Gecko) Chrome/74.0.3729.169 Safari/537.36"
185.119.81.105 - - [20/Feb/2022:23:44:54 +0100] "GET /PodCast/JBJ602 HTTP/1.1" 200 21033 "-" "Mozilla/5.0 (Windows NT 10.0; Win64; x64) AppleWebKit/537.36 (KHTML, like Gecko) Chrome/74.0.3729.169 Safari/537.36"
185.119.81.105 - - [20/Feb/2022:23:44:55 +0100] "GET /PodCast/Zugle2 HTTP/1.1" 200 20425 "-" "Mozilla/5.0 (Windows NT 10.0; Win64; x64) AppleWebKit/537.36 (KHTML, like Gecko) Chrome/74.0.3729.169 Safari/537.36"
185.119.81.105 - - [20/Feb/2022:23:45:00 +0100] "GET /PodCast/JBJ701 HTTP/1.1" 200 19698 "-" "Mozilla/5.0 (Windows NT 10.0; Win64; x64) AppleWebKit/537.36 (KHTML, like Gecko) Chrome/74.0.3729.169 Safari/537.36"
185.119.81.105 - - [20/Feb/2022:23:45:01 +0100] "GET /PodCast/JBJ702 HTTP/1.1" 200 22843 "-" "Mozilla/5.0 (Windows NT 10.0; Win64; x64) AppleWebKit/537.36 (KHTML, like Gecko) Chrome/74.0.3729.169 Safari/537.36"
154.54.249.202 - - [20/Feb/2022:23:45:08 +0100] "GET /PmWiki/SiteAnalyzer HTTP/1.1" 404 8905 "-" "Mozilla/5.0 (compatible; Barkrowler/0.9; +https://babbar.tech/crawler)"
85.25.177.219 - - [20/Feb/2022:23:45:13 +0100] "GET /Admin/Links?action=upload HTTP/1.1" 200 8465 "-" "Mozilla/5.0 (X11; Linux x86_64; rv:81.0) Gecko/20100101 Firefox/81.0"
154.54.249.202 - - [20/Feb/2022:23:45:23 +0100] "GET /PmWiki/LayoutVariables HTTP/1.1" 200 41630 "-" "Mozilla/5.0 (compatible; Barkrowler/0.9; +https://babbar.tech/crawler)"
154.54.249.202 - - [20/Feb/2022:23:45:39 +0100] "GET /PmWiki/Categories?action=print HTTP/1.1" 200 13544 "-" "Mozilla/5.0 (compatible; Barkrowler/0.9; +https://babbar.tech/crawler)"
194.209.200.2 - - [20/Feb/2022:23:45:40 +0100] "GET /Admin/Pro-ZurituutschStatuten HTTP/1.1" 200 9580 "-" "Mozilla/5.0 (compatible; TMMBot/0.2; +http://www.dslab.ch)/Nutch-1.15"
85.25.177.219 - - [20/Feb/2022:23:45:41 +0100] "GET /Texte/Schrybwys?action=upload HTTP/1.1" 200 8521 "-" "Mozilla/5.0 (X11; Linux x86_64; rv:81.0) Gecko/20100101 Firefox/81.0"
154.54.249.202 - - [20/Feb/2022:23:45:54 +0100] "GET /PmWiki/Categories?action=edit HTTP/1.1" 200 8650 "-" "Mozilla/5.0 (compatible; Barkrowler/0.9; +https://babbar.tech/crawler)"
154.54.249.202 - - [20/Feb/2022:23:46:09 +0100] "GET /PmWiki/LinkVariables HTTP/1.1" 200 20853 "-" "Mozilla/5.0 (compatible; Barkrowler/0.9; +https://babbar.tech/crawler)"
154.54.249.202 - - [20/Feb/2022:23:46:25 +0100] "GET /PmWiki/LinkSchemes HTTP/1.1" 404 8887 "-" "Mozilla/5.0 (compatible; Barkrowler/0.9; +https://babbar.tech/crawler)"
154.54.249.202 - - [20/Feb/2022:23:46:40 +0100] "GET /PmWiki/GroupCustomizations HTTP/1.1" 200 19255 "-" "Mozilla/5.0 (compatible; Barkrowler/0.9; +https://babbar.tech/crawler)"
194.209.200.2 - - [20/Feb/2022:23:46:41 +0100] "GET /Gast/Podcast HTTP/1.1" 200 8106 "-" "Mozilla/5.0 (compatible; TMMBot/0.2; +http://www.dslab.ch)/Nutch-1.15"
154.54.249.202 - - [20/Feb/2022:23:46:58 +0100] "GET /PmWikiVi/WikiGroup HTTP/1.1" 404 11168 "-" "Mozilla/5.0 (compatible; Barkrowler/0.9; +https://babbar.tech/crawler)"
154.54.249.202 - - [20/Feb/2022:23:47:13 +0100] "GET /PmWikiRu/Uploads HTTP/1.1" 200 17376 "-" "Mozilla/5.0 (compatible; Barkrowler/0.9; +https://babbar.tech/crawler)"
154.54.249.202 - - [20/Feb/2022:23:47:28 +0100] "GET /PmWikiRu/Skins HTTP/1.1" 200 25244 "-" "Mozilla/5.0 (compatible; Barkrowler/0.9; +https://babbar.tech/crawler)"
154.54.249.202 - - [20/Feb/2022:23:47:45 +0100] "GET /PmWikiRu/Functions HTTP/1.1" 200 19292 "-" "Mozilla/5.0 (compatible; Barkrowler/0.9; +https://babbar.tech/crawler)"
154.54.249.202 - - [20/Feb/2022:23:48:00 +0100] "GET /PmWikiRu/Introduction HTTP/1.1" 404 9977 "-" "Mozilla/5.0 (compatible; Barkrowler/0.9; +https://babbar.tech/crawler)"
216.244.66.243 - - [20/Feb/2022:23:48:07 +0100] "GET /Site/AllRecentChanges?from=PmWikiFr.ToutesLesModifs HTTP/1.1" 200 73550 "-" "Mozilla/5.0 (compatible; DotBot/1.2; +https://opensiteexplorer.org/dotbot; help@moz.com)"
154.54.249.202 - - [20/Feb/2022:23:48:15 +0100] "GET /PmWikiRu/Passwords HTTP/1.1" 200 18541 "-" "Mozilla/5.0 (compatible; Barkrowler/0.9; +https://babbar.tech/crawler)"
154.54.249.202 - - [20/Feb/2022:23:48:31 +0100] "GET /PmWikiRu/Categories HTTP/1.1" 200 23723 "-" "Mozilla/5.0 (compatible; Barkrowler/0.9; +https://babbar.tech/crawler)"
154.54.249.202 - - [20/Feb/2022:23:48:46 +0100] "GET /PmWikiRu/PageLists HTTP/1.1" 200 23015 "-" "Mozilla/5.0 (compatible; Barkrowler/0.9; +https://babbar.tech/crawler)"
154.54.249.202 - - [20/Feb/2022:23:49:01 +0100] "GET /PmWikiRu/UTF-8 HTTP/1.1" 404 9823 "-" "Mozilla/5.0 (compatible; Barkrowler/0.9; +https://babbar.tech/crawler)"
154.54.249.202 - - [20/Feb/2022:23:49:16 +0100] "GET /PmWikiJa/Cookbook HTTP/1.1" 200 74020 "-" "Mozilla/5.0 (compatible; Barkrowler/0.9; +https://babbar.tech/crawler)"
154.54.249.202 - - [20/Feb/2022:23:49:32 +0100] "GET /PmWikiJa/Properties HTTP/1.1" 404 8243 "-" "Mozilla/5.0 (compatible; Barkrowler/0.9; +https://babbar.tech/crawler)"
154.54.249.202 - - [20/Feb/2022:23:49:47 +0100] "GET /PmWikiJa/Comments HTTP/1.1" 404 8215 "-" "Mozilla/5.0 (compatible; Barkrowler/0.9; +https://babbar.tech/crawler)"
85.25.177.219 - - [20/Feb/2022:23:49:56 +0100] "GET /Texte/Styluebige HTTP/1.1" 200 9998 "-" "Mozilla/5.0 (X11; Linux x86_64; rv:81.0) Gecko/20100101 Firefox/81.0"
154.54.249.202 - - [20/Feb/2022:23:50:02 +0100] "GET /PmWikiJa/PageList HTTP/1.1" 404 8217 "-" "Mozilla/5.0 (compatible; Barkrowler/0.9; +https://babbar.tech/crawler)"
154.54.249.202 - - [20/Feb/2022:23:50:17 +0100] "GET /PmWikiJa/Input HTTP/1.1" 404 8173 "-" "Mozilla/5.0 (compatible; Barkrowler/0.9; +https://babbar.tech/crawler)"
185.191.171.34 - - [20/Feb/2022:23:50:27 +0100] "GET /PmWikiFr/A?action=search&fmt=title&q=link%3DPmWikiFr.Upgrades HTTP/1.1" 404 18 "-" "Mozilla/5.0 (compatible; SemrushBot/7~bl; +http://www.semrush.com/bot.html)"
154.54.249.202 - - [20/Feb/2022:23:50:32 +0100] "GET /PmWikiJa/SearchIndex HTTP/1.1" 404 8259 "-" "Mozilla/5.0 (compatible; Barkrowler/0.9; +https://babbar.tech/crawler)"
154.54.249.202 - - [20/Feb/2022:23:50:48 +0100] "GET /PmWikiJa/ToDo HTTP/1.1" 404 8161 "-" "Mozilla/5.0 (compatible; Barkrowler/0.9; +https://babbar.tech/crawler)"
154.54.249.202 - - [20/Feb/2022:23:51:03 +0100] "GET /PmWikiJa/PITS HTTP/1.1" 404 8159 "-" "Mozilla/5.0 (compatible; Barkrowler/0.9; +https://babbar.tech/crawler)"
154.54.249.202 - - [20/Feb/2022:23:51:18 +0100] "GET /PmWikiJa/EProtect HTTP/1.1" 404 8217 "-" "Mozilla/5.0 (compatible; Barkrowler/0.9; +https://babbar.tech/crawler)"
154.54.249.202 - - [20/Feb/2022:23:51:34 +0100] "GET /PmWikiJa/Applet HTTP/1.1" 404 8187 "-" "Mozilla/5.0 (compatible; Barkrowler/0.9; +https://babbar.tech/crawler)"
154.54.249.202 - - [20/Feb/2022:23:51:49 +0100] "GET /PmWikiJa/Functions HTTP/1.1" 404 8229 "-" "Mozilla/5.0 (compatible; Barkrowler/0.9; +https://babbar.tech/crawler)"
154.54.249.202 - - [20/Feb/2022:23:52:04 +0100] "GET /PmWikiJa/Voting HTTP/1.1" 404 8187 "-" "Mozilla/5.0 (compatible; Barkrowler/0.9; +https://babbar.tech/crawler)"
154.54.249.202 - - [20/Feb/2022:23:52:20 +0100] "GET /PmWikiJa/NewsList HTTP/1.1" 404 8217 "-" "Mozilla/5.0 (compatible; Barkrowler/0.9; +https://babbar.tech/crawler)"
85.25.177.219 - - [20/Feb/2022:23:52:35 +0100] "GET /Texte/Schrybwys?action=edit HTTP/1.1" 200 8621 "-" "Mozilla/5.0 (X11; Linux x86_64; rv:81.0) Gecko/20100101 Firefox/81.0"
154.54.249.202 - - [20/Feb/2022:23:52:36 +0100] "GET /PmWikiJa/Forms HTTP/1.1" 404 8173 "-" "Mozilla/5.0 (compatible; Barkrowler/0.9; +https://babbar.tech/crawler)"
154.54.249.202 - - [20/Feb/2022:23:52:51 +0100] "GET /PmWikiJa/Forum HTTP/1.1" 404 8173 "-" "Mozilla/5.0 (compatible; Barkrowler/0.9; +https://babbar.tech/crawler)"
154.54.249.202 - - [20/Feb/2022:23:53:06 +0100] "GET /PmWikiJa/Backlinks HTTP/1.1" 404 8229 "-" "Mozilla/5.0 (compatible; Barkrowler/0.9; +https://babbar.tech/crawler)"
154.54.249.202 - - [20/Feb/2022:23:53:21 +0100] "GET /PmWikiDe/Uploads HTTP/1.1" 200 11891 "-" "Mozilla/5.0 (compatible; Barkrowler/0.9; +https://babbar.tech/crawler)"
154.54.249.202 - - [20/Feb/2022:23:53:37 +0100] "GET /PmWikiDe/Drafts HTTP/1.1" 404 6642 "-" "Mozilla/5.0 (compatible; Barkrowler/0.9; +https://babbar.tech/crawler)"
154.54.249.202 - - [20/Feb/2022:23:53:52 +0100] "GET /PmWikiDe/Upgrades HTTP/1.1" 200 10552 "-" "Mozilla/5.0 (compatible; Barkrowler/0.9; +https://babbar.tech/crawler)"
154.54.249.202 - - [20/Feb/2022:23:54:07 +0100] "GET /PmWikiDe/FullName HTTP/1.1" 404 6672 "-" "Mozilla/5.0 (compatible; Barkrowler/0.9; +https://babbar.tech/crawler)"
154.54.249.202 - - [20/Feb/2022:23:54:22 +0100] "GET /PmWikiDe/Functions HTTP/1.1" 404 6684 "-" "Mozilla/5.0 (compatible; Barkrowler/0.9; +https://babbar.tech/crawler)"
154.54.249.202 - - [20/Feb/2022:23:54:37 +0100] "GET /PmWikiDe/WikiWord HTTP/1.1" 200 8745 "-" "Mozilla/5.0 (compatible; Barkrowler/0.9; +https://babbar.tech/crawler)"
154.54.249.202 - - [20/Feb/2022:23:54:53 +0100] "GET /PmWikiDe/WikiPage HTTP/1.1" 404 6672 "-" "Mozilla/5.0 (compatible; Barkrowler/0.9; +https://babbar.tech/crawler)"
154.54.249.202 - - [20/Feb/2022:23:55:09 +0100] "GET /PmWikiDe/WikiNode HTTP/1.1" 200 9199 "-" "Mozilla/5.0 (compatible; Barkrowler/0.9; +https://babbar.tech/crawler)"
65.108.73.117 - - [20/Feb/2022:23:55:10 +0100] "GET /PodCast/Zrouggtratte HTTP/1.1" 200 12344 "http://www.pro-zurituutsch.ch/PodCast/IndexPage" "Mozilla/5.0 (compatible; SEOkicks; +https://www.seokicks.de/robot.html)"
65.108.73.117 - - [20/Feb/2022:23:55:11 +0100] "GET /PodCast/BanquiQuali HTTP/1.1" 200 11738 "http://www.pro-zurituutsch.ch/PodCast/IndexPage" "Mozilla/5.0 (compatible; SEOkicks; +https://www.seokicks.de/robot.html)"
65.108.73.117 - - [20/Feb/2022:23:55:12 +0100] "GET /PodCast/Wienechtsgschicht HTTP/1.1" 200 12139 "http://www.pro-zurituutsch.ch/PodCast/IndexPage" "Mozilla/5.0 (compatible; SEOkicks; +https://www.seokicks.de/robot.html)"
65.108.73.117 - - [20/Feb/2022:23:55:14 +0100] "GET /PodCast/Freuidechrafft HTTP/1.1" 200 17025 "http://www.pro-zurituutsch.ch/PodCast/IndexPage" "Mozilla/5.0 (compatible; SEOkicks; +https://www.seokicks.de/robot.html)"
65.108.73.117 - - [20/Feb/2022:23:55:15 +0100] "GET /PodCast/STounkel HTTP/1.1" 200 9500 "http://www.pro-zurituutsch.ch/PodCast/IndexPage" "Mozilla/5.0 (compatible; SEOkicks; +https://www.seokicks.de/robot.html)"
65.108.73.117 - - [20/Feb/2022:23:55:16 +0100] "GET /PodCast/PrSidNtewaal HTTP/1.1" 200 8763 "http://www.pro-zurituutsch.ch/PodCast/IndexPage" "Mozilla/5.0 (compatible; SEOkicks; +https://www.seokicks.de/robot.html)"
65.108.73.117 - - [20/Feb/2022:23:55:18 +0100] "GET /PodCast/Stuurchrieg HTTP/1.1" 200 12261 "http://www.pro-zurituutsch.ch/PodCast/IndexPage" "Mozilla/5.0 (compatible; SEOkicks; +https://www.seokicks.de/robot.html)"
65.108.73.117 - - [20/Feb/2022:23:55:19 +0100] "GET /PodCast/Scheffwachsel HTTP/1.1" 200 12557 "http://www.pro-zurituutsch.ch/PodCast/IndexPage" "Mozilla/5.0 (compatible; SEOkicks; +https://www.seokicks.de/robot.html)"
65.108.73.117 - - [20/Feb/2022:23:55:21 +0100] "GET /PodCast/Fanatiker HTTP/1.1" 200 8890 "http://www.pro-zurituutsch.ch/PodCast/IndexPage" "Mozilla/5.0 (compatible; SEOkicks; +https://www.seokicks.de/robot.html)"
65.108.73.117 - - [20/Feb/2022:23:55:22 +0100] "GET /PodCast/Griechestroom HTTP/1.1" 200 12408 "http://www.pro-zurituutsch.ch/PodCast/IndexPage" "Mozilla/5.0 (compatible; SEOkicks; +https://www.seokicks.de/robot.html)"
65.108.73.117 - - [20/Feb/2022:23:55:24 +0100] "GET /PodCast/WMNutzts?action=edit HTTP/1.1" 404 18 "http://www.pro-zurituutsch.ch/PodCast/IndexPage" "Mozilla/5.0 (compatible; SEOkicks; +https://www.seokicks.de/robot.html)"
65.108.73.117 - - [20/Feb/2022:23:55:25 +0100] "GET /PodCast/Ynachte2 HTTP/1.1" 200 18582 "http://www.pro-zurituutsch.ch/PodCast/IndexPage" "Mozilla/5.0 (compatible; SEOkicks; +https://www.seokicks.de/robot.html)"
154.54.249.202 - - [20/Feb/2022:23:55:25 +0100] "GET /PmWikiDe/Wikigruppen HTTP/1.1" 404 6712 "-" "Mozilla/5.0 (compatible; Barkrowler/0.9; +https://babbar.tech/crawler)"
65.108.73.117 - - [20/Feb/2022:23:55:26 +0100] "GET /PodCast/Ynachte1 HTTP/1.1" 200 15195 "http://www.pro-zurituutsch.ch/PodCast/IndexPage" "Mozilla/5.0 (compatible; SEOkicks; +https://www.seokicks.de/robot.html)"
65.108.73.117 - - [20/Feb/2022:23:55:27 +0100] "GET /PodCast/Ouhsggwise2 HTTP/1.1" 200 20341 "http://www.pro-zurituutsch.ch/PodCast/IndexPage" "Mozilla/5.0 (compatible; SEOkicks; +https://www.seokicks.de/robot.html)"
65.108.73.117 - - [20/Feb/2022:23:55:29 +0100] "GET /PodCast/Boni2 HTTP/1.1" 200 13222 "http://www.pro-zurituutsch.ch/PodCast/IndexPage" "Mozilla/5.0 (compatible; SEOkicks; +https://www.seokicks.de/robot.html)"
65.108.73.117 - - [20/Feb/2022:23:55:30 +0100] "GET /PodCast/Ouhsggwise1 HTTP/1.1" 200 21392 "http://www.pro-zurituutsch.ch/PodCast/IndexPage" "Mozilla/5.0 (compatible; SEOkicks; +https://www.seokicks.de/robot.html)"
65.108.73.117 - - [20/Feb/2022:23:55:31 +0100] "GET /PodCast/FHrereid2?action=edit HTTP/1.1" 404 18 "http://www.pro-zurituutsch.ch/PodCast/IndexPage" "Mozilla/5.0 (compatible; SEOkicks; +https://www.seokicks.de/robot.html)"
65.108.73.117 - - [20/Feb/2022:23:55:32 +0100] "GET /PodCast/FHrereid1?action=edit HTTP/1.1" 404 18 "http://www.pro-zurituutsch.ch/PodCast/IndexPage" "Mozilla/5.0 (compatible; SEOkicks; +https://www.seokicks.de/robot.html)"
65.108.73.117 - - [20/Feb/2022:23:55:33 +0100] "GET /PodCast/StroubiZyt2 HTTP/1.1" 200 16782 "http://www.pro-zurituutsch.ch/PodCast/IndexPage" "Mozilla/5.0 (compatible; SEOkicks; +https://www.seokicks.de/robot.html)"
65.108.73.117 - - [20/Feb/2022:23:55:35 +0100] "GET /PodCast/StroubiZyt1 HTTP/1.1" 200 17947 "http://www.pro-zurituutsch.ch/PodCast/IndexPage" "Mozilla/5.0 (compatible; SEOkicks; +https://www.seokicks.de/robot.html)"
65.108.73.117 - - [20/Feb/2022:23:55:36 +0100] "GET /PodCast/Hinkeljouged1 HTTP/1.1" 200 23519 "http://www.pro-zurituutsch.ch/PodCast/IndexPage" "Mozilla/5.0 (compatible; SEOkicks; +https://www.seokicks.de/robot.html)"
65.108.73.117 - - [20/Feb/2022:23:55:37 +0100] "GET /PodCast/Buecherbrand2 HTTP/1.1" 200 17888 "http://www.pro-zurituutsch.ch/PodCast/IndexPage" "Mozilla/5.0 (compatible; SEOkicks; +https://www.seokicks.de/robot.html)"
65.108.73.117 - - [20/Feb/2022:23:55:39 +0100] "GET /PodCast/Chouechetailet HTTP/1.1" 200 14480 "http://www.pro-zurituutsch.ch/PodCast/IndexPage" "Mozilla/5.0 (compatible; SEOkicks; +https://www.seokicks.de/robot.html)"
154.54.249.202 - - [20/Feb/2022:23:55:40 +0100] "GET /PmWikiDe/Wikifarm HTTP/1.1" 404 6670 "-" "Mozilla/5.0 (compatible; Barkrowler/0.9; +https://babbar.tech/crawler)"
65.108.73.117 - - [20/Feb/2022:23:55:40 +0100] "GET /PodCast/Buecherbrand HTTP/1.1" 200 16880 "http://www.pro-zurituutsch.ch/PodCast/IndexPage" "Mozilla/5.0 (compatible; SEOkicks; +https://www.seokicks.de/robot.html)"
65.108.73.117 - - [20/Feb/2022:23:55:42 +0100] "GET /PodCast/Schaidig2 HTTP/1.1" 200 19684 "http://www.pro-zurituutsch.ch/PodCast/IndexPage" "Mozilla/5.0 (compatible; SEOkicks; +https://www.seokicks.de/robot.html)"
65.108.73.117 - - [20/Feb/2022:23:55:43 +0100] "GET /PodCast/Schaidig1 HTTP/1.1" 200 19206 "http://www.pro-zurituutsch.ch/PodCast/IndexPage" "Mozilla/5.0 (compatible; SEOkicks; +https://www.seokicks.de/robot.html)"
65.108.73.117 - - [20/Feb/2022:23:55:44 +0100] "GET /PodCast/Boundeswaal HTTP/1.1" 200 12917 "http://www.pro-zurituutsch.ch/PodCast/IndexPage" "Mozilla/5.0 (compatible; SEOkicks; +https://www.seokicks.de/robot.html)"
65.108.73.117 - - [20/Feb/2022:23:55:46 +0100] "GET /PodCast/Zugle2 HTTP/1.1" 200 20425 "http://www.pro-zurituutsch.ch/PodCast/IndexPage" "Mozilla/5.0 (compatible; SEOkicks; +https://www.seokicks.de/robot.html)"
65.108.73.117 - - [20/Feb/2022:23:55:47 +0100] "GET /PodCast/Zugle HTTP/1.1" 200 19132 "http://www.pro-zurituutsch.ch/PodCast/IndexPage" "Mozilla/5.0 (compatible; SEOkicks; +https://www.seokicks.de/robot.html)"
65.108.73.117 - - [20/Feb/2022:23:55:48 +0100] "GET /PodCast/Schlaaffloos2 HTTP/1.1" 200 15361 "http://www.pro-zurituutsch.ch/PodCast/IndexPage" "Mozilla/5.0 (compatible; SEOkicks; +https://www.seokicks.de/robot.html)"
65.108.73.117 - - [20/Feb/2022:23:55:50 +0100] "GET /PodCast/Euirokraty HTTP/1.1" 200 15097 "http://www.pro-zurituutsch.ch/PodCast/IndexPage" "Mozilla/5.0 (compatible; SEOkicks; +https://www.seokicks.de/robot.html)"
65.108.73.117 - - [20/Feb/2022:23:55:51 +0100] "GET /PodCast/Schlaaffloos1 HTTP/1.1" 200 15552 "http://www.pro-zurituutsch.ch/PodCast/IndexPage" "Mozilla/5.0 (compatible; SEOkicks; +https://www.seokicks.de/robot.html)"
65.108.73.117 - - [20/Feb/2022:23:55:52 +0100] "GET /PodCast/Eereroueff2 HTTP/1.1" 200 17012 "http://www.pro-zurituutsch.ch/PodCast/IndexPage" "Mozilla/5.0 (compatible; SEOkicks; +https://www.seokicks.de/robot.html)"
65.108.73.117 - - [20/Feb/2022:23:55:54 +0100] "GET /PodCast/Eereroueff HTTP/1.1" 200 18747 "http://www.pro-zurituutsch.ch/PodCast/IndexPage" "Mozilla/5.0 (compatible; SEOkicks; +https://www.seokicks.de/robot.html)"
65.108.73.117 - - [20/Feb/2022:23:55:55 +0100] "GET /PodCast/Scheuhnemischt HTTP/1.1" 200 12454 "http://www.pro-zurituutsch.ch/PodCast/IndexPage" "Mozilla/5.0 (compatible; SEOkicks; +https://www.seokicks.de/robot.html)"
154.54.249.202 - - [20/Feb/2022:23:55:55 +0100] "GET /PmWikiDe/WikiGroup HTTP/1.1" 200 16138 "-" "Mozilla/5.0 (compatible; Barkrowler/0.9; +https://babbar.tech/crawler)"
65.108.73.117 - - [20/Feb/2022:23:55:57 +0100] "GET /PodCast/FrawimSchatte HTTP/1.1" 200 14992 "http://www.pro-zurituutsch.ch/PodCast/IndexPage" "Mozilla/5.0 (compatible; SEOkicks; +https://www.seokicks.de/robot.html)"
65.108.73.117 - - [20/Feb/2022:23:55:58 +0100] "GET /Lydja/Mp3 HTTP/1.1" 200 8011 "http://www.pro-zurituutsch.ch/PodCast/IndexPage" "Mozilla/5.0 (compatible; SEOkicks; +https://www.seokicks.de/robot.html)"
65.108.73.117 - - [20/Feb/2022:23:55:59 +0100] "GET /Lydja/GNU/Emacs HTTP/1.1" 404 264 "http://www.pro-zurituutsch.ch/Lydja/Mp3" "Mozilla/5.0 (compatible; SEOkicks; +https://www.seokicks.de/robot.html)"
65.108.73.117 - - [20/Feb/2022:23:56:01 +0100] "GET /PodCast/Inselschwyz HTTP/1.1" 200 13310 "http://www.pro-zurituutsch.ch/PodCast/IndexPage" "Mozilla/5.0 (compatible; SEOkicks; +https://www.seokicks.de/robot.html)"
65.108.73.117 - - [20/Feb/2022:23:56:02 +0100] "GET /PodCast/Gschyder HTTP/1.1" 200 11945 "http://www.pro-zurituutsch.ch/PodCast/IndexPage" "Mozilla/5.0 (compatible; SEOkicks; +https://www.seokicks.de/robot.html)"
65.108.73.117 - - [20/Feb/2022:23:56:04 +0100] "GET /PodCast/Sounegsang HTTP/1.1" 200 14204 "http://www.pro-zurituutsch.ch/PodCast/IndexPage" "Mozilla/5.0 (compatible; SEOkicks; +https://www.seokicks.de/robot.html)"
65.108.73.117 - - [20/Feb/2022:23:56:05 +0100] "GET /PodCast/Resoultat HTTP/1.1" 200 11319 "http://www.pro-zurituutsch.ch/PodCast/IndexPage" "Mozilla/5.0 (compatible; SEOkicks; +https://www.seokicks.de/robot.html)"
65.108.73.117 - - [20/Feb/2022:23:56:06 +0100] "GET /PodCast/Eenlichkait HTTP/1.1" 200 12529 "http://www.pro-zurituutsch.ch/PodCast/IndexPage" "Mozilla/5.0 (compatible; SEOkicks; +https://www.seokicks.de/robot.html)"
65.108.73.117 - - [20/Feb/2022:23:56:08 +0100] "GET /PodCast/Leerplaan HTTP/1.1" 200 11636 "http://www.pro-zurituutsch.ch/PodCast/IndexPage" "Mozilla/5.0 (compatible; SEOkicks; +https://www.seokicks.de/robot.html)"
65.108.73.117 - - [20/Feb/2022:23:56:09 +0100] "GET /PodCast/Wiewytna HTTP/1.1" 200 11833 "http://www.pro-zurituutsch.ch/PodCast/IndexPage" "Mozilla/5.0 (compatible; SEOkicks; +https://www.seokicks.de/robot.html)"
65.108.73.117 - - [20/Feb/2022:23:56:10 +0100] "GET /PodCast/Bombe HTTP/1.1" 200 8662 "http://www.pro-zurituutsch.ch/PodCast/IndexPage" "Mozilla/5.0 (compatible; SEOkicks; +https://www.seokicks.de/robot.html)"
154.54.249.202 - - [20/Feb/2022:23:56:11 +0100] "GET /PmWikiDe/Skins HTTP/1.1" 200 6531 "-" "Mozilla/5.0 (compatible; Barkrowler/0.9; +https://babbar.tech/crawler)"
65.108.73.117 - - [20/Feb/2022:23:56:11 +0100] "GET /PodCast/Integral HTTP/1.1" 200 15584 "http://www.pro-zurituutsch.ch/PodCast/IndexPage" "Mozilla/5.0 (compatible; SEOkicks; +https://www.seokicks.de/robot.html)"
65.108.73.117 - - [20/Feb/2022:23:56:13 +0100] "GET /PodCast/Gvatterle HTTP/1.1" 200 13975 "http://www.pro-zurituutsch.ch/PodCast/IndexPage" "Mozilla/5.0 (compatible; SEOkicks; +https://www.seokicks.de/robot.html)"
65.108.73.117 - - [20/Feb/2022:23:56:14 +0100] "GET /PodCast/Redeleere HTTP/1.1" 200 14206 "http://www.pro-zurituutsch.ch/PodCast/IndexPage" "Mozilla/5.0 (compatible; SEOkicks; +https://www.seokicks.de/robot.html)"
65.108.73.117 - - [20/Feb/2022:23:56:15 +0100] "GET /PodCast/Hafering HTTP/1.1" 200 14273 "http://www.pro-zurituutsch.ch/PodCast/IndexPage" "Mozilla/5.0 (compatible; SEOkicks; +https://www.seokicks.de/robot.html)"
