194.209.200.2 - - [10/Sep/2022:00:00:32 +0200] "GET /Texte/ArsAmatoria HTTP/1.1" 200 12369 "-" "Mozilla/5.0 (compatible; TMMBot/0.2; +http://www.dslab.ch)/Nutch-1.15"
85.25.177.139 - - [10/Sep/2022:00:00:43 +0200] "GET /Hilfe/RealOne?action=edit&restore=diff:1163037612:1163037534:&preview=y HTTP/1.1" 200 8641 "-" "Mozilla/5.0 (Macintosh; Intel Mac OS X 10.15; rv:103.0) Gecko/20100101 Firefox/103.0"
194.209.200.2 - - [10/Sep/2022:00:00:47 +0200] "GET /Texte/GDicht HTTP/1.1" 200 8050 "-" "Mozilla/5.0 (compatible; TMMBot/0.2; +http://www.dslab.ch)/Nutch-1.15"
194.209.200.2 - - [10/Sep/2022:00:01:28 +0200] "GET /Texte/Metamorphoses HTTP/1.1" 200 9045 "-" "Mozilla/5.0 (compatible; TMMBot/0.2; +http://www.dslab.ch)/Nutch-1.15"
85.25.177.139 - - [10/Sep/2022:00:01:44 +0200] "GET /PodCast/RURAkt1TIl4?action=edit&restore=diff:1372238642:1368870461:&preview=y HTTP/1.1" 200 8734 "-" "Mozilla/5.0 (Macintosh; Intel Mac OS X 10.15; rv:103.0) Gecko/20100101 Firefox/103.0"
194.209.200.2 - - [10/Sep/2022:00:02:36 +0200] "GET /Texte/Gloosse HTTP/1.1" 200 8061 "-" "Mozilla/5.0 (compatible; TMMBot/0.2; +http://www.dslab.ch)/Nutch-1.15"
85.25.177.139 - - [10/Sep/2022:00:02:38 +0200] "GET /Hilfe/RealOne?action=diff&source=n&minor=y HTTP/1.1" 200 15499 "-" "Mozilla/5.0 (Macintosh; Intel Mac OS X 10.15; rv:103.0) Gecko/20100101 Firefox/103.0"
85.25.177.139 - - [10/Sep/2022:00:03:33 +0200] "GET /PodCast/RURAkt1TIl4?action=diff&source=n&minor=n HTTP/1.1" 200 29423 "-" "Mozilla/5.0 (Macintosh; Intel Mac OS X 10.15; rv:103.0) Gecko/20100101 Firefox/103.0"
194.209.200.2 - - [10/Sep/2022:00:05:05 +0200] "GET /Hilfe/AnleitungTonbeispiele HTTP/1.1" 200 9878 "-" "Mozilla/5.0 (compatible; TMMBot/0.2; +http://www.dslab.ch)/Nutch-1.15"
85.25.177.139 - - [10/Sep/2022:00:05:12 +0200] "GET /PodCast/RURAkt1TIl4?action=diff&source=y&minor=y HTTP/1.1" 200 27266 "-" "Mozilla/5.0 (Macintosh; Intel Mac OS X 10.15; rv:103.0) Gecko/20100101 Firefox/103.0"
85.25.177.139 - - [10/Sep/2022:00:05:37 +0200] "GET /Hilfe/RealOne?action=diff&source=y&minor=n HTTP/1.1" 200 16370 "-" "Mozilla/5.0 (Macintosh; Intel Mac OS X 10.15; rv:103.0) Gecko/20100101 Firefox/103.0"
85.25.177.139 - - [10/Sep/2022:00:07:07 +0200] "GET /Texte/Metamorphoses?action=diff&source=y&minor=n HTTP/1.1" 200 22807 "-" "Mozilla/5.0 (Macintosh; Intel Mac OS X 10.15; rv:103.0) Gecko/20100101 Firefox/103.0"
85.25.177.139 - - [10/Sep/2022:00:07:40 +0200] "GET /Texte/AnleitungTonbeispiele?action=print HTTP/1.1" 404 2438 "-" "Mozilla/5.0 (Macintosh; Intel Mac OS X 10.15; rv:103.0) Gecko/20100101 Firefox/103.0"
85.25.177.139 - - [10/Sep/2022:00:09:07 +0200] "GET /Site/142Taagsatzig1484?action=edit&restore=diff:1261392879:1261392137:&preview=y HTTP/1.1" 200 8769 "-" "Mozilla/5.0 (Macintosh; Intel Mac OS X 10.15; rv:103.0) Gecko/20100101 Firefox/103.0"
85.25.177.139 - - [10/Sep/2022:00:10:46 +0200] "GET /Site/142Taagsatzig1484?action=diff&source=y&minor=y HTTP/1.1" 200 17078 "-" "Mozilla/5.0 (Macintosh; Intel Mac OS X 10.15; rv:103.0) Gecko/20100101 Firefox/103.0"
85.25.177.139 - - [10/Sep/2022:00:11:39 +0200] "GET /Texte/Metamorphoses?action=edit&restore=diff:1177682932:1177682751:&preview=y HTTP/1.1" 200 8723 "-" "Mozilla/5.0 (Macintosh; Intel Mac OS X 10.15; rv:103.0) Gecko/20100101 Firefox/103.0"
85.25.177.139 - - [10/Sep/2022:00:12:39 +0200] "GET /Site/142Taagsatzig1484?action=edit&restore=diff:1261392975:1261392917:&preview=y HTTP/1.1" 200 8769 "-" "Mozilla/5.0 (Macintosh; Intel Mac OS X 10.15; rv:103.0) Gecko/20100101 Firefox/103.0"
85.25.177.139 - - [10/Sep/2022:00:14:49 +0200] "GET /Site/142Taagsatzig1484?action=edit&restore=diff:1261392137:1261392137:&preview=y HTTP/1.1" 200 8769 "-" "Mozilla/5.0 (Macintosh; Intel Mac OS X 10.15; rv:103.0) Gecko/20100101 Firefox/103.0"
85.25.177.139 - - [10/Sep/2022:00:16:35 +0200] "GET /Site/142Taagsatzig1484?action=diff&source=n&minor=n HTTP/1.1" 200 17469 "-" "Mozilla/5.0 (Macintosh; Intel Mac OS X 10.15; rv:103.0) Gecko/20100101 Firefox/103.0"
85.25.177.139 - - [10/Sep/2022:00:18:20 +0200] "GET /Help/AnleitungTonbeispiele?action=diff HTTP/1.1" 200 9362 "-" "Mozilla/5.0 (Macintosh; Intel Mac OS X 10.15; rv:103.0) Gecko/20100101 Firefox/103.0"
85.25.177.139 - - [10/Sep/2022:00:18:51 +0200] "GET /PodCast/SpruchTampoToummOuhsreedeVerwandt?action=diff&source=y&minor=n HTTP/1.1" 200 15344 "-" "Mozilla/5.0 (Macintosh; Intel Mac OS X 10.15; rv:103.0) Gecko/20100101 Firefox/103.0"
85.25.177.139 - - [10/Sep/2022:00:20:47 +0200] "GET /PodCast/Abderhalde0Inhalt?action=print HTTP/1.1" 404 2432 "-" "Mozilla/5.0 (Macintosh; Intel Mac OS X 10.15; rv:103.0) Gecko/20100101 Firefox/103.0"
66.249.64.190 - - [10/Sep/2022:00:21:14 +0200] "GET /PodCast/IndexPage?action=rss HTTP/1.1" 200 6298 "-" "Mozilla/5.0 (compatible; Googlebot/2.1; +http://www.google.com/bot.html)"
85.25.177.139 - - [10/Sep/2022:00:22:24 +0200] "GET /PodCast/Abderhalde0Inhalt?action=diff HTTP/1.1" 200 9349 "-" "Mozilla/5.0 (Macintosh; Intel Mac OS X 10.15; rv:103.0) Gecko/20100101 Firefox/103.0"
85.25.177.139 - - [10/Sep/2022:00:24:19 +0200] "GET /PodCast/Abderhalde0Inhalt?action=upload HTTP/1.1" 200 8666 "-" "Mozilla/5.0 (Macintosh; Intel Mac OS X 10.15; rv:103.0) Gecko/20100101 Firefox/103.0"
85.25.177.139 - - [10/Sep/2022:00:26:12 +0200] "GET /PodCast/182Room1500?action=diff HTTP/1.1" 200 9253 "-" "Mozilla/5.0 (Macintosh; Intel Mac OS X 10.15; rv:103.0) Gecko/20100101 Firefox/103.0"
85.25.177.139 - - [10/Sep/2022:00:28:00 +0200] "GET /PodCast/182Room1500?action=upload HTTP/1.1" 200 8582 "-" "Mozilla/5.0 (Macintosh; Intel Mac OS X 10.15; rv:103.0) Gecko/20100101 Firefox/103.0"
194.209.200.2 - - [10/Sep/2022:00:28:20 +0200] "GET /robots.txt HTTP/1.1" 200 - "-" "Mozilla/5.0 (compatible; TMMBot/0.2; +http://www.dslab.ch)/Nutch-1.15"
194.209.200.2 - - [10/Sep/2022:00:28:20 +0200] "GET /Texte/Rezension HTTP/1.1" 200 11812 "-" "Mozilla/5.0 (compatible; TMMBot/0.2; +http://www.dslab.ch)/Nutch-1.15"
85.25.177.139 - - [10/Sep/2022:00:29:54 +0200] "GET /Help/AnleitungTonbeispiele?action=print HTTP/1.1" 404 2433 "-" "Mozilla/5.0 (Macintosh; Intel Mac OS X 10.15; rv:103.0) Gecko/20100101 Firefox/103.0"
85.25.177.139 - - [10/Sep/2022:00:30:38 +0200] "GET /PodCast/182Room1500?action=print HTTP/1.1" 404 2408 "-" "Mozilla/5.0 (Macintosh; Intel Mac OS X 10.15; rv:103.0) Gecko/20100101 Firefox/103.0"
194.209.200.2 - - [10/Sep/2022:00:30:47 +0200] "GET /Texte/Schrybwys HTTP/1.1" 200 11028 "-" "Mozilla/5.0 (compatible; TMMBot/0.2; +http://www.dslab.ch)/Nutch-1.15"
194.209.200.2 - - [10/Sep/2022:00:31:35 +0200] "GET /Texte/ArsAmatoria HTTP/1.1" 200 12369 "-" "Mozilla/5.0 (compatible; TMMBot/0.2; +http://www.dslab.ch)/Nutch-1.15"
194.209.200.2 - - [10/Sep/2022:00:31:49 +0200] "GET /Texte/GDicht HTTP/1.1" 200 8050 "-" "Mozilla/5.0 (compatible; TMMBot/0.2; +http://www.dslab.ch)/Nutch-1.15"
54.36.148.95 - - [10/Sep/2022:00:32:22 +0200] "GET /robots.txt HTTP/1.1" 200 - "-" "Mozilla/5.0 (compatible; AhrefsBot/7.0; +http://ahrefs.com/robot/)"
54.36.149.21 - - [10/Sep/2022:00:32:23 +0200] "GET / HTTP/1.1" 200 15085 "-" "Mozilla/5.0 (compatible; AhrefsBot/7.0; +http://ahrefs.com/robot/)"
85.25.177.139 - - [10/Sep/2022:00:32:25 +0200] "GET /Site/31Meuischtergass?action=edit&restore=diff:1236586030:1236585974:&preview=y HTTP/1.1" 200 8753 "-" "Mozilla/5.0 (Macintosh; Intel Mac OS X 10.15; rv:103.0) Gecko/20100101 Firefox/103.0"
194.209.200.2 - - [10/Sep/2022:00:32:29 +0200] "GET /Texte/Metamorphoses HTTP/1.1" 200 9045 "-" "Mozilla/5.0 (compatible; TMMBot/0.2; +http://www.dslab.ch)/Nutch-1.15"
194.209.200.2 - - [10/Sep/2022:00:33:34 +0200] "GET /Texte/Gloosse HTTP/1.1" 200 8061 "-" "Mozilla/5.0 (compatible; TMMBot/0.2; +http://www.dslab.ch)/Nutch-1.15"
85.25.177.139 - - [10/Sep/2022:00:33:57 +0200] "GET /PodCast/Goliat?action=print HTTP/1.1" 200 2295 "-" "Mozilla/5.0 (Macintosh; Intel Mac OS X 10.15; rv:103.0) Gecko/20100101 Firefox/103.0"
185.191.171.25 - - [10/Sep/2022:00:34:04 +0200] "GET /robots.txt HTTP/1.1" 200 - "-" "Mozilla/5.0 (compatible; SemrushBot/7~bl; +http://www.semrush.com/bot.html)"
185.191.171.14 - - [10/Sep/2022:00:34:04 +0200] "GET /PmWikiRu/RefCount?action=edit HTTP/1.1" 403 18 "-" "Mozilla/5.0 (compatible; SemrushBot/7~bl; +http://www.semrush.com/bot.html)"
85.25.177.139 - - [10/Sep/2022:00:35:51 +0200] "GET /PodCast/Goliat?action=edit HTTP/1.1" 200 8608 "-" "Mozilla/5.0 (Macintosh; Intel Mac OS X 10.15; rv:103.0) Gecko/20100101 Firefox/103.0"
194.209.200.2 - - [10/Sep/2022:00:35:58 +0200] "GET /Hilfe/AnleitungTonbeispiele HTTP/1.1" 200 9878 "-" "Mozilla/5.0 (compatible; TMMBot/0.2; +http://www.dslab.ch)/Nutch-1.15"
85.25.177.139 - - [10/Sep/2022:00:37:15 +0200] "GET /PodCast/Styluebige?action=upload HTTP/1.1" 200 8564 "-" "Mozilla/5.0 (Macintosh; Intel Mac OS X 10.15; rv:103.0) Gecko/20100101 Firefox/103.0"
85.25.177.139 - - [10/Sep/2022:00:37:35 +0200] "GET /PodCast/Goliat?action=upload HTTP/1.1" 200 8508 "-" "Mozilla/5.0 (Macintosh; Intel Mac OS X 10.15; rv:103.0) Gecko/20100101 Firefox/103.0"
85.25.177.139 - - [10/Sep/2022:00:39:30 +0200] "GET /PodCast/Styluebige?action=edit&restore=diff:1163065260:1163065232:&preview=y HTTP/1.1" 200 8710 "-" "Mozilla/5.0 (Macintosh; Intel Mac OS X 10.15; rv:103.0) Gecko/20100101 Firefox/103.0"
85.25.177.139 - - [10/Sep/2022:00:39:55 +0200] "GET /PodCast/Goliat?action=diff HTTP/1.1" 200 17965 "-" "Mozilla/5.0 (Macintosh; Intel Mac OS X 10.15; rv:103.0) Gecko/20100101 Firefox/103.0"
85.25.177.139 - - [10/Sep/2022:00:41:39 +0200] "GET /PschtLlformoular/PschtLlformoular?action=upload HTTP/1.1" 200 8776 "-" "Mozilla/5.0 (Macintosh; Intel Mac OS X 10.15; rv:103.0) Gecko/20100101 Firefox/103.0"
85.25.177.139 - - [10/Sep/2022:00:43:12 +0200] "GET /PodCast/Styluebige?action=edit&restore=diff:1177679001:1177678618:&preview=y HTTP/1.1" 200 8710 "-" "Mozilla/5.0 (Macintosh; Intel Mac OS X 10.15; rv:103.0) Gecko/20100101 Firefox/103.0"
185.191.171.14 - - [10/Sep/2022:00:43:46 +0200] "GET /PmWikiSi/PmWikiSi?action=print HTTP/1.1" 403 18 "-" "Mozilla/5.0 (compatible; SemrushBot/7~bl; +http://www.semrush.com/bot.html)"
85.25.177.139 - - [10/Sep/2022:00:43:55 +0200] "GET /PodCast/192HouhsRech1509?action=diff HTTP/1.1" 200 9335 "-" "Mozilla/5.0 (Macintosh; Intel Mac OS X 10.15; rv:103.0) Gecko/20100101 Firefox/103.0"
85.25.177.139 - - [10/Sep/2022:00:45:19 +0200] "GET /PodCast/Zrouggtratte?action=diff&source=y&minor=n HTTP/1.1" 200 14889 "-" "Mozilla/5.0 (Macintosh; Intel Mac OS X 10.15; rv:103.0) Gecko/20100101 Firefox/103.0"
85.25.177.139 - - [10/Sep/2022:00:45:47 +0200] "GET /PodCast/192HouhsRech1509?action=upload HTTP/1.1" 200 8654 "-" "Mozilla/5.0 (Macintosh; Intel Mac OS X 10.15; rv:103.0) Gecko/20100101 Firefox/103.0"
85.25.177.139 - - [10/Sep/2022:00:47:04 +0200] "GET /PodCast/192HouhsRech1509?action=print HTTP/1.1" 404 2428 "-" "Mozilla/5.0 (Macintosh; Intel Mac OS X 10.15; rv:103.0) Gecko/20100101 Firefox/103.0"
85.25.177.139 - - [10/Sep/2022:00:48:32 +0200] "GET /PodCast/191Houhsraech1509?action=upload HTTP/1.1" 200 8666 "-" "Mozilla/5.0 (Macintosh; Intel Mac OS X 10.15; rv:103.0) Gecko/20100101 Firefox/103.0"
85.25.177.139 - - [10/Sep/2022:00:49:20 +0200] "GET /PodCast/Styluebige?action=edit&restore=diff:1177678618:1177677766:&preview=y HTTP/1.1" 200 8710 "-" "Mozilla/5.0 (Macintosh; Intel Mac OS X 10.15; rv:103.0) Gecko/20100101 Firefox/103.0"
85.25.177.139 - - [10/Sep/2022:00:49:54 +0200] "GET /PodCast/191Houhsraech1509?action=print HTTP/1.1" 404 2432 "-" "Mozilla/5.0 (Macintosh; Intel Mac OS X 10.15; rv:103.0) Gecko/20100101 Firefox/103.0"
185.191.171.23 - - [10/Sep/2022:00:50:12 +0200] "GET /PmWikiDe/Passwords?action=upload HTTP/1.1" 403 18 "-" "Mozilla/5.0 (compatible; SemrushBot/7~bl; +http://www.semrush.com/bot.html)"
66.249.76.245 - - [10/Sep/2022:00:50:23 +0200] "GET /PodCast/IndexPage?action=rss HTTP/1.1" 200 6298 "-" "Mozilla/5.0 (compatible; Googlebot/2.1; +http://www.google.com/bot.html)"
85.25.177.139 - - [10/Sep/2022:00:51:13 +0200] "GET /PodCast/191Houhsraech1509?action=diff HTTP/1.1" 200 9349 "-" "Mozilla/5.0 (Macintosh; Intel Mac OS X 10.15; rv:103.0) Gecko/20100101 Firefox/103.0"
85.25.177.139 - - [10/Sep/2022:00:52:44 +0200] "GET /PodCast/Styluebige?action=diff&source=y&minor=n HTTP/1.1" 200 21169 "-" "Mozilla/5.0 (Macintosh; Intel Mac OS X 10.15; rv:103.0) Gecko/20100101 Firefox/103.0"
85.25.177.139 - - [10/Sep/2022:00:53:20 +0200] "GET /PodCast/REZMockingbird?action=diff&source=n&minor=y HTTP/1.1" 200 16353 "-" "Mozilla/5.0 (Macintosh; Intel Mac OS X 10.15; rv:103.0) Gecko/20100101 Firefox/103.0"
85.25.177.139 - - [10/Sep/2022:00:54:59 +0200] "GET /PodCast/151Konschtanz1485?action=upload HTTP/1.1" 200 8666 "-" "Mozilla/5.0 (Macintosh; Intel Mac OS X 10.15; rv:103.0) Gecko/20100101 Firefox/103.0"
85.25.177.139 - - [10/Sep/2022:00:56:21 +0200] "GET /PodCast/Styluebige?action=edit&restore=diff:1177679234:1177679001:&preview=y HTTP/1.1" 200 8710 "-" "Mozilla/5.0 (Macintosh; Intel Mac OS X 10.15; rv:103.0) Gecko/20100101 Firefox/103.0"
85.25.177.139 - - [10/Sep/2022:00:56:46 +0200] "GET /PodCast/151Konschtanz1485?action=diff HTTP/1.1" 200 9349 "-" "Mozilla/5.0 (Macintosh; Intel Mac OS X 10.15; rv:103.0) Gecko/20100101 Firefox/103.0"
85.25.177.139 - - [10/Sep/2022:00:58:26 +0200] "GET /PodCast/Styluebige?action=edit&restore=diff:1163080609:1163080586:&preview=y HTTP/1.1" 200 8710 "-" "Mozilla/5.0 (Macintosh; Intel Mac OS X 10.15; rv:103.0) Gecko/20100101 Firefox/103.0"
85.25.177.139 - - [10/Sep/2022:00:59:01 +0200] "GET /PodCast/151Konschtanz1485?action=print HTTP/1.1" 404 2432 "-" "Mozilla/5.0 (Macintosh; Intel Mac OS X 10.15; rv:103.0) Gecko/20100101 Firefox/103.0"
194.209.200.2 - - [10/Sep/2022:00:59:42 +0200] "GET /robots.txt HTTP/1.1" 200 - "-" "Mozilla/5.0 (compatible; TMMBot/0.2; +http://www.dslab.ch)/Nutch-1.15"
194.209.200.2 - - [10/Sep/2022:00:59:42 +0200] "GET /Texte/Rezension HTTP/1.1" 200 11812 "-" "Mozilla/5.0 (compatible; TMMBot/0.2; +http://www.dslab.ch)/Nutch-1.15"
85.25.177.139 - - [10/Sep/2022:01:00:16 +0200] "GET /PodCast/Styluebige?action=edit&restore=diff:1163065232:1163064631:&preview=y HTTP/1.1" 200 8710 "-" "Mozilla/5.0 (Macintosh; Intel Mac OS X 10.15; rv:103.0) Gecko/20100101 Firefox/103.0"
85.25.177.139 - - [10/Sep/2022:01:00:52 +0200] "GET /PodCast/111Stans1481?action=upload HTTP/1.1" 200 8596 "-" "Mozilla/5.0 (Macintosh; Intel Mac OS X 10.15; rv:103.0) Gecko/20100101 Firefox/103.0"
194.209.200.2 - - [10/Sep/2022:01:01:47 +0200] "GET /Admin/Jahresbericht HTTP/1.1" 200 45530 "-" "Mozilla/5.0 (compatible; TMMBot/0.2; +http://www.dslab.ch)/Nutch-1.15"
194.209.200.2 - - [10/Sep/2022:01:02:11 +0200] "GET /Texte/Schrybwys HTTP/1.1" 200 11028 "-" "Mozilla/5.0 (compatible; TMMBot/0.2; +http://www.dslab.ch)/Nutch-1.15"
85.25.177.139 - - [10/Sep/2022:01:02:21 +0200] "GET /PodCast/111Stans1481?action=diff HTTP/1.1" 200 9269 "-" "Mozilla/5.0 (Macintosh; Intel Mac OS X 10.15; rv:103.0) Gecko/20100101 Firefox/103.0"
194.209.200.2 - - [10/Sep/2022:01:03:00 +0200] "GET /Texte/ArsAmatoria HTTP/1.1" 200 12369 "-" "Mozilla/5.0 (compatible; TMMBot/0.2; +http://www.dslab.ch)/Nutch-1.15"
194.209.200.2 - - [10/Sep/2022:01:03:14 +0200] "GET /Texte/GDicht HTTP/1.1" 200 8050 "-" "Mozilla/5.0 (compatible; TMMBot/0.2; +http://www.dslab.ch)/Nutch-1.15"
194.209.200.2 - - [10/Sep/2022:01:03:54 +0200] "GET /Texte/Metamorphoses HTTP/1.1" 200 9045 "-" "Mozilla/5.0 (compatible; TMMBot/0.2; +http://www.dslab.ch)/Nutch-1.15"
85.25.177.139 - - [10/Sep/2022:01:04:00 +0200] "GET /PodCast/Styluebige?action=edit&restore=diff:1177677766:1177677495:&preview=y HTTP/1.1" 200 8710 "-" "Mozilla/5.0 (Macintosh; Intel Mac OS X 10.15; rv:103.0) Gecko/20100101 Firefox/103.0"
85.25.177.139 - - [10/Sep/2022:01:04:41 +0200] "GET /Site/Site?action=diff HTTP/1.1" 200 9116 "-" "Mozilla/5.0 (Macintosh; Intel Mac OS X 10.15; rv:103.0) Gecko/20100101 Firefox/103.0"
194.209.200.2 - - [10/Sep/2022:01:04:58 +0200] "GET /Texte/Gloosse HTTP/1.1" 200 8061 "-" "Mozilla/5.0 (compatible; TMMBot/0.2; +http://www.dslab.ch)/Nutch-1.15"
85.25.177.139 - - [10/Sep/2022:01:06:40 +0200] "GET /PodCast/Missbrouhch?action=upload HTTP/1.1" 200 8578 "-" "Mozilla/5.0 (Macintosh; Intel Mac OS X 10.15; rv:103.0) Gecko/20100101 Firefox/103.0"
194.209.200.2 - - [10/Sep/2022:01:07:22 +0200] "GET /Hilfe/AnleitungTonbeispiele HTTP/1.1" 200 9878 "-" "Mozilla/5.0 (compatible; TMMBot/0.2; +http://www.dslab.ch)/Nutch-1.15"
85.25.177.139 - - [10/Sep/2022:01:08:42 +0200] "GET /Site/Site?action=print HTTP/1.1" 200 8308 "-" "Mozilla/5.0 (Macintosh; Intel Mac OS X 10.15; rv:103.0) Gecko/20100101 Firefox/103.0"
185.191.171.14 - - [10/Sep/2022:01:09:53 +0200] "GET /PmWikiDe/WikiStruktur?action=upload HTTP/1.1" 403 18 "-" "Mozilla/5.0 (compatible; SemrushBot/7~bl; +http://www.semrush.com/bot.html)"
85.25.177.139 - - [10/Sep/2022:01:10:04 +0200] "GET /Hilfe/DateienUndProgrammverknuepfungen?action=print HTTP/1.1" 404 2482 "-" "Mozilla/5.0 (Macintosh; Intel Mac OS X 10.15; rv:103.0) Gecko/20100101 Firefox/103.0"
85.25.177.139 - - [10/Sep/2022:01:11:34 +0200] "GET /Site/AllRecentChanges HTTP/1.1" 200 73393 "-" "Mozilla/5.0 (Macintosh; Intel Mac OS X 10.15; rv:103.0) Gecko/20100101 Firefox/103.0"
85.25.177.139 - - [10/Sep/2022:01:12:08 +0200] "GET /PodCast/Missbrouhch?action=diff HTTP/1.1" 200 17590 "-" "Mozilla/5.0 (Macintosh; Intel Mac OS X 10.15; rv:103.0) Gecko/20100101 Firefox/103.0"
3.216.185.164 - - [10/Sep/2022:01:13:42 +0200] "GET /PodCast/IndexPage?action=rss HTTP/1.1" 200 6298 "-" "PocketCasts/1.0 (Pocket Casts Feed Parser; +http://pocketcasts.com/)"
85.25.177.139 - - [10/Sep/2022:01:14:00 +0200] "GET /PmWiki/AvailableActions HTTP/1.1" 200 32315 "-" "Mozilla/5.0 (Macintosh; Intel Mac OS X 10.15; rv:103.0) Gecko/20100101 Firefox/103.0"
85.25.177.139 - - [10/Sep/2022:01:15:34 +0200] "GET /PmWiki/Skins HTTP/1.1" 200 22575 "-" "Mozilla/5.0 (Macintosh; Intel Mac OS X 10.15; rv:103.0) Gecko/20100101 Firefox/103.0"
185.191.171.3 - - [10/Sep/2022:01:16:31 +0200] "GET /PmWikiFr/Skins?action=upload HTTP/1.1" 403 18 "-" "Mozilla/5.0 (compatible; SemrushBot/7~bl; +http://www.semrush.com/bot.html)"
85.25.177.139 - - [10/Sep/2022:01:17:17 +0200] "GET /PodCast/Missbrouhch?action=print HTTP/1.1" 200 9333 "-" "Mozilla/5.0 (Macintosh; Intel Mac OS X 10.15; rv:103.0) Gecko/20100101 Firefox/103.0"
85.25.177.139 - - [10/Sep/2022:01:17:51 +0200] "GET /Site/SideBar HTTP/1.1" 200 10494 "-" "Mozilla/5.0 (Macintosh; Intel Mac OS X 10.15; rv:103.0) Gecko/20100101 Firefox/103.0"
185.191.171.18 - - [10/Sep/2022:01:18:12 +0200] "GET /PmWikiIt/WikiGroup?action=diff HTTP/1.1" 403 18 "-" "Mozilla/5.0 (compatible; SemrushBot/7~bl; +http://www.semrush.com/bot.html)"
85.25.177.139 - - [10/Sep/2022:01:19:34 +0200] "GET /Site/PageListTemplates HTTP/1.1" 200 23784 "-" "Mozilla/5.0 (Macintosh; Intel Mac OS X 10.15; rv:103.0) Gecko/20100101 Firefox/103.0"
85.25.177.139 - - [10/Sep/2022:01:20:29 +0200] "GET /PodCast/Missbrouhch?action=edit HTTP/1.1" 200 8678 "-" "Mozilla/5.0 (Macintosh; Intel Mac OS X 10.15; rv:103.0) Gecko/20100101 Firefox/103.0"
66.249.64.188 - - [10/Sep/2022:01:21:15 +0200] "GET /PodCast/IndexPage?action=rss HTTP/1.1" 200 6298 "-" "Mozilla/5.0 (compatible; Googlebot/2.1; +http://www.google.com/bot.html)"
85.25.177.139 - - [10/Sep/2022:01:21:21 +0200] "GET /Site/Preferences HTTP/1.1" 200 11217 "-" "Mozilla/5.0 (Macintosh; Intel Mac OS X 10.15; rv:103.0) Gecko/20100101 Firefox/103.0"
85.25.177.139 - - [10/Sep/2022:01:22:14 +0200] "GET /Hilfe/DateienUndProgrammverknuepfungen?action=diff&source=n&minor=y HTTP/1.1" 200 9564 "-" "Mozilla/5.0 (Macintosh; Intel Mac OS X 10.15; rv:103.0) Gecko/20100101 Firefox/103.0"
85.25.177.139 - - [10/Sep/2022:01:23:46 +0200] "GET /PmWiki/PageLists HTTP/1.1" 200 42846 "-" "Mozilla/5.0 (Macintosh; Intel Mac OS X 10.15; rv:103.0) Gecko/20100101 Firefox/103.0"
85.25.177.139 - - [10/Sep/2022:01:25:34 +0200] "GET /Hilfe/DateienUndProgrammverknuepfungen?action=diff&source=y&minor=n HTTP/1.1" 200 9554 "-" "Mozilla/5.0 (Macintosh; Intel Mac OS X 10.15; rv:103.0) Gecko/20100101 Firefox/103.0"
85.25.177.139 - - [10/Sep/2022:01:25:54 +0200] "GET /SiteAdmin/SiteAdmin HTTP/1.1" 200 8584 "-" "Mozilla/5.0 (Macintosh; Intel Mac OS X 10.15; rv:103.0) Gecko/20100101 Firefox/103.0"
185.191.171.20 - - [10/Sep/2022:01:26:56 +0200] "GET /PmWikiFr/Directives?action=diff HTTP/1.1" 403 18 "-" "Mozilla/5.0 (compatible; SemrushBot/7~bl; +http://www.semrush.com/bot.html)"
85.25.177.139 - - [10/Sep/2022:01:27:14 +0200] "GET /PmWiki/PasswordsAdmin HTTP/1.1" 200 32656 "-" "Mozilla/5.0 (Macintosh; Intel Mac OS X 10.15; rv:103.0) Gecko/20100101 Firefox/103.0"
185.191.171.44 - - [10/Sep/2022:01:28:25 +0200] "GET /PmWiki/AvailableActions HTTP/1.1" 200 32315 "-" "Mozilla/5.0 (compatible; SemrushBot/7~bl; +http://www.semrush.com/bot.html)"
85.25.177.139 - - [10/Sep/2022:01:28:56 +0200] "GET /Site/AuthForm HTTP/1.1" 200 8321 "-" "Mozilla/5.0 (Macintosh; Intel Mac OS X 10.15; rv:103.0) Gecko/20100101 Firefox/103.0"
85.25.177.139 - - [10/Sep/2022:01:30:49 +0200] "GET /Site/PageActions HTTP/1.1" 200 8927 "-" "Mozilla/5.0 (Macintosh; Intel Mac OS X 10.15; rv:103.0) Gecko/20100101 Firefox/103.0"
194.209.200.2 - - [10/Sep/2022:01:31:56 +0200] "GET /robots.txt HTTP/1.1" 200 - "-" "Mozilla/5.0 (compatible; TMMBot/0.2; +http://www.dslab.ch)/Nutch-1.15"
194.209.200.2 - - [10/Sep/2022:01:31:57 +0200] "GET /Texte/Rezension HTTP/1.1" 200 11812 "-" "Mozilla/5.0 (compatible; TMMBot/0.2; +http://www.dslab.ch)/Nutch-1.15"
85.25.177.139 - - [10/Sep/2022:01:32:29 +0200] "GET /PmWiki/Passwords HTTP/1.1" 200 23996 "-" "Mozilla/5.0 (Macintosh; Intel Mac OS X 10.15; rv:103.0) Gecko/20100101 Firefox/103.0"
85.25.177.139 - - [10/Sep/2022:01:33:59 +0200] "GET /PodCast/Ggloge?action=edit HTTP/1.1" 200 8608 "-" "Mozilla/5.0 (Macintosh; Intel Mac OS X 10.15; rv:103.0) Gecko/20100101 Firefox/103.0"
194.209.200.2 - - [10/Sep/2022:01:35:17 +0200] "GET /Admin/Jahresbericht HTTP/1.1" 200 45530 "-" "Mozilla/5.0 (compatible; TMMBot/0.2; +http://www.dslab.ch)/Nutch-1.15"
85.25.177.139 - - [10/Sep/2022:01:35:40 +0200] "GET /PodCast/Ggloge?action=diff HTTP/1.1" 200 18194 "-" "Mozilla/5.0 (Macintosh; Intel Mac OS X 10.15; rv:103.0) Gecko/20100101 Firefox/103.0"
194.209.200.2 - - [10/Sep/2022:01:36:02 +0200] "GET /Texte/Schrybwys HTTP/1.1" 200 11028 "-" "Mozilla/5.0 (compatible; TMMBot/0.2; +http://www.dslab.ch)/Nutch-1.15"
194.209.200.2 - - [10/Sep/2022:01:37:09 +0200] "GET /Texte/ArsAmatoria HTTP/1.1" 200 12369 "-" "Mozilla/5.0 (compatible; TMMBot/0.2; +http://www.dslab.ch)/Nutch-1.15"
85.25.177.139 - - [10/Sep/2022:01:37:22 +0200] "GET /PodCast/Ggloge?action=upload HTTP/1.1" 200 8508 "-" "Mozilla/5.0 (Macintosh; Intel Mac OS X 10.15; rv:103.0) Gecko/20100101 Firefox/103.0"
194.209.200.2 - - [10/Sep/2022:01:37:27 +0200] "GET /Texte/GDicht HTTP/1.1" 200 8050 "-" "Mozilla/5.0 (compatible; TMMBot/0.2; +http://www.dslab.ch)/Nutch-1.15"
194.209.200.2 - - [10/Sep/2022:01:38:23 +0200] "GET /Texte/Metamorphoses HTTP/1.1" 200 9045 "-" "Mozilla/5.0 (compatible; TMMBot/0.2; +http://www.dslab.ch)/Nutch-1.15"
85.25.177.139 - - [10/Sep/2022:01:38:52 +0200] "GET /Texte/ArsAmatoria?action=edit&restore=diff:1175714025:1163119246:&preview=y HTTP/1.1" 200 8697 "-" "Mozilla/5.0 (Macintosh; Intel Mac OS X 10.15; rv:103.0) Gecko/20100101 Firefox/103.0"
194.209.200.2 - - [10/Sep/2022:01:40:04 +0200] "GET /Texte/Gloosse HTTP/1.1" 200 8061 "-" "Mozilla/5.0 (compatible; TMMBot/0.2; +http://www.dslab.ch)/Nutch-1.15"
158.69.116.72 - - [10/Sep/2022:01:40:23 +0200] "HEAD /PodCast/IndexPage?action=rss HTTP/1.1" 200 - "-" "PodcastAddict/v5W (+https://podcastaddict.com/; Android podcast app)"
158.69.116.72 - - [10/Sep/2022:01:40:24 +0200] "GET /PodCast/IndexPage?action=rss HTTP/1.1" 200 6298 "-" "PodcastAddict/v5W (+https://podcastaddict.com/; Android podcast app)"
85.25.177.139 - - [10/Sep/2022:01:40:31 +0200] "GET /PodCast/Reschpakt?action=edit HTTP/1.1" 200 8650 "-" "Mozilla/5.0 (Macintosh; Intel Mac OS X 10.15; rv:103.0) Gecko/20100101 Firefox/103.0"
85.25.177.139 - - [10/Sep/2022:01:40:55 +0200] "GET /Texte/ArsAmatoria?action=diff&source=n&minor=n HTTP/1.1" 200 42478 "-" "Mozilla/5.0 (Macintosh; Intel Mac OS X 10.15; rv:103.0) Gecko/20100101 Firefox/103.0"
66.249.76.243 - - [10/Sep/2022:01:42:17 +0200] "GET /PodCast/IndexPage?action=rss HTTP/1.1" 200 6298 "-" "Mozilla/5.0 (compatible; Googlebot/2.1; +http://www.google.com/bot.html)"
85.25.177.139 - - [10/Sep/2022:01:42:45 +0200] "GET /Texte/ArsAmatoria?action=edit&restore=diff:1163056782:1163056760:&preview=y HTTP/1.1" 200 8697 "-" "Mozilla/5.0 (Macintosh; Intel Mac OS X 10.15; rv:103.0) Gecko/20100101 Firefox/103.0"
194.209.200.2 - - [10/Sep/2022:01:43:13 +0200] "GET /Hilfe/AnleitungTonbeispiele HTTP/1.1" 200 9878 "-" "Mozilla/5.0 (compatible; TMMBot/0.2; +http://www.dslab.ch)/Nutch-1.15"
85.25.177.139 - - [10/Sep/2022:01:44:32 +0200] "GET /PodCast/Reschpakt?action=print HTTP/1.1" 200 7878 "-" "Mozilla/5.0 (Macintosh; Intel Mac OS X 10.15; rv:103.0) Gecko/20100101 Firefox/103.0"
85.25.177.139 - - [10/Sep/2022:01:44:56 +0200] "GET /Texte/ArsAmatoria?action=edit&restore=diff:1163055471:1163055417:&preview=y HTTP/1.1" 200 8697 "-" "Mozilla/5.0 (Macintosh; Intel Mac OS X 10.15; rv:103.0) Gecko/20100101 Firefox/103.0"
85.25.177.139 - - [10/Sep/2022:01:46:50 +0200] "GET /Texte/ArsAmatoria?action=edit&restore=diff:1163055916:1163055884:&preview=y HTTP/1.1" 200 8697 "-" "Mozilla/5.0 (Macintosh; Intel Mac OS X 10.15; rv:103.0) Gecko/20100101 Firefox/103.0"
85.25.177.139 - - [10/Sep/2022:01:48:44 +0200] "GET /PodCast/61Sanggale1465?action=upload HTTP/1.1" 200 8624 "-" "Mozilla/5.0 (Macintosh; Intel Mac OS X 10.15; rv:103.0) Gecko/20100101 Firefox/103.0"
85.25.177.139 - - [10/Sep/2022:01:49:37 +0200] "GET /PodCast/Verglych?action=diff HTTP/1.1" 200 34639 "-" "Mozilla/5.0 (Macintosh; Intel Mac OS X 10.15; rv:103.0) Gecko/20100101 Firefox/103.0"
85.25.177.139 - - [10/Sep/2022:01:50:31 +0200] "GET /PodCast/61Sanggale1465?action=diff HTTP/1.1" 200 9301 "-" "Mozilla/5.0 (Macintosh; Intel Mac OS X 10.15; rv:103.0) Gecko/20100101 Firefox/103.0"
85.25.177.139 - - [10/Sep/2022:01:51:21 +0200] "GET /PodCast/Verglych?action=print HTTP/1.1" 200 3360 "-" "Mozilla/5.0 (Macintosh; Intel Mac OS X 10.15; rv:103.0) Gecko/20100101 Firefox/103.0"
85.25.177.139 - - [10/Sep/2022:01:52:04 +0200] "GET /PodCast/61Sanggale1465?action=print HTTP/1.1" 404 2420 "-" "Mozilla/5.0 (Macintosh; Intel Mac OS X 10.15; rv:103.0) Gecko/20100101 Firefox/103.0"
85.25.177.139 - - [10/Sep/2022:01:54:07 +0200] "GET /PodCast/51Trouttike?action=print HTTP/1.1" 404 2408 "-" "Mozilla/5.0 (Macintosh; Intel Mac OS X 10.15; rv:103.0) Gecko/20100101 Firefox/103.0"
85.25.177.139 - - [10/Sep/2022:01:55:02 +0200] "GET /PodCast/Verglych?action=edit HTTP/1.1" 200 8636 "-" "Mozilla/5.0 (Macintosh; Intel Mac OS X 10.15; rv:103.0) Gecko/20100101 Firefox/103.0"
85.25.177.139 - - [10/Sep/2022:01:56:37 +0200] "GET /PodCast/51Trouttike?action=upload HTTP/1.1" 200 8580 "-" "Mozilla/5.0 (Macintosh; Intel Mac OS X 10.15; rv:103.0) Gecko/20100101 Firefox/103.0"
85.25.177.139 - - [10/Sep/2022:01:57:13 +0200] "GET /PodCast/200Quellen?action=diff HTTP/1.1" 200 9235 "-" "Mozilla/5.0 (Macintosh; Intel Mac OS X 10.15; rv:103.0) Gecko/20100101 Firefox/103.0"
85.25.177.139 - - [10/Sep/2022:01:58:41 +0200] "GET /PodCast/200Quellen?action=print HTTP/1.1" 404 2404 "-" "Mozilla/5.0 (Macintosh; Intel Mac OS X 10.15; rv:103.0) Gecko/20100101 Firefox/103.0"
85.25.177.139 - - [10/Sep/2022:01:59:44 +0200] "GET /PodCast/51Trouttike?action=diff HTTP/1.1" 200 9251 "-" "Mozilla/5.0 (Macintosh; Intel Mac OS X 10.15; rv:103.0) Gecko/20100101 Firefox/103.0"
85.25.177.139 - - [10/Sep/2022:02:01:06 +0200] "GET /PodCast/200Quellen?action=upload HTTP/1.1" 200 8566 "-" "Mozilla/5.0 (Macintosh; Intel Mac OS X 10.15; rv:103.0) Gecko/20100101 Firefox/103.0"
85.25.177.139 - - [10/Sep/2022:02:01:54 +0200] "GET /Hilfe/RealOne?action=diff&source=n&minor=n HTTP/1.1" 200 15497 "-" "Mozilla/5.0 (Macintosh; Intel Mac OS X 10.15; rv:103.0) Gecko/20100101 Firefox/103.0"
85.25.177.139 - - [10/Sep/2022:02:03:48 +0200] "GET /Hilfe/RealOne?action=edit&restore=diff:1163037646:1163037612:&preview=y HTTP/1.1" 200 8641 "-" "Mozilla/5.0 (Macintosh; Intel Mac OS X 10.15; rv:103.0) Gecko/20100101 Firefox/103.0"
85.25.177.139 - - [10/Sep/2022:02:04:37 +0200] "GET /PodCast/Erfruschig?action=print HTTP/1.1" 200 3149 "-" "Mozilla/5.0 (Macintosh; Intel Mac OS X 10.15; rv:103.0) Gecko/20100101 Firefox/103.0"
85.25.177.139 - - [10/Sep/2022:02:06:09 +0200] "GET /Help/AnleitungTonbeispiele?action=diff&source=y&minor=n HTTP/1.1" 200 9360 "-" "Mozilla/5.0 (Macintosh; Intel Mac OS X 10.15; rv:103.0) Gecko/20100101 Firefox/103.0"
194.209.200.2 - - [10/Sep/2022:02:06:26 +0200] "GET /robots.txt HTTP/1.1" 200 - "-" "Mozilla/5.0 (compatible; TMMBot/0.2; +http://www.dslab.ch)/Nutch-1.15"
194.209.200.2 - - [10/Sep/2022:02:06:26 +0200] "GET /Texte/Rezension HTTP/1.1" 200 11812 "-" "Mozilla/5.0 (compatible; TMMBot/0.2; +http://www.dslab.ch)/Nutch-1.15"
85.25.177.139 - - [10/Sep/2022:02:06:36 +0200] "GET /PodCast/Erfruschig?action=edit HTTP/1.1" 200 8664 "-" "Mozilla/5.0 (Macintosh; Intel Mac OS X 10.15; rv:103.0) Gecko/20100101 Firefox/103.0"
85.25.177.139 - - [10/Sep/2022:02:08:11 +0200] "GET /Help/AnleitungTonbeispiele?action=diff&source=n&minor=y HTTP/1.1" 200 9370 "-" "Mozilla/5.0 (Macintosh; Intel Mac OS X 10.15; rv:103.0) Gecko/20100101 Firefox/103.0"
194.209.200.2 - - [10/Sep/2022:02:08:20 +0200] "GET /Admin/Jahresbericht HTTP/1.1" 200 45530 "-" "Mozilla/5.0 (compatible; TMMBot/0.2; +http://www.dslab.ch)/Nutch-1.15"
194.209.200.2 - - [10/Sep/2022:02:08:42 +0200] "GET /Texte/Schrybwys HTTP/1.1" 200 11028 "-" "Mozilla/5.0 (compatible; TMMBot/0.2; +http://www.dslab.ch)/Nutch-1.15"
85.25.177.139 - - [10/Sep/2022:02:09:05 +0200] "GET /PodCast/Erfruschig?action=diff HTTP/1.1" 200 11108 "-" "Mozilla/5.0 (Macintosh; Intel Mac OS X 10.15; rv:103.0) Gecko/20100101 Firefox/103.0"
194.209.200.2 - - [10/Sep/2022:02:09:28 +0200] "GET /Texte/ArsAmatoria HTTP/1.1" 200 12369 "-" "Mozilla/5.0 (compatible; TMMBot/0.2; +http://www.dslab.ch)/Nutch-1.15"
194.209.200.2 - - [10/Sep/2022:02:09:41 +0200] "GET /Texte/GDicht HTTP/1.1" 200 8050 "-" "Mozilla/5.0 (compatible; TMMBot/0.2; +http://www.dslab.ch)/Nutch-1.15"
194.209.200.2 - - [10/Sep/2022:02:10:19 +0200] "GET /Texte/Metamorphoses HTTP/1.1" 200 9045 "-" "Mozilla/5.0 (compatible; TMMBot/0.2; +http://www.dslab.ch)/Nutch-1.15"
85.25.177.139 - - [10/Sep/2022:02:10:36 +0200] "GET /PodCast/SpruchTampoToummOuhsreedeVerwandt?action=diff&source=n&minor=n HTTP/1.1" 200 16107 "-" "Mozilla/5.0 (Macintosh; Intel Mac OS X 10.15; rv:103.0) Gecko/20100101 Firefox/103.0"
194.209.200.2 - - [10/Sep/2022:02:11:20 +0200] "GET /Texte/Gloosse HTTP/1.1" 200 8061 "-" "Mozilla/5.0 (compatible; TMMBot/0.2; +http://www.dslab.ch)/Nutch-1.15"
85.25.177.139 - - [10/Sep/2022:02:11:21 +0200] "GET /PodCast/Erfruschig?action=upload HTTP/1.1" 200 8564 "-" "Mozilla/5.0 (Macintosh; Intel Mac OS X 10.15; rv:103.0) Gecko/20100101 Firefox/103.0"
185.191.171.12 - - [10/Sep/2022:02:12:02 +0200] "GET /robots.txt HTTP/1.1" 200 - "-" "Mozilla/5.0 (compatible; SemrushBot/7~bl; +http://www.semrush.com/bot.html)"
185.191.171.15 - - [10/Sep/2022:02:12:02 +0200] "GET /Profiles/Uli?action=edit HTTP/1.1" 404 18 "-" "Mozilla/5.0 (compatible; SemrushBot/7~bl; +http://www.semrush.com/bot.html)"
85.25.177.139 - - [10/Sep/2022:02:12:03 +0200] "GET /Texte/Styluebige?action=edit&restore=diff:1163038179:1163038156:&preview=y HTTP/1.1" 200 8681 "-" "Mozilla/5.0 (Macintosh; Intel Mac OS X 10.15; rv:103.0) Gecko/20100101 Firefox/103.0"
194.209.200.2 - - [10/Sep/2022:02:13:34 +0200] "GET /Hilfe/AnleitungTonbeispiele HTTP/1.1" 200 9878 "-" "Mozilla/5.0 (compatible; TMMBot/0.2; +http://www.dslab.ch)/Nutch-1.15"
85.25.177.139 - - [10/Sep/2022:02:13:51 +0200] "GET /PodCast/182Room1500?action=diff&source=y&minor=n HTTP/1.1" 200 9251 "-" "Mozilla/5.0 (Macintosh; Intel Mac OS X 10.15; rv:103.0) Gecko/20100101 Firefox/103.0"
85.25.177.139 - - [10/Sep/2022:02:16:02 +0200] "GET /PodCast/102Ramft1478?action=print HTTP/1.1" 404 2412 "-" "Mozilla/5.0 (Macintosh; Intel Mac OS X 10.15; rv:103.0) Gecko/20100101 Firefox/103.0"
85.25.177.139 - - [10/Sep/2022:02:16:23 +0200] "GET /PodCast/Abderhalde0Inhalt?action=diff&source=n&minor=y HTTP/1.1" 200 9357 "-" "Mozilla/5.0 (Macintosh; Intel Mac OS X 10.15; rv:103.0) Gecko/20100101 Firefox/103.0"
185.191.171.37 - - [10/Sep/2022:02:17:16 +0200] "GET /PmWikiRu/PasswordsAdmin HTTP/1.1" 200 29039 "-" "Mozilla/5.0 (compatible; SemrushBot/7~bl; +http://www.semrush.com/bot.html)"
85.25.177.139 - - [10/Sep/2022:02:17:52 +0200] "GET /PodCast/Abderhalde0Inhalt?action=diff&source=y&minor=n HTTP/1.1" 200 9347 "-" "Mozilla/5.0 (Macintosh; Intel Mac OS X 10.15; rv:103.0) Gecko/20100101 Firefox/103.0"
85.25.177.139 - - [10/Sep/2022:02:18:46 +0200] "GET /PodCast/102Ramft1478?action=upload HTTP/1.1" 200 8596 "-" "Mozilla/5.0 (Macintosh; Intel Mac OS X 10.15; rv:103.0) Gecko/20100101 Firefox/103.0"
85.25.177.139 - - [10/Sep/2022:02:19:15 +0200] "GET /PodCast/Goliat?action=edit&restore=diff:1233314502:1233314225:&preview=y HTTP/1.1" 200 8654 "-" "Mozilla/5.0 (Macintosh; Intel Mac OS X 10.15; rv:103.0) Gecko/20100101 Firefox/103.0"
85.25.177.139 - - [10/Sep/2022:02:20:36 +0200] "GET /PodCast/102Ramft1478?action=diff HTTP/1.1" 200 9269 "-" "Mozilla/5.0 (Macintosh; Intel Mac OS X 10.15; rv:103.0) Gecko/20100101 Firefox/103.0"
66.249.76.241 - - [10/Sep/2022:02:21:15 +0200] "GET /PodCast/IndexPage?action=rss HTTP/1.1" 200 6298 "-" "Mozilla/5.0 (compatible; Googlebot/2.1; +http://www.google.com/bot.html)"
85.25.177.139 - - [10/Sep/2022:02:21:48 +0200] "GET /PodCast/Goliat?action=edit&restore=diff:1233314627:1233314599:&preview=y HTTP/1.1" 200 8654 "-" "Mozilla/5.0 (Macintosh; Intel Mac OS X 10.15; rv:103.0) Gecko/20100101 Firefox/103.0"
85.25.177.139 - - [10/Sep/2022:02:22:53 +0200] "GET /PodCast/Abderhalde0Inhalt?action=print HTTP/1.1" 404 2432 "-" "Mozilla/5.0 (Macintosh; Intel Mac OS X 10.15; rv:103.0) Gecko/20100101 Firefox/103.0"
85.25.177.139 - - [10/Sep/2022:02:23:48 +0200] "GET /Hilfe/Quicktime?action=diff&source=n&minor=y HTTP/1.1" 200 10613 "-" "Mozilla/5.0 (Macintosh; Intel Mac OS X 10.15; rv:103.0) Gecko/20100101 Firefox/103.0"
85.25.177.139 - - [10/Sep/2022:02:24:51 +0200] "GET /PodCast/Goliat?action=edit&restore=diff:1233314599:1233314502:&preview=y HTTP/1.1" 200 8654 "-" "Mozilla/5.0 (Macintosh; Intel Mac OS X 10.15; rv:103.0) Gecko/20100101 Firefox/103.0"
85.25.177.139 - - [10/Sep/2022:02:25:43 +0200] "GET /Hilfe/Quicktime?action=edit&restore=diff:1163037724:1163037724:&preview=y HTTP/1.1" 200 8667 "-" "Mozilla/5.0 (Macintosh; Intel Mac OS X 10.15; rv:103.0) Gecko/20100101 Firefox/103.0"
185.191.171.25 - - [10/Sep/2022:02:26:15 +0200] "GET /PmWikiFr/CustomInterMap HTTP/1.1" 200 12811 "-" "Mozilla/5.0 (compatible; SemrushBot/7~bl; +http://www.semrush.com/bot.html)"
85.25.177.139 - - [10/Sep/2022:02:26:32 +0200] "GET /PodCast/Goliat?action=edit&restore=diff:1472564707:1233314627:&preview=y HTTP/1.1" 200 8654 "-" "Mozilla/5.0 (Macintosh; Intel Mac OS X 10.15; rv:103.0) Gecko/20100101 Firefox/103.0"
85.25.177.139 - - [10/Sep/2022:02:28:25 +0200] "GET /PodCast/Goliat?action=diff&source=n&minor=y HTTP/1.1" 200 18721 "-" "Mozilla/5.0 (Macintosh; Intel Mac OS X 10.15; rv:103.0) Gecko/20100101 Firefox/103.0"
85.25.177.139 - - [10/Sep/2022:02:29:12 +0200] "GET /PschtLlformoular/PschtLlformoular?action=print HTTP/1.1" 404 2473 "-" "Mozilla/5.0 (Macintosh; Intel Mac OS X 10.15; rv:103.0) Gecko/20100101 Firefox/103.0"
46.161.27.156 - - [10/Sep/2022:02:29:28 +0200] "GET /wp-login.php HTTP/1.1" 404 278 "-" "Mozilla/5.0 (Windows NT 10.0; Win64; x64) AppleWebKit/537.36 (KHTML, like Gecko) Chrome/64.0.3282.140 Safari/537.36 Edge/18.17763"
85.25.177.139 - - [10/Sep/2022:02:30:13 +0200] "GET /PodCast/Goliat?action=diff&source=y&minor=n HTTP/1.1" 200 17963 "-" "Mozilla/5.0 (Macintosh; Intel Mac OS X 10.15; rv:103.0) Gecko/20100101 Firefox/103.0"
85.25.177.139 - - [10/Sep/2022:02:31:08 +0200] "GET /PodCast/JBJNaawort HTTP/1.1" 200 17472 "-" "Mozilla/5.0 (Macintosh; Intel Mac OS X 10.15; rv:103.0) Gecko/20100101 Firefox/103.0"
85.25.177.139 - - [10/Sep/2022:02:32:09 +0200] "GET /PodCast/182Room1500?action=print HTTP/1.1" 404 2408 "-" "Mozilla/5.0 (Macintosh; Intel Mac OS X 10.15; rv:103.0) Gecko/20100101 Firefox/103.0"
85.25.177.139 - - [10/Sep/2022:02:33:48 +0200] "GET /Help/AnleitungTonbeispiele?action=print HTTP/1.1" 404 2433 "-" "Mozilla/5.0 (Macintosh; Intel Mac OS X 10.15; rv:103.0) Gecko/20100101 Firefox/103.0"
85.25.177.139 - - [10/Sep/2022:02:35:17 +0200] "GET /Site/162Predigerchoor1489 HTTP/1.1" 200 15938 "-" "Mozilla/5.0 (Macintosh; Intel Mac OS X 10.15; rv:103.0) Gecko/20100101 Firefox/103.0"
85.25.177.139 - - [10/Sep/2022:02:35:47 +0200] "GET /PodCast/192HouhsRech1509?action=diff&source=n&minor=y HTTP/1.1" 200 9343 "-" "Mozilla/5.0 (Macintosh; Intel Mac OS X 10.15; rv:103.0) Gecko/20100101 Firefox/103.0"
85.25.177.139 - - [10/Sep/2022:02:37:42 +0200] "GET /PodCast/Zrouggtratte?action=diff&source=n&minor=n HTTP/1.1" 200 15804 "-" "Mozilla/5.0 (Macintosh; Intel Mac OS X 10.15; rv:103.0) Gecko/20100101 Firefox/103.0"
85.25.177.139 - - [10/Sep/2022:02:38:46 +0200] "GET /PodCast/Frueligsschwyge HTTP/1.1" 200 10289 "-" "Mozilla/5.0 (Macintosh; Intel Mac OS X 10.15; rv:103.0) Gecko/20100101 Firefox/103.0"
85.25.177.139 - - [10/Sep/2022:02:40:05 +0200] "GET /PodCast/191Houhsraech1509?action=diff&source=y&minor=n HTTP/1.1" 200 9347 "-" "Mozilla/5.0 (Macintosh; Intel Mac OS X 10.15; rv:103.0) Gecko/20100101 Firefox/103.0"
194.209.200.2 - - [10/Sep/2022:02:40:54 +0200] "GET /robots.txt HTTP/1.1" 200 - "-" "Mozilla/5.0 (compatible; TMMBot/0.2; +http://www.dslab.ch)/Nutch-1.15"
194.209.200.2 - - [10/Sep/2022:02:40:54 +0200] "GET /Texte/Rezension HTTP/1.1" 200 11812 "-" "Mozilla/5.0 (compatible; TMMBot/0.2; +http://www.dslab.ch)/Nutch-1.15"
85.25.177.139 - - [10/Sep/2022:02:41:25 +0200] "GET /Site/71Mourte1476 HTTP/1.1" 200 17134 "-" "Mozilla/5.0 (Macintosh; Intel Mac OS X 10.15; rv:103.0) Gecko/20100101 Firefox/103.0"
85.25.177.139 - - [10/Sep/2022:02:41:41 +0200] "GET /PodCast/191Houhsraech1509?action=diff&source=n&minor=y HTTP/1.1" 200 9357 "-" "Mozilla/5.0 (Macintosh; Intel Mac OS X 10.15; rv:103.0) Gecko/20100101 Firefox/103.0"
194.209.200.2 - - [10/Sep/2022:02:42:42 +0200] "GET /Admin/Jahresbericht HTTP/1.1" 200 45530 "-" "Mozilla/5.0 (compatible; TMMBot/0.2; +http://www.dslab.ch)/Nutch-1.15"
194.209.200.2 - - [10/Sep/2022:02:43:05 +0200] "GET /Texte/Schrybwys HTTP/1.1" 200 11028 "-" "Mozilla/5.0 (compatible; TMMBot/0.2; +http://www.dslab.ch)/Nutch-1.15"
85.25.177.139 - - [10/Sep/2022:02:43:23 +0200] "GET /PodCast/Leerplaan HTTP/1.1" 200 11636 "-" "Mozilla/5.0 (Macintosh; Intel Mac OS X 10.15; rv:103.0) Gecko/20100101 Firefox/103.0"
194.209.200.2 - - [10/Sep/2022:02:43:48 +0200] "GET /Texte/ArsAmatoria HTTP/1.1" 200 12369 "-" "Mozilla/5.0 (compatible; TMMBot/0.2; +http://www.dslab.ch)/Nutch-1.15"
194.209.200.2 - - [10/Sep/2022:02:44:00 +0200] "GET /Texte/GDicht HTTP/1.1" 200 8050 "-" "Mozilla/5.0 (compatible; TMMBot/0.2; +http://www.dslab.ch)/Nutch-1.15"
85.25.177.139 - - [10/Sep/2022:02:44:03 +0200] "GET /PodCast/RURAkt1TIl4?action=diff&source=n&minor=y HTTP/1.1" 200 29425 "-" "Mozilla/5.0 (Macintosh; Intel Mac OS X 10.15; rv:103.0) Gecko/20100101 Firefox/103.0"
3.216.185.164 - - [10/Sep/2022:02:44:27 +0200] "GET /PodCast/IndexPage?action=rss HTTP/1.1" 200 6298 "-" "PocketCasts/1.0 (Pocket Casts Feed Parser; +http://pocketcasts.com/)"
194.209.200.2 - - [10/Sep/2022:02:44:35 +0200] "GET /Texte/Metamorphoses HTTP/1.1" 200 9045 "-" "Mozilla/5.0 (compatible; TMMBot/0.2; +http://www.dslab.ch)/Nutch-1.15"
194.209.200.2 - - [10/Sep/2022:02:45:33 +0200] "GET /Texte/Gloosse HTTP/1.1" 200 8061 "-" "Mozilla/5.0 (compatible; TMMBot/0.2; +http://www.dslab.ch)/Nutch-1.15"
85.25.177.139 - - [10/Sep/2022:02:45:36 +0200] "GET /Texte/Metamorphoses?action=edit&restore=diff:1177682281:1163119092:&preview=y HTTP/1.1" 200 8723 "-" "Mozilla/5.0 (Macintosh; Intel Mac OS X 10.15; rv:103.0) Gecko/20100101 Firefox/103.0"
85.25.177.139 - - [10/Sep/2022:02:46:24 +0200] "GET /Site/Baadstoubegass1 HTTP/1.1" 200 8158 "-" "Mozilla/5.0 (Macintosh; Intel Mac OS X 10.15; rv:103.0) Gecko/20100101 Firefox/103.0"
66.249.76.241 - - [10/Sep/2022:02:46:52 +0200] "GET /PodCast/IndexPage?action=rss HTTP/1.1" 200 6298 "-" "Mozilla/5.0 (compatible; Googlebot/2.1; +http://www.google.com/bot.html)"
85.25.177.139 - - [10/Sep/2022:02:47:38 +0200] "GET /Texte/Metamorphoses?action=diff&source=n&minor=n HTTP/1.1" 200 22831 "-" "Mozilla/5.0 (Macintosh; Intel Mac OS X 10.15; rv:103.0) Gecko/20100101 Firefox/103.0"
194.209.200.2 - - [10/Sep/2022:02:47:41 +0200] "GET /Hilfe/AnleitungTonbeispiele HTTP/1.1" 200 9878 "-" "Mozilla/5.0 (compatible; TMMBot/0.2; +http://www.dslab.ch)/Nutch-1.15"
85.25.177.139 - - [10/Sep/2022:02:48:03 +0200] "GET /MyPodcasts/IndexPage?action=edit HTTP/1.1" 200 8694 "-" "Mozilla/5.0 (Macintosh; Intel Mac OS X 10.15; rv:103.0) Gecko/20100101 Firefox/103.0"
85.25.177.139 - - [10/Sep/2022:02:48:49 +0200] "GET /PodCast/192HouhsRech1509?action=print HTTP/1.1" 404 2428 "-" "Mozilla/5.0 (Macintosh; Intel Mac OS X 10.15; rv:103.0) Gecko/20100101 Firefox/103.0"
85.25.177.139 - - [10/Sep/2022:02:50:43 +0200] "GET /Texte/AnleitungTonbeispiele?action=print HTTP/1.1" 404 2438 "-" "Mozilla/5.0 (Macintosh; Intel Mac OS X 10.15; rv:103.0) Gecko/20100101 Firefox/103.0"
85.25.177.139 - - [10/Sep/2022:02:51:45 +0200] "GET /PodCast/191Houhsraech1509?action=print HTTP/1.1" 404 2432 "-" "Mozilla/5.0 (Macintosh; Intel Mac OS X 10.15; rv:103.0) Gecko/20100101 Firefox/103.0"
85.25.177.139 - - [10/Sep/2022:02:53:37 +0200] "GET /Hilfe/RealOne?action=edit&restore=diff:1163037534:1163037534:&preview=y HTTP/1.1" 200 8641 "-" "Mozilla/5.0 (Macintosh; Intel Mac OS X 10.15; rv:103.0) Gecko/20100101 Firefox/103.0"
85.25.177.139 - - [10/Sep/2022:02:55:30 +0200] "GET /PodCast/Styluebige?action=edit&restore=diff:1177677495:1163401389:&preview=y HTTP/1.1" 200 8710 "-" "Mozilla/5.0 (Macintosh; Intel Mac OS X 10.15; rv:103.0) Gecko/20100101 Firefox/103.0"
85.25.177.139 - - [10/Sep/2022:02:55:52 +0200] "GET /Site/161Predigerchoor1489 HTTP/1.1" 200 15057 "-" "Mozilla/5.0 (Macintosh; Intel Mac OS X 10.15; rv:103.0) Gecko/20100101 Firefox/103.0"
185.191.171.3 - - [10/Sep/2022:02:56:50 +0200] "GET /PmWikiIt/WikiTrails?action=edit HTTP/1.1" 404 18 "-" "Mozilla/5.0 (compatible; SemrushBot/7~bl; +http://www.semrush.com/bot.html)"
85.25.177.139 - - [10/Sep/2022:02:57:24 +0200] "GET /PodCast/Eereroueff HTTP/1.1" 200 18747 "-" "Mozilla/5.0 (Macintosh; Intel Mac OS X 10.15; rv:103.0) Gecko/20100101 Firefox/103.0"
85.25.177.139 - - [10/Sep/2022:02:58:44 +0200] "GET /PodCast/Styluebige?action=edit&restore=diff:1163401389:1163080609:&preview=y HTTP/1.1" 200 8710 "-" "Mozilla/5.0 (Macintosh; Intel Mac OS X 10.15; rv:103.0) Gecko/20100101 Firefox/103.0"
85.25.177.139 - - [10/Sep/2022:02:59:35 +0200] "GET /PodCast/Zwangsnaarig HTTP/1.1" 200 13078 "-" "Mozilla/5.0 (Macintosh; Intel Mac OS X 10.15; rv:103.0) Gecko/20100101 Firefox/103.0"
85.25.177.139 - - [10/Sep/2022:03:00:40 +0200] "GET /PodCast/151Konschtanz1485?action=print HTTP/1.1" 404 2432 "-" "Mozilla/5.0 (Macintosh; Intel Mac OS X 10.15; rv:103.0) Gecko/20100101 Firefox/103.0"
85.25.177.139 - - [10/Sep/2022:03:02:26 +0200] "GET /PodCast/Styluebige?action=edit&restore=diff:1177679491:1177679234:&preview=y HTTP/1.1" 200 8710 "-" "Mozilla/5.0 (Macintosh; Intel Mac OS X 10.15; rv:103.0) Gecko/20100101 Firefox/103.0"
192.151.157.210 - - [10/Sep/2022:03:03:14 +0200] "GET /robots.txt HTTP/1.1" 200 - "-" "Mozilla/5.0 (compatible; MJ12bot/v1.4.8; http://mj12bot.com/)"
192.151.157.210 - - [10/Sep/2022:03:03:20 +0200] "GET /Admin/ZurStiftung HTTP/1.1" 200 10864 "-" "Mozilla/5.0 (compatible; MJ12bot/v1.4.8; http://mj12bot.com/)"
192.151.157.210 - - [10/Sep/2022:03:03:25 +0200] "GET /Texte/ZurcherischEnglish HTTP/1.1" 200 8274 "-" "Mozilla/5.0 (compatible; MJ12bot/v1.4.8; http://mj12bot.com/)"
85.25.177.139 - - [10/Sep/2022:03:04:44 +0200] "GET /PodCast/SprProfSchwatzTaggs HTTP/1.1" 200 8250 "-" "Mozilla/5.0 (Macintosh; Intel Mac OS X 10.15; rv:103.0) Gecko/20100101 Firefox/103.0"
85.25.177.139 - - [10/Sep/2022:03:04:58 +0200] "GET /PodCast/151Konschtanz1485?action=diff&source=y&minor=n HTTP/1.1" 200 9347 "-" "Mozilla/5.0 (Macintosh; Intel Mac OS X 10.15; rv:103.0) Gecko/20100101 Firefox/103.0"
85.25.177.139 - - [10/Sep/2022:03:06:58 +0200] "GET /robots.txt HTTP/1.1" 200 - "-" "Mozilla/5.0 (Macintosh; Intel Mac OS X 10.15; rv:103.0) Gecko/20100101 Firefox/103.0"
85.25.177.139 - - [10/Sep/2022:03:06:58 +0200] "GET /PodCast/REZMockingbird?action=diff&source=y&minor=y HTTP/1.1" 200 15854 "-" "Mozilla/5.0 (Macintosh; Intel Mac OS X 10.15; rv:103.0) Gecko/20100101 Firefox/103.0"
85.25.177.139 - - [10/Sep/2022:03:07:39 +0200] "GET /Hilfe/Winamp?action=diff&source=y&minor=n HTTP/1.1" 200 12190 "-" "Mozilla/5.0 (Macintosh; Intel Mac OS X 10.15; rv:103.0) Gecko/20100101 Firefox/103.0"
85.25.177.139 - - [10/Sep/2022:03:08:24 +0200] "GET /Hilfe/Winamp?action=edit&restore=diff:1163037460:1163037460:&preview=y HTTP/1.1" 200 8625 "-" "Mozilla/5.0 (Macintosh; Intel Mac OS X 10.15; rv:103.0) Gecko/20100101 Firefox/103.0"
85.25.177.139 - - [10/Sep/2022:03:08:45 +0200] "GET /Gast HTTP/1.1" 404 8096 "-" "Mozilla/5.0 (Macintosh; Intel Mac OS X 10.15; rv:103.0) Gecko/20100101 Firefox/103.0"
85.25.177.139 - - [10/Sep/2022:03:09:20 +0200] "GET /PodCast/Bagdad-Marlboro?action=edit&restore=diff:1436282266:1436282232:&preview=y HTTP/1.1" 200 8780 "-" "Mozilla/5.0 (Macintosh; Intel Mac OS X 10.15; rv:103.0) Gecko/20100101 Firefox/103.0"
85.25.177.139 - - [10/Sep/2022:03:10:19 +0200] "GET /PodCast/Bagdad-Marlboro?action=diff&source=n&minor=n HTTP/1.1" 200 13909 "-" "Mozilla/5.0 (Macintosh; Intel Mac OS X 10.15; rv:103.0) Gecko/20100101 Firefox/103.0"
85.25.177.139 - - [10/Sep/2022:03:10:40 +0200] "GET /PodCast/Bagdad-Marlboro?action=diff&source=y&minor=y HTTP/1.1" 200 13536 "-" "Mozilla/5.0 (Macintosh; Intel Mac OS X 10.15; rv:103.0) Gecko/20100101 Firefox/103.0"
85.25.177.139 - - [10/Sep/2022:03:11:19 +0200] "GET /Hilfe/DateienUndProgrammverknuepfungen?action=print HTTP/1.1" 404 2482 "-" "Mozilla/5.0 (Macintosh; Intel Mac OS X 10.15; rv:103.0) Gecko/20100101 Firefox/103.0"
85.25.177.139 - - [10/Sep/2022:03:11:46 +0200] "GET /Site/SideBar?action=edit HTTP/1.1" 200 8581 "-" "Mozilla/5.0 (Macintosh; Intel Mac OS X 10.15; rv:103.0) Gecko/20100101 Firefox/103.0"
85.25.177.139 - - [10/Sep/2022:03:12:09 +0200] "GET /Site/SideBar?action=diff HTTP/1.1" 200 23150 "-" "Mozilla/5.0 (Macintosh; Intel Mac OS X 10.15; rv:103.0) Gecko/20100101 Firefox/103.0"
85.25.177.139 - - [10/Sep/2022:03:13:15 +0200] "GET /Site/SideBar?action=upload HTTP/1.1" 200 8481 "-" "Mozilla/5.0 (Macintosh; Intel Mac OS X 10.15; rv:103.0) Gecko/20100101 Firefox/103.0"
185.191.171.44 - - [10/Sep/2022:03:13:34 +0200] "GET /robots.txt HTTP/1.1" 200 - "-" "Mozilla/5.0 (compatible; SemrushBot/7~bl; +http://www.semrush.com/bot.html)"
185.191.171.18 - - [10/Sep/2022:03:13:35 +0200] "GET /PmWikiVi/HopThuRa HTTP/1.1" 200 11773 "-" "Mozilla/5.0 (compatible; SemrushBot/7~bl; +http://www.semrush.com/bot.html)"
85.25.177.139 - - [10/Sep/2022:03:13:38 +0200] "GET /PmWiki/GroupCustomizations HTTP/1.1" 200 19255 "-" "Mozilla/5.0 (Macintosh; Intel Mac OS X 10.15; rv:103.0) Gecko/20100101 Firefox/103.0"
85.25.177.139 - - [10/Sep/2022:03:14:57 +0200] "GET /PodCast/Genesis HTTP/1.1" 200 8213 "-" "Mozilla/5.0 (Macintosh; Intel Mac OS X 10.15; rv:103.0) Gecko/20100101 Firefox/103.0"
85.25.177.139 - - [10/Sep/2022:03:15:31 +0200] "GET /PmWiki/Skins?action=upload HTTP/1.1" 200 8480 "-" "Mozilla/5.0 (Macintosh; Intel Mac OS X 10.15; rv:103.0) Gecko/20100101 Firefox/103.0"
85.25.177.139 - - [10/Sep/2022:03:16:34 +0200] "GET /Site/Traktandelyschte HTTP/1.1" 200 9110 "-" "Mozilla/5.0 (Macintosh; Intel Mac OS X 10.15; rv:103.0) Gecko/20100101 Firefox/103.0"
85.25.177.139 - - [10/Sep/2022:03:18:05 +0200] "GET /PmWiki/Skins?action=edit HTTP/1.1" 200 8580 "-" "Mozilla/5.0 (Macintosh; Intel Mac OS X 10.15; rv:103.0) Gecko/20100101 Firefox/103.0"
85.25.177.139 - - [10/Sep/2022:03:18:55 +0200] "GET /PodCast/Mordspilot HTTP/1.1" 200 12897 "-" "Mozilla/5.0 (Macintosh; Intel Mac OS X 10.15; rv:103.0) Gecko/20100101 Firefox/103.0"
85.25.177.139 - - [10/Sep/2022:03:19:33 +0200] "GET /PmWiki/SkinTemplates HTTP/1.1" 200 28363 "-" "Mozilla/5.0 (Macintosh; Intel Mac OS X 10.15; rv:103.0) Gecko/20100101 Firefox/103.0"
85.25.177.139 - - [10/Sep/2022:03:21:10 +0200] "GET /PmWiki/Installation HTTP/1.1" 200 22389 "-" "Mozilla/5.0 (Macintosh; Intel Mac OS X 10.15; rv:103.0) Gecko/20100101 Firefox/103.0"
66.249.76.245 - - [10/Sep/2022:03:21:16 +0200] "GET /PodCast/IndexPage?action=rss HTTP/1.1" 200 6298 "-" "Mozilla/5.0 (compatible; Googlebot/2.1; +http://www.google.com/bot.html)"
194.209.200.2 - - [10/Sep/2022:03:21:30 +0200] "GET /robots.txt HTTP/1.1" 200 - "-" "Mozilla/5.0 (compatible; TMMBot/0.2; +http://www.dslab.ch)/Nutch-1.15"
194.209.200.2 - - [10/Sep/2022:03:21:30 +0200] "GET /Texte/Rezension HTTP/1.1" 200 11812 "-" "Mozilla/5.0 (compatible; TMMBot/0.2; +http://www.dslab.ch)/Nutch-1.15"
85.25.177.139 - - [10/Sep/2022:03:22:08 +0200] "GET /PodCast/Schlouss HTTP/1.1" 200 8328 "-" "Mozilla/5.0 (Macintosh; Intel Mac OS X 10.15; rv:103.0) Gecko/20100101 Firefox/103.0"
85.25.177.139 - - [10/Sep/2022:03:23:03 +0200] "GET /PmWiki/Skins?action=diff HTTP/1.1" 200 9137 "-" "Mozilla/5.0 (Macintosh; Intel Mac OS X 10.15; rv:103.0) Gecko/20100101 Firefox/103.0"
194.209.200.2 - - [10/Sep/2022:03:23:22 +0200] "GET /Admin/Jahresbericht HTTP/1.1" 200 45530 "-" "Mozilla/5.0 (compatible; TMMBot/0.2; +http://www.dslab.ch)/Nutch-1.15"
194.209.200.2 - - [10/Sep/2022:03:23:46 +0200] "GET /Texte/Schrybwys HTTP/1.1" 200 11028 "-" "Mozilla/5.0 (compatible; TMMBot/0.2; +http://www.dslab.ch)/Nutch-1.15"
