85.25.177.219 - - [12/Jul/2022:00:00:48 +0200] "GET /PodCast/RSSPodcasts?action=edit HTTP/1.1" 403 18 "-" "SEO Scanner/1.2.4 (SEO Crawler; seoscanners.info; info@seoscanners.info)"
8.29.198.26 - - [12/Jul/2022:00:02:14 +0200] "GET /PodCast/IndexPage?action=rss HTTP/1.1" 200 6298 "-" "Feedly/1.0 (+http://www.feedly.com/fetcher.html; 3 subscribers; like FeedFetcher-Google)"
85.25.177.219 - - [12/Jul/2022:00:02:43 +0200] "GET /Main/Home?action=print HTTP/1.1" 403 18 "-" "SEO Scanner/1.2.4 (SEO Crawler; seoscanners.info; info@seoscanners.info)"
77.75.76.170 - - [12/Jul/2022:00:02:53 +0200] "GET /robots.txt HTTP/1.1" 200 - "-" "Mozilla/5.0 (compatible; SeznamBot/3.2; +http://napoveda.seznam.cz/en/seznambot-intro/)"
77.75.76.170 - - [12/Jul/2022:00:02:53 +0200] "GET /Texte/Schrybwys HTTP/1.1" 200 11028 "-" "Mozilla/5.0 (compatible; SeznamBot/3.2; +http://napoveda.seznam.cz/en/seznambot-intro/)"
85.25.177.219 - - [12/Jul/2022:00:04:25 +0200] "GET /Main/Home HTTP/1.1" 200 15085 "-" "SEO Scanner/1.2.4 (SEO Crawler; seoscanners.info; info@seoscanners.info)"
85.25.177.219 - - [12/Jul/2022:00:08:05 +0200] "GET /Texte/ZurcherischEnglish HTTP/1.1" 200 8274 "-" "SEO Scanner/1.2.4 (SEO Crawler; seoscanners.info; info@seoscanners.info)"
3.216.185.164 - - [12/Jul/2022:00:09:25 +0200] "GET /PodCast/IndexPage?action=rss HTTP/1.1" 200 6298 "-" "PocketCasts/1.0 (Pocket Casts Feed Parser; +http://pocketcasts.com/)"
85.25.177.219 - - [12/Jul/2022:00:09:55 +0200] "GET /Texte/Limericks HTTP/1.1" 200 8087 "-" "SEO Scanner/1.2.4 (SEO Crawler; seoscanners.info; info@seoscanners.info)"
207.46.13.229 - - [12/Jul/2022:00:11:39 +0200] "GET /robots.txt HTTP/1.1" 200 - "-" "Mozilla/5.0 (compatible; bingbot/2.0; +http://www.bing.com/bingbot.htm)"
207.46.13.18 - - [12/Jul/2022:00:12:02 +0200] "GET /PodCast/Limerick1?action=print HTTP/1.1" 403 18 "-" "Mozilla/5.0 (compatible; bingbot/2.0; +http://www.bing.com/bingbot.htm)"
85.25.177.219 - - [12/Jul/2022:00:12:52 +0200] "GET /Main/Home?action=diff HTTP/1.1" 403 18 "-" "SEO Scanner/1.2.4 (SEO Crawler; seoscanners.info; info@seoscanners.info)"
85.25.177.219 - - [12/Jul/2022:00:14:48 +0200] "GET /Texte/GDicht HTTP/1.1" 200 8050 "-" "SEO Scanner/1.2.4 (SEO Crawler; seoscanners.info; info@seoscanners.info)"
114.119.140.84 - - [12/Jul/2022:00:15:55 +0200] "GET /PmWikiVi/XLPage?action=diff HTTP/1.1" 403 18 "http://www.pro-zurituutsch.ch/PmWikiVi/XLPage" "Mozilla/5.0 (Linux; Android 7.0;) AppleWebKit/537.36 (KHTML, like Gecko) Mobile Safari/537.36 (compatible; PetalBot;+https://webmaster.petalsearch.com/site/petalbot)"
85.25.177.219 - - [12/Jul/2022:00:18:37 +0200] "GET /Texte/ArsAmatoria HTTP/1.1" 200 12369 "-" "SEO Scanner/1.2.4 (SEO Crawler; seoscanners.info; info@seoscanners.info)"
202.36.244.181 - - [12/Jul/2022:00:19:01 +0200] "GET / HTTP/1.1" 200 15085 "-" "Mozilla/5.0 (Macintosh; Intel Mac OS X 10_15_7) AppleWebKit/605.1.15 (KHTML, like Gecko) Version/15.4 Safari/605.1.15"
85.25.177.219 - - [12/Jul/2022:00:21:05 +0200] "GET /Main/Home?action=edit HTTP/1.1" 403 18 "-" "SEO Scanner/1.2.4 (SEO Crawler; seoscanners.info; info@seoscanners.info)"
114.119.140.66 - - [12/Jul/2022:00:22:22 +0200] "GET /PodCast/Finanzsischteem?action=edit HTTP/1.1" 403 18 "http://www.pro-zurituutsch.ch/PodCast/Finanzsischteem" "Mozilla/5.0 (Linux; Android 7.0;) AppleWebKit/537.36 (KHTML, like Gecko) Mobile Safari/537.36 (compatible; PetalBot;+https://webmaster.petalsearch.com/site/petalbot)"
85.25.177.219 - - [12/Jul/2022:00:23:15 +0200] "GET /Admin/Links HTTP/1.1" 200 14193 "-" "SEO Scanner/1.2.4 (SEO Crawler; seoscanners.info; info@seoscanners.info)"
114.119.140.71 - - [12/Jul/2022:00:26:19 +0200] "GET /PmWikiFr/DeletingPages?action=edit HTTP/1.1" 403 18 "http://www.pro-zurituutsch.ch/PmWikiFr/DeletingPages" "Mozilla/5.0 (Linux; Android 7.0;) AppleWebKit/537.36 (KHTML, like Gecko) Mobile Safari/537.36 (compatible; PetalBot;+https://webmaster.petalsearch.com/site/petalbot)"
85.25.177.219 - - [12/Jul/2022:00:28:45 +0200] "GET /Texte/Metamorphoses HTTP/1.1" 200 9045 "-" "SEO Scanner/1.2.4 (SEO Crawler; seoscanners.info; info@seoscanners.info)"
66.249.70.188 - - [12/Jul/2022:00:28:59 +0200] "GET /PodCast/IndexPage?action=rss HTTP/1.1" 200 6298 "-" "Mozilla/5.0 (compatible; Googlebot/2.1; +http://www.google.com/bot.html)"
85.25.177.219 - - [12/Jul/2022:00:30:53 +0200] "GET /Texte/Styluebige HTTP/1.1" 200 9998 "-" "SEO Scanner/1.2.4 (SEO Crawler; seoscanners.info; info@seoscanners.info)"
85.25.177.219 - - [12/Jul/2022:00:32:17 +0200] "GET /Main/Home?action=upload HTTP/1.1" 403 18 "-" "SEO Scanner/1.2.4 (SEO Crawler; seoscanners.info; info@seoscanners.info)"
194.209.200.2 - - [12/Jul/2022:00:37:09 +0200] "GET /robots.txt HTTP/1.1" 200 - "-" "Mozilla/5.0 (compatible; TMMBot/0.2; +http://www.dslab.ch)/Nutch-1.15"
194.209.200.2 - - [12/Jul/2022:00:37:09 +0200] "GET /Admin/AdresseStiftung HTTP/1.1" 200 8453 "-" "Mozilla/5.0 (compatible; TMMBot/0.2; +http://www.dslab.ch)/Nutch-1.15"
85.25.177.219 - - [12/Jul/2022:00:38:01 +0200] "GET /Admin/ZurStiftung HTTP/1.1" 200 10864 "-" "SEO Scanner/1.2.4 (SEO Crawler; seoscanners.info; info@seoscanners.info)"
194.209.200.2 - - [12/Jul/2022:00:40:03 +0200] "GET /Texte/ArsAmatoria HTTP/1.1" 200 12369 "-" "Mozilla/5.0 (compatible; TMMBot/0.2; +http://www.dslab.ch)/Nutch-1.15"
85.25.177.219 - - [12/Jul/2022:00:40:15 +0200] "GET /Admin/AdresseStiftung HTTP/1.1" 200 8453 "-" "SEO Scanner/1.2.4 (SEO Crawler; seoscanners.info; info@seoscanners.info)"
194.209.200.2 - - [12/Jul/2022:00:40:57 +0200] "GET /Texte/Metamorphoses HTTP/1.1" 200 9045 "-" "Mozilla/5.0 (compatible; TMMBot/0.2; +http://www.dslab.ch)/Nutch-1.15"
85.25.177.219 - - [12/Jul/2022:00:42:33 +0200] "GET /Texte/Rezension?action=upload HTTP/1.1" 403 18 "-" "SEO Scanner/1.2.4 (SEO Crawler; seoscanners.info; info@seoscanners.info)"
194.209.200.2 - - [12/Jul/2022:00:42:46 +0200] "GET /Admin/Pro-ZurituutschStatuten HTTP/1.1" 200 9580 "-" "Mozilla/5.0 (compatible; TMMBot/0.2; +http://www.dslab.ch)/Nutch-1.15"
194.209.200.2 - - [12/Jul/2022:00:43:32 +0200] "GET /Texte/Bitterbeuhsi HTTP/1.1" 200 9255 "-" "Mozilla/5.0 (compatible; TMMBot/0.2; +http://www.dslab.ch)/Nutch-1.15"
85.25.177.219 - - [12/Jul/2022:00:44:54 +0200] "GET /Texte/Rezension?action=edit HTTP/1.1" 403 18 "-" "SEO Scanner/1.2.4 (SEO Crawler; seoscanners.info; info@seoscanners.info)"
85.25.177.219 - - [12/Jul/2022:00:48:11 +0200] "GET /Texte/Rezension?action=diff HTTP/1.1" 403 18 "-" "SEO Scanner/1.2.4 (SEO Crawler; seoscanners.info; info@seoscanners.info)"
85.25.177.219 - - [12/Jul/2022:00:50:12 +0200] "GET /Texte/Rezension?action=print HTTP/1.1" 403 18 "-" "SEO Scanner/1.2.4 (SEO Crawler; seoscanners.info; info@seoscanners.info)"
85.25.177.219 - - [12/Jul/2022:00:53:22 +0200] "GET /Admin/Pro-ZurituutschStatuten?action=upload HTTP/1.1" 403 18 "-" "SEO Scanner/1.2.4 (SEO Crawler; seoscanners.info; info@seoscanners.info)"
85.25.177.219 - - [12/Jul/2022:00:55:36 +0200] "GET /Admin/Pro-ZurituutschStatuten?action=diff HTTP/1.1" 403 18 "-" "SEO Scanner/1.2.4 (SEO Crawler; seoscanners.info; info@seoscanners.info)"
185.191.171.19 - - [12/Jul/2022:00:58:14 +0200] "GET /robots.txt HTTP/1.1" 200 - "-" "Mozilla/5.0 (compatible; SemrushBot/7~bl; +http://www.semrush.com/bot.html)"
185.191.171.37 - - [12/Jul/2022:00:58:14 +0200] "GET /PmWikiFr/Terminologie?action=upload HTTP/1.1" 403 18 "-" "Mozilla/5.0 (compatible; SemrushBot/7~bl; +http://www.semrush.com/bot.html)"
85.25.177.219 - - [12/Jul/2022:01:00:32 +0200] "GET /Admin/Pro-ZurituutschStatuten?action=edit HTTP/1.1" 403 18 "-" "SEO Scanner/1.2.4 (SEO Crawler; seoscanners.info; info@seoscanners.info)"
85.25.177.219 - - [12/Jul/2022:01:01:16 +0200] "GET /Admin/Links?action=upload HTTP/1.1" 403 18 "-" "SEO Scanner/1.2.4 (SEO Crawler; seoscanners.info; info@seoscanners.info)"
85.25.177.219 - - [12/Jul/2022:01:02:40 +0200] "GET /Hilfe/Quicktime HTTP/1.1" 200 9103 "-" "SEO Scanner/1.2.4 (SEO Crawler; seoscanners.info; info@seoscanners.info)"
114.119.141.146 - - [12/Jul/2022:01:05:37 +0200] "GET /PmWikiDe/PageFileFormat?action=diff HTTP/1.1" 403 18 "http://www.pro-zurituutsch.ch/PmWikiDe/PageFileFormat" "Mozilla/5.0 (Linux; Android 7.0;) AppleWebKit/537.36 (KHTML, like Gecko) Mobile Safari/537.36 (compatible; PetalBot;+https://webmaster.petalsearch.com/site/petalbot)"
85.25.177.219 - - [12/Jul/2022:01:07:30 +0200] "GET /Hilfe/AnleitungTonbeispiele?action=print HTTP/1.1" 403 18 "-" "SEO Scanner/1.2.4 (SEO Crawler; seoscanners.info; info@seoscanners.info)"
85.25.177.219 - - [12/Jul/2022:01:09:33 +0200] "GET /Hilfe/AnleitungTonbeispiele?action=diff HTTP/1.1" 403 18 "-" "SEO Scanner/1.2.4 (SEO Crawler; seoscanners.info; info@seoscanners.info)"
77.75.78.170 - - [12/Jul/2022:01:10:40 +0200] "GET /robots.txt HTTP/1.1" 200 - "-" "Mozilla/5.0 (compatible; SeznamBot/3.2; +http://napoveda.seznam.cz/en/seznambot-intro/)"
77.75.78.170 - - [12/Jul/2022:01:10:40 +0200] "GET /PodCast/RSSPodcasts HTTP/1.1" 200 8905 "-" "Mozilla/5.0 (compatible; SeznamBot/3.2; +http://napoveda.seznam.cz/en/seznambot-intro/)"
85.25.177.219 - - [12/Jul/2022:01:11:18 +0200] "GET /Hilfe/AnleitungTonbeispiele?action=upload HTTP/1.1" 403 18 "-" "SEO Scanner/1.2.4 (SEO Crawler; seoscanners.info; info@seoscanners.info)"
194.209.200.2 - - [12/Jul/2022:01:11:24 +0200] "GET /robots.txt HTTP/1.1" 200 - "-" "Mozilla/5.0 (compatible; TMMBot/0.2; +http://www.dslab.ch)/Nutch-1.15"
194.209.200.2 - - [12/Jul/2022:01:11:24 +0200] "GET /Admin/AdresseStiftung HTTP/1.1" 200 8453 "-" "Mozilla/5.0 (compatible; TMMBot/0.2; +http://www.dslab.ch)/Nutch-1.15"
194.209.200.2 - - [12/Jul/2022:01:14:38 +0200] "GET /Texte/ArsAmatoria HTTP/1.1" 200 12369 "-" "Mozilla/5.0 (compatible; TMMBot/0.2; +http://www.dslab.ch)/Nutch-1.15"
194.209.200.2 - - [12/Jul/2022:01:15:34 +0200] "GET /Texte/Metamorphoses HTTP/1.1" 200 9045 "-" "Mozilla/5.0 (compatible; TMMBot/0.2; +http://www.dslab.ch)/Nutch-1.15"
194.209.200.2 - - [12/Jul/2022:01:15:38 +0200] "GET /Site/PodCast HTTP/1.1" 200 40934 "-" "Mozilla/5.0 (compatible; TMMBot/0.2; +http://www.dslab.ch)/Nutch-1.15"
85.25.177.219 - - [12/Jul/2022:01:16:01 +0200] "GET /Hilfe/Winamp HTTP/1.1" 200 9314 "-" "SEO Scanner/1.2.4 (SEO Crawler; seoscanners.info; info@seoscanners.info)"
85.25.177.219 - - [12/Jul/2022:01:17:04 +0200] "GET /Texte/Roman?action=edit HTTP/1.1" 403 18 "-" "SEO Scanner/1.2.4 (SEO Crawler; seoscanners.info; info@seoscanners.info)"
194.209.200.2 - - [12/Jul/2022:01:17:32 +0200] "GET /Admin/Pro-ZurituutschStatuten HTTP/1.1" 200 9580 "-" "Mozilla/5.0 (compatible; TMMBot/0.2; +http://www.dslab.ch)/Nutch-1.15"
85.25.177.219 - - [12/Jul/2022:01:18:07 +0200] "GET /Hilfe/RealOne HTTP/1.1" 200 10362 "-" "SEO Scanner/1.2.4 (SEO Crawler; seoscanners.info; info@seoscanners.info)"
194.209.200.2 - - [12/Jul/2022:01:18:24 +0200] "GET /Texte/Bitterbeuhsi HTTP/1.1" 200 9255 "-" "Mozilla/5.0 (compatible; TMMBot/0.2; +http://www.dslab.ch)/Nutch-1.15"
66.249.76.220 - - [12/Jul/2022:01:21:36 +0200] "GET /pub/skins/pro-zurituutsch/images/favicon.ico HTTP/1.1" 200 1406 "-" "Googlebot-Image/1.0"
85.25.177.219 - - [12/Jul/2022:01:22:34 +0200] "GET /Texte/Roman?action=print HTTP/1.1" 403 18 "-" "SEO Scanner/1.2.4 (SEO Crawler; seoscanners.info; info@seoscanners.info)"
85.25.177.219 - - [12/Jul/2022:01:24:22 +0200] "GET /Texte/Gloosse?action=edit HTTP/1.1" 403 18 "-" "SEO Scanner/1.2.4 (SEO Crawler; seoscanners.info; info@seoscanners.info)"
202.36.244.181 - - [12/Jul/2022:01:24:55 +0200] "GET / HTTP/1.1" 200 15085 "-" "Mozilla/5.0 (Macintosh; Intel Mac OS X 10_15_7) AppleWebKit/605.1.15 (KHTML, like Gecko) Version/15.4 Safari/605.1.15"
202.36.244.181 - - [12/Jul/2022:01:24:56 +0200] "GET /pub/skins/pro-zurituutsch/gila.css HTTP/1.1" 200 10186 "http://www.pro-zurituutsch.ch/" "Mozilla/5.0 (Macintosh; Intel Mac OS X 10_15_7) AppleWebKit/605.1.15 (KHTML, like Gecko) Version/15.4 Safari/605.1.15"
202.36.244.181 - - [12/Jul/2022:01:24:56 +0200] "GET /uploads/Main/logo.jpg HTTP/1.1" 200 29066 "http://www.pro-zurituutsch.ch/" "Mozilla/5.0 (Macintosh; Intel Mac OS X 10_15_7) AppleWebKit/605.1.15 (KHTML, like Gecko) Version/15.4 Safari/605.1.15"
202.36.244.181 - - [12/Jul/2022:01:24:56 +0200] "GET /pub/skins/pro-zurituutsch/images/external.png HTTP/1.1" 200 165 "http://www.pro-zurituutsch.ch/" "Mozilla/5.0 (Macintosh; Intel Mac OS X 10_15_7) AppleWebKit/605.1.15 (KHTML, like Gecko) Version/15.4 Safari/605.1.15"
202.36.244.181 - - [12/Jul/2022:01:24:57 +0200] "GET /pub/skins/pro-zurituutsch/images/favicon.ico HTTP/1.1" 200 1406 "http://www.pro-zurituutsch.ch/" "Mozilla/5.0 (Macintosh; Intel Mac OS X 10_15_7) AppleWebKit/605.1.15 (KHTML, like Gecko) Version/15.4 Safari/605.1.15"
185.191.171.8 - - [12/Jul/2022:01:28:06 +0200] "GET /PmWiki/Blocklist HTTP/1.1" 200 31195 "-" "Mozilla/5.0 (compatible; SemrushBot/7~bl; +http://www.semrush.com/bot.html)"
85.25.177.219 - - [12/Jul/2022:01:30:48 +0200] "GET /Gast/Podcast?action=print HTTP/1.1" 403 18 "-" "SEO Scanner/1.2.4 (SEO Crawler; seoscanners.info; info@seoscanners.info)"
85.25.177.219 - - [12/Jul/2022:01:31:07 +0200] "GET /Texte/Gloosse?action=upload HTTP/1.1" 403 18 "-" "SEO Scanner/1.2.4 (SEO Crawler; seoscanners.info; info@seoscanners.info)"
66.249.76.193 - - [12/Jul/2022:01:32:20 +0200] "GET /PodCast/IndexPage?action=rss HTTP/1.1" 200 6298 "-" "Mozilla/5.0 (compatible; Googlebot/2.1; +http://www.google.com/bot.html)"
168.119.51.163 - - [12/Jul/2022:01:34:36 +0200] "GET /robots.txt HTTP/1.1" 200 - "-" "Mozilla/5.0 (compatible; um-IC/1.0; mailto: techinfo@ubermetrics-technologies.com; Windows NT 6.1; WOW64; rv:40.0) Gecko/20100101 Firefox/40.1"
168.119.51.163 - - [12/Jul/2022:01:34:36 +0200] "GET /PodCast/IndexPage?action=rss HTTP/1.1" 200 6298 "-" "Mozilla/5.0 (compatible; um-IC/1.0; mailto: techinfo@ubermetrics-technologies.com; Windows NT 6.1; WOW64; rv:40.0) Gecko/20100101 Firefox/40.1"
85.25.177.219 - - [12/Jul/2022:01:36:17 +0200] "GET /PodCast/RSSPodcasts?action=upload HTTP/1.1" 403 18 "-" "SEO Scanner/1.2.4 (SEO Crawler; seoscanners.info; info@seoscanners.info)"
85.25.177.219 - - [12/Jul/2022:01:38:22 +0200] "GET /Texte/Gloosse?action=diff HTTP/1.1" 403 18 "-" "SEO Scanner/1.2.4 (SEO Crawler; seoscanners.info; info@seoscanners.info)"
85.25.177.219 - - [12/Jul/2022:01:42:24 +0200] "GET /Gast/Podcast?action=edit HTTP/1.1" 403 18 "-" "SEO Scanner/1.2.4 (SEO Crawler; seoscanners.info; info@seoscanners.info)"
85.25.177.219 - - [12/Jul/2022:01:42:44 +0200] "GET /Gast/Podcast?action=upload HTTP/1.1" 403 18 "-" "SEO Scanner/1.2.4 (SEO Crawler; seoscanners.info; info@seoscanners.info)"
85.25.177.219 - - [12/Jul/2022:01:44:28 +0200] "GET /Admin/Links?action=diff HTTP/1.1" 403 18 "-" "SEO Scanner/1.2.4 (SEO Crawler; seoscanners.info; info@seoscanners.info)"
194.209.200.2 - - [12/Jul/2022:01:44:57 +0200] "GET /robots.txt HTTP/1.1" 200 - "-" "Mozilla/5.0 (compatible; TMMBot/0.2; +http://www.dslab.ch)/Nutch-1.15"
194.209.200.2 - - [12/Jul/2022:01:44:57 +0200] "GET /Admin/AdresseStiftung HTTP/1.1" 200 8453 "-" "Mozilla/5.0 (compatible; TMMBot/0.2; +http://www.dslab.ch)/Nutch-1.15"
194.209.200.2 - - [12/Jul/2022:01:47:59 +0200] "GET /Texte/ArsAmatoria HTTP/1.1" 200 12369 "-" "Mozilla/5.0 (compatible; TMMBot/0.2; +http://www.dslab.ch)/Nutch-1.15"
194.209.200.2 - - [12/Jul/2022:01:48:50 +0200] "GET /Texte/Metamorphoses HTTP/1.1" 200 9045 "-" "Mozilla/5.0 (compatible; TMMBot/0.2; +http://www.dslab.ch)/Nutch-1.15"
85.25.177.219 - - [12/Jul/2022:01:50:14 +0200] "GET /Admin/Links?action=print HTTP/1.1" 403 18 "-" "SEO Scanner/1.2.4 (SEO Crawler; seoscanners.info; info@seoscanners.info)"
194.209.200.2 - - [12/Jul/2022:01:50:45 +0200] "GET /Admin/Pro-ZurituutschStatuten HTTP/1.1" 200 9580 "-" "Mozilla/5.0 (compatible; TMMBot/0.2; +http://www.dslab.ch)/Nutch-1.15"
194.209.200.2 - - [12/Jul/2022:01:51:32 +0200] "GET /Texte/Bitterbeuhsi HTTP/1.1" 200 9255 "-" "Mozilla/5.0 (compatible; TMMBot/0.2; +http://www.dslab.ch)/Nutch-1.15"
85.25.177.219 - - [12/Jul/2022:01:51:58 +0200] "GET /Admin/Links?action=edit HTTP/1.1" 403 18 "-" "SEO Scanner/1.2.4 (SEO Crawler; seoscanners.info; info@seoscanners.info)"
85.25.177.219 - - [12/Jul/2022:01:58:37 +0200] "GET /Texte/Limericks?action=edit HTTP/1.1" 403 18 "-" "SEO Scanner/1.2.4 (SEO Crawler; seoscanners.info; info@seoscanners.info)"
85.25.177.219 - - [12/Jul/2022:01:58:55 +0200] "GET /Texte/Metamorphoses?action=edit HTTP/1.1" 403 18 "-" "SEO Scanner/1.2.4 (SEO Crawler; seoscanners.info; info@seoscanners.info)"
185.191.171.11 - - [12/Jul/2022:01:59:37 +0200] "GET /robots.txt HTTP/1.1" 200 - "-" "Mozilla/5.0 (compatible; SemrushBot/7~bl; +http://www.semrush.com/bot.html)"
185.191.171.25 - - [12/Jul/2022:01:59:38 +0200] "GET /PmWikiVi/QuyTacDinhDangChu?action=upload HTTP/1.1" 403 18 "-" "Mozilla/5.0 (compatible; SemrushBot/7~bl; +http://www.semrush.com/bot.html)"
85.25.177.219 - - [12/Jul/2022:02:12:27 +0200] "GET /Texte/Metamorphoses?action=print HTTP/1.1" 403 18 "-" "SEO Scanner/1.2.4 (SEO Crawler; seoscanners.info; info@seoscanners.info)"
85.25.177.219 - - [12/Jul/2022:02:13:14 +0200] "GET /Texte/ZurcherischEnglish?action=edit HTTP/1.1" 403 18 "-" "SEO Scanner/1.2.4 (SEO Crawler; seoscanners.info; info@seoscanners.info)"
85.25.177.219 - - [12/Jul/2022:02:14:38 +0200] "GET /Main/Home?action=diff HTTP/1.1" 403 18 "-" "SEO Scanner/1.2.4 (SEO Crawler; seoscanners.info; info@seoscanners.info)"
85.25.177.219 - - [12/Jul/2022:02:18:26 +0200] "GET /Texte/Metamorphoses?action=upload HTTP/1.1" 403 18 "-" "SEO Scanner/1.2.4 (SEO Crawler; seoscanners.info; info@seoscanners.info)"
85.25.177.219 - - [12/Jul/2022:02:19:36 +0200] "GET /Texte/ZurcherischEnglish?action=diff HTTP/1.1" 403 18 "-" "SEO Scanner/1.2.4 (SEO Crawler; seoscanners.info; info@seoscanners.info)"
85.25.177.219 - - [12/Jul/2022:02:20:16 +0200] "GET /Texte/Styluebige?action=print HTTP/1.1" 403 18 "-" "SEO Scanner/1.2.4 (SEO Crawler; seoscanners.info; info@seoscanners.info)"
194.209.200.2 - - [12/Jul/2022:02:20:25 +0200] "GET /robots.txt HTTP/1.1" 200 - "-" "Mozilla/5.0 (compatible; TMMBot/0.2; +http://www.dslab.ch)/Nutch-1.15"
194.209.200.2 - - [12/Jul/2022:02:20:25 +0200] "GET /Texte/ArsAmatoria HTTP/1.1" 200 12369 "-" "Mozilla/5.0 (compatible; TMMBot/0.2; +http://www.dslab.ch)/Nutch-1.15"
194.209.200.2 - - [12/Jul/2022:02:21:52 +0200] "GET /Texte/Metamorphoses HTTP/1.1" 200 9045 "-" "Mozilla/5.0 (compatible; TMMBot/0.2; +http://www.dslab.ch)/Nutch-1.15"
114.119.141.15 - - [12/Jul/2022:02:24:24 +0200] "GET /PmWikiDe/PageNotFound?action=print HTTP/1.1" 403 18 "http://www.pro-zurituutsch.ch/PmWikiDe/PageNotFound" "Mozilla/5.0 (Linux; Android 7.0;) AppleWebKit/537.36 (KHTML, like Gecko) Mobile Safari/537.36 (compatible; PetalBot;+https://webmaster.petalsearch.com/site/petalbot)"
194.209.200.2 - - [12/Jul/2022:02:24:49 +0200] "GET /Admin/Pro-ZurituutschStatuten HTTP/1.1" 200 9580 "-" "Mozilla/5.0 (compatible; TMMBot/0.2; +http://www.dslab.ch)/Nutch-1.15"
85.25.177.219 - - [12/Jul/2022:02:25:35 +0200] "GET /Texte/Styluebige?action=edit HTTP/1.1" 403 18 "-" "SEO Scanner/1.2.4 (SEO Crawler; seoscanners.info; info@seoscanners.info)"
194.209.200.2 - - [12/Jul/2022:02:25:53 +0200] "GET /Texte/Bitterbeuhsi HTTP/1.1" 200 9255 "-" "Mozilla/5.0 (compatible; TMMBot/0.2; +http://www.dslab.ch)/Nutch-1.15"
85.25.177.219 - - [12/Jul/2022:02:26:10 +0200] "GET /Main/Home?action=edit HTTP/1.1" 403 18 "-" "SEO Scanner/1.2.4 (SEO Crawler; seoscanners.info; info@seoscanners.info)"
40.77.167.51 - - [12/Jul/2022:02:26:47 +0200] "GET /PodCast/Zugle HTTP/1.1" 200 19132 "-" "Mozilla/5.0 (compatible; bingbot/2.0; +http://www.bing.com/bingbot.htm)"
66.249.76.220 - - [12/Jul/2022:02:27:00 +0200] "GET /PodCast/IndexPage?action=rss HTTP/1.1" 200 6298 "-" "Mozilla/5.0 (compatible; Googlebot/2.1; +http://www.google.com/bot.html)"
85.25.177.219 - - [12/Jul/2022:02:27:29 +0200] "GET /Texte/Styluebige?action=upload HTTP/1.1" 403 18 "-" "SEO Scanner/1.2.4 (SEO Crawler; seoscanners.info; info@seoscanners.info)"
85.25.177.219 - - [12/Jul/2022:02:27:43 +0200] "GET /Texte/ZurcherischEnglish?action=print HTTP/1.1" 403 18 "-" "SEO Scanner/1.2.4 (SEO Crawler; seoscanners.info; info@seoscanners.info)"
85.25.177.219 - - [12/Jul/2022:02:32:54 +0200] "GET /Texte/Styluebige?action=diff HTTP/1.1" 403 18 "-" "SEO Scanner/1.2.4 (SEO Crawler; seoscanners.info; info@seoscanners.info)"
85.25.177.219 - - [12/Jul/2022:02:33:51 +0200] "GET /Texte/GDicht?action=edit HTTP/1.1" 403 18 "-" "SEO Scanner/1.2.4 (SEO Crawler; seoscanners.info; info@seoscanners.info)"
85.25.177.219 - - [12/Jul/2022:02:35:01 +0200] "GET /Texte/Limericks?action=print HTTP/1.1" 403 18 "-" "SEO Scanner/1.2.4 (SEO Crawler; seoscanners.info; info@seoscanners.info)"
114.119.146.251 - - [12/Jul/2022:02:35:21 +0200] "GET /robots.txt HTTP/1.1" 200 - "-" "Mozilla/5.0 (compatible;PetalBot;+https://webmaster.petalsearch.com/site/petalbot)"
114.119.141.186 - - [12/Jul/2022:02:35:44 +0200] "GET /PmWikiFr/SitePages?action=upload HTTP/1.1" 403 18 "http://www.pro-zurituutsch.ch/PmWikiFr/SitePages" "Mozilla/5.0 (Linux; Android 7.0;) AppleWebKit/537.36 (KHTML, like Gecko) Mobile Safari/537.36 (compatible; PetalBot;+https://webmaster.petalsearch.com/site/petalbot)"
85.25.177.219 - - [12/Jul/2022:02:39:46 +0200] "GET /Texte/ArsAmatoria?action=upload HTTP/1.1" 403 18 "-" "SEO Scanner/1.2.4 (SEO Crawler; seoscanners.info; info@seoscanners.info)"
85.25.177.219 - - [12/Jul/2022:02:40:07 +0200] "GET /Texte/ArsAmatoria?action=diff HTTP/1.1" 403 18 "-" "SEO Scanner/1.2.4 (SEO Crawler; seoscanners.info; info@seoscanners.info)"
85.25.177.219 - - [12/Jul/2022:02:42:07 +0200] "GET /Texte/ArsAmatoria?action=print HTTP/1.1" 403 18 "-" "SEO Scanner/1.2.4 (SEO Crawler; seoscanners.info; info@seoscanners.info)"
85.25.177.219 - - [12/Jul/2022:02:47:21 +0200] "GET /Texte/Schrybwys?action=upload HTTP/1.1" 403 18 "-" "SEO Scanner/1.2.4 (SEO Crawler; seoscanners.info; info@seoscanners.info)"
85.25.177.219 - - [12/Jul/2022:02:48:03 +0200] "GET /Texte/GDicht?action=upload HTTP/1.1" 403 18 "-" "SEO Scanner/1.2.4 (SEO Crawler; seoscanners.info; info@seoscanners.info)"
85.25.177.219 - - [12/Jul/2022:02:49:23 +0200] "GET /Main/Home?action=upload HTTP/1.1" 403 18 "-" "SEO Scanner/1.2.4 (SEO Crawler; seoscanners.info; info@seoscanners.info)"
85.25.177.219 - - [12/Jul/2022:02:53:49 +0200] "GET /Texte/Schrybwys?action=diff HTTP/1.1" 403 18 "-" "SEO Scanner/1.2.4 (SEO Crawler; seoscanners.info; info@seoscanners.info)"
85.25.177.219 - - [12/Jul/2022:02:54:30 +0200] "GET /Texte/GDicht?action=diff HTTP/1.1" 403 18 "-" "SEO Scanner/1.2.4 (SEO Crawler; seoscanners.info; info@seoscanners.info)"
85.25.177.219 - - [12/Jul/2022:02:55:41 +0200] "GET /Texte/Rezension?action=edit HTTP/1.1" 403 18 "-" "SEO Scanner/1.2.4 (SEO Crawler; seoscanners.info; info@seoscanners.info)"
85.25.177.219 - - [12/Jul/2022:02:56:24 +0200] "GET /Texte/Roman?action=upload HTTP/1.1" 403 18 "-" "SEO Scanner/1.2.4 (SEO Crawler; seoscanners.info; info@seoscanners.info)"
194.209.200.2 - - [12/Jul/2022:02:58:12 +0200] "GET /robots.txt HTTP/1.1" 200 - "-" "Mozilla/5.0 (compatible; TMMBot/0.2; +http://www.dslab.ch)/Nutch-1.15"
194.209.200.2 - - [12/Jul/2022:02:58:12 +0200] "GET /Texte/ArsAmatoria HTTP/1.1" 200 12369 "-" "Mozilla/5.0 (compatible; TMMBot/0.2; +http://www.dslab.ch)/Nutch-1.15"
194.209.200.2 - - [12/Jul/2022:02:59:05 +0200] "GET /Texte/Metamorphoses HTTP/1.1" 200 9045 "-" "Mozilla/5.0 (compatible; TMMBot/0.2; +http://www.dslab.ch)/Nutch-1.15"
85.25.177.219 - - [12/Jul/2022:03:00:08 +0200] "GET /Texte/Bitterbeuhsi?action=edit HTTP/1.1" 403 18 "-" "SEO Scanner/1.2.4 (SEO Crawler; seoscanners.info; info@seoscanners.info)"
85.25.177.219 - - [12/Jul/2022:03:00:26 +0200] "GET /Texte/Rezension?action=diff HTTP/1.1" 403 18 "-" "SEO Scanner/1.2.4 (SEO Crawler; seoscanners.info; info@seoscanners.info)"
185.191.171.7 - - [12/Jul/2022:03:00:29 +0200] "GET /robots.txt HTTP/1.1" 200 - "-" "Mozilla/5.0 (compatible; SemrushBot/7~bl; +http://www.semrush.com/bot.html)"
185.191.171.20 - - [12/Jul/2022:03:00:29 +0200] "GET /PmWikiDe/Direktiven HTTP/1.1" 200 15282 "-" "Mozilla/5.0 (compatible; SemrushBot/7~bl; +http://www.semrush.com/bot.html)"
194.209.200.2 - - [12/Jul/2022:03:01:53 +0200] "GET /Texte/Bitterbeuhsi HTTP/1.1" 200 9255 "-" "Mozilla/5.0 (compatible; TMMBot/0.2; +http://www.dslab.ch)/Nutch-1.15"
85.25.177.219 - - [12/Jul/2022:03:02:14 +0200] "GET /Texte/Bitterbeuhsi?action=upload HTTP/1.1" 403 18 "-" "SEO Scanner/1.2.4 (SEO Crawler; seoscanners.info; info@seoscanners.info)"
85.25.177.219 - - [12/Jul/2022:03:02:59 +0200] "GET /Admin/ZurStiftung?action=print HTTP/1.1" 403 18 "-" "SEO Scanner/1.2.4 (SEO Crawler; seoscanners.info; info@seoscanners.info)"
85.25.177.219 - - [12/Jul/2022:03:06:40 +0200] "GET /Texte/Bitterbeuhsi?action=diff HTTP/1.1" 403 18 "-" "SEO Scanner/1.2.4 (SEO Crawler; seoscanners.info; info@seoscanners.info)"
85.25.177.219 - - [12/Jul/2022:03:07:05 +0200] "GET /Admin/ZurStiftung?action=diff HTTP/1.1" 403 18 "-" "SEO Scanner/1.2.4 (SEO Crawler; seoscanners.info; info@seoscanners.info)"
85.25.177.219 - - [12/Jul/2022:03:08:45 +0200] "GET /Texte/Bitterbeuhsi?action=print HTTP/1.1" 403 18 "-" "SEO Scanner/1.2.4 (SEO Crawler; seoscanners.info; info@seoscanners.info)"
85.25.177.219 - - [12/Jul/2022:03:09:08 +0200] "GET /Admin/ZurStiftung?action=upload HTTP/1.1" 403 18 "-" "SEO Scanner/1.2.4 (SEO Crawler; seoscanners.info; info@seoscanners.info)"
185.191.171.1 - - [12/Jul/2022:03:10:11 +0200] "GET /PmWikiFr/WikiStyleExamples?action=print HTTP/1.1" 403 18 "-" "Mozilla/5.0 (compatible; SemrushBot/7~bl; +http://www.semrush.com/bot.html)"
85.25.177.219 - - [12/Jul/2022:03:10:27 +0200] "GET /PodCast/RSSPodcasts?action=diff HTTP/1.1" 403 18 "-" "SEO Scanner/1.2.4 (SEO Crawler; seoscanners.info; info@seoscanners.info)"
85.25.177.219 - - [12/Jul/2022:03:11:51 +0200] "GET /Admin/ZurStiftung?action=edit HTTP/1.1" 403 18 "-" "SEO Scanner/1.2.4 (SEO Crawler; seoscanners.info; info@seoscanners.info)"
85.25.177.219 - - [12/Jul/2022:03:14:26 +0200] "GET /PodCast/RSSPodcasts?action=print HTTP/1.1" 403 18 "-" "SEO Scanner/1.2.4 (SEO Crawler; seoscanners.info; info@seoscanners.info)"
85.25.177.219 - - [12/Jul/2022:03:15:15 +0200] "GET /Texte/Rezension?action=print HTTP/1.1" 403 18 "-" "SEO Scanner/1.2.4 (SEO Crawler; seoscanners.info; info@seoscanners.info)"
85.25.177.219 - - [12/Jul/2022:03:16:52 +0200] "GET /PodCast/RSSPodcasts?action=edit HTTP/1.1" 403 18 "-" "SEO Scanner/1.2.4 (SEO Crawler; seoscanners.info; info@seoscanners.info)"
85.25.177.219 - - [12/Jul/2022:03:17:38 +0200] "GET /Hilfe/Quicktime?action=edit HTTP/1.1" 403 18 "-" "SEO Scanner/1.2.4 (SEO Crawler; seoscanners.info; info@seoscanners.info)"
85.25.177.219 - - [12/Jul/2022:03:22:09 +0200] "GET /Hilfe/Quicktime?action=print HTTP/1.1" 403 18 "-" "SEO Scanner/1.2.4 (SEO Crawler; seoscanners.info; info@seoscanners.info)"
85.25.177.219 - - [12/Jul/2022:03:23:15 +0200] "GET /Main/Home?action=print HTTP/1.1" 403 18 "-" "SEO Scanner/1.2.4 (SEO Crawler; seoscanners.info; info@seoscanners.info)"
85.25.177.219 - - [12/Jul/2022:03:24:17 +0200] "GET /Hilfe/Quicktime?action=diff HTTP/1.1" 403 18 "-" "SEO Scanner/1.2.4 (SEO Crawler; seoscanners.info; info@seoscanners.info)"
66.249.76.220 - - [12/Jul/2022:03:24:33 +0200] "GET /PodCast/IndexPage?action=rss HTTP/1.1" 200 6298 "-" "Mozilla/5.0 (compatible; Googlebot/2.1; +http://www.google.com/bot.html)"
85.25.177.219 - - [12/Jul/2022:03:26:01 +0200] "GET /Hilfe/AnleitungTonbeispiele?action=diff HTTP/1.1" 403 18 "-" "SEO Scanner/1.2.4 (SEO Crawler; seoscanners.info; info@seoscanners.info)"
85.25.177.219 - - [12/Jul/2022:03:26:32 +0200] "GET /Texte/Schrybwys?action=print HTTP/1.1" 403 18 "-" "SEO Scanner/1.2.4 (SEO Crawler; seoscanners.info; info@seoscanners.info)"
40.77.167.54 - - [12/Jul/2022:03:27:09 +0200] "GET /Site/Search?pagename=Site%2FSearch&q=2022 HTTP/1.1" 200 11056 "-" "Mozilla/5.0 (compatible; bingbot/2.0; +http://www.bing.com/bingbot.htm)"
85.25.177.219 - - [12/Jul/2022:03:31:00 +0200] "GET /Texte/Schrybwys?action=edit HTTP/1.1" 403 18 "-" "SEO Scanner/1.2.4 (SEO Crawler; seoscanners.info; info@seoscanners.info)"
194.209.200.2 - - [12/Jul/2022:03:31:09 +0200] "GET /robots.txt HTTP/1.1" 200 - "-" "Mozilla/5.0 (compatible; TMMBot/0.2; +http://www.dslab.ch)/Nutch-1.15"
194.209.200.2 - - [12/Jul/2022:03:31:09 +0200] "GET /Texte/Limericks HTTP/1.1" 200 8087 "-" "Mozilla/5.0 (compatible; TMMBot/0.2; +http://www.dslab.ch)/Nutch-1.15"
85.25.177.219 - - [12/Jul/2022:03:31:25 +0200] "GET /Admin/Links?action=upload HTTP/1.1" 403 18 "-" "SEO Scanner/1.2.4 (SEO Crawler; seoscanners.info; info@seoscanners.info)"
194.209.200.2 - - [12/Jul/2022:03:32:48 +0200] "GET /Texte/Metamorphoses HTTP/1.1" 200 9045 "-" "Mozilla/5.0 (compatible; TMMBot/0.2; +http://www.dslab.ch)/Nutch-1.15"
85.25.177.219 - - [12/Jul/2022:03:33:25 +0200] "GET /Texte/Gloosse?action=print HTTP/1.1" 403 18 "-" "SEO Scanner/1.2.4 (SEO Crawler; seoscanners.info; info@seoscanners.info)"
85.25.177.219 - - [12/Jul/2022:03:33:42 +0200] "GET /Admin/Pro-ZurituutschStatuten?action=edit HTTP/1.1" 403 18 "-" "SEO Scanner/1.2.4 (SEO Crawler; seoscanners.info; info@seoscanners.info)"
194.209.200.2 - - [12/Jul/2022:03:35:24 +0200] "GET /Texte/Bitterbeuhsi HTTP/1.1" 200 9255 "-" "Mozilla/5.0 (compatible; TMMBot/0.2; +http://www.dslab.ch)/Nutch-1.15"
194.209.200.2 - - [12/Jul/2022:03:35:35 +0200] "GET /Gast/Podcast HTTP/1.1" 200 8106 "-" "Mozilla/5.0 (compatible; TMMBot/0.2; +http://www.dslab.ch)/Nutch-1.15"
207.46.13.201 - - [12/Jul/2022:03:36:32 +0200] "GET /Site/Blickestoorff2 HTTP/1.1" 200 18706 "-" "Mozilla/5.0 (compatible; bingbot/2.0; +http://www.bing.com/bingbot.htm)"
85.25.177.219 - - [12/Jul/2022:03:37:35 +0200] "GET /Hilfe/AnleitungTonbeispiele?action=print HTTP/1.1" 403 18 "-" "SEO Scanner/1.2.4 (SEO Crawler; seoscanners.info; info@seoscanners.info)"
85.25.177.219 - - [12/Jul/2022:03:38:18 +0200] "GET /Admin/AdresseStiftung?action=upload HTTP/1.1" 403 18 "-" "SEO Scanner/1.2.4 (SEO Crawler; seoscanners.info; info@seoscanners.info)"
85.25.177.219 - - [12/Jul/2022:03:39:27 +0200] "GET /Hilfe/AnleitungTonbeispiele?action=upload HTTP/1.1" 403 18 "-" "SEO Scanner/1.2.4 (SEO Crawler; seoscanners.info; info@seoscanners.info)"
85.25.177.219 - - [12/Jul/2022:03:44:10 +0200] "GET /Admin/AdresseStiftung?action=edit HTTP/1.1" 403 18 "-" "SEO Scanner/1.2.4 (SEO Crawler; seoscanners.info; info@seoscanners.info)"
85.25.177.219 - - [12/Jul/2022:03:44:26 +0200] "GET /Texte/Rezension?action=upload HTTP/1.1" 403 18 "-" "SEO Scanner/1.2.4 (SEO Crawler; seoscanners.info; info@seoscanners.info)"
85.25.177.219 - - [12/Jul/2022:03:46:02 +0200] "GET /Admin/AdresseStiftung?action=diff HTTP/1.1" 403 18 "-" "SEO Scanner/1.2.4 (SEO Crawler; seoscanners.info; info@seoscanners.info)"
85.25.177.219 - - [12/Jul/2022:03:46:21 +0200] "GET /Admin/Pro-ZurituutschStatuten?action=diff HTTP/1.1" 403 18 "-" "SEO Scanner/1.2.4 (SEO Crawler; seoscanners.info; info@seoscanners.info)"
85.25.177.219 - - [12/Jul/2022:03:48:18 +0200] "GET /Texte/Gloosse?action=diff HTTP/1.1" 403 18 "-" "SEO Scanner/1.2.4 (SEO Crawler; seoscanners.info; info@seoscanners.info)"
85.25.177.219 - - [12/Jul/2022:03:48:34 +0200] "GET /Admin/Pro-ZurituutschStatuten?action=upload HTTP/1.1" 403 18 "-" "SEO Scanner/1.2.4 (SEO Crawler; seoscanners.info; info@seoscanners.info)"
85.25.177.219 - - [12/Jul/2022:03:50:07 +0200] "GET /Texte/Gloosse?action=edit HTTP/1.1" 403 18 "-" "SEO Scanner/1.2.4 (SEO Crawler; seoscanners.info; info@seoscanners.info)"
85.25.177.219 - - [12/Jul/2022:03:53:36 +0200] "GET /Hilfe/RealOne?action=edit HTTP/1.1" 403 18 "-" "SEO Scanner/1.2.4 (SEO Crawler; seoscanners.info; info@seoscanners.info)"
85.25.177.219 - - [12/Jul/2022:03:54:16 +0200] "GET /Gast/Podcast?action=edit HTTP/1.1" 403 18 "-" "SEO Scanner/1.2.4 (SEO Crawler; seoscanners.info; info@seoscanners.info)"
185.191.171.7 - - [12/Jul/2022:03:54:32 +0200] "GET /PmWikiDe/Links?action=upload HTTP/1.1" 403 18 "-" "Mozilla/5.0 (compatible; SemrushBot/7~bl; +http://www.semrush.com/bot.html)"
85.25.177.219 - - [12/Jul/2022:03:55:40 +0200] "GET /Hilfe/Passwort?action=edit HTTP/1.1" 404 18 "-" "SEO Scanner/1.2.4 (SEO Crawler; seoscanners.info; info@seoscanners.info)"
85.25.177.219 - - [12/Jul/2022:03:56:07 +0200] "GET /Gast/Podcast?action=print HTTP/1.1" 403 18 "-" "SEO Scanner/1.2.4 (SEO Crawler; seoscanners.info; info@seoscanners.info)"
85.25.177.219 - - [12/Jul/2022:03:58:29 +0200] "GET /Hilfe/RealOne?action=upload HTTP/1.1" 403 18 "-" "SEO Scanner/1.2.4 (SEO Crawler; seoscanners.info; info@seoscanners.info)"
85.25.177.219 - - [12/Jul/2022:04:00:27 +0200] "GET /Texte/Gloosse?action=upload HTTP/1.1" 403 18 "-" "SEO Scanner/1.2.4 (SEO Crawler; seoscanners.info; info@seoscanners.info)"
85.25.177.219 - - [12/Jul/2022:04:00:44 +0200] "GET /Hilfe/RealOne?action=print HTTP/1.1" 403 18 "-" "SEO Scanner/1.2.4 (SEO Crawler; seoscanners.info; info@seoscanners.info)"
85.25.177.219 - - [12/Jul/2022:04:02:39 +0200] "GET /Hilfe/RealOne?action=diff HTTP/1.1" 403 18 "-" "SEO Scanner/1.2.4 (SEO Crawler; seoscanners.info; info@seoscanners.info)"
85.25.177.219 - - [12/Jul/2022:04:03:18 +0200] "GET /PodCast/RSSPodcasts?action=upload HTTP/1.1" 403 18 "-" "SEO Scanner/1.2.4 (SEO Crawler; seoscanners.info; info@seoscanners.info)"
185.191.171.23 - - [12/Jul/2022:04:04:14 +0200] "GET /robots.txt HTTP/1.1" 200 - "-" "Mozilla/5.0 (compatible; SemrushBot/7~bl; +http://www.semrush.com/bot.html)"
185.191.171.4 - - [12/Jul/2022:04:04:15 +0200] "GET /PmWikiIt/PaginaProva?action=upload HTTP/1.1" 403 18 "-" "Mozilla/5.0 (compatible; SemrushBot/7~bl; +http://www.semrush.com/bot.html)"
194.209.200.2 - - [12/Jul/2022:04:06:14 +0200] "GET /robots.txt HTTP/1.1" 200 - "-" "Mozilla/5.0 (compatible; TMMBot/0.2; +http://www.dslab.ch)/Nutch-1.15"
194.209.200.2 - - [12/Jul/2022:04:06:14 +0200] "GET /Texte/Metamorphoses HTTP/1.1" 200 9045 "-" "Mozilla/5.0 (compatible; TMMBot/0.2; +http://www.dslab.ch)/Nutch-1.15"
85.25.177.219 - - [12/Jul/2022:04:07:42 +0200] "GET /Gast/Podcast?action=upload HTTP/1.1" 403 18 "-" "SEO Scanner/1.2.4 (SEO Crawler; seoscanners.info; info@seoscanners.info)"
85.25.177.219 - - [12/Jul/2022:04:08:03 +0200] "GET /Hilfe/Winamp?action=diff HTTP/1.1" 403 18 "-" "SEO Scanner/1.2.4 (SEO Crawler; seoscanners.info; info@seoscanners.info)"
194.209.200.2 - - [12/Jul/2022:04:08:52 +0200] "GET /Texte/Bitterbeuhsi HTTP/1.1" 200 9255 "-" "Mozilla/5.0 (compatible; TMMBot/0.2; +http://www.dslab.ch)/Nutch-1.15"
194.209.200.2 - - [12/Jul/2022:04:09:01 +0200] "GET /Gast/Podcast HTTP/1.1" 200 8106 "-" "Mozilla/5.0 (compatible; TMMBot/0.2; +http://www.dslab.ch)/Nutch-1.15"
85.25.177.219 - - [12/Jul/2022:04:09:38 +0200] "GET /Hilfe/Winamp?action=print HTTP/1.1" 403 18 "-" "SEO Scanner/1.2.4 (SEO Crawler; seoscanners.info; info@seoscanners.info)"
85.25.177.219 - - [12/Jul/2022:04:10:04 +0200] "GET /Admin/Links?action=diff HTTP/1.1" 403 18 "-" "SEO Scanner/1.2.4 (SEO Crawler; seoscanners.info; info@seoscanners.info)"
85.25.177.219 - - [12/Jul/2022:04:11:48 +0200] "GET /Admin/Links?action=print HTTP/1.1" 403 18 "-" "SEO Scanner/1.2.4 (SEO Crawler; seoscanners.info; info@seoscanners.info)"
85.25.177.219 - - [12/Jul/2022:04:14:08 +0200] "GET /Texte/Limericks?action=edit HTTP/1.1" 403 18 "-" "SEO Scanner/1.2.4 (SEO Crawler; seoscanners.info; info@seoscanners.info)"
85.25.177.219 - - [12/Jul/2022:04:15:42 +0200] "GET /Texte/Metamorphoses?action=edit HTTP/1.1" 403 18 "-" "SEO Scanner/1.2.4 (SEO Crawler; seoscanners.info; info@seoscanners.info)"
85.25.177.219 - - [12/Jul/2022:04:16:39 +0200] "GET /Hilfe/Winamp?action=edit HTTP/1.1" 403 18 "-" "SEO Scanner/1.2.4 (SEO Crawler; seoscanners.info; info@seoscanners.info)"
85.25.177.219 - - [12/Jul/2022:04:17:25 +0200] "GET /Texte/Metamorphoses?action=print HTTP/1.1" 403 18 "-" "SEO Scanner/1.2.4 (SEO Crawler; seoscanners.info; info@seoscanners.info)"
85.25.177.219 - - [12/Jul/2022:04:19:15 +0200] "GET /Texte/ZurcherischEnglish?action=edit HTTP/1.1" 403 18 "-" "SEO Scanner/1.2.4 (SEO Crawler; seoscanners.info; info@seoscanners.info)"
40.77.167.51 - - [12/Jul/2022:04:20:51 +0200] "GET /Site/Search?pagename=Site%2FSearch&q=2023 HTTP/1.1" 200 10829 "-" "Mozilla/5.0 (compatible; bingbot/2.0; +http://www.bing.com/bingbot.htm)"
85.25.177.219 - - [12/Jul/2022:04:22:50 +0200] "GET /Texte/Styluebige?action=print HTTP/1.1" 403 18 "-" "SEO Scanner/1.2.4 (SEO Crawler; seoscanners.info; info@seoscanners.info)"
85.25.177.219 - - [12/Jul/2022:04:24:00 +0200] "GET /Texte/Roman?action=edit HTTP/1.1" 403 18 "-" "SEO Scanner/1.2.4 (SEO Crawler; seoscanners.info; info@seoscanners.info)"
85.25.177.219 - - [12/Jul/2022:04:24:39 +0200] "GET /Texte/Metamorphoses?action=upload HTTP/1.1" 403 18 "-" "SEO Scanner/1.2.4 (SEO Crawler; seoscanners.info; info@seoscanners.info)"
85.25.177.219 - - [12/Jul/2022:04:26:14 +0200] "GET /Texte/Roman?action=print HTTP/1.1" 403 18 "-" "SEO Scanner/1.2.4 (SEO Crawler; seoscanners.info; info@seoscanners.info)"
85.25.177.219 - - [12/Jul/2022:04:26:58 +0200] "GET /Texte/Styluebige?action=edit HTTP/1.1" 403 18 "-" "SEO Scanner/1.2.4 (SEO Crawler; seoscanners.info; info@seoscanners.info)"
66.249.76.253 - - [12/Jul/2022:04:27:59 +0200] "GET /PodCast/IndexPage?action=rss HTTP/1.1" 200 6298 "-" "Mozilla/5.0 (compatible; Googlebot/2.1; +http://www.google.com/bot.html)"
85.25.177.219 - - [12/Jul/2022:04:28:46 +0200] "GET /Main/Home?action=edit HTTP/1.1" 403 18 "-" "SEO Scanner/1.2.4 (SEO Crawler; seoscanners.info; info@seoscanners.info)"
85.25.177.219 - - [12/Jul/2022:04:29:08 +0200] "GET /Texte/Styluebige?action=upload HTTP/1.1" 403 18 "-" "SEO Scanner/1.2.4 (SEO Crawler; seoscanners.info; info@seoscanners.info)"
40.77.167.14 - - [12/Jul/2022:04:29:34 +0200] "GET /Site/Search?pagename=Site%2FSearch&q= HTTP/1.1" 200 10615 "-" "Mozilla/5.0 (compatible; bingbot/2.0; +http://www.bing.com/bingbot.htm)"
85.25.177.219 - - [12/Jul/2022:04:30:46 +0200] "GET /Texte/ZurcherischEnglish?action=print HTTP/1.1" 403 18 "-" "SEO Scanner/1.2.4 (SEO Crawler; seoscanners.info; info@seoscanners.info)"
85.25.177.219 - - [12/Jul/2022:04:32:21 +0200] "GET /Texte/ZurcherischEnglish?action=diff HTTP/1.1" 403 18 "-" "SEO Scanner/1.2.4 (SEO Crawler; seoscanners.info; info@seoscanners.info)"
85.25.177.219 - - [12/Jul/2022:04:34:13 +0200] "GET /Admin/Links?action=edit HTTP/1.1" 403 18 "-" "SEO Scanner/1.2.4 (SEO Crawler; seoscanners.info; info@seoscanners.info)"
85.25.177.219 - - [12/Jul/2022:04:34:51 +0200] "GET /Texte/Styluebige?action=diff HTTP/1.1" 403 18 "-" "SEO Scanner/1.2.4 (SEO Crawler; seoscanners.info; info@seoscanners.info)"
85.25.177.219 - - [12/Jul/2022:04:35:33 +0200] "GET /Texte/GDicht?action=edit HTTP/1.1" 403 18 "-" "SEO Scanner/1.2.4 (SEO Crawler; seoscanners.info; info@seoscanners.info)"
34.205.54.178 - - [12/Jul/2022:04:39:21 +0200] "GET /Site/PodCast HTTP/1.1" 200 40934 "-" "Mozilla/5.0 (X11; Linux x86_64) AppleWebKit/537.36 (KHTML, like Gecko) Chrome/84.0.4147.135 Safari/537.36"
85.25.177.219 - - [12/Jul/2022:04:40:12 +0200] "GET /Texte/Limericks?action=print HTTP/1.1" 403 18 "-" "SEO Scanner/1.2.4 (SEO Crawler; seoscanners.info; info@seoscanners.info)"
85.25.177.219 - - [12/Jul/2022:04:41:30 +0200] "GET /Texte/ArsAmatoria?action=upload HTTP/1.1" 403 18 "-" "SEO Scanner/1.2.4 (SEO Crawler; seoscanners.info; info@seoscanners.info)"
85.25.177.219 - - [12/Jul/2022:04:41:58 +0200] "GET /Texte/ArsAmatoria?action=diff HTTP/1.1" 403 18 "-" "SEO Scanner/1.2.4 (SEO Crawler; seoscanners.info; info@seoscanners.info)"
85.25.177.219 - - [12/Jul/2022:04:43:46 +0200] "GET /Texte/ArsAmatoria?action=print HTTP/1.1" 403 18 "-" "SEO Scanner/1.2.4 (SEO Crawler; seoscanners.info; info@seoscanners.info)"
194.209.200.2 - - [12/Jul/2022:04:47:58 +0200] "GET /robots.txt HTTP/1.1" 200 - "-" "Mozilla/5.0 (compatible; TMMBot/0.2; +http://www.dslab.ch)/Nutch-1.15"
194.209.200.2 - - [12/Jul/2022:04:47:58 +0200] "GET /Texte/Metamorphoses HTTP/1.1" 200 9045 "-" "Mozilla/5.0 (compatible; TMMBot/0.2; +http://www.dslab.ch)/Nutch-1.15"
185.191.171.42 - - [12/Jul/2022:04:48:29 +0200] "GET /PmWikiFr/DocumentationGuidelines?action=upload HTTP/1.1" 403 18 "-" "Mozilla/5.0 (compatible; SemrushBot/7~bl; +http://www.semrush.com/bot.html)"
85.25.177.219 - - [12/Jul/2022:04:48:58 +0200] "GET /Texte/Schrybwys?action=upload HTTP/1.1" 403 18 "-" "SEO Scanner/1.2.4 (SEO Crawler; seoscanners.info; info@seoscanners.info)"
85.25.177.219 - - [12/Jul/2022:04:49:42 +0200] "GET /Texte/GDicht?action=upload HTTP/1.1" 403 18 "-" "SEO Scanner/1.2.4 (SEO Crawler; seoscanners.info; info@seoscanners.info)"
194.209.200.2 - - [12/Jul/2022:04:50:33 +0200] "GET /Texte/Bitterbeuhsi HTTP/1.1" 200 9255 "-" "Mozilla/5.0 (compatible; TMMBot/0.2; +http://www.dslab.ch)/Nutch-1.15"
194.209.200.2 - - [12/Jul/2022:04:50:43 +0200] "GET /Gast/Podcast HTTP/1.1" 200 8106 "-" "Mozilla/5.0 (compatible; TMMBot/0.2; +http://www.dslab.ch)/Nutch-1.15"
162.55.85.227 - - [12/Jul/2022:04:52:04 +0200] "GET /robots.txt HTTP/1.1" 200 - "-" "Mozilla/5.0 (compatible; BLEXBot/1.0; +http://webmeup-crawler.com/)"
162.55.85.227 - - [12/Jul/2022:04:52:04 +0200] "GET /sitemap HTTP/1.1" 404 273 "-" "Mozilla/5.0 (compatible; BLEXBot/1.0; +http://webmeup-crawler.com/)"
162.55.85.227 - - [12/Jul/2022:04:52:07 +0200] "GET /sitemap.txt HTTP/1.1" 404 277 "-" "Mozilla/5.0 (compatible; BLEXBot/1.0; +http://webmeup-crawler.com/)"
85.25.177.219 - - [12/Jul/2022:04:55:12 +0200] "GET /Texte/Schrybwys?action=diff HTTP/1.1" 403 18 "-" "SEO Scanner/1.2.4 (SEO Crawler; seoscanners.info; info@seoscanners.info)"
85.25.177.219 - - [12/Jul/2022:04:56:10 +0200] "GET /Texte/GDicht?action=diff HTTP/1.1" 403 18 "-" "SEO Scanner/1.2.4 (SEO Crawler; seoscanners.info; info@seoscanners.info)"
85.25.177.219 - - [12/Jul/2022:04:57:58 +0200] "GET /Texte/Rezension?action=edit HTTP/1.1" 403 18 "-" "SEO Scanner/1.2.4 (SEO Crawler; seoscanners.info; info@seoscanners.info)"
114.119.141.2 - - [12/Jul/2022:04:58:25 +0200] "GET /PmWiki/FilePermissions?action=edit HTTP/1.1" 403 18 "http://www.pro-zurituutsch.ch/PmWiki/FilePermissions" "Mozilla/5.0 (Linux; Android 7.0;) AppleWebKit/537.36 (KHTML, like Gecko) Mobile Safari/537.36 (compatible; PetalBot;+https://webmaster.petalsearch.com/site/petalbot)"
85.25.177.219 - - [12/Jul/2022:05:00:22 +0200] "GET /Texte/Roman?action=upload HTTP/1.1" 403 18 "-" "SEO Scanner/1.2.4 (SEO Crawler; seoscanners.info; info@seoscanners.info)"
85.25.177.219 - - [12/Jul/2022:05:01:44 +0200] "GET /Texte/Bitterbeuhsi?action=edit HTTP/1.1" 403 18 "-" "SEO Scanner/1.2.4 (SEO Crawler; seoscanners.info; info@seoscanners.info)"
85.25.177.219 - - [12/Jul/2022:05:02:06 +0200] "GET /Texte/Rezension?action=diff HTTP/1.1" 403 18 "-" "SEO Scanner/1.2.4 (SEO Crawler; seoscanners.info; info@seoscanners.info)"
85.25.177.219 - - [12/Jul/2022:05:03:50 +0200] "GET /Texte/Bitterbeuhsi?action=upload HTTP/1.1" 403 18 "-" "SEO Scanner/1.2.4 (SEO Crawler; seoscanners.info; info@seoscanners.info)"
85.25.177.219 - - [12/Jul/2022:05:05:48 +0200] "GET /Admin/ZurStiftung?action=print HTTP/1.1" 403 18 "-" "SEO Scanner/1.2.4 (SEO Crawler; seoscanners.info; info@seoscanners.info)"
114.119.141.200 - - [12/Jul/2022:05:06:42 +0200] "GET /PmWikiLt/XLPage?action=print HTTP/1.1" 403 18 "http://www.pro-zurituutsch.ch/PmWikiLt/XLPage" "Mozilla/5.0 (Linux; Android 7.0;) AppleWebKit/537.36 (KHTML, like Gecko) Mobile Safari/537.36 (compatible; PetalBot;+https://webmaster.petalsearch.com/site/petalbot)"
185.191.171.10 - - [12/Jul/2022:05:08:47 +0200] "GET /robots.txt HTTP/1.1" 200 - "-" "Mozilla/5.0 (compatible; SemrushBot/7~bl; +http://www.semrush.com/bot.html)"
185.191.171.45 - - [12/Jul/2022:05:08:47 +0200] "GET /PmWikiFr/WikiArchitecture?action=print HTTP/1.1" 403 18 "-" "Mozilla/5.0 (compatible; SemrushBot/7~bl; +http://www.semrush.com/bot.html)"
85.25.177.219 - - [12/Jul/2022:05:09:18 +0200] "GET /Admin/ZurStiftung?action=diff HTTP/1.1" 403 18 "-" "SEO Scanner/1.2.4 (SEO Crawler; seoscanners.info; info@seoscanners.info)"
85.25.177.219 - - [12/Jul/2022:05:10:51 +0200] "GET /Texte/Bitterbeuhsi?action=diff HTTP/1.1" 403 18 "-" "SEO Scanner/1.2.4 (SEO Crawler; seoscanners.info; info@seoscanners.info)"
85.25.177.219 - - [12/Jul/2022:05:12:11 +0200] "GET /PodCast/RSSPodcasts?action=diff HTTP/1.1" 403 18 "-" "SEO Scanner/1.2.4 (SEO Crawler; seoscanners.info; info@seoscanners.info)"
85.25.177.219 - - [12/Jul/2022:05:14:37 +0200] "GET /Admin/ZurStiftung?action=upload HTTP/1.1" 403 18 "-" "SEO Scanner/1.2.4 (SEO Crawler; seoscanners.info; info@seoscanners.info)"
85.25.177.219 - - [12/Jul/2022:05:15:40 +0200] "GET /Admin/ZurStiftung?action=edit HTTP/1.1" 403 18 "-" "SEO Scanner/1.2.4 (SEO Crawler; seoscanners.info; info@seoscanners.info)"
85.25.177.219 - - [12/Jul/2022:05:17:24 +0200] "GET /Texte/Rezension?action=print HTTP/1.1" 403 18 "-" "SEO Scanner/1.2.4 (SEO Crawler; seoscanners.info; info@seoscanners.info)"
85.25.177.219 - - [12/Jul/2022:05:19:01 +0200] "GET /PodCast/RSSPodcasts?action=print HTTP/1.1" 403 18 "-" "SEO Scanner/1.2.4 (SEO Crawler; seoscanners.info; info@seoscanners.info)"
85.25.177.219 - - [12/Jul/2022:05:19:57 +0200] "GET /PodCast/RSSPodcasts?action=edit HTTP/1.1" 403 18 "-" "SEO Scanner/1.2.4 (SEO Crawler; seoscanners.info; info@seoscanners.info)"
85.25.177.219 - - [12/Jul/2022:05:21:46 +0200] "GET /Texte/Bitterbeuhsi?action=print HTTP/1.1" 403 18 "-" "SEO Scanner/1.2.4 (SEO Crawler; seoscanners.info; info@seoscanners.info)"
85.25.177.219 - - [12/Jul/2022:05:23:25 +0200] "GET /Hilfe/Quicktime?action=edit HTTP/1.1" 403 18 "-" "SEO Scanner/1.2.4 (SEO Crawler; seoscanners.info; info@seoscanners.info)"
85.25.177.219 - - [12/Jul/2022:05:23:50 +0200] "GET /Hilfe/Quicktime?action=print HTTP/1.1" 403 18 "-" "SEO Scanner/1.2.4 (SEO Crawler; seoscanners.info; info@seoscanners.info)"
85.25.177.219 - - [12/Jul/2022:05:26:52 +0200] "GET /Hilfe/Quicktime?action=diff HTTP/1.1" 403 18 "-" "SEO Scanner/1.2.4 (SEO Crawler; seoscanners.info; info@seoscanners.info)"
85.25.177.219 - - [12/Jul/2022:05:27:50 +0200] "GET /Hilfe/AnleitungTonbeispiele?action=diff HTTP/1.1" 403 18 "-" "SEO Scanner/1.2.4 (SEO Crawler; seoscanners.info; info@seoscanners.info)"
85.25.177.219 - - [12/Jul/2022:05:28:06 +0200] "GET /Texte/Schrybwys?action=print HTTP/1.1" 403 18 "-" "SEO Scanner/1.2.4 (SEO Crawler; seoscanners.info; info@seoscanners.info)"
85.25.177.219 - - [12/Jul/2022:05:32:56 +0200] "GET /Admin/Links?action=upload HTTP/1.1" 403 18 "-" "SEO Scanner/1.2.4 (SEO Crawler; seoscanners.info; info@seoscanners.info)"
185.191.171.4 - - [12/Jul/2022:05:35:10 +0200] "GET /PmWikiFr/A?action=search&fmt=title&q=link%3DPmWikiFr.Security HTTP/1.1" 404 18 "-" "Mozilla/5.0 (compatible; SemrushBot/7~bl; +http://www.semrush.com/bot.html)"
66.249.76.225 - - [12/Jul/2022:05:35:22 +0200] "GET /PodCast/IndexPage?action=rss HTTP/1.1" 200 6298 "-" "Mozilla/5.0 (compatible; Googlebot/2.1; +http://www.google.com/bot.html)"
85.25.177.219 - - [12/Jul/2022:05:35:25 +0200] "GET /Admin/Pro-ZurituutschStatuten?action=edit HTTP/1.1" 403 18 "-" "SEO Scanner/1.2.4 (SEO Crawler; seoscanners.info; info@seoscanners.info)"
85.25.177.219 - - [12/Jul/2022:05:35:32 +0200] "GET /Texte/Schrybwys?action=edit HTTP/1.1" 403 18 "-" "SEO Scanner/1.2.4 (SEO Crawler; seoscanners.info; info@seoscanners.info)"
185.191.171.20 - - [12/Jul/2022:05:36:58 +0200] "GET /PmWikiFr/IndexDocAdmin?action=edit HTTP/1.1" 403 18 "-" "Mozilla/5.0 (compatible; SemrushBot/7~bl; +http://www.semrush.com/bot.html)"
85.25.177.219 - - [12/Jul/2022:05:37:03 +0200] "GET /Texte/Gloosse?action=print HTTP/1.1" 403 18 "-" "SEO Scanner/1.2.4 (SEO Crawler; seoscanners.info; info@seoscanners.info)"
207.46.13.18 - - [12/Jul/2022:05:38:07 +0200] "GET /PmWiki/Skins HTTP/1.1" 200 22575 "-" "Mozilla/5.0 (compatible; bingbot/2.0; +http://www.bing.com/bingbot.htm)"
85.25.177.219 - - [12/Jul/2022:05:39:26 +0200] "GET /Hilfe/AnleitungTonbeispiele?action=print HTTP/1.1" 403 18 "-" "SEO Scanner/1.2.4 (SEO Crawler; seoscanners.info; info@seoscanners.info)"
85.25.177.219 - - [12/Jul/2022:05:40:51 +0200] "GET /Admin/AdresseStiftung?action=upload HTTP/1.1" 403 18 "-" "SEO Scanner/1.2.4 (SEO Crawler; seoscanners.info; info@seoscanners.info)"
185.191.171.17 - - [12/Jul/2022:05:43:01 +0200] "GET /PmWikiHu/SzovegFormazasiSzabalyok HTTP/1.1" 200 18091 "-" "Mozilla/5.0 (compatible; SemrushBot/7~bl; +http://www.semrush.com/bot.html)"
85.25.177.219 - - [12/Jul/2022:05:44:14 +0200] "GET /Hilfe/AnleitungTonbeispiele?action=upload HTTP/1.1" 403 18 "-" "SEO Scanner/1.2.4 (SEO Crawler; seoscanners.info; info@seoscanners.info)"
85.25.177.219 - - [12/Jul/2022:05:45:40 +0200] "GET /Admin/AdresseStiftung?action=edit HTTP/1.1" 403 18 "-" "SEO Scanner/1.2.4 (SEO Crawler; seoscanners.info; info@seoscanners.info)"
85.25.177.219 - - [12/Jul/2022:05:46:19 +0200] "GET /Texte/Rezension?action=upload HTTP/1.1" 403 18 "-" "SEO Scanner/1.2.4 (SEO Crawler; seoscanners.info; info@seoscanners.info)"
85.25.177.219 - - [12/Jul/2022:05:48:02 +0200] "GET /Admin/Pro-ZurituutschStatuten?action=diff HTTP/1.1" 403 18 "-" "SEO Scanner/1.2.4 (SEO Crawler; seoscanners.info; info@seoscanners.info)"
85.25.177.219 - - [12/Jul/2022:05:50:44 +0200] "GET /Admin/Pro-ZurituutschStatuten?action=upload HTTP/1.1" 403 18 "-" "SEO Scanner/1.2.4 (SEO Crawler; seoscanners.info; info@seoscanners.info)"
85.25.177.219 - - [12/Jul/2022:05:52:19 +0200] "GET /Admin/AdresseStiftung?action=diff HTTP/1.1" 403 18 "-" "SEO Scanner/1.2.4 (SEO Crawler; seoscanners.info; info@seoscanners.info)"
54.36.148.182 - - [12/Jul/2022:05:55:20 +0200] "GET /Texte/Gloosse HTTP/1.1" 200 8061 "-" "Mozilla/5.0 (compatible; AhrefsBot/7.0; +http://ahrefs.com/robot/)"
85.25.177.219 - - [12/Jul/2022:05:55:39 +0200] "GET /Hilfe/RealOne?action=edit HTTP/1.1" 403 18 "-" "SEO Scanner/1.2.4 (SEO Crawler; seoscanners.info; info@seoscanners.info)"
85.25.177.219 - - [12/Jul/2022:05:57:52 +0200] "GET /Hilfe/Passwort?action=edit HTTP/1.1" 404 18 "-" "SEO Scanner/1.2.4 (SEO Crawler; seoscanners.info; info@seoscanners.info)"
85.25.177.219 - - [12/Jul/2022:05:59:51 +0200] "GET /Hilfe/RealOne?action=upload HTTP/1.1" 403 18 "-" "SEO Scanner/1.2.4 (SEO Crawler; seoscanners.info; info@seoscanners.info)"
