35.210.101.181 - - [05/Apr/2022:11:02:04 +0200] "GET /site/sidebar HTTP/1.1" 404 278 "-" "Mozilla/5.0 (compatible; VelenPublicWebCrawler/1.0; +https://velen.io)"
35.210.101.181 - - [05/Apr/2022:11:02:06 +0200] "GET /bestellen/pschtellf HTTP/1.1" 404 285 "-" "Mozilla/5.0 (compatible; VelenPublicWebCrawler/1.0; +https://velen.io)"
194.209.200.2 - - [05/Apr/2022:11:05:43 +0200] "GET /robots.txt HTTP/1.1" 200 - "-" "Mozilla/5.0 (compatible; TMMBot/0.2; +http://www.dslab.ch)/Nutch-1.15"
194.209.200.2 - - [05/Apr/2022:11:05:43 +0200] "GET /Texte/ZurcherischEnglish HTTP/1.1" 200 8274 "-" "Mozilla/5.0 (compatible; TMMBot/0.2; +http://www.dslab.ch)/Nutch-1.15"
171.255.197.17 - - [05/Apr/2022:11:05:47 +0200] "HEAD / HTTP/1.1" 200 - "-" "go-resty/2.6.0 (https://github.com/go-resty/resty)"
194.209.200.2 - - [05/Apr/2022:11:07:16 +0200] "GET /Texte/Limericks HTTP/1.1" 200 8087 "-" "Mozilla/5.0 (compatible; TMMBot/0.2; +http://www.dslab.ch)/Nutch-1.15"
194.209.200.2 - - [05/Apr/2022:11:07:19 +0200] "GET /Texte/Schrybwys HTTP/1.1" 200 11028 "-" "Mozilla/5.0 (compatible; TMMBot/0.2; +http://www.dslab.ch)/Nutch-1.15"
42.236.10.123 - - [05/Apr/2022:11:08:02 +0200] "GET / HTTP/1.1" 200 14638 "http://www.pro-zurituutsch.ch/" "Mozilla/5.0 (Windows NT 6.1; WOW64) AppleWebKit/537.36 (KHTML, like Gecko) Chrome/50.0.2661.102 Safari/537.36; 360Spider"
54.36.148.111 - - [05/Apr/2022:11:08:06 +0200] "GET /PmWiki/WikiGroups HTTP/1.1" 302 191 "-" "Mozilla/5.0 (compatible; AhrefsBot/7.0; +http://ahrefs.com/robot/)"
45.56.103.4 - - [05/Apr/2022:11:08:19 +0200] "GET /PodCast/IndexPage?action=rss HTTP/1.1" 200 6298 "-" "PlayerFM/1.0 Podcast Sync (1 subscribers; url=https://player.fm/series/podcast-2872909)"
194.209.200.2 - - [05/Apr/2022:11:08:41 +0200] "GET /Admin/Links HTTP/1.1" 200 14193 "-" "Mozilla/5.0 (compatible; TMMBot/0.2; +http://www.dslab.ch)/Nutch-1.15"
194.209.200.2 - - [05/Apr/2022:11:08:49 +0200] "GET /Texte/Metamorphoses HTTP/1.1" 200 9045 "-" "Mozilla/5.0 (compatible; TMMBot/0.2; +http://www.dslab.ch)/Nutch-1.15"
3.219.254.95 - - [05/Apr/2022:11:09:09 +0200] "GET /PodCast/IndexPage?action=rss HTTP/1.1" 200 6298 "-" "PocketCasts/1.0 (Pocket Casts Feed Parser; +http://pocketcasts.com/)"
194.209.200.2 - - [05/Apr/2022:11:09:44 +0200] "GET /Texte/Gloosse HTTP/1.1" 200 8061 "-" "Mozilla/5.0 (compatible; TMMBot/0.2; +http://www.dslab.ch)/Nutch-1.15"
194.209.200.2 - - [05/Apr/2022:11:11:16 +0200] "GET /Texte/Bitterbeuhsi HTTP/1.1" 200 9255 "-" "Mozilla/5.0 (compatible; TMMBot/0.2; +http://www.dslab.ch)/Nutch-1.15"
194.209.200.2 - - [05/Apr/2022:11:11:26 +0200] "GET /Gast/Podcast HTTP/1.1" 200 8106 "-" "Mozilla/5.0 (compatible; TMMBot/0.2; +http://www.dslab.ch)/Nutch-1.15"
185.191.171.18 - - [05/Apr/2022:11:12:07 +0200] "GET /robots.txt HTTP/1.1" 200 - "-" "Mozilla/5.0 (compatible; SemrushBot/7~bl; +http://www.semrush.com/bot.html)"
185.191.171.45 - - [05/Apr/2022:11:12:08 +0200] "GET /PmWikiRu/A?action=search&fmt=title&q=link%3DPmWikiRu.GroupHeader HTTP/1.1" 404 18 "-" "Mozilla/5.0 (compatible; SemrushBot/7~bl; +http://www.semrush.com/bot.html)"
185.191.171.18 - - [05/Apr/2022:11:14:19 +0200] "GET /PmWikiFr/GroupHeader?action=upload HTTP/1.1" 403 18 "-" "Mozilla/5.0 (compatible; SemrushBot/7~bl; +http://www.semrush.com/bot.html)"
66.249.70.97 - - [05/Apr/2022:11:15:58 +0200] "GET /robots.txt HTTP/1.1" 200 - "-" "Mozilla/5.0 (compatible; Googlebot/2.1; +http://www.google.com/bot.html)"
66.249.70.124 - - [05/Apr/2022:11:15:58 +0200] "GET /PodCast/IndexPage?action=rss HTTP/1.1" 200 6298 "-" "Mozilla/5.0 (compatible; Googlebot/2.1; +http://www.google.com/bot.html)"
114.119.141.217 - - [05/Apr/2022:11:26:37 +0200] "GET /PmWikiFr/PageHistory?action=edit HTTP/1.1" 403 18 "-" "Mozilla/5.0 (Linux; Android 7.0;) AppleWebKit/537.36 (KHTML, like Gecko) Mobile Safari/537.36 (compatible; PetalBot;+https://webmaster.petalsearch.com/site/petalbot)"
171.255.197.32 - - [05/Apr/2022:11:27:42 +0200] "GET / HTTP/1.1" 200 14638 "-" "MAndroid"
54.36.149.0 - - [05/Apr/2022:11:28:13 +0200] "GET / HTTP/1.1" 200 14638 "-" "Mozilla/5.0 (compatible; AhrefsBot/7.0; +http://ahrefs.com/robot/)"
114.119.141.201 - - [05/Apr/2022:11:29:15 +0200] "GET /PodCast/Buecherbrand?action=diff HTTP/1.1" 403 18 "-" "Mozilla/5.0 (Linux; Android 7.0;) AppleWebKit/537.36 (KHTML, like Gecko) Mobile Safari/537.36 (compatible; PetalBot;+https://webmaster.petalsearch.com/site/petalbot)"
194.209.200.2 - - [05/Apr/2022:11:33:01 +0200] "GET /robots.txt HTTP/1.1" 200 - "-" "Mozilla/5.0 (compatible; TMMBot/0.2; +http://www.dslab.ch)/Nutch-1.15"
194.209.200.2 - - [05/Apr/2022:11:33:01 +0200] "GET /Texte/ZurcherischEnglish HTTP/1.1" 200 8274 "-" "Mozilla/5.0 (compatible; TMMBot/0.2; +http://www.dslab.ch)/Nutch-1.15"
194.209.200.2 - - [05/Apr/2022:11:34:34 +0200] "GET /Texte/Limericks HTTP/1.1" 200 8087 "-" "Mozilla/5.0 (compatible; TMMBot/0.2; +http://www.dslab.ch)/Nutch-1.15"
194.209.200.2 - - [05/Apr/2022:11:34:39 +0200] "GET /Texte/Schrybwys HTTP/1.1" 200 11028 "-" "Mozilla/5.0 (compatible; TMMBot/0.2; +http://www.dslab.ch)/Nutch-1.15"
74.125.208.110 - - [05/Apr/2022:11:35:15 +0200] "GET /uploads/Texte/ZurSchreibweise.jpg HTTP/1.1" 200 90748 "-" "Mozilla/5.0 (Windows NT 5.1; rv:11.0) Gecko Firefox/11.0 (via ggpht.com GoogleImageProxy)"
194.209.200.2 - - [05/Apr/2022:11:36:02 +0200] "GET /Admin/Links HTTP/1.1" 200 14193 "-" "Mozilla/5.0 (compatible; TMMBot/0.2; +http://www.dslab.ch)/Nutch-1.15"
194.209.200.2 - - [05/Apr/2022:11:36:10 +0200] "GET /Texte/Metamorphoses HTTP/1.1" 200 9045 "-" "Mozilla/5.0 (compatible; TMMBot/0.2; +http://www.dslab.ch)/Nutch-1.15"
194.209.200.2 - - [05/Apr/2022:11:37:06 +0200] "GET /Texte/Gloosse HTTP/1.1" 200 8061 "-" "Mozilla/5.0 (compatible; TMMBot/0.2; +http://www.dslab.ch)/Nutch-1.15"
194.209.200.2 - - [05/Apr/2022:11:38:14 +0200] "GET /Admin/ZurStiftung HTTP/1.1" 200 10864 "-" "Mozilla/5.0 (compatible; TMMBot/0.2; +http://www.dslab.ch)/Nutch-1.15"
194.209.200.2 - - [05/Apr/2022:11:38:36 +0200] "GET /Texte/Bitterbeuhsi HTTP/1.1" 200 9255 "-" "Mozilla/5.0 (compatible; TMMBot/0.2; +http://www.dslab.ch)/Nutch-1.15"
194.209.200.2 - - [05/Apr/2022:11:38:45 +0200] "GET /Gast/Podcast HTTP/1.1" 200 8106 "-" "Mozilla/5.0 (compatible; TMMBot/0.2; +http://www.dslab.ch)/Nutch-1.15"
185.191.171.16 - - [05/Apr/2022:11:39:44 +0200] "GET /PmWikiVi/BanGhiThayDoi?action=edit HTTP/1.1" 404 18 "-" "Mozilla/5.0 (compatible; SemrushBot/7~bl; +http://www.semrush.com/bot.html)"
185.191.171.14 - - [05/Apr/2022:11:42:12 +0200] "GET /PmWikiHu/Tartalom?action=print HTTP/1.1" 403 18 "-" "Mozilla/5.0 (compatible; SemrushBot/7~bl; +http://www.semrush.com/bot.html)"
114.119.141.178 - - [05/Apr/2022:11:42:57 +0200] "GET /PodCast/Rucktrittstrioumpf?action=edit&restore=diff:1447019088:1447019088:&preview=y HTTP/1.1" 403 18 "-" "Mozilla/5.0 (Linux; Android 7.0;) AppleWebKit/537.36 (KHTML, like Gecko) Mobile Safari/537.36 (compatible; PetalBot;+https://webmaster.petalsearch.com/site/petalbot)"
114.119.141.186 - - [05/Apr/2022:11:50:26 +0200] "GET /PmWikiPt/XLPage?action=print HTTP/1.1" 403 18 "-" "Mozilla/5.0 (Linux; Android 7.0;) AppleWebKit/537.36 (KHTML, like Gecko) Mobile Safari/537.36 (compatible; PetalBot;+https://webmaster.petalsearch.com/site/petalbot)"
114.119.141.232 - - [05/Apr/2022:11:55:55 +0200] "GET /PodCast/RURAktITail1?action=diff&source=y&minor=y HTTP/1.1" 403 18 "-" "Mozilla/5.0 (Linux; Android 7.0;) AppleWebKit/537.36 (KHTML, like Gecko) Mobile Safari/537.36 (compatible; PetalBot;+https://webmaster.petalsearch.com/site/petalbot)"
185.191.171.19 - - [05/Apr/2022:11:58:29 +0200] "GET /PmWikiZhCn/Sh18?action=edit HTTP/1.1" 403 18 "-" "Mozilla/5.0 (compatible; SemrushBot/7~bl; +http://www.semrush.com/bot.html)"
54.36.149.27 - - [05/Apr/2022:12:00:02 +0200] "GET /robots.txt HTTP/1.1" 200 - "-" "Mozilla/5.0 (compatible; AhrefsBot/7.0; +http://ahrefs.com/robot/)"
54.36.148.184 - - [05/Apr/2022:12:00:03 +0200] "GET / HTTP/1.1" 200 14638 "-" "Mozilla/5.0 (compatible; AhrefsBot/7.0; +http://ahrefs.com/robot/)"
185.191.171.18 - - [05/Apr/2022:12:03:27 +0200] "GET /Category/Manualy HTTP/1.1" 200 8480 "-" "Mozilla/5.0 (compatible; SemrushBot/7~bl; +http://www.semrush.com/bot.html)"
194.209.200.2 - - [05/Apr/2022:12:05:28 +0200] "GET /robots.txt HTTP/1.1" 200 - "-" "Mozilla/5.0 (compatible; TMMBot/0.2; +http://www.dslab.ch)/Nutch-1.15"
194.209.200.2 - - [05/Apr/2022:12:05:28 +0200] "GET /Texte/Limericks HTTP/1.1" 200 8087 "-" "Mozilla/5.0 (compatible; TMMBot/0.2; +http://www.dslab.ch)/Nutch-1.15"
194.209.200.2 - - [05/Apr/2022:12:06:54 +0200] "GET /Admin/Links HTTP/1.1" 200 14193 "-" "Mozilla/5.0 (compatible; TMMBot/0.2; +http://www.dslab.ch)/Nutch-1.15"
194.209.200.2 - - [05/Apr/2022:12:07:03 +0200] "GET /Texte/Metamorphoses HTTP/1.1" 200 9045 "-" "Mozilla/5.0 (compatible; TMMBot/0.2; +http://www.dslab.ch)/Nutch-1.15"
66.249.76.196 - - [05/Apr/2022:12:07:18 +0200] "GET /PodCast/IndexPage?action=rss HTTP/1.1" 200 6298 "-" "Mozilla/5.0 (compatible; Googlebot/2.1; +http://www.google.com/bot.html)"
194.209.200.2 - - [05/Apr/2022:12:08:00 +0200] "GET /Texte/Gloosse HTTP/1.1" 200 8061 "-" "Mozilla/5.0 (compatible; TMMBot/0.2; +http://www.dslab.ch)/Nutch-1.15"
194.209.200.2 - - [05/Apr/2022:12:09:33 +0200] "GET /Texte/Bitterbeuhsi HTTP/1.1" 200 9255 "-" "Mozilla/5.0 (compatible; TMMBot/0.2; +http://www.dslab.ch)/Nutch-1.15"
194.209.200.2 - - [05/Apr/2022:12:09:43 +0200] "GET /Gast/Podcast HTTP/1.1" 200 8106 "-" "Mozilla/5.0 (compatible; TMMBot/0.2; +http://www.dslab.ch)/Nutch-1.15"
194.209.200.2 - - [05/Apr/2022:12:10:10 +0200] "GET /Hilfe/AnleitungTonbeispiele HTTP/1.1" 200 9878 "-" "Mozilla/5.0 (compatible; TMMBot/0.2; +http://www.dslab.ch)/Nutch-1.15"
185.191.171.11 - - [05/Apr/2022:12:15:20 +0200] "GET /robots.txt HTTP/1.1" 200 - "-" "Mozilla/5.0 (compatible; SemrushBot/7~bl; +http://www.semrush.com/bot.html)"
185.191.171.7 - - [05/Apr/2022:12:15:21 +0200] "GET /PmWikiPtBr/FilosofiaPmWiki?action=edit HTTP/1.1" 403 18 "-" "Mozilla/5.0 (compatible; SemrushBot/7~bl; +http://www.semrush.com/bot.html)"
185.191.171.14 - - [05/Apr/2022:12:17:31 +0200] "GET /Main/WikiSandbox?action=print HTTP/1.1" 403 18 "-" "Mozilla/5.0 (compatible; SemrushBot/7~bl; +http://www.semrush.com/bot.html)"
185.191.171.35 - - [05/Apr/2022:12:17:57 +0200] "GET /Profiles/AntonyTemplier?action=edit HTTP/1.1" 404 18 "-" "Mozilla/5.0 (compatible; SemrushBot/7~bl; +http://www.semrush.com/bot.html)"
185.191.171.24 - - [05/Apr/2022:12:24:50 +0200] "GET /Profiles/Jean-Dom?action=edit HTTP/1.1" 404 18 "-" "Mozilla/5.0 (compatible; SemrushBot/7~bl; +http://www.semrush.com/bot.html)"
45.56.103.4 - - [05/Apr/2022:12:30:36 +0200] "GET /PodCast/IndexPage?action=rss HTTP/1.1" 200 6298 "-" "PlayerFM/1.0 Podcast Sync (1 subscribers; url=https://player.fm/series/podcast-2872909)"
194.209.200.2 - - [05/Apr/2022:12:31:55 +0200] "GET /robots.txt HTTP/1.1" 200 - "-" "Mozilla/5.0 (compatible; TMMBot/0.2; +http://www.dslab.ch)/Nutch-1.15"
194.209.200.2 - - [05/Apr/2022:12:31:55 +0200] "GET /Texte/ZurcherischEnglish HTTP/1.1" 200 8274 "-" "Mozilla/5.0 (compatible; TMMBot/0.2; +http://www.dslab.ch)/Nutch-1.15"
54.36.148.199 - - [05/Apr/2022:12:32:40 +0200] "GET /Admin/Pro-ZurituutschStatuten HTTP/1.1" 200 9580 "-" "Mozilla/5.0 (compatible; AhrefsBot/7.0; +http://ahrefs.com/robot/)"
114.119.140.79 - - [05/Apr/2022:12:32:58 +0200] "GET /Texte/Schrybwys?action=print HTTP/1.1" 403 18 "-" "Mozilla/5.0 (Linux; Android 7.0;) AppleWebKit/537.36 (KHTML, like Gecko) Mobile Safari/537.36 (compatible; PetalBot;+https://webmaster.petalsearch.com/site/petalbot)"
194.209.200.2 - - [05/Apr/2022:12:33:27 +0200] "GET /Texte/Limericks HTTP/1.1" 200 8087 "-" "Mozilla/5.0 (compatible; TMMBot/0.2; +http://www.dslab.ch)/Nutch-1.15"
194.209.200.2 - - [05/Apr/2022:12:34:11 +0200] "GET /Texte/ArsAmatoria HTTP/1.1" 200 12369 "-" "Mozilla/5.0 (compatible; TMMBot/0.2; +http://www.dslab.ch)/Nutch-1.15"
194.209.200.2 - - [05/Apr/2022:12:34:51 +0200] "GET /Admin/Links HTTP/1.1" 200 14193 "-" "Mozilla/5.0 (compatible; TMMBot/0.2; +http://www.dslab.ch)/Nutch-1.15"
194.209.200.2 - - [05/Apr/2022:12:34:58 +0200] "GET /Texte/Metamorphoses HTTP/1.1" 200 9045 "-" "Mozilla/5.0 (compatible; TMMBot/0.2; +http://www.dslab.ch)/Nutch-1.15"
194.209.200.2 - - [05/Apr/2022:12:35:54 +0200] "GET /Texte/Gloosse HTTP/1.1" 200 8061 "-" "Mozilla/5.0 (compatible; TMMBot/0.2; +http://www.dslab.ch)/Nutch-1.15"
194.209.200.2 - - [05/Apr/2022:12:37:02 +0200] "GET /Admin/ZurStiftung HTTP/1.1" 200 10864 "-" "Mozilla/5.0 (compatible; TMMBot/0.2; +http://www.dslab.ch)/Nutch-1.15"
194.209.200.2 - - [05/Apr/2022:12:37:23 +0200] "GET /Texte/Bitterbeuhsi HTTP/1.1" 200 9255 "-" "Mozilla/5.0 (compatible; TMMBot/0.2; +http://www.dslab.ch)/Nutch-1.15"
194.209.200.2 - - [05/Apr/2022:12:37:32 +0200] "GET /Gast/Podcast HTTP/1.1" 200 8106 "-" "Mozilla/5.0 (compatible; TMMBot/0.2; +http://www.dslab.ch)/Nutch-1.15"
185.191.171.35 - - [05/Apr/2022:12:44:15 +0200] "GET /PmWikiDe/Internationalizations?action=edit HTTP/1.1" 403 18 "-" "Mozilla/5.0 (compatible; SemrushBot/7~bl; +http://www.semrush.com/bot.html)"
185.191.171.35 - - [05/Apr/2022:12:45:48 +0200] "GET /PmWikiRu/ReleaseNotes?action=edit HTTP/1.1" 404 18 "-" "Mozilla/5.0 (compatible; SemrushBot/7~bl; +http://www.semrush.com/bot.html)"
185.191.171.18 - - [05/Apr/2022:12:46:57 +0200] "GET /PmWikiDe/EditForms?action=edit HTTP/1.1" 404 18 "-" "Mozilla/5.0 (compatible; SemrushBot/7~bl; +http://www.semrush.com/bot.html)"
185.191.171.40 - - [05/Apr/2022:12:47:08 +0200] "GET /PmWikiDe/Direktiven?action=edit HTTP/1.1" 403 18 "-" "Mozilla/5.0 (compatible; SemrushBot/7~bl; +http://www.semrush.com/bot.html)"
185.191.171.15 - - [05/Apr/2022:12:52:24 +0200] "GET /PmWikiFr/Security?action=diff HTTP/1.1" 403 18 "-" "Mozilla/5.0 (compatible; SemrushBot/7~bl; +http://www.semrush.com/bot.html)"
185.191.171.23 - - [05/Apr/2022:12:52:31 +0200] "GET /PmWikiRu/Skins?action=diff HTTP/1.1" 403 18 "-" "Mozilla/5.0 (compatible; SemrushBot/7~bl; +http://www.semrush.com/bot.html)"
185.191.171.11 - - [05/Apr/2022:12:52:43 +0200] "GET /PmWikiFr/WikiStyleColors?action=print HTTP/1.1" 403 18 "-" "Mozilla/5.0 (compatible; SemrushBot/7~bl; +http://www.semrush.com/bot.html)"
114.119.141.232 - - [05/Apr/2022:12:53:11 +0200] "GET /PmWikiFr/PageLists?action=diff HTTP/1.1" 403 18 "-" "Mozilla/5.0 (Linux; Android 7.0;) AppleWebKit/537.36 (KHTML, like Gecko) Mobile Safari/537.36 (compatible; PetalBot;+https://webmaster.petalsearch.com/site/petalbot)"
20.109.241.97 - - [05/Apr/2022:12:56:06 +0200] "GET /PodCast/Eenlichkait HTTP/1.1" 200 12529 "-" "Python/3.9 aiohttp/3.8.1"
20.109.241.80 - - [05/Apr/2022:12:56:45 +0200] "GET /PodCast/Eenlichkait HTTP/1.1" 200 12529 "-" "Python/3.9 aiohttp/3.8.1"
20.109.241.97 - - [05/Apr/2022:12:57:31 +0200] "GET /uploads/Texte/Speaker.jpg HTTP/1.1" 200 1016 "-" "Python/3.9 aiohttp/3.8.1"
185.191.171.11 - - [05/Apr/2022:13:03:22 +0200] "GET /PmWikiRu/Security HTTP/1.1" 200 11916 "-" "Mozilla/5.0 (compatible; SemrushBot/7~bl; +http://www.semrush.com/bot.html)"
185.191.171.23 - - [05/Apr/2022:13:03:35 +0200] "GET /PmWikiRu/FAQ HTTP/1.1" 200 18879 "-" "Mozilla/5.0 (compatible; SemrushBot/7~bl; +http://www.semrush.com/bot.html)"
66.249.76.193 - - [05/Apr/2022:13:04:49 +0200] "GET /PodCast/IndexPage?action=rss HTTP/1.1" 200 6298 "-" "Mozilla/5.0 (compatible; Googlebot/2.1; +http://www.google.com/bot.html)"
194.209.200.2 - - [05/Apr/2022:13:10:23 +0200] "GET /robots.txt HTTP/1.1" 200 - "-" "Mozilla/5.0 (compatible; TMMBot/0.2; +http://www.dslab.ch)/Nutch-1.15"
194.209.200.2 - - [05/Apr/2022:13:10:23 +0200] "GET /Admin/Jahresbericht HTTP/1.1" 200 45530 "-" "Mozilla/5.0 (compatible; TMMBot/0.2; +http://www.dslab.ch)/Nutch-1.15"
194.209.200.2 - - [05/Apr/2022:13:10:41 +0200] "GET /Texte/Limericks HTTP/1.1" 200 8087 "-" "Mozilla/5.0 (compatible; TMMBot/0.2; +http://www.dslab.ch)/Nutch-1.15"
194.209.200.2 - - [05/Apr/2022:13:11:29 +0200] "GET /Texte/ArsAmatoria HTTP/1.1" 200 12369 "-" "Mozilla/5.0 (compatible; TMMBot/0.2; +http://www.dslab.ch)/Nutch-1.15"
194.209.200.2 - - [05/Apr/2022:13:12:09 +0200] "GET /Admin/Links HTTP/1.1" 200 14193 "-" "Mozilla/5.0 (compatible; TMMBot/0.2; +http://www.dslab.ch)/Nutch-1.15"
194.209.200.2 - - [05/Apr/2022:13:12:18 +0200] "GET /Texte/Metamorphoses HTTP/1.1" 200 9045 "-" "Mozilla/5.0 (compatible; TMMBot/0.2; +http://www.dslab.ch)/Nutch-1.15"
194.209.200.2 - - [05/Apr/2022:13:13:15 +0200] "GET /Texte/Gloosse HTTP/1.1" 200 8061 "-" "Mozilla/5.0 (compatible; TMMBot/0.2; +http://www.dslab.ch)/Nutch-1.15"
194.209.200.2 - - [05/Apr/2022:13:14:25 +0200] "GET /Admin/ZurStiftung HTTP/1.1" 200 10864 "-" "Mozilla/5.0 (compatible; TMMBot/0.2; +http://www.dslab.ch)/Nutch-1.15"
194.209.200.2 - - [05/Apr/2022:13:14:48 +0200] "GET /Texte/Bitterbeuhsi HTTP/1.1" 200 9255 "-" "Mozilla/5.0 (compatible; TMMBot/0.2; +http://www.dslab.ch)/Nutch-1.15"
194.209.200.2 - - [05/Apr/2022:13:14:57 +0200] "GET /Gast/Podcast HTTP/1.1" 200 8106 "-" "Mozilla/5.0 (compatible; TMMBot/0.2; +http://www.dslab.ch)/Nutch-1.15"
3.216.185.164 - - [05/Apr/2022:13:15:12 +0200] "GET /PodCast/IndexPage?action=rss HTTP/1.1" 200 6298 "-" "PocketCasts/1.0 (Pocket Casts Feed Parser; +http://pocketcasts.com/)"
185.191.171.22 - - [05/Apr/2022:13:15:56 +0200] "GET /robots.txt HTTP/1.1" 200 - "-" "Mozilla/5.0 (compatible; SemrushBot/7~bl; +http://www.semrush.com/bot.html)"
185.191.171.5 - - [05/Apr/2022:13:15:56 +0200] "GET /PmWikiDe/GroupHeader?action=upload HTTP/1.1" 403 18 "-" "Mozilla/5.0 (compatible; SemrushBot/7~bl; +http://www.semrush.com/bot.html)"
146.4.22.190 - - [05/Apr/2022:13:19:45 +0200] "GET /robots.txt HTTP/1.1" 200 - "-" "Mozilla/5.0 (compatible; MSIE 9.0; Windows NT 6.1; Trident/5.0; .NET CLR 0.13.20886; .NET CLR 2.0.50727; .NET CLR 3.5.30729; .NET CLR 3.0.30729; .NET CLR 1.1.4322; .NET4.0C)"
146.4.22.190 - - [05/Apr/2022:13:19:46 +0200] "GET / HTTP/1.1" 200 14638 "-" "Mozilla/5.0 (compatible; MSIE 9.0; Windows NT 6.1; Trident/5.0; .NET CLR 0.13.20886; .NET CLR 2.0.50727; .NET CLR 3.5.30729; .NET CLR 3.0.30729; .NET CLR 1.1.4322; .NET4.0C)"
146.4.22.190 - - [05/Apr/2022:13:19:48 +0200] "GET /Admin/AdresseStiftung HTTP/1.1" 200 8453 "-" "Mozilla/5.0 (compatible; MSIE 9.0; Windows NT 6.1; Trident/5.0; .NET CLR 0.13.20886; .NET CLR 2.0.50727; .NET CLR 3.5.30729; .NET CLR 3.0.30729; .NET CLR 1.1.4322; .NET4.0C)"
146.4.22.190 - - [05/Apr/2022:13:19:48 +0200] "GET /Admin/Links HTTP/1.1" 200 14193 "-" "Mozilla/5.0 (compatible; MSIE 9.0; Windows NT 6.1; Trident/5.0; .NET CLR 0.13.20886; .NET CLR 2.0.50727; .NET CLR 3.5.30729; .NET CLR 3.0.30729; .NET CLR 1.1.4322; .NET4.0C)"
146.4.22.190 - - [05/Apr/2022:13:19:48 +0200] "GET /Admin/Pro-ZurituutschStatuten HTTP/1.1" 200 9580 "-" "Mozilla/5.0 (compatible; MSIE 9.0; Windows NT 6.1; Trident/5.0; .NET CLR 0.13.20886; .NET CLR 2.0.50727; .NET CLR 3.5.30729; .NET CLR 3.0.30729; .NET CLR 1.1.4322; .NET4.0C)"
146.4.22.190 - - [05/Apr/2022:13:19:48 +0200] "GET /Admin/ZurStiftung HTTP/1.1" 200 10864 "-" "Mozilla/5.0 (compatible; MSIE 9.0; Windows NT 6.1; Trident/5.0; .NET CLR 0.13.20886; .NET CLR 2.0.50727; .NET CLR 3.5.30729; .NET CLR 3.0.30729; .NET CLR 1.1.4322; .NET4.0C)"
146.4.22.190 - - [05/Apr/2022:13:19:48 +0200] "GET /Bestellen/Pschtellf HTTP/1.1" 200 11220 "-" "Mozilla/5.0 (compatible; MSIE 9.0; Windows NT 6.1; Trident/5.0; .NET CLR 0.13.20886; .NET CLR 2.0.50727; .NET CLR 3.5.30729; .NET CLR 3.0.30729; .NET CLR 1.1.4322; .NET4.0C)"
146.4.22.190 - - [05/Apr/2022:13:19:48 +0200] "GET /Gast/Podcast HTTP/1.1" 200 8106 "-" "Mozilla/5.0 (compatible; MSIE 9.0; Windows NT 6.1; Trident/5.0; .NET CLR 0.13.20886; .NET CLR 2.0.50727; .NET CLR 3.5.30729; .NET CLR 3.0.30729; .NET CLR 1.1.4322; .NET4.0C)"
146.4.22.190 - - [05/Apr/2022:13:19:49 +0200] "GET /Hilfe/AnleitungTonbeispiele HTTP/1.1" 200 9878 "-" "Mozilla/5.0 (compatible; MSIE 9.0; Windows NT 6.1; Trident/5.0; .NET CLR 0.13.20886; .NET CLR 2.0.50727; .NET CLR 3.5.30729; .NET CLR 3.0.30729; .NET CLR 1.1.4322; .NET4.0C)"
146.4.22.190 - - [05/Apr/2022:13:19:49 +0200] "GET /Main/Home HTTP/1.1" 200 14638 "-" "Mozilla/5.0 (compatible; MSIE 9.0; Windows NT 6.1; Trident/5.0; .NET CLR 0.13.20886; .NET CLR 2.0.50727; .NET CLR 3.5.30729; .NET CLR 3.0.30729; .NET CLR 1.1.4322; .NET4.0C)"
146.4.22.190 - - [05/Apr/2022:13:19:49 +0200] "GET /Main/Home?action=diff HTTP/1.1" 200 44006 "-" "Mozilla/5.0 (compatible; MSIE 9.0; Windows NT 6.1; Trident/5.0; .NET CLR 0.13.20886; .NET CLR 2.0.50727; .NET CLR 3.5.30729; .NET CLR 3.0.30729; .NET CLR 1.1.4322; .NET4.0C)"
146.4.22.190 - - [05/Apr/2022:13:19:49 +0200] "GET /Main/Home?action=edit HTTP/1.1" 200 8537 "-" "Mozilla/5.0 (compatible; MSIE 9.0; Windows NT 6.1; Trident/5.0; .NET CLR 0.13.20886; .NET CLR 2.0.50727; .NET CLR 3.5.30729; .NET CLR 3.0.30729; .NET CLR 1.1.4322; .NET4.0C)"
146.4.22.190 - - [05/Apr/2022:13:19:50 +0200] "GET /Main/Home?action=print HTTP/1.1" 200 8906 "-" "Mozilla/5.0 (compatible; MSIE 9.0; Windows NT 6.1; Trident/5.0; .NET CLR 0.13.20886; .NET CLR 2.0.50727; .NET CLR 3.5.30729; .NET CLR 3.0.30729; .NET CLR 1.1.4322; .NET4.0C)"
146.4.22.190 - - [05/Apr/2022:13:19:50 +0200] "GET /Main/Home?action=upload HTTP/1.1" 200 8437 "-" "Mozilla/5.0 (compatible; MSIE 9.0; Windows NT 6.1; Trident/5.0; .NET CLR 0.13.20886; .NET CLR 2.0.50727; .NET CLR 3.5.30729; .NET CLR 3.0.30729; .NET CLR 1.1.4322; .NET4.0C)"
146.4.22.190 - - [05/Apr/2022:13:19:50 +0200] "GET /PodCast/RSSPodcasts HTTP/1.1" 200 8905 "-" "Mozilla/5.0 (compatible; MSIE 9.0; Windows NT 6.1; Trident/5.0; .NET CLR 0.13.20886; .NET CLR 2.0.50727; .NET CLR 3.5.30729; .NET CLR 3.0.30729; .NET CLR 1.1.4322; .NET4.0C)"
146.4.22.190 - - [05/Apr/2022:13:19:50 +0200] "GET /Site/PodCast HTTP/1.1" 200 40934 "-" "Mozilla/5.0 (compatible; MSIE 9.0; Windows NT 6.1; Trident/5.0; .NET CLR 0.13.20886; .NET CLR 2.0.50727; .NET CLR 3.5.30729; .NET CLR 3.0.30729; .NET CLR 1.1.4322; .NET4.0C)"
146.4.22.190 - - [05/Apr/2022:13:19:50 +0200] "GET /Site/SideBar?action=edit HTTP/1.1" 200 8581 "-" "Mozilla/5.0 (compatible; MSIE 9.0; Windows NT 6.1; Trident/5.0; .NET CLR 0.13.20886; .NET CLR 2.0.50727; .NET CLR 3.5.30729; .NET CLR 3.0.30729; .NET CLR 1.1.4322; .NET4.0C)"
146.4.22.190 - - [05/Apr/2022:13:19:51 +0200] "GET /Texte/ArsAmatoria HTTP/1.1" 200 12369 "-" "Mozilla/5.0 (compatible; MSIE 9.0; Windows NT 6.1; Trident/5.0; .NET CLR 0.13.20886; .NET CLR 2.0.50727; .NET CLR 3.5.30729; .NET CLR 3.0.30729; .NET CLR 1.1.4322; .NET4.0C)"
146.4.22.190 - - [05/Apr/2022:13:19:51 +0200] "GET /Texte/Bitterbeuhsi HTTP/1.1" 200 9255 "-" "Mozilla/5.0 (compatible; MSIE 9.0; Windows NT 6.1; Trident/5.0; .NET CLR 0.13.20886; .NET CLR 2.0.50727; .NET CLR 3.5.30729; .NET CLR 3.0.30729; .NET CLR 1.1.4322; .NET4.0C)"
146.4.22.190 - - [05/Apr/2022:13:19:52 +0200] "GET /Texte/GDicht HTTP/1.1" 200 8050 "-" "Mozilla/5.0 (compatible; MSIE 9.0; Windows NT 6.1; Trident/5.0; .NET CLR 0.13.20886; .NET CLR 2.0.50727; .NET CLR 3.5.30729; .NET CLR 3.0.30729; .NET CLR 1.1.4322; .NET4.0C)"
146.4.22.190 - - [05/Apr/2022:13:19:52 +0200] "GET /Texte/Gloosse HTTP/1.1" 200 8061 "-" "Mozilla/5.0 (compatible; MSIE 9.0; Windows NT 6.1; Trident/5.0; .NET CLR 0.13.20886; .NET CLR 2.0.50727; .NET CLR 3.5.30729; .NET CLR 3.0.30729; .NET CLR 1.1.4322; .NET4.0C)"
146.4.22.190 - - [05/Apr/2022:13:19:52 +0200] "GET /Texte/Limericks HTTP/1.1" 200 8087 "-" "Mozilla/5.0 (compatible; MSIE 9.0; Windows NT 6.1; Trident/5.0; .NET CLR 0.13.20886; .NET CLR 2.0.50727; .NET CLR 3.5.30729; .NET CLR 3.0.30729; .NET CLR 1.1.4322; .NET4.0C)"
146.4.22.190 - - [05/Apr/2022:13:19:52 +0200] "GET /Texte/Metamorphoses HTTP/1.1" 200 9045 "-" "Mozilla/5.0 (compatible; MSIE 9.0; Windows NT 6.1; Trident/5.0; .NET CLR 0.13.20886; .NET CLR 2.0.50727; .NET CLR 3.5.30729; .NET CLR 3.0.30729; .NET CLR 1.1.4322; .NET4.0C)"
146.4.22.190 - - [05/Apr/2022:13:19:52 +0200] "GET /Texte/Rezension HTTP/1.1" 200 11812 "-" "Mozilla/5.0 (compatible; MSIE 9.0; Windows NT 6.1; Trident/5.0; .NET CLR 0.13.20886; .NET CLR 2.0.50727; .NET CLR 3.5.30729; .NET CLR 3.0.30729; .NET CLR 1.1.4322; .NET4.0C)"
146.4.22.190 - - [05/Apr/2022:13:19:53 +0200] "GET /Texte/Roman HTTP/1.1" 200 38741 "-" "Mozilla/5.0 (compatible; MSIE 9.0; Windows NT 6.1; Trident/5.0; .NET CLR 0.13.20886; .NET CLR 2.0.50727; .NET CLR 3.5.30729; .NET CLR 3.0.30729; .NET CLR 1.1.4322; .NET4.0C)"
146.4.22.190 - - [05/Apr/2022:13:19:53 +0200] "GET /Texte/Schrybwys HTTP/1.1" 200 11028 "-" "Mozilla/5.0 (compatible; MSIE 9.0; Windows NT 6.1; Trident/5.0; .NET CLR 0.13.20886; .NET CLR 2.0.50727; .NET CLR 3.5.30729; .NET CLR 3.0.30729; .NET CLR 1.1.4322; .NET4.0C)"
146.4.22.190 - - [05/Apr/2022:13:19:53 +0200] "GET /Texte/Styluebige HTTP/1.1" 200 9998 "-" "Mozilla/5.0 (compatible; MSIE 9.0; Windows NT 6.1; Trident/5.0; .NET CLR 0.13.20886; .NET CLR 2.0.50727; .NET CLR 3.5.30729; .NET CLR 3.0.30729; .NET CLR 1.1.4322; .NET4.0C)"
146.4.22.190 - - [05/Apr/2022:13:19:53 +0200] "GET /Texte/ZurcherischEnglish HTTP/1.1" 200 8274 "-" "Mozilla/5.0 (compatible; MSIE 9.0; Windows NT 6.1; Trident/5.0; .NET CLR 0.13.20886; .NET CLR 2.0.50727; .NET CLR 3.5.30729; .NET CLR 3.0.30729; .NET CLR 1.1.4322; .NET4.0C)"
185.191.171.15 - - [05/Apr/2022:13:32:14 +0200] "GET /PmWikiVi/ChuThichPhatHanh?action=edit HTTP/1.1" 404 18 "-" "Mozilla/5.0 (compatible; SemrushBot/7~bl; +http://www.semrush.com/bot.html)"
185.191.171.26 - - [05/Apr/2022:13:34:10 +0200] "GET /PmWikiRu/AvailableActions?action=edit HTTP/1.1" 403 18 "-" "Mozilla/5.0 (compatible; SemrushBot/7~bl; +http://www.semrush.com/bot.html)"
178.83.10.220 - - [05/Apr/2022:13:39:13 +0200] "GET / HTTP/1.1" 200 14638 "-" "Mozilla/5.0 (Windows NT 10.0; Win64; x64; rv:98.0) Gecko/20100101 Firefox/98.0"
178.83.10.220 - - [05/Apr/2022:13:39:13 +0200] "GET /uploads/Main/logo.jpg HTTP/1.1" 200 29066 "http://pro-zurituutsch.ch/" "Mozilla/5.0 (Windows NT 10.0; Win64; x64; rv:98.0) Gecko/20100101 Firefox/98.0"
178.83.10.220 - - [05/Apr/2022:13:39:13 +0200] "GET /pub/skins/pro-zurituutsch/images/external.png HTTP/1.1" 200 165 "http://www.pro-zurituutsch.ch/pub/skins/pro-zurituutsch/gila.css" "Mozilla/5.0 (Windows NT 10.0; Win64; x64; rv:98.0) Gecko/20100101 Firefox/98.0"
178.83.10.220 - - [05/Apr/2022:13:39:13 +0200] "GET /pub/skins/pro-zurituutsch/gila.css HTTP/1.1" 200 10186 "http://pro-zurituutsch.ch/" "Mozilla/5.0 (Windows NT 10.0; Win64; x64; rv:98.0) Gecko/20100101 Firefox/98.0"
178.83.10.220 - - [05/Apr/2022:13:39:14 +0200] "GET /pub/skins/pro-zurituutsch/images/favicon.ico HTTP/1.1" 200 1406 "http://pro-zurituutsch.ch/" "Mozilla/5.0 (Windows NT 10.0; Win64; x64; rv:98.0) Gecko/20100101 Firefox/98.0"
194.209.200.2 - - [05/Apr/2022:13:43:07 +0200] "GET /robots.txt HTTP/1.1" 200 - "-" "Mozilla/5.0 (compatible; TMMBot/0.2; +http://www.dslab.ch)/Nutch-1.15"
194.209.200.2 - - [05/Apr/2022:13:43:07 +0200] "GET /Texte/ArsAmatoria HTTP/1.1" 200 12369 "-" "Mozilla/5.0 (compatible; TMMBot/0.2; +http://www.dslab.ch)/Nutch-1.15"
194.209.200.2 - - [05/Apr/2022:13:43:48 +0200] "GET /Admin/Links HTTP/1.1" 200 14193 "-" "Mozilla/5.0 (compatible; TMMBot/0.2; +http://www.dslab.ch)/Nutch-1.15"
194.209.200.2 - - [05/Apr/2022:13:43:55 +0200] "GET /Texte/Metamorphoses HTTP/1.1" 200 9045 "-" "Mozilla/5.0 (compatible; TMMBot/0.2; +http://www.dslab.ch)/Nutch-1.15"
194.209.200.2 - - [05/Apr/2022:13:44:52 +0200] "GET /Texte/Gloosse HTTP/1.1" 200 8061 "-" "Mozilla/5.0 (compatible; TMMBot/0.2; +http://www.dslab.ch)/Nutch-1.15"
194.209.200.2 - - [05/Apr/2022:13:46:01 +0200] "GET /Admin/ZurStiftung HTTP/1.1" 200 10864 "-" "Mozilla/5.0 (compatible; TMMBot/0.2; +http://www.dslab.ch)/Nutch-1.15"
194.209.200.2 - - [05/Apr/2022:13:46:23 +0200] "GET /Texte/Bitterbeuhsi HTTP/1.1" 200 9255 "-" "Mozilla/5.0 (compatible; TMMBot/0.2; +http://www.dslab.ch)/Nutch-1.15"
194.209.200.2 - - [05/Apr/2022:13:46:34 +0200] "GET /Gast/Podcast HTTP/1.1" 200 8106 "-" "Mozilla/5.0 (compatible; TMMBot/0.2; +http://www.dslab.ch)/Nutch-1.15"
185.191.171.8 - - [05/Apr/2022:13:52:02 +0200] "GET /PmWikiFr/RefCount?action=upload HTTP/1.1" 403 18 "-" "Mozilla/5.0 (compatible; SemrushBot/7~bl; +http://www.semrush.com/bot.html)"
185.191.171.39 - - [05/Apr/2022:13:54:11 +0200] "GET /PmWikiDe/PageDirectives?action=diff HTTP/1.1" 403 18 "-" "Mozilla/5.0 (compatible; SemrushBot/7~bl; +http://www.semrush.com/bot.html)"
185.191.171.42 - - [05/Apr/2022:13:56:04 +0200] "GET /PmWikiRu/PageDirectives?action=diff HTTP/1.1" 403 18 "-" "Mozilla/5.0 (compatible; SemrushBot/7~bl; +http://www.semrush.com/bot.html)"
66.249.76.196 - - [05/Apr/2022:13:58:21 +0200] "GET /PodCast/IndexPage?action=rss HTTP/1.1" 200 6298 "-" "Mozilla/5.0 (compatible; Googlebot/2.1; +http://www.google.com/bot.html)"
185.191.171.42 - - [05/Apr/2022:14:01:20 +0200] "GET /PmWikiDe/TableDirectives?action=print HTTP/1.1" 403 18 "-" "Mozilla/5.0 (compatible; SemrushBot/7~bl; +http://www.semrush.com/bot.html)"
50.17.71.216 - - [05/Apr/2022:14:02:47 +0200] "GET /PodCast/IndexPage?action=rss HTTP/1.1" 200 6298 "https://www.google.com/" "Mozilla/5.0 (Macintosh; Intel Mac OS X 10_13_6) AppleWebKit/537.36 (KHTML, like Gecko) Chrome/80.0.3987.132 Safari/537.36"
168.119.51.163 - - [05/Apr/2022:14:07:00 +0200] "GET /robots.txt HTTP/1.1" 200 - "-" "Mozilla/5.0 (compatible; um-IC/1.0; mailto: techinfo@ubermetrics-technologies.com; Windows NT 6.1; WOW64; rv:40.0) Gecko/20100101 Firefox/40.1"
168.119.51.163 - - [05/Apr/2022:14:07:00 +0200] "GET /PodCast/IndexPage?action=rss HTTP/1.1" 200 6298 "-" "Mozilla/5.0 (compatible; um-IC/1.0; mailto: techinfo@ubermetrics-technologies.com; Windows NT 6.1; WOW64; rv:40.0) Gecko/20100101 Firefox/40.1"
114.119.141.249 - - [05/Apr/2022:14:07:40 +0200] "GET /robots.txt HTTP/1.1" 200 - "-" "Mozilla/5.0 (compatible;PetalBot;+https://webmaster.petalsearch.com/site/petalbot)"
114.119.141.139 - - [05/Apr/2022:14:08:13 +0200] "GET /PmWikiIt/CreatingNewPages?action=diff HTTP/1.1" 403 18 "-" "Mozilla/5.0 (Linux; Android 7.0;) AppleWebKit/537.36 (KHTML, like Gecko) Mobile Safari/537.36 (compatible; PetalBot;+https://webmaster.petalsearch.com/site/petalbot)"
54.36.148.18 - - [05/Apr/2022:14:14:08 +0200] "GET /robots.txt HTTP/1.1" 200 - "-" "Mozilla/5.0 (compatible; AhrefsBot/7.0; +http://ahrefs.com/robot/)"
54.36.148.46 - - [05/Apr/2022:14:14:08 +0200] "GET /Site/PodCast HTTP/1.1" 200 40934 "-" "Mozilla/5.0 (compatible; AhrefsBot/7.0; +http://ahrefs.com/robot/)"
185.191.171.13 - - [05/Apr/2022:14:17:38 +0200] "GET /robots.txt HTTP/1.1" 200 - "-" "Mozilla/5.0 (compatible; SemrushBot/7~bl; +http://www.semrush.com/bot.html)"
185.191.171.43 - - [05/Apr/2022:14:17:39 +0200] "GET /PmWikiRu/RefCount?action=upload HTTP/1.1" 403 18 "-" "Mozilla/5.0 (compatible; SemrushBot/7~bl; +http://www.semrush.com/bot.html)"
194.209.200.2 - - [05/Apr/2022:14:23:41 +0200] "GET /robots.txt HTTP/1.1" 200 - "-" "Mozilla/5.0 (compatible; TMMBot/0.2; +http://www.dslab.ch)/Nutch-1.15"
194.209.200.2 - - [05/Apr/2022:14:23:41 +0200] "GET /Texte/ZurcherischEnglish HTTP/1.1" 200 8274 "-" "Mozilla/5.0 (compatible; TMMBot/0.2; +http://www.dslab.ch)/Nutch-1.15"
75.98.171.125 - - [05/Apr/2022:14:24:37 +0200] "GET /wordpress/ HTTP/1.1" 404 276 "-" "-"
194.209.200.2 - - [05/Apr/2022:14:25:42 +0200] "GET /Admin/Jahresbericht HTTP/1.1" 200 45530 "-" "Mozilla/5.0 (compatible; TMMBot/0.2; +http://www.dslab.ch)/Nutch-1.15"
194.209.200.2 - - [05/Apr/2022:14:26:04 +0200] "GET /Texte/Limericks HTTP/1.1" 200 8087 "-" "Mozilla/5.0 (compatible; TMMBot/0.2; +http://www.dslab.ch)/Nutch-1.15"
185.191.171.38 - - [05/Apr/2022:14:26:11 +0200] "GET /PmWikiDe/PageHistory?action=edit HTTP/1.1" 403 18 "-" "Mozilla/5.0 (compatible; SemrushBot/7~bl; +http://www.semrush.com/bot.html)"
194.209.200.2 - - [05/Apr/2022:14:27:08 +0200] "GET /Texte/ArsAmatoria HTTP/1.1" 200 12369 "-" "Mozilla/5.0 (compatible; TMMBot/0.2; +http://www.dslab.ch)/Nutch-1.15"
185.191.171.5 - - [05/Apr/2022:14:27:39 +0200] "GET /PmWikiFr/ListesDeDiffusion?action=edit HTTP/1.1" 404 18 "-" "Mozilla/5.0 (compatible; SemrushBot/7~bl; +http://www.semrush.com/bot.html)"
194.209.200.2 - - [05/Apr/2022:14:28:09 +0200] "GET /Admin/Links HTTP/1.1" 200 14193 "-" "Mozilla/5.0 (compatible; TMMBot/0.2; +http://www.dslab.ch)/Nutch-1.15"
194.209.200.2 - - [05/Apr/2022:14:28:23 +0200] "GET /Texte/Metamorphoses HTTP/1.1" 200 9045 "-" "Mozilla/5.0 (compatible; TMMBot/0.2; +http://www.dslab.ch)/Nutch-1.15"
207.46.13.194 - - [05/Apr/2022:14:28:41 +0200] "GET /PodCast/PodCast?action=diff HTTP/1.1" 403 18 "-" "Mozilla/5.0 (compatible; bingbot/2.0; +http://www.bing.com/bingbot.htm)"
194.209.200.2 - - [05/Apr/2022:14:30:02 +0200] "GET /Texte/Gloosse HTTP/1.1" 200 8061 "-" "Mozilla/5.0 (compatible; TMMBot/0.2; +http://www.dslab.ch)/Nutch-1.15"
66.249.76.193 - - [05/Apr/2022:14:31:12 +0200] "GET /PodCast/Rutlirapport HTTP/1.1" 200 8153 "-" "Mozilla/5.0 (Linux; Android 6.0.1; Nexus 5X Build/MMB29P) AppleWebKit/537.36 (KHTML, like Gecko) Chrome/100.0.4896.60 Mobile Safari/537.36 (compatible; Googlebot/2.1; +http://www.google.com/bot.html)"
194.209.200.2 - - [05/Apr/2022:14:31:19 +0200] "GET /Admin/Pro-ZurituutschStatuten HTTP/1.1" 200 9580 "-" "Mozilla/5.0 (compatible; TMMBot/0.2; +http://www.dslab.ch)/Nutch-1.15"
194.209.200.2 - - [05/Apr/2022:14:32:16 +0200] "GET /Texte/Bitterbeuhsi HTTP/1.1" 200 9255 "-" "Mozilla/5.0 (compatible; TMMBot/0.2; +http://www.dslab.ch)/Nutch-1.15"
194.209.200.2 - - [05/Apr/2022:14:32:29 +0200] "GET /Gast/Podcast HTTP/1.1" 200 8106 "-" "Mozilla/5.0 (compatible; TMMBot/0.2; +http://www.dslab.ch)/Nutch-1.15"
194.209.200.2 - - [05/Apr/2022:14:33:02 +0200] "GET /Hilfe/AnleitungTonbeispiele HTTP/1.1" 200 9878 "-" "Mozilla/5.0 (compatible; TMMBot/0.2; +http://www.dslab.ch)/Nutch-1.15"
185.191.171.2 - - [05/Apr/2022:14:41:33 +0200] "GET /PmWikiVi/MeoHieuChinh?action=print HTTP/1.1" 403 18 "-" "Mozilla/5.0 (compatible; SemrushBot/7~bl; +http://www.semrush.com/bot.html)"
31.210.20.88 - - [05/Apr/2022:14:45:46 +0200] "GET /wp-admin/css/ HTTP/1.1" 404 283 "binance.com" "Mozilla/5.0 (Windows NT 10.0; Win64; x64) AppleWebKit/537.36 (KHTML, like Gecko) Chrome/90.0.4430.85 Safari/537.36"
31.210.20.88 - - [05/Apr/2022:14:46:02 +0200] "GET /.well-known/ HTTP/1.1" 404 264 "binance.com" "Mozilla/5.0 (Windows NT 10.0; Win64; x64) AppleWebKit/537.36 (KHTML, like Gecko) Chrome/90.0.4430.85 Safari/537.36"
31.210.20.88 - - [05/Apr/2022:14:46:19 +0200] "GET /sites/default/files/ HTTP/1.1" 404 290 "binance.com" "Mozilla/5.0 (Windows NT 10.0; Win64; x64) AppleWebKit/537.36 (KHTML, like Gecko) Chrome/90.0.4430.85 Safari/537.36"
31.210.20.88 - - [05/Apr/2022:14:46:36 +0200] "GET /admin/controller/extension/extension/ HTTP/1.1" 404 307 "binance.com" "Mozilla/5.0 (Windows NT 10.0; Win64; x64) AppleWebKit/537.36 (KHTML, like Gecko) Chrome/90.0.4430.85 Safari/537.36"
31.210.20.88 - - [05/Apr/2022:14:46:50 +0200] "GET /uploads/ HTTP/1.1" 403 282 "binance.com" "Mozilla/5.0 (Windows NT 10.0; Win64; x64) AppleWebKit/537.36 (KHTML, like Gecko) Chrome/90.0.4430.85 Safari/537.36"
66.249.76.220 - - [05/Apr/2022:14:50:41 +0200] "GET /PodCast/IndexPage?action=rss HTTP/1.1" 200 6298 "-" "Mozilla/5.0 (compatible; Googlebot/2.1; +http://www.google.com/bot.html)"
114.119.141.139 - - [05/Apr/2022:14:50:48 +0200] "GET /PmWikiRu/PageFileFormat?action=diff HTTP/1.1" 403 18 "-" "Mozilla/5.0 (Linux; Android 7.0;) AppleWebKit/537.36 (KHTML, like Gecko) Mobile Safari/537.36 (compatible; PetalBot;+https://webmaster.petalsearch.com/site/petalbot)"
194.209.200.2 - - [05/Apr/2022:14:52:08 +0200] "GET /robots.txt HTTP/1.1" 200 - "-" "Mozilla/5.0 (compatible; TMMBot/0.2; +http://www.dslab.ch)/Nutch-1.15"
194.209.200.2 - - [05/Apr/2022:14:52:08 +0200] "GET /Admin/Jahresbericht HTTP/1.1" 200 45530 "-" "Mozilla/5.0 (compatible; TMMBot/0.2; +http://www.dslab.ch)/Nutch-1.15"
194.209.200.2 - - [05/Apr/2022:14:52:28 +0200] "GET /Texte/Limericks HTTP/1.1" 200 8087 "-" "Mozilla/5.0 (compatible; TMMBot/0.2; +http://www.dslab.ch)/Nutch-1.15"
194.209.200.2 - - [05/Apr/2022:14:52:32 +0200] "GET /Texte/Schrybwys HTTP/1.1" 200 11028 "-" "Mozilla/5.0 (compatible; TMMBot/0.2; +http://www.dslab.ch)/Nutch-1.15"
194.209.200.2 - - [05/Apr/2022:14:53:17 +0200] "GET /Texte/ArsAmatoria HTTP/1.1" 200 12369 "-" "Mozilla/5.0 (compatible; TMMBot/0.2; +http://www.dslab.ch)/Nutch-1.15"
194.209.200.2 - - [05/Apr/2022:14:53:59 +0200] "GET /Admin/Links HTTP/1.1" 200 14193 "-" "Mozilla/5.0 (compatible; TMMBot/0.2; +http://www.dslab.ch)/Nutch-1.15"
194.209.200.2 - - [05/Apr/2022:14:54:07 +0200] "GET /Texte/Metamorphoses HTTP/1.1" 200 9045 "-" "Mozilla/5.0 (compatible; TMMBot/0.2; +http://www.dslab.ch)/Nutch-1.15"
194.209.200.2 - - [05/Apr/2022:14:55:05 +0200] "GET /Texte/Gloosse HTTP/1.1" 200 8061 "-" "Mozilla/5.0 (compatible; TMMBot/0.2; +http://www.dslab.ch)/Nutch-1.15"
194.209.200.2 - - [05/Apr/2022:14:55:55 +0200] "GET /Admin/Pro-ZurituutschStatuten HTTP/1.1" 200 9580 "-" "Mozilla/5.0 (compatible; TMMBot/0.2; +http://www.dslab.ch)/Nutch-1.15"
194.209.200.2 - - [05/Apr/2022:14:56:19 +0200] "GET /Admin/ZurStiftung HTTP/1.1" 200 10864 "-" "Mozilla/5.0 (compatible; TMMBot/0.2; +http://www.dslab.ch)/Nutch-1.15"
194.209.200.2 - - [05/Apr/2022:14:56:41 +0200] "GET /Texte/Bitterbeuhsi HTTP/1.1" 200 9255 "-" "Mozilla/5.0 (compatible; TMMBot/0.2; +http://www.dslab.ch)/Nutch-1.15"
194.209.200.2 - - [05/Apr/2022:14:56:52 +0200] "GET /Gast/Podcast HTTP/1.1" 200 8106 "-" "Mozilla/5.0 (compatible; TMMBot/0.2; +http://www.dslab.ch)/Nutch-1.15"
93.184.26.218 - - [05/Apr/2022:14:57:15 +0200] "GET / HTTP/1.1" 200 14638 "-" "Mozilla/5.0 (Windows NT 6.3; Win64; x64; rv:98.0) Gecko/20100101 Firefox/98.0"
93.184.26.218 - - [05/Apr/2022:14:57:15 +0200] "GET /pub/skins/pro-zurituutsch/gila.css HTTP/1.1" 200 10186 "http://www.pro-zurituutsch.ch/" "Mozilla/5.0 (Windows NT 6.3; Win64; x64; rv:98.0) Gecko/20100101 Firefox/98.0"
93.184.26.218 - - [05/Apr/2022:14:57:15 +0200] "GET /uploads/Main/logo.jpg HTTP/1.1" 200 29066 "http://www.pro-zurituutsch.ch/" "Mozilla/5.0 (Windows NT 6.3; Win64; x64; rv:98.0) Gecko/20100101 Firefox/98.0"
93.184.26.218 - - [05/Apr/2022:14:57:15 +0200] "GET /pub/skins/pro-zurituutsch/images/external.png HTTP/1.1" 200 165 "http://www.pro-zurituutsch.ch/pub/skins/pro-zurituutsch/gila.css" "Mozilla/5.0 (Windows NT 6.3; Win64; x64; rv:98.0) Gecko/20100101 Firefox/98.0"
93.184.26.218 - - [05/Apr/2022:14:57:16 +0200] "GET /pub/skins/pro-zurituutsch/images/favicon.ico HTTP/1.1" 200 1406 "http://www.pro-zurituutsch.ch/" "Mozilla/5.0 (Windows NT 6.3; Win64; x64; rv:98.0) Gecko/20100101 Firefox/98.0"
194.209.200.2 - - [05/Apr/2022:14:57:18 +0200] "GET /Hilfe/AnleitungTonbeispiele HTTP/1.1" 200 9878 "-" "Mozilla/5.0 (compatible; TMMBot/0.2; +http://www.dslab.ch)/Nutch-1.15"
93.184.26.218 - - [05/Apr/2022:14:57:38 +0200] "GET /Texte/ZurcherischEnglish HTTP/1.1" 200 8274 "http://www.pro-zurituutsch.ch/" "Mozilla/5.0 (Windows NT 6.3; Win64; x64; rv:98.0) Gecko/20100101 Firefox/98.0"
93.184.26.218 - - [05/Apr/2022:14:57:40 +0200] "GET /Texte/Schrybwys HTTP/1.1" 200 11028 "http://www.pro-zurituutsch.ch/Texte/ZurcherischEnglish" "Mozilla/5.0 (Windows NT 6.3; Win64; x64; rv:98.0) Gecko/20100101 Firefox/98.0"
93.184.26.218 - - [05/Apr/2022:14:57:41 +0200] "GET /uploads/Texte/ZurSchreibweise.jpg HTTP/1.1" 200 90748 "http://www.pro-zurituutsch.ch/Texte/Schrybwys" "Mozilla/5.0 (Windows NT 6.3; Win64; x64; rv:98.0) Gecko/20100101 Firefox/98.0"
93.184.26.218 - - [05/Apr/2022:14:57:46 +0200] "GET /Texte/Roman HTTP/1.1" 200 38741 "http://www.pro-zurituutsch.ch/Texte/Schrybwys" "Mozilla/5.0 (Windows NT 6.3; Win64; x64; rv:98.0) Gecko/20100101 Firefox/98.0"
185.191.171.5 - - [05/Apr/2022:15:06:42 +0200] "GET /PmWikiFr/PageVariables?action=edit HTTP/1.1" 403 18 "-" "Mozilla/5.0 (compatible; SemrushBot/7~bl; +http://www.semrush.com/bot.html)"
114.119.131.210 - - [05/Apr/2022:15:09:36 +0200] "GET /robots.txt HTTP/1.1" 200 - "-" "Mozilla/5.0 (compatible;PetalBot;+https://webmaster.petalsearch.com/site/petalbot)"
185.191.171.1 - - [05/Apr/2022:15:16:04 +0200] "GET /PmWikiHu/Directives?action=edit HTTP/1.1" 404 18 "-" "Mozilla/5.0 (compatible; SemrushBot/7~bl; +http://www.semrush.com/bot.html)"
194.209.200.2 - - [05/Apr/2022:15:21:09 +0200] "GET /robots.txt HTTP/1.1" 200 - "-" "Mozilla/5.0 (compatible; TMMBot/0.2; +http://www.dslab.ch)/Nutch-1.15"
194.209.200.2 - - [05/Apr/2022:15:21:09 +0200] "GET /Admin/Jahresbericht HTTP/1.1" 200 45530 "-" "Mozilla/5.0 (compatible; TMMBot/0.2; +http://www.dslab.ch)/Nutch-1.15"
194.209.200.2 - - [05/Apr/2022:15:21:30 +0200] "GET /Texte/Limericks HTTP/1.1" 200 8087 "-" "Mozilla/5.0 (compatible; TMMBot/0.2; +http://www.dslab.ch)/Nutch-1.15"
194.209.200.2 - - [05/Apr/2022:15:21:34 +0200] "GET /Texte/Schrybwys HTTP/1.1" 200 11028 "-" "Mozilla/5.0 (compatible; TMMBot/0.2; +http://www.dslab.ch)/Nutch-1.15"
114.119.140.87 - - [05/Apr/2022:15:22:01 +0200] "GET /PmWikiPt/XLPage?action=diff HTTP/1.1" 403 18 "-" "Mozilla/5.0 (Linux; Android 7.0;) AppleWebKit/537.36 (KHTML, like Gecko) Mobile Safari/537.36 (compatible; PetalBot;+https://webmaster.petalsearch.com/site/petalbot)"
194.209.200.2 - - [05/Apr/2022:15:23:06 +0200] "GET /Admin/Links HTTP/1.1" 200 14193 "-" "Mozilla/5.0 (compatible; TMMBot/0.2; +http://www.dslab.ch)/Nutch-1.15"
194.209.200.2 - - [05/Apr/2022:15:23:15 +0200] "GET /Texte/Metamorphoses HTTP/1.1" 200 9045 "-" "Mozilla/5.0 (compatible; TMMBot/0.2; +http://www.dslab.ch)/Nutch-1.15"
194.209.200.2 - - [05/Apr/2022:15:24:20 +0200] "GET /Texte/Gloosse HTTP/1.1" 200 8061 "-" "Mozilla/5.0 (compatible; TMMBot/0.2; +http://www.dslab.ch)/Nutch-1.15"
194.209.200.2 - - [05/Apr/2022:15:25:40 +0200] "GET /Admin/ZurStiftung HTTP/1.1" 200 10864 "-" "Mozilla/5.0 (compatible; TMMBot/0.2; +http://www.dslab.ch)/Nutch-1.15"
194.209.200.2 - - [05/Apr/2022:15:26:04 +0200] "GET /Texte/Bitterbeuhsi HTTP/1.1" 200 9255 "-" "Mozilla/5.0 (compatible; TMMBot/0.2; +http://www.dslab.ch)/Nutch-1.15"
194.209.200.2 - - [05/Apr/2022:15:26:15 +0200] "GET /Gast/Podcast HTTP/1.1" 200 8106 "-" "Mozilla/5.0 (compatible; TMMBot/0.2; +http://www.dslab.ch)/Nutch-1.15"
185.191.171.26 - - [05/Apr/2022:15:33:10 +0200] "GET /robots.txt HTTP/1.1" 200 - "-" "Mozilla/5.0 (compatible; SemrushBot/7~bl; +http://www.semrush.com/bot.html)"
185.191.171.37 - - [05/Apr/2022:15:33:11 +0200] "GET /PmWikiFr/A?action=search&fmt=title&q=link%3DPmWikiFr.CreatingNewPages HTTP/1.1" 404 18 "-" "Mozilla/5.0 (compatible; SemrushBot/7~bl; +http://www.semrush.com/bot.html)"
114.119.141.139 - - [05/Apr/2022:15:33:26 +0200] "GET /robots.txt HTTP/1.1" 200 - "-" "Mozilla/5.0 (Linux; Android 7.0;) AppleWebKit/537.36 (KHTML, like Gecko) Mobile Safari/537.36 (compatible; PetalBot;+https://webmaster.petalsearch.com/site/petalbot)"
114.119.141.232 - - [05/Apr/2022:15:36:57 +0200] "GET /PmWikiDe/XLPage?action=diff HTTP/1.1" 403 18 "-" "Mozilla/5.0 (Linux; Android 7.0;) AppleWebKit/537.36 (KHTML, like Gecko) Mobile Safari/537.36 (compatible; PetalBot;+https://webmaster.petalsearch.com/site/petalbot)"
114.119.141.168 - - [05/Apr/2022:15:39:21 +0200] "GET /PmWikiDe/PageDirectives?action=diff HTTP/1.1" 403 18 "-" "Mozilla/5.0 (Linux; Android 7.0;) AppleWebKit/537.36 (KHTML, like Gecko) Mobile Safari/537.36 (compatible; PetalBot;+https://webmaster.petalsearch.com/site/petalbot)"
185.191.171.25 - - [05/Apr/2022:15:42:32 +0200] "GET /PmWikiFr/ErrorMessages HTTP/1.1" 200 16420 "-" "Mozilla/5.0 (compatible; SemrushBot/7~bl; +http://www.semrush.com/bot.html)"
66.249.76.220 - - [05/Apr/2022:15:44:07 +0200] "GET /PodCast/IndexPage?action=rss HTTP/1.1" 200 6298 "-" "Mozilla/5.0 (compatible; Googlebot/2.1; +http://www.google.com/bot.html)"
185.191.171.45 - - [05/Apr/2022:15:47:35 +0200] "GET /Vietnamese/HopThuRa?action=edit HTTP/1.1" 404 18 "-" "Mozilla/5.0 (compatible; SemrushBot/7~bl; +http://www.semrush.com/bot.html)"
194.209.200.2 - - [05/Apr/2022:15:51:42 +0200] "GET /robots.txt HTTP/1.1" 200 - "-" "Mozilla/5.0 (compatible; TMMBot/0.2; +http://www.dslab.ch)/Nutch-1.15"
194.209.200.2 - - [05/Apr/2022:15:51:42 +0200] "GET /Texte/Schrybwys HTTP/1.1" 200 11028 "-" "Mozilla/5.0 (compatible; TMMBot/0.2; +http://www.dslab.ch)/Nutch-1.15"
194.209.200.2 - - [05/Apr/2022:15:52:24 +0200] "GET /Texte/ArsAmatoria HTTP/1.1" 200 12369 "-" "Mozilla/5.0 (compatible; TMMBot/0.2; +http://www.dslab.ch)/Nutch-1.15"
194.209.200.2 - - [05/Apr/2022:15:53:05 +0200] "GET /Admin/Links HTTP/1.1" 200 14193 "-" "Mozilla/5.0 (compatible; TMMBot/0.2; +http://www.dslab.ch)/Nutch-1.15"
194.209.200.2 - - [05/Apr/2022:15:53:13 +0200] "GET /Texte/Metamorphoses HTTP/1.1" 200 9045 "-" "Mozilla/5.0 (compatible; TMMBot/0.2; +http://www.dslab.ch)/Nutch-1.15"
194.209.200.2 - - [05/Apr/2022:15:54:10 +0200] "GET /Texte/Gloosse HTTP/1.1" 200 8061 "-" "Mozilla/5.0 (compatible; TMMBot/0.2; +http://www.dslab.ch)/Nutch-1.15"
194.209.200.2 - - [05/Apr/2022:15:55:20 +0200] "GET /Admin/ZurStiftung HTTP/1.1" 200 10864 "-" "Mozilla/5.0 (compatible; TMMBot/0.2; +http://www.dslab.ch)/Nutch-1.15"
194.209.200.2 - - [05/Apr/2022:15:55:43 +0200] "GET /Texte/Bitterbeuhsi HTTP/1.1" 200 9255 "-" "Mozilla/5.0 (compatible; TMMBot/0.2; +http://www.dslab.ch)/Nutch-1.15"
194.209.200.2 - - [05/Apr/2022:15:55:52 +0200] "GET /Gast/Podcast HTTP/1.1" 200 8106 "-" "Mozilla/5.0 (compatible; TMMBot/0.2; +http://www.dslab.ch)/Nutch-1.15"
185.191.171.19 - - [05/Apr/2022:15:57:11 +0200] "GET /PmWikiFr/XLPage?action=edit HTTP/1.1" 403 18 "-" "Mozilla/5.0 (compatible; SemrushBot/7~bl; +http://www.semrush.com/bot.html)"
185.191.171.21 - - [05/Apr/2022:16:00:25 +0200] "GET /PmWikiHu/PmWikiHu?action=upload HTTP/1.1" 403 18 "-" "Mozilla/5.0 (compatible; SemrushBot/7~bl; +http://www.semrush.com/bot.html)"
185.191.171.37 - - [05/Apr/2022:16:19:19 +0200] "GET /PmWikiHu/Forum HTTP/1.1" 200 9817 "-" "Mozilla/5.0 (compatible; SemrushBot/7~bl; +http://www.semrush.com/bot.html)"
114.119.140.79 - - [05/Apr/2022:16:31:10 +0200] "GET /PodCast/Hafering?action=diff&source=n&minor=y HTTP/1.1" 403 18 "-" "Mozilla/5.0 (Linux; Android 7.0;) AppleWebKit/537.36 (KHTML, like Gecko) Mobile Safari/537.36 (compatible; PetalBot;+https://webmaster.petalsearch.com/site/petalbot)"
194.209.200.2 - - [05/Apr/2022:16:32:19 +0200] "GET /robots.txt HTTP/1.1" 200 - "-" "Mozilla/5.0 (compatible; TMMBot/0.2; +http://www.dslab.ch)/Nutch-1.15"
194.209.200.2 - - [05/Apr/2022:16:32:19 +0200] "GET /Texte/Schrybwys HTTP/1.1" 200 11028 "-" "Mozilla/5.0 (compatible; TMMBot/0.2; +http://www.dslab.ch)/Nutch-1.15"
194.209.200.2 - - [05/Apr/2022:16:33:59 +0200] "GET /Texte/ArsAmatoria HTTP/1.1" 200 12369 "-" "Mozilla/5.0 (compatible; TMMBot/0.2; +http://www.dslab.ch)/Nutch-1.15"
194.209.200.2 - - [05/Apr/2022:16:36:05 +0200] "GET /Admin/Links HTTP/1.1" 200 14193 "-" "Mozilla/5.0 (compatible; TMMBot/0.2; +http://www.dslab.ch)/Nutch-1.15"
194.209.200.2 - - [05/Apr/2022:16:36:26 +0200] "GET /Texte/Metamorphoses HTTP/1.1" 200 9045 "-" "Mozilla/5.0 (compatible; TMMBot/0.2; +http://www.dslab.ch)/Nutch-1.15"
194.209.200.2 - - [05/Apr/2022:16:38:45 +0200] "GET /Texte/Gloosse HTTP/1.1" 200 8061 "-" "Mozilla/5.0 (compatible; TMMBot/0.2; +http://www.dslab.ch)/Nutch-1.15"
157.55.39.221 - - [05/Apr/2022:16:39:29 +0200] "GET /Admin/Pro-ZurituutschStatuten?action=upload HTTP/1.1" 403 18 "-" "Mozilla/5.0 (compatible; bingbot/2.0; +http://www.bing.com/bingbot.htm)"
185.191.171.13 - - [05/Apr/2022:16:40:16 +0200] "GET /robots.txt HTTP/1.1" 200 - "-" "Mozilla/5.0 (compatible; SemrushBot/7~bl; +http://www.semrush.com/bot.html)"
185.191.171.22 - - [05/Apr/2022:16:40:16 +0200] "GET /PmWikiFr/Security?action=edit HTTP/1.1" 403 18 "-" "Mozilla/5.0 (compatible; SemrushBot/7~bl; +http://www.semrush.com/bot.html)"
185.191.171.4 - - [05/Apr/2022:16:40:55 +0200] "GET /PmWikiHu/GNUGPL?action=edit HTTP/1.1" 404 18 "-" "Mozilla/5.0 (compatible; SemrushBot/7~bl; +http://www.semrush.com/bot.html)"
34.212.232.125 - - [05/Apr/2022:16:41:45 +0200] "GET / HTTP/1.1" 200 14638 "-" "Mozilla/5.0 (X11; Linux x86_64) AppleWebKit/537.36 (KHTML, like Gecko) Chrome/83.0.4103.97 Safari/537.36"
194.209.200.2 - - [05/Apr/2022:16:41:48 +0200] "GET /Texte/Bitterbeuhsi HTTP/1.1" 200 9255 "-" "Mozilla/5.0 (compatible; TMMBot/0.2; +http://www.dslab.ch)/Nutch-1.15"
54.191.237.62 - - [05/Apr/2022:16:41:54 +0200] "GET /favicon.ico HTTP/1.1" 200 1406 "-" "Mozilla/5.0 (X11; Linux x86_64) AppleWebKit/537.36 (KHTML, like Gecko) Chrome/83.0.4103.97 Safari/537.36"
194.209.200.2 - - [05/Apr/2022:16:42:17 +0200] "GET /Gast/Podcast HTTP/1.1" 200 8106 "-" "Mozilla/5.0 (compatible; TMMBot/0.2; +http://www.dslab.ch)/Nutch-1.15"
66.249.76.196 - - [05/Apr/2022:16:49:56 +0200] "GET /PodCast/IndexPage?action=rss HTTP/1.1" 200 6298 "-" "Mozilla/5.0 (compatible; Googlebot/2.1; +http://www.google.com/bot.html)"
114.119.141.15 - - [05/Apr/2022:16:57:43 +0200] "GET /PodCast/Reschpakt?action=edit HTTP/1.1" 403 18 "-" "Mozilla/5.0 (Linux; Android 7.0;) AppleWebKit/537.36 (KHTML, like Gecko) Mobile Safari/537.36 (compatible; PetalBot;+https://webmaster.petalsearch.com/site/petalbot)"
185.191.171.36 - - [05/Apr/2022:16:59:03 +0200] "GET /PmWikiVi/ChMI?action=edit HTTP/1.1" 404 18 "-" "Mozilla/5.0 (compatible; SemrushBot/7~bl; +http://www.semrush.com/bot.html)"
114.119.140.99 - - [05/Apr/2022:17:01:24 +0200] "GET /PmWikiDe/PageNotFound?action=edit HTTP/1.1" 403 18 "-" "Mozilla/5.0 (Linux; Android 7.0;) AppleWebKit/537.36 (KHTML, like Gecko) Mobile Safari/537.36 (compatible; PetalBot;+https://webmaster.petalsearch.com/site/petalbot)"
185.191.171.34 - - [05/Apr/2022:17:04:41 +0200] "GET /PmWiki/Security HTTP/1.1" 200 24846 "-" "Mozilla/5.0 (compatible; SemrushBot/7~bl; +http://www.semrush.com/bot.html)"
194.209.200.2 - - [05/Apr/2022:17:06:12 +0200] "GET /robots.txt HTTP/1.1" 200 - "-" "Mozilla/5.0 (compatible; TMMBot/0.2; +http://www.dslab.ch)/Nutch-1.15"
194.209.200.2 - - [05/Apr/2022:17:06:12 +0200] "GET /Texte/Schrybwys HTTP/1.1" 200 11028 "-" "Mozilla/5.0 (compatible; TMMBot/0.2; +http://www.dslab.ch)/Nutch-1.15"
185.191.171.34 - - [05/Apr/2022:17:06:17 +0200] "GET /PmWikiHu/TipsForEditing HTTP/1.1" 200 8197 "-" "Mozilla/5.0 (compatible; SemrushBot/7~bl; +http://www.semrush.com/bot.html)"
