194.209.200.2 - - [01/Jul/2022:10:04:52 +0200] "GET /robots.txt HTTP/1.1" 200 - "-" "Mozilla/5.0 (compatible; TMMBot/0.2; +http://www.dslab.ch)/Nutch-1.15"
194.209.200.2 - - [01/Jul/2022:10:04:52 +0200] "GET /Admin/AdresseStiftung HTTP/1.1" 200 8453 "-" "Mozilla/5.0 (compatible; TMMBot/0.2; +http://www.dslab.ch)/Nutch-1.15"
194.209.200.2 - - [01/Jul/2022:10:05:22 +0200] "GET /Texte/ZurcherischEnglish HTTP/1.1" 200 8274 "-" "Mozilla/5.0 (compatible; TMMBot/0.2; +http://www.dslab.ch)/Nutch-1.15"
194.209.200.2 - - [01/Jul/2022:10:06:49 +0200] "GET /Admin/Jahresbericht HTTP/1.1" 200 45530 "-" "Mozilla/5.0 (compatible; TMMBot/0.2; +http://www.dslab.ch)/Nutch-1.15"
194.209.200.2 - - [01/Jul/2022:10:07:08 +0200] "GET /Texte/Limericks HTTP/1.1" 200 8087 "-" "Mozilla/5.0 (compatible; TMMBot/0.2; +http://www.dslab.ch)/Nutch-1.15"
194.209.200.2 - - [01/Jul/2022:10:08:02 +0200] "GET /Texte/ArsAmatoria HTTP/1.1" 200 12369 "-" "Mozilla/5.0 (compatible; TMMBot/0.2; +http://www.dslab.ch)/Nutch-1.15"
194.209.200.2 - - [01/Jul/2022:10:08:49 +0200] "GET /Texte/Styluebige HTTP/1.1" 200 9998 "-" "Mozilla/5.0 (compatible; TMMBot/0.2; +http://www.dslab.ch)/Nutch-1.15"
216.244.66.243 - - [01/Jul/2022:10:09:11 +0200] "GET /robots.txt HTTP/1.1" 200 - "-" "Mozilla/5.0 (compatible; DotBot/1.2; +https://opensiteexplorer.org/dotbot; help@moz.com)"
195.133.18.145 - - [01/Jul/2022:10:09:51 +0200] "GET //.env HTTP/1.1" 404 264 "-" "Mozilla/5.0 (Macintosh; Intel Mac OS X 10.15; rv:77.0) Gecko/20100101 Firefox/77.0"
194.209.200.2 - - [01/Jul/2022:10:11:45 +0200] "GET /Texte/Bitterbeuhsi HTTP/1.1" 200 9255 "-" "Mozilla/5.0 (compatible; TMMBot/0.2; +http://www.dslab.ch)/Nutch-1.15"
194.209.200.2 - - [01/Jul/2022:10:11:55 +0200] "GET /Gast/Podcast HTTP/1.1" 200 8106 "-" "Mozilla/5.0 (compatible; TMMBot/0.2; +http://www.dslab.ch)/Nutch-1.15"
66.249.76.193 - - [01/Jul/2022:10:12:30 +0200] "GET /PodCast/IndexPage?action=rss HTTP/1.1" 200 6298 "-" "Mozilla/5.0 (compatible; Googlebot/2.1; +http://www.google.com/bot.html)"
3.216.185.164 - - [01/Jul/2022:10:15:10 +0200] "GET /PodCast/IndexPage?action=rss HTTP/1.1" 200 6298 "-" "PocketCasts/1.0 (Pocket Casts Feed Parser; +http://pocketcasts.com/)"
216.244.66.243 - - [01/Jul/2022:10:22:44 +0200] "GET /PmWikiDe/XLPageCookbook HTTP/1.1" 200 12778 "-" "Mozilla/5.0 (compatible; DotBot/1.2; +https://opensiteexplorer.org/dotbot; help@moz.com)"
171.25.193.77 - - [01/Jul/2022:10:32:10 +0200] "GET / HTTP/1.1" 200 15085 "-" "Mozilla/5.0 (Windows NT 10.0; rv:91.0) Gecko/20100101 Firefox/91.0"
171.25.193.77 - - [01/Jul/2022:10:32:12 +0200] "GET /pub/skins/pro-zurituutsch/gila.css HTTP/1.1" 200 10186 "http://www.pro-zurituutsch.ch/" "Mozilla/5.0 (Windows NT 10.0; rv:91.0) Gecko/20100101 Firefox/91.0"
171.25.193.77 - - [01/Jul/2022:10:32:13 +0200] "GET /uploads/Main/logo.jpg HTTP/1.1" 200 29066 "http://www.pro-zurituutsch.ch/" "Mozilla/5.0 (Windows NT 10.0; rv:91.0) Gecko/20100101 Firefox/91.0"
171.25.193.77 - - [01/Jul/2022:10:32:13 +0200] "GET /pub/skins/pro-zurituutsch/images/external.png HTTP/1.1" 200 165 "http://www.pro-zurituutsch.ch/pub/skins/pro-zurituutsch/gila.css" "Mozilla/5.0 (Windows NT 10.0; rv:91.0) Gecko/20100101 Firefox/91.0"
171.25.193.77 - - [01/Jul/2022:10:32:13 +0200] "GET /pub/skins/pro-zurituutsch/images/favicon.ico HTTP/1.1" 200 1406 "http://www.pro-zurituutsch.ch/" "Mozilla/5.0 (Windows NT 10.0; rv:91.0) Gecko/20100101 Firefox/91.0"
171.25.193.77 - - [01/Jul/2022:10:32:13 +0200] "GET /images/external.png HTTP/1.1" 404 289 "http://www.pro-zurituutsch.ch/" "Mozilla/5.0 (Windows NT 10.0; rv:91.0) Gecko/20100101 Firefox/91.0"
40.77.167.51 - - [01/Jul/2022:10:53:16 +0200] "GET /PodCast/Zugle HTTP/1.1" 200 19132 "-" "Mozilla/5.0 (compatible; bingbot/2.0; +http://www.bing.com/bingbot.htm)"
40.77.167.54 - - [01/Jul/2022:11:05:15 +0200] "GET /PodCast/700Buezerleuh HTTP/1.1" 200 8168 "-" "Mozilla/5.0 (compatible; bingbot/2.0; +http://www.bing.com/bingbot.htm)"
185.191.171.8 - - [01/Jul/2022:11:05:29 +0200] "GET /robots.txt HTTP/1.1" 200 - "-" "Mozilla/5.0 (compatible; SemrushBot/7~bl; +http://www.semrush.com/bot.html)"
185.191.171.42 - - [01/Jul/2022:11:05:29 +0200] "GET /PmWikiRu/CustomInterMap?action=diff HTTP/1.1" 403 18 "-" "Mozilla/5.0 (compatible; SemrushBot/7~bl; +http://www.semrush.com/bot.html)"
3.219.254.95 - - [01/Jul/2022:11:07:26 +0200] "GET /PodCast/IndexPage?action=rss HTTP/1.1" 200 6298 "-" "PocketCasts/1.0 (Pocket Casts Feed Parser; +http://pocketcasts.com/)"
66.249.76.220 - - [01/Jul/2022:11:10:43 +0200] "GET /PodCast/IndexPage?action=rss HTTP/1.1" 200 6298 "-" "Mozilla/5.0 (compatible; Googlebot/2.1; +http://www.google.com/bot.html)"
185.191.171.26 - - [01/Jul/2022:11:11:00 +0200] "GET /PmWikiIt/TextFormattingRules?action=edit HTTP/1.1" 403 18 "-" "Mozilla/5.0 (compatible; SemrushBot/7~bl; +http://www.semrush.com/bot.html)"
185.191.171.6 - - [01/Jul/2022:11:22:29 +0200] "GET /PmWikiFr/A?action=search&fmt=title&q=link%3DPmWikiFr.WikiStyles HTTP/1.1" 404 18 "-" "Mozilla/5.0 (compatible; SemrushBot/7~bl; +http://www.semrush.com/bot.html)"
185.16.38.112 - - [01/Jul/2022:11:23:15 +0200] "GET /Texte/Roman HTTP/1.1" 200 38741 "http://www.pro-zurituutsch.ch/" "Mozilla/5.0 (Windows NT 10.0; rv:91.0) Gecko/20100101 Firefox/91.0"
185.16.38.112 - - [01/Jul/2022:11:23:15 +0200] "GET /Texte/images/external.png HTTP/1.1" 404 264 "http://www.pro-zurituutsch.ch/Texte/Roman" "Mozilla/5.0 (Windows NT 10.0; rv:91.0) Gecko/20100101 Firefox/91.0"
185.16.38.112 - - [01/Jul/2022:11:23:16 +0200] "GET /pub/skins/pro-zurituutsch/images/favicon.ico HTTP/1.1" 200 1406 "http://www.pro-zurituutsch.ch/Texte/Roman" "Mozilla/5.0 (Windows NT 10.0; rv:91.0) Gecko/20100101 Firefox/91.0"
185.16.38.112 - - [01/Jul/2022:11:23:33 +0200] "GET /Site/PodCast HTTP/1.1" 200 40934 "http://www.pro-zurituutsch.ch/Texte/Roman" "Mozilla/5.0 (Windows NT 10.0; rv:91.0) Gecko/20100101 Firefox/91.0"
185.16.38.112 - - [01/Jul/2022:11:23:34 +0200] "GET /Site/images/external.png HTTP/1.1" 404 264 "http://www.pro-zurituutsch.ch/Site/PodCast" "Mozilla/5.0 (Windows NT 10.0; rv:91.0) Gecko/20100101 Firefox/91.0"
185.16.38.112 - - [01/Jul/2022:11:23:41 +0200] "GET /PodCast/PodCast HTTP/1.1" 200 29790 "http://www.pro-zurituutsch.ch/Site/PodCast" "Mozilla/5.0 (Windows NT 10.0; rv:91.0) Gecko/20100101 Firefox/91.0"
185.16.38.112 - - [01/Jul/2022:11:23:42 +0200] "GET /PodCast/images/external.png HTTP/1.1" 404 264 "http://www.pro-zurituutsch.ch/PodCast/PodCast" "Mozilla/5.0 (Windows NT 10.0; rv:91.0) Gecko/20100101 Firefox/91.0"
185.16.38.112 - - [01/Jul/2022:11:24:32 +0200] "GET /Hilfe/AnleitungTonbeispiele HTTP/1.1" 200 9878 "http://www.pro-zurituutsch.ch/PodCast/PodCast" "Mozilla/5.0 (Windows NT 10.0; rv:91.0) Gecko/20100101 Firefox/91.0"
185.16.38.112 - - [01/Jul/2022:11:24:33 +0200] "GET /Hilfe/images/external.png HTTP/1.1" 404 264 "http://www.pro-zurituutsch.ch/Hilfe/AnleitungTonbeispiele" "Mozilla/5.0 (Windows NT 10.0; rv:91.0) Gecko/20100101 Firefox/91.0"
185.16.38.112 - - [01/Jul/2022:11:24:37 +0200] "GET /Main/Home HTTP/1.1" 200 15085 "http://www.pro-zurituutsch.ch/Hilfe/AnleitungTonbeispiele" "Mozilla/5.0 (Windows NT 10.0; rv:91.0) Gecko/20100101 Firefox/91.0"
185.16.38.112 - - [01/Jul/2022:11:24:38 +0200] "GET /Main/images/external.png HTTP/1.1" 404 264 "http://www.pro-zurituutsch.ch/Main/Home" "Mozilla/5.0 (Windows NT 10.0; rv:91.0) Gecko/20100101 Firefox/91.0"
185.191.171.4 - - [01/Jul/2022:11:28:11 +0200] "GET /PmWikiFr/CustomMarkup?action=edit HTTP/1.1" 403 18 "-" "Mozilla/5.0 (compatible; SemrushBot/7~bl; +http://www.semrush.com/bot.html)"
91.143.88.40 - - [01/Jul/2022:11:30:33 +0200] "GET /robots.txt HTTP/1.1" 200 - "-" "Mozilla/5.0 (compatible; InfoTigerBot/1.9; +https://infotiger.com/bot)"
91.143.88.40 - - [01/Jul/2022:11:30:33 +0200] "GET / HTTP/1.1" 200 15085 "-" "Mozilla/5.0 (compatible; InfoTigerBot/1.9; +https://infotiger.com/bot)"
185.191.171.42 - - [01/Jul/2022:11:34:26 +0200] "GET /PmWikiIt/GroupHeaders?action=edit HTTP/1.1" 404 18 "-" "Mozilla/5.0 (compatible; SemrushBot/7~bl; +http://www.semrush.com/bot.html)"
185.191.171.17 - - [01/Jul/2022:11:38:55 +0200] "GET /PmWikiLt/XLPage?action=diff HTTP/1.1" 403 18 "-" "Mozilla/5.0 (compatible; SemrushBot/7~bl; +http://www.semrush.com/bot.html)"
185.191.171.24 - - [01/Jul/2022:11:42:53 +0200] "GET /PmWikiDe/Requirements?action=diff HTTP/1.1" 403 18 "-" "Mozilla/5.0 (compatible; SemrushBot/7~bl; +http://www.semrush.com/bot.html)"
194.209.200.2 - - [01/Jul/2022:11:46:40 +0200] "GET /robots.txt HTTP/1.1" 200 - "-" "Mozilla/5.0 (compatible; TMMBot/0.2; +http://www.dslab.ch)/Nutch-1.15"
194.209.200.2 - - [01/Jul/2022:11:46:41 +0200] "GET /Admin/AdresseStiftung HTTP/1.1" 200 8453 "-" "Mozilla/5.0 (compatible; TMMBot/0.2; +http://www.dslab.ch)/Nutch-1.15"
194.209.200.2 - - [01/Jul/2022:11:47:09 +0200] "GET /Texte/ZurcherischEnglish HTTP/1.1" 200 8274 "-" "Mozilla/5.0 (compatible; TMMBot/0.2; +http://www.dslab.ch)/Nutch-1.15"
194.209.200.2 - - [01/Jul/2022:11:48:37 +0200] "GET /Admin/Jahresbericht HTTP/1.1" 200 45530 "-" "Mozilla/5.0 (compatible; TMMBot/0.2; +http://www.dslab.ch)/Nutch-1.15"
185.191.171.11 - - [01/Jul/2022:11:49:19 +0200] "GET /PmWikiFr/A?action=search&fmt=title&q=link%3DPmWikiFr.PatrickMichaud HTTP/1.1" 404 18 "-" "Mozilla/5.0 (compatible; SemrushBot/7~bl; +http://www.semrush.com/bot.html)"
194.209.200.2 - - [01/Jul/2022:11:49:49 +0200] "GET /Texte/ArsAmatoria HTTP/1.1" 200 12369 "-" "Mozilla/5.0 (compatible; TMMBot/0.2; +http://www.dslab.ch)/Nutch-1.15"
194.209.200.2 - - [01/Jul/2022:11:50:33 +0200] "GET /Texte/Styluebige HTTP/1.1" 200 9998 "-" "Mozilla/5.0 (compatible; TMMBot/0.2; +http://www.dslab.ch)/Nutch-1.15"
216.244.66.243 - - [01/Jul/2022:11:50:53 +0200] "GET /robots.txt HTTP/1.1" 200 - "-" "Mozilla/5.0 (compatible; DotBot/1.2; +https://opensiteexplorer.org/dotbot; help@moz.com)"
194.209.200.2 - - [01/Jul/2022:11:53:40 +0200] "GET /Texte/Bitterbeuhsi HTTP/1.1" 200 9255 "-" "Mozilla/5.0 (compatible; TMMBot/0.2; +http://www.dslab.ch)/Nutch-1.15"
194.209.200.2 - - [01/Jul/2022:11:53:51 +0200] "GET /Gast/Podcast HTTP/1.1" 200 8106 "-" "Mozilla/5.0 (compatible; TMMBot/0.2; +http://www.dslab.ch)/Nutch-1.15"
216.244.66.243 - - [01/Jul/2022:12:01:35 +0200] "GET /Texte/Limericks HTTP/1.1" 200 8087 "-" "Mozilla/5.0 (compatible; DotBot/1.2; +https://opensiteexplorer.org/dotbot; help@moz.com)"
185.191.171.1 - - [01/Jul/2022:12:03:19 +0200] "GET /Hilfe/RealOne?action=diff HTTP/1.1" 403 18 "-" "Mozilla/5.0 (compatible; SemrushBot/7~bl; +http://www.semrush.com/bot.html)"
66.249.76.222 - - [01/Jul/2022:12:05:13 +0200] "GET /PodCast/IndexPage?action=rss HTTP/1.1" 200 6298 "-" "Mozilla/5.0 (compatible; Googlebot/2.1; +http://www.google.com/bot.html)"
216.244.66.243 - - [01/Jul/2022:12:06:03 +0200] "GET /PmWikiDe/TableDirectives?from=PmWikiDe.AdvancedTables HTTP/1.1" 200 20218 "-" "Mozilla/5.0 (compatible; DotBot/1.2; +https://opensiteexplorer.org/dotbot; help@moz.com)"
185.191.171.25 - - [01/Jul/2022:12:22:03 +0200] "GET /robots.txt HTTP/1.1" 200 - "-" "Mozilla/5.0 (compatible; SemrushBot/7~bl; +http://www.semrush.com/bot.html)"
185.191.171.4 - - [01/Jul/2022:12:22:04 +0200] "GET /PmWikiLt/XLPage?action=edit HTTP/1.1" 403 18 "-" "Mozilla/5.0 (compatible; SemrushBot/7~bl; +http://www.semrush.com/bot.html)"
185.191.171.26 - - [01/Jul/2022:12:27:11 +0200] "GET /PmWikiNl/PmWikiNl?action=upload HTTP/1.1" 403 18 "-" "Mozilla/5.0 (compatible; SemrushBot/7~bl; +http://www.semrush.com/bot.html)"
168.119.51.163 - - [01/Jul/2022:12:30:24 +0200] "GET /robots.txt HTTP/1.1" 200 - "-" "Mozilla/5.0 (compatible; um-IC/1.0; mailto: techinfo@ubermetrics-technologies.com; Windows NT 6.1; WOW64; rv:40.0) Gecko/20100101 Firefox/40.1"
168.119.51.163 - - [01/Jul/2022:12:30:24 +0200] "GET /PodCast/IndexPage?action=rss HTTP/1.1" 200 6298 "-" "Mozilla/5.0 (compatible; um-IC/1.0; mailto: techinfo@ubermetrics-technologies.com; Windows NT 6.1; WOW64; rv:40.0) Gecko/20100101 Firefox/40.1"
66.249.76.220 - - [01/Jul/2022:12:30:54 +0200] "GET / HTTP/1.1" 200 15085 "-" "Mozilla/5.0 (Linux; Android 6.0.1; Nexus 5X Build/MMB29P) AppleWebKit/537.36 (KHTML, like Gecko) Chrome/103.0.5060.53 Mobile Safari/537.36 (compatible; Googlebot/2.1; +http://www.google.com/bot.html)"
199.119.124.39 - - [01/Jul/2022:12:41:58 +0200] "GET /PodCast/IndexPage?action=rss HTTP/1.1" 200 6298 "-" "Mozilla/5.0 (compatible; theoldreader.com; 3 subscribers; feed-id=348566593961d208cfcc5774)"
185.191.171.4 - - [01/Jul/2022:12:47:00 +0200] "GET /PmWikiIt/Links?action=edit HTTP/1.1" 404 18 "-" "Mozilla/5.0 (compatible; SemrushBot/7~bl; +http://www.semrush.com/bot.html)"
185.191.171.25 - - [01/Jul/2022:12:51:00 +0200] "GET /Texte/ZurcherischEnglish?action=edit HTTP/1.1" 403 18 "-" "Mozilla/5.0 (compatible; SemrushBot/7~bl; +http://www.semrush.com/bot.html)"
185.191.171.39 - - [01/Jul/2022:12:51:14 +0200] "GET /PmWikiFr/SpecialCharacters?action=edit HTTP/1.1" 404 18 "-" "Mozilla/5.0 (compatible; SemrushBot/7~bl; +http://www.semrush.com/bot.html)"
185.191.171.1 - - [01/Jul/2022:12:53:55 +0200] "GET /PmWikiPtBr/AjudaTraducao?action=diff HTTP/1.1" 403 18 "-" "Mozilla/5.0 (compatible; SemrushBot/7~bl; +http://www.semrush.com/bot.html)"
185.191.171.18 - - [01/Jul/2022:12:54:48 +0200] "GET /PmWikiDe/AvailableActions?action=diff HTTP/1.1" 403 18 "-" "Mozilla/5.0 (compatible; SemrushBot/7~bl; +http://www.semrush.com/bot.html)"
185.191.171.7 - - [01/Jul/2022:12:55:04 +0200] "GET /PmWikiFr/EtatDeLaTraduction?action=upload HTTP/1.1" 403 18 "-" "Mozilla/5.0 (compatible; SemrushBot/7~bl; +http://www.semrush.com/bot.html)"
185.191.171.8 - - [01/Jul/2022:12:59:42 +0200] "GET /PmWikiRu/A?action=search&fmt=title&q=link%3DPmWikiRu.LocalCustomizations HTTP/1.1" 404 18 "-" "Mozilla/5.0 (compatible; SemrushBot/7~bl; +http://www.semrush.com/bot.html)"
91.143.88.40 - - [01/Jul/2022:13:03:43 +0200] "GET /Main/Home HTTP/1.1" 200 15085 "-" "Mozilla/5.0 (compatible; InfoTigerBot/1.9; +https://infotiger.com/bot)"
185.191.171.17 - - [01/Jul/2022:13:04:16 +0200] "GET /PmWikiFr/PageLists?action=print HTTP/1.1" 403 18 "-" "Mozilla/5.0 (compatible; SemrushBot/7~bl; +http://www.semrush.com/bot.html)"
194.209.200.2 - - [01/Jul/2022:13:05:16 +0200] "GET /robots.txt HTTP/1.1" 200 - "-" "Mozilla/5.0 (compatible; TMMBot/0.2; +http://www.dslab.ch)/Nutch-1.15"
194.209.200.2 - - [01/Jul/2022:13:05:16 +0200] "GET /Admin/AdresseStiftung HTTP/1.1" 200 8453 "-" "Mozilla/5.0 (compatible; TMMBot/0.2; +http://www.dslab.ch)/Nutch-1.15"
194.209.200.2 - - [01/Jul/2022:13:05:44 +0200] "GET /Texte/ZurcherischEnglish HTTP/1.1" 200 8274 "-" "Mozilla/5.0 (compatible; TMMBot/0.2; +http://www.dslab.ch)/Nutch-1.15"
185.191.171.19 - - [01/Jul/2022:13:06:01 +0200] "GET /PmWikiFr/A?action=search&fmt=title&q=link%3DPmWikiFr.RefCount HTTP/1.1" 404 18 "-" "Mozilla/5.0 (compatible; SemrushBot/7~bl; +http://www.semrush.com/bot.html)"
194.209.200.2 - - [01/Jul/2022:13:07:14 +0200] "GET /Admin/Jahresbericht HTTP/1.1" 200 45530 "-" "Mozilla/5.0 (compatible; TMMBot/0.2; +http://www.dslab.ch)/Nutch-1.15"
194.209.200.2 - - [01/Jul/2022:13:07:35 +0200] "GET /Texte/Limericks HTTP/1.1" 200 8087 "-" "Mozilla/5.0 (compatible; TMMBot/0.2; +http://www.dslab.ch)/Nutch-1.15"
194.209.200.2 - - [01/Jul/2022:13:08:33 +0200] "GET /Texte/ArsAmatoria HTTP/1.1" 200 12369 "-" "Mozilla/5.0 (compatible; TMMBot/0.2; +http://www.dslab.ch)/Nutch-1.15"
194.209.200.2 - - [01/Jul/2022:13:09:16 +0200] "GET /Texte/Styluebige HTTP/1.1" 200 9998 "-" "Mozilla/5.0 (compatible; TMMBot/0.2; +http://www.dslab.ch)/Nutch-1.15"
194.209.200.2 - - [01/Jul/2022:13:12:21 +0200] "GET /Texte/Bitterbeuhsi HTTP/1.1" 200 9255 "-" "Mozilla/5.0 (compatible; TMMBot/0.2; +http://www.dslab.ch)/Nutch-1.15"
194.209.200.2 - - [01/Jul/2022:13:12:32 +0200] "GET /Gast/Podcast HTTP/1.1" 200 8106 "-" "Mozilla/5.0 (compatible; TMMBot/0.2; +http://www.dslab.ch)/Nutch-1.15"
66.249.76.220 - - [01/Jul/2022:13:14:12 +0200] "GET /PodCast/IndexPage?action=rss HTTP/1.1" 200 6298 "-" "Mozilla/5.0 (compatible; Googlebot/2.1; +http://www.google.com/bot.html)"
185.191.171.11 - - [01/Jul/2022:13:23:50 +0200] "GET /robots.txt HTTP/1.1" 200 - "-" "Mozilla/5.0 (compatible; SemrushBot/7~bl; +http://www.semrush.com/bot.html)"
185.191.171.38 - - [01/Jul/2022:13:23:50 +0200] "GET /PmWikiDe/BackupAndRestore?action=edit HTTP/1.1" 403 18 "-" "Mozilla/5.0 (compatible; SemrushBot/7~bl; +http://www.semrush.com/bot.html)"
185.191.171.41 - - [01/Jul/2022:13:29:31 +0200] "GET /PmWikiRu/WikiGroup?action=edit HTTP/1.1" 403 18 "-" "Mozilla/5.0 (compatible; SemrushBot/7~bl; +http://www.semrush.com/bot.html)"
185.191.171.33 - - [01/Jul/2022:13:36:28 +0200] "GET /Hilfe/Quicktime HTTP/1.1" 200 9103 "-" "Mozilla/5.0 (compatible; SemrushBot/7~bl; +http://www.semrush.com/bot.html)"
185.191.171.14 - - [01/Jul/2022:13:38:05 +0200] "GET /PmWikiDe/Images?action=diff HTTP/1.1" 403 18 "-" "Mozilla/5.0 (compatible; SemrushBot/7~bl; +http://www.semrush.com/bot.html)"
216.244.66.243 - - [01/Jul/2022:13:45:09 +0200] "GET /robots.txt HTTP/1.1" 200 - "-" "Mozilla/5.0 (compatible; DotBot/1.2; +https://opensiteexplorer.org/dotbot; help@moz.com)"
185.191.171.2 - - [01/Jul/2022:13:49:59 +0200] "GET /PmWikiVi/MucLucTaiLieu HTTP/1.1" 200 20155 "-" "Mozilla/5.0 (compatible; SemrushBot/7~bl; +http://www.semrush.com/bot.html)"
185.191.171.37 - - [01/Jul/2022:13:52:11 +0200] "GET /PmWikiRu/A?action=search&fmt=title&q=link%3DPmWikiRu.XLPage HTTP/1.1" 404 18 "-" "Mozilla/5.0 (compatible; SemrushBot/7~bl; +http://www.semrush.com/bot.html)"
138.197.6.219 - - [01/Jul/2022:13:52:43 +0200] "GET / HTTP/1.0" 200 15085 "-" "Mozilla/5.0 (compatible; NetcraftSurveyAgent/1.0; +info@netcraft.com)"
185.191.171.35 - - [01/Jul/2022:13:56:06 +0200] "GET /PmWikiDe/DiskussionBersetzungen?action=edit HTTP/1.1" 404 18 "-" "Mozilla/5.0 (compatible; SemrushBot/7~bl; +http://www.semrush.com/bot.html)"
66.249.76.220 - - [01/Jul/2022:13:57:09 +0200] "GET /PodCast/IndexPage?action=rss HTTP/1.1" 200 6298 "-" "Mozilla/5.0 (compatible; Googlebot/2.1; +http://www.google.com/bot.html)"
185.191.171.22 - - [01/Jul/2022:13:58:00 +0200] "GET /PmWikiTa/PmWikiTa?action=print HTTP/1.1" 403 18 "-" "Mozilla/5.0 (compatible; SemrushBot/7~bl; +http://www.semrush.com/bot.html)"
216.244.66.243 - - [01/Jul/2022:13:58:18 +0200] "GET /PmWikiJa/AllGroupHeader HTTP/1.1" 200 10317 "-" "Mozilla/5.0 (compatible; DotBot/1.2; +https://opensiteexplorer.org/dotbot; help@moz.com)"
54.36.149.92 - - [01/Jul/2022:14:00:05 +0200] "GET /robots.txt HTTP/1.1" 200 - "-" "Mozilla/5.0 (compatible; AhrefsBot/7.0; +http://ahrefs.com/robot/)"
114.119.137.68 - - [01/Jul/2022:14:04:15 +0200] "GET /robots.txt HTTP/1.1" 200 - "-" "Mozilla/5.0 (compatible;PetalBot;+https://webmaster.petalsearch.com/site/petalbot)"
66.249.76.220 - - [01/Jul/2022:14:19:46 +0200] "GET /PodCast/IndexPage?action=rss HTTP/1.1" 200 6298 "-" "Mozilla/5.0 (compatible; Googlebot/2.1; +http://www.google.com/bot.html)"
185.191.171.10 - - [01/Jul/2022:14:22:45 +0200] "GET /PmWiki/DeletingPages HTTP/1.1" 200 13818 "-" "Mozilla/5.0 (compatible; SemrushBot/7~bl; +http://www.semrush.com/bot.html)"
91.143.88.40 - - [01/Jul/2022:14:25:10 +0200] "GET /Texte/Bitterbeuhsi HTTP/1.1" 200 9255 "-" "Mozilla/5.0 (compatible; InfoTigerBot/1.9; +https://infotiger.com/bot)"
194.209.200.2 - - [01/Jul/2022:14:25:39 +0200] "GET /robots.txt HTTP/1.1" 200 - "-" "Mozilla/5.0 (compatible; TMMBot/0.2; +http://www.dslab.ch)/Nutch-1.15"
194.209.200.2 - - [01/Jul/2022:14:25:39 +0200] "GET /Admin/AdresseStiftung HTTP/1.1" 200 8453 "-" "Mozilla/5.0 (compatible; TMMBot/0.2; +http://www.dslab.ch)/Nutch-1.15"
194.209.200.2 - - [01/Jul/2022:14:26:09 +0200] "GET /Texte/ZurcherischEnglish HTTP/1.1" 200 8274 "-" "Mozilla/5.0 (compatible; TMMBot/0.2; +http://www.dslab.ch)/Nutch-1.15"
194.209.200.2 - - [01/Jul/2022:14:27:39 +0200] "GET /Admin/Jahresbericht HTTP/1.1" 200 45530 "-" "Mozilla/5.0 (compatible; TMMBot/0.2; +http://www.dslab.ch)/Nutch-1.15"
194.209.200.2 - - [01/Jul/2022:14:28:00 +0200] "GET /Texte/Limericks HTTP/1.1" 200 8087 "-" "Mozilla/5.0 (compatible; TMMBot/0.2; +http://www.dslab.ch)/Nutch-1.15"
194.209.200.2 - - [01/Jul/2022:14:28:54 +0200] "GET /Texte/ArsAmatoria HTTP/1.1" 200 12369 "-" "Mozilla/5.0 (compatible; TMMBot/0.2; +http://www.dslab.ch)/Nutch-1.15"
194.209.200.2 - - [01/Jul/2022:14:29:40 +0200] "GET /Texte/Styluebige HTTP/1.1" 200 9998 "-" "Mozilla/5.0 (compatible; TMMBot/0.2; +http://www.dslab.ch)/Nutch-1.15"
162.210.196.100 - - [01/Jul/2022:14:32:02 +0200] "GET /robots.txt HTTP/1.1" 200 - "-" "Mozilla/5.0 (compatible; MJ12bot/v1.4.8; http://mj12bot.com/)"
162.210.196.100 - - [01/Jul/2022:14:32:09 +0200] "GET / HTTP/1.1" 200 15085 "-" "Mozilla/5.0 (compatible; MJ12bot/v1.4.8; http://mj12bot.com/)"
194.209.200.2 - - [01/Jul/2022:14:32:45 +0200] "GET /Texte/Bitterbeuhsi HTTP/1.1" 200 9255 "-" "Mozilla/5.0 (compatible; TMMBot/0.2; +http://www.dslab.ch)/Nutch-1.15"
216.244.66.243 - - [01/Jul/2022:14:38:33 +0200] "GET /robots.txt HTTP/1.1" 200 - "-" "Mozilla/5.0 (compatible; DotBot/1.2; +https://opensiteexplorer.org/dotbot; help@moz.com)"
185.191.171.8 - - [01/Jul/2022:14:40:12 +0200] "GET /robots.txt HTTP/1.1" 200 - "-" "Mozilla/5.0 (compatible; SemrushBot/7~bl; +http://www.semrush.com/bot.html)"
185.191.171.12 - - [01/Jul/2022:14:40:12 +0200] "GET /PmWikiRu/InitialSetupTasks?action=upload HTTP/1.1" 403 18 "-" "Mozilla/5.0 (compatible; SemrushBot/7~bl; +http://www.semrush.com/bot.html)"
91.143.88.40 - - [01/Jul/2022:14:48:20 +0200] "GET /Texte/ArsAmatoria HTTP/1.1" 200 12369 "-" "Mozilla/5.0 (compatible; InfoTigerBot/1.9; +https://infotiger.com/bot)"
185.191.171.23 - - [01/Jul/2022:14:49:42 +0200] "GET /PmWikiIt/IndiceDocumentazione?from=PmWikiIt.DocumentationIndex HTTP/1.1" 200 17346 "-" "Mozilla/5.0 (compatible; SemrushBot/7~bl; +http://www.semrush.com/bot.html)"
216.244.66.243 - - [01/Jul/2022:14:52:16 +0200] "GET /PmWikiPtBr/Senha HTTP/1.1" 200 7279 "-" "Mozilla/5.0 (compatible; DotBot/1.2; +https://opensiteexplorer.org/dotbot; help@moz.com)"
185.191.171.4 - - [01/Jul/2022:14:56:04 +0200] "GET /PmWikiPtBr/PmWikiPtBr?action=diff HTTP/1.1" 403 18 "-" "Mozilla/5.0 (compatible; SemrushBot/7~bl; +http://www.semrush.com/bot.html)"
194.209.200.2 - - [01/Jul/2022:15:00:36 +0200] "GET /robots.txt HTTP/1.1" 200 - "-" "Mozilla/5.0 (compatible; TMMBot/0.2; +http://www.dslab.ch)/Nutch-1.15"
194.209.200.2 - - [01/Jul/2022:15:00:36 +0200] "GET /Admin/AdresseStiftung HTTP/1.1" 200 8453 "-" "Mozilla/5.0 (compatible; TMMBot/0.2; +http://www.dslab.ch)/Nutch-1.15"
194.209.200.2 - - [01/Jul/2022:15:01:07 +0200] "GET /Texte/ZurcherischEnglish HTTP/1.1" 200 8274 "-" "Mozilla/5.0 (compatible; TMMBot/0.2; +http://www.dslab.ch)/Nutch-1.15"
194.209.200.2 - - [01/Jul/2022:15:02:40 +0200] "GET /Admin/Jahresbericht HTTP/1.1" 200 45530 "-" "Mozilla/5.0 (compatible; TMMBot/0.2; +http://www.dslab.ch)/Nutch-1.15"
194.209.200.2 - - [01/Jul/2022:15:03:01 +0200] "GET /Texte/Limericks HTTP/1.1" 200 8087 "-" "Mozilla/5.0 (compatible; TMMBot/0.2; +http://www.dslab.ch)/Nutch-1.15"
194.209.200.2 - - [01/Jul/2022:15:04:45 +0200] "GET /Texte/Styluebige HTTP/1.1" 200 9998 "-" "Mozilla/5.0 (compatible; TMMBot/0.2; +http://www.dslab.ch)/Nutch-1.15"
194.209.200.2 - - [01/Jul/2022:15:08:05 +0200] "GET /Texte/Bitterbeuhsi HTTP/1.1" 200 9255 "-" "Mozilla/5.0 (compatible; TMMBot/0.2; +http://www.dslab.ch)/Nutch-1.15"
194.209.200.2 - - [01/Jul/2022:15:08:17 +0200] "GET /Gast/Podcast HTTP/1.1" 200 8106 "-" "Mozilla/5.0 (compatible; TMMBot/0.2; +http://www.dslab.ch)/Nutch-1.15"
37.120.193.254 - - [01/Jul/2022:15:12:41 +0200] "GET /Texte/Rezension HTTP/1.1" 200 11812 "http://www.pro-zurituutsch.ch" "Mozilla/5.0 (Windows NT 10.0; Win64; x64) AppleWebKit/537.36 (KHTML, like Gecko) Chrome/62.0.3202.94 Safari/537.36"
185.191.171.17 - - [01/Jul/2022:15:18:44 +0200] "GET /PmWikiFr/Audiences?action=edit HTTP/1.1" 403 18 "-" "Mozilla/5.0 (compatible; SemrushBot/7~bl; +http://www.semrush.com/bot.html)"
185.191.171.22 - - [01/Jul/2022:15:20:08 +0200] "GET /PmWikiRu/LocalCustomizations?action=print HTTP/1.1" 403 18 "-" "Mozilla/5.0 (compatible; SemrushBot/7~bl; +http://www.semrush.com/bot.html)"
66.249.76.220 - - [01/Jul/2022:15:25:17 +0200] "GET /PodCast/IndexPage?action=rss HTTP/1.1" 200 6298 "-" "Mozilla/5.0 (compatible; Googlebot/2.1; +http://www.google.com/bot.html)"
185.191.171.3 - - [01/Jul/2022:15:43:57 +0200] "GET /robots.txt HTTP/1.1" 200 - "-" "Mozilla/5.0 (compatible; SemrushBot/7~bl; +http://www.semrush.com/bot.html)"
185.191.171.15 - - [01/Jul/2022:15:43:58 +0200] "GET /PmWikiDe/MarkupMasterIndex HTTP/1.1" 200 20069 "-" "Mozilla/5.0 (compatible; SemrushBot/7~bl; +http://www.semrush.com/bot.html)"
185.191.171.6 - - [01/Jul/2022:15:46:59 +0200] "GET /PmWikiRu/InitialSetupTasks?action=print HTTP/1.1" 403 18 "-" "Mozilla/5.0 (compatible; SemrushBot/7~bl; +http://www.semrush.com/bot.html)"
185.191.171.35 - - [01/Jul/2022:15:50:26 +0200] "GET /PmWikiFr/TextFormattingRules?action=upload HTTP/1.1" 403 18 "-" "Mozilla/5.0 (compatible; SemrushBot/7~bl; +http://www.semrush.com/bot.html)"
114.119.153.53 - - [01/Jul/2022:16:02:13 +0200] "GET /robots.txt HTTP/1.1" 200 - "-" "Mozilla/5.0 (compatible;PetalBot;+https://webmaster.petalsearch.com/site/petalbot)"
66.249.76.222 - - [01/Jul/2022:16:08:52 +0200] "GET /PodCast/Schaidig1 HTTP/1.1" 200 19206 "-" "Mozilla/5.0 (compatible; Googlebot/2.1; +http://www.google.com/bot.html)"
185.191.171.39 - - [01/Jul/2022:16:17:53 +0200] "GET /PmWikiDe/PageDirectives HTTP/1.1" 200 9917 "-" "Mozilla/5.0 (compatible; SemrushBot/7~bl; +http://www.semrush.com/bot.html)"
185.191.171.16 - - [01/Jul/2022:16:18:42 +0200] "GET /PmWikiDe/BackupAndRestore?action=diff HTTP/1.1" 403 18 "-" "Mozilla/5.0 (compatible; SemrushBot/7~bl; +http://www.semrush.com/bot.html)"
185.191.171.3 - - [01/Jul/2022:16:20:43 +0200] "GET /PmWikiDe/SitePreferences?action=edit HTTP/1.1" 404 18 "-" "Mozilla/5.0 (compatible; SemrushBot/7~bl; +http://www.semrush.com/bot.html)"
185.191.171.39 - - [01/Jul/2022:16:21:53 +0200] "GET /Site/InterMap?action=edit HTTP/1.1" 404 18 "-" "Mozilla/5.0 (compatible; SemrushBot/7~bl; +http://www.semrush.com/bot.html)"
185.191.171.20 - - [01/Jul/2022:16:22:07 +0200] "GET /PmWikiRu/Images?action=edit HTTP/1.1" 403 18 "-" "Mozilla/5.0 (compatible; SemrushBot/7~bl; +http://www.semrush.com/bot.html)"
66.249.76.220 - - [01/Jul/2022:16:23:05 +0200] "GET /PodCast/IndexPage?action=rss HTTP/1.1" 200 6298 "-" "Mozilla/5.0 (compatible; Googlebot/2.1; +http://www.google.com/bot.html)"
85.208.98.17 - - [01/Jul/2022:16:29:35 +0200] "GET / HTTP/1.1" 200 15085 "-" "SEMrushBot"
185.191.171.15 - - [01/Jul/2022:16:32:25 +0200] "GET /PmWikiFr/ChangerLesURLPmWiki?action=upload HTTP/1.1" 403 18 "-" "Mozilla/5.0 (compatible; SemrushBot/7~bl; +http://www.semrush.com/bot.html)"
91.143.88.40 - - [01/Jul/2022:16:33:23 +0200] "GET /Texte/Schrybwys HTTP/1.1" 200 11028 "-" "Mozilla/5.0 (compatible; InfoTigerBot/1.9; +https://infotiger.com/bot)"
85.25.177.219 - - [01/Jul/2022:16:45:02 +0200] "GET / HTTP/1.1" 200 15085 "-" "SEO Scanner/1.2.4 (SEO Crawler; seoscanners.info; info@seoscanners.info)"
185.191.171.44 - - [01/Jul/2022:16:49:46 +0200] "GET /robots.txt HTTP/1.1" 200 - "-" "Mozilla/5.0 (compatible; SemrushBot/7~bl; +http://www.semrush.com/bot.html)"
185.191.171.11 - - [01/Jul/2022:16:49:46 +0200] "GET /PmWikiPtBr/PGinasInexistentes?action=edit HTTP/1.1" 404 18 "-" "Mozilla/5.0 (compatible; SemrushBot/7~bl; +http://www.semrush.com/bot.html)"
185.191.171.22 - - [01/Jul/2022:16:55:28 +0200] "GET /Site/SideBar HTTP/1.1" 200 10494 "-" "Mozilla/5.0 (compatible; SemrushBot/7~bl; +http://www.semrush.com/bot.html)"
85.25.177.219 - - [01/Jul/2022:16:58:11 +0200] "GET /Admin/Links HTTP/1.1" 200 14193 "-" "SEO Scanner/1.2.4 (SEO Crawler; seoscanners.info; info@seoscanners.info)"
91.143.88.40 - - [01/Jul/2022:17:04:02 +0200] "GET /Texte/Roman HTTP/1.1" 200 38741 "-" "Mozilla/5.0 (compatible; InfoTigerBot/1.9; +https://infotiger.com/bot)"
91.143.88.40 - - [01/Jul/2022:17:04:30 +0200] "GET /Hilfe/AnleitungTonbeispiele HTTP/1.1" 200 9878 "-" "Mozilla/5.0 (compatible; InfoTigerBot/1.9; +https://infotiger.com/bot)"
85.25.177.219 - - [01/Jul/2022:17:08:43 +0200] "GET /robots.txt HTTP/1.1" 200 - "-" "SEO Scanner/1.2.4 (SEO Crawler; seoscanners.info; info@seoscanners.info)"
85.25.177.219 - - [01/Jul/2022:17:08:43 +0200] "GET /Admin/AdresseStiftung HTTP/1.1" 200 8453 "-" "SEO Scanner/1.2.4 (SEO Crawler; seoscanners.info; info@seoscanners.info)"
85.25.177.219 - - [01/Jul/2022:17:09:05 +0200] "GET /Admin/Links?action=print HTTP/1.1" 403 18 "-" "SEO Scanner/1.2.4 (SEO Crawler; seoscanners.info; info@seoscanners.info)"
185.191.171.38 - - [01/Jul/2022:17:12:58 +0200] "GET /PmWikiDe/XLPageCookbook?action=print HTTP/1.1" 403 18 "-" "Mozilla/5.0 (compatible; SemrushBot/7~bl; +http://www.semrush.com/bot.html)"
66.249.76.222 - - [01/Jul/2022:17:18:07 +0200] "GET / HTTP/1.1" 200 15085 "-" "Mozilla/5.0 (Linux; Android 6.0.1; Nexus 5X Build/MMB29P) AppleWebKit/537.36 (KHTML, like Gecko) Chrome/103.0.5060.53 Mobile Safari/537.36 (compatible; Googlebot/2.1; +http://www.google.com/bot.html)"
185.191.171.8 - - [01/Jul/2022:17:23:06 +0200] "GET /PmWikiRu/CustomWikiStyles?action=print HTTP/1.1" 403 18 "-" "Mozilla/5.0 (compatible; SemrushBot/7~bl; +http://www.semrush.com/bot.html)"
85.25.177.219 - - [01/Jul/2022:17:23:49 +0200] "GET /Admin/Links?action=diff HTTP/1.1" 403 18 "-" "SEO Scanner/1.2.4 (SEO Crawler; seoscanners.info; info@seoscanners.info)"
85.25.177.219 - - [01/Jul/2022:17:24:06 +0200] "GET /Admin/ZurStiftung HTTP/1.1" 200 10864 "-" "SEO Scanner/1.2.4 (SEO Crawler; seoscanners.info; info@seoscanners.info)"
185.191.171.1 - - [01/Jul/2022:17:25:37 +0200] "GET /PmWikiDe/UploadsAdmin HTTP/1.1" 200 24364 "-" "Mozilla/5.0 (compatible; SemrushBot/7~bl; +http://www.semrush.com/bot.html)"
66.249.76.222 - - [01/Jul/2022:17:26:14 +0200] "GET /PodCast/IndexPage?action=rss HTTP/1.1" 200 6298 "-" "Mozilla/5.0 (compatible; Googlebot/2.1; +http://www.google.com/bot.html)"
185.191.171.21 - - [01/Jul/2022:17:30:10 +0200] "GET /PmWikiRu/TextFormattingRules HTTP/1.1" 200 29085 "-" "Mozilla/5.0 (compatible; SemrushBot/7~bl; +http://www.semrush.com/bot.html)"
194.209.200.2 - - [01/Jul/2022:17:32:19 +0200] "GET /robots.txt HTTP/1.1" 200 - "-" "Mozilla/5.0 (compatible; TMMBot/0.2; +http://www.dslab.ch)/Nutch-1.15"
194.209.200.2 - - [01/Jul/2022:17:32:19 +0200] "GET /Texte/ZurcherischEnglish HTTP/1.1" 200 8274 "-" "Mozilla/5.0 (compatible; TMMBot/0.2; +http://www.dslab.ch)/Nutch-1.15"
194.209.200.2 - - [01/Jul/2022:17:34:14 +0200] "GET /Texte/Limericks HTTP/1.1" 200 8087 "-" "Mozilla/5.0 (compatible; TMMBot/0.2; +http://www.dslab.ch)/Nutch-1.15"
185.191.171.38 - - [01/Jul/2022:17:35:02 +0200] "GET /Texte/Rezension?action=edit HTTP/1.1" 403 18 "-" "Mozilla/5.0 (compatible; SemrushBot/7~bl; +http://www.semrush.com/bot.html)"
194.209.200.2 - - [01/Jul/2022:17:35:09 +0200] "GET /Texte/ArsAmatoria HTTP/1.1" 200 12369 "-" "Mozilla/5.0 (compatible; TMMBot/0.2; +http://www.dslab.ch)/Nutch-1.15"
194.209.200.2 - - [01/Jul/2022:17:35:26 +0200] "GET /Texte/GDicht HTTP/1.1" 200 8050 "-" "Mozilla/5.0 (compatible; TMMBot/0.2; +http://www.dslab.ch)/Nutch-1.15"
194.209.200.2 - - [01/Jul/2022:17:35:57 +0200] "GET /Texte/Styluebige HTTP/1.1" 200 9998 "-" "Mozilla/5.0 (compatible; TMMBot/0.2; +http://www.dslab.ch)/Nutch-1.15"
85.25.177.219 - - [01/Jul/2022:17:37:22 +0200] "GET /Gast/Podcast HTTP/1.1" 200 8106 "-" "SEO Scanner/1.2.4 (SEO Crawler; seoscanners.info; info@seoscanners.info)"
85.25.177.219 - - [01/Jul/2022:17:39:02 +0200] "GET /Texte/Limericks HTTP/1.1" 200 8087 "-" "SEO Scanner/1.2.4 (SEO Crawler; seoscanners.info; info@seoscanners.info)"
194.209.200.2 - - [01/Jul/2022:17:39:13 +0200] "GET /Texte/Bitterbeuhsi HTTP/1.1" 200 9255 "-" "Mozilla/5.0 (compatible; TMMBot/0.2; +http://www.dslab.ch)/Nutch-1.15"
85.25.177.219 - - [01/Jul/2022:17:39:37 +0200] "GET /Admin/Pro-ZurituutschStatuten HTTP/1.1" 200 9580 "-" "SEO Scanner/1.2.4 (SEO Crawler; seoscanners.info; info@seoscanners.info)"
194.209.200.2 - - [01/Jul/2022:17:39:56 +0200] "GET /Hilfe/AnleitungTonbeispiele HTTP/1.1" 200 9878 "-" "Mozilla/5.0 (compatible; TMMBot/0.2; +http://www.dslab.ch)/Nutch-1.15"
91.143.88.40 - - [01/Jul/2022:17:40:44 +0200] "GET /Texte/Styluebige HTTP/1.1" 200 9998 "-" "Mozilla/5.0 (compatible; InfoTigerBot/1.9; +https://infotiger.com/bot)"
85.25.177.219 - - [01/Jul/2022:17:50:40 +0200] "GET /Site/PodCast HTTP/1.1" 200 40934 "-" "SEO Scanner/1.2.4 (SEO Crawler; seoscanners.info; info@seoscanners.info)"
85.25.177.219 - - [01/Jul/2022:17:51:40 +0200] "GET /Main/Home?action=print HTTP/1.1" 403 18 "-" "SEO Scanner/1.2.4 (SEO Crawler; seoscanners.info; info@seoscanners.info)"
3.216.185.164 - - [01/Jul/2022:17:52:02 +0200] "GET /PodCast/IndexPage?action=rss HTTP/1.1" 200 6298 "-" "PocketCasts/1.0 (Pocket Casts Feed Parser; +http://pocketcasts.com/)"
185.191.171.16 - - [01/Jul/2022:17:54:31 +0200] "GET /robots.txt HTTP/1.1" 200 - "-" "Mozilla/5.0 (compatible; SemrushBot/7~bl; +http://www.semrush.com/bot.html)"
185.191.171.10 - - [01/Jul/2022:17:54:31 +0200] "GET /PmWikiIt/Directives?action=edit HTTP/1.1" 404 18 "-" "Mozilla/5.0 (compatible; SemrushBot/7~bl; +http://www.semrush.com/bot.html)"
168.119.51.163 - - [01/Jul/2022:17:54:51 +0200] "GET /robots.txt HTTP/1.1" 200 - "-" "Mozilla/5.0 (compatible; um-IC/1.0; mailto: techinfo@ubermetrics-technologies.com; Windows NT 6.1; WOW64; rv:40.0) Gecko/20100101 Firefox/40.1"
168.119.51.163 - - [01/Jul/2022:17:54:51 +0200] "GET /PodCast/IndexPage?action=rss HTTP/1.1" 200 6298 "-" "Mozilla/5.0 (compatible; um-IC/1.0; mailto: techinfo@ubermetrics-technologies.com; Windows NT 6.1; WOW64; rv:40.0) Gecko/20100101 Firefox/40.1"
13.66.139.9 - - [01/Jul/2022:17:55:42 +0200] "GET /robots.txt HTTP/1.1" 200 - "-" "Mozilla/5.0 (compatible; bingbot/2.0; +http://www.bing.com/bingbot.htm)"
13.66.139.18 - - [01/Jul/2022:17:55:53 +0200] "GET /Site/63Frawmeuischter1470 HTTP/1.1" 200 12397 "-" "Mozilla/5.0 (compatible; bingbot/2.0; +http://www.bing.com/bingbot.htm)"
91.143.88.40 - - [01/Jul/2022:17:57:09 +0200] "GET /Hilfe/RealOne HTTP/1.1" 200 10362 "-" "Mozilla/5.0 (compatible; InfoTigerBot/1.9; +https://infotiger.com/bot)"
185.191.171.5 - - [01/Jul/2022:17:59:17 +0200] "GET /PmWikiRu/WikiStyleExamples?action=print HTTP/1.1" 403 18 "-" "Mozilla/5.0 (compatible; SemrushBot/7~bl; +http://www.semrush.com/bot.html)"
85.25.177.219 - - [01/Jul/2022:18:00:44 +0200] "GET /Texte/Roman HTTP/1.1" 200 38741 "-" "SEO Scanner/1.2.4 (SEO Crawler; seoscanners.info; info@seoscanners.info)"
85.25.177.219 - - [01/Jul/2022:18:02:26 +0200] "GET /Texte/Rezension HTTP/1.1" 200 11812 "-" "SEO Scanner/1.2.4 (SEO Crawler; seoscanners.info; info@seoscanners.info)"
185.191.171.34 - - [01/Jul/2022:18:02:53 +0200] "GET /PmWikiPtBr/AjudaTraducao?action=upload HTTP/1.1" 403 18 "-" "Mozilla/5.0 (compatible; SemrushBot/7~bl; +http://www.semrush.com/bot.html)"
85.25.177.219 - - [01/Jul/2022:18:03:31 +0200] "GET /Texte/Metamorphoses HTTP/1.1" 200 9045 "-" "SEO Scanner/1.2.4 (SEO Crawler; seoscanners.info; info@seoscanners.info)"
85.25.177.219 - - [01/Jul/2022:18:10:34 +0200] "GET /Texte/Styluebige HTTP/1.1" 200 9998 "-" "SEO Scanner/1.2.4 (SEO Crawler; seoscanners.info; info@seoscanners.info)"
194.209.200.2 - - [01/Jul/2022:18:11:37 +0200] "GET /robots.txt HTTP/1.1" 200 - "-" "Mozilla/5.0 (compatible; TMMBot/0.2; +http://www.dslab.ch)/Nutch-1.15"
194.209.200.2 - - [01/Jul/2022:18:11:37 +0200] "GET /Admin/AdresseStiftung HTTP/1.1" 200 8453 "-" "Mozilla/5.0 (compatible; TMMBot/0.2; +http://www.dslab.ch)/Nutch-1.15"
194.209.200.2 - - [01/Jul/2022:18:12:03 +0200] "GET /Texte/ZurcherischEnglish HTTP/1.1" 200 8274 "-" "Mozilla/5.0 (compatible; TMMBot/0.2; +http://www.dslab.ch)/Nutch-1.15"
85.25.177.219 - - [01/Jul/2022:18:12:14 +0200] "GET /PodCast/RSSPodcasts HTTP/1.1" 200 8905 "-" "SEO Scanner/1.2.4 (SEO Crawler; seoscanners.info; info@seoscanners.info)"
194.209.200.2 - - [01/Jul/2022:18:13:27 +0200] "GET /Admin/Jahresbericht HTTP/1.1" 200 45530 "-" "Mozilla/5.0 (compatible; TMMBot/0.2; +http://www.dslab.ch)/Nutch-1.15"
194.209.200.2 - - [01/Jul/2022:18:14:50 +0200] "GET /Texte/GDicht HTTP/1.1" 200 8050 "-" "Mozilla/5.0 (compatible; TMMBot/0.2; +http://www.dslab.ch)/Nutch-1.15"
194.209.200.2 - - [01/Jul/2022:18:15:21 +0200] "GET /Texte/Styluebige HTTP/1.1" 200 9998 "-" "Mozilla/5.0 (compatible; TMMBot/0.2; +http://www.dslab.ch)/Nutch-1.15"
66.249.76.220 - - [01/Jul/2022:18:17:52 +0200] "GET /PodCast/IndexPage?action=rss HTTP/1.1" 200 6298 "-" "Mozilla/5.0 (compatible; Googlebot/2.1; +http://www.google.com/bot.html)"
194.209.200.2 - - [01/Jul/2022:18:18:18 +0200] "GET /Texte/Bitterbeuhsi HTTP/1.1" 200 9255 "-" "Mozilla/5.0 (compatible; TMMBot/0.2; +http://www.dslab.ch)/Nutch-1.15"
194.209.200.2 - - [01/Jul/2022:18:18:29 +0200] "GET /Gast/Podcast HTTP/1.1" 200 8106 "-" "Mozilla/5.0 (compatible; TMMBot/0.2; +http://www.dslab.ch)/Nutch-1.15"
194.209.200.2 - - [01/Jul/2022:18:18:58 +0200] "GET /Hilfe/AnleitungTonbeispiele HTTP/1.1" 200 9878 "-" "Mozilla/5.0 (compatible; TMMBot/0.2; +http://www.dslab.ch)/Nutch-1.15"
185.191.171.2 - - [01/Jul/2022:18:19:58 +0200] "GET /PmWikiFr/RefCount?action=print HTTP/1.1" 403 18 "-" "Mozilla/5.0 (compatible; SemrushBot/7~bl; +http://www.semrush.com/bot.html)"
185.191.171.9 - - [01/Jul/2022:18:20:02 +0200] "GET /PmWikiFr/Categories?action=diff HTTP/1.1" 403 18 "-" "Mozilla/5.0 (compatible; SemrushBot/7~bl; +http://www.semrush.com/bot.html)"
85.25.177.219 - - [01/Jul/2022:18:21:46 +0200] "GET /Main/Home?action=edit HTTP/1.1" 403 18 "-" "SEO Scanner/1.2.4 (SEO Crawler; seoscanners.info; info@seoscanners.info)"
85.25.177.219 - - [01/Jul/2022:18:22:24 +0200] "GET /Texte/ArsAmatoria HTTP/1.1" 200 12369 "-" "SEO Scanner/1.2.4 (SEO Crawler; seoscanners.info; info@seoscanners.info)"
91.143.88.40 - - [01/Jul/2022:18:23:46 +0200] "GET /Admin/Pro-ZurituutschStatuten HTTP/1.1" 200 9580 "-" "Mozilla/5.0 (compatible; InfoTigerBot/1.9; +https://infotiger.com/bot)"
85.25.177.219 - - [01/Jul/2022:18:24:19 +0200] "GET /Hilfe/AnleitungTonbeispiele HTTP/1.1" 200 9878 "-" "SEO Scanner/1.2.4 (SEO Crawler; seoscanners.info; info@seoscanners.info)"
185.191.171.9 - - [01/Jul/2022:18:27:05 +0200] "GET /PmWikiRu/Images?action=diff HTTP/1.1" 403 18 "-" "Mozilla/5.0 (compatible; SemrushBot/7~bl; +http://www.semrush.com/bot.html)"
34.79.11.208 - - [01/Jul/2022:18:27:56 +0200] "GET /robots.txt HTTP/1.1" 200 - "-" "DnBCrawler-Analytics"
34.79.11.208 - - [01/Jul/2022:18:27:56 +0200] "GET / HTTP/1.1" 200 15085 "-" "DnBCrawler-Analytics"
34.79.11.208 - - [01/Jul/2022:18:27:56 +0200] "GET /Main/Home HTTP/1.1" 200 15085 "-" "DnBCrawler-Analytics"
34.79.11.208 - - [01/Jul/2022:18:27:56 +0200] "GET /Site/PodCast HTTP/1.1" 200 40934 "-" "DnBCrawler-Analytics"
34.79.11.208 - - [01/Jul/2022:18:27:56 +0200] "GET /PodCast/RSSPodcasts HTTP/1.1" 200 8905 "-" "DnBCrawler-Analytics"
34.79.11.208 - - [01/Jul/2022:18:27:56 +0200] "GET /Texte/Roman HTTP/1.1" 200 38741 "-" "DnBCrawler-Analytics"
34.79.11.208 - - [01/Jul/2022:18:27:57 +0200] "GET /Texte/Styluebige HTTP/1.1" 200 9998 "-" "DnBCrawler-Analytics"
34.79.11.208 - - [01/Jul/2022:18:27:57 +0200] "GET /Texte/Schrybwys HTTP/1.1" 200 11028 "-" "DnBCrawler-Analytics"
34.79.11.208 - - [01/Jul/2022:18:27:57 +0200] "GET /Texte/Bitterbeuhsi HTTP/1.1" 200 9255 "-" "DnBCrawler-Analytics"
34.79.11.208 - - [01/Jul/2022:18:27:57 +0200] "GET /Texte/ArsAmatoria HTTP/1.1" 200 12369 "-" "DnBCrawler-Analytics"
34.79.11.208 - - [01/Jul/2022:18:27:57 +0200] "GET /Texte/Metamorphoses HTTP/1.1" 200 9045 "-" "DnBCrawler-Analytics"
34.79.11.208 - - [01/Jul/2022:18:27:57 +0200] "GET /Texte/ZurcherischEnglish HTTP/1.1" 200 8274 "-" "DnBCrawler-Analytics"
91.143.88.40 - - [01/Jul/2022:18:27:59 +0200] "GET /Admin/ZurStiftung HTTP/1.1" 200 10864 "-" "Mozilla/5.0 (compatible; InfoTigerBot/1.9; +https://infotiger.com/bot)"
185.191.171.12 - - [01/Jul/2022:18:30:49 +0200] "GET /PmWikiRu/A?action=search&fmt=title&q=link%3DPmWikiRu.Images HTTP/1.1" 404 18 "-" "Mozilla/5.0 (compatible; SemrushBot/7~bl; +http://www.semrush.com/bot.html)"
85.25.177.219 - - [01/Jul/2022:18:31:04 +0200] "GET /Texte/Gloosse HTTP/1.1" 200 8061 "-" "SEO Scanner/1.2.4 (SEO Crawler; seoscanners.info; info@seoscanners.info)"
85.25.177.219 - - [01/Jul/2022:18:33:08 +0200] "GET /Texte/Bitterbeuhsi HTTP/1.1" 200 9255 "-" "SEO Scanner/1.2.4 (SEO Crawler; seoscanners.info; info@seoscanners.info)"
85.25.177.219 - - [01/Jul/2022:18:35:08 +0200] "GET /Main/Home HTTP/1.1" 200 15085 "-" "SEO Scanner/1.2.4 (SEO Crawler; seoscanners.info; info@seoscanners.info)"
85.25.177.219 - - [01/Jul/2022:18:37:24 +0200] "GET /Texte/ZurcherischEnglish HTTP/1.1" 200 8274 "-" "SEO Scanner/1.2.4 (SEO Crawler; seoscanners.info; info@seoscanners.info)"
185.191.171.36 - - [01/Jul/2022:18:38:27 +0200] "GET /PmWikiRu/A?action=search&fmt=title&q=link%3DPmWikiRu.CustomWikiStyles HTTP/1.1" 404 18 "-" "Mozilla/5.0 (compatible; SemrushBot/7~bl; +http://www.semrush.com/bot.html)"
91.143.88.40 - - [01/Jul/2022:18:38:36 +0200] "GET /Hilfe/Winamp HTTP/1.1" 200 9314 "-" "Mozilla/5.0 (compatible; InfoTigerBot/1.9; +https://infotiger.com/bot)"
185.191.171.43 - - [01/Jul/2022:18:43:49 +0200] "GET /PmWikiNl/PmWikiNl?action=diff HTTP/1.1" 403 18 "-" "Mozilla/5.0 (compatible; SemrushBot/7~bl; +http://www.semrush.com/bot.html)"
85.25.177.219 - - [01/Jul/2022:18:44:38 +0200] "GET /Admin/Links?action=upload HTTP/1.1" 403 18 "-" "SEO Scanner/1.2.4 (SEO Crawler; seoscanners.info; info@seoscanners.info)"
85.25.177.219 - - [01/Jul/2022:18:46:05 +0200] "GET /Texte/Schrybwys HTTP/1.1" 200 11028 "-" "SEO Scanner/1.2.4 (SEO Crawler; seoscanners.info; info@seoscanners.info)"
194.209.200.2 - - [01/Jul/2022:18:47:00 +0200] "GET /robots.txt HTTP/1.1" 200 - "-" "Mozilla/5.0 (compatible; TMMBot/0.2; +http://www.dslab.ch)/Nutch-1.15"
194.209.200.2 - - [01/Jul/2022:18:47:00 +0200] "GET /Texte/ZurcherischEnglish HTTP/1.1" 200 8274 "-" "Mozilla/5.0 (compatible; TMMBot/0.2; +http://www.dslab.ch)/Nutch-1.15"
194.209.200.2 - - [01/Jul/2022:18:48:26 +0200] "GET /Admin/Jahresbericht HTTP/1.1" 200 45530 "-" "Mozilla/5.0 (compatible; TMMBot/0.2; +http://www.dslab.ch)/Nutch-1.15"
194.209.200.2 - - [01/Jul/2022:18:49:49 +0200] "GET /Texte/GDicht HTTP/1.1" 200 8050 "-" "Mozilla/5.0 (compatible; TMMBot/0.2; +http://www.dslab.ch)/Nutch-1.15"
194.209.200.2 - - [01/Jul/2022:18:50:20 +0200] "GET /Texte/Styluebige HTTP/1.1" 200 9998 "-" "Mozilla/5.0 (compatible; TMMBot/0.2; +http://www.dslab.ch)/Nutch-1.15"
62.138.2.160 - - [01/Jul/2022:18:51:41 +0200] "GET / HTTP/1.1" 200 15085 "-" "SEO Scanner/1.2.4 (SEO Crawler; seoscanners.info; info@seoscanners.info)"
85.25.177.219 - - [01/Jul/2022:18:52:09 +0200] "GET /Admin/Links?action=edit HTTP/1.1" 403 18 "-" "SEO Scanner/1.2.4 (SEO Crawler; seoscanners.info; info@seoscanners.info)"
185.191.171.14 - - [01/Jul/2022:18:52:33 +0200] "GET /PmWikiRu/A?action=search&fmt=title&q=link%3DPmWikiRu.CustomInterMap HTTP/1.1" 404 18 "-" "Mozilla/5.0 (compatible; SemrushBot/7~bl; +http://www.semrush.com/bot.html)"
194.209.200.2 - - [01/Jul/2022:18:53:14 +0200] "GET /Texte/Bitterbeuhsi HTTP/1.1" 200 9255 "-" "Mozilla/5.0 (compatible; TMMBot/0.2; +http://www.dslab.ch)/Nutch-1.15"
194.209.200.2 - - [01/Jul/2022:18:53:24 +0200] "GET /Gast/Podcast HTTP/1.1" 200 8106 "-" "Mozilla/5.0 (compatible; TMMBot/0.2; +http://www.dslab.ch)/Nutch-1.15"
194.209.200.2 - - [01/Jul/2022:18:53:53 +0200] "GET /Hilfe/AnleitungTonbeispiele HTTP/1.1" 200 9878 "-" "Mozilla/5.0 (compatible; TMMBot/0.2; +http://www.dslab.ch)/Nutch-1.15"
85.25.177.219 - - [01/Jul/2022:19:00:50 +0200] "GET /Admin/AdresseStiftung?action=edit HTTP/1.1" 403 18 "-" "SEO Scanner/1.2.4 (SEO Crawler; seoscanners.info; info@seoscanners.info)"
85.25.177.219 - - [01/Jul/2022:19:07:04 +0200] "GET /Texte/GDicht HTTP/1.1" 200 8050 "-" "SEO Scanner/1.2.4 (SEO Crawler; seoscanners.info; info@seoscanners.info)"
85.25.177.219 - - [01/Jul/2022:19:08:33 +0200] "GET /Admin/AdresseStiftung?action=diff HTTP/1.1" 403 18 "-" "SEO Scanner/1.2.4 (SEO Crawler; seoscanners.info; info@seoscanners.info)"
185.191.171.39 - - [01/Jul/2022:19:11:39 +0200] "GET /robots.txt HTTP/1.1" 200 - "-" "Mozilla/5.0 (compatible; SemrushBot/7~bl; +http://www.semrush.com/bot.html)"
185.191.171.38 - - [01/Jul/2022:19:11:39 +0200] "GET /PmWikiIt/MarkupMasterIndex?action=edit HTTP/1.1" 404 18 "-" "Mozilla/5.0 (compatible; SemrushBot/7~bl; +http://www.semrush.com/bot.html)"
66.249.76.193 - - [01/Jul/2022:19:11:45 +0200] "GET /PodCast/IndexPage?action=rss HTTP/1.1" 200 6298 "-" "Mozilla/5.0 (compatible; Googlebot/2.1; +http://www.google.com/bot.html)"
185.191.171.12 - - [01/Jul/2022:19:12:29 +0200] "GET /PmWikiRu/PerGroupCustomizations HTTP/1.1" 200 15627 "-" "Mozilla/5.0 (compatible; SemrushBot/7~bl; +http://www.semrush.com/bot.html)"
194.209.200.2 - - [01/Jul/2022:19:14:29 +0200] "GET /robots.txt HTTP/1.1" 200 - "-" "Mozilla/5.0 (compatible; TMMBot/0.2; +http://www.dslab.ch)/Nutch-1.15"
194.209.200.2 - - [01/Jul/2022:19:14:29 +0200] "GET /Texte/ZurcherischEnglish HTTP/1.1" 200 8274 "-" "Mozilla/5.0 (compatible; TMMBot/0.2; +http://www.dslab.ch)/Nutch-1.15"
194.209.200.2 - - [01/Jul/2022:19:15:50 +0200] "GET /Admin/Jahresbericht HTTP/1.1" 200 45530 "-" "Mozilla/5.0 (compatible; TMMBot/0.2; +http://www.dslab.ch)/Nutch-1.15"
194.209.200.2 - - [01/Jul/2022:19:17:14 +0200] "GET /Texte/GDicht HTTP/1.1" 200 8050 "-" "Mozilla/5.0 (compatible; TMMBot/0.2; +http://www.dslab.ch)/Nutch-1.15"
194.209.200.2 - - [01/Jul/2022:19:17:41 +0200] "GET /Texte/Styluebige HTTP/1.1" 200 9998 "-" "Mozilla/5.0 (compatible; TMMBot/0.2; +http://www.dslab.ch)/Nutch-1.15"
85.25.177.219 - - [01/Jul/2022:19:17:47 +0200] "GET /Texte/Roman?action=print HTTP/1.1" 403 18 "-" "SEO Scanner/1.2.4 (SEO Crawler; seoscanners.info; info@seoscanners.info)"
85.25.177.219 - - [01/Jul/2022:19:18:25 +0200] "GET /Admin/Links?action=print HTTP/1.1" 403 18 "-" "SEO Scanner/1.2.4 (SEO Crawler; seoscanners.info; info@seoscanners.info)"
85.25.177.219 - - [01/Jul/2022:19:19:05 +0200] "GET /Texte/Roman?action=diff HTTP/1.1" 403 18 "-" "SEO Scanner/1.2.4 (SEO Crawler; seoscanners.info; info@seoscanners.info)"
85.25.177.219 - - [01/Jul/2022:19:20:26 +0200] "GET /Admin/AdresseStiftung?action=print HTTP/1.1" 403 18 "-" "SEO Scanner/1.2.4 (SEO Crawler; seoscanners.info; info@seoscanners.info)"
194.209.200.2 - - [01/Jul/2022:19:20:28 +0200] "GET /Texte/Bitterbeuhsi HTTP/1.1" 200 9255 "-" "Mozilla/5.0 (compatible; TMMBot/0.2; +http://www.dslab.ch)/Nutch-1.15"
194.209.200.2 - - [01/Jul/2022:19:20:37 +0200] "GET /Gast/Podcast HTTP/1.1" 200 8106 "-" "Mozilla/5.0 (compatible; TMMBot/0.2; +http://www.dslab.ch)/Nutch-1.15"
194.209.200.2 - - [01/Jul/2022:19:21:05 +0200] "GET /Hilfe/AnleitungTonbeispiele HTTP/1.1" 200 9878 "-" "Mozilla/5.0 (compatible; TMMBot/0.2; +http://www.dslab.ch)/Nutch-1.15"
85.25.177.219 - - [01/Jul/2022:19:22:11 +0200] "GET /Admin/AdresseStiftung?action=upload HTTP/1.1" 403 18 "-" "SEO Scanner/1.2.4 (SEO Crawler; seoscanners.info; info@seoscanners.info)"
185.191.171.11 - - [01/Jul/2022:19:23:56 +0200] "GET /PmWikiIt/PmWikiIt HTTP/1.1" 200 11209 "-" "Mozilla/5.0 (compatible; SemrushBot/7~bl; +http://www.semrush.com/bot.html)"
185.191.171.10 - - [01/Jul/2022:19:27:20 +0200] "GET /PmWikiFr/TextFormattingRules?action=diff HTTP/1.1" 403 18 "-" "Mozilla/5.0 (compatible; SemrushBot/7~bl; +http://www.semrush.com/bot.html)"
85.25.177.219 - - [01/Jul/2022:19:27:29 +0200] "GET /Admin/ZurStiftung?action=print HTTP/1.1" 403 18 "-" "SEO Scanner/1.2.4 (SEO Crawler; seoscanners.info; info@seoscanners.info)"
85.25.177.219 - - [01/Jul/2022:19:27:52 +0200] "GET /Admin/Links?action=diff HTTP/1.1" 403 18 "-" "SEO Scanner/1.2.4 (SEO Crawler; seoscanners.info; info@seoscanners.info)"
85.25.177.219 - - [01/Jul/2022:19:29:25 +0200] "GET /Admin/ZurStiftung?action=upload HTTP/1.1" 403 18 "-" "SEO Scanner/1.2.4 (SEO Crawler; seoscanners.info; info@seoscanners.info)"
207.46.13.229 - - [01/Jul/2022:19:31:57 +0200] "GET /robots.txt HTTP/1.1" 200 - "-" "Mozilla/5.0 (compatible; bingbot/2.0; +http://www.bing.com/bingbot.htm)"
207.46.13.18 - - [01/Jul/2022:19:32:01 +0200] "GET /PodCast/Puzzle HTTP/1.1" 200 10433 "-" "Mozilla/5.0 (compatible; bingbot/2.0; +http://www.bing.com/bingbot.htm)"
85.25.177.219 - - [01/Jul/2022:19:35:17 +0200] "GET /Admin/ZurStiftung?action=diff HTTP/1.1" 403 18 "-" "SEO Scanner/1.2.4 (SEO Crawler; seoscanners.info; info@seoscanners.info)"
85.25.177.219 - - [01/Jul/2022:19:36:08 +0200] "GET /Texte/Roman?action=upload HTTP/1.1" 403 18 "-" "SEO Scanner/1.2.4 (SEO Crawler; seoscanners.info; info@seoscanners.info)"
85.25.177.219 - - [01/Jul/2022:19:36:54 +0200] "GET /Texte/Metamorphoses?action=diff HTTP/1.1" 403 18 "-" "SEO Scanner/1.2.4 (SEO Crawler; seoscanners.info; info@seoscanners.info)"
185.191.171.7 - - [01/Jul/2022:19:40:14 +0200] "GET /PmWikiPtBr/EdicaoBasica?action=diff HTTP/1.1" 403 18 "-" "Mozilla/5.0 (compatible; SemrushBot/7~bl; +http://www.semrush.com/bot.html)"
85.25.177.219 - - [01/Jul/2022:19:41:07 +0200] "GET /Texte/Metamorphoses?action=print HTTP/1.1" 403 18 "-" "SEO Scanner/1.2.4 (SEO Crawler; seoscanners.info; info@seoscanners.info)"
85.25.177.219 - - [01/Jul/2022:19:42:35 +0200] "GET /Texte/Metamorphoses?action=upload HTTP/1.1" 403 18 "-" "SEO Scanner/1.2.4 (SEO Crawler; seoscanners.info; info@seoscanners.info)"
85.25.177.219 - - [01/Jul/2022:19:42:52 +0200] "GET /Texte/Rezension?action=print HTTP/1.1" 403 18 "-" "SEO Scanner/1.2.4 (SEO Crawler; seoscanners.info; info@seoscanners.info)"
85.25.177.219 - - [01/Jul/2022:19:44:05 +0200] "GET /Texte/Rezension?action=edit HTTP/1.1" 403 18 "-" "SEO Scanner/1.2.4 (SEO Crawler; seoscanners.info; info@seoscanners.info)"
85.25.177.219 - - [01/Jul/2022:19:49:22 +0200] "GET /Texte/Rezension?action=upload HTTP/1.1" 403 18 "-" "SEO Scanner/1.2.4 (SEO Crawler; seoscanners.info; info@seoscanners.info)"
85.25.177.219 - - [01/Jul/2022:19:51:05 +0200] "GET /PodCast/RSSPodcasts?action=diff HTTP/1.1" 403 18 "-" "SEO Scanner/1.2.4 (SEO Crawler; seoscanners.info; info@seoscanners.info)"
