154.54.249.195 - - [26/Jun/2022:14:49:09 +0200] "GET /PmWikiIt/RefCount?action=diff&source=n&minor=y HTTP/1.1" 200 9228 "-" "Mozilla/5.0 (compatible; Barkrowler/0.9; +https://babbar.tech/crawler)"
154.54.249.195 - - [26/Jun/2022:14:49:43 +0200] "GET /PmWiki/WebHosts?action=diff&source=n&minor=y HTTP/1.1" 200 9195 "-" "Mozilla/5.0 (compatible; Barkrowler/0.9; +https://babbar.tech/crawler)"
154.54.249.195 - - [26/Jun/2022:14:50:17 +0200] "GET /PmWiki/BlockMarkup?action=diff&source=y&minor=n HTTP/1.1" 200 9233 "-" "Mozilla/5.0 (compatible; Barkrowler/0.9; +https://babbar.tech/crawler)"
154.54.249.195 - - [26/Jun/2022:14:50:48 +0200] "GET /PmWiki/BlockMarkup?action=diff&source=n&minor=y HTTP/1.1" 200 9243 "-" "Mozilla/5.0 (compatible; Barkrowler/0.9; +https://babbar.tech/crawler)"
154.54.249.195 - - [26/Jun/2022:14:51:20 +0200] "GET /PmWiki/BlockMarkup?action=diff&source=n&minor=n HTTP/1.1" 200 9241 "-" "Mozilla/5.0 (compatible; Barkrowler/0.9; +https://babbar.tech/crawler)"
185.191.171.21 - - [26/Jun/2022:14:51:35 +0200] "GET /PmWikiPtBr/PmWikiPtBr HTTP/1.1" 200 11136 "-" "Mozilla/5.0 (compatible; SemrushBot/7~bl; +http://www.semrush.com/bot.html)"
154.54.249.195 - - [26/Jun/2022:14:51:53 +0200] "GET /PodCast/Etnastara?action=diff&source=n&minor=y HTTP/1.1" 200 9615 "-" "Mozilla/5.0 (compatible; Barkrowler/0.9; +https://babbar.tech/crawler)"
154.54.249.195 - - [26/Jun/2022:14:52:25 +0200] "GET /PodCast/Etnastara?action=diff&source=n&minor=n HTTP/1.1" 200 9613 "-" "Mozilla/5.0 (compatible; Barkrowler/0.9; +https://babbar.tech/crawler)"
154.54.249.195 - - [26/Jun/2022:14:53:00 +0200] "GET /robots.txt HTTP/1.1" 200 - "-" "Mozilla/5.0 (compatible; Barkrowler/0.9; +https://babbar.tech/crawler)"
154.54.249.195 - - [26/Jun/2022:14:53:32 +0200] "GET /PodCast/JBJ201?action=diff&source=n&minor=y HTTP/1.1" 200 30750 "-" "Mozilla/5.0 (compatible; Barkrowler/0.9; +https://babbar.tech/crawler)"
194.209.200.2 - - [26/Jun/2022:14:53:40 +0200] "GET /robots.txt HTTP/1.1" 200 - "-" "Mozilla/5.0 (compatible; TMMBot/0.2; +http://www.dslab.ch)/Nutch-1.15"
194.209.200.2 - - [26/Jun/2022:14:53:40 +0200] "GET /Texte/ZurcherischEnglish HTTP/1.1" 200 8274 "-" "Mozilla/5.0 (compatible; TMMBot/0.2; +http://www.dslab.ch)/Nutch-1.15"
154.54.249.195 - - [26/Jun/2022:14:54:08 +0200] "GET /PodCast/JBJ201?action=diff&source=n&minor=n HTTP/1.1" 200 30748 "-" "Mozilla/5.0 (compatible; Barkrowler/0.9; +https://babbar.tech/crawler)"
154.54.249.195 - - [26/Jun/2022:14:54:41 +0200] "GET /PodCast/JBJ201?action=diff&source=y&minor=y HTTP/1.1" 200 30222 "-" "Mozilla/5.0 (compatible; Barkrowler/0.9; +https://babbar.tech/crawler)"
66.249.64.21 - - [26/Jun/2022:14:54:55 +0200] "GET /PodCast/IndexPage?action=rss HTTP/1.1" 200 6298 "-" "Mozilla/5.0 (compatible; Googlebot/2.1; +http://www.google.com/bot.html)"
194.209.200.2 - - [26/Jun/2022:14:54:57 +0200] "GET /Admin/Jahresbericht HTTP/1.1" 200 45530 "-" "Mozilla/5.0 (compatible; TMMBot/0.2; +http://www.dslab.ch)/Nutch-1.15"
154.54.249.195 - - [26/Jun/2022:14:55:15 +0200] "GET /PodCast/JBJ201?action=diff&source=y&minor=n HTTP/1.1" 200 30220 "-" "Mozilla/5.0 (compatible; Barkrowler/0.9; +https://babbar.tech/crawler)"
154.54.249.195 - - [26/Jun/2022:14:55:52 +0200] "GET /PodCast/JBJ401?action=diff&source=y&minor=n HTTP/1.1" 200 23280 "-" "Mozilla/5.0 (compatible; Barkrowler/0.9; +https://babbar.tech/crawler)"
154.54.249.195 - - [26/Jun/2022:14:56:26 +0200] "GET /PodCast/JBJ401?action=diff&source=n&minor=y HTTP/1.1" 200 23740 "-" "Mozilla/5.0 (compatible; Barkrowler/0.9; +https://babbar.tech/crawler)"
194.209.200.2 - - [26/Jun/2022:14:56:41 +0200] "GET /Texte/Styluebige HTTP/1.1" 200 9998 "-" "Mozilla/5.0 (compatible; TMMBot/0.2; +http://www.dslab.ch)/Nutch-1.15"
154.54.249.195 - - [26/Jun/2022:14:57:04 +0200] "GET /PodCast/JBJ601?action=diff&source=n&minor=y HTTP/1.1" 200 32273 "-" "Mozilla/5.0 (compatible; Barkrowler/0.9; +https://babbar.tech/crawler)"
154.54.249.195 - - [26/Jun/2022:14:57:35 +0200] "GET /PodCast/JBJ601?action=diff&source=n&minor=n HTTP/1.1" 200 32271 "-" "Mozilla/5.0 (compatible; Barkrowler/0.9; +https://babbar.tech/crawler)"
154.54.249.195 - - [26/Jun/2022:14:58:15 +0200] "GET /PodCast/JBJ602?action=diff&source=n&minor=y HTTP/1.1" 200 24779 "-" "Mozilla/5.0 (compatible; Barkrowler/0.9; +https://babbar.tech/crawler)"
194.209.200.2 - - [26/Jun/2022:14:58:16 +0200] "GET /Main/Home HTTP/1.1" 200 14638 "-" "Mozilla/5.0 (compatible; TMMBot/0.2; +http://www.dslab.ch)/Nutch-1.15"
194.209.200.2 - - [26/Jun/2022:14:58:33 +0200] "GET /Admin/Pro-ZurituutschStatuten HTTP/1.1" 200 9580 "-" "Mozilla/5.0 (compatible; TMMBot/0.2; +http://www.dslab.ch)/Nutch-1.15"
194.209.200.2 - - [26/Jun/2022:14:58:37 +0200] "GET / HTTP/1.1" 200 14638 "-" "Mozilla/5.0 (compatible; TMMBot/0.2; +http://www.dslab.ch)/Nutch-1.15"
154.54.249.195 - - [26/Jun/2022:14:58:43 +0200] "GET /PodCast/JBJ602?action=diff&source=n&minor=n HTTP/1.1" 200 24777 "-" "Mozilla/5.0 (compatible; Barkrowler/0.9; +https://babbar.tech/crawler)"
194.209.200.2 - - [26/Jun/2022:14:59:17 +0200] "GET /Texte/Bitterbeuhsi HTTP/1.1" 200 9255 "-" "Mozilla/5.0 (compatible; TMMBot/0.2; +http://www.dslab.ch)/Nutch-1.15"
154.54.249.195 - - [26/Jun/2022:14:59:17 +0200] "GET /PodCast/JBJ502?action=diff&source=n&minor=y HTTP/1.1" 200 26524 "-" "Mozilla/5.0 (compatible; Barkrowler/0.9; +https://babbar.tech/crawler)"
194.209.200.2 - - [26/Jun/2022:14:59:26 +0200] "GET /Gast/Podcast HTTP/1.1" 200 8106 "-" "Mozilla/5.0 (compatible; TMMBot/0.2; +http://www.dslab.ch)/Nutch-1.15"
154.54.249.195 - - [26/Jun/2022:14:59:53 +0200] "GET /PodCast/JBJ502?action=diff&source=n&minor=n HTTP/1.1" 200 26522 "-" "Mozilla/5.0 (compatible; Barkrowler/0.9; +https://babbar.tech/crawler)"
154.54.249.195 - - [26/Jun/2022:15:00:31 +0200] "GET /PodCast/JBJ702?action=diff&source=n&minor=y HTTP/1.1" 200 27507 "-" "Mozilla/5.0 (compatible; Barkrowler/0.9; +https://babbar.tech/crawler)"
185.191.171.40 - - [26/Jun/2022:15:00:34 +0200] "GET /PmWikiIt/TextFormattingRules?action=diff HTTP/1.1" 403 18 "-" "Mozilla/5.0 (compatible; SemrushBot/7~bl; +http://www.semrush.com/bot.html)"
154.54.249.195 - - [26/Jun/2022:15:01:03 +0200] "GET /PodCast/JBJ702?action=diff&source=n&minor=n HTTP/1.1" 200 27505 "-" "Mozilla/5.0 (compatible; Barkrowler/0.9; +https://babbar.tech/crawler)"
154.54.249.195 - - [26/Jun/2022:15:01:41 +0200] "GET /PodCast/JBJ402?action=diff&source=n&minor=n HTTP/1.1" 200 24166 "-" "Mozilla/5.0 (compatible; Barkrowler/0.9; +https://babbar.tech/crawler)"
154.54.249.195 - - [26/Jun/2022:15:02:15 +0200] "GET /PodCast/JBJ501?action=diff&source=y&minor=n HTTP/1.1" 200 38150 "-" "Mozilla/5.0 (compatible; Barkrowler/0.9; +https://babbar.tech/crawler)"
85.25.177.219 - - [26/Jun/2022:15:02:32 +0200] "GET /robots.txt HTTP/1.1" 200 - "-" "SEO Scanner/1.2.4 (SEO Crawler; seoscanners.info; info@seoscanners.info)"
85.25.177.219 - - [26/Jun/2022:15:02:32 +0200] "GET /Main/Home HTTP/1.1" 200 14638 "-" "SEO Scanner/1.2.4 (SEO Crawler; seoscanners.info; info@seoscanners.info)"
154.54.249.195 - - [26/Jun/2022:15:02:52 +0200] "GET /robots.txt HTTP/1.1" 200 - "-" "Mozilla/5.0 (compatible; Barkrowler/0.9; +https://babbar.tech/crawler)"
62.138.2.160 - - [26/Jun/2022:15:03:24 +0200] "GET /robots.txt HTTP/1.1" 200 - "-" "SEO Scanner/1.2.4 (SEO Crawler; seoscanners.info; info@seoscanners.info)"
62.138.2.160 - - [26/Jun/2022:15:03:24 +0200] "GET / HTTP/1.1" 200 14638 "-" "SEO Scanner/1.2.4 (SEO Crawler; seoscanners.info; info@seoscanners.info)"
154.54.249.195 - - [26/Jun/2022:15:03:32 +0200] "GET /PodCast/JBJ501?action=diff&source=n&minor=y HTTP/1.1" 200 38750 "-" "Mozilla/5.0 (compatible; Barkrowler/0.9; +https://babbar.tech/crawler)"
185.191.171.17 - - [26/Jun/2022:15:03:51 +0200] "GET /PmWikiFr/A?action=search&fmt=title&q=link%3DPmWikiFr.Installation HTTP/1.1" 404 18 "-" "Mozilla/5.0 (compatible; SemrushBot/7~bl; +http://www.semrush.com/bot.html)"
154.54.249.195 - - [26/Jun/2022:15:04:04 +0200] "GET /PodCast/JBJ501?action=diff&source=n&minor=n HTTP/1.1" 200 38748 "-" "Mozilla/5.0 (compatible; Barkrowler/0.9; +https://babbar.tech/crawler)"
154.54.249.195 - - [26/Jun/2022:15:04:37 +0200] "GET /PodCast/JBJ302?action=diff&source=y&minor=y HTTP/1.1" 200 18713 "-" "Mozilla/5.0 (compatible; Barkrowler/0.9; +https://babbar.tech/crawler)"
154.54.249.195 - - [26/Jun/2022:15:05:11 +0200] "GET /PodCast/JBJ302?action=diff&source=y&minor=n HTTP/1.1" 200 18711 "-" "Mozilla/5.0 (compatible; Barkrowler/0.9; +https://babbar.tech/crawler)"
54.36.148.114 - - [26/Jun/2022:15:05:44 +0200] "GET / HTTP/1.1" 200 14638 "-" "Mozilla/5.0 (compatible; AhrefsBot/7.0; +http://ahrefs.com/robot/)"
154.54.249.195 - - [26/Jun/2022:15:05:49 +0200] "GET /PodCast/JBJ302?action=diff&source=n&minor=y HTTP/1.1" 200 19112 "-" "Mozilla/5.0 (compatible; Barkrowler/0.9; +https://babbar.tech/crawler)"
154.54.249.195 - - [26/Jun/2022:15:06:18 +0200] "GET /PodCast/JBJ302?action=diff&source=n&minor=n HTTP/1.1" 200 19110 "-" "Mozilla/5.0 (compatible; Barkrowler/0.9; +https://babbar.tech/crawler)"
162.55.85.227 - - [26/Jun/2022:15:06:19 +0200] "GET /robots.txt HTTP/1.1" 200 - "-" "Mozilla/5.0 (compatible; BLEXBot/1.0; +http://webmeup-crawler.com/)"
162.55.85.227 - - [26/Jun/2022:15:06:19 +0200] "GET /sitemap HTTP/1.1" 404 273 "-" "Mozilla/5.0 (compatible; BLEXBot/1.0; +http://webmeup-crawler.com/)"
162.55.85.227 - - [26/Jun/2022:15:06:48 +0200] "GET /sitemap.txt HTTP/1.1" 404 277 "-" "Mozilla/5.0 (compatible; BLEXBot/1.0; +http://webmeup-crawler.com/)"
154.54.249.195 - - [26/Jun/2022:15:06:54 +0200] "GET /PodCast/JBJ301?action=diff&source=y&minor=y HTTP/1.1" 200 48541 "-" "Mozilla/5.0 (compatible; Barkrowler/0.9; +https://babbar.tech/crawler)"
154.54.249.195 - - [26/Jun/2022:15:07:24 +0200] "GET /PodCast/JBJ301?action=diff&source=y&minor=n HTTP/1.1" 200 48539 "-" "Mozilla/5.0 (compatible; Barkrowler/0.9; +https://babbar.tech/crawler)"
154.54.249.195 - - [26/Jun/2022:15:08:07 +0200] "GET /PodCast/JBJ301?action=diff&source=n&minor=y HTTP/1.1" 200 49559 "-" "Mozilla/5.0 (compatible; Barkrowler/0.9; +https://babbar.tech/crawler)"
154.54.249.195 - - [26/Jun/2022:15:08:41 +0200] "GET /PodCast/JBJ301?action=diff&source=n&minor=n HTTP/1.1" 200 49557 "-" "Mozilla/5.0 (compatible; Barkrowler/0.9; +https://babbar.tech/crawler)"
154.54.249.195 - - [26/Jun/2022:15:09:14 +0200] "GET /PodCast/JBJ701?action=diff&source=y&minor=y HTTP/1.1" 200 23051 "-" "Mozilla/5.0 (compatible; Barkrowler/0.9; +https://babbar.tech/crawler)"
154.54.249.195 - - [26/Jun/2022:15:09:52 +0200] "GET /PodCast/JBJ701?action=diff&source=y&minor=n HTTP/1.1" 200 23049 "-" "Mozilla/5.0 (compatible; Barkrowler/0.9; +https://babbar.tech/crawler)"
154.54.249.195 - - [26/Jun/2022:15:10:26 +0200] "GET /PodCast/JBJ701?action=diff&source=n&minor=y HTTP/1.1" 200 23590 "-" "Mozilla/5.0 (compatible; Barkrowler/0.9; +https://babbar.tech/crawler)"
154.54.249.195 - - [26/Jun/2022:15:11:06 +0200] "GET /PodCast/JBJ701?action=diff&source=n&minor=n HTTP/1.1" 200 23588 "-" "Mozilla/5.0 (compatible; Barkrowler/0.9; +https://babbar.tech/crawler)"
154.54.249.195 - - [26/Jun/2022:15:11:57 +0200] "GET /PodCast/JBJ202?action=diff&source=y&minor=y HTTP/1.1" 200 24401 "-" "Mozilla/5.0 (compatible; Barkrowler/0.9; +https://babbar.tech/crawler)"
154.54.249.195 - - [26/Jun/2022:15:12:33 +0200] "GET /PodCast/JBJ202?action=diff&source=y&minor=n HTTP/1.1" 200 24399 "-" "Mozilla/5.0 (compatible; Barkrowler/0.9; +https://babbar.tech/crawler)"
154.54.249.195 - - [26/Jun/2022:15:13:03 +0200] "GET /robots.txt HTTP/1.1" 200 - "-" "Mozilla/5.0 (compatible; Barkrowler/0.9; +https://babbar.tech/crawler)"
154.54.249.195 - - [26/Jun/2022:15:13:39 +0200] "GET /PodCast/JBJ202?action=diff&source=n&minor=n HTTP/1.1" 200 25016 "-" "Mozilla/5.0 (compatible; Barkrowler/0.9; +https://babbar.tech/crawler)"
85.25.177.219 - - [26/Jun/2022:15:13:58 +0200] "GET /Texte/Bitterbeuhsi HTTP/1.1" 200 9255 "-" "SEO Scanner/1.2.4 (SEO Crawler; seoscanners.info; info@seoscanners.info)"
154.54.249.195 - - [26/Jun/2022:15:14:13 +0200] "GET /PodCast/Sbysst?action=diff&source=n&minor=y HTTP/1.1" 200 20741 "-" "Mozilla/5.0 (compatible; Barkrowler/0.9; +https://babbar.tech/crawler)"
154.54.249.195 - - [26/Jun/2022:15:14:50 +0200] "GET /PodCast/Sbysst?action=diff&source=n&minor=n HTTP/1.1" 200 20739 "-" "Mozilla/5.0 (compatible; Barkrowler/0.9; +https://babbar.tech/crawler)"
154.54.249.195 - - [26/Jun/2022:15:15:21 +0200] "GET /PodCast/STounkel?action=diff&source=n&minor=y HTTP/1.1" 200 13157 "-" "Mozilla/5.0 (compatible; Barkrowler/0.9; +https://babbar.tech/crawler)"
154.54.249.195 - - [26/Jun/2022:15:15:53 +0200] "GET /PodCast/STounkel?action=diff&source=n&minor=n HTTP/1.1" 200 13155 "-" "Mozilla/5.0 (compatible; Barkrowler/0.9; +https://babbar.tech/crawler)"
154.54.249.195 - - [26/Jun/2022:15:16:27 +0200] "GET /PodCast/STounkel?action=diff&source=y&minor=y HTTP/1.1" 200 12590 "-" "Mozilla/5.0 (compatible; Barkrowler/0.9; +https://babbar.tech/crawler)"
154.54.249.195 - - [26/Jun/2022:15:17:01 +0200] "GET /PodCast/STounkel?action=diff&source=y&minor=n HTTP/1.1" 200 12588 "-" "Mozilla/5.0 (compatible; Barkrowler/0.9; +https://babbar.tech/crawler)"
154.54.249.195 - - [26/Jun/2022:15:17:32 +0200] "GET /PodCast/Gschyder?action=diff&source=y&minor=n HTTP/1.1" 200 14224 "-" "Mozilla/5.0 (compatible; Barkrowler/0.9; +https://babbar.tech/crawler)"
154.54.249.195 - - [26/Jun/2022:15:18:05 +0200] "GET /PodCast/Gvatterle?action=diff&source=n&minor=y HTTP/1.1" 200 18435 "-" "Mozilla/5.0 (compatible; Barkrowler/0.9; +https://babbar.tech/crawler)"
185.191.171.39 - - [26/Jun/2022:15:18:26 +0200] "GET /robots.txt HTTP/1.1" 200 - "-" "Mozilla/5.0 (compatible; SemrushBot/7~bl; +http://www.semrush.com/bot.html)"
185.191.171.43 - - [26/Jun/2022:15:18:26 +0200] "GET /PmWikiDe/Images?action=print HTTP/1.1" 403 18 "-" "Mozilla/5.0 (compatible; SemrushBot/7~bl; +http://www.semrush.com/bot.html)"
154.54.249.195 - - [26/Jun/2022:15:18:35 +0200] "GET /PodCast/Gvatterle?action=diff&source=n&minor=n HTTP/1.1" 200 18433 "-" "Mozilla/5.0 (compatible; Barkrowler/0.9; +https://babbar.tech/crawler)"
154.54.249.195 - - [26/Jun/2022:15:19:10 +0200] "GET /PodCast/Gvatterle?action=diff&source=y&minor=y HTTP/1.1" 200 17859 "-" "Mozilla/5.0 (compatible; Barkrowler/0.9; +https://babbar.tech/crawler)"
154.54.249.195 - - [26/Jun/2022:15:19:49 +0200] "GET /PodCast/Gvatterle?action=diff&source=y&minor=n HTTP/1.1" 200 17857 "-" "Mozilla/5.0 (compatible; Barkrowler/0.9; +https://babbar.tech/crawler)"
154.54.249.195 - - [26/Jun/2022:15:20:21 +0200] "GET /PodCast/REZTheLightBetweenOceans?action=print HTTP/1.1" 200 4155 "-" "Mozilla/5.0 (compatible; Barkrowler/0.9; +https://babbar.tech/crawler)"
154.54.249.195 - - [26/Jun/2022:15:20:56 +0200] "GET /PodCast/Leerbouech?action=diff&source=y&minor=y HTTP/1.1" 200 9233 "-" "Mozilla/5.0 (compatible; Barkrowler/0.9; +https://babbar.tech/crawler)"
154.54.249.195 - - [26/Jun/2022:15:21:32 +0200] "GET /PodCast/Leerbouech?action=diff&source=y&minor=n HTTP/1.1" 200 9231 "-" "Mozilla/5.0 (compatible; Barkrowler/0.9; +https://babbar.tech/crawler)"
154.54.249.195 - - [26/Jun/2022:15:22:07 +0200] "GET /PodCast/Gottesliebe?action=diff&source=y&minor=y HTTP/1.1" 200 26391 "-" "Mozilla/5.0 (compatible; Barkrowler/0.9; +https://babbar.tech/crawler)"
154.54.249.195 - - [26/Jun/2022:15:22:38 +0200] "GET /robots.txt HTTP/1.1" 200 - "-" "Mozilla/5.0 (compatible; Barkrowler/0.9; +https://babbar.tech/crawler)"
154.54.249.195 - - [26/Jun/2022:15:23:11 +0200] "GET /PodCast/Gottesliebe?action=diff&source=y&minor=n HTTP/1.1" 200 26389 "-" "Mozilla/5.0 (compatible; Barkrowler/0.9; +https://babbar.tech/crawler)"
154.54.249.195 - - [26/Jun/2022:15:23:45 +0200] "GET /PodCast/RSSPodcasts?action=diff&source=n&minor=y HTTP/1.1" 200 24051 "-" "Mozilla/5.0 (compatible; Barkrowler/0.9; +https://babbar.tech/crawler)"
154.54.249.195 - - [26/Jun/2022:15:24:20 +0200] "GET /PodCast/RSSPodcasts?action=diff&source=y&minor=y HTTP/1.1" 200 25500 "-" "Mozilla/5.0 (compatible; Barkrowler/0.9; +https://babbar.tech/crawler)"
194.209.200.2 - - [26/Jun/2022:15:24:43 +0200] "GET /robots.txt HTTP/1.1" 200 - "-" "Mozilla/5.0 (compatible; TMMBot/0.2; +http://www.dslab.ch)/Nutch-1.15"
194.209.200.2 - - [26/Jun/2022:15:24:43 +0200] "GET /Texte/ZurcherischEnglish HTTP/1.1" 200 8274 "-" "Mozilla/5.0 (compatible; TMMBot/0.2; +http://www.dslab.ch)/Nutch-1.15"
154.54.249.195 - - [26/Jun/2022:15:24:54 +0200] "GET /PodCast/RSSPodcasts?action=diff&source=y&minor=n HTTP/1.1" 200 25498 "-" "Mozilla/5.0 (compatible; Barkrowler/0.9; +https://babbar.tech/crawler)"
154.54.249.195 - - [26/Jun/2022:15:25:28 +0200] "GET /PodCast/LanierFuture?action=diff&source=y&minor=n HTTP/1.1" 200 13494 "-" "Mozilla/5.0 (compatible; Barkrowler/0.9; +https://babbar.tech/crawler)"
154.54.249.195 - - [26/Jun/2022:15:26:04 +0200] "GET /PodCast/Wandermaasse?action=diff&source=y&minor=y HTTP/1.1" 200 13598 "-" "Mozilla/5.0 (compatible; Barkrowler/0.9; +https://babbar.tech/crawler)"
194.209.200.2 - - [26/Jun/2022:15:26:10 +0200] "GET /Admin/Jahresbericht HTTP/1.1" 200 45530 "-" "Mozilla/5.0 (compatible; TMMBot/0.2; +http://www.dslab.ch)/Nutch-1.15"
154.54.249.195 - - [26/Jun/2022:15:26:37 +0200] "GET /PodCast/Wandermaasse?action=diff&source=y&minor=n HTTP/1.1" 200 13596 "-" "Mozilla/5.0 (compatible; Barkrowler/0.9; +https://babbar.tech/crawler)"
85.25.177.219 - - [26/Jun/2022:15:26:55 +0200] "GET /Texte/ZurcherischEnglish HTTP/1.1" 200 8274 "-" "SEO Scanner/1.2.4 (SEO Crawler; seoscanners.info; info@seoscanners.info)"
154.54.249.195 - - [26/Jun/2022:15:27:10 +0200] "GET /PodCast/Schlouss?action=diff&source=n&minor=y HTTP/1.1" 200 10700 "-" "Mozilla/5.0 (compatible; Barkrowler/0.9; +https://babbar.tech/crawler)"
154.54.249.195 - - [26/Jun/2022:15:27:43 +0200] "GET /PodCast/Schlouss?action=diff&source=n&minor=n HTTP/1.1" 200 10698 "-" "Mozilla/5.0 (compatible; Barkrowler/0.9; +https://babbar.tech/crawler)"
194.209.200.2 - - [26/Jun/2022:15:28:07 +0200] "GET /Texte/Styluebige HTTP/1.1" 200 9998 "-" "Mozilla/5.0 (compatible; TMMBot/0.2; +http://www.dslab.ch)/Nutch-1.15"
154.54.249.195 - - [26/Jun/2022:15:28:14 +0200] "GET /PodCast/Schlouss?action=diff&source=y&minor=y HTTP/1.1" 200 10479 "-" "Mozilla/5.0 (compatible; Barkrowler/0.9; +https://babbar.tech/crawler)"
154.54.249.195 - - [26/Jun/2022:15:28:47 +0200] "GET /PodCast/Schlouss?action=diff&source=y&minor=n HTTP/1.1" 200 10477 "-" "Mozilla/5.0 (compatible; Barkrowler/0.9; +https://babbar.tech/crawler)"
85.25.177.219 - - [26/Jun/2022:15:28:54 +0200] "GET /Admin/AdresseStiftung HTTP/1.1" 200 8453 "-" "SEO Scanner/1.2.4 (SEO Crawler; seoscanners.info; info@seoscanners.info)"
154.54.249.195 - - [26/Jun/2022:15:29:20 +0200] "GET /PodCast/43Fasnacht?action=diff&source=n&minor=y HTTP/1.1" 200 9243 "-" "Mozilla/5.0 (compatible; Barkrowler/0.9; +https://babbar.tech/crawler)"
194.209.200.2 - - [26/Jun/2022:15:29:54 +0200] "GET /Main/Home HTTP/1.1" 200 14638 "-" "Mozilla/5.0 (compatible; TMMBot/0.2; +http://www.dslab.ch)/Nutch-1.15"
154.54.249.195 - - [26/Jun/2022:15:29:58 +0200] "GET /PodCast/43Fasnacht?action=diff&source=n&minor=n HTTP/1.1" 200 9241 "-" "Mozilla/5.0 (compatible; Barkrowler/0.9; +https://babbar.tech/crawler)"
194.209.200.2 - - [26/Jun/2022:15:30:15 +0200] "GET /Admin/Pro-ZurituutschStatuten HTTP/1.1" 200 9580 "-" "Mozilla/5.0 (compatible; TMMBot/0.2; +http://www.dslab.ch)/Nutch-1.15"
194.209.200.2 - - [26/Jun/2022:15:30:19 +0200] "GET / HTTP/1.1" 200 14638 "-" "Mozilla/5.0 (compatible; TMMBot/0.2; +http://www.dslab.ch)/Nutch-1.15"
154.54.249.195 - - [26/Jun/2022:15:30:31 +0200] "GET /PodCast/43Fasnacht?action=diff&source=y&minor=y HTTP/1.1" 200 9235 "-" "Mozilla/5.0 (compatible; Barkrowler/0.9; +https://babbar.tech/crawler)"
154.54.249.195 - - [26/Jun/2022:15:31:06 +0200] "GET /PodCast/43Fasnacht?action=diff&source=y&minor=n HTTP/1.1" 200 9233 "-" "Mozilla/5.0 (compatible; Barkrowler/0.9; +https://babbar.tech/crawler)"
194.209.200.2 - - [26/Jun/2022:15:31:06 +0200] "GET /Texte/Bitterbeuhsi HTTP/1.1" 200 9255 "-" "Mozilla/5.0 (compatible; TMMBot/0.2; +http://www.dslab.ch)/Nutch-1.15"
194.209.200.2 - - [26/Jun/2022:15:31:18 +0200] "GET /Gast/Podcast HTTP/1.1" 200 8106 "-" "Mozilla/5.0 (compatible; TMMBot/0.2; +http://www.dslab.ch)/Nutch-1.15"
154.54.249.195 - - [26/Jun/2022:15:31:44 +0200] "GET /PodCast/Wistaria01?action=diff&source=n&minor=y HTTP/1.1" 200 30624 "-" "Mozilla/5.0 (compatible; Barkrowler/0.9; +https://babbar.tech/crawler)"
51.158.105.99 - - [26/Jun/2022:15:32:07 +0200] "HEAD / HTTP/1.1" 200 - "-" "Mozilla/5.0 (Windows NT 10.0; Win64; x64) AppleWebKit/537.36 (KHTML, like Gecko) Chrome/97.0.4692.99 Safari/537.36"
51.158.105.99 - - [26/Jun/2022:15:32:07 +0200] "HEAD / HTTP/1.1" 200 - "-" "Mozilla/5.0 (Windows NT 10.0; Win64; x64) AppleWebKit/537.36 (KHTML, like Gecko) Chrome/97.0.4692.99 Safari/537.36"
154.54.249.195 - - [26/Jun/2022:15:32:20 +0200] "GET /robots.txt HTTP/1.1" 200 - "-" "Mozilla/5.0 (compatible; Barkrowler/0.9; +https://babbar.tech/crawler)"
154.54.249.195 - - [26/Jun/2022:15:32:55 +0200] "GET /PodCast/Wistaria01?action=diff&source=y&minor=y HTTP/1.1" 200 30371 "-" "Mozilla/5.0 (compatible; Barkrowler/0.9; +https://babbar.tech/crawler)"
154.54.249.195 - - [26/Jun/2022:15:33:27 +0200] "GET /PodCast/Wistaria01?action=diff&source=y&minor=n HTTP/1.1" 200 30369 "-" "Mozilla/5.0 (compatible; Barkrowler/0.9; +https://babbar.tech/crawler)"
154.54.249.195 - - [26/Jun/2022:15:34:03 +0200] "GET /PodCast/Wistaria02?action=diff&source=n&minor=y HTTP/1.1" 200 22689 "-" "Mozilla/5.0 (compatible; Barkrowler/0.9; +https://babbar.tech/crawler)"
154.54.249.195 - - [26/Jun/2022:15:34:38 +0200] "GET /PodCast/Wistaria02?action=diff&source=n&minor=n HTTP/1.1" 200 22687 "-" "Mozilla/5.0 (compatible; Barkrowler/0.9; +https://babbar.tech/crawler)"
154.54.249.195 - - [26/Jun/2022:15:35:16 +0200] "GET /PodCast/Wistaria02?action=diff&source=y&minor=n HTTP/1.1" 200 22382 "-" "Mozilla/5.0 (compatible; Barkrowler/0.9; +https://babbar.tech/crawler)"
185.191.171.26 - - [26/Jun/2022:15:35:27 +0200] "GET /PmWikiFr/Requirements?action=diff HTTP/1.1" 403 18 "-" "Mozilla/5.0 (compatible; SemrushBot/7~bl; +http://www.semrush.com/bot.html)"
154.54.249.195 - - [26/Jun/2022:15:35:56 +0200] "GET /PodCast/Rassewaan?action=diff&source=y&minor=y HTTP/1.1" 200 14107 "-" "Mozilla/5.0 (compatible; Barkrowler/0.9; +https://babbar.tech/crawler)"
154.54.249.195 - - [26/Jun/2022:15:36:49 +0200] "GET /PodCast/Poutschology?action=diff&source=y&minor=y HTTP/1.1" 200 32288 "-" "Mozilla/5.0 (compatible; Barkrowler/0.9; +https://babbar.tech/crawler)"
154.54.249.195 - - [26/Jun/2022:15:37:21 +0200] "GET /PodCast/Poutschology?action=diff&source=y&minor=n HTTP/1.1" 200 32286 "-" "Mozilla/5.0 (compatible; Barkrowler/0.9; +https://babbar.tech/crawler)"
154.54.249.195 - - [26/Jun/2022:15:37:58 +0200] "GET /PodCast/Styluebige?action=diff&source=n&minor=y HTTP/1.1" 200 22600 "-" "Mozilla/5.0 (compatible; Barkrowler/0.9; +https://babbar.tech/crawler)"
154.54.249.195 - - [26/Jun/2022:15:38:30 +0200] "GET /PodCast/Styluebige?action=diff&source=n&minor=n HTTP/1.1" 200 22598 "-" "Mozilla/5.0 (compatible; Barkrowler/0.9; +https://babbar.tech/crawler)"
154.54.249.195 - - [26/Jun/2022:15:39:08 +0200] "GET /PodCast/Styluebige?action=diff&source=y&minor=y HTTP/1.1" 200 21171 "-" "Mozilla/5.0 (compatible; Barkrowler/0.9; +https://babbar.tech/crawler)"
154.54.249.195 - - [26/Jun/2022:15:39:41 +0200] "GET /PodCast/Styluebige?action=diff&source=y&minor=n HTTP/1.1" 200 21169 "-" "Mozilla/5.0 (compatible; Barkrowler/0.9; +https://babbar.tech/crawler)"
154.54.249.195 - - [26/Jun/2022:15:40:20 +0200] "GET /PodCast/SprAntBea?action=diff&source=n&minor=y HTTP/1.1" 200 15879 "-" "Mozilla/5.0 (compatible; Barkrowler/0.9; +https://babbar.tech/crawler)"
85.25.177.219 - - [26/Jun/2022:15:40:50 +0200] "GET /Admin/ZurStiftung HTTP/1.1" 200 10864 "-" "SEO Scanner/1.2.4 (SEO Crawler; seoscanners.info; info@seoscanners.info)"
154.54.249.195 - - [26/Jun/2022:15:40:57 +0200] "GET /PodCast/SprAntBea?action=diff&source=n&minor=n HTTP/1.1" 200 15877 "-" "Mozilla/5.0 (compatible; Barkrowler/0.9; +https://babbar.tech/crawler)"
154.54.249.195 - - [26/Jun/2022:15:41:28 +0200] "GET /PodCast/SprForKom?action=diff&source=n&minor=y HTTP/1.1" 200 10772 "-" "Mozilla/5.0 (compatible; Barkrowler/0.9; +https://babbar.tech/crawler)"
154.54.249.195 - - [26/Jun/2022:15:42:03 +0200] "GET /PodCast/SprForKom?action=diff&source=n&minor=n HTTP/1.1" 200 10770 "-" "Mozilla/5.0 (compatible; Barkrowler/0.9; +https://babbar.tech/crawler)"
185.191.171.5 - - [26/Jun/2022:15:42:22 +0200] "GET /PmWikiFr/A?action=search&fmt=title&q=link%3DPmWikiFr.Notify HTTP/1.1" 404 18 "-" "Mozilla/5.0 (compatible; SemrushBot/7~bl; +http://www.semrush.com/bot.html)"
154.54.249.195 - - [26/Jun/2022:15:42:41 +0200] "GET /robots.txt HTTP/1.1" 200 - "-" "Mozilla/5.0 (compatible; Barkrowler/0.9; +https://babbar.tech/crawler)"
85.25.177.219 - - [26/Jun/2022:15:42:59 +0200] "GET /Texte/Rezension HTTP/1.1" 200 11812 "-" "SEO Scanner/1.2.4 (SEO Crawler; seoscanners.info; info@seoscanners.info)"
154.54.249.195 - - [26/Jun/2022:15:43:14 +0200] "GET /PodCast/SprForKom?action=diff&source=y&minor=y HTTP/1.1" 200 10536 "-" "Mozilla/5.0 (compatible; Barkrowler/0.9; +https://babbar.tech/crawler)"
154.54.249.195 - - [26/Jun/2022:15:43:48 +0200] "GET /PodCast/SprForKom?action=diff&source=y&minor=n HTTP/1.1" 200 10534 "-" "Mozilla/5.0 (compatible; Barkrowler/0.9; +https://babbar.tech/crawler)"
154.54.249.195 - - [26/Jun/2022:15:44:22 +0200] "GET /PodCast/Chlapf?action=diff&source=n&minor=y HTTP/1.1" 200 13737 "-" "Mozilla/5.0 (compatible; Barkrowler/0.9; +https://babbar.tech/crawler)"
154.54.249.195 - - [26/Jun/2022:15:44:57 +0200] "GET /PodCast/Chlapf?action=diff&source=y&minor=y HTTP/1.1" 200 13419 "-" "Mozilla/5.0 (compatible; Barkrowler/0.9; +https://babbar.tech/crawler)"
154.54.249.195 - - [26/Jun/2022:15:45:35 +0200] "GET /PodCast/Chlapf?action=diff&source=y&minor=n HTTP/1.1" 200 13417 "-" "Mozilla/5.0 (compatible; Barkrowler/0.9; +https://babbar.tech/crawler)"
154.54.249.195 - - [26/Jun/2022:15:46:11 +0200] "GET /PodCast/Wiewytna?action=diff&source=n&minor=y HTTP/1.1" 200 15110 "-" "Mozilla/5.0 (compatible; Barkrowler/0.9; +https://babbar.tech/crawler)"
154.54.249.195 - - [26/Jun/2022:15:46:47 +0200] "GET /PodCast/Wiewytna?action=diff&source=n&minor=n HTTP/1.1" 200 15108 "-" "Mozilla/5.0 (compatible; Barkrowler/0.9; +https://babbar.tech/crawler)"
154.54.249.195 - - [26/Jun/2022:15:47:21 +0200] "GET /PodCast/BanquiQuali?action=diff&source=n&minor=y HTTP/1.1" 200 16155 "-" "Mozilla/5.0 (compatible; Barkrowler/0.9; +https://babbar.tech/crawler)"
154.54.249.195 - - [26/Jun/2022:15:47:56 +0200] "GET /PodCast/BanquiQuali?action=diff&source=n&minor=n HTTP/1.1" 200 16153 "-" "Mozilla/5.0 (compatible; Barkrowler/0.9; +https://babbar.tech/crawler)"
154.54.249.195 - - [26/Jun/2022:15:48:32 +0200] "GET /PodCast/BanquiQuali?action=diff&source=y&minor=y HTTP/1.1" 200 15410 "-" "Mozilla/5.0 (compatible; Barkrowler/0.9; +https://babbar.tech/crawler)"
154.54.249.195 - - [26/Jun/2022:15:49:04 +0200] "GET /PodCast/BanquiQuali?action=diff&source=y&minor=n HTTP/1.1" 200 15408 "-" "Mozilla/5.0 (compatible; Barkrowler/0.9; +https://babbar.tech/crawler)"
154.54.249.195 - - [26/Jun/2022:15:49:39 +0200] "GET /PodCast/182Room1500?action=diff&source=y&minor=n HTTP/1.1" 200 9251 "-" "Mozilla/5.0 (compatible; Barkrowler/0.9; +https://babbar.tech/crawler)"
154.54.249.195 - - [26/Jun/2022:15:50:09 +0200] "GET /PodCast/Sounegsang?action=diff&source=y&minor=y HTTP/1.1" 200 22067 "-" "Mozilla/5.0 (compatible; Barkrowler/0.9; +https://babbar.tech/crawler)"
154.54.249.195 - - [26/Jun/2022:15:50:42 +0200] "GET /PodCast/Roman3?action=diff&source=n&minor=y HTTP/1.1" 200 19432 "-" "Mozilla/5.0 (compatible; Barkrowler/0.9; +https://babbar.tech/crawler)"
185.191.171.23 - - [26/Jun/2022:15:50:54 +0200] "GET /PmWikiFr/Installation?action=print HTTP/1.1" 403 18 "-" "Mozilla/5.0 (compatible; SemrushBot/7~bl; +http://www.semrush.com/bot.html)"
154.54.249.195 - - [26/Jun/2022:15:51:17 +0200] "GET /PodCast/Roman3?action=diff&source=y&minor=y HTTP/1.1" 200 18854 "-" "Mozilla/5.0 (compatible; Barkrowler/0.9; +https://babbar.tech/crawler)"
154.54.249.195 - - [26/Jun/2022:15:51:47 +0200] "GET /PodCast/Roman3?action=diff&source=y&minor=n HTTP/1.1" 200 18852 "-" "Mozilla/5.0 (compatible; Barkrowler/0.9; +https://babbar.tech/crawler)"
66.249.76.193 - - [26/Jun/2022:15:52:07 +0200] "GET /PodCast/IndexPage?action=rss HTTP/1.1" 200 6298 "-" "Mozilla/5.0 (compatible; Googlebot/2.1; +http://www.google.com/bot.html)"
85.25.177.219 - - [26/Jun/2022:15:52:24 +0200] "GET /Site/PodCast HTTP/1.1" 200 40934 "-" "SEO Scanner/1.2.4 (SEO Crawler; seoscanners.info; info@seoscanners.info)"
154.54.249.195 - - [26/Jun/2022:15:52:28 +0200] "GET /robots.txt HTTP/1.1" 200 - "-" "Mozilla/5.0 (compatible; Barkrowler/0.9; +https://babbar.tech/crawler)"
154.54.249.195 - - [26/Jun/2022:15:53:03 +0200] "GET /PodCast/Roman2?action=diff&source=n&minor=y HTTP/1.1" 200 18782 "-" "Mozilla/5.0 (compatible; Barkrowler/0.9; +https://babbar.tech/crawler)"
154.54.249.195 - - [26/Jun/2022:15:53:39 +0200] "GET /PodCast/Roman2?action=diff&source=n&minor=n HTTP/1.1" 200 18780 "-" "Mozilla/5.0 (compatible; Barkrowler/0.9; +https://babbar.tech/crawler)"
154.54.249.195 - - [26/Jun/2022:15:54:11 +0200] "GET /PodCast/Roman2?action=diff&source=y&minor=y HTTP/1.1" 200 18749 "-" "Mozilla/5.0 (compatible; Barkrowler/0.9; +https://babbar.tech/crawler)"
85.25.177.219 - - [26/Jun/2022:15:54:24 +0200] "GET /Admin/Pro-ZurituutschStatuten HTTP/1.1" 200 9580 "-" "SEO Scanner/1.2.4 (SEO Crawler; seoscanners.info; info@seoscanners.info)"
154.54.249.195 - - [26/Jun/2022:15:54:43 +0200] "GET /PodCast/Roman2?action=diff&source=y&minor=n HTTP/1.1" 200 18747 "-" "Mozilla/5.0 (compatible; Barkrowler/0.9; +https://babbar.tech/crawler)"
154.54.249.195 - - [26/Jun/2022:15:55:17 +0200] "GET /PodCast/Roman1?action=diff&source=n&minor=y HTTP/1.1" 200 26174 "-" "Mozilla/5.0 (compatible; Barkrowler/0.9; +https://babbar.tech/crawler)"
194.209.200.2 - - [26/Jun/2022:15:55:37 +0200] "GET /robots.txt HTTP/1.1" 200 - "-" "Mozilla/5.0 (compatible; TMMBot/0.2; +http://www.dslab.ch)/Nutch-1.15"
194.209.200.2 - - [26/Jun/2022:15:55:37 +0200] "GET /Texte/ZurcherischEnglish HTTP/1.1" 200 8274 "-" "Mozilla/5.0 (compatible; TMMBot/0.2; +http://www.dslab.ch)/Nutch-1.15"
154.54.249.195 - - [26/Jun/2022:15:55:47 +0200] "GET /PodCast/Roman1?action=diff&source=n&minor=n HTTP/1.1" 200 26172 "-" "Mozilla/5.0 (compatible; Barkrowler/0.9; +https://babbar.tech/crawler)"
154.54.249.195 - - [26/Jun/2022:15:56:24 +0200] "GET /PodCast/Roman1?action=diff&source=y&minor=n HTTP/1.1" 200 25172 "-" "Mozilla/5.0 (compatible; Barkrowler/0.9; +https://babbar.tech/crawler)"
185.191.171.35 - - [26/Jun/2022:15:56:27 +0200] "GET /Texte/ZurcherischEnglish HTTP/1.1" 200 8274 "-" "Mozilla/5.0 (compatible; SemrushBot/7~bl; +http://www.semrush.com/bot.html)"
154.54.249.195 - - [26/Jun/2022:15:56:52 +0200] "GET /PodCast/AnkNdigung?action=diff&source=y&minor=y HTTP/1.1" 200 9235 "-" "Mozilla/5.0 (compatible; Barkrowler/0.9; +https://babbar.tech/crawler)"
194.209.200.2 - - [26/Jun/2022:15:57:16 +0200] "GET /Admin/Jahresbericht HTTP/1.1" 200 45530 "-" "Mozilla/5.0 (compatible; TMMBot/0.2; +http://www.dslab.ch)/Nutch-1.15"
154.54.249.195 - - [26/Jun/2022:15:57:28 +0200] "GET /PodCast/AnkNdigung?action=diff&source=y&minor=n HTTP/1.1" 200 9233 "-" "Mozilla/5.0 (compatible; Barkrowler/0.9; +https://babbar.tech/crawler)"
154.54.249.195 - - [26/Jun/2022:15:58:00 +0200] "GET /PodCast/AnkNdigung?action=diff&source=n&minor=y HTTP/1.1" 200 9243 "-" "Mozilla/5.0 (compatible; Barkrowler/0.9; +https://babbar.tech/crawler)"
154.54.249.195 - - [26/Jun/2022:15:58:34 +0200] "GET /PodCast/AnkNdigung?action=diff&source=n&minor=n HTTP/1.1" 200 9241 "-" "Mozilla/5.0 (compatible; Barkrowler/0.9; +https://babbar.tech/crawler)"
154.54.249.195 - - [26/Jun/2022:15:59:08 +0200] "GET /PodCast/Mordspilot?action=diff&source=n&minor=y HTTP/1.1" 200 16289 "-" "Mozilla/5.0 (compatible; Barkrowler/0.9; +https://babbar.tech/crawler)"
194.209.200.2 - - [26/Jun/2022:15:59:17 +0200] "GET /Texte/Styluebige HTTP/1.1" 200 9998 "-" "Mozilla/5.0 (compatible; TMMBot/0.2; +http://www.dslab.ch)/Nutch-1.15"
154.54.249.195 - - [26/Jun/2022:15:59:44 +0200] "GET /PodCast/Mordspilot?action=diff&source=n&minor=n HTTP/1.1" 200 16287 "-" "Mozilla/5.0 (compatible; Barkrowler/0.9; +https://babbar.tech/crawler)"
154.54.249.195 - - [26/Jun/2022:16:00:18 +0200] "GET /PodCast/181Room1500?action=diff&source=n&minor=y HTTP/1.1" 200 9261 "-" "Mozilla/5.0 (compatible; Barkrowler/0.9; +https://babbar.tech/crawler)"
154.54.249.195 - - [26/Jun/2022:16:00:48 +0200] "GET /PodCast/181Room1500?action=diff&source=n&minor=n HTTP/1.1" 200 9259 "-" "Mozilla/5.0 (compatible; Barkrowler/0.9; +https://babbar.tech/crawler)"
194.209.200.2 - - [26/Jun/2022:16:01:06 +0200] "GET /Main/Home HTTP/1.1" 200 14638 "-" "Mozilla/5.0 (compatible; TMMBot/0.2; +http://www.dslab.ch)/Nutch-1.15"
154.54.249.195 - - [26/Jun/2022:16:01:23 +0200] "GET /PodCast/181Room1500?action=diff&source=y&minor=y HTTP/1.1" 200 9253 "-" "Mozilla/5.0 (compatible; Barkrowler/0.9; +https://babbar.tech/crawler)"
194.209.200.2 - - [26/Jun/2022:16:01:29 +0200] "GET /Admin/Pro-ZurituutschStatuten HTTP/1.1" 200 9580 "-" "Mozilla/5.0 (compatible; TMMBot/0.2; +http://www.dslab.ch)/Nutch-1.15"
194.209.200.2 - - [26/Jun/2022:16:01:32 +0200] "GET / HTTP/1.1" 200 14638 "-" "Mozilla/5.0 (compatible; TMMBot/0.2; +http://www.dslab.ch)/Nutch-1.15"
154.54.249.195 - - [26/Jun/2022:16:01:54 +0200] "GET /robots.txt HTTP/1.1" 200 - "-" "Mozilla/5.0 (compatible; Barkrowler/0.9; +https://babbar.tech/crawler)"
194.209.200.2 - - [26/Jun/2022:16:02:19 +0200] "GET /Texte/Bitterbeuhsi HTTP/1.1" 200 9255 "-" "Mozilla/5.0 (compatible; TMMBot/0.2; +http://www.dslab.ch)/Nutch-1.15"
154.54.249.195 - - [26/Jun/2022:16:02:27 +0200] "GET /PodCast/181Room1500?action=diff&source=y&minor=n HTTP/1.1" 200 9251 "-" "Mozilla/5.0 (compatible; Barkrowler/0.9; +https://babbar.tech/crawler)"
194.209.200.2 - - [26/Jun/2022:16:02:30 +0200] "GET /Gast/Podcast HTTP/1.1" 200 8106 "-" "Mozilla/5.0 (compatible; TMMBot/0.2; +http://www.dslab.ch)/Nutch-1.15"
199.119.124.39 - - [26/Jun/2022:16:02:52 +0200] "GET /PodCast/IndexPage?action=rss HTTP/1.1" 200 6298 "-" "Mozilla/5.0 (compatible; theoldreader.com; 3 subscribers; feed-id=348566593961d208cfcc5774)"
157.55.39.153 - - [26/Jun/2022:16:02:54 +0200] "GET /Site/61Sanggale1465 HTTP/1.1" 200 18601 "-" "Mozilla/5.0 (compatible; bingbot/2.0; +http://www.bing.com/bingbot.htm)"
154.54.249.195 - - [26/Jun/2022:16:02:58 +0200] "GET /PodCast/Inselschwyz?action=diff&source=n&minor=y HTTP/1.1" 200 16650 "-" "Mozilla/5.0 (compatible; Barkrowler/0.9; +https://babbar.tech/crawler)"
194.209.200.2 - - [26/Jun/2022:16:03:01 +0200] "GET /Hilfe/AnleitungTonbeispiele HTTP/1.1" 200 9878 "-" "Mozilla/5.0 (compatible; TMMBot/0.2; +http://www.dslab.ch)/Nutch-1.15"
85.25.177.219 - - [26/Jun/2022:16:03:23 +0200] "GET /Main/Home?action=upload HTTP/1.1" 403 18 "-" "SEO Scanner/1.2.4 (SEO Crawler; seoscanners.info; info@seoscanners.info)"
154.54.249.195 - - [26/Jun/2022:16:03:31 +0200] "GET /PodCast/Inselschwyz?action=diff&source=n&minor=n HTTP/1.1" 200 16648 "-" "Mozilla/5.0 (compatible; Barkrowler/0.9; +https://babbar.tech/crawler)"
154.54.249.195 - - [26/Jun/2022:16:04:06 +0200] "GET /PodCast/Inselschwyz?action=diff&source=y&minor=y HTTP/1.1" 200 15803 "-" "Mozilla/5.0 (compatible; Barkrowler/0.9; +https://babbar.tech/crawler)"
154.54.249.195 - - [26/Jun/2022:16:04:38 +0200] "GET /PodCast/Inselschwyz?action=diff&source=y&minor=n HTTP/1.1" 200 15801 "-" "Mozilla/5.0 (compatible; Barkrowler/0.9; +https://babbar.tech/crawler)"
154.54.249.195 - - [26/Jun/2022:16:05:11 +0200] "GET /PodCast/Fallgroueb?action=diff&source=y&minor=y HTTP/1.1" 200 15168 "-" "Mozilla/5.0 (compatible; Barkrowler/0.9; +https://babbar.tech/crawler)"
85.25.177.219 - - [26/Jun/2022:16:05:24 +0200] "GET /Texte/GDicht HTTP/1.1" 200 8050 "-" "SEO Scanner/1.2.4 (SEO Crawler; seoscanners.info; info@seoscanners.info)"
85.25.177.219 - - [26/Jun/2022:16:05:41 +0200] "GET /Main/Home?action=diff HTTP/1.1" 403 18 "-" "SEO Scanner/1.2.4 (SEO Crawler; seoscanners.info; info@seoscanners.info)"
154.54.249.195 - - [26/Jun/2022:16:05:43 +0200] "GET /PodCast/Wortwaarte?action=diff&source=y&minor=y HTTP/1.1" 200 17094 "-" "Mozilla/5.0 (compatible; Barkrowler/0.9; +https://babbar.tech/crawler)"
185.191.171.7 - - [26/Jun/2022:16:06:02 +0200] "GET /PmWikiFr/Uploads?action=print HTTP/1.1" 403 18 "-" "Mozilla/5.0 (compatible; SemrushBot/7~bl; +http://www.semrush.com/bot.html)"
154.54.249.195 - - [26/Jun/2022:16:06:17 +0200] "GET /PodCast/Wortwaarte?action=diff&source=y&minor=n HTTP/1.1" 200 17092 "-" "Mozilla/5.0 (compatible; Barkrowler/0.9; +https://babbar.tech/crawler)"
154.54.249.195 - - [26/Jun/2022:16:06:51 +0200] "GET /PodCast/Griechestroom?action=diff&source=n&minor=y HTTP/1.1" 200 16191 "-" "Mozilla/5.0 (compatible; Barkrowler/0.9; +https://babbar.tech/crawler)"
154.54.249.195 - - [26/Jun/2022:16:07:22 +0200] "GET /PodCast/Griechestroom?action=diff&source=n&minor=n HTTP/1.1" 200 16189 "-" "Mozilla/5.0 (compatible; Barkrowler/0.9; +https://babbar.tech/crawler)"
154.54.249.195 - - [26/Jun/2022:16:07:58 +0200] "GET /PodCast/Griechestroom?action=diff&source=y&minor=y HTTP/1.1" 200 15182 "-" "Mozilla/5.0 (compatible; Barkrowler/0.9; +https://babbar.tech/crawler)"
154.54.249.195 - - [26/Jun/2022:16:08:31 +0200] "GET /PodCast/Griechestroom?action=diff&source=y&minor=n HTTP/1.1" 200 15180 "-" "Mozilla/5.0 (compatible; Barkrowler/0.9; +https://babbar.tech/crawler)"
154.54.249.195 - - [26/Jun/2022:16:09:06 +0200] "GET /PodCast/AbsNov16?action=diff&source=y&minor=y HTTP/1.1" 200 15846 "-" "Mozilla/5.0 (compatible; Barkrowler/0.9; +https://babbar.tech/crawler)"
154.54.249.195 - - [26/Jun/2022:16:09:40 +0200] "GET /PodCast/Glychniss?action=diff&source=n&minor=y HTTP/1.1" 200 10238 "-" "Mozilla/5.0 (compatible; Barkrowler/0.9; +https://babbar.tech/crawler)"
154.54.249.195 - - [26/Jun/2022:16:10:13 +0200] "GET /PodCast/Glychniss?action=diff&source=n&minor=n HTTP/1.1" 200 10236 "-" "Mozilla/5.0 (compatible; Barkrowler/0.9; +https://babbar.tech/crawler)"
154.54.249.195 - - [26/Jun/2022:16:10:47 +0200] "GET /PodCast/Glychniss?action=diff&source=y&minor=y HTTP/1.1" 200 10154 "-" "Mozilla/5.0 (compatible; Barkrowler/0.9; +https://babbar.tech/crawler)"
154.54.249.195 - - [26/Jun/2022:16:11:19 +0200] "GET /robots.txt HTTP/1.1" 200 - "-" "Mozilla/5.0 (compatible; Barkrowler/0.9; +https://babbar.tech/crawler)"
185.191.171.7 - - [26/Jun/2022:16:11:36 +0200] "GET /PmWikiJa/GuiEdit?action=upload&upname=st2.gif HTTP/1.1" 403 18 "-" "Mozilla/5.0 (compatible; SemrushBot/7~bl; +http://www.semrush.com/bot.html)"
154.54.249.195 - - [26/Jun/2022:16:11:51 +0200] "GET /PodCast/Apschlouss?action=diff&source=n&minor=y HTTP/1.1" 200 18075 "-" "Mozilla/5.0 (compatible; Barkrowler/0.9; +https://babbar.tech/crawler)"
154.54.249.195 - - [26/Jun/2022:16:12:27 +0200] "GET /PodCast/Apschlouss?action=diff&source=n&minor=n HTTP/1.1" 200 18073 "-" "Mozilla/5.0 (compatible; Barkrowler/0.9; +https://babbar.tech/crawler)"
154.54.249.195 - - [26/Jun/2022:16:12:57 +0200] "GET /PodCast/Apschlouss?action=diff&source=y&minor=y HTTP/1.1" 200 18168 "-" "Mozilla/5.0 (compatible; Barkrowler/0.9; +https://babbar.tech/crawler)"
154.54.249.195 - - [26/Jun/2022:16:13:32 +0200] "GET /PodCast/Apschlouss?action=diff&source=y&minor=n HTTP/1.1" 200 18166 "-" "Mozilla/5.0 (compatible; Barkrowler/0.9; +https://babbar.tech/crawler)"
85.25.177.219 - - [26/Jun/2022:16:13:54 +0200] "GET /Main/Home?action=print HTTP/1.1" 403 18 "-" "SEO Scanner/1.2.4 (SEO Crawler; seoscanners.info; info@seoscanners.info)"
154.54.249.195 - - [26/Jun/2022:16:14:04 +0200] "GET /PodCast/Apvantyv?action=diff&source=y&minor=y HTTP/1.1" 200 13542 "-" "Mozilla/5.0 (compatible; Barkrowler/0.9; +https://babbar.tech/crawler)"
192.53.165.202 - - [26/Jun/2022:16:14:09 +0200] "GET /Main/Home?action=upload HTTP/1.1" 200 8437 "https://www.crawlson.com/domain/pro-zurituutsch.ch" "Mozilla/5.0 (compatible; Crawlson/1.0; +https://www.crawlson.com/domain/pro-zurituutsch.ch)"
154.54.249.195 - - [26/Jun/2022:16:14:41 +0200] "GET /PodCast/Apvantyv?action=diff&source=y&minor=n HTTP/1.1" 200 13540 "-" "Mozilla/5.0 (compatible; Barkrowler/0.9; +https://babbar.tech/crawler)"
154.54.249.195 - - [26/Jun/2022:16:15:17 +0200] "GET /PodCast/Apvantyv?action=diff&source=n&minor=y HTTP/1.1" 200 13795 "-" "Mozilla/5.0 (compatible; Barkrowler/0.9; +https://babbar.tech/crawler)"
85.25.177.219 - - [26/Jun/2022:16:15:31 +0200] "GET /Gast/Podcast HTTP/1.1" 200 8106 "-" "SEO Scanner/1.2.4 (SEO Crawler; seoscanners.info; info@seoscanners.info)"
85.25.177.219 - - [26/Jun/2022:16:15:50 +0200] "GET /Texte/Roman HTTP/1.1" 200 38741 "-" "SEO Scanner/1.2.4 (SEO Crawler; seoscanners.info; info@seoscanners.info)"
154.54.249.195 - - [26/Jun/2022:16:15:54 +0200] "GET /PodCast/41Fasnacht?action=diff&source=n&minor=y HTTP/1.1" 200 9243 "-" "Mozilla/5.0 (compatible; Barkrowler/0.9; +https://babbar.tech/crawler)"
154.54.249.195 - - [26/Jun/2022:16:16:31 +0200] "GET /PodCast/41Fasnacht?action=diff&source=y&minor=y HTTP/1.1" 200 9235 "-" "Mozilla/5.0 (compatible; Barkrowler/0.9; +https://babbar.tech/crawler)"
154.54.249.195 - - [26/Jun/2022:16:17:07 +0200] "GET /PodCast/41Fasnacht?action=diff&source=y&minor=n HTTP/1.1" 200 9233 "-" "Mozilla/5.0 (compatible; Barkrowler/0.9; +https://babbar.tech/crawler)"
154.54.249.195 - - [26/Jun/2022:16:17:46 +0200] "GET /PodCast/Scheupfig?action=diff&source=y&minor=y HTTP/1.1" 200 9761 "-" "Mozilla/5.0 (compatible; Barkrowler/0.9; +https://babbar.tech/crawler)"
154.54.249.195 - - [26/Jun/2022:16:18:20 +0200] "GET /PodCast/Scheupfig?action=diff&source=y&minor=n HTTP/1.1" 200 9759 "-" "Mozilla/5.0 (compatible; Barkrowler/0.9; +https://babbar.tech/crawler)"
185.191.171.43 - - [26/Jun/2022:16:18:46 +0200] "GET /robots.txt HTTP/1.1" 200 - "-" "Mozilla/5.0 (compatible; SemrushBot/7~bl; +http://www.semrush.com/bot.html)"
185.191.171.16 - - [26/Jun/2022:16:18:46 +0200] "GET /PmWikiNl/SideBar?action=print HTTP/1.1" 403 18 "-" "Mozilla/5.0 (compatible; SemrushBot/7~bl; +http://www.semrush.com/bot.html)"
154.54.249.195 - - [26/Jun/2022:16:18:59 +0200] "GET /PodCast/Kinovolch?action=diff&source=y&minor=y HTTP/1.1" 200 16414 "-" "Mozilla/5.0 (compatible; Barkrowler/0.9; +https://babbar.tech/crawler)"
154.54.249.195 - - [26/Jun/2022:16:19:32 +0200] "GET /PodCast/Kinovolch?action=diff&source=y&minor=n HTTP/1.1" 200 16412 "-" "Mozilla/5.0 (compatible; Barkrowler/0.9; +https://babbar.tech/crawler)"
154.54.249.195 - - [26/Jun/2022:16:20:05 +0200] "GET /PodCast/Limerick31?action=diff&source=n&minor=y HTTP/1.1" 200 12371 "-" "Mozilla/5.0 (compatible; Barkrowler/0.9; +https://babbar.tech/crawler)"
154.54.249.195 - - [26/Jun/2022:16:20:39 +0200] "GET /PodCast/Limerick31?action=diff&source=n&minor=n HTTP/1.1" 200 12369 "-" "Mozilla/5.0 (compatible; Barkrowler/0.9; +https://babbar.tech/crawler)"
154.54.249.195 - - [26/Jun/2022:16:21:15 +0200] "GET /robots.txt HTTP/1.1" 200 - "-" "Mozilla/5.0 (compatible; Barkrowler/0.9; +https://babbar.tech/crawler)"
154.54.249.195 - - [26/Jun/2022:16:21:48 +0200] "GET /PodCast/Limerick30?action=diff&source=n&minor=y HTTP/1.1" 200 12362 "-" "Mozilla/5.0 (compatible; Barkrowler/0.9; +https://babbar.tech/crawler)"
154.54.249.195 - - [26/Jun/2022:16:22:29 +0200] "GET /PodCast/Limerick30?action=diff&source=n&minor=n HTTP/1.1" 200 12360 "-" "Mozilla/5.0 (compatible; Barkrowler/0.9; +https://babbar.tech/crawler)"
154.54.249.195 - - [26/Jun/2022:16:23:00 +0200] "GET /PodCast/Limerick29?action=diff&source=n&minor=y HTTP/1.1" 200 13818 "-" "Mozilla/5.0 (compatible; Barkrowler/0.9; +https://babbar.tech/crawler)"
154.54.249.195 - - [26/Jun/2022:16:23:35 +0200] "GET /PodCast/RaffyniAkt1Tail3?action=diff HTTP/1.1" 200 9337 "-" "Mozilla/5.0 (compatible; Barkrowler/0.9; +https://babbar.tech/crawler)"
154.54.249.195 - - [26/Jun/2022:16:24:10 +0200] "GET /PodCast/Reschpakt?action=diff&source=n&minor=y HTTP/1.1" 200 16153 "-" "Mozilla/5.0 (compatible; Barkrowler/0.9; +https://babbar.tech/crawler)"
154.54.249.195 - - [26/Jun/2022:16:24:51 +0200] "GET /PodCast/Reschpakt?action=diff&source=n&minor=n HTTP/1.1" 200 16151 "-" "Mozilla/5.0 (compatible; Barkrowler/0.9; +https://babbar.tech/crawler)"
85.25.177.219 - - [26/Jun/2022:16:25:15 +0200] "GET /Admin/Links HTTP/1.1" 200 14193 "-" "SEO Scanner/1.2.4 (SEO Crawler; seoscanners.info; info@seoscanners.info)"
154.54.249.195 - - [26/Jun/2022:16:25:27 +0200] "GET /PodCast/Reschpakt?action=diff&source=y&minor=y HTTP/1.1" 200 15183 "-" "Mozilla/5.0 (compatible; Barkrowler/0.9; +https://babbar.tech/crawler)"
154.54.249.195 - - [26/Jun/2022:16:26:00 +0200] "GET /PodCast/Reschpakt?action=diff&source=y&minor=n HTTP/1.1" 200 15181 "-" "Mozilla/5.0 (compatible; Barkrowler/0.9; +https://babbar.tech/crawler)"
154.54.249.195 - - [26/Jun/2022:16:26:37 +0200] "GET /PodCast/Rutlirapport?action=diff&source=n&minor=y HTTP/1.1" 200 18513 "-" "Mozilla/5.0 (compatible; Barkrowler/0.9; +https://babbar.tech/crawler)"
85.25.177.219 - - [26/Jun/2022:16:27:04 +0200] "GET /Texte/Schrybwys HTTP/1.1" 200 11028 "-" "SEO Scanner/1.2.4 (SEO Crawler; seoscanners.info; info@seoscanners.info)"
154.54.249.195 - - [26/Jun/2022:16:27:10 +0200] "GET /PodCast/Rutlirapport?action=diff&source=y&minor=y HTTP/1.1" 200 18195 "-" "Mozilla/5.0 (compatible; Barkrowler/0.9; +https://babbar.tech/crawler)"
154.54.249.195 - - [26/Jun/2022:16:27:46 +0200] "GET /PodCast/Rutlirapport?action=diff&source=y&minor=n HTTP/1.1" 200 18193 "-" "Mozilla/5.0 (compatible; Barkrowler/0.9; +https://babbar.tech/crawler)"
154.54.249.195 - - [26/Jun/2022:16:28:19 +0200] "GET /Pod/Podcasts?action=upload&upname=Styluebige.mp3 HTTP/1.1" 200 8501 "-" "Mozilla/5.0 (compatible; Barkrowler/0.9; +https://babbar.tech/crawler)"
154.54.249.195 - - [26/Jun/2022:16:28:52 +0200] "GET /Bestellen/Pschtellf?action=diff&source=y&minor=n HTTP/1.1" 200 18624 "-" "Mozilla/5.0 (compatible; Barkrowler/0.9; +https://babbar.tech/crawler)"
154.54.249.195 - - [26/Jun/2022:16:29:28 +0200] "GET /Profiles/StephanSchwarzbold?action=diff&source=n&minor=y HTTP/1.1" 200 9386 "-" "Mozilla/5.0 (compatible; Barkrowler/0.9; +https://babbar.tech/crawler)"
154.54.249.195 - - [26/Jun/2022:16:29:57 +0200] "GET /Profiles/StephanSchwarzbold?action=diff&source=y&minor=n HTTP/1.1" 200 9376 "-" "Mozilla/5.0 (compatible; Barkrowler/0.9; +https://babbar.tech/crawler)"
154.54.249.195 - - [26/Jun/2022:16:30:34 +0200] "GET /Profiles/AlgisKabaila?action=diff&source=n&minor=y HTTP/1.1" 200 9290 "-" "Mozilla/5.0 (compatible; Barkrowler/0.9; +https://babbar.tech/crawler)"
194.209.200.2 - - [26/Jun/2022:16:30:53 +0200] "GET /robots.txt HTTP/1.1" 200 - "-" "Mozilla/5.0 (compatible; TMMBot/0.2; +http://www.dslab.ch)/Nutch-1.15"
194.209.200.2 - - [26/Jun/2022:16:30:53 +0200] "GET /Texte/ZurcherischEnglish HTTP/1.1" 200 8274 "-" "Mozilla/5.0 (compatible; TMMBot/0.2; +http://www.dslab.ch)/Nutch-1.15"
154.54.249.195 - - [26/Jun/2022:16:31:06 +0200] "GET /robots.txt HTTP/1.1" 200 - "-" "Mozilla/5.0 (compatible; Barkrowler/0.9; +https://babbar.tech/crawler)"
154.54.249.195 - - [26/Jun/2022:16:31:41 +0200] "GET /Profiles/Pseudogaetan?action=diff&source=y&minor=n HTTP/1.1" 200 9278 "-" "Mozilla/5.0 (compatible; Barkrowler/0.9; +https://babbar.tech/crawler)"
154.54.249.195 - - [26/Jun/2022:16:32:14 +0200] "GET /Profiles/AlfredDupond?action=diff&source=n&minor=y HTTP/1.1" 200 9290 "-" "Mozilla/5.0 (compatible; Barkrowler/0.9; +https://babbar.tech/crawler)"
154.54.249.195 - - [26/Jun/2022:16:32:49 +0200] "GET /Cookbook/SubpageMarkup?action=diff&source=n&minor=y HTTP/1.1" 200 9306 "-" "Mozilla/5.0 (compatible; Barkrowler/0.9; +https://babbar.tech/crawler)"
154.54.249.195 - - [26/Jun/2022:16:33:22 +0200] "GET /Cookbook/SubpageMarkup?action=diff&source=y&minor=n HTTP/1.1" 200 9296 "-" "Mozilla/5.0 (compatible; Barkrowler/0.9; +https://babbar.tech/crawler)"
154.54.249.195 - - [26/Jun/2022:16:33:55 +0200] "GET /Cookbook/Guestbook?action=diff&source=y&minor=n HTTP/1.1" 200 9230 "-" "Mozilla/5.0 (compatible; Barkrowler/0.9; +https://babbar.tech/crawler)"
194.209.200.2 - - [26/Jun/2022:16:33:59 +0200] "GET /Texte/Styluebige HTTP/1.1" 200 9998 "-" "Mozilla/5.0 (compatible; TMMBot/0.2; +http://www.dslab.ch)/Nutch-1.15"
154.54.249.195 - - [26/Jun/2022:16:34:31 +0200] "GET /Cookbook/PublishWikiTrail?action=diff&source=y&minor=n HTTP/1.1" 200 9346 "-" "Mozilla/5.0 (compatible; Barkrowler/0.9; +https://babbar.tech/crawler)"
154.54.249.195 - - [26/Jun/2022:16:35:03 +0200] "GET /Admin/AdresseStiftung?action=diff&source=n&minor=y HTTP/1.1" 200 16522 "-" "Mozilla/5.0 (compatible; Barkrowler/0.9; +https://babbar.tech/crawler)"
85.25.177.219 - - [26/Jun/2022:16:35:04 +0200] "GET /Texte/ArsAmatoria HTTP/1.1" 200 12369 "-" "SEO Scanner/1.2.4 (SEO Crawler; seoscanners.info; info@seoscanners.info)"
154.54.249.195 - - [26/Jun/2022:16:35:40 +0200] "GET /Admin/AdresseStiftung?action=diff&source=n&minor=n HTTP/1.1" 200 13363 "-" "Mozilla/5.0 (compatible; Barkrowler/0.9; +https://babbar.tech/crawler)"
194.209.200.2 - - [26/Jun/2022:16:36:01 +0200] "GET / HTTP/1.1" 200 14638 "-" "Mozilla/5.0 (compatible; TMMBot/0.2; +http://www.dslab.ch)/Nutch-1.15"
154.54.249.195 - - [26/Jun/2022:16:36:14 +0200] "GET /Admin/AdresseStiftung?action=diff&source=y&minor=y HTTP/1.1" 200 17053 "-" "Mozilla/5.0 (compatible; Barkrowler/0.9; +https://babbar.tech/crawler)"
85.25.177.219 - - [26/Jun/2022:16:36:37 +0200] "GET /Main/Home?action=edit HTTP/1.1" 403 18 "-" "SEO Scanner/1.2.4 (SEO Crawler; seoscanners.info; info@seoscanners.info)"
194.209.200.2 - - [26/Jun/2022:16:36:46 +0200] "GET /Texte/Bitterbeuhsi HTTP/1.1" 200 9255 "-" "Mozilla/5.0 (compatible; TMMBot/0.2; +http://www.dslab.ch)/Nutch-1.15"
