85.25.177.139 - - [07/Sep/2022:13:52:29 +0200] "GET /PodCast/RSSPodcasts?action=edit&restore=diff:1177573259:1177573243:&preview=y HTTP/1.1" 200 8726 "-" "Mozilla/5.0 (Macintosh; Intel Mac OS X 10.15; rv:103.0) Gecko/20100101 Firefox/103.0"
179.184.123.77 - - [07/Sep/2022:13:52:56 +0200] "GET / HTTP/1.1" 200 15085 "-" "Mozilla/5.0 (Windows NT 10.0; Win64; x64) AppleWebKit/537.36 (KHTML, like Gecko) Chrome/85.0.4183.121 Safari/537.36"
85.25.177.139 - - [07/Sep/2022:13:54:37 +0200] "GET /PodCast/RSSPodcasts?action=diff&source=y&minor=y HTTP/1.1" 200 25500 "-" "Mozilla/5.0 (Macintosh; Intel Mac OS X 10.15; rv:103.0) Gecko/20100101 Firefox/103.0"
85.25.177.139 - - [07/Sep/2022:13:57:21 +0200] "GET /PodCast/RSSPodcasts?action=edit&restore=diff:1357846716:1178723194:&preview=y HTTP/1.1" 200 8726 "-" "Mozilla/5.0 (Macintosh; Intel Mac OS X 10.15; rv:103.0) Gecko/20100101 Firefox/103.0"
85.25.177.139 - - [07/Sep/2022:13:59:05 +0200] "GET /Texte/Limericks?action=diff&source=y&minor=y HTTP/1.1" 200 9581 "-" "Mozilla/5.0 (Macintosh; Intel Mac OS X 10.15; rv:103.0) Gecko/20100101 Firefox/103.0"
85.25.177.139 - - [07/Sep/2022:14:01:22 +0200] "GET /Texte/Limericks?action=diff&source=n&minor=n HTTP/1.1" 200 9587 "-" "Mozilla/5.0 (Macintosh; Intel Mac OS X 10.15; rv:103.0) Gecko/20100101 Firefox/103.0"
85.25.177.139 - - [07/Sep/2022:14:04:14 +0200] "GET /PodCast/PodCast HTTP/1.1" 200 29790 "-" "Mozilla/5.0 (Macintosh; Intel Mac OS X 10.15; rv:103.0) Gecko/20100101 Firefox/103.0"
85.25.177.139 - - [07/Sep/2022:14:05:15 +0200] "GET /Site/162Predigerchoor1489?action=diff&source=n&minor=y HTTP/1.1" 200 20094 "-" "Mozilla/5.0 (Macintosh; Intel Mac OS X 10.15; rv:103.0) Gecko/20100101 Firefox/103.0"
85.25.177.139 - - [07/Sep/2022:14:08:17 +0200] "GET /PodCast/Kounschtrandite?action=edit&restore=diff:1385062298:1385062157:&preview=y HTTP/1.1" 200 8780 "-" "Mozilla/5.0 (Macintosh; Intel Mac OS X 10.15; rv:103.0) Gecko/20100101 Firefox/103.0"
85.25.177.139 - - [07/Sep/2022:14:09:39 +0200] "GET /PodCast/Antiikiundanderigschichte?action=edit&restore=diff:1391099042:1391098952:&preview=y HTTP/1.1" 200 8920 "-" "Mozilla/5.0 (Macintosh; Intel Mac OS X 10.15; rv:103.0) Gecko/20100101 Firefox/103.0"
216.244.66.243 - - [07/Sep/2022:14:10:26 +0200] "GET /robots.txt HTTP/1.1" 200 - "-" "Mozilla/5.0 (compatible; DotBot/1.2; +https://opensiteexplorer.org/dotbot; help@moz.com)"
85.25.177.139 - - [07/Sep/2022:14:11:55 +0200] "GET /PodCast/Kounschtrandite?action=diff&source=n&minor=n HTTP/1.1" 200 17513 "-" "Mozilla/5.0 (Macintosh; Intel Mac OS X 10.15; rv:103.0) Gecko/20100101 Firefox/103.0"
194.209.200.2 - - [07/Sep/2022:14:14:46 +0200] "GET /robots.txt HTTP/1.1" 200 - "-" "Mozilla/5.0 (compatible; TMMBot/0.2; +http://www.dslab.ch)/Nutch-1.15"
194.209.200.2 - - [07/Sep/2022:14:14:46 +0200] "GET /Admin/Jahresbericht HTTP/1.1" 200 45530 "-" "Mozilla/5.0 (compatible; TMMBot/0.2; +http://www.dslab.ch)/Nutch-1.15"
85.25.177.139 - - [07/Sep/2022:14:15:06 +0200] "GET /Texte/ArsAmatoria?action=edit&restore=diff:1177684026:1175714025:&preview=y HTTP/1.1" 200 8697 "-" "Mozilla/5.0 (Macintosh; Intel Mac OS X 10.15; rv:103.0) Gecko/20100101 Firefox/103.0"
194.209.200.2 - - [07/Sep/2022:14:15:10 +0200] "GET /Texte/Schrybwys HTTP/1.1" 200 11028 "-" "Mozilla/5.0 (compatible; TMMBot/0.2; +http://www.dslab.ch)/Nutch-1.15"
66.249.76.245 - - [07/Sep/2022:14:15:33 +0200] "GET /PodCast/IndexPage?action=rss HTTP/1.1" 200 6298 "-" "Mozilla/5.0 (compatible; Googlebot/2.1; +http://www.google.com/bot.html)"
194.209.200.2 - - [07/Sep/2022:14:16:09 +0200] "GET /Texte/GDicht HTTP/1.1" 200 8050 "-" "Mozilla/5.0 (compatible; TMMBot/0.2; +http://www.dslab.ch)/Nutch-1.15"
157.55.39.149 - - [07/Sep/2022:14:16:20 +0200] "GET /robots.txt HTTP/1.1" 200 - "-" "Mozilla/5.0 (compatible; bingbot/2.0; +http://www.bing.com/bingbot.htm)"
157.55.39.182 - - [07/Sep/2022:14:16:26 +0200] "GET /Site/Search?pagename=Site%2FSearch&q=2022 HTTP/1.1" 200 11056 "-" "Mozilla/5.0 AppleWebKit/537.36 (KHTML, like Gecko; compatible; bingbot/2.0; +http://www.bing.com/bingbot.htm) Chrome/103.0.5060.134 Safari/537.36"
194.209.200.2 - - [07/Sep/2022:14:16:47 +0200] "GET /Texte/Metamorphoses HTTP/1.1" 200 9045 "-" "Mozilla/5.0 (compatible; TMMBot/0.2; +http://www.dslab.ch)/Nutch-1.15"
185.191.171.34 - - [07/Sep/2022:14:17:05 +0200] "GET /PmWikiPtBr/IndexMestreMarcacoes?action=edit HTTP/1.1" 404 18 "-" "Mozilla/5.0 (compatible; SemrushBot/7~bl; +http://www.semrush.com/bot.html)"
85.25.177.139 - - [07/Sep/2022:14:17:21 +0200] "GET /Texte/ArsAmatoria?action=edit&restore=diff:1163055884:1163055690:&preview=y HTTP/1.1" 200 8697 "-" "Mozilla/5.0 (Macintosh; Intel Mac OS X 10.15; rv:103.0) Gecko/20100101 Firefox/103.0"
194.209.200.2 - - [07/Sep/2022:14:17:48 +0200] "GET /Texte/Gloosse HTTP/1.1" 200 8061 "-" "Mozilla/5.0 (compatible; TMMBot/0.2; +http://www.dslab.ch)/Nutch-1.15"
216.244.66.243 - - [07/Sep/2022:14:17:50 +0200] "GET /PodCast/Ouhsggwise1 HTTP/1.1" 200 21392 "-" "Mozilla/5.0 (compatible; DotBot/1.2; +https://opensiteexplorer.org/dotbot; help@moz.com)"
194.209.200.2 - - [07/Sep/2022:14:18:39 +0200] "GET /Admin/Pro-ZurituutschStatuten HTTP/1.1" 200 9580 "-" "Mozilla/5.0 (compatible; TMMBot/0.2; +http://www.dslab.ch)/Nutch-1.15"
194.209.200.2 - - [07/Sep/2022:14:20:07 +0200] "GET /Hilfe/AnleitungTonbeispiele HTTP/1.1" 200 9878 "-" "Mozilla/5.0 (compatible; TMMBot/0.2; +http://www.dslab.ch)/Nutch-1.15"
85.25.177.139 - - [07/Sep/2022:14:20:18 +0200] "GET /Texte/ArsAmatoria?action=edit&restore=diff:1179764729:1178907460:&preview=y HTTP/1.1" 200 8697 "-" "Mozilla/5.0 (Macintosh; Intel Mac OS X 10.15; rv:103.0) Gecko/20100101 Firefox/103.0"
85.25.177.139 - - [07/Sep/2022:14:23:05 +0200] "GET /PodCast/Antiikiundanderigschichte?action=edit&restore=diff:1391098952:1391098921:&preview=y HTTP/1.1" 200 8920 "-" "Mozilla/5.0 (Macintosh; Intel Mac OS X 10.15; rv:103.0) Gecko/20100101 Firefox/103.0"
85.25.177.139 - - [07/Sep/2022:14:24:47 +0200] "GET /Texte/ArsAmatoria?action=edit&restore=diff:1178907460:1177684430:&preview=y HTTP/1.1" 200 8697 "-" "Mozilla/5.0 (Macintosh; Intel Mac OS X 10.15; rv:103.0) Gecko/20100101 Firefox/103.0"
85.25.177.139 - - [07/Sep/2022:14:25:49 +0200] "GET /Texte/ArsAmatoria?action=edit&restore=diff:1591952742:1179764729:&preview=y HTTP/1.1" 200 8697 "-" "Mozilla/5.0 (Macintosh; Intel Mac OS X 10.15; rv:103.0) Gecko/20100101 Firefox/103.0"
85.25.177.139 - - [07/Sep/2022:14:27:58 +0200] "GET /Texte/ArsAmatoria?action=edit&restore=diff:1163056782:1163056760:&preview=y HTTP/1.1" 200 8697 "-" "Mozilla/5.0 (Macintosh; Intel Mac OS X 10.15; rv:103.0) Gecko/20100101 Firefox/103.0"
85.25.177.139 - - [07/Sep/2022:14:31:33 +0200] "GET /Texte/ArsAmatoria?action=diff&source=y&minor=n HTTP/1.1" 200 41098 "-" "Mozilla/5.0 (Macintosh; Intel Mac OS X 10.15; rv:103.0) Gecko/20100101 Firefox/103.0"
85.25.177.139 - - [07/Sep/2022:14:32:22 +0200] "GET /PodCast/Antiikiundanderigschichte?action=diff&source=n&minor=y HTTP/1.1" 200 11970 "-" "Mozilla/5.0 (Macintosh; Intel Mac OS X 10.15; rv:103.0) Gecko/20100101 Firefox/103.0"
85.25.177.139 - - [07/Sep/2022:14:34:56 +0200] "GET /Texte/ArsAmatoria?action=diff&source=n&minor=y HTTP/1.1" 200 42480 "-" "Mozilla/5.0 (Macintosh; Intel Mac OS X 10.15; rv:103.0) Gecko/20100101 Firefox/103.0"
185.191.171.15 - - [07/Sep/2022:14:38:04 +0200] "GET /robots.txt HTTP/1.1" 200 - "-" "Mozilla/5.0 (compatible; SemrushBot/7~bl; +http://www.semrush.com/bot.html)"
185.191.171.38 - - [07/Sep/2022:14:38:04 +0200] "GET /PmWikiVi/ChinhSachPmWiki?action=edit HTTP/1.1" 404 18 "-" "Mozilla/5.0 (compatible; SemrushBot/7~bl; +http://www.semrush.com/bot.html)"
85.25.177.139 - - [07/Sep/2022:14:38:33 +0200] "GET /Texte/ArsAmatoria?action=edit&restore=diff:1163056822:1163056782:&preview=y HTTP/1.1" 200 8697 "-" "Mozilla/5.0 (Macintosh; Intel Mac OS X 10.15; rv:103.0) Gecko/20100101 Firefox/103.0"
85.25.177.139 - - [07/Sep/2022:14:39:30 +0200] "GET /PodCast/Antiikiundanderigschichte?action=diff&source=y&minor=n HTTP/1.1" 200 11684 "-" "Mozilla/5.0 (Macintosh; Intel Mac OS X 10.15; rv:103.0) Gecko/20100101 Firefox/103.0"
85.25.177.139 - - [07/Sep/2022:14:41:25 +0200] "GET /PodCast/Antiikiundanderigschichte?action=edit&restore=diff:1391098921:1391098921:&preview=y HTTP/1.1" 200 8920 "-" "Mozilla/5.0 (Macintosh; Intel Mac OS X 10.15; rv:103.0) Gecko/20100101 Firefox/103.0"
85.25.177.139 - - [07/Sep/2022:14:43:05 +0200] "GET /Texte/ArsAmatoria?action=edit&restore=diff:1163055654:1163055578:&preview=y HTTP/1.1" 200 8697 "-" "Mozilla/5.0 (Macintosh; Intel Mac OS X 10.15; rv:103.0) Gecko/20100101 Firefox/103.0"
85.25.177.139 - - [07/Sep/2022:14:45:44 +0200] "GET /Texte/Metamorphoses?action=edit&restore=diff:1591952758:1177682932:&preview=y HTTP/1.1" 200 8723 "-" "Mozilla/5.0 (Macintosh; Intel Mac OS X 10.15; rv:103.0) Gecko/20100101 Firefox/103.0"
185.191.171.10 - - [07/Sep/2022:14:46:54 +0200] "GET /PmWikiDe/SimultaneousEdits?action=edit HTTP/1.1" 403 18 "-" "Mozilla/5.0 (compatible; SemrushBot/7~bl; +http://www.semrush.com/bot.html)"
85.25.177.139 - - [07/Sep/2022:14:47:58 +0200] "GET /Texte/Metamorphoses?action=diff&source=y&minor=y HTTP/1.1" 200 22809 "-" "Mozilla/5.0 (Macintosh; Intel Mac OS X 10.15; rv:103.0) Gecko/20100101 Firefox/103.0"
194.209.200.2 - - [07/Sep/2022:14:49:41 +0200] "GET /robots.txt HTTP/1.1" 200 - "-" "Mozilla/5.0 (compatible; TMMBot/0.2; +http://www.dslab.ch)/Nutch-1.15"
194.209.200.2 - - [07/Sep/2022:14:49:41 +0200] "GET /Admin/Jahresbericht HTTP/1.1" 200 45530 "-" "Mozilla/5.0 (compatible; TMMBot/0.2; +http://www.dslab.ch)/Nutch-1.15"
85.25.177.139 - - [07/Sep/2022:14:49:42 +0200] "GET /Texte/Metamorphoses?action=edit&restore=diff:1163053049:1163052973:&preview=y HTTP/1.1" 200 8723 "-" "Mozilla/5.0 (Macintosh; Intel Mac OS X 10.15; rv:103.0) Gecko/20100101 Firefox/103.0"
194.209.200.2 - - [07/Sep/2022:14:50:04 +0200] "GET /Texte/Schrybwys HTTP/1.1" 200 11028 "-" "Mozilla/5.0 (compatible; TMMBot/0.2; +http://www.dslab.ch)/Nutch-1.15"
194.209.200.2 - - [07/Sep/2022:14:51:04 +0200] "GET /Texte/GDicht HTTP/1.1" 200 8050 "-" "Mozilla/5.0 (compatible; TMMBot/0.2; +http://www.dslab.ch)/Nutch-1.15"
85.25.177.139 - - [07/Sep/2022:14:51:06 +0200] "GET /Texte/Metamorphoses?action=edit&restore=diff:1163056267:1163053049:&preview=y HTTP/1.1" 200 8723 "-" "Mozilla/5.0 (Macintosh; Intel Mac OS X 10.15; rv:103.0) Gecko/20100101 Firefox/103.0"
194.209.200.2 - - [07/Sep/2022:14:51:41 +0200] "GET /Texte/Metamorphoses HTTP/1.1" 200 9045 "-" "Mozilla/5.0 (compatible; TMMBot/0.2; +http://www.dslab.ch)/Nutch-1.15"
194.209.200.2 - - [07/Sep/2022:14:52:43 +0200] "GET /Texte/Gloosse HTTP/1.1" 200 8061 "-" "Mozilla/5.0 (compatible; TMMBot/0.2; +http://www.dslab.ch)/Nutch-1.15"
194.209.200.2 - - [07/Sep/2022:14:53:33 +0200] "GET /Admin/Pro-ZurituutschStatuten HTTP/1.1" 200 9580 "-" "Mozilla/5.0 (compatible; TMMBot/0.2; +http://www.dslab.ch)/Nutch-1.15"
185.191.171.38 - - [07/Sep/2022:14:54:23 +0200] "GET /PmWikiDe/Troubleshooting?action=edit HTTP/1.1" 404 18 "-" "Mozilla/5.0 (compatible; SemrushBot/7~bl; +http://www.semrush.com/bot.html)"
85.25.177.139 - - [07/Sep/2022:14:54:43 +0200] "GET /Site/Leerbouech?action=edit&restore=diff:1204991358:1204990976:&preview=y HTTP/1.1" 200 8667 "-" "Mozilla/5.0 (Macintosh; Intel Mac OS X 10.15; rv:103.0) Gecko/20100101 Firefox/103.0"
194.209.200.2 - - [07/Sep/2022:14:55:01 +0200] "GET /Hilfe/AnleitungTonbeispiele HTTP/1.1" 200 9878 "-" "Mozilla/5.0 (compatible; TMMBot/0.2; +http://www.dslab.ch)/Nutch-1.15"
85.25.177.139 - - [07/Sep/2022:14:55:33 +0200] "GET /Site/Leerbouech?action=edit&restore=diff:1204990976:1204990873:&preview=y HTTP/1.1" 200 8667 "-" "Mozilla/5.0 (Macintosh; Intel Mac OS X 10.15; rv:103.0) Gecko/20100101 Firefox/103.0"
185.191.171.34 - - [07/Sep/2022:14:58:26 +0200] "GET /PmWikiRu/Categories?action=print HTTP/1.1" 403 18 "-" "Mozilla/5.0 (compatible; SemrushBot/7~bl; +http://www.semrush.com/bot.html)"
85.25.177.139 - - [07/Sep/2022:14:59:06 +0200] "GET /Site/Leerbouech?action=edit&restore=diff:1204990873:1204990604:&preview=y HTTP/1.1" 200 8667 "-" "Mozilla/5.0 (Macintosh; Intel Mac OS X 10.15; rv:103.0) Gecko/20100101 Firefox/103.0"
85.25.177.139 - - [07/Sep/2022:15:01:28 +0200] "GET /Site/Leerbouech?action=edit&restore=diff:1204990026:1204990026:&preview=y HTTP/1.1" 200 8667 "-" "Mozilla/5.0 (Macintosh; Intel Mac OS X 10.15; rv:103.0) Gecko/20100101 Firefox/103.0"
85.25.177.139 - - [07/Sep/2022:15:02:50 +0200] "GET /PodCast/Styluebige?action=edit HTTP/1.1" 200 8664 "-" "Mozilla/5.0 (Macintosh; Intel Mac OS X 10.15; rv:103.0) Gecko/20100101 Firefox/103.0"
85.25.177.139 - - [07/Sep/2022:15:06:03 +0200] "GET /Site/Leerbouech?action=edit&restore=diff:1204990149:1204990026:&preview=y HTTP/1.1" 200 8667 "-" "Mozilla/5.0 (Macintosh; Intel Mac OS X 10.15; rv:103.0) Gecko/20100101 Firefox/103.0"
85.25.177.139 - - [07/Sep/2022:15:06:47 +0200] "GET /PodCast/Styluebige?action=upload HTTP/1.1" 200 8564 "-" "Mozilla/5.0 (Macintosh; Intel Mac OS X 10.15; rv:103.0) Gecko/20100101 Firefox/103.0"
185.191.171.16 - - [07/Sep/2022:15:07:10 +0200] "GET /PmWikiRu/FlatFileAdvantages HTTP/1.1" 200 15215 "-" "Mozilla/5.0 (compatible; SemrushBot/7~bl; +http://www.semrush.com/bot.html)"
157.55.39.183 - - [07/Sep/2022:15:07:51 +0200] "GET /Site/Search?pagename=Site%2FSearch&q= HTTP/1.1" 200 10615 "-" "Mozilla/5.0 (compatible; bingbot/2.0; +http://www.bing.com/bingbot.htm)"
185.191.171.22 - - [07/Sep/2022:15:10:34 +0200] "GET /Main/HomePage HTTP/1.1" 200 9141 "-" "Mozilla/5.0 (compatible; SemrushBot/7~bl; +http://www.semrush.com/bot.html)"
66.249.76.241 - - [07/Sep/2022:15:10:48 +0200] "GET /robots.txt HTTP/1.1" 200 - "-" "Mozilla/5.0 (compatible; Googlebot/2.1; +http://www.google.com/bot.html)"
66.249.76.241 - - [07/Sep/2022:15:10:52 +0200] "GET /PodCast/IndexPage?action=rss HTTP/1.1" 200 6298 "-" "Mozilla/5.0 (compatible; Googlebot/2.1; +http://www.google.com/bot.html)"
185.191.171.37 - - [07/Sep/2022:15:11:05 +0200] "GET /Texte/ArsAmatoria?action=upload HTTP/1.1" 403 18 "-" "Mozilla/5.0 (compatible; SemrushBot/7~bl; +http://www.semrush.com/bot.html)"
85.25.177.139 - - [07/Sep/2022:15:11:06 +0200] "GET /Site/Leerbouech?action=edit&restore=diff:1204991396:1204991358:&preview=y HTTP/1.1" 200 8667 "-" "Mozilla/5.0 (Macintosh; Intel Mac OS X 10.15; rv:103.0) Gecko/20100101 Firefox/103.0"
85.25.177.139 - - [07/Sep/2022:15:12:31 +0200] "GET /Site/122Sitkouscht1482?action=diff&source=y&minor=y HTTP/1.1" 200 21824 "-" "Mozilla/5.0 (Macintosh; Intel Mac OS X 10.15; rv:103.0) Gecko/20100101 Firefox/103.0"
85.25.177.139 - - [07/Sep/2022:15:14:17 +0200] "GET /PodCast/Styluebige?action=diff HTTP/1.1" 200 21171 "-" "Mozilla/5.0 (Macintosh; Intel Mac OS X 10.15; rv:103.0) Gecko/20100101 Firefox/103.0"
62.210.215.119 - - [07/Sep/2022:15:15:28 +0200] "GET /PodCast/IndexPage?action=rss HTTP/1.1" 200 6298 "-" "Mozilla/5.0 (X11; Linux i686) AppleWebKit/537.36 (KHTML, like Gecko) Chrome/30.0.1599.66 Safari/537.36"
85.25.177.139 - - [07/Sep/2022:15:17:35 +0200] "GET /Site/122Sitkouscht1482?action=diff&source=n&minor=n HTTP/1.1" 200 22069 "-" "Mozilla/5.0 (Macintosh; Intel Mac OS X 10.15; rv:103.0) Gecko/20100101 Firefox/103.0"
85.25.177.139 - - [07/Sep/2022:15:18:51 +0200] "GET /Site/122Sitkouscht1482?action=edit&restore=diff:1255630744:1255630744:&preview=y HTTP/1.1" 200 8769 "-" "Mozilla/5.0 (Macintosh; Intel Mac OS X 10.15; rv:103.0) Gecko/20100101 Firefox/103.0"
85.25.177.139 - - [07/Sep/2022:15:19:32 +0200] "GET /PodCast/PodCastJissai?action=edit&restore=diff:1395677528:1395677195:&preview=y HTTP/1.1" 200 8756 "-" "Mozilla/5.0 (Macintosh; Intel Mac OS X 10.15; rv:103.0) Gecko/20100101 Firefox/103.0"
185.191.171.25 - - [07/Sep/2022:15:20:38 +0200] "GET /PmWikiDe/ErweitertesLayout HTTP/1.1" 200 7000 "-" "Mozilla/5.0 (compatible; SemrushBot/7~bl; +http://www.semrush.com/bot.html)"
85.25.177.139 - - [07/Sep/2022:15:22:56 +0200] "GET /PodCast/Styluebige?action=print HTTP/1.1" 200 3531 "-" "Mozilla/5.0 (Macintosh; Intel Mac OS X 10.15; rv:103.0) Gecko/20100101 Firefox/103.0"
85.25.177.139 - - [07/Sep/2022:15:25:24 +0200] "GET /PodCast/PodCastJissai?action=edit&restore=diff:1396792677:1396792594:&preview=y HTTP/1.1" 200 8756 "-" "Mozilla/5.0 (Macintosh; Intel Mac OS X 10.15; rv:103.0) Gecko/20100101 Firefox/103.0"
194.209.200.2 - - [07/Sep/2022:15:25:42 +0200] "GET /robots.txt HTTP/1.1" 200 - "-" "Mozilla/5.0 (compatible; TMMBot/0.2; +http://www.dslab.ch)/Nutch-1.15"
194.209.200.2 - - [07/Sep/2022:15:25:42 +0200] "GET /Admin/Jahresbericht HTTP/1.1" 200 45530 "-" "Mozilla/5.0 (compatible; TMMBot/0.2; +http://www.dslab.ch)/Nutch-1.15"
194.209.200.2 - - [07/Sep/2022:15:26:14 +0200] "GET /Texte/Schrybwys HTTP/1.1" 200 11028 "-" "Mozilla/5.0 (compatible; TMMBot/0.2; +http://www.dslab.ch)/Nutch-1.15"
85.25.177.139 - - [07/Sep/2022:15:26:49 +0200] "GET /Texte/Styluebige?action=edit&restore=diff:1163118914:1163118852:&preview=y HTTP/1.1" 200 8681 "-" "Mozilla/5.0 (Macintosh; Intel Mac OS X 10.15; rv:103.0) Gecko/20100101 Firefox/103.0"
194.209.200.2 - - [07/Sep/2022:15:28:11 +0200] "GET /Texte/GDicht HTTP/1.1" 200 8050 "-" "Mozilla/5.0 (compatible; TMMBot/0.2; +http://www.dslab.ch)/Nutch-1.15"
185.191.171.33 - - [07/Sep/2022:15:28:29 +0200] "GET /PmWikiFr/AttributsDeGroupe HTTP/1.1" 200 10222 "-" "Mozilla/5.0 (compatible; SemrushBot/7~bl; +http://www.semrush.com/bot.html)"
54.234.118.247 - - [07/Sep/2022:15:28:46 +0200] "GET /PodCast/IndexPage?action=rss HTTP/1.1" 200 6298 "-" "PlayerFM/1.0 Podcast Sync (1 subscribers; url=https://player.fm/series/podcast-2872909)"
194.209.200.2 - - [07/Sep/2022:15:29:08 +0200] "GET /Texte/Metamorphoses HTTP/1.1" 200 9045 "-" "Mozilla/5.0 (compatible; TMMBot/0.2; +http://www.dslab.ch)/Nutch-1.15"
194.209.200.2 - - [07/Sep/2022:15:30:31 +0200] "GET /Texte/Gloosse HTTP/1.1" 200 8061 "-" "Mozilla/5.0 (compatible; TMMBot/0.2; +http://www.dslab.ch)/Nutch-1.15"
85.25.177.139 - - [07/Sep/2022:15:30:48 +0200] "GET /Admin/ZurStiftung?action=diff&source=y&minor=y HTTP/1.1" 200 35297 "-" "Mozilla/5.0 (Macintosh; Intel Mac OS X 10.15; rv:103.0) Gecko/20100101 Firefox/103.0"
185.191.171.5 - - [07/Sep/2022:15:31:05 +0200] "GET /PmWikiFr/A?action=search&fmt=title&q=link%3DPmWikiFr.MarkupMasterIndex HTTP/1.1" 404 18 "-" "Mozilla/5.0 (compatible; SemrushBot/7~bl; +http://www.semrush.com/bot.html)"
194.209.200.2 - - [07/Sep/2022:15:31:34 +0200] "GET /Admin/Pro-ZurituutschStatuten HTTP/1.1" 200 9580 "-" "Mozilla/5.0 (compatible; TMMBot/0.2; +http://www.dslab.ch)/Nutch-1.15"
3.216.185.164 - - [07/Sep/2022:15:32:35 +0200] "GET /PodCast/IndexPage?action=rss HTTP/1.1" 200 6298 "-" "PocketCasts/1.0 (Pocket Casts Feed Parser; +http://pocketcasts.com/)"
194.209.200.2 - - [07/Sep/2022:15:33:12 +0200] "GET /Hilfe/AnleitungTonbeispiele HTTP/1.1" 200 9878 "-" "Mozilla/5.0 (compatible; TMMBot/0.2; +http://www.dslab.ch)/Nutch-1.15"
85.25.177.139 - - [07/Sep/2022:15:33:36 +0200] "GET /Texte/Styluebige?action=edit&restore=diff:1163118975:1163118914:&preview=y HTTP/1.1" 200 8681 "-" "Mozilla/5.0 (Macintosh; Intel Mac OS X 10.15; rv:103.0) Gecko/20100101 Firefox/103.0"
85.25.177.139 - - [07/Sep/2022:15:33:51 +0200] "GET /Admin/ZurStiftung?action=edit&restore=diff:1163053382:1163035960:&preview=y HTTP/1.1" 200 8697 "-" "Mozilla/5.0 (Macintosh; Intel Mac OS X 10.15; rv:103.0) Gecko/20100101 Firefox/103.0"
85.25.177.139 - - [07/Sep/2022:15:35:30 +0200] "GET /Admin/ZurStiftung?action=diff&source=n&minor=n HTTP/1.1" 200 35478 "-" "Mozilla/5.0 (Macintosh; Intel Mac OS X 10.15; rv:103.0) Gecko/20100101 Firefox/103.0"
85.25.177.139 - - [07/Sep/2022:15:37:50 +0200] "GET /Hilfe/Passwort?action=upload HTTP/1.1" 200 8507 "-" "Mozilla/5.0 (Macintosh; Intel Mac OS X 10.15; rv:103.0) Gecko/20100101 Firefox/103.0"
85.25.177.139 - - [07/Sep/2022:15:39:32 +0200] "GET /Hilfe/Passwort?action=diff&source=y&minor=n HTTP/1.1" 200 9166 "-" "Mozilla/5.0 (Macintosh; Intel Mac OS X 10.15; rv:103.0) Gecko/20100101 Firefox/103.0"
185.191.171.12 - - [07/Sep/2022:15:40:56 +0200] "GET /robots.txt HTTP/1.1" 200 - "-" "Mozilla/5.0 (compatible; SemrushBot/7~bl; +http://www.semrush.com/bot.html)"
185.191.171.9 - - [07/Sep/2022:15:40:57 +0200] "GET /PmWiki/DebugVariables HTTP/1.1" 200 15547 "-" "Mozilla/5.0 (compatible; SemrushBot/7~bl; +http://www.semrush.com/bot.html)"
85.25.177.139 - - [07/Sep/2022:15:41:26 +0200] "GET /Texte/Styluebige?action=edit&restore=diff:1163119022:1163118975:&preview=y HTTP/1.1" 200 8681 "-" "Mozilla/5.0 (Macintosh; Intel Mac OS X 10.15; rv:103.0) Gecko/20100101 Firefox/103.0"
85.25.177.139 - - [07/Sep/2022:15:43:06 +0200] "GET /Texte/Styluebige?action=edit&restore=diff:1163038026:1163037997:&preview=y HTTP/1.1" 200 8681 "-" "Mozilla/5.0 (Macintosh; Intel Mac OS X 10.15; rv:103.0) Gecko/20100101 Firefox/103.0"
85.25.177.139 - - [07/Sep/2022:15:45:46 +0200] "GET /Hilfe/Passwort?action=diff&source=n&minor=y HTTP/1.1" 200 9176 "-" "Mozilla/5.0 (Macintosh; Intel Mac OS X 10.15; rv:103.0) Gecko/20100101 Firefox/103.0"
185.191.171.24 - - [07/Sep/2022:15:46:01 +0200] "GET /PmWikiRu/PageDirectives HTTP/1.1" 200 14603 "-" "Mozilla/5.0 (compatible; SemrushBot/7~bl; +http://www.semrush.com/bot.html)"
85.25.177.139 - - [07/Sep/2022:15:49:23 +0200] "GET /Hilfe/Passwort?action=print HTTP/1.1" 404 2386 "-" "Mozilla/5.0 (Macintosh; Intel Mac OS X 10.15; rv:103.0) Gecko/20100101 Firefox/103.0"
85.25.177.139 - - [07/Sep/2022:15:49:58 +0200] "GET /PodCast/JBJInhaltsverzaichnis?action=upload HTTP/1.1" 200 8720 "-" "Mozilla/5.0 (Macintosh; Intel Mac OS X 10.15; rv:103.0) Gecko/20100101 Firefox/103.0"
85.25.177.139 - - [07/Sep/2022:15:51:06 +0200] "GET /PodCast/JBJInhaltsverzaichnis?action=edit HTTP/1.1" 200 8820 "-" "Mozilla/5.0 (Macintosh; Intel Mac OS X 10.15; rv:103.0) Gecko/20100101 Firefox/103.0"
51.222.253.6 - - [07/Sep/2022:15:53:08 +0200] "GET /robots.txt HTTP/1.1" 200 - "-" "Mozilla/5.0 (compatible; AhrefsBot/7.0; +http://ahrefs.com/robot/)"
185.191.171.13 - - [07/Sep/2022:15:54:40 +0200] "GET /PmWikiDe/Installation?action=edit HTTP/1.1" 403 18 "-" "Mozilla/5.0 (compatible; SemrushBot/7~bl; +http://www.semrush.com/bot.html)"
85.25.177.139 - - [07/Sep/2022:15:55:06 +0200] "GET /PodCast/JBJInhaltsverzaichnis?action=print HTTP/1.1" 200 6268 "-" "Mozilla/5.0 (Macintosh; Intel Mac OS X 10.15; rv:103.0) Gecko/20100101 Firefox/103.0"
185.191.171.37 - - [07/Sep/2022:15:57:46 +0200] "GET /PmWikiFr/A?action=search&fmt=title&q=link%3DPmWikiFr.TextFormattingRules HTTP/1.1" 404 18 "-" "Mozilla/5.0 (compatible; SemrushBot/7~bl; +http://www.semrush.com/bot.html)"
85.25.177.139 - - [07/Sep/2022:15:57:52 +0200] "GET /Hilfe/RealOne?action=diff&source=y&minor=y HTTP/1.1" 200 16372 "-" "Mozilla/5.0 (Macintosh; Intel Mac OS X 10.15; rv:103.0) Gecko/20100101 Firefox/103.0"
85.25.177.139 - - [07/Sep/2022:15:58:48 +0200] "GET /PodCast/PodCastJissai?action=edit&restore=diff:1396792892:1396792770:&preview=y HTTP/1.1" 200 8756 "-" "Mozilla/5.0 (Macintosh; Intel Mac OS X 10.15; rv:103.0) Gecko/20100101 Firefox/103.0"
85.25.177.139 - - [07/Sep/2022:15:59:46 +0200] "GET /PodCast/PodCastJissai?action=edit&restore=diff:1396792594:1396790853:&preview=y HTTP/1.1" 200 8756 "-" "Mozilla/5.0 (Macintosh; Intel Mac OS X 10.15; rv:103.0) Gecko/20100101 Firefox/103.0"
34.67.240.65 - - [07/Sep/2022:16:01:05 +0200] "GET /uploads/Texte/neu_4.jpg HTTP/1.1" 200 24851 "-" "Mozilla/5.0 (X11; Ubuntu; Linux x86_64; rv:72.0) Gecko/20100101 Firefox/72.0"
185.191.171.17 - - [07/Sep/2022:16:01:10 +0200] "GET /Profiles/NerijusKrukauskas?action=edit HTTP/1.1" 404 18 "-" "Mozilla/5.0 (compatible; SemrushBot/7~bl; +http://www.semrush.com/bot.html)"
85.25.177.139 - - [07/Sep/2022:16:03:33 +0200] "GET /PodCast/PodCastJissai?action=edit&restore=diff:1396790853:1395677604:&preview=y HTTP/1.1" 200 8756 "-" "Mozilla/5.0 (Macintosh; Intel Mac OS X 10.15; rv:103.0) Gecko/20100101 Firefox/103.0"
194.209.200.2 - - [07/Sep/2022:16:04:20 +0200] "GET /robots.txt HTTP/1.1" 200 - "-" "Mozilla/5.0 (compatible; TMMBot/0.2; +http://www.dslab.ch)/Nutch-1.15"
194.209.200.2 - - [07/Sep/2022:16:04:20 +0200] "GET /Admin/Jahresbericht HTTP/1.1" 200 45530 "-" "Mozilla/5.0 (compatible; TMMBot/0.2; +http://www.dslab.ch)/Nutch-1.15"
194.209.200.2 - - [07/Sep/2022:16:04:45 +0200] "GET /Texte/Schrybwys HTTP/1.1" 200 11028 "-" "Mozilla/5.0 (compatible; TMMBot/0.2; +http://www.dslab.ch)/Nutch-1.15"
85.25.177.139 - - [07/Sep/2022:16:05:08 +0200] "GET /PodCast/Reschpakt?action=edit&restore=diff:1357845382:1357845382:&preview=y HTTP/1.1" 200 8696 "-" "Mozilla/5.0 (Macintosh; Intel Mac OS X 10.15; rv:103.0) Gecko/20100101 Firefox/103.0"
194.209.200.2 - - [07/Sep/2022:16:05:51 +0200] "GET /Texte/GDicht HTTP/1.1" 200 8050 "-" "Mozilla/5.0 (compatible; TMMBot/0.2; +http://www.dslab.ch)/Nutch-1.15"
194.209.200.2 - - [07/Sep/2022:16:06:27 +0200] "GET /Texte/Metamorphoses HTTP/1.1" 200 9045 "-" "Mozilla/5.0 (compatible; TMMBot/0.2; +http://www.dslab.ch)/Nutch-1.15"
194.209.200.2 - - [07/Sep/2022:16:07:30 +0200] "GET /Texte/Gloosse HTTP/1.1" 200 8061 "-" "Mozilla/5.0 (compatible; TMMBot/0.2; +http://www.dslab.ch)/Nutch-1.15"
194.209.200.2 - - [07/Sep/2022:16:08:19 +0200] "GET /Admin/Pro-ZurituutschStatuten HTTP/1.1" 200 9580 "-" "Mozilla/5.0 (compatible; TMMBot/0.2; +http://www.dslab.ch)/Nutch-1.15"
194.209.200.2 - - [07/Sep/2022:16:09:42 +0200] "GET /Hilfe/AnleitungTonbeispiele HTTP/1.1" 200 9878 "-" "Mozilla/5.0 (compatible; TMMBot/0.2; +http://www.dslab.ch)/Nutch-1.15"
85.25.177.139 - - [07/Sep/2022:16:10:18 +0200] "GET /robots.txt HTTP/1.1" 200 - "-" "Mozilla/5.0 (Macintosh; Intel Mac OS X 10.15; rv:103.0) Gecko/20100101 Firefox/103.0"
85.25.177.139 - - [07/Sep/2022:16:10:18 +0200] "GET /PodCast/Reschpakt?action=diff&source=n&minor=y HTTP/1.1" 200 16153 "-" "Mozilla/5.0 (Macintosh; Intel Mac OS X 10.15; rv:103.0) Gecko/20100101 Firefox/103.0"
85.25.177.139 - - [07/Sep/2022:16:10:26 +0200] "GET /Hilfe/DateienUndProgrammverknuepfungen?action=edit HTTP/1.1" 200 8947 "-" "Mozilla/5.0 (Macintosh; Intel Mac OS X 10.15; rv:103.0) Gecko/20100101 Firefox/103.0"
85.25.177.139 - - [07/Sep/2022:16:13:06 +0200] "GET /Admin/AdresseStiftung?action=diff&source=n&minor=n HTTP/1.1" 200 13363 "-" "Mozilla/5.0 (Macintosh; Intel Mac OS X 10.15; rv:103.0) Gecko/20100101 Firefox/103.0"
66.249.76.241 - - [07/Sep/2022:16:14:00 +0200] "GET /PodCast/IndexPage?action=rss HTTP/1.1" 200 6298 "-" "Mozilla/5.0 (compatible; Googlebot/2.1; +http://www.google.com/bot.html)"
85.25.177.139 - - [07/Sep/2022:16:15:03 +0200] "GET /Admin/AdresseStiftung?action=edit&restore=diff:1164358462:1163035896:&preview=y HTTP/1.1" 200 8753 "-" "Mozilla/5.0 (Macintosh; Intel Mac OS X 10.15; rv:103.0) Gecko/20100101 Firefox/103.0"
185.191.171.7 - - [07/Sep/2022:16:15:35 +0200] "GET /Hilfe/Winamp HTTP/1.1" 200 9314 "-" "Mozilla/5.0 (compatible; SemrushBot/7~bl; +http://www.semrush.com/bot.html)"
85.25.177.139 - - [07/Sep/2022:16:18:30 +0200] "GET /Hilfe/AnleitungTonbeispiele?action=diff&source=n&minor=y HTTP/1.1" 200 14411 "-" "Mozilla/5.0 (Macintosh; Intel Mac OS X 10.15; rv:103.0) Gecko/20100101 Firefox/103.0"
85.25.177.139 - - [07/Sep/2022:16:20:14 +0200] "GET /PodCast/Reschpakt?action=diff&source=y&minor=n HTTP/1.1" 200 15181 "-" "Mozilla/5.0 (Macintosh; Intel Mac OS X 10.15; rv:103.0) Gecko/20100101 Firefox/103.0"
85.25.177.139 - - [07/Sep/2022:16:22:54 +0200] "GET /Admin/AdresseStiftung?action=diff&source=y&minor=y HTTP/1.1" 200 17053 "-" "Mozilla/5.0 (Macintosh; Intel Mac OS X 10.15; rv:103.0) Gecko/20100101 Firefox/103.0"
85.25.177.139 - - [07/Sep/2022:16:24:40 +0200] "GET /Admin/AdresseStiftung?action=edit&restore=diff:1185288494:1185288414:minor&preview=y HTTP/1.1" 200 8758 "-" "Mozilla/5.0 (Macintosh; Intel Mac OS X 10.15; rv:103.0) Gecko/20100101 Firefox/103.0"
85.25.177.139 - - [07/Sep/2022:16:27:03 +0200] "GET /Admin/AdresseStiftung?action=edit&restore=diff:1416758598:1185288593:&preview=y HTTP/1.1" 200 8753 "-" "Mozilla/5.0 (Macintosh; Intel Mac OS X 10.15; rv:103.0) Gecko/20100101 Firefox/103.0"
185.191.171.22 - - [07/Sep/2022:16:27:04 +0200] "GET /PmWikiDe/WikiTrails?action=diff HTTP/1.1" 403 18 "-" "Mozilla/5.0 (compatible; SemrushBot/7~bl; +http://www.semrush.com/bot.html)"
54.86.54.179 - - [07/Sep/2022:16:27:08 +0200] "GET /PodCast/IndexPage?action=rss HTTP/1.1" 200 6298 "-" "PlayerFM/1.0 Podcast Sync (1 subscribers; url=https://player.fm/series/podcast-2872909)"
85.25.177.139 - - [07/Sep/2022:16:29:13 +0200] "GET /Admin/AdresseStiftung?action=edit&restore=diff:1185288593:1185288494:minor&preview=y HTTP/1.1" 200 8758 "-" "Mozilla/5.0 (Macintosh; Intel Mac OS X 10.15; rv:103.0) Gecko/20100101 Firefox/103.0"
154.54.249.196 - - [07/Sep/2022:16:29:43 +0200] "GET /robots.txt HTTP/1.1" 200 - "-" "Mozilla/5.0 (compatible; Barkrowler/0.9; +https://babbar.tech/crawler)"
154.54.249.196 - - [07/Sep/2022:16:30:30 +0200] "GET /Rur01/02 HTTP/1.1" 404 8088 "-" "Mozilla/5.0 (compatible; Barkrowler/0.9; +https://babbar.tech/crawler)"
154.54.249.196 - - [07/Sep/2022:16:31:08 +0200] "GET /robots.txt HTTP/1.1" 200 - "-" "Mozilla/5.0 (compatible; Barkrowler/0.9; +https://babbar.tech/crawler)"
154.54.249.196 - - [07/Sep/2022:16:31:48 +0200] "GET /Admin/Admin?action=edit HTTP/1.1" 200 8565 "-" "Mozilla/5.0 (compatible; Barkrowler/0.9; +https://babbar.tech/crawler)"
85.25.177.139 - - [07/Sep/2022:16:31:58 +0200] "GET /Admin/AdresseStiftung?action=edit&restore=diff:1619700437:1591952905:&preview=y HTTP/1.1" 200 8753 "-" "Mozilla/5.0 (Macintosh; Intel Mac OS X 10.15; rv:103.0) Gecko/20100101 Firefox/103.0"
154.54.249.196 - - [07/Sep/2022:16:32:35 +0200] "GET /Accueil/Menu?action=edit HTTP/1.1" 200 8579 "-" "Mozilla/5.0 (compatible; Barkrowler/0.9; +https://babbar.tech/crawler)"
34.217.21.84 - - [07/Sep/2022:16:33:07 +0200] "GET / HTTP/1.1" 200 15085 "-" "Mozilla/5.0 (X11; Linux x86_64) AppleWebKit/537.36 (KHTML, like Gecko) Chrome/83.0.4103.97 Safari/537.36"
154.54.249.196 - - [07/Sep/2022:16:33:13 +0200] "GET /Gast/Gast?action=edit HTTP/1.1" 200 8537 "-" "Mozilla/5.0 (compatible; Barkrowler/0.9; +https://babbar.tech/crawler)"
34.217.59.20 - - [07/Sep/2022:16:33:21 +0200] "GET /favicon.ico HTTP/1.1" 200 1406 "-" "Mozilla/5.0 (X11; Linux x86_64) AppleWebKit/537.36 (KHTML, like Gecko) Chrome/83.0.4103.97 Safari/537.36"
154.54.249.196 - - [07/Sep/2022:16:33:58 +0200] "GET /PmWiki/WikiTrails HTTP/1.1" 200 26190 "-" "Mozilla/5.0 (compatible; Barkrowler/0.9; +https://babbar.tech/crawler)"
154.54.249.196 - - [07/Sep/2022:16:34:52 +0200] "GET /Spruch/Z?action=edit HTTP/1.1" 200 8523 "-" "Mozilla/5.0 (compatible; Barkrowler/0.9; +https://babbar.tech/crawler)"
154.54.249.196 - - [07/Sep/2022:16:35:36 +0200] "GET /PmWikiFr/GoodStyle HTTP/1.1" 200 10175 "-" "Mozilla/5.0 (compatible; Barkrowler/0.9; +https://babbar.tech/crawler)"
85.25.177.139 - - [07/Sep/2022:16:35:40 +0200] "GET /PodCast/Frueligsschwyge?action=edit&restore=diff:1177576456:1176222883:&preview=y HTTP/1.1" 200 8780 "-" "Mozilla/5.0 (Macintosh; Intel Mac OS X 10.15; rv:103.0) Gecko/20100101 Firefox/103.0"
154.54.249.196 - - [07/Sep/2022:16:36:19 +0200] "GET /Jissai2/02?action=edit HTTP/1.1" 200 8552 "-" "Mozilla/5.0 (compatible; Barkrowler/0.9; +https://babbar.tech/crawler)"
154.54.249.196 - - [07/Sep/2022:16:37:02 +0200] "GET /Cookbook/Beautifier?action=edit HTTP/1.1" 200 8677 "-" "Mozilla/5.0 (compatible; Barkrowler/0.9; +https://babbar.tech/crawler)"
85.25.177.139 - - [07/Sep/2022:16:37:10 +0200] "GET /PodCast/Frueligsschwyge?action=edit&restore=diff:1172389779:1172389686:&preview=y HTTP/1.1" 200 8780 "-" "Mozilla/5.0 (Macintosh; Intel Mac OS X 10.15; rv:103.0) Gecko/20100101 Firefox/103.0"
154.54.249.196 - - [07/Sep/2022:16:37:46 +0200] "GET /LCG002/2?action=edit HTTP/1.1" 200 8524 "-" "Mozilla/5.0 (compatible; Barkrowler/0.9; +https://babbar.tech/crawler)"
154.54.249.196 - - [07/Sep/2022:16:38:32 +0200] "GET /PmWikiDe/TEST?action=print HTTP/1.1" 200 2310 "-" "Mozilla/5.0 (compatible; Barkrowler/0.9; +https://babbar.tech/crawler)"
154.54.249.196 - - [07/Sep/2022:16:39:16 +0200] "GET /Profiles/Liuxy?action=edit HTTP/1.1" 200 8607 "-" "Mozilla/5.0 (compatible; Barkrowler/0.9; +https://babbar.tech/crawler)"
85.25.177.139 - - [07/Sep/2022:16:39:46 +0200] "GET /PodCast/Reschpakt?action=edit&restore=diff:1357845657:1357845382:&preview=y HTTP/1.1" 200 8696 "-" "Mozilla/5.0 (Macintosh; Intel Mac OS X 10.15; rv:103.0) Gecko/20100101 Firefox/103.0"
154.54.249.196 - - [07/Sep/2022:16:39:57 +0200] "GET /Localization/TerminologyTemplate?action=edit HTTP/1.1" 200 8861 "-" "Mozilla/5.0 (compatible; Barkrowler/0.9; +https://babbar.tech/crawler)"
154.54.249.196 - - [07/Sep/2022:16:40:47 +0200] "GET /Site/Glawbessund?action=edit HTTP/1.1" 200 8635 "-" "Mozilla/5.0 (compatible; Barkrowler/0.9; +https://babbar.tech/crawler)"
154.54.249.196 - - [07/Sep/2022:16:41:26 +0200] "GET /Site/22Baadstoubegass HTTP/1.1" 200 18563 "-" "Mozilla/5.0 (compatible; Barkrowler/0.9; +https://babbar.tech/crawler)"
154.54.249.196 - - [07/Sep/2022:16:42:13 +0200] "GET /Site/WGA2Eergyz HTTP/1.1" 200 17403 "-" "Mozilla/5.0 (compatible; Barkrowler/0.9; +https://babbar.tech/crawler)"
154.54.249.196 - - [07/Sep/2022:16:43:02 +0200] "GET /Site/Baadstoubegass2 HTTP/1.1" 200 8158 "-" "Mozilla/5.0 (compatible; Barkrowler/0.9; +https://babbar.tech/crawler)"
154.54.249.196 - - [07/Sep/2022:16:43:41 +0200] "GET /robots.txt HTTP/1.1" 200 - "-" "Mozilla/5.0 (compatible; Barkrowler/0.9; +https://babbar.tech/crawler)"
154.54.249.196 - - [07/Sep/2022:16:44:27 +0200] "GET /Site/Baadstoubegass1 HTTP/1.1" 200 8158 "-" "Mozilla/5.0 (compatible; Barkrowler/0.9; +https://babbar.tech/crawler)"
154.54.249.196 - - [07/Sep/2022:16:45:13 +0200] "GET /Site/Preferences?setprefs= HTTP/1.1" 200 11217 "-" "Mozilla/5.0 (compatible; Barkrowler/0.9; +https://babbar.tech/crawler)"
154.54.249.196 - - [07/Sep/2022:16:45:50 +0200] "GET /Hilfe/AnleitungTonbeispiele HTTP/1.1" 200 9878 "-" "Mozilla/5.0 (compatible; Barkrowler/0.9; +https://babbar.tech/crawler)"
154.54.249.196 - - [07/Sep/2022:16:46:40 +0200] "GET /Main/AllRecentChangesShort?action=edit HTTP/1.1" 200 8781 "-" "Mozilla/5.0 (compatible; Barkrowler/0.9; +https://babbar.tech/crawler)"
194.209.200.2 - - [07/Sep/2022:16:47:04 +0200] "GET /robots.txt HTTP/1.1" 200 - "-" "Mozilla/5.0 (compatible; TMMBot/0.2; +http://www.dslab.ch)/Nutch-1.15"
194.209.200.2 - - [07/Sep/2022:16:47:04 +0200] "GET /Admin/Jahresbericht HTTP/1.1" 200 45530 "-" "Mozilla/5.0 (compatible; TMMBot/0.2; +http://www.dslab.ch)/Nutch-1.15"
154.54.249.196 - - [07/Sep/2022:16:47:21 +0200] "GET /Main/AllRecentChangesShort?action=diff HTTP/1.1" 200 9366 "-" "Mozilla/5.0 (compatible; Barkrowler/0.9; +https://babbar.tech/crawler)"
194.209.200.2 - - [07/Sep/2022:16:47:29 +0200] "GET /Texte/Schrybwys HTTP/1.1" 200 11028 "-" "Mozilla/5.0 (compatible; TMMBot/0.2; +http://www.dslab.ch)/Nutch-1.15"
154.54.249.196 - - [07/Sep/2022:16:48:00 +0200] "GET /Main/ToutesLesModifs?action=edit HTTP/1.1" 200 8695 "-" "Mozilla/5.0 (compatible; Barkrowler/0.9; +https://babbar.tech/crawler)"
194.209.200.2 - - [07/Sep/2022:16:48:28 +0200] "GET /Texte/GDicht HTTP/1.1" 200 8050 "-" "Mozilla/5.0 (compatible; TMMBot/0.2; +http://www.dslab.ch)/Nutch-1.15"
154.54.249.196 - - [07/Sep/2022:16:48:44 +0200] "GET /Lydja/Lydja?action=edit HTTP/1.1" 200 8565 "-" "Mozilla/5.0 (compatible; Barkrowler/0.9; +https://babbar.tech/crawler)"
194.209.200.2 - - [07/Sep/2022:16:49:05 +0200] "GET /Texte/Metamorphoses HTTP/1.1" 200 9045 "-" "Mozilla/5.0 (compatible; TMMBot/0.2; +http://www.dslab.ch)/Nutch-1.15"
154.54.249.196 - - [07/Sep/2022:16:49:23 +0200] "GET /Lydja/Lydja?action=upload HTTP/1.1" 200 8465 "-" "Mozilla/5.0 (compatible; Barkrowler/0.9; +https://babbar.tech/crawler)"
194.209.200.2 - - [07/Sep/2022:16:50:07 +0200] "GET /Texte/Gloosse HTTP/1.1" 200 8061 "-" "Mozilla/5.0 (compatible; TMMBot/0.2; +http://www.dslab.ch)/Nutch-1.15"
154.54.249.196 - - [07/Sep/2022:16:50:09 +0200] "GET /PmWiki/CustomMarkup?action=print HTTP/1.1" 200 23946 "-" "Mozilla/5.0 (compatible; Barkrowler/0.9; +https://babbar.tech/crawler)"
154.54.249.196 - - [07/Sep/2022:16:50:47 +0200] "GET /PmWiki/CustomInterMap?action=print HTTP/1.1" 302 194 "-" "Mozilla/5.0 (compatible; Barkrowler/0.9; +https://babbar.tech/crawler)"
194.209.200.2 - - [07/Sep/2022:16:50:59 +0200] "GET /Admin/Pro-ZurituutschStatuten HTTP/1.1" 200 9580 "-" "Mozilla/5.0 (compatible; TMMBot/0.2; +http://www.dslab.ch)/Nutch-1.15"
154.54.249.196 - - [07/Sep/2022:16:51:30 +0200] "GET /PmWiki/CustomInterMap?action=edit HTTP/1.1" 200 8710 "-" "Mozilla/5.0 (compatible; Barkrowler/0.9; +https://babbar.tech/crawler)"
168.119.51.163 - - [07/Sep/2022:16:52:04 +0200] "GET /robots.txt HTTP/1.1" 200 - "-" "Mozilla/5.0 (compatible; um-IC/1.0; mailto: techinfo@ubermetrics-technologies.com; Windows NT 6.1; WOW64; rv:40.0) Gecko/20100101 Firefox/40.1"
168.119.51.163 - - [07/Sep/2022:16:52:04 +0200] "GET /PodCast/IndexPage?action=rss HTTP/1.1" 200 6298 "-" "Mozilla/5.0 (compatible; um-IC/1.0; mailto: techinfo@ubermetrics-technologies.com; Windows NT 6.1; WOW64; rv:40.0) Gecko/20100101 Firefox/40.1"
154.54.249.196 - - [07/Sep/2022:16:52:20 +0200] "GET /PmWiki/MyNewPage?action=edit HTTP/1.1" 200 8640 "-" "Mozilla/5.0 (compatible; Barkrowler/0.9; +https://babbar.tech/crawler)"
194.209.200.2 - - [07/Sep/2022:16:52:25 +0200] "GET /Hilfe/AnleitungTonbeispiele HTTP/1.1" 200 9878 "-" "Mozilla/5.0 (compatible; TMMBot/0.2; +http://www.dslab.ch)/Nutch-1.15"
154.54.249.196 - - [07/Sep/2022:16:52:57 +0200] "GET /PmWiki/MyNewPage?action=diff HTTP/1.1" 200 9205 "-" "Mozilla/5.0 (compatible; Barkrowler/0.9; +https://babbar.tech/crawler)"
154.54.249.196 - - [07/Sep/2022:16:53:43 +0200] "GET /PmWiki/LinkSchemes?action=edit HTTP/1.1" 200 8666 "-" "Mozilla/5.0 (compatible; Barkrowler/0.9; +https://babbar.tech/crawler)"
154.54.249.196 - - [07/Sep/2022:16:54:24 +0200] "GET /PmWiki/LinkSchemes?action=upload HTTP/1.1" 200 8566 "-" "Mozilla/5.0 (compatible; Barkrowler/0.9; +https://babbar.tech/crawler)"
154.54.249.196 - - [07/Sep/2022:16:55:12 +0200] "GET /PmWiki/GroupHeaders?action=print HTTP/1.1" 200 7410 "-" "Mozilla/5.0 (compatible; Barkrowler/0.9; +https://babbar.tech/crawler)"
154.54.249.196 - - [07/Sep/2022:16:55:56 +0200] "GET /robots.txt HTTP/1.1" 200 - "-" "Mozilla/5.0 (compatible; Barkrowler/0.9; +https://babbar.tech/crawler)"
154.54.249.196 - - [07/Sep/2022:16:56:34 +0200] "GET /PmWiki/MailingList?action=edit HTTP/1.1" 200 8666 "-" "Mozilla/5.0 (compatible; Barkrowler/0.9; +https://babbar.tech/crawler)"
154.54.249.196 - - [07/Sep/2022:16:57:19 +0200] "GET /PmWiki/MailingList?action=diff HTTP/1.1" 200 9235 "-" "Mozilla/5.0 (compatible; Barkrowler/0.9; +https://babbar.tech/crawler)"
154.54.249.196 - - [07/Sep/2022:16:57:58 +0200] "GET /PmWikiEs/PmWikiEs HTTP/1.1" 200 9407 "-" "Mozilla/5.0 (compatible; Barkrowler/0.9; +https://babbar.tech/crawler)"
154.54.249.196 - - [07/Sep/2022:16:58:42 +0200] "GET /PmWikiPtBr/Sandbox HTTP/1.1" 200 9237 "-" "Mozilla/5.0 (compatible; Barkrowler/0.9; +https://babbar.tech/crawler)"
154.54.249.196 - - [07/Sep/2022:16:59:29 +0200] "GET /PmWikiPtBr/Senha HTTP/1.1" 200 7279 "-" "Mozilla/5.0 (compatible; Barkrowler/0.9; +https://babbar.tech/crawler)"
154.54.249.196 - - [07/Sep/2022:17:00:09 +0200] "GET /PmWikiSi/Prevajanja HTTP/1.1" 200 18708 "-" "Mozilla/5.0 (compatible; Barkrowler/0.9; +https://babbar.tech/crawler)"
154.54.249.196 - - [07/Sep/2022:17:00:59 +0200] "GET /PmWikiNl/SidebarNl HTTP/1.1" 200 7647 "-" "Mozilla/5.0 (compatible; Barkrowler/0.9; +https://babbar.tech/crawler)"
154.54.249.196 - - [07/Sep/2022:17:01:44 +0200] "GET /PmWikiNl/WikiZoeken HTTP/1.1" 200 8748 "-" "Mozilla/5.0 (compatible; Barkrowler/0.9; +https://babbar.tech/crawler)"
154.54.249.196 - - [07/Sep/2022:17:02:23 +0200] "GET /PmWikiNl/WikiSandbox HTTP/1.1" 200 6760 "-" "Mozilla/5.0 (compatible; Barkrowler/0.9; +https://babbar.tech/crawler)"
154.54.249.196 - - [07/Sep/2022:17:03:18 +0200] "GET /PmWikiNl/WikiWikiWeb HTTP/1.1" 200 11101 "-" "Mozilla/5.0 (compatible; Barkrowler/0.9; +https://babbar.tech/crawler)"
154.54.249.196 - - [07/Sep/2022:17:04:04 +0200] "GET /PmWikiRu/FAQ?action=diff HTTP/1.1" 200 9696 "-" "Mozilla/5.0 (compatible; Barkrowler/0.9; +https://babbar.tech/crawler)"
154.54.249.196 - - [07/Sep/2022:17:04:43 +0200] "GET /PmWikiRu/TableDirectives HTTP/1.1" 200 25080 "-" "Mozilla/5.0 (compatible; Barkrowler/0.9; +https://babbar.tech/crawler)"
185.191.171.13 - - [07/Sep/2022:17:04:45 +0200] "GET /robots.txt HTTP/1.1" 200 - "-" "Mozilla/5.0 (compatible; SemrushBot/7~bl; +http://www.semrush.com/bot.html)"
185.191.171.8 - - [07/Sep/2022:17:04:46 +0200] "GET /PmWikiRu/GroupHeader?action=print HTTP/1.1" 403 18 "-" "Mozilla/5.0 (compatible; SemrushBot/7~bl; +http://www.semrush.com/bot.html)"
154.54.249.196 - - [07/Sep/2022:17:05:34 +0200] "GET /PmWikiRu/AvailableActions HTTP/1.1" 200 16563 "-" "Mozilla/5.0 (compatible; Barkrowler/0.9; +https://babbar.tech/crawler)"
185.191.171.4 - - [07/Sep/2022:17:05:53 +0200] "GET /PmWikiVi/QuyTacDinhDangChu?action=edit HTTP/1.1" 403 18 "-" "Mozilla/5.0 (compatible; SemrushBot/7~bl; +http://www.semrush.com/bot.html)"
154.54.249.196 - - [07/Sep/2022:17:06:15 +0200] "GET /PmWikiRu/Links?action=diff HTTP/1.1" 200 9732 "-" "Mozilla/5.0 (compatible; Barkrowler/0.9; +https://babbar.tech/crawler)"
154.54.249.196 - - [07/Sep/2022:17:07:00 +0200] "GET /PmWikiRu/Links?action=upload HTTP/1.1" 200 9071 "-" "Mozilla/5.0 (compatible; Barkrowler/0.9; +https://babbar.tech/crawler)"
154.54.249.196 - - [07/Sep/2022:17:07:44 +0200] "GET /PmWikiRu/Forms?action=diff HTTP/1.1" 200 9718 "-" "Mozilla/5.0 (compatible; Barkrowler/0.9; +https://babbar.tech/crawler)"
154.54.249.196 - - [07/Sep/2022:17:08:25 +0200] "GET /robots.txt HTTP/1.1" 200 - "-" "Mozilla/5.0 (compatible; Barkrowler/0.9; +https://babbar.tech/crawler)"
157.55.39.169 - - [07/Sep/2022:17:08:37 +0200] "GET /Site/Search?pagename=Site%2FSearch&q=2023 HTTP/1.1" 200 10829 "-" "Mozilla/5.0 AppleWebKit/537.36 (KHTML, like Gecko; compatible; bingbot/2.0; +http://www.bing.com/bingbot.htm) Chrome/103.0.5060.134 Safari/537.36"
185.191.171.6 - - [07/Sep/2022:17:08:59 +0200] "GET /PmWikiFr/Upgrades?action=diff HTTP/1.1" 403 18 "-" "Mozilla/5.0 (compatible; SemrushBot/7~bl; +http://www.semrush.com/bot.html)"
154.54.249.196 - - [07/Sep/2022:17:09:12 +0200] "GET /PmWikiRu/Forms?action=upload HTTP/1.1" 200 9057 "-" "Mozilla/5.0 (compatible; Barkrowler/0.9; +https://babbar.tech/crawler)"
85.25.177.139 - - [07/Sep/2022:17:09:30 +0200] "GET /robots.txt HTTP/1.1" 200 - "-" "Mozilla/5.0 (Macintosh; Intel Mac OS X 10.15; rv:103.0) Gecko/20100101 Firefox/103.0"
85.25.177.139 - - [07/Sep/2022:17:09:30 +0200] "GET /PodCast/Ouhsggwise2?action=edit&restore=diff:1340804716:1340804348:&preview=y HTTP/1.1" 200 8726 "-" "Mozilla/5.0 (Macintosh; Intel Mac OS X 10.15; rv:103.0) Gecko/20100101 Firefox/103.0"
154.54.249.196 - - [07/Sep/2022:17:09:56 +0200] "GET /PmWikiRu/Version?action=upload HTTP/1.1" 200 9085 "-" "Mozilla/5.0 (compatible; Barkrowler/0.9; +https://babbar.tech/crawler)"
154.54.249.196 - - [07/Sep/2022:17:10:40 +0200] "GET /PmWikiRu/BasicVariables HTTP/1.1" 404 10022 "-" "Mozilla/5.0 (compatible; Barkrowler/0.9; +https://babbar.tech/crawler)"
66.249.64.190 - - [07/Sep/2022:17:10:46 +0200] "GET /PodCast/IndexPage?action=rss HTTP/1.1" 200 6298 "-" "Mozilla/5.0 (compatible; Googlebot/2.1; +http://www.google.com/bot.html)"
154.54.249.196 - - [07/Sep/2022:17:11:22 +0200] "GET /PmWikiRu/CustomWikiStyles HTTP/1.1" 200 18297 "-" "Mozilla/5.0 (compatible; Barkrowler/0.9; +https://babbar.tech/crawler)"
85.25.177.139 - - [07/Sep/2022:17:11:52 +0200] "GET /robots.txt HTTP/1.1" 200 - "-" "Mozilla/5.0 (Macintosh; Intel Mac OS X 10.15; rv:103.0) Gecko/20100101 Firefox/103.0"
85.25.177.139 - - [07/Sep/2022:17:11:52 +0200] "GET /Gast HTTP/1.1" 404 8096 "-" "Mozilla/5.0 (Macintosh; Intel Mac OS X 10.15; rv:103.0) Gecko/20100101 Firefox/103.0"
85.25.177.139 - - [07/Sep/2022:17:11:57 +0200] "GET /PodCast/Ouhsggwise2?action=edit&restore=diff:1344526359:1341586542:&preview=y HTTP/1.1" 200 8726 "-" "Mozilla/5.0 (Macintosh; Intel Mac OS X 10.15; rv:103.0) Gecko/20100101 Firefox/103.0"
185.191.171.7 - - [07/Sep/2022:17:11:59 +0200] "GET /PmWikiDe/UploadsAdmin?action=diff HTTP/1.1" 403 18 "-" "Mozilla/5.0 (compatible; SemrushBot/7~bl; +http://www.semrush.com/bot.html)"
154.54.249.196 - - [07/Sep/2022:17:12:06 +0200] "GET /PmWikiRu/CustomInterMap HTTP/1.1" 200 18042 "-" "Mozilla/5.0 (compatible; Barkrowler/0.9; +https://babbar.tech/crawler)"
154.54.249.196 - - [07/Sep/2022:17:12:48 +0200] "GET /PmWikiRu/CustomMarkup HTTP/1.1" 200 31966 "-" "Mozilla/5.0 (compatible; Barkrowler/0.9; +https://babbar.tech/crawler)"
85.25.177.139 - - [07/Sep/2022:17:13:04 +0200] "GET /PodCast/Ouhsggwise2?action=edit&restore=diff:1341586542:1340804818:&preview=y HTTP/1.1" 200 8726 "-" "Mozilla/5.0 (Macintosh; Intel Mac OS X 10.15; rv:103.0) Gecko/20100101 Firefox/103.0"
154.54.249.196 - - [07/Sep/2022:17:13:33 +0200] "GET /PmWikiRu/Images?action=diff HTTP/1.1" 200 9766 "-" "Mozilla/5.0 (compatible; Barkrowler/0.9; +https://babbar.tech/crawler)"
3.216.185.164 - - [07/Sep/2022:17:13:37 +0200] "GET /PodCast/IndexPage?action=rss HTTP/1.1" 200 6298 "-" "PocketCasts/1.0 (Pocket Casts Feed Parser; +http://pocketcasts.com/)"
154.54.249.196 - - [07/Sep/2022:17:14:17 +0200] "GET /PmWikiRu/Images?action=upload HTTP/1.1" 200 9103 "-" "Mozilla/5.0 (compatible; Barkrowler/0.9; +https://babbar.tech/crawler)"
154.54.249.196 - - [07/Sep/2022:17:14:59 +0200] "GET /PmWikiRu/Images?action=print HTTP/1.1" 200 18002 "-" "Mozilla/5.0 (compatible; Barkrowler/0.9; +https://babbar.tech/crawler)"
85.25.177.139 - - [07/Sep/2022:17:15:01 +0200] "GET /PodCast/Ouhsggwise2?action=diff&source=n&minor=y HTTP/1.1" 200 24559 "-" "Mozilla/5.0 (Macintosh; Intel Mac OS X 10.15; rv:103.0) Gecko/20100101 Firefox/103.0"
154.54.249.196 - - [07/Sep/2022:17:15:41 +0200] "GET /PmWikiRu/WikiSandbox HTTP/1.1" 200 16795 "-" "Mozilla/5.0 (compatible; Barkrowler/0.9; +https://babbar.tech/crawler)"
85.25.177.139 - - [07/Sep/2022:17:15:52 +0200] "GET /PodCast/63Frawmeuischter1470?action=edit HTTP/1.1" 200 8808 "-" "Mozilla/5.0 (Macintosh; Intel Mac OS X 10.15; rv:103.0) Gecko/20100101 Firefox/103.0"
154.54.249.196 - - [07/Sep/2022:17:16:27 +0200] "GET /PmWikiRu/WikiAdministrator HTTP/1.1" 200 11824 "-" "Mozilla/5.0 (compatible; Barkrowler/0.9; +https://babbar.tech/crawler)"
185.191.171.10 - - [07/Sep/2022:17:17:02 +0200] "GET /PmWikiDe/ErweitertesLayout?action=diff HTTP/1.1" 403 18 "-" "Mozilla/5.0 (compatible; SemrushBot/7~bl; +http://www.semrush.com/bot.html)"
154.54.249.196 - - [07/Sep/2022:17:17:12 +0200] "GET /PmWikiRu/WikiWikiWeb HTTP/1.1" 200 15674 "-" "Mozilla/5.0 (compatible; Barkrowler/0.9; +https://babbar.tech/crawler)"
154.54.249.196 - - [07/Sep/2022:17:17:51 +0200] "GET /PmWikiRu/Security?action=upload HTTP/1.1" 200 9131 "-" "Mozilla/5.0 (compatible; Barkrowler/0.9; +https://babbar.tech/crawler)"
85.25.177.139 - - [07/Sep/2022:17:18:16 +0200] "GET /PodCast/Limerick121314 HTTP/1.1" 200 9449 "-" "Mozilla/5.0 (Macintosh; Intel Mac OS X 10.15; rv:103.0) Gecko/20100101 Firefox/103.0"
154.54.249.196 - - [07/Sep/2022:17:18:35 +0200] "GET /PmWikiRu/SecurityVariables HTTP/1.1" 404 10088 "-" "Mozilla/5.0 (compatible; Barkrowler/0.9; +https://babbar.tech/crawler)"
216.244.66.243 - - [07/Sep/2022:17:18:38 +0200] "GET /robots.txt HTTP/1.1" 200 - "-" "Mozilla/5.0 (compatible; DotBot/1.2; +https://opensiteexplorer.org/dotbot; help@moz.com)"
154.54.249.196 - - [07/Sep/2022:17:19:22 +0200] "GET /PmWikiRu/LocalCustomizations HTTP/1.1" 200 18169 "-" "Mozilla/5.0 (compatible; Barkrowler/0.9; +https://babbar.tech/crawler)"
85.25.177.139 - - [07/Sep/2022:17:19:30 +0200] "GET /PodCast/Abderhalde0Inhalt?action=edit HTTP/1.1" 200 8766 "-" "Mozilla/5.0 (Macintosh; Intel Mac OS X 10.15; rv:103.0) Gecko/20100101 Firefox/103.0"
154.54.249.196 - - [07/Sep/2022:17:20:03 +0200] "GET /PmWikiRu/SpecialCharacters HTTP/1.1" 404 10088 "-" "Mozilla/5.0 (compatible; Barkrowler/0.9; +https://babbar.tech/crawler)"
154.54.249.196 - - [07/Sep/2022:17:20:51 +0200] "GET /robots.txt HTTP/1.1" 200 - "-" "Mozilla/5.0 (compatible; Barkrowler/0.9; +https://babbar.tech/crawler)"
85.25.177.139 - - [07/Sep/2022:17:20:54 +0200] "GET /PodCast/Nostalgy HTTP/1.1" 200 8823 "-" "Mozilla/5.0 (Macintosh; Intel Mac OS X 10.15; rv:103.0) Gecko/20100101 Firefox/103.0"
154.54.249.196 - - [07/Sep/2022:17:21:32 +0200] "GET /PmWikiRu/Categories?action=print HTTP/1.1" 200 16048 "-" "Mozilla/5.0 (compatible; Barkrowler/0.9; +https://babbar.tech/crawler)"
85.25.177.139 - - [07/Sep/2022:17:21:39 +0200] "GET /PodCast/Amaisehugel HTTP/1.1" 200 10785 "-" "Mozilla/5.0 (Macintosh; Intel Mac OS X 10.15; rv:103.0) Gecko/20100101 Firefox/103.0"
154.54.249.196 - - [07/Sep/2022:17:22:15 +0200] "GET /PmWikiRu/Categories?action=edit HTTP/1.1" 200 9243 "-" "Mozilla/5.0 (compatible; Barkrowler/0.9; +https://babbar.tech/crawler)"
154.54.249.196 - - [07/Sep/2022:17:23:05 +0200] "GET /PmWikiRu/LinkVariables HTTP/1.1" 404 10000 "-" "Mozilla/5.0 (compatible; Barkrowler/0.9; +https://babbar.tech/crawler)"
85.25.177.139 - - [07/Sep/2022:17:23:09 +0200] "GET /PodCast/152Konschtanz1485?action=edit HTTP/1.1" 200 8766 "-" "Mozilla/5.0 (Macintosh; Intel Mac OS X 10.15; rv:103.0) Gecko/20100101 Firefox/103.0"
154.54.249.196 - - [07/Sep/2022:17:23:49 +0200] "GET /PmWikiRu/PageDirectives HTTP/1.1" 200 14603 "-" "Mozilla/5.0 (compatible; Barkrowler/0.9; +https://babbar.tech/crawler)"
85.25.177.139 - - [07/Sep/2022:17:24:16 +0200] "GET /PodCast/161Predigerchoor1489?action=edit HTTP/1.1" 200 8808 "-" "Mozilla/5.0 (Macintosh; Intel Mac OS X 10.15; rv:103.0) Gecko/20100101 Firefox/103.0"
154.54.249.196 - - [07/Sep/2022:17:24:30 +0200] "GET /PmWikiRu/PageVariables HTTP/1.1" 200 15873 "-" "Mozilla/5.0 (compatible; Barkrowler/0.9; +https://babbar.tech/crawler)"
154.54.249.196 - - [07/Sep/2022:17:25:16 +0200] "GET /PmWikiRu/PageFileFormat HTTP/1.1" 200 14710 "-" "Mozilla/5.0 (compatible; Barkrowler/0.9; +https://babbar.tech/crawler)"
