3.216.185.164 - - [28/Dec/2022:10:44:22 +0100] "GET /PodCast/IndexPage?action=rss HTTP/1.1" 200 6298 "-" "PocketCasts/1.0 (Pocket Casts Feed Parser; +http://pocketcasts.com/)"
157.55.39.117 - - [28/Dec/2022:10:45:40 +0100] "GET /Texte/ZurcherischEnglish?action=diff HTTP/1.1" 403 18 "-" "Mozilla/5.0 AppleWebKit/537.36 (KHTML, like Gecko; compatible; bingbot/2.0; +http://www.bing.com/bingbot.htm) Chrome/103.0.5060.134 Safari/537.36"
185.191.171.2 - - [28/Dec/2022:10:47:28 +0100] "GET /robots.txt HTTP/1.1" 200 - "-" "Mozilla/5.0 (compatible; SemrushBot/7~bl; +http://www.semrush.com/bot.html)"
185.191.171.18 - - [28/Dec/2022:10:47:29 +0100] "GET /PmWikiFr/WikiGroup HTTP/1.1" 200 17000 "-" "Mozilla/5.0 (compatible; SemrushBot/7~bl; +http://www.semrush.com/bot.html)"
157.55.39.117 - - [28/Dec/2022:10:48:21 +0100] "GET /PodCast/181Room1500?action=edit HTTP/1.1" 404 18 "-" "Mozilla/5.0 (compatible; bingbot/2.0; +http://www.bing.com/bingbot.htm)"
85.25.185.196 - - [28/Dec/2022:10:49:23 +0100] "GET /Hilfe/AnleitungTonbeispiele?action=print HTTP/1.1" 200 4056 "-" "Mozilla/5.0 (Macintosh; Intel Mac OS X 10.15; rv:103.0) Gecko/20100101 Firefox/103.0"
185.191.171.44 - - [28/Dec/2022:10:50:51 +0100] "GET /PmWikiDe/WikiWord HTTP/1.1" 200 8745 "-" "Mozilla/5.0 (compatible; SemrushBot/7~bl; +http://www.semrush.com/bot.html)"
185.191.171.18 - - [28/Dec/2022:10:52:55 +0100] "GET /PmWikiRu/Skins?skin=monobook HTTP/1.1" 200 25244 "-" "Mozilla/5.0 (compatible; SemrushBot/7~bl; +http://www.semrush.com/bot.html)"
85.25.185.196 - - [28/Dec/2022:10:53:50 +0100] "GET /Texte/Gloosse?action=edit HTTP/1.1" 200 8593 "-" "Mozilla/5.0 (Macintosh; Intel Mac OS X 10.15; rv:103.0) Gecko/20100101 Firefox/103.0"
85.25.185.196 - - [28/Dec/2022:10:56:12 +0100] "GET /Texte/Gloosse?action=print HTTP/1.1" 200 2290 "-" "Mozilla/5.0 (Macintosh; Intel Mac OS X 10.15; rv:103.0) Gecko/20100101 Firefox/103.0"
66.249.76.220 - - [28/Dec/2022:10:58:46 +0100] "GET /PodCast/IndexPage?action=rss HTTP/1.1" 200 6298 "-" "Mozilla/5.0 (compatible; Googlebot/2.1; +http://www.google.com/bot.html)"
85.25.185.196 - - [28/Dec/2022:11:01:00 +0100] "GET /Texte/Gloosse?action=diff HTTP/1.1" 200 9547 "-" "Mozilla/5.0 (Macintosh; Intel Mac OS X 10.15; rv:103.0) Gecko/20100101 Firefox/103.0"
85.25.185.196 - - [28/Dec/2022:11:09:53 +0100] "GET /Texte/Gloosse?action=upload HTTP/1.1" 200 8493 "-" "Mozilla/5.0 (Macintosh; Intel Mac OS X 10.15; rv:103.0) Gecko/20100101 Firefox/103.0"
85.25.185.196 - - [28/Dec/2022:11:11:56 +0100] "GET /PodCast/RSSPodcasts?action=diff HTTP/1.1" 200 25500 "-" "Mozilla/5.0 (Macintosh; Intel Mac OS X 10.15; rv:103.0) Gecko/20100101 Firefox/103.0"
85.25.185.196 - - [28/Dec/2022:11:14:08 +0100] "GET /Texte/Styluebige?action=upload HTTP/1.1" 200 8535 "-" "Mozilla/5.0 (Macintosh; Intel Mac OS X 10.15; rv:103.0) Gecko/20100101 Firefox/103.0"
185.191.171.6 - - [28/Dec/2022:11:16:26 +0100] "GET /PmWikiFr/Internationalizations HTTP/1.1" 200 13844 "-" "Mozilla/5.0 (compatible; SemrushBot/7~bl; +http://www.semrush.com/bot.html)"
85.25.185.196 - - [28/Dec/2022:11:17:26 +0100] "GET /Texte/Styluebige?action=print HTTP/1.1" 200 4223 "-" "Mozilla/5.0 (Macintosh; Intel Mac OS X 10.15; rv:103.0) Gecko/20100101 Firefox/103.0"
185.191.171.21 - - [28/Dec/2022:11:17:32 +0100] "GET /PmWikiPtBr/WikiWikiWeb HTTP/1.1" 200 11577 "-" "Mozilla/5.0 (compatible; SemrushBot/7~bl; +http://www.semrush.com/bot.html)"
85.25.185.196 - - [28/Dec/2022:11:23:00 +0100] "GET /Texte/Styluebige?action=edit HTTP/1.1" 200 8635 "-" "Mozilla/5.0 (Macintosh; Intel Mac OS X 10.15; rv:103.0) Gecko/20100101 Firefox/103.0"
168.119.51.163 - - [28/Dec/2022:11:26:43 +0100] "GET /robots.txt HTTP/1.1" 200 - "-" "Mozilla/5.0 (compatible; um-IC/1.0; mailto: techinfo@ubermetrics-technologies.com; Windows NT 6.1; WOW64; rv:40.0) Gecko/20100101 Firefox/40.1"
168.119.51.163 - - [28/Dec/2022:11:26:43 +0100] "GET /PodCast/IndexPage?action=rss HTTP/1.1" 200 6298 "-" "Mozilla/5.0 (compatible; um-IC/1.0; mailto: techinfo@ubermetrics-technologies.com; Windows NT 6.1; WOW64; rv:40.0) Gecko/20100101 Firefox/40.1"
62.210.215.119 - - [28/Dec/2022:11:30:53 +0100] "GET /PodCast/IndexPage?action=rss HTTP/1.1" 200 6298 "-" "Mozilla/5.0 (X11; Linux i686) AppleWebKit/537.36 (KHTML, like Gecko) Chrome/30.0.1599.66 Safari/537.36"
85.25.185.196 - - [28/Dec/2022:11:31:17 +0100] "GET /Texte/Limericks?action=print HTTP/1.1" 200 2296 "-" "Mozilla/5.0 (Macintosh; Intel Mac OS X 10.15; rv:103.0) Gecko/20100101 Firefox/103.0"
85.25.185.196 - - [28/Dec/2022:11:36:08 +0100] "GET /Texte/Limericks?action=upload HTTP/1.1" 200 8521 "-" "Mozilla/5.0 (Macintosh; Intel Mac OS X 10.15; rv:103.0) Gecko/20100101 Firefox/103.0"
85.25.185.196 - - [28/Dec/2022:11:46:29 +0100] "GET /Texte/Limericks?action=edit HTTP/1.1" 200 8621 "-" "Mozilla/5.0 (Macintosh; Intel Mac OS X 10.15; rv:103.0) Gecko/20100101 Firefox/103.0"
85.25.185.196 - - [28/Dec/2022:11:49:49 +0100] "GET /Texte/Limericks?action=diff HTTP/1.1" 200 9581 "-" "Mozilla/5.0 (Macintosh; Intel Mac OS X 10.15; rv:103.0) Gecko/20100101 Firefox/103.0"
85.25.185.196 - - [28/Dec/2022:11:57:09 +0100] "GET /Admin/Links?action=print HTTP/1.1" 200 8442 "-" "Mozilla/5.0 (Macintosh; Intel Mac OS X 10.15; rv:103.0) Gecko/20100101 Firefox/103.0"
66.249.76.222 - - [28/Dec/2022:12:01:26 +0100] "GET /PodCast/IndexPage?action=rss HTTP/1.1" 200 6298 "-" "Mozilla/5.0 (compatible; Googlebot/2.1; +http://www.google.com/bot.html)"
185.191.171.42 - - [28/Dec/2022:12:02:17 +0100] "GET /robots.txt HTTP/1.1" 200 - "-" "Mozilla/5.0 (compatible; SemrushBot/7~bl; +http://www.semrush.com/bot.html)"
185.191.171.9 - - [28/Dec/2022:12:02:18 +0100] "GET /PmWikiRu/WikiStructure HTTP/1.1" 200 14020 "-" "Mozilla/5.0 (compatible; SemrushBot/7~bl; +http://www.semrush.com/bot.html)"
185.191.171.43 - - [28/Dec/2022:12:02:51 +0100] "GET /PmWikiFr/I18nVariables HTTP/1.1" 200 10229 "-" "Mozilla/5.0 (compatible; SemrushBot/7~bl; +http://www.semrush.com/bot.html)"
85.25.185.196 - - [28/Dec/2022:12:08:32 +0100] "GET /Admin/Links?action=diff HTTP/1.1" 200 24486 "-" "Mozilla/5.0 (Macintosh; Intel Mac OS X 10.15; rv:103.0) Gecko/20100101 Firefox/103.0"
85.25.185.196 - - [28/Dec/2022:12:12:32 +0100] "GET /Admin/Links?action=upload HTTP/1.1" 200 8465 "-" "Mozilla/5.0 (Macintosh; Intel Mac OS X 10.15; rv:103.0) Gecko/20100101 Firefox/103.0"
157.55.39.16 - - [28/Dec/2022:12:16:00 +0100] "GET /PodCast/Freuidechrafft?action=edit HTTP/1.1" 403 18 "-" "Mozilla/5.0 AppleWebKit/537.36 (KHTML, like Gecko; compatible; bingbot/2.0; +http://www.bing.com/bingbot.htm) Chrome/103.0.5060.134 Safari/537.36"
185.191.171.21 - - [28/Dec/2022:12:19:12 +0100] "GET /PmWikiRu/PasswordsAdmin HTTP/1.1" 200 29039 "-" "Mozilla/5.0 (compatible; SemrushBot/7~bl; +http://www.semrush.com/bot.html)"
85.25.185.196 - - [28/Dec/2022:12:20:12 +0100] "GET /Admin/Links?action=edit HTTP/1.1" 200 8565 "-" "Mozilla/5.0 (Macintosh; Intel Mac OS X 10.15; rv:103.0) Gecko/20100101 Firefox/103.0"
185.191.171.11 - - [28/Dec/2022:12:21:18 +0100] "GET /PmWikiFr/CustomInterMap HTTP/1.1" 200 12811 "-" "Mozilla/5.0 (compatible; SemrushBot/7~bl; +http://www.semrush.com/bot.html)"
194.209.200.2 - - [28/Dec/2022:12:21:24 +0100] "GET /robots.txt HTTP/1.1" 200 - "-" "Mozilla/5.0 (compatible; TMMBot/0.2; +http://www.dslab.ch)/Nutch-1.15"
194.209.200.2 - - [28/Dec/2022:12:21:24 +0100] "GET /Texte/Schrybwys HTTP/1.1" 200 11028 "-" "Mozilla/5.0 (compatible; TMMBot/0.2; +http://www.dslab.ch)/Nutch-1.15"
185.191.171.16 - - [28/Dec/2022:12:26:51 +0100] "GET /PmWikiRu/CustomInterMap HTTP/1.1" 200 18042 "-" "Mozilla/5.0 (compatible; SemrushBot/7~bl; +http://www.semrush.com/bot.html)"
85.25.185.196 - - [28/Dec/2022:12:29:08 +0100] "GET /PodCast/Erdegluck?action=edit HTTP/1.1" 200 8650 "-" "Mozilla/5.0 (Macintosh; Intel Mac OS X 10.15; rv:103.0) Gecko/20100101 Firefox/103.0"
40.77.167.74 - - [28/Dec/2022:12:31:31 +0100] "GET /PodCast/UberGebuure?action=edit HTTP/1.1" 403 18 "-" "Mozilla/5.0 (compatible; bingbot/2.0; +http://www.bing.com/bingbot.htm)"
85.25.185.196 - - [28/Dec/2022:12:32:31 +0100] "GET /PodCast/Erdegluck?action=diff HTTP/1.1" 200 19524 "-" "Mozilla/5.0 (Macintosh; Intel Mac OS X 10.15; rv:103.0) Gecko/20100101 Firefox/103.0"
3.216.185.164 - - [28/Dec/2022:12:34:28 +0100] "GET /PodCast/IndexPage?action=rss HTTP/1.1" 200 6298 "-" "PocketCasts/1.0 (Pocket Casts Feed Parser; +http://pocketcasts.com/)"
85.25.185.196 - - [28/Dec/2022:12:39:51 +0100] "GET /PodCast/Erdegluck?action=print HTTP/1.1" 200 10914 "-" "Mozilla/5.0 (Macintosh; Intel Mac OS X 10.15; rv:103.0) Gecko/20100101 Firefox/103.0"
40.77.167.74 - - [28/Dec/2022:12:43:01 +0100] "GET /PodCast/StroubiZyt1?action=print HTTP/1.1" 403 18 "-" "Mozilla/5.0 (compatible; bingbot/2.0; +http://www.bing.com/bingbot.htm)"
85.25.185.196 - - [28/Dec/2022:12:44:40 +0100] "GET /PodCast/Erdegluck?action=upload HTTP/1.1" 200 8550 "-" "Mozilla/5.0 (Macintosh; Intel Mac OS X 10.15; rv:103.0) Gecko/20100101 Firefox/103.0"
40.77.167.74 - - [28/Dec/2022:12:46:21 +0100] "GET /PodCast/SprForKom?action=upload HTTP/1.1" 403 18 "-" "Mozilla/5.0 (compatible; bingbot/2.0; +http://www.bing.com/bingbot.htm)"
85.25.185.196 - - [28/Dec/2022:12:47:42 +0100] "GET /PodCast/Schlaaffloos1?action=edit HTTP/1.1" 200 8708 "-" "Mozilla/5.0 (Macintosh; Intel Mac OS X 10.15; rv:103.0) Gecko/20100101 Firefox/103.0"
85.25.185.196 - - [28/Dec/2022:12:53:40 +0100] "GET /PodCast/Schlaaffloos1?action=upload HTTP/1.1" 200 8608 "-" "Mozilla/5.0 (Macintosh; Intel Mac OS X 10.15; rv:103.0) Gecko/20100101 Firefox/103.0"
85.25.185.196 - - [28/Dec/2022:13:01:34 +0100] "GET /PodCast/Schlaaffloos1?action=print HTTP/1.1" 200 9697 "-" "Mozilla/5.0 (Macintosh; Intel Mac OS X 10.15; rv:103.0) Gecko/20100101 Firefox/103.0"
85.25.185.196 - - [28/Dec/2022:13:04:44 +0100] "GET /PodCast/Schlaaffloos1?action=diff HTTP/1.1" 200 18758 "-" "Mozilla/5.0 (Macintosh; Intel Mac OS X 10.15; rv:103.0) Gecko/20100101 Firefox/103.0"
66.249.76.220 - - [28/Dec/2022:13:04:50 +0100] "GET /PodCast/IndexPage?action=rss HTTP/1.1" 200 6298 "-" "Mozilla/5.0 (compatible; Googlebot/2.1; +http://www.google.com/bot.html)"
157.55.39.207 - - [28/Dec/2022:13:09:09 +0100] "GET /PodCast/Zugle?action=edit HTTP/1.1" 403 18 "-" "Mozilla/5.0 (compatible; bingbot/2.0; +http://www.bing.com/bingbot.htm)"
85.25.185.196 - - [28/Dec/2022:13:12:40 +0100] "GET /PodCast/Liebhaber2?action=upload HTTP/1.1" 200 8566 "-" "Mozilla/5.0 (Macintosh; Intel Mac OS X 10.15; rv:103.0) Gecko/20100101 Firefox/103.0"
114.119.158.36 - - [28/Dec/2022:13:15:23 +0100] "GET /Admin/Jahresbericht HTTP/1.1" 200 45530 "http://www.pro-zurituutsch.ch/Category/WikiFarms" "Mozilla/5.0 (Linux; Android 7.0;) AppleWebKit/537.36 (KHTML, like Gecko) Mobile Safari/537.36 (compatible; PetalBot;+https://webmaster.petalsearch.com/site/petalbot)"
85.25.185.196 - - [28/Dec/2022:13:17:22 +0100] "GET /PodCast/Liebhaber2?action=print HTTP/1.1" 200 4061 "-" "Mozilla/5.0 (Macintosh; Intel Mac OS X 10.15; rv:103.0) Gecko/20100101 Firefox/103.0"
85.25.185.196 - - [28/Dec/2022:13:21:38 +0100] "GET /PodCast/Liebhaber2?action=diff HTTP/1.1" 200 15930 "-" "Mozilla/5.0 (Macintosh; Intel Mac OS X 10.15; rv:103.0) Gecko/20100101 Firefox/103.0"
194.209.200.2 - - [28/Dec/2022:13:23:52 +0100] "GET /robots.txt HTTP/1.1" 200 - "-" "Mozilla/5.0 (compatible; TMMBot/0.2; +http://www.dslab.ch)/Nutch-1.15"
194.209.200.2 - - [28/Dec/2022:13:23:52 +0100] "GET /Texte/Schrybwys HTTP/1.1" 200 11028 "-" "Mozilla/5.0 (compatible; TMMBot/0.2; +http://www.dslab.ch)/Nutch-1.15"
85.25.185.196 - - [28/Dec/2022:13:27:02 +0100] "GET /PodCast/Liebhaber2?action=edit HTTP/1.1" 200 8666 "-" "Mozilla/5.0 (Macintosh; Intel Mac OS X 10.15; rv:103.0) Gecko/20100101 Firefox/103.0"
194.209.200.2 - - [28/Dec/2022:13:27:04 +0100] "GET /Texte/Gloosse HTTP/1.1" 200 8061 "-" "Mozilla/5.0 (compatible; TMMBot/0.2; +http://www.dslab.ch)/Nutch-1.15"
85.25.185.196 - - [28/Dec/2022:13:32:07 +0100] "GET /PodCast/JBJ701?action=diff HTTP/1.1" 200 23051 "-" "Mozilla/5.0 (Macintosh; Intel Mac OS X 10.15; rv:103.0) Gecko/20100101 Firefox/103.0"
157.55.39.194 - - [28/Dec/2022:13:34:25 +0100] "GET /PodCast/141TaagsatzigIV1484?action=edit HTTP/1.1" 404 18 "-" "Mozilla/5.0 AppleWebKit/537.36 (KHTML, like Gecko; compatible; bingbot/2.0; +http://www.bing.com/bingbot.htm) Chrome/103.0.5060.134 Safari/537.36"
40.77.167.74 - - [28/Dec/2022:13:36:28 +0100] "GET /PodCast/Chouechetailet?action=print HTTP/1.1" 403 18 "-" "Mozilla/5.0 (compatible; bingbot/2.0; +http://www.bing.com/bingbot.htm)"
17.241.227.80 - - [28/Dec/2022:13:36:56 +0100] "GET /Texte/Roman HTTP/1.1" 200 38741 "-" "Mozilla/5.0 (Macintosh; Intel Mac OS X 10_15_5) AppleWebKit/605.1.15 (KHTML, like Gecko) Version/13.1.1 Safari/605.1.15 (Applebot/0.1; +http://www.apple.com/go/applebot)"
85.25.185.196 - - [28/Dec/2022:13:37:23 +0100] "GET /PodCast/JBJ701?action=print HTTP/1.1" 200 13913 "-" "Mozilla/5.0 (Macintosh; Intel Mac OS X 10.15; rv:103.0) Gecko/20100101 Firefox/103.0"
85.25.185.196 - - [28/Dec/2022:13:44:47 +0100] "GET /PodCast/JBJ701?action=upload HTTP/1.1" 200 8510 "-" "Mozilla/5.0 (Macintosh; Intel Mac OS X 10.15; rv:103.0) Gecko/20100101 Firefox/103.0"
157.55.39.8 - - [28/Dec/2022:13:47:30 +0100] "GET /PodCast/72Mourte1476?action=edit HTTP/1.1" 404 18 "-" "Mozilla/5.0 AppleWebKit/537.36 (KHTML, like Gecko; compatible; bingbot/2.0; +http://www.bing.com/bingbot.htm) Chrome/103.0.5060.134 Safari/537.36"
54.197.38.197 - - [28/Dec/2022:14:10:25 +0100] "GET /PodCast/IndexPage?action=rss HTTP/1.1" 200 6298 "https://www.google.com/" "Mozilla/5.0 (Windows NT 6.1; Win64; x64) AppleWebKit/537.36 (KHTML, like Gecko) Chrome/80.0.3987.132 Safari/537.36"
66.249.66.142 - - [28/Dec/2022:14:11:11 +0100] "GET /PodCast/IndexPage?action=rss HTTP/1.1" 200 6298 "-" "Mozilla/5.0 (compatible; Googlebot/2.1; +http://www.google.com/bot.html)"
185.191.171.18 - - [28/Dec/2022:14:16:06 +0100] "GET /robots.txt HTTP/1.1" 200 - "-" "Mozilla/5.0 (compatible; SemrushBot/7~bl; +http://www.semrush.com/bot.html)"
185.191.171.3 - - [28/Dec/2022:14:16:07 +0100] "GET /PmWikiFr/PmWikiFr HTTP/1.1" 200 14739 "-" "Mozilla/5.0 (compatible; SemrushBot/7~bl; +http://www.semrush.com/bot.html)"
185.191.171.8 - - [28/Dec/2022:14:20:43 +0100] "GET /PmWikiRu/DeletingPages HTTP/1.1" 200 12905 "-" "Mozilla/5.0 (compatible; SemrushBot/7~bl; +http://www.semrush.com/bot.html)"
185.191.171.2 - - [28/Dec/2022:14:24:14 +0100] "GET /PmWikiFr/WikiArchitecture HTTP/1.1" 200 13200 "-" "Mozilla/5.0 (compatible; SemrushBot/7~bl; +http://www.semrush.com/bot.html)"
185.191.171.5 - - [28/Dec/2022:14:25:21 +0100] "GET /PmWikiPtBr/PatrickMichaud HTTP/1.1" 200 7586 "-" "Mozilla/5.0 (compatible; SemrushBot/7~bl; +http://www.semrush.com/bot.html)"
62.210.215.119 - - [28/Dec/2022:14:26:54 +0100] "GET /PodCast/IndexPage?action=rss HTTP/1.1" 200 6298 "-" "Mozilla/5.0 (X11; Linux i686) AppleWebKit/537.36 (KHTML, like Gecko) Chrome/30.0.1599.66 Safari/537.36"
3.216.185.164 - - [28/Dec/2022:14:33:37 +0100] "GET /PodCast/IndexPage?action=rss HTTP/1.1" 200 6298 "-" "PocketCasts/1.0 (Pocket Casts Feed Parser; +http://pocketcasts.com/)"
185.191.171.38 - - [28/Dec/2022:14:48:07 +0100] "GET /PmWikiRu/PmWikiRuFeatures HTTP/1.1" 200 30193 "-" "Mozilla/5.0 (compatible; SemrushBot/7~bl; +http://www.semrush.com/bot.html)"
85.25.185.196 - - [28/Dec/2022:14:48:10 +0100] "GET /PodCast/JBJ701?action=edit HTTP/1.1" 200 8610 "-" "Mozilla/5.0 (Macintosh; Intel Mac OS X 10.15; rv:103.0) Gecko/20100101 Firefox/103.0"
85.25.185.196 - - [28/Dec/2022:14:50:19 +0100] "GET /PodCast/Scheffwachsel?action=edit HTTP/1.1" 200 8706 "-" "Mozilla/5.0 (Macintosh; Intel Mac OS X 10.15; rv:103.0) Gecko/20100101 Firefox/103.0"
85.25.185.196 - - [28/Dec/2022:14:54:36 +0100] "GET /PodCast/Scheffwachsel?action=upload HTTP/1.1" 200 8606 "-" "Mozilla/5.0 (Macintosh; Intel Mac OS X 10.15; rv:103.0) Gecko/20100101 Firefox/103.0"
185.191.171.18 - - [28/Dec/2022:14:56:57 +0100] "GET /PmWikiRu/PmWikiPhilosophy HTTP/1.1" 200 17589 "-" "Mozilla/5.0 (compatible; SemrushBot/7~bl; +http://www.semrush.com/bot.html)"
66.249.76.222 - - [28/Dec/2022:15:10:44 +0100] "GET /PodCast/IndexPage?action=rss HTTP/1.1" 200 6298 "-" "Mozilla/5.0 (compatible; Googlebot/2.1; +http://www.google.com/bot.html)"
185.191.171.8 - - [28/Dec/2022:15:25:17 +0100] "GET /robots.txt HTTP/1.1" 200 - "-" "Mozilla/5.0 (compatible; SemrushBot/7~bl; +http://www.semrush.com/bot.html)"
185.191.171.7 - - [28/Dec/2022:15:25:18 +0100] "GET /PmWikiFr/UploadVariables HTTP/1.1" 200 13011 "-" "Mozilla/5.0 (compatible; SemrushBot/7~bl; +http://www.semrush.com/bot.html)"
194.209.200.2 - - [28/Dec/2022:15:34:00 +0100] "GET /robots.txt HTTP/1.1" 200 - "-" "Mozilla/5.0 (compatible; TMMBot/0.2; +http://www.dslab.ch)/Nutch-1.15"
194.209.200.2 - - [28/Dec/2022:15:34:00 +0100] "GET /Texte/Limericks HTTP/1.1" 200 8087 "-" "Mozilla/5.0 (compatible; TMMBot/0.2; +http://www.dslab.ch)/Nutch-1.15"
194.209.200.2 - - [28/Dec/2022:15:34:05 +0100] "GET /Texte/Schrybwys HTTP/1.1" 200 11028 "-" "Mozilla/5.0 (compatible; TMMBot/0.2; +http://www.dslab.ch)/Nutch-1.15"
185.191.171.13 - - [28/Dec/2022:15:38:15 +0100] "GET /PmWikiFr/ListeDeBlocage HTTP/1.1" 200 12287 "-" "Mozilla/5.0 (compatible; SemrushBot/7~bl; +http://www.semrush.com/bot.html)"
85.25.185.196 - - [28/Dec/2022:15:42:44 +0100] "GET /PodCast/Scheffwachsel?action=print HTTP/1.1" 200 6704 "-" "Mozilla/5.0 (Macintosh; Intel Mac OS X 10.15; rv:103.0) Gecko/20100101 Firefox/103.0"
85.25.185.196 - - [28/Dec/2022:15:44:52 +0100] "GET /PodCast/Scheffwachsel?action=diff HTTP/1.1" 200 16458 "-" "Mozilla/5.0 (Macintosh; Intel Mac OS X 10.15; rv:103.0) Gecko/20100101 Firefox/103.0"
40.77.167.74 - - [28/Dec/2022:15:48:30 +0100] "GET /PodCast/182Room1500?action=edit HTTP/1.1" 404 18 "-" "Mozilla/5.0 AppleWebKit/537.36 (KHTML, like Gecko; compatible; bingbot/2.0; +http://www.bing.com/bingbot.htm) Chrome/103.0.5060.134 Safari/537.36"
85.25.185.196 - - [28/Dec/2022:15:49:57 +0100] "GET /PodCast/Wiewytna?action=diff HTTP/1.1" 200 14435 "-" "Mozilla/5.0 (Macintosh; Intel Mac OS X 10.15; rv:103.0) Gecko/20100101 Firefox/103.0"
85.25.185.196 - - [28/Dec/2022:15:51:31 +0100] "GET /PodCast/Wiewytna?action=upload HTTP/1.1" 200 8536 "-" "Mozilla/5.0 (Macintosh; Intel Mac OS X 10.15; rv:103.0) Gecko/20100101 Firefox/103.0"
157.55.39.207 - - [28/Dec/2022:15:53:54 +0100] "GET /PodCast/Propagandakraty?action=edit HTTP/1.1" 403 18 "-" "Mozilla/5.0 AppleWebKit/537.36 (KHTML, like Gecko; compatible; bingbot/2.0; +http://www.bing.com/bingbot.htm) Chrome/103.0.5060.134 Safari/537.36"
3.219.254.95 - - [28/Dec/2022:15:57:46 +0100] "GET /PodCast/IndexPage?action=rss HTTP/1.1" 200 6298 "-" "PocketCasts/1.0 (Pocket Casts Feed Parser; +http://pocketcasts.com/)"
85.25.185.196 - - [28/Dec/2022:16:02:26 +0100] "GET /PodCast/Wiewytna?action=edit HTTP/1.1" 200 8636 "-" "Mozilla/5.0 (Macintosh; Intel Mac OS X 10.15; rv:103.0) Gecko/20100101 Firefox/103.0"
85.25.185.196 - - [28/Dec/2022:16:06:32 +0100] "GET /PodCast/Wiewytna?action=print HTTP/1.1" 200 6030 "-" "Mozilla/5.0 (Macintosh; Intel Mac OS X 10.15; rv:103.0) Gecko/20100101 Firefox/103.0"
40.77.167.74 - - [28/Dec/2022:16:11:28 +0100] "GET /Texte/ZurcherischEnglish?action=print HTTP/1.1" 403 18 "-" "Mozilla/5.0 AppleWebKit/537.36 (KHTML, like Gecko; compatible; bingbot/2.0; +http://www.bing.com/bingbot.htm) Chrome/103.0.5060.134 Safari/537.36"
85.25.185.196 - - [28/Dec/2022:16:13:23 +0100] "GET /PodCast/Limerick121314?action=upload HTTP/1.1" 200 8622 "-" "Mozilla/5.0 (Macintosh; Intel Mac OS X 10.15; rv:103.0) Gecko/20100101 Firefox/103.0"
66.249.76.193 - - [28/Dec/2022:16:17:15 +0100] "GET /PodCast/IndexPage?action=rss HTTP/1.1" 200 6298 "-" "Mozilla/5.0 (compatible; Googlebot/2.1; +http://www.google.com/bot.html)"
85.25.185.196 - - [28/Dec/2022:16:17:30 +0100] "GET /Site/43Fasnacht?action=upload HTTP/1.1" 200 8523 "-" "Mozilla/5.0 (Macintosh; Intel Mac OS X 10.15; rv:103.0) Gecko/20100101 Firefox/103.0"
185.191.171.44 - - [28/Dec/2022:16:19:17 +0100] "GET /PmWikiFr/Recherche?q=PmWikiFr%2F%3Ffmt%3Ddictindex HTTP/1.1" 200 11404 "-" "Mozilla/5.0 (compatible; SemrushBot/7~bl; +http://www.semrush.com/bot.html)"
85.25.185.196 - - [28/Dec/2022:16:19:55 +0100] "GET /PodCast/Limerick121314?action=diff HTTP/1.1" 200 13065 "-" "Mozilla/5.0 (Macintosh; Intel Mac OS X 10.15; rv:103.0) Gecko/20100101 Firefox/103.0"
85.25.185.196 - - [28/Dec/2022:16:22:37 +0100] "GET /PodCast/Limerick121314?action=edit HTTP/1.1" 200 8722 "-" "Mozilla/5.0 (Macintosh; Intel Mac OS X 10.15; rv:103.0) Gecko/20100101 Firefox/103.0"
185.191.171.15 - - [28/Dec/2022:16:23:36 +0100] "GET /PmWikiFr/DeletingPages HTTP/1.1" 200 10913 "-" "Mozilla/5.0 (compatible; SemrushBot/7~bl; +http://www.semrush.com/bot.html)"
3.216.185.164 - - [28/Dec/2022:16:25:14 +0100] "GET /PodCast/IndexPage?action=rss HTTP/1.1" 200 6298 "-" "PocketCasts/1.0 (Pocket Casts Feed Parser; +http://pocketcasts.com/)"
85.25.185.196 - - [28/Dec/2022:16:31:42 +0100] "GET /PodCast/Limerick121314?action=print HTTP/1.1" 200 3584 "-" "Mozilla/5.0 (Macintosh; Intel Mac OS X 10.15; rv:103.0) Gecko/20100101 Firefox/103.0"
185.191.171.12 - - [28/Dec/2022:16:34:59 +0100] "GET /robots.txt HTTP/1.1" 200 - "-" "Mozilla/5.0 (compatible; SemrushBot/7~bl; +http://www.semrush.com/bot.html)"
185.191.171.44 - - [28/Dec/2022:16:35:00 +0100] "GET /PmWikiFr/DocumentationAudiences HTTP/1.1" 200 12008 "-" "Mozilla/5.0 (compatible; SemrushBot/7~bl; +http://www.semrush.com/bot.html)"
85.25.185.196 - - [28/Dec/2022:16:38:27 +0100] "GET /PodCast/DreiChunge?action=edit HTTP/1.1" 200 8666 "-" "Mozilla/5.0 (Macintosh; Intel Mac OS X 10.15; rv:103.0) Gecko/20100101 Firefox/103.0"
54.163.49.212 - - [28/Dec/2022:16:38:52 +0100] "GET /PodCast/IndexPage?action=rss HTTP/1.1" 200 6298 "-" "PlayerFM/1.0 Podcast Sync (1 subscribers; url=https://player.fm/series/podcast-2872909)"
34.214.53.203 - - [28/Dec/2022:16:43:02 +0100] "GET /Admin/AdresseStiftung HTTP/1.1" 200 8453 "-" "wiederfreibot/1.0 (+https://www.wiederfrei.ch/crawler.html)"
185.191.171.1 - - [28/Dec/2022:16:43:49 +0100] "GET /PmWikiDe/BasicEditing HTTP/1.1" 200 21793 "-" "Mozilla/5.0 (compatible; SemrushBot/7~bl; +http://www.semrush.com/bot.html)"
85.25.185.196 - - [28/Dec/2022:16:44:01 +0100] "GET /PodCast/DreiChunge?action=upload HTTP/1.1" 200 8566 "-" "Mozilla/5.0 (Macintosh; Intel Mac OS X 10.15; rv:103.0) Gecko/20100101 Firefox/103.0"
185.191.171.23 - - [28/Dec/2022:16:46:32 +0100] "GET /PmWikiFr/Recherche HTTP/1.1" 200 10881 "-" "Mozilla/5.0 (compatible; SemrushBot/7~bl; +http://www.semrush.com/bot.html)"
85.25.185.196 - - [28/Dec/2022:16:47:48 +0100] "GET /PodCast/DreiChunge?action=print HTTP/1.1" 200 4399 "-" "Mozilla/5.0 (Macintosh; Intel Mac OS X 10.15; rv:103.0) Gecko/20100101 Firefox/103.0"
85.25.185.196 - - [28/Dec/2022:16:52:03 +0100] "GET /PodCast/DreiChunge?action=diff HTTP/1.1" 200 12792 "-" "Mozilla/5.0 (Macintosh; Intel Mac OS X 10.15; rv:103.0) Gecko/20100101 Firefox/103.0"
185.191.171.12 - - [28/Dec/2022:16:54:09 +0100] "GET /PmWikiRu/Skins HTTP/1.1" 200 25244 "-" "Mozilla/5.0 (compatible; SemrushBot/7~bl; +http://www.semrush.com/bot.html)"
34.213.91.79 - - [28/Dec/2022:16:57:02 +0100] "GET /robots.txt HTTP/1.1" 200 - "-" "wiederfreibot/1.0 (+https://www.wiederfrei.ch/crawler.html)"
85.25.185.196 - - [28/Dec/2022:16:58:14 +0100] "GET /PodCast/Bagdad-Marlboro?action=print HTTP/1.1" 200 3841 "-" "Mozilla/5.0 (Macintosh; Intel Mac OS X 10.15; rv:103.0) Gecko/20100101 Firefox/103.0"
85.25.185.196 - - [28/Dec/2022:16:58:40 +0100] "GET /PodCast/Bagdad-Marlboro?action=upload HTTP/1.1" 200 8634 "-" "Mozilla/5.0 (Macintosh; Intel Mac OS X 10.15; rv:103.0) Gecko/20100101 Firefox/103.0"
185.191.171.10 - - [28/Dec/2022:16:58:45 +0100] "GET /PmWikiFr/AuthUser HTTP/1.1" 200 20474 "-" "Mozilla/5.0 (compatible; SemrushBot/7~bl; +http://www.semrush.com/bot.html)"
85.25.185.196 - - [28/Dec/2022:17:04:28 +0100] "GET /PodCast/Bagdad-Marlboro?action=diff HTTP/1.1" 200 13536 "-" "Mozilla/5.0 (Macintosh; Intel Mac OS X 10.15; rv:103.0) Gecko/20100101 Firefox/103.0"
85.25.185.196 - - [28/Dec/2022:17:06:47 +0100] "GET /PodCast/Bagdad-Marlboro?action=edit HTTP/1.1" 200 8734 "-" "Mozilla/5.0 (Macintosh; Intel Mac OS X 10.15; rv:103.0) Gecko/20100101 Firefox/103.0"
85.25.185.196 - - [28/Dec/2022:17:09:36 +0100] "GET /PodCast/Haiweeturgg?action=edit HTTP/1.1" 200 8678 "-" "Mozilla/5.0 (Macintosh; Intel Mac OS X 10.15; rv:103.0) Gecko/20100101 Firefox/103.0"
62.210.215.119 - - [28/Dec/2022:17:10:56 +0100] "GET /PodCast/IndexPage?action=rss HTTP/1.1" 200 6298 "-" "Mozilla/5.0 (X11; Linux i686) AppleWebKit/537.36 (KHTML, like Gecko) Chrome/30.0.1599.66 Safari/537.36"
85.25.185.196 - - [28/Dec/2022:17:11:28 +0100] "GET /PodCast/Haiweeturgg?action=upload HTTP/1.1" 200 8578 "-" "Mozilla/5.0 (Macintosh; Intel Mac OS X 10.15; rv:103.0) Gecko/20100101 Firefox/103.0"
66.249.66.30 - - [28/Dec/2022:17:12:46 +0100] "GET /PodCast/IndexPage?action=rss HTTP/1.1" 200 6298 "-" "Mozilla/5.0 (compatible; Googlebot/2.1; +http://www.google.com/bot.html)"
168.119.51.163 - - [28/Dec/2022:17:20:52 +0100] "GET /robots.txt HTTP/1.1" 200 - "-" "Mozilla/5.0 (compatible; um-IC/1.0; mailto: techinfo@ubermetrics-technologies.com; Windows NT 6.1; WOW64; rv:40.0) Gecko/20100101 Firefox/40.1"
168.119.51.163 - - [28/Dec/2022:17:20:52 +0100] "GET /PodCast/IndexPage?action=rss HTTP/1.1" 200 6298 "-" "Mozilla/5.0 (compatible; um-IC/1.0; mailto: techinfo@ubermetrics-technologies.com; Windows NT 6.1; WOW64; rv:40.0) Gecko/20100101 Firefox/40.1"
185.191.171.19 - - [28/Dec/2022:17:48:12 +0100] "GET /robots.txt HTTP/1.1" 200 - "-" "Mozilla/5.0 (compatible; SemrushBot/7~bl; +http://www.semrush.com/bot.html)"
185.191.171.8 - - [28/Dec/2022:17:48:13 +0100] "GET /PmWikiFr/ErrorMessages HTTP/1.1" 200 16420 "-" "Mozilla/5.0 (compatible; SemrushBot/7~bl; +http://www.semrush.com/bot.html)"
158.69.116.72 - - [28/Dec/2022:18:08:13 +0100] "HEAD /PodCast/IndexPage?action=rss HTTP/1.1" 200 - "-" "PodcastAddict/v5W (+https://podcastaddict.com/; Android podcast app)"
158.69.116.72 - - [28/Dec/2022:18:08:13 +0100] "GET /PodCast/IndexPage?action=rss HTTP/1.1" 200 6298 "-" "PodcastAddict/v5W (+https://podcastaddict.com/; Android podcast app)"
85.25.185.196 - - [28/Dec/2022:18:08:49 +0100] "GET /PodCast/Haiweeturgg?action=print HTTP/1.1" 200 5670 "-" "Mozilla/5.0 (Macintosh; Intel Mac OS X 10.15; rv:103.0) Gecko/20100101 Firefox/103.0"
85.25.185.196 - - [28/Dec/2022:18:11:51 +0100] "GET /Site/43Fasnacht?action=edit HTTP/1.1" 200 8623 "-" "Mozilla/5.0 (Macintosh; Intel Mac OS X 10.15; rv:103.0) Gecko/20100101 Firefox/103.0"
185.191.171.25 - - [28/Dec/2022:18:13:24 +0100] "GET /PmWikiFr/LesFermesEnBref HTTP/1.1" 200 11888 "-" "Mozilla/5.0 (compatible; SemrushBot/7~bl; +http://www.semrush.com/bot.html)"
66.249.66.91 - - [28/Dec/2022:18:13:34 +0100] "GET /PodCast/IndexPage?action=rss HTTP/1.1" 200 6298 "-" "Mozilla/5.0 (compatible; Googlebot/2.1; +http://www.google.com/bot.html)"
3.216.185.164 - - [28/Dec/2022:18:15:26 +0100] "GET /PodCast/IndexPage?action=rss HTTP/1.1" 200 6298 "-" "PocketCasts/1.0 (Pocket Casts Feed Parser; +http://pocketcasts.com/)"
157.55.39.117 - - [28/Dec/2022:18:15:27 +0100] "GET /PodCast/BanquiQuali?action=upload HTTP/1.1" 403 18 "-" "Mozilla/5.0 (compatible; bingbot/2.0; +http://www.bing.com/bingbot.htm)"
85.25.185.196 - - [28/Dec/2022:18:15:42 +0100] "GET /Site/43Fasnacht?action=diff HTTP/1.1" 200 11254 "-" "Mozilla/5.0 (Macintosh; Intel Mac OS X 10.15; rv:103.0) Gecko/20100101 Firefox/103.0"
185.191.171.19 - - [28/Dec/2022:18:16:39 +0100] "GET /PmWikiFr/Passwords HTTP/1.1" 200 13873 "-" "Mozilla/5.0 (compatible; SemrushBot/7~bl; +http://www.semrush.com/bot.html)"
85.25.185.196 - - [28/Dec/2022:18:18:15 +0100] "GET /Site/61Sanggale1465?action=print HTTP/1.1" 200 12758 "-" "Mozilla/5.0 (Macintosh; Intel Mac OS X 10.15; rv:103.0) Gecko/20100101 Firefox/103.0"
185.191.171.34 - - [28/Dec/2022:18:20:25 +0100] "GET /PmWikiDe/MailPosts HTTP/1.1" 200 16364 "-" "Mozilla/5.0 (compatible; SemrushBot/7~bl; +http://www.semrush.com/bot.html)"
51.222.253.10 - - [28/Dec/2022:18:20:41 +0100] "GET /robots.txt HTTP/1.1" 200 - "-" "Mozilla/5.0 (compatible; AhrefsBot/7.0; +http://ahrefs.com/robot/)"
54.36.149.80 - - [28/Dec/2022:18:20:43 +0100] "GET / HTTP/1.1" 200 15085 "-" "Mozilla/5.0 (compatible; AhrefsBot/7.0; +http://ahrefs.com/robot/)"
85.25.185.196 - - [28/Dec/2022:18:26:53 +0100] "GET /Site/43Fasnacht?action=print HTTP/1.1" 200 2528 "-" "Mozilla/5.0 (Macintosh; Intel Mac OS X 10.15; rv:103.0) Gecko/20100101 Firefox/103.0"
85.25.185.196 - - [28/Dec/2022:18:31:13 +0100] "GET /Site/61Sanggale1465?action=upload HTTP/1.1" 200 8581 "-" "Mozilla/5.0 (Macintosh; Intel Mac OS X 10.15; rv:103.0) Gecko/20100101 Firefox/103.0"
85.25.185.196 - - [28/Dec/2022:18:32:40 +0100] "GET /PodCast/Haiweeturgg?action=diff HTTP/1.1" 200 15595 "-" "Mozilla/5.0 (Macintosh; Intel Mac OS X 10.15; rv:103.0) Gecko/20100101 Firefox/103.0"
85.25.185.196 - - [28/Dec/2022:18:36:27 +0100] "GET /PodCast/JBJ602?action=edit HTTP/1.1" 200 8610 "-" "Mozilla/5.0 (Macintosh; Intel Mac OS X 10.15; rv:103.0) Gecko/20100101 Firefox/103.0"
40.77.167.74 - - [28/Dec/2022:18:36:47 +0100] "GET /PodCast/Inselschwyz?action=diff HTTP/1.1" 403 18 "-" "Mozilla/5.0 (compatible; bingbot/2.0; +http://www.bing.com/bingbot.htm)"
85.25.185.196 - - [28/Dec/2022:18:38:12 +0100] "GET /PodCast/JBJ602?action=print HTTP/1.1" 200 15248 "-" "Mozilla/5.0 (Macintosh; Intel Mac OS X 10.15; rv:103.0) Gecko/20100101 Firefox/103.0"
185.191.171.7 - - [28/Dec/2022:18:38:38 +0100] "GET /PmWikiEs/PmWikiEs HTTP/1.1" 200 9407 "-" "Mozilla/5.0 (compatible; SemrushBot/7~bl; +http://www.semrush.com/bot.html)"
85.25.185.196 - - [28/Dec/2022:18:46:42 +0100] "GET /PodCast/JBJ602?action=diff HTTP/1.1" 200 24306 "-" "Mozilla/5.0 (Macintosh; Intel Mac OS X 10.15; rv:103.0) Gecko/20100101 Firefox/103.0"
185.191.171.2 - - [28/Dec/2022:18:47:34 +0100] "GET /PmWikiVi/TapTinCauHinhVietHoa HTTP/1.1" 200 24981 "-" "Mozilla/5.0 (compatible; SemrushBot/7~bl; +http://www.semrush.com/bot.html)"
185.191.171.17 - - [28/Dec/2022:18:49:57 +0100] "GET /robots.txt HTTP/1.1" 200 - "-" "Mozilla/5.0 (compatible; SemrushBot/7~bl; +http://www.semrush.com/bot.html)"
185.191.171.15 - - [28/Dec/2022:18:49:58 +0100] "GET /PmWikiRu/Skins?skin=jhskin HTTP/1.1" 200 25244 "-" "Mozilla/5.0 (compatible; SemrushBot/7~bl; +http://www.semrush.com/bot.html)"
185.191.171.24 - - [28/Dec/2022:18:50:23 +0100] "GET /PmWikiRu/DesignNotes HTTP/1.1" 200 12306 "-" "Mozilla/5.0 (compatible; SemrushBot/7~bl; +http://www.semrush.com/bot.html)"
85.25.185.196 - - [28/Dec/2022:18:50:30 +0100] "GET /Site/61Sanggale1465?action=diff HTTP/1.1" 200 21926 "-" "Mozilla/5.0 (Macintosh; Intel Mac OS X 10.15; rv:103.0) Gecko/20100101 Firefox/103.0"
40.77.167.74 - - [28/Dec/2022:18:50:31 +0100] "GET /PodCast/Propagandakraty?action=upload HTTP/1.1" 403 18 "-" "Mozilla/5.0 AppleWebKit/537.36 (KHTML, like Gecko; compatible; bingbot/2.0; +http://www.bing.com/bingbot.htm) Chrome/103.0.5060.134 Safari/537.36"
85.25.185.196 - - [28/Dec/2022:18:57:06 +0100] "GET /PodCast/JBJ602?action=upload HTTP/1.1" 200 8510 "-" "Mozilla/5.0 (Macintosh; Intel Mac OS X 10.15; rv:103.0) Gecko/20100101 Firefox/103.0"
157.55.39.8 - - [28/Dec/2022:18:58:32 +0100] "GET /PodCast/Puzzle?action=upload HTTP/1.1" 403 18 "-" "Mozilla/5.0 (compatible; bingbot/2.0; +http://www.bing.com/bingbot.htm)"
85.25.185.196 - - [28/Dec/2022:18:58:52 +0100] "GET /PodCast/Gottesliebe?action=print HTTP/1.1" 200 7623 "-" "Mozilla/5.0 (Macintosh; Intel Mac OS X 10.15; rv:103.0) Gecko/20100101 Firefox/103.0"
66.249.66.2 - - [28/Dec/2022:19:13:43 +0100] "GET /PodCast/IndexPage?action=rss HTTP/1.1" 200 6298 "-" "Mozilla/5.0 (compatible; Googlebot/2.1; +http://www.google.com/bot.html)"
8.29.198.26 - - [28/Dec/2022:19:14:02 +0100] "GET /PodCast/IndexPage?action=rss HTTP/1.1" 200 6298 "-" "Feedly/1.0 (+http://www.feedly.com/fetcher.html; 3 subscribers; like FeedFetcher-Google)"
40.77.167.74 - - [28/Dec/2022:19:15:20 +0100] "GET /Site/EditQuickReference HTTP/1.1" 200 14256 "-" "Mozilla/5.0 (compatible; bingbot/2.0; +http://www.bing.com/bingbot.htm)"
185.191.171.1 - - [28/Dec/2022:19:18:58 +0100] "GET /PmWikiRu/PatrickMichaud HTTP/1.1" 200 10211 "-" "Mozilla/5.0 (compatible; SemrushBot/7~bl; +http://www.semrush.com/bot.html)"
185.191.171.23 - - [28/Dec/2022:19:23:52 +0100] "GET /PmWikiRu/CustomMarkup HTTP/1.1" 200 31966 "-" "Mozilla/5.0 (compatible; SemrushBot/7~bl; +http://www.semrush.com/bot.html)"
185.191.171.2 - - [28/Dec/2022:19:26:53 +0100] "GET /Main/HomePage HTTP/1.1" 200 9141 "-" "Mozilla/5.0 (compatible; SemrushBot/7~bl; +http://www.semrush.com/bot.html)"
85.25.185.196 - - [28/Dec/2022:19:28:16 +0100] "GET /Texte HTTP/1.1" 404 8123 "-" "Mozilla/5.0 (Macintosh; Intel Mac OS X 10.15; rv:103.0) Gecko/20100101 Firefox/103.0"
85.25.185.196 - - [28/Dec/2022:19:30:48 +0100] "GET /PodCast/Gottesliebe?action=edit HTTP/1.1" 200 8678 "-" "Mozilla/5.0 (Macintosh; Intel Mac OS X 10.15; rv:103.0) Gecko/20100101 Firefox/103.0"
85.25.185.196 - - [28/Dec/2022:19:41:35 +0100] "GET /PodCast/Gottesliebe?action=upload HTTP/1.1" 200 8578 "-" "Mozilla/5.0 (Macintosh; Intel Mac OS X 10.15; rv:103.0) Gecko/20100101 Firefox/103.0"
85.25.185.196 - - [28/Dec/2022:19:43:45 +0100] "GET /Texte/Roman?action=edit&restore=diff:1179235412:1178995205:&preview=y HTTP/1.1" 200 8611 "-" "Mozilla/5.0 (Macintosh; Intel Mac OS X 10.15; rv:103.0) Gecko/20100101 Firefox/103.0"
185.191.171.14 - - [28/Dec/2022:19:47:47 +0100] "GET /PmWikiRu/WikiSandbox HTTP/1.1" 200 16795 "-" "Mozilla/5.0 (compatible; SemrushBot/7~bl; +http://www.semrush.com/bot.html)"
85.25.185.196 - - [28/Dec/2022:19:47:49 +0100] "GET /Texte/Roman?action=edit&restore=diff:1177685460:1177685343:&preview=y HTTP/1.1" 200 8611 "-" "Mozilla/5.0 (Macintosh; Intel Mac OS X 10.15; rv:103.0) Gecko/20100101 Firefox/103.0"
157.55.39.117 - - [28/Dec/2022:19:50:36 +0100] "GET /PodCast/Boni2 HTTP/1.1" 200 13222 "-" "Mozilla/5.0 (compatible; bingbot/2.0; +http://www.bing.com/bingbot.htm)"
85.25.185.196 - - [28/Dec/2022:19:55:33 +0100] "GET /Texte/Roman?action=edit&restore=diff:1179235988:1179235412:&preview=y HTTP/1.1" 200 8611 "-" "Mozilla/5.0 (Macintosh; Intel Mac OS X 10.15; rv:103.0) Gecko/20100101 Firefox/103.0"
185.191.171.4 - - [28/Dec/2022:19:55:43 +0100] "GET /robots.txt HTTP/1.1" 200 - "-" "Mozilla/5.0 (compatible; SemrushBot/7~bl; +http://www.semrush.com/bot.html)"
185.191.171.13 - - [28/Dec/2022:19:55:44 +0100] "GET /PmWikiJa/WikiFarmStepByStep?skin=simple HTTP/1.1" 200 13104 "-" "Mozilla/5.0 (compatible; SemrushBot/7~bl; +http://www.semrush.com/bot.html)"
3.216.185.164 - - [28/Dec/2022:19:58:42 +0100] "GET /PodCast/IndexPage?action=rss HTTP/1.1" 200 6298 "-" "PocketCasts/1.0 (Pocket Casts Feed Parser; +http://pocketcasts.com/)"
85.25.185.196 - - [28/Dec/2022:20:00:17 +0100] "GET /Texte/Roman?action=edit&restore=diff:1231001832:1231001605:&preview=y HTTP/1.1" 200 8611 "-" "Mozilla/5.0 (Macintosh; Intel Mac OS X 10.15; rv:103.0) Gecko/20100101 Firefox/103.0"
62.210.215.119 - - [28/Dec/2022:20:00:58 +0100] "GET /PodCast/IndexPage?action=rss HTTP/1.1" 200 6298 "-" "Mozilla/5.0 (X11; Linux i686) AppleWebKit/537.36 (KHTML, like Gecko) Chrome/30.0.1599.66 Safari/537.36"
54.87.52.72 - - [28/Dec/2022:20:01:43 +0100] "GET /PodCast/IndexPage?action=rss HTTP/1.1" 200 6298 "-" "PlayerFM/1.0 Podcast Sync (1 subscribers; url=https://player.fm/series/podcast-2872909)"
185.191.171.24 - - [28/Dec/2022:20:02:19 +0100] "GET /PmWikiFr/WikiStructure HTTP/1.1" 200 11931 "-" "Mozilla/5.0 (compatible; SemrushBot/7~bl; +http://www.semrush.com/bot.html)"
85.25.185.196 - - [28/Dec/2022:20:07:06 +0100] "GET /Texte/Roman?action=edit&restore=diff:1178723496:1178723458:&preview=y HTTP/1.1" 200 8611 "-" "Mozilla/5.0 (Macintosh; Intel Mac OS X 10.15; rv:103.0) Gecko/20100101 Firefox/103.0"
85.25.185.196 - - [28/Dec/2022:20:09:33 +0100] "GET /Texte/Roman?action=edit&restore=diff:1177684705:1163035713:&preview=y HTTP/1.1" 200 8611 "-" "Mozilla/5.0 (Macintosh; Intel Mac OS X 10.15; rv:103.0) Gecko/20100101 Firefox/103.0"
66.249.66.33 - - [28/Dec/2022:20:12:25 +0100] "GET /PodCast/IndexPage?action=rss HTTP/1.1" 200 6298 "-" "Mozilla/5.0 (compatible; Googlebot/2.1; +http://www.google.com/bot.html)"
85.25.185.196 - - [28/Dec/2022:20:14:38 +0100] "GET /Texte/Roman?action=edit&restore=diff:1163034953:1163034838:&preview=y HTTP/1.1" 200 8611 "-" "Mozilla/5.0 (Macintosh; Intel Mac OS X 10.15; rv:103.0) Gecko/20100101 Firefox/103.0"
85.25.185.196 - - [28/Dec/2022:20:20:41 +0100] "GET /robots.txt HTTP/1.1" 200 - "-" "Mozilla/5.0 (Macintosh; Intel Mac OS X 10.15; rv:103.0) Gecko/20100101 Firefox/103.0"
85.25.185.196 - - [28/Dec/2022:20:20:41 +0100] "GET /Texte/Roman?action=edit&restore=diff:1231002477:1231002356:&preview=y HTTP/1.1" 200 8611 "-" "Mozilla/5.0 (Macintosh; Intel Mac OS X 10.15; rv:103.0) Gecko/20100101 Firefox/103.0"
185.191.171.11 - - [28/Dec/2022:20:40:04 +0100] "GET /PmWikiDe/Voraussetzungen HTTP/1.1" 200 8089 "-" "Mozilla/5.0 (compatible; SemrushBot/7~bl; +http://www.semrush.com/bot.html)"
40.77.167.74 - - [28/Dec/2022:20:50:30 +0100] "GET /PodCast/REZMockingbird?action=upload HTTP/1.1" 403 18 "-" "Mozilla/5.0 (compatible; bingbot/2.0; +http://www.bing.com/bingbot.htm)"
40.77.167.74 - - [28/Dec/2022:20:53:40 +0100] "GET /PodCast/Limerick27?action=diff HTTP/1.1" 403 18 "-" "Mozilla/5.0 (compatible; bingbot/2.0; +http://www.bing.com/bingbot.htm)"
157.55.39.207 - - [28/Dec/2022:21:12:17 +0100] "GET /PodCast/Blickestoorff2?action=edit HTTP/1.1" 404 18 "-" "Mozilla/5.0 (compatible; bingbot/2.0; +http://www.bing.com/bingbot.htm)"
66.249.76.193 - - [28/Dec/2022:21:12:42 +0100] "GET /PodCast/IndexPage?action=rss HTTP/1.1" 200 6298 "-" "Mozilla/5.0 (compatible; Googlebot/2.1; +http://www.google.com/bot.html)"
85.25.185.196 - - [28/Dec/2022:21:14:02 +0100] "GET /Texte/Roman?action=edit&restore=diff:1180443133:1179764445:&preview=y HTTP/1.1" 200 8611 "-" "Mozilla/5.0 (Macintosh; Intel Mac OS X 10.15; rv:103.0) Gecko/20100101 Firefox/103.0"
157.55.39.207 - - [28/Dec/2022:21:17:09 +0100] "GET /PodCast/SprChlaage?action=diff HTTP/1.1" 403 18 "-" "Mozilla/5.0 (compatible; bingbot/2.0; +http://www.bing.com/bingbot.htm)"
85.25.185.196 - - [28/Dec/2022:21:17:27 +0100] "GET /Texte/Roman?action=edit&restore=diff:1178995205:1178724245:&preview=y HTTP/1.1" 200 8611 "-" "Mozilla/5.0 (Macintosh; Intel Mac OS X 10.15; rv:103.0) Gecko/20100101 Firefox/103.0"
85.25.185.196 - - [28/Dec/2022:21:19:27 +0100] "GET /Texte/Roman?action=edit&restore=diff:1163035512:1163035465:&preview=y HTTP/1.1" 200 8611 "-" "Mozilla/5.0 (Macintosh; Intel Mac OS X 10.15; rv:103.0) Gecko/20100101 Firefox/103.0"
85.25.185.196 - - [28/Dec/2022:21:22:42 +0100] "GET /Texte/Roman?action=edit&restore=diff:1231001605:1231001370:&preview=y HTTP/1.1" 200 8611 "-" "Mozilla/5.0 (Macintosh; Intel Mac OS X 10.15; rv:103.0) Gecko/20100101 Firefox/103.0"
85.25.185.196 - - [28/Dec/2022:21:26:36 +0100] "GET /Texte/Roman?action=edit&restore=diff:1231001314:1180617173:&preview=y HTTP/1.1" 200 8611 "-" "Mozilla/5.0 (Macintosh; Intel Mac OS X 10.15; rv:103.0) Gecko/20100101 Firefox/103.0"
85.25.185.196 - - [28/Dec/2022:21:29:23 +0100] "GET /Texte/Roman?action=edit&restore=diff:1179236030:1179235988:&preview=y HTTP/1.1" 200 8611 "-" "Mozilla/5.0 (Macintosh; Intel Mac OS X 10.15; rv:103.0) Gecko/20100101 Firefox/103.0"
85.25.185.196 - - [28/Dec/2022:21:33:44 +0100] "GET /Texte/Roman?action=edit&restore=diff:1231002211:1231002076:&preview=y HTTP/1.1" 200 8611 "-" "Mozilla/5.0 (Macintosh; Intel Mac OS X 10.15; rv:103.0) Gecko/20100101 Firefox/103.0"
85.25.185.196 - - [28/Dec/2022:21:34:41 +0100] "GET /Texte/Roman?action=edit&restore=diff:1231002031:1231001832:&preview=y HTTP/1.1" 200 8611 "-" "Mozilla/5.0 (Macintosh; Intel Mac OS X 10.15; rv:103.0) Gecko/20100101 Firefox/103.0"
85.25.185.196 - - [28/Dec/2022:21:35:15 +0100] "GET /Texte/Roman?action=edit&restore=diff:1178723458:1178723423:&preview=y HTTP/1.1" 200 8611 "-" "Mozilla/5.0 (Macintosh; Intel Mac OS X 10.15; rv:103.0) Gecko/20100101 Firefox/103.0"
85.25.185.196 - - [28/Dec/2022:21:36:39 +0100] "GET /Texte/Roman?action=edit&restore=diff:1163035078:1163035010:&preview=y HTTP/1.1" 200 8611 "-" "Mozilla/5.0 (Macintosh; Intel Mac OS X 10.15; rv:103.0) Gecko/20100101 Firefox/103.0"
85.25.185.196 - - [28/Dec/2022:21:37:47 +0100] "GET /Texte/Roman?action=diff&source=y&minor=n HTTP/1.1" 200 104716 "-" "Mozilla/5.0 (Macintosh; Intel Mac OS X 10.15; rv:103.0) Gecko/20100101 Firefox/103.0"
85.25.185.196 - - [28/Dec/2022:21:39:20 +0100] "GET /Texte/Roman?action=edit&restore=diff:1163035602:1163035552:&preview=y HTTP/1.1" 200 8611 "-" "Mozilla/5.0 (Macintosh; Intel Mac OS X 10.15; rv:103.0) Gecko/20100101 Firefox/103.0"
85.25.185.196 - - [28/Dec/2022:21:40:13 +0100] "GET /Texte/Roman?action=edit&restore=diff:1163035648:1163035602:&preview=y HTTP/1.1" 200 8611 "-" "Mozilla/5.0 (Macintosh; Intel Mac OS X 10.15; rv:103.0) Gecko/20100101 Firefox/103.0"
3.216.185.164 - - [28/Dec/2022:21:40:45 +0100] "GET /PodCast/IndexPage?action=rss HTTP/1.1" 200 6298 "-" "PocketCasts/1.0 (Pocket Casts Feed Parser; +http://pocketcasts.com/)"
85.25.185.196 - - [28/Dec/2022:21:41:00 +0100] "GET /Texte/Roman?action=edit&restore=diff:1163035196:1163035078:&preview=y HTTP/1.1" 200 8611 "-" "Mozilla/5.0 (Macintosh; Intel Mac OS X 10.15; rv:103.0) Gecko/20100101 Firefox/103.0"
85.25.185.196 - - [28/Dec/2022:21:44:42 +0100] "GET /Texte/Roman?action=edit&restore=diff:1231002356:1231002311:&preview=y HTTP/1.1" 200 8611 "-" "Mozilla/5.0 (Macintosh; Intel Mac OS X 10.15; rv:103.0) Gecko/20100101 Firefox/103.0"
85.25.185.196 - - [28/Dec/2022:21:45:55 +0100] "GET /Texte/Roman?action=edit&restore=diff:1231002311:1231002211:&preview=y HTTP/1.1" 200 8611 "-" "Mozilla/5.0 (Macintosh; Intel Mac OS X 10.15; rv:103.0) Gecko/20100101 Firefox/103.0"
85.25.185.196 - - [28/Dec/2022:21:47:20 +0100] "GET /Texte/Roman?action=edit&restore=diff:1231002076:1231002031:&preview=y HTTP/1.1" 200 8611 "-" "Mozilla/5.0 (Macintosh; Intel Mac OS X 10.15; rv:103.0) Gecko/20100101 Firefox/103.0"
185.191.171.11 - - [28/Dec/2022:21:48:13 +0100] "GET /robots.txt HTTP/1.1" 200 - "-" "Mozilla/5.0 (compatible; SemrushBot/7~bl; +http://www.semrush.com/bot.html)"
185.191.171.45 - - [28/Dec/2022:21:48:13 +0100] "GET /PmWikiDe/Direktiven HTTP/1.1" 200 15282 "-" "Mozilla/5.0 (compatible; SemrushBot/7~bl; +http://www.semrush.com/bot.html)"
85.25.185.196 - - [28/Dec/2022:21:57:33 +0100] "GET /Texte/Roman?action=edit&restore=diff:1179236388:1179236325:&preview=y HTTP/1.1" 200 8611 "-" "Mozilla/5.0 (Macintosh; Intel Mac OS X 10.15; rv:103.0) Gecko/20100101 Firefox/103.0"
54.163.49.212 - - [28/Dec/2022:22:02:28 +0100] "GET /PodCast/IndexPage?action=rss HTTP/1.1" 200 6298 "-" "PlayerFM/1.0 Podcast Sync (1 subscribers; url=https://player.fm/series/podcast-2872909)"
185.191.171.24 - - [28/Dec/2022:22:04:12 +0100] "GET /PmWikiFr/PmWikiFeatures HTTP/1.1" 200 22063 "-" "Mozilla/5.0 (compatible; SemrushBot/7~bl; +http://www.semrush.com/bot.html)"
85.25.185.196 - - [28/Dec/2022:22:08:12 +0100] "GET /Texte/Roman?action=edit&restore=diff:1179236325:1179236030:&preview=y HTTP/1.1" 200 8611 "-" "Mozilla/5.0 (Macintosh; Intel Mac OS X 10.15; rv:103.0) Gecko/20100101 Firefox/103.0"
85.25.185.196 - - [28/Dec/2022:22:09:56 +0100] "GET /PodCast/Eereroueff?action=edit HTTP/1.1" 200 8664 "-" "Mozilla/5.0 (Macintosh; Intel Mac OS X 10.15; rv:103.0) Gecko/20100101 Firefox/103.0"
85.25.185.196 - - [28/Dec/2022:22:10:43 +0100] "GET /PodCast/Schaidig2?action=diff HTTP/1.1" 200 27704 "-" "Mozilla/5.0 (Macintosh; Intel Mac OS X 10.15; rv:103.0) Gecko/20100101 Firefox/103.0"
85.25.185.196 - - [28/Dec/2022:22:12:24 +0100] "GET /PodCast/Schaidig2?action=edit HTTP/1.1" 200 8652 "-" "Mozilla/5.0 (Macintosh; Intel Mac OS X 10.15; rv:103.0) Gecko/20100101 Firefox/103.0"
66.249.76.222 - - [28/Dec/2022:22:13:43 +0100] "GET /PodCast/IndexPage?action=rss HTTP/1.1" 200 6298 "-" "Mozilla/5.0 (compatible; Googlebot/2.1; +http://www.google.com/bot.html)"
85.25.185.196 - - [28/Dec/2022:22:13:56 +0100] "GET /PodCast/Gottesliebe?action=diff HTTP/1.1" 200 26391 "-" "Mozilla/5.0 (Macintosh; Intel Mac OS X 10.15; rv:103.0) Gecko/20100101 Firefox/103.0"
85.25.185.196 - - [28/Dec/2022:22:15:14 +0100] "GET /PodCast/Euirokraty?action=edit HTTP/1.1" 200 8664 "-" "Mozilla/5.0 (Macintosh; Intel Mac OS X 10.15; rv:103.0) Gecko/20100101 Firefox/103.0"
85.25.185.196 - - [28/Dec/2022:22:15:55 +0100] "GET /PodCast/Euirokraty?action=upload HTTP/1.1" 200 8564 "-" "Mozilla/5.0 (Macintosh; Intel Mac OS X 10.15; rv:103.0) Gecko/20100101 Firefox/103.0"
66.249.76.220 - - [28/Dec/2022:22:16:05 +0100] "GET /PodCast/IndexPage?action=rss HTTP/1.1" 200 6298 "-" "Mozilla/5.0 (compatible; Googlebot/2.1; +http://www.google.com/bot.html)"
40.77.167.74 - - [28/Dec/2022:22:16:09 +0100] "GET /PodCast/Chouechetailet?action=diff HTTP/1.1" 403 18 "-" "Mozilla/5.0 (compatible; bingbot/2.0; +http://www.bing.com/bingbot.htm)"
85.25.185.196 - - [28/Dec/2022:22:17:17 +0100] "GET /PodCast/Euirokraty?action=diff HTTP/1.1" 200 17200 "-" "Mozilla/5.0 (Macintosh; Intel Mac OS X 10.15; rv:103.0) Gecko/20100101 Firefox/103.0"
85.25.185.196 - - [28/Dec/2022:22:18:11 +0100] "GET /PodCast/Euirokraty?action=print HTTP/1.1" 200 9274 "-" "Mozilla/5.0 (Macintosh; Intel Mac OS X 10.15; rv:103.0) Gecko/20100101 Firefox/103.0"
85.25.185.196 - - [28/Dec/2022:22:18:44 +0100] "GET /Site/Blickestoorff?action=edit HTTP/1.1" 200 8663 "-" "Mozilla/5.0 (Macintosh; Intel Mac OS X 10.15; rv:103.0) Gecko/20100101 Firefox/103.0"
86.235.97.83 - - [28/Dec/2022:22:19:13 +0100] "GET / HTTP/1.1" 200 15085 "-" "Mozilla/5.0 (X11; Linux x86_64; rv:105.0) Gecko/20100101 Firefox/105.0"
86.235.97.83 - - [28/Dec/2022:22:19:13 +0100] "GET /pub/skins/pro-zurituutsch/gila.css HTTP/1.1" 200 10186 "http://www.pro-zurituutsch.ch/" "Mozilla/5.0 (X11; Linux x86_64; rv:105.0) Gecko/20100101 Firefox/105.0"
86.235.97.83 - - [28/Dec/2022:22:19:13 +0100] "GET /uploads/Main/logo.jpg HTTP/1.1" 200 29066 "http://www.pro-zurituutsch.ch/" "Mozilla/5.0 (X11; Linux x86_64; rv:105.0) Gecko/20100101 Firefox/105.0"
86.235.97.83 - - [28/Dec/2022:22:19:14 +0100] "GET /pub/skins/pro-zurituutsch/images/external.png HTTP/1.1" 200 165 "http://www.pro-zurituutsch.ch/pub/skins/pro-zurituutsch/gila.css" "Mozilla/5.0 (X11; Linux x86_64; rv:105.0) Gecko/20100101 Firefox/105.0"
86.235.97.83 - - [28/Dec/2022:22:19:14 +0100] "GET /pub/skins/pro-zurituutsch/images/favicon.ico HTTP/1.1" 200 1406 "http://www.pro-zurituutsch.ch/" "Mozilla/5.0 (X11; Linux x86_64; rv:105.0) Gecko/20100101 Firefox/105.0"
85.25.185.196 - - [28/Dec/2022:22:19:18 +0100] "GET /Site/WGA3FrejersfuSs?action=upload HTTP/1.1" 200 8597 "-" "Mozilla/5.0 (Macintosh; Intel Mac OS X 10.15; rv:103.0) Gecko/20100101 Firefox/103.0"
85.25.185.196 - - [28/Dec/2022:22:20:19 +0100] "GET /Site/WGA3FrejersfuSs?action=diff HTTP/1.1" 200 9270 "-" "Mozilla/5.0 (Macintosh; Intel Mac OS X 10.15; rv:103.0) Gecko/20100101 Firefox/103.0"
85.25.185.196 - - [28/Dec/2022:22:20:55 +0100] "GET /Site/Blickestoorff?action=print HTTP/1.1" 200 12928 "-" "Mozilla/5.0 (Macintosh; Intel Mac OS X 10.15; rv:103.0) Gecko/20100101 Firefox/103.0"
86.235.97.83 - - [28/Dec/2022:22:21:00 +0100] "GET /images/external.png HTTP/1.1" 404 289 "http://www.pro-zurituutsch.ch/" "Mozilla/5.0 (X11; Linux x86_64; rv:105.0) Gecko/20100101 Firefox/105.0"
86.235.97.83 - - [28/Dec/2022:22:21:00 +0100] "GET /pub/skins/pro-zurituutsch/images/external.png HTTP/1.1" 200 165 "-" "Mozilla/5.0 (X11; Linux x86_64; rv:105.0) Gecko/20100101 Firefox/105.0"
86.235.97.83 - - [28/Dec/2022:22:21:00 +0100] "GET /pub/skins/pro-zurituutsch/images/attachnew.png HTTP/1.1" 200 175 "-" "Mozilla/5.0 (X11; Linux x86_64; rv:105.0) Gecko/20100101 Firefox/105.0"
86.235.97.83 - - [28/Dec/2022:22:21:00 +0100] "GET /pub/skins/pro-zurituutsch/images/attachment.png HTTP/1.1" 200 184 "-" "Mozilla/5.0 (X11; Linux x86_64; rv:105.0) Gecko/20100101 Firefox/105.0"
86.235.97.83 - - [28/Dec/2022:22:21:45 +0100] "GET /Site/PodCast HTTP/1.1" 200 40934 "http://www.pro-zurituutsch.ch/" "Mozilla/5.0 (X11; Linux x86_64; rv:105.0) Gecko/20100101 Firefox/105.0"
86.235.97.83 - - [28/Dec/2022:22:21:46 +0100] "GET /pub/skins/pro-zurituutsch/images/favicon.ico HTTP/1.1" 200 1406 "http://www.pro-zurituutsch.ch/Site/PodCast" "Mozilla/5.0 (X11; Linux x86_64; rv:105.0) Gecko/20100101 Firefox/105.0"
86.235.97.83 - - [28/Dec/2022:22:21:46 +0100] "GET /Site/images/external.png HTTP/1.1" 404 264 "http://www.pro-zurituutsch.ch/Site/PodCast" "Mozilla/5.0 (X11; Linux x86_64; rv:105.0) Gecko/20100101 Firefox/105.0"
86.235.97.83 - - [28/Dec/2022:22:21:56 +0100] "GET /Texte/Roman HTTP/1.1" 200 38741 "http://www.pro-zurituutsch.ch/Site/PodCast" "Mozilla/5.0 (X11; Linux x86_64; rv:105.0) Gecko/20100101 Firefox/105.0"
86.235.97.83 - - [28/Dec/2022:22:21:56 +0100] "GET /Texte/images/external.png HTTP/1.1" 404 264 "http://www.pro-zurituutsch.ch/Texte/Roman" "Mozilla/5.0 (X11; Linux x86_64; rv:105.0) Gecko/20100101 Firefox/105.0"
51.222.253.5 - - [28/Dec/2022:22:22:34 +0100] "GET /robots.txt HTTP/1.1" 200 - "-" "Mozilla/5.0 (compatible; AhrefsBot/7.0; +http://ahrefs.com/robot/)"
54.36.148.29 - - [28/Dec/2022:22:22:36 +0100] "GET / HTTP/1.1" 200 15085 "-" "Mozilla/5.0 (compatible; AhrefsBot/7.0; +http://ahrefs.com/robot/)"
54.87.52.72 - - [28/Dec/2022:22:23:52 +0100] "GET /PodCast/IndexPage?action=rss HTTP/1.1" 200 6298 "-" "PlayerFM/1.0 Podcast Sync (1 subscribers; url=https://player.fm/series/podcast-2872909)"
85.25.185.196 - - [28/Dec/2022:22:24:40 +0100] "GET /Site/WGA3FrejersfuSs?action=print HTTP/1.1" 404 2409 "-" "Mozilla/5.0 (Macintosh; Intel Mac OS X 10.15; rv:103.0) Gecko/20100101 Firefox/103.0"
85.25.185.196 - - [28/Dec/2022:22:25:27 +0100] "GET /Site/Blickestoorff?action=upload HTTP/1.1" 200 8563 "-" "Mozilla/5.0 (Macintosh; Intel Mac OS X 10.15; rv:103.0) Gecko/20100101 Firefox/103.0"
