216.244.66.243 - - [29/Jul/2022:18:34:48 +0200] "GET /PmWikiNl/Basisbeginselen HTTP/1.1" 200 24495 "-" "Mozilla/5.0 (compatible; DotBot/1.2; +https://opensiteexplorer.org/dotbot; help@moz.com)"
154.54.249.197 - - [29/Jul/2022:18:35:12 +0200] "GET /Admin/Jahresbericht?action=edit&restore=diff:1185289008:1163053248:&preview=y HTTP/1.1" 200 8723 "-" "Mozilla/5.0 (compatible; Barkrowler/0.9; +https://babbar.tech/crawler)"
154.54.249.197 - - [29/Jul/2022:18:35:45 +0200] "GET /Site/43Fasnacht?action=edit&restore=diff:1242574507:1242155589:&preview=y HTTP/1.1" 200 8669 "-" "Mozilla/5.0 (compatible; Barkrowler/0.9; +https://babbar.tech/crawler)"
154.54.249.197 - - [29/Jul/2022:18:36:15 +0200] "GET /Site/43Fasnacht?action=edit&restore=diff:1241535973:1241535973:&preview=y HTTP/1.1" 200 8669 "-" "Mozilla/5.0 (compatible; Barkrowler/0.9; +https://babbar.tech/crawler)"
154.54.249.197 - - [29/Jul/2022:18:36:51 +0200] "GET /Site/Etnastara?action=edit&restore=diff:1204990562:1203283995:&preview=y HTTP/1.1" 200 8653 "-" "Mozilla/5.0 (compatible; Barkrowler/0.9; +https://babbar.tech/crawler)"
154.54.249.197 - - [29/Jul/2022:18:37:21 +0200] "GET /Site/Etnastara?action=edit&restore=diff:1203281136:1201270809:&preview=y HTTP/1.1" 200 8653 "-" "Mozilla/5.0 (compatible; Barkrowler/0.9; +https://babbar.tech/crawler)"
114.119.140.79 - - [29/Jul/2022:18:37:44 +0200] "GET /PmWikiRu/WikiPage?action=edit HTTP/1.1" 403 18 "http://www.pro-zurituutsch.ch/PmWikiRu/WikiPage" "Mozilla/5.0 (Linux; Android 7.0;) AppleWebKit/537.36 (KHTML, like Gecko) Mobile Safari/537.36 (compatible; PetalBot;+https://webmaster.petalsearch.com/site/petalbot)"
154.54.249.197 - - [29/Jul/2022:18:38:00 +0200] "GET /robots.txt HTTP/1.1" 200 - "-" "Mozilla/5.0 (compatible; Barkrowler/0.9; +https://babbar.tech/crawler)"
154.54.249.197 - - [29/Jul/2022:18:38:30 +0200] "GET /Site/Leerbouech?action=edit&restore=diff:1204991396:1204991358:&preview=y HTTP/1.1" 200 8667 "-" "Mozilla/5.0 (compatible; Barkrowler/0.9; +https://babbar.tech/crawler)"
154.54.249.197 - - [29/Jul/2022:18:39:06 +0200] "GET /Site/SideBar?action=edit&restore=diff:1591953149:1591953046:&preview=y HTTP/1.1" 200 8627 "-" "Mozilla/5.0 (compatible; Barkrowler/0.9; +https://babbar.tech/crawler)"
154.54.249.197 - - [29/Jul/2022:18:39:35 +0200] "GET /Site/SideBar?action=edit&restore=diff:1591953173:1591953149:&preview=y HTTP/1.1" 200 8627 "-" "Mozilla/5.0 (compatible; Barkrowler/0.9; +https://babbar.tech/crawler)"
154.54.249.197 - - [29/Jul/2022:18:40:15 +0200] "GET /Site/42Fasnacht?action=edit&restore=diff:1240477755:1240049126:&preview=y HTTP/1.1" 200 8669 "-" "Mozilla/5.0 (compatible; Barkrowler/0.9; +https://babbar.tech/crawler)"
154.54.249.197 - - [29/Jul/2022:18:40:41 +0200] "GET /Site/Konzertchronik?action=edit&restore=diff:1215284757:1215284731:&preview=y HTTP/1.1" 200 8723 "-" "Mozilla/5.0 (compatible; Barkrowler/0.9; +https://babbar.tech/crawler)"
154.54.249.197 - - [29/Jul/2022:18:41:20 +0200] "GET /Site/182Room1500?action=edit&restore=diff:1271410549:1271410346:&preview=y HTTP/1.1" 200 8685 "-" "Mozilla/5.0 (compatible; Barkrowler/0.9; +https://babbar.tech/crawler)"
154.54.249.197 - - [29/Jul/2022:18:41:47 +0200] "GET /Site/182Room1500?action=edit&restore=diff:1271410267:1271409240:&preview=y HTTP/1.1" 200 8685 "-" "Mozilla/5.0 (compatible; Barkrowler/0.9; +https://babbar.tech/crawler)"
154.54.249.197 - - [29/Jul/2022:18:42:30 +0200] "GET /Site/182Room1500?action=edit&restore=diff:1272875788:1271410549:&preview=y HTTP/1.1" 200 8685 "-" "Mozilla/5.0 (compatible; Barkrowler/0.9; +https://babbar.tech/crawler)"
154.54.249.197 - - [29/Jul/2022:18:42:58 +0200] "GET /Hilfe/RealOne?action=edit&restore=diff:1163037646:1163037612:&preview=y HTTP/1.1" 200 8641 "-" "Mozilla/5.0 (compatible; Barkrowler/0.9; +https://babbar.tech/crawler)"
154.54.249.197 - - [29/Jul/2022:18:43:44 +0200] "GET /robots.txt HTTP/1.1" 200 - "-" "Mozilla/5.0 (compatible; Barkrowler/0.9; +https://babbar.tech/crawler)"
154.54.249.197 - - [29/Jul/2022:18:44:10 +0200] "GET /Texte/Rezension?action=edit&restore=diff:1591952779:1230138295:&preview=y HTTP/1.1" 200 8667 "-" "Mozilla/5.0 (compatible; Barkrowler/0.9; +https://babbar.tech/crawler)"
194.209.200.2 - - [29/Jul/2022:18:44:11 +0200] "GET /robots.txt HTTP/1.1" 200 - "-" "Mozilla/5.0 (compatible; TMMBot/0.2; +http://www.dslab.ch)/Nutch-1.15"
194.209.200.2 - - [29/Jul/2022:18:44:11 +0200] "GET /Admin/AdresseStiftung HTTP/1.1" 200 8453 "-" "Mozilla/5.0 (compatible; TMMBot/0.2; +http://www.dslab.ch)/Nutch-1.15"
154.54.249.197 - - [29/Jul/2022:18:44:48 +0200] "GET /Texte/Limericks?action=edit&restore=diff:1357847046:1357847046:&preview=y HTTP/1.1" 200 8667 "-" "Mozilla/5.0 (compatible; Barkrowler/0.9; +https://babbar.tech/crawler)"
114.119.141.215 - - [29/Jul/2022:18:45:00 +0200] "GET /Site/PageActions?action=search&q=link%3DSite.PageActions HTTP/1.1" 403 18 "http://www.pro-zurituutsch.ch/Site/PageActions" "Mozilla/5.0 (Linux; Android 7.0;) AppleWebKit/537.36 (KHTML, like Gecko) Mobile Safari/537.36 (compatible; PetalBot;+https://webmaster.petalsearch.com/site/petalbot)"
154.54.249.197 - - [29/Jul/2022:18:45:17 +0200] "GET /Texte/Metamorphoses?action=edit&restore=diff:1163052941:1163052941:&preview=y HTTP/1.1" 200 8723 "-" "Mozilla/5.0 (compatible; Barkrowler/0.9; +https://babbar.tech/crawler)"
154.54.249.197 - - [29/Jul/2022:18:45:54 +0200] "GET /Texte/Metamorphoses?action=edit&restore=diff:1163052961:1163052941:&preview=y HTTP/1.1" 200 8723 "-" "Mozilla/5.0 (compatible; Barkrowler/0.9; +https://babbar.tech/crawler)"
194.209.200.2 - - [29/Jul/2022:18:46:02 +0200] "GET /Admin/Jahresbericht HTTP/1.1" 200 45530 "-" "Mozilla/5.0 (compatible; TMMBot/0.2; +http://www.dslab.ch)/Nutch-1.15"
154.54.249.197 - - [29/Jul/2022:18:46:22 +0200] "GET /Texte/Metamorphoses?action=edit&restore=diff:1163052973:1163052961:&preview=y HTTP/1.1" 200 8723 "-" "Mozilla/5.0 (compatible; Barkrowler/0.9; +https://babbar.tech/crawler)"
154.54.249.197 - - [29/Jul/2022:18:46:58 +0200] "GET /Texte/Metamorphoses?action=edit&restore=diff:1177682932:1177682751:&preview=y HTTP/1.1" 200 8723 "-" "Mozilla/5.0 (compatible; Barkrowler/0.9; +https://babbar.tech/crawler)"
185.191.171.42 - - [29/Jul/2022:18:47:05 +0200] "GET /PmWikiFr/CheminDeRecherche?action=diff HTTP/1.1" 403 18 "-" "Mozilla/5.0 (compatible; SemrushBot/7~bl; +http://www.semrush.com/bot.html)"
194.209.200.2 - - [29/Jul/2022:18:47:13 +0200] "GET /Texte/ArsAmatoria HTTP/1.1" 200 12369 "-" "Mozilla/5.0 (compatible; TMMBot/0.2; +http://www.dslab.ch)/Nutch-1.15"
154.54.249.197 - - [29/Jul/2022:18:47:33 +0200] "GET /Texte/Metamorphoses?action=edit&restore=diff:1177682751:1177682622:&preview=y HTTP/1.1" 200 8723 "-" "Mozilla/5.0 (compatible; Barkrowler/0.9; +https://babbar.tech/crawler)"
154.54.249.197 - - [29/Jul/2022:18:48:04 +0200] "GET /Lydja/Mp3?action=edit&restore=diff:1314427239:1314427239:&preview=y HTTP/1.1" 200 8585 "-" "Mozilla/5.0 (compatible; Barkrowler/0.9; +https://babbar.tech/crawler)"
154.54.249.197 - - [29/Jul/2022:18:48:36 +0200] "GET /PodCast/Sbysst?action=edit&restore=diff:1421784802:1421784802:&preview=y HTTP/1.1" 200 8654 "-" "Mozilla/5.0 (compatible; Barkrowler/0.9; +https://babbar.tech/crawler)"
154.54.249.197 - - [29/Jul/2022:18:49:05 +0200] "GET /robots.txt HTTP/1.1" 200 - "-" "Mozilla/5.0 (compatible; Barkrowler/0.9; +https://babbar.tech/crawler)"
154.54.249.197 - - [29/Jul/2022:18:49:39 +0200] "GET /PodCast/RUR02?action=edit&restore=diff:1373820412:1373820272:&preview=y HTTP/1.1" 200 8642 "-" "Mozilla/5.0 (compatible; Barkrowler/0.9; +https://babbar.tech/crawler)"
154.54.249.197 - - [29/Jul/2022:18:50:08 +0200] "GET /PodCast/RUR02?action=edit&restore=diff:1373742230:1373742203:&preview=y HTTP/1.1" 200 8642 "-" "Mozilla/5.0 (compatible; Barkrowler/0.9; +https://babbar.tech/crawler)"
154.54.249.197 - - [29/Jul/2022:18:50:46 +0200] "GET /PodCast/RUR01?action=edit&restore=diff:1366311826:1366311826:&preview=y HTTP/1.1" 200 8642 "-" "Mozilla/5.0 (compatible; Barkrowler/0.9; +https://babbar.tech/crawler)"
194.209.200.2 - - [29/Jul/2022:18:50:50 +0200] "GET /Texte/Bitterbeuhsi HTTP/1.1" 200 9255 "-" "Mozilla/5.0 (compatible; TMMBot/0.2; +http://www.dslab.ch)/Nutch-1.15"
154.54.249.197 - - [29/Jul/2022:18:51:12 +0200] "GET /PodCast/Prometheus?action=edit&restore=diff:1293038590:1293038408:&preview=y HTTP/1.1" 200 8710 "-" "Mozilla/5.0 (compatible; Barkrowler/0.9; +https://babbar.tech/crawler)"
154.54.249.197 - - [29/Jul/2022:18:51:49 +0200] "GET /PodCast/Prometheus?action=edit&restore=diff:1293038408:1293038155:&preview=y HTTP/1.1" 200 8710 "-" "Mozilla/5.0 (compatible; Barkrowler/0.9; +https://babbar.tech/crawler)"
154.54.249.197 - - [29/Jul/2022:18:52:16 +0200] "GET /PodCast/RSSPodcasts?action=edit&restore=diff:1376904377:1357846716:&preview=y HTTP/1.1" 200 8726 "-" "Mozilla/5.0 (compatible; Barkrowler/0.9; +https://babbar.tech/crawler)"
154.54.249.197 - - [29/Jul/2022:18:52:56 +0200] "GET /PodCast/RSSPodcasts?action=edit&restore=diff:1163083850:1163065799:&preview=y HTTP/1.1" 200 8726 "-" "Mozilla/5.0 (compatible; Barkrowler/0.9; +https://babbar.tech/crawler)"
154.54.249.197 - - [29/Jul/2022:18:53:22 +0200] "GET /PodCast/RSSPodcasts?action=edit&restore=diff:1178723176:1177573259:&preview=y HTTP/1.1" 200 8726 "-" "Mozilla/5.0 (compatible; Barkrowler/0.9; +https://babbar.tech/crawler)"
154.54.249.197 - - [29/Jul/2022:18:53:57 +0200] "GET /PodCast/RSSPodcasts?action=edit&restore=diff:1178723194:1178723176:&preview=y HTTP/1.1" 200 8726 "-" "Mozilla/5.0 (compatible; Barkrowler/0.9; +https://babbar.tech/crawler)"
54.36.148.11 - - [29/Jul/2022:18:54:14 +0200] "GET /robots.txt HTTP/1.1" 200 - "-" "Mozilla/5.0 (compatible; AhrefsBot/7.0; +http://ahrefs.com/robot/)"
54.36.148.116 - - [29/Jul/2022:18:54:14 +0200] "GET / HTTP/1.1" 200 15085 "-" "Mozilla/5.0 (compatible; AhrefsBot/7.0; +http://ahrefs.com/robot/)"
154.54.249.197 - - [29/Jul/2022:18:54:29 +0200] "GET /robots.txt HTTP/1.1" 200 - "-" "Mozilla/5.0 (compatible; Barkrowler/0.9; +https://babbar.tech/crawler)"
154.54.249.197 - - [29/Jul/2022:18:55:03 +0200] "GET /PodCast/RSSPodcasts?action=edit&restore=diff:1177572356:1177572281:&preview=y HTTP/1.1" 200 8726 "-" "Mozilla/5.0 (compatible; Barkrowler/0.9; +https://babbar.tech/crawler)"
154.54.249.197 - - [29/Jul/2022:18:55:34 +0200] "GET /PodCast/RSSPodcasts?action=edit&restore=diff:1177572569:1177572547:&preview=y HTTP/1.1" 200 8726 "-" "Mozilla/5.0 (compatible; Barkrowler/0.9; +https://babbar.tech/crawler)"
168.119.51.163 - - [29/Jul/2022:18:55:48 +0200] "GET /robots.txt HTTP/1.1" 200 - "-" "Mozilla/5.0 (compatible; um-IC/1.0; mailto: techinfo@ubermetrics-technologies.com; Windows NT 6.1; WOW64; rv:40.0) Gecko/20100101 Firefox/40.1"
168.119.51.163 - - [29/Jul/2022:18:55:48 +0200] "GET /PodCast/IndexPage?action=rss HTTP/1.1" 200 6298 "-" "Mozilla/5.0 (compatible; um-IC/1.0; mailto: techinfo@ubermetrics-technologies.com; Windows NT 6.1; WOW64; rv:40.0) Gecko/20100101 Firefox/40.1"
154.54.249.197 - - [29/Jul/2022:18:56:09 +0200] "GET /PodCast/RSSPodcasts?action=edit&restore=diff:1177572598:1177572569:&preview=y HTTP/1.1" 200 8726 "-" "Mozilla/5.0 (compatible; Barkrowler/0.9; +https://babbar.tech/crawler)"
154.54.249.197 - - [29/Jul/2022:18:56:41 +0200] "GET /PodCast/RSSPodcasts?action=edit&restore=diff:1177572128:1177572082:&preview=y HTTP/1.1" 200 8726 "-" "Mozilla/5.0 (compatible; Barkrowler/0.9; +https://babbar.tech/crawler)"
154.54.249.197 - - [29/Jul/2022:18:57:11 +0200] "GET /PodCast/RSSPodcasts?action=edit&restore=diff:1163065799:1163065799:&preview=y HTTP/1.1" 200 8726 "-" "Mozilla/5.0 (compatible; Barkrowler/0.9; +https://babbar.tech/crawler)"
154.54.249.197 - - [29/Jul/2022:18:57:45 +0200] "GET /PodCast/Schlouss?action=edit&restore=diff:1166086624:1166084126:&preview=y HTTP/1.1" 200 8682 "-" "Mozilla/5.0 (compatible; Barkrowler/0.9; +https://babbar.tech/crawler)"
154.54.249.197 - - [29/Jul/2022:18:58:16 +0200] "GET /PodCast/PodCast?action=edit&restore=diff:1172389335:1170863623:&preview=y HTTP/1.1" 200 8670 "-" "Mozilla/5.0 (compatible; Barkrowler/0.9; +https://babbar.tech/crawler)"
154.54.249.197 - - [29/Jul/2022:18:58:48 +0200] "GET /PodCast/PodCast?action=edit&restore=diff:1165680590:1165679510:&preview=y HTTP/1.1" 200 8670 "-" "Mozilla/5.0 (compatible; Barkrowler/0.9; +https://babbar.tech/crawler)"
154.54.249.197 - - [29/Jul/2022:18:59:16 +0200] "GET /PodCast/PodCast?action=edit&restore=diff:1163065877:1163065877:&preview=y HTTP/1.1" 200 8670 "-" "Mozilla/5.0 (compatible; Barkrowler/0.9; +https://babbar.tech/crawler)"
154.54.249.197 - - [29/Jul/2022:18:59:50 +0200] "GET /robots.txt HTTP/1.1" 200 - "-" "Mozilla/5.0 (compatible; Barkrowler/0.9; +https://babbar.tech/crawler)"
154.54.249.197 - - [29/Jul/2022:19:00:22 +0200] "GET /PodCast/PodCast?action=edit&restore=diff:1165505421:1165410353:&preview=y HTTP/1.1" 200 8670 "-" "Mozilla/5.0 (compatible; Barkrowler/0.9; +https://babbar.tech/crawler)"
154.54.249.197 - - [29/Jul/2022:19:01:00 +0200] "GET /PodCast/PodCast?action=edit&restore=diff:1165646993:1165646960:&preview=y HTTP/1.1" 200 8670 "-" "Mozilla/5.0 (compatible; Barkrowler/0.9; +https://babbar.tech/crawler)"
154.54.249.197 - - [29/Jul/2022:19:01:38 +0200] "GET /PodCast/PodCast?action=edit&restore=diff:1165646960:1165646822:&preview=y HTTP/1.1" 200 8670 "-" "Mozilla/5.0 (compatible; Barkrowler/0.9; +https://babbar.tech/crawler)"
154.54.249.197 - - [29/Jul/2022:19:02:10 +0200] "GET /PodCast/PodCast?action=edit&restore=diff:1165327890:1165327842:&preview=y HTTP/1.1" 200 8670 "-" "Mozilla/5.0 (compatible; Barkrowler/0.9; +https://babbar.tech/crawler)"
154.54.249.197 - - [29/Jul/2022:19:02:45 +0200] "GET /PodCast/PodCast?action=edit&restore=diff:1165327619:1165327518:&preview=y HTTP/1.1" 200 8670 "-" "Mozilla/5.0 (compatible; Barkrowler/0.9; +https://babbar.tech/crawler)"
185.191.171.26 - - [29/Jul/2022:19:03:19 +0200] "GET /PmWikiFr/ErrorMessages?action=print HTTP/1.1" 403 18 "-" "Mozilla/5.0 (compatible; SemrushBot/7~bl; +http://www.semrush.com/bot.html)"
154.54.249.197 - - [29/Jul/2022:19:03:24 +0200] "GET /PodCast/PodCast?action=edit&restore=diff:1165326642:1165310548:&preview=y HTTP/1.1" 200 8670 "-" "Mozilla/5.0 (compatible; Barkrowler/0.9; +https://babbar.tech/crawler)"
154.54.249.197 - - [29/Jul/2022:19:03:55 +0200] "GET /PodCast/PodCast?action=edit&restore=diff:1165327184:1165326875:&preview=y HTTP/1.1" 200 8670 "-" "Mozilla/5.0 (compatible; Barkrowler/0.9; +https://babbar.tech/crawler)"
154.54.249.197 - - [29/Jul/2022:19:04:25 +0200] "GET /PodCast/PodCast?action=edit&restore=diff:1165327722:1165327662:&preview=y HTTP/1.1" 200 8670 "-" "Mozilla/5.0 (compatible; Barkrowler/0.9; +https://babbar.tech/crawler)"
154.54.249.197 - - [29/Jul/2022:19:04:56 +0200] "GET /PodCast/PodCast?action=edit&restore=diff:1166180372:1166179959:&preview=y HTTP/1.1" 200 8670 "-" "Mozilla/5.0 (compatible; Barkrowler/0.9; +https://babbar.tech/crawler)"
154.54.249.197 - - [29/Jul/2022:19:05:26 +0200] "GET /robots.txt HTTP/1.1" 200 - "-" "Mozilla/5.0 (compatible; Barkrowler/0.9; +https://babbar.tech/crawler)"
154.54.249.197 - - [29/Jul/2022:19:06:07 +0200] "GET /PodCast/PodCast?action=edit&restore=diff:1165650354:1165649917:&preview=y HTTP/1.1" 200 8670 "-" "Mozilla/5.0 (compatible; Barkrowler/0.9; +https://babbar.tech/crawler)"
154.54.249.197 - - [29/Jul/2022:19:06:34 +0200] "GET /PodCast/PodCast?action=edit&restore=diff:1165650472:1165650354:&preview=y HTTP/1.1" 200 8670 "-" "Mozilla/5.0 (compatible; Barkrowler/0.9; +https://babbar.tech/crawler)"
154.54.249.197 - - [29/Jul/2022:19:07:07 +0200] "GET /PodCast/PodCast?action=edit&restore=diff:1168876715:1168876674:&preview=y HTTP/1.1" 200 8670 "-" "Mozilla/5.0 (compatible; Barkrowler/0.9; +https://babbar.tech/crawler)"
154.54.249.197 - - [29/Jul/2022:19:07:39 +0200] "GET /PodCast/PodCast?action=edit&restore=diff:1168876674:1168338709:&preview=y HTTP/1.1" 200 8670 "-" "Mozilla/5.0 (compatible; Barkrowler/0.9; +https://babbar.tech/crawler)"
154.54.249.197 - - [29/Jul/2022:19:08:13 +0200] "GET /PodCast/PodCast?action=edit&restore=diff:1166088256:1166088219:&preview=y HTTP/1.1" 200 8670 "-" "Mozilla/5.0 (compatible; Barkrowler/0.9; +https://babbar.tech/crawler)"
154.54.249.197 - - [29/Jul/2022:19:08:48 +0200] "GET /PodCast/PodCast?action=edit&restore=diff:1166168526:1166127796:&preview=y HTTP/1.1" 200 8670 "-" "Mozilla/5.0 (compatible; Barkrowler/0.9; +https://babbar.tech/crawler)"
154.54.249.197 - - [29/Jul/2022:19:09:21 +0200] "GET /PodCast/PodCast?action=edit&restore=diff:1166179867:1166179604:&preview=y HTTP/1.1" 200 8670 "-" "Mozilla/5.0 (compatible; Barkrowler/0.9; +https://babbar.tech/crawler)"
207.46.13.8 - - [29/Jul/2022:19:09:25 +0200] "GET /Site/Blickestoorff2 HTTP/1.1" 200 18706 "-" "Mozilla/5.0 (compatible; bingbot/2.0; +http://www.bing.com/bingbot.htm)"
154.54.249.197 - - [29/Jul/2022:19:09:49 +0200] "GET /PodCast/PodCast?action=edit&restore=diff:1166179604:1166179449:&preview=y HTTP/1.1" 200 8670 "-" "Mozilla/5.0 (compatible; Barkrowler/0.9; +https://babbar.tech/crawler)"
154.54.249.197 - - [29/Jul/2022:19:10:17 +0200] "GET /PodCast/PodCast?action=edit&restore=diff:1165518906:1165505421:&preview=y HTTP/1.1" 200 8670 "-" "Mozilla/5.0 (compatible; Barkrowler/0.9; +https://babbar.tech/crawler)"
34.214.53.203 - - [29/Jul/2022:19:10:46 +0200] "GET /PodCast/Zugle HTTP/1.1" 200 19132 "-" "wiederfreibot/1.0 (+https://www.wiederfrei.ch/crawler.html)"
154.54.249.197 - - [29/Jul/2022:19:10:51 +0200] "GET /robots.txt HTTP/1.1" 200 - "-" "Mozilla/5.0 (compatible; Barkrowler/0.9; +https://babbar.tech/crawler)"
154.54.249.197 - - [29/Jul/2022:19:11:22 +0200] "GET /PodCast/PodCast?action=edit&restore=diff:1165519050:1165518906:&preview=y HTTP/1.1" 200 8670 "-" "Mozilla/5.0 (compatible; Barkrowler/0.9; +https://babbar.tech/crawler)"
154.54.249.197 - - [29/Jul/2022:19:11:58 +0200] "GET /PodCast/PodCast?action=edit&restore=diff:1348495004:1347560273:&preview=y HTTP/1.1" 200 8670 "-" "Mozilla/5.0 (compatible; Barkrowler/0.9; +https://babbar.tech/crawler)"
154.54.249.197 - - [29/Jul/2022:19:12:26 +0200] "GET /PodCast/PodCast?action=edit&restore=diff:1347560273:1346078710:&preview=y HTTP/1.1" 200 8670 "-" "Mozilla/5.0 (compatible; Barkrowler/0.9; +https://babbar.tech/crawler)"
154.54.249.197 - - [29/Jul/2022:19:12:59 +0200] "GET /PodCast/PodCast?action=edit&restore=diff:1282557298:1282557189:&preview=y HTTP/1.1" 200 8670 "-" "Mozilla/5.0 (compatible; Barkrowler/0.9; +https://babbar.tech/crawler)"
154.54.249.197 - - [29/Jul/2022:19:13:32 +0200] "GET /PodCast/Hafering?action=edit&restore=diff:1314427068:1298145247:&preview=y HTTP/1.1" 200 8682 "-" "Mozilla/5.0 (compatible; Barkrowler/0.9; +https://babbar.tech/crawler)"
154.54.249.197 - - [29/Jul/2022:19:14:06 +0200] "GET /PodCast/Hafering?action=edit&restore=diff:1297616998:1297616998:&preview=y HTTP/1.1" 200 8682 "-" "Mozilla/5.0 (compatible; Barkrowler/0.9; +https://babbar.tech/crawler)"
154.54.249.197 - - [29/Jul/2022:19:14:38 +0200] "GET /PodCast/IndexPage?action=edit&restore=diff:1503128429:1503128411:&preview=y HTTP/1.1" 200 8698 "-" "Mozilla/5.0 (compatible; Barkrowler/0.9; +https://babbar.tech/crawler)"
154.54.249.197 - - [29/Jul/2022:19:15:08 +0200] "GET /PodCast/IndexPage?action=edit&restore=diff:1273330441:1273330155:&preview=y HTTP/1.1" 200 8698 "-" "Mozilla/5.0 (compatible; Barkrowler/0.9; +https://babbar.tech/crawler)"
185.191.171.4 - - [29/Jul/2022:19:15:38 +0200] "GET /PmWikiDe/Internationalisierungen?action=upload HTTP/1.1" 403 18 "-" "Mozilla/5.0 (compatible; SemrushBot/7~bl; +http://www.semrush.com/bot.html)"
154.54.249.197 - - [29/Jul/2022:19:15:39 +0200] "GET /PodCast/Nostalgy?action=edit&restore=diff:1220122182:1220122129:&preview=y HTTP/1.1" 200 8682 "-" "Mozilla/5.0 (compatible; Barkrowler/0.9; +https://babbar.tech/crawler)"
194.209.200.2 - - [29/Jul/2022:19:16:00 +0200] "GET /robots.txt HTTP/1.1" 200 - "-" "Mozilla/5.0 (compatible; TMMBot/0.2; +http://www.dslab.ch)/Nutch-1.15"
194.209.200.2 - - [29/Jul/2022:19:16:00 +0200] "GET /Admin/AdresseStiftung HTTP/1.1" 200 8453 "-" "Mozilla/5.0 (compatible; TMMBot/0.2; +http://www.dslab.ch)/Nutch-1.15"
154.54.249.197 - - [29/Jul/2022:19:16:10 +0200] "GET /robots.txt HTTP/1.1" 200 - "-" "Mozilla/5.0 (compatible; Barkrowler/0.9; +https://babbar.tech/crawler)"
154.54.249.197 - - [29/Jul/2022:19:16:44 +0200] "GET /Admin/ZurStiftung?action=edit&restore=diff:1163035946:1163035946:&preview=y HTTP/1.1" 200 8697 "-" "Mozilla/5.0 (compatible; Barkrowler/0.9; +https://babbar.tech/crawler)"
154.54.249.197 - - [29/Jul/2022:19:17:16 +0200] "GET /Site/191Raech1509?action=edit&restore=diff:1272735948:1272735948:&preview=y HTTP/1.1" 200 8699 "-" "Mozilla/5.0 (compatible; Barkrowler/0.9; +https://babbar.tech/crawler)"
194.209.200.2 - - [29/Jul/2022:19:17:45 +0200] "GET /Admin/Jahresbericht HTTP/1.1" 200 45530 "-" "Mozilla/5.0 (compatible; TMMBot/0.2; +http://www.dslab.ch)/Nutch-1.15"
154.54.249.197 - - [29/Jul/2022:19:17:51 +0200] "GET /Site/Tessynfaart?action=edit&restore=diff:1216924852:1216924585:&preview=y HTTP/1.1" 200 8681 "-" "Mozilla/5.0 (compatible; Barkrowler/0.9; +https://babbar.tech/crawler)"
154.54.249.197 - - [29/Jul/2022:19:18:20 +0200] "GET /Site/Etnastara?action=edit&restore=diff:1201270748:1201270610:&preview=y HTTP/1.1" 200 8653 "-" "Mozilla/5.0 (compatible; Barkrowler/0.9; +https://babbar.tech/crawler)"
154.54.249.197 - - [29/Jul/2022:19:18:53 +0200] "GET /Site/Etnastara?action=edit&restore=diff:1201270042:1201270042:&preview=y HTTP/1.1" 200 8653 "-" "Mozilla/5.0 (compatible; Barkrowler/0.9; +https://babbar.tech/crawler)"
154.54.249.197 - - [29/Jul/2022:19:19:23 +0200] "GET /Site/Etnastara?action=edit&restore=diff:1201270809:1201270748:&preview=y HTTP/1.1" 200 8653 "-" "Mozilla/5.0 (compatible; Barkrowler/0.9; +https://babbar.tech/crawler)"
154.54.249.197 - - [29/Jul/2022:19:19:55 +0200] "GET /Site/101Ramft1478?action=edit&restore=diff:1250007739:1250007183:&preview=y HTTP/1.1" 200 8699 "-" "Mozilla/5.0 (compatible; Barkrowler/0.9; +https://babbar.tech/crawler)"
185.191.171.20 - - [29/Jul/2022:19:20:20 +0200] "GET /PmWikiRu/A?action=search&fmt=title&q=link%3DPmWikiRu.WikiSandbox HTTP/1.1" 404 18 "-" "Mozilla/5.0 (compatible; SemrushBot/7~bl; +http://www.semrush.com/bot.html)"
154.54.249.197 - - [29/Jul/2022:19:20:25 +0200] "GET /Site/111Stans1481?action=edit&restore=diff:1252001582:1252001458:&preview=y HTTP/1.1" 200 8699 "-" "Mozilla/5.0 (compatible; Barkrowler/0.9; +https://babbar.tech/crawler)"
154.54.249.197 - - [29/Jul/2022:19:21:00 +0200] "GET /Site/51Trouttike?action=edit&restore=diff:1242573519:1242573499:&preview=y HTTP/1.1" 200 8683 "-" "Mozilla/5.0 (compatible; Barkrowler/0.9; +https://babbar.tech/crawler)"
154.54.249.197 - - [29/Jul/2022:19:21:32 +0200] "GET /robots.txt HTTP/1.1" 200 - "-" "Mozilla/5.0 (compatible; Barkrowler/0.9; +https://babbar.tech/crawler)"
154.54.249.197 - - [29/Jul/2022:19:22:04 +0200] "GET /Site/51Trouttike?action=edit&restore=diff:1242573421:1242573421:&preview=y HTTP/1.1" 200 8683 "-" "Mozilla/5.0 (compatible; Barkrowler/0.9; +https://babbar.tech/crawler)"
194.209.200.2 - - [29/Jul/2022:19:22:14 +0200] "GET /Texte/Bitterbeuhsi HTTP/1.1" 200 9255 "-" "Mozilla/5.0 (compatible; TMMBot/0.2; +http://www.dslab.ch)/Nutch-1.15"
154.54.249.197 - - [29/Jul/2022:19:22:33 +0200] "GET /Site/62Mulhouse1468?action=edit&restore=diff:1250007052:1250007039:&preview=y HTTP/1.1" 200 8727 "-" "Mozilla/5.0 (compatible; Barkrowler/0.9; +https://babbar.tech/crawler)"
194.209.200.2 - - [29/Jul/2022:19:22:51 +0200] "GET /Hilfe/AnleitungTonbeispiele HTTP/1.1" 200 9878 "-" "Mozilla/5.0 (compatible; TMMBot/0.2; +http://www.dslab.ch)/Nutch-1.15"
154.54.249.197 - - [29/Jul/2022:19:23:04 +0200] "GET /Site/62Mulhouse1468?action=edit&restore=diff:1245871125:1245600378:&preview=y HTTP/1.1" 200 8727 "-" "Mozilla/5.0 (compatible; Barkrowler/0.9; +https://babbar.tech/crawler)"
154.54.249.197 - - [29/Jul/2022:19:23:36 +0200] "GET /Site/62Mulhouse1468?action=edit&restore=diff:1245599078:1245599078:&preview=y HTTP/1.1" 200 8727 "-" "Mozilla/5.0 (compatible; Barkrowler/0.9; +https://babbar.tech/crawler)"
154.54.249.197 - - [29/Jul/2022:19:24:07 +0200] "GET /Texte/Schrybwys?action=edit&restore=diff:1163036928:1163036782:&preview=y HTTP/1.1" 200 8667 "-" "Mozilla/5.0 (compatible; Barkrowler/0.9; +https://babbar.tech/crawler)"
95.163.255.86 - - [29/Jul/2022:19:24:28 +0200] "GET /robots.txt HTTP/1.0" 200 - "-" "Mozilla/5.0 (compatible; Linux x86_64; Mail.RU_Bot/2.0; +https://help.mail.ru/webmaster/indexing/robots)"
95.163.255.87 - - [29/Jul/2022:19:24:29 +0200] "GET /PmWikiRu/Security HTTP/1.1" 200 11916 "-" "Mozilla/5.0 (compatible; Linux x86_64; Mail.RU_Bot/2.0; +https://help.mail.ru/webmaster/indexing/robots)"
154.54.249.197 - - [29/Jul/2022:19:24:39 +0200] "GET /Texte/Schrybwys?action=edit&restore=diff:1163037163:1163036928:&preview=y HTTP/1.1" 200 8667 "-" "Mozilla/5.0 (compatible; Barkrowler/0.9; +https://babbar.tech/crawler)"
154.54.249.197 - - [29/Jul/2022:19:25:08 +0200] "GET /Texte/Schrybwys?action=edit&restore=diff:1163037260:1163037207:&preview=y HTTP/1.1" 200 8667 "-" "Mozilla/5.0 (compatible; Barkrowler/0.9; +https://babbar.tech/crawler)"
154.54.249.197 - - [29/Jul/2022:19:25:38 +0200] "GET /Texte/ArsAmatoria?action=edit&restore=diff:1177684430:1177684406:&preview=y HTTP/1.1" 200 8697 "-" "Mozilla/5.0 (compatible; Barkrowler/0.9; +https://babbar.tech/crawler)"
154.54.249.197 - - [29/Jul/2022:19:26:08 +0200] "GET /PmWikiFr/A?action=search&q=link=PmWikiFr.ChangerLesURLPmWiki&fmt=title HTTP/1.1" 200 10904 "-" "Mozilla/5.0 (compatible; Barkrowler/0.9; +https://babbar.tech/crawler)"
154.54.249.197 - - [29/Jul/2022:19:26:45 +0200] "GET /robots.txt HTTP/1.1" 200 - "-" "Mozilla/5.0 (compatible; Barkrowler/0.9; +https://babbar.tech/crawler)"
66.249.76.222 - - [29/Jul/2022:19:27:14 +0200] "GET /PodCast/IndexPage?action=rss HTTP/1.1" 200 6298 "-" "Mozilla/5.0 (compatible; Googlebot/2.1; +http://www.google.com/bot.html)"
154.54.249.197 - - [29/Jul/2022:19:27:18 +0200] "GET /PmWikiFr/A?action=search&q=link=PmWikiFr.LesFermesEnBref&fmt=title HTTP/1.1" 200 10760 "-" "Mozilla/5.0 (compatible; Barkrowler/0.9; +https://babbar.tech/crawler)"
154.54.249.197 - - [29/Jul/2022:19:27:49 +0200] "GET /PodCast/Ggloge?action=edit&restore=diff:1222024541:1222024140:&preview=y HTTP/1.1" 200 8654 "-" "Mozilla/5.0 (compatible; Barkrowler/0.9; +https://babbar.tech/crawler)"
154.54.249.197 - - [29/Jul/2022:19:28:23 +0200] "GET /PodCast/Lydja?action=edit&restore=diff:1355943708:1355943521:&preview=y HTTP/1.1" 200 8640 "-" "Mozilla/5.0 (compatible; Barkrowler/0.9; +https://babbar.tech/crawler)"
154.54.249.197 - - [29/Jul/2022:19:28:55 +0200] "GET /PodCast/Lydja?action=edit&restore=diff:1314426644:1314426644:&preview=y HTTP/1.1" 200 8640 "-" "Mozilla/5.0 (compatible; Barkrowler/0.9; +https://babbar.tech/crawler)"
154.54.249.197 - - [29/Jul/2022:19:29:31 +0200] "GET /PodCast/Lydja?action=edit&restore=diff:1447019615:1425229217:&preview=y HTTP/1.1" 200 8640 "-" "Mozilla/5.0 (compatible; Barkrowler/0.9; +https://babbar.tech/crawler)"
154.54.249.197 - - [29/Jul/2022:19:30:02 +0200] "GET /PodCast/Voorwort?action=edit&restore=diff:1172765626:1172765594:&preview=y HTTP/1.1" 200 8682 "-" "Mozilla/5.0 (compatible; Barkrowler/0.9; +https://babbar.tech/crawler)"
154.54.249.197 - - [29/Jul/2022:19:30:35 +0200] "GET /PodCast/Voorwort?action=edit&restore=diff:1172765300:1172765133:&preview=y HTTP/1.1" 200 8682 "-" "Mozilla/5.0 (compatible; Barkrowler/0.9; +https://babbar.tech/crawler)"
154.54.249.197 - - [29/Jul/2022:19:31:07 +0200] "GET /PodCast/Voorwort?action=edit&restore=diff:1172765594:1172765390:&preview=y HTTP/1.1" 200 8682 "-" "Mozilla/5.0 (compatible; Barkrowler/0.9; +https://babbar.tech/crawler)"
154.54.249.197 - - [29/Jul/2022:19:31:38 +0200] "GET /PodCast/Voorwort?action=edit&restore=diff:1166170185:1166168573:&preview=y HTTP/1.1" 200 8682 "-" "Mozilla/5.0 (compatible; Barkrowler/0.9; +https://babbar.tech/crawler)"
154.54.249.197 - - [29/Jul/2022:19:32:14 +0200] "GET /robots.txt HTTP/1.1" 200 - "-" "Mozilla/5.0 (compatible; Barkrowler/0.9; +https://babbar.tech/crawler)"
185.191.171.12 - - [29/Jul/2022:19:32:40 +0200] "GET /robots.txt HTTP/1.1" 200 - "-" "Mozilla/5.0 (compatible; SemrushBot/7~bl; +http://www.semrush.com/bot.html)"
185.191.171.38 - - [29/Jul/2022:19:32:40 +0200] "GET /PmWikiDe/DeletingPages?action=edit HTTP/1.1" 403 18 "-" "Mozilla/5.0 (compatible; SemrushBot/7~bl; +http://www.semrush.com/bot.html)"
154.54.249.197 - - [29/Jul/2022:19:32:45 +0200] "GET /PodCast/Redeleere?action=edit&restore=diff:1298145078:1298142261:&preview=y HTTP/1.1" 200 8696 "-" "Mozilla/5.0 (compatible; Barkrowler/0.9; +https://babbar.tech/crawler)"
185.191.171.3 - - [29/Jul/2022:19:32:49 +0200] "GET /PmWikiDe/PmWikiPhilosophy?action=upload HTTP/1.1" 403 18 "-" "Mozilla/5.0 (compatible; SemrushBot/7~bl; +http://www.semrush.com/bot.html)"
154.54.249.197 - - [29/Jul/2022:19:33:17 +0200] "GET /PodCast/Styluebige?action=edit&restore=diff:1177679491:1177679234:&preview=y HTTP/1.1" 200 8710 "-" "Mozilla/5.0 (compatible; Barkrowler/0.9; +https://babbar.tech/crawler)"
154.54.249.197 - - [29/Jul/2022:19:33:45 +0200] "GET /PodCast/Styluebige?action=edit&restore=diff:1163064631:1163064631:&preview=y HTTP/1.1" 200 8710 "-" "Mozilla/5.0 (compatible; Barkrowler/0.9; +https://babbar.tech/crawler)"
154.54.249.197 - - [29/Jul/2022:19:34:21 +0200] "GET /PodCast/Styluebige?action=edit&restore=diff:1163401389:1163080609:&preview=y HTTP/1.1" 200 8710 "-" "Mozilla/5.0 (compatible; Barkrowler/0.9; +https://babbar.tech/crawler)"
154.54.249.197 - - [29/Jul/2022:19:34:50 +0200] "GET /PodCast/SpruchZ?action=edit&restore=diff:1452270955:1452270615:&preview=y HTTP/1.1" 200 8670 "-" "Mozilla/5.0 (compatible; Barkrowler/0.9; +https://babbar.tech/crawler)"
154.54.249.197 - - [29/Jul/2022:19:35:26 +0200] "GET /PodCast/SpruchZ?action=edit&restore=diff:1452271732:1452271606:&preview=y HTTP/1.1" 200 8670 "-" "Mozilla/5.0 (compatible; Barkrowler/0.9; +https://babbar.tech/crawler)"
154.54.249.197 - - [29/Jul/2022:19:35:54 +0200] "GET /PodCast/Roman3?action=edit&restore=diff:1179128932:1179128932:&preview=y HTTP/1.1" 200 8656 "-" "Mozilla/5.0 (compatible; Barkrowler/0.9; +https://babbar.tech/crawler)"
154.54.249.197 - - [29/Jul/2022:19:36:26 +0200] "GET /PodCast/Roman3?action=edit&restore=diff:1179131007:1179130627:&preview=y HTTP/1.1" 200 8656 "-" "Mozilla/5.0 (compatible; Barkrowler/0.9; +https://babbar.tech/crawler)"
154.54.249.197 - - [29/Jul/2022:19:36:58 +0200] "GET /PodCast/Roman1?action=edit&restore=diff:1220122020:1201270313:&preview=y HTTP/1.1" 200 8656 "-" "Mozilla/5.0 (compatible; Barkrowler/0.9; +https://babbar.tech/crawler)"
154.54.249.197 - - [29/Jul/2022:19:37:30 +0200] "GET /robots.txt HTTP/1.1" 200 - "-" "Mozilla/5.0 (compatible; Barkrowler/0.9; +https://babbar.tech/crawler)"
154.54.249.197 - - [29/Jul/2022:19:38:03 +0200] "GET /PodCast/Roman1?action=edit&restore=diff:1179129608:1177920242:&preview=y HTTP/1.1" 200 8656 "-" "Mozilla/5.0 (compatible; Barkrowler/0.9; +https://babbar.tech/crawler)"
154.54.249.197 - - [29/Jul/2022:19:38:33 +0200] "GET /PodCast/Roman1?action=edit&restore=diff:1177919510:1177918698:&preview=y HTTP/1.1" 200 8656 "-" "Mozilla/5.0 (compatible; Barkrowler/0.9; +https://babbar.tech/crawler)"
154.54.249.197 - - [29/Jul/2022:19:39:02 +0200] "GET /PodCast/Roman1?action=edit&restore=diff:1177918131:1177918131:&preview=y HTTP/1.1" 200 8656 "-" "Mozilla/5.0 (compatible; Barkrowler/0.9; +https://babbar.tech/crawler)"
154.54.249.197 - - [29/Jul/2022:19:39:35 +0200] "GET /PodCast/IndexPage?action=edit&restore=diff:1409496300:1409496228:minor&preview=y HTTP/1.1" 200 8703 "-" "Mozilla/5.0 (compatible; Barkrowler/0.9; +https://babbar.tech/crawler)"
154.54.249.197 - - [29/Jul/2022:19:40:06 +0200] "GET /PodCast/Wortwaarte?action=edit&restore=diff:1252607939:1252607842:&preview=y HTTP/1.1" 200 8710 "-" "Mozilla/5.0 (compatible; Barkrowler/0.9; +https://babbar.tech/crawler)"
154.54.249.197 - - [29/Jul/2022:19:40:37 +0200] "GET /PodCast/Apschlouss?action=edit&restore=diff:1166172533:1166170395:&preview=y HTTP/1.1" 200 8710 "-" "Mozilla/5.0 (compatible; Barkrowler/0.9; +https://babbar.tech/crawler)"
154.54.249.197 - - [29/Jul/2022:19:41:09 +0200] "GET /Bestellen/Pschtellf?action=edit&restore=diff:1179560406:1179232963:&preview=y HTTP/1.1" 200 8723 "-" "Mozilla/5.0 (compatible; Barkrowler/0.9; +https://babbar.tech/crawler)"
154.54.249.197 - - [29/Jul/2022:19:41:39 +0200] "GET /Bestellen/Pschtellf?action=edit&restore=diff:1619700629:1619700608:&preview=y HTTP/1.1" 200 8723 "-" "Mozilla/5.0 (compatible; Barkrowler/0.9; +https://babbar.tech/crawler)"
154.54.249.197 - - [29/Jul/2022:19:42:11 +0200] "GET /Site/112Stans1481?action=edit&restore=diff:1253285701:1253285701:&preview=y HTTP/1.1" 200 8699 "-" "Mozilla/5.0 (compatible; Barkrowler/0.9; +https://babbar.tech/crawler)"
154.54.249.197 - - [29/Jul/2022:19:42:45 +0200] "GET /robots.txt HTTP/1.1" 200 - "-" "Mozilla/5.0 (compatible; Barkrowler/0.9; +https://babbar.tech/crawler)"
154.54.249.197 - - [29/Jul/2022:19:43:16 +0200] "GET /Site/Blickestoorff?action=edit&restore=diff:1232659528:1231624118:&preview=y HTTP/1.1" 200 8709 "-" "Mozilla/5.0 (compatible; Barkrowler/0.9; +https://babbar.tech/crawler)"
154.54.249.197 - - [29/Jul/2022:19:43:47 +0200] "GET /Site/Blickestoorff?action=edit&restore=diff:1231623767:1231623677:&preview=y HTTP/1.1" 200 8709 "-" "Mozilla/5.0 (compatible; Barkrowler/0.9; +https://babbar.tech/crawler)"
154.54.249.197 - - [29/Jul/2022:19:44:16 +0200] "GET /Site/Blickestoorff?action=edit&restore=diff:1231623136:1231622276:&preview=y HTTP/1.1" 200 8709 "-" "Mozilla/5.0 (compatible; Barkrowler/0.9; +https://babbar.tech/crawler)"
154.54.249.197 - - [29/Jul/2022:19:44:46 +0200] "GET /Site/Blickestoorff?action=edit&restore=diff:1231623786:1231623767:&preview=y HTTP/1.1" 200 8709 "-" "Mozilla/5.0 (compatible; Barkrowler/0.9; +https://babbar.tech/crawler)"
154.54.249.197 - - [29/Jul/2022:19:45:16 +0200] "GET /Site/Blickestoorff?action=edit&restore=diff:1231623677:1231623601:&preview=y HTTP/1.1" 200 8709 "-" "Mozilla/5.0 (compatible; Barkrowler/0.9; +https://babbar.tech/crawler)"
154.54.249.197 - - [29/Jul/2022:19:45:49 +0200] "GET /Site/WGA5Herz?action=edit&restore=diff:1297098682:1292432412:&preview=y HTTP/1.1" 200 8643 "-" "Mozilla/5.0 (compatible; Barkrowler/0.9; +https://babbar.tech/crawler)"
154.54.249.197 - - [29/Jul/2022:19:46:19 +0200] "GET /Site/WGA5Herz?action=edit&restore=diff:1291233333:1290681496:&preview=y HTTP/1.1" 200 8643 "-" "Mozilla/5.0 (compatible; Barkrowler/0.9; +https://babbar.tech/crawler)"
154.54.249.197 - - [29/Jul/2022:19:46:47 +0200] "GET /Texte/ArsAmatoria?action=edit&restore=diff:1163056760:1163056202:&preview=y HTTP/1.1" 200 8697 "-" "Mozilla/5.0 (compatible; Barkrowler/0.9; +https://babbar.tech/crawler)"
194.209.200.2 - - [29/Jul/2022:19:46:49 +0200] "GET /robots.txt HTTP/1.1" 200 - "-" "Mozilla/5.0 (compatible; TMMBot/0.2; +http://www.dslab.ch)/Nutch-1.15"
194.209.200.2 - - [29/Jul/2022:19:46:49 +0200] "GET /Admin/AdresseStiftung HTTP/1.1" 200 8453 "-" "Mozilla/5.0 (compatible; TMMBot/0.2; +http://www.dslab.ch)/Nutch-1.15"
154.54.249.197 - - [29/Jul/2022:19:47:18 +0200] "GET /Texte/ArsAmatoria?action=edit&restore=diff:1163055884:1163055690:&preview=y HTTP/1.1" 200 8697 "-" "Mozilla/5.0 (compatible; Barkrowler/0.9; +https://babbar.tech/crawler)"
154.54.249.197 - - [29/Jul/2022:19:47:49 +0200] "GET /robots.txt HTTP/1.1" 200 - "-" "Mozilla/5.0 (compatible; Barkrowler/0.9; +https://babbar.tech/crawler)"
154.54.249.197 - - [29/Jul/2022:19:48:20 +0200] "GET /Texte/Styluebige?action=edit&restore=diff:1163038201:1163038179:&preview=y HTTP/1.1" 200 8681 "-" "Mozilla/5.0 (compatible; Barkrowler/0.9; +https://babbar.tech/crawler)"
185.191.171.8 - - [29/Jul/2022:19:48:21 +0200] "GET /PmWikiRu/XLPage HTTP/1.1" 200 19493 "-" "Mozilla/5.0 (compatible; SemrushBot/7~bl; +http://www.semrush.com/bot.html)"
154.54.249.197 - - [29/Jul/2022:19:48:51 +0200] "GET /PodCast/JBJ402?action=edit&restore=diff:1409496409:1409496124:&preview=y HTTP/1.1" 200 8656 "-" "Mozilla/5.0 (compatible; Barkrowler/0.9; +https://babbar.tech/crawler)"
194.209.200.2 - - [29/Jul/2022:19:49:06 +0200] "GET /Admin/Jahresbericht HTTP/1.1" 200 45530 "-" "Mozilla/5.0 (compatible; TMMBot/0.2; +http://www.dslab.ch)/Nutch-1.15"
154.54.249.197 - - [29/Jul/2022:19:49:18 +0200] "GET /PodCast/Gvatterle?action=edit&restore=diff:1299171925:1299171474:&preview=y HTTP/1.1" 200 8696 "-" "Mozilla/5.0 (compatible; Barkrowler/0.9; +https://babbar.tech/crawler)"
194.209.200.2 - - [29/Jul/2022:19:49:39 +0200] "GET /Texte/Schrybwys HTTP/1.1" 200 11028 "-" "Mozilla/5.0 (compatible; TMMBot/0.2; +http://www.dslab.ch)/Nutch-1.15"
154.54.249.197 - - [29/Jul/2022:19:49:49 +0200] "GET /PodCast/Wandermaasse?action=edit&restore=diff:1391015124:1391014943:&preview=y HTTP/1.1" 200 8738 "-" "Mozilla/5.0 (compatible; Barkrowler/0.9; +https://babbar.tech/crawler)"
154.54.249.197 - - [29/Jul/2022:19:50:18 +0200] "GET /PodCast/SprAntBea?action=edit&restore=diff:1475920945:1470996334:&preview=y HTTP/1.1" 200 8700 "-" "Mozilla/5.0 (compatible; Barkrowler/0.9; +https://babbar.tech/crawler)"
154.54.249.197 - - [29/Jul/2022:19:50:50 +0200] "GET /PodCast/Chlapf?action=edit&restore=diff:1186738432:1186738432:&preview=y HTTP/1.1" 200 8654 "-" "Mozilla/5.0 (compatible; Barkrowler/0.9; +https://babbar.tech/crawler)"
114.119.141.112 - - [29/Jul/2022:19:51:02 +0200] "GET /PmWikiDe/DeletingPages?action=diff HTTP/1.1" 403 18 "http://www.pro-zurituutsch.ch/PmWikiDe/DeletingPages" "Mozilla/5.0 (Linux; Android 7.0;) AppleWebKit/537.36 (KHTML, like Gecko) Mobile Safari/537.36 (compatible; PetalBot;+https://webmaster.petalsearch.com/site/petalbot)"
154.54.249.197 - - [29/Jul/2022:19:51:18 +0200] "GET /PodCast/Quaalewaal?action=edit&restore=diff:1278093673:1278093673:&preview=y HTTP/1.1" 200 8710 "-" "Mozilla/5.0 (compatible; Barkrowler/0.9; +https://babbar.tech/crawler)"
154.54.249.197 - - [29/Jul/2022:19:51:48 +0200] "GET /PodCast/Quaalewaal?action=edit&restore=diff:1278095032:1278095007:&preview=y HTTP/1.1" 200 8710 "-" "Mozilla/5.0 (compatible; Barkrowler/0.9; +https://babbar.tech/crawler)"
154.54.249.197 - - [29/Jul/2022:19:52:17 +0200] "GET /PodCast/Quaalewaal?action=edit&restore=diff:1278094821:1278094786:&preview=y HTTP/1.1" 200 8710 "-" "Mozilla/5.0 (compatible; Barkrowler/0.9; +https://babbar.tech/crawler)"
154.54.249.197 - - [29/Jul/2022:19:52:48 +0200] "GET /robots.txt HTTP/1.1" 200 - "-" "Mozilla/5.0 (compatible; Barkrowler/0.9; +https://babbar.tech/crawler)"
194.209.200.2 - - [29/Jul/2022:19:53:16 +0200] "GET /Texte/Gloosse HTTP/1.1" 200 8061 "-" "Mozilla/5.0 (compatible; TMMBot/0.2; +http://www.dslab.ch)/Nutch-1.15"
154.54.249.197 - - [29/Jul/2022:19:53:19 +0200] "GET /Bestellen/Pschtellf?action=edit&restore=diff:1656358423:1656358247:&preview=y HTTP/1.1" 200 8723 "-" "Mozilla/5.0 (compatible; Barkrowler/0.9; +https://babbar.tech/crawler)"
154.54.249.197 - - [29/Jul/2022:19:53:48 +0200] "GET /Site/31Meuischtergass?action=edit&restore=diff:1236572708:1236530816:&preview=y HTTP/1.1" 200 8753 "-" "Mozilla/5.0 (compatible; Barkrowler/0.9; +https://babbar.tech/crawler)"
154.54.249.197 - - [29/Jul/2022:19:54:16 +0200] "GET /Texte/Bitterbeuhsi?action=edit&restore=diff:1163063982:1163057265:&preview=y HTTP/1.1" 200 8709 "-" "Mozilla/5.0 (compatible; Barkrowler/0.9; +https://babbar.tech/crawler)"
154.54.249.197 - - [29/Jul/2022:19:54:47 +0200] "GET /Blickestoorff/2?action=edit&restore=diff:1232659859:1232659734:&preview=y HTTP/1.1" 200 8667 "-" "Mozilla/5.0 (compatible; Barkrowler/0.9; +https://babbar.tech/crawler)"
154.54.249.197 - - [29/Jul/2022:19:55:21 +0200] "GET /PodCast/JBJ502?action=edit&restore=diff:1414950107:1414950046:&preview=y HTTP/1.1" 200 8656 "-" "Mozilla/5.0 (compatible; Barkrowler/0.9; +https://babbar.tech/crawler)"
194.209.200.2 - - [29/Jul/2022:19:55:32 +0200] "GET /Texte/Bitterbeuhsi HTTP/1.1" 200 9255 "-" "Mozilla/5.0 (compatible; TMMBot/0.2; +http://www.dslab.ch)/Nutch-1.15"
154.54.249.197 - - [29/Jul/2022:19:55:51 +0200] "GET /PodCast/Zugle2?action=edit&restore=diff:1324396024:1324395929:&preview=y HTTP/1.1" 200 8656 "-" "Mozilla/5.0 (compatible; Barkrowler/0.9; +https://babbar.tech/crawler)"
154.54.249.197 - - [29/Jul/2022:19:56:24 +0200] "GET /PodCast/UploadQuickReference?action=edit&restore=diff:1460230885:1460230885:&preview=y HTTP/1.1" 200 8854 "-" "Mozilla/5.0 (compatible; Barkrowler/0.9; +https://babbar.tech/crawler)"
154.54.249.197 - - [29/Jul/2022:19:56:54 +0200] "GET /PodCast/Maassestaab?action=edit&restore=diff:1393002911:1393002855:&preview=y HTTP/1.1" 200 8724 "-" "Mozilla/5.0 (compatible; Barkrowler/0.9; +https://babbar.tech/crawler)"
154.54.249.197 - - [29/Jul/2022:19:57:24 +0200] "GET /PodCast/Maassestaab?action=edit&restore=diff:1393002490:1393002490:&preview=y HTTP/1.1" 200 8724 "-" "Mozilla/5.0 (compatible; Barkrowler/0.9; +https://babbar.tech/crawler)"
54.36.148.125 - - [29/Jul/2022:19:57:47 +0200] "GET /robots.txt HTTP/1.1" 200 - "-" "Mozilla/5.0 (compatible; AhrefsBot/7.0; +http://ahrefs.com/robot/)"
154.54.249.197 - - [29/Jul/2022:19:57:58 +0200] "GET /robots.txt HTTP/1.1" 200 - "-" "Mozilla/5.0 (compatible; Barkrowler/0.9; +https://babbar.tech/crawler)"
154.54.249.197 - - [29/Jul/2022:19:58:31 +0200] "GET /PodCast/Rezmebeforeyou?action=edit&restore=diff:1454947525:1454947407:&preview=y HTTP/1.1" 200 8766 "-" "Mozilla/5.0 (compatible; Barkrowler/0.9; +https://babbar.tech/crawler)"
154.54.249.197 - - [29/Jul/2022:19:59:01 +0200] "GET /PodCast/SprChlaage?action=edit&restore=diff:1466014861:1466014641:&preview=y HTTP/1.1" 200 8712 "-" "Mozilla/5.0 (compatible; Barkrowler/0.9; +https://babbar.tech/crawler)"
154.54.249.197 - - [29/Jul/2022:19:59:32 +0200] "GET /PodCast/SprChlaage?action=edit&restore=diff:1466014622:1466014622:&preview=y HTTP/1.1" 200 8712 "-" "Mozilla/5.0 (compatible; Barkrowler/0.9; +https://babbar.tech/crawler)"
154.54.249.197 - - [29/Jul/2022:20:00:01 +0200] "GET /PodCast/SprAllAner?action=edit&restore=diff:1475921083:1475921083:&preview=y HTTP/1.1" 200 8714 "-" "Mozilla/5.0 (compatible; Barkrowler/0.9; +https://babbar.tech/crawler)"
154.54.249.197 - - [29/Jul/2022:20:00:34 +0200] "GET /Texte/Bitterbeuhsi?action=edit&restore=diff:1178724587:1177686638:&preview=y HTTP/1.1" 200 8709 "-" "Mozilla/5.0 (compatible; Barkrowler/0.9; +https://babbar.tech/crawler)"
154.54.249.197 - - [29/Jul/2022:20:01:05 +0200] "GET /PodCast/PodCastJissai?action=edit&restore=diff:1396790853:1395677604:&preview=y HTTP/1.1" 200 8756 "-" "Mozilla/5.0 (compatible; Barkrowler/0.9; +https://babbar.tech/crawler)"
154.54.249.197 - - [29/Jul/2022:20:01:35 +0200] "GET /PodCast/PodCastJissai?action=edit&restore=diff:1395677604:1395677528:&preview=y HTTP/1.1" 200 8756 "-" "Mozilla/5.0 (compatible; Barkrowler/0.9; +https://babbar.tech/crawler)"
154.54.249.197 - - [29/Jul/2022:20:02:06 +0200] "GET /PodCast/Schaidig2?action=edit&restore=diff:1326914658:1326914566:&preview=y HTTP/1.1" 200 8698 "-" "Mozilla/5.0 (compatible; Barkrowler/0.9; +https://babbar.tech/crawler)"
154.54.249.197 - - [29/Jul/2022:20:02:34 +0200] "GET /PodCast/Limerick121314?action=edit&restore=diff:1203281309:1203281193:&preview=y HTTP/1.1" 200 8768 "-" "Mozilla/5.0 (compatible; Barkrowler/0.9; +https://babbar.tech/crawler)"
154.54.249.197 - - [29/Jul/2022:20:03:06 +0200] "GET /robots.txt HTTP/1.1" 200 - "-" "Mozilla/5.0 (compatible; Barkrowler/0.9; +https://babbar.tech/crawler)"
185.191.171.24 - - [29/Jul/2022:20:03:10 +0200] "GET /PmWikiPtBr/PatrickMichaud?action=diff HTTP/1.1" 403 18 "-" "Mozilla/5.0 (compatible; SemrushBot/7~bl; +http://www.semrush.com/bot.html)"
114.119.141.15 - - [29/Jul/2022:20:03:17 +0200] "GET /PmWikiRu/PageFileFormat?action=upload HTTP/1.1" 403 18 "http://www.pro-zurituutsch.ch/PmWikiRu/PageFileFormat" "Mozilla/5.0 (Linux; Android 7.0;) AppleWebKit/537.36 (KHTML, like Gecko) Mobile Safari/537.36 (compatible; PetalBot;+https://webmaster.petalsearch.com/site/petalbot)"
154.54.249.197 - - [29/Jul/2022:20:03:35 +0200] "GET /PodCast/Limerick121314?action=edit&restore=diff:1203280944:1203280944:&preview=y HTTP/1.1" 200 8768 "-" "Mozilla/5.0 (compatible; Barkrowler/0.9; +https://babbar.tech/crawler)"
154.54.249.197 - - [29/Jul/2022:20:04:08 +0200] "GET /Bestellung/Pschtellformoular?action=edit&restore=diff:1179222346:1179221854:&preview=y HTTP/1.1" 200 8849 "-" "Mozilla/5.0 (compatible; Barkrowler/0.9; +https://babbar.tech/crawler)"
154.54.249.197 - - [29/Jul/2022:20:04:38 +0200] "GET /Bestellung/Pschtellformoular?action=edit&restore=diff:1173712342:1173712261:&preview=y HTTP/1.1" 200 8849 "-" "Mozilla/5.0 (compatible; Barkrowler/0.9; +https://babbar.tech/crawler)"
154.54.249.197 - - [29/Jul/2022:20:05:08 +0200] "GET /PodCast/REZlangeTage?action=edit&restore=diff:1441099324:1441099324:&preview=y HTTP/1.1" 200 8742 "-" "Mozilla/5.0 (compatible; Barkrowler/0.9; +https://babbar.tech/crawler)"
154.54.249.197 - - [29/Jul/2022:20:05:41 +0200] "GET /PodCast/Propagandakraty?action=edit&restore=diff:1212605917:1212605245:&preview=y HTTP/1.1" 200 8780 "-" "Mozilla/5.0 (compatible; Barkrowler/0.9; +https://babbar.tech/crawler)"
154.54.249.197 - - [29/Jul/2022:20:06:12 +0200] "GET /PodCast/Haiweeturgg?action=edit&restore=diff:1416684447:1416684231:&preview=y HTTP/1.1" 200 8724 "-" "Mozilla/5.0 (compatible; Barkrowler/0.9; +https://babbar.tech/crawler)"
114.119.141.178 - - [29/Jul/2022:20:06:40 +0200] "GET /PmWikiDe/IncludeOtherPages?action=edit HTTP/1.1" 403 18 "http://www.pro-zurituutsch.ch/PmWikiDe/IncludeOtherPages" "Mozilla/5.0 (Linux; Android 7.0;) AppleWebKit/537.36 (KHTML, like Gecko) Mobile Safari/537.36 (compatible; PetalBot;+https://webmaster.petalsearch.com/site/petalbot)"
154.54.249.197 - - [29/Jul/2022:20:06:42 +0200] "GET /PodCast/Ereuffnig?action=edit&restore=diff:1172764364:1165681282:&preview=y HTTP/1.1" 200 8696 "-" "Mozilla/5.0 (compatible; Barkrowler/0.9; +https://babbar.tech/crawler)"
154.54.249.197 - - [29/Jul/2022:20:07:13 +0200] "GET /PodCast/Ereuffnig?action=edit&restore=diff:1172764380:1172764364:&preview=y HTTP/1.1" 200 8696 "-" "Mozilla/5.0 (compatible; Barkrowler/0.9; +https://babbar.tech/crawler)"
154.54.249.197 - - [29/Jul/2022:20:07:42 +0200] "GET /PodCast/Euirokraty?action=edit&restore=diff:1320954727:1320954410:&preview=y HTTP/1.1" 200 8710 "-" "Mozilla/5.0 (compatible; Barkrowler/0.9; +https://babbar.tech/crawler)"
154.54.249.197 - - [29/Jul/2022:20:08:16 +0200] "GET /robots.txt HTTP/1.1" 200 - "-" "Mozilla/5.0 (compatible; Barkrowler/0.9; +https://babbar.tech/crawler)"
114.119.140.73 - - [29/Jul/2022:20:08:31 +0200] "GET /Site/PageListTemplates?action=diff&source=n&minor=y HTTP/1.1" 403 18 "http://www.pro-zurituutsch.ch/Site/PageListTemplates?action=diff" "Mozilla/5.0 (Linux; Android 7.0;) AppleWebKit/537.36 (KHTML, like Gecko) Mobile Safari/537.36 (compatible; PetalBot;+https://webmaster.petalsearch.com/site/petalbot)"
154.54.249.197 - - [29/Jul/2022:20:08:44 +0200] "GET /PodCast/Begriffbegryffe?action=edit&restore=diff:1247320889:1247320608:&preview=y HTTP/1.1" 200 8780 "-" "Mozilla/5.0 (compatible; Barkrowler/0.9; +https://babbar.tech/crawler)"
154.54.249.197 - - [29/Jul/2022:20:09:21 +0200] "GET /PodCast/Liebhaber1?action=edit&restore=diff:1177678248:1163401353:&preview=y HTTP/1.1" 200 8712 "-" "Mozilla/5.0 (compatible; Barkrowler/0.9; +https://babbar.tech/crawler)"
154.54.249.197 - - [29/Jul/2022:20:09:48 +0200] "GET /PodCast/Liebhaber2?action=edit&restore=diff:1177678309:1163401335:&preview=y HTTP/1.1" 200 8712 "-" "Mozilla/5.0 (compatible; Barkrowler/0.9; +https://babbar.tech/crawler)"
154.54.249.197 - - [29/Jul/2022:20:10:20 +0200] "GET /Bestellung/Pschtellformoular?action=edit&restore=diff:1173694475:1173694347:&preview=y HTTP/1.1" 200 8849 "-" "Mozilla/5.0 (compatible; Barkrowler/0.9; +https://babbar.tech/crawler)"
154.54.249.197 - - [29/Jul/2022:20:10:49 +0200] "GET /Bestellung/Pschtellformoular?action=edit&restore=diff:1173695321:1173694988:&preview=y HTTP/1.1" 200 8849 "-" "Mozilla/5.0 (compatible; Barkrowler/0.9; +https://babbar.tech/crawler)"
154.54.249.197 - - [29/Jul/2022:20:11:22 +0200] "GET /Bestellung/Pschtellformoular?action=edit&restore=diff:1173694347:1173693277:&preview=y HTTP/1.1" 200 8849 "-" "Mozilla/5.0 (compatible; Barkrowler/0.9; +https://babbar.tech/crawler)"
154.54.249.197 - - [29/Jul/2022:20:11:53 +0200] "GET /Bestellung/Pschtellformoular?action=edit&restore=diff:1173718701:1173718683:&preview=y HTTP/1.1" 200 8849 "-" "Mozilla/5.0 (compatible; Barkrowler/0.9; +https://babbar.tech/crawler)"
40.77.167.54 - - [29/Jul/2022:20:11:56 +0200] "GET /PodCast/JBJKap1?action=upload HTTP/1.1" 403 18 "-" "Mozilla/5.0 (compatible; bingbot/2.0; +http://www.bing.com/bingbot.htm)"
154.54.249.197 - - [29/Jul/2022:20:12:24 +0200] "GET /Bestellen/Pschtellformoular?action=edit&restore=diff:1178995005:1178994927:&preview=y HTTP/1.1" 200 8835 "-" "Mozilla/5.0 (compatible; Barkrowler/0.9; +https://babbar.tech/crawler)"
154.54.249.197 - - [29/Jul/2022:20:12:56 +0200] "GET /Site/151Konschtanz1485?action=edit&restore=diff:1264264855:1262861860:&preview=y HTTP/1.1" 200 8769 "-" "Mozilla/5.0 (compatible; Barkrowler/0.9; +https://babbar.tech/crawler)"
154.54.249.197 - - [29/Jul/2022:20:13:23 +0200] "GET /robots.txt HTTP/1.1" 200 - "-" "Mozilla/5.0 (compatible; Barkrowler/0.9; +https://babbar.tech/crawler)"
154.54.249.197 - - [29/Jul/2022:20:13:58 +0200] "GET /PodCast/JBJKap1?action=edit&restore=diff:1398108386:1398108345:&preview=y HTTP/1.1" 200 8672 "-" "Mozilla/5.0 (compatible; Barkrowler/0.9; +https://babbar.tech/crawler)"
154.54.249.197 - - [29/Jul/2022:20:14:27 +0200] "GET /PodCast/JBJKap1?action=edit&restore=diff:1398959874:1398108386:&preview=y HTTP/1.1" 200 8672 "-" "Mozilla/5.0 (compatible; Barkrowler/0.9; +https://babbar.tech/crawler)"
