216.244.66.243 - - [10/Nov/2022:00:00:41 +0100] "GET /PodCast/Povritalia1 HTTP/1.1" 200 13515 "-" "Mozilla/5.0 (compatible; DotBot/1.2; +https://opensiteexplorer.org/dotbot; help@moz.com)"
3.216.185.164 - - [10/Nov/2022:00:04:48 +0100] "GET /PodCast/IndexPage?action=rss HTTP/1.1" 200 6298 "-" "PocketCasts/1.0 (Pocket Casts Feed Parser; +http://pocketcasts.com/)"
194.209.200.2 - - [10/Nov/2022:00:06:13 +0100] "GET /robots.txt HTTP/1.1" 200 - "-" "Mozilla/5.0 (compatible; TMMBot/0.2; +http://www.dslab.ch)/Nutch-1.15"
194.209.200.2 - - [10/Nov/2022:00:06:13 +0100] "GET /Texte/Schrybwys HTTP/1.1" 200 11028 "-" "Mozilla/5.0 (compatible; TMMBot/0.2; +http://www.dslab.ch)/Nutch-1.15"
194.209.200.2 - - [10/Nov/2022:00:07:10 +0100] "GET /Texte/GDicht HTTP/1.1" 200 8050 "-" "Mozilla/5.0 (compatible; TMMBot/0.2; +http://www.dslab.ch)/Nutch-1.15"
194.209.200.2 - - [10/Nov/2022:00:07:47 +0100] "GET /Texte/Metamorphoses HTTP/1.1" 200 9045 "-" "Mozilla/5.0 (compatible; TMMBot/0.2; +http://www.dslab.ch)/Nutch-1.15"
194.209.200.2 - - [10/Nov/2022:00:09:32 +0100] "GET /Admin/Pro-ZurituutschStatuten HTTP/1.1" 200 9580 "-" "Mozilla/5.0 (compatible; TMMBot/0.2; +http://www.dslab.ch)/Nutch-1.15"
66.249.66.206 - - [10/Nov/2022:00:13:38 +0100] "GET /PodCast/IndexPage?action=rss HTTP/1.1" 200 6298 "-" "Mozilla/5.0 (compatible; Googlebot/2.1; +http://www.google.com/bot.html)"
216.244.66.243 - - [10/Nov/2022:00:14:14 +0100] "GET /robots.txt HTTP/1.1" 200 - "-" "Mozilla/5.0 (compatible; DotBot/1.2; +https://opensiteexplorer.org/dotbot; help@moz.com)"
209.209.9.152 - - [10/Nov/2022:00:29:23 +0100] "GET /Main/Home HTTP/1.0" 200 15085 "-" "Mozilla/4.0 (compatible; MSIE 7.0; Windows NT 5.0; .NET CLR 2.2.20995)"
3.219.254.95 - - [10/Nov/2022:00:38:36 +0100] "GET /PodCast/IndexPage?action=rss HTTP/1.1" 200 6298 "-" "PocketCasts/1.0 (Pocket Casts Feed Parser; +http://pocketcasts.com/)"
194.209.200.2 - - [10/Nov/2022:00:42:25 +0100] "GET /robots.txt HTTP/1.1" 200 - "-" "Mozilla/5.0 (compatible; TMMBot/0.2; +http://www.dslab.ch)/Nutch-1.15"
194.209.200.2 - - [10/Nov/2022:00:42:25 +0100] "GET /Texte/Schrybwys HTTP/1.1" 200 11028 "-" "Mozilla/5.0 (compatible; TMMBot/0.2; +http://www.dslab.ch)/Nutch-1.15"
194.209.200.2 - - [10/Nov/2022:00:43:29 +0100] "GET /Texte/GDicht HTTP/1.1" 200 8050 "-" "Mozilla/5.0 (compatible; TMMBot/0.2; +http://www.dslab.ch)/Nutch-1.15"
194.209.200.2 - - [10/Nov/2022:00:44:04 +0100] "GET /Texte/Metamorphoses HTTP/1.1" 200 9045 "-" "Mozilla/5.0 (compatible; TMMBot/0.2; +http://www.dslab.ch)/Nutch-1.15"
95.163.255.82 - - [10/Nov/2022:00:44:34 +0100] "GET /robots.txt HTTP/1.0" 200 - "-" "Mozilla/5.0 (compatible; Linux x86_64; Mail.RU_Bot/2.0; +https://help.mail.ru/webmaster/indexing/robots)"
95.163.255.87 - - [10/Nov/2022:00:44:47 +0100] "GET / HTTP/1.1" 200 15085 "-" "Mozilla/5.0 (compatible; Linux x86_64; Mail.RU_Bot/2.0; +https://help.mail.ru/webmaster/indexing/robots)"
194.209.200.2 - - [10/Nov/2022:00:45:49 +0100] "GET /Admin/Pro-ZurituutschStatuten HTTP/1.1" 200 9580 "-" "Mozilla/5.0 (compatible; TMMBot/0.2; +http://www.dslab.ch)/Nutch-1.15"
216.244.66.243 - - [10/Nov/2022:00:45:54 +0100] "GET /PmWiki/Variables HTTP/1.1" 200 61817 "-" "Mozilla/5.0 (compatible; DotBot/1.2; +https://opensiteexplorer.org/dotbot; help@moz.com)"
209.141.55.120 - - [10/Nov/2022:00:53:21 +0100] "GET / HTTP/1.1" 200 15085 "-" "Mozilla/5.0 (Macintosh; Intel Mac OS X 10_15_7) AppleWebKit/537.36 (KHTML, like Gecko) Chrome/96.0.4664.110 Safari/537.36"
209.141.55.120 - - [10/Nov/2022:00:53:22 +0100] "GET /favicon.ico HTTP/1.1" 200 1406 "-" "Mozilla/5.0 (Macintosh; Intel Mac OS X 10_15_7) AppleWebKit/537.36 (KHTML, like Gecko) Chrome/96.0.4664.110 Safari/537.36"
209.141.34.187 - - [10/Nov/2022:00:53:46 +0100] "GET / HTTP/1.1" 200 15085 "-" "Mozilla/5.0 (Macintosh; Intel Mac OS X 10_15_7) AppleWebKit/537.36 (KHTML, like Gecko) Chrome/96.0.4664.110 Safari/537.36"
209.141.34.187 - - [10/Nov/2022:00:53:47 +0100] "GET /favicon.ico HTTP/1.1" 200 1406 "-" "Mozilla/5.0 (Macintosh; Intel Mac OS X 10_15_7) AppleWebKit/537.36 (KHTML, like Gecko) Chrome/96.0.4664.110 Safari/537.36"
95.108.213.16 - - [10/Nov/2022:01:09:53 +0100] "GET /robots.txt HTTP/1.1" 200 - "-" "Mozilla/5.0 (compatible; YandexBot/3.0; +http://yandex.com/bots)"
95.108.213.16 - - [10/Nov/2022:01:09:53 +0100] "GET / HTTP/1.1" 200 15085 "-" "Mozilla/5.0 (compatible; YandexBot/3.0; +http://yandex.com/bots)"
95.108.213.16 - - [10/Nov/2022:01:09:57 +0100] "GET / HTTP/1.1" 200 15085 "-" "Mozilla/5.0 (compatible; YandexBot/3.0; +http://yandex.com/bots)"
194.209.200.2 - - [10/Nov/2022:01:18:31 +0100] "GET /robots.txt HTTP/1.1" 200 - "-" "Mozilla/5.0 (compatible; TMMBot/0.2; +http://www.dslab.ch)/Nutch-1.15"
194.209.200.2 - - [10/Nov/2022:01:18:31 +0100] "GET /Texte/Schrybwys HTTP/1.1" 200 11028 "-" "Mozilla/5.0 (compatible; TMMBot/0.2; +http://www.dslab.ch)/Nutch-1.15"
66.249.76.222 - - [10/Nov/2022:01:18:42 +0100] "GET /PodCast/IndexPage?action=rss HTTP/1.1" 200 6298 "-" "Mozilla/5.0 (compatible; Googlebot/2.1; +http://www.google.com/bot.html)"
194.209.200.2 - - [10/Nov/2022:01:19:31 +0100] "GET /Texte/GDicht HTTP/1.1" 200 8050 "-" "Mozilla/5.0 (compatible; TMMBot/0.2; +http://www.dslab.ch)/Nutch-1.15"
216.244.66.243 - - [10/Nov/2022:01:19:35 +0100] "GET /PmWiki/Variables HTTP/1.1" 200 61817 "-" "Mozilla/5.0 (compatible; DotBot/1.2; +https://opensiteexplorer.org/dotbot; help@moz.com)"
194.209.200.2 - - [10/Nov/2022:01:20:13 +0100] "GET /Texte/Metamorphoses HTTP/1.1" 200 9045 "-" "Mozilla/5.0 (compatible; TMMBot/0.2; +http://www.dslab.ch)/Nutch-1.15"
194.209.200.2 - - [10/Nov/2022:01:22:04 +0100] "GET /Admin/Pro-ZurituutschStatuten HTTP/1.1" 200 9580 "-" "Mozilla/5.0 (compatible; TMMBot/0.2; +http://www.dslab.ch)/Nutch-1.15"
216.244.66.243 - - [10/Nov/2022:01:47:44 +0100] "GET /robots.txt HTTP/1.1" 200 - "-" "Mozilla/5.0 (compatible; DotBot/1.2; +https://opensiteexplorer.org/dotbot; help@moz.com)"
44.228.64.221 - - [10/Nov/2022:01:49:56 +0100] "GET /PodCast/Rucktrittstrioumpf HTTP/1.1" 200 13948 "-" "Python/3.8 aiohttp/3.8.3"
114.119.141.71 - - [10/Nov/2022:01:53:55 +0100] "GET /robots.txt HTTP/1.1" 200 - "-" "Mozilla/5.0 (compatible;PetalBot;+https://webmaster.petalsearch.com/site/petalbot)"
194.209.200.2 - - [10/Nov/2022:01:56:16 +0100] "GET /robots.txt HTTP/1.1" 200 - "-" "Mozilla/5.0 (compatible; TMMBot/0.2; +http://www.dslab.ch)/Nutch-1.15"
194.209.200.2 - - [10/Nov/2022:01:56:16 +0100] "GET /Texte/Schrybwys HTTP/1.1" 200 11028 "-" "Mozilla/5.0 (compatible; TMMBot/0.2; +http://www.dslab.ch)/Nutch-1.15"
194.209.200.2 - - [10/Nov/2022:01:57:19 +0100] "GET /Texte/GDicht HTTP/1.1" 200 8050 "-" "Mozilla/5.0 (compatible; TMMBot/0.2; +http://www.dslab.ch)/Nutch-1.15"
194.209.200.2 - - [10/Nov/2022:01:57:56 +0100] "GET /Texte/Metamorphoses HTTP/1.1" 200 9045 "-" "Mozilla/5.0 (compatible; TMMBot/0.2; +http://www.dslab.ch)/Nutch-1.15"
62.210.215.119 - - [10/Nov/2022:02:00:38 +0100] "GET /PodCast/IndexPage?action=rss HTTP/1.1" 200 6298 "-" "Mozilla/5.0 (X11; Linux i686) AppleWebKit/537.36 (KHTML, like Gecko) Chrome/30.0.1599.66 Safari/537.36"
216.244.66.243 - - [10/Nov/2022:02:06:56 +0100] "GET /PodCast/StroubiZyt1 HTTP/1.1" 200 17947 "-" "Mozilla/5.0 (compatible; DotBot/1.2; +https://opensiteexplorer.org/dotbot; help@moz.com)"
66.249.66.206 - - [10/Nov/2022:02:11:06 +0100] "GET /PodCast/IndexPage?action=rss HTTP/1.1" 200 6298 "-" "Mozilla/5.0 (compatible; Googlebot/2.1; +http://www.google.com/bot.html)"
216.244.66.243 - - [10/Nov/2022:02:14:06 +0100] "GET /PodCast/Poutschology HTTP/1.1" 200 14651 "-" "Mozilla/5.0 (compatible; DotBot/1.2; +https://opensiteexplorer.org/dotbot; help@moz.com)"
3.216.185.164 - - [10/Nov/2022:02:16:36 +0100] "GET /PodCast/IndexPage?action=rss HTTP/1.1" 200 6298 "-" "PocketCasts/1.0 (Pocket Casts Feed Parser; +http://pocketcasts.com/)"
85.25.185.196 - - [10/Nov/2022:02:20:37 +0100] "GET /Site/PodCast?action=edit&restore=diff:1387559257:1387558558:&preview=y HTTP/1.1" 200 8627 "-" "Mozilla/5.0 (Macintosh; Intel Mac OS X 10.15; rv:103.0) Gecko/20100101 Firefox/103.0"
216.244.66.243 - - [10/Nov/2022:02:21:54 +0100] "GET /PmWiki/Requirements HTTP/1.1" 200 10838 "-" "Mozilla/5.0 (compatible; DotBot/1.2; +https://opensiteexplorer.org/dotbot; help@moz.com)"
216.244.66.243 - - [10/Nov/2022:02:21:59 +0100] "GET /PmWiki/SimultaneousEdits HTTP/1.1" 200 12357 "-" "Mozilla/5.0 (compatible; DotBot/1.2; +https://opensiteexplorer.org/dotbot; help@moz.com)"
54.36.149.66 - - [10/Nov/2022:02:22:07 +0100] "GET /PmWiki/\\$PageUrl?action=edit HTTP/1.1" 302 166 "-" "Mozilla/5.0 (compatible; AhrefsBot/7.0; +http://ahrefs.com/robot/)"
85.25.185.196 - - [10/Nov/2022:02:23:05 +0100] "GET /Site/PodCast?action=edit&restore=diff:1298141130:1297616959:&preview=y HTTP/1.1" 200 8627 "-" "Mozilla/5.0 (Macintosh; Intel Mac OS X 10.15; rv:103.0) Gecko/20100101 Firefox/103.0"
85.25.185.196 - - [10/Nov/2022:02:23:49 +0100] "GET /Site/PodCast?action=edit&restore=diff:1288799686:1286132088:&preview=y HTTP/1.1" 200 8627 "-" "Mozilla/5.0 (Macintosh; Intel Mac OS X 10.15; rv:103.0) Gecko/20100101 Firefox/103.0"
216.244.66.243 - - [10/Nov/2022:02:25:40 +0100] "GET /PmWikiFr/LayoutVariables HTTP/1.1" 200 14844 "-" "Mozilla/5.0 (compatible; DotBot/1.2; +https://opensiteexplorer.org/dotbot; help@moz.com)"
194.209.200.2 - - [10/Nov/2022:02:31:00 +0100] "GET /robots.txt HTTP/1.1" 200 - "-" "Mozilla/5.0 (compatible; TMMBot/0.2; +http://www.dslab.ch)/Nutch-1.15"
194.209.200.2 - - [10/Nov/2022:02:31:00 +0100] "GET /Texte/Schrybwys HTTP/1.1" 200 11028 "-" "Mozilla/5.0 (compatible; TMMBot/0.2; +http://www.dslab.ch)/Nutch-1.15"
194.209.200.2 - - [10/Nov/2022:02:32:01 +0100] "GET /Texte/GDicht HTTP/1.1" 200 8050 "-" "Mozilla/5.0 (compatible; TMMBot/0.2; +http://www.dslab.ch)/Nutch-1.15"
194.209.200.2 - - [10/Nov/2022:02:32:41 +0100] "GET /Texte/Metamorphoses HTTP/1.1" 200 9045 "-" "Mozilla/5.0 (compatible; TMMBot/0.2; +http://www.dslab.ch)/Nutch-1.15"
85.25.185.196 - - [10/Nov/2022:02:33:40 +0100] "GET /Site/PodCast?action=edit&restore=diff:1470995844:1470995694:&preview=y HTTP/1.1" 200 8627 "-" "Mozilla/5.0 (Macintosh; Intel Mac OS X 10.15; rv:103.0) Gecko/20100101 Firefox/103.0"
194.209.200.2 - - [10/Nov/2022:02:35:58 +0100] "GET /Hilfe/AnleitungTonbeispiele HTTP/1.1" 200 9878 "-" "Mozilla/5.0 (compatible; TMMBot/0.2; +http://www.dslab.ch)/Nutch-1.15"
85.25.185.196 - - [10/Nov/2022:02:36:09 +0100] "GET /Site/PodCast?action=edit&restore=diff:1406907808:1404316807:&preview=y HTTP/1.1" 200 8627 "-" "Mozilla/5.0 (Macintosh; Intel Mac OS X 10.15; rv:103.0) Gecko/20100101 Firefox/103.0"
216.244.66.243 - - [10/Nov/2022:02:40:17 +0100] "GET /PodCast/StroubiZyt1 HTTP/1.1" 200 17947 "-" "Mozilla/5.0 (compatible; DotBot/1.2; +https://opensiteexplorer.org/dotbot; help@moz.com)"
68.69.184.202 - - [10/Nov/2022:02:43:57 +0100] "GET /robots.txt HTTP/1.1" 200 - "-" "test"
68.69.184.202 - - [10/Nov/2022:02:43:57 +0100] "GET / HTTP/1.1" 200 15085 "-" "test"
216.244.66.243 - - [10/Nov/2022:02:44:53 +0100] "GET /PodCast/Poutschology HTTP/1.1" 200 14651 "-" "Mozilla/5.0 (compatible; DotBot/1.2; +https://opensiteexplorer.org/dotbot; help@moz.com)"
85.25.185.196 - - [10/Nov/2022:02:47:16 +0100] "GET /Site/PodCast?action=edit&restore=diff:1328371477:1326914068:&preview=y HTTP/1.1" 200 8627 "-" "Mozilla/5.0 (Macintosh; Intel Mac OS X 10.15; rv:103.0) Gecko/20100101 Firefox/103.0"
85.25.185.196 - - [10/Nov/2022:02:49:12 +0100] "GET /Site/PodCast?action=edit&restore=diff:1414949182:1412276904:&preview=y HTTP/1.1" 200 8627 "-" "Mozilla/5.0 (Macintosh; Intel Mac OS X 10.15; rv:103.0) Gecko/20100101 Firefox/103.0"
85.25.185.196 - - [10/Nov/2022:02:49:48 +0100] "GET /Site/PodCast?action=edit&restore=diff:1398105994:1398105900:&preview=y HTTP/1.1" 200 8627 "-" "Mozilla/5.0 (Macintosh; Intel Mac OS X 10.15; rv:103.0) Gecko/20100101 Firefox/103.0"
216.244.66.243 - - [10/Nov/2022:02:51:05 +0100] "GET /PmWiki/Requirements HTTP/1.1" 200 10838 "-" "Mozilla/5.0 (compatible; DotBot/1.2; +https://opensiteexplorer.org/dotbot; help@moz.com)"
216.244.66.243 - - [10/Nov/2022:02:51:09 +0100] "GET /PmWiki/SimultaneousEdits HTTP/1.1" 200 12357 "-" "Mozilla/5.0 (compatible; DotBot/1.2; +https://opensiteexplorer.org/dotbot; help@moz.com)"
168.119.51.163 - - [10/Nov/2022:02:54:45 +0100] "GET /robots.txt HTTP/1.1" 200 - "-" "Mozilla/5.0 (compatible; um-IC/1.0; mailto: techinfo@ubermetrics-technologies.com; Windows NT 6.1; WOW64; rv:40.0) Gecko/20100101 Firefox/40.1"
168.119.51.163 - - [10/Nov/2022:02:54:45 +0100] "GET /PodCast/IndexPage?action=rss HTTP/1.1" 200 6298 "-" "Mozilla/5.0 (compatible; um-IC/1.0; mailto: techinfo@ubermetrics-technologies.com; Windows NT 6.1; WOW64; rv:40.0) Gecko/20100101 Firefox/40.1"
85.25.185.196 - - [10/Nov/2022:02:55:00 +0100] "GET /Site/PodCast?action=edit&restore=diff:1318705157:1318705022:&preview=y HTTP/1.1" 200 8627 "-" "Mozilla/5.0 (Macintosh; Intel Mac OS X 10.15; rv:103.0) Gecko/20100101 Firefox/103.0"
216.244.66.243 - - [10/Nov/2022:02:55:12 +0100] "GET /PmWikiFr/LayoutVariables HTTP/1.1" 200 14844 "-" "Mozilla/5.0 (compatible; DotBot/1.2; +https://opensiteexplorer.org/dotbot; help@moz.com)"
85.25.185.196 - - [10/Nov/2022:02:59:40 +0100] "GET /Site/PodCast?action=edit&restore=diff:1348495764:1347560604:&preview=y HTTP/1.1" 200 8627 "-" "Mozilla/5.0 (Macintosh; Intel Mac OS X 10.15; rv:103.0) Gecko/20100101 Firefox/103.0"
85.25.185.196 - - [10/Nov/2022:03:01:11 +0100] "GET /Site/PodCast?action=edit&restore=diff:1318704891:1317462362:&preview=y HTTP/1.1" 200 8627 "-" "Mozilla/5.0 (Macintosh; Intel Mac OS X 10.15; rv:103.0) Gecko/20100101 Firefox/103.0"
85.25.185.196 - - [10/Nov/2022:03:03:41 +0100] "GET /Site/PodCast?action=edit&restore=diff:1398108789:1398108742:&preview=y HTTP/1.1" 200 8627 "-" "Mozilla/5.0 (Macintosh; Intel Mac OS X 10.15; rv:103.0) Gecko/20100101 Firefox/103.0"
85.25.185.196 - - [10/Nov/2022:03:05:17 +0100] "GET /Site/PodCast?action=edit&restore=diff:1447019033:1445011865:&preview=y HTTP/1.1" 200 8627 "-" "Mozilla/5.0 (Macintosh; Intel Mac OS X 10.15; rv:103.0) Gecko/20100101 Firefox/103.0"
194.209.200.2 - - [10/Nov/2022:03:06:04 +0100] "GET /robots.txt HTTP/1.1" 200 - "-" "Mozilla/5.0 (compatible; TMMBot/0.2; +http://www.dslab.ch)/Nutch-1.15"
194.209.200.2 - - [10/Nov/2022:03:06:04 +0100] "GET /Texte/Schrybwys HTTP/1.1" 200 11028 "-" "Mozilla/5.0 (compatible; TMMBot/0.2; +http://www.dslab.ch)/Nutch-1.15"
85.25.185.196 - - [10/Nov/2022:03:06:28 +0100] "GET /Site/PodCast?action=edit&restore=diff:1368869934:1367507830:&preview=y HTTP/1.1" 200 8627 "-" "Mozilla/5.0 (Macintosh; Intel Mac OS X 10.15; rv:103.0) Gecko/20100101 Firefox/103.0"
194.209.200.2 - - [10/Nov/2022:03:07:01 +0100] "GET /Texte/GDicht HTTP/1.1" 200 8050 "-" "Mozilla/5.0 (compatible; TMMBot/0.2; +http://www.dslab.ch)/Nutch-1.15"
205.185.121.69 - - [10/Nov/2022:03:07:04 +0100] "GET / HTTP/1.1" 200 15085 "-" "Mozilla/5.0 (Macintosh; Intel Mac OS X 10_15_7) AppleWebKit/537.36 (KHTML, like Gecko) Chrome/96.0.4664.110 Safari/537.36"
205.185.121.69 - - [10/Nov/2022:03:07:05 +0100] "GET /favicon.ico HTTP/1.1" 200 1406 "-" "Mozilla/5.0 (Macintosh; Intel Mac OS X 10_15_7) AppleWebKit/537.36 (KHTML, like Gecko) Chrome/96.0.4664.110 Safari/537.36"
194.209.200.2 - - [10/Nov/2022:03:07:39 +0100] "GET /Texte/Metamorphoses HTTP/1.1" 200 9045 "-" "Mozilla/5.0 (compatible; TMMBot/0.2; +http://www.dslab.ch)/Nutch-1.15"
85.25.185.196 - - [10/Nov/2022:03:10:21 +0100] "GET /Site/PodCast?action=edit&restore=diff:1375286701:1375209726:&preview=y HTTP/1.1" 200 8627 "-" "Mozilla/5.0 (Macintosh; Intel Mac OS X 10.15; rv:103.0) Gecko/20100101 Firefox/103.0"
66.249.66.208 - - [10/Nov/2022:03:12:05 +0100] "GET /PodCast/IndexPage?action=rss HTTP/1.1" 200 6298 "-" "Mozilla/5.0 (compatible; Googlebot/2.1; +http://www.google.com/bot.html)"
85.25.185.196 - - [10/Nov/2022:03:12:25 +0100] "GET /Site/PodCast?action=edit&restore=diff:1393002451:1391098887:&preview=y HTTP/1.1" 200 8627 "-" "Mozilla/5.0 (Macintosh; Intel Mac OS X 10.15; rv:103.0) Gecko/20100101 Firefox/103.0"
85.25.185.196 - - [10/Nov/2022:03:13:22 +0100] "GET /Site/PodCast?action=edit&restore=diff:1361294584:1357845923:&preview=y HTTP/1.1" 200 8627 "-" "Mozilla/5.0 (Macintosh; Intel Mac OS X 10.15; rv:103.0) Gecko/20100101 Firefox/103.0"
85.25.185.196 - - [10/Nov/2022:03:17:40 +0100] "GET /Site/PodCast?action=edit&restore=diff:1366311301:1364920053:&preview=y HTTP/1.1" 200 8627 "-" "Mozilla/5.0 (Macintosh; Intel Mac OS X 10.15; rv:103.0) Gecko/20100101 Firefox/103.0"
185.15.56.22 - - [10/Nov/2022:03:22:27 +0100] "HEAD / HTTP/1.1" 200 - "-" "IABot/2.0 (+https://meta.wikimedia.org/wiki/InternetArchiveBot/FAQ_for_sysadmins) (Checking if link from Wikipedia is broken and needs removal)"
85.25.185.196 - - [10/Nov/2022:03:25:33 +0100] "GET /Site/PodCast?action=edit&restore=diff:1452271672:1452270577:&preview=y HTTP/1.1" 200 8627 "-" "Mozilla/5.0 (Macintosh; Intel Mac OS X 10.15; rv:103.0) Gecko/20100101 Firefox/103.0"
85.25.185.196 - - [10/Nov/2022:03:28:15 +0100] "GET /Site/PodCast?action=edit&restore=diff:1500928099:1500927983:&preview=y HTTP/1.1" 200 8627 "-" "Mozilla/5.0 (Macintosh; Intel Mac OS X 10.15; rv:103.0) Gecko/20100101 Firefox/103.0"
85.25.185.196 - - [10/Nov/2022:03:29:59 +0100] "GET /Site/PodCast?action=edit&restore=diff:1457943237:1457453621:&preview=y HTTP/1.1" 200 8627 "-" "Mozilla/5.0 (Macintosh; Intel Mac OS X 10.15; rv:103.0) Gecko/20100101 Firefox/103.0"
85.25.185.196 - - [10/Nov/2022:03:34:54 +0100] "GET /Site/PodCast?action=edit&restore=diff:1385062080:1385061901:&preview=y HTTP/1.1" 200 8627 "-" "Mozilla/5.0 (Macintosh; Intel Mac OS X 10.15; rv:103.0) Gecko/20100101 Firefox/103.0"
85.25.185.196 - - [10/Nov/2022:03:36:32 +0100] "GET /PodCast/RezPflInt?action=upload HTTP/1.1" 200 8554 "-" "Mozilla/5.0 (Macintosh; Intel Mac OS X 10.15; rv:103.0) Gecko/20100101 Firefox/103.0"
40.77.51.85 - - [10/Nov/2022:03:39:07 +0100] "GET /uploads/Texte/ZurSchreibweise.jpg HTTP/1.1" 200 90748 "http://www.pro-zurituutsch.ch/uploads/Texte" "Mozilla/5.0 (X11; Linux x86_64) AppleWebKit/537.36 (KHTML, like Gecko) Chrome/74.0.3729.169 Safari/537.36"
85.25.185.196 - - [10/Nov/2022:03:39:49 +0100] "GET /PodCast/RezPflInt?action=print HTTP/1.1" 200 3816 "-" "Mozilla/5.0 (Macintosh; Intel Mac OS X 10.15; rv:103.0) Gecko/20100101 Firefox/103.0"
85.25.185.196 - - [10/Nov/2022:03:41:32 +0100] "GET /PodCast/RezPflInt?action=edit HTTP/1.1" 200 8654 "-" "Mozilla/5.0 (Macintosh; Intel Mac OS X 10.15; rv:103.0) Gecko/20100101 Firefox/103.0"
85.25.185.196 - - [10/Nov/2022:03:43:06 +0100] "GET /Site/PodCast?action=edit&restore=diff:1500928647:1500928099:&preview=y HTTP/1.1" 200 8627 "-" "Mozilla/5.0 (Macintosh; Intel Mac OS X 10.15; rv:103.0) Gecko/20100101 Firefox/103.0"
85.25.185.196 - - [10/Nov/2022:03:44:05 +0100] "GET /Site/PodCast?action=edit&restore=diff:1282558114:1282557802:&preview=y HTTP/1.1" 200 8627 "-" "Mozilla/5.0 (Macintosh; Intel Mac OS X 10.15; rv:103.0) Gecko/20100101 Firefox/103.0"
194.209.200.2 - - [10/Nov/2022:03:44:48 +0100] "GET /robots.txt HTTP/1.1" 200 - "-" "Mozilla/5.0 (compatible; TMMBot/0.2; +http://www.dslab.ch)/Nutch-1.15"
194.209.200.2 - - [10/Nov/2022:03:44:48 +0100] "GET /Texte/Schrybwys HTTP/1.1" 200 11028 "-" "Mozilla/5.0 (compatible; TMMBot/0.2; +http://www.dslab.ch)/Nutch-1.15"
85.25.185.196 - - [10/Nov/2022:03:44:49 +0100] "GET /Site/PodCast?action=edit&restore=diff:1412276904:1409495898:&preview=y HTTP/1.1" 200 8627 "-" "Mozilla/5.0 (Macintosh; Intel Mac OS X 10.15; rv:103.0) Gecko/20100101 Firefox/103.0"
194.209.200.2 - - [10/Nov/2022:03:45:44 +0100] "GET /Texte/GDicht HTTP/1.1" 200 8050 "-" "Mozilla/5.0 (compatible; TMMBot/0.2; +http://www.dslab.ch)/Nutch-1.15"
85.25.185.196 - - [10/Nov/2022:03:51:06 +0100] "GET /Site/PodCast?action=edit&restore=diff:1472564823:1472564602:&preview=y HTTP/1.1" 200 8627 "-" "Mozilla/5.0 (Macintosh; Intel Mac OS X 10.15; rv:103.0) Gecko/20100101 Firefox/103.0"
85.25.185.196 - - [10/Nov/2022:03:52:30 +0100] "GET /Site/PodCast?action=edit&restore=diff:1481646490:1481563374:&preview=y HTTP/1.1" 200 8627 "-" "Mozilla/5.0 (Macintosh; Intel Mac OS X 10.15; rv:103.0) Gecko/20100101 Firefox/103.0"
114.119.141.146 - - [10/Nov/2022:03:53:11 +0100] "GET /Site/151Konschtanz1485?action=print HTTP/1.1" 403 18 "http://www.pro-zurituutsch.ch/Site/AllRecentChanges?action=print" "Mozilla/5.0 (Linux; Android 7.0;) AppleWebKit/537.36 (KHTML, like Gecko) Mobile Safari/537.36 (compatible; PetalBot;+https://webmaster.petalsearch.com/site/petalbot)"
85.25.185.196 - - [10/Nov/2022:03:53:28 +0100] "GET /Site/PodCast?action=edit&restore=diff:1397750834:1397750770:&preview=y HTTP/1.1" 200 8627 "-" "Mozilla/5.0 (Macintosh; Intel Mac OS X 10.15; rv:103.0) Gecko/20100101 Firefox/103.0"
114.119.140.73 - - [10/Nov/2022:03:56:22 +0100] "GET /Site/111Stans1481?action=print HTTP/1.1" 403 18 "http://www.pro-zurituutsch.ch/Site/111Stans1481" "Mozilla/5.0 (Linux; Android 7.0;) AppleWebKit/537.36 (KHTML, like Gecko) Mobile Safari/537.36 (compatible; PetalBot;+https://webmaster.petalsearch.com/site/petalbot)"
85.25.185.196 - - [10/Nov/2022:03:56:43 +0100] "GET /Site/PodCast?action=edit&restore=diff:1295889052:1294243834:&preview=y HTTP/1.1" 200 8627 "-" "Mozilla/5.0 (Macintosh; Intel Mac OS X 10.15; rv:103.0) Gecko/20100101 Firefox/103.0"
85.25.185.196 - - [10/Nov/2022:03:58:15 +0100] "GET /Site/PodCast?action=edit&restore=diff:1479117767:1479109457:&preview=y HTTP/1.1" 200 8627 "-" "Mozilla/5.0 (Macintosh; Intel Mac OS X 10.15; rv:103.0) Gecko/20100101 Firefox/103.0"
65.109.67.80 - - [10/Nov/2022:03:59:25 +0100] "GET /robots.txt HTTP/1.1" 200 - "-" "Mozilla/5.0 (compatible; MJ12bot/v1.4.8; http://mj12bot.com/)"
65.109.67.80 - - [10/Nov/2022:03:59:35 +0100] "GET /Bestellen.Pschtellformoular HTTP/1.1" 200 10113 "-" "Mozilla/5.0 (compatible; MJ12bot/v1.4.8; http://mj12bot.com/)"
85.25.185.196 - - [10/Nov/2022:04:01:49 +0100] "GET /PodCast/Rucktrittstrioumpf?action=edit HTTP/1.1" 200 8776 "-" "Mozilla/5.0 (Macintosh; Intel Mac OS X 10.15; rv:103.0) Gecko/20100101 Firefox/103.0"
85.25.185.196 - - [10/Nov/2022:04:04:45 +0100] "GET /Site/PodCast?action=edit&restore=diff:1503126941:1501390613:&preview=y HTTP/1.1" 200 8627 "-" "Mozilla/5.0 (Macintosh; Intel Mac OS X 10.15; rv:103.0) Gecko/20100101 Firefox/103.0"
85.25.185.196 - - [10/Nov/2022:04:07:49 +0100] "GET /Site/PodCast?action=edit&restore=diff:1361294707:1361294584:&preview=y HTTP/1.1" 200 8627 "-" "Mozilla/5.0 (Macintosh; Intel Mac OS X 10.15; rv:103.0) Gecko/20100101 Firefox/103.0"
85.25.185.196 - - [10/Nov/2022:04:09:37 +0100] "GET /Site/PodCast?action=edit&restore=diff:1322758300:1321545315:&preview=y HTTP/1.1" 200 8627 "-" "Mozilla/5.0 (Macintosh; Intel Mac OS X 10.15; rv:103.0) Gecko/20100101 Firefox/103.0"
216.151.191.188 - - [10/Nov/2022:04:09:41 +0100] "GET /Texte/Rezension HTTP/1.1" 200 11812 "http://www.pro-zurituutsch.ch" "Mozilla/5.0 (Windows NT 10.0; Win64; x64) AppleWebKit/537.36 (KHTML, like Gecko) Chrome/62.0.3202.94 Safari/537.36"
85.25.185.196 - - [10/Nov/2022:04:10:19 +0100] "GET /Site/PodCast?action=edit&restore=diff:1466014586:1466014493:&preview=y HTTP/1.1" 200 8627 "-" "Mozilla/5.0 (Macintosh; Intel Mac OS X 10.15; rv:103.0) Gecko/20100101 Firefox/103.0"
85.25.185.196 - - [10/Nov/2022:04:12:20 +0100] "GET /Site/PodCast?action=edit&restore=diff:1452271806:1452271672:&preview=y HTTP/1.1" 200 8627 "-" "Mozilla/5.0 (Macintosh; Intel Mac OS X 10.15; rv:103.0) Gecko/20100101 Firefox/103.0"
66.249.66.206 - - [10/Nov/2022:04:14:23 +0100] "GET /PodCast/IndexPage?action=rss HTTP/1.1" 200 6298 "-" "Mozilla/5.0 (compatible; Googlebot/2.1; +http://www.google.com/bot.html)"
85.25.185.196 - - [10/Nov/2022:04:15:09 +0100] "GET /Site/PodCast?action=edit&restore=diff:1375209726:1373741683:&preview=y HTTP/1.1" 200 8627 "-" "Mozilla/5.0 (Macintosh; Intel Mac OS X 10.15; rv:103.0) Gecko/20100101 Firefox/103.0"
85.25.185.196 - - [10/Nov/2022:04:16:34 +0100] "GET /Site/PodCast?action=edit&restore=diff:1320339390:1320339294:&preview=y HTTP/1.1" 200 8627 "-" "Mozilla/5.0 (Macintosh; Intel Mac OS X 10.15; rv:103.0) Gecko/20100101 Firefox/103.0"
65.109.67.80 - - [10/Nov/2022:04:17:59 +0100] "GET /PodCast/SprChlaage HTTP/1.1" 200 13697 "-" "Mozilla/5.0 (compatible; MJ12bot/v1.4.8; http://mj12bot.com/)"
65.109.67.80 - - [10/Nov/2022:04:18:01 +0100] "GET /PodCast/SprChlaage?action=diff HTTP/1.1" 403 18 "-" "Mozilla/5.0 (compatible; MJ12bot/v1.4.8; http://mj12bot.com/)"
65.109.67.80 - - [10/Nov/2022:04:18:02 +0100] "GET /PodCast/SprChlaage?action=edit HTTP/1.1" 403 18 "-" "Mozilla/5.0 (compatible; MJ12bot/v1.4.8; http://mj12bot.com/)"
65.109.67.80 - - [10/Nov/2022:04:18:04 +0100] "GET /PodCast/SprChlaage?action=print HTTP/1.1" 403 18 "-" "Mozilla/5.0 (compatible; MJ12bot/v1.4.8; http://mj12bot.com/)"
65.109.67.80 - - [10/Nov/2022:04:18:06 +0100] "GET /PodCast/SprChlaage?action=upload HTTP/1.1" 403 18 "-" "Mozilla/5.0 (compatible; MJ12bot/v1.4.8; http://mj12bot.com/)"
65.109.67.80 - - [10/Nov/2022:04:18:07 +0100] "GET /PodCast/SprForKom HTTP/1.1" 200 8355 "-" "Mozilla/5.0 (compatible; MJ12bot/v1.4.8; http://mj12bot.com/)"
65.109.67.80 - - [10/Nov/2022:04:18:09 +0100] "GET /PodCast/SprForKom?action=diff HTTP/1.1" 403 18 "-" "Mozilla/5.0 (compatible; MJ12bot/v1.4.8; http://mj12bot.com/)"
65.109.67.80 - - [10/Nov/2022:04:18:11 +0100] "GET /PodCast/SprForKom?action=edit HTTP/1.1" 403 18 "-" "Mozilla/5.0 (compatible; MJ12bot/v1.4.8; http://mj12bot.com/)"
65.109.67.80 - - [10/Nov/2022:04:18:13 +0100] "GET /PodCast/SprForKom?action=print HTTP/1.1" 403 18 "-" "Mozilla/5.0 (compatible; MJ12bot/v1.4.8; http://mj12bot.com/)"
65.109.67.80 - - [10/Nov/2022:04:18:14 +0100] "GET /PodCast/SprForKom?action=upload HTTP/1.1" 403 18 "-" "Mozilla/5.0 (compatible; MJ12bot/v1.4.8; http://mj12bot.com/)"
65.109.67.80 - - [10/Nov/2022:04:18:16 +0100] "GET /PodCast/SprKoulNyd HTTP/1.1" 200 12297 "-" "Mozilla/5.0 (compatible; MJ12bot/v1.4.8; http://mj12bot.com/)"
65.109.67.80 - - [10/Nov/2022:04:18:17 +0100] "GET /PodCast/SprKoulNyd?action=diff HTTP/1.1" 403 18 "-" "Mozilla/5.0 (compatible; MJ12bot/v1.4.8; http://mj12bot.com/)"
65.109.67.80 - - [10/Nov/2022:04:18:19 +0100] "GET /PodCast/SprKoulNyd?action=edit HTTP/1.1" 403 18 "-" "Mozilla/5.0 (compatible; MJ12bot/v1.4.8; http://mj12bot.com/)"
65.109.67.80 - - [10/Nov/2022:04:18:21 +0100] "GET /PodCast/SprKoulNyd?action=print HTTP/1.1" 403 18 "-" "Mozilla/5.0 (compatible; MJ12bot/v1.4.8; http://mj12bot.com/)"
65.109.67.80 - - [10/Nov/2022:04:18:23 +0100] "GET /PodCast/SprKoulNyd?action=upload HTTP/1.1" 403 18 "-" "Mozilla/5.0 (compatible; MJ12bot/v1.4.8; http://mj12bot.com/)"
85.25.185.196 - - [10/Nov/2022:04:21:41 +0100] "GET /Site/PodCast?action=edit&restore=diff:1292431917:1291232998:&preview=y HTTP/1.1" 200 8627 "-" "Mozilla/5.0 (Macintosh; Intel Mac OS X 10.15; rv:103.0) Gecko/20100101 Firefox/103.0"
194.209.200.2 - - [10/Nov/2022:04:22:11 +0100] "GET /robots.txt HTTP/1.1" 200 - "-" "Mozilla/5.0 (compatible; TMMBot/0.2; +http://www.dslab.ch)/Nutch-1.15"
194.209.200.2 - - [10/Nov/2022:04:22:11 +0100] "GET /Texte/Schrybwys HTTP/1.1" 200 11028 "-" "Mozilla/5.0 (compatible; TMMBot/0.2; +http://www.dslab.ch)/Nutch-1.15"
194.209.200.2 - - [10/Nov/2022:04:23:10 +0100] "GET /Texte/GDicht HTTP/1.1" 200 8050 "-" "Mozilla/5.0 (compatible; TMMBot/0.2; +http://www.dslab.ch)/Nutch-1.15"
194.209.200.2 - - [10/Nov/2022:04:23:51 +0100] "GET /Texte/Metamorphoses HTTP/1.1" 200 9045 "-" "Mozilla/5.0 (compatible; TMMBot/0.2; +http://www.dslab.ch)/Nutch-1.15"
85.25.185.196 - - [10/Nov/2022:04:24:12 +0100] "GET /Site/PodCast?action=edit&restore=diff:1398959858:1398959161:&preview=y HTTP/1.1" 200 8627 "-" "Mozilla/5.0 (Macintosh; Intel Mac OS X 10.15; rv:103.0) Gecko/20100101 Firefox/103.0"
85.25.185.196 - - [10/Nov/2022:04:27:28 +0100] "GET /Site/PodCast?action=edit&restore=diff:1461177756:1461093284:&preview=y HTTP/1.1" 200 8627 "-" "Mozilla/5.0 (Macintosh; Intel Mac OS X 10.15; rv:103.0) Gecko/20100101 Firefox/103.0"
85.25.185.196 - - [10/Nov/2022:04:28:57 +0100] "GET /Site/PodCast?action=edit&restore=diff:1492788453:1492788432:&preview=y HTTP/1.1" 200 8627 "-" "Mozilla/5.0 (Macintosh; Intel Mac OS X 10.15; rv:103.0) Gecko/20100101 Firefox/103.0"
85.25.185.196 - - [10/Nov/2022:04:30:14 +0100] "GET /Site/PodCast?action=edit&restore=diff:1320954334:1320339390:&preview=y HTTP/1.1" 200 8627 "-" "Mozilla/5.0 (Macintosh; Intel Mac OS X 10.15; rv:103.0) Gecko/20100101 Firefox/103.0"
3.216.185.164 - - [10/Nov/2022:04:30:29 +0100] "GET /PodCast/IndexPage?action=rss HTTP/1.1" 200 6298 "-" "PocketCasts/1.0 (Pocket Casts Feed Parser; +http://pocketcasts.com/)"
195.191.219.130 - - [10/Nov/2022:04:32:49 +0100] "GET /robots.txt HTTP/1.1" 200 - "-" "Mozilla/5.0 (compatible; MJ12bot/v1.4.8; http://mj12bot.com/)"
195.191.219.130 - - [10/Nov/2022:04:32:51 +0100] "GET / HTTP/1.1" 200 15085 "-" "Mozilla/5.0 (compatible; MJ12bot/v1.4.8; http://mj12bot.com/)"
85.25.185.196 - - [10/Nov/2022:04:33:16 +0100] "GET /Site/PodCast?action=edit&restore=diff:1479109223:1478466883:&preview=y HTTP/1.1" 200 8627 "-" "Mozilla/5.0 (Macintosh; Intel Mac OS X 10.15; rv:103.0) Gecko/20100101 Firefox/103.0"
85.25.185.196 - - [10/Nov/2022:04:35:02 +0100] "GET /Site/PodCast?action=edit&restore=diff:1310973178:1308477849:&preview=y HTTP/1.1" 200 8627 "-" "Mozilla/5.0 (Macintosh; Intel Mac OS X 10.15; rv:103.0) Gecko/20100101 Firefox/103.0"
85.25.185.196 - - [10/Nov/2022:04:38:06 +0100] "GET /Site/PodCast?action=edit&restore=diff:1398106292:1398106165:&preview=y HTTP/1.1" 200 8627 "-" "Mozilla/5.0 (Macintosh; Intel Mac OS X 10.15; rv:103.0) Gecko/20100101 Firefox/103.0"
85.25.185.196 - - [10/Nov/2022:04:41:45 +0100] "GET /Site/PodCast?action=edit&restore=diff:1382365965:1379530739:&preview=y HTTP/1.1" 200 8627 "-" "Mozilla/5.0 (Macintosh; Intel Mac OS X 10.15; rv:103.0) Gecko/20100101 Firefox/103.0"
85.25.185.196 - - [10/Nov/2022:04:47:11 +0100] "GET /Site/PodCast?action=edit&restore=diff:1308477849:1305970836:&preview=y HTTP/1.1" 200 8627 "-" "Mozilla/5.0 (Macintosh; Intel Mac OS X 10.15; rv:103.0) Gecko/20100101 Firefox/103.0"
194.209.200.2 - - [10/Nov/2022:04:50:12 +0100] "GET /robots.txt HTTP/1.1" 200 - "-" "Mozilla/5.0 (compatible; TMMBot/0.2; +http://www.dslab.ch)/Nutch-1.15"
194.209.200.2 - - [10/Nov/2022:04:50:12 +0100] "GET /Texte/Schrybwys HTTP/1.1" 200 11028 "-" "Mozilla/5.0 (compatible; TMMBot/0.2; +http://www.dslab.ch)/Nutch-1.15"
194.209.200.2 - - [10/Nov/2022:04:51:08 +0100] "GET /Texte/GDicht HTTP/1.1" 200 8050 "-" "Mozilla/5.0 (compatible; TMMBot/0.2; +http://www.dslab.ch)/Nutch-1.15"
85.25.185.196 - - [10/Nov/2022:04:55:35 +0100] "GET /Site/PodCast?action=edit&restore=diff:1320339294:1320339174:&preview=y HTTP/1.1" 200 8627 "-" "Mozilla/5.0 (Macintosh; Intel Mac OS X 10.15; rv:103.0) Gecko/20100101 Firefox/103.0"
85.25.185.196 - - [10/Nov/2022:04:59:16 +0100] "GET /Site/PodCast?action=edit&restore=diff:1396791231:1395677144:&preview=y HTTP/1.1" 200 8627 "-" "Mozilla/5.0 (Macintosh; Intel Mac OS X 10.15; rv:103.0) Gecko/20100101 Firefox/103.0"
185.147.213.169 - - [10/Nov/2022:05:00:12 +0100] "GET /Texte/Rezension HTTP/1.1" 200 11812 "http://www.pro-zurituutsch.ch" "Mozilla/5.0 (Windows NT 10.0; Win64; x64) AppleWebKit/537.36 (KHTML, like Gecko) Chrome/62.0.3202.94 Safari/537.36"
85.25.185.196 - - [10/Nov/2022:05:01:46 +0100] "GET /PodCast/Rucktrittstrioumpf?action=print HTTP/1.1" 200 8045 "-" "Mozilla/5.0 (Macintosh; Intel Mac OS X 10.15; rv:103.0) Gecko/20100101 Firefox/103.0"
85.25.185.196 - - [10/Nov/2022:05:05:03 +0100] "GET /Site/PodCast?action=edit&restore=diff:1322842301:1322758870:&preview=y HTTP/1.1" 200 8627 "-" "Mozilla/5.0 (Macintosh; Intel Mac OS X 10.15; rv:103.0) Gecko/20100101 Firefox/103.0"
85.25.185.196 - - [10/Nov/2022:05:08:59 +0100] "GET /Site/PodCast?action=edit&restore=diff:1364920053:1364919940:&preview=y HTTP/1.1" 200 8627 "-" "Mozilla/5.0 (Macintosh; Intel Mac OS X 10.15; rv:103.0) Gecko/20100101 Firefox/103.0"
85.25.185.196 - - [10/Nov/2022:05:13:16 +0100] "GET /Site/PodCast?action=edit&restore=diff:1397750770:1397750731:&preview=y HTTP/1.1" 200 8627 "-" "Mozilla/5.0 (Macintosh; Intel Mac OS X 10.15; rv:103.0) Gecko/20100101 Firefox/103.0"
85.25.185.196 - - [10/Nov/2022:05:16:04 +0100] "GET /Site/PodCast?action=edit&restore=diff:1286131507:1286122854:&preview=y HTTP/1.1" 200 8627 "-" "Mozilla/5.0 (Macintosh; Intel Mac OS X 10.15; rv:103.0) Gecko/20100101 Firefox/103.0"
85.25.185.196 - - [10/Nov/2022:05:18:38 +0100] "GET /PodCast/Rucktrittstrioumpf?action=upload HTTP/1.1" 200 8676 "-" "Mozilla/5.0 (Macintosh; Intel Mac OS X 10.15; rv:103.0) Gecko/20100101 Firefox/103.0"
85.25.185.196 - - [10/Nov/2022:05:19:32 +0100] "GET /Site/PodCast?action=edit&restore=diff:1406908220:1406907808:&preview=y HTTP/1.1" 200 8627 "-" "Mozilla/5.0 (Macintosh; Intel Mac OS X 10.15; rv:103.0) Gecko/20100101 Firefox/103.0"
66.249.66.204 - - [10/Nov/2022:05:20:38 +0100] "GET /PodCast/IndexPage?action=rss HTTP/1.1" 200 6298 "-" "Mozilla/5.0 (compatible; Googlebot/2.1; +http://www.google.com/bot.html)"
62.210.215.119 - - [10/Nov/2022:05:20:40 +0100] "GET /PodCast/IndexPage?action=rss HTTP/1.1" 200 6298 "-" "Mozilla/5.0 (X11; Linux i686) AppleWebKit/537.36 (KHTML, like Gecko) Chrome/30.0.1599.66 Safari/537.36"
85.25.185.196 - - [10/Nov/2022:05:22:52 +0100] "GET /PodCast/Rucktrittstrioumpf?action=diff HTTP/1.1" 200 18052 "-" "Mozilla/5.0 (Macintosh; Intel Mac OS X 10.15; rv:103.0) Gecko/20100101 Firefox/103.0"
85.25.185.196 - - [10/Nov/2022:05:24:16 +0100] "GET /Site/PodCast?action=edit&restore=diff:1318705022:1318704891:&preview=y HTTP/1.1" 200 8627 "-" "Mozilla/5.0 (Macintosh; Intel Mac OS X 10.15; rv:103.0) Gecko/20100101 Firefox/103.0"
194.209.200.2 - - [10/Nov/2022:05:25:19 +0100] "GET /robots.txt HTTP/1.1" 200 - "-" "Mozilla/5.0 (compatible; TMMBot/0.2; +http://www.dslab.ch)/Nutch-1.15"
194.209.200.2 - - [10/Nov/2022:05:25:19 +0100] "GET /Texte/Schrybwys HTTP/1.1" 200 11028 "-" "Mozilla/5.0 (compatible; TMMBot/0.2; +http://www.dslab.ch)/Nutch-1.15"
194.209.200.2 - - [10/Nov/2022:05:26:38 +0100] "GET /Texte/GDicht HTTP/1.1" 200 8050 "-" "Mozilla/5.0 (compatible; TMMBot/0.2; +http://www.dslab.ch)/Nutch-1.15"
85.25.185.196 - - [10/Nov/2022:05:26:38 +0100] "GET /Site/PodCast?action=edit&restore=diff:1298141155:1298141130:&preview=y HTTP/1.1" 200 8627 "-" "Mozilla/5.0 (Macintosh; Intel Mac OS X 10.15; rv:103.0) Gecko/20100101 Firefox/103.0"
85.25.185.196 - - [10/Nov/2022:05:29:30 +0100] "GET /Site/PodCast?action=edit&restore=diff:1461093284:1460902063:&preview=y HTTP/1.1" 200 8627 "-" "Mozilla/5.0 (Macintosh; Intel Mac OS X 10.15; rv:103.0) Gecko/20100101 Firefox/103.0"
85.25.185.196 - - [10/Nov/2022:05:33:14 +0100] "GET /Site/PodCast?action=edit&restore=diff:1316891761:1314902954:&preview=y HTTP/1.1" 200 8627 "-" "Mozilla/5.0 (Macintosh; Intel Mac OS X 10.15; rv:103.0) Gecko/20100101 Firefox/103.0"
85.25.185.196 - - [10/Nov/2022:05:34:53 +0100] "GET /Site/PodCast?action=edit&restore=diff:1416683806:1416683715:&preview=y HTTP/1.1" 200 8627 "-" "Mozilla/5.0 (Macintosh; Intel Mac OS X 10.15; rv:103.0) Gecko/20100101 Firefox/103.0"
3.101.81.218 - - [10/Nov/2022:05:37:18 +0100] "GET /robots.txt HTTP/1.1" 200 - "-" "Mozilla/5.0 (compatible; Orbbot/1.1;)"
3.101.81.218 - - [10/Nov/2022:05:37:18 +0100] "GET / HTTP/1.1" 200 15085 "-" "Mozilla/5.0 (compatible; Orbbot/1.1;)"
54.183.136.50 - - [10/Nov/2022:05:37:20 +0100] "GET /admin/links HTTP/1.1" 404 277 "-" "Mozilla/5.0 (compatible; Orbbot/1.1;)"
3.101.43.180 - - [10/Nov/2022:05:37:20 +0100] "GET /admin/links HTTP/1.1" 404 277 "-" "Mozilla/5.0 (X11; Linux x86_64) AppleWebKit/537.36 (KHTML, like Gecko) HeadlessChrome/71.0.3542.0 Safari/537.36"
85.25.185.196 - - [10/Nov/2022:05:38:44 +0100] "GET /Site/PodCast?action=edit&restore=diff:1397750731:1397750703:&preview=y HTTP/1.1" 200 8627 "-" "Mozilla/5.0 (Macintosh; Intel Mac OS X 10.15; rv:103.0) Gecko/20100101 Firefox/103.0"
85.25.185.196 - - [10/Nov/2022:05:44:12 +0100] "GET /Site/PodCast?action=edit&restore=diff:1312144146:1310973178:&preview=y HTTP/1.1" 200 8627 "-" "Mozilla/5.0 (Macintosh; Intel Mac OS X 10.15; rv:103.0) Gecko/20100101 Firefox/103.0"
54.36.149.13 - - [10/Nov/2022:05:49:56 +0100] "GET /robots.txt HTTP/1.1" 200 - "-" "Mozilla/5.0 (compatible; AhrefsBot/7.0; +http://ahrefs.com/robot/)"
54.36.148.209 - - [10/Nov/2022:05:49:57 +0100] "GET / HTTP/1.1" 200 15085 "-" "Mozilla/5.0 (compatible; AhrefsBot/7.0; +http://ahrefs.com/robot/)"
85.25.185.196 - - [10/Nov/2022:05:51:01 +0100] "GET /Site/PodCast?action=edit&restore=diff:1460902063:1460878587:&preview=y HTTP/1.1" 200 8627 "-" "Mozilla/5.0 (Macintosh; Intel Mac OS X 10.15; rv:103.0) Gecko/20100101 Firefox/103.0"
85.25.185.196 - - [10/Nov/2022:05:53:03 +0100] "GET /PodCast/AbsNov16?action=upload HTTP/1.1" 200 8540 "-" "Mozilla/5.0 (Macintosh; Intel Mac OS X 10.15; rv:103.0) Gecko/20100101 Firefox/103.0"
85.25.185.196 - - [10/Nov/2022:05:57:23 +0100] "GET /PodCast/AbsNov16?action=edit HTTP/1.1" 200 8640 "-" "Mozilla/5.0 (Macintosh; Intel Mac OS X 10.15; rv:103.0) Gecko/20100101 Firefox/103.0"
194.209.200.2 - - [10/Nov/2022:06:02:49 +0100] "GET /robots.txt HTTP/1.1" 200 - "-" "Mozilla/5.0 (compatible; TMMBot/0.2; +http://www.dslab.ch)/Nutch-1.15"
194.209.200.2 - - [10/Nov/2022:06:02:50 +0100] "GET /Texte/Schrybwys HTTP/1.1" 200 11028 "-" "Mozilla/5.0 (compatible; TMMBot/0.2; +http://www.dslab.ch)/Nutch-1.15"
85.25.185.196 - - [10/Nov/2022:06:03:48 +0100] "GET /PodCast/AbsNov16?action=diff HTTP/1.1" 200 15846 "-" "Mozilla/5.0 (Macintosh; Intel Mac OS X 10.15; rv:103.0) Gecko/20100101 Firefox/103.0"
194.209.200.2 - - [10/Nov/2022:06:03:59 +0100] "GET /Texte/GDicht HTTP/1.1" 200 8050 "-" "Mozilla/5.0 (compatible; TMMBot/0.2; +http://www.dslab.ch)/Nutch-1.15"
194.209.200.2 - - [10/Nov/2022:06:04:43 +0100] "GET /Texte/Metamorphoses HTTP/1.1" 200 9045 "-" "Mozilla/5.0 (compatible; TMMBot/0.2; +http://www.dslab.ch)/Nutch-1.15"
85.25.185.196 - - [10/Nov/2022:06:06:43 +0100] "GET /Site/PodCast?action=edit&restore=diff:1456600835:1455208733:&preview=y HTTP/1.1" 200 8627 "-" "Mozilla/5.0 (Macintosh; Intel Mac OS X 10.15; rv:103.0) Gecko/20100101 Firefox/103.0"
34.244.226.250 - - [10/Nov/2022:06:07:36 +0100] "GET / HTTP/1.1" 200 15085 "-" "Mozilla/5.0 (Macintosh; Intel Mac OS X 10.15; rv:81.0) Gecko/20100101 Firefox/81.0"
85.25.185.196 - - [10/Nov/2022:06:09:22 +0100] "GET /PodCast/AbsNov16?action=print HTTP/1.1" 200 6631 "-" "Mozilla/5.0 (Macintosh; Intel Mac OS X 10.15; rv:103.0) Gecko/20100101 Firefox/103.0"
85.25.185.196 - - [10/Nov/2022:06:11:36 +0100] "GET /Site/PodCast?action=edit&restore=diff:1478466883:1475920922:&preview=y HTTP/1.1" 200 8627 "-" "Mozilla/5.0 (Macintosh; Intel Mac OS X 10.15; rv:103.0) Gecko/20100101 Firefox/103.0"
85.25.185.196 - - [10/Nov/2022:06:14:51 +0100] "GET /PodCast/Freuidechrafft?action=upload HTTP/1.1" 200 8620 "-" "Mozilla/5.0 (Macintosh; Intel Mac OS X 10.15; rv:103.0) Gecko/20100101 Firefox/103.0"
66.249.76.220 - - [10/Nov/2022:06:15:49 +0100] "GET /PodCast/IndexPage?action=rss HTTP/1.1" 200 6298 "-" "Mozilla/5.0 (compatible; Googlebot/2.1; +http://www.google.com/bot.html)"
85.25.185.196 - - [10/Nov/2022:06:20:16 +0100] "GET /PodCast/Freuidechrafft?action=print HTTP/1.1" 200 11162 "-" "Mozilla/5.0 (Macintosh; Intel Mac OS X 10.15; rv:103.0) Gecko/20100101 Firefox/103.0"
85.25.185.196 - - [10/Nov/2022:06:21:02 +0100] "GET /Site/PodCast?action=edit&restore=diff:1346079089:1345304564:&preview=y HTTP/1.1" 200 8627 "-" "Mozilla/5.0 (Macintosh; Intel Mac OS X 10.15; rv:103.0) Gecko/20100101 Firefox/103.0"
85.25.185.196 - - [10/Nov/2022:06:23:13 +0100] "GET /PodCast/Freuidechrafft?action=diff HTTP/1.1" 200 18874 "-" "Mozilla/5.0 (Macintosh; Intel Mac OS X 10.15; rv:103.0) Gecko/20100101 Firefox/103.0"
85.25.185.196 - - [10/Nov/2022:06:29:04 +0100] "GET /Site/PodCast?action=edit&restore=diff:1442428773:1441099277:&preview=y HTTP/1.1" 200 8627 "-" "Mozilla/5.0 (Macintosh; Intel Mac OS X 10.15; rv:103.0) Gecko/20100101 Firefox/103.0"
85.25.185.196 - - [10/Nov/2022:06:31:12 +0100] "GET /Site/PodCast?action=edit&restore=diff:1492788432:1492788120:&preview=y HTTP/1.1" 200 8627 "-" "Mozilla/5.0 (Macintosh; Intel Mac OS X 10.15; rv:103.0) Gecko/20100101 Firefox/103.0"
85.25.185.196 - - [10/Nov/2022:06:33:18 +0100] "GET /Site/PodCast?action=edit&restore=diff:1417720991:1416683806:&preview=y HTTP/1.1" 200 8627 "-" "Mozilla/5.0 (Macintosh; Intel Mac OS X 10.15; rv:103.0) Gecko/20100101 Firefox/103.0"
85.25.185.196 - - [10/Nov/2022:06:36:35 +0100] "GET /Site/PodCast?action=edit&restore=diff:1471530231:1470995844:&preview=y HTTP/1.1" 200 8627 "-" "Mozilla/5.0 (Macintosh; Intel Mac OS X 10.15; rv:103.0) Gecko/20100101 Firefox/103.0"
85.25.185.196 - - [10/Nov/2022:06:37:26 +0100] "GET /Site/PodCast?action=edit&restore=diff:1492616508:1492616500:&preview=y HTTP/1.1" 200 8627 "-" "Mozilla/5.0 (Macintosh; Intel Mac OS X 10.15; rv:103.0) Gecko/20100101 Firefox/103.0"
194.209.200.2 - - [10/Nov/2022:06:41:32 +0100] "GET /robots.txt HTTP/1.1" 200 - "-" "Mozilla/5.0 (compatible; TMMBot/0.2; +http://www.dslab.ch)/Nutch-1.15"
194.209.200.2 - - [10/Nov/2022:06:41:32 +0100] "GET /Texte/Schrybwys HTTP/1.1" 200 11028 "-" "Mozilla/5.0 (compatible; TMMBot/0.2; +http://www.dslab.ch)/Nutch-1.15"
194.209.200.2 - - [10/Nov/2022:06:42:35 +0100] "GET /Texte/GDicht HTTP/1.1" 200 8050 "-" "Mozilla/5.0 (compatible; TMMBot/0.2; +http://www.dslab.ch)/Nutch-1.15"
194.209.200.2 - - [10/Nov/2022:06:43:15 +0100] "GET /Texte/Metamorphoses HTTP/1.1" 200 9045 "-" "Mozilla/5.0 (compatible; TMMBot/0.2; +http://www.dslab.ch)/Nutch-1.15"
85.25.185.196 - - [10/Nov/2022:06:45:45 +0100] "GET /PodCast/Freuidechrafft?action=edit HTTP/1.1" 200 8720 "-" "Mozilla/5.0 (Macintosh; Intel Mac OS X 10.15; rv:103.0) Gecko/20100101 Firefox/103.0"
85.25.185.196 - - [10/Nov/2022:06:46:36 +0100] "GET /Site/PodCast?action=edit&restore=diff:1492616508:1492616500:&preview=y HTTP/1.1" 200 8627 "-" "Mozilla/5.0 (Macintosh; Intel Mac OS X 10.15; rv:103.0) Gecko/20100101 Firefox/103.0"
85.25.185.196 - - [10/Nov/2022:06:47:35 +0100] "GET /Site/PodCast?action=edit&restore=diff:1314902607:1314426615:&preview=y HTTP/1.1" 200 8627 "-" "Mozilla/5.0 (Macintosh; Intel Mac OS X 10.15; rv:103.0) Gecko/20100101 Firefox/103.0"
85.25.185.196 - - [10/Nov/2022:06:50:55 +0100] "GET /PodCast/Puzzle?action=upload HTTP/1.1" 200 8508 "-" "Mozilla/5.0 (Macintosh; Intel Mac OS X 10.15; rv:103.0) Gecko/20100101 Firefox/103.0"
85.25.185.196 - - [10/Nov/2022:06:53:53 +0100] "GET /Site/PodCast?action=edit&restore=diff:1334944558:1333640211:&preview=y HTTP/1.1" 200 8627 "-" "Mozilla/5.0 (Macintosh; Intel Mac OS X 10.15; rv:103.0) Gecko/20100101 Firefox/103.0"
3.216.185.164 - - [10/Nov/2022:06:54:18 +0100] "GET /PodCast/IndexPage?action=rss HTTP/1.1" 200 6298 "-" "PocketCasts/1.0 (Pocket Casts Feed Parser; +http://pocketcasts.com/)"
85.25.185.196 - - [10/Nov/2022:06:55:23 +0100] "GET /PodCast/Puzzle?action=edit HTTP/1.1" 200 8608 "-" "Mozilla/5.0 (Macintosh; Intel Mac OS X 10.15; rv:103.0) Gecko/20100101 Firefox/103.0"
37.120.221.86 - - [10/Nov/2022:06:55:41 +0100] "GET /Texte/Rezension HTTP/1.1" 200 11812 "http://www.pro-zurituutsch.ch" "Mozilla/5.0 (Windows NT 10.0; Win64; x64) AppleWebKit/537.36 (KHTML, like Gecko) Chrome/62.0.3202.94 Safari/537.36"
85.25.185.196 - - [10/Nov/2022:06:58:01 +0100] "GET /PodCast/Puzzle?action=diff HTTP/1.1" 200 17545 "-" "Mozilla/5.0 (Macintosh; Intel Mac OS X 10.15; rv:103.0) Gecko/20100101 Firefox/103.0"
85.25.185.196 - - [10/Nov/2022:07:00:30 +0100] "GET /Site/PodCast?action=edit&restore=diff:1385062499:1385062080:&preview=y HTTP/1.1" 200 8627 "-" "Mozilla/5.0 (Macintosh; Intel Mac OS X 10.15; rv:103.0) Gecko/20100101 Firefox/103.0"
85.25.185.196 - - [10/Nov/2022:07:04:29 +0100] "GET /PodCast/Puzzle?action=print HTTP/1.1" 200 4650 "-" "Mozilla/5.0 (Macintosh; Intel Mac OS X 10.15; rv:103.0) Gecko/20100101 Firefox/103.0"
85.25.185.196 - - [10/Nov/2022:07:06:03 +0100] "GET /PodCast/RURAkt2TIl2?action=edit HTTP/1.1" 200 8688 "-" "Mozilla/5.0 (Macintosh; Intel Mac OS X 10.15; rv:103.0) Gecko/20100101 Firefox/103.0"
85.25.185.196 - - [10/Nov/2022:07:13:52 +0100] "GET /Site/PodCast?action=edit&restore=diff:1325147443:1324395450:&preview=y HTTP/1.1" 200 8627 "-" "Mozilla/5.0 (Macintosh; Intel Mac OS X 10.15; rv:103.0) Gecko/20100101 Firefox/103.0"
85.25.185.196 - - [10/Nov/2022:07:15:22 +0100] "GET /Site/PodCast?action=edit&restore=diff:1350228156:1348495764:&preview=y HTTP/1.1" 200 8627 "-" "Mozilla/5.0 (Macintosh; Intel Mac OS X 10.15; rv:103.0) Gecko/20100101 Firefox/103.0"
194.209.200.2 - - [10/Nov/2022:07:17:03 +0100] "GET /robots.txt HTTP/1.1" 200 - "-" "Mozilla/5.0 (compatible; TMMBot/0.2; +http://www.dslab.ch)/Nutch-1.15"
194.209.200.2 - - [10/Nov/2022:07:17:03 +0100] "GET /Texte/Schrybwys HTTP/1.1" 200 11028 "-" "Mozilla/5.0 (compatible; TMMBot/0.2; +http://www.dslab.ch)/Nutch-1.15"
194.209.200.2 - - [10/Nov/2022:07:18:03 +0100] "GET /Texte/GDicht HTTP/1.1" 200 8050 "-" "Mozilla/5.0 (compatible; TMMBot/0.2; +http://www.dslab.ch)/Nutch-1.15"
194.209.200.2 - - [10/Nov/2022:07:18:40 +0100] "GET /Texte/Metamorphoses HTTP/1.1" 200 9045 "-" "Mozilla/5.0 (compatible; TMMBot/0.2; +http://www.dslab.ch)/Nutch-1.15"
66.249.66.206 - - [10/Nov/2022:07:19:39 +0100] "GET /PodCast/IndexPage?action=rss HTTP/1.1" 200 6298 "-" "Mozilla/5.0 (compatible; Googlebot/2.1; +http://www.google.com/bot.html)"
85.25.185.196 - - [10/Nov/2022:07:20:32 +0100] "GET /Site/PodCast?action=edit&restore=diff:1461946974:1461177756:&preview=y HTTP/1.1" 200 8627 "-" "Mozilla/5.0 (Macintosh; Intel Mac OS X 10.15; rv:103.0) Gecko/20100101 Firefox/103.0"
85.25.185.196 - - [10/Nov/2022:07:22:43 +0100] "GET /Site/PodCast?action=edit&restore=diff:1453482131:1452271806:&preview=y HTTP/1.1" 200 8627 "-" "Mozilla/5.0 (Macintosh; Intel Mac OS X 10.15; rv:103.0) Gecko/20100101 Firefox/103.0"
85.25.185.196 - - [10/Nov/2022:07:24:40 +0100] "GET /Site/PodCast?action=edit&restore=diff:1304154636:1302447413:&preview=y HTTP/1.1" 200 8627 "-" "Mozilla/5.0 (Macintosh; Intel Mac OS X 10.15; rv:103.0) Gecko/20100101 Firefox/103.0"
85.25.185.196 - - [10/Nov/2022:07:28:42 +0100] "GET /Site/PodCast?action=edit&restore=diff:1376763719:1375286701:&preview=y HTTP/1.1" 200 8627 "-" "Mozilla/5.0 (Macintosh; Intel Mac OS X 10.15; rv:103.0) Gecko/20100101 Firefox/103.0"
85.25.185.196 - - [10/Nov/2022:07:30:17 +0100] "GET /Site/PodCast?action=edit&restore=diff:1416683715:1416683601:&preview=y HTTP/1.1" 200 8627 "-" "Mozilla/5.0 (Macintosh; Intel Mac OS X 10.15; rv:103.0) Gecko/20100101 Firefox/103.0"
85.25.185.196 - - [10/Nov/2022:07:33:29 +0100] "GET /Site/PodCast?action=edit&restore=diff:1460878587:1460230596:&preview=y HTTP/1.1" 200 8627 "-" "Mozilla/5.0 (Macintosh; Intel Mac OS X 10.15; rv:103.0) Gecko/20100101 Firefox/103.0"
85.25.185.196 - - [10/Nov/2022:07:36:41 +0100] "GET /Site/PodCast?action=edit&restore=diff:1436001053:1434656152:&preview=y HTTP/1.1" 200 8627 "-" "Mozilla/5.0 (Macintosh; Intel Mac OS X 10.15; rv:103.0) Gecko/20100101 Firefox/103.0"
85.25.185.196 - - [10/Nov/2022:07:48:39 +0100] "GET /PodCast/RURAkt2TIl2?action=print HTTP/1.1" 200 2703 "-" "Mozilla/5.0 (Macintosh; Intel Mac OS X 10.15; rv:103.0) Gecko/20100101 Firefox/103.0"
85.25.185.196 - - [10/Nov/2022:07:51:27 +0100] "GET /PodCast/RURAkt2TIl2?action=diff HTTP/1.1" 200 10972 "-" "Mozilla/5.0 (Macintosh; Intel Mac OS X 10.15; rv:103.0) Gecko/20100101 Firefox/103.0"
194.209.200.2 - - [10/Nov/2022:07:53:41 +0100] "GET /robots.txt HTTP/1.1" 200 - "-" "Mozilla/5.0 (compatible; TMMBot/0.2; +http://www.dslab.ch)/Nutch-1.15"
194.209.200.2 - - [10/Nov/2022:07:53:41 +0100] "GET /Texte/Schrybwys HTTP/1.1" 200 11028 "-" "Mozilla/5.0 (compatible; TMMBot/0.2; +http://www.dslab.ch)/Nutch-1.15"
44.228.64.221 - - [10/Nov/2022:07:54:05 +0100] "GET /PodCast/PodCast HTTP/1.1" 200 29790 "-" "Python/3.8 aiohttp/3.8.3"
194.209.200.2 - - [10/Nov/2022:07:54:38 +0100] "GET /Texte/GDicht HTTP/1.1" 200 8050 "-" "Mozilla/5.0 (compatible; TMMBot/0.2; +http://www.dslab.ch)/Nutch-1.15"
85.25.185.196 - - [10/Nov/2022:07:55:02 +0100] "GET /Site/PodCast?action=edit&restore=diff:1398106165:1398106095:&preview=y HTTP/1.1" 200 8627 "-" "Mozilla/5.0 (Macintosh; Intel Mac OS X 10.15; rv:103.0) Gecko/20100101 Firefox/103.0"
194.209.200.2 - - [10/Nov/2022:07:55:14 +0100] "GET /Texte/Metamorphoses HTTP/1.1" 200 9045 "-" "Mozilla/5.0 (compatible; TMMBot/0.2; +http://www.dslab.ch)/Nutch-1.15"
85.25.185.196 - - [10/Nov/2022:07:58:47 +0100] "GET /PodCast/RURAkt2TIl2?action=upload HTTP/1.1" 200 8588 "-" "Mozilla/5.0 (Macintosh; Intel Mac OS X 10.15; rv:103.0) Gecko/20100101 Firefox/103.0"
18.209.36.67 - - [10/Nov/2022:07:59:54 +0100] "GET /PodCast/IndexPage?action=rss HTTP/1.1" 200 6298 "https://www.google.com/" "Mozilla/5.0 (Windows NT 10.0; Win64; x64; rv:75.0) Gecko/20100101 Firefox/75.0"
85.25.185.196 - - [10/Nov/2022:08:00:32 +0100] "GET /Site/PodCast?action=edit&restore=diff:1314902735:1314902607:&preview=y HTTP/1.1" 200 8627 "-" "Mozilla/5.0 (Macintosh; Intel Mac OS X 10.15; rv:103.0) Gecko/20100101 Firefox/103.0"
85.25.185.196 - - [10/Nov/2022:08:02:15 +0100] "GET /Site/PodCast?action=edit&restore=diff:1472549257:1472496506:&preview=y HTTP/1.1" 200 8627 "-" "Mozilla/5.0 (Macintosh; Intel Mac OS X 10.15; rv:103.0) Gecko/20100101 Firefox/103.0"
85.25.185.196 - - [10/Nov/2022:08:02:56 +0100] "GET /Site/PodCast?action=edit&restore=diff:1305970492:1305184028:&preview=y HTTP/1.1" 200 8627 "-" "Mozilla/5.0 (Macintosh; Intel Mac OS X 10.15; rv:103.0) Gecko/20100101 Firefox/103.0"
85.25.185.196 - - [10/Nov/2022:08:04:22 +0100] "GET /Site/PodCast?action=edit&restore=diff:1451493127:1447019498:&preview=y HTTP/1.1" 200 8627 "-" "Mozilla/5.0 (Macintosh; Intel Mac OS X 10.15; rv:103.0) Gecko/20100101 Firefox/103.0"
85.25.185.196 - - [10/Nov/2022:08:06:10 +0100] "GET /Site/PodCast?action=edit&restore=diff:1404315850:1404227618:&preview=y HTTP/1.1" 200 8627 "-" "Mozilla/5.0 (Macintosh; Intel Mac OS X 10.15; rv:103.0) Gecko/20100101 Firefox/103.0"
