154.54.249.202 - - [14/Apr/2022:05:30:35 +0200] "GET /PodCast/Patriarch?action=diff&source=n&minor=y HTTP/1.1" 200 28133 "-" "Mozilla/5.0 (compatible; Barkrowler/0.9; +https://babbar.tech/crawler)"
154.54.249.202 - - [14/Apr/2022:05:30:50 +0200] "GET /PodCast/Goliat?action=diff&source=n&minor=y HTTP/1.1" 200 18721 "-" "Mozilla/5.0 (compatible; Barkrowler/0.9; +https://babbar.tech/crawler)"
154.54.249.202 - - [14/Apr/2022:05:31:05 +0200] "GET /PodCast/Site191Houhsraech1509?action=print HTTP/1.1" 200 2340 "-" "Mozilla/5.0 (compatible; Barkrowler/0.9; +https://babbar.tech/crawler)"
192.53.165.202 - - [14/Apr/2022:05:31:20 +0200] "GET / HTTP/1.1" 200 14638 "https://www.crawlson.com/search?q=site:pro-zurituutsch.ch" "Mozilla/5.0 (compatible; Crawlson/1.0; +https://www.crawlson.com/search?q=site:pro-zurituutsch.ch)"
154.54.249.202 - - [14/Apr/2022:05:31:20 +0200] "GET /PodCast/Site192HouhsRech1509?action=print HTTP/1.1" 200 2337 "-" "Mozilla/5.0 (compatible; Barkrowler/0.9; +https://babbar.tech/crawler)"
154.54.249.202 - - [14/Apr/2022:05:31:35 +0200] "GET /PodCast/Sterbe?action=diff&source=n&minor=y HTTP/1.1" 200 11482 "-" "Mozilla/5.0 (compatible; Barkrowler/0.9; +https://babbar.tech/crawler)"
185.191.171.3 - - [14/Apr/2022:05:31:49 +0200] "GET /PmWikiDe/MailingLists?action=edit HTTP/1.1" 403 18 "-" "Mozilla/5.0 (compatible; SemrushBot/7~bl; +http://www.semrush.com/bot.html)"
154.54.249.202 - - [14/Apr/2022:05:31:50 +0200] "GET /PodCast/Konzyl?action=diff&source=n&minor=y HTTP/1.1" 200 11616 "-" "Mozilla/5.0 (compatible; Barkrowler/0.9; +https://babbar.tech/crawler)"
154.54.249.202 - - [14/Apr/2022:05:32:05 +0200] "GET /PodCast/Buecherbrand?action=diff&source=n&minor=y HTTP/1.1" 200 34512 "-" "Mozilla/5.0 (compatible; Barkrowler/0.9; +https://babbar.tech/crawler)"
154.54.249.202 - - [14/Apr/2022:05:32:21 +0200] "GET /PodCast/Buecherbrand?action=diff&source=y&minor=n HTTP/1.1" 200 35409 "-" "Mozilla/5.0 (compatible; Barkrowler/0.9; +https://babbar.tech/crawler)"
154.54.249.202 - - [14/Apr/2022:05:32:36 +0200] "GET /PodCast/Bebi?action=diff&source=n&minor=y HTTP/1.1" 200 9145 "-" "Mozilla/5.0 (compatible; Barkrowler/0.9; +https://babbar.tech/crawler)"
154.54.249.202 - - [14/Apr/2022:05:32:51 +0200] "GET /PodCast/Bebi?action=diff&source=y&minor=n HTTP/1.1" 200 9135 "-" "Mozilla/5.0 (compatible; Barkrowler/0.9; +https://babbar.tech/crawler)"
154.54.249.202 - - [14/Apr/2022:05:33:06 +0200] "GET /PodCast/Antiikiundanderigschichte?action=print HTTP/1.1" 200 2618 "-" "Mozilla/5.0 (compatible; Barkrowler/0.9; +https://babbar.tech/crawler)"
154.54.249.202 - - [14/Apr/2022:05:33:21 +0200] "GET /PodCast/Genesis?action=diff&source=n&minor=y HTTP/1.1" 200 9803 "-" "Mozilla/5.0 (compatible; Barkrowler/0.9; +https://babbar.tech/crawler)"
154.54.249.202 - - [14/Apr/2022:05:33:36 +0200] "GET /PodCast/Verlaine?action=diff&source=n&minor=y HTTP/1.1" 200 13742 "-" "Mozilla/5.0 (compatible; Barkrowler/0.9; +https://babbar.tech/crawler)"
154.54.249.202 - - [14/Apr/2022:05:33:51 +0200] "GET /PodCast/Amor?action=diff&source=n&minor=y HTTP/1.1" 200 17707 "-" "Mozilla/5.0 (compatible; Barkrowler/0.9; +https://babbar.tech/crawler)"
154.54.249.202 - - [14/Apr/2022:05:34:06 +0200] "GET /PodCast/Amor?action=diff&source=y&minor=n HTTP/1.1" 200 17394 "-" "Mozilla/5.0 (compatible; Barkrowler/0.9; +https://babbar.tech/crawler)"
154.54.249.202 - - [14/Apr/2022:05:34:21 +0200] "GET /PodCast/Doping?action=diff&source=y&minor=n HTTP/1.1" 200 33928 "-" "Mozilla/5.0 (compatible; Barkrowler/0.9; +https://babbar.tech/crawler)"
154.54.249.202 - - [14/Apr/2022:05:34:36 +0200] "GET /PodCast/Doping?action=diff&source=n&minor=y HTTP/1.1" 200 35395 "-" "Mozilla/5.0 (compatible; Barkrowler/0.9; +https://babbar.tech/crawler)"
154.54.249.202 - - [14/Apr/2022:05:34:52 +0200] "GET /PodCast/700Buezerleuh?action=diff HTTP/1.1" 200 23220 "-" "Mozilla/5.0 (compatible; Barkrowler/0.9; +https://babbar.tech/crawler)"
154.54.249.202 - - [14/Apr/2022:05:35:07 +0200] "GET /PodCast/IndexPage?action=diff&source=n&minor=y HTTP/1.1" 200 218279 "-" "Mozilla/5.0 (compatible; Barkrowler/0.9; +https://babbar.tech/crawler)"
154.54.249.202 - - [14/Apr/2022:05:35:22 +0200] "GET /PodCast/IndexPage?action=diff&source=y&minor=n HTTP/1.1" 200 189399 "-" "Mozilla/5.0 (compatible; Barkrowler/0.9; +https://babbar.tech/crawler)"
154.54.249.202 - - [14/Apr/2022:05:35:37 +0200] "GET /PodCast/Bombe?action=diff&source=y&minor=n HTTP/1.1" 200 12301 "-" "Mozilla/5.0 (compatible; Barkrowler/0.9; +https://babbar.tech/crawler)"
154.54.249.202 - - [14/Apr/2022:05:35:53 +0200] "GET /PodCast/Bombe?action=diff&source=n&minor=y HTTP/1.1" 200 12558 "-" "Mozilla/5.0 (compatible; Barkrowler/0.9; +https://babbar.tech/crawler)"
154.54.249.202 - - [14/Apr/2022:05:36:08 +0200] "GET /PodCast/Antyki?action=diff&source=n&minor=y HTTP/1.1" 200 11476 "-" "Mozilla/5.0 (compatible; Barkrowler/0.9; +https://babbar.tech/crawler)"
154.54.249.202 - - [14/Apr/2022:05:36:23 +0200] "GET /PodCast/Hinkeljouged1?action=diff HTTP/1.1" 200 27327 "-" "Mozilla/5.0 (compatible; Barkrowler/0.9; +https://babbar.tech/crawler)"
154.54.249.202 - - [14/Apr/2022:05:36:38 +0200] "GET /PodCast/Hinkeljouged2?action=diff HTTP/1.1" 200 22574 "-" "Mozilla/5.0 (compatible; Barkrowler/0.9; +https://babbar.tech/crawler)"
154.54.249.202 - - [14/Apr/2022:05:36:53 +0200] "GET /PodCast/Rucktrittstrioumpf?action=print HTTP/1.1" 200 8045 "-" "Mozilla/5.0 (compatible; Barkrowler/0.9; +https://babbar.tech/crawler)"
154.54.249.202 - - [14/Apr/2022:05:37:08 +0200] "GET /Pod/Podcasts?action=upload&upname=Amor.mp3 HTTP/1.1" 200 8495 "-" "Mozilla/5.0 (compatible; Barkrowler/0.9; +https://babbar.tech/crawler)"
154.54.249.202 - - [14/Apr/2022:05:37:23 +0200] "GET /Pod/RSSPodcasts?action=diff&source=n&minor=y HTTP/1.1" 200 9194 "-" "Mozilla/5.0 (compatible; Barkrowler/0.9; +https://babbar.tech/crawler)"
154.54.249.202 - - [14/Apr/2022:05:37:38 +0200] "GET /Profiles/Schlaefer?action=diff&source=n&minor=y HTTP/1.1" 200 9240 "-" "Mozilla/5.0 (compatible; Barkrowler/0.9; +https://babbar.tech/crawler)"
154.54.249.202 - - [14/Apr/2022:05:37:53 +0200] "GET /Profiles/PMichaud?action=diff&source=n&minor=y HTTP/1.1" 200 9226 "-" "Mozilla/5.0 (compatible; Barkrowler/0.9; +https://babbar.tech/crawler)"
154.54.249.202 - - [14/Apr/2022:05:38:08 +0200] "GET /Profiles/Fwyss?action=diff&source=n&minor=y HTTP/1.1" 200 9176 "-" "Mozilla/5.0 (compatible; Barkrowler/0.9; +https://babbar.tech/crawler)"
154.54.249.202 - - [14/Apr/2022:05:38:23 +0200] "GET /Cookbook/ToDo?action=diff&source=n&minor=y HTTP/1.1" 200 9162 "-" "Mozilla/5.0 (compatible; Barkrowler/0.9; +https://babbar.tech/crawler)"
154.54.249.202 - - [14/Apr/2022:05:38:39 +0200] "GET /Cookbook/UserAuth?action=diff&source=n&minor=y HTTP/1.1" 200 9226 "-" "Mozilla/5.0 (compatible; Barkrowler/0.9; +https://babbar.tech/crawler)"
154.54.249.202 - - [14/Apr/2022:05:38:54 +0200] "GET /Cookbook/UserAuth?action=diff&source=y&minor=n HTTP/1.1" 200 9216 "-" "Mozilla/5.0 (compatible; Barkrowler/0.9; +https://babbar.tech/crawler)"
154.54.249.202 - - [14/Apr/2022:05:39:09 +0200] "GET /Cookbook/SimpleSkin?action=diff&source=n&minor=y HTTP/1.1" 200 9258 "-" "Mozilla/5.0 (compatible; Barkrowler/0.9; +https://babbar.tech/crawler)"
154.54.249.202 - - [14/Apr/2022:05:39:24 +0200] "GET /Cookbook/SimpleSkin?action=diff&source=y&minor=n HTTP/1.1" 200 9248 "-" "Mozilla/5.0 (compatible; Barkrowler/0.9; +https://babbar.tech/crawler)"
154.54.249.202 - - [14/Apr/2022:05:39:39 +0200] "GET /Cookbook/Cookbook?action=diff&source=y&minor=n HTTP/1.1" 200 9214 "-" "Mozilla/5.0 (compatible; Barkrowler/0.9; +https://babbar.tech/crawler)"
154.54.249.202 - - [14/Apr/2022:05:39:54 +0200] "GET /Localization/Localization?action=diff&source=y&minor=n HTTP/1.1" 200 9342 "-" "Mozilla/5.0 (compatible; Barkrowler/0.9; +https://babbar.tech/crawler)"
154.54.249.202 - - [14/Apr/2022:05:40:09 +0200] "GET /Admin/Jahresbericht?action=diff&source=y&minor=n HTTP/1.1" 200 60363 "-" "Mozilla/5.0 (compatible; Barkrowler/0.9; +https://babbar.tech/crawler)"
154.54.249.202 - - [14/Apr/2022:05:40:24 +0200] "GET /Category/Maintenance?action=diff&source=n&minor=y HTTP/1.1" 200 9272 "-" "Mozilla/5.0 (compatible; Barkrowler/0.9; +https://babbar.tech/crawler)"
154.54.249.202 - - [14/Apr/2022:05:40:39 +0200] "GET /Category/Maintenance?action=diff&source=y&minor=n HTTP/1.1" 200 9262 "-" "Mozilla/5.0 (compatible; Barkrowler/0.9; +https://babbar.tech/crawler)"
154.54.249.202 - - [14/Apr/2022:05:40:54 +0200] "GET /PITS/PITS?action=diff&source=y&minor=n HTTP/1.1" 200 9086 "-" "Mozilla/5.0 (compatible; Barkrowler/0.9; +https://babbar.tech/crawler)"
154.54.249.202 - - [14/Apr/2022:05:41:09 +0200] "GET /Site/41Fasnacht?action=diff&source=n&minor=y HTTP/1.1" 200 11865 "-" "Mozilla/5.0 (compatible; Barkrowler/0.9; +https://babbar.tech/crawler)"
154.54.249.202 - - [14/Apr/2022:05:41:25 +0200] "GET /Site/41Fasnacht?action=diff&source=y&minor=n HTTP/1.1" 200 11633 "-" "Mozilla/5.0 (compatible; Barkrowler/0.9; +https://babbar.tech/crawler)"
154.54.249.202 - - [14/Apr/2022:05:41:40 +0200] "GET /Site/43Fasnacht?action=diff&source=n&minor=y HTTP/1.1" 200 11484 "-" "Mozilla/5.0 (compatible; Barkrowler/0.9; +https://babbar.tech/crawler)"
154.54.249.202 - - [14/Apr/2022:05:41:55 +0200] "GET /Site/43Fasnacht?action=diff&source=y&minor=n HTTP/1.1" 200 11252 "-" "Mozilla/5.0 (compatible; Barkrowler/0.9; +https://babbar.tech/crawler)"
154.54.249.202 - - [14/Apr/2022:05:42:10 +0200] "GET /Site/PageNotFound?action=diff&source=y&minor=n HTTP/1.1" 200 9218 "-" "Mozilla/5.0 (compatible; Barkrowler/0.9; +https://babbar.tech/crawler)"
154.54.249.202 - - [14/Apr/2022:05:42:25 +0200] "GET /Site/PageActions?action=diff&source=y&minor=n HTTP/1.1" 200 9200 "-" "Mozilla/5.0 (compatible; Barkrowler/0.9; +https://babbar.tech/crawler)"
194.209.200.2 - - [14/Apr/2022:05:42:37 +0200] "GET /robots.txt HTTP/1.1" 200 - "-" "Mozilla/5.0 (compatible; TMMBot/0.2; +http://www.dslab.ch)/Nutch-1.15"
194.209.200.2 - - [14/Apr/2022:05:42:37 +0200] "GET /Texte/ZurcherischEnglish HTTP/1.1" 200 8274 "-" "Mozilla/5.0 (compatible; TMMBot/0.2; +http://www.dslab.ch)/Nutch-1.15"
154.54.249.202 - - [14/Apr/2022:05:42:40 +0200] "GET /Site/PageListTemplates?action=diff&source=n&minor=y HTTP/1.1" 200 9308 "-" "Mozilla/5.0 (compatible; Barkrowler/0.9; +https://babbar.tech/crawler)"
154.54.249.202 - - [14/Apr/2022:05:42:55 +0200] "GET /Site/PageListTemplates?action=diff&source=y&minor=n HTTP/1.1" 200 9298 "-" "Mozilla/5.0 (compatible; Barkrowler/0.9; +https://babbar.tech/crawler)"
154.54.249.202 - - [14/Apr/2022:05:43:10 +0200] "GET /Site/Glychniss?action=diff&source=y&minor=n HTTP/1.1" 200 10837 "-" "Mozilla/5.0 (compatible; Barkrowler/0.9; +https://babbar.tech/crawler)"
154.54.249.202 - - [14/Apr/2022:05:43:25 +0200] "GET /Site/AllRecentChanges?action=diff&source=n&minor=y HTTP/1.1" 200 9292 "-" "Mozilla/5.0 (compatible; Barkrowler/0.9; +https://babbar.tech/crawler)"
154.54.249.202 - - [14/Apr/2022:05:43:40 +0200] "GET /Site/Etnastara?action=diff&source=n&minor=y HTTP/1.1" 200 17802 "-" "Mozilla/5.0 (compatible; Barkrowler/0.9; +https://babbar.tech/crawler)"
154.54.249.202 - - [14/Apr/2022:05:43:55 +0200] "GET /Site/Etnastara?action=diff&source=y&minor=n HTTP/1.1" 200 17975 "-" "Mozilla/5.0 (compatible; Barkrowler/0.9; +https://babbar.tech/crawler)"
154.54.249.202 - - [14/Apr/2022:05:44:11 +0200] "GET /Site/Voorwort?action=diff&source=n&minor=y HTTP/1.1" 200 11957 "-" "Mozilla/5.0 (compatible; Barkrowler/0.9; +https://babbar.tech/crawler)"
154.54.249.202 - - [14/Apr/2022:05:44:26 +0200] "GET /Site/Leerbouech?action=diff&source=n&minor=y HTTP/1.1" 200 15949 "-" "Mozilla/5.0 (compatible; Barkrowler/0.9; +https://babbar.tech/crawler)"
154.54.249.202 - - [14/Apr/2022:05:44:41 +0200] "GET /Site/Leerbouech?action=diff&source=y&minor=n HTTP/1.1" 200 15693 "-" "Mozilla/5.0 (compatible; Barkrowler/0.9; +https://babbar.tech/crawler)"
154.54.249.202 - - [14/Apr/2022:05:44:56 +0200] "GET /Site/200Quellen?action=diff&source=y&minor=n HTTP/1.1" 200 23492 "-" "Mozilla/5.0 (compatible; Barkrowler/0.9; +https://babbar.tech/crawler)"
154.54.249.202 - - [14/Apr/2022:05:45:11 +0200] "GET /Site/LocalTemplates?action=diff&source=n&minor=y HTTP/1.1" 200 9258 "-" "Mozilla/5.0 (compatible; Barkrowler/0.9; +https://babbar.tech/crawler)"
154.54.249.202 - - [14/Apr/2022:05:45:26 +0200] "GET /Site/LocalTemplates?action=diff&source=y&minor=n HTTP/1.1" 200 9248 "-" "Mozilla/5.0 (compatible; Barkrowler/0.9; +https://babbar.tech/crawler)"
194.209.200.2 - - [14/Apr/2022:05:45:39 +0200] "GET /Texte/Styluebige HTTP/1.1" 200 9998 "-" "Mozilla/5.0 (compatible; TMMBot/0.2; +http://www.dslab.ch)/Nutch-1.15"
194.209.200.2 - - [14/Apr/2022:05:45:40 +0200] "GET /Admin/Links HTTP/1.1" 200 14193 "-" "Mozilla/5.0 (compatible; TMMBot/0.2; +http://www.dslab.ch)/Nutch-1.15"
154.54.249.202 - - [14/Apr/2022:05:45:41 +0200] "GET /Site/181Room1500?action=diff&source=n&minor=y HTTP/1.1" 200 25973 "-" "Mozilla/5.0 (compatible; Barkrowler/0.9; +https://babbar.tech/crawler)"
154.54.249.202 - - [14/Apr/2022:05:45:56 +0200] "GET /Site/181Room1500?action=diff&source=y&minor=n HTTP/1.1" 200 25604 "-" "Mozilla/5.0 (compatible; Barkrowler/0.9; +https://babbar.tech/crawler)"
154.54.249.202 - - [14/Apr/2022:05:46:11 +0200] "GET /Site/42Fasnacht?action=diff&source=n&minor=y HTTP/1.1" 200 10610 "-" "Mozilla/5.0 (compatible; Barkrowler/0.9; +https://babbar.tech/crawler)"
154.54.249.202 - - [14/Apr/2022:05:46:26 +0200] "GET /Site/42Fasnacht?action=diff&source=y&minor=y HTTP/1.1" 200 10509 "-" "Mozilla/5.0 (compatible; Barkrowler/0.9; +https://babbar.tech/crawler)"
154.54.249.202 - - [14/Apr/2022:05:46:41 +0200] "GET /Site/42Fasnacht?action=diff&source=y&minor=n HTTP/1.1" 200 10507 "-" "Mozilla/5.0 (compatible; Barkrowler/0.9; +https://babbar.tech/crawler)"
154.54.249.202 - - [14/Apr/2022:05:46:57 +0200] "GET /Site/Konzertchronik?action=diff&source=n&minor=y HTTP/1.1" 200 14917 "-" "Mozilla/5.0 (compatible; Barkrowler/0.9; +https://babbar.tech/crawler)"
194.209.200.2 - - [14/Apr/2022:05:47:11 +0200] "GET /Main/Home HTTP/1.1" 200 14638 "-" "Mozilla/5.0 (compatible; TMMBot/0.2; +http://www.dslab.ch)/Nutch-1.15"
154.54.249.202 - - [14/Apr/2022:05:47:12 +0200] "GET /Site/Konzertchronik?action=diff&source=y&minor=n HTTP/1.1" 200 14530 "-" "Mozilla/5.0 (compatible; Barkrowler/0.9; +https://babbar.tech/crawler)"
154.54.249.202 - - [14/Apr/2022:05:47:27 +0200] "GET /Site/182Room1500?action=diff&source=n&minor=y HTTP/1.1" 200 43962 "-" "Mozilla/5.0 (compatible; Barkrowler/0.9; +https://babbar.tech/crawler)"
194.209.200.2 - - [14/Apr/2022:05:47:32 +0200] "GET / HTTP/1.1" 200 14638 "-" "Mozilla/5.0 (compatible; TMMBot/0.2; +http://www.dslab.ch)/Nutch-1.15"
154.54.249.202 - - [14/Apr/2022:05:47:42 +0200] "GET /Site/182Room1500?action=diff&source=y&minor=n HTTP/1.1" 200 43594 "-" "Mozilla/5.0 (compatible; Barkrowler/0.9; +https://babbar.tech/crawler)"
154.54.249.202 - - [14/Apr/2022:05:47:57 +0200] "GET /Hilfe/Quicktime?action=diff&source=y&minor=n HTTP/1.1" 200 11113 "-" "Mozilla/5.0 (compatible; Barkrowler/0.9; +https://babbar.tech/crawler)"
154.54.249.202 - - [14/Apr/2022:05:48:12 +0200] "GET /Hilfe/Winamp?action=diff&source=y&minor=n HTTP/1.1" 200 12190 "-" "Mozilla/5.0 (compatible; Barkrowler/0.9; +https://babbar.tech/crawler)"
194.209.200.2 - - [14/Apr/2022:05:48:12 +0200] "GET /Texte/Bitterbeuhsi HTTP/1.1" 200 9255 "-" "Mozilla/5.0 (compatible; TMMBot/0.2; +http://www.dslab.ch)/Nutch-1.15"
194.209.200.2 - - [14/Apr/2022:05:48:23 +0200] "GET /Gast/Podcast HTTP/1.1" 200 8106 "-" "Mozilla/5.0 (compatible; TMMBot/0.2; +http://www.dslab.ch)/Nutch-1.15"
185.191.171.34 - - [14/Apr/2022:05:48:23 +0200] "GET /PmWikiRu/Audiences?action=edit HTTP/1.1" 404 18 "-" "Mozilla/5.0 (compatible; SemrushBot/7~bl; +http://www.semrush.com/bot.html)"
154.54.249.202 - - [14/Apr/2022:05:48:27 +0200] "GET /Hilfe/RealOne?action=diff&source=n&minor=y HTTP/1.1" 200 15499 "-" "Mozilla/5.0 (compatible; Barkrowler/0.9; +https://babbar.tech/crawler)"
154.54.249.202 - - [14/Apr/2022:05:48:42 +0200] "GET /Hilfe/RealOne?action=diff&source=y&minor=n HTTP/1.1" 200 16370 "-" "Mozilla/5.0 (compatible; Barkrowler/0.9; +https://babbar.tech/crawler)"
154.54.249.202 - - [14/Apr/2022:05:48:57 +0200] "GET /Texte/Rezension?action=diff&source=y&minor=n HTTP/1.1" 200 19658 "-" "Mozilla/5.0 (compatible; Barkrowler/0.9; +https://babbar.tech/crawler)"
154.54.249.202 - - [14/Apr/2022:05:49:13 +0200] "GET /Texte/GDicht?action=diff&source=y&minor=n HTTP/1.1" 200 9532 "-" "Mozilla/5.0 (compatible; Barkrowler/0.9; +https://babbar.tech/crawler)"
154.54.249.202 - - [14/Apr/2022:05:49:28 +0200] "GET /Texte/GDicht?action=diff&source=n&minor=y HTTP/1.1" 200 9542 "-" "Mozilla/5.0 (compatible; Barkrowler/0.9; +https://babbar.tech/crawler)"
154.54.249.202 - - [14/Apr/2022:05:49:43 +0200] "GET /Texte/Gloosse?action=diff&source=y&minor=n HTTP/1.1" 200 9545 "-" "Mozilla/5.0 (compatible; Barkrowler/0.9; +https://babbar.tech/crawler)"
154.54.249.202 - - [14/Apr/2022:05:49:58 +0200] "GET /Texte/Limericks?action=diff&source=y&minor=n HTTP/1.1" 200 9579 "-" "Mozilla/5.0 (compatible; Barkrowler/0.9; +https://babbar.tech/crawler)"
154.54.249.202 - - [14/Apr/2022:05:50:13 +0200] "GET /Texte/Metamorphoses?action=diff&source=n&minor=y HTTP/1.1" 200 22833 "-" "Mozilla/5.0 (compatible; Barkrowler/0.9; +https://babbar.tech/crawler)"
154.54.249.202 - - [14/Apr/2022:05:50:28 +0200] "GET /MyPodcasts/IndexPage?action=diff&source=n&minor=y HTTP/1.1" 200 9275 "-" "Mozilla/5.0 (compatible; Barkrowler/0.9; +https://babbar.tech/crawler)"
154.54.249.202 - - [14/Apr/2022:05:50:43 +0200] "GET /Lydja/Mp3?action=diff&source=n&minor=y HTTP/1.1" 200 9487 "-" "Mozilla/5.0 (compatible; Barkrowler/0.9; +https://babbar.tech/crawler)"
154.54.249.202 - - [14/Apr/2022:05:50:58 +0200] "GET /PmWiki/LayoutBasics?action=diff&source=y&minor=n HTTP/1.1" 200 9249 "-" "Mozilla/5.0 (compatible; Barkrowler/0.9; +https://babbar.tech/crawler)"
154.54.249.202 - - [14/Apr/2022:05:51:13 +0200] "GET /PmWiki/References?action=diff&source=y&minor=n HTTP/1.1" 200 9215 "-" "Mozilla/5.0 (compatible; Barkrowler/0.9; +https://babbar.tech/crawler)"
154.54.249.202 - - [14/Apr/2022:05:51:28 +0200] "GET /PmWiki/GroupName?action=diff&source=n&minor=y HTTP/1.1" 200 9211 "-" "Mozilla/5.0 (compatible; Barkrowler/0.9; +https://babbar.tech/crawler)"
154.54.249.202 - - [14/Apr/2022:05:51:43 +0200] "GET /PmWiki/GroupName?action=diff&source=y&minor=n HTTP/1.1" 200 9201 "-" "Mozilla/5.0 (compatible; Barkrowler/0.9; +https://babbar.tech/crawler)"
154.54.249.202 - - [14/Apr/2022:05:51:58 +0200] "GET /PmWiki/GroupFooter?action=diff&source=n&minor=y HTTP/1.1" 200 9243 "-" "Mozilla/5.0 (compatible; Barkrowler/0.9; +https://babbar.tech/crawler)"
154.54.249.202 - - [14/Apr/2022:05:52:14 +0200] "GET /PmWiki/GroupFooter?action=diff&source=y&minor=n HTTP/1.1" 200 9233 "-" "Mozilla/5.0 (compatible; Barkrowler/0.9; +https://babbar.tech/crawler)"
154.54.249.202 - - [14/Apr/2022:05:52:29 +0200] "GET /PmWiki/GroupHeader?action=diff&source=n&minor=y HTTP/1.1" 200 9243 "-" "Mozilla/5.0 (compatible; Barkrowler/0.9; +https://babbar.tech/crawler)"
154.54.249.202 - - [14/Apr/2022:05:52:44 +0200] "GET /PmWiki/GroupHeader?action=diff&source=y&minor=n HTTP/1.1" 200 9233 "-" "Mozilla/5.0 (compatible; Barkrowler/0.9; +https://babbar.tech/crawler)"
154.54.249.202 - - [14/Apr/2022:05:52:59 +0200] "GET /PmWiki/Installation?action=diff&source=y&minor=n HTTP/1.1" 200 9261 "-" "Mozilla/5.0 (compatible; Barkrowler/0.9; +https://babbar.tech/crawler)"
154.54.249.202 - - [14/Apr/2022:05:53:14 +0200] "GET /PmWiki/Version?action=diff&source=y&minor=n HTTP/1.1" 200 9167 "-" "Mozilla/5.0 (compatible; Barkrowler/0.9; +https://babbar.tech/crawler)"
154.54.249.202 - - [14/Apr/2022:05:53:29 +0200] "GET /PmWiki/MailPosts?action=diff&source=y&minor=n HTTP/1.1" 200 9201 "-" "Mozilla/5.0 (compatible; Barkrowler/0.9; +https://babbar.tech/crawler)"
154.54.249.202 - - [14/Apr/2022:05:53:44 +0200] "GET /PmWiki/MailPosts?action=diff&source=n&minor=y HTTP/1.1" 200 9211 "-" "Mozilla/5.0 (compatible; Barkrowler/0.9; +https://babbar.tech/crawler)"
154.54.249.202 - - [14/Apr/2022:05:53:59 +0200] "GET /PmWiki/RecentChanges?action=diff&source=y&minor=n HTTP/1.1" 200 9265 "-" "Mozilla/5.0 (compatible; Barkrowler/0.9; +https://babbar.tech/crawler)"
154.54.249.202 - - [14/Apr/2022:05:54:14 +0200] "GET /PmWiki/RecentChanges?action=diff&source=n&minor=y HTTP/1.1" 200 9275 "-" "Mozilla/5.0 (compatible; Barkrowler/0.9; +https://babbar.tech/crawler)"
154.54.249.202 - - [14/Apr/2022:05:54:29 +0200] "GET /PmWiki/AccessKeys?action=diff&source=n&minor=y HTTP/1.1" 200 9227 "-" "Mozilla/5.0 (compatible; Barkrowler/0.9; +https://babbar.tech/crawler)"
154.54.249.202 - - [14/Apr/2022:05:54:44 +0200] "GET /PmWiki/Introduction?action=diff&source=y&minor=n HTTP/1.1" 200 9247 "-" "Mozilla/5.0 (compatible; Barkrowler/0.9; +https://babbar.tech/crawler)"
154.54.249.202 - - [14/Apr/2022:05:54:59 +0200] "GET /PmWikiPtBr/ReferenciaRapidaEdicao HTTP/1.1" 200 9940 "-" "Mozilla/5.0 (compatible; Barkrowler/0.9; +https://babbar.tech/crawler)"
154.54.249.202 - - [14/Apr/2022:05:55:15 +0200] "GET /PmWikiNl/DownloadenEnInstalleren?action=edit HTTP/1.1" 200 7469 "-" "Mozilla/5.0 (compatible; Barkrowler/0.9; +https://babbar.tech/crawler)"
154.54.249.202 - - [14/Apr/2022:05:55:30 +0200] "GET /PmWikiRu/A?action=diff&source=n&minor=y HTTP/1.1" 200 9662 "-" "Mozilla/5.0 (compatible; Barkrowler/0.9; +https://babbar.tech/crawler)"
154.54.249.202 - - [14/Apr/2022:05:55:45 +0200] "GET /PmWikiRu/A?action=diff&source=y&minor=n HTTP/1.1" 200 9652 "-" "Mozilla/5.0 (compatible; Barkrowler/0.9; +https://babbar.tech/crawler)"
154.54.249.202 - - [14/Apr/2022:05:56:00 +0200] "GET /PmWikiRu/ChangesFromPmWiki1?action=edit HTTP/1.1" 200 9347 "-" "Mozilla/5.0 (compatible; Barkrowler/0.9; +https://babbar.tech/crawler)"
154.54.249.202 - - [14/Apr/2022:05:56:15 +0200] "GET /PmWikiJa/AbbreviationPlurals?action=edit HTTP/1.1" 200 8807 "-" "Mozilla/5.0 (compatible; Barkrowler/0.9; +https://babbar.tech/crawler)"
154.54.249.202 - - [14/Apr/2022:05:56:30 +0200] "GET /PmWikiJa/AuthenticatedAsConditional?action=edit HTTP/1.1" 200 8907 "-" "Mozilla/5.0 (compatible; Barkrowler/0.9; +https://babbar.tech/crawler)"
154.54.249.202 - - [14/Apr/2022:05:56:45 +0200] "GET /PmWikiJa/WikiMarkupConversion?action=diff HTTP/1.1" 200 9414 "-" "Mozilla/5.0 (compatible; Barkrowler/0.9; +https://babbar.tech/crawler)"
154.54.249.202 - - [14/Apr/2022:05:57:00 +0200] "GET /PmWikiJa/WikiMarkupConversion?action=print HTTP/1.1" 404 2449 "-" "Mozilla/5.0 (compatible; Barkrowler/0.9; +https://babbar.tech/crawler)"
154.54.249.202 - - [14/Apr/2022:05:57:15 +0200] "GET /PmWikiJa/WikiFarmStepByStep?action=print HTTP/1.1" 200 7999 "-" "Mozilla/5.0 (compatible; Barkrowler/0.9; +https://babbar.tech/crawler)"
154.54.249.202 - - [14/Apr/2022:05:57:30 +0200] "GET /PmWikiDe/Tables?action=diff&source=n&minor=y HTTP/1.1" 200 7649 "-" "Mozilla/5.0 (compatible; Barkrowler/0.9; +https://babbar.tech/crawler)"
154.54.249.202 - - [14/Apr/2022:05:57:45 +0200] "GET /PmWikiDe/Name?action=diff&source=n&minor=y HTTP/1.1" 200 7617 "-" "Mozilla/5.0 (compatible; Barkrowler/0.9; +https://babbar.tech/crawler)"
154.54.249.202 - - [14/Apr/2022:05:58:01 +0200] "GET /PmWikiDe/Name?action=diff&source=y&minor=n HTTP/1.1" 200 7607 "-" "Mozilla/5.0 (compatible; Barkrowler/0.9; +https://babbar.tech/crawler)"
154.54.249.202 - - [14/Apr/2022:05:58:16 +0200] "GET /PmWikiDe/FAQ?action=diff&source=n&minor=y HTTP/1.1" 200 7601 "-" "Mozilla/5.0 (compatible; Barkrowler/0.9; +https://babbar.tech/crawler)"
154.54.249.202 - - [14/Apr/2022:05:58:31 +0200] "GET /PmWikiDe/Images?action=diff&source=n&minor=y HTTP/1.1" 200 7649 "-" "Mozilla/5.0 (compatible; Barkrowler/0.9; +https://babbar.tech/crawler)"
154.54.249.202 - - [14/Apr/2022:05:58:46 +0200] "GET /PmWikiDe/RSS?action=diff&source=n&minor=y HTTP/1.1" 200 7601 "-" "Mozilla/5.0 (compatible; Barkrowler/0.9; +https://babbar.tech/crawler)"
154.54.249.202 - - [14/Apr/2022:05:59:01 +0200] "GET /PmWikiHu/SzerkesztesSugo?action=print HTTP/1.1" 200 3655 "-" "Mozilla/5.0 (compatible; Barkrowler/0.9; +https://babbar.tech/crawler)"
154.54.249.202 - - [14/Apr/2022:05:59:16 +0200] "GET /PmWikiHu/ChangesFromPmWiki1?action=edit HTTP/1.1" 200 8799 "-" "Mozilla/5.0 (compatible; Barkrowler/0.9; +https://babbar.tech/crawler)"
154.54.249.202 - - [14/Apr/2022:05:59:31 +0200] "GET /PmWikiVi/BanGhiThayDoi?action=edit HTTP/1.1" 200 11664 "-" "Mozilla/5.0 (compatible; Barkrowler/0.9; +https://babbar.tech/crawler)"
154.54.249.202 - - [14/Apr/2022:05:59:46 +0200] "GET /PmWikiNl/ListeAllerSeiten?action=edit HTTP/1.1" 200 7371 "-" "Mozilla/5.0 (compatible; Barkrowler/0.9; +https://babbar.tech/crawler)"
154.54.249.202 - - [14/Apr/2022:06:00:02 +0200] "GET /PmWikiDe/ListeAllerSeiten?action=print HTTP/1.1" 200 13828 "-" "Mozilla/5.0 (compatible; Barkrowler/0.9; +https://babbar.tech/crawler)"
154.54.249.202 - - [14/Apr/2022:06:00:17 +0200] "GET /PmWiki/WikiNature?action=diff&source=y&minor=n HTTP/1.1" 200 9217 "-" "Mozilla/5.0 (compatible; Barkrowler/0.9; +https://babbar.tech/crawler)"
154.54.249.202 - - [14/Apr/2022:06:00:32 +0200] "GET /PmWiki/WikiWord?action=diff&source=n&minor=y HTTP/1.1" 200 9195 "-" "Mozilla/5.0 (compatible; Barkrowler/0.9; +https://babbar.tech/crawler)"
154.54.249.202 - - [14/Apr/2022:06:00:47 +0200] "GET /PmWiki/WikiPage?action=diff&source=y&minor=n HTTP/1.1" 200 9185 "-" "Mozilla/5.0 (compatible; Barkrowler/0.9; +https://babbar.tech/crawler)"
154.54.249.202 - - [14/Apr/2022:06:01:02 +0200] "GET /PmWiki/WikiGroup?action=diff&source=n&minor=y HTTP/1.1" 200 9211 "-" "Mozilla/5.0 (compatible; Barkrowler/0.9; +https://babbar.tech/crawler)"
154.54.249.202 - - [14/Apr/2022:06:01:12 +0200] "GET /PmWiki/WikiGroup?action=diff&source=y&minor=n HTTP/1.1" 200 9201 "-" "Mozilla/5.0 (compatible; Barkrowler/0.9; +https://babbar.tech/crawler)"
154.54.249.202 - - [14/Apr/2022:06:01:27 +0200] "GET /PmWiki/WikiStyles?action=diff&source=y&minor=n HTTP/1.1" 200 9217 "-" "Mozilla/5.0 (compatible; Barkrowler/0.9; +https://babbar.tech/crawler)"
154.54.249.202 - - [14/Apr/2022:06:01:42 +0200] "GET /PmWiki/WikiStyles?action=diff&source=n&minor=y HTTP/1.1" 200 9227 "-" "Mozilla/5.0 (compatible; Barkrowler/0.9; +https://babbar.tech/crawler)"
154.54.249.202 - - [14/Apr/2022:06:01:57 +0200] "GET /PmWiki/WikiTrails?action=diff&source=n&minor=y HTTP/1.1" 200 9227 "-" "Mozilla/5.0 (compatible; Barkrowler/0.9; +https://babbar.tech/crawler)"
154.54.249.202 - - [14/Apr/2022:06:02:12 +0200] "GET /PmWiki/Skins?action=diff&source=y&minor=n HTTP/1.1" 200 9135 "-" "Mozilla/5.0 (compatible; Barkrowler/0.9; +https://babbar.tech/crawler)"
154.54.249.202 - - [14/Apr/2022:06:02:27 +0200] "GET /PmWiki/DesignNotes?action=diff&source=n&minor=y HTTP/1.1" 200 9243 "-" "Mozilla/5.0 (compatible; Barkrowler/0.9; +https://babbar.tech/crawler)"
154.54.249.202 - - [14/Apr/2022:06:02:42 +0200] "GET /PmWiki/DesignNotes?action=diff&source=y&minor=n HTTP/1.1" 200 9233 "-" "Mozilla/5.0 (compatible; Barkrowler/0.9; +https://babbar.tech/crawler)"
154.54.249.202 - - [14/Apr/2022:06:02:57 +0200] "GET /PmWiki/PageHistory?action=diff&source=y&minor=n HTTP/1.1" 200 9233 "-" "Mozilla/5.0 (compatible; Barkrowler/0.9; +https://babbar.tech/crawler)"
154.54.249.202 - - [14/Apr/2022:06:03:12 +0200] "GET /PmWiki/SpecialPages?action=diff&source=y&minor=n HTTP/1.1" 200 9249 "-" "Mozilla/5.0 (compatible; Barkrowler/0.9; +https://babbar.tech/crawler)"
154.54.249.202 - - [14/Apr/2022:06:03:27 +0200] "GET /PmWiki/SuccessStories?action=diff&source=n&minor=y HTTP/1.1" 200 9291 "-" "Mozilla/5.0 (compatible; Barkrowler/0.9; +https://babbar.tech/crawler)"
154.54.249.202 - - [14/Apr/2022:06:03:42 +0200] "GET /PmWiki/Functions?action=diff&source=n&minor=y HTTP/1.1" 200 9209 "-" "Mozilla/5.0 (compatible; Barkrowler/0.9; +https://babbar.tech/crawler)"
154.54.249.202 - - [14/Apr/2022:06:03:57 +0200] "GET /PmWiki/Functions?action=diff&source=y&minor=n HTTP/1.1" 200 9199 "-" "Mozilla/5.0 (compatible; Barkrowler/0.9; +https://babbar.tech/crawler)"
154.54.249.202 - - [14/Apr/2022:06:04:13 +0200] "GET /PmWiki/UpgradingFromPmWiki1?action=print HTTP/1.1" 200 10004 "-" "Mozilla/5.0 (compatible; Barkrowler/0.9; +https://babbar.tech/crawler)"
154.54.249.202 - - [14/Apr/2022:06:04:28 +0200] "GET /PmWiki/Upgrades?action=diff&source=n&minor=y HTTP/1.1" 200 9193 "-" "Mozilla/5.0 (compatible; Barkrowler/0.9; +https://babbar.tech/crawler)"
154.54.249.202 - - [14/Apr/2022:06:04:43 +0200] "GET /PmWiki/InterMap?action=diff&source=n&minor=y HTTP/1.1" 200 9195 "-" "Mozilla/5.0 (compatible; Barkrowler/0.9; +https://babbar.tech/crawler)"
154.54.249.202 - - [14/Apr/2022:06:04:58 +0200] "GET /PmWiki/InterMap?action=diff&source=y&minor=n HTTP/1.1" 200 9185 "-" "Mozilla/5.0 (compatible; Barkrowler/0.9; +https://babbar.tech/crawler)"
154.54.249.202 - - [14/Apr/2022:06:05:13 +0200] "GET /PmWiki/Intermap?action=diff&source=y&minor=n HTTP/1.1" 200 9183 "-" "Mozilla/5.0 (compatible; Barkrowler/0.9; +https://babbar.tech/crawler)"
154.54.249.202 - - [14/Apr/2022:06:05:28 +0200] "GET /PmWiki/FullName?action=diff&source=n&minor=y HTTP/1.1" 200 9195 "-" "Mozilla/5.0 (compatible; Barkrowler/0.9; +https://babbar.tech/crawler)"
154.54.249.202 - - [14/Apr/2022:06:05:43 +0200] "GET /PmWiki/FullName?action=diff&source=y&minor=n HTTP/1.1" 200 9185 "-" "Mozilla/5.0 (compatible; Barkrowler/0.9; +https://babbar.tech/crawler)"
154.54.249.202 - - [14/Apr/2022:06:05:58 +0200] "GET /PmWiki/Audiences?action=diff&source=n&minor=y HTTP/1.1" 200 9209 "-" "Mozilla/5.0 (compatible; Barkrowler/0.9; +https://babbar.tech/crawler)"
154.54.249.202 - - [14/Apr/2022:06:06:13 +0200] "GET /PmWiki/Variables?action=diff&source=n&minor=y HTTP/1.1" 200 9209 "-" "Mozilla/5.0 (compatible; Barkrowler/0.9; +https://babbar.tech/crawler)"
154.54.249.202 - - [14/Apr/2022:06:06:28 +0200] "GET /PmWiki/Variables?action=diff&source=n&minor=n HTTP/1.1" 200 9207 "-" "Mozilla/5.0 (compatible; Barkrowler/0.9; +https://babbar.tech/crawler)"
154.54.249.202 - - [14/Apr/2022:06:06:43 +0200] "GET /PmWiki/Variables?action=diff&source=y&minor=n HTTP/1.1" 200 9199 "-" "Mozilla/5.0 (compatible; Barkrowler/0.9; +https://babbar.tech/crawler)"
154.54.249.202 - - [14/Apr/2022:06:06:58 +0200] "GET /PmWiki/Contributors?action=diff&source=n&minor=y HTTP/1.1" 200 9257 "-" "Mozilla/5.0 (compatible; Barkrowler/0.9; +https://babbar.tech/crawler)"
154.54.249.202 - - [14/Apr/2022:06:07:14 +0200] "GET /PmWiki/Directives?action=diff&source=n&minor=y HTTP/1.1" 200 9225 "-" "Mozilla/5.0 (compatible; Barkrowler/0.9; +https://babbar.tech/crawler)"
154.54.249.202 - - [14/Apr/2022:06:07:29 +0200] "GET /PmWiki/Directives?action=diff&source=y&minor=n HTTP/1.1" 200 9215 "-" "Mozilla/5.0 (compatible; Barkrowler/0.9; +https://babbar.tech/crawler)"
154.54.249.202 - - [14/Apr/2022:06:07:44 +0200] "GET /PmWiki/SimpleTables?action=diff&source=n&minor=y HTTP/1.1" 200 9259 "-" "Mozilla/5.0 (compatible; Barkrowler/0.9; +https://babbar.tech/crawler)"
154.54.249.202 - - [14/Apr/2022:06:07:59 +0200] "GET /PmWiki/BasicEditing?action=diff&source=n&minor=y HTTP/1.1" 200 9285 "-" "Mozilla/5.0 (compatible; Barkrowler/0.9; +https://babbar.tech/crawler)"
154.54.249.202 - - [14/Apr/2022:06:08:14 +0200] "GET /PmWiki/Glossary?action=diff&source=y&minor=n HTTP/1.1" 200 9183 "-" "Mozilla/5.0 (compatible; Barkrowler/0.9; +https://babbar.tech/crawler)"
154.54.249.202 - - [14/Apr/2022:06:08:29 +0200] "GET /PmWiki/Drafts?action=diff&source=n&minor=y HTTP/1.1" 200 9161 "-" "Mozilla/5.0 (compatible; Barkrowler/0.9; +https://babbar.tech/crawler)"
185.191.171.38 - - [14/Apr/2022:06:08:32 +0200] "GET /PmWiki/LocalCustomizations HTTP/1.1" 200 23713 "-" "Mozilla/5.0 (compatible; SemrushBot/7~bl; +http://www.semrush.com/bot.html)"
154.54.249.202 - - [14/Apr/2022:06:08:44 +0200] "GET /PmWiki/Drafts?action=diff&source=y&minor=n HTTP/1.1" 200 9151 "-" "Mozilla/5.0 (compatible; Barkrowler/0.9; +https://babbar.tech/crawler)"
154.54.249.202 - - [14/Apr/2022:06:08:59 +0200] "GET /PmWiki/ChangeLog?action=diff&source=n&minor=y HTTP/1.1" 200 9211 "-" "Mozilla/5.0 (compatible; Barkrowler/0.9; +https://babbar.tech/crawler)"
154.54.249.202 - - [14/Apr/2022:06:09:14 +0200] "GET /PmWiki/ChangeLog?action=diff&source=y&minor=n HTTP/1.1" 200 9201 "-" "Mozilla/5.0 (compatible; Barkrowler/0.9; +https://babbar.tech/crawler)"
154.54.249.202 - - [14/Apr/2022:06:09:29 +0200] "GET /PmWikiFr/Name?action=diff&source=n&minor=y HTTP/1.1" 200 9542 "-" "Mozilla/5.0 (compatible; Barkrowler/0.9; +https://babbar.tech/crawler)"
154.54.249.202 - - [14/Apr/2022:06:09:44 +0200] "GET /PmWikiFr/Name?action=diff&source=y&minor=n HTTP/1.1" 200 9532 "-" "Mozilla/5.0 (compatible; Barkrowler/0.9; +https://babbar.tech/crawler)"
154.54.249.202 - - [14/Apr/2022:06:09:59 +0200] "GET /PmWikiFr/Menu?action=diff&source=n&minor=y HTTP/1.1" 200 9542 "-" "Mozilla/5.0 (compatible; Barkrowler/0.9; +https://babbar.tech/crawler)"
154.54.249.202 - - [14/Apr/2022:06:10:15 +0200] "GET /PmWikiFr/Menu?action=diff&source=y&minor=n HTTP/1.1" 200 9532 "-" "Mozilla/5.0 (compatible; Barkrowler/0.9; +https://babbar.tech/crawler)"
154.54.249.202 - - [14/Apr/2022:06:10:30 +0200] "GET /PmWikiFr/Security?action=diff&source=n&minor=y HTTP/1.1" 200 9606 "-" "Mozilla/5.0 (compatible; Barkrowler/0.9; +https://babbar.tech/crawler)"
154.54.249.202 - - [14/Apr/2022:06:10:45 +0200] "GET /PmWikiFr/Security?action=diff&source=n&minor=n HTTP/1.1" 200 9604 "-" "Mozilla/5.0 (compatible; Barkrowler/0.9; +https://babbar.tech/crawler)"
154.54.249.202 - - [14/Apr/2022:06:11:00 +0200] "GET /PmWikiFr/Security?action=diff&source=y&minor=n HTTP/1.1" 200 9596 "-" "Mozilla/5.0 (compatible; Barkrowler/0.9; +https://babbar.tech/crawler)"
154.54.249.202 - - [14/Apr/2022:06:11:15 +0200] "GET /PmWikiFr/Download?action=diff&source=n&minor=y HTTP/1.1" 200 9618 "-" "Mozilla/5.0 (compatible; Barkrowler/0.9; +https://babbar.tech/crawler)"
154.54.249.202 - - [14/Apr/2022:06:11:30 +0200] "GET /PmWikiFr/Download?action=diff&source=n&minor=n HTTP/1.1" 200 9616 "-" "Mozilla/5.0 (compatible; Barkrowler/0.9; +https://babbar.tech/crawler)"
194.209.200.2 - - [14/Apr/2022:06:11:44 +0200] "GET /robots.txt HTTP/1.1" 200 - "-" "Mozilla/5.0 (compatible; TMMBot/0.2; +http://www.dslab.ch)/Nutch-1.15"
194.209.200.2 - - [14/Apr/2022:06:11:44 +0200] "GET /Texte/ZurcherischEnglish HTTP/1.1" 200 8274 "-" "Mozilla/5.0 (compatible; TMMBot/0.2; +http://www.dslab.ch)/Nutch-1.15"
154.54.249.202 - - [14/Apr/2022:06:11:45 +0200] "GET /PmWikiFr/Download?action=diff&source=y&minor=y HTTP/1.1" 200 9610 "-" "Mozilla/5.0 (compatible; Barkrowler/0.9; +https://babbar.tech/crawler)"
154.54.249.202 - - [14/Apr/2022:06:12:00 +0200] "GET /PmWikiFr/Download?action=diff&source=y&minor=n HTTP/1.1" 200 9608 "-" "Mozilla/5.0 (compatible; Barkrowler/0.9; +https://babbar.tech/crawler)"
154.54.249.202 - - [14/Apr/2022:06:12:15 +0200] "GET /PmWikiFr/Search?action=diff&source=y&minor=n HTTP/1.1" 200 9570 "-" "Mozilla/5.0 (compatible; Barkrowler/0.9; +https://babbar.tech/crawler)"
154.54.249.202 - - [14/Apr/2022:06:12:30 +0200] "GET /PmWikiFr/FAQ?action=diff&source=n&minor=y HTTP/1.1" 200 9526 "-" "Mozilla/5.0 (compatible; Barkrowler/0.9; +https://babbar.tech/crawler)"
154.54.249.202 - - [14/Apr/2022:06:12:45 +0200] "GET /PmWikiFr/FAQ?action=diff&source=y&minor=n HTTP/1.1" 200 9516 "-" "Mozilla/5.0 (compatible; Barkrowler/0.9; +https://babbar.tech/crawler)"
154.54.249.202 - - [14/Apr/2022:06:13:01 +0200] "GET /PmWikiFr/Links?action=diff&source=n&minor=y HTTP/1.1" 200 9558 "-" "Mozilla/5.0 (compatible; Barkrowler/0.9; +https://babbar.tech/crawler)"
154.54.249.202 - - [14/Apr/2022:06:13:16 +0200] "GET /PmWikiFr/Links?action=diff&source=y&minor=n HTTP/1.1" 200 9548 "-" "Mozilla/5.0 (compatible; Barkrowler/0.9; +https://babbar.tech/crawler)"
154.54.249.202 - - [14/Apr/2022:06:13:31 +0200] "GET /PmWikiFr/Tables?action=diff&source=y&minor=n HTTP/1.1" 200 9568 "-" "Mozilla/5.0 (compatible; Barkrowler/0.9; +https://babbar.tech/crawler)"
154.54.249.202 - - [14/Apr/2022:06:13:46 +0200] "GET /PmWikiFr/Tables?action=diff&source=n&minor=y HTTP/1.1" 200 9578 "-" "Mozilla/5.0 (compatible; Barkrowler/0.9; +https://babbar.tech/crawler)"
154.54.249.202 - - [14/Apr/2022:06:14:01 +0200] "GET /PmWikiFr/Aide?action=diff&source=y&minor=n HTTP/1.1" 200 9532 "-" "Mozilla/5.0 (compatible; Barkrowler/0.9; +https://babbar.tech/crawler)"
114.119.141.186 - - [14/Apr/2022:06:14:03 +0200] "GET /PmWikiFr/FlatFileAdvantages?action=upload HTTP/1.1" 403 18 "-" "Mozilla/5.0 (Linux; Android 7.0;) AppleWebKit/537.36 (KHTML, like Gecko) Mobile Safari/537.36 (compatible; PetalBot;+https://webmaster.petalsearch.com/site/petalbot)"
154.54.249.202 - - [14/Apr/2022:06:14:16 +0200] "GET /PmWikiFr/Aide?action=diff&source=n&minor=y HTTP/1.1" 200 9542 "-" "Mozilla/5.0 (compatible; Barkrowler/0.9; +https://babbar.tech/crawler)"
154.54.249.202 - - [14/Apr/2022:06:14:31 +0200] "GET /PmWikiFr/LesFermesEnBref?action=upload HTTP/1.1" 200 9035 "-" "Mozilla/5.0 (compatible; Barkrowler/0.9; +https://babbar.tech/crawler)"
194.209.200.2 - - [14/Apr/2022:06:14:37 +0200] "GET /Texte/Styluebige HTTP/1.1" 200 9998 "-" "Mozilla/5.0 (compatible; TMMBot/0.2; +http://www.dslab.ch)/Nutch-1.15"
194.209.200.2 - - [14/Apr/2022:06:14:39 +0200] "GET /Admin/Links HTTP/1.1" 200 14193 "-" "Mozilla/5.0 (compatible; TMMBot/0.2; +http://www.dslab.ch)/Nutch-1.15"
154.54.249.202 - - [14/Apr/2022:06:14:46 +0200] "GET /PmWikiFr/LesFermesEnBref?action=diff HTTP/1.1" 200 9716 "-" "Mozilla/5.0 (compatible; Barkrowler/0.9; +https://babbar.tech/crawler)"
154.54.249.202 - - [14/Apr/2022:06:15:01 +0200] "GET /PmWikiFr/EtatDeLaTraduction?action=print HTTP/1.1" 200 56753 "-" "Mozilla/5.0 (compatible; Barkrowler/0.9; +https://babbar.tech/crawler)"
154.54.249.202 - - [14/Apr/2022:06:15:16 +0200] "GET /PmWikiFr/Forms?action=diff&source=n&minor=y HTTP/1.1" 200 9558 "-" "Mozilla/5.0 (compatible; Barkrowler/0.9; +https://babbar.tech/crawler)"
154.54.249.202 - - [14/Apr/2022:06:15:32 +0200] "GET /PmWikiFr/Forms?action=diff&source=y&minor=n HTTP/1.1" 200 9548 "-" "Mozilla/5.0 (compatible; Barkrowler/0.9; +https://babbar.tech/crawler)"
154.54.249.202 - - [14/Apr/2022:06:15:47 +0200] "GET /PmWikiFr/Version?action=diff&source=n&minor=y HTTP/1.1" 200 9590 "-" "Mozilla/5.0 (compatible; Barkrowler/0.9; +https://babbar.tech/crawler)"
154.54.249.202 - - [14/Apr/2022:06:16:02 +0200] "GET /PmWikiFr/Version?action=diff&source=y&minor=n HTTP/1.1" 200 9580 "-" "Mozilla/5.0 (compatible; Barkrowler/0.9; +https://babbar.tech/crawler)"
194.209.200.2 - - [14/Apr/2022:06:16:10 +0200] "GET /Main/Home HTTP/1.1" 200 14638 "-" "Mozilla/5.0 (compatible; TMMBot/0.2; +http://www.dslab.ch)/Nutch-1.15"
154.54.249.202 - - [14/Apr/2022:06:16:17 +0200] "GET /PmWikiFr/RSS?action=diff&source=n&minor=y HTTP/1.1" 200 9526 "-" "Mozilla/5.0 (compatible; Barkrowler/0.9; +https://babbar.tech/crawler)"
194.209.200.2 - - [14/Apr/2022:06:16:31 +0200] "GET / HTTP/1.1" 200 14638 "-" "Mozilla/5.0 (compatible; TMMBot/0.2; +http://www.dslab.ch)/Nutch-1.15"
154.54.249.202 - - [14/Apr/2022:06:16:32 +0200] "GET /PmWikiFr/EditVariablesInTextArea?action=edit HTTP/1.1" 200 9249 "-" "Mozilla/5.0 (compatible; Barkrowler/0.9; +https://babbar.tech/crawler)"
154.54.249.202 - - [14/Apr/2022:06:16:47 +0200] "GET /PmWikiFr/Images?action=diff&source=n&minor=y HTTP/1.1" 200 9574 "-" "Mozilla/5.0 (compatible; Barkrowler/0.9; +https://babbar.tech/crawler)"
154.54.249.202 - - [14/Apr/2022:06:17:02 +0200] "GET /PmWikiFr/Images?action=diff&source=y&minor=n HTTP/1.1" 200 9564 "-" "Mozilla/5.0 (compatible; Barkrowler/0.9; +https://babbar.tech/crawler)"
194.209.200.2 - - [14/Apr/2022:06:17:10 +0200] "GET /Texte/Bitterbeuhsi HTTP/1.1" 200 9255 "-" "Mozilla/5.0 (compatible; TMMBot/0.2; +http://www.dslab.ch)/Nutch-1.15"
154.54.249.202 - - [14/Apr/2022:06:17:17 +0200] "GET /PmWiki/Passwords?action=diff&source=n&minor=y HTTP/1.1" 200 9209 "-" "Mozilla/5.0 (compatible; Barkrowler/0.9; +https://babbar.tech/crawler)"
194.209.200.2 - - [14/Apr/2022:06:17:20 +0200] "GET /Gast/Podcast HTTP/1.1" 200 8106 "-" "Mozilla/5.0 (compatible; TMMBot/0.2; +http://www.dslab.ch)/Nutch-1.15"
154.54.249.202 - - [14/Apr/2022:06:17:32 +0200] "GET /PmWiki/Passwords?action=diff&source=y&minor=n HTTP/1.1" 200 9199 "-" "Mozilla/5.0 (compatible; Barkrowler/0.9; +https://babbar.tech/crawler)"
154.54.249.202 - - [14/Apr/2022:06:17:47 +0200] "GET /PmWiki/RefCount?action=diff&source=y&minor=n HTTP/1.1" 200 9185 "-" "Mozilla/5.0 (compatible; Barkrowler/0.9; +https://babbar.tech/crawler)"
154.54.249.202 - - [14/Apr/2022:06:18:03 +0200] "GET /PmWiki/RefCount?action=diff&source=n&minor=y HTTP/1.1" 200 9195 "-" "Mozilla/5.0 (compatible; Barkrowler/0.9; +https://babbar.tech/crawler)"
154.54.249.202 - - [14/Apr/2022:06:18:18 +0200] "GET /PmWiki/BlueSky?action=diff&source=n&minor=y HTTP/1.1" 200 9179 "-" "Mozilla/5.0 (compatible; Barkrowler/0.9; +https://babbar.tech/crawler)"
154.54.249.202 - - [14/Apr/2022:06:18:33 +0200] "GET /PmWiki/BlueSky?action=diff&source=y&minor=n HTTP/1.1" 200 9169 "-" "Mozilla/5.0 (compatible; Barkrowler/0.9; +https://babbar.tech/crawler)"
154.54.249.202 - - [14/Apr/2022:06:18:48 +0200] "GET /PmWikiIt/RSS?action=diff&source=n&minor=y HTTP/1.1" 200 9146 "-" "Mozilla/5.0 (compatible; Barkrowler/0.9; +https://babbar.tech/crawler)"
66.249.76.222 - - [14/Apr/2022:06:18:52 +0200] "GET /PodCast/IndexPage?action=rss HTTP/1.1" 200 6298 "-" "Mozilla/5.0 (compatible; Googlebot/2.1; +http://www.google.com/bot.html)"
154.54.249.202 - - [14/Apr/2022:06:19:03 +0200] "GET /PmWikiIt/RSS?action=diff&source=y&minor=n HTTP/1.1" 200 9136 "-" "Mozilla/5.0 (compatible; Barkrowler/0.9; +https://babbar.tech/crawler)"
154.54.249.202 - - [14/Apr/2022:06:19:18 +0200] "GET /PmWikiIt/Links?action=diff&source=n&minor=y HTTP/1.1" 200 9178 "-" "Mozilla/5.0 (compatible; Barkrowler/0.9; +https://babbar.tech/crawler)"
154.54.249.202 - - [14/Apr/2022:06:19:33 +0200] "GET /PmWikiIt/Links?action=diff&source=y&minor=n HTTP/1.1" 200 9168 "-" "Mozilla/5.0 (compatible; Barkrowler/0.9; +https://babbar.tech/crawler)"
154.54.249.202 - - [14/Apr/2022:06:19:48 +0200] "GET /PmWiki/WebFeeds?action=diff&source=n&minor=y HTTP/1.1" 200 9195 "-" "Mozilla/5.0 (compatible; Barkrowler/0.9; +https://babbar.tech/crawler)"
154.54.249.202 - - [14/Apr/2022:06:20:03 +0200] "GET /PmWiki/WebFeeds?action=diff&source=y&minor=n HTTP/1.1" 200 9185 "-" "Mozilla/5.0 (compatible; Barkrowler/0.9; +https://babbar.tech/crawler)"
154.54.249.202 - - [14/Apr/2022:06:20:18 +0200] "GET /PmWiki/Requirements?action=diff&source=n&minor=y HTTP/1.1" 200 9257 "-" "Mozilla/5.0 (compatible; Barkrowler/0.9; +https://babbar.tech/crawler)"
154.54.249.202 - - [14/Apr/2022:06:20:33 +0200] "GET /PmWiki/AuthUser?action=diff&source=y&minor=n HTTP/1.1" 200 9185 "-" "Mozilla/5.0 (compatible; Barkrowler/0.9; +https://babbar.tech/crawler)"
154.54.249.202 - - [14/Apr/2022:06:20:48 +0200] "GET /PmWiki/AuthUser?action=diff&source=n&minor=y HTTP/1.1" 200 9195 "-" "Mozilla/5.0 (compatible; Barkrowler/0.9; +https://babbar.tech/crawler)"
154.54.249.202 - - [14/Apr/2022:06:21:03 +0200] "GET /PmWiki/AuthUser?action=diff&source=n&minor=n HTTP/1.1" 200 9193 "-" "Mozilla/5.0 (compatible; Barkrowler/0.9; +https://babbar.tech/crawler)"
154.54.249.202 - - [14/Apr/2022:06:21:19 +0200] "GET /PmWiki/Blocklist?action=diff&source=n&minor=y HTTP/1.1" 200 9209 "-" "Mozilla/5.0 (compatible; Barkrowler/0.9; +https://babbar.tech/crawler)"
154.54.249.202 - - [14/Apr/2022:06:21:34 +0200] "GET /PmWiki/Blocklist?action=diff&source=n&minor=n HTTP/1.1" 200 9207 "-" "Mozilla/5.0 (compatible; Barkrowler/0.9; +https://babbar.tech/crawler)"
154.54.249.202 - - [14/Apr/2022:06:21:49 +0200] "GET /PmWiki/Blocklist?action=diff&source=y&minor=y HTTP/1.1" 200 9201 "-" "Mozilla/5.0 (compatible; Barkrowler/0.9; +https://babbar.tech/crawler)"
154.54.249.202 - - [14/Apr/2022:06:22:04 +0200] "GET /PmWiki/Blocklist?action=diff&source=y&minor=n HTTP/1.1" 200 9199 "-" "Mozilla/5.0 (compatible; Barkrowler/0.9; +https://babbar.tech/crawler)"
154.54.249.202 - - [14/Apr/2022:06:22:19 +0200] "GET /Podcast/Styluebige?action=diff&source=y&minor=n HTTP/1.1" 200 9782 "-" "Mozilla/5.0 (compatible; Barkrowler/0.9; +https://babbar.tech/crawler)"
154.54.249.202 - - [14/Apr/2022:06:22:34 +0200] "GET /PodCast/MI2009?action=diff&source=n&minor=y HTTP/1.1" 200 9179 "-" "Mozilla/5.0 (compatible; Barkrowler/0.9; +https://babbar.tech/crawler)"
154.54.249.202 - - [14/Apr/2022:06:22:49 +0200] "GET /PodCast/Zugle?action=diff&source=n&minor=y HTTP/1.1" 200 23096 "-" "Mozilla/5.0 (compatible; Barkrowler/0.9; +https://babbar.tech/crawler)"
154.54.249.202 - - [14/Apr/2022:06:23:04 +0200] "GET /PodCast/Zugle?action=diff&source=y&minor=n HTTP/1.1" 200 22634 "-" "Mozilla/5.0 (compatible; Barkrowler/0.9; +https://babbar.tech/crawler)"
154.54.249.202 - - [14/Apr/2022:06:23:19 +0200] "GET /PodCast/BBi?action=diff&source=n&minor=y HTTP/1.1" 200 9131 "-" "Mozilla/5.0 (compatible; Barkrowler/0.9; +https://babbar.tech/crawler)"
154.54.249.202 - - [14/Apr/2022:06:23:34 +0200] "GET /PodCast/RUR02?action=diff&source=n&minor=y HTTP/1.1" 200 29111 "-" "Mozilla/5.0 (compatible; Barkrowler/0.9; +https://babbar.tech/crawler)"
154.54.249.202 - - [14/Apr/2022:06:23:50 +0200] "GET /PodCast/RUR02?action=diff&source=y&minor=n HTTP/1.1" 200 27303 "-" "Mozilla/5.0 (compatible; Barkrowler/0.9; +https://babbar.tech/crawler)"
154.54.249.202 - - [14/Apr/2022:06:24:05 +0200] "GET /PodCast/RUR01?action=diff&source=n&minor=n HTTP/1.1" 200 26821 "-" "Mozilla/5.0 (compatible; Barkrowler/0.9; +https://babbar.tech/crawler)"
154.54.249.202 - - [14/Apr/2022:06:24:20 +0200] "GET /PodCast/RUR01?action=diff&source=y&minor=y HTTP/1.1" 200 25653 "-" "Mozilla/5.0 (compatible; Barkrowler/0.9; +https://babbar.tech/crawler)"
154.54.249.202 - - [14/Apr/2022:06:24:35 +0200] "GET /PodCast/RUR01?action=diff&source=y&minor=n HTTP/1.1" 200 25651 "-" "Mozilla/5.0 (compatible; Barkrowler/0.9; +https://babbar.tech/crawler)"
154.54.249.202 - - [14/Apr/2022:06:24:50 +0200] "GET /PodCast/Prometheus?action=diff&source=y&minor=n HTTP/1.1" 200 18380 "-" "Mozilla/5.0 (compatible; Barkrowler/0.9; +https://babbar.tech/crawler)"
154.54.249.202 - - [14/Apr/2022:06:25:05 +0200] "GET /PodCast/Bankett?action=diff&source=y&minor=n HTTP/1.1" 200 29027 "-" "Mozilla/5.0 (compatible; Barkrowler/0.9; +https://babbar.tech/crawler)"
154.54.249.202 - - [14/Apr/2022:06:25:20 +0200] "GET /PodCast/Chile?action=diff&source=n&minor=y HTTP/1.1" 200 22388 "-" "Mozilla/5.0 (compatible; Barkrowler/0.9; +https://babbar.tech/crawler)"
154.54.249.202 - - [14/Apr/2022:06:25:35 +0200] "GET /PodCast/Chile?action=diff&source=y&minor=n HTTP/1.1" 200 22981 "-" "Mozilla/5.0 (compatible; Barkrowler/0.9; +https://babbar.tech/crawler)"
154.54.249.202 - - [14/Apr/2022:06:25:50 +0200] "GET /PodCast/141TaagsatzigIV1484?action=edit HTTP/1.1" 200 8796 "-" "Mozilla/5.0 (compatible; Barkrowler/0.9; +https://babbar.tech/crawler)"
154.54.249.202 - - [14/Apr/2022:06:26:06 +0200] "GET /PodCast/Patriarch?action=diff&source=y&minor=n HTTP/1.1" 200 28844 "-" "Mozilla/5.0 (compatible; Barkrowler/0.9; +https://babbar.tech/crawler)"
154.54.249.202 - - [14/Apr/2022:06:26:21 +0200] "GET /PodCast/Goliat?action=diff&source=y&minor=n HTTP/1.1" 200 17963 "-" "Mozilla/5.0 (compatible; Barkrowler/0.9; +https://babbar.tech/crawler)"
154.54.249.202 - - [14/Apr/2022:06:26:36 +0200] "GET /PodCast/Sterbe?action=diff&source=y&minor=n HTTP/1.1" 200 11253 "-" "Mozilla/5.0 (compatible; Barkrowler/0.9; +https://babbar.tech/crawler)"
154.54.249.202 - - [14/Apr/2022:06:26:51 +0200] "GET /PodCast/PodCast?action=diff&source=n&minor=y HTTP/1.1" 200 242251 "-" "Mozilla/5.0 (compatible; Barkrowler/0.9; +https://babbar.tech/crawler)"
185.191.171.16 - - [14/Apr/2022:06:27:04 +0200] "GET /robots.txt HTTP/1.1" 200 - "-" "Mozilla/5.0 (compatible; SemrushBot/7~bl; +http://www.semrush.com/bot.html)"
185.191.171.23 - - [14/Apr/2022:06:27:04 +0200] "GET /PmWikiDe/DocumentationIndex?action=diff HTTP/1.1" 403 18 "-" "Mozilla/5.0 (compatible; SemrushBot/7~bl; +http://www.semrush.com/bot.html)"
154.54.249.202 - - [14/Apr/2022:06:27:06 +0200] "GET /PodCast/PodCast?action=diff&source=y&minor=n HTTP/1.1" 200 226626 "-" "Mozilla/5.0 (compatible; Barkrowler/0.9; +https://babbar.tech/crawler)"
154.54.249.202 - - [14/Apr/2022:06:27:22 +0200] "GET /PodCast/Stounkel?action=diff&source=n&minor=y HTTP/1.1" 200 9209 "-" "Mozilla/5.0 (compatible; Barkrowler/0.9; +https://babbar.tech/crawler)"
154.54.249.202 - - [14/Apr/2022:06:27:37 +0200] "GET /PodCast/Stounkel?action=diff&source=y&minor=n HTTP/1.1" 200 9199 "-" "Mozilla/5.0 (compatible; Barkrowler/0.9; +https://babbar.tech/crawler)"
154.54.249.202 - - [14/Apr/2022:06:27:52 +0200] "GET /PodCast/Stolz?action=diff&source=n&minor=y HTTP/1.1" 200 12218 "-" "Mozilla/5.0 (compatible; Barkrowler/0.9; +https://babbar.tech/crawler)"
154.54.249.202 - - [14/Apr/2022:06:28:07 +0200] "GET /PodCast/Stolz?action=diff&source=n&minor=n HTTP/1.1" 200 12216 "-" "Mozilla/5.0 (compatible; Barkrowler/0.9; +https://babbar.tech/crawler)"
114.119.141.201 - - [14/Apr/2022:06:28:09 +0200] "GET /PodCast/Buecherbrand2?action=upload HTTP/1.1" 403 18 "-" "Mozilla/5.0 (Linux; Android 7.0;) AppleWebKit/537.36 (KHTML, like Gecko) Mobile Safari/537.36 (compatible; PetalBot;+https://webmaster.petalsearch.com/site/petalbot)"
154.54.249.202 - - [14/Apr/2022:06:28:22 +0200] "GET /PodCast/Stolz?action=diff&source=y&minor=n HTTP/1.1" 200 11792 "-" "Mozilla/5.0 (compatible; Barkrowler/0.9; +https://babbar.tech/crawler)"
185.191.171.24 - - [14/Apr/2022:06:28:23 +0200] "GET /PmWikiFr/DossiersEtFichiers?action=diff HTTP/1.1" 403 18 "-" "Mozilla/5.0 (compatible; SemrushBot/7~bl; +http://www.semrush.com/bot.html)"
154.54.249.202 - - [14/Apr/2022:06:28:37 +0200] "GET /PodCast/Konzyl?action=diff&source=y&minor=n HTTP/1.1" 200 11230 "-" "Mozilla/5.0 (compatible; Barkrowler/0.9; +https://babbar.tech/crawler)"
