85.25.177.139 - - [30/Sep/2022:21:43:47 +0200] "GET /Site/191Houhsraech1509?action=print HTTP/1.1" 200 15944 "-" "Mozilla/5.0 (Macintosh; Intel Mac OS X 10.15; rv:103.0) Gecko/20100101 Firefox/103.0"
85.25.177.139 - - [30/Sep/2022:21:44:28 +0200] "GET /Site/Preferences?action=edit HTTP/1.1" 200 8635 "-" "Mozilla/5.0 (Macintosh; Intel Mac OS X 10.15; rv:103.0) Gecko/20100101 Firefox/103.0"
85.25.177.139 - - [30/Sep/2022:21:45:49 +0200] "GET /PodCast/200Quellen?action=print HTTP/1.1" 404 2404 "-" "Mozilla/5.0 (Macintosh; Intel Mac OS X 10.15; rv:103.0) Gecko/20100101 Firefox/103.0"
85.25.177.139 - - [30/Sep/2022:21:47:23 +0200] "GET /Site/Preferences?action=source HTTP/1.1" 200 2426 "-" "Mozilla/5.0 (Macintosh; Intel Mac OS X 10.15; rv:103.0) Gecko/20100101 Firefox/103.0"
85.25.177.139 - - [30/Sep/2022:21:49:04 +0200] "GET /PodCast/142Taagsatzig1484?action=diff&source=y&minor=y HTTP/1.1" 200 9349 "-" "Mozilla/5.0 (Macintosh; Intel Mac OS X 10.15; rv:103.0) Gecko/20100101 Firefox/103.0"
85.25.177.139 - - [30/Sep/2022:21:50:45 +0200] "GET /PodCast/JBJInhaltsverzaichnis?action=diff HTTP/1.1" 200 14119 "-" "Mozilla/5.0 (Macintosh; Intel Mac OS X 10.15; rv:103.0) Gecko/20100101 Firefox/103.0"
85.25.177.139 - - [30/Sep/2022:21:51:22 +0200] "GET /PodCast/142Taagsatzig1484?action=diff&source=n&minor=n HTTP/1.1" 200 9355 "-" "Mozilla/5.0 (Macintosh; Intel Mac OS X 10.15; rv:103.0) Gecko/20100101 Firefox/103.0"
85.25.177.139 - - [30/Sep/2022:21:53:06 +0200] "GET /PodCast/Freuidechrafft?action=edit HTTP/1.1" 200 8720 "-" "Mozilla/5.0 (Macintosh; Intel Mac OS X 10.15; rv:103.0) Gecko/20100101 Firefox/103.0"
85.25.177.139 - - [30/Sep/2022:21:53:45 +0200] "GET /PodCast/JBJInhaltsverzaichnis?action=edit HTTP/1.1" 200 8820 "-" "Mozilla/5.0 (Macintosh; Intel Mac OS X 10.15; rv:103.0) Gecko/20100101 Firefox/103.0"
85.25.177.139 - - [30/Sep/2022:21:54:50 +0200] "GET /PodCast/Freuidechrafft?action=upload HTTP/1.1" 200 8620 "-" "Mozilla/5.0 (Macintosh; Intel Mac OS X 10.15; rv:103.0) Gecko/20100101 Firefox/103.0"
85.25.177.139 - - [30/Sep/2022:21:56:10 +0200] "GET /PodCast/Freuidechrafft?action=print HTTP/1.1" 200 11162 "-" "Mozilla/5.0 (Macintosh; Intel Mac OS X 10.15; rv:103.0) Gecko/20100101 Firefox/103.0"
194.209.200.2 - - [30/Sep/2022:21:56:49 +0200] "GET /robots.txt HTTP/1.1" 200 - "-" "Mozilla/5.0 (compatible; TMMBot/0.2; +http://www.dslab.ch)/Nutch-1.15"
194.209.200.2 - - [30/Sep/2022:21:56:49 +0200] "GET /Texte/Schrybwys HTTP/1.1" 200 11028 "-" "Mozilla/5.0 (compatible; TMMBot/0.2; +http://www.dslab.ch)/Nutch-1.15"
85.25.177.139 - - [30/Sep/2022:21:56:54 +0200] "GET /PodCast/JBJInhaltsverzaichnis?action=upload HTTP/1.1" 200 8720 "-" "Mozilla/5.0 (Macintosh; Intel Mac OS X 10.15; rv:103.0) Gecko/20100101 Firefox/103.0"
185.81.157.9 - - [30/Sep/2022:21:57:02 +0200] "GET /.env HTTP/1.1" 404 264 "-" "python-requests/2.27.1"
3.216.185.164 - - [30/Sep/2022:21:57:35 +0200] "GET /PodCast/IndexPage?action=rss HTTP/1.1" 200 6298 "-" "PocketCasts/1.0 (Pocket Casts Feed Parser; +http://pocketcasts.com/)"
85.25.177.139 - - [30/Sep/2022:21:57:36 +0200] "GET /PodCast/Freuidechrafft?action=diff HTTP/1.1" 200 18874 "-" "Mozilla/5.0 (Macintosh; Intel Mac OS X 10.15; rv:103.0) Gecko/20100101 Firefox/103.0"
194.209.200.2 - - [30/Sep/2022:21:57:56 +0200] "GET /Texte/GDicht HTTP/1.1" 200 8050 "-" "Mozilla/5.0 (compatible; TMMBot/0.2; +http://www.dslab.ch)/Nutch-1.15"
194.209.200.2 - - [30/Sep/2022:21:58:41 +0200] "GET /Texte/Metamorphoses HTTP/1.1" 200 9045 "-" "Mozilla/5.0 (compatible; TMMBot/0.2; +http://www.dslab.ch)/Nutch-1.15"
85.25.177.139 - - [30/Sep/2022:21:59:23 +0200] "GET /PodCast/Puzzle?action=upload HTTP/1.1" 200 8508 "-" "Mozilla/5.0 (Macintosh; Intel Mac OS X 10.15; rv:103.0) Gecko/20100101 Firefox/103.0"
66.249.76.222 - - [30/Sep/2022:22:00:59 +0200] "GET /PodCast/IndexPage?action=rss HTTP/1.1" 200 6298 "-" "Mozilla/5.0 (compatible; Googlebot/2.1; +http://www.google.com/bot.html)"
85.25.177.139 - - [30/Sep/2022:22:01:15 +0200] "GET /PodCast/Puzzle?action=print HTTP/1.1" 200 4650 "-" "Mozilla/5.0 (Macintosh; Intel Mac OS X 10.15; rv:103.0) Gecko/20100101 Firefox/103.0"
85.25.177.139 - - [30/Sep/2022:22:03:36 +0200] "GET /PodCast/Puzzle?action=diff HTTP/1.1" 200 17545 "-" "Mozilla/5.0 (Macintosh; Intel Mac OS X 10.15; rv:103.0) Gecko/20100101 Firefox/103.0"
85.25.177.139 - - [30/Sep/2022:22:05:10 +0200] "GET /PmWiki/InitialSetupTasks HTTP/1.1" 200 21697 "-" "Mozilla/5.0 (Macintosh; Intel Mac OS X 10.15; rv:103.0) Gecko/20100101 Firefox/103.0"
85.25.177.139 - - [30/Sep/2022:22:05:53 +0200] "GET /PmWiki/LayoutVariables?action=upload HTTP/1.1" 200 8622 "-" "Mozilla/5.0 (Macintosh; Intel Mac OS X 10.15; rv:103.0) Gecko/20100101 Firefox/103.0"
85.25.177.139 - - [30/Sep/2022:22:06:35 +0200] "GET /PmWiki/GroupHeaders?action=upload HTTP/1.1" 200 8612 "-" "Mozilla/5.0 (Macintosh; Intel Mac OS X 10.15; rv:103.0) Gecko/20100101 Firefox/103.0"
85.25.177.139 - - [30/Sep/2022:22:07:15 +0200] "GET /PmWiki/SkinTemplates HTTP/1.1" 200 28363 "-" "Mozilla/5.0 (Macintosh; Intel Mac OS X 10.15; rv:103.0) Gecko/20100101 Firefox/103.0"
85.25.177.139 - - [30/Sep/2022:22:07:51 +0200] "GET /PmWiki/GroupHeaders?action=diff HTTP/1.1" 200 9283 "-" "Mozilla/5.0 (Macintosh; Intel Mac OS X 10.15; rv:103.0) Gecko/20100101 Firefox/103.0"
85.25.177.139 - - [30/Sep/2022:22:09:10 +0200] "GET /PmWiki/Links HTTP/1.1" 200 37519 "-" "Mozilla/5.0 (Macintosh; Intel Mac OS X 10.15; rv:103.0) Gecko/20100101 Firefox/103.0"
85.25.177.139 - - [30/Sep/2022:22:10:30 +0200] "GET /PmWiki/WikiStyles HTTP/1.1" 200 33389 "-" "Mozilla/5.0 (Macintosh; Intel Mac OS X 10.15; rv:103.0) Gecko/20100101 Firefox/103.0"
85.25.177.139 - - [30/Sep/2022:22:11:27 +0200] "GET /PmWiki/PageTextVariables HTTP/1.1" 200 26102 "-" "Mozilla/5.0 (Macintosh; Intel Mac OS X 10.15; rv:103.0) Gecko/20100101 Firefox/103.0"
85.25.177.139 - - [30/Sep/2022:22:12:45 +0200] "GET /PmWiki/MarkupMasterIndex?action=diff HTTP/1.1" 200 9333 "-" "Mozilla/5.0 (Macintosh; Intel Mac OS X 10.15; rv:103.0) Gecko/20100101 Firefox/103.0"
85.25.177.139 - - [30/Sep/2022:22:13:47 +0200] "GET /PmWiki/Tables HTTP/1.1" 200 26865 "-" "Mozilla/5.0 (Macintosh; Intel Mac OS X 10.15; rv:103.0) Gecko/20100101 Firefox/103.0"
85.25.177.139 - - [30/Sep/2022:22:14:30 +0200] "GET /PmWiki/Images HTTP/1.1" 200 36431 "-" "Mozilla/5.0 (Macintosh; Intel Mac OS X 10.15; rv:103.0) Gecko/20100101 Firefox/103.0"
85.25.177.139 - - [30/Sep/2022:22:16:13 +0200] "GET /PodCast/Nostalgy?action=edit&restore=diff:1220122129:1220122071:&preview=y HTTP/1.1" 200 8682 "-" "Mozilla/5.0 (Macintosh; Intel Mac OS X 10.15; rv:103.0) Gecko/20100101 Firefox/103.0"
85.25.177.139 - - [30/Sep/2022:22:16:47 +0200] "GET /PodCast/Nostalgy?action=diff&source=y&minor=y HTTP/1.1" 200 13036 "-" "Mozilla/5.0 (Macintosh; Intel Mac OS X 10.15; rv:103.0) Gecko/20100101 Firefox/103.0"
85.25.177.139 - - [30/Sep/2022:22:18:11 +0200] "GET /PodCast/Nostalgy?action=edit&restore=diff:1220121878:1220121878:&preview=y HTTP/1.1" 200 8682 "-" "Mozilla/5.0 (Macintosh; Intel Mac OS X 10.15; rv:103.0) Gecko/20100101 Firefox/103.0"
85.25.177.139 - - [30/Sep/2022:22:19:23 +0200] "GET /PmWiki/LinkSchemes?action=edit HTTP/1.1" 200 8666 "-" "Mozilla/5.0 (Macintosh; Intel Mac OS X 10.15; rv:103.0) Gecko/20100101 Firefox/103.0"
85.25.177.139 - - [30/Sep/2022:22:20:20 +0200] "GET /PmWiki/PageLists HTTP/1.1" 200 42846 "-" "Mozilla/5.0 (Macintosh; Intel Mac OS X 10.15; rv:103.0) Gecko/20100101 Firefox/103.0"
85.25.177.139 - - [30/Sep/2022:22:21:07 +0200] "GET /PmWiki/SpecialPages?action=diff&source=y&minor=n HTTP/1.1" 200 9249 "-" "Mozilla/5.0 (Macintosh; Intel Mac OS X 10.15; rv:103.0) Gecko/20100101 Firefox/103.0"
85.25.177.139 - - [30/Sep/2022:22:23:01 +0200] "GET /PmWiki/WikiWord HTTP/1.1" 200 12028 "-" "Mozilla/5.0 (Macintosh; Intel Mac OS X 10.15; rv:103.0) Gecko/20100101 Firefox/103.0"
85.25.177.139 - - [30/Sep/2022:22:24:36 +0200] "GET /PodCast/Lobbiing?action=edit&restore=diff:1165910204:1165907158:&preview=y HTTP/1.1" 200 8682 "-" "Mozilla/5.0 (Macintosh; Intel Mac OS X 10.15; rv:103.0) Gecko/20100101 Firefox/103.0"
85.25.177.139 - - [30/Sep/2022:22:26:22 +0200] "GET /PodCast/Lobbiing?action=diff&source=n&minor=n HTTP/1.1" 200 35814 "-" "Mozilla/5.0 (Macintosh; Intel Mac OS X 10.15; rv:103.0) Gecko/20100101 Firefox/103.0"
85.25.177.139 - - [30/Sep/2022:22:27:57 +0200] "GET /PmWiki/FilePermissions HTTP/1.1" 200 17116 "-" "Mozilla/5.0 (Macintosh; Intel Mac OS X 10.15; rv:103.0) Gecko/20100101 Firefox/103.0"
85.25.177.139 - - [30/Sep/2022:22:28:47 +0200] "GET /PodCast/Lobbiing?action=edit&restore=diff:1165910308:1165910204:&preview=y HTTP/1.1" 200 8682 "-" "Mozilla/5.0 (Macintosh; Intel Mac OS X 10.15; rv:103.0) Gecko/20100101 Firefox/103.0"
194.209.200.2 - - [30/Sep/2022:22:30:19 +0200] "GET /robots.txt HTTP/1.1" 200 - "-" "Mozilla/5.0 (compatible; TMMBot/0.2; +http://www.dslab.ch)/Nutch-1.15"
194.209.200.2 - - [30/Sep/2022:22:30:20 +0200] "GET /Texte/Schrybwys HTTP/1.1" 200 11028 "-" "Mozilla/5.0 (compatible; TMMBot/0.2; +http://www.dslab.ch)/Nutch-1.15"
85.25.177.139 - - [30/Sep/2022:22:30:29 +0200] "GET /PodCast/162Predigerchoor1489?action=diff&source=n&minor=n HTTP/1.1" 200 9403 "-" "Mozilla/5.0 (Macintosh; Intel Mac OS X 10.15; rv:103.0) Gecko/20100101 Firefox/103.0"
194.209.200.2 - - [30/Sep/2022:22:31:19 +0200] "GET /Texte/GDicht HTTP/1.1" 200 8050 "-" "Mozilla/5.0 (compatible; TMMBot/0.2; +http://www.dslab.ch)/Nutch-1.15"
85.25.177.139 - - [30/Sep/2022:22:31:32 +0200] "GET /PmWiki/Troubleshooting?action=upload HTTP/1.1" 200 8620 "-" "Mozilla/5.0 (Macintosh; Intel Mac OS X 10.15; rv:103.0) Gecko/20100101 Firefox/103.0"
162.55.85.227 - - [30/Sep/2022:22:31:32 +0200] "GET /robots.txt HTTP/1.1" 200 - "-" "Mozilla/5.0 (compatible; BLEXBot/1.0; +http://webmeup-crawler.com/)"
162.55.85.227 - - [30/Sep/2022:22:31:34 +0200] "GET /sitemap HTTP/1.1" 404 273 "-" "Mozilla/5.0 (compatible; BLEXBot/1.0; +http://webmeup-crawler.com/)"
162.55.85.227 - - [30/Sep/2022:22:31:37 +0200] "GET /robots.txt HTTP/1.1" 200 - "-" "Mozilla/5.0 (compatible; BLEXBot/1.0; +http://webmeup-crawler.com/)"
162.55.85.227 - - [30/Sep/2022:22:31:39 +0200] "GET /sitemap HTTP/1.1" 404 277 "-" "Mozilla/5.0 (compatible; BLEXBot/1.0; +http://webmeup-crawler.com/)"
162.55.85.227 - - [30/Sep/2022:22:31:43 +0200] "GET /sitemap.txt HTTP/1.1" 404 277 "-" "Mozilla/5.0 (compatible; BLEXBot/1.0; +http://webmeup-crawler.com/)"
162.55.85.227 - - [30/Sep/2022:22:31:46 +0200] "GET /sitemap.txt HTTP/1.1" 404 281 "-" "Mozilla/5.0 (compatible; BLEXBot/1.0; +http://webmeup-crawler.com/)"
194.209.200.2 - - [30/Sep/2022:22:31:47 +0200] "GET /Texte/Styluebige HTTP/1.1" 200 9998 "-" "Mozilla/5.0 (compatible; TMMBot/0.2; +http://www.dslab.ch)/Nutch-1.15"
194.209.200.2 - - [30/Sep/2022:22:31:56 +0200] "GET /Texte/Metamorphoses HTTP/1.1" 200 9045 "-" "Mozilla/5.0 (compatible; TMMBot/0.2; +http://www.dslab.ch)/Nutch-1.15"
85.25.177.139 - - [30/Sep/2022:22:32:12 +0200] "GET /PodCast/Boschpochrank?action=diff HTTP/1.1" 200 14055 "-" "Mozilla/5.0 (Macintosh; Intel Mac OS X 10.15; rv:103.0) Gecko/20100101 Firefox/103.0"
66.249.70.204 - - [30/Sep/2022:22:33:20 +0200] "GET /robots.txt HTTP/1.1" 200 - "-" "Mozilla/5.0 (compatible; Googlebot/2.1; +http://www.google.com/bot.html)"
66.249.70.204 - - [30/Sep/2022:22:33:20 +0200] "GET /PodCast/IndexPage?action=rss HTTP/1.1" 200 6298 "-" "Mozilla/5.0 (compatible; Googlebot/2.1; +http://www.google.com/bot.html)"
85.25.177.139 - - [30/Sep/2022:22:34:28 +0200] "GET /PmWiki/PathVariables?action=print HTTP/1.1" 200 16853 "-" "Mozilla/5.0 (Macintosh; Intel Mac OS X 10.15; rv:103.0) Gecko/20100101 Firefox/103.0"
85.25.177.139 - - [30/Sep/2022:22:35:02 +0200] "GET /PodCast/Boschpochrank?action=upload HTTP/1.1" 200 8606 "-" "Mozilla/5.0 (Macintosh; Intel Mac OS X 10.15; rv:103.0) Gecko/20100101 Firefox/103.0"
85.25.177.139 - - [30/Sep/2022:22:37:12 +0200] "GET /PmWiki/PathVariables?action=diff HTTP/1.1" 200 9267 "-" "Mozilla/5.0 (Macintosh; Intel Mac OS X 10.15; rv:103.0) Gecko/20100101 Firefox/103.0"
85.25.177.139 - - [30/Sep/2022:22:37:37 +0200] "GET /PodCast/Boschpochrank?action=edit HTTP/1.1" 200 8706 "-" "Mozilla/5.0 (Macintosh; Intel Mac OS X 10.15; rv:103.0) Gecko/20100101 Firefox/103.0"
85.25.177.139 - - [30/Sep/2022:22:39:09 +0200] "GET /Category HTTP/1.1" 200 8720 "-" "Mozilla/5.0 (Macintosh; Intel Mac OS X 10.15; rv:103.0) Gecko/20100101 Firefox/103.0"
85.25.177.139 - - [30/Sep/2022:22:40:28 +0200] "GET /PodCast/Antiikiundanderigschichte?action=edit HTTP/1.1" 200 8874 "-" "Mozilla/5.0 (Macintosh; Intel Mac OS X 10.15; rv:103.0) Gecko/20100101 Firefox/103.0"
85.25.177.139 - - [30/Sep/2022:22:41:28 +0200] "GET /PmWiki/EditVariables?action=print HTTP/1.1" 200 17953 "-" "Mozilla/5.0 (Macintosh; Intel Mac OS X 10.15; rv:103.0) Gecko/20100101 Firefox/103.0"
85.25.177.139 - - [30/Sep/2022:22:42:48 +0200] "GET /PodCast/Antiikiundanderigschichte?action=print HTTP/1.1" 200 2618 "-" "Mozilla/5.0 (Macintosh; Intel Mac OS X 10.15; rv:103.0) Gecko/20100101 Firefox/103.0"
85.25.177.139 - - [30/Sep/2022:22:44:07 +0200] "GET /Category/GroupFooter?action=print HTTP/1.1" 200 2998 "-" "Mozilla/5.0 (Macintosh; Intel Mac OS X 10.15; rv:103.0) Gecko/20100101 Firefox/103.0"
168.119.51.163 - - [30/Sep/2022:22:45:20 +0200] "GET /robots.txt HTTP/1.1" 200 - "-" "Mozilla/5.0 (compatible; um-IC/1.0; mailto: techinfo@ubermetrics-technologies.com; Windows NT 6.1; WOW64; rv:40.0) Gecko/20100101 Firefox/40.1"
168.119.51.163 - - [30/Sep/2022:22:45:20 +0200] "GET /PodCast/IndexPage?action=rss HTTP/1.1" 200 6298 "-" "Mozilla/5.0 (compatible; um-IC/1.0; mailto: techinfo@ubermetrics-technologies.com; Windows NT 6.1; WOW64; rv:40.0) Gecko/20100101 Firefox/40.1"
85.25.177.139 - - [30/Sep/2022:22:45:36 +0200] "GET /PodCast/Antiikiundanderigschichte?action=diff HTTP/1.1" 200 11686 "-" "Mozilla/5.0 (Macintosh; Intel Mac OS X 10.15; rv:103.0) Gecko/20100101 Firefox/103.0"
85.25.177.139 - - [30/Sep/2022:22:47:12 +0200] "GET /PmWiki/PageFileFormat?action=print HTTP/1.1" 200 9424 "-" "Mozilla/5.0 (Macintosh; Intel Mac OS X 10.15; rv:103.0) Gecko/20100101 Firefox/103.0"
85.25.177.139 - - [30/Sep/2022:22:48:46 +0200] "GET /PodCast/Antiikiundanderigschichte?action=upload HTTP/1.1" 200 8774 "-" "Mozilla/5.0 (Macintosh; Intel Mac OS X 10.15; rv:103.0) Gecko/20100101 Firefox/103.0"
185.81.157.9 - - [30/Sep/2022:22:49:01 +0200] "POST / HTTP/1.1" 200 15085 "-" "python-requests/2.27.1"
85.25.177.139 - - [30/Sep/2022:22:49:58 +0200] "GET /PmWiki/FullName?action=edit HTTP/1.1" 200 8624 "-" "Mozilla/5.0 (Macintosh; Intel Mac OS X 10.15; rv:103.0) Gecko/20100101 Firefox/103.0"
85.25.177.139 - - [30/Sep/2022:22:51:09 +0200] "GET /PmWiki/GroupCustomizations?action=print HTTP/1.1" 200 12010 "-" "Mozilla/5.0 (Macintosh; Intel Mac OS X 10.15; rv:103.0) Gecko/20100101 Firefox/103.0"
85.25.177.139 - - [30/Sep/2022:22:51:58 +0200] "GET /PmWiki/WikiTrails?action=diff HTTP/1.1" 200 9219 "-" "Mozilla/5.0 (Macintosh; Intel Mac OS X 10.15; rv:103.0) Gecko/20100101 Firefox/103.0"
85.25.177.139 - - [30/Sep/2022:22:52:34 +0200] "GET /PmWiki/AuthUser?action=print HTTP/1.1" 200 24791 "-" "Mozilla/5.0 (Macintosh; Intel Mac OS X 10.15; rv:103.0) Gecko/20100101 Firefox/103.0"
85.25.177.139 - - [30/Sep/2022:22:53:37 +0200] "GET /Site/182Room1500?action=edit HTTP/1.1" 200 8639 "-" "Mozilla/5.0 (Macintosh; Intel Mac OS X 10.15; rv:103.0) Gecko/20100101 Firefox/103.0"
85.25.177.139 - - [30/Sep/2022:22:55:27 +0200] "GET /Site/182Room1500?action=diff HTTP/1.1" 200 43596 "-" "Mozilla/5.0 (Macintosh; Intel Mac OS X 10.15; rv:103.0) Gecko/20100101 Firefox/103.0"
85.25.177.139 - - [30/Sep/2022:22:56:31 +0200] "GET /Site/182Room1500?action=print HTTP/1.1" 200 18614 "-" "Mozilla/5.0 (Macintosh; Intel Mac OS X 10.15; rv:103.0) Gecko/20100101 Firefox/103.0"
85.25.177.139 - - [30/Sep/2022:22:57:53 +0200] "GET /PmWiki/WikiAdministrator?action=print HTTP/1.1" 200 3592 "-" "Mozilla/5.0 (Macintosh; Intel Mac OS X 10.15; rv:103.0) Gecko/20100101 Firefox/103.0"
85.25.177.139 - - [30/Sep/2022:22:59:16 +0200] "GET /PmWiki/LayoutVariables?action=print HTTP/1.1" 200 34389 "-" "Mozilla/5.0 (Macintosh; Intel Mac OS X 10.15; rv:103.0) Gecko/20100101 Firefox/103.0"
194.209.200.2 - - [30/Sep/2022:22:59:43 +0200] "GET /robots.txt HTTP/1.1" 200 - "-" "Mozilla/5.0 (compatible; TMMBot/0.2; +http://www.dslab.ch)/Nutch-1.15"
194.209.200.2 - - [30/Sep/2022:22:59:43 +0200] "GET /Texte/Schrybwys HTTP/1.1" 200 11028 "-" "Mozilla/5.0 (compatible; TMMBot/0.2; +http://www.dslab.ch)/Nutch-1.15"
194.209.200.2 - - [30/Sep/2022:23:00:42 +0200] "GET /Texte/GDicht HTTP/1.1" 200 8050 "-" "Mozilla/5.0 (compatible; TMMBot/0.2; +http://www.dslab.ch)/Nutch-1.15"
194.209.200.2 - - [30/Sep/2022:23:01:07 +0200] "GET /Texte/Styluebige HTTP/1.1" 200 9998 "-" "Mozilla/5.0 (compatible; TMMBot/0.2; +http://www.dslab.ch)/Nutch-1.15"
194.209.200.2 - - [30/Sep/2022:23:01:17 +0200] "GET /Texte/Metamorphoses HTTP/1.1" 200 9045 "-" "Mozilla/5.0 (compatible; TMMBot/0.2; +http://www.dslab.ch)/Nutch-1.15"
66.249.76.193 - - [30/Sep/2022:23:04:58 +0200] "GET /PodCast/IndexPage?action=rss HTTP/1.1" 200 6298 "-" "Mozilla/5.0 (compatible; Googlebot/2.1; +http://www.google.com/bot.html)"
85.25.177.139 - - [30/Sep/2022:23:06:56 +0200] "GET /robots.txt HTTP/1.1" 200 - "-" "Mozilla/5.0 (Macintosh; Intel Mac OS X 10.15; rv:103.0) Gecko/20100101 Firefox/103.0"
85.25.177.139 - - [30/Sep/2022:23:06:56 +0200] "GET /PmWiki/IncludeOtherPages?action=print HTTP/1.1" 200 23966 "-" "Mozilla/5.0 (Macintosh; Intel Mac OS X 10.15; rv:103.0) Gecko/20100101 Firefox/103.0"
85.25.177.139 - - [30/Sep/2022:23:08:13 +0200] "GET /PodCast/101Ramft1478?action=diff&source=y&minor=n HTTP/1.1" 200 9267 "-" "Mozilla/5.0 (Macintosh; Intel Mac OS X 10.15; rv:103.0) Gecko/20100101 Firefox/103.0"
85.25.177.139 - - [30/Sep/2022:23:09:11 +0200] "GET /PmWiki/LocalCustomizations HTTP/1.1" 200 23713 "-" "Mozilla/5.0 (Macintosh; Intel Mac OS X 10.15; rv:103.0) Gecko/20100101 Firefox/103.0"
85.25.177.139 - - [30/Sep/2022:23:10:40 +0200] "GET /PodCast/101Ramft1478?action=diff&source=n&minor=y HTTP/1.1" 200 9277 "-" "Mozilla/5.0 (Macintosh; Intel Mac OS X 10.15; rv:103.0) Gecko/20100101 Firefox/103.0"
85.25.177.139 - - [30/Sep/2022:23:12:39 +0200] "GET /Site/PageNotFound HTTP/1.1" 200 8452 "-" "Mozilla/5.0 (Macintosh; Intel Mac OS X 10.15; rv:103.0) Gecko/20100101 Firefox/103.0"
85.25.177.139 - - [30/Sep/2022:23:13:18 +0200] "GET /PodCast/Begriffbegryffe?action=diff&source=y&minor=y HTTP/1.1" 200 12691 "-" "Mozilla/5.0 (Macintosh; Intel Mac OS X 10.15; rv:103.0) Gecko/20100101 Firefox/103.0"
85.25.177.139 - - [30/Sep/2022:23:15:23 +0200] "GET /PodCast/Begriffbegryffe?action=edit&restore=diff:1247320889:1247320608:&preview=y HTTP/1.1" 200 8780 "-" "Mozilla/5.0 (Macintosh; Intel Mac OS X 10.15; rv:103.0) Gecko/20100101 Firefox/103.0"
85.25.177.139 - - [30/Sep/2022:23:17:43 +0200] "GET /PodCast/DreiChunge?action=diff HTTP/1.1" 200 12792 "-" "Mozilla/5.0 (Macintosh; Intel Mac OS X 10.15; rv:103.0) Gecko/20100101 Firefox/103.0"
85.25.177.139 - - [30/Sep/2022:23:18:51 +0200] "GET /PodCast/DreiChunge?action=upload HTTP/1.1" 200 8566 "-" "Mozilla/5.0 (Macintosh; Intel Mac OS X 10.15; rv:103.0) Gecko/20100101 Firefox/103.0"
85.25.177.139 - - [30/Sep/2022:23:19:22 +0200] "GET /Site/Search HTTP/1.1" 200 10556 "-" "Mozilla/5.0 (Macintosh; Intel Mac OS X 10.15; rv:103.0) Gecko/20100101 Firefox/103.0"
85.25.177.139 - - [30/Sep/2022:23:20:42 +0200] "GET /PodCast/DreiChunge?action=edit HTTP/1.1" 200 8666 "-" "Mozilla/5.0 (Macintosh; Intel Mac OS X 10.15; rv:103.0) Gecko/20100101 Firefox/103.0"
85.25.177.139 - - [30/Sep/2022:23:21:22 +0200] "GET /PmWiki/BasicVariables?action=print HTTP/1.1" 200 26539 "-" "Mozilla/5.0 (Macintosh; Intel Mac OS X 10.15; rv:103.0) Gecko/20100101 Firefox/103.0"
85.25.177.139 - - [30/Sep/2022:23:22:54 +0200] "GET /Main/WikiSandbox?action=upload HTTP/1.1" 200 8537 "-" "Mozilla/5.0 (Macintosh; Intel Mac OS X 10.15; rv:103.0) Gecko/20100101 Firefox/103.0"
85.25.177.139 - - [30/Sep/2022:23:23:34 +0200] "GET /PodCast/PodCast?action=edit&restore=diff:1359562022:1357845343:&preview=y HTTP/1.1" 200 8670 "-" "Mozilla/5.0 (Macintosh; Intel Mac OS X 10.15; rv:103.0) Gecko/20100101 Firefox/103.0"
85.25.177.139 - - [30/Sep/2022:23:25:23 +0200] "GET /SiteAdmin/AuthList?action=edit HTTP/1.1" 200 8666 "-" "Mozilla/5.0 (Macintosh; Intel Mac OS X 10.15; rv:103.0) Gecko/20100101 Firefox/103.0"
85.25.177.139 - - [30/Sep/2022:23:26:49 +0200] "GET /Category/Spam?action=diff&source=y&minor=n HTTP/1.1" 200 9150 "-" "Mozilla/5.0 (Macintosh; Intel Mac OS X 10.15; rv:103.0) Gecko/20100101 Firefox/103.0"
85.25.177.139 - - [30/Sep/2022:23:27:41 +0200] "GET /Main/WikiSandbox?action=diff HTTP/1.1" 200 9202 "-" "Mozilla/5.0 (Macintosh; Intel Mac OS X 10.15; rv:103.0) Gecko/20100101 Firefox/103.0"
85.25.177.139 - - [30/Sep/2022:23:28:55 +0200] "GET /Category/Spam?action=diff&source=n&minor=y HTTP/1.1" 200 9160 "-" "Mozilla/5.0 (Macintosh; Intel Mac OS X 10.15; rv:103.0) Gecko/20100101 Firefox/103.0"
194.209.200.2 - - [30/Sep/2022:23:29:04 +0200] "GET /robots.txt HTTP/1.1" 200 - "-" "Mozilla/5.0 (compatible; TMMBot/0.2; +http://www.dslab.ch)/Nutch-1.15"
194.209.200.2 - - [30/Sep/2022:23:29:04 +0200] "GET /Texte/Schrybwys HTTP/1.1" 200 11028 "-" "Mozilla/5.0 (compatible; TMMBot/0.2; +http://www.dslab.ch)/Nutch-1.15"
85.25.177.139 - - [30/Sep/2022:23:29:34 +0200] "GET /Main/WikiSandbox HTTP/1.1" 200 8337 "-" "Mozilla/5.0 (Macintosh; Intel Mac OS X 10.15; rv:103.0) Gecko/20100101 Firefox/103.0"
194.209.200.2 - - [30/Sep/2022:23:29:58 +0200] "GET /Texte/GDicht HTTP/1.1" 200 8050 "-" "Mozilla/5.0 (compatible; TMMBot/0.2; +http://www.dslab.ch)/Nutch-1.15"
194.209.200.2 - - [30/Sep/2022:23:30:24 +0200] "GET /Texte/Styluebige HTTP/1.1" 200 9998 "-" "Mozilla/5.0 (compatible; TMMBot/0.2; +http://www.dslab.ch)/Nutch-1.15"
194.209.200.2 - - [30/Sep/2022:23:30:34 +0200] "GET /Texte/Metamorphoses HTTP/1.1" 200 9045 "-" "Mozilla/5.0 (compatible; TMMBot/0.2; +http://www.dslab.ch)/Nutch-1.15"
85.25.177.139 - - [30/Sep/2022:23:30:52 +0200] "GET /PmWiki/IncludeOtherPages?action=upload HTTP/1.1" 200 8652 "-" "Mozilla/5.0 (Macintosh; Intel Mac OS X 10.15; rv:103.0) Gecko/20100101 Firefox/103.0"
85.25.177.139 - - [30/Sep/2022:23:33:09 +0200] "GET /PmWiki/PageDirectives?action=diff HTTP/1.1" 200 9283 "-" "Mozilla/5.0 (Macintosh; Intel Mac OS X 10.15; rv:103.0) Gecko/20100101 Firefox/103.0"
66.249.76.222 - - [30/Sep/2022:23:33:21 +0200] "GET /PodCast/IndexPage?action=rss HTTP/1.1" 200 6298 "-" "Mozilla/5.0 (compatible; Googlebot/2.1; +http://www.google.com/bot.html)"
3.216.185.164 - - [30/Sep/2022:23:33:22 +0200] "GET /PodCast/IndexPage?action=rss HTTP/1.1" 200 6298 "-" "PocketCasts/1.0 (Pocket Casts Feed Parser; +http://pocketcasts.com/)"
85.25.177.139 - - [30/Sep/2022:23:33:42 +0200] "GET /PmWiki/TextFormattingRules HTTP/1.1" 200 32665 "-" "Mozilla/5.0 (Macintosh; Intel Mac OS X 10.15; rv:103.0) Gecko/20100101 Firefox/103.0"
85.25.177.139 - - [30/Sep/2022:23:36:08 +0200] "GET /PmWiki/WikiFarms HTTP/1.1" 200 24461 "-" "Mozilla/5.0 (Macintosh; Intel Mac OS X 10.15; rv:103.0) Gecko/20100101 Firefox/103.0"
85.25.177.139 - - [30/Sep/2022:23:37:13 +0200] "GET /PmWiki/BackupAndRestore?action=print HTTP/1.1" 200 8760 "-" "Mozilla/5.0 (Macintosh; Intel Mac OS X 10.15; rv:103.0) Gecko/20100101 Firefox/103.0"
85.25.177.139 - - [30/Sep/2022:23:37:49 +0200] "GET /PmWiki/Installation?action=edit HTTP/1.1" 200 8692 "-" "Mozilla/5.0 (Macintosh; Intel Mac OS X 10.15; rv:103.0) Gecko/20100101 Firefox/103.0"
85.25.177.139 - - [30/Sep/2022:23:39:58 +0200] "GET /PmWiki/WikiWikiWeb?action=diff HTTP/1.1" 200 9237 "-" "Mozilla/5.0 (Macintosh; Intel Mac OS X 10.15; rv:103.0) Gecko/20100101 Firefox/103.0"
85.25.177.139 - - [30/Sep/2022:23:41:14 +0200] "GET /PmWiki/UploadsAdmin?action=print HTTP/1.1" 200 28627 "-" "Mozilla/5.0 (Macintosh; Intel Mac OS X 10.15; rv:103.0) Gecko/20100101 Firefox/103.0"
85.25.177.139 - - [30/Sep/2022:23:42:18 +0200] "GET /PmWiki/WikiWikiWeb?action=upload HTTP/1.1" 200 8568 "-" "Mozilla/5.0 (Macintosh; Intel Mac OS X 10.15; rv:103.0) Gecko/20100101 Firefox/103.0"
85.25.177.139 - - [30/Sep/2022:23:43:59 +0200] "GET /PmWiki/WikiWikiWeb?action=edit HTTP/1.1" 200 8668 "-" "Mozilla/5.0 (Macintosh; Intel Mac OS X 10.15; rv:103.0) Gecko/20100101 Firefox/103.0"
85.25.177.139 - - [30/Sep/2022:23:45:07 +0200] "GET /PmWiki/FAQ?action=print HTTP/1.1" 200 120789 "-" "Mozilla/5.0 (Macintosh; Intel Mac OS X 10.15; rv:103.0) Gecko/20100101 Firefox/103.0"
85.25.177.139 - - [30/Sep/2022:23:46:59 +0200] "GET /PmWiki/WikiStyleExamples?action=print HTTP/1.1" 200 14313 "-" "Mozilla/5.0 (Macintosh; Intel Mac OS X 10.15; rv:103.0) Gecko/20100101 Firefox/103.0"
85.25.177.139 - - [30/Sep/2022:23:48:27 +0200] "GET /PmWiki/PmWiki?action=edit HTTP/1.1" 200 8596 "-" "Mozilla/5.0 (Macintosh; Intel Mac OS X 10.15; rv:103.0) Gecko/20100101 Firefox/103.0"
85.25.177.139 - - [30/Sep/2022:23:48:57 +0200] "GET /PmWiki/Audiences HTTP/1.1" 200 13856 "-" "Mozilla/5.0 (Macintosh; Intel Mac OS X 10.15; rv:103.0) Gecko/20100101 Firefox/103.0"
85.25.177.139 - - [30/Sep/2022:23:50:02 +0200] "GET /PmWiki/Glossary?action=print HTTP/1.1" 200 9072 "-" "Mozilla/5.0 (Macintosh; Intel Mac OS X 10.15; rv:103.0) Gecko/20100101 Firefox/103.0"
85.25.177.139 - - [30/Sep/2022:23:50:54 +0200] "GET /PmWiki/FilePermissions?action=print HTTP/1.1" 200 10576 "-" "Mozilla/5.0 (Macintosh; Intel Mac OS X 10.15; rv:103.0) Gecko/20100101 Firefox/103.0"
151.210.149.143 - - [30/Sep/2022:23:52:12 +0200] "GET / HTTP/1.1" 200 15085 "-" "Mozilla/5.0 (Macintosh; Intel Mac OS X 10_15_7) AppleWebKit/605.1.15 (KHTML, like Gecko) Version/16.0 Safari/605.1.15"
151.210.149.143 - - [30/Sep/2022:23:52:12 +0200] "GET /uploads/Main/logo.jpg HTTP/1.1" 200 29066 "http://www.pro-zurituutsch.ch/" "Mozilla/5.0 (Macintosh; Intel Mac OS X 10_15_7) AppleWebKit/605.1.15 (KHTML, like Gecko) Version/16.0 Safari/605.1.15"
151.210.149.143 - - [30/Sep/2022:23:52:12 +0200] "GET /pub/skins/pro-zurituutsch/images/external.png HTTP/1.1" 200 165 "http://www.pro-zurituutsch.ch/" "Mozilla/5.0 (Macintosh; Intel Mac OS X 10_15_7) AppleWebKit/605.1.15 (KHTML, like Gecko) Version/16.0 Safari/605.1.15"
151.210.149.143 - - [30/Sep/2022:23:52:13 +0200] "GET /pub/skins/pro-zurituutsch/images/favicon.ico HTTP/1.1" 200 1406 "http://www.pro-zurituutsch.ch/" "Mozilla/5.0 (Macintosh; Intel Mac OS X 10_15_7) AppleWebKit/605.1.15 (KHTML, like Gecko) Version/16.0 Safari/605.1.15"
85.25.177.139 - - [30/Sep/2022:23:52:16 +0200] "GET /PmWiki/PmWiki?action=diff&source=y&minor=n HTTP/1.1" 200 9153 "-" "Mozilla/5.0 (Macintosh; Intel Mac OS X 10.15; rv:103.0) Gecko/20100101 Firefox/103.0"
85.25.177.139 - - [30/Sep/2022:23:53:38 +0200] "GET /PmWiki/PmWiki?action=diff&source=n&minor=y HTTP/1.1" 200 9163 "-" "Mozilla/5.0 (Macintosh; Intel Mac OS X 10.15; rv:103.0) Gecko/20100101 Firefox/103.0"
85.25.177.139 - - [30/Sep/2022:23:54:22 +0200] "GET /PmWiki/Contributors?action=print HTTP/1.1" 200 5332 "-" "Mozilla/5.0 (Macintosh; Intel Mac OS X 10.15; rv:103.0) Gecko/20100101 Firefox/103.0"
85.25.177.139 - - [30/Sep/2022:23:55:52 +0200] "GET /PmWiki/Troubleshooting?action=print HTTP/1.1" 200 22092 "-" "Mozilla/5.0 (Macintosh; Intel Mac OS X 10.15; rv:103.0) Gecko/20100101 Firefox/103.0"
194.209.200.2 - - [30/Sep/2022:23:57:07 +0200] "GET /robots.txt HTTP/1.1" 200 - "-" "Mozilla/5.0 (compatible; TMMBot/0.2; +http://www.dslab.ch)/Nutch-1.15"
194.209.200.2 - - [30/Sep/2022:23:57:07 +0200] "GET /Texte/Schrybwys HTTP/1.1" 200 11028 "-" "Mozilla/5.0 (compatible; TMMBot/0.2; +http://www.dslab.ch)/Nutch-1.15"
85.25.177.139 - - [30/Sep/2022:23:57:33 +0200] "GET /PmWiki/GroupHeader?action=print HTTP/1.1" 200 2392 "-" "Mozilla/5.0 (Macintosh; Intel Mac OS X 10.15; rv:103.0) Gecko/20100101 Firefox/103.0"
194.209.200.2 - - [30/Sep/2022:23:58:01 +0200] "GET /Texte/GDicht HTTP/1.1" 200 8050 "-" "Mozilla/5.0 (compatible; TMMBot/0.2; +http://www.dslab.ch)/Nutch-1.15"
194.209.200.2 - - [30/Sep/2022:23:58:25 +0200] "GET /Texte/Styluebige HTTP/1.1" 200 9998 "-" "Mozilla/5.0 (compatible; TMMBot/0.2; +http://www.dslab.ch)/Nutch-1.15"
194.209.200.2 - - [30/Sep/2022:23:58:35 +0200] "GET /Texte/Metamorphoses HTTP/1.1" 200 9045 "-" "Mozilla/5.0 (compatible; TMMBot/0.2; +http://www.dslab.ch)/Nutch-1.15"
85.25.177.139 - - [30/Sep/2022:23:58:40 +0200] "GET /PmWiki/DesignNotes?action=print HTTP/1.1" 200 5927 "-" "Mozilla/5.0 (Macintosh; Intel Mac OS X 10.15; rv:103.0) Gecko/20100101 Firefox/103.0"
66.249.76.220 - - [30/Sep/2022:23:59:12 +0200] "GET /PodCast/IndexPage?action=rss HTTP/1.1" 200 6298 "-" "Mozilla/5.0 (compatible; Googlebot/2.1; +http://www.google.com/bot.html)"
194.209.200.2 - - [30/Sep/2022:23:59:31 +0200] "GET /Texte/Gloosse HTTP/1.1" 200 8061 "-" "Mozilla/5.0 (compatible; TMMBot/0.2; +http://www.dslab.ch)/Nutch-1.15"
85.25.177.139 - - [30/Sep/2022:23:59:43 +0200] "GET /PmWiki/WikiStructure?action=print HTTP/1.1" 200 7022 "-" "Mozilla/5.0 (Macintosh; Intel Mac OS X 10.15; rv:103.0) Gecko/20100101 Firefox/103.0"
