185.119.81.105 - - [17/Jan/2022:17:19:54 +0100] "GET /Site/131MIringe1483?action=edit HTTP/1.1" 200 8683 "-" "Mozilla/5.0 (Windows NT 10.0; Win64; x64) AppleWebKit/537.36 (KHTML, like Gecko) Chrome/74.0.3729.169 Safari/537.36"
185.119.81.105 - - [17/Jan/2022:17:19:55 +0100] "GET /Site/123Sitkouscht1482 HTTP/1.1" 200 15538 "-" "Mozilla/5.0 (Windows NT 10.0; Win64; x64) AppleWebKit/537.36 (KHTML, like Gecko) Chrome/74.0.3729.169 Safari/537.36"
185.119.81.105 - - [17/Jan/2022:17:19:55 +0100] "GET /Site/122Sitkouscht1482 HTTP/1.1" 200 19228 "-" "Mozilla/5.0 (Windows NT 10.0; Win64; x64) AppleWebKit/537.36 (KHTML, like Gecko) Chrome/74.0.3729.169 Safari/537.36"
185.119.81.105 - - [17/Jan/2022:17:19:56 +0100] "GET /Site/121Sitkouscht1482 HTTP/1.1" 200 14018 "-" "Mozilla/5.0 (Windows NT 10.0; Win64; x64) AppleWebKit/537.36 (KHTML, like Gecko) Chrome/74.0.3729.169 Safari/537.36"
185.119.81.105 - - [17/Jan/2022:17:19:56 +0100] "GET /Site/112Stans1481 HTTP/1.1" 200 17240 "-" "Mozilla/5.0 (Windows NT 10.0; Win64; x64) AppleWebKit/537.36 (KHTML, like Gecko) Chrome/74.0.3729.169 Safari/537.36"
185.119.81.105 - - [17/Jan/2022:17:19:57 +0100] "GET /Site/111Stans1481 HTTP/1.1" 200 14791 "-" "Mozilla/5.0 (Windows NT 10.0; Win64; x64) AppleWebKit/537.36 (KHTML, like Gecko) Chrome/74.0.3729.169 Safari/537.36"
185.119.81.105 - - [17/Jan/2022:17:19:57 +0100] "GET /Site/102Ramft1478 HTTP/1.1" 200 17387 "-" "Mozilla/5.0 (Windows NT 10.0; Win64; x64) AppleWebKit/537.36 (KHTML, like Gecko) Chrome/74.0.3729.169 Safari/537.36"
185.119.81.105 - - [17/Jan/2022:17:19:58 +0100] "GET /Site/101Ramft1478 HTTP/1.1" 200 15898 "-" "Mozilla/5.0 (Windows NT 10.0; Win64; x64) AppleWebKit/537.36 (KHTML, like Gecko) Chrome/74.0.3729.169 Safari/537.36"
185.119.81.105 - - [17/Jan/2022:17:19:58 +0100] "GET /Site/72Mourte1476 HTTP/1.1" 200 21149 "-" "Mozilla/5.0 (Windows NT 10.0; Win64; x64) AppleWebKit/537.36 (KHTML, like Gecko) Chrome/74.0.3729.169 Safari/537.36"
185.119.81.105 - - [17/Jan/2022:17:19:59 +0100] "GET /Site/71Mourte1476 HTTP/1.1" 200 17134 "-" "Mozilla/5.0 (Windows NT 10.0; Win64; x64) AppleWebKit/537.36 (KHTML, like Gecko) Chrome/74.0.3729.169 Safari/537.36"
185.119.81.105 - - [17/Jan/2022:17:20:04 +0100] "GET /Site/63Frawmeuischter1470 HTTP/1.1" 200 12397 "-" "Mozilla/5.0 (Windows NT 10.0; Win64; x64) AppleWebKit/537.36 (KHTML, like Gecko) Chrome/74.0.3729.169 Safari/537.36"
185.119.81.105 - - [17/Jan/2022:17:20:05 +0100] "GET /Site/62Mulhouse1468 HTTP/1.1" 200 16204 "-" "Mozilla/5.0 (Windows NT 10.0; Win64; x64) AppleWebKit/537.36 (KHTML, like Gecko) Chrome/74.0.3729.169 Safari/537.36"
185.119.81.105 - - [17/Jan/2022:17:20:05 +0100] "GET /Site/61Sanggale1465 HTTP/1.1" 200 18601 "-" "Mozilla/5.0 (Windows NT 10.0; Win64; x64) AppleWebKit/537.36 (KHTML, like Gecko) Chrome/74.0.3729.169 Safari/537.36"
185.119.81.105 - - [17/Jan/2022:17:20:06 +0100] "GET /Site/52GsprUhch?action=edit HTTP/1.1" 200 8625 "-" "Mozilla/5.0 (Windows NT 10.0; Win64; x64) AppleWebKit/537.36 (KHTML, like Gecko) Chrome/74.0.3729.169 Safari/537.36"
185.119.81.105 - - [17/Jan/2022:17:20:06 +0100] "GET /Site/51Trouttike HTTP/1.1" 200 13817 "-" "Mozilla/5.0 (Windows NT 10.0; Win64; x64) AppleWebKit/537.36 (KHTML, like Gecko) Chrome/74.0.3729.169 Safari/537.36"
185.119.81.105 - - [17/Jan/2022:17:20:12 +0100] "GET /Site/43Fasnacht HTTP/1.1" 200 8329 "-" "Mozilla/5.0 (Windows NT 10.0; Win64; x64) AppleWebKit/537.36 (KHTML, like Gecko) Chrome/74.0.3729.169 Safari/537.36"
185.119.81.105 - - [17/Jan/2022:17:20:12 +0100] "GET /Site/42Fasnacht1455 HTTP/1.1" 200 8391 "-" "Mozilla/5.0 (Windows NT 10.0; Win64; x64) AppleWebKit/537.36 (KHTML, like Gecko) Chrome/74.0.3729.169 Safari/537.36"
185.119.81.105 - - [17/Jan/2022:17:20:12 +0100] "GET /Site/41Fasnacht HTTP/1.1" 200 8329 "-" "Mozilla/5.0 (Windows NT 10.0; Win64; x64) AppleWebKit/537.36 (KHTML, like Gecko) Chrome/74.0.3729.169 Safari/537.36"
185.119.81.105 - - [17/Jan/2022:17:20:13 +0100] "GET /Site/32Meuischtergass HTTP/1.1" 200 21818 "-" "Mozilla/5.0 (Windows NT 10.0; Win64; x64) AppleWebKit/537.36 (KHTML, like Gecko) Chrome/74.0.3729.169 Safari/537.36"
185.119.81.105 - - [17/Jan/2022:17:20:14 +0100] "GET /Site/31Meuischtergass HTTP/1.1" 200 18979 "-" "Mozilla/5.0 (Windows NT 10.0; Win64; x64) AppleWebKit/537.36 (KHTML, like Gecko) Chrome/74.0.3729.169 Safari/537.36"
185.119.81.105 - - [17/Jan/2022:17:20:15 +0100] "GET /Site/22Baadstoubegass HTTP/1.1" 200 18563 "-" "Mozilla/5.0 (Windows NT 10.0; Win64; x64) AppleWebKit/537.36 (KHTML, like Gecko) Chrome/74.0.3729.169 Safari/537.36"
185.119.81.105 - - [17/Jan/2022:17:20:15 +0100] "GET /Site/21Baadstoube HTTP/1.1" 200 17886 "-" "Mozilla/5.0 (Windows NT 10.0; Win64; x64) AppleWebKit/537.36 (KHTML, like Gecko) Chrome/74.0.3729.169 Safari/537.36"
185.119.81.105 - - [17/Jan/2022:17:20:15 +0100] "GET /Site/Blickestoorff2 HTTP/1.1" 200 18706 "-" "Mozilla/5.0 (Windows NT 10.0; Win64; x64) AppleWebKit/537.36 (KHTML, like Gecko) Chrome/74.0.3729.169 Safari/537.36"
185.119.81.105 - - [17/Jan/2022:17:20:20 +0100] "GET /Site/Blickestoorff HTTP/1.1" 200 18757 "-" "Mozilla/5.0 (Windows NT 10.0; Win64; x64) AppleWebKit/537.36 (KHTML, like Gecko) Chrome/74.0.3729.169 Safari/537.36"
185.119.81.105 - - [17/Jan/2022:17:20:21 +0100] "GET /Site/Tessynfaart HTTP/1.1" 200 16858 "-" "Mozilla/5.0 (Windows NT 10.0; Win64; x64) AppleWebKit/537.36 (KHTML, like Gecko) Chrome/74.0.3729.169 Safari/537.36"
185.119.81.105 - - [17/Jan/2022:17:20:21 +0100] "GET /Site/Bebi HTTP/1.1" 200 13127 "-" "Mozilla/5.0 (Windows NT 10.0; Win64; x64) AppleWebKit/537.36 (KHTML, like Gecko) Chrome/74.0.3729.169 Safari/537.36"
185.119.81.105 - - [17/Jan/2022:17:20:28 +0100] "GET /Site/Leerbouech HTTP/1.1" 200 10755 "-" "Mozilla/5.0 (Windows NT 10.0; Win64; x64) AppleWebKit/537.36 (KHTML, like Gecko) Chrome/74.0.3729.169 Safari/537.36"
185.119.81.105 - - [17/Jan/2022:17:20:28 +0100] "GET /PodCast/Amor HTTP/1.1" 200 9825 "-" "Mozilla/5.0 (Windows NT 10.0; Win64; x64) AppleWebKit/537.36 (KHTML, like Gecko) Chrome/74.0.3729.169 Safari/537.36"
185.119.81.105 - - [17/Jan/2022:17:20:28 +0100] "GET /PodCast/Lydja HTTP/1.1" 200 9714 "-" "Mozilla/5.0 (Windows NT 10.0; Win64; x64) AppleWebKit/537.36 (KHTML, like Gecko) Chrome/74.0.3729.169 Safari/537.36"
185.119.81.105 - - [17/Jan/2022:17:20:34 +0100] "GET /PodCast/Zugle HTTP/1.1" 200 19132 "-" "Mozilla/5.0 (Windows NT 10.0; Win64; x64) AppleWebKit/537.36 (KHTML, like Gecko) Chrome/74.0.3729.169 Safari/537.36"
185.119.81.105 - - [17/Jan/2022:17:20:34 +0100] "GET /PodCast/StRbe HTTP/1.1" 200 8194 "-" "Mozilla/5.0 (Windows NT 10.0; Win64; x64) AppleWebKit/537.36 (KHTML, like Gecko) Chrome/74.0.3729.169 Safari/537.36"
185.119.81.105 - - [17/Jan/2022:17:20:39 +0100] "GET /PodCast/Boni2 HTTP/1.1" 200 13222 "-" "Mozilla/5.0 (Windows NT 10.0; Win64; x64) AppleWebKit/537.36 (KHTML, like Gecko) Chrome/74.0.3729.169 Safari/537.36"
185.119.81.105 - - [17/Jan/2022:17:20:40 +0100] "GET /PodCast/Bombe HTTP/1.1" 200 8662 "-" "Mozilla/5.0 (Windows NT 10.0; Win64; x64) AppleWebKit/537.36 (KHTML, like Gecko) Chrome/74.0.3729.169 Safari/537.36"
185.119.81.105 - - [17/Jan/2022:17:20:41 +0100] "GET /PodCast/Chile HTTP/1.1" 200 15112 "-" "Mozilla/5.0 (Windows NT 10.0; Win64; x64) AppleWebKit/537.36 (KHTML, like Gecko) Chrome/74.0.3729.169 Safari/537.36"
185.119.81.105 - - [17/Jan/2022:17:20:41 +0100] "GET /PodCast/JBJ302 HTTP/1.1" 200 15480 "-" "Mozilla/5.0 (Windows NT 10.0; Win64; x64) AppleWebKit/537.36 (KHTML, like Gecko) Chrome/74.0.3729.169 Safari/537.36"
185.119.81.105 - - [17/Jan/2022:17:20:42 +0100] "GET /PodCast/Sterbe HTTP/1.1" 200 8306 "-" "Mozilla/5.0 (Windows NT 10.0; Win64; x64) AppleWebKit/537.36 (KHTML, like Gecko) Chrome/74.0.3729.169 Safari/537.36"
185.119.81.105 - - [17/Jan/2022:17:20:48 +0100] "GET /PodCast/Puzzle HTTP/1.1" 200 10433 "-" "Mozilla/5.0 (Windows NT 10.0; Win64; x64) AppleWebKit/537.36 (KHTML, like Gecko) Chrome/74.0.3729.169 Safari/537.36"
185.119.81.105 - - [17/Jan/2022:17:20:48 +0100] "GET /PodCast/Maitli HTTP/1.1" 200 9744 "-" "Mozilla/5.0 (Windows NT 10.0; Win64; x64) AppleWebKit/537.36 (KHTML, like Gecko) Chrome/74.0.3729.169 Safari/537.36"
185.119.81.105 - - [17/Jan/2022:17:20:48 +0100] "GET /PodCast/JBJ202 HTTP/1.1" 200 20558 "-" "Mozilla/5.0 (Windows NT 10.0; Win64; x64) AppleWebKit/537.36 (KHTML, like Gecko) Chrome/74.0.3729.169 Safari/537.36"
185.119.81.105 - - [17/Jan/2022:17:20:49 +0100] "GET /PodCast/Sbysst HTTP/1.1" 200 17403 "-" "Mozilla/5.0 (Windows NT 10.0; Win64; x64) AppleWebKit/537.36 (KHTML, like Gecko) Chrome/74.0.3729.169 Safari/537.36"
185.119.81.105 - - [17/Jan/2022:17:20:49 +0100] "GET /PodCast/JBJ301 HTTP/1.1" 200 14945 "-" "Mozilla/5.0 (Windows NT 10.0; Win64; x64) AppleWebKit/537.36 (KHTML, like Gecko) Chrome/74.0.3729.169 Safari/537.36"
185.119.81.105 - - [17/Jan/2022:17:20:55 +0100] "GET /PodCast/JBJ401 HTTP/1.1" 200 20406 "-" "Mozilla/5.0 (Windows NT 10.0; Win64; x64) AppleWebKit/537.36 (KHTML, like Gecko) Chrome/74.0.3729.169 Safari/537.36"
185.119.81.105 - - [17/Jan/2022:17:20:55 +0100] "GET /PodCast/JBJ402 HTTP/1.1" 200 20809 "-" "Mozilla/5.0 (Windows NT 10.0; Win64; x64) AppleWebKit/537.36 (KHTML, like Gecko) Chrome/74.0.3729.169 Safari/537.36"
185.119.81.105 - - [17/Jan/2022:17:20:55 +0100] "GET /PodCast/Antyki HTTP/1.1" 200 8306 "-" "Mozilla/5.0 (Windows NT 10.0; Win64; x64) AppleWebKit/537.36 (KHTML, like Gecko) Chrome/74.0.3729.169 Safari/537.36"
185.119.81.105 - - [17/Jan/2022:17:20:56 +0100] "GET /PodCast/JBJ502 HTTP/1.1" 200 21457 "-" "Mozilla/5.0 (Windows NT 10.0; Win64; x64) AppleWebKit/537.36 (KHTML, like Gecko) Chrome/74.0.3729.169 Safari/537.36"
185.119.81.105 - - [17/Jan/2022:17:20:56 +0100] "GET /PodCast/JBJ601 HTTP/1.1" 200 22465 "-" "Mozilla/5.0 (Windows NT 10.0; Win64; x64) AppleWebKit/537.36 (KHTML, like Gecko) Chrome/74.0.3729.169 Safari/537.36"
185.119.81.105 - - [17/Jan/2022:17:20:57 +0100] "GET /PodCast/JBJ602 HTTP/1.1" 200 21033 "-" "Mozilla/5.0 (Windows NT 10.0; Win64; x64) AppleWebKit/537.36 (KHTML, like Gecko) Chrome/74.0.3729.169 Safari/537.36"
185.119.81.105 - - [17/Jan/2022:17:20:57 +0100] "GET /PodCast/Zugle2 HTTP/1.1" 200 20425 "-" "Mozilla/5.0 (Windows NT 10.0; Win64; x64) AppleWebKit/537.36 (KHTML, like Gecko) Chrome/74.0.3729.169 Safari/537.36"
185.119.81.105 - - [17/Jan/2022:17:20:58 +0100] "GET /PodCast/JBJ701 HTTP/1.1" 200 19698 "-" "Mozilla/5.0 (Windows NT 10.0; Win64; x64) AppleWebKit/537.36 (KHTML, like Gecko) Chrome/74.0.3729.169 Safari/537.36"
185.119.81.105 - - [17/Jan/2022:17:20:59 +0100] "GET /PodCast/JBJ702 HTTP/1.1" 200 22843 "-" "Mozilla/5.0 (Windows NT 10.0; Win64; x64) AppleWebKit/537.36 (KHTML, like Gecko) Chrome/74.0.3729.169 Safari/537.36"
114.119.145.233 - - [17/Jan/2022:17:24:34 +0100] "GET /PmWikiDe/PageLists?action=upload HTTP/1.1" 403 18 "-" "Mozilla/5.0 (Linux; Android 7.0;) AppleWebKit/537.36 (KHTML, like Gecko) Mobile Safari/537.36 (compatible; PetalBot;+https://webmaster.petalsearch.com/site/petalbot)"
185.191.171.21 - - [17/Jan/2022:17:27:21 +0100] "GET /PmWikiDe/GroupHeaders?action=upload HTTP/1.1" 403 18 "-" "Mozilla/5.0 (compatible; SemrushBot/7~bl; +http://www.semrush.com/bot.html)"
185.191.171.1 - - [17/Jan/2022:17:28:29 +0100] "GET /PmWikiDe/WikiAdministrator HTTP/1.1" 200 8231 "-" "Mozilla/5.0 (compatible; SemrushBot/7~bl; +http://www.semrush.com/bot.html)"
66.249.66.222 - - [17/Jan/2022:17:31:45 +0100] "GET / HTTP/1.1" 200 14638 "-" "Mozilla/5.0 (Linux; Android 6.0.1; Nexus 5X Build/MMB29P) AppleWebKit/537.36 (KHTML, like Gecko) Chrome/97.0.4692.71 Mobile Safari/537.36 (compatible; Googlebot/2.1; +http://www.google.com/bot.html)"
185.191.171.39 - - [17/Jan/2022:17:36:49 +0100] "GET /PmWikiPtBr/ListaDeMail?action=edit HTTP/1.1" 404 18 "-" "Mozilla/5.0 (compatible; SemrushBot/7~bl; +http://www.semrush.com/bot.html)"
185.191.171.41 - - [17/Jan/2022:17:43:23 +0100] "GET /PmWikiFr/Internationalizations?action=diff HTTP/1.1" 403 18 "-" "Mozilla/5.0 (compatible; SemrushBot/7~bl; +http://www.semrush.com/bot.html)"
185.191.171.13 - - [17/Jan/2022:17:44:46 +0100] "GET /PmWikiRu/WikiStyles?action=upload HTTP/1.1" 403 18 "-" "Mozilla/5.0 (compatible; SemrushBot/7~bl; +http://www.semrush.com/bot.html)"
194.209.200.2 - - [17/Jan/2022:17:45:25 +0100] "GET /robots.txt HTTP/1.1" 200 - "-" "Mozilla/5.0 (compatible; TMMBot/0.2; +http://www.dslab.ch)/Nutch-1.15"
194.209.200.2 - - [17/Jan/2022:17:45:25 +0100] "GET /Texte/Rezension HTTP/1.1" 200 11812 "-" "Mozilla/5.0 (compatible; TMMBot/0.2; +http://www.dslab.ch)/Nutch-1.15"
194.209.200.2 - - [17/Jan/2022:17:47:20 +0100] "GET /Admin/Jahresbericht HTTP/1.1" 200 45530 "-" "Mozilla/5.0 (compatible; TMMBot/0.2; +http://www.dslab.ch)/Nutch-1.15"
194.209.200.2 - - [17/Jan/2022:17:47:40 +0100] "GET /Texte/Limericks HTTP/1.1" 200 8087 "-" "Mozilla/5.0 (compatible; TMMBot/0.2; +http://www.dslab.ch)/Nutch-1.15"
194.209.200.2 - - [17/Jan/2022:17:47:44 +0100] "GET /Texte/Schrybwys HTTP/1.1" 200 11028 "-" "Mozilla/5.0 (compatible; TMMBot/0.2; +http://www.dslab.ch)/Nutch-1.15"
194.209.200.2 - - [17/Jan/2022:17:48:30 +0100] "GET /Texte/ArsAmatoria HTTP/1.1" 200 12369 "-" "Mozilla/5.0 (compatible; TMMBot/0.2; +http://www.dslab.ch)/Nutch-1.15"
194.209.200.2 - - [17/Jan/2022:17:49:13 +0100] "GET /Texte/Styluebige HTTP/1.1" 200 9998 "-" "Mozilla/5.0 (compatible; TMMBot/0.2; +http://www.dslab.ch)/Nutch-1.15"
194.209.200.2 - - [17/Jan/2022:17:49:16 +0100] "GET /Admin/Links HTTP/1.1" 200 14193 "-" "Mozilla/5.0 (compatible; TMMBot/0.2; +http://www.dslab.ch)/Nutch-1.15"
194.209.200.2 - - [17/Jan/2022:17:50:31 +0100] "GET /Texte/Gloosse HTTP/1.1" 200 8061 "-" "Mozilla/5.0 (compatible; TMMBot/0.2; +http://www.dslab.ch)/Nutch-1.15"
194.209.200.2 - - [17/Jan/2022:17:51:51 +0100] "GET /Admin/ZurStiftung HTTP/1.1" 200 10864 "-" "Mozilla/5.0 (compatible; TMMBot/0.2; +http://www.dslab.ch)/Nutch-1.15"
194.209.200.2 - - [17/Jan/2022:17:52:19 +0100] "GET /Texte/Bitterbeuhsi HTTP/1.1" 200 9255 "-" "Mozilla/5.0 (compatible; TMMBot/0.2; +http://www.dslab.ch)/Nutch-1.15"
156.146.36.87 - - [17/Jan/2022:17:54:44 +0100] "GET / HTTP/1.1" 200 14638 "http://pro-zurituutsch.ch" "Mozilla/5.0 (Windows NT 10.0; Win64; x64) AppleWebKit/537.36 (KHTML, like Gecko) Chrome/62.0.3202.94 Safari/537.36"
82.165.103.203 - - [17/Jan/2022:18:00:02 +0100] "GET / HTTP/1.1" 200 14638 "-" "Mozilla/5.0 (compatible; websusebot/1.0; +http://www.websuse.de/websusebot.htm)"
82.165.103.203 - - [17/Jan/2022:18:00:02 +0100] "GET / HTTP/1.1" 200 14638 "-" "Mozilla/5.0 (Windows; U; Windows NT 5.1; en-US; rv:x.x.x) Gecko/20041107 Firefox/x.x"
66.249.66.222 - - [17/Jan/2022:18:01:29 +0100] "GET /PodCast/IndexPage?action=rss HTTP/1.1" 200 6298 "-" "Mozilla/5.0 (compatible; Googlebot/2.1; +http://www.google.com/bot.html)"
62.138.2.160 - - [17/Jan/2022:18:02:17 +0100] "GET /resources/speaker.jpg HTTP/1.1" 404 291 "-" "Mozilla/5.0 (compatible; adscanner/)/1.0 (Mozilla/5.0 (compatible; seoscanners.net/1.0; +spider@seoscanners.net); http://seoscanners.net; spider@seoscanners.net)"
185.191.171.17 - - [17/Jan/2022:18:06:22 +0100] "GET /PmWikiFr/Internationalizations?action=upload HTTP/1.1" 403 18 "-" "Mozilla/5.0 (compatible; SemrushBot/7~bl; +http://www.semrush.com/bot.html)"
185.191.171.38 - - [17/Jan/2022:18:06:56 +0100] "GET /PmWiki/AuthoringPhilosophy?action=edit HTTP/1.1" 404 18 "-" "Mozilla/5.0 (compatible; SemrushBot/7~bl; +http://www.semrush.com/bot.html)"
185.191.171.43 - - [17/Jan/2022:18:11:52 +0100] "GET /PmWiki/ChangeLog HTTP/1.1" 200 104821 "-" "Mozilla/5.0 (compatible; SemrushBot/7~bl; +http://www.semrush.com/bot.html)"
185.191.171.18 - - [17/Jan/2022:18:15:03 +0100] "GET /PmWikiRu/CustomInterMap?action=diff HTTP/1.1" 403 18 "-" "Mozilla/5.0 (compatible; SemrushBot/7~bl; +http://www.semrush.com/bot.html)"
92.118.160.41 - - [17/Jan/2022:18:15:11 +0100] "GET / HTTP/1.1" 200 14638 "-" "NetSystemsResearch studies the availability of various services across the internet. Our website is netsystemsresearch.com"
77.75.76.170 - - [17/Jan/2022:18:18:12 +0100] "GET /robots.txt HTTP/1.1" 200 - "-" "Mozilla/5.0 (compatible; SeznamBot/3.2; +http://napoveda.seznam.cz/en/seznambot-intro/)"
77.75.76.170 - - [17/Jan/2022:18:18:12 +0100] "GET /Admin/ZurStiftung HTTP/1.1" 200 10864 "-" "Mozilla/5.0 (compatible; SeznamBot/3.2; +http://napoveda.seznam.cz/en/seznambot-intro/)"
194.209.200.2 - - [17/Jan/2022:18:21:33 +0100] "GET /robots.txt HTTP/1.1" 200 - "-" "Mozilla/5.0 (compatible; TMMBot/0.2; +http://www.dslab.ch)/Nutch-1.15"
194.209.200.2 - - [17/Jan/2022:18:21:33 +0100] "GET /Texte/Rezension HTTP/1.1" 200 11812 "-" "Mozilla/5.0 (compatible; TMMBot/0.2; +http://www.dslab.ch)/Nutch-1.15"
194.209.200.2 - - [17/Jan/2022:18:23:35 +0100] "GET /Admin/Jahresbericht HTTP/1.1" 200 45530 "-" "Mozilla/5.0 (compatible; TMMBot/0.2; +http://www.dslab.ch)/Nutch-1.15"
194.209.200.2 - - [17/Jan/2022:18:24:00 +0100] "GET /Texte/Schrybwys HTTP/1.1" 200 11028 "-" "Mozilla/5.0 (compatible; TMMBot/0.2; +http://www.dslab.ch)/Nutch-1.15"
194.209.200.2 - - [17/Jan/2022:18:24:50 +0100] "GET /Texte/ArsAmatoria HTTP/1.1" 200 12369 "-" "Mozilla/5.0 (compatible; TMMBot/0.2; +http://www.dslab.ch)/Nutch-1.15"
194.209.200.2 - - [17/Jan/2022:18:25:32 +0100] "GET /Texte/Styluebige HTTP/1.1" 200 9998 "-" "Mozilla/5.0 (compatible; TMMBot/0.2; +http://www.dslab.ch)/Nutch-1.15"
194.209.200.2 - - [17/Jan/2022:18:25:34 +0100] "GET /Admin/Links HTTP/1.1" 200 14193 "-" "Mozilla/5.0 (compatible; TMMBot/0.2; +http://www.dslab.ch)/Nutch-1.15"
194.209.200.2 - - [17/Jan/2022:18:26:49 +0100] "GET /Texte/Gloosse HTTP/1.1" 200 8061 "-" "Mozilla/5.0 (compatible; TMMBot/0.2; +http://www.dslab.ch)/Nutch-1.15"
194.209.200.2 - - [17/Jan/2022:18:28:09 +0100] "GET /Admin/ZurStiftung HTTP/1.1" 200 10864 "-" "Mozilla/5.0 (compatible; TMMBot/0.2; +http://www.dslab.ch)/Nutch-1.15"
194.209.200.2 - - [17/Jan/2022:18:28:34 +0100] "GET /Texte/Bitterbeuhsi HTTP/1.1" 200 9255 "-" "Mozilla/5.0 (compatible; TMMBot/0.2; +http://www.dslab.ch)/Nutch-1.15"
8.29.198.27 - - [17/Jan/2022:18:31:03 +0100] "GET /PodCast/IndexPage?action=rss HTTP/1.1" 200 6298 "-" "Feedly/1.0 (+http://www.feedly.com/fetcher.html; 3 subscribers; like FeedFetcher-Google)"
185.191.171.17 - - [17/Jan/2022:18:44:51 +0100] "GET /robots.txt HTTP/1.1" 200 - "-" "Mozilla/5.0 (compatible; SemrushBot/7~bl; +http://www.semrush.com/bot.html)"
185.191.171.37 - - [17/Jan/2022:18:44:51 +0100] "GET /PmWikiFr/DesignNotes?action=diff HTTP/1.1" 403 18 "-" "Mozilla/5.0 (compatible; SemrushBot/7~bl; +http://www.semrush.com/bot.html)"
91.192.135.215 - - [17/Jan/2022:18:44:56 +0100] "GET / HTTP/1.1" 200 14638 "-" "Mozilla/5.0 (Windows NT 10.0; Win64; x64; rv:60.0) Gecko/20100101 Firefox/60.0"
185.191.171.8 - - [17/Jan/2022:18:47:25 +0100] "GET /PmWikiIt/WikiStyleExamples?action=edit HTTP/1.1" 404 18 "-" "Mozilla/5.0 (compatible; SemrushBot/7~bl; +http://www.semrush.com/bot.html)"
185.191.171.14 - - [17/Jan/2022:18:48:51 +0100] "GET /PmWikiDe/References?action=edit HTTP/1.1" 404 18 "-" "Mozilla/5.0 (compatible; SemrushBot/7~bl; +http://www.semrush.com/bot.html)"
194.209.200.2 - - [17/Jan/2022:18:49:26 +0100] "GET /robots.txt HTTP/1.1" 200 - "-" "Mozilla/5.0 (compatible; TMMBot/0.2; +http://www.dslab.ch)/Nutch-1.15"
194.209.200.2 - - [17/Jan/2022:18:49:26 +0100] "GET /Texte/Rezension HTTP/1.1" 200 11812 "-" "Mozilla/5.0 (compatible; TMMBot/0.2; +http://www.dslab.ch)/Nutch-1.15"
194.209.200.2 - - [17/Jan/2022:18:51:26 +0100] "GET /Admin/Jahresbericht HTTP/1.1" 200 45530 "-" "Mozilla/5.0 (compatible; TMMBot/0.2; +http://www.dslab.ch)/Nutch-1.15"
194.209.200.2 - - [17/Jan/2022:18:51:49 +0100] "GET /Texte/Schrybwys HTTP/1.1" 200 11028 "-" "Mozilla/5.0 (compatible; TMMBot/0.2; +http://www.dslab.ch)/Nutch-1.15"
194.209.200.2 - - [17/Jan/2022:18:52:35 +0100] "GET /Texte/ArsAmatoria HTTP/1.1" 200 12369 "-" "Mozilla/5.0 (compatible; TMMBot/0.2; +http://www.dslab.ch)/Nutch-1.15"
194.209.200.2 - - [17/Jan/2022:18:53:16 +0100] "GET /Texte/Styluebige HTTP/1.1" 200 9998 "-" "Mozilla/5.0 (compatible; TMMBot/0.2; +http://www.dslab.ch)/Nutch-1.15"
194.209.200.2 - - [17/Jan/2022:18:53:18 +0100] "GET /Admin/Links HTTP/1.1" 200 14193 "-" "Mozilla/5.0 (compatible; TMMBot/0.2; +http://www.dslab.ch)/Nutch-1.15"
77.75.77.119 - - [17/Jan/2022:18:53:48 +0100] "GET /robots.txt HTTP/1.1" 200 - "-" "Mozilla/5.0 (compatible; SeznamBot/3.2; +http://napoveda.seznam.cz/en/seznambot-intro/)"
77.75.77.119 - - [17/Jan/2022:18:53:49 +0100] "GET /Gast/Podcast HTTP/1.1" 200 8106 "-" "Mozilla/5.0 (compatible; SeznamBot/3.2; +http://napoveda.seznam.cz/en/seznambot-intro/)"
194.209.200.2 - - [17/Jan/2022:18:54:30 +0100] "GET /Texte/Gloosse HTTP/1.1" 200 8061 "-" "Mozilla/5.0 (compatible; TMMBot/0.2; +http://www.dslab.ch)/Nutch-1.15"
194.209.200.2 - - [17/Jan/2022:18:55:47 +0100] "GET /Admin/ZurStiftung HTTP/1.1" 200 10864 "-" "Mozilla/5.0 (compatible; TMMBot/0.2; +http://www.dslab.ch)/Nutch-1.15"
66.249.66.2 - - [17/Jan/2022:18:56:06 +0100] "GET /PodCast/IndexPage?action=rss HTTP/1.1" 200 6298 "-" "Mozilla/5.0 (compatible; Googlebot/2.1; +http://www.google.com/bot.html)"
194.209.200.2 - - [17/Jan/2022:18:56:13 +0100] "GET /Texte/Bitterbeuhsi HTTP/1.1" 200 9255 "-" "Mozilla/5.0 (compatible; TMMBot/0.2; +http://www.dslab.ch)/Nutch-1.15"
185.191.171.38 - - [17/Jan/2022:19:01:19 +0100] "GET /PmWikiSi/Prevajanja?action=upload HTTP/1.1" 403 18 "-" "Mozilla/5.0 (compatible; SemrushBot/7~bl; +http://www.semrush.com/bot.html)"
207.46.13.142 - - [17/Jan/2022:19:04:31 +0100] "GET /Site/61Sanggale1465 HTTP/1.1" 200 18601 "-" "Mozilla/5.0 (compatible; bingbot/2.0; +http://www.bing.com/bingbot.htm)"
62.165.227.5 - - [17/Jan/2022:19:10:36 +0100] "GET /PodCast/IndexPage?action=rss HTTP/1.1" 200 6298 "-" "Mozilla/5.0 (Macintosh; U; Intel Mac OS X 10.57; en-US; rv:1.9.0.14) Gecko/20100101 Safari/55.12"
216.244.66.243 - - [17/Jan/2022:19:18:03 +0100] "GET /robots.txt HTTP/1.1" 200 - "-" "Mozilla/5.0 (compatible; DotBot/1.2; +https://opensiteexplorer.org/dotbot; help@moz.com)"
3.216.185.164 - - [17/Jan/2022:19:21:45 +0100] "GET /PodCast/IndexPage?action=rss HTTP/1.1" 200 6298 "-" "PocketCasts/1.0 (Pocket Casts Feed Parser; +http://pocketcasts.com/)"
103.1.239.107 - - [17/Jan/2022:19:22:22 +0100] "GET /wp-login.php HTTP/1.1" 404 278 "-" "Mozilla/5.0 (X11; Ubuntu; Linux x86_64; rv:62.0) Gecko/20100101 Firefox/62.0"
185.191.171.16 - - [17/Jan/2022:19:28:25 +0100] "GET /PmWikiFr/A?action=search&fmt=title&q=link%3DPmWikiFr.Internationalizations HTTP/1.1" 404 18 "-" "Mozilla/5.0 (compatible; SemrushBot/7~bl; +http://www.semrush.com/bot.html)"
194.209.200.2 - - [17/Jan/2022:19:28:56 +0100] "GET /robots.txt HTTP/1.1" 200 - "-" "Mozilla/5.0 (compatible; TMMBot/0.2; +http://www.dslab.ch)/Nutch-1.15"
194.209.200.2 - - [17/Jan/2022:19:28:56 +0100] "GET /Texte/Rezension HTTP/1.1" 200 11812 "-" "Mozilla/5.0 (compatible; TMMBot/0.2; +http://www.dslab.ch)/Nutch-1.15"
216.244.66.243 - - [17/Jan/2022:19:29:25 +0100] "GET /PmWikiDe/ErweitertesLayout HTTP/1.1" 200 7000 "-" "Mozilla/5.0 (compatible; DotBot/1.2; +https://opensiteexplorer.org/dotbot; help@moz.com)"
114.119.145.81 - - [17/Jan/2022:19:31:31 +0100] "GET /PmWikiFr/CreatingNewPages?action=upload HTTP/1.1" 403 18 "-" "Mozilla/5.0 (Linux; Android 7.0;) AppleWebKit/537.36 (KHTML, like Gecko) Mobile Safari/537.36 (compatible; PetalBot;+https://webmaster.petalsearch.com/site/petalbot)"
194.209.200.2 - - [17/Jan/2022:19:32:44 +0100] "GET /Texte/Schrybwys HTTP/1.1" 200 11028 "-" "Mozilla/5.0 (compatible; TMMBot/0.2; +http://www.dslab.ch)/Nutch-1.15"
194.209.200.2 - - [17/Jan/2022:19:33:31 +0100] "GET /Texte/ArsAmatoria HTTP/1.1" 200 12369 "-" "Mozilla/5.0 (compatible; TMMBot/0.2; +http://www.dslab.ch)/Nutch-1.15"
194.209.200.2 - - [17/Jan/2022:19:34:16 +0100] "GET /Admin/Links HTTP/1.1" 200 14193 "-" "Mozilla/5.0 (compatible; TMMBot/0.2; +http://www.dslab.ch)/Nutch-1.15"
194.209.200.2 - - [17/Jan/2022:19:35:41 +0100] "GET /Texte/Gloosse HTTP/1.1" 200 8061 "-" "Mozilla/5.0 (compatible; TMMBot/0.2; +http://www.dslab.ch)/Nutch-1.15"
185.191.171.12 - - [17/Jan/2022:19:37:08 +0100] "GET /PmWikiRu/Skins HTTP/1.1" 200 25244 "-" "Mozilla/5.0 (compatible; SemrushBot/7~bl; +http://www.semrush.com/bot.html)"
185.191.171.4 - - [17/Jan/2022:19:37:12 +0100] "GET /PmWikiFr/WikiStyles?action=print HTTP/1.1" 403 18 "-" "Mozilla/5.0 (compatible; SemrushBot/7~bl; +http://www.semrush.com/bot.html)"
194.209.200.2 - - [17/Jan/2022:19:37:34 +0100] "GET /Admin/ZurStiftung HTTP/1.1" 200 10864 "-" "Mozilla/5.0 (compatible; TMMBot/0.2; +http://www.dslab.ch)/Nutch-1.15"
194.209.200.2 - - [17/Jan/2022:19:38:14 +0100] "GET /Texte/Bitterbeuhsi HTTP/1.1" 200 9255 "-" "Mozilla/5.0 (compatible; TMMBot/0.2; +http://www.dslab.ch)/Nutch-1.15"
185.191.171.17 - - [17/Jan/2022:19:38:42 +0100] "GET /PmWikiIt/GroupHeaders?action=edit HTTP/1.1" 404 18 "-" "Mozilla/5.0 (compatible; SemrushBot/7~bl; +http://www.semrush.com/bot.html)"
194.209.200.2 - - [17/Jan/2022:19:39:05 +0100] "GET /Hilfe/AnleitungTonbeispiele HTTP/1.1" 200 9878 "-" "Mozilla/5.0 (compatible; TMMBot/0.2; +http://www.dslab.ch)/Nutch-1.15"
185.191.171.25 - - [17/Jan/2022:19:43:48 +0100] "GET /PmWikiRu/ChangeLog?action=edit HTTP/1.1" 404 18 "-" "Mozilla/5.0 (compatible; SemrushBot/7~bl; +http://www.semrush.com/bot.html)"
168.119.51.163 - - [17/Jan/2022:19:49:59 +0100] "GET /robots.txt HTTP/1.1" 200 - "-" "Mozilla/5.0 (compatible; um-IC/1.0; mailto: techinfo@ubermetrics-technologies.com; Windows NT 6.1; WOW64; rv:40.0) Gecko/20100101 Firefox/40.1"
168.119.51.163 - - [17/Jan/2022:19:49:59 +0100] "GET /PodCast/IndexPage?action=rss HTTP/1.1" 200 6298 "-" "Mozilla/5.0 (compatible; um-IC/1.0; mailto: techinfo@ubermetrics-technologies.com; Windows NT 6.1; WOW64; rv:40.0) Gecko/20100101 Firefox/40.1"
185.191.171.44 - - [17/Jan/2022:19:53:40 +0100] "GET /robots.txt HTTP/1.1" 200 - "-" "Mozilla/5.0 (compatible; SemrushBot/7~bl; +http://www.semrush.com/bot.html)"
185.191.171.1 - - [17/Jan/2022:19:53:41 +0100] "GET /PmWikiFr/EtatDeLaTraduction?action=upload HTTP/1.1" 403 18 "-" "Mozilla/5.0 (compatible; SemrushBot/7~bl; +http://www.semrush.com/bot.html)"
66.249.66.30 - - [17/Jan/2022:19:59:04 +0100] "GET /PodCast/IndexPage?action=rss HTTP/1.1" 200 6298 "-" "Mozilla/5.0 (compatible; Googlebot/2.1; +http://www.google.com/bot.html)"
194.209.200.2 - - [17/Jan/2022:20:07:44 +0100] "GET /robots.txt HTTP/1.1" 200 - "-" "Mozilla/5.0 (compatible; TMMBot/0.2; +http://www.dslab.ch)/Nutch-1.15"
194.209.200.2 - - [17/Jan/2022:20:07:44 +0100] "GET /Texte/Rezension HTTP/1.1" 200 11812 "-" "Mozilla/5.0 (compatible; TMMBot/0.2; +http://www.dslab.ch)/Nutch-1.15"
194.209.200.2 - - [17/Jan/2022:20:09:35 +0100] "GET /Admin/Jahresbericht HTTP/1.1" 200 45530 "-" "Mozilla/5.0 (compatible; TMMBot/0.2; +http://www.dslab.ch)/Nutch-1.15"
194.209.200.2 - - [17/Jan/2022:20:09:57 +0100] "GET /Texte/Schrybwys HTTP/1.1" 200 11028 "-" "Mozilla/5.0 (compatible; TMMBot/0.2; +http://www.dslab.ch)/Nutch-1.15"
194.209.200.2 - - [17/Jan/2022:20:10:43 +0100] "GET /Texte/ArsAmatoria HTTP/1.1" 200 12369 "-" "Mozilla/5.0 (compatible; TMMBot/0.2; +http://www.dslab.ch)/Nutch-1.15"
194.209.200.2 - - [17/Jan/2022:20:11:25 +0100] "GET /Admin/Links HTTP/1.1" 200 14193 "-" "Mozilla/5.0 (compatible; TMMBot/0.2; +http://www.dslab.ch)/Nutch-1.15"
194.209.200.2 - - [17/Jan/2022:20:12:36 +0100] "GET /Texte/Gloosse HTTP/1.1" 200 8061 "-" "Mozilla/5.0 (compatible; TMMBot/0.2; +http://www.dslab.ch)/Nutch-1.15"
194.209.200.2 - - [17/Jan/2022:20:13:49 +0100] "GET /Admin/ZurStiftung HTTP/1.1" 200 10864 "-" "Mozilla/5.0 (compatible; TMMBot/0.2; +http://www.dslab.ch)/Nutch-1.15"
194.209.200.2 - - [17/Jan/2022:20:14:12 +0100] "GET /Texte/Bitterbeuhsi HTTP/1.1" 200 9255 "-" "Mozilla/5.0 (compatible; TMMBot/0.2; +http://www.dslab.ch)/Nutch-1.15"
185.191.171.25 - - [17/Jan/2022:20:20:02 +0100] "GET /Texte/Styluebige HTTP/1.1" 200 9998 "-" "Mozilla/5.0 (compatible; SemrushBot/7~bl; +http://www.semrush.com/bot.html)"
185.191.171.10 - - [17/Jan/2022:20:22:53 +0100] "GET /PmWikiDe/DesignNotes?action=upload HTTP/1.1" 403 18 "-" "Mozilla/5.0 (compatible; SemrushBot/7~bl; +http://www.semrush.com/bot.html)"
114.119.145.193 - - [17/Jan/2022:20:23:37 +0100] "GET /PmWikiDe/CreatingNewPages?action=print HTTP/1.1" 403 18 "-" "Mozilla/5.0 (Linux; Android 7.0;) AppleWebKit/537.36 (KHTML, like Gecko) Mobile Safari/537.36 (compatible; PetalBot;+https://webmaster.petalsearch.com/site/petalbot)"
185.191.171.15 - - [17/Jan/2022:20:28:26 +0100] "GET /PmWikiPtBr/PageLists?action=edit HTTP/1.1" 404 18 "-" "Mozilla/5.0 (compatible; SemrushBot/7~bl; +http://www.semrush.com/bot.html)"
185.191.171.42 - - [17/Jan/2022:20:31:58 +0100] "GET /PmWikiDe/PageDirectives?action=diff HTTP/1.1" 403 18 "-" "Mozilla/5.0 (compatible; SemrushBot/7~bl; +http://www.semrush.com/bot.html)"
185.191.171.34 - - [17/Jan/2022:20:32:48 +0100] "GET /PmWikiIt/LayoutBasics?action=edit HTTP/1.1" 404 18 "-" "Mozilla/5.0 (compatible; SemrushBot/7~bl; +http://www.semrush.com/bot.html)"
185.191.171.8 - - [17/Jan/2022:20:35:19 +0100] "GET /PmWikiRu/A?action=search&fmt=title&q=link%3DPmWikiRu.LocalCustomizations HTTP/1.1" 404 18 "-" "Mozilla/5.0 (compatible; SemrushBot/7~bl; +http://www.semrush.com/bot.html)"
185.191.171.3 - - [17/Jan/2022:20:37:14 +0100] "GET /PmWikiIt/ConsigliPerLaModifica?action=print HTTP/1.1" 403 18 "-" "Mozilla/5.0 (compatible; SemrushBot/7~bl; +http://www.semrush.com/bot.html)"
194.209.200.2 - - [17/Jan/2022:20:39:27 +0100] "GET /robots.txt HTTP/1.1" 200 - "-" "Mozilla/5.0 (compatible; TMMBot/0.2; +http://www.dslab.ch)/Nutch-1.15"
194.209.200.2 - - [17/Jan/2022:20:39:27 +0100] "GET /Texte/Rezension HTTP/1.1" 200 11812 "-" "Mozilla/5.0 (compatible; TMMBot/0.2; +http://www.dslab.ch)/Nutch-1.15"
194.209.200.2 - - [17/Jan/2022:20:41:20 +0100] "GET /Admin/Jahresbericht HTTP/1.1" 200 45530 "-" "Mozilla/5.0 (compatible; TMMBot/0.2; +http://www.dslab.ch)/Nutch-1.15"
194.209.200.2 - - [17/Jan/2022:20:41:43 +0100] "GET /Texte/Schrybwys HTTP/1.1" 200 11028 "-" "Mozilla/5.0 (compatible; TMMBot/0.2; +http://www.dslab.ch)/Nutch-1.15"
194.209.200.2 - - [17/Jan/2022:20:42:30 +0100] "GET /Texte/ArsAmatoria HTTP/1.1" 200 12369 "-" "Mozilla/5.0 (compatible; TMMBot/0.2; +http://www.dslab.ch)/Nutch-1.15"
194.209.200.2 - - [17/Jan/2022:20:43:15 +0100] "GET /Admin/Links HTTP/1.1" 200 14193 "-" "Mozilla/5.0 (compatible; TMMBot/0.2; +http://www.dslab.ch)/Nutch-1.15"
194.209.200.2 - - [17/Jan/2022:20:43:24 +0100] "GET /Texte/Metamorphoses HTTP/1.1" 200 9045 "-" "Mozilla/5.0 (compatible; TMMBot/0.2; +http://www.dslab.ch)/Nutch-1.15"
54.36.149.79 - - [17/Jan/2022:20:43:41 +0100] "GET /robots.txt HTTP/1.1" 200 - "-" "Mozilla/5.0 (compatible; AhrefsBot/7.0; +http://ahrefs.com/robot/)"
194.209.200.2 - - [17/Jan/2022:20:44:25 +0100] "GET /Texte/Gloosse HTTP/1.1" 200 8061 "-" "Mozilla/5.0 (compatible; TMMBot/0.2; +http://www.dslab.ch)/Nutch-1.15"
185.191.171.40 - - [17/Jan/2022:20:45:33 +0100] "GET /PmWikiDe/PageHistory?action=edit HTTP/1.1" 403 18 "-" "Mozilla/5.0 (compatible; SemrushBot/7~bl; +http://www.semrush.com/bot.html)"
194.209.200.2 - - [17/Jan/2022:20:45:38 +0100] "GET /Admin/ZurStiftung HTTP/1.1" 200 10864 "-" "Mozilla/5.0 (compatible; TMMBot/0.2; +http://www.dslab.ch)/Nutch-1.15"
194.209.200.2 - - [17/Jan/2022:20:46:01 +0100] "GET /Texte/Bitterbeuhsi HTTP/1.1" 200 9255 "-" "Mozilla/5.0 (compatible; TMMBot/0.2; +http://www.dslab.ch)/Nutch-1.15"
62.138.3.52 - - [17/Jan/2022:20:50:00 +0100] "GET /uploads/Texte/ars1.jpg HTTP/1.1" 200 22233 "-" "Mozilla/5.0 (compatible; adscanner/)/1.0 (Mozilla/5.0 (compatible; seoscanners.net/1.0; +spider@seoscanners.net); http://seoscanners.net; spider@seoscanners.net)"
62.138.2.14 - - [17/Jan/2022:20:50:00 +0100] "GET /uploads/Texte/neu_3.jpg HTTP/1.1" 200 22003 "-" "Mozilla/5.0 (compatible; adscanner/)/1.0 (Mozilla/5.0 (compatible; seoscanners.net/1.0; +spider@seoscanners.net); http://seoscanners.net; spider@seoscanners.net)"
62.138.2.14 - - [17/Jan/2022:20:50:00 +0100] "GET /uploads/Texte/neu_4.jpg HTTP/1.1" 200 24851 "-" "Mozilla/5.0 (compatible; adscanner/)/1.0 (Mozilla/5.0 (compatible; seoscanners.net/1.0; +spider@seoscanners.net); http://seoscanners.net; spider@seoscanners.net)"
62.138.2.14 - - [17/Jan/2022:20:50:07 +0100] "GET /uploads/Texte/ars2.jpg HTTP/1.1" 200 22694 "-" "Mozilla/5.0 (compatible; adscanner/)/1.0 (Mozilla/5.0 (compatible; seoscanners.net/1.0; +spider@seoscanners.net); http://seoscanners.net; spider@seoscanners.net)"
185.191.171.20 - - [17/Jan/2022:20:53:49 +0100] "GET /robots.txt HTTP/1.1" 200 - "-" "Mozilla/5.0 (compatible; SemrushBot/7~bl; +http://www.semrush.com/bot.html)"
185.191.171.38 - - [17/Jan/2022:20:53:50 +0100] "GET /PmWikiDe/DiskussionBersetzungen?action=edit HTTP/1.1" 404 18 "-" "Mozilla/5.0 (compatible; SemrushBot/7~bl; +http://www.semrush.com/bot.html)"
66.249.66.2 - - [17/Jan/2022:20:56:53 +0100] "GET /PodCast/IndexPage?action=rss HTTP/1.1" 200 6298 "-" "Mozilla/5.0 (compatible; Googlebot/2.1; +http://www.google.com/bot.html)"
185.191.171.45 - - [17/Jan/2022:20:58:57 +0100] "GET /PmWikiIt/IndiceDocumentazione?action=upload HTTP/1.1" 403 18 "-" "Mozilla/5.0 (compatible; SemrushBot/7~bl; +http://www.semrush.com/bot.html)"
194.209.200.2 - - [17/Jan/2022:21:11:49 +0100] "GET /robots.txt HTTP/1.1" 200 - "-" "Mozilla/5.0 (compatible; TMMBot/0.2; +http://www.dslab.ch)/Nutch-1.15"
194.209.200.2 - - [17/Jan/2022:21:11:49 +0100] "GET /Texte/Rezension HTTP/1.1" 200 11812 "-" "Mozilla/5.0 (compatible; TMMBot/0.2; +http://www.dslab.ch)/Nutch-1.15"
194.209.200.2 - - [17/Jan/2022:21:12:21 +0100] "GET /Texte/ZurcherischEnglish HTTP/1.1" 200 8274 "-" "Mozilla/5.0 (compatible; TMMBot/0.2; +http://www.dslab.ch)/Nutch-1.15"
185.191.171.39 - - [17/Jan/2022:21:13:55 +0100] "GET /PmWikiTa/PmWikiTa?action=print HTTP/1.1" 403 18 "-" "Mozilla/5.0 (compatible; SemrushBot/7~bl; +http://www.semrush.com/bot.html)"
194.209.200.2 - - [17/Jan/2022:21:14:08 +0100] "GET /Texte/Schrybwys HTTP/1.1" 200 11028 "-" "Mozilla/5.0 (compatible; TMMBot/0.2; +http://www.dslab.ch)/Nutch-1.15"
194.209.200.2 - - [17/Jan/2022:21:14:55 +0100] "GET /Texte/ArsAmatoria HTTP/1.1" 200 12369 "-" "Mozilla/5.0 (compatible; TMMBot/0.2; +http://www.dslab.ch)/Nutch-1.15"
185.191.171.16 - - [17/Jan/2022:21:15:23 +0100] "GET /PmWikiFr/PagelistVariables?action=diff HTTP/1.1" 403 18 "-" "Mozilla/5.0 (compatible; SemrushBot/7~bl; +http://www.semrush.com/bot.html)"
194.209.200.2 - - [17/Jan/2022:21:15:38 +0100] "GET /Admin/Links HTTP/1.1" 200 14193 "-" "Mozilla/5.0 (compatible; TMMBot/0.2; +http://www.dslab.ch)/Nutch-1.15"
185.191.171.4 - - [17/Jan/2022:21:16:05 +0100] "GET /PmWikiDe/SeitenAbfolgen?action=edit HTTP/1.1" 404 18 "-" "Mozilla/5.0 (compatible; SemrushBot/7~bl; +http://www.semrush.com/bot.html)"
194.209.200.2 - - [17/Jan/2022:21:18:05 +0100] "GET /Admin/ZurStiftung HTTP/1.1" 200 10864 "-" "Mozilla/5.0 (compatible; TMMBot/0.2; +http://www.dslab.ch)/Nutch-1.15"
194.209.200.2 - - [17/Jan/2022:21:18:30 +0100] "GET /Texte/Bitterbeuhsi HTTP/1.1" 200 9255 "-" "Mozilla/5.0 (compatible; TMMBot/0.2; +http://www.dslab.ch)/Nutch-1.15"
194.209.200.2 - - [17/Jan/2022:21:19:08 +0100] "GET /Hilfe/AnleitungTonbeispiele HTTP/1.1" 200 9878 "-" "Mozilla/5.0 (compatible; TMMBot/0.2; +http://www.dslab.ch)/Nutch-1.15"
185.191.171.22 - - [17/Jan/2022:21:24:06 +0100] "GET /PmWikiDe/Categories?action=print HTTP/1.1" 403 18 "-" "Mozilla/5.0 (compatible; SemrushBot/7~bl; +http://www.semrush.com/bot.html)"
114.119.145.205 - - [17/Jan/2022:21:29:43 +0100] "GET /PmWikiRu/PageLists?action=edit HTTP/1.1" 403 18 "-" "Mozilla/5.0 (Linux; Android 7.0;) AppleWebKit/537.36 (KHTML, like Gecko) Mobile Safari/537.36 (compatible; PetalBot;+https://webmaster.petalsearch.com/site/petalbot)"
114.119.145.212 - - [17/Jan/2022:21:31:36 +0100] "GET /Site/43Fasnacht?action=diff&source=y&minor=n HTTP/1.1" 403 18 "-" "Mozilla/5.0 (Linux; Android 7.0;) AppleWebKit/537.36 (KHTML, like Gecko) Mobile Safari/537.36 (compatible; PetalBot;+https://webmaster.petalsearch.com/site/petalbot)"
185.191.171.6 - - [17/Jan/2022:21:33:07 +0100] "GET /PmWikiDe/HierarchicalGroups?action=edit HTTP/1.1" 404 18 "-" "Mozilla/5.0 (compatible; SemrushBot/7~bl; +http://www.semrush.com/bot.html)"
114.119.141.116 - - [17/Jan/2022:21:37:30 +0100] "GET /Main/HomePage?action=diff HTTP/1.1" 403 18 "-" "Mozilla/5.0 (Linux; Android 7.0;) AppleWebKit/537.36 (KHTML, like Gecko) Mobile Safari/537.36 (compatible; PetalBot;+https://webmaster.petalsearch.com/site/petalbot)"
194.209.200.2 - - [17/Jan/2022:21:42:16 +0100] "GET /robots.txt HTTP/1.1" 200 - "-" "Mozilla/5.0 (compatible; TMMBot/0.2; +http://www.dslab.ch)/Nutch-1.15"
194.209.200.2 - - [17/Jan/2022:21:42:16 +0100] "GET /Texte/Rezension HTTP/1.1" 200 11812 "-" "Mozilla/5.0 (compatible; TMMBot/0.2; +http://www.dslab.ch)/Nutch-1.15"
194.209.200.2 - - [17/Jan/2022:21:45:44 +0100] "GET /Texte/Styluebige HTTP/1.1" 200 9998 "-" "Mozilla/5.0 (compatible; TMMBot/0.2; +http://www.dslab.ch)/Nutch-1.15"
194.209.200.2 - - [17/Jan/2022:21:45:46 +0100] "GET /Admin/Links HTTP/1.1" 200 14193 "-" "Mozilla/5.0 (compatible; TMMBot/0.2; +http://www.dslab.ch)/Nutch-1.15"
194.209.200.2 - - [17/Jan/2022:21:45:54 +0100] "GET /Texte/Metamorphoses HTTP/1.1" 200 9045 "-" "Mozilla/5.0 (compatible; TMMBot/0.2; +http://www.dslab.ch)/Nutch-1.15"
146.59.151.16 - - [17/Jan/2022:21:46:43 +0100] "GET /.env HTTP/1.1" 404 264 "-" "Mozilla/5.0 (X11; Linux x86_64) AppleWebKit/537.36 (KHTML, like Gecko) Chrome/81.0.4044.129 Safari/537.36"
146.59.151.16 - - [17/Jan/2022:21:46:43 +0100] "POST / HTTP/1.1" 200 14638 "-" "Mozilla/5.0 (X11; Linux x86_64) AppleWebKit/537.36 (KHTML, like Gecko) Chrome/81.0.4044.129 Safari/537.36"
194.209.200.2 - - [17/Jan/2022:21:46:53 +0100] "GET /Texte/Gloosse HTTP/1.1" 200 8061 "-" "Mozilla/5.0 (compatible; TMMBot/0.2; +http://www.dslab.ch)/Nutch-1.15"
194.209.200.2 - - [17/Jan/2022:21:48:06 +0100] "GET /Admin/ZurStiftung HTTP/1.1" 200 10864 "-" "Mozilla/5.0 (compatible; TMMBot/0.2; +http://www.dslab.ch)/Nutch-1.15"
194.209.200.2 - - [17/Jan/2022:21:48:29 +0100] "GET /Texte/Bitterbeuhsi HTTP/1.1" 200 9255 "-" "Mozilla/5.0 (compatible; TMMBot/0.2; +http://www.dslab.ch)/Nutch-1.15"
66.249.66.210 - - [17/Jan/2022:21:48:56 +0100] "GET /PodCast/IndexPage?action=rss HTTP/1.1" 200 6298 "-" "Mozilla/5.0 (compatible; Googlebot/2.1; +http://www.google.com/bot.html)"
194.209.200.2 - - [17/Jan/2022:21:49:07 +0100] "GET /Hilfe/AnleitungTonbeispiele HTTP/1.1" 200 9878 "-" "Mozilla/5.0 (compatible; TMMBot/0.2; +http://www.dslab.ch)/Nutch-1.15"
124.206.180.139 - - [17/Jan/2022:21:56:17 +0100] "GET / HTTP/1.1" 200 14638 "-" "Mozilla/5.0 Firefox/35.0"
54.175.205.191 - - [17/Jan/2022:21:58:20 +0100] "GET /PodCast/IndexPage?action=rss HTTP/1.1" 200 6298 "https://www.google.com/" "Mozilla/5.0 (Macintosh; Intel Mac OS X 10.14; rv:73.0) Gecko/20100101 Firefox/73.0"
114.119.145.68 - - [17/Jan/2022:22:04:51 +0100] "GET /PmWikiSi/PageNotFound?action=diff HTTP/1.1" 403 18 "-" "Mozilla/5.0 (Linux; Android 7.0;) AppleWebKit/537.36 (KHTML, like Gecko) Mobile Safari/537.36 (compatible; PetalBot;+https://webmaster.petalsearch.com/site/petalbot)"
185.191.171.26 - - [17/Jan/2022:22:13:36 +0100] "GET /robots.txt HTTP/1.1" 200 - "-" "Mozilla/5.0 (compatible; SemrushBot/7~bl; +http://www.semrush.com/bot.html)"
185.191.171.45 - - [17/Jan/2022:22:13:36 +0100] "GET /PmWikiDe/PageNotFound?action=edit HTTP/1.1" 403 18 "-" "Mozilla/5.0 (compatible; SemrushBot/7~bl; +http://www.semrush.com/bot.html)"
114.119.145.52 - - [17/Jan/2022:22:14:27 +0100] "GET /PmWikiRu/PageDirectives?action=upload HTTP/1.1" 403 18 "-" "Mozilla/5.0 (Linux; Android 7.0;) AppleWebKit/537.36 (KHTML, like Gecko) Mobile Safari/537.36 (compatible; PetalBot;+https://webmaster.petalsearch.com/site/petalbot)"
114.119.145.65 - - [17/Jan/2022:22:17:13 +0100] "GET /PmWikiRu/DeletingPages?action=edit HTTP/1.1" 403 18 "-" "Mozilla/5.0 (Linux; Android 7.0;) AppleWebKit/537.36 (KHTML, like Gecko) Mobile Safari/537.36 (compatible; PetalBot;+https://webmaster.petalsearch.com/site/petalbot)"
3.216.185.164 - - [17/Jan/2022:22:18:11 +0100] "GET /PodCast/IndexPage?action=rss HTTP/1.1" 200 6298 "-" "PocketCasts/1.0 (Pocket Casts Feed Parser; +http://pocketcasts.com/)"
194.209.200.2 - - [17/Jan/2022:22:20:46 +0100] "GET /robots.txt HTTP/1.1" 200 - "-" "Mozilla/5.0 (compatible; TMMBot/0.2; +http://www.dslab.ch)/Nutch-1.15"
194.209.200.2 - - [17/Jan/2022:22:20:46 +0100] "GET /Texte/Rezension HTTP/1.1" 200 11812 "-" "Mozilla/5.0 (compatible; TMMBot/0.2; +http://www.dslab.ch)/Nutch-1.15"
194.209.200.2 - - [17/Jan/2022:22:22:54 +0100] "GET /Texte/Limericks HTTP/1.1" 200 8087 "-" "Mozilla/5.0 (compatible; TMMBot/0.2; +http://www.dslab.ch)/Nutch-1.15"
194.209.200.2 - - [17/Jan/2022:22:23:41 +0100] "GET /Texte/ArsAmatoria HTTP/1.1" 200 12369 "-" "Mozilla/5.0 (compatible; TMMBot/0.2; +http://www.dslab.ch)/Nutch-1.15"
194.209.200.2 - - [17/Jan/2022:22:24:22 +0100] "GET /Admin/Links HTTP/1.1" 200 14193 "-" "Mozilla/5.0 (compatible; TMMBot/0.2; +http://www.dslab.ch)/Nutch-1.15"
194.209.200.2 - - [17/Jan/2022:22:24:30 +0100] "GET /Texte/Metamorphoses HTTP/1.1" 200 9045 "-" "Mozilla/5.0 (compatible; TMMBot/0.2; +http://www.dslab.ch)/Nutch-1.15"
194.209.200.2 - - [17/Jan/2022:22:25:30 +0100] "GET /Texte/Gloosse HTTP/1.1" 200 8061 "-" "Mozilla/5.0 (compatible; TMMBot/0.2; +http://www.dslab.ch)/Nutch-1.15"
185.191.171.24 - - [17/Jan/2022:22:26:04 +0100] "GET /PmWikiFr/DesignNotes?action=print HTTP/1.1" 403 18 "-" "Mozilla/5.0 (compatible; SemrushBot/7~bl; +http://www.semrush.com/bot.html)"
194.209.200.2 - - [17/Jan/2022:22:26:46 +0100] "GET /Admin/ZurStiftung HTTP/1.1" 200 10864 "-" "Mozilla/5.0 (compatible; TMMBot/0.2; +http://www.dslab.ch)/Nutch-1.15"
194.209.200.2 - - [17/Jan/2022:22:27:10 +0100] "GET /Texte/Bitterbeuhsi HTTP/1.1" 200 9255 "-" "Mozilla/5.0 (compatible; TMMBot/0.2; +http://www.dslab.ch)/Nutch-1.15"
194.209.200.2 - - [17/Jan/2022:22:27:47 +0100] "GET /Hilfe/AnleitungTonbeispiele HTTP/1.1" 200 9878 "-" "Mozilla/5.0 (compatible; TMMBot/0.2; +http://www.dslab.ch)/Nutch-1.15"
185.191.171.43 - - [17/Jan/2022:22:29:40 +0100] "GET /PmWikiDe/SimultaneousEdits HTTP/1.1" 200 6689 "-" "Mozilla/5.0 (compatible; SemrushBot/7~bl; +http://www.semrush.com/bot.html)"
114.119.145.198 - - [17/Jan/2022:22:34:01 +0100] "GET /PmWikiFr/PagelistVariables?action=diff HTTP/1.1" 403 18 "-" "Mozilla/5.0 (Linux; Android 7.0;) AppleWebKit/537.36 (KHTML, like Gecko) Mobile Safari/537.36 (compatible; PetalBot;+https://webmaster.petalsearch.com/site/petalbot)"
185.191.171.18 - - [17/Jan/2022:22:34:34 +0100] "GET /PmWikiFr/DesignNotes?action=edit HTTP/1.1" 403 18 "-" "Mozilla/5.0 (compatible; SemrushBot/7~bl; +http://www.semrush.com/bot.html)"
185.191.171.19 - - [17/Jan/2022:22:40:41 +0100] "GET /PmWikiFr/Upgrades HTTP/1.1" 200 11977 "-" "Mozilla/5.0 (compatible; SemrushBot/7~bl; +http://www.semrush.com/bot.html)"
66.249.66.144 - - [17/Jan/2022:22:45:20 +0100] "GET /robots.txt HTTP/1.1" 200 - "-" "Mozilla/5.0 (compatible; Googlebot/2.1; +http://www.google.com/bot.html)"
66.249.66.28 - - [17/Jan/2022:22:45:20 +0100] "GET /PodCast/IndexPage?action=rss HTTP/1.1" 200 6298 "-" "Mozilla/5.0 (compatible; Googlebot/2.1; +http://www.google.com/bot.html)"
66.249.66.3 - - [17/Jan/2022:22:47:22 +0100] "GET /robots.txt HTTP/1.1" 200 - "-" "Mozilla/5.0 (compatible; Googlebot/2.1; +http://www.google.com/bot.html)"
66.249.66.4 - - [17/Jan/2022:22:47:22 +0100] "GET / HTTP/1.1" 200 14638 "-" "Mozilla/5.0 (compatible; Googlebot/2.1; +http://www.google.com/bot.html)"
185.191.171.18 - - [17/Jan/2022:23:00:58 +0100] "GET /PmWikiPtBr/ReferenciaRapidaEdicao HTTP/1.1" 200 9940 "-" "Mozilla/5.0 (compatible; SemrushBot/7~bl; +http://www.semrush.com/bot.html)"
194.209.200.2 - - [17/Jan/2022:23:01:49 +0100] "GET /robots.txt HTTP/1.1" 200 - "-" "Mozilla/5.0 (compatible; TMMBot/0.2; +http://www.dslab.ch)/Nutch-1.15"
194.209.200.2 - - [17/Jan/2022:23:01:50 +0100] "GET /Texte/Rezension HTTP/1.1" 200 11812 "-" "Mozilla/5.0 (compatible; TMMBot/0.2; +http://www.dslab.ch)/Nutch-1.15"
194.209.200.2 - - [17/Jan/2022:23:02:20 +0100] "GET /Texte/ZurcherischEnglish HTTP/1.1" 200 8274 "-" "Mozilla/5.0 (compatible; TMMBot/0.2; +http://www.dslab.ch)/Nutch-1.15"
194.209.200.2 - - [17/Jan/2022:23:03:59 +0100] "GET /Texte/Limericks HTTP/1.1" 200 8087 "-" "Mozilla/5.0 (compatible; TMMBot/0.2; +http://www.dslab.ch)/Nutch-1.15"
194.209.200.2 - - [17/Jan/2022:23:05:34 +0100] "GET /Admin/Links HTTP/1.1" 200 14193 "-" "Mozilla/5.0 (compatible; TMMBot/0.2; +http://www.dslab.ch)/Nutch-1.15"
194.209.200.2 - - [17/Jan/2022:23:05:44 +0100] "GET /Texte/Metamorphoses HTTP/1.1" 200 9045 "-" "Mozilla/5.0 (compatible; TMMBot/0.2; +http://www.dslab.ch)/Nutch-1.15"
194.209.200.2 - - [17/Jan/2022:23:06:46 +0100] "GET /Texte/Gloosse HTTP/1.1" 200 8061 "-" "Mozilla/5.0 (compatible; TMMBot/0.2; +http://www.dslab.ch)/Nutch-1.15"
185.191.171.23 - - [17/Jan/2022:23:08:11 +0100] "GET /PmWikiRu/PmWikiPhilosophy HTTP/1.1" 200 17589 "-" "Mozilla/5.0 (compatible; SemrushBot/7~bl; +http://www.semrush.com/bot.html)"
194.209.200.2 - - [17/Jan/2022:23:08:23 +0100] "GET /Texte/Bitterbeuhsi HTTP/1.1" 200 9255 "-" "Mozilla/5.0 (compatible; TMMBot/0.2; +http://www.dslab.ch)/Nutch-1.15"
216.244.66.243 - - [17/Jan/2022:23:08:52 +0100] "GET /robots.txt HTTP/1.1" 200 - "-" "Mozilla/5.0 (compatible; DotBot/1.2; +https://opensiteexplorer.org/dotbot; help@moz.com)"
114.119.145.8 - - [17/Jan/2022:23:09:30 +0100] "GET /PmWikiRu/XLPage?action=print HTTP/1.1" 403 18 "-" "Mozilla/5.0 (Linux; Android 7.0;) AppleWebKit/537.36 (KHTML, like Gecko) Mobile Safari/537.36 (compatible; PetalBot;+https://webmaster.petalsearch.com/site/petalbot)"
114.119.145.81 - - [17/Jan/2022:23:10:49 +0100] "GET /PmWikiDe/CreatingNewPages?action=diff HTTP/1.1" 403 18 "-" "Mozilla/5.0 (Linux; Android 7.0;) AppleWebKit/537.36 (KHTML, like Gecko) Mobile Safari/537.36 (compatible; PetalBot;+https://webmaster.petalsearch.com/site/petalbot)"
216.244.66.243 - - [17/Jan/2022:23:17:02 +0100] "GET /PmWikiDe/ListLocal HTTP/1.1" 200 38028 "-" "Mozilla/5.0 (compatible; DotBot/1.2; +https://opensiteexplorer.org/dotbot; help@moz.com)"
185.191.171.22 - - [17/Jan/2022:23:18:07 +0100] "GET /robots.txt HTTP/1.1" 200 - "-" "Mozilla/5.0 (compatible; SemrushBot/7~bl; +http://www.semrush.com/bot.html)"
185.191.171.11 - - [17/Jan/2022:23:18:08 +0100] "GET /PmWikiDe/SitePreferences?action=edit HTTP/1.1" 404 18 "-" "Mozilla/5.0 (compatible; SemrushBot/7~bl; +http://www.semrush.com/bot.html)"
66.249.66.158 - - [17/Jan/2022:23:21:47 +0100] "GET / HTTP/1.1" 200 14638 "-" "Mozilla/5.0 (Linux; Android 6.0.1; Nexus 5X Build/MMB29P) AppleWebKit/537.36 (KHTML, like Gecko) Chrome/97.0.4692.71 Mobile Safari/537.36 (compatible; Googlebot/2.1; +http://www.google.com/bot.html)"
185.191.171.39 - - [17/Jan/2022:23:22:23 +0100] "GET /PmWiki/PagelistsExplained?action=edit HTTP/1.1" 404 18 "-" "Mozilla/5.0 (compatible; SemrushBot/7~bl; +http://www.semrush.com/bot.html)"
185.191.171.21 - - [17/Jan/2022:23:30:01 +0100] "GET /PmWikiPtBr/OutrasLinguas?action=upload HTTP/1.1" 403 18 "-" "Mozilla/5.0 (compatible; SemrushBot/7~bl; +http://www.semrush.com/bot.html)"
185.191.171.4 - - [17/Jan/2022:23:32:05 +0100] "GET /PmWikiDe/WikistileFarben?action=diff HTTP/1.1" 403 18 "-" "Mozilla/5.0 (compatible; SemrushBot/7~bl; +http://www.semrush.com/bot.html)"
95.108.213.27 - - [17/Jan/2022:23:36:45 +0100] "GET /robots.txt HTTP/1.1" 200 - "-" "Mozilla/5.0 (compatible; YandexBot/3.0; +http://yandex.com/bots)"
95.108.213.27 - - [17/Jan/2022:23:36:49 +0100] "GET /PodCast/Haiweeturgg HTTP/1.1" 200 11503 "-" "Mozilla/5.0 (compatible; YandexBot/3.0; +http://yandex.com/bots)"
52.55.140.179 - - [17/Jan/2022:23:37:47 +0100] "GET /podcast/indexpage?action=rss HTTP/1.1" 404 287 "-" "Podchaser (https://www.podchaser.com)"
3.219.254.95 - - [17/Jan/2022:23:39:53 +0100] "GET /PodCast/IndexPage?action=rss HTTP/1.1" 200 6298 "-" "PocketCasts/1.0 (Pocket Casts Feed Parser; +http://pocketcasts.com/)"
185.191.171.26 - - [17/Jan/2022:23:40:43 +0100] "GET /Site/InterMap?action=edit HTTP/1.1" 404 18 "-" "Mozilla/5.0 (compatible; SemrushBot/7~bl; +http://www.semrush.com/bot.html)"
185.191.171.26 - - [17/Jan/2022:23:41:45 +0100] "GET /PmWikiRu/LocalCustomizations?action=print HTTP/1.1" 403 18 "-" "Mozilla/5.0 (compatible; SemrushBot/7~bl; +http://www.semrush.com/bot.html)"
194.209.200.2 - - [17/Jan/2022:23:43:22 +0100] "GET /robots.txt HTTP/1.1" 200 - "-" "Mozilla/5.0 (compatible; TMMBot/0.2; +http://www.dslab.ch)/Nutch-1.15"
194.209.200.2 - - [17/Jan/2022:23:43:22 +0100] "GET /Texte/Rezension HTTP/1.1" 200 11812 "-" "Mozilla/5.0 (compatible; TMMBot/0.2; +http://www.dslab.ch)/Nutch-1.15"
185.191.171.40 - - [17/Jan/2022:23:45:23 +0100] "GET /Hilfe/RealOne HTTP/1.1" 200 10362 "-" "Mozilla/5.0 (compatible; SemrushBot/7~bl; +http://www.semrush.com/bot.html)"
194.209.200.2 - - [17/Jan/2022:23:47:09 +0100] "GET /Admin/Links HTTP/1.1" 200 14193 "-" "Mozilla/5.0 (compatible; TMMBot/0.2; +http://www.dslab.ch)/Nutch-1.15"
66.249.66.144 - - [17/Jan/2022:23:47:15 +0100] "GET /PodCast/IndexPage?action=rss HTTP/1.1" 200 6298 "-" "Mozilla/5.0 (compatible; Googlebot/2.1; +http://www.google.com/bot.html)"
194.209.200.2 - - [17/Jan/2022:23:47:17 +0100] "GET /Texte/Metamorphoses HTTP/1.1" 200 9045 "-" "Mozilla/5.0 (compatible; TMMBot/0.2; +http://www.dslab.ch)/Nutch-1.15"
194.209.200.2 - - [17/Jan/2022:23:48:17 +0100] "GET /Texte/Gloosse HTTP/1.1" 200 8061 "-" "Mozilla/5.0 (compatible; TMMBot/0.2; +http://www.dslab.ch)/Nutch-1.15"
194.209.200.2 - - [17/Jan/2022:23:49:55 +0100] "GET /Texte/Bitterbeuhsi HTTP/1.1" 200 9255 "-" "Mozilla/5.0 (compatible; TMMBot/0.2; +http://www.dslab.ch)/Nutch-1.15"
194.209.200.2 - - [17/Jan/2022:23:50:33 +0100] "GET /Hilfe/AnleitungTonbeispiele HTTP/1.1" 200 9878 "-" "Mozilla/5.0 (compatible; TMMBot/0.2; +http://www.dslab.ch)/Nutch-1.15"
216.244.66.243 - - [17/Jan/2022:23:55:31 +0100] "GET /robots.txt HTTP/1.1" 200 - "-" "Mozilla/5.0 (compatible; DotBot/1.2; +https://opensiteexplorer.org/dotbot; help@moz.com)"
