154.54.249.196 - - [08/Sep/2022:13:03:47 +0200] "GET /PmWikiVi/WikiNature?action=diff HTTP/1.1" 200 12189 "-" "Mozilla/5.0 (compatible; Barkrowler/0.9; +https://babbar.tech/crawler)"
85.25.177.139 - - [08/Sep/2022:13:03:50 +0200] "GET /PmWiki/GroupHeader?action=print HTTP/1.1" 200 2392 "-" "Mozilla/5.0 (Macintosh; Intel Mac OS X 10.15; rv:103.0) Gecko/20100101 Firefox/103.0"
154.54.249.196 - - [08/Sep/2022:13:04:19 +0200] "GET /PmWikiVi/WikiWord?action=diff HTTP/1.1" 200 12157 "-" "Mozilla/5.0 (compatible; Barkrowler/0.9; +https://babbar.tech/crawler)"
154.54.249.196 - - [08/Sep/2022:13:04:57 +0200] "GET /PmWikiVi/GoodStyle?action=diff HTTP/1.1" 200 12173 "-" "Mozilla/5.0 (compatible; Barkrowler/0.9; +https://babbar.tech/crawler)"
85.25.177.139 - - [08/Sep/2022:13:05:11 +0200] "GET /PmWiki/GroupHeader?action=upload HTTP/1.1" 200 8566 "-" "Mozilla/5.0 (Macintosh; Intel Mac OS X 10.15; rv:103.0) Gecko/20100101 Firefox/103.0"
154.54.249.196 - - [08/Sep/2022:13:05:33 +0200] "GET /PmWikiVi/GoodStyle?action=upload HTTP/1.1" 200 11504 "-" "Mozilla/5.0 (compatible; Barkrowler/0.9; +https://babbar.tech/crawler)"
185.191.171.45 - - [08/Sep/2022:13:06:04 +0200] "GET /robots.txt HTTP/1.1" 200 - "-" "Mozilla/5.0 (compatible; SemrushBot/7~bl; +http://www.semrush.com/bot.html)"
185.191.171.8 - - [08/Sep/2022:13:06:05 +0200] "GET /PmWiki/UTF-8 HTTP/1.1" 200 12601 "-" "Mozilla/5.0 (compatible; SemrushBot/7~bl; +http://www.semrush.com/bot.html)"
154.54.249.196 - - [08/Sep/2022:13:06:09 +0200] "GET /PmWikiPtBr/FAQ?action=edit HTTP/1.1" 200 7771 "-" "Mozilla/5.0 (compatible; Barkrowler/0.9; +https://babbar.tech/crawler)"
66.249.64.188 - - [08/Sep/2022:13:06:34 +0200] "GET /PodCast/IndexPage?action=rss HTTP/1.1" 200 6298 "-" "Mozilla/5.0 (compatible; Googlebot/2.1; +http://www.google.com/bot.html)"
85.25.177.139 - - [08/Sep/2022:13:06:35 +0200] "GET /PmWiki/GroupHeader?action=diff HTTP/1.1" 200 9235 "-" "Mozilla/5.0 (Macintosh; Intel Mac OS X 10.15; rv:103.0) Gecko/20100101 Firefox/103.0"
154.54.249.196 - - [08/Sep/2022:13:06:47 +0200] "GET /PmWikiPtBr/FAQ?action=diff HTTP/1.1" 200 8332 "-" "Mozilla/5.0 (compatible; Barkrowler/0.9; +https://babbar.tech/crawler)"
154.54.249.196 - - [08/Sep/2022:13:07:20 +0200] "GET /PmWikiPtBr/FAQ?action=upload HTTP/1.1" 200 7671 "-" "Mozilla/5.0 (compatible; Barkrowler/0.9; +https://babbar.tech/crawler)"
154.54.249.196 - - [08/Sep/2022:13:07:59 +0200] "GET /PmWikiPtBr/FAQ?action=print HTTP/1.1" 200 8217 "-" "Mozilla/5.0 (compatible; Barkrowler/0.9; +https://babbar.tech/crawler)"
85.25.177.139 - - [08/Sep/2022:13:08:15 +0200] "GET /PmWiki/SimultaneousEdits HTTP/1.1" 200 12357 "-" "Mozilla/5.0 (Macintosh; Intel Mac OS X 10.15; rv:103.0) Gecko/20100101 Firefox/103.0"
154.54.249.196 - - [08/Sep/2022:13:08:35 +0200] "GET /PmWikiNl/SideBar?action=diff HTTP/1.1" 200 7808 "-" "Mozilla/5.0 (compatible; Barkrowler/0.9; +https://babbar.tech/crawler)"
154.54.249.196 - - [08/Sep/2022:13:09:17 +0200] "GET /PmWikiNl/SideBar?action=upload HTTP/1.1" 200 7143 "-" "Mozilla/5.0 (compatible; Barkrowler/0.9; +https://babbar.tech/crawler)"
185.191.171.39 - - [08/Sep/2022:13:09:48 +0200] "GET /PmWikiJa/EditTemplates?action=upload HTTP/1.1" 403 18 "-" "Mozilla/5.0 (compatible; SemrushBot/7~bl; +http://www.semrush.com/bot.html)"
154.54.249.196 - - [08/Sep/2022:13:09:52 +0200] "GET /PmWikiNl/SideBar?action=print HTTP/1.1" 200 3840 "-" "Mozilla/5.0 (compatible; Barkrowler/0.9; +https://babbar.tech/crawler)"
85.25.177.139 - - [08/Sep/2022:13:09:54 +0200] "GET /PmWiki/WikiWord HTTP/1.1" 200 12028 "-" "Mozilla/5.0 (Macintosh; Intel Mac OS X 10.15; rv:103.0) Gecko/20100101 Firefox/103.0"
154.54.249.196 - - [08/Sep/2022:13:10:29 +0200] "GET /PmWikiNl/EditQuickReference HTTP/1.1" 200 8104 "-" "Mozilla/5.0 (compatible; Barkrowler/0.9; +https://babbar.tech/crawler)"
154.54.249.196 - - [08/Sep/2022:13:11:03 +0200] "GET /PmWikiNl/XLPage?action=edit HTTP/1.1" 200 7229 "-" "Mozilla/5.0 (compatible; Barkrowler/0.9; +https://babbar.tech/crawler)"
85.25.177.139 - - [08/Sep/2022:13:11:38 +0200] "GET /PmWiki/WikiStructure?action=diff HTTP/1.1" 200 9267 "-" "Mozilla/5.0 (Macintosh; Intel Mac OS X 10.15; rv:103.0) Gecko/20100101 Firefox/103.0"
154.54.249.196 - - [08/Sep/2022:13:11:42 +0200] "GET /PmWikiNl/XLPage?action=upload HTTP/1.1" 200 7129 "-" "Mozilla/5.0 (compatible; Barkrowler/0.9; +https://babbar.tech/crawler)"
154.54.249.196 - - [08/Sep/2022:13:12:17 +0200] "GET /PmWikiNl/XLPage?action=diff HTTP/1.1" 200 7792 "-" "Mozilla/5.0 (compatible; Barkrowler/0.9; +https://babbar.tech/crawler)"
154.54.249.196 - - [08/Sep/2022:13:12:49 +0200] "GET /PmWikiNl/XLPage?action=print HTTP/1.1" 200 10581 "-" "Mozilla/5.0 (compatible; Barkrowler/0.9; +https://babbar.tech/crawler)"
85.25.177.139 - - [08/Sep/2022:13:13:07 +0200] "GET /PodCast/161Predigerchoor1489?action=diff&source=n&minor=n HTTP/1.1" 200 9403 "-" "Mozilla/5.0 (Macintosh; Intel Mac OS X 10.15; rv:103.0) Gecko/20100101 Firefox/103.0"
154.54.249.196 - - [08/Sep/2022:13:13:23 +0200] "GET /PmWikiNl/WikiStyles?action=diff HTTP/1.1" 200 7856 "-" "Mozilla/5.0 (compatible; Barkrowler/0.9; +https://babbar.tech/crawler)"
154.54.249.196 - - [08/Sep/2022:13:14:01 +0200] "GET /PmWikiNl/WikiStyles?action=edit HTTP/1.1" 200 7285 "-" "Mozilla/5.0 (compatible; Barkrowler/0.9; +https://babbar.tech/crawler)"
85.25.177.139 - - [08/Sep/2022:13:14:12 +0200] "GET /PmWiki/RecentChanges?action=upload HTTP/1.1" 200 8594 "-" "Mozilla/5.0 (Macintosh; Intel Mac OS X 10.15; rv:103.0) Gecko/20100101 Firefox/103.0"
154.54.249.196 - - [08/Sep/2022:13:14:38 +0200] "GET /PmWikiNl/WikiStyles?action=upload HTTP/1.1" 200 7185 "-" "Mozilla/5.0 (compatible; Barkrowler/0.9; +https://babbar.tech/crawler)"
154.54.249.196 - - [08/Sep/2022:13:15:11 +0200] "GET /PmWikiNl/WikiTrails?action=upload HTTP/1.1" 200 7185 "-" "Mozilla/5.0 (compatible; Barkrowler/0.9; +https://babbar.tech/crawler)"
154.54.249.196 - - [08/Sep/2022:13:15:44 +0200] "GET /PmWikiNl/WikiTrails?action=edit HTTP/1.1" 200 7285 "-" "Mozilla/5.0 (compatible; Barkrowler/0.9; +https://babbar.tech/crawler)"
85.25.177.139 - - [08/Sep/2022:13:15:52 +0200] "GET /PmWiki/RecentChanges?action=diff HTTP/1.1" 200 9267 "-" "Mozilla/5.0 (Macintosh; Intel Mac OS X 10.15; rv:103.0) Gecko/20100101 Firefox/103.0"
154.54.249.196 - - [08/Sep/2022:13:16:20 +0200] "GET /PmWikiNl/WikiTrails?action=diff HTTP/1.1" 200 7856 "-" "Mozilla/5.0 (compatible; Barkrowler/0.9; +https://babbar.tech/crawler)"
154.54.249.196 - - [08/Sep/2022:13:16:56 +0200] "GET /PmWikiRu/XLPage?action=edit HTTP/1.1" 200 9173 "-" "Mozilla/5.0 (compatible; Barkrowler/0.9; +https://babbar.tech/crawler)"
154.54.249.196 - - [08/Sep/2022:13:17:35 +0200] "GET /PmWikiRu/XLPage?action=diff HTTP/1.1" 200 9736 "-" "Mozilla/5.0 (compatible; Barkrowler/0.9; +https://babbar.tech/crawler)"
85.25.177.139 - - [08/Sep/2022:13:17:52 +0200] "GET /PmWiki/RecentChanges?action=print HTTP/1.1" 404 2411 "-" "Mozilla/5.0 (Macintosh; Intel Mac OS X 10.15; rv:103.0) Gecko/20100101 Firefox/103.0"
154.54.249.196 - - [08/Sep/2022:13:18:11 +0200] "GET /PmWikiRu/XLPage?action=upload HTTP/1.1" 200 9073 "-" "Mozilla/5.0 (compatible; Barkrowler/0.9; +https://babbar.tech/crawler)"
185.191.171.5 - - [08/Sep/2022:13:18:39 +0200] "GET /PmWikiNl/DocumentationIndex?action=edit HTTP/1.1" 404 18 "-" "Mozilla/5.0 (compatible; SemrushBot/7~bl; +http://www.semrush.com/bot.html)"
85.25.177.139 - - [08/Sep/2022:13:18:45 +0200] "GET /PmWiki/Functions HTTP/1.1" 200 35969 "-" "Mozilla/5.0 (Macintosh; Intel Mac OS X 10.15; rv:103.0) Gecko/20100101 Firefox/103.0"
154.54.249.196 - - [08/Sep/2022:13:18:46 +0200] "GET /PmWikiRu/XLPage?action=print HTTP/1.1" 200 12297 "-" "Mozilla/5.0 (compatible; Barkrowler/0.9; +https://babbar.tech/crawler)"
154.54.249.196 - - [08/Sep/2022:13:19:24 +0200] "GET /PmWikiRu/PmWiki?action=edit HTTP/1.1" 200 9173 "-" "Mozilla/5.0 (compatible; Barkrowler/0.9; +https://babbar.tech/crawler)"
154.54.249.196 - - [08/Sep/2022:13:19:59 +0200] "GET /PmWikiRu/PmWiki?action=upload HTTP/1.1" 200 9073 "-" "Mozilla/5.0 (compatible; Barkrowler/0.9; +https://babbar.tech/crawler)"
85.25.177.139 - - [08/Sep/2022:13:20:32 +0200] "GET /PmWiki/PageFileFormat HTTP/1.1" 200 16829 "-" "Mozilla/5.0 (Macintosh; Intel Mac OS X 10.15; rv:103.0) Gecko/20100101 Firefox/103.0"
154.54.249.196 - - [08/Sep/2022:13:20:34 +0200] "GET /PmWikiRu/PmWiki?action=diff HTTP/1.1" 200 9736 "-" "Mozilla/5.0 (compatible; Barkrowler/0.9; +https://babbar.tech/crawler)"
154.54.249.196 - - [08/Sep/2022:13:21:08 +0200] "GET /PmWikiRu/Upgrades?action=diff HTTP/1.1" 200 9790 "-" "Mozilla/5.0 (compatible; Barkrowler/0.9; +https://babbar.tech/crawler)"
154.54.249.196 - - [08/Sep/2022:13:21:44 +0200] "GET /PmWikiRu/PerGroupCustomizations HTTP/1.1" 200 15627 "-" "Mozilla/5.0 (compatible; Barkrowler/0.9; +https://babbar.tech/crawler)"
85.25.177.139 - - [08/Sep/2022:13:22:04 +0200] "GET /PmWiki/Version HTTP/1.1" 200 10847 "-" "Mozilla/5.0 (Macintosh; Intel Mac OS X 10.15; rv:103.0) Gecko/20100101 Firefox/103.0"
154.54.249.196 - - [08/Sep/2022:13:22:19 +0200] "GET /PmWikiRu/Uploads?action=diff HTTP/1.1" 200 9806 "-" "Mozilla/5.0 (compatible; Barkrowler/0.9; +https://babbar.tech/crawler)"
154.54.249.196 - - [08/Sep/2022:13:22:54 +0200] "GET /PmWikiRu/UploadQuickReference HTTP/1.1" 200 11577 "-" "Mozilla/5.0 (compatible; Barkrowler/0.9; +https://babbar.tech/crawler)"
154.54.249.196 - - [08/Sep/2022:13:23:29 +0200] "GET /PmWikiRu/Variables?action=diff HTTP/1.1" 200 9804 "-" "Mozilla/5.0 (compatible; Barkrowler/0.9; +https://babbar.tech/crawler)"
85.25.177.139 - - [08/Sep/2022:13:23:46 +0200] "GET /PmWiki/BlockMarkup HTTP/1.1" 200 15202 "-" "Mozilla/5.0 (Macintosh; Intel Mac OS X 10.15; rv:103.0) Gecko/20100101 Firefox/103.0"
154.54.249.196 - - [08/Sep/2022:13:24:06 +0200] "GET /PmWikiRu/Variables?action=print HTTP/1.1" 200 55279 "-" "Mozilla/5.0 (compatible; Barkrowler/0.9; +https://babbar.tech/crawler)"
154.54.249.196 - - [08/Sep/2022:13:24:43 +0200] "GET /PmWikiRu/Variables?action=edit HTTP/1.1" 200 9235 "-" "Mozilla/5.0 (compatible; Barkrowler/0.9; +https://babbar.tech/crawler)"
154.54.249.196 - - [08/Sep/2022:13:25:18 +0200] "GET /PmWikiRu/Variables?action=upload HTTP/1.1" 200 9135 "-" "Mozilla/5.0 (compatible; Barkrowler/0.9; +https://babbar.tech/crawler)"
85.25.177.139 - - [08/Sep/2022:13:25:21 +0200] "GET /PmWiki/WikiWords HTTP/1.1" 302 189 "-" "Mozilla/5.0 (Macintosh; Intel Mac OS X 10.15; rv:103.0) Gecko/20100101 Firefox/103.0"
154.54.249.196 - - [08/Sep/2022:13:25:55 +0200] "GET /PmWikiRu/ChangeLog?action=upload HTTP/1.1" 200 9115 "-" "Mozilla/5.0 (compatible; Barkrowler/0.9; +https://babbar.tech/crawler)"
154.54.249.196 - - [08/Sep/2022:13:26:29 +0200] "GET /PmWikiRu/ChangeLog?action=edit HTTP/1.1" 200 9215 "-" "Mozilla/5.0 (compatible; Barkrowler/0.9; +https://babbar.tech/crawler)"
154.54.249.196 - - [08/Sep/2022:13:27:06 +0200] "GET /PmWikiRu/ChangeLog?action=diff HTTP/1.1" 200 9784 "-" "Mozilla/5.0 (compatible; Barkrowler/0.9; +https://babbar.tech/crawler)"
85.25.177.139 - - [08/Sep/2022:13:27:20 +0200] "GET /PmWiki/LinkSchemes?action=edit HTTP/1.1" 200 8666 "-" "Mozilla/5.0 (Macintosh; Intel Mac OS X 10.15; rv:103.0) Gecko/20100101 Firefox/103.0"
154.54.249.196 - - [08/Sep/2022:13:27:37 +0200] "GET /PmWikiRu/Skins?skin=light HTTP/1.1" 200 25244 "-" "Mozilla/5.0 (compatible; Barkrowler/0.9; +https://babbar.tech/crawler)"
154.54.249.196 - - [08/Sep/2022:13:28:14 +0200] "GET /PmWikiRu/Skins?action=diff HTTP/1.1" 200 9744 "-" "Mozilla/5.0 (compatible; Barkrowler/0.9; +https://babbar.tech/crawler)"
154.54.249.196 - - [08/Sep/2022:13:28:47 +0200] "GET /PmWikiRu/Functions?action=diff HTTP/1.1" 200 9792 "-" "Mozilla/5.0 (compatible; Barkrowler/0.9; +https://babbar.tech/crawler)"
85.25.177.139 - - [08/Sep/2022:13:29:04 +0200] "GET /SiteAdmin/AuthList HTTP/1.1" 200 8552 "-" "Mozilla/5.0 (Macintosh; Intel Mac OS X 10.15; rv:103.0) Gecko/20100101 Firefox/103.0"
154.54.249.196 - - [08/Sep/2022:13:29:22 +0200] "GET /PmWikiRu/SideBar?action=diff HTTP/1.1" 200 9752 "-" "Mozilla/5.0 (compatible; Barkrowler/0.9; +https://babbar.tech/crawler)"
185.191.171.16 - - [08/Sep/2022:13:29:58 +0200] "GET /PmWikiVi/HPThRa?action=edit HTTP/1.1" 404 18 "-" "Mozilla/5.0 (compatible; SemrushBot/7~bl; +http://www.semrush.com/bot.html)"
154.54.249.196 - - [08/Sep/2022:13:30:00 +0200] "GET /PmWikiRu/SideBar?action=print HTTP/1.1" 200 6517 "-" "Mozilla/5.0 (compatible; Barkrowler/0.9; +https://babbar.tech/crawler)"
154.54.249.196 - - [08/Sep/2022:13:30:35 +0200] "GET /PmWikiRu/SideBar?action=edit HTTP/1.1" 200 9187 "-" "Mozilla/5.0 (compatible; Barkrowler/0.9; +https://babbar.tech/crawler)"
85.25.177.139 - - [08/Sep/2022:13:30:36 +0200] "GET /PmWiki/CustomMarkup HTTP/1.1" 200 31475 "-" "Mozilla/5.0 (Macintosh; Intel Mac OS X 10.15; rv:103.0) Gecko/20100101 Firefox/103.0"
154.54.249.196 - - [08/Sep/2022:13:31:11 +0200] "GET /PmWikiRu/SideBar?action=upload HTTP/1.1" 200 9087 "-" "Mozilla/5.0 (compatible; Barkrowler/0.9; +https://babbar.tech/crawler)"
154.54.249.196 - - [08/Sep/2022:13:31:46 +0200] "GET /PmWikiRu/MarkupMasterIndex HTTP/1.1" 200 29696 "-" "Mozilla/5.0 (compatible; Barkrowler/0.9; +https://babbar.tech/crawler)"
85.25.177.139 - - [08/Sep/2022:13:31:53 +0200] "GET /PmWiki/ChangeLog?action=print HTTP/1.1" 200 98123 "-" "Mozilla/5.0 (Macintosh; Intel Mac OS X 10.15; rv:103.0) Gecko/20100101 Firefox/103.0"
154.54.249.196 - - [08/Sep/2022:13:32:25 +0200] "GET /PmWikiRu/MarkupExpressions HTTP/1.1" 404 10088 "-" "Mozilla/5.0 (compatible; Barkrowler/0.9; +https://babbar.tech/crawler)"
154.54.249.196 - - [08/Sep/2022:13:33:04 +0200] "GET /PmWikiRu/AuthUser?action=diff HTTP/1.1" 200 9768 "-" "Mozilla/5.0 (compatible; Barkrowler/0.9; +https://babbar.tech/crawler)"
85.25.177.139 - - [08/Sep/2022:13:33:10 +0200] "GET /PmWiki/Glossary HTTP/1.1" 200 16412 "-" "Mozilla/5.0 (Macintosh; Intel Mac OS X 10.15; rv:103.0) Gecko/20100101 Firefox/103.0"
154.54.249.196 - - [08/Sep/2022:13:33:37 +0200] "GET /PmWikiRu/AuthUser?action=edit HTTP/1.1" 200 9201 "-" "Mozilla/5.0 (compatible; Barkrowler/0.9; +https://babbar.tech/crawler)"
154.54.249.196 - - [08/Sep/2022:13:34:19 +0200] "GET /PmWikiRu/AuthUser?action=upload HTTP/1.1" 200 9101 "-" "Mozilla/5.0 (compatible; Barkrowler/0.9; +https://babbar.tech/crawler)"
85.25.177.139 - - [08/Sep/2022:13:34:36 +0200] "GET /PmWiki/PatrickMichaud HTTP/1.1" 200 9037 "-" "Mozilla/5.0 (Macintosh; Intel Mac OS X 10.15; rv:103.0) Gecko/20100101 Firefox/103.0"
154.54.249.196 - - [08/Sep/2022:13:34:47 +0200] "GET /PmWikiRu/Glossary?action=diff HTTP/1.1" 200 9786 "-" "Mozilla/5.0 (compatible; Barkrowler/0.9; +https://babbar.tech/crawler)"
185.191.171.18 - - [08/Sep/2022:13:34:59 +0200] "GET /PmWikiFr/A?action=search&fmt=title&q=link%3DPmWikiFr.EditQuickReference HTTP/1.1" 404 18 "-" "Mozilla/5.0 (compatible; SemrushBot/7~bl; +http://www.semrush.com/bot.html)"
154.54.249.196 - - [08/Sep/2022:13:35:30 +0200] "GET /PmWikiRu/InterMap?action=diff HTTP/1.1" 200 9792 "-" "Mozilla/5.0 (compatible; Barkrowler/0.9; +https://babbar.tech/crawler)"
154.54.249.196 - - [08/Sep/2022:13:36:01 +0200] "GET /PmWikiRu/InterMap?action=upload HTTP/1.1" 200 9125 "-" "Mozilla/5.0 (compatible; Barkrowler/0.9; +https://babbar.tech/crawler)"
85.25.177.139 - - [08/Sep/2022:13:36:05 +0200] "GET /PmWiki/PmWikiPhilosophy?action=diff HTTP/1.1" 200 9317 "-" "Mozilla/5.0 (Macintosh; Intel Mac OS X 10.15; rv:103.0) Gecko/20100101 Firefox/103.0"
34.228.166.156 - - [08/Sep/2022:13:36:10 +0200] "GET /PodCast/IndexPage?action=rss HTTP/1.1" 200 6298 "https://www.google.com/" "Mozilla/5.0 (Macintosh; Intel Mac OS X 10_15_3) AppleWebKit/537.36 (KHTML, like Gecko) Chrome/80.0.3987.116 Safari/537.36"
154.54.249.196 - - [08/Sep/2022:13:36:40 +0200] "GET /PmWikiRu/InterMap?action=print HTTP/1.1" 200 5927 "-" "Mozilla/5.0 (compatible; Barkrowler/0.9; +https://babbar.tech/crawler)"
154.54.249.196 - - [08/Sep/2022:13:37:10 +0200] "GET /PmWikiRu/DesignNotes?action=upload HTTP/1.1" 200 9183 "-" "Mozilla/5.0 (compatible; Barkrowler/0.9; +https://babbar.tech/crawler)"
85.25.177.139 - - [08/Sep/2022:13:37:37 +0200] "GET /PmWiki/Internationalizations?action=edit HTTP/1.1" 200 8804 "-" "Mozilla/5.0 (Macintosh; Intel Mac OS X 10.15; rv:103.0) Gecko/20100101 Firefox/103.0"
154.54.249.196 - - [08/Sep/2022:13:37:52 +0200] "GET /PmWikiRu/DesignNotes?action=print HTTP/1.1" 200 5674 "-" "Mozilla/5.0 (compatible; Barkrowler/0.9; +https://babbar.tech/crawler)"
154.54.249.196 - - [08/Sep/2022:13:38:23 +0200] "GET /PmWikiRu/DesignNotes?action=edit HTTP/1.1" 200 9283 "-" "Mozilla/5.0 (compatible; Barkrowler/0.9; +https://babbar.tech/crawler)"
85.25.177.139 - - [08/Sep/2022:13:38:43 +0200] "GET /Category/PmWikiDeveloper?action=upload HTTP/1.1" 200 8651 "-" "Mozilla/5.0 (Macintosh; Intel Mac OS X 10.15; rv:103.0) Gecko/20100101 Firefox/103.0"
154.54.249.196 - - [08/Sep/2022:13:39:03 +0200] "GET /PmWikiRu/DesignNotes?action=diff HTTP/1.1" 200 9856 "-" "Mozilla/5.0 (compatible; Barkrowler/0.9; +https://babbar.tech/crawler)"
154.54.249.196 - - [08/Sep/2022:13:39:34 +0200] "GET /PmWikiRu/AccessKeys?action=edit HTTP/1.1" 200 9229 "-" "Mozilla/5.0 (compatible; Barkrowler/0.9; +https://babbar.tech/crawler)"
85.25.177.139 - - [08/Sep/2022:13:39:46 +0200] "GET /Category/PmWikiDeveloper?action=diff HTTP/1.1" 200 9332 "-" "Mozilla/5.0 (Macintosh; Intel Mac OS X 10.15; rv:103.0) Gecko/20100101 Firefox/103.0"
154.54.249.196 - - [08/Sep/2022:13:40:10 +0200] "GET /PmWikiRu/AccessKeys?action=upload HTTP/1.1" 200 9129 "-" "Mozilla/5.0 (compatible; Barkrowler/0.9; +https://babbar.tech/crawler)"
154.54.249.196 - - [08/Sep/2022:13:40:43 +0200] "GET /PmWikiRu/AccessKeys?action=diff HTTP/1.1" 200 9800 "-" "Mozilla/5.0 (compatible; Barkrowler/0.9; +https://babbar.tech/crawler)"
85.25.177.139 - - [08/Sep/2022:13:41:11 +0200] "GET /PmWiki/WikiFarmTerminology?action=print HTTP/1.1" 200 8658 "-" "Mozilla/5.0 (Macintosh; Intel Mac OS X 10.15; rv:103.0) Gecko/20100101 Firefox/103.0"
154.54.249.196 - - [08/Sep/2022:13:41:22 +0200] "GET /PmWikiRu/Drafts?action=diff HTTP/1.1" 200 9734 "-" "Mozilla/5.0 (compatible; Barkrowler/0.9; +https://babbar.tech/crawler)"
154.54.249.196 - - [08/Sep/2022:13:41:55 +0200] "GET /PmWikiRu/Drafts?action=upload HTTP/1.1" 200 9071 "-" "Mozilla/5.0 (compatible; Barkrowler/0.9; +https://babbar.tech/crawler)"
85.25.177.139 - - [08/Sep/2022:13:42:14 +0200] "GET /PmWiki/ConditionalMarkup?action=diff&source=n&minor=y HTTP/1.1" 200 9339 "-" "Mozilla/5.0 (Macintosh; Intel Mac OS X 10.15; rv:103.0) Gecko/20100101 Firefox/103.0"
154.54.249.196 - - [08/Sep/2022:13:42:32 +0200] "GET /PmWikiRu/Blocklist?action=diff HTTP/1.1" 200 9782 "-" "Mozilla/5.0 (compatible; Barkrowler/0.9; +https://babbar.tech/crawler)"
154.54.249.196 - - [08/Sep/2022:13:43:10 +0200] "GET /PmWikiRu/MailPosts?action=upload HTTP/1.1" 200 9115 "-" "Mozilla/5.0 (compatible; Barkrowler/0.9; +https://babbar.tech/crawler)"
85.25.177.139 - - [08/Sep/2022:13:43:33 +0200] "GET /PmWiki/ConditionalMarkup?action=diff&source=y&minor=n HTTP/1.1" 200 9329 "-" "Mozilla/5.0 (Macintosh; Intel Mac OS X 10.15; rv:103.0) Gecko/20100101 Firefox/103.0"
154.54.249.196 - - [08/Sep/2022:13:43:47 +0200] "GET /PmWikiRu/MailPosts?action=edit HTTP/1.1" 200 9215 "-" "Mozilla/5.0 (compatible; Barkrowler/0.9; +https://babbar.tech/crawler)"
154.54.249.196 - - [08/Sep/2022:13:44:22 +0200] "GET /PmWikiRu/MailPosts?action=diff HTTP/1.1" 200 9784 "-" "Mozilla/5.0 (compatible; Barkrowler/0.9; +https://babbar.tech/crawler)"
154.54.249.196 - - [08/Sep/2022:13:44:56 +0200] "GET /PmWikiRu/Contributors?action=diff HTTP/1.1" 200 9842 "-" "Mozilla/5.0 (compatible; Barkrowler/0.9; +https://babbar.tech/crawler)"
85.25.177.139 - - [08/Sep/2022:13:45:05 +0200] "GET /PmWiki/WikiFarms?action=diff&source=y&minor=n HTTP/1.1" 200 9201 "-" "Mozilla/5.0 (Macintosh; Intel Mac OS X 10.15; rv:103.0) Gecko/20100101 Firefox/103.0"
154.54.249.196 - - [08/Sep/2022:13:45:30 +0200] "GET /PmWikiRu/Contributors?action=upload HTTP/1.1" 200 9167 "-" "Mozilla/5.0 (compatible; Barkrowler/0.9; +https://babbar.tech/crawler)"
154.54.249.196 - - [08/Sep/2022:13:46:07 +0200] "GET /PmWikiRu/Contributors?action=print HTTP/1.1" 200 6046 "-" "Mozilla/5.0 (compatible; Barkrowler/0.9; +https://babbar.tech/crawler)"
85.25.177.139 - - [08/Sep/2022:13:46:07 +0200] "GET /PmWiki/WikiFarms?action=upload HTTP/1.1" 200 8538 "-" "Mozilla/5.0 (Macintosh; Intel Mac OS X 10.15; rv:103.0) Gecko/20100101 Firefox/103.0"
154.54.249.196 - - [08/Sep/2022:13:46:45 +0200] "GET /PmWikiRu/Passwords?action=diff HTTP/1.1" 200 9788 "-" "Mozilla/5.0 (compatible; Barkrowler/0.9; +https://babbar.tech/crawler)"
154.54.249.196 - - [08/Sep/2022:13:47:17 +0200] "GET /PmWikiRu/InitialSetupTasks HTTP/1.1" 200 21048 "-" "Mozilla/5.0 (compatible; Barkrowler/0.9; +https://babbar.tech/crawler)"
85.25.177.139 - - [08/Sep/2022:13:47:38 +0200] "GET /PmWiki/BackupAndRestore?action=print HTTP/1.1" 200 8760 "-" "Mozilla/5.0 (Macintosh; Intel Mac OS X 10.15; rv:103.0) Gecko/20100101 Firefox/103.0"
154.54.249.196 - - [08/Sep/2022:13:47:56 +0200] "GET /PmWikiRu/EditQuickReference HTTP/1.1" 200 13433 "-" "Mozilla/5.0 (compatible; Barkrowler/0.9; +https://babbar.tech/crawler)"
154.54.249.196 - - [08/Sep/2022:13:48:30 +0200] "GET /PmWikiRu/BasicEditing?action=edit HTTP/1.1" 200 9289 "-" "Mozilla/5.0 (compatible; Barkrowler/0.9; +https://babbar.tech/crawler)"
168.119.51.163 - - [08/Sep/2022:13:48:31 +0200] "GET /robots.txt HTTP/1.1" 200 - "-" "Mozilla/5.0 (compatible; um-IC/1.0; mailto: techinfo@ubermetrics-technologies.com; Windows NT 6.1; WOW64; rv:40.0) Gecko/20100101 Firefox/40.1"
168.119.51.163 - - [08/Sep/2022:13:48:31 +0200] "GET /PodCast/IndexPage?action=rss HTTP/1.1" 200 6298 "-" "Mozilla/5.0 (compatible; um-IC/1.0; mailto: techinfo@ubermetrics-technologies.com; Windows NT 6.1; WOW64; rv:40.0) Gecko/20100101 Firefox/40.1"
85.25.177.139 - - [08/Sep/2022:13:48:51 +0200] "GET /Category/Maintenance HTTP/1.1" 200 8255 "-" "Mozilla/5.0 (Macintosh; Intel Mac OS X 10.15; rv:103.0) Gecko/20100101 Firefox/103.0"
154.54.249.196 - - [08/Sep/2022:13:49:12 +0200] "GET /PmWikiRu/BasicEditing?action=upload HTTP/1.1" 200 9189 "-" "Mozilla/5.0 (compatible; Barkrowler/0.9; +https://babbar.tech/crawler)"
154.54.249.196 - - [08/Sep/2022:13:49:44 +0200] "GET /PmWikiRu/BasicEditing?action=print HTTP/1.1" 200 25065 "-" "Mozilla/5.0 (compatible; Barkrowler/0.9; +https://babbar.tech/crawler)"
154.54.249.196 - - [08/Sep/2022:13:50:27 +0200] "GET /PmWikiRu/BasicEditing?action=diff HTTP/1.1" 200 9864 "-" "Mozilla/5.0 (compatible; Barkrowler/0.9; +https://babbar.tech/crawler)"
154.54.249.196 - - [08/Sep/2022:13:51:01 +0200] "GET /PmWikiRu/FlatFileAdvantages HTTP/1.1" 200 15215 "-" "Mozilla/5.0 (compatible; Barkrowler/0.9; +https://babbar.tech/crawler)"
85.25.177.139 - - [08/Sep/2022:13:51:01 +0200] "GET /Site/Preferences?action=source HTTP/1.1" 200 2426 "-" "Mozilla/5.0 (Macintosh; Intel Mac OS X 10.15; rv:103.0) Gecko/20100101 Firefox/103.0"
154.54.249.196 - - [08/Sep/2022:13:51:41 +0200] "GET /PmWikiRu/TextFormattingRules HTTP/1.1" 200 29085 "-" "Mozilla/5.0 (compatible; Barkrowler/0.9; +https://babbar.tech/crawler)"
85.25.177.139 - - [08/Sep/2022:13:51:58 +0200] "GET /PmWiki/TableDirectives?action=diff HTTP/1.1" 200 9299 "-" "Mozilla/5.0 (Macintosh; Intel Mac OS X 10.15; rv:103.0) Gecko/20100101 Firefox/103.0"
194.209.200.2 - - [08/Sep/2022:13:52:05 +0200] "GET /robots.txt HTTP/1.1" 200 - "-" "Mozilla/5.0 (compatible; TMMBot/0.2; +http://www.dslab.ch)/Nutch-1.15"
194.209.200.2 - - [08/Sep/2022:13:52:05 +0200] "GET /Admin/Jahresbericht HTTP/1.1" 200 45530 "-" "Mozilla/5.0 (compatible; TMMBot/0.2; +http://www.dslab.ch)/Nutch-1.15"
154.54.249.196 - - [08/Sep/2022:13:52:16 +0200] "GET /PmWikiRu/ListLocal?action=diff HTTP/1.1" 200 9782 "-" "Mozilla/5.0 (compatible; Barkrowler/0.9; +https://babbar.tech/crawler)"
194.209.200.2 - - [08/Sep/2022:13:52:43 +0200] "GET /Texte/Schrybwys HTTP/1.1" 200 11028 "-" "Mozilla/5.0 (compatible; TMMBot/0.2; +http://www.dslab.ch)/Nutch-1.15"
154.54.249.196 - - [08/Sep/2022:13:52:52 +0200] "GET /PmWikiRu/Subversion?action=diff HTTP/1.1" 200 9798 "-" "Mozilla/5.0 (compatible; Barkrowler/0.9; +https://babbar.tech/crawler)"
85.25.177.139 - - [08/Sep/2022:13:52:59 +0200] "GET /PmWiki/Categories?action=diff&source=n&minor=y HTTP/1.1" 200 9225 "-" "Mozilla/5.0 (Macintosh; Intel Mac OS X 10.15; rv:103.0) Gecko/20100101 Firefox/103.0"
154.54.249.196 - - [08/Sep/2022:13:53:30 +0200] "GET /PmWikiRu/WikiStyleExamples HTTP/1.1" 200 22616 "-" "Mozilla/5.0 (compatible; Barkrowler/0.9; +https://babbar.tech/crawler)"
154.54.249.196 - - [08/Sep/2022:13:54:05 +0200] "GET /PmWikiRu/WikiStructure?action=print HTTP/1.1" 200 6587 "-" "Mozilla/5.0 (compatible; Barkrowler/0.9; +https://babbar.tech/crawler)"
194.209.200.2 - - [08/Sep/2022:13:54:28 +0200] "GET /Texte/GDicht HTTP/1.1" 200 8050 "-" "Mozilla/5.0 (compatible; TMMBot/0.2; +http://www.dslab.ch)/Nutch-1.15"
154.54.249.196 - - [08/Sep/2022:13:54:45 +0200] "GET /PmWikiRu/WikiGroups?action=print HTTP/1.1" 302 195 "-" "Mozilla/5.0 (compatible; Barkrowler/0.9; +https://babbar.tech/crawler)"
85.25.177.139 - - [08/Sep/2022:13:54:50 +0200] "GET /PmWiki/MarkupMasterIndex?action=print HTTP/1.1" 200 29147 "-" "Mozilla/5.0 (Macintosh; Intel Mac OS X 10.15; rv:103.0) Gecko/20100101 Firefox/103.0"
194.209.200.2 - - [08/Sep/2022:13:55:07 +0200] "GET /Texte/Styluebige HTTP/1.1" 200 9998 "-" "Mozilla/5.0 (compatible; TMMBot/0.2; +http://www.dslab.ch)/Nutch-1.15"
154.54.249.196 - - [08/Sep/2022:13:55:15 +0200] "GET /PmWikiRu/WikiFarmTerminology HTTP/1.1" 404 10133 "-" "Mozilla/5.0 (compatible; Barkrowler/0.9; +https://babbar.tech/crawler)"
194.209.200.2 - - [08/Sep/2022:13:55:22 +0200] "GET /Texte/Metamorphoses HTTP/1.1" 200 9045 "-" "Mozilla/5.0 (compatible; TMMBot/0.2; +http://www.dslab.ch)/Nutch-1.15"
154.54.249.196 - - [08/Sep/2022:13:55:54 +0200] "GET /PmWikiRu/WikiWord?action=diff HTTP/1.1" 200 9786 "-" "Mozilla/5.0 (compatible; Barkrowler/0.9; +https://babbar.tech/crawler)"
154.54.249.196 - - [08/Sep/2022:13:56:27 +0200] "GET /PmWikiRu/WikiWord?action=upload HTTP/1.1" 200 9119 "-" "Mozilla/5.0 (compatible; Barkrowler/0.9; +https://babbar.tech/crawler)"
194.209.200.2 - - [08/Sep/2022:13:56:49 +0200] "GET /Texte/Gloosse HTTP/1.1" 200 8061 "-" "Mozilla/5.0 (compatible; TMMBot/0.2; +http://www.dslab.ch)/Nutch-1.15"
85.25.177.139 - - [08/Sep/2022:13:56:57 +0200] "GET /PmWiki/CreatingNewPages?action=print HTTP/1.1" 200 5985 "-" "Mozilla/5.0 (Macintosh; Intel Mac OS X 10.15; rv:103.0) Gecko/20100101 Firefox/103.0"
154.54.249.196 - - [08/Sep/2022:13:57:07 +0200] "GET /PmWikiRu/WikiWord?action=print HTTP/1.1" 200 6747 "-" "Mozilla/5.0 (compatible; Barkrowler/0.9; +https://babbar.tech/crawler)"
154.54.249.196 - - [08/Sep/2022:13:57:39 +0200] "GET /PmWikiRu/WikiGroup?action=diff HTTP/1.1" 200 9806 "-" "Mozilla/5.0 (compatible; Barkrowler/0.9; +https://babbar.tech/crawler)"
194.209.200.2 - - [08/Sep/2022:13:58:10 +0200] "GET /Admin/Pro-ZurituutschStatuten HTTP/1.1" 200 9580 "-" "Mozilla/5.0 (compatible; TMMBot/0.2; +http://www.dslab.ch)/Nutch-1.15"
85.25.177.139 - - [08/Sep/2022:13:58:19 +0200] "GET /Site/AllRecentChanges?action=print HTTP/1.1" 200 93223 "-" "Mozilla/5.0 (Macintosh; Intel Mac OS X 10.15; rv:103.0) Gecko/20100101 Firefox/103.0"
154.54.249.196 - - [08/Sep/2022:13:58:21 +0200] "GET /PmWikiRu/WikiStyles?action=upload HTTP/1.1" 200 9143 "-" "Mozilla/5.0 (compatible; Barkrowler/0.9; +https://babbar.tech/crawler)"
66.249.76.243 - - [08/Sep/2022:13:58:43 +0200] "GET /PodCast/IndexPage?action=rss HTTP/1.1" 200 6298 "-" "Mozilla/5.0 (compatible; Googlebot/2.1; +http://www.google.com/bot.html)"
154.54.249.196 - - [08/Sep/2022:13:58:52 +0200] "GET /PmWikiRu/WikiStyles?action=print HTTP/1.1" 200 23094 "-" "Mozilla/5.0 (compatible; Barkrowler/0.9; +https://babbar.tech/crawler)"
185.191.171.22 - - [08/Sep/2022:13:59:10 +0200] "GET /PmWikiFr/IndexDocumentation?action=print HTTP/1.1" 403 18 "-" "Mozilla/5.0 (compatible; SemrushBot/7~bl; +http://www.semrush.com/bot.html)"
154.54.249.196 - - [08/Sep/2022:13:59:34 +0200] "GET /PmWikiRu/WikiStyles?action=edit HTTP/1.1" 200 9243 "-" "Mozilla/5.0 (compatible; Barkrowler/0.9; +https://babbar.tech/crawler)"
85.25.177.139 - - [08/Sep/2022:13:59:35 +0200] "GET /Site/Site?action=print HTTP/1.1" 200 8308 "-" "Mozilla/5.0 (Macintosh; Intel Mac OS X 10.15; rv:103.0) Gecko/20100101 Firefox/103.0"
85.208.98.23 - - [08/Sep/2022:13:59:58 +0200] "GET /robots.txt HTTP/1.1" 200 - "-" "Mozilla/5.0 (compatible; SemrushBot-BA; +http://www.semrush.com/bot.html)"
154.54.249.196 - - [08/Sep/2022:14:00:07 +0200] "GET /PmWikiRu/WikiStyles?action=diff HTTP/1.1" 200 9814 "-" "Mozilla/5.0 (compatible; Barkrowler/0.9; +https://babbar.tech/crawler)"
85.208.98.20 - - [08/Sep/2022:14:00:16 +0200] "GET /PmWikiFr/Troubleshooting HTTP/1.1" 200 11486 "-" "Mozilla/5.0 (compatible; SemrushBot-BA; +http://www.semrush.com/bot.html)"
194.209.200.2 - - [08/Sep/2022:14:00:33 +0200] "GET /Hilfe/AnleitungTonbeispiele HTTP/1.1" 200 9878 "-" "Mozilla/5.0 (compatible; TMMBot/0.2; +http://www.dslab.ch)/Nutch-1.15"
154.54.249.196 - - [08/Sep/2022:14:00:43 +0200] "GET /PmWikiRu/WikiTrails?action=edit HTTP/1.1" 200 9243 "-" "Mozilla/5.0 (compatible; Barkrowler/0.9; +https://babbar.tech/crawler)"
154.54.249.196 - - [08/Sep/2022:14:01:18 +0200] "GET /PmWikiRu/WikiTrails?action=upload HTTP/1.1" 200 9143 "-" "Mozilla/5.0 (compatible; Barkrowler/0.9; +https://babbar.tech/crawler)"
85.25.177.139 - - [08/Sep/2022:14:01:33 +0200] "GET /PmWiki/PageLists?action=diff&source=n&minor=n HTTP/1.1" 200 9209 "-" "Mozilla/5.0 (Macintosh; Intel Mac OS X 10.15; rv:103.0) Gecko/20100101 Firefox/103.0"
154.54.249.196 - - [08/Sep/2022:14:01:57 +0200] "GET /PmWikiRu/WikiTrails?action=diff HTTP/1.1" 200 9814 "-" "Mozilla/5.0 (compatible; Barkrowler/0.9; +https://babbar.tech/crawler)"
154.54.249.196 - - [08/Sep/2022:14:02:31 +0200] "GET /PmWikiRu/WikiTrails?action=print HTTP/1.1" 200 10735 "-" "Mozilla/5.0 (compatible; Barkrowler/0.9; +https://babbar.tech/crawler)"
85.25.177.139 - - [08/Sep/2022:14:02:37 +0200] "GET /PmWiki/Upgrades?action=diff HTTP/1.1" 200 9185 "-" "Mozilla/5.0 (Macintosh; Intel Mac OS X 10.15; rv:103.0) Gecko/20100101 Firefox/103.0"
154.54.249.196 - - [08/Sep/2022:14:03:09 +0200] "GET /PmWikiRu/WikiWords?action=upload HTTP/1.1" 200 9115 "-" "Mozilla/5.0 (compatible; Barkrowler/0.9; +https://babbar.tech/crawler)"
154.54.249.196 - - [08/Sep/2022:14:03:44 +0200] "GET /PmWikiRu/WikiWords?action=print HTTP/1.1" 302 193 "-" "Mozilla/5.0 (compatible; Barkrowler/0.9; +https://babbar.tech/crawler)"
154.54.249.196 - - [08/Sep/2022:14:04:20 +0200] "GET /PmWikiRu/WikiWords?action=edit HTTP/1.1" 200 9215 "-" "Mozilla/5.0 (compatible; Barkrowler/0.9; +https://babbar.tech/crawler)"
85.25.177.139 - - [08/Sep/2022:14:04:27 +0200] "GET / HTTP/1.1" 200 15085 "-" "Mozilla/5.0 (Macintosh; Intel Mac OS X 10.15; rv:103.0) Gecko/20100101 Firefox/103.0"
154.54.249.196 - - [08/Sep/2022:14:04:59 +0200] "GET /PmWikiRu/WikiWords?action=diff HTTP/1.1" 200 9784 "-" "Mozilla/5.0 (compatible; Barkrowler/0.9; +https://babbar.tech/crawler)"
154.54.249.196 - - [08/Sep/2022:14:05:33 +0200] "GET /PmWikiRu/ContactUs?action=print HTTP/1.1" 404 2405 "-" "Mozilla/5.0 (compatible; Barkrowler/0.9; +https://babbar.tech/crawler)"
85.25.177.139 - - [08/Sep/2022:14:05:55 +0200] "GET /PmWiki/UploadsAdmin?action=edit HTTP/1.1" 200 8698 "-" "Mozilla/5.0 (Macintosh; Intel Mac OS X 10.15; rv:103.0) Gecko/20100101 Firefox/103.0"
154.54.249.196 - - [08/Sep/2022:14:06:11 +0200] "GET /PmWikiRu/ContactUs?action=upload HTTP/1.1" 200 9115 "-" "Mozilla/5.0 (compatible; Barkrowler/0.9; +https://babbar.tech/crawler)"
154.54.249.196 - - [08/Sep/2022:14:06:45 +0200] "GET /PmWikiRu/ContactUs?action=edit HTTP/1.1" 200 9215 "-" "Mozilla/5.0 (compatible; Barkrowler/0.9; +https://babbar.tech/crawler)"
154.54.249.196 - - [08/Sep/2022:14:07:27 +0200] "GET /PmWikiRu/ConditionalMarkup HTTP/1.1" 200 23116 "-" "Mozilla/5.0 (compatible; Barkrowler/0.9; +https://babbar.tech/crawler)"
85.25.177.139 - - [08/Sep/2022:14:07:54 +0200] "GET /PmWiki/UploadsAdmin?action=diff HTTP/1.1" 200 9269 "-" "Mozilla/5.0 (Macintosh; Intel Mac OS X 10.15; rv:103.0) Gecko/20100101 Firefox/103.0"
154.54.249.196 - - [08/Sep/2022:14:07:57 +0200] "GET /PmWikiRu/GroupHeader?action=diff HTTP/1.1" 200 9816 "-" "Mozilla/5.0 (compatible; Barkrowler/0.9; +https://babbar.tech/crawler)"
154.54.249.196 - - [08/Sep/2022:14:08:39 +0200] "GET /PmWikiRu/GroupHeader?action=upload HTTP/1.1" 200 9143 "-" "Mozilla/5.0 (compatible; Barkrowler/0.9; +https://babbar.tech/crawler)"
154.54.249.196 - - [08/Sep/2022:14:09:10 +0200] "GET /PmWikiRu/GroupHeader?action=print HTTP/1.1" 200 2856 "-" "Mozilla/5.0 (compatible; Barkrowler/0.9; +https://babbar.tech/crawler)"
154.54.249.196 - - [08/Sep/2022:14:09:50 +0200] "GET /PmWikiRu/GroupFooter?action=diff HTTP/1.1" 200 9816 "-" "Mozilla/5.0 (compatible; Barkrowler/0.9; +https://babbar.tech/crawler)"
85.25.177.139 - - [08/Sep/2022:14:09:54 +0200] "GET /PmWiki/SkinTemplates?action=diff&source=n&minor=y HTTP/1.1" 200 9275 "-" "Mozilla/5.0 (Macintosh; Intel Mac OS X 10.15; rv:103.0) Gecko/20100101 Firefox/103.0"
154.54.249.196 - - [08/Sep/2022:14:10:28 +0200] "GET /PmWikiRu/GroupFooter?action=upload HTTP/1.1" 200 9143 "-" "Mozilla/5.0 (compatible; Barkrowler/0.9; +https://babbar.tech/crawler)"
154.54.249.196 - - [08/Sep/2022:14:11:04 +0200] "GET /PmWikiRu/HierarchicalGroups HTTP/1.1" 404 9774 "-" "Mozilla/5.0 (compatible; Barkrowler/0.9; +https://babbar.tech/crawler)"
85.25.177.139 - - [08/Sep/2022:14:11:30 +0200] "GET /PmWiki/SkinTemplates?action=diff&source=y&minor=n HTTP/1.1" 200 9265 "-" "Mozilla/5.0 (Macintosh; Intel Mac OS X 10.15; rv:103.0) Gecko/20100101 Firefox/103.0"
154.54.249.196 - - [08/Sep/2022:14:11:39 +0200] "GET /PmWikiRu/WebFeeds?action=edit HTTP/1.1" 200 9201 "-" "Mozilla/5.0 (compatible; Barkrowler/0.9; +https://babbar.tech/crawler)"
154.54.249.196 - - [08/Sep/2022:14:12:16 +0200] "GET /PmWikiRu/WebFeeds?action=upload HTTP/1.1" 200 9101 "-" "Mozilla/5.0 (compatible; Barkrowler/0.9; +https://babbar.tech/crawler)"
85.25.177.139 - - [08/Sep/2022:14:12:37 +0200] "GET /Site/111Stans1481?action=print HTTP/1.1" 200 8968 "-" "Mozilla/5.0 (Macintosh; Intel Mac OS X 10.15; rv:103.0) Gecko/20100101 Firefox/103.0"
54.36.148.242 - - [08/Sep/2022:14:12:53 +0200] "GET /PmWikiCs HTTP/1.1" 302 169 "-" "Mozilla/5.0 (compatible; AhrefsBot/7.0; +http://ahrefs.com/robot/)"
154.54.249.196 - - [08/Sep/2022:14:12:55 +0200] "GET /PmWikiRu/WebFeeds?action=print HTTP/1.1" 404 2401 "-" "Mozilla/5.0 (compatible; Barkrowler/0.9; +https://babbar.tech/crawler)"
154.54.249.196 - - [08/Sep/2022:14:13:30 +0200] "GET /PmWikiRu/WebFeeds?action=diff HTTP/1.1" 200 9768 "-" "Mozilla/5.0 (compatible; Barkrowler/0.9; +https://babbar.tech/crawler)"
85.25.177.139 - - [08/Sep/2022:14:14:03 +0200] "GET /Site/112Stans1481?action=print HTTP/1.1" 200 11417 "-" "Mozilla/5.0 (Macintosh; Intel Mac OS X 10.15; rv:103.0) Gecko/20100101 Firefox/103.0"
154.54.249.196 - - [08/Sep/2022:14:14:07 +0200] "GET /PmWikiRu/Audiences?action=edit HTTP/1.1" 200 9213 "-" "Mozilla/5.0 (compatible; Barkrowler/0.9; +https://babbar.tech/crawler)"
154.54.249.196 - - [08/Sep/2022:14:14:43 +0200] "GET /PmWikiRu/Audiences?action=upload HTTP/1.1" 200 9113 "-" "Mozilla/5.0 (compatible; Barkrowler/0.9; +https://babbar.tech/crawler)"
85.25.177.139 - - [08/Sep/2022:14:14:56 +0200] "GET /Site/102Ramft1478?action=print HTTP/1.1" 200 11564 "-" "Mozilla/5.0 (Macintosh; Intel Mac OS X 10.15; rv:103.0) Gecko/20100101 Firefox/103.0"
154.54.249.196 - - [08/Sep/2022:14:15:19 +0200] "GET /PmWikiRu/Audiences?action=diff HTTP/1.1" 200 9782 "-" "Mozilla/5.0 (compatible; Barkrowler/0.9; +https://babbar.tech/crawler)"
154.54.249.196 - - [08/Sep/2022:14:15:57 +0200] "GET /PmWikiRu/Audiences?action=print HTTP/1.1" 404 2405 "-" "Mozilla/5.0 (compatible; Barkrowler/0.9; +https://babbar.tech/crawler)"
85.25.177.139 - - [08/Sep/2022:14:16:00 +0200] "GET /Site/123Sitkouscht1482?action=print HTTP/1.1" 200 9665 "-" "Mozilla/5.0 (Macintosh; Intel Mac OS X 10.15; rv:103.0) Gecko/20100101 Firefox/103.0"
154.54.249.196 - - [08/Sep/2022:14:16:32 +0200] "GET /PmWikiRu/CreatingNewPages HTTP/1.1" 200 14249 "-" "Mozilla/5.0 (compatible; Barkrowler/0.9; +https://babbar.tech/crawler)"
154.54.249.196 - - [08/Sep/2022:14:17:08 +0200] "GET /PmWikiRu/Troubleshooting?action=edit HTTP/1.1" 200 9297 "-" "Mozilla/5.0 (compatible; Barkrowler/0.9; +https://babbar.tech/crawler)"
3.216.185.164 - - [08/Sep/2022:14:17:35 +0200] "GET /PodCast/IndexPage?action=rss HTTP/1.1" 200 6298 "-" "PocketCasts/1.0 (Pocket Casts Feed Parser; +http://pocketcasts.com/)"
85.25.177.139 - - [08/Sep/2022:14:17:36 +0200] "GET /Site/141Taagsatzig1484?action=print HTTP/1.1" 200 2666 "-" "Mozilla/5.0 (Macintosh; Intel Mac OS X 10.15; rv:103.0) Gecko/20100101 Firefox/103.0"
154.54.249.196 - - [08/Sep/2022:14:17:44 +0200] "GET /PmWikiRu/Troubleshooting?action=upload HTTP/1.1" 200 9197 "-" "Mozilla/5.0 (compatible; Barkrowler/0.9; +https://babbar.tech/crawler)"
154.54.249.196 - - [08/Sep/2022:14:18:22 +0200] "GET /PmWikiRu/Troubleshooting?action=diff HTTP/1.1" 200 9878 "-" "Mozilla/5.0 (compatible; Barkrowler/0.9; +https://babbar.tech/crawler)"
154.54.249.196 - - [08/Sep/2022:14:19:00 +0200] "GET /PmWikiRu/Troubleshooting?action=print HTTP/1.1" 404 2429 "-" "Mozilla/5.0 (compatible; Barkrowler/0.9; +https://babbar.tech/crawler)"
85.25.177.139 - - [08/Sep/2022:14:19:02 +0200] "GET /Site/101Ramft1478?action=print HTTP/1.1" 200 10075 "-" "Mozilla/5.0 (Macintosh; Intel Mac OS X 10.15; rv:103.0) Gecko/20100101 Firefox/103.0"
154.54.249.196 - - [08/Sep/2022:14:19:35 +0200] "GET /PmWikiTa/XLPage?action=upload HTTP/1.1" 200 8525 "-" "Mozilla/5.0 (compatible; Barkrowler/0.9; +https://babbar.tech/crawler)"
154.54.249.196 - - [08/Sep/2022:14:20:12 +0200] "GET /PmWikiTa/XLPage?action=print HTTP/1.1" 200 8771 "-" "Mozilla/5.0 (compatible; Barkrowler/0.9; +https://babbar.tech/crawler)"
85.25.177.139 - - [08/Sep/2022:14:20:28 +0200] "GET /Site/121Sitkouscht1482?action=print HTTP/1.1" 200 8145 "-" "Mozilla/5.0 (Macintosh; Intel Mac OS X 10.15; rv:103.0) Gecko/20100101 Firefox/103.0"
154.54.249.196 - - [08/Sep/2022:14:20:48 +0200] "GET /PmWikiTa/XLPage?action=edit HTTP/1.1" 200 8625 "-" "Mozilla/5.0 (compatible; Barkrowler/0.9; +https://babbar.tech/crawler)"
154.54.249.196 - - [08/Sep/2022:14:21:22 +0200] "GET /PmWikiTa/XLPage?action=diff HTTP/1.1" 200 9188 "-" "Mozilla/5.0 (compatible; Barkrowler/0.9; +https://babbar.tech/crawler)"
85.25.177.139 - - [08/Sep/2022:14:21:55 +0200] "GET /PmWiki/PatrickMichaud?action=print HTTP/1.1" 200 2507 "-" "Mozilla/5.0 (Macintosh; Intel Mac OS X 10.15; rv:103.0) Gecko/20100101 Firefox/103.0"
154.54.249.196 - - [08/Sep/2022:14:21:59 +0200] "GET /PmWikiJa/CodeBlock?action=edit HTTP/1.1" 200 8667 "-" "Mozilla/5.0 (compatible; Barkrowler/0.9; +https://babbar.tech/crawler)"
154.54.249.196 - - [08/Sep/2022:14:22:33 +0200] "GET /PmWikiJa/CodeBlock?action=diff HTTP/1.1" 200 9236 "-" "Mozilla/5.0 (compatible; Barkrowler/0.9; +https://babbar.tech/crawler)"
154.54.249.196 - - [08/Sep/2022:14:23:11 +0200] "GET /PmWikiJa/CodeBlock?action=upload HTTP/1.1" 200 8567 "-" "Mozilla/5.0 (compatible; Barkrowler/0.9; +https://babbar.tech/crawler)"
85.25.177.139 - - [08/Sep/2022:14:23:20 +0200] "GET /PmWiki/WikiSandbox?action=print HTTP/1.1" 302 192 "-" "Mozilla/5.0 (Macintosh; Intel Mac OS X 10.15; rv:103.0) Gecko/20100101 Firefox/103.0"
154.54.249.196 - - [08/Sep/2022:14:23:46 +0200] "GET /PmWikiJa/CodeBlock?action=print HTTP/1.1" 404 2405 "-" "Mozilla/5.0 (compatible; Barkrowler/0.9; +https://babbar.tech/crawler)"
154.54.249.196 - - [08/Sep/2022:14:24:26 +0200] "GET /PmWikiJa/Could?action=diff HTTP/1.1" 200 9170 "-" "Mozilla/5.0 (compatible; Barkrowler/0.9; +https://babbar.tech/crawler)"
54.86.54.179 - - [08/Sep/2022:14:24:35 +0200] "GET /PodCast/IndexPage?action=rss HTTP/1.1" 200 6298 "-" "PlayerFM/1.0 Podcast Sync (1 subscribers; url=https://player.fm/series/podcast-2872909)"
85.25.177.139 - - [08/Sep/2022:14:24:47 +0200] "GET /Category/GroupFooter?action=print HTTP/1.1" 200 2998 "-" "Mozilla/5.0 (Macintosh; Intel Mac OS X 10.15; rv:103.0) Gecko/20100101 Firefox/103.0"
154.54.249.196 - - [08/Sep/2022:14:24:58 +0200] "GET /PmWikiJa/Could?action=upload HTTP/1.1" 200 8509 "-" "Mozilla/5.0 (compatible; Barkrowler/0.9; +https://babbar.tech/crawler)"
154.54.249.196 - - [08/Sep/2022:14:25:38 +0200] "GET /PmWikiJa/Could?action=print HTTP/1.1" 404 2389 "-" "Mozilla/5.0 (compatible; Barkrowler/0.9; +https://babbar.tech/crawler)"
85.25.177.139 - - [08/Sep/2022:14:26:04 +0200] "GET /PmWiki/EditVariables?action=print HTTP/1.1" 200 17953 "-" "Mozilla/5.0 (Macintosh; Intel Mac OS X 10.15; rv:103.0) Gecko/20100101 Firefox/103.0"
154.54.249.196 - - [08/Sep/2022:14:26:12 +0200] "GET /PmWikiJa/CountGlyphs HTTP/1.1" 404 8259 "-" "Mozilla/5.0 (compatible; Barkrowler/0.9; +https://babbar.tech/crawler)"
154.54.249.196 - - [08/Sep/2022:14:26:49 +0200] "GET /PmWikiJa/DictIndex?action=edit HTTP/1.1" 200 8667 "-" "Mozilla/5.0 (compatible; Barkrowler/0.9; +https://babbar.tech/crawler)"
154.54.249.196 - - [08/Sep/2022:14:27:24 +0200] "GET /PmWikiJa/DictIndex?action=upload HTTP/1.1" 200 8567 "-" "Mozilla/5.0 (compatible; Barkrowler/0.9; +https://babbar.tech/crawler)"
85.25.177.139 - - [08/Sep/2022:14:28:02 +0200] "GET /Site/Preferences?action=edit HTTP/1.1" 200 8635 "-" "Mozilla/5.0 (Macintosh; Intel Mac OS X 10.15; rv:103.0) Gecko/20100101 Firefox/103.0"
154.54.249.196 - - [08/Sep/2022:14:28:05 +0200] "GET /PmWikiJa/DictIndex?action=print HTTP/1.1" 404 2405 "-" "Mozilla/5.0 (compatible; Barkrowler/0.9; +https://babbar.tech/crawler)"
154.54.249.196 - - [08/Sep/2022:14:28:43 +0200] "GET /PmWikiJa/DictIndex?action=diff HTTP/1.1" 200 9236 "-" "Mozilla/5.0 (compatible; Barkrowler/0.9; +https://babbar.tech/crawler)"
154.54.249.196 - - [08/Sep/2022:14:29:22 +0200] "GET /PmWikiJa/ConvertHTML?action=edit HTTP/1.1" 200 8695 "-" "Mozilla/5.0 (compatible; Barkrowler/0.9; +https://babbar.tech/crawler)"
85.25.177.139 - - [08/Sep/2022:14:29:28 +0200] "GET /Site/Preferences?action=diff&source=n&minor=y HTTP/1.1" 200 9208 "-" "Mozilla/5.0 (Macintosh; Intel Mac OS X 10.15; rv:103.0) Gecko/20100101 Firefox/103.0"
154.54.249.196 - - [08/Sep/2022:14:29:59 +0200] "GET /PmWikiJa/ConvertHTML?action=upload HTTP/1.1" 200 8595 "-" "Mozilla/5.0 (compatible; Barkrowler/0.9; +https://babbar.tech/crawler)"
54.36.148.167 - - [08/Sep/2022:14:30:22 +0200] "GET /PodCast/RSSPodcasts HTTP/1.1" 200 8905 "-" "Mozilla/5.0 (compatible; AhrefsBot/7.0; +http://ahrefs.com/robot/)"
85.25.177.139 - - [08/Sep/2022:14:30:27 +0200] "GET /PodCast/Kossorpsk HTTP/1.1" 200 16055 "-" "Mozilla/5.0 (Macintosh; Intel Mac OS X 10.15; rv:103.0) Gecko/20100101 Firefox/103.0"
154.54.249.196 - - [08/Sep/2022:14:30:34 +0200] "GET /PmWikiJa/ConvertHTML?action=print HTTP/1.1" 404 2413 "-" "Mozilla/5.0 (compatible; Barkrowler/0.9; +https://babbar.tech/crawler)"
154.54.249.196 - - [08/Sep/2022:14:31:11 +0200] "GET /PmWikiJa/ConvertHTML?action=diff HTTP/1.1" 200 9268 "-" "Mozilla/5.0 (compatible; Barkrowler/0.9; +https://babbar.tech/crawler)"
85.25.177.139 - - [08/Sep/2022:14:31:41 +0200] "GET /PodCast/Maitli HTTP/1.1" 200 9744 "-" "Mozilla/5.0 (Macintosh; Intel Mac OS X 10.15; rv:103.0) Gecko/20100101 Firefox/103.0"
154.54.249.196 - - [08/Sep/2022:14:31:47 +0200] "GET /PmWikiJa/ConvertTABLE?action=edit HTTP/1.1" 200 8709 "-" "Mozilla/5.0 (compatible; Barkrowler/0.9; +https://babbar.tech/crawler)"
154.54.249.196 - - [08/Sep/2022:14:32:22 +0200] "GET /PmWikiJa/ContentType?action=diff HTTP/1.1" 200 9268 "-" "Mozilla/5.0 (compatible; Barkrowler/0.9; +https://babbar.tech/crawler)"
154.54.249.196 - - [08/Sep/2022:14:33:00 +0200] "GET /PmWikiJa/ContentType?action=print HTTP/1.1" 404 2413 "-" "Mozilla/5.0 (compatible; Barkrowler/0.9; +https://babbar.tech/crawler)"
85.25.177.139 - - [08/Sep/2022:14:33:15 +0200] "GET /Site/BBi?action=edit HTTP/1.1" 200 8525 "-" "Mozilla/5.0 (Macintosh; Intel Mac OS X 10.15; rv:103.0) Gecko/20100101 Firefox/103.0"
154.54.249.196 - - [08/Sep/2022:14:33:35 +0200] "GET /PmWikiJa/ContentType?action=edit HTTP/1.1" 200 8695 "-" "Mozilla/5.0 (compatible; Barkrowler/0.9; +https://babbar.tech/crawler)"
154.54.249.196 - - [08/Sep/2022:14:34:15 +0200] "GET /PmWikiJa/ContentType?action=upload HTTP/1.1" 200 8595 "-" "Mozilla/5.0 (compatible; Barkrowler/0.9; +https://babbar.tech/crawler)"
154.54.249.196 - - [08/Sep/2022:14:34:51 +0200] "GET /PmWikiJa/ChartDirector?action=edit HTTP/1.1" 200 8723 "-" "Mozilla/5.0 (compatible; Barkrowler/0.9; +https://babbar.tech/crawler)"
85.25.177.139 - - [08/Sep/2022:14:34:56 +0200] "GET /PodCast/Sidereuhsli HTTP/1.1" 200 8939 "-" "Mozilla/5.0 (Macintosh; Intel Mac OS X 10.15; rv:103.0) Gecko/20100101 Firefox/103.0"
154.54.249.196 - - [08/Sep/2022:14:35:30 +0200] "GET /PmWikiJa/ChartDirector?action=diff HTTP/1.1" 200 9300 "-" "Mozilla/5.0 (compatible; Barkrowler/0.9; +https://babbar.tech/crawler)"
154.54.249.196 - - [08/Sep/2022:14:36:06 +0200] "GET /PmWikiJa/ChartDirector?action=upload HTTP/1.1" 200 8623 "-" "Mozilla/5.0 (compatible; Barkrowler/0.9; +https://babbar.tech/crawler)"
85.25.177.139 - - [08/Sep/2022:14:36:15 +0200] "GET /PodCast/REZlangeTage HTTP/1.1" 200 10125 "-" "Mozilla/5.0 (Macintosh; Intel Mac OS X 10.15; rv:103.0) Gecko/20100101 Firefox/103.0"
154.54.249.196 - - [08/Sep/2022:14:36:43 +0200] "GET /PmWikiJa/ChartDirector?action=print HTTP/1.1" 404 2421 "-" "Mozilla/5.0 (compatible; Barkrowler/0.9; +https://babbar.tech/crawler)"
154.54.249.196 - - [08/Sep/2022:14:37:22 +0200] "GET /PmWikiJa/ChordPro?action=print HTTP/1.1" 404 2401 "-" "Mozilla/5.0 (compatible; Barkrowler/0.9; +https://babbar.tech/crawler)"
85.25.177.139 - - [08/Sep/2022:14:37:53 +0200] "GET /PodCast/Ereuffnig HTTP/1.1" 200 9128 "-" "Mozilla/5.0 (Macintosh; Intel Mac OS X 10.15; rv:103.0) Gecko/20100101 Firefox/103.0"
154.54.249.196 - - [08/Sep/2022:14:37:57 +0200] "GET /PmWikiJa/ChordPro?action=edit HTTP/1.1" 200 8653 "-" "Mozilla/5.0 (compatible; Barkrowler/0.9; +https://babbar.tech/crawler)"
154.54.249.196 - - [08/Sep/2022:14:38:32 +0200] "GET /PmWikiJa/GroupList?action=edit HTTP/1.1" 200 8667 "-" "Mozilla/5.0 (compatible; Barkrowler/0.9; +https://babbar.tech/crawler)"
85.25.177.139 - - [08/Sep/2022:14:39:06 +0200] "GET /PodCast/Erfruschig HTTP/1.1" 200 8972 "-" "Mozilla/5.0 (Macintosh; Intel Mac OS X 10.15; rv:103.0) Gecko/20100101 Firefox/103.0"
154.54.249.196 - - [08/Sep/2022:14:39:15 +0200] "GET /PmWikiJa/GroupHomePageChange HTTP/1.1" 404 8375 "-" "Mozilla/5.0 (compatible; Barkrowler/0.9; +https://babbar.tech/crawler)"
154.54.249.196 - - [08/Sep/2022:14:39:54 +0200] "GET /PmWikiJa/CommentBox?action=edit HTTP/1.1" 200 8681 "-" "Mozilla/5.0 (compatible; Barkrowler/0.9; +https://babbar.tech/crawler)"
154.54.249.196 - - [08/Sep/2022:14:40:31 +0200] "GET /PmWikiJa/CommentBox?action=upload HTTP/1.1" 200 8581 "-" "Mozilla/5.0 (compatible; Barkrowler/0.9; +https://babbar.tech/crawler)"
85.25.177.139 - - [08/Sep/2022:14:40:53 +0200] "GET /PodCast/Voorwort HTTP/1.1" 200 10874 "-" "Mozilla/5.0 (Macintosh; Intel Mac OS X 10.15; rv:103.0) Gecko/20100101 Firefox/103.0"
154.54.249.196 - - [08/Sep/2022:14:41:06 +0200] "GET /PmWikiJa/RenamePage?action=diff HTTP/1.1" 200 9252 "-" "Mozilla/5.0 (compatible; Barkrowler/0.9; +https://babbar.tech/crawler)"
154.54.249.196 - - [08/Sep/2022:14:41:43 +0200] "GET /PmWikiJa/RenamePage?action=print HTTP/1.1" 404 2409 "-" "Mozilla/5.0 (compatible; Barkrowler/0.9; +https://babbar.tech/crawler)"
154.54.249.196 - - [08/Sep/2022:14:42:19 +0200] "GET /PmWikiJa/RenamePage?action=edit HTTP/1.1" 200 8681 "-" "Mozilla/5.0 (compatible; Barkrowler/0.9; +https://babbar.tech/crawler)"
85.25.177.139 - - [08/Sep/2022:14:42:33 +0200] "GET /Profiles/FEW?action=edit HTTP/1.1" 200 8579 "-" "Mozilla/5.0 (Macintosh; Intel Mac OS X 10.15; rv:103.0) Gecko/20100101 Firefox/103.0"
154.54.249.196 - - [08/Sep/2022:14:42:57 +0200] "GET /PmWikiJa/RenamePage?action=upload HTTP/1.1" 200 8581 "-" "Mozilla/5.0 (compatible; Barkrowler/0.9; +https://babbar.tech/crawler)"
154.54.249.196 - - [08/Sep/2022:14:43:35 +0200] "GET /PmWikiJa/RecentChanges?action=edit HTTP/1.1" 200 8723 "-" "Mozilla/5.0 (compatible; Barkrowler/0.9; +https://babbar.tech/crawler)"
154.54.249.196 - - [08/Sep/2022:14:44:14 +0200] "GET /PmWikiJa/RecentChanges?action=upload HTTP/1.1" 200 8623 "-" "Mozilla/5.0 (compatible; Barkrowler/0.9; +https://babbar.tech/crawler)"
85.25.177.139 - - [08/Sep/2022:14:44:39 +0200] "GET /Site/Abderhalde0Inhalt HTTP/1.1" 200 8436 "-" "Mozilla/5.0 (Macintosh; Intel Mac OS X 10.15; rv:103.0) Gecko/20100101 Firefox/103.0"
154.54.249.196 - - [08/Sep/2022:14:44:52 +0200] "GET /PmWikiJa/RecentChanges?action=print HTTP/1.1" 404 2421 "-" "Mozilla/5.0 (compatible; Barkrowler/0.9; +https://babbar.tech/crawler)"
154.54.249.196 - - [08/Sep/2022:14:45:28 +0200] "GET /PmWikiJa/RecentChanges?action=diff HTTP/1.1" 200 9300 "-" "Mozilla/5.0 (compatible; Barkrowler/0.9; +https://babbar.tech/crawler)"
62.210.215.119 - - [08/Sep/2022:14:45:34 +0200] "GET /PodCast/IndexPage?action=rss HTTP/1.1" 200 6298 "-" "Mozilla/5.0 (X11; Linux i686) AppleWebKit/537.36 (KHTML, like Gecko) Chrome/30.0.1599.66 Safari/537.36"
154.54.249.196 - - [08/Sep/2022:14:46:03 +0200] "GET /PmWikiJa/RequireAuthor?action=edit HTTP/1.1" 200 8723 "-" "Mozilla/5.0 (compatible; Barkrowler/0.9; +https://babbar.tech/crawler)"
85.25.177.139 - - [08/Sep/2022:14:46:25 +0200] "GET /PodCast/JBN01Kap HTTP/1.1" 200 8245 "-" "Mozilla/5.0 (Macintosh; Intel Mac OS X 10.15; rv:103.0) Gecko/20100101 Firefox/103.0"
154.54.249.196 - - [08/Sep/2022:14:46:40 +0200] "GET /PmWikiJa/MailForm?action=edit HTTP/1.1" 200 8653 "-" "Mozilla/5.0 (compatible; Barkrowler/0.9; +https://babbar.tech/crawler)"
185.191.171.40 - - [08/Sep/2022:14:47:09 +0200] "GET /robots.txt HTTP/1.1" 200 - "-" "Mozilla/5.0 (compatible; SemrushBot/7~bl; +http://www.semrush.com/bot.html)"
