154.54.249.197 - - [04/Jul/2022:03:31:10 +0200] "GET /PodCast/Wortwaarte?action=edit&restore=diff:1252607842:1252607806:&preview=y HTTP/1.1" 200 8710 "-" "Mozilla/5.0 (compatible; Barkrowler/0.9; +https://babbar.tech/crawler)"
154.54.249.197 - - [04/Jul/2022:03:31:42 +0200] "GET /PodCast/Wortwaarte?action=edit&restore=diff:1252607806:1252607658:&preview=y HTTP/1.1" 200 8710 "-" "Mozilla/5.0 (compatible; Barkrowler/0.9; +https://babbar.tech/crawler)"
154.54.249.197 - - [04/Jul/2022:03:32:15 +0200] "GET /PodCast/Gagetail?action=edit&restore=diff:1177756301:1177755233:&preview=y HTTP/1.1" 200 8682 "-" "Mozilla/5.0 (compatible; Barkrowler/0.9; +https://babbar.tech/crawler)"
154.54.249.197 - - [04/Jul/2022:03:32:45 +0200] "GET /PodCast/Apschlouss?action=edit&restore=diff:1172765929:1172764660:&preview=y HTTP/1.1" 200 8710 "-" "Mozilla/5.0 (compatible; Barkrowler/0.9; +https://babbar.tech/crawler)"
154.54.249.197 - - [04/Jul/2022:03:33:26 +0200] "GET /PodCast/Bombe?action=edit&restore=diff:1301674224:1301674036:&preview=y HTTP/1.1" 200 8640 "-" "Mozilla/5.0 (compatible; Barkrowler/0.9; +https://babbar.tech/crawler)"
154.54.249.197 - - [04/Jul/2022:03:33:59 +0200] "GET /PodCast/Bombe?action=edit&restore=diff:1301674036:1301674036:&preview=y HTTP/1.1" 200 8640 "-" "Mozilla/5.0 (compatible; Barkrowler/0.9; +https://babbar.tech/crawler)"
154.54.249.197 - - [04/Jul/2022:03:34:33 +0200] "GET /PodCast/Bombe?action=edit&restore=diff:1301674251:1301674224:&preview=y HTTP/1.1" 200 8640 "-" "Mozilla/5.0 (compatible; Barkrowler/0.9; +https://babbar.tech/crawler)"
154.54.249.197 - - [04/Jul/2022:03:35:01 +0200] "GET /robots.txt HTTP/1.1" 200 - "-" "Mozilla/5.0 (compatible; Barkrowler/0.9; +https://babbar.tech/crawler)"
154.54.249.197 - - [04/Jul/2022:03:35:37 +0200] "GET /PodCast/Kinovolch?action=edit&restore=diff:1177756241:1177486928:&preview=y HTTP/1.1" 200 8696 "-" "Mozilla/5.0 (compatible; Barkrowler/0.9; +https://babbar.tech/crawler)"
154.54.249.197 - - [04/Jul/2022:03:36:07 +0200] "GET /PodCast/Rutlirapport?action=edit&restore=diff:1179926064:1179925994:&preview=y HTTP/1.1" 200 8738 "-" "Mozilla/5.0 (compatible; Barkrowler/0.9; +https://babbar.tech/crawler)"
154.54.249.197 - - [04/Jul/2022:03:36:43 +0200] "GET /PodCast/Rutlirapport?action=edit&restore=diff:1179925994:1179925877:&preview=y HTTP/1.1" 200 8738 "-" "Mozilla/5.0 (compatible; Barkrowler/0.9; +https://babbar.tech/crawler)"
154.54.249.197 - - [04/Jul/2022:03:37:12 +0200] "GET /PodCast/Rutlirapport?action=edit&restore=diff:1179926454:1179926250:&preview=y HTTP/1.1" 200 8738 "-" "Mozilla/5.0 (compatible; Barkrowler/0.9; +https://babbar.tech/crawler)"
154.54.249.197 - - [04/Jul/2022:03:37:45 +0200] "GET /Bestellen/Pschtellf?action=edit&restore=diff:1185289853:1185288327:&preview=y HTTP/1.1" 200 8723 "-" "Mozilla/5.0 (compatible; Barkrowler/0.9; +https://babbar.tech/crawler)"
154.54.249.197 - - [04/Jul/2022:03:38:14 +0200] "GET /Bestellen/Pschtellf?action=edit&restore=diff:1179764478:1179728785:&preview=y HTTP/1.1" 200 8723 "-" "Mozilla/5.0 (compatible; Barkrowler/0.9; +https://babbar.tech/crawler)"
154.54.249.197 - - [04/Jul/2022:03:38:49 +0200] "GET /Bestellen/Pschtellf?action=edit&restore=diff:1416758680:1185289853:&preview=y HTTP/1.1" 200 8723 "-" "Mozilla/5.0 (compatible; Barkrowler/0.9; +https://babbar.tech/crawler)"
154.54.249.197 - - [04/Jul/2022:03:39:20 +0200] "GET /Admin/ZurStiftung?action=edit&restore=diff:1591952964:1163056565:&preview=y HTTP/1.1" 200 8697 "-" "Mozilla/5.0 (compatible; Barkrowler/0.9; +https://babbar.tech/crawler)"
154.54.249.197 - - [04/Jul/2022:03:39:52 +0200] "GET /Admin/Jahresbericht?action=edit&restore=diff:1185289948:1185289856:minor&preview=y HTTP/1.1" 200 8728 "-" "Mozilla/5.0 (compatible; Barkrowler/0.9; +https://babbar.tech/crawler)"
154.54.249.197 - - [04/Jul/2022:03:40:26 +0200] "GET /Site/112Stans1481?action=edit&restore=diff:1253286349:1253285701:&preview=y HTTP/1.1" 200 8699 "-" "Mozilla/5.0 (compatible; Barkrowler/0.9; +https://babbar.tech/crawler)"
154.54.249.197 - - [04/Jul/2022:03:40:59 +0200] "GET /Site/Etnastara?action=edit&restore=diff:1201270486:1201270341:&preview=y HTTP/1.1" 200 8653 "-" "Mozilla/5.0 (compatible; Barkrowler/0.9; +https://babbar.tech/crawler)"
66.249.76.222 - - [04/Jul/2022:03:41:01 +0200] "GET /PodCast/IndexPage?action=rss HTTP/1.1" 200 6298 "-" "Mozilla/5.0 (compatible; Googlebot/2.1; +http://www.google.com/bot.html)"
154.54.249.197 - - [04/Jul/2022:03:41:33 +0200] "GET /Site/72Mourte1476?action=edit&restore=diff:1247429187:1247428378:&preview=y HTTP/1.1" 200 8699 "-" "Mozilla/5.0 (compatible; Barkrowler/0.9; +https://babbar.tech/crawler)"
154.54.249.197 - - [04/Jul/2022:03:42:07 +0200] "GET /Site/72Mourte1476?action=edit&restore=diff:1247429397:1247429187:&preview=y HTTP/1.1" 200 8699 "-" "Mozilla/5.0 (compatible; Barkrowler/0.9; +https://babbar.tech/crawler)"
154.54.249.197 - - [04/Jul/2022:03:42:44 +0200] "GET /Site/61Sanggale1465?action=edit&restore=diff:1244748439:1244748439:&preview=y HTTP/1.1" 200 8727 "-" "Mozilla/5.0 (compatible; Barkrowler/0.9; +https://babbar.tech/crawler)"
154.54.249.197 - - [04/Jul/2022:03:43:15 +0200] "GET /Site/61Sanggale1465?action=edit&restore=diff:1244749908:1244749184:&preview=y HTTP/1.1" 200 8727 "-" "Mozilla/5.0 (compatible; Barkrowler/0.9; +https://babbar.tech/crawler)"
154.54.249.197 - - [04/Jul/2022:03:43:52 +0200] "GET /Site/61Sanggale1465?action=edit&restore=diff:1245600063:1244749908:&preview=y HTTP/1.1" 200 8727 "-" "Mozilla/5.0 (compatible; Barkrowler/0.9; +https://babbar.tech/crawler)"
154.54.249.197 - - [04/Jul/2022:03:44:24 +0200] "GET /robots.txt HTTP/1.1" 200 - "-" "Mozilla/5.0 (compatible; Barkrowler/0.9; +https://babbar.tech/crawler)"
154.54.249.197 - - [04/Jul/2022:03:44:58 +0200] "GET /Site/Blickestoorff?action=edit&restore=diff:1233519646:1232659528:&preview=y HTTP/1.1" 200 8709 "-" "Mozilla/5.0 (compatible; Barkrowler/0.9; +https://babbar.tech/crawler)"
154.54.249.197 - - [04/Jul/2022:03:45:27 +0200] "GET /Site/Blickestoorff?action=edit&restore=diff:1231623601:1231623522:&preview=y HTTP/1.1" 200 8709 "-" "Mozilla/5.0 (compatible; Barkrowler/0.9; +https://babbar.tech/crawler)"
154.54.249.197 - - [04/Jul/2022:03:46:02 +0200] "GET /Site/Blickestoorff?action=edit&restore=diff:1231623522:1231623323:&preview=y HTTP/1.1" 200 8709 "-" "Mozilla/5.0 (compatible; Barkrowler/0.9; +https://babbar.tech/crawler)"
154.54.249.197 - - [04/Jul/2022:03:46:30 +0200] "GET /Site/Blickestoorff?action=edit&restore=diff:1231623767:1231623677:&preview=y HTTP/1.1" 200 8709 "-" "Mozilla/5.0 (compatible; Barkrowler/0.9; +https://babbar.tech/crawler)"
154.54.249.197 - - [04/Jul/2022:03:47:08 +0200] "GET /Site/Blickestoorff?action=edit&restore=diff:1231623323:1231623136:&preview=y HTTP/1.1" 200 8709 "-" "Mozilla/5.0 (compatible; Barkrowler/0.9; +https://babbar.tech/crawler)"
154.54.249.197 - - [04/Jul/2022:03:47:38 +0200] "GET /Site/Blickestoorff?action=edit&restore=diff:1231623897:1231623786:&preview=y HTTP/1.1" 200 8709 "-" "Mozilla/5.0 (compatible; Barkrowler/0.9; +https://babbar.tech/crawler)"
154.54.249.197 - - [04/Jul/2022:03:48:11 +0200] "GET /Site/Blickestoorff?action=edit&restore=diff:1231623786:1231623767:&preview=y HTTP/1.1" 200 8709 "-" "Mozilla/5.0 (compatible; Barkrowler/0.9; +https://babbar.tech/crawler)"
154.54.249.197 - - [04/Jul/2022:03:48:41 +0200] "GET /Site/Blickestoorff?action=edit&restore=diff:1231623677:1231623601:&preview=y HTTP/1.1" 200 8709 "-" "Mozilla/5.0 (compatible; Barkrowler/0.9; +https://babbar.tech/crawler)"
154.54.249.197 - - [04/Jul/2022:03:49:14 +0200] "GET /Site/42Fasnacht1455?action=edit&restore=diff:1240219584:1240218431:&preview=y HTTP/1.1" 200 8727 "-" "Mozilla/5.0 (compatible; Barkrowler/0.9; +https://babbar.tech/crawler)"
154.54.249.197 - - [04/Jul/2022:03:49:48 +0200] "GET /Site/42Fasnacht1455?action=edit&restore=diff:1241514149:1241513918:&preview=y HTTP/1.1" 200 8727 "-" "Mozilla/5.0 (compatible; Barkrowler/0.9; +https://babbar.tech/crawler)"
185.191.171.19 - - [04/Jul/2022:03:50:13 +0200] "GET /robots.txt HTTP/1.1" 200 - "-" "Mozilla/5.0 (compatible; SemrushBot/7~bl; +http://www.semrush.com/bot.html)"
185.191.171.10 - - [04/Jul/2022:03:50:14 +0200] "GET /PmWikiFr/AttributsDeGroupe?action=diff HTTP/1.1" 403 18 "-" "Mozilla/5.0 (compatible; SemrushBot/7~bl; +http://www.semrush.com/bot.html)"
185.191.171.3 - - [04/Jul/2022:03:50:15 +0200] "GET /sitemap.xml HTTP/1.1" 404 281 "-" "Mozilla/5.0 (compatible; SemrushBot/7~bl; +http://www.semrush.com/bot.html)"
154.54.249.197 - - [04/Jul/2022:03:50:17 +0200] "GET /Site/21Baadstoube?action=edit&restore=diff:1234556981:1234556268:&preview=y HTTP/1.1" 200 8697 "-" "Mozilla/5.0 (compatible; Barkrowler/0.9; +https://babbar.tech/crawler)"
154.54.249.197 - - [04/Jul/2022:03:50:51 +0200] "GET /Site/21Baadstoube?action=edit&restore=diff:1234557105:1234556981:&preview=y HTTP/1.1" 200 8697 "-" "Mozilla/5.0 (compatible; Barkrowler/0.9; +https://babbar.tech/crawler)"
154.54.249.197 - - [04/Jul/2022:03:51:22 +0200] "GET /Site/21Baadstoube?action=edit&restore=diff:1234556268:1234556268:&preview=y HTTP/1.1" 200 8697 "-" "Mozilla/5.0 (compatible; Barkrowler/0.9; +https://babbar.tech/crawler)"
185.191.171.36 - - [04/Jul/2022:03:51:30 +0200] "GET /PmWikiFr/Skins HTTP/1.1" 200 20480 "-" "Mozilla/5.0 (compatible; SemrushBot/7~bl; +http://www.semrush.com/bot.html)"
154.54.249.197 - - [04/Jul/2022:03:51:56 +0200] "GET /Site/WGA0Inhalt?action=edit&restore=diff:1282557839:1282557839:&preview=y HTTP/1.1" 200 8671 "-" "Mozilla/5.0 (compatible; Barkrowler/0.9; +https://babbar.tech/crawler)"
154.54.249.197 - - [04/Jul/2022:03:52:28 +0200] "GET /Site/WGA0Inhalt?action=edit&restore=diff:1282557912:1282557839:&preview=y HTTP/1.1" 200 8671 "-" "Mozilla/5.0 (compatible; Barkrowler/0.9; +https://babbar.tech/crawler)"
154.54.249.197 - - [04/Jul/2022:03:53:03 +0200] "GET /Site/WGA5Herz?action=edit&restore=diff:1290681496:1290681382:&preview=y HTTP/1.1" 200 8643 "-" "Mozilla/5.0 (compatible; Barkrowler/0.9; +https://babbar.tech/crawler)"
154.54.249.197 - - [04/Jul/2022:03:53:31 +0200] "GET /robots.txt HTTP/1.1" 200 - "-" "Mozilla/5.0 (compatible; Barkrowler/0.9; +https://babbar.tech/crawler)"
194.209.200.2 - - [04/Jul/2022:03:53:44 +0200] "GET /robots.txt HTTP/1.1" 200 - "-" "Mozilla/5.0 (compatible; TMMBot/0.2; +http://www.dslab.ch)/Nutch-1.15"
194.209.200.2 - - [04/Jul/2022:03:53:44 +0200] "GET /Admin/AdresseStiftung HTTP/1.1" 200 8453 "-" "Mozilla/5.0 (compatible; TMMBot/0.2; +http://www.dslab.ch)/Nutch-1.15"
154.54.249.197 - - [04/Jul/2022:03:54:04 +0200] "GET /Site/WGA5Herz?action=edit&restore=diff:1290680600:1290680600:&preview=y HTTP/1.1" 200 8643 "-" "Mozilla/5.0 (compatible; Barkrowler/0.9; +https://babbar.tech/crawler)"
194.209.200.2 - - [04/Jul/2022:03:54:10 +0200] "GET /Texte/ZurcherischEnglish HTTP/1.1" 200 8274 "-" "Mozilla/5.0 (compatible; TMMBot/0.2; +http://www.dslab.ch)/Nutch-1.15"
154.54.249.197 - - [04/Jul/2022:03:54:36 +0200] "GET /Site/WGA5Herz?action=edit&restore=diff:1292432412:1291233333:&preview=y HTTP/1.1" 200 8643 "-" "Mozilla/5.0 (compatible; Barkrowler/0.9; +https://babbar.tech/crawler)"
154.54.249.197 - - [04/Jul/2022:03:55:07 +0200] "GET /Site/71Mourte1476?action=edit&restore=diff:1246625911:1246625847:&preview=y HTTP/1.1" 200 8699 "-" "Mozilla/5.0 (compatible; Barkrowler/0.9; +https://babbar.tech/crawler)"
194.209.200.2 - - [04/Jul/2022:03:55:32 +0200] "GET /Admin/Jahresbericht HTTP/1.1" 200 45530 "-" "Mozilla/5.0 (compatible; TMMBot/0.2; +http://www.dslab.ch)/Nutch-1.15"
154.54.249.197 - - [04/Jul/2022:03:55:39 +0200] "GET /Site/71Mourte1476?action=edit&restore=diff:1246625188:1246625188:&preview=y HTTP/1.1" 200 8699 "-" "Mozilla/5.0 (compatible; Barkrowler/0.9; +https://babbar.tech/crawler)"
194.209.200.2 - - [04/Jul/2022:03:55:56 +0200] "GET /Texte/Schrybwys HTTP/1.1" 200 11028 "-" "Mozilla/5.0 (compatible; TMMBot/0.2; +http://www.dslab.ch)/Nutch-1.15"
154.54.249.197 - - [04/Jul/2022:03:56:10 +0200] "GET /Site/71Mourte1476?action=edit&restore=diff:1246625847:1246625188:&preview=y HTTP/1.1" 200 8699 "-" "Mozilla/5.0 (compatible; Barkrowler/0.9; +https://babbar.tech/crawler)"
194.209.200.2 - - [04/Jul/2022:03:56:39 +0200] "GET /Texte/ArsAmatoria HTTP/1.1" 200 12369 "-" "Mozilla/5.0 (compatible; TMMBot/0.2; +http://www.dslab.ch)/Nutch-1.15"
154.54.249.197 - - [04/Jul/2022:03:56:42 +0200] "GET /Site/71Mourte1476?action=edit&restore=diff:1247429360:1247320937:&preview=y HTTP/1.1" 200 8699 "-" "Mozilla/5.0 (compatible; Barkrowler/0.9; +https://babbar.tech/crawler)"
154.54.249.197 - - [04/Jul/2022:03:57:11 +0200] "GET /Texte/GDicht?action=edit&restore=diff:1591952806:1591952806:&preview=y HTTP/1.1" 200 8627 "-" "Mozilla/5.0 (compatible; Barkrowler/0.9; +https://babbar.tech/crawler)"
194.209.200.2 - - [04/Jul/2022:03:57:20 +0200] "GET /Texte/Styluebige HTTP/1.1" 200 9998 "-" "Mozilla/5.0 (compatible; TMMBot/0.2; +http://www.dslab.ch)/Nutch-1.15"
154.54.249.197 - - [04/Jul/2022:03:57:45 +0200] "GET /Texte/ArsAmatoria?action=edit&restore=diff:1163056076:1163055958:&preview=y HTTP/1.1" 200 8697 "-" "Mozilla/5.0 (compatible; Barkrowler/0.9; +https://babbar.tech/crawler)"
154.54.249.197 - - [04/Jul/2022:03:58:13 +0200] "GET /Texte/ArsAmatoria?action=edit&restore=diff:1179764729:1178907460:&preview=y HTTP/1.1" 200 8697 "-" "Mozilla/5.0 (compatible; Barkrowler/0.9; +https://babbar.tech/crawler)"
154.54.249.197 - - [04/Jul/2022:03:58:47 +0200] "GET /Texte/ArsAmatoria?action=edit&restore=diff:1177684026:1175714025:&preview=y HTTP/1.1" 200 8697 "-" "Mozilla/5.0 (compatible; Barkrowler/0.9; +https://babbar.tech/crawler)"
185.191.171.22 - - [04/Jul/2022:03:59:11 +0200] "GET /PmWikiFr/TextFormattingRules?action=print HTTP/1.1" 403 18 "-" "Mozilla/5.0 (compatible; SemrushBot/7~bl; +http://www.semrush.com/bot.html)"
154.54.249.197 - - [04/Jul/2022:03:59:16 +0200] "GET /Texte/ArsAmatoria?action=edit&restore=diff:1178907460:1177684430:&preview=y HTTP/1.1" 200 8697 "-" "Mozilla/5.0 (compatible; Barkrowler/0.9; +https://babbar.tech/crawler)"
154.54.249.197 - - [04/Jul/2022:03:59:47 +0200] "GET /Texte/ArsAmatoria?action=edit&restore=diff:1163119246:1163056822:&preview=y HTTP/1.1" 200 8697 "-" "Mozilla/5.0 (compatible; Barkrowler/0.9; +https://babbar.tech/crawler)"
194.209.200.2 - - [04/Jul/2022:04:00:06 +0200] "GET /Texte/Bitterbeuhsi HTTP/1.1" 200 9255 "-" "Mozilla/5.0 (compatible; TMMBot/0.2; +http://www.dslab.ch)/Nutch-1.15"
194.209.200.2 - - [04/Jul/2022:04:00:18 +0200] "GET /Gast/Podcast HTTP/1.1" 200 8106 "-" "Mozilla/5.0 (compatible; TMMBot/0.2; +http://www.dslab.ch)/Nutch-1.15"
154.54.249.197 - - [04/Jul/2022:04:00:21 +0200] "GET /Texte/ArsAmatoria?action=edit&restore=diff:1163055471:1163055417:&preview=y HTTP/1.1" 200 8697 "-" "Mozilla/5.0 (compatible; Barkrowler/0.9; +https://babbar.tech/crawler)"
194.209.200.2 - - [04/Jul/2022:04:00:46 +0200] "GET /Hilfe/AnleitungTonbeispiele HTTP/1.1" 200 9878 "-" "Mozilla/5.0 (compatible; TMMBot/0.2; +http://www.dslab.ch)/Nutch-1.15"
154.54.249.197 - - [04/Jul/2022:04:00:52 +0200] "GET /Texte/ArsAmatoria?action=edit&restore=diff:1163055884:1163055690:&preview=y HTTP/1.1" 200 8697 "-" "Mozilla/5.0 (compatible; Barkrowler/0.9; +https://babbar.tech/crawler)"
154.54.249.197 - - [04/Jul/2022:04:01:25 +0200] "GET /Texte/ArsAmatoria?action=edit&restore=diff:1163055916:1163055884:&preview=y HTTP/1.1" 200 8697 "-" "Mozilla/5.0 (compatible; Barkrowler/0.9; +https://babbar.tech/crawler)"
154.54.249.197 - - [04/Jul/2022:04:01:56 +0200] "GET /Texte/ArsAmatoria?action=edit&restore=diff:1163055958:1163055916:&preview=y HTTP/1.1" 200 8697 "-" "Mozilla/5.0 (compatible; Barkrowler/0.9; +https://babbar.tech/crawler)"
154.54.249.197 - - [04/Jul/2022:04:02:31 +0200] "GET /robots.txt HTTP/1.1" 200 - "-" "Mozilla/5.0 (compatible; Barkrowler/0.9; +https://babbar.tech/crawler)"
154.54.249.197 - - [04/Jul/2022:04:03:02 +0200] "GET /Texte/ArsAmatoria?action=edit&restore=diff:1163055578:1163055471:&preview=y HTTP/1.1" 200 8697 "-" "Mozilla/5.0 (compatible; Barkrowler/0.9; +https://babbar.tech/crawler)"
154.54.249.197 - - [04/Jul/2022:04:03:40 +0200] "GET /Texte/ArsAmatoria?action=edit&restore=diff:1163055690:1163055654:&preview=y HTTP/1.1" 200 8697 "-" "Mozilla/5.0 (compatible; Barkrowler/0.9; +https://babbar.tech/crawler)"
154.54.249.197 - - [04/Jul/2022:04:04:07 +0200] "GET /Texte/Styluebige?action=edit&restore=diff:1179764522:1178907591:&preview=y HTTP/1.1" 200 8681 "-" "Mozilla/5.0 (compatible; Barkrowler/0.9; +https://babbar.tech/crawler)"
154.54.249.197 - - [04/Jul/2022:04:04:45 +0200] "GET /Texte/Styluebige?action=edit&restore=diff:1163119022:1163118975:&preview=y HTTP/1.1" 200 8681 "-" "Mozilla/5.0 (compatible; Barkrowler/0.9; +https://babbar.tech/crawler)"
154.54.249.197 - - [04/Jul/2022:04:05:15 +0200] "GET /Texte/Styluebige?action=edit&restore=diff:1163118914:1163118852:&preview=y HTTP/1.1" 200 8681 "-" "Mozilla/5.0 (compatible; Barkrowler/0.9; +https://babbar.tech/crawler)"
154.54.249.197 - - [04/Jul/2022:04:05:49 +0200] "GET /Texte/Styluebige?action=edit&restore=diff:1163038052:1163038026:&preview=y HTTP/1.1" 200 8681 "-" "Mozilla/5.0 (compatible; Barkrowler/0.9; +https://babbar.tech/crawler)"
154.54.249.197 - - [04/Jul/2022:04:06:17 +0200] "GET /Texte/Styluebige?action=edit&restore=diff:1163038156:1163038073:&preview=y HTTP/1.1" 200 8681 "-" "Mozilla/5.0 (compatible; Barkrowler/0.9; +https://babbar.tech/crawler)"
154.54.249.197 - - [04/Jul/2022:04:06:50 +0200] "GET /Texte/Styluebige?action=edit&restore=diff:1163038073:1163038052:&preview=y HTTP/1.1" 200 8681 "-" "Mozilla/5.0 (compatible; Barkrowler/0.9; +https://babbar.tech/crawler)"
154.54.249.197 - - [04/Jul/2022:04:07:21 +0200] "GET /Texte/Styluebige?action=edit&restore=diff:1163038201:1163038179:&preview=y HTTP/1.1" 200 8681 "-" "Mozilla/5.0 (compatible; Barkrowler/0.9; +https://babbar.tech/crawler)"
154.54.249.197 - - [04/Jul/2022:04:07:56 +0200] "GET /Texte/Styluebige?action=edit&restore=diff:1163038026:1163037997:&preview=y HTTP/1.1" 200 8681 "-" "Mozilla/5.0 (compatible; Barkrowler/0.9; +https://babbar.tech/crawler)"
154.54.249.197 - - [04/Jul/2022:04:08:27 +0200] "GET /Texte/Styluebige?action=edit&restore=diff:1178723668:1177685651:&preview=y HTTP/1.1" 200 8681 "-" "Mozilla/5.0 (compatible; Barkrowler/0.9; +https://babbar.tech/crawler)"
154.54.249.197 - - [04/Jul/2022:04:08:59 +0200] "GET /Texte/Styluebige?action=edit&restore=diff:1178723863:1178723817:&preview=y HTTP/1.1" 200 8681 "-" "Mozilla/5.0 (compatible; Barkrowler/0.9; +https://babbar.tech/crawler)"
154.54.249.197 - - [04/Jul/2022:04:09:32 +0200] "GET /PodCast/JBJ201?action=edit&restore=diff:1398959485:1398959208:&preview=y HTTP/1.1" 200 8656 "-" "Mozilla/5.0 (compatible; Barkrowler/0.9; +https://babbar.tech/crawler)"
154.54.249.197 - - [04/Jul/2022:04:10:06 +0200] "GET /PodCast/JBJ201?action=edit&restore=diff:1398959208:1398959208:&preview=y HTTP/1.1" 200 8656 "-" "Mozilla/5.0 (compatible; Barkrowler/0.9; +https://babbar.tech/crawler)"
154.54.249.197 - - [04/Jul/2022:04:10:41 +0200] "GET /PodCast/JBJ601?action=edit&restore=diff:1417721471:1417721447:&preview=y HTTP/1.1" 200 8656 "-" "Mozilla/5.0 (compatible; Barkrowler/0.9; +https://babbar.tech/crawler)"
154.54.249.197 - - [04/Jul/2022:04:11:11 +0200] "GET /PodCast/JBJ601?action=edit&restore=diff:1417721447:1417721067:&preview=y HTTP/1.1" 200 8656 "-" "Mozilla/5.0 (compatible; Barkrowler/0.9; +https://babbar.tech/crawler)"
154.54.249.197 - - [04/Jul/2022:04:11:44 +0200] "GET /robots.txt HTTP/1.1" 200 - "-" "Mozilla/5.0 (compatible; Barkrowler/0.9; +https://babbar.tech/crawler)"
154.54.249.197 - - [04/Jul/2022:04:12:14 +0200] "GET /PodCast/JBJ601?action=edit&restore=diff:1417721542:1417721471:&preview=y HTTP/1.1" 200 8656 "-" "Mozilla/5.0 (compatible; Barkrowler/0.9; +https://babbar.tech/crawler)"
154.54.249.197 - - [04/Jul/2022:04:12:45 +0200] "GET /PodCast/JBJ602?action=edit&restore=diff:1421785180:1420301284:&preview=y HTTP/1.1" 200 8656 "-" "Mozilla/5.0 (compatible; Barkrowler/0.9; +https://babbar.tech/crawler)"
154.54.249.197 - - [04/Jul/2022:04:13:19 +0200] "GET /PodCast/JBJ602?action=edit&restore=diff:1422905672:1421785180:&preview=y HTTP/1.1" 200 8656 "-" "Mozilla/5.0 (compatible; Barkrowler/0.9; +https://babbar.tech/crawler)"
154.54.249.197 - - [04/Jul/2022:04:13:50 +0200] "GET /PodCast/JBJ602?action=edit&restore=diff:1420300562:1420300562:&preview=y HTTP/1.1" 200 8656 "-" "Mozilla/5.0 (compatible; Barkrowler/0.9; +https://babbar.tech/crawler)"
154.54.249.197 - - [04/Jul/2022:04:14:25 +0200] "GET /PodCast/JBJ502?action=edit&restore=diff:1414950046:1414949681:&preview=y HTTP/1.1" 200 8656 "-" "Mozilla/5.0 (compatible; Barkrowler/0.9; +https://babbar.tech/crawler)"
154.54.249.197 - - [04/Jul/2022:04:14:54 +0200] "GET /PodCast/JBJ502?action=edit&restore=diff:1414949681:1414949681:&preview=y HTTP/1.1" 200 8656 "-" "Mozilla/5.0 (compatible; Barkrowler/0.9; +https://babbar.tech/crawler)"
154.54.249.197 - - [04/Jul/2022:04:15:28 +0200] "GET /PodCast/JBJ702?action=edit&restore=diff:1427991657:1425486595:&preview=y HTTP/1.1" 200 8656 "-" "Mozilla/5.0 (compatible; Barkrowler/0.9; +https://babbar.tech/crawler)"
154.54.249.197 - - [04/Jul/2022:04:15:59 +0200] "GET /PodCast/JBJ702?action=edit&restore=diff:1425486029:1425486029:&preview=y HTTP/1.1" 200 8656 "-" "Mozilla/5.0 (compatible; Barkrowler/0.9; +https://babbar.tech/crawler)"
154.54.249.197 - - [04/Jul/2022:04:16:34 +0200] "GET /PodCast/JBJ402?action=edit&restore=diff:1409496409:1409496124:&preview=y HTTP/1.1" 200 8656 "-" "Mozilla/5.0 (compatible; Barkrowler/0.9; +https://babbar.tech/crawler)"
154.54.249.197 - - [04/Jul/2022:04:17:01 +0200] "GET /PodCast/JBJ402?action=edit&restore=diff:1409496124:1409495934:&preview=y HTTP/1.1" 200 8656 "-" "Mozilla/5.0 (compatible; Barkrowler/0.9; +https://babbar.tech/crawler)"
154.54.249.197 - - [04/Jul/2022:04:17:34 +0200] "GET /PodCast/JBJ402?action=edit&restore=diff:1412362108:1409496409:&preview=y HTTP/1.1" 200 8656 "-" "Mozilla/5.0 (compatible; Barkrowler/0.9; +https://babbar.tech/crawler)"
154.54.249.197 - - [04/Jul/2022:04:18:04 +0200] "GET /PodCast/JBJ501?action=edit&restore=diff:1414950085:1412362136:&preview=y HTTP/1.1" 200 8656 "-" "Mozilla/5.0 (compatible; Barkrowler/0.9; +https://babbar.tech/crawler)"
154.54.249.197 - - [04/Jul/2022:04:18:36 +0200] "GET /PodCast/JBJ501?action=edit&restore=diff:1412277635:1412277323:&preview=y HTTP/1.1" 200 8656 "-" "Mozilla/5.0 (compatible; Barkrowler/0.9; +https://babbar.tech/crawler)"
154.54.249.197 - - [04/Jul/2022:04:19:07 +0200] "GET /PodCast/JBJ501?action=edit&restore=diff:1412276960:1412276960:&preview=y HTTP/1.1" 200 8656 "-" "Mozilla/5.0 (compatible; Barkrowler/0.9; +https://babbar.tech/crawler)"
154.54.249.197 - - [04/Jul/2022:04:19:38 +0200] "GET /PodCast/JBJ501?action=edit&restore=diff:1412362136:1412353434:&preview=y HTTP/1.1" 200 8656 "-" "Mozilla/5.0 (compatible; Barkrowler/0.9; +https://babbar.tech/crawler)"
154.54.249.197 - - [04/Jul/2022:04:20:11 +0200] "GET /PodCast/JBJ501?action=edit&restore=diff:1412353434:1412277635:&preview=y HTTP/1.1" 200 8656 "-" "Mozilla/5.0 (compatible; Barkrowler/0.9; +https://babbar.tech/crawler)"
185.191.171.40 - - [04/Jul/2022:04:20:33 +0200] "GET /Main/WikiSandbox HTTP/1.1" 200 8337 "-" "Mozilla/5.0 (compatible; SemrushBot/7~bl; +http://www.semrush.com/bot.html)"
154.54.249.197 - - [04/Jul/2022:04:20:42 +0200] "GET /robots.txt HTTP/1.1" 200 - "-" "Mozilla/5.0 (compatible; Barkrowler/0.9; +https://babbar.tech/crawler)"
154.54.249.197 - - [04/Jul/2022:04:21:20 +0200] "GET /PodCast/JBJ302?action=edit&restore=diff:1406908187:1406907845:&preview=y HTTP/1.1" 200 8656 "-" "Mozilla/5.0 (compatible; Barkrowler/0.9; +https://babbar.tech/crawler)"
154.54.249.197 - - [04/Jul/2022:04:21:49 +0200] "GET /PodCast/JBJ302?action=edit&restore=diff:1406907845:1406907845:&preview=y HTTP/1.1" 200 8656 "-" "Mozilla/5.0 (compatible; Barkrowler/0.9; +https://babbar.tech/crawler)"
154.54.249.197 - - [04/Jul/2022:04:22:23 +0200] "GET /PodCast/JBJ302?action=edit&restore=diff:1406908280:1406908187:&preview=y HTTP/1.1" 200 8656 "-" "Mozilla/5.0 (compatible; Barkrowler/0.9; +https://babbar.tech/crawler)"
154.54.249.197 - - [04/Jul/2022:04:22:50 +0200] "GET /PodCast/JBJ302?action=edit&restore=diff:1409496383:1406908280:&preview=y HTTP/1.1" 200 8656 "-" "Mozilla/5.0 (compatible; Barkrowler/0.9; +https://babbar.tech/crawler)"
154.54.249.197 - - [04/Jul/2022:04:23:28 +0200] "GET /PodCast/JBJ301?action=edit&restore=diff:1404316850:1404316538:&preview=y HTTP/1.1" 200 8656 "-" "Mozilla/5.0 (compatible; Barkrowler/0.9; +https://babbar.tech/crawler)"
185.191.171.45 - - [04/Jul/2022:04:23:33 +0200] "GET /PmWiki/Links HTTP/1.1" 200 37519 "-" "Mozilla/5.0 (compatible; SemrushBot/7~bl; +http://www.semrush.com/bot.html)"
154.54.249.197 - - [04/Jul/2022:04:24:00 +0200] "GET /PodCast/JBJ301?action=edit&restore=diff:1404316075:1404315902:&preview=y HTTP/1.1" 200 8656 "-" "Mozilla/5.0 (compatible; Barkrowler/0.9; +https://babbar.tech/crawler)"
154.54.249.197 - - [04/Jul/2022:04:24:30 +0200] "GET /PodCast/JBJ301?action=edit&restore=diff:1404316538:1404316499:&preview=y HTTP/1.1" 200 8656 "-" "Mozilla/5.0 (compatible; Barkrowler/0.9; +https://babbar.tech/crawler)"
154.54.249.197 - - [04/Jul/2022:04:25:00 +0200] "GET /PodCast/JBJ301?action=edit&restore=diff:1404316499:1404316075:&preview=y HTTP/1.1" 200 8656 "-" "Mozilla/5.0 (compatible; Barkrowler/0.9; +https://babbar.tech/crawler)"
154.54.249.197 - - [04/Jul/2022:04:25:34 +0200] "GET /PodCast/JBJ301?action=edit&restore=diff:1404315902:1404227753:&preview=y HTTP/1.1" 200 8656 "-" "Mozilla/5.0 (compatible; Barkrowler/0.9; +https://babbar.tech/crawler)"
40.77.167.54 - - [04/Jul/2022:04:25:36 +0200] "GET /PodCast/700Buezerleuh HTTP/1.1" 200 8168 "-" "Mozilla/5.0 (compatible; bingbot/2.0; +http://www.bing.com/bingbot.htm)"
154.54.249.197 - - [04/Jul/2022:04:26:09 +0200] "GET /PodCast/JBJ301?action=edit&restore=diff:1404227639:1404227500:&preview=y HTTP/1.1" 200 8656 "-" "Mozilla/5.0 (compatible; Barkrowler/0.9; +https://babbar.tech/crawler)"
185.191.171.4 - - [04/Jul/2022:04:26:32 +0200] "GET /Texte/Limericks HTTP/1.1" 200 8087 "-" "Mozilla/5.0 (compatible; SemrushBot/7~bl; +http://www.semrush.com/bot.html)"
154.54.249.197 - - [04/Jul/2022:04:26:41 +0200] "GET /PodCast/JBJ701?action=edit&restore=diff:1422904681:1422904681:&preview=y HTTP/1.1" 200 8656 "-" "Mozilla/5.0 (compatible; Barkrowler/0.9; +https://babbar.tech/crawler)"
154.54.249.197 - - [04/Jul/2022:04:27:17 +0200] "GET /PodCast/JBJ202?action=edit&restore=diff:1402590972:1402590972:&preview=y HTTP/1.1" 200 8656 "-" "Mozilla/5.0 (compatible; Barkrowler/0.9; +https://babbar.tech/crawler)"
154.54.249.197 - - [04/Jul/2022:04:27:47 +0200] "GET /PodCast/JBJ202?action=edit&restore=diff:1404227670:1404227219:&preview=y HTTP/1.1" 200 8656 "-" "Mozilla/5.0 (compatible; Barkrowler/0.9; +https://babbar.tech/crawler)"
154.54.249.197 - - [04/Jul/2022:04:28:22 +0200] "GET /PodCast/JBJ202?action=edit&restore=diff:1404227219:1402591406:&preview=y HTTP/1.1" 200 8656 "-" "Mozilla/5.0 (compatible; Barkrowler/0.9; +https://babbar.tech/crawler)"
154.54.249.197 - - [04/Jul/2022:04:28:52 +0200] "GET /PodCast/STounkel?action=edit&restore=diff:1351703216:1351703216:&preview=y HTTP/1.1" 200 8684 "-" "Mozilla/5.0 (compatible; Barkrowler/0.9; +https://babbar.tech/crawler)"
154.54.249.197 - - [04/Jul/2022:04:29:24 +0200] "GET /PodCast/STounkel?action=edit&restore=diff:1351703386:1351703216:&preview=y HTTP/1.1" 200 8684 "-" "Mozilla/5.0 (compatible; Barkrowler/0.9; +https://babbar.tech/crawler)"
154.54.249.197 - - [04/Jul/2022:04:29:55 +0200] "GET /robots.txt HTTP/1.1" 200 - "-" "Mozilla/5.0 (compatible; Barkrowler/0.9; +https://babbar.tech/crawler)"
154.54.249.197 - - [04/Jul/2022:04:30:25 +0200] "GET /PodCast/Gvatterle?action=edit&restore=diff:1299171970:1299171925:&preview=y HTTP/1.1" 200 8696 "-" "Mozilla/5.0 (compatible; Barkrowler/0.9; +https://babbar.tech/crawler)"
185.191.171.4 - - [04/Jul/2022:04:30:29 +0200] "GET /Site/EditForm HTTP/1.1" 200 12177 "-" "Mozilla/5.0 (compatible; SemrushBot/7~bl; +http://www.semrush.com/bot.html)"
154.54.249.197 - - [04/Jul/2022:04:31:01 +0200] "GET /PodCast/Gvatterle?action=edit&restore=diff:1299172056:1299171970:&preview=y HTTP/1.1" 200 8696 "-" "Mozilla/5.0 (compatible; Barkrowler/0.9; +https://babbar.tech/crawler)"
154.54.249.197 - - [04/Jul/2022:04:31:31 +0200] "GET /PodCast/Wandermaasse?action=edit&restore=diff:1391014943:1391014943:&preview=y HTTP/1.1" 200 8738 "-" "Mozilla/5.0 (compatible; Barkrowler/0.9; +https://babbar.tech/crawler)"
154.54.249.197 - - [04/Jul/2022:04:32:06 +0200] "GET /PodCast/Wandermaasse?action=edit&restore=diff:1391015221:1391015124:&preview=y HTTP/1.1" 200 8738 "-" "Mozilla/5.0 (compatible; Barkrowler/0.9; +https://babbar.tech/crawler)"
154.54.249.197 - - [04/Jul/2022:04:32:33 +0200] "GET /PodCast/Wandermaasse?action=edit&restore=diff:1391015124:1391014943:&preview=y HTTP/1.1" 200 8738 "-" "Mozilla/5.0 (compatible; Barkrowler/0.9; +https://babbar.tech/crawler)"
154.54.249.197 - - [04/Jul/2022:04:33:06 +0200] "GET /PodCast/Buecherbrand2?action=edit&restore=diff:1330102718:1330102718:&preview=y HTTP/1.1" 200 8754 "-" "Mozilla/5.0 (compatible; Barkrowler/0.9; +https://babbar.tech/crawler)"
194.209.200.2 - - [04/Jul/2022:04:33:25 +0200] "GET /robots.txt HTTP/1.1" 200 - "-" "Mozilla/5.0 (compatible; TMMBot/0.2; +http://www.dslab.ch)/Nutch-1.15"
194.209.200.2 - - [04/Jul/2022:04:33:25 +0200] "GET /Texte/ZurcherischEnglish HTTP/1.1" 200 8274 "-" "Mozilla/5.0 (compatible; TMMBot/0.2; +http://www.dslab.ch)/Nutch-1.15"
154.54.249.197 - - [04/Jul/2022:04:33:34 +0200] "GET /PodCast/Poutschology?action=edit&restore=diff:1472565180:1472498058:&preview=y HTTP/1.1" 200 8738 "-" "Mozilla/5.0 (compatible; Barkrowler/0.9; +https://babbar.tech/crawler)"
154.54.249.197 - - [04/Jul/2022:04:34:13 +0200] "GET /PodCast/Poutschology?action=edit&restore=diff:1472565376:1472565180:&preview=y HTTP/1.1" 200 8738 "-" "Mozilla/5.0 (compatible; Barkrowler/0.9; +https://babbar.tech/crawler)"
154.54.249.197 - - [04/Jul/2022:04:34:41 +0200] "GET /PodCast/Poutschology?action=edit&restore=diff:1472673845:1472565376:&preview=y HTTP/1.1" 200 8738 "-" "Mozilla/5.0 (compatible; Barkrowler/0.9; +https://babbar.tech/crawler)"
194.209.200.2 - - [04/Jul/2022:04:34:52 +0200] "GET /Admin/Jahresbericht HTTP/1.1" 200 45530 "-" "Mozilla/5.0 (compatible; TMMBot/0.2; +http://www.dslab.ch)/Nutch-1.15"
194.209.200.2 - - [04/Jul/2022:04:35:15 +0200] "GET /Texte/Limericks HTTP/1.1" 200 8087 "-" "Mozilla/5.0 (compatible; TMMBot/0.2; +http://www.dslab.ch)/Nutch-1.15"
154.54.249.197 - - [04/Jul/2022:04:35:17 +0200] "GET /PodCast/Poutschology?action=edit&restore=diff:1472497356:1472497154:&preview=y HTTP/1.1" 200 8738 "-" "Mozilla/5.0 (compatible; Barkrowler/0.9; +https://babbar.tech/crawler)"
154.54.249.197 - - [04/Jul/2022:04:35:45 +0200] "GET /PodCast/Poutschology?action=edit&restore=diff:1472497609:1472497356:&preview=y HTTP/1.1" 200 8738 "-" "Mozilla/5.0 (compatible; Barkrowler/0.9; +https://babbar.tech/crawler)"
154.54.249.197 - - [04/Jul/2022:04:36:18 +0200] "GET /PodCast/Poutschology?action=edit&restore=diff:1472497154:1472496987:&preview=y HTTP/1.1" 200 8738 "-" "Mozilla/5.0 (compatible; Barkrowler/0.9; +https://babbar.tech/crawler)"
154.54.249.197 - - [04/Jul/2022:04:36:52 +0200] "GET /PodCast/Poutschology?action=edit&restore=diff:1472497889:1472497609:&preview=y HTTP/1.1" 200 8738 "-" "Mozilla/5.0 (compatible; Barkrowler/0.9; +https://babbar.tech/crawler)"
194.209.200.2 - - [04/Jul/2022:04:36:52 +0200] "GET /Texte/Styluebige HTTP/1.1" 200 9998 "-" "Mozilla/5.0 (compatible; TMMBot/0.2; +http://www.dslab.ch)/Nutch-1.15"
154.54.249.197 - - [04/Jul/2022:04:37:21 +0200] "GET /PodCast/Styluebige?action=edit&restore=diff:1163065359:1163065260:&preview=y HTTP/1.1" 200 8710 "-" "Mozilla/5.0 (compatible; Barkrowler/0.9; +https://babbar.tech/crawler)"
154.54.249.197 - - [04/Jul/2022:04:37:54 +0200] "GET /PodCast/Styluebige?action=edit&restore=diff:1163080609:1163080586:&preview=y HTTP/1.1" 200 8710 "-" "Mozilla/5.0 (compatible; Barkrowler/0.9; +https://babbar.tech/crawler)"
154.54.249.197 - - [04/Jul/2022:04:38:22 +0200] "GET /PodCast/SprAntBea?action=edit&restore=diff:1470996334:1470996220:&preview=y HTTP/1.1" 200 8700 "-" "Mozilla/5.0 (compatible; Barkrowler/0.9; +https://babbar.tech/crawler)"
154.54.249.197 - - [04/Jul/2022:04:38:58 +0200] "GET /robots.txt HTTP/1.1" 200 - "-" "Mozilla/5.0 (compatible; Barkrowler/0.9; +https://babbar.tech/crawler)"
154.54.249.197 - - [04/Jul/2022:04:39:27 +0200] "GET /PodCast/SprAntBea?action=edit&restore=diff:1470996153:1470995876:&preview=y HTTP/1.1" 200 8700 "-" "Mozilla/5.0 (compatible; Barkrowler/0.9; +https://babbar.tech/crawler)"
194.209.200.2 - - [04/Jul/2022:04:39:43 +0200] "GET /Texte/Bitterbeuhsi HTTP/1.1" 200 9255 "-" "Mozilla/5.0 (compatible; TMMBot/0.2; +http://www.dslab.ch)/Nutch-1.15"
194.209.200.2 - - [04/Jul/2022:04:39:53 +0200] "GET /Gast/Podcast HTTP/1.1" 200 8106 "-" "Mozilla/5.0 (compatible; TMMBot/0.2; +http://www.dslab.ch)/Nutch-1.15"
154.54.249.197 - - [04/Jul/2022:04:40:05 +0200] "GET /PodCast/SprAntBea?action=edit&restore=diff:1470995876:1470995876:&preview=y HTTP/1.1" 200 8700 "-" "Mozilla/5.0 (compatible; Barkrowler/0.9; +https://babbar.tech/crawler)"
154.54.249.197 - - [04/Jul/2022:04:40:35 +0200] "GET /PodCast/Sounegsang?action=edit&restore=diff:1308478113:1308477896:&preview=y HTTP/1.1" 200 8710 "-" "Mozilla/5.0 (compatible; Barkrowler/0.9; +https://babbar.tech/crawler)"
154.54.249.197 - - [04/Jul/2022:04:41:09 +0200] "GET /PodCast/Sounegsang?action=edit&restore=diff:1308477896:1308477896:&preview=y HTTP/1.1" 200 8710 "-" "Mozilla/5.0 (compatible; Barkrowler/0.9; +https://babbar.tech/crawler)"
154.54.249.197 - - [04/Jul/2022:04:41:39 +0200] "GET /PodCast/Roman1?action=edit&restore=diff:1199820082:1198170405:&preview=y HTTP/1.1" 200 8656 "-" "Mozilla/5.0 (compatible; Barkrowler/0.9; +https://babbar.tech/crawler)"
154.54.249.197 - - [04/Jul/2022:04:42:15 +0200] "GET /PodCast/Roman1?action=edit&restore=diff:1194508536:1193935278:&preview=y HTTP/1.1" 200 8656 "-" "Mozilla/5.0 (compatible; Barkrowler/0.9; +https://babbar.tech/crawler)"
154.54.249.197 - - [04/Jul/2022:04:42:42 +0200] "GET /PodCast/Roman1?action=edit&restore=diff:1196368291:1194508536:&preview=y HTTP/1.1" 200 8656 "-" "Mozilla/5.0 (compatible; Barkrowler/0.9; +https://babbar.tech/crawler)"
154.54.249.197 - - [04/Jul/2022:04:43:15 +0200] "GET /PodCast/Mordspilot?action=edit&restore=diff:1429728818:1429728818:&preview=y HTTP/1.1" 200 8710 "-" "Mozilla/5.0 (compatible; Barkrowler/0.9; +https://babbar.tech/crawler)"
66.249.76.220 - - [04/Jul/2022:04:43:32 +0200] "GET /PodCast/IndexPage?action=rss HTTP/1.1" 200 6298 "-" "Mozilla/5.0 (compatible; Googlebot/2.1; +http://www.google.com/bot.html)"
154.54.249.197 - - [04/Jul/2022:04:43:49 +0200] "GET /PodCast/Mordspilot?action=edit&restore=diff:1429729002:1429728818:&preview=y HTTP/1.1" 200 8710 "-" "Mozilla/5.0 (compatible; Barkrowler/0.9; +https://babbar.tech/crawler)"
154.54.249.197 - - [04/Jul/2022:04:44:28 +0200] "GET /PodCast/Mordspilot?action=edit&restore=diff:1429729095:1429729002:&preview=y HTTP/1.1" 200 8710 "-" "Mozilla/5.0 (compatible; Barkrowler/0.9; +https://babbar.tech/crawler)"
154.54.249.197 - - [04/Jul/2022:04:45:02 +0200] "GET /PodCast/Quaalewaal?action=edit&restore=diff:1278093673:1278093673:&preview=y HTTP/1.1" 200 8710 "-" "Mozilla/5.0 (compatible; Barkrowler/0.9; +https://babbar.tech/crawler)"
154.54.249.197 - - [04/Jul/2022:04:45:37 +0200] "GET /PodCast/Quaalewaal?action=edit&restore=diff:1278095032:1278095007:&preview=y HTTP/1.1" 200 8710 "-" "Mozilla/5.0 (compatible; Barkrowler/0.9; +https://babbar.tech/crawler)"
154.54.249.197 - - [04/Jul/2022:04:46:07 +0200] "GET /PodCast/Quaalewaal?action=edit&restore=diff:1278094786:1278093673:&preview=y HTTP/1.1" 200 8710 "-" "Mozilla/5.0 (compatible; Barkrowler/0.9; +https://babbar.tech/crawler)"
154.54.249.197 - - [04/Jul/2022:04:46:41 +0200] "GET /PodCast/Quaalewaal?action=edit&restore=diff:1278094821:1278094786:&preview=y HTTP/1.1" 200 8710 "-" "Mozilla/5.0 (compatible; Barkrowler/0.9; +https://babbar.tech/crawler)"
154.54.249.197 - - [04/Jul/2022:04:47:14 +0200] "GET /PodCast/Griechestroom?action=edit&restore=diff:1346170017:1346078980:&preview=y HTTP/1.1" 200 8752 "-" "Mozilla/5.0 (compatible; Barkrowler/0.9; +https://babbar.tech/crawler)"
154.54.249.197 - - [04/Jul/2022:04:47:45 +0200] "GET /PodCast/Griechestroom?action=edit&restore=diff:1346078980:1346078757:&preview=y HTTP/1.1" 200 8752 "-" "Mozilla/5.0 (compatible; Barkrowler/0.9; +https://babbar.tech/crawler)"
154.54.249.197 - - [04/Jul/2022:04:48:20 +0200] "GET /robots.txt HTTP/1.1" 200 - "-" "Mozilla/5.0 (compatible; Barkrowler/0.9; +https://babbar.tech/crawler)"
154.54.249.197 - - [04/Jul/2022:04:48:48 +0200] "GET /PodCast/Griechestroom?action=edit&restore=diff:1346078757:1346078757:&preview=y HTTP/1.1" 200 8752 "-" "Mozilla/5.0 (compatible; Barkrowler/0.9; +https://babbar.tech/crawler)"
154.54.249.197 - - [04/Jul/2022:04:49:24 +0200] "GET /PodCast/AbsNov16?action=edit&restore=diff:1479118270:1479118169:&preview=y HTTP/1.1" 200 8686 "-" "Mozilla/5.0 (compatible; Barkrowler/0.9; +https://babbar.tech/crawler)"
154.54.249.197 - - [04/Jul/2022:04:49:54 +0200] "GET /PodCast/AbsNov16?action=edit&restore=diff:1479117990:1479117990:&preview=y HTTP/1.1" 200 8686 "-" "Mozilla/5.0 (compatible; Barkrowler/0.9; +https://babbar.tech/crawler)"
154.54.249.197 - - [04/Jul/2022:04:50:30 +0200] "GET /PodCast/Apschlouss?action=edit&restore=diff:1172765956:1172765929:&preview=y HTTP/1.1" 200 8710 "-" "Mozilla/5.0 (compatible; Barkrowler/0.9; +https://babbar.tech/crawler)"
154.54.249.197 - - [04/Jul/2022:04:50:56 +0200] "GET /PodCast/Apschlouss?action=edit&restore=diff:1166170395:1166170395:&preview=y HTTP/1.1" 200 8710 "-" "Mozilla/5.0 (compatible; Barkrowler/0.9; +https://babbar.tech/crawler)"
154.54.249.197 - - [04/Jul/2022:04:51:31 +0200] "GET /PodCast/Scheffwachsel?action=edit&restore=diff:1348495065:1348495065:&preview=y HTTP/1.1" 200 8752 "-" "Mozilla/5.0 (compatible; Barkrowler/0.9; +https://babbar.tech/crawler)"
154.54.249.197 - - [04/Jul/2022:04:52:00 +0200] "GET /PodCast/Rutlirapport?action=edit&restore=diff:1179925418:1179925418:&preview=y HTTP/1.1" 200 8738 "-" "Mozilla/5.0 (compatible; Barkrowler/0.9; +https://babbar.tech/crawler)"
154.54.249.197 - - [04/Jul/2022:04:52:37 +0200] "GET /Admin/AdresseStiftung?action=edit&restore=diff:1163035896:1163035896:&preview=y HTTP/1.1" 200 8753 "-" "Mozilla/5.0 (compatible; Barkrowler/0.9; +https://babbar.tech/crawler)"
154.54.249.197 - - [04/Jul/2022:04:53:06 +0200] "GET /Site/32Meuischtergass?action=edit&restore=diff:1237148078:1237148054:&preview=y HTTP/1.1" 200 8753 "-" "Mozilla/5.0 (compatible; Barkrowler/0.9; +https://babbar.tech/crawler)"
216.244.66.243 - - [04/Jul/2022:04:53:09 +0200] "GET /robots.txt HTTP/1.1" 200 - "-" "Mozilla/5.0 (compatible; DotBot/1.2; +https://opensiteexplorer.org/dotbot; help@moz.com)"
154.54.249.197 - - [04/Jul/2022:04:53:40 +0200] "GET /Site/31Meuischtergass?action=edit&restore=diff:1236530805:1236530805:&preview=y HTTP/1.1" 200 8753 "-" "Mozilla/5.0 (compatible; Barkrowler/0.9; +https://babbar.tech/crawler)"
154.54.249.197 - - [04/Jul/2022:04:54:09 +0200] "GET /Texte/Bitterbeuhsi?action=edit&restore=diff:1163038336:1163038336:&preview=y HTTP/1.1" 200 8709 "-" "Mozilla/5.0 (compatible; Barkrowler/0.9; +https://babbar.tech/crawler)"
154.54.249.197 - - [04/Jul/2022:04:54:39 +0200] "GET /Texte/Styluebige?action=edit&restore=diff:1591952614:1179764522:&preview=y HTTP/1.1" 200 8681 "-" "Mozilla/5.0 (compatible; Barkrowler/0.9; +https://babbar.tech/crawler)"
154.54.249.197 - - [04/Jul/2022:04:55:15 +0200] "GET /Blickestoorff/2?action=edit&restore=diff:1232659859:1232659734:&preview=y HTTP/1.1" 200 8667 "-" "Mozilla/5.0 (compatible; Barkrowler/0.9; +https://babbar.tech/crawler)"
154.54.249.197 - - [04/Jul/2022:04:55:42 +0200] "GET /PodCast/JBJ201?action=edit&restore=diff:1401353452:1398960120:&preview=y HTTP/1.1" 200 8656 "-" "Mozilla/5.0 (compatible; Barkrowler/0.9; +https://babbar.tech/crawler)"
154.54.249.197 - - [04/Jul/2022:04:56:15 +0200] "GET /PodCast/JBJ201?action=edit&restore=diff:1402591383:1401353452:&preview=y HTTP/1.1" 200 8656 "-" "Mozilla/5.0 (compatible; Barkrowler/0.9; +https://babbar.tech/crawler)"
154.54.249.197 - - [04/Jul/2022:04:56:40 +0200] "GET /PodCast/JBJ502?action=edit&restore=diff:1416684176:1414950107:&preview=y HTTP/1.1" 200 8656 "-" "Mozilla/5.0 (compatible; Barkrowler/0.9; +https://babbar.tech/crawler)"
154.54.249.197 - - [04/Jul/2022:04:57:14 +0200] "GET /robots.txt HTTP/1.1" 200 - "-" "Mozilla/5.0 (compatible; Barkrowler/0.9; +https://babbar.tech/crawler)"
154.54.249.197 - - [04/Jul/2022:04:57:42 +0200] "GET /PodCast/Aafang?action=edit&restore=diff:1166079553:1166079553:&preview=y HTTP/1.1" 200 8654 "-" "Mozilla/5.0 (compatible; Barkrowler/0.9; +https://babbar.tech/crawler)"
154.54.249.197 - - [04/Jul/2022:04:58:16 +0200] "GET /PodCast/Zugle2?action=edit&restore=diff:1324396024:1324395929:&preview=y HTTP/1.1" 200 8656 "-" "Mozilla/5.0 (compatible; Barkrowler/0.9; +https://babbar.tech/crawler)"
154.54.249.197 - - [04/Jul/2022:04:58:47 +0200] "GET /PodCast/UploadQuickReference?action=edit&restore=diff:1470996130:1462561021:&preview=y HTTP/1.1" 200 8854 "-" "Mozilla/5.0 (compatible; Barkrowler/0.9; +https://babbar.tech/crawler)"
154.54.249.197 - - [04/Jul/2022:04:59:17 +0200] "GET /PodCast/UploadQuickReference?action=edit&restore=diff:1475920840:1474214849:&preview=y HTTP/1.1" 200 8854 "-" "Mozilla/5.0 (compatible; Barkrowler/0.9; +https://babbar.tech/crawler)"
154.54.249.197 - - [04/Jul/2022:04:59:50 +0200] "GET /PodCast/Maassestaab?action=edit&restore=diff:1393002911:1393002855:&preview=y HTTP/1.1" 200 8724 "-" "Mozilla/5.0 (compatible; Barkrowler/0.9; +https://babbar.tech/crawler)"
154.54.249.197 - - [04/Jul/2022:05:00:20 +0200] "GET /PodCast/Maassestaab?action=edit&restore=diff:1393002490:1393002490:&preview=y HTTP/1.1" 200 8724 "-" "Mozilla/5.0 (compatible; Barkrowler/0.9; +https://babbar.tech/crawler)"
154.54.249.197 - - [04/Jul/2022:05:00:55 +0200] "GET /PodCast/Wistaria01?action=edit&restore=diff:1501360177:1501359829:&preview=y HTTP/1.1" 200 8712 "-" "Mozilla/5.0 (compatible; Barkrowler/0.9; +https://babbar.tech/crawler)"
154.54.249.197 - - [04/Jul/2022:05:01:25 +0200] "GET /PodCast/Wistaria01?action=edit&restore=diff:1501360379:1501360177:&preview=y HTTP/1.1" 200 8712 "-" "Mozilla/5.0 (compatible; Barkrowler/0.9; +https://babbar.tech/crawler)"
173.252.83.9 - - [04/Jul/2022:05:01:41 +0200] "HEAD / HTTP/1.1" 200 - "-" "facebookexternalhit/1.1 (+http://www.facebook.com/externalhit_uatext.php)"
173.252.83.11 - - [04/Jul/2022:05:01:41 +0200] "GET /robots.txt HTTP/1.1" 200 - "-" "facebookexternalhit/1.1 (+http://www.facebook.com/externalhit_uatext.php)"
173.252.83.7 - - [04/Jul/2022:05:01:42 +0200] "GET / HTTP/1.1" 200 15085 "-" "facebookexternalhit/1.1 (+http://www.facebook.com/externalhit_uatext.php)"
154.54.249.197 - - [04/Jul/2022:05:01:55 +0200] "GET /PodCast/Wistaria01?action=edit&restore=diff:1501357751:1501357751:&preview=y HTTP/1.1" 200 8712 "-" "Mozilla/5.0 (compatible; Barkrowler/0.9; +https://babbar.tech/crawler)"
154.54.249.197 - - [04/Jul/2022:05:02:25 +0200] "GET /PodCast/Wistaria01?action=edit&restore=diff:1501390710:1501360379:&preview=y HTTP/1.1" 200 8712 "-" "Mozilla/5.0 (compatible; Barkrowler/0.9; +https://babbar.tech/crawler)"
154.54.249.197 - - [04/Jul/2022:05:02:54 +0200] "GET /PodCast/Gramatik?action=edit&restore=diff:1164353895:1164353895:&preview=y HTTP/1.1" 200 8682 "-" "Mozilla/5.0 (compatible; Barkrowler/0.9; +https://babbar.tech/crawler)"
154.54.249.197 - - [04/Jul/2022:05:03:26 +0200] "GET /PodCast/Wiewytna?action=edit&restore=diff:1302447693:1302447592:&preview=y HTTP/1.1" 200 8682 "-" "Mozilla/5.0 (compatible; Barkrowler/0.9; +https://babbar.tech/crawler)"
194.209.200.2 - - [04/Jul/2022:05:03:50 +0200] "GET /robots.txt HTTP/1.1" 200 - "-" "Mozilla/5.0 (compatible; TMMBot/0.2; +http://www.dslab.ch)/Nutch-1.15"
194.209.200.2 - - [04/Jul/2022:05:03:50 +0200] "GET /Texte/ZurcherischEnglish HTTP/1.1" 200 8274 "-" "Mozilla/5.0 (compatible; TMMBot/0.2; +http://www.dslab.ch)/Nutch-1.15"
154.54.249.197 - - [04/Jul/2022:05:03:53 +0200] "GET /PodCast/Wiewytna?action=edit&restore=diff:1302447592:1302447448:&preview=y HTTP/1.1" 200 8682 "-" "Mozilla/5.0 (compatible; Barkrowler/0.9; +https://babbar.tech/crawler)"
154.54.249.197 - - [04/Jul/2022:05:04:24 +0200] "GET /PodCast/Wiewytna?action=edit&restore=diff:1302447448:1302447448:&preview=y HTTP/1.1" 200 8682 "-" "Mozilla/5.0 (compatible; Barkrowler/0.9; +https://babbar.tech/crawler)"
154.54.249.197 - - [04/Jul/2022:05:04:52 +0200] "GET /PodCast/Scheffwachsel?action=edit&restore=diff:1348495249:1348495065:&preview=y HTTP/1.1" 200 8752 "-" "Mozilla/5.0 (compatible; Barkrowler/0.9; +https://babbar.tech/crawler)"
194.209.200.2 - - [04/Jul/2022:05:05:22 +0200] "GET /Admin/Jahresbericht HTTP/1.1" 200 45530 "-" "Mozilla/5.0 (compatible; TMMBot/0.2; +http://www.dslab.ch)/Nutch-1.15"
154.54.249.197 - - [04/Jul/2022:05:05:25 +0200] "GET /PodCast/Scheffwachsel?action=edit&restore=diff:1348495807:1348495276:&preview=y HTTP/1.1" 200 8752 "-" "Mozilla/5.0 (compatible; Barkrowler/0.9; +https://babbar.tech/crawler)"
216.244.66.243 - - [04/Jul/2022:05:05:39 +0200] "GET /PmWikiHu/SzerkesztesSugo HTTP/1.1" 200 9524 "-" "Mozilla/5.0 (compatible; DotBot/1.2; +https://opensiteexplorer.org/dotbot; help@moz.com)"
194.209.200.2 - - [04/Jul/2022:05:05:43 +0200] "GET /Texte/Limericks HTTP/1.1" 200 8087 "-" "Mozilla/5.0 (compatible; TMMBot/0.2; +http://www.dslab.ch)/Nutch-1.15"
168.119.51.163 - - [04/Jul/2022:05:05:48 +0200] "GET /robots.txt HTTP/1.1" 200 - "-" "Mozilla/5.0 (compatible; um-IC/1.0; mailto: techinfo@ubermetrics-technologies.com; Windows NT 6.1; WOW64; rv:40.0) Gecko/20100101 Firefox/40.1"
168.119.51.163 - - [04/Jul/2022:05:05:49 +0200] "GET /PodCast/IndexPage?action=rss HTTP/1.1" 200 6298 "-" "Mozilla/5.0 (compatible; um-IC/1.0; mailto: techinfo@ubermetrics-technologies.com; Windows NT 6.1; WOW64; rv:40.0) Gecko/20100101 Firefox/40.1"
154.54.249.197 - - [04/Jul/2022:05:05:55 +0200] "GET /robots.txt HTTP/1.1" 200 - "-" "Mozilla/5.0 (compatible; Barkrowler/0.9; +https://babbar.tech/crawler)"
154.54.249.197 - - [04/Jul/2022:05:06:25 +0200] "GET /PodCast/Scheffwachsel?action=edit&restore=diff:1348495859:1348495807:&preview=y HTTP/1.1" 200 8752 "-" "Mozilla/5.0 (compatible; Barkrowler/0.9; +https://babbar.tech/crawler)"
154.54.249.197 - - [04/Jul/2022:05:06:54 +0200] "GET /PodCast/Limerick678?action=edit&restore=diff:1196368403:1196368403:&preview=y HTTP/1.1" 200 8726 "-" "Mozilla/5.0 (compatible; Barkrowler/0.9; +https://babbar.tech/crawler)"
194.209.200.2 - - [04/Jul/2022:05:07:17 +0200] "GET /Texte/Styluebige HTTP/1.1" 200 9998 "-" "Mozilla/5.0 (compatible; TMMBot/0.2; +http://www.dslab.ch)/Nutch-1.15"
154.54.249.197 - - [04/Jul/2022:05:07:24 +0200] "GET /Admin/AdresseStiftung?action=edit&restore=diff:1591952905:1416758598:&preview=y HTTP/1.1" 200 8753 "-" "Mozilla/5.0 (compatible; Barkrowler/0.9; +https://babbar.tech/crawler)"
154.54.249.197 - - [04/Jul/2022:05:07:57 +0200] "GET /Admin/AdresseStiftung?action=edit&restore=diff:1619700437:1591952905:&preview=y HTTP/1.1" 200 8753 "-" "Mozilla/5.0 (compatible; Barkrowler/0.9; +https://babbar.tech/crawler)"
154.54.249.197 - - [04/Jul/2022:05:08:28 +0200] "GET /Texte/Bitterbeuhsi?action=edit&restore=diff:1177686513:1163119722:&preview=y HTTP/1.1" 200 8709 "-" "Mozilla/5.0 (compatible; Barkrowler/0.9; +https://babbar.tech/crawler)"
154.54.249.197 - - [04/Jul/2022:05:09:00 +0200] "GET /Texte/Bitterbeuhsi?action=edit&restore=diff:1179764670:1178907522:&preview=y HTTP/1.1" 200 8709 "-" "Mozilla/5.0 (compatible; Barkrowler/0.9; +https://babbar.tech/crawler)"
154.54.249.197 - - [04/Jul/2022:05:09:28 +0200] "GET /Texte/Bitterbeuhsi?action=edit&restore=diff:1178907522:1178724704:&preview=y HTTP/1.1" 200 8709 "-" "Mozilla/5.0 (compatible; Barkrowler/0.9; +https://babbar.tech/crawler)"
154.54.249.197 - - [04/Jul/2022:05:10:01 +0200] "GET /Texte/Bitterbeuhsi?action=edit&restore=diff:1163119722:1163063982:&preview=y HTTP/1.1" 200 8709 "-" "Mozilla/5.0 (compatible; Barkrowler/0.9; +https://babbar.tech/crawler)"
194.209.200.2 - - [04/Jul/2022:05:10:16 +0200] "GET /Texte/Bitterbeuhsi HTTP/1.1" 200 9255 "-" "Mozilla/5.0 (compatible; TMMBot/0.2; +http://www.dslab.ch)/Nutch-1.15"
194.209.200.2 - - [04/Jul/2022:05:10:27 +0200] "GET /Gast/Podcast HTTP/1.1" 200 8106 "-" "Mozilla/5.0 (compatible; TMMBot/0.2; +http://www.dslab.ch)/Nutch-1.15"
154.54.249.197 - - [04/Jul/2022:05:10:32 +0200] "GET /Texte/Bitterbeuhsi?action=edit&restore=diff:1178724704:1178724636:&preview=y HTTP/1.1" 200 8709 "-" "Mozilla/5.0 (compatible; Barkrowler/0.9; +https://babbar.tech/crawler)"
194.209.200.2 - - [04/Jul/2022:05:10:57 +0200] "GET /Hilfe/AnleitungTonbeispiele HTTP/1.1" 200 9878 "-" "Mozilla/5.0 (compatible; TMMBot/0.2; +http://www.dslab.ch)/Nutch-1.15"
154.54.249.197 - - [04/Jul/2022:05:11:06 +0200] "GET /Texte/Bitterbeuhsi?action=edit&restore=diff:1163057265:1163057251:&preview=y HTTP/1.1" 200 8709 "-" "Mozilla/5.0 (compatible; Barkrowler/0.9; +https://babbar.tech/crawler)"
154.54.249.197 - - [04/Jul/2022:05:11:37 +0200] "GET /Texte/Styluebige?action=edit&restore=diff:1591952663:1591952614:&preview=y HTTP/1.1" 200 8681 "-" "Mozilla/5.0 (compatible; Barkrowler/0.9; +https://babbar.tech/crawler)"
154.54.249.197 - - [04/Jul/2022:05:12:06 +0200] "GET /Texte/Styluebige?action=edit&restore=diff:1591952675:1591952663:&preview=y HTTP/1.1" 200 8681 "-" "Mozilla/5.0 (compatible; Barkrowler/0.9; +https://babbar.tech/crawler)"
154.54.249.197 - - [04/Jul/2022:05:12:39 +0200] "GET /PodCast/Etnastara?action=edit&restore=diff:1201270959:1201270959:&preview=y HTTP/1.1" 200 8696 "-" "Mozilla/5.0 (compatible; Barkrowler/0.9; +https://babbar.tech/crawler)"
