194.209.200.2 - - [20/Nov/2022:00:02:38 +0100] "GET /robots.txt HTTP/1.1" 200 - "-" "Mozilla/5.0 (compatible; TMMBot/0.2; +http://www.dslab.ch)/Nutch-1.15"
194.209.200.2 - - [20/Nov/2022:00:02:38 +0100] "GET /Texte/Schrybwys HTTP/1.1" 200 11028 "-" "Mozilla/5.0 (compatible; TMMBot/0.2; +http://www.dslab.ch)/Nutch-1.15"
194.209.200.2 - - [20/Nov/2022:00:03:37 +0100] "GET /Texte/GDicht HTTP/1.1" 200 8050 "-" "Mozilla/5.0 (compatible; TMMBot/0.2; +http://www.dslab.ch)/Nutch-1.15"
157.55.39.48 - - [20/Nov/2022:00:04:41 +0100] "GET /PodCast/Spraachverglych?action=print HTTP/1.1" 403 18 "-" "Mozilla/5.0 AppleWebKit/537.36 (KHTML, like Gecko; compatible; bingbot/2.0; +http://www.bing.com/bingbot.htm) Chrome/103.0.5060.134 Safari/537.36"
207.46.13.46 - - [20/Nov/2022:00:06:28 +0100] "GET /Site/43Fasnacht HTTP/1.1" 200 8329 "-" "Mozilla/5.0 AppleWebKit/537.36 (KHTML, like Gecko; compatible; bingbot/2.0; +http://www.bing.com/bingbot.htm) Chrome/103.0.5060.134 Safari/537.36"
3.216.185.164 - - [20/Nov/2022:00:13:39 +0100] "GET /PodCast/IndexPage?action=rss HTTP/1.1" 200 6298 "-" "PocketCasts/1.0 (Pocket Casts Feed Parser; +http://pocketcasts.com/)"
185.191.171.24 - - [20/Nov/2022:00:18:27 +0100] "GET /robots.txt HTTP/1.1" 200 - "-" "Mozilla/5.0 (compatible; SemrushBot/7~bl; +http://www.semrush.com/bot.html)"
185.191.171.6 - - [20/Nov/2022:00:18:28 +0100] "GET /PmWikiFr/DocumentationGuidelines HTTP/1.1" 200 19258 "-" "Mozilla/5.0 (compatible; SemrushBot/7~bl; +http://www.semrush.com/bot.html)"
216.244.66.243 - - [20/Nov/2022:00:19:33 +0100] "GET /uploads/PodCast/Limerick27.mp3 HTTP/1.1" 200 417681 "-" "Mozilla/5.0 (compatible; DotBot/1.2; +https://opensiteexplorer.org/dotbot; help@moz.com)"
216.244.66.243 - - [20/Nov/2022:00:20:02 +0100] "GET /PmWikiFr/SitePreferences HTTP/1.1" 200 10946 "-" "Mozilla/5.0 (compatible; DotBot/1.2; +https://opensiteexplorer.org/dotbot; help@moz.com)"
85.25.185.196 - - [20/Nov/2022:00:23:09 +0100] "GET / HTTP/1.1" 200 15085 "-" "Mozilla/5.0 (Macintosh; Intel Mac OS X 10.15; rv:103.0) Gecko/20100101 Firefox/103.0"
85.25.185.196 - - [20/Nov/2022:00:23:15 +0100] "GET /sitemap.xml HTTP/1.1" 404 281 "-" "Mozilla/5.0 (Macintosh; Intel Mac OS X 10.15; rv:103.0) Gecko/20100101 Firefox/103.0"
66.249.76.235 - - [20/Nov/2022:00:33:29 +0100] "GET /Main/Home HTTP/1.1" 200 15085 "-" "Mozilla/5.0 (Linux; Android 6.0.1; Nexus 5X Build/MMB29P) AppleWebKit/537.36 (KHTML, like Gecko) Chrome/107.0.5304.110 Mobile Safari/537.36 (compatible; Googlebot/2.1; +http://www.google.com/bot.html)"
66.249.76.237 - - [20/Nov/2022:00:35:31 +0100] "GET /PodCast/IndexPage?action=rss HTTP/1.1" 200 6298 "-" "Mozilla/5.0 (compatible; Googlebot/2.1; +http://www.google.com/bot.html)"
194.209.200.2 - - [20/Nov/2022:00:37:01 +0100] "GET /robots.txt HTTP/1.1" 200 - "-" "Mozilla/5.0 (compatible; TMMBot/0.2; +http://www.dslab.ch)/Nutch-1.15"
194.209.200.2 - - [20/Nov/2022:00:37:01 +0100] "GET /Texte/Schrybwys HTTP/1.1" 200 11028 "-" "Mozilla/5.0 (compatible; TMMBot/0.2; +http://www.dslab.ch)/Nutch-1.15"
157.55.39.185 - - [20/Nov/2022:00:37:29 +0100] "GET /PodCast/Griechestroom?action=upload HTTP/1.1" 403 18 "-" "Mozilla/5.0 AppleWebKit/537.36 (KHTML, like Gecko; compatible; bingbot/2.0; +http://www.bing.com/bingbot.htm) Chrome/103.0.5060.134 Safari/537.36"
194.209.200.2 - - [20/Nov/2022:00:38:38 +0100] "GET /Texte/GDicht HTTP/1.1" 200 8050 "-" "Mozilla/5.0 (compatible; TMMBot/0.2; +http://www.dslab.ch)/Nutch-1.15"
195.201.225.227 - - [20/Nov/2022:00:43:18 +0100] "GET / HTTP/1.1" 200 15085 "-" "Mozilla/5.0 (X11; Linux x86_64) AppleWebKit/537.36 (KHTML, like Gecko) Chrome/96.0.4664.45 Safari/537.36"
195.201.225.227 - - [20/Nov/2022:00:43:18 +0100] "GET http://www.pro-zurituutsch.ch/pub/skins/pro-zurituutsch/gila.css HTTP/1.1" 200 10186 "http://www.pro-zurituutsch.ch/" "Mozilla/5.0 (X11; Linux x86_64) AppleWebKit/537.36 (KHTML, like Gecko) Chrome/96.0.4664.45 Safari/537.36"
195.201.225.227 - - [20/Nov/2022:00:43:18 +0100] "GET /uploads/Main/logo.jpg HTTP/1.1" 200 29066 "http://www.pro-zurituutsch.ch/" "Mozilla/5.0 (X11; Linux x86_64) AppleWebKit/537.36 (KHTML, like Gecko) Chrome/96.0.4664.45 Safari/537.36"
195.201.225.227 - - [20/Nov/2022:00:43:19 +0100] "GET http://www.pro-zurituutsch.ch/pub/skins/pro-zurituutsch/images/external.png HTTP/1.1" 200 165 "http://www.pro-zurituutsch.ch/pub/skins/pro-zurituutsch/gila.css" "Mozilla/5.0 (X11; Linux x86_64) AppleWebKit/537.36 (KHTML, like Gecko) Chrome/96.0.4664.45 Safari/537.36"
195.201.225.227 - - [20/Nov/2022:00:43:19 +0100] "GET http://www.pro-zurituutsch.ch/pub/skins/pro-zurituutsch/images/favicon.ico HTTP/1.1" 200 1406 "http://www.pro-zurituutsch.ch/" "Mozilla/5.0 (X11; Linux x86_64) AppleWebKit/537.36 (KHTML, like Gecko) Chrome/96.0.4664.45 Safari/537.36"
172.71.114.36 - - [20/Nov/2022:00:43:20 +0100] "GET /pub/skins/pro-zurituutsch/images/favicon.ico HTTP/1.1" 200 1406 "-" "Mozilla/5.0 (Windows NT 10.0; Win64; x64) AppleWebKit/537.36 (KHTML, like Gecko) hyperbeam/0.22.3 Chrome/104.0.5112.81 Electron/20.0.2 Safari/537.36"
216.244.66.243 - - [20/Nov/2022:01:03:05 +0100] "GET /robots.txt HTTP/1.1" 200 - "-" "Mozilla/5.0 (compatible; DotBot/1.2; +https://opensiteexplorer.org/dotbot; help@moz.com)"
185.191.171.12 - - [20/Nov/2022:01:13:46 +0100] "GET /PmWikiJa/ChangeTimeFormat HTTP/1.1" 200 12820 "-" "Mozilla/5.0 (compatible; SemrushBot/7~bl; +http://www.semrush.com/bot.html)"
40.77.167.46 - - [20/Nov/2022:01:13:53 +0100] "GET /PodCast/JBJKap1?action=edit HTTP/1.1" 403 18 "-" "Mozilla/5.0 AppleWebKit/537.36 (KHTML, like Gecko; compatible; bingbot/2.0; +http://www.bing.com/bingbot.htm) Chrome/103.0.5060.134 Safari/537.36"
194.209.200.2 - - [20/Nov/2022:01:14:27 +0100] "GET /robots.txt HTTP/1.1" 200 - "-" "Mozilla/5.0 (compatible; TMMBot/0.2; +http://www.dslab.ch)/Nutch-1.15"
194.209.200.2 - - [20/Nov/2022:01:14:27 +0100] "GET /Texte/Schrybwys HTTP/1.1" 200 11028 "-" "Mozilla/5.0 (compatible; TMMBot/0.2; +http://www.dslab.ch)/Nutch-1.15"
194.209.200.2 - - [20/Nov/2022:01:15:31 +0100] "GET /Texte/GDicht HTTP/1.1" 200 8050 "-" "Mozilla/5.0 (compatible; TMMBot/0.2; +http://www.dslab.ch)/Nutch-1.15"
216.244.66.243 - - [20/Nov/2022:01:17:24 +0100] "GET /PodCast/JBJInhaltsverzaichnis HTTP/1.1" 200 12203 "-" "Mozilla/5.0 (compatible; DotBot/1.2; +https://opensiteexplorer.org/dotbot; help@moz.com)"
157.55.39.105 - - [20/Nov/2022:01:19:11 +0100] "GET /PodCast/REZMockingbird?action=upload HTTP/1.1" 403 18 "-" "Mozilla/5.0 (compatible; bingbot/2.0; +http://www.bing.com/bingbot.htm)"
85.25.177.219 - - [20/Nov/2022:01:20:02 +0100] "GET /robots.txt HTTP/1.1" 200 - "-" "Mozilla/5.0 (Macintosh; Intel Mac OS X 10.15; rv:103.0) Gecko/20100101 Firefox/103.0"
85.25.177.219 - - [20/Nov/2022:01:20:03 +0100] "GET / HTTP/1.1" 200 15085 "-" "Mozilla/5.0 (Macintosh; Intel Mac OS X 10.15; rv:103.0) Gecko/20100101 Firefox/103.0"
85.25.177.219 - - [20/Nov/2022:01:20:07 +0100] "GET /sitemap.xml HTTP/1.1" 404 277 "-" "Mozilla/5.0 (Macintosh; Intel Mac OS X 10.15; rv:103.0) Gecko/20100101 Firefox/103.0"
216.244.66.243 - - [20/Nov/2022:01:23:03 +0100] "GET /uploads/PodCast/Patriarch.mp3 HTTP/1.1" 200 16449710 "-" "Mozilla/5.0 (compatible; DotBot/1.2; +https://opensiteexplorer.org/dotbot; help@moz.com)"
216.244.66.243 - - [20/Nov/2022:01:25:25 +0100] "GET /uploads/PodCast/RURAkITail1.mp3 HTTP/1.1" 200 15037896 "-" "Mozilla/5.0 (compatible; DotBot/1.2; +https://opensiteexplorer.org/dotbot; help@moz.com)"
40.77.167.46 - - [20/Nov/2022:01:27:09 +0100] "GET /JissIBNJoussouff5/02?action=edit HTTP/1.1" 404 18 "-" "Mozilla/5.0 AppleWebKit/537.36 (KHTML, like Gecko; compatible; bingbot/2.0; +http://www.bing.com/bingbot.htm) Chrome/103.0.5060.134 Safari/537.36"
66.249.70.207 - - [20/Nov/2022:01:29:15 +0100] "GET /PodCast/IndexPage?action=rss HTTP/1.1" 200 6298 "-" "Mozilla/5.0 (compatible; Googlebot/2.1; +http://www.google.com/bot.html)"
157.55.39.105 - - [20/Nov/2022:01:35:13 +0100] "GET /Site/131MIringe1483?action=edit HTTP/1.1" 404 18 "-" "Mozilla/5.0 AppleWebKit/537.36 (KHTML, like Gecko; compatible; bingbot/2.0; +http://www.bing.com/bingbot.htm) Chrome/103.0.5060.134 Safari/537.36"
3.90.183.74 - - [20/Nov/2022:01:42:00 +0100] "GET /PodCast/IndexPage?action=rss HTTP/1.1" 200 6298 "-" "PlayerFM/1.0 Podcast Sync (1 subscribers; url=https://player.fm/series/podcast-2872909)"
157.55.39.185 - - [20/Nov/2022:01:42:48 +0100] "GET /PodCast/Zwangsabonemang?action=diff HTTP/1.1" 403 18 "-" "Mozilla/5.0 (compatible; bingbot/2.0; +http://www.bing.com/bingbot.htm)"
168.119.51.163 - - [20/Nov/2022:01:42:52 +0100] "GET /robots.txt HTTP/1.1" 200 - "-" "Mozilla/5.0 (compatible; um-IC/1.0; mailto: techinfo@ubermetrics-technologies.com; Windows NT 6.1; WOW64; rv:40.0) Gecko/20100101 Firefox/40.1"
168.119.51.163 - - [20/Nov/2022:01:42:52 +0100] "GET /PodCast/IndexPage?action=rss HTTP/1.1" 200 6298 "-" "Mozilla/5.0 (compatible; um-IC/1.0; mailto: techinfo@ubermetrics-technologies.com; Windows NT 6.1; WOW64; rv:40.0) Gecko/20100101 Firefox/40.1"
194.209.200.2 - - [20/Nov/2022:01:47:36 +0100] "GET /robots.txt HTTP/1.1" 200 - "-" "Mozilla/5.0 (compatible; TMMBot/0.2; +http://www.dslab.ch)/Nutch-1.15"
194.209.200.2 - - [20/Nov/2022:01:47:36 +0100] "GET /Texte/Schrybwys HTTP/1.1" 200 11028 "-" "Mozilla/5.0 (compatible; TMMBot/0.2; +http://www.dslab.ch)/Nutch-1.15"
3.219.254.95 - - [20/Nov/2022:01:48:36 +0100] "GET /PodCast/IndexPage?action=rss HTTP/1.1" 200 6298 "-" "PocketCasts/1.0 (Pocket Casts Feed Parser; +http://pocketcasts.com/)"
194.209.200.2 - - [20/Nov/2022:01:48:36 +0100] "GET /Texte/GDicht HTTP/1.1" 200 8050 "-" "Mozilla/5.0 (compatible; TMMBot/0.2; +http://www.dslab.ch)/Nutch-1.15"
216.244.66.243 - - [20/Nov/2022:01:52:34 +0100] "GET /robots.txt HTTP/1.1" 200 - "-" "Mozilla/5.0 (compatible; DotBot/1.2; +https://opensiteexplorer.org/dotbot; help@moz.com)"
157.55.39.185 - - [20/Nov/2022:01:54:49 +0100] "GET /Site/Search?pagename=Site%2FSearch&q= HTTP/1.1" 200 10615 "-" "Mozilla/5.0 (compatible; bingbot/2.0; +http://www.bing.com/bingbot.htm)"
157.55.39.185 - - [20/Nov/2022:01:54:50 +0100] "GET /PodCast/Spraachverglych?action=upload HTTP/1.1" 403 18 "-" "Mozilla/5.0 AppleWebKit/537.36 (KHTML, like Gecko; compatible; bingbot/2.0; +http://www.bing.com/bingbot.htm) Chrome/103.0.5060.134 Safari/537.36"
3.216.185.164 - - [20/Nov/2022:01:59:39 +0100] "GET /PodCast/IndexPage?action=rss HTTP/1.1" 200 6298 "-" "PocketCasts/1.0 (Pocket Casts Feed Parser; +http://pocketcasts.com/)"
85.25.185.196 - - [20/Nov/2022:02:02:47 +0100] "GET /Main/Home HTTP/1.1" 200 15085 "-" "Mozilla/5.0 (Macintosh; Intel Mac OS X 10.15; rv:103.0) Gecko/20100101 Firefox/103.0"
54.167.13.40 - - [20/Nov/2022:02:08:48 +0100] "GET /PodCast/IndexPage?action=rss HTTP/1.1" 200 6298 "-" "PlayerFM/1.0 Podcast Sync (1 subscribers; url=https://player.fm/series/podcast-2872909)"
217.113.194.70 - - [20/Nov/2022:02:13:09 +0100] "GET /robots.txt HTTP/1.1" 200 - "-" "Mozilla/5.0 (compatible; Barkrowler/0.9; +https://babbar.tech/crawler)"
217.113.194.97 - - [20/Nov/2022:02:13:24 +0100] "GET /Main/Home HTTP/1.1" 200 15085 "-" "Mozilla/5.0 (compatible; Barkrowler/0.9; +https://babbar.tech/crawler)"
217.113.194.90 - - [20/Nov/2022:02:13:39 +0100] "GET /PmWikiIt HTTP/1.1" 302 169 "-" "Mozilla/5.0 (compatible; Barkrowler/0.9; +https://babbar.tech/crawler)"
217.113.194.116 - - [20/Nov/2022:02:13:54 +0100] "GET /Main/Home?action=print HTTP/1.1" 200 9353 "-" "Mozilla/5.0 (compatible; Barkrowler/0.9; +https://babbar.tech/crawler)"
217.113.194.82 - - [20/Nov/2022:02:14:09 +0100] "GET /PmWikiEs HTTP/1.1" 302 169 "-" "Mozilla/5.0 (compatible; Barkrowler/0.9; +https://babbar.tech/crawler)"
217.113.194.123 - - [20/Nov/2022:02:14:24 +0100] "GET /PmWikiPo HTTP/1.1" 302 169 "-" "Mozilla/5.0 (compatible; Barkrowler/0.9; +https://babbar.tech/crawler)"
216.244.66.243 - - [20/Nov/2022:02:14:18 +0100] "GET /uploads/Site/171AmStadelhofe1489.mp3 HTTP/1.1" 200 38163562 "-" "Mozilla/5.0 (compatible; DotBot/1.2; +https://opensiteexplorer.org/dotbot; help@moz.com)"
217.113.194.86 - - [20/Nov/2022:02:14:40 +0100] "GET /PmWikiPl HTTP/1.1" 302 169 "-" "Mozilla/5.0 (compatible; Barkrowler/0.9; +https://babbar.tech/crawler)"
217.113.194.86 - - [20/Nov/2022:02:14:55 +0100] "GET /PmWikiSi HTTP/1.1" 302 169 "-" "Mozilla/5.0 (compatible; Barkrowler/0.9; +https://babbar.tech/crawler)"
217.113.194.90 - - [20/Nov/2022:02:15:10 +0100] "GET /PmWikiSv HTTP/1.1" 302 169 "-" "Mozilla/5.0 (compatible; Barkrowler/0.9; +https://babbar.tech/crawler)"
85.25.185.196 - - [20/Nov/2022:02:15:21 +0100] "GET /Texte/Roman HTTP/1.1" 200 38741 "-" "Mozilla/5.0 (Macintosh; Intel Mac OS X 10.15; rv:103.0) Gecko/20100101 Firefox/103.0"
217.113.194.66 - - [20/Nov/2022:02:15:25 +0100] "GET /PmWikiSl HTTP/1.1" 302 169 "-" "Mozilla/5.0 (compatible; Barkrowler/0.9; +https://babbar.tech/crawler)"
217.113.194.117 - - [20/Nov/2022:02:15:40 +0100] "GET /PmWikiTr HTTP/1.1" 302 169 "-" "Mozilla/5.0 (compatible; Barkrowler/0.9; +https://babbar.tech/crawler)"
217.113.194.113 - - [20/Nov/2022:02:15:55 +0100] "GET /PmWikiTw HTTP/1.1" 302 169 "-" "Mozilla/5.0 (compatible; Barkrowler/0.9; +https://babbar.tech/crawler)"
217.113.194.94 - - [20/Nov/2022:02:16:10 +0100] "GET /PmWikiDa HTTP/1.1" 302 169 "-" "Mozilla/5.0 (compatible; Barkrowler/0.9; +https://babbar.tech/crawler)"
217.113.194.64 - - [20/Nov/2022:02:16:25 +0100] "GET /PmWikiLt HTTP/1.1" 302 169 "-" "Mozilla/5.0 (compatible; Barkrowler/0.9; +https://babbar.tech/crawler)"
217.113.194.96 - - [20/Nov/2022:02:16:40 +0100] "GET /Pod/Pod?action=edit HTTP/1.1" 200 8509 "-" "Mozilla/5.0 (compatible; Barkrowler/0.9; +https://babbar.tech/crawler)"
217.113.194.83 - - [20/Nov/2022:02:16:55 +0100] "GET /Group/Name?action=edit HTTP/1.1" 200 8551 "-" "Mozilla/5.0 (compatible; Barkrowler/0.9; +https://babbar.tech/crawler)"
217.113.194.126 - - [20/Nov/2022:02:17:11 +0100] "GET /Group/Name?action=upload HTTP/1.1" 200 8451 "-" "Mozilla/5.0 (compatible; Barkrowler/0.9; +https://babbar.tech/crawler)"
217.113.194.80 - - [20/Nov/2022:02:17:26 +0100] "GET /Group/Name?action=diff HTTP/1.1" 200 9104 "-" "Mozilla/5.0 (compatible; Barkrowler/0.9; +https://babbar.tech/crawler)"
216.244.66.243 - - [20/Nov/2022:02:17:30 +0100] "GET /PmWikiDe/IncludeOtherPages HTTP/1.1" 200 9659 "-" "Mozilla/5.0 (compatible; DotBot/1.2; +https://opensiteexplorer.org/dotbot; help@moz.com)"
217.113.194.78 - - [20/Nov/2022:02:17:41 +0100] "GET /Accueil/Menu?action=edit HTTP/1.1" 200 8579 "-" "Mozilla/5.0 (compatible; Barkrowler/0.9; +https://babbar.tech/crawler)"
217.113.194.117 - - [20/Nov/2022:02:17:56 +0100] "GET /Main/SearchWiki?action=edit HTTP/1.1" 200 8623 "-" "Mozilla/5.0 (compatible; Barkrowler/0.9; +https://babbar.tech/crawler)"
217.113.194.108 - - [20/Nov/2022:02:18:11 +0100] "GET /PmWiki/Tables HTTP/1.1" 200 26865 "-" "Mozilla/5.0 (compatible; Barkrowler/0.9; +https://babbar.tech/crawler)"
216.244.66.243 - - [20/Nov/2022:02:17:59 +0100] "GET /uploads/PodCast/Schaidig1.mp3 HTTP/1.1" 200 20944468 "-" "Mozilla/5.0 (compatible; DotBot/1.2; +https://opensiteexplorer.org/dotbot; help@moz.com)"
217.113.194.80 - - [20/Nov/2022:02:18:26 +0100] "GET /Profiles/Max?action=edit HTTP/1.1" 200 8579 "-" "Mozilla/5.0 (compatible; Barkrowler/0.9; +https://babbar.tech/crawler)"
217.113.194.70 - - [20/Nov/2022:02:18:41 +0100] "GET /Site/AllRecentChanges HTTP/1.1" 200 73393 "-" "Mozilla/5.0 (compatible; Barkrowler/0.9; +https://babbar.tech/crawler)"
217.113.194.92 - - [20/Nov/2022:02:18:57 +0100] "GET /Gast/Gast?action=edit HTTP/1.1" 200 8537 "-" "Mozilla/5.0 (compatible; Barkrowler/0.9; +https://babbar.tech/crawler)"
216.244.66.243 - - [20/Nov/2022:02:18:50 +0100] "GET /uploads/PodCast/UberGebuure.mp3 HTTP/1.1" 200 11147525 "-" "Mozilla/5.0 (compatible; DotBot/1.2; +https://opensiteexplorer.org/dotbot; help@moz.com)"
217.113.194.90 - - [20/Nov/2022:02:19:12 +0100] "GET /PmWikiDe/RSS HTTP/1.1" 200 12641 "-" "Mozilla/5.0 (compatible; Barkrowler/0.9; +https://babbar.tech/crawler)"
216.244.66.243 - - [20/Nov/2022:02:19:24 +0100] "GET /PmWikiFr/Contributors HTTP/1.1" 200 12340 "-" "Mozilla/5.0 (compatible; DotBot/1.2; +https://opensiteexplorer.org/dotbot; help@moz.com)"
217.113.194.78 - - [20/Nov/2022:02:19:27 +0100] "GET /PmWiki/WikiStyles HTTP/1.1" 200 33389 "-" "Mozilla/5.0 (compatible; Barkrowler/0.9; +https://babbar.tech/crawler)"
217.113.194.102 - - [20/Nov/2022:02:19:42 +0100] "GET /PmWiki/WikiTrails HTTP/1.1" 200 26175 "-" "Mozilla/5.0 (compatible; Barkrowler/0.9; +https://babbar.tech/crawler)"
216.244.66.243 - - [20/Nov/2022:02:19:54 +0100] "GET /PmWikiFr/Requirements HTTP/1.1" 200 11367 "-" "Mozilla/5.0 (compatible; DotBot/1.2; +https://opensiteexplorer.org/dotbot; help@moz.com)"
217.113.194.74 - - [20/Nov/2022:02:19:57 +0100] "GET /PmWiki/Uploads HTTP/1.1" 200 22218 "-" "Mozilla/5.0 (compatible; Barkrowler/0.9; +https://babbar.tech/crawler)"
194.209.200.2 - - [20/Nov/2022:02:20:00 +0100] "GET /robots.txt HTTP/1.1" 200 - "-" "Mozilla/5.0 (compatible; TMMBot/0.2; +http://www.dslab.ch)/Nutch-1.15"
194.209.200.2 - - [20/Nov/2022:02:20:00 +0100] "GET /Texte/Schrybwys HTTP/1.1" 200 11028 "-" "Mozilla/5.0 (compatible; TMMBot/0.2; +http://www.dslab.ch)/Nutch-1.15"
157.55.39.185 - - [20/Nov/2022:02:20:10 +0100] "GET /PodCast/Gvatterle?action=upload HTTP/1.1" 403 18 "-" "Mozilla/5.0 (compatible; bingbot/2.0; +http://www.bing.com/bingbot.htm)"
217.113.194.93 - - [20/Nov/2022:02:20:13 +0100] "GET /PmWiki/Upgrades HTTP/1.1" 200 22814 "-" "Mozilla/5.0 (compatible; Barkrowler/0.9; +https://babbar.tech/crawler)"
217.113.194.115 - - [20/Nov/2022:02:20:28 +0100] "GET /PmWiki/InterMap HTTP/1.1" 200 19427 "-" "Mozilla/5.0 (compatible; Barkrowler/0.9; +https://babbar.tech/crawler)"
217.113.194.121 - - [20/Nov/2022:02:20:43 +0100] "GET /PmWiki/Audiences HTTP/1.1" 200 13856 "-" "Mozilla/5.0 (compatible; Barkrowler/0.9; +https://babbar.tech/crawler)"
185.191.171.25 - - [20/Nov/2022:02:20:46 +0100] "GET /robots.txt HTTP/1.1" 200 - "-" "Mozilla/5.0 (compatible; SemrushBot/7~bl; +http://www.semrush.com/bot.html)"
185.191.171.40 - - [20/Nov/2022:02:20:46 +0100] "GET /PmWikiDe/WikiStyleExamples HTTP/1.1" 200 17473 "-" "Mozilla/5.0 (compatible; SemrushBot/7~bl; +http://www.semrush.com/bot.html)"
217.113.194.111 - - [20/Nov/2022:02:20:58 +0100] "GET /PmWiki/Variables HTTP/1.1" 200 61817 "-" "Mozilla/5.0 (compatible; Barkrowler/0.9; +https://babbar.tech/crawler)"
194.209.200.2 - - [20/Nov/2022:02:21:02 +0100] "GET /Texte/GDicht HTTP/1.1" 200 8050 "-" "Mozilla/5.0 (compatible; TMMBot/0.2; +http://www.dslab.ch)/Nutch-1.15"
217.113.194.80 - - [20/Nov/2022:02:21:14 +0100] "GET /PmWiki/Glossary HTTP/1.1" 200 16412 "-" "Mozilla/5.0 (compatible; Barkrowler/0.9; +https://babbar.tech/crawler)"
217.113.194.75 - - [20/Nov/2022:02:21:29 +0100] "GET /PmWiki/ChangeLog HTTP/1.1" 200 104821 "-" "Mozilla/5.0 (compatible; Barkrowler/0.9; +https://babbar.tech/crawler)"
217.113.194.90 - - [20/Nov/2022:02:21:44 +0100] "GET /PmWikiFr/Links HTTP/1.1" 200 16624 "-" "Mozilla/5.0 (compatible; Barkrowler/0.9; +https://babbar.tech/crawler)"
217.113.194.76 - - [20/Nov/2022:02:22:00 +0100] "GET /PmWikiFr/Tables HTTP/1.1" 200 15945 "-" "Mozilla/5.0 (compatible; Barkrowler/0.9; +https://babbar.tech/crawler)"
217.113.194.99 - - [20/Nov/2022:02:22:15 +0100] "GET /PmWikiFr/RSS HTTP/1.1" 200 13285 "-" "Mozilla/5.0 (compatible; Barkrowler/0.9; +https://babbar.tech/crawler)"
217.113.194.112 - - [20/Nov/2022:02:22:30 +0100] "GET /PmWikiFr/Images HTTP/1.1" 200 22078 "-" "Mozilla/5.0 (compatible; Barkrowler/0.9; +https://babbar.tech/crawler)"
217.113.194.72 - - [20/Nov/2022:02:22:45 +0100] "GET /PmWiki/RefCount HTTP/1.1" 200 11857 "-" "Mozilla/5.0 (compatible; Barkrowler/0.9; +https://babbar.tech/crawler)"
217.113.194.73 - - [20/Nov/2022:02:23:00 +0100] "GET /RUR01/02?action=diff HTTP/1.1" 200 9073 "-" "Mozilla/5.0 (compatible; Barkrowler/0.9; +https://babbar.tech/crawler)"
217.113.194.72 - - [20/Nov/2022:02:23:15 +0100] "GET /Texte/Texte?action=edit HTTP/1.1" 200 8565 "-" "Mozilla/5.0 (compatible; Barkrowler/0.9; +https://babbar.tech/crawler)"
217.113.194.122 - - [20/Nov/2022:02:23:30 +0100] "GET /Rur01/01?action=edit HTTP/1.1" 200 8524 "-" "Mozilla/5.0 (compatible; Barkrowler/0.9; +https://babbar.tech/crawler)"
217.113.194.68 - - [20/Nov/2022:02:23:46 +0100] "GET /Rur01/01?action=upload HTTP/1.1" 200 8424 "-" "Mozilla/5.0 (compatible; Barkrowler/0.9; +https://babbar.tech/crawler)"
217.113.194.74 - - [20/Nov/2022:02:24:01 +0100] "GET /PmWikiPtBr HTTP/1.1" 302 173 "-" "Mozilla/5.0 (compatible; Barkrowler/0.9; +https://babbar.tech/crawler)"
85.25.185.196 - - [20/Nov/2022:02:24:16 +0100] "GET /Main/Home?action=diff HTTP/1.1" 200 43491 "-" "Mozilla/5.0 (Macintosh; Intel Mac OS X 10.15; rv:103.0) Gecko/20100101 Firefox/103.0"
217.113.194.118 - - [20/Nov/2022:02:24:16 +0100] "GET /PmWikiDe/TEST HTTP/1.1" 200 6535 "-" "Mozilla/5.0 (compatible; Barkrowler/0.9; +https://babbar.tech/crawler)"
217.113.194.116 - - [20/Nov/2022:02:24:32 +0100] "GET /PodCast/FallgrouB HTTP/1.1" 404 8216 "-" "Mozilla/5.0 (compatible; Barkrowler/0.9; +https://babbar.tech/crawler)"
217.113.194.86 - - [20/Nov/2022:02:24:47 +0100] "GET /Profiles/HansB?action=edit HTTP/1.1" 200 8609 "-" "Mozilla/5.0 (compatible; Barkrowler/0.9; +https://babbar.tech/crawler)"
85.25.185.196 - - [20/Nov/2022:02:24:52 +0100] "GET /Texte/ZurcherischEnglish HTTP/1.1" 200 8274 "-" "Mozilla/5.0 (Macintosh; Intel Mac OS X 10.15; rv:103.0) Gecko/20100101 Firefox/103.0"
217.113.194.73 - - [20/Nov/2022:02:25:02 +0100] "GET /Main/WikiSandBox?action=edit HTTP/1.1" 200 8639 "-" "Mozilla/5.0 (compatible; Barkrowler/0.9; +https://babbar.tech/crawler)"
217.113.194.109 - - [20/Nov/2022:02:25:17 +0100] "GET /uploads/PodCast/Stolz HTTP/1.1" 304 - "-" "Mozilla/5.0 (compatible; Barkrowler/0.9; +https://babbar.tech/crawler)"
217.113.194.89 - - [20/Nov/2022:02:25:32 +0100] "GET /PmWikiCs/Sandbox HTTP/1.1" 200 9327 "-" "Mozilla/5.0 (compatible; Barkrowler/0.9; +https://babbar.tech/crawler)"
217.113.194.72 - - [20/Nov/2022:02:25:47 +0100] "GET /PmWikiFr/GoodStyle HTTP/1.1" 200 10175 "-" "Mozilla/5.0 (compatible; Barkrowler/0.9; +https://babbar.tech/crawler)"
217.113.194.117 - - [20/Nov/2022:02:26:03 +0100] "GET /PmWikiFr/MakeLink HTTP/1.1" 404 9164 "-" "Mozilla/5.0 (compatible; Barkrowler/0.9; +https://babbar.tech/crawler)"
217.113.194.72 - - [20/Nov/2022:02:26:18 +0100] "GET /Cookbook/ToDo?action=upload HTTP/1.1" 200 8495 "-" "Mozilla/5.0 (compatible; Barkrowler/0.9; +https://babbar.tech/crawler)"
217.113.194.82 - - [20/Nov/2022:02:26:33 +0100] "GET /Cookbook/ToDo?action=edit HTTP/1.1" 200 8595 "-" "Mozilla/5.0 (compatible; Barkrowler/0.9; +https://babbar.tech/crawler)"
217.113.194.92 - - [20/Nov/2022:02:26:48 +0100] "GET /Cookbook/SimpleForum?action=edit HTTP/1.1" 200 8693 "-" "Mozilla/5.0 (compatible; Barkrowler/0.9; +https://babbar.tech/crawler)"
217.113.194.102 - - [20/Nov/2022:02:27:03 +0100] "GET /PITS/00076?action=edit HTTP/1.1" 200 8551 "-" "Mozilla/5.0 (compatible; Barkrowler/0.9; +https://babbar.tech/crawler)"
217.113.194.117 - - [20/Nov/2022:02:27:18 +0100] "GET /Site/AllRecentChanges?action=print HTTP/1.1" 200 93223 "-" "Mozilla/5.0 (compatible; Barkrowler/0.9; +https://babbar.tech/crawler)"
217.113.194.89 - - [20/Nov/2022:02:27:33 +0100] "GET /Hilfe/Hilfe?action=edit HTTP/1.1" 200 8565 "-" "Mozilla/5.0 (compatible; Barkrowler/0.9; +https://babbar.tech/crawler)"
217.113.194.68 - - [20/Nov/2022:02:27:49 +0100] "GET /Hilfe/Hilfe?action=upload HTTP/1.1" 200 8465 "-" "Mozilla/5.0 (compatible; Barkrowler/0.9; +https://babbar.tech/crawler)"
217.113.194.104 - - [20/Nov/2022:02:28:04 +0100] "GET /Hilfe/Hilfe?action=diff HTTP/1.1" 200 9120 "-" "Mozilla/5.0 (compatible; Barkrowler/0.9; +https://babbar.tech/crawler)"
217.113.194.96 - - [20/Nov/2022:02:28:19 +0100] "GET /Accueil/PrSentation?action=edit HTTP/1.1" 200 8679 "-" "Mozilla/5.0 (compatible; Barkrowler/0.9; +https://babbar.tech/crawler)"
217.113.194.77 - - [20/Nov/2022:02:28:34 +0100] "GET /PmWiki/LayoutAdvanced?action=edit HTTP/1.1" 200 8708 "-" "Mozilla/5.0 (compatible; Barkrowler/0.9; +https://babbar.tech/crawler)"
217.113.194.122 - - [20/Nov/2022:02:28:49 +0100] "GET /PmWiki/LayoutCSS?action=edit HTTP/1.1" 200 8638 "-" "Mozilla/5.0 (compatible; Barkrowler/0.9; +https://babbar.tech/crawler)"
217.113.194.64 - - [20/Nov/2022:02:29:04 +0100] "GET /PmWikiVi/XLPage HTTP/1.1" 200 20320 "-" "Mozilla/5.0 (compatible; Barkrowler/0.9; +https://babbar.tech/crawler)"
217.113.194.112 - - [20/Nov/2022:02:29:19 +0100] "GET /PmWikiPtBr/FAQ HTTP/1.1" 200 13025 "-" "Mozilla/5.0 (compatible; Barkrowler/0.9; +https://babbar.tech/crawler)"
217.113.194.113 - - [20/Nov/2022:02:29:34 +0100] "GET /Cookbook/SearchResults?action=edit HTTP/1.1" 200 8721 "-" "Mozilla/5.0 (compatible; Barkrowler/0.9; +https://babbar.tech/crawler)"
217.113.194.124 - - [20/Nov/2022:02:29:49 +0100] "GET /PmWiki/CustomMarkup-Talk HTTP/1.1" 404 8691 "-" "Mozilla/5.0 (compatible; Barkrowler/0.9; +https://babbar.tech/crawler)"
217.113.194.98 - - [20/Nov/2022:02:30:05 +0100] "GET /PmWiki/AuthorTracking?action=edit HTTP/1.1" 200 8708 "-" "Mozilla/5.0 (compatible; Barkrowler/0.9; +https://babbar.tech/crawler)"
217.113.194.79 - - [20/Nov/2022:02:30:20 +0100] "GET /PmWikiNl/DocumentationIndex HTTP/1.1" 404 6961 "-" "Mozilla/5.0 (compatible; Barkrowler/0.9; +https://babbar.tech/crawler)"
217.113.194.81 - - [20/Nov/2022:02:30:35 +0100] "GET /PmWikiRu/SkinTemplates HTTP/1.1" 404 10000 "-" "Mozilla/5.0 (compatible; Barkrowler/0.9; +https://babbar.tech/crawler)"
217.113.194.94 - - [20/Nov/2022:02:30:50 +0100] "GET /PmWikiJa/HorizontalMenu HTTP/1.1" 404 8301 "-" "Mozilla/5.0 (compatible; Barkrowler/0.9; +https://babbar.tech/crawler)"
217.113.194.95 - - [20/Nov/2022:02:31:05 +0100] "GET /PmWikiJa/TitleSpaced HTTP/1.1" 404 8259 "-" "Mozilla/5.0 (compatible; Barkrowler/0.9; +https://babbar.tech/crawler)"
217.113.194.116 - - [20/Nov/2022:02:31:20 +0100] "GET /PmWikiJa/RandomQuote HTTP/1.1" 404 8259 "-" "Mozilla/5.0 (compatible; Barkrowler/0.9; +https://babbar.tech/crawler)"
66.249.76.228 - - [20/Nov/2022:02:31:33 +0100] "GET /PodCast/IndexPage?action=rss HTTP/1.1" 200 6298 "-" "Mozilla/5.0 (compatible; Googlebot/2.1; +http://www.google.com/bot.html)"
217.113.194.73 - - [20/Nov/2022:02:31:35 +0100] "GET /PmWikiJa/XajaxSearch HTTP/1.1" 404 8259 "-" "Mozilla/5.0 (compatible; Barkrowler/0.9; +https://babbar.tech/crawler)"
217.113.194.106 - - [20/Nov/2022:02:31:50 +0100] "GET /PmWikiJa/GeneratePDF HTTP/1.1" 404 8259 "-" "Mozilla/5.0 (compatible; Barkrowler/0.9; +https://babbar.tech/crawler)"
217.113.194.64 - - [20/Nov/2022:02:32:05 +0100] "GET /PmWiki/WikiTrails?action=print HTTP/1.1" 200 19357 "-" "Mozilla/5.0 (compatible; Barkrowler/0.9; +https://babbar.tech/crawler)"
217.113.194.78 - - [20/Nov/2022:02:32:21 +0100] "GET /PmWiki/Audiencia?action=edit HTTP/1.1" 200 8636 "-" "Mozilla/5.0 (compatible; Barkrowler/0.9; +https://babbar.tech/crawler)"
217.113.194.89 - - [20/Nov/2022:02:32:36 +0100] "GET /PmWikiFr/NatureDunWiki HTTP/1.1" 200 10066 "-" "Mozilla/5.0 (compatible; Barkrowler/0.9; +https://babbar.tech/crawler)"
217.113.194.67 - - [20/Nov/2022:02:32:51 +0100] "GET /PmWikiFr/Version?action=upload HTTP/1.1" 200 8917 "-" "Mozilla/5.0 (compatible; Barkrowler/0.9; +https://babbar.tech/crawler)"
217.113.194.67 - - [20/Nov/2022:02:33:06 +0100] "GET /PmWiki/MarkupExpressions HTTP/1.1" 200 22651 "-" "Mozilla/5.0 (compatible; Barkrowler/0.9; +https://babbar.tech/crawler)"
217.113.194.104 - - [20/Nov/2022:02:33:21 +0100] "GET /PmWikiIt/CustomWikiStyles HTTP/1.1" 404 8331 "-" "Mozilla/5.0 (compatible; Barkrowler/0.9; +https://babbar.tech/crawler)"
217.113.194.79 - - [20/Nov/2022:02:33:37 +0100] "GET /Site/Glawbessund?action=upload HTTP/1.1" 200 8535 "-" "Mozilla/5.0 (compatible; Barkrowler/0.9; +https://babbar.tech/crawler)"
217.113.194.85 - - [20/Nov/2022:02:33:52 +0100] "GET /PmWikiPtBr/Senha HTTP/1.1" 200 7279 "-" "Mozilla/5.0 (compatible; Barkrowler/0.9; +https://babbar.tech/crawler)"
217.113.194.66 - - [20/Nov/2022:02:34:07 +0100] "GET /PmWikiDe/Glossar?action=print HTTP/1.1" 200 3164 "-" "Mozilla/5.0 (compatible; Barkrowler/0.9; +https://babbar.tech/crawler)"
217.113.194.113 - - [20/Nov/2022:02:34:22 +0100] "GET /PmWiki/CommentMarkup?action=edit HTTP/1.1" 200 8694 "-" "Mozilla/5.0 (compatible; Barkrowler/0.9; +https://babbar.tech/crawler)"
217.113.194.124 - - [20/Nov/2022:02:34:37 +0100] "GET /PodCast/FallgrouB?action=diff HTTP/1.1" 200 9219 "-" "Mozilla/5.0 (compatible; Barkrowler/0.9; +https://babbar.tech/crawler)"
217.113.194.87 - - [20/Nov/2022:02:34:52 +0100] "GET /PodCast/FallgrouB?action=edit HTTP/1.1" 200 8652 "-" "Mozilla/5.0 (compatible; Barkrowler/0.9; +https://babbar.tech/crawler)"
217.113.194.75 - - [20/Nov/2022:02:35:07 +0100] "GET /PodCast/FallgrouB?action=upload HTTP/1.1" 200 8552 "-" "Mozilla/5.0 (compatible; Barkrowler/0.9; +https://babbar.tech/crawler)"
217.113.194.80 - - [20/Nov/2022:02:35:23 +0100] "GET /PmWikiPtBr/XLPage HTTP/1.1" 200 15268 "-" "Mozilla/5.0 (compatible; Barkrowler/0.9; +https://babbar.tech/crawler)"
217.113.194.118 - - [20/Nov/2022:02:35:38 +0100] "GET /PmWikiDe/Heute?action=print HTTP/1.1" 200 2518 "-" "Mozilla/5.0 (compatible; Barkrowler/0.9; +https://babbar.tech/crawler)"
217.113.194.118 - - [20/Nov/2022:02:35:53 +0100] "GET /PmWikiZhCn/XLPage HTTP/1.1" 200 19072 "-" "Mozilla/5.0 (compatible; Barkrowler/0.9; +https://babbar.tech/crawler)"
217.113.194.115 - - [20/Nov/2022:02:36:08 +0100] "GET /PmWiki/WikiStyleColors?action=edit HTTP/1.1" 200 8724 "-" "Mozilla/5.0 (compatible; Barkrowler/0.9; +https://babbar.tech/crawler)"
217.113.194.92 - - [20/Nov/2022:02:36:23 +0100] "GET /PmWikiFr/WikiStyles?action=print HTTP/1.1" 200 19757 "-" "Mozilla/5.0 (compatible; Barkrowler/0.9; +https://babbar.tech/crawler)"
217.113.194.74 - - [20/Nov/2022:02:36:38 +0100] "GET /PmWikiFr/MakeLink?action=diff HTTP/1.1" 200 9600 "-" "Mozilla/5.0 (compatible; Barkrowler/0.9; +https://babbar.tech/crawler)"
217.113.194.84 - - [20/Nov/2022:02:36:53 +0100] "GET /PmWikiIt/Contributori?action=diff HTTP/1.1" 200 9282 "-" "Mozilla/5.0 (compatible; Barkrowler/0.9; +https://babbar.tech/crawler)"
217.113.194.123 - - [20/Nov/2022:02:37:09 +0100] "GET /PmWikiFr/PagePrincipale?action=print HTTP/1.1" 200 3262 "-" "Mozilla/5.0 (compatible; Barkrowler/0.9; +https://babbar.tech/crawler)"
217.113.194.89 - - [20/Nov/2022:02:37:24 +0100] "GET /PmWikiFr/PagePrincipale?action=edit HTTP/1.1" 200 9117 "-" "Mozilla/5.0 (compatible; Barkrowler/0.9; +https://babbar.tech/crawler)"
217.113.194.85 - - [20/Nov/2022:02:37:40 +0100] "GET /PmWiki/MarkupExpressions?action=print HTTP/1.1" 200 15121 "-" "Mozilla/5.0 (compatible; Barkrowler/0.9; +https://babbar.tech/crawler)"
217.113.194.106 - - [20/Nov/2022:02:37:55 +0100] "GET /PmWikiIt/GroupHeaders?action=edit HTTP/1.1" 200 8709 "-" "Mozilla/5.0 (compatible; Barkrowler/0.9; +https://babbar.tech/crawler)"
217.113.194.103 - - [20/Nov/2022:02:38:10 +0100] "GET /PmWikiIt/WikiWikiWeb?action=edit HTTP/1.1" 200 8697 "-" "Mozilla/5.0 (compatible; Barkrowler/0.9; +https://babbar.tech/crawler)"
217.113.194.66 - - [20/Nov/2022:02:38:25 +0100] "GET /PmWikiJa/SharedPages?action=print HTTP/1.1" 404 2413 "-" "Mozilla/5.0 (compatible; Barkrowler/0.9; +https://babbar.tech/crawler)"
217.113.194.97 - - [20/Nov/2022:02:38:40 +0100] "GET /PmWikiJa/LineBreaks?action=upload HTTP/1.1" 200 8581 "-" "Mozilla/5.0 (compatible; Barkrowler/0.9; +https://babbar.tech/crawler)"
217.113.194.87 - - [20/Nov/2022:02:38:55 +0100] "GET /PmWikiFr/FilePermissions?action=print HTTP/1.1" 404 2429 "-" "Mozilla/5.0 (compatible; Barkrowler/0.9; +https://babbar.tech/crawler)"
217.113.194.103 - - [20/Nov/2022:02:39:11 +0100] "GET /PmWikiJa/SpellChecker?action=print HTTP/1.1" 404 2417 "-" "Mozilla/5.0 (compatible; Barkrowler/0.9; +https://babbar.tech/crawler)"
217.113.194.120 - - [20/Nov/2022:02:39:26 +0100] "GET /PmWiki/FlatFileAdvantages?action=diff HTTP/1.1" 200 9349 "-" "Mozilla/5.0 (compatible; Barkrowler/0.9; +https://babbar.tech/crawler)"
217.113.194.119 - - [20/Nov/2022:02:39:41 +0100] "GET /PmWikiIt/NoteDiDesign?action=diff HTTP/1.1" 200 9286 "-" "Mozilla/5.0 (compatible; Barkrowler/0.9; +https://babbar.tech/crawler)"
217.113.194.119 - - [20/Nov/2022:02:39:56 +0100] "GET /PmWikiIt/AvailableActions?action=edit HTTP/1.1" 200 8765 "-" "Mozilla/5.0 (compatible; Barkrowler/0.9; +https://babbar.tech/crawler)"
217.113.194.99 - - [20/Nov/2022:02:40:11 +0100] "GET /RUR01/01Akt1Tail1?action=upload HTTP/1.1" 200 8558 "-" "Mozilla/5.0 (compatible; Barkrowler/0.9; +https://babbar.tech/crawler)"
217.113.194.94 - - [20/Nov/2022:02:40:26 +0100] "GET /Site/152Konschtanz1485?action=diff HTTP/1.1" 200 25667 "-" "Mozilla/5.0 (compatible; Barkrowler/0.9; +https://babbar.tech/crawler)"
217.113.194.82 - - [20/Nov/2022:02:40:41 +0100] "GET /PmWikiPtBr/XLPage?action=diff HTTP/1.1" 200 8382 "-" "Mozilla/5.0 (compatible; Barkrowler/0.9; +https://babbar.tech/crawler)"
217.113.194.86 - - [20/Nov/2022:02:40:56 +0100] "GET /PmWikiPtBr/XLPage?action=upload HTTP/1.1" 200 7715 "-" "Mozilla/5.0 (compatible; Barkrowler/0.9; +https://babbar.tech/crawler)"
217.113.194.82 - - [20/Nov/2022:02:41:11 +0100] "GET /PmWikiPtBr/XLPage?action=print HTTP/1.1" 200 10430 "-" "Mozilla/5.0 (compatible; Barkrowler/0.9; +https://babbar.tech/crawler)"
85.25.185.196 - - [20/Nov/2022:02:41:12 +0100] "GET /Texte/Gloosse HTTP/1.1" 200 8061 "-" "Mozilla/5.0 (Macintosh; Intel Mac OS X 10.15; rv:103.0) Gecko/20100101 Firefox/103.0"
217.113.194.74 - - [20/Nov/2022:02:41:26 +0100] "GET /PmWikiPtBr/RecentChanges?action=upload HTTP/1.1" 200 7813 "-" "Mozilla/5.0 (compatible; Barkrowler/0.9; +https://babbar.tech/crawler)"
217.113.194.85 - - [20/Nov/2022:02:41:42 +0100] "GET /PmWikiJa/ViewModes?action=diff HTTP/1.1" 200 9236 "-" "Mozilla/5.0 (compatible; Barkrowler/0.9; +https://babbar.tech/crawler)"
217.113.194.111 - - [20/Nov/2022:02:41:57 +0100] "GET /PmWikiJa/ChessMarkup?action=upload HTTP/1.1" 200 8595 "-" "Mozilla/5.0 (compatible; Barkrowler/0.9; +https://babbar.tech/crawler)"
217.113.194.111 - - [20/Nov/2022:02:42:12 +0100] "GET /PmWikiJa/RemoveQuestionMark?action=diff HTTP/1.1" 200 9382 "-" "Mozilla/5.0 (compatible; Barkrowler/0.9; +https://babbar.tech/crawler)"
217.113.194.127 - - [20/Nov/2022:02:42:27 +0100] "GET /PmWikiJa/PageGenerationTime?action=diff HTTP/1.1" 200 9382 "-" "Mozilla/5.0 (compatible; Barkrowler/0.9; +https://babbar.tech/crawler)"
217.113.194.77 - - [20/Nov/2022:02:42:42 +0100] "GET /PmWikiJa/CleanUrls?action=diff HTTP/1.1" 200 9236 "-" "Mozilla/5.0 (compatible; Barkrowler/0.9; +https://babbar.tech/crawler)"
217.113.194.114 - - [20/Nov/2022:02:42:57 +0100] "GET /PmWikiJa/RandomQuote?action=diff HTTP/1.1" 200 9268 "-" "Mozilla/5.0 (compatible; Barkrowler/0.9; +https://babbar.tech/crawler)"
217.113.194.65 - - [20/Nov/2022:02:43:12 +0100] "GET /PmWikiFr/ConfigurationLocale?action=diff HTTP/1.1" 200 9776 "-" "Mozilla/5.0 (compatible; Barkrowler/0.9; +https://babbar.tech/crawler)"
217.113.194.98 - - [20/Nov/2022:02:43:27 +0100] "GET /PodCast/Povritalia2?action=diff HTTP/1.1" 200 16673 "-" "Mozilla/5.0 (compatible; Barkrowler/0.9; +https://babbar.tech/crawler)"
217.113.194.77 - - [20/Nov/2022:02:43:42 +0100] "GET /JissIBNJoussouff3/02?action=edit HTTP/1.1" 200 8694 "-" "Mozilla/5.0 (compatible; Barkrowler/0.9; +https://babbar.tech/crawler)"
217.113.194.117 - - [20/Nov/2022:02:43:58 +0100] "GET /PmWikiPtBr/WikiWikiWeb?action=print HTTP/1.1" 200 6737 "-" "Mozilla/5.0 (compatible; Barkrowler/0.9; +https://babbar.tech/crawler)"
217.113.194.113 - - [20/Nov/2022:02:44:13 +0100] "GET /PmWikiRu/PmWikiPhilosophy?action=upload HTTP/1.1" 200 9215 "-" "Mozilla/5.0 (compatible; Barkrowler/0.9; +https://babbar.tech/crawler)"
217.113.194.75 - - [20/Nov/2022:02:44:28 +0100] "GET /PmWikiRu/MailingLists?action=diff HTTP/1.1" 200 9832 "-" "Mozilla/5.0 (compatible; Barkrowler/0.9; +https://babbar.tech/crawler)"
217.113.194.98 - - [20/Nov/2022:02:44:43 +0100] "GET /PmWikiJa/AuthenticatedAsConditional HTTP/1.1" 404 8471 "-" "Mozilla/5.0 (compatible; Barkrowler/0.9; +https://babbar.tech/crawler)"
217.113.194.117 - - [20/Nov/2022:02:44:58 +0100] "GET /PmWikiIt/SimpleTables2?action=diff HTTP/1.1" 200 9302 "-" "Mozilla/5.0 (compatible; Barkrowler/0.9; +https://babbar.tech/crawler)"
217.113.194.81 - - [20/Nov/2022:02:45:13 +0100] "GET /PodCast/FHrereid2?action=diff HTTP/1.1" 200 9221 "-" "Mozilla/5.0 (compatible; Barkrowler/0.9; +https://babbar.tech/crawler)"
217.113.194.70 - - [20/Nov/2022:02:45:28 +0100] "GET /PodCast/RURAkt1TIl5?action=edit HTTP/1.1" 200 8688 "-" "Mozilla/5.0 (compatible; Barkrowler/0.9; +https://babbar.tech/crawler)"
217.113.194.69 - - [20/Nov/2022:02:45:43 +0100] "GET /PodCast/RURAkt1TIl5?action=upload HTTP/1.1" 200 8588 "-" "Mozilla/5.0 (compatible; Barkrowler/0.9; +https://babbar.tech/crawler)"
217.113.194.117 - - [20/Nov/2022:02:45:58 +0100] "GET /Site/141TaagsatzigIV1484?action=edit HTTP/1.1" 200 8753 "-" "Mozilla/5.0 (compatible; Barkrowler/0.9; +https://babbar.tech/crawler)"
217.113.194.119 - - [20/Nov/2022:02:46:14 +0100] "GET /Site/141TaagsatzigIV1484?action=diff HTTP/1.1" 200 25699 "-" "Mozilla/5.0 (compatible; Barkrowler/0.9; +https://babbar.tech/crawler)"
217.113.194.127 - - [20/Nov/2022:02:46:29 +0100] "GET /Site/141TaagsatzigIV1484?action=upload HTTP/1.1" 200 8653 "-" "Mozilla/5.0 (compatible; Barkrowler/0.9; +https://babbar.tech/crawler)"
217.113.194.121 - - [20/Nov/2022:02:46:44 +0100] "GET /JissIBNJoussouff3/02?action=diff HTTP/1.1" 200 9671 "-" "Mozilla/5.0 (compatible; Barkrowler/0.9; +https://babbar.tech/crawler)"
217.113.194.66 - - [20/Nov/2022:02:46:59 +0100] "GET /JissIBNJoussouff3/02?action=upload HTTP/1.1" 200 8594 "-" "Mozilla/5.0 (compatible; Barkrowler/0.9; +https://babbar.tech/crawler)"
217.113.194.87 - - [20/Nov/2022:02:47:14 +0100] "GET /JissIBNJoussouff7/01?action=diff HTTP/1.1" 200 9673 "-" "Mozilla/5.0 (compatible; Barkrowler/0.9; +https://babbar.tech/crawler)"
217.113.194.101 - - [20/Nov/2022:02:47:29 +0100] "GET /JissIBNJoussouff7/01?action=edit HTTP/1.1" 200 8694 "-" "Mozilla/5.0 (compatible; Barkrowler/0.9; +https://babbar.tech/crawler)"
217.113.194.98 - - [20/Nov/2022:02:47:44 +0100] "GET /JissIBNJoussouff7/01?action=upload HTTP/1.1" 200 8594 "-" "Mozilla/5.0 (compatible; Barkrowler/0.9; +https://babbar.tech/crawler)"
217.113.194.81 - - [20/Nov/2022:02:47:59 +0100] "GET /JissIBNJoussouff4/02?action=edit HTTP/1.1" 200 8694 "-" "Mozilla/5.0 (compatible; Barkrowler/0.9; +https://babbar.tech/crawler)"
217.113.194.94 - - [20/Nov/2022:02:48:14 +0100] "GET /JissIBNJoussouff4/02?action=upload HTTP/1.1" 200 8594 "-" "Mozilla/5.0 (compatible; Barkrowler/0.9; +https://babbar.tech/crawler)"
217.113.194.78 - - [20/Nov/2022:02:48:30 +0100] "GET /PmWikiVi/QuocTeHoa?action=edit HTTP/1.1" 200 11612 "-" "Mozilla/5.0 (compatible; Barkrowler/0.9; +https://babbar.tech/crawler)"
217.113.194.94 - - [20/Nov/2022:02:48:45 +0100] "GET /PmWikiVi/QuocTeHoa?action=upload HTTP/1.1" 200 11512 "-" "Mozilla/5.0 (compatible; Barkrowler/0.9; +https://babbar.tech/crawler)"
217.113.194.99 - - [20/Nov/2022:02:49:00 +0100] "GET /PmWikiVi/QuocTeHoa?action=print HTTP/1.1" 200 9257 "-" "Mozilla/5.0 (compatible; Barkrowler/0.9; +https://babbar.tech/crawler)"
217.113.194.102 - - [20/Nov/2022:02:49:15 +0100] "GET /PmWikiVi/QuocTeHoa?action=diff HTTP/1.1" 200 12181 "-" "Mozilla/5.0 (compatible; Barkrowler/0.9; +https://babbar.tech/crawler)"
217.113.194.99 - - [20/Nov/2022:02:49:30 +0100] "GET /PmWikiPtBr/PatrickMichaud?action=edit HTTP/1.1" 200 7927 "-" "Mozilla/5.0 (compatible; Barkrowler/0.9; +https://babbar.tech/crawler)"
217.113.194.94 - - [20/Nov/2022:02:49:45 +0100] "GET /PmWikiFr/LiensAvecArobase?action=edit HTTP/1.1" 200 9147 "-" "Mozilla/5.0 (compatible; Barkrowler/0.9; +https://babbar.tech/crawler)"
217.113.194.95 - - [20/Nov/2022:02:50:00 +0100] "GET /PmWikiFr/SautsDeLigne?action=diff HTTP/1.1" 200 9666 "-" "Mozilla/5.0 (compatible; Barkrowler/0.9; +https://babbar.tech/crawler)"
217.113.194.117 - - [20/Nov/2022:02:50:15 +0100] "GET /Site/PageActions?action=diff&source=n&minor=n HTTP/1.1" 200 9208 "-" "Mozilla/5.0 (compatible; Barkrowler/0.9; +https://babbar.tech/crawler)"
217.113.194.89 - - [20/Nov/2022:02:50:30 +0100] "GET /Site/Glychniss?action=diff&source=n&minor=n HTTP/1.1" 200 11064 "-" "Mozilla/5.0 (compatible; Barkrowler/0.9; +https://babbar.tech/crawler)"
194.209.200.2 - - [20/Nov/2022:02:50:40 +0100] "GET /robots.txt HTTP/1.1" 200 - "-" "Mozilla/5.0 (compatible; TMMBot/0.2; +http://www.dslab.ch)/Nutch-1.15"
194.209.200.2 - - [20/Nov/2022:02:50:40 +0100] "GET /Texte/Schrybwys HTTP/1.1" 200 11028 "-" "Mozilla/5.0 (compatible; TMMBot/0.2; +http://www.dslab.ch)/Nutch-1.15"
217.113.194.120 - - [20/Nov/2022:02:50:46 +0100] "GET /Site/200Quellen?action=diff&source=n&minor=n HTTP/1.1" 200 24105 "-" "Mozilla/5.0 (compatible; Barkrowler/0.9; +https://babbar.tech/crawler)"
217.113.194.67 - - [20/Nov/2022:02:51:01 +0100] "GET /Hilfe/Hilfe?action=diff&source=n&minor=n HTTP/1.1" 200 9126 "-" "Mozilla/5.0 (compatible; Barkrowler/0.9; +https://babbar.tech/crawler)"
207.46.13.46 - - [20/Nov/2022:02:51:04 +0100] "GET /PodCast/Limerick34 HTTP/1.1" 200 8268 "-" "Mozilla/5.0 AppleWebKit/537.36 (KHTML, like Gecko; compatible; bingbot/2.0; +http://www.bing.com/bingbot.htm) Chrome/103.0.5060.134 Safari/537.36"
217.113.194.71 - - [20/Nov/2022:02:51:16 +0100] "GET /Hilfe/Quicktime?action=diff&source=n&minor=n HTTP/1.1" 200 10611 "-" "Mozilla/5.0 (compatible; Barkrowler/0.9; +https://babbar.tech/crawler)"
217.113.194.81 - - [20/Nov/2022:02:51:31 +0100] "GET /Texte/Rezension?action=diff&source=n&minor=n HTTP/1.1" 200 19294 "-" "Mozilla/5.0 (compatible; Barkrowler/0.9; +https://babbar.tech/crawler)"
194.209.200.2 - - [20/Nov/2022:02:51:38 +0100] "GET /Texte/GDicht HTTP/1.1" 200 8050 "-" "Mozilla/5.0 (compatible; TMMBot/0.2; +http://www.dslab.ch)/Nutch-1.15"
114.119.156.27 - - [20/Nov/2022:02:51:44 +0100] "GET /robots.txt HTTP/1.1" 200 - "-" "Mozilla/5.0 (compatible;PetalBot;+https://webmaster.petalsearch.com/site/petalbot)"
217.113.194.122 - - [20/Nov/2022:02:51:46 +0100] "GET /Texte/Gloosse?action=diff&source=n&minor=n HTTP/1.1" 200 9553 "-" "Mozilla/5.0 (compatible; Barkrowler/0.9; +https://babbar.tech/crawler)"
217.113.194.117 - - [20/Nov/2022:02:52:01 +0100] "GET /PmWiki/References?action=diff&source=n&minor=n HTTP/1.1" 200 9223 "-" "Mozilla/5.0 (compatible; Barkrowler/0.9; +https://babbar.tech/crawler)"
217.113.194.85 - - [20/Nov/2022:02:52:16 +0100] "GET /PmWiki/Installation?action=diff&source=n&minor=n HTTP/1.1" 200 9269 "-" "Mozilla/5.0 (compatible; Barkrowler/0.9; +https://babbar.tech/crawler)"
217.113.194.71 - - [20/Nov/2022:02:52:31 +0100] "GET /PmWiki/Introduction?action=diff&source=n&minor=n HTTP/1.1" 200 9255 "-" "Mozilla/5.0 (compatible; Barkrowler/0.9; +https://babbar.tech/crawler)"
217.113.194.94 - - [20/Nov/2022:02:52:46 +0100] "GET /PmWikiVi/BNgCPCao?action=edit HTTP/1.1" 200 11594 "-" "Mozilla/5.0 (compatible; Barkrowler/0.9; +https://babbar.tech/crawler)"
217.113.194.72 - - [20/Nov/2022:02:53:02 +0100] "GET /PmWikiPtBr/OutrasLinguas?action=edit HTTP/1.1" 200 7913 "-" "Mozilla/5.0 (compatible; Barkrowler/0.9; +https://babbar.tech/crawler)"
217.113.194.84 - - [20/Nov/2022:02:53:17 +0100] "GET /PmWikiPtBr/PatrickMichaud?action=diff HTTP/1.1" 200 8510 "-" "Mozilla/5.0 (compatible; Barkrowler/0.9; +https://babbar.tech/crawler)"
217.113.194.64 - - [20/Nov/2022:02:53:32 +0100] "GET /PmWikiPtBr/PatrickMichaud?action=upload HTTP/1.1" 200 7827 "-" "Mozilla/5.0 (compatible; Barkrowler/0.9; +https://babbar.tech/crawler)"
85.25.185.196 - - [20/Nov/2022:02:53:40 +0100] "GET /Main/Home?action=print HTTP/1.1" 200 9353 "-" "Mozilla/5.0 (Macintosh; Intel Mac OS X 10.15; rv:103.0) Gecko/20100101 Firefox/103.0"
217.113.194.70 - - [20/Nov/2022:02:53:47 +0100] "GET /PmWikiPtBr/PatrickMichaud?action=print HTTP/1.1" 200 2534 "-" "Mozilla/5.0 (compatible; Barkrowler/0.9; +https://babbar.tech/crawler)"
217.113.194.72 - - [20/Nov/2022:02:54:02 +0100] "GET /PmWikiNl/TekstOpmaakBrochure?action=edit HTTP/1.1" 200 7413 "-" "Mozilla/5.0 (compatible; Barkrowler/0.9; +https://babbar.tech/crawler)"
217.113.194.99 - - [20/Nov/2022:02:54:17 +0100] "GET /PmWiki/WikiPage?action=diff&source=n&minor=n HTTP/1.1" 200 9193 "-" "Mozilla/5.0 (compatible; Barkrowler/0.9; +https://babbar.tech/crawler)"
217.113.194.81 - - [20/Nov/2022:02:54:32 +0100] "GET /PmWiki/Skins?action=diff&source=n&minor=n HTTP/1.1" 200 9143 "-" "Mozilla/5.0 (compatible; Barkrowler/0.9; +https://babbar.tech/crawler)"
217.113.194.71 - - [20/Nov/2022:02:54:47 +0100] "GET /PmWiki/Questions?action=diff&source=n&minor=n HTTP/1.1" 200 9207 "-" "Mozilla/5.0 (compatible; Barkrowler/0.9; +https://babbar.tech/crawler)"
217.113.194.115 - - [20/Nov/2022:02:55:02 +0100] "GET /PmWiki/PageHistory?action=diff&source=n&minor=n HTTP/1.1" 200 9241 "-" "Mozilla/5.0 (compatible; Barkrowler/0.9; +https://babbar.tech/crawler)"
217.113.194.70 - - [20/Nov/2022:02:55:17 +0100] "GET /PmWiki/SpecialPages?action=diff&source=n&minor=n HTTP/1.1" 200 9257 "-" "Mozilla/5.0 (compatible; Barkrowler/0.9; +https://babbar.tech/crawler)"
217.113.194.120 - - [20/Nov/2022:02:55:33 +0100] "GET /PmWiki/Glossary?action=diff&source=n&minor=n HTTP/1.1" 200 9191 "-" "Mozilla/5.0 (compatible; Barkrowler/0.9; +https://babbar.tech/crawler)"
217.113.194.102 - - [20/Nov/2022:02:55:48 +0100] "GET /PmWiki/ChangesFromPmWiki1?action=upload HTTP/1.1" 200 8670 "-" "Mozilla/5.0 (compatible; Barkrowler/0.9; +https://babbar.tech/crawler)"
217.113.194.74 - - [20/Nov/2022:02:56:03 +0100] "GET /PmWiki/ChangesFromPmWiki1?action=edit HTTP/1.1" 200 8770 "-" "Mozilla/5.0 (compatible; Barkrowler/0.9; +https://babbar.tech/crawler)"
217.113.194.106 - - [20/Nov/2022:02:56:18 +0100] "GET /PmWikiFr/Search?action=diff&source=n&minor=n HTTP/1.1" 200 9578 "-" "Mozilla/5.0 (compatible; Barkrowler/0.9; +https://babbar.tech/crawler)"
217.113.194.114 - - [20/Nov/2022:02:56:33 +0100] "GET /PmWikiFr/ConfigurationDuThMe?action=edit HTTP/1.1" 200 9191 "-" "Mozilla/5.0 (compatible; Barkrowler/0.9; +https://babbar.tech/crawler)"
217.113.194.110 - - [20/Nov/2022:02:56:48 +0100] "GET /PodCast/RURAkt2TIl2?action=upload HTTP/1.1" 200 8588 "-" "Mozilla/5.0 (compatible; Barkrowler/0.9; +https://babbar.tech/crawler)"
217.113.194.114 - - [20/Nov/2022:02:57:03 +0100] "GET /PmWikiPtBr/SimultaneousEdits?action=upload HTTP/1.1" 200 7869 "-" "Mozilla/5.0 (compatible; Barkrowler/0.9; +https://babbar.tech/crawler)"
217.113.194.123 - - [20/Nov/2022:02:57:18 +0100] "GET /PmWikiPtBr/NotasSobreDesign?action=upload HTTP/1.1" 200 7857 "-" "Mozilla/5.0 (compatible; Barkrowler/0.9; +https://babbar.tech/crawler)"
217.113.194.76 - - [20/Nov/2022:02:57:33 +0100] "GET /PodCast/RaffyniAkt2Tail1?action=upload HTTP/1.1" 200 8656 "-" "Mozilla/5.0 (compatible; Barkrowler/0.9; +https://babbar.tech/crawler)"
217.113.194.92 - - [20/Nov/2022:02:57:49 +0100] "GET /MyPodcasts/IndexPage?action=diff&source=y&minor=y HTTP/1.1" 200 9267 "-" "Mozilla/5.0 (compatible; Barkrowler/0.9; +https://babbar.tech/crawler)"
217.113.194.69 - - [20/Nov/2022:02:58:04 +0100] "GET /PmWikiPtBr/SimultaneousEdits?action=diff HTTP/1.1" 200 8558 "-" "Mozilla/5.0 (compatible; Barkrowler/0.9; +https://babbar.tech/crawler)"
217.113.194.102 - - [20/Nov/2022:02:58:19 +0100] "GET /PmWikiNl/OpmaakHoofdindex?action=diff HTTP/1.1" 200 7952 "-" "Mozilla/5.0 (compatible; Barkrowler/0.9; +https://babbar.tech/crawler)"
217.113.194.100 - - [20/Nov/2022:02:58:34 +0100] "GET /PmWikiDe/Tables?action=diff&source=y&minor=y HTTP/1.1" 200 7641 "-" "Mozilla/5.0 (compatible; Barkrowler/0.9; +https://babbar.tech/crawler)"
217.113.194.116 - - [20/Nov/2022:02:58:49 +0100] "GET /PmWikiDe/FAQ?action=diff&source=y&minor=n HTTP/1.1" 200 7591 "-" "Mozilla/5.0 (compatible; Barkrowler/0.9; +https://babbar.tech/crawler)"
217.113.194.97 - - [20/Nov/2022:02:59:04 +0100] "GET /PmWikiDe/DiskussionBersetzungen?action=diff HTTP/1.1" 200 7899 "-" "Mozilla/5.0 (compatible; Barkrowler/0.9; +https://babbar.tech/crawler)"
217.113.194.64 - - [20/Nov/2022:02:59:19 +0100] "GET /PmWiki/BasicEditing?action=diff&source=y&minor=y HTTP/1.1" 200 9277 "-" "Mozilla/5.0 (compatible; Barkrowler/0.9; +https://babbar.tech/crawler)"
217.113.194.67 - - [20/Nov/2022:02:59:34 +0100] "GET /PmWikiFr/ChangesFromPmWiki1?action=diff HTTP/1.1" 200 9766 "-" "Mozilla/5.0 (compatible; Barkrowler/0.9; +https://babbar.tech/crawler)"
85.25.185.196 - - [20/Nov/2022:02:59:34 +0100] "GET /Hilfe/AnleitungTonbeispiele HTTP/1.1" 200 9878 "-" "Mozilla/5.0 (Macintosh; Intel Mac OS X 10.15; rv:103.0) Gecko/20100101 Firefox/103.0"
217.113.194.72 - - [20/Nov/2022:02:59:49 +0100] "GET /PodCast/SprPrfSchwtzTggs?action=upload HTTP/1.1" 200 8654 "-" "Mozilla/5.0 (compatible; Barkrowler/0.9; +https://babbar.tech/crawler)"
217.113.194.77 - - [20/Nov/2022:03:00:04 +0100] "GET /Site/Leerbouech?action=upload&upname=Leerbouech HTTP/1.1" 200 8539 "-" "Mozilla/5.0 (compatible; Barkrowler/0.9; +https://babbar.tech/crawler)"
217.113.194.113 - - [20/Nov/2022:03:00:20 +0100] "GET /PmWiki/CustomMarkup?action=diff&source=n&minor=n HTTP/1.1" 200 9257 "-" "Mozilla/5.0 (compatible; Barkrowler/0.9; +https://babbar.tech/crawler)"
217.113.194.91 - - [20/Nov/2022:03:00:35 +0100] "GET /PmWikiCs/Links?action=diff&source=y&minor=y HTTP/1.1" 200 9170 "-" "Mozilla/5.0 (compatible; Barkrowler/0.9; +https://babbar.tech/crawler)"
217.113.194.65 - - [20/Nov/2022:03:00:50 +0100] "GET /PmWikiFr/ArchitectureDuSiteCNCLoisirs?action=diff HTTP/1.1" 200 9926 "-" "Mozilla/5.0 (compatible; Barkrowler/0.9; +https://babbar.tech/crawler)"
217.113.194.96 - - [20/Nov/2022:03:01:05 +0100] "GET /PodCast/Fuhrereid?action=diff&source=y&minor=n HTTP/1.1" 200 9215 "-" "Mozilla/5.0 (compatible; Barkrowler/0.9; +https://babbar.tech/crawler)"
217.113.194.104 - - [20/Nov/2022:03:01:20 +0100] "GET /PmWikiPtBr/PGinasInexistentes?action=diff HTTP/1.1" 200 8576 "-" "Mozilla/5.0 (compatible; Barkrowler/0.9; +https://babbar.tech/crawler)"
