194.209.200.2 - - [11/Jun/2022:10:11:17 +0200] "GET /Admin/Jahresbericht HTTP/1.1" 200 45530 "-" "Mozilla/5.0 (compatible; TMMBot/0.2; +http://www.dslab.ch)/Nutch-1.15"
194.209.200.2 - - [11/Jun/2022:10:11:39 +0200] "GET /Texte/Schrybwys HTTP/1.1" 200 11028 "-" "Mozilla/5.0 (compatible; TMMBot/0.2; +http://www.dslab.ch)/Nutch-1.15"
85.25.177.219 - - [11/Jun/2022:10:12:46 +0200] "GET /Gast/Podcast HTTP/1.1" 200 8106 "-" "SEO Scanner/1.2.4 (SEO Crawler; seoscanners.info; info@seoscanners.info)"
162.210.196.98 - - [11/Jun/2022:10:13:22 +0200] "GET /robots.txt HTTP/1.1" 200 - "-" "Mozilla/5.0 (compatible; MJ12bot/v1.4.8; http://mj12bot.com/)"
162.210.196.98 - - [11/Jun/2022:10:13:24 +0200] "GET / HTTP/1.1" 200 14638 "-" "Mozilla/5.0 (compatible; MJ12bot/v1.4.8; http://mj12bot.com/)"
194.209.200.2 - - [11/Jun/2022:10:15:07 +0200] "GET / HTTP/1.1" 200 14638 "-" "Mozilla/5.0 (compatible; TMMBot/0.2; +http://www.dslab.ch)/Nutch-1.15"
194.209.200.2 - - [11/Jun/2022:10:15:52 +0200] "GET /Texte/Bitterbeuhsi HTTP/1.1" 200 9255 "-" "Mozilla/5.0 (compatible; TMMBot/0.2; +http://www.dslab.ch)/Nutch-1.15"
194.209.200.2 - - [11/Jun/2022:10:16:02 +0200] "GET /Gast/Podcast HTTP/1.1" 200 8106 "-" "Mozilla/5.0 (compatible; TMMBot/0.2; +http://www.dslab.ch)/Nutch-1.15"
207.46.13.112 - - [11/Jun/2022:10:17:38 +0200] "GET /PodCast/700Buezerleuh HTTP/1.1" 200 8168 "-" "Mozilla/5.0 (compatible; bingbot/2.0; +http://www.bing.com/bingbot.htm)"
85.25.177.219 - - [11/Jun/2022:10:19:41 +0200] "GET /Main/Home?action=upload HTTP/1.1" 403 18 "-" "SEO Scanner/1.2.4 (SEO Crawler; seoscanners.info; info@seoscanners.info)"
85.25.177.219 - - [11/Jun/2022:10:21:31 +0200] "GET /Site/PodCast HTTP/1.1" 200 40934 "-" "SEO Scanner/1.2.4 (SEO Crawler; seoscanners.info; info@seoscanners.info)"
23.104.184.179 - - [11/Jun/2022:10:21:37 +0200] "GET /Texte/Rezension HTTP/1.1" 200 11812 "http://www.pro-zurituutsch.ch" "Mozilla/5.0 (Windows NT 10.0; Win64; x64) AppleWebKit/537.36 (KHTML, like Gecko) Chrome/62.0.3202.94 Safari/537.36"
54.36.148.21 - - [11/Jun/2022:10:22:37 +0200] "GET /PodCast/RSSPodcasts HTTP/1.1" 200 8905 "-" "Mozilla/5.0 (compatible; AhrefsBot/7.0; +http://ahrefs.com/robot/)"
3.110.75.146 - - [11/Jun/2022:10:25:30 +0200] "HEAD / HTTP/1.1" 200 - "-" "Mozilla/5.0 (Macintosh; Intel Mac OS X 10_15_7) AppleWebKit/605.1.15 (KHTML, like Gecko) Version/14.1.2 Safari/605.1.15"
216.244.66.243 - - [11/Jun/2022:10:26:50 +0200] "GET /robots.txt HTTP/1.1" 200 - "-" "Mozilla/5.0 (compatible; DotBot/1.2; +https://opensiteexplorer.org/dotbot; help@moz.com)"
185.191.171.25 - - [11/Jun/2022:10:31:27 +0200] "GET /PmWikiRu/I18nVariables?action=edit HTTP/1.1" 404 18 "-" "Mozilla/5.0 (compatible; SemrushBot/7~bl; +http://www.semrush.com/bot.html)"
85.25.177.219 - - [11/Jun/2022:10:33:46 +0200] "GET /Texte/Schrybwys?action=print HTTP/1.1" 403 18 "-" "SEO Scanner/1.2.4 (SEO Crawler; seoscanners.info; info@seoscanners.info)"
85.25.177.219 - - [11/Jun/2022:10:35:30 +0200] "GET /Texte/Limericks?action=upload HTTP/1.1" 403 18 "-" "SEO Scanner/1.2.4 (SEO Crawler; seoscanners.info; info@seoscanners.info)"
85.25.177.219 - - [11/Jun/2022:10:36:08 +0200] "GET /Texte/Schrybwys?action=upload HTTP/1.1" 403 18 "-" "SEO Scanner/1.2.4 (SEO Crawler; seoscanners.info; info@seoscanners.info)"
216.244.66.243 - - [11/Jun/2022:10:38:28 +0200] "GET /PmWikiRu/PatrickMichaud HTTP/1.1" 200 10211 "-" "Mozilla/5.0 (compatible; DotBot/1.2; +https://opensiteexplorer.org/dotbot; help@moz.com)"
85.25.177.219 - - [11/Jun/2022:10:43:32 +0200] "GET /Texte/Schrybwys?action=edit HTTP/1.1" 403 18 "-" "SEO Scanner/1.2.4 (SEO Crawler; seoscanners.info; info@seoscanners.info)"
194.209.200.2 - - [11/Jun/2022:10:44:01 +0200] "GET /robots.txt HTTP/1.1" 200 - "-" "Mozilla/5.0 (compatible; TMMBot/0.2; +http://www.dslab.ch)/Nutch-1.15"
194.209.200.2 - - [11/Jun/2022:10:44:01 +0200] "GET /Texte/ArsAmatoria HTTP/1.1" 200 12369 "-" "Mozilla/5.0 (compatible; TMMBot/0.2; +http://www.dslab.ch)/Nutch-1.15"
85.25.177.219 - - [11/Jun/2022:10:44:20 +0200] "GET /Texte/ArsAmatoria?action=edit HTTP/1.1" 403 18 "-" "SEO Scanner/1.2.4 (SEO Crawler; seoscanners.info; info@seoscanners.info)"
85.25.177.219 - - [11/Jun/2022:10:45:18 +0200] "GET /Texte/ZurcherischEnglish HTTP/1.1" 200 8274 "-" "SEO Scanner/1.2.4 (SEO Crawler; seoscanners.info; info@seoscanners.info)"
194.209.200.2 - - [11/Jun/2022:10:46:41 +0200] "GET / HTTP/1.1" 200 14638 "-" "Mozilla/5.0 (compatible; TMMBot/0.2; +http://www.dslab.ch)/Nutch-1.15"
194.209.200.2 - - [11/Jun/2022:10:47:24 +0200] "GET /Texte/Bitterbeuhsi HTTP/1.1" 200 9255 "-" "Mozilla/5.0 (compatible; TMMBot/0.2; +http://www.dslab.ch)/Nutch-1.15"
194.209.200.2 - - [11/Jun/2022:10:47:35 +0200] "GET /Gast/Podcast HTTP/1.1" 200 8106 "-" "Mozilla/5.0 (compatible; TMMBot/0.2; +http://www.dslab.ch)/Nutch-1.15"
85.25.177.219 - - [11/Jun/2022:10:52:53 +0200] "GET /Texte/Bitterbeuhsi HTTP/1.1" 200 9255 "-" "SEO Scanner/1.2.4 (SEO Crawler; seoscanners.info; info@seoscanners.info)"
85.25.177.219 - - [11/Jun/2022:10:54:09 +0200] "GET /Texte/ArsAmatoria?action=upload HTTP/1.1" 403 18 "-" "SEO Scanner/1.2.4 (SEO Crawler; seoscanners.info; info@seoscanners.info)"
85.25.177.219 - - [11/Jun/2022:10:58:06 +0200] "GET /Texte/ArsAmatoria?action=diff HTTP/1.1" 403 18 "-" "SEO Scanner/1.2.4 (SEO Crawler; seoscanners.info; info@seoscanners.info)"
66.249.76.220 - - [11/Jun/2022:10:59:58 +0200] "GET /PodCast/IndexPage?action=rss HTTP/1.1" 200 6298 "-" "Mozilla/5.0 (compatible; Googlebot/2.1; +http://www.google.com/bot.html)"
85.25.177.219 - - [11/Jun/2022:11:03:09 +0200] "GET /Main/Home?action=edit HTTP/1.1" 403 18 "-" "SEO Scanner/1.2.4 (SEO Crawler; seoscanners.info; info@seoscanners.info)"
85.25.177.219 - - [11/Jun/2022:11:03:15 +0200] "GET /Texte/Schrybwys?action=diff HTTP/1.1" 403 18 "-" "SEO Scanner/1.2.4 (SEO Crawler; seoscanners.info; info@seoscanners.info)"
85.25.177.219 - - [11/Jun/2022:11:11:43 +0200] "GET /Texte/GDicht HTTP/1.1" 200 8050 "-" "SEO Scanner/1.2.4 (SEO Crawler; seoscanners.info; info@seoscanners.info)"
185.191.171.41 - - [11/Jun/2022:11:12:14 +0200] "GET /robots.txt HTTP/1.1" 200 - "-" "Mozilla/5.0 (compatible; SemrushBot/7~bl; +http://www.semrush.com/bot.html)"
185.191.171.20 - - [11/Jun/2022:11:12:14 +0200] "GET /PmWikiDe/WikiWord?action=upload HTTP/1.1" 403 18 "-" "Mozilla/5.0 (compatible; SemrushBot/7~bl; +http://www.semrush.com/bot.html)"
185.191.171.4 - - [11/Jun/2022:11:12:58 +0200] "GET /PmWikiRu/EditVariables?action=edit HTTP/1.1" 404 18 "-" "Mozilla/5.0 (compatible; SemrushBot/7~bl; +http://www.semrush.com/bot.html)"
85.25.177.219 - - [11/Jun/2022:11:13:03 +0200] "GET /Texte/ArsAmatoria?action=print HTTP/1.1" 403 18 "-" "SEO Scanner/1.2.4 (SEO Crawler; seoscanners.info; info@seoscanners.info)"
85.25.177.219 - - [11/Jun/2022:11:15:02 +0200] "GET /Admin/AdresseStiftung HTTP/1.1" 200 8453 "-" "SEO Scanner/1.2.4 (SEO Crawler; seoscanners.info; info@seoscanners.info)"
194.209.200.2 - - [11/Jun/2022:11:17:53 +0200] "GET /robots.txt HTTP/1.1" 200 - "-" "Mozilla/5.0 (compatible; TMMBot/0.2; +http://www.dslab.ch)/Nutch-1.15"
194.209.200.2 - - [11/Jun/2022:11:17:53 +0200] "GET /Texte/ArsAmatoria HTTP/1.1" 200 12369 "-" "Mozilla/5.0 (compatible; TMMBot/0.2; +http://www.dslab.ch)/Nutch-1.15"
194.209.200.2 - - [11/Jun/2022:11:19:44 +0200] "GET /Texte/Gloosse HTTP/1.1" 200 8061 "-" "Mozilla/5.0 (compatible; TMMBot/0.2; +http://www.dslab.ch)/Nutch-1.15"
194.209.200.2 - - [11/Jun/2022:11:20:37 +0200] "GET / HTTP/1.1" 200 14638 "-" "Mozilla/5.0 (compatible; TMMBot/0.2; +http://www.dslab.ch)/Nutch-1.15"
194.209.200.2 - - [11/Jun/2022:11:21:20 +0200] "GET /Texte/Bitterbeuhsi HTTP/1.1" 200 9255 "-" "Mozilla/5.0 (compatible; TMMBot/0.2; +http://www.dslab.ch)/Nutch-1.15"
194.209.200.2 - - [11/Jun/2022:11:21:30 +0200] "GET /Gast/Podcast HTTP/1.1" 200 8106 "-" "Mozilla/5.0 (compatible; TMMBot/0.2; +http://www.dslab.ch)/Nutch-1.15"
85.25.177.219 - - [11/Jun/2022:11:23:56 +0200] "GET /Admin/ZurStiftung?action=print HTTP/1.1" 403 18 "-" "SEO Scanner/1.2.4 (SEO Crawler; seoscanners.info; info@seoscanners.info)"
85.25.177.219 - - [11/Jun/2022:11:25:12 +0200] "GET /Admin/Links HTTP/1.1" 200 14193 "-" "SEO Scanner/1.2.4 (SEO Crawler; seoscanners.info; info@seoscanners.info)"
85.25.177.219 - - [11/Jun/2022:11:25:59 +0200] "GET /Admin/ZurStiftung?action=edit HTTP/1.1" 403 18 "-" "SEO Scanner/1.2.4 (SEO Crawler; seoscanners.info; info@seoscanners.info)"
95.163.255.89 - - [11/Jun/2022:11:30:41 +0200] "GET /robots.txt HTTP/1.0" 200 - "-" "Mozilla/5.0 (compatible; Linux x86_64; Mail.RU_Bot/2.0; +https://help.mail.ru/webmaster/indexing/robots)"
95.163.255.87 - - [11/Jun/2022:11:30:42 +0200] "GET /PmWikiRu/PageDirectives HTTP/1.1" 200 14603 "-" "Mozilla/5.0 (compatible; Linux x86_64; Mail.RU_Bot/2.0; +https://help.mail.ru/webmaster/indexing/robots)"
85.25.177.219 - - [11/Jun/2022:11:32:47 +0200] "GET /Admin/Pro-ZurituutschStatuten HTTP/1.1" 200 9580 "-" "SEO Scanner/1.2.4 (SEO Crawler; seoscanners.info; info@seoscanners.info)"
85.25.177.219 - - [11/Jun/2022:11:33:05 +0200] "GET /Texte/Roman?action=diff HTTP/1.1" 403 18 "-" "SEO Scanner/1.2.4 (SEO Crawler; seoscanners.info; info@seoscanners.info)"
85.25.177.219 - - [11/Jun/2022:11:34:48 +0200] "GET /Texte/Rezension HTTP/1.1" 200 11812 "-" "SEO Scanner/1.2.4 (SEO Crawler; seoscanners.info; info@seoscanners.info)"
85.25.177.219 - - [11/Jun/2022:11:35:32 +0200] "GET /Texte/Roman?action=edit HTTP/1.1" 403 18 "-" "SEO Scanner/1.2.4 (SEO Crawler; seoscanners.info; info@seoscanners.info)"
185.191.171.10 - - [11/Jun/2022:11:36:08 +0200] "GET /Texte/Schrybwys?action=print HTTP/1.1" 403 18 "-" "Mozilla/5.0 (compatible; SemrushBot/7~bl; +http://www.semrush.com/bot.html)"
85.25.177.219 - - [11/Jun/2022:11:41:06 +0200] "GET /PodCast/RSSPodcasts?action=edit HTTP/1.1" 403 18 "-" "SEO Scanner/1.2.4 (SEO Crawler; seoscanners.info; info@seoscanners.info)"
85.25.177.219 - - [11/Jun/2022:11:41:47 +0200] "GET /Texte/Roman?action=print HTTP/1.1" 403 18 "-" "SEO Scanner/1.2.4 (SEO Crawler; seoscanners.info; info@seoscanners.info)"
194.209.200.2 - - [11/Jun/2022:11:45:16 +0200] "GET /robots.txt HTTP/1.1" 200 - "-" "Mozilla/5.0 (compatible; TMMBot/0.2; +http://www.dslab.ch)/Nutch-1.15"
194.209.200.2 - - [11/Jun/2022:11:45:16 +0200] "GET /Texte/Roman HTTP/1.1" 200 38741 "-" "Mozilla/5.0 (compatible; TMMBot/0.2; +http://www.dslab.ch)/Nutch-1.15"
194.209.200.2 - - [11/Jun/2022:11:47:22 +0200] "GET /PodCast/RSSPodcasts HTTP/1.1" 200 8905 "-" "Mozilla/5.0 (compatible; TMMBot/0.2; +http://www.dslab.ch)/Nutch-1.15"
20.73.132.240 - - [11/Jun/2022:11:48:15 +0200] "GET /uploads/Texte/ZurSchreibweise.jpg HTTP/1.1" 200 90748 "-" "DuckDuckBot/1.1; (+http://duckduckgo.com/duckduckbot.html)"
194.209.200.2 - - [11/Jun/2022:11:48:21 +0200] "GET /Texte/ArsAmatoria HTTP/1.1" 200 12369 "-" "Mozilla/5.0 (compatible; TMMBot/0.2; +http://www.dslab.ch)/Nutch-1.15"
85.25.177.219 - - [11/Jun/2022:11:48:32 +0200] "GET /PodCast/RSSPodcasts?action=upload HTTP/1.1" 403 18 "-" "SEO Scanner/1.2.4 (SEO Crawler; seoscanners.info; info@seoscanners.info)"
85.25.177.219 - - [11/Jun/2022:11:48:57 +0200] "GET /Main/Home?action=diff HTTP/1.1" 403 18 "-" "SEO Scanner/1.2.4 (SEO Crawler; seoscanners.info; info@seoscanners.info)"
194.209.200.2 - - [11/Jun/2022:11:49:12 +0200] "GET /Texte/Metamorphoses HTTP/1.1" 200 9045 "-" "Mozilla/5.0 (compatible; TMMBot/0.2; +http://www.dslab.ch)/Nutch-1.15"
194.209.200.2 - - [11/Jun/2022:11:51:08 +0200] "GET / HTTP/1.1" 200 14638 "-" "Mozilla/5.0 (compatible; TMMBot/0.2; +http://www.dslab.ch)/Nutch-1.15"
85.25.177.219 - - [11/Jun/2022:11:51:09 +0200] "GET /PodCast/RSSPodcasts?action=diff HTTP/1.1" 403 18 "-" "SEO Scanner/1.2.4 (SEO Crawler; seoscanners.info; info@seoscanners.info)"
194.209.200.2 - - [11/Jun/2022:11:51:51 +0200] "GET /Texte/Bitterbeuhsi HTTP/1.1" 200 9255 "-" "Mozilla/5.0 (compatible; TMMBot/0.2; +http://www.dslab.ch)/Nutch-1.15"
194.209.200.2 - - [11/Jun/2022:11:52:02 +0200] "GET /Gast/Podcast HTTP/1.1" 200 8106 "-" "Mozilla/5.0 (compatible; TMMBot/0.2; +http://www.dslab.ch)/Nutch-1.15"
85.25.177.219 - - [11/Jun/2022:11:56:53 +0200] "GET /Texte/Gloosse?action=diff HTTP/1.1" 403 18 "-" "SEO Scanner/1.2.4 (SEO Crawler; seoscanners.info; info@seoscanners.info)"
85.25.177.219 - - [11/Jun/2022:11:57:11 +0200] "GET /Texte/Limericks?action=diff HTTP/1.1" 403 18 "-" "SEO Scanner/1.2.4 (SEO Crawler; seoscanners.info; info@seoscanners.info)"
85.25.177.219 - - [11/Jun/2022:11:58:18 +0200] "GET /Texte/Metamorphoses?action=upload HTTP/1.1" 403 18 "-" "SEO Scanner/1.2.4 (SEO Crawler; seoscanners.info; info@seoscanners.info)"
85.25.177.219 - - [11/Jun/2022:11:59:38 +0200] "GET /Texte/Gloosse?action=print HTTP/1.1" 403 18 "-" "SEO Scanner/1.2.4 (SEO Crawler; seoscanners.info; info@seoscanners.info)"
66.249.76.222 - - [11/Jun/2022:12:04:08 +0200] "GET /PodCast/IndexPage?action=rss HTTP/1.1" 200 6298 "-" "Mozilla/5.0 (compatible; Googlebot/2.1; +http://www.google.com/bot.html)"
85.25.177.219 - - [11/Jun/2022:12:05:18 +0200] "GET /Texte/Metamorphoses?action=diff HTTP/1.1" 403 18 "-" "SEO Scanner/1.2.4 (SEO Crawler; seoscanners.info; info@seoscanners.info)"
85.25.177.219 - - [11/Jun/2022:12:06:20 +0200] "GET /Texte/Gloosse?action=edit HTTP/1.1" 403 18 "-" "SEO Scanner/1.2.4 (SEO Crawler; seoscanners.info; info@seoscanners.info)"
216.244.66.243 - - [11/Jun/2022:12:08:50 +0200] "GET /robots.txt HTTP/1.1" 200 - "-" "Mozilla/5.0 (compatible; DotBot/1.2; +https://opensiteexplorer.org/dotbot; help@moz.com)"
185.191.171.11 - - [11/Jun/2022:12:10:09 +0200] "GET /PmWikiDe/Uploads HTTP/1.1" 200 11891 "-" "Mozilla/5.0 (compatible; SemrushBot/7~bl; +http://www.semrush.com/bot.html)"
85.25.177.219 - - [11/Jun/2022:12:11:14 +0200] "GET /Texte/Metamorphoses?action=print HTTP/1.1" 403 18 "-" "SEO Scanner/1.2.4 (SEO Crawler; seoscanners.info; info@seoscanners.info)"
85.25.177.219 - - [11/Jun/2022:12:14:00 +0200] "GET /Texte/Gloosse?action=upload HTTP/1.1" 403 18 "-" "SEO Scanner/1.2.4 (SEO Crawler; seoscanners.info; info@seoscanners.info)"
85.25.177.219 - - [11/Jun/2022:12:14:36 +0200] "GET /Texte/Styluebige?action=edit HTTP/1.1" 403 18 "-" "SEO Scanner/1.2.4 (SEO Crawler; seoscanners.info; info@seoscanners.info)"
194.209.200.2 - - [11/Jun/2022:12:16:38 +0200] "GET /robots.txt HTTP/1.1" 200 - "-" "Mozilla/5.0 (compatible; TMMBot/0.2; +http://www.dslab.ch)/Nutch-1.15"
194.209.200.2 - - [11/Jun/2022:12:16:38 +0200] "GET /Texte/Roman HTTP/1.1" 200 38741 "-" "Mozilla/5.0 (compatible; TMMBot/0.2; +http://www.dslab.ch)/Nutch-1.15"
216.244.66.243 - - [11/Jun/2022:12:17:43 +0200] "GET /PodCast/Rassewaan HTTP/1.1" 200 11016 "-" "Mozilla/5.0 (compatible; DotBot/1.2; +https://opensiteexplorer.org/dotbot; help@moz.com)"
216.244.66.243 - - [11/Jun/2022:12:17:50 +0200] "GET /PodCast/Boundestaatebound HTTP/1.1" 200 13172 "-" "Mozilla/5.0 (compatible; DotBot/1.2; +https://opensiteexplorer.org/dotbot; help@moz.com)"
216.244.66.243 - - [11/Jun/2022:12:17:54 +0200] "GET /PodCast/Schaidig1 HTTP/1.1" 200 19206 "-" "Mozilla/5.0 (compatible; DotBot/1.2; +https://opensiteexplorer.org/dotbot; help@moz.com)"
194.209.200.2 - - [11/Jun/2022:12:18:38 +0200] "GET /PodCast/RSSPodcasts HTTP/1.1" 200 8905 "-" "Mozilla/5.0 (compatible; TMMBot/0.2; +http://www.dslab.ch)/Nutch-1.15"
194.209.200.2 - - [11/Jun/2022:12:19:51 +0200] "GET /Texte/ArsAmatoria HTTP/1.1" 200 12369 "-" "Mozilla/5.0 (compatible; TMMBot/0.2; +http://www.dslab.ch)/Nutch-1.15"
194.209.200.2 - - [11/Jun/2022:12:20:43 +0200] "GET /Texte/Metamorphoses HTTP/1.1" 200 9045 "-" "Mozilla/5.0 (compatible; TMMBot/0.2; +http://www.dslab.ch)/Nutch-1.15"
85.25.177.219 - - [11/Jun/2022:12:21:05 +0200] "GET /Texte/Styluebige?action=diff HTTP/1.1" 403 18 "-" "SEO Scanner/1.2.4 (SEO Crawler; seoscanners.info; info@seoscanners.info)"
185.191.171.17 - - [11/Jun/2022:12:21:20 +0200] "GET /robots.txt HTTP/1.1" 200 - "-" "Mozilla/5.0 (compatible; SemrushBot/7~bl; +http://www.semrush.com/bot.html)"
185.191.171.24 - - [11/Jun/2022:12:21:21 +0200] "GET /PmWikiDe/GroupHeader HTTP/1.1" 200 6611 "-" "Mozilla/5.0 (compatible; SemrushBot/7~bl; +http://www.semrush.com/bot.html)"
216.244.66.243 - - [11/Jun/2022:12:21:25 +0200] "GET /PmWikiFr/EffacerHistorique HTTP/1.1" 200 11909 "-" "Mozilla/5.0 (compatible; DotBot/1.2; +https://opensiteexplorer.org/dotbot; help@moz.com)"
185.191.171.1 - - [11/Jun/2022:12:21:44 +0200] "GET /PmWikiNl/Basisbeginselen HTTP/1.1" 200 24495 "-" "Mozilla/5.0 (compatible; SemrushBot/7~bl; +http://www.semrush.com/bot.html)"
194.209.200.2 - - [11/Jun/2022:12:22:35 +0200] "GET / HTTP/1.1" 200 14638 "-" "Mozilla/5.0 (compatible; TMMBot/0.2; +http://www.dslab.ch)/Nutch-1.15"
85.25.177.219 - - [11/Jun/2022:12:22:38 +0200] "GET /Texte/Styluebige?action=print HTTP/1.1" 403 18 "-" "SEO Scanner/1.2.4 (SEO Crawler; seoscanners.info; info@seoscanners.info)"
194.209.200.2 - - [11/Jun/2022:12:23:17 +0200] "GET /Texte/Bitterbeuhsi HTTP/1.1" 200 9255 "-" "Mozilla/5.0 (compatible; TMMBot/0.2; +http://www.dslab.ch)/Nutch-1.15"
194.209.200.2 - - [11/Jun/2022:12:23:26 +0200] "GET /Gast/Podcast HTTP/1.1" 200 8106 "-" "Mozilla/5.0 (compatible; TMMBot/0.2; +http://www.dslab.ch)/Nutch-1.15"
194.209.200.2 - - [11/Jun/2022:12:26:28 +0200] "GET /robots.txt HTTP/1.1" 200 - "-" "Mozilla/5.0 (compatible; TMMBot/0.2; +http://www.dslab.ch)/Nutch-1.15"
194.209.200.2 - - [11/Jun/2022:12:26:28 +0200] "GET / HTTP/1.1" 200 14638 "-" "Mozilla/5.0 (compatible; TMMBot/0.2; +http://www.dslab.ch)/Nutch-1.15"
85.25.177.219 - - [11/Jun/2022:12:28:45 +0200] "GET /Texte/Limericks?action=edit HTTP/1.1" 403 18 "-" "SEO Scanner/1.2.4 (SEO Crawler; seoscanners.info; info@seoscanners.info)"
85.25.177.219 - - [11/Jun/2022:12:29:31 +0200] "GET /Hilfe/Quicktime HTTP/1.1" 200 9103 "-" "SEO Scanner/1.2.4 (SEO Crawler; seoscanners.info; info@seoscanners.info)"
85.25.177.219 - - [11/Jun/2022:12:30:04 +0200] "GET /Gast/Podcast?action=edit HTTP/1.1" 403 18 "-" "SEO Scanner/1.2.4 (SEO Crawler; seoscanners.info; info@seoscanners.info)"
185.191.171.43 - - [11/Jun/2022:12:30:18 +0200] "GET /PmWikiDe/MarkupMasterIndex?action=upload HTTP/1.1" 403 18 "-" "Mozilla/5.0 (compatible; SemrushBot/7~bl; +http://www.semrush.com/bot.html)"
85.25.177.219 - - [11/Jun/2022:12:31:07 +0200] "GET /Hilfe/AnleitungTonbeispiele?action=diff HTTP/1.1" 403 18 "-" "SEO Scanner/1.2.4 (SEO Crawler; seoscanners.info; info@seoscanners.info)"
185.191.171.40 - - [11/Jun/2022:12:36:14 +0200] "GET /PmWikiFr/NatureDunWiki?action=edit HTTP/1.1" 403 18 "-" "Mozilla/5.0 (compatible; SemrushBot/7~bl; +http://www.semrush.com/bot.html)"
85.25.177.219 - - [11/Jun/2022:12:37:26 +0200] "GET /Gast/Podcast?action=upload HTTP/1.1" 403 18 "-" "SEO Scanner/1.2.4 (SEO Crawler; seoscanners.info; info@seoscanners.info)"
85.25.177.219 - - [11/Jun/2022:12:39:10 +0200] "GET /Gast/Podcast?action=print HTTP/1.1" 403 18 "-" "SEO Scanner/1.2.4 (SEO Crawler; seoscanners.info; info@seoscanners.info)"
54.36.148.31 - - [11/Jun/2022:12:44:07 +0200] "GET /PmWikiPtBr/SandBox HTTP/1.1" 302 194 "-" "Mozilla/5.0 (compatible; AhrefsBot/7.0; +http://ahrefs.com/robot/)"
85.25.177.219 - - [11/Jun/2022:12:44:22 +0200] "GET /Main/Home?action=upload HTTP/1.1" 403 18 "-" "SEO Scanner/1.2.4 (SEO Crawler; seoscanners.info; info@seoscanners.info)"
85.25.177.219 - - [11/Jun/2022:12:45:45 +0200] "GET /Hilfe/AnleitungTonbeispiele?action=print HTTP/1.1" 403 18 "-" "SEO Scanner/1.2.4 (SEO Crawler; seoscanners.info; info@seoscanners.info)"
85.25.177.219 - - [11/Jun/2022:12:47:10 +0200] "GET /Hilfe/AnleitungTonbeispiele?action=upload HTTP/1.1" 403 18 "-" "SEO Scanner/1.2.4 (SEO Crawler; seoscanners.info; info@seoscanners.info)"
194.209.200.2 - - [11/Jun/2022:12:52:50 +0200] "GET /robots.txt HTTP/1.1" 200 - "-" "Mozilla/5.0 (compatible; TMMBot/0.2; +http://www.dslab.ch)/Nutch-1.15"
194.209.200.2 - - [11/Jun/2022:12:52:50 +0200] "GET /Texte/Roman HTTP/1.1" 200 38741 "-" "Mozilla/5.0 (compatible; TMMBot/0.2; +http://www.dslab.ch)/Nutch-1.15"
85.25.177.219 - - [11/Jun/2022:12:52:52 +0200] "GET /Hilfe/Winamp HTTP/1.1" 200 9314 "-" "SEO Scanner/1.2.4 (SEO Crawler; seoscanners.info; info@seoscanners.info)"
85.25.177.219 - - [11/Jun/2022:12:54:17 +0200] "GET /Hilfe/RealOne HTTP/1.1" 200 10362 "-" "SEO Scanner/1.2.4 (SEO Crawler; seoscanners.info; info@seoscanners.info)"
194.209.200.2 - - [11/Jun/2022:12:54:51 +0200] "GET /PodCast/RSSPodcasts HTTP/1.1" 200 8905 "-" "Mozilla/5.0 (compatible; TMMBot/0.2; +http://www.dslab.ch)/Nutch-1.15"
194.209.200.2 - - [11/Jun/2022:12:55:03 +0200] "GET /Texte/Schrybwys HTTP/1.1" 200 11028 "-" "Mozilla/5.0 (compatible; TMMBot/0.2; +http://www.dslab.ch)/Nutch-1.15"
194.209.200.2 - - [11/Jun/2022:12:56:40 +0200] "GET /Texte/Metamorphoses HTTP/1.1" 200 9045 "-" "Mozilla/5.0 (compatible; TMMBot/0.2; +http://www.dslab.ch)/Nutch-1.15"
194.209.200.2 - - [11/Jun/2022:12:58:27 +0200] "GET / HTTP/1.1" 200 14638 "-" "Mozilla/5.0 (compatible; TMMBot/0.2; +http://www.dslab.ch)/Nutch-1.15"
194.209.200.2 - - [11/Jun/2022:12:59:08 +0200] "GET /Texte/Bitterbeuhsi HTTP/1.1" 200 9255 "-" "Mozilla/5.0 (compatible; TMMBot/0.2; +http://www.dslab.ch)/Nutch-1.15"
194.209.200.2 - - [11/Jun/2022:12:59:17 +0200] "GET /Gast/Podcast HTTP/1.1" 200 8106 "-" "Mozilla/5.0 (compatible; TMMBot/0.2; +http://www.dslab.ch)/Nutch-1.15"
85.25.177.219 - - [11/Jun/2022:12:59:48 +0200] "GET /Main/Home?action=print HTTP/1.1" 403 18 "-" "SEO Scanner/1.2.4 (SEO Crawler; seoscanners.info; info@seoscanners.info)"
185.191.171.17 - - [11/Jun/2022:13:00:11 +0200] "GET /PmWikiDe/WikiNode?action=print HTTP/1.1" 403 18 "-" "Mozilla/5.0 (compatible; SemrushBot/7~bl; +http://www.semrush.com/bot.html)"
95.163.255.86 - - [11/Jun/2022:13:01:19 +0200] "GET /robots.txt HTTP/1.0" 200 - "-" "Mozilla/5.0 (compatible; Linux x86_64; Mail.RU_Bot/2.0; +https://help.mail.ru/webmaster/indexing/robots)"
95.163.255.88 - - [11/Jun/2022:13:01:21 +0200] "GET /PmWikiRu/TableDirectives HTTP/1.1" 200 25080 "-" "Mozilla/5.0 (compatible; Linux x86_64; Mail.RU_Bot/2.0; +https://help.mail.ru/webmaster/indexing/robots)"
85.25.177.219 - - [11/Jun/2022:13:02:23 +0200] "GET /Texte/ZurcherischEnglish?action=edit HTTP/1.1" 403 18 "-" "SEO Scanner/1.2.4 (SEO Crawler; seoscanners.info; info@seoscanners.info)"
66.249.76.193 - - [11/Jun/2022:13:04:37 +0200] "GET /PodCast/IndexPage?action=rss HTTP/1.1" 200 6298 "-" "Mozilla/5.0 (compatible; Googlebot/2.1; +http://www.google.com/bot.html)"
85.25.177.219 - - [11/Jun/2022:13:05:13 +0200] "GET /Texte/Schrybwys?action=diff HTTP/1.1" 403 18 "-" "SEO Scanner/1.2.4 (SEO Crawler; seoscanners.info; info@seoscanners.info)"
185.191.171.39 - - [11/Jun/2022:13:09:03 +0200] "GET /PmWikiFr/A?action=search&fmt=title&q=link%3DPmWikiFr.WikiStyleExamples HTTP/1.1" 404 18 "-" "Mozilla/5.0 (compatible; SemrushBot/7~bl; +http://www.semrush.com/bot.html)"
85.25.177.219 - - [11/Jun/2022:13:10:04 +0200] "GET /Main/Home?action=edit HTTP/1.1" 403 18 "-" "SEO Scanner/1.2.4 (SEO Crawler; seoscanners.info; info@seoscanners.info)"
85.25.177.219 - - [11/Jun/2022:13:11:43 +0200] "GET /Texte/ZurcherischEnglish?action=upload HTTP/1.1" 403 18 "-" "SEO Scanner/1.2.4 (SEO Crawler; seoscanners.info; info@seoscanners.info)"
85.25.177.219 - - [11/Jun/2022:13:12:08 +0200] "GET /Gast/Podcast?action=diff HTTP/1.1" 403 18 "-" "SEO Scanner/1.2.4 (SEO Crawler; seoscanners.info; info@seoscanners.info)"
85.25.177.219 - - [11/Jun/2022:13:14:14 +0200] "GET /Texte/ZurcherischEnglish?action=diff HTTP/1.1" 403 18 "-" "SEO Scanner/1.2.4 (SEO Crawler; seoscanners.info; info@seoscanners.info)"
85.25.177.219 - - [11/Jun/2022:13:18:11 +0200] "GET /Texte/ArsAmatoria?action=print HTTP/1.1" 403 18 "-" "SEO Scanner/1.2.4 (SEO Crawler; seoscanners.info; info@seoscanners.info)"
85.25.177.219 - - [11/Jun/2022:13:22:31 +0200] "GET /Texte/Schrybwys?action=upload HTTP/1.1" 403 18 "-" "SEO Scanner/1.2.4 (SEO Crawler; seoscanners.info; info@seoscanners.info)"
194.209.200.2 - - [11/Jun/2022:13:23:27 +0200] "GET /robots.txt HTTP/1.1" 200 - "-" "Mozilla/5.0 (compatible; TMMBot/0.2; +http://www.dslab.ch)/Nutch-1.15"
194.209.200.2 - - [11/Jun/2022:13:23:27 +0200] "GET /Texte/Roman HTTP/1.1" 200 38741 "-" "Mozilla/5.0 (compatible; TMMBot/0.2; +http://www.dslab.ch)/Nutch-1.15"
194.209.200.2 - - [11/Jun/2022:13:23:32 +0200] "GET /Admin/AdresseStiftung HTTP/1.1" 200 8453 "-" "Mozilla/5.0 (compatible; TMMBot/0.2; +http://www.dslab.ch)/Nutch-1.15"
85.25.177.219 - - [11/Jun/2022:13:24:02 +0200] "GET /Hilfe/Quicktime?action=edit HTTP/1.1" 403 18 "-" "SEO Scanner/1.2.4 (SEO Crawler; seoscanners.info; info@seoscanners.info)"
194.209.200.2 - - [11/Jun/2022:13:25:26 +0200] "GET /PodCast/RSSPodcasts HTTP/1.1" 200 8905 "-" "Mozilla/5.0 (compatible; TMMBot/0.2; +http://www.dslab.ch)/Nutch-1.15"
85.25.177.219 - - [11/Jun/2022:13:25:52 +0200] "GET /Texte/ZurcherischEnglish?action=print HTTP/1.1" 403 18 "-" "SEO Scanner/1.2.4 (SEO Crawler; seoscanners.info; info@seoscanners.info)"
85.25.177.219 - - [11/Jun/2022:13:26:32 +0200] "GET /Hilfe/Quicktime?action=print HTTP/1.1" 403 18 "-" "SEO Scanner/1.2.4 (SEO Crawler; seoscanners.info; info@seoscanners.info)"
194.209.200.2 - - [11/Jun/2022:13:26:35 +0200] "GET /Texte/GDicht HTTP/1.1" 200 8050 "-" "Mozilla/5.0 (compatible; TMMBot/0.2; +http://www.dslab.ch)/Nutch-1.15"
194.209.200.2 - - [11/Jun/2022:13:27:12 +0200] "GET /Texte/Metamorphoses HTTP/1.1" 200 9045 "-" "Mozilla/5.0 (compatible; TMMBot/0.2; +http://www.dslab.ch)/Nutch-1.15"
194.209.200.2 - - [11/Jun/2022:13:27:15 +0200] "GET /Site/PodCast HTTP/1.1" 200 40934 "-" "Mozilla/5.0 (compatible; TMMBot/0.2; +http://www.dslab.ch)/Nutch-1.15"
45.56.103.4 - - [11/Jun/2022:13:28:22 +0200] "GET /PodCast/IndexPage?action=rss HTTP/1.1" 200 6298 "-" "PlayerFM/1.0 Podcast Sync (1 subscribers; url=https://player.fm/series/podcast-2872909)"
194.209.200.2 - - [11/Jun/2022:13:29:10 +0200] "GET / HTTP/1.1" 200 14638 "-" "Mozilla/5.0 (compatible; TMMBot/0.2; +http://www.dslab.ch)/Nutch-1.15"
194.209.200.2 - - [11/Jun/2022:13:29:53 +0200] "GET /Texte/Bitterbeuhsi HTTP/1.1" 200 9255 "-" "Mozilla/5.0 (compatible; TMMBot/0.2; +http://www.dslab.ch)/Nutch-1.15"
194.209.200.2 - - [11/Jun/2022:13:30:05 +0200] "GET /Gast/Podcast HTTP/1.1" 200 8106 "-" "Mozilla/5.0 (compatible; TMMBot/0.2; +http://www.dslab.ch)/Nutch-1.15"
185.191.171.4 - - [11/Jun/2022:13:30:29 +0200] "GET /robots.txt HTTP/1.1" 200 - "-" "Mozilla/5.0 (compatible; SemrushBot/7~bl; +http://www.semrush.com/bot.html)"
185.191.171.22 - - [11/Jun/2022:13:30:29 +0200] "GET /PmWikiRu/FAQ?action=print HTTP/1.1" 403 18 "-" "Mozilla/5.0 (compatible; SemrushBot/7~bl; +http://www.semrush.com/bot.html)"
85.25.177.219 - - [11/Jun/2022:13:31:28 +0200] "GET /Texte/ArsAmatoria?action=edit HTTP/1.1" 403 18 "-" "SEO Scanner/1.2.4 (SEO Crawler; seoscanners.info; info@seoscanners.info)"
85.25.177.219 - - [11/Jun/2022:13:32:03 +0200] "GET /Hilfe/Quicktime?action=diff HTTP/1.1" 403 18 "-" "SEO Scanner/1.2.4 (SEO Crawler; seoscanners.info; info@seoscanners.info)"
85.25.177.219 - - [11/Jun/2022:13:33:04 +0200] "GET /Texte/Schrybwys?action=edit HTTP/1.1" 403 18 "-" "SEO Scanner/1.2.4 (SEO Crawler; seoscanners.info; info@seoscanners.info)"
85.25.177.219 - - [11/Jun/2022:13:33:58 +0200] "GET /Hilfe/Quicktime?action=upload HTTP/1.1" 403 18 "-" "SEO Scanner/1.2.4 (SEO Crawler; seoscanners.info; info@seoscanners.info)"
85.25.177.219 - - [11/Jun/2022:13:34:17 +0200] "GET /Texte/Schrybwys?action=print HTTP/1.1" 403 18 "-" "SEO Scanner/1.2.4 (SEO Crawler; seoscanners.info; info@seoscanners.info)"
168.119.51.163 - - [11/Jun/2022:13:35:26 +0200] "GET /robots.txt HTTP/1.1" 200 - "-" "Mozilla/5.0 (compatible; um-IC/1.0; mailto: techinfo@ubermetrics-technologies.com; Windows NT 6.1; WOW64; rv:40.0) Gecko/20100101 Firefox/40.1"
168.119.51.163 - - [11/Jun/2022:13:35:26 +0200] "GET /PodCast/IndexPage?action=rss HTTP/1.1" 200 6298 "-" "Mozilla/5.0 (compatible; um-IC/1.0; mailto: techinfo@ubermetrics-technologies.com; Windows NT 6.1; WOW64; rv:40.0) Gecko/20100101 Firefox/40.1"
85.25.177.219 - - [11/Jun/2022:13:38:59 +0200] "GET /Texte/Roman?action=edit HTTP/1.1" 403 18 "-" "SEO Scanner/1.2.4 (SEO Crawler; seoscanners.info; info@seoscanners.info)"
85.25.177.219 - - [11/Jun/2022:13:39:18 +0200] "GET /Texte/Limericks?action=upload HTTP/1.1" 403 18 "-" "SEO Scanner/1.2.4 (SEO Crawler; seoscanners.info; info@seoscanners.info)"
85.25.177.219 - - [11/Jun/2022:13:40:44 +0200] "GET /Texte/ArsAmatoria?action=upload HTTP/1.1" 403 18 "-" "SEO Scanner/1.2.4 (SEO Crawler; seoscanners.info; info@seoscanners.info)"
85.25.177.219 - - [11/Jun/2022:13:41:24 +0200] "GET /Admin/ZurStiftung?action=print HTTP/1.1" 403 18 "-" "SEO Scanner/1.2.4 (SEO Crawler; seoscanners.info; info@seoscanners.info)"
85.25.177.219 - - [11/Jun/2022:13:41:57 +0200] "GET /Texte/ArsAmatoria?action=diff HTTP/1.1" 403 18 "-" "SEO Scanner/1.2.4 (SEO Crawler; seoscanners.info; info@seoscanners.info)"
85.25.177.219 - - [11/Jun/2022:13:50:15 +0200] "GET /Texte/Roman?action=print HTTP/1.1" 403 18 "-" "SEO Scanner/1.2.4 (SEO Crawler; seoscanners.info; info@seoscanners.info)"
85.25.177.219 - - [11/Jun/2022:13:50:27 +0200] "GET /PodCast/RSSPodcasts?action=upload HTTP/1.1" 403 18 "-" "SEO Scanner/1.2.4 (SEO Crawler; seoscanners.info; info@seoscanners.info)"
5.161.100.36 - - [11/Jun/2022:13:50:58 +0200] "GET /PodCast/Gvatterle HTTP/1.1" 200 13975 "-" "Mozilla/5.0 (Windows NT 10.0; Win64; x64) AppleWebKit/537.36 (KHTML, like Gecko) Chrome/84.0.4147.105 Safari/537.36"
85.25.177.219 - - [11/Jun/2022:13:52:36 +0200] "GET /Texte/Bitterbeuhsi?action=diff HTTP/1.1" 403 18 "-" "SEO Scanner/1.2.4 (SEO Crawler; seoscanners.info; info@seoscanners.info)"
194.209.200.2 - - [11/Jun/2022:13:52:46 +0200] "GET /robots.txt HTTP/1.1" 200 - "-" "Mozilla/5.0 (compatible; TMMBot/0.2; +http://www.dslab.ch)/Nutch-1.15"
194.209.200.2 - - [11/Jun/2022:13:52:46 +0200] "GET /Texte/Roman HTTP/1.1" 200 38741 "-" "Mozilla/5.0 (compatible; TMMBot/0.2; +http://www.dslab.ch)/Nutch-1.15"
194.209.200.2 - - [11/Jun/2022:13:52:52 +0200] "GET /Admin/AdresseStiftung HTTP/1.1" 200 8453 "-" "Mozilla/5.0 (compatible; TMMBot/0.2; +http://www.dslab.ch)/Nutch-1.15"
85.25.177.219 - - [11/Jun/2022:13:52:52 +0200] "GET /Main/Home?action=diff HTTP/1.1" 403 18 "-" "SEO Scanner/1.2.4 (SEO Crawler; seoscanners.info; info@seoscanners.info)"
185.191.171.8 - - [11/Jun/2022:13:53:46 +0200] "GET /PmWikiRu/PmWikiRu?action=upload HTTP/1.1" 403 18 "-" "Mozilla/5.0 (compatible; SemrushBot/7~bl; +http://www.semrush.com/bot.html)"
185.191.171.25 - - [11/Jun/2022:13:56:07 +0200] "GET /PmWikiRu/A?action=search&fmt=title&q=link%3DPmWikiRu.Passwords HTTP/1.1" 404 18 "-" "Mozilla/5.0 (compatible; SemrushBot/7~bl; +http://www.semrush.com/bot.html)"
194.209.200.2 - - [11/Jun/2022:13:56:18 +0200] "GET /PodCast/RSSPodcasts HTTP/1.1" 200 8905 "-" "Mozilla/5.0 (compatible; TMMBot/0.2; +http://www.dslab.ch)/Nutch-1.15"
194.209.200.2 - - [11/Jun/2022:13:57:57 +0200] "GET /Texte/ArsAmatoria HTTP/1.1" 200 12369 "-" "Mozilla/5.0 (compatible; TMMBot/0.2; +http://www.dslab.ch)/Nutch-1.15"
85.25.177.219 - - [11/Jun/2022:13:58:02 +0200] "GET /Admin/Links?action=edit HTTP/1.1" 403 18 "-" "SEO Scanner/1.2.4 (SEO Crawler; seoscanners.info; info@seoscanners.info)"
85.25.177.219 - - [11/Jun/2022:13:58:29 +0200] "GET /Texte/Bitterbeuhsi?action=print HTTP/1.1" 403 18 "-" "SEO Scanner/1.2.4 (SEO Crawler; seoscanners.info; info@seoscanners.info)"
194.209.200.2 - - [11/Jun/2022:13:59:39 +0200] "GET /Texte/Metamorphoses HTTP/1.1" 200 9045 "-" "Mozilla/5.0 (compatible; TMMBot/0.2; +http://www.dslab.ch)/Nutch-1.15"
194.209.200.2 - - [11/Jun/2022:13:59:43 +0200] "GET /Site/PodCast HTTP/1.1" 200 40934 "-" "Mozilla/5.0 (compatible; TMMBot/0.2; +http://www.dslab.ch)/Nutch-1.15"
85.25.177.219 - - [11/Jun/2022:14:00:12 +0200] "GET /Admin/Links?action=upload HTTP/1.1" 403 18 "-" "SEO Scanner/1.2.4 (SEO Crawler; seoscanners.info; info@seoscanners.info)"
85.25.177.219 - - [11/Jun/2022:14:00:32 +0200] "GET /Texte/Bitterbeuhsi?action=upload HTTP/1.1" 403 18 "-" "SEO Scanner/1.2.4 (SEO Crawler; seoscanners.info; info@seoscanners.info)"
194.209.200.2 - - [11/Jun/2022:14:02:42 +0200] "GET / HTTP/1.1" 200 14638 "-" "Mozilla/5.0 (compatible; TMMBot/0.2; +http://www.dslab.ch)/Nutch-1.15"
185.191.171.39 - - [11/Jun/2022:14:03:31 +0200] "GET /PmWikiDe/PageDirectives?action=print HTTP/1.1" 403 18 "-" "Mozilla/5.0 (compatible; SemrushBot/7~bl; +http://www.semrush.com/bot.html)"
194.209.200.2 - - [11/Jun/2022:14:04:10 +0200] "GET /Texte/Bitterbeuhsi HTTP/1.1" 200 9255 "-" "Mozilla/5.0 (compatible; TMMBot/0.2; +http://www.dslab.ch)/Nutch-1.15"
194.209.200.2 - - [11/Jun/2022:14:04:27 +0200] "GET /Gast/Podcast HTTP/1.1" 200 8106 "-" "Mozilla/5.0 (compatible; TMMBot/0.2; +http://www.dslab.ch)/Nutch-1.15"
5.188.62.140 - - [11/Jun/2022:14:04:49 +0200] "GET / HTTP/1.1" 200 14638 "-" "Mozilla/5.0 (Windows NT 6.1; WOW64) AppleWebKit/537.36 (KHTML, like Gecko) Chrome/100.0.4896.127 Safari/537.36"
85.25.177.219 - - [11/Jun/2022:14:05:08 +0200] "GET /Admin/Links?action=diff HTTP/1.1" 403 18 "-" "SEO Scanner/1.2.4 (SEO Crawler; seoscanners.info; info@seoscanners.info)"
66.249.76.222 - - [11/Jun/2022:14:05:47 +0200] "GET /PodCast/IndexPage?action=rss HTTP/1.1" 200 6298 "-" "Mozilla/5.0 (compatible; Googlebot/2.1; +http://www.google.com/bot.html)"
85.25.177.219 - - [11/Jun/2022:14:06:29 +0200] "GET /Texte/Bitterbeuhsi?action=edit HTTP/1.1" 403 18 "-" "SEO Scanner/1.2.4 (SEO Crawler; seoscanners.info; info@seoscanners.info)"
85.25.177.219 - - [11/Jun/2022:14:07:26 +0200] "GET /Admin/Links?action=print HTTP/1.1" 403 18 "-" "SEO Scanner/1.2.4 (SEO Crawler; seoscanners.info; info@seoscanners.info)"
20.25.13.178 - - [11/Jun/2022:14:08:14 +0200] "GET / HTTP/1.1" 200 14638 "-" "Mozilla/5.0 (Windows NT 10.0; Win64; x64) AppleWebKit/537.36 (KHTML, like Gecko) Chrome/63.0.3239.132 Safari/537.36"
20.25.13.178 - - [11/Jun/2022:14:08:14 +0200] "GET /wp-includes/wlwmanifest.xml HTTP/1.1" 404 293 "-" "Mozilla/5.0 (Windows NT 10.0; Win64; x64) AppleWebKit/537.36 (KHTML, like Gecko) Chrome/63.0.3239.132 Safari/537.36"
20.25.13.178 - - [11/Jun/2022:14:08:15 +0200] "GET /xmlrpc.php?rsd HTTP/1.1" 404 276 "-" "Mozilla/5.0 (Windows NT 10.0; Win64; x64) AppleWebKit/537.36 (KHTML, like Gecko) Chrome/63.0.3239.132 Safari/537.36"
20.25.13.178 - - [11/Jun/2022:14:08:15 +0200] "GET / HTTP/1.1" 200 14638 "-" "Mozilla/5.0 (Windows NT 10.0; Win64; x64) AppleWebKit/537.36 (KHTML, like Gecko) Chrome/63.0.3239.132 Safari/537.36"
20.25.13.178 - - [11/Jun/2022:14:08:15 +0200] "GET /blog/wp-includes/wlwmanifest.xml HTTP/1.1" 404 298 "-" "Mozilla/5.0 (Windows NT 10.0; Win64; x64) AppleWebKit/537.36 (KHTML, like Gecko) Chrome/63.0.3239.132 Safari/537.36"
20.25.13.178 - - [11/Jun/2022:14:08:15 +0200] "GET /wordpress/wp-includes/wlwmanifest.xml HTTP/1.1" 404 303 "-" "Mozilla/5.0 (Windows NT 10.0; Win64; x64) AppleWebKit/537.36 (KHTML, like Gecko) Chrome/63.0.3239.132 Safari/537.36"
20.25.13.178 - - [11/Jun/2022:14:08:15 +0200] "GET /wp/wp-includes/wlwmanifest.xml HTTP/1.1" 404 296 "-" "Mozilla/5.0 (Windows NT 10.0; Win64; x64) AppleWebKit/537.36 (KHTML, like Gecko) Chrome/63.0.3239.132 Safari/537.36"
20.25.13.178 - - [11/Jun/2022:14:08:15 +0200] "GET /site/wp-includes/wlwmanifest.xml HTTP/1.1" 404 298 "-" "Mozilla/5.0 (Windows NT 10.0; Win64; x64) AppleWebKit/537.36 (KHTML, like Gecko) Chrome/63.0.3239.132 Safari/537.36"
20.25.13.178 - - [11/Jun/2022:14:08:15 +0200] "GET /cms/wp-includes/wlwmanifest.xml HTTP/1.1" 404 297 "-" "Mozilla/5.0 (Windows NT 10.0; Win64; x64) AppleWebKit/537.36 (KHTML, like Gecko) Chrome/63.0.3239.132 Safari/537.36"
85.25.177.219 - - [11/Jun/2022:14:15:47 +0200] "GET /Texte/Rezension?action=edit HTTP/1.1" 403 18 "-" "SEO Scanner/1.2.4 (SEO Crawler; seoscanners.info; info@seoscanners.info)"
85.25.177.219 - - [11/Jun/2022:14:17:44 +0200] "GET /Texte/Rezension?action=upload HTTP/1.1" 403 18 "-" "SEO Scanner/1.2.4 (SEO Crawler; seoscanners.info; info@seoscanners.info)"
85.25.177.219 - - [11/Jun/2022:14:19:01 +0200] "GET /Texte/Roman?action=diff HTTP/1.1" 403 18 "-" "SEO Scanner/1.2.4 (SEO Crawler; seoscanners.info; info@seoscanners.info)"
85.25.177.219 - - [11/Jun/2022:14:23:39 +0200] "GET /Texte/Styluebige?action=diff HTTP/1.1" 403 18 "-" "SEO Scanner/1.2.4 (SEO Crawler; seoscanners.info; info@seoscanners.info)"
85.25.177.219 - - [11/Jun/2022:14:24:21 +0200] "GET /Texte/Styluebige?action=print HTTP/1.1" 403 18 "-" "SEO Scanner/1.2.4 (SEO Crawler; seoscanners.info; info@seoscanners.info)"
85.25.177.219 - - [11/Jun/2022:14:26:16 +0200] "GET /Admin/Pro-ZurituutschStatuten?action=edit HTTP/1.1" 403 18 "-" "SEO Scanner/1.2.4 (SEO Crawler; seoscanners.info; info@seoscanners.info)"
85.25.177.219 - - [11/Jun/2022:14:27:26 +0200] "GET /Texte/Rezension?action=diff HTTP/1.1" 403 18 "-" "SEO Scanner/1.2.4 (SEO Crawler; seoscanners.info; info@seoscanners.info)"
194.209.200.2 - - [11/Jun/2022:14:30:22 +0200] "GET /robots.txt HTTP/1.1" 200 - "-" "Mozilla/5.0 (compatible; TMMBot/0.2; +http://www.dslab.ch)/Nutch-1.15"
194.209.200.2 - - [11/Jun/2022:14:30:22 +0200] "GET /Texte/Roman HTTP/1.1" 200 38741 "-" "Mozilla/5.0 (compatible; TMMBot/0.2; +http://www.dslab.ch)/Nutch-1.15"
194.209.200.2 - - [11/Jun/2022:14:32:11 +0200] "GET /Admin/Jahresbericht HTTP/1.1" 200 45530 "-" "Mozilla/5.0 (compatible; TMMBot/0.2; +http://www.dslab.ch)/Nutch-1.15"
194.209.200.2 - - [11/Jun/2022:14:32:23 +0200] "GET /PodCast/RSSPodcasts HTTP/1.1" 200 8905 "-" "Mozilla/5.0 (compatible; TMMBot/0.2; +http://www.dslab.ch)/Nutch-1.15"
85.25.177.219 - - [11/Jun/2022:14:32:24 +0200] "GET /Gast/Podcast?action=edit HTTP/1.1" 403 18 "-" "SEO Scanner/1.2.4 (SEO Crawler; seoscanners.info; info@seoscanners.info)"
194.209.200.2 - - [11/Jun/2022:14:33:19 +0200] "GET /Texte/ArsAmatoria HTTP/1.1" 200 12369 "-" "Mozilla/5.0 (compatible; TMMBot/0.2; +http://www.dslab.ch)/Nutch-1.15"
194.209.200.2 - - [11/Jun/2022:14:33:32 +0200] "GET /Texte/GDicht HTTP/1.1" 200 8050 "-" "Mozilla/5.0 (compatible; TMMBot/0.2; +http://www.dslab.ch)/Nutch-1.15"
185.191.171.26 - - [11/Jun/2022:14:33:43 +0200] "GET /robots.txt HTTP/1.1" 200 - "-" "Mozilla/5.0 (compatible; SemrushBot/7~bl; +http://www.semrush.com/bot.html)"
185.191.171.23 - - [11/Jun/2022:14:33:43 +0200] "GET /PmWikiDe/PmWikiDe?action=diff HTTP/1.1" 403 18 "-" "Mozilla/5.0 (compatible; SemrushBot/7~bl; +http://www.semrush.com/bot.html)"
85.25.177.219 - - [11/Jun/2022:14:33:46 +0200] "GET /Texte/Limericks?action=edit HTTP/1.1" 403 18 "-" "SEO Scanner/1.2.4 (SEO Crawler; seoscanners.info; info@seoscanners.info)"
194.209.200.2 - - [11/Jun/2022:14:34:10 +0200] "GET /Texte/Metamorphoses HTTP/1.1" 200 9045 "-" "Mozilla/5.0 (compatible; TMMBot/0.2; +http://www.dslab.ch)/Nutch-1.15"
85.25.177.219 - - [11/Jun/2022:14:34:40 +0200] "GET /Admin/Pro-ZurituutschStatuten?action=diff HTTP/1.1" 403 18 "-" "SEO Scanner/1.2.4 (SEO Crawler; seoscanners.info; info@seoscanners.info)"
85.25.177.219 - - [11/Jun/2022:14:34:58 +0200] "GET /Admin/Pro-ZurituutschStatuten?action=print HTTP/1.1" 403 18 "-" "SEO Scanner/1.2.4 (SEO Crawler; seoscanners.info; info@seoscanners.info)"
194.209.200.2 - - [11/Jun/2022:14:36:04 +0200] "GET / HTTP/1.1" 200 14638 "-" "Mozilla/5.0 (compatible; TMMBot/0.2; +http://www.dslab.ch)/Nutch-1.15"
194.209.200.2 - - [11/Jun/2022:14:36:50 +0200] "GET /Texte/Bitterbeuhsi HTTP/1.1" 200 9255 "-" "Mozilla/5.0 (compatible; TMMBot/0.2; +http://www.dslab.ch)/Nutch-1.15"
194.209.200.2 - - [11/Jun/2022:14:36:59 +0200] "GET /Gast/Podcast HTTP/1.1" 200 8106 "-" "Mozilla/5.0 (compatible; TMMBot/0.2; +http://www.dslab.ch)/Nutch-1.15"
85.25.177.219 - - [11/Jun/2022:14:37:59 +0200] "GET /Admin/Pro-ZurituutschStatuten?action=upload HTTP/1.1" 403 18 "-" "SEO Scanner/1.2.4 (SEO Crawler; seoscanners.info; info@seoscanners.info)"
85.25.177.219 - - [11/Jun/2022:14:39:27 +0200] "GET /Gast/Podcast?action=upload HTTP/1.1" 403 18 "-" "SEO Scanner/1.2.4 (SEO Crawler; seoscanners.info; info@seoscanners.info)"
85.25.177.219 - - [11/Jun/2022:14:40:05 +0200] "GET /Admin/AdresseStiftung?action=upload HTTP/1.1" 403 18 "-" "SEO Scanner/1.2.4 (SEO Crawler; seoscanners.info; info@seoscanners.info)"
85.25.177.219 - - [11/Jun/2022:14:43:27 +0200] "GET /Gast/Podcast?action=print HTTP/1.1" 403 18 "-" "SEO Scanner/1.2.4 (SEO Crawler; seoscanners.info; info@seoscanners.info)"
85.25.177.219 - - [11/Jun/2022:14:44:46 +0200] "GET /Admin/AdresseStiftung?action=print HTTP/1.1" 403 18 "-" "SEO Scanner/1.2.4 (SEO Crawler; seoscanners.info; info@seoscanners.info)"
85.25.177.219 - - [11/Jun/2022:14:45:44 +0200] "GET /Admin/ZurStiftung?action=edit HTTP/1.1" 403 18 "-" "SEO Scanner/1.2.4 (SEO Crawler; seoscanners.info; info@seoscanners.info)"
85.25.177.219 - - [11/Jun/2022:14:46:23 +0200] "GET /Admin/AdresseStiftung?action=edit HTTP/1.1" 403 18 "-" "SEO Scanner/1.2.4 (SEO Crawler; seoscanners.info; info@seoscanners.info)"
85.25.177.219 - - [11/Jun/2022:14:47:32 +0200] "GET /PodCast/RSSPodcasts?action=edit HTTP/1.1" 403 18 "-" "SEO Scanner/1.2.4 (SEO Crawler; seoscanners.info; info@seoscanners.info)"
85.25.177.219 - - [11/Jun/2022:14:48:11 +0200] "GET /Admin/AdresseStiftung?action=diff HTTP/1.1" 403 18 "-" "SEO Scanner/1.2.4 (SEO Crawler; seoscanners.info; info@seoscanners.info)"
85.25.177.219 - - [11/Jun/2022:14:51:54 +0200] "GET /Texte/GDicht?action=diff HTTP/1.1" 403 18 "-" "SEO Scanner/1.2.4 (SEO Crawler; seoscanners.info; info@seoscanners.info)"
85.25.177.219 - - [11/Jun/2022:14:53:37 +0200] "GET /Texte/GDicht?action=edit HTTP/1.1" 403 18 "-" "SEO Scanner/1.2.4 (SEO Crawler; seoscanners.info; info@seoscanners.info)"
85.25.177.219 - - [11/Jun/2022:14:55:17 +0200] "GET /Texte/GDicht?action=print HTTP/1.1" 403 18 "-" "SEO Scanner/1.2.4 (SEO Crawler; seoscanners.info; info@seoscanners.info)"
185.191.171.39 - - [11/Jun/2022:15:00:00 +0200] "GET /PmWikiFr/GroupHeader?action=upload HTTP/1.1" 403 18 "-" "Mozilla/5.0 (compatible; SemrushBot/7~bl; +http://www.semrush.com/bot.html)"
85.25.177.219 - - [11/Jun/2022:15:01:20 +0200] "GET /PodCast/RSSPodcasts?action=diff HTTP/1.1" 403 18 "-" "SEO Scanner/1.2.4 (SEO Crawler; seoscanners.info; info@seoscanners.info)"
85.25.177.219 - - [11/Jun/2022:15:02:18 +0200] "GET /Texte/Gloosse?action=upload HTTP/1.1" 403 18 "-" "SEO Scanner/1.2.4 (SEO Crawler; seoscanners.info; info@seoscanners.info)"
66.249.70.124 - - [11/Jun/2022:15:03:02 +0200] "GET /PodCast/IndexPage?action=rss HTTP/1.1" 200 6298 "-" "Mozilla/5.0 (compatible; Googlebot/2.1; +http://www.google.com/bot.html)"
85.25.177.219 - - [11/Jun/2022:15:04:16 +0200] "GET /Texte/Styluebige?action=edit HTTP/1.1" 403 18 "-" "SEO Scanner/1.2.4 (SEO Crawler; seoscanners.info; info@seoscanners.info)"
85.25.177.219 - - [11/Jun/2022:15:04:38 +0200] "GET /Texte/Gloosse?action=edit HTTP/1.1" 403 18 "-" "SEO Scanner/1.2.4 (SEO Crawler; seoscanners.info; info@seoscanners.info)"
194.209.200.2 - - [11/Jun/2022:15:04:39 +0200] "GET /robots.txt HTTP/1.1" 200 - "-" "Mozilla/5.0 (compatible; TMMBot/0.2; +http://www.dslab.ch)/Nutch-1.15"
194.209.200.2 - - [11/Jun/2022:15:04:39 +0200] "GET /Texte/Schrybwys HTTP/1.1" 200 11028 "-" "Mozilla/5.0 (compatible; TMMBot/0.2; +http://www.dslab.ch)/Nutch-1.15"
194.209.200.2 - - [11/Jun/2022:15:05:26 +0200] "GET /Texte/ArsAmatoria HTTP/1.1" 200 12369 "-" "Mozilla/5.0 (compatible; TMMBot/0.2; +http://www.dslab.ch)/Nutch-1.15"
194.209.200.2 - - [11/Jun/2022:15:05:41 +0200] "GET /Texte/GDicht HTTP/1.1" 200 8050 "-" "Mozilla/5.0 (compatible; TMMBot/0.2; +http://www.dslab.ch)/Nutch-1.15"
194.209.200.2 - - [11/Jun/2022:15:06:18 +0200] "GET /Texte/Metamorphoses HTTP/1.1" 200 9045 "-" "Mozilla/5.0 (compatible; TMMBot/0.2; +http://www.dslab.ch)/Nutch-1.15"
194.209.200.2 - - [11/Jun/2022:15:06:21 +0200] "GET /Site/PodCast HTTP/1.1" 200 40934 "-" "Mozilla/5.0 (compatible; TMMBot/0.2; +http://www.dslab.ch)/Nutch-1.15"
85.25.177.219 - - [11/Jun/2022:15:06:28 +0200] "GET /Texte/Metamorphoses?action=print HTTP/1.1" 403 18 "-" "SEO Scanner/1.2.4 (SEO Crawler; seoscanners.info; info@seoscanners.info)"
194.209.200.2 - - [11/Jun/2022:15:08:15 +0200] "GET / HTTP/1.1" 200 14638 "-" "Mozilla/5.0 (compatible; TMMBot/0.2; +http://www.dslab.ch)/Nutch-1.15"
85.25.177.219 - - [11/Jun/2022:15:08:37 +0200] "GET /Hilfe/Winamp?action=print HTTP/1.1" 403 18 "-" "SEO Scanner/1.2.4 (SEO Crawler; seoscanners.info; info@seoscanners.info)"
194.209.200.2 - - [11/Jun/2022:15:09:00 +0200] "GET /Texte/Bitterbeuhsi HTTP/1.1" 200 9255 "-" "Mozilla/5.0 (compatible; TMMBot/0.2; +http://www.dslab.ch)/Nutch-1.15"
194.209.200.2 - - [11/Jun/2022:15:09:11 +0200] "GET /Gast/Podcast HTTP/1.1" 200 8106 "-" "Mozilla/5.0 (compatible; TMMBot/0.2; +http://www.dslab.ch)/Nutch-1.15"
85.25.177.219 - - [11/Jun/2022:15:10:20 +0200] "GET /Texte/Gloosse?action=diff HTTP/1.1" 403 18 "-" "SEO Scanner/1.2.4 (SEO Crawler; seoscanners.info; info@seoscanners.info)"
85.25.177.219 - - [11/Jun/2022:15:10:41 +0200] "GET /Hilfe/Winamp?action=diff HTTP/1.1" 403 18 "-" "SEO Scanner/1.2.4 (SEO Crawler; seoscanners.info; info@seoscanners.info)"
85.25.177.219 - - [11/Jun/2022:15:12:43 +0200] "GET /Hilfe/Winamp?action=upload HTTP/1.1" 403 18 "-" "SEO Scanner/1.2.4 (SEO Crawler; seoscanners.info; info@seoscanners.info)"
185.191.171.44 - - [11/Jun/2022:15:13:46 +0200] "GET /PmWikiIt/PmWikiPhilosophy?action=edit HTTP/1.1" 404 18 "-" "Mozilla/5.0 (compatible; SemrushBot/7~bl; +http://www.semrush.com/bot.html)"
185.191.171.4 - - [11/Jun/2022:15:15:31 +0200] "GET /PmWikiFr/GroupHeaders HTTP/1.1" 200 11415 "-" "Mozilla/5.0 (compatible; SemrushBot/7~bl; +http://www.semrush.com/bot.html)"
185.191.171.14 - - [11/Jun/2022:15:15:53 +0200] "GET /PmWikiHu/TipsForEditing?action=upload HTTP/1.1" 403 18 "-" "Mozilla/5.0 (compatible; SemrushBot/7~bl; +http://www.semrush.com/bot.html)"
85.25.177.219 - - [11/Jun/2022:15:17:01 +0200] "GET /Texte/Limericks?action=diff HTTP/1.1" 403 18 "-" "SEO Scanner/1.2.4 (SEO Crawler; seoscanners.info; info@seoscanners.info)"
85.25.177.219 - - [11/Jun/2022:15:18:58 +0200] "GET /Hilfe/Winamp?action=edit HTTP/1.1" 403 18 "-" "SEO Scanner/1.2.4 (SEO Crawler; seoscanners.info; info@seoscanners.info)"
85.25.177.219 - - [11/Jun/2022:15:19:38 +0200] "GET /Texte/Gloosse?action=print HTTP/1.1" 403 18 "-" "SEO Scanner/1.2.4 (SEO Crawler; seoscanners.info; info@seoscanners.info)"
185.191.171.3 - - [11/Jun/2022:15:20:14 +0200] "GET /PmWikiHu/Tartalom?action=print HTTP/1.1" 403 18 "-" "Mozilla/5.0 (compatible; SemrushBot/7~bl; +http://www.semrush.com/bot.html)"
188.63.4.146 - - [11/Jun/2022:15:21:28 +0200] "GET / HTTP/1.1" 200 14638 "-" "Mozilla/5.0 (Windows NT 10.0; WOW64; rv:70.0) Gecko/20100101 Firefox/70.0"
188.63.4.146 - - [11/Jun/2022:15:21:28 +0200] "GET /main/home HTTP/1.1" 404 279 "-" "Mozilla/5.0 (Windows NT 10.0; WOW64; rv:70.0) Gecko/20100101 Firefox/70.0"
188.63.4.146 - - [11/Jun/2022:15:21:28 +0200] "GET /main/home?action=edit HTTP/1.1" 404 279 "-" "Mozilla/5.0 (Windows NT 10.0; WOW64; rv:70.0) Gecko/20100101 Firefox/70.0"
188.63.4.146 - - [11/Jun/2022:15:21:28 +0200] "GET /site/sidebar?action=edit HTTP/1.1" 404 282 "-" "Mozilla/5.0 (Windows NT 10.0; WOW64; rv:70.0) Gecko/20100101 Firefox/70.0"
188.63.4.146 - - [11/Jun/2022:15:21:28 +0200] "GET /main/home?action=upload HTTP/1.1" 404 279 "-" "Mozilla/5.0 (Windows NT 10.0; WOW64; rv:70.0) Gecko/20100101 Firefox/70.0"
188.63.4.146 - - [11/Jun/2022:15:21:28 +0200] "GET /main/home?action=print HTTP/1.1" 404 279 "-" "Mozilla/5.0 (Windows NT 10.0; WOW64; rv:70.0) Gecko/20100101 Firefox/70.0"
188.63.4.146 - - [11/Jun/2022:15:21:28 +0200] "GET /main/home?action=diff HTTP/1.1" 404 279 "-" "Mozilla/5.0 (Windows NT 10.0; WOW64; rv:70.0) Gecko/20100101 Firefox/70.0"
188.63.4.146 - - [11/Jun/2022:15:21:28 +0200] "GET /main HTTP/1.1" 404 274 "-" "Mozilla/5.0 (Windows NT 10.0; WOW64; rv:70.0) Gecko/20100101 Firefox/70.0"
85.25.177.219 - - [11/Jun/2022:15:26:33 +0200] "GET /Hilfe/AnleitungTonbeispiele?action=upload HTTP/1.1" 403 18 "-" "SEO Scanner/1.2.4 (SEO Crawler; seoscanners.info; info@seoscanners.info)"
85.25.177.219 - - [11/Jun/2022:15:27:36 +0200] "GET /Texte/Schrybwys?action=upload HTTP/1.1" 403 18 "-" "SEO Scanner/1.2.4 (SEO Crawler; seoscanners.info; info@seoscanners.info)"
85.25.177.219 - - [11/Jun/2022:15:30:13 +0200] "GET /Hilfe/RealOne?action=print HTTP/1.1" 403 18 "-" "SEO Scanner/1.2.4 (SEO Crawler; seoscanners.info; info@seoscanners.info)"
85.25.177.219 - - [11/Jun/2022:15:30:29 +0200] "GET /Hilfe/AnleitungTonbeispiele?action=print HTTP/1.1" 403 18 "-" "SEO Scanner/1.2.4 (SEO Crawler; seoscanners.info; info@seoscanners.info)"
85.25.177.219 - - [11/Jun/2022:15:31:57 +0200] "GET /Hilfe/RealOne?action=upload HTTP/1.1" 403 18 "-" "SEO Scanner/1.2.4 (SEO Crawler; seoscanners.info; info@seoscanners.info)"
42.236.10.122 - - [11/Jun/2022:15:32:03 +0200] "GET / HTTP/1.1" 200 14638 "http://www.pro-zurituutsch.ch/" "Mozilla/5.0 (Windows NT 6.1; WOW64) AppleWebKit/537.36 (KHTML, like Gecko) Chrome/50.0.2661.102 Safari/537.36; 360Spider"
185.191.171.36 - - [11/Jun/2022:15:32:27 +0200] "GET /PmWikiFr/DeletingPages HTTP/1.1" 200 10913 "-" "Mozilla/5.0 (compatible; SemrushBot/7~bl; +http://www.semrush.com/bot.html)"
85.25.177.219 - - [11/Jun/2022:15:33:34 +0200] "GET /Texte/ArsAmatoria?action=edit HTTP/1.1" 403 18 "-" "SEO Scanner/1.2.4 (SEO Crawler; seoscanners.info; info@seoscanners.info)"
54.36.148.49 - - [11/Jun/2022:15:34:02 +0200] "GET /PmWiki/\\$LinkUrl HTTP/1.1" 302 166 "-" "Mozilla/5.0 (compatible; AhrefsBot/7.0; +http://ahrefs.com/robot/)"
194.209.200.2 - - [11/Jun/2022:15:34:03 +0200] "GET /robots.txt HTTP/1.1" 200 - "-" "Mozilla/5.0 (compatible; TMMBot/0.2; +http://www.dslab.ch)/Nutch-1.15"
194.209.200.2 - - [11/Jun/2022:15:34:03 +0200] "GET /Texte/Roman HTTP/1.1" 200 38741 "-" "Mozilla/5.0 (compatible; TMMBot/0.2; +http://www.dslab.ch)/Nutch-1.15"
185.191.171.36 - - [11/Jun/2022:15:35:24 +0200] "GET /robots.txt HTTP/1.1" 200 - "-" "Mozilla/5.0 (compatible; SemrushBot/7~bl; +http://www.semrush.com/bot.html)"
185.191.171.15 - - [11/Jun/2022:15:35:25 +0200] "GET /PmWikiHu/UjOldalLetrehozasa?action=edit HTTP/1.1" 403 18 "-" "Mozilla/5.0 (compatible; SemrushBot/7~bl; +http://www.semrush.com/bot.html)"
