194.209.200.2 - - [15/Feb/2022:11:35:53 +0100] "GET /robots.txt HTTP/1.1" 200 - "-" "Mozilla/5.0 (compatible; TMMBot/0.2; +http://www.dslab.ch)/Nutch-1.15"
194.209.200.2 - - [15/Feb/2022:11:35:53 +0100] "GET /Texte/Rezension HTTP/1.1" 200 11812 "-" "Mozilla/5.0 (compatible; TMMBot/0.2; +http://www.dslab.ch)/Nutch-1.15"
185.191.171.7 - - [15/Feb/2022:11:37:05 +0100] "GET /PmWikiNl/ListeAllerSeiten?action=print HTTP/1.1" 403 18 "-" "Mozilla/5.0 (compatible; SemrushBot/7~bl; +http://www.semrush.com/bot.html)"
194.209.200.2 - - [15/Feb/2022:11:37:41 +0100] "GET /Admin/Jahresbericht HTTP/1.1" 200 45530 "-" "Mozilla/5.0 (compatible; TMMBot/0.2; +http://www.dslab.ch)/Nutch-1.15"
194.209.200.2 - - [15/Feb/2022:11:38:58 +0100] "GET /Texte/GDicht HTTP/1.1" 200 8050 "-" "Mozilla/5.0 (compatible; TMMBot/0.2; +http://www.dslab.ch)/Nutch-1.15"
194.209.200.2 - - [15/Feb/2022:11:39:25 +0100] "GET /Admin/Links HTTP/1.1" 200 14193 "-" "Mozilla/5.0 (compatible; TMMBot/0.2; +http://www.dslab.ch)/Nutch-1.15"
194.209.200.2 - - [15/Feb/2022:11:40:33 +0100] "GET /Texte/Gloosse HTTP/1.1" 200 8061 "-" "Mozilla/5.0 (compatible; TMMBot/0.2; +http://www.dslab.ch)/Nutch-1.15"
216.244.66.243 - - [15/Feb/2022:11:40:44 +0100] "GET /Site/191Raech1509 HTTP/1.1" 200 8121 "-" "Mozilla/5.0 (compatible; DotBot/1.2; +https://opensiteexplorer.org/dotbot; help@moz.com)"
194.209.200.2 - - [15/Feb/2022:11:41:22 +0100] "GET /Admin/Pro-ZurituutschStatuten HTTP/1.1" 200 9580 "-" "Mozilla/5.0 (compatible; TMMBot/0.2; +http://www.dslab.ch)/Nutch-1.15"
194.209.200.2 - - [15/Feb/2022:11:41:44 +0100] "GET /Admin/ZurStiftung HTTP/1.1" 200 10864 "-" "Mozilla/5.0 (compatible; TMMBot/0.2; +http://www.dslab.ch)/Nutch-1.15"
194.209.200.2 - - [15/Feb/2022:11:42:07 +0100] "GET /Texte/Bitterbeuhsi HTTP/1.1" 200 9255 "-" "Mozilla/5.0 (compatible; TMMBot/0.2; +http://www.dslab.ch)/Nutch-1.15"
194.209.200.2 - - [15/Feb/2022:11:42:42 +0100] "GET /Hilfe/AnleitungTonbeispiele HTTP/1.1" 200 9878 "-" "Mozilla/5.0 (compatible; TMMBot/0.2; +http://www.dslab.ch)/Nutch-1.15"
114.119.130.67 - - [15/Feb/2022:11:51:22 +0100] "GET /PmWikiZhCn/XLPage?action=diff HTTP/1.1" 403 18 "-" "Mozilla/5.0 (Linux; Android 7.0;) AppleWebKit/537.36 (KHTML, like Gecko) Mobile Safari/537.36 (compatible; PetalBot;+https://webmaster.petalsearch.com/site/petalbot)"
65.108.79.209 - - [15/Feb/2022:11:56:43 +0100] "GET /Texte/Gloosse?action=upload HTTP/1.1" 403 18 "http://www.pro-zurituutsch.ch/Texte/Gloosse" "Mozilla/5.0 (compatible; SEOkicks; +https://www.seokicks.de/robot.html)"
194.209.200.2 - - [15/Feb/2022:12:00:47 +0100] "GET /robots.txt HTTP/1.1" 200 - "-" "Mozilla/5.0 (compatible; TMMBot/0.2; +http://www.dslab.ch)/Nutch-1.15"
194.209.200.2 - - [15/Feb/2022:12:00:47 +0100] "GET /Texte/Rezension HTTP/1.1" 200 11812 "-" "Mozilla/5.0 (compatible; TMMBot/0.2; +http://www.dslab.ch)/Nutch-1.15"
194.209.200.2 - - [15/Feb/2022:12:01:16 +0100] "GET /Texte/ZurcherischEnglish HTTP/1.1" 200 8274 "-" "Mozilla/5.0 (compatible; TMMBot/0.2; +http://www.dslab.ch)/Nutch-1.15"
194.209.200.2 - - [15/Feb/2022:12:02:30 +0100] "GET /Admin/Jahresbericht HTTP/1.1" 200 45530 "-" "Mozilla/5.0 (compatible; TMMBot/0.2; +http://www.dslab.ch)/Nutch-1.15"
194.209.200.2 - - [15/Feb/2022:12:02:49 +0100] "GET /Texte/Limericks HTTP/1.1" 200 8087 "-" "Mozilla/5.0 (compatible; TMMBot/0.2; +http://www.dslab.ch)/Nutch-1.15"
49.37.245.253 - - [15/Feb/2022:12:02:52 +0100] "GET /PodCast/IndexPage?action=rss HTTP/1.1" 200 6298 "-" "Podcasts/1440.4 CFNetwork/1128.0.1 Darwin/19.6.0 (x86_64)"
194.209.200.2 - - [15/Feb/2022:12:03:35 +0100] "GET /Texte/ArsAmatoria HTTP/1.1" 200 12369 "-" "Mozilla/5.0 (compatible; TMMBot/0.2; +http://www.dslab.ch)/Nutch-1.15"
194.209.200.2 - - [15/Feb/2022:12:03:47 +0100] "GET /Texte/GDicht HTTP/1.1" 200 8050 "-" "Mozilla/5.0 (compatible; TMMBot/0.2; +http://www.dslab.ch)/Nutch-1.15"
194.209.200.2 - - [15/Feb/2022:12:04:15 +0100] "GET /Admin/Links HTTP/1.1" 200 14193 "-" "Mozilla/5.0 (compatible; TMMBot/0.2; +http://www.dslab.ch)/Nutch-1.15"
194.209.200.2 - - [15/Feb/2022:12:05:20 +0100] "GET /Texte/Gloosse HTTP/1.1" 200 8061 "-" "Mozilla/5.0 (compatible; TMMBot/0.2; +http://www.dslab.ch)/Nutch-1.15"
216.244.66.243 - - [15/Feb/2022:12:05:43 +0100] "GET /robots.txt HTTP/1.1" 200 - "-" "Mozilla/5.0 (compatible; DotBot/1.2; +https://opensiteexplorer.org/dotbot; help@moz.com)"
194.209.200.2 - - [15/Feb/2022:12:06:47 +0100] "GET /Texte/Bitterbeuhsi HTTP/1.1" 200 9255 "-" "Mozilla/5.0 (compatible; TMMBot/0.2; +http://www.dslab.ch)/Nutch-1.15"
114.119.130.91 - - [15/Feb/2022:12:18:28 +0100] "GET /PmWikiFr/IncludeOtherPages?action=print HTTP/1.1" 403 18 "-" "Mozilla/5.0 (Linux; Android 7.0;) AppleWebKit/537.36 (KHTML, like Gecko) Mobile Safari/537.36 (compatible; PetalBot;+https://webmaster.petalsearch.com/site/petalbot)"
114.119.130.40 - - [15/Feb/2022:12:19:16 +0100] "GET /PmWikiRu/WikiPage?action=diff HTTP/1.1" 403 18 "-" "Mozilla/5.0 (Linux; Android 7.0;) AppleWebKit/537.36 (KHTML, like Gecko) Mobile Safari/537.36 (compatible; PetalBot;+https://webmaster.petalsearch.com/site/petalbot)"
185.191.171.14 - - [15/Feb/2022:12:28:35 +0100] "GET /robots.txt HTTP/1.1" 200 - "-" "Mozilla/5.0 (compatible; SemrushBot/7~bl; +http://www.semrush.com/bot.html)"
185.191.171.45 - - [15/Feb/2022:12:28:35 +0100] "GET /PmWikiDe/WikistileFarben?action=edit HTTP/1.1" 403 18 "-" "Mozilla/5.0 (compatible; SemrushBot/7~bl; +http://www.semrush.com/bot.html)"
66.249.66.193 - - [15/Feb/2022:12:29:43 +0100] "GET /robots.txt HTTP/1.1" 200 - "-" "Mozilla/5.0 (compatible; Googlebot/2.1; +http://www.google.com/bot.html)"
66.249.66.196 - - [15/Feb/2022:12:29:43 +0100] "GET /PodCast/IndexPage?action=rss HTTP/1.1" 200 6298 "-" "Mozilla/5.0 (compatible; Googlebot/2.1; +http://www.google.com/bot.html)"
216.244.66.243 - - [15/Feb/2022:12:36:06 +0100] "GET /Site/Baadstoubegass1 HTTP/1.1" 200 8158 "-" "Mozilla/5.0 (compatible; DotBot/1.2; +https://opensiteexplorer.org/dotbot; help@moz.com)"
194.209.200.2 - - [15/Feb/2022:12:40:00 +0100] "GET /robots.txt HTTP/1.1" 200 - "-" "Mozilla/5.0 (compatible; TMMBot/0.2; +http://www.dslab.ch)/Nutch-1.15"
194.209.200.2 - - [15/Feb/2022:12:40:00 +0100] "GET /Texte/Rezension HTTP/1.1" 200 11812 "-" "Mozilla/5.0 (compatible; TMMBot/0.2; +http://www.dslab.ch)/Nutch-1.15"
194.209.200.2 - - [15/Feb/2022:12:40:33 +0100] "GET /Texte/ZurcherischEnglish HTTP/1.1" 200 8274 "-" "Mozilla/5.0 (compatible; TMMBot/0.2; +http://www.dslab.ch)/Nutch-1.15"
194.209.200.2 - - [15/Feb/2022:12:41:47 +0100] "GET /Admin/Jahresbericht HTTP/1.1" 200 45530 "-" "Mozilla/5.0 (compatible; TMMBot/0.2; +http://www.dslab.ch)/Nutch-1.15"
194.209.200.2 - - [15/Feb/2022:12:42:51 +0100] "GET /Texte/ArsAmatoria HTTP/1.1" 200 12369 "-" "Mozilla/5.0 (compatible; TMMBot/0.2; +http://www.dslab.ch)/Nutch-1.15"
194.209.200.2 - - [15/Feb/2022:12:43:04 +0100] "GET /Texte/GDicht HTTP/1.1" 200 8050 "-" "Mozilla/5.0 (compatible; TMMBot/0.2; +http://www.dslab.ch)/Nutch-1.15"
194.209.200.2 - - [15/Feb/2022:12:43:32 +0100] "GET /Admin/Links HTTP/1.1" 200 14193 "-" "Mozilla/5.0 (compatible; TMMBot/0.2; +http://www.dslab.ch)/Nutch-1.15"
194.209.200.2 - - [15/Feb/2022:12:46:08 +0100] "GET /Texte/Bitterbeuhsi HTTP/1.1" 200 9255 "-" "Mozilla/5.0 (compatible; TMMBot/0.2; +http://www.dslab.ch)/Nutch-1.15"
194.209.200.2 - - [15/Feb/2022:12:46:42 +0100] "GET /Hilfe/AnleitungTonbeispiele HTTP/1.1" 200 9878 "-" "Mozilla/5.0 (compatible; TMMBot/0.2; +http://www.dslab.ch)/Nutch-1.15"
185.119.81.105 - - [15/Feb/2022:12:58:36 +0100] "GET / HTTP/1.1" 200 14638 "-" "Mozilla/5.0 (Windows NT 10.0; Win64; x64) AppleWebKit/537.36 (KHTML, like Gecko) Chrome/74.0.3729.169 Safari/537.36"
185.119.81.105 - - [15/Feb/2022:12:58:37 +0100] "GET /Site/PodCast HTTP/1.1" 200 40934 "-" "Mozilla/5.0 (Windows NT 10.0; Win64; x64) AppleWebKit/537.36 (KHTML, like Gecko) Chrome/74.0.3729.169 Safari/537.36"
185.119.81.105 - - [15/Feb/2022:12:58:37 +0100] "GET /Site/SideBar?action=edit HTTP/1.1" 200 8581 "-" "Mozilla/5.0 (Windows NT 10.0; Win64; x64) AppleWebKit/537.36 (KHTML, like Gecko) Chrome/74.0.3729.169 Safari/537.36"
185.119.81.105 - - [15/Feb/2022:12:58:37 +0100] "GET /Main/Home HTTP/1.1" 200 14638 "-" "Mozilla/5.0 (Windows NT 10.0; Win64; x64) AppleWebKit/537.36 (KHTML, like Gecko) Chrome/74.0.3729.169 Safari/537.36"
185.119.81.105 - - [15/Feb/2022:12:58:38 +0100] "GET /Texte/Roman HTTP/1.1" 200 38741 "-" "Mozilla/5.0 (Windows NT 10.0; Win64; x64) AppleWebKit/537.36 (KHTML, like Gecko) Chrome/74.0.3729.169 Safari/537.36"
185.119.81.105 - - [15/Feb/2022:12:58:38 +0100] "GET /Admin/Links HTTP/1.1" 200 14193 "-" "Mozilla/5.0 (Windows NT 10.0; Win64; x64) AppleWebKit/537.36 (KHTML, like Gecko) Chrome/74.0.3729.169 Safari/537.36"
185.119.81.105 - - [15/Feb/2022:12:58:39 +0100] "GET /Texte/GDicht HTTP/1.1" 200 8050 "-" "Mozilla/5.0 (Windows NT 10.0; Win64; x64) AppleWebKit/537.36 (KHTML, like Gecko) Chrome/74.0.3729.169 Safari/537.36"
185.119.81.105 - - [15/Feb/2022:12:58:39 +0100] "GET /Gast/Podcast HTTP/1.1" 200 8106 "-" "Mozilla/5.0 (Windows NT 10.0; Win64; x64) AppleWebKit/537.36 (KHTML, like Gecko) Chrome/74.0.3729.169 Safari/537.36"
185.119.81.105 - - [15/Feb/2022:12:58:39 +0100] "GET /Texte/Gloosse HTTP/1.1" 200 8061 "-" "Mozilla/5.0 (Windows NT 10.0; Win64; x64) AppleWebKit/537.36 (KHTML, like Gecko) Chrome/74.0.3729.169 Safari/537.36"
185.119.81.105 - - [15/Feb/2022:12:58:40 +0100] "GET /Texte/Schrybwys HTTP/1.1" 200 11028 "-" "Mozilla/5.0 (Windows NT 10.0; Win64; x64) AppleWebKit/537.36 (KHTML, like Gecko) Chrome/74.0.3729.169 Safari/537.36"
185.119.81.105 - - [15/Feb/2022:12:58:40 +0100] "GET /Texte/Rezension HTTP/1.1" 200 11812 "-" "Mozilla/5.0 (Windows NT 10.0; Win64; x64) AppleWebKit/537.36 (KHTML, like Gecko) Chrome/74.0.3729.169 Safari/537.36"
185.119.81.105 - - [15/Feb/2022:12:58:40 +0100] "GET /Texte/Limericks HTTP/1.1" 200 8087 "-" "Mozilla/5.0 (Windows NT 10.0; Win64; x64) AppleWebKit/537.36 (KHTML, like Gecko) Chrome/74.0.3729.169 Safari/537.36"
185.119.81.105 - - [15/Feb/2022:12:58:41 +0100] "GET /Texte/Styluebige HTTP/1.1" 200 9998 "-" "Mozilla/5.0 (Windows NT 10.0; Win64; x64) AppleWebKit/537.36 (KHTML, like Gecko) Chrome/74.0.3729.169 Safari/537.36"
185.119.81.105 - - [15/Feb/2022:12:58:47 +0100] "GET /Texte/ArsAmatoria HTTP/1.1" 200 12369 "-" "Mozilla/5.0 (Windows NT 10.0; Win64; x64) AppleWebKit/537.36 (KHTML, like Gecko) Chrome/74.0.3729.169 Safari/537.36"
185.119.81.105 - - [15/Feb/2022:12:58:57 +0100] "GET /Texte/Bitterbeuhsi HTTP/1.1" 200 9255 "-" "Mozilla/5.0 (Windows NT 10.0; Win64; x64) AppleWebKit/537.36 (KHTML, like Gecko) Chrome/74.0.3729.169 Safari/537.36"
185.119.81.105 - - [15/Feb/2022:12:59:03 +0100] "GET /Texte/Metamorphoses HTTP/1.1" 200 9045 "-" "Mozilla/5.0 (Windows NT 10.0; Win64; x64) AppleWebKit/537.36 (KHTML, like Gecko) Chrome/74.0.3729.169 Safari/537.36"
185.119.81.105 - - [15/Feb/2022:12:59:08 +0100] "GET /PodCast/RSSPodcasts HTTP/1.1" 200 8905 "-" "Mozilla/5.0 (Windows NT 10.0; Win64; x64) AppleWebKit/537.36 (KHTML, like Gecko) Chrome/74.0.3729.169 Safari/537.36"
185.119.81.105 - - [15/Feb/2022:12:59:08 +0100] "GET /Bestellen/Pschtellf HTTP/1.1" 200 11220 "-" "Mozilla/5.0 (Windows NT 10.0; Win64; x64) AppleWebKit/537.36 (KHTML, like Gecko) Chrome/74.0.3729.169 Safari/537.36"
185.119.81.105 - - [15/Feb/2022:12:59:09 +0100] "GET /Admin/AdresseStiftung HTTP/1.1" 200 8453 "-" "Mozilla/5.0 (Windows NT 10.0; Win64; x64) AppleWebKit/537.36 (KHTML, like Gecko) Chrome/74.0.3729.169 Safari/537.36"
185.119.81.105 - - [15/Feb/2022:12:59:09 +0100] "GET /Main/Home?action=edit HTTP/1.1" 200 8537 "-" "Mozilla/5.0 (Windows NT 10.0; Win64; x64) AppleWebKit/537.36 (KHTML, like Gecko) Chrome/74.0.3729.169 Safari/537.36"
216.244.66.243 - - [15/Feb/2022:12:59:12 +0100] "GET /robots.txt HTTP/1.1" 200 - "-" "Mozilla/5.0 (compatible; DotBot/1.2; +https://opensiteexplorer.org/dotbot; help@moz.com)"
185.119.81.105 - - [15/Feb/2022:12:59:15 +0100] "GET /Main/Home?action=diff HTTP/1.1" 200 44006 "-" "Mozilla/5.0 (Windows NT 10.0; Win64; x64) AppleWebKit/537.36 (KHTML, like Gecko) Chrome/74.0.3729.169 Safari/537.36"
185.119.81.105 - - [15/Feb/2022:12:59:25 +0100] "GET /Main/Home?action=print HTTP/1.1" 200 8906 "-" "Mozilla/5.0 (Windows NT 10.0; Win64; x64) AppleWebKit/537.36 (KHTML, like Gecko) Chrome/74.0.3729.169 Safari/537.36"
185.119.81.105 - - [15/Feb/2022:12:59:27 +0100] "GET /Main/Home?action=upload HTTP/1.1" 200 8437 "-" "Mozilla/5.0 (Windows NT 10.0; Win64; x64) AppleWebKit/537.36 (KHTML, like Gecko) Chrome/74.0.3729.169 Safari/537.36"
185.119.81.105 - - [15/Feb/2022:12:59:33 +0100] "GET /Texte/ZurcherischEnglish HTTP/1.1" 200 8274 "-" "Mozilla/5.0 (Windows NT 10.0; Win64; x64) AppleWebKit/537.36 (KHTML, like Gecko) Chrome/74.0.3729.169 Safari/537.36"
185.119.81.105 - - [15/Feb/2022:12:59:33 +0100] "GET /Hilfe/AnleitungTonbeispiele HTTP/1.1" 200 9878 "-" "Mozilla/5.0 (Windows NT 10.0; Win64; x64) AppleWebKit/537.36 (KHTML, like Gecko) Chrome/74.0.3729.169 Safari/537.36"
185.119.81.105 - - [15/Feb/2022:12:59:34 +0100] "GET /Admin/Pro-ZurituutschStatuten HTTP/1.1" 200 9580 "-" "Mozilla/5.0 (Windows NT 10.0; Win64; x64) AppleWebKit/537.36 (KHTML, like Gecko) Chrome/74.0.3729.169 Safari/537.36"
185.119.81.105 - - [15/Feb/2022:12:59:35 +0100] "GET /Site/PodCast?action=edit HTTP/1.1" 200 8581 "-" "Mozilla/5.0 (Windows NT 10.0; Win64; x64) AppleWebKit/537.36 (KHTML, like Gecko) Chrome/74.0.3729.169 Safari/537.36"
185.119.81.105 - - [15/Feb/2022:12:59:35 +0100] "GET /Site/PodCast?action=upload HTTP/1.1" 200 8481 "-" "Mozilla/5.0 (Windows NT 10.0; Win64; x64) AppleWebKit/537.36 (KHTML, like Gecko) Chrome/74.0.3729.169 Safari/537.36"
185.119.81.105 - - [15/Feb/2022:12:59:40 +0100] "GET /Site/PodCast?action=print HTTP/1.1" 200 39273 "-" "Mozilla/5.0 (Windows NT 10.0; Win64; x64) AppleWebKit/537.36 (KHTML, like Gecko) Chrome/74.0.3729.169 Safari/537.36"
185.119.81.105 - - [15/Feb/2022:12:59:41 +0100] "GET /Site/PodCast?action=diff HTTP/1.1" 200 219924 "-" "Mozilla/5.0 (Windows NT 10.0; Win64; x64) AppleWebKit/537.36 (KHTML, like Gecko) Chrome/74.0.3729.169 Safari/537.36"
185.119.81.105 - - [15/Feb/2022:12:59:44 +0100] "GET /Site/WGA6Klynikerfaarig HTTP/1.1" 200 15713 "-" "Mozilla/5.0 (Windows NT 10.0; Win64; x64) AppleWebKit/537.36 (KHTML, like Gecko) Chrome/74.0.3729.169 Safari/537.36"
185.119.81.105 - - [15/Feb/2022:12:59:44 +0100] "GET /Site/WGA5Herz HTTP/1.1" 200 20138 "-" "Mozilla/5.0 (Windows NT 10.0; Win64; x64) AppleWebKit/537.36 (KHTML, like Gecko) Chrome/74.0.3729.169 Safari/537.36"
185.119.81.105 - - [15/Feb/2022:12:59:44 +0100] "GET /Site/WGA4Gglinge HTTP/1.1" 200 18606 "-" "Mozilla/5.0 (Windows NT 10.0; Win64; x64) AppleWebKit/537.36 (KHTML, like Gecko) Chrome/74.0.3729.169 Safari/537.36"
185.119.81.105 - - [15/Feb/2022:12:59:45 +0100] "GET /Site/WGA3FrejersfuSs?action=edit HTTP/1.1" 200 8697 "-" "Mozilla/5.0 (Windows NT 10.0; Win64; x64) AppleWebKit/537.36 (KHTML, like Gecko) Chrome/74.0.3729.169 Safari/537.36"
185.119.81.105 - - [15/Feb/2022:12:59:45 +0100] "GET /Site/WGA2Eergyz HTTP/1.1" 200 17403 "-" "Mozilla/5.0 (Windows NT 10.0; Win64; x64) AppleWebKit/537.36 (KHTML, like Gecko) Chrome/74.0.3729.169 Safari/537.36"
185.119.81.105 - - [15/Feb/2022:12:59:46 +0100] "GET /Site/WGA1Begaabig HTTP/1.1" 200 17047 "-" "Mozilla/5.0 (Windows NT 10.0; Win64; x64) AppleWebKit/537.36 (KHTML, like Gecko) Chrome/74.0.3729.169 Safari/537.36"
185.119.81.105 - - [15/Feb/2022:12:59:46 +0100] "GET /Site/Abderhalde0Inhalt HTTP/1.1" 200 8436 "-" "Mozilla/5.0 (Windows NT 10.0; Win64; x64) AppleWebKit/537.36 (KHTML, like Gecko) Chrome/74.0.3729.169 Safari/537.36"
185.119.81.105 - - [15/Feb/2022:12:59:46 +0100] "GET /Site/200Quellen HTTP/1.1" 200 14017 "-" "Mozilla/5.0 (Windows NT 10.0; Win64; x64) AppleWebKit/537.36 (KHTML, like Gecko) Chrome/74.0.3729.169 Safari/537.36"
185.119.81.105 - - [15/Feb/2022:12:59:52 +0100] "GET /Site/192HouhsRech1509 HTTP/1.1" 200 21137 "-" "Mozilla/5.0 (Windows NT 10.0; Win64; x64) AppleWebKit/537.36 (KHTML, like Gecko) Chrome/74.0.3729.169 Safari/537.36"
185.119.81.105 - - [15/Feb/2022:12:59:53 +0100] "GET /Site/191Houhsraech1509 HTTP/1.1" 200 21817 "-" "Mozilla/5.0 (Windows NT 10.0; Win64; x64) AppleWebKit/537.36 (KHTML, like Gecko) Chrome/74.0.3729.169 Safari/537.36"
185.119.81.105 - - [15/Feb/2022:12:59:53 +0100] "GET /Site/182Room1500 HTTP/1.1" 200 24427 "-" "Mozilla/5.0 (Windows NT 10.0; Win64; x64) AppleWebKit/537.36 (KHTML, like Gecko) Chrome/74.0.3729.169 Safari/537.36"
185.119.81.105 - - [15/Feb/2022:12:59:54 +0100] "GET /Site/181Room1500 HTTP/1.1" 200 21927 "-" "Mozilla/5.0 (Windows NT 10.0; Win64; x64) AppleWebKit/537.36 (KHTML, like Gecko) Chrome/74.0.3729.169 Safari/537.36"
185.119.81.105 - - [15/Feb/2022:12:59:54 +0100] "GET /Site/171AmStadelhofe HTTP/1.1" 200 27839 "-" "Mozilla/5.0 (Windows NT 10.0; Win64; x64) AppleWebKit/537.36 (KHTML, like Gecko) Chrome/74.0.3729.169 Safari/537.36"
185.119.81.105 - - [15/Feb/2022:12:59:55 +0100] "GET /Site/162Predigerchoor1489 HTTP/1.1" 200 15938 "-" "Mozilla/5.0 (Windows NT 10.0; Win64; x64) AppleWebKit/537.36 (KHTML, like Gecko) Chrome/74.0.3729.169 Safari/537.36"
185.119.81.105 - - [15/Feb/2022:12:59:55 +0100] "GET /Site/161Predigerchoor1489 HTTP/1.1" 200 15057 "-" "Mozilla/5.0 (Windows NT 10.0; Win64; x64) AppleWebKit/537.36 (KHTML, like Gecko) Chrome/74.0.3729.169 Safari/537.36"
185.119.81.105 - - [15/Feb/2022:12:59:56 +0100] "GET /Site/152Konschtanz1485 HTTP/1.1" 200 21228 "-" "Mozilla/5.0 (Windows NT 10.0; Win64; x64) AppleWebKit/537.36 (KHTML, like Gecko) Chrome/74.0.3729.169 Safari/537.36"
185.119.81.105 - - [15/Feb/2022:12:59:56 +0100] "GET /Site/151Konschtanz1485 HTTP/1.1" 200 13431 "-" "Mozilla/5.0 (Windows NT 10.0; Win64; x64) AppleWebKit/537.36 (KHTML, like Gecko) Chrome/74.0.3729.169 Safari/537.36"
185.119.81.105 - - [15/Feb/2022:12:59:57 +0100] "GET /Site/142Taagsatzig1484 HTTP/1.1" 200 12692 "-" "Mozilla/5.0 (Windows NT 10.0; Win64; x64) AppleWebKit/537.36 (KHTML, like Gecko) Chrome/74.0.3729.169 Safari/537.36"
185.119.81.105 - - [15/Feb/2022:12:59:57 +0100] "GET /Site/141TaagsatzigIV1484 HTTP/1.1" 200 18313 "-" "Mozilla/5.0 (Windows NT 10.0; Win64; x64) AppleWebKit/537.36 (KHTML, like Gecko) Chrome/74.0.3729.169 Safari/537.36"
185.119.81.105 - - [15/Feb/2022:13:00:03 +0100] "GET /Site/132MIringe1483?action=edit HTTP/1.1" 200 8683 "-" "Mozilla/5.0 (Windows NT 10.0; Win64; x64) AppleWebKit/537.36 (KHTML, like Gecko) Chrome/74.0.3729.169 Safari/537.36"
185.119.81.105 - - [15/Feb/2022:13:00:03 +0100] "GET /Site/131MIringe1483?action=edit HTTP/1.1" 200 8683 "-" "Mozilla/5.0 (Windows NT 10.0; Win64; x64) AppleWebKit/537.36 (KHTML, like Gecko) Chrome/74.0.3729.169 Safari/537.36"
185.119.81.105 - - [15/Feb/2022:13:00:03 +0100] "GET /Site/123Sitkouscht1482 HTTP/1.1" 200 15538 "-" "Mozilla/5.0 (Windows NT 10.0; Win64; x64) AppleWebKit/537.36 (KHTML, like Gecko) Chrome/74.0.3729.169 Safari/537.36"
185.119.81.105 - - [15/Feb/2022:13:00:04 +0100] "GET /Site/122Sitkouscht1482 HTTP/1.1" 200 19228 "-" "Mozilla/5.0 (Windows NT 10.0; Win64; x64) AppleWebKit/537.36 (KHTML, like Gecko) Chrome/74.0.3729.169 Safari/537.36"
185.119.81.105 - - [15/Feb/2022:13:00:09 +0100] "GET /Site/121Sitkouscht1482 HTTP/1.1" 200 14018 "-" "Mozilla/5.0 (Windows NT 10.0; Win64; x64) AppleWebKit/537.36 (KHTML, like Gecko) Chrome/74.0.3729.169 Safari/537.36"
185.119.81.105 - - [15/Feb/2022:13:00:10 +0100] "GET /Site/112Stans1481 HTTP/1.1" 200 17240 "-" "Mozilla/5.0 (Windows NT 10.0; Win64; x64) AppleWebKit/537.36 (KHTML, like Gecko) Chrome/74.0.3729.169 Safari/537.36"
185.119.81.105 - - [15/Feb/2022:13:00:16 +0100] "GET /Site/111Stans1481 HTTP/1.1" 200 14791 "-" "Mozilla/5.0 (Windows NT 10.0; Win64; x64) AppleWebKit/537.36 (KHTML, like Gecko) Chrome/74.0.3729.169 Safari/537.36"
185.119.81.105 - - [15/Feb/2022:13:00:16 +0100] "GET /Site/102Ramft1478 HTTP/1.1" 200 17387 "-" "Mozilla/5.0 (Windows NT 10.0; Win64; x64) AppleWebKit/537.36 (KHTML, like Gecko) Chrome/74.0.3729.169 Safari/537.36"
185.119.81.105 - - [15/Feb/2022:13:00:16 +0100] "GET /Site/101Ramft1478 HTTP/1.1" 200 15898 "-" "Mozilla/5.0 (Windows NT 10.0; Win64; x64) AppleWebKit/537.36 (KHTML, like Gecko) Chrome/74.0.3729.169 Safari/537.36"
185.119.81.105 - - [15/Feb/2022:13:00:17 +0100] "GET /Site/72Mourte1476 HTTP/1.1" 200 21149 "-" "Mozilla/5.0 (Windows NT 10.0; Win64; x64) AppleWebKit/537.36 (KHTML, like Gecko) Chrome/74.0.3729.169 Safari/537.36"
185.119.81.105 - - [15/Feb/2022:13:00:18 +0100] "GET /Site/71Mourte1476 HTTP/1.1" 200 17134 "-" "Mozilla/5.0 (Windows NT 10.0; Win64; x64) AppleWebKit/537.36 (KHTML, like Gecko) Chrome/74.0.3729.169 Safari/537.36"
185.119.81.105 - - [15/Feb/2022:13:00:19 +0100] "GET /Site/63Frawmeuischter1470 HTTP/1.1" 200 12397 "-" "Mozilla/5.0 (Windows NT 10.0; Win64; x64) AppleWebKit/537.36 (KHTML, like Gecko) Chrome/74.0.3729.169 Safari/537.36"
185.119.81.105 - - [15/Feb/2022:13:00:19 +0100] "GET /Site/62Mulhouse1468 HTTP/1.1" 200 16204 "-" "Mozilla/5.0 (Windows NT 10.0; Win64; x64) AppleWebKit/537.36 (KHTML, like Gecko) Chrome/74.0.3729.169 Safari/537.36"
185.119.81.105 - - [15/Feb/2022:13:00:19 +0100] "GET /Site/61Sanggale1465 HTTP/1.1" 200 18601 "-" "Mozilla/5.0 (Windows NT 10.0; Win64; x64) AppleWebKit/537.36 (KHTML, like Gecko) Chrome/74.0.3729.169 Safari/537.36"
185.119.81.105 - - [15/Feb/2022:13:00:21 +0100] "GET /Site/52GsprUhch?action=edit HTTP/1.1" 200 8625 "-" "Mozilla/5.0 (Windows NT 10.0; Win64; x64) AppleWebKit/537.36 (KHTML, like Gecko) Chrome/74.0.3729.169 Safari/537.36"
185.119.81.105 - - [15/Feb/2022:13:00:21 +0100] "GET /Site/51Trouttike HTTP/1.1" 200 13817 "-" "Mozilla/5.0 (Windows NT 10.0; Win64; x64) AppleWebKit/537.36 (KHTML, like Gecko) Chrome/74.0.3729.169 Safari/537.36"
185.119.81.105 - - [15/Feb/2022:13:00:21 +0100] "GET /Site/43Fasnacht HTTP/1.1" 200 8329 "-" "Mozilla/5.0 (Windows NT 10.0; Win64; x64) AppleWebKit/537.36 (KHTML, like Gecko) Chrome/74.0.3729.169 Safari/537.36"
185.119.81.105 - - [15/Feb/2022:13:00:22 +0100] "GET /Site/42Fasnacht1455 HTTP/1.1" 200 8391 "-" "Mozilla/5.0 (Windows NT 10.0; Win64; x64) AppleWebKit/537.36 (KHTML, like Gecko) Chrome/74.0.3729.169 Safari/537.36"
185.119.81.105 - - [15/Feb/2022:13:00:22 +0100] "GET /Site/41Fasnacht HTTP/1.1" 200 8329 "-" "Mozilla/5.0 (Windows NT 10.0; Win64; x64) AppleWebKit/537.36 (KHTML, like Gecko) Chrome/74.0.3729.169 Safari/537.36"
185.119.81.105 - - [15/Feb/2022:13:00:27 +0100] "GET /Site/32Meuischtergass HTTP/1.1" 200 21818 "-" "Mozilla/5.0 (Windows NT 10.0; Win64; x64) AppleWebKit/537.36 (KHTML, like Gecko) Chrome/74.0.3729.169 Safari/537.36"
185.119.81.105 - - [15/Feb/2022:13:00:28 +0100] "GET /Site/31Meuischtergass HTTP/1.1" 200 18979 "-" "Mozilla/5.0 (Windows NT 10.0; Win64; x64) AppleWebKit/537.36 (KHTML, like Gecko) Chrome/74.0.3729.169 Safari/537.36"
185.119.81.105 - - [15/Feb/2022:13:00:33 +0100] "GET /Site/22Baadstoubegass HTTP/1.1" 200 18563 "-" "Mozilla/5.0 (Windows NT 10.0; Win64; x64) AppleWebKit/537.36 (KHTML, like Gecko) Chrome/74.0.3729.169 Safari/537.36"
185.119.81.105 - - [15/Feb/2022:13:00:34 +0100] "GET /Site/21Baadstoube HTTP/1.1" 200 17886 "-" "Mozilla/5.0 (Windows NT 10.0; Win64; x64) AppleWebKit/537.36 (KHTML, like Gecko) Chrome/74.0.3729.169 Safari/537.36"
185.119.81.105 - - [15/Feb/2022:13:00:34 +0100] "GET /Site/Blickestoorff2 HTTP/1.1" 200 18706 "-" "Mozilla/5.0 (Windows NT 10.0; Win64; x64) AppleWebKit/537.36 (KHTML, like Gecko) Chrome/74.0.3729.169 Safari/537.36"
185.119.81.105 - - [15/Feb/2022:13:00:35 +0100] "GET /Site/Blickestoorff HTTP/1.1" 200 18757 "-" "Mozilla/5.0 (Windows NT 10.0; Win64; x64) AppleWebKit/537.36 (KHTML, like Gecko) Chrome/74.0.3729.169 Safari/537.36"
185.119.81.105 - - [15/Feb/2022:13:00:35 +0100] "GET /Site/Tessynfaart HTTP/1.1" 200 16858 "-" "Mozilla/5.0 (Windows NT 10.0; Win64; x64) AppleWebKit/537.36 (KHTML, like Gecko) Chrome/74.0.3729.169 Safari/537.36"
185.119.81.105 - - [15/Feb/2022:13:00:41 +0100] "GET /Site/Bebi HTTP/1.1" 200 13127 "-" "Mozilla/5.0 (Windows NT 10.0; Win64; x64) AppleWebKit/537.36 (KHTML, like Gecko) Chrome/74.0.3729.169 Safari/537.36"
185.119.81.105 - - [15/Feb/2022:13:00:41 +0100] "GET /Site/Leerbouech HTTP/1.1" 200 10755 "-" "Mozilla/5.0 (Windows NT 10.0; Win64; x64) AppleWebKit/537.36 (KHTML, like Gecko) Chrome/74.0.3729.169 Safari/537.36"
185.119.81.105 - - [15/Feb/2022:13:00:47 +0100] "GET /PodCast/Amor HTTP/1.1" 200 9825 "-" "Mozilla/5.0 (Windows NT 10.0; Win64; x64) AppleWebKit/537.36 (KHTML, like Gecko) Chrome/74.0.3729.169 Safari/537.36"
185.119.81.105 - - [15/Feb/2022:13:00:47 +0100] "GET /PodCast/Lydja HTTP/1.1" 200 9714 "-" "Mozilla/5.0 (Windows NT 10.0; Win64; x64) AppleWebKit/537.36 (KHTML, like Gecko) Chrome/74.0.3729.169 Safari/537.36"
185.119.81.105 - - [15/Feb/2022:13:00:52 +0100] "GET /PodCast/Zugle HTTP/1.1" 200 19132 "-" "Mozilla/5.0 (Windows NT 10.0; Win64; x64) AppleWebKit/537.36 (KHTML, like Gecko) Chrome/74.0.3729.169 Safari/537.36"
185.119.81.105 - - [15/Feb/2022:13:00:53 +0100] "GET /PodCast/StRbe HTTP/1.1" 200 8194 "-" "Mozilla/5.0 (Windows NT 10.0; Win64; x64) AppleWebKit/537.36 (KHTML, like Gecko) Chrome/74.0.3729.169 Safari/537.36"
185.119.81.105 - - [15/Feb/2022:13:00:53 +0100] "GET /PodCast/Boni2 HTTP/1.1" 200 13222 "-" "Mozilla/5.0 (Windows NT 10.0; Win64; x64) AppleWebKit/537.36 (KHTML, like Gecko) Chrome/74.0.3729.169 Safari/537.36"
185.119.81.105 - - [15/Feb/2022:13:00:53 +0100] "GET /PodCast/Bombe HTTP/1.1" 200 8662 "-" "Mozilla/5.0 (Windows NT 10.0; Win64; x64) AppleWebKit/537.36 (KHTML, like Gecko) Chrome/74.0.3729.169 Safari/537.36"
185.119.81.105 - - [15/Feb/2022:13:00:54 +0100] "GET /PodCast/Chile HTTP/1.1" 200 15112 "-" "Mozilla/5.0 (Windows NT 10.0; Win64; x64) AppleWebKit/537.36 (KHTML, like Gecko) Chrome/74.0.3729.169 Safari/537.36"
185.119.81.105 - - [15/Feb/2022:13:00:54 +0100] "GET /PodCast/JBJ302 HTTP/1.1" 200 15480 "-" "Mozilla/5.0 (Windows NT 10.0; Win64; x64) AppleWebKit/537.36 (KHTML, like Gecko) Chrome/74.0.3729.169 Safari/537.36"
185.119.81.105 - - [15/Feb/2022:13:00:59 +0100] "GET /PodCast/Sterbe HTTP/1.1" 200 8306 "-" "Mozilla/5.0 (Windows NT 10.0; Win64; x64) AppleWebKit/537.36 (KHTML, like Gecko) Chrome/74.0.3729.169 Safari/537.36"
185.119.81.105 - - [15/Feb/2022:13:01:02 +0100] "GET /PodCast/Puzzle HTTP/1.1" 200 10433 "-" "Mozilla/5.0 (Windows NT 10.0; Win64; x64) AppleWebKit/537.36 (KHTML, like Gecko) Chrome/74.0.3729.169 Safari/537.36"
185.119.81.105 - - [15/Feb/2022:13:01:03 +0100] "GET /PodCast/Maitli HTTP/1.1" 200 9744 "-" "Mozilla/5.0 (Windows NT 10.0; Win64; x64) AppleWebKit/537.36 (KHTML, like Gecko) Chrome/74.0.3729.169 Safari/537.36"
185.119.81.105 - - [15/Feb/2022:13:01:03 +0100] "GET /PodCast/JBJ202 HTTP/1.1" 200 20558 "-" "Mozilla/5.0 (Windows NT 10.0; Win64; x64) AppleWebKit/537.36 (KHTML, like Gecko) Chrome/74.0.3729.169 Safari/537.36"
185.119.81.105 - - [15/Feb/2022:13:01:05 +0100] "GET /PodCast/Sbysst HTTP/1.1" 200 17403 "-" "Mozilla/5.0 (Windows NT 10.0; Win64; x64) AppleWebKit/537.36 (KHTML, like Gecko) Chrome/74.0.3729.169 Safari/537.36"
185.119.81.105 - - [15/Feb/2022:13:01:05 +0100] "GET /PodCast/JBJ301 HTTP/1.1" 200 14945 "-" "Mozilla/5.0 (Windows NT 10.0; Win64; x64) AppleWebKit/537.36 (KHTML, like Gecko) Chrome/74.0.3729.169 Safari/537.36"
185.119.81.105 - - [15/Feb/2022:13:01:06 +0100] "GET /PodCast/JBJ401 HTTP/1.1" 200 20406 "-" "Mozilla/5.0 (Windows NT 10.0; Win64; x64) AppleWebKit/537.36 (KHTML, like Gecko) Chrome/74.0.3729.169 Safari/537.36"
185.119.81.105 - - [15/Feb/2022:13:01:06 +0100] "GET /PodCast/JBJ402 HTTP/1.1" 200 20809 "-" "Mozilla/5.0 (Windows NT 10.0; Win64; x64) AppleWebKit/537.36 (KHTML, like Gecko) Chrome/74.0.3729.169 Safari/537.36"
185.119.81.105 - - [15/Feb/2022:13:01:07 +0100] "GET /PodCast/Antyki HTTP/1.1" 200 8306 "-" "Mozilla/5.0 (Windows NT 10.0; Win64; x64) AppleWebKit/537.36 (KHTML, like Gecko) Chrome/74.0.3729.169 Safari/537.36"
185.119.81.105 - - [15/Feb/2022:13:01:07 +0100] "GET /PodCast/JBJ502 HTTP/1.1" 200 21457 "-" "Mozilla/5.0 (Windows NT 10.0; Win64; x64) AppleWebKit/537.36 (KHTML, like Gecko) Chrome/74.0.3729.169 Safari/537.36"
185.119.81.105 - - [15/Feb/2022:13:01:08 +0100] "GET /PodCast/JBJ601 HTTP/1.1" 200 22465 "-" "Mozilla/5.0 (Windows NT 10.0; Win64; x64) AppleWebKit/537.36 (KHTML, like Gecko) Chrome/74.0.3729.169 Safari/537.36"
185.119.81.105 - - [15/Feb/2022:13:01:08 +0100] "GET /PodCast/JBJ602 HTTP/1.1" 200 21033 "-" "Mozilla/5.0 (Windows NT 10.0; Win64; x64) AppleWebKit/537.36 (KHTML, like Gecko) Chrome/74.0.3729.169 Safari/537.36"
185.119.81.105 - - [15/Feb/2022:13:01:09 +0100] "GET /PodCast/Zugle2 HTTP/1.1" 200 20425 "-" "Mozilla/5.0 (Windows NT 10.0; Win64; x64) AppleWebKit/537.36 (KHTML, like Gecko) Chrome/74.0.3729.169 Safari/537.36"
185.119.81.105 - - [15/Feb/2022:13:01:14 +0100] "GET /PodCast/JBJ701 HTTP/1.1" 200 19698 "-" "Mozilla/5.0 (Windows NT 10.0; Win64; x64) AppleWebKit/537.36 (KHTML, like Gecko) Chrome/74.0.3729.169 Safari/537.36"
185.119.81.105 - - [15/Feb/2022:13:01:15 +0100] "GET /PodCast/JBJ702 HTTP/1.1" 200 22843 "-" "Mozilla/5.0 (Windows NT 10.0; Win64; x64) AppleWebKit/537.36 (KHTML, like Gecko) Chrome/74.0.3729.169 Safari/537.36"
185.191.171.40 - - [15/Feb/2022:13:02:41 +0100] "GET /PmWikiDe/RSS?action=upload HTTP/1.1" 403 18 "-" "Mozilla/5.0 (compatible; SemrushBot/7~bl; +http://www.semrush.com/bot.html)"
185.191.171.33 - - [15/Feb/2022:13:02:54 +0100] "GET /PmWikiPtBr/ReferenciaRapidaAnexos?action=print HTTP/1.1" 403 18 "-" "Mozilla/5.0 (compatible; SemrushBot/7~bl; +http://www.semrush.com/bot.html)"
114.119.130.40 - - [15/Feb/2022:13:04:34 +0100] "GET /PmWiki/TableDirectives HTTP/1.1" 200 22378 "-" "Mozilla/5.0 (Linux; Android 7.0;) AppleWebKit/537.36 (KHTML, like Gecko) Mobile Safari/537.36 (compatible; PetalBot;+https://webmaster.petalsearch.com/site/petalbot)"
216.244.66.243 - - [15/Feb/2022:13:09:55 +0100] "GET /PodCast/Liebhaber1 HTTP/1.1" 200 9854 "-" "Mozilla/5.0 (compatible; DotBot/1.2; +https://opensiteexplorer.org/dotbot; help@moz.com)"
216.244.66.243 - - [15/Feb/2022:13:11:55 +0100] "GET /uploads/Site/Abderhalde0Inhalt.mp3 HTTP/1.1" 200 1192125 "-" "Mozilla/5.0 (compatible; DotBot/1.2; +https://opensiteexplorer.org/dotbot; help@moz.com)"
194.209.200.2 - - [15/Feb/2022:13:15:52 +0100] "GET /robots.txt HTTP/1.1" 200 - "-" "Mozilla/5.0 (compatible; TMMBot/0.2; +http://www.dslab.ch)/Nutch-1.15"
194.209.200.2 - - [15/Feb/2022:13:15:52 +0100] "GET /Texte/Rezension HTTP/1.1" 200 11812 "-" "Mozilla/5.0 (compatible; TMMBot/0.2; +http://www.dslab.ch)/Nutch-1.15"
194.209.200.2 - - [15/Feb/2022:13:16:24 +0100] "GET /Texte/ZurcherischEnglish HTTP/1.1" 200 8274 "-" "Mozilla/5.0 (compatible; TMMBot/0.2; +http://www.dslab.ch)/Nutch-1.15"
194.209.200.2 - - [15/Feb/2022:13:17:41 +0100] "GET /Admin/Jahresbericht HTTP/1.1" 200 45530 "-" "Mozilla/5.0 (compatible; TMMBot/0.2; +http://www.dslab.ch)/Nutch-1.15"
185.191.171.9 - - [15/Feb/2022:13:17:48 +0100] "GET /PmWikiDe/PmWikiDe?action=upload HTTP/1.1" 403 18 "-" "Mozilla/5.0 (compatible; SemrushBot/7~bl; +http://www.semrush.com/bot.html)"
194.209.200.2 - - [15/Feb/2022:13:19:01 +0100] "GET /Texte/GDicht HTTP/1.1" 200 8050 "-" "Mozilla/5.0 (compatible; TMMBot/0.2; +http://www.dslab.ch)/Nutch-1.15"
216.244.66.243 - - [15/Feb/2022:13:19:12 +0100] "GET /Main/Home?action=upload HTTP/1.1" 403 18 "-" "Mozilla/5.0 (compatible; DotBot/1.2; +https://opensiteexplorer.org/dotbot; help@moz.com)"
216.244.66.243 - - [15/Feb/2022:13:19:29 +0100] "GET /PmWikiFr/FlatFileAdvantages HTTP/1.1" 200 12421 "-" "Mozilla/5.0 (compatible; DotBot/1.2; +https://opensiteexplorer.org/dotbot; help@moz.com)"
194.209.200.2 - - [15/Feb/2022:13:19:30 +0100] "GET /Admin/Links HTTP/1.1" 200 14193 "-" "Mozilla/5.0 (compatible; TMMBot/0.2; +http://www.dslab.ch)/Nutch-1.15"
216.244.66.243 - - [15/Feb/2022:13:19:46 +0100] "GET /uploads/PodCast/Erinerig.mp3 HTTP/1.1" 200 892990 "-" "Mozilla/5.0 (compatible; DotBot/1.2; +https://opensiteexplorer.org/dotbot; help@moz.com)"
114.119.130.57 - - [15/Feb/2022:13:21:12 +0100] "GET /PmWikiDe/PageHistory?action=print HTTP/1.1" 403 18 "-" "Mozilla/5.0 (Linux; Android 7.0;) AppleWebKit/537.36 (KHTML, like Gecko) Mobile Safari/537.36 (compatible; PetalBot;+https://webmaster.petalsearch.com/site/petalbot)"
194.209.200.2 - - [15/Feb/2022:13:22:50 +0100] "GET /Hilfe/AnleitungTonbeispiele HTTP/1.1" 200 9878 "-" "Mozilla/5.0 (compatible; TMMBot/0.2; +http://www.dslab.ch)/Nutch-1.15"
66.249.66.193 - - [15/Feb/2022:13:26:58 +0100] "GET /PodCast/IndexPage?action=rss HTTP/1.1" 200 6298 "-" "Mozilla/5.0 (compatible; Googlebot/2.1; +http://www.google.com/bot.html)"
216.244.66.243 - - [15/Feb/2022:13:30:03 +0100] "GET /PodCast/REZipesciNonChiudonoGliocchi HTTP/1.1" 200 9469 "-" "Mozilla/5.0 (compatible; DotBot/1.2; +https://opensiteexplorer.org/dotbot; help@moz.com)"
114.119.130.54 - - [15/Feb/2022:13:38:08 +0100] "GET /PmWikiDe/DeletingPages?action=print HTTP/1.1" 403 18 "-" "Mozilla/5.0 (Linux; Android 7.0;) AppleWebKit/537.36 (KHTML, like Gecko) Mobile Safari/537.36 (compatible; PetalBot;+https://webmaster.petalsearch.com/site/petalbot)"
185.191.171.39 - - [15/Feb/2022:13:44:43 +0100] "GET /robots.txt HTTP/1.1" 200 - "-" "Mozilla/5.0 (compatible; SemrushBot/7~bl; +http://www.semrush.com/bot.html)"
185.191.171.23 - - [15/Feb/2022:13:44:43 +0100] "GET /Site/Site HTTP/1.1" 200 13680 "-" "Mozilla/5.0 (compatible; SemrushBot/7~bl; +http://www.semrush.com/bot.html)"
114.119.130.54 - - [15/Feb/2022:13:45:27 +0100] "GET /Main/Home?action=edit&restore=diff:1330102561:1231001477:&preview=y HTTP/1.1" 403 18 "-" "Mozilla/5.0 (Linux; Android 7.0;) AppleWebKit/537.36 (KHTML, like Gecko) Mobile Safari/537.36 (compatible; PetalBot;+https://webmaster.petalsearch.com/site/petalbot)"
194.209.200.2 - - [15/Feb/2022:13:47:47 +0100] "GET /robots.txt HTTP/1.1" 200 - "-" "Mozilla/5.0 (compatible; TMMBot/0.2; +http://www.dslab.ch)/Nutch-1.15"
194.209.200.2 - - [15/Feb/2022:13:47:47 +0100] "GET /Texte/Rezension HTTP/1.1" 200 11812 "-" "Mozilla/5.0 (compatible; TMMBot/0.2; +http://www.dslab.ch)/Nutch-1.15"
194.209.200.2 - - [15/Feb/2022:13:51:04 +0100] "GET /Admin/Jahresbericht HTTP/1.1" 200 45530 "-" "Mozilla/5.0 (compatible; TMMBot/0.2; +http://www.dslab.ch)/Nutch-1.15"
194.209.200.2 - - [15/Feb/2022:13:53:14 +0100] "GET /Texte/GDicht HTTP/1.1" 200 8050 "-" "Mozilla/5.0 (compatible; TMMBot/0.2; +http://www.dslab.ch)/Nutch-1.15"
216.244.66.243 - - [15/Feb/2022:13:53:53 +0100] "GET /robots.txt HTTP/1.1" 200 - "-" "Mozilla/5.0 (compatible; DotBot/1.2; +https://opensiteexplorer.org/dotbot; help@moz.com)"
194.209.200.2 - - [15/Feb/2022:13:54:18 +0100] "GET /Admin/Links HTTP/1.1" 200 14193 "-" "Mozilla/5.0 (compatible; TMMBot/0.2; +http://www.dslab.ch)/Nutch-1.15"
194.209.200.2 - - [15/Feb/2022:13:56:09 +0100] "GET /Texte/Gloosse HTTP/1.1" 200 8061 "-" "Mozilla/5.0 (compatible; TMMBot/0.2; +http://www.dslab.ch)/Nutch-1.15"
85.25.177.219 - - [15/Feb/2022:13:56:25 +0100] "GET /robots.txt HTTP/1.1" 304 - "-" "Mozilla/5.0 (X11; Linux x86_64; rv:81.0) Gecko/20100101 Firefox/81.0"
85.25.177.219 - - [15/Feb/2022:13:56:31 +0100] "GET / HTTP/1.1" 200 14638 "-" "Mozilla/5.0 (X11; Linux x86_64; rv:81.0) Gecko/20100101 Firefox/81.0"
194.209.200.2 - - [15/Feb/2022:13:57:30 +0100] "GET /Admin/Pro-ZurituutschStatuten HTTP/1.1" 200 9580 "-" "Mozilla/5.0 (compatible; TMMBot/0.2; +http://www.dslab.ch)/Nutch-1.15"
194.209.200.2 - - [15/Feb/2022:13:58:51 +0100] "GET /Texte/Bitterbeuhsi HTTP/1.1" 200 9255 "-" "Mozilla/5.0 (compatible; TMMBot/0.2; +http://www.dslab.ch)/Nutch-1.15"
194.209.200.2 - - [15/Feb/2022:14:00:06 +0100] "GET /Hilfe/AnleitungTonbeispiele HTTP/1.1" 200 9878 "-" "Mozilla/5.0 (compatible; TMMBot/0.2; +http://www.dslab.ch)/Nutch-1.15"
3.216.185.164 - - [15/Feb/2022:14:01:53 +0100] "GET /PodCast/IndexPage?action=rss HTTP/1.1" 200 6298 "-" "PocketCasts/1.0 (Pocket Casts Feed Parser; +http://pocketcasts.com/)"
216.244.66.243 - - [15/Feb/2022:14:06:29 +0100] "GET /Site/192HouhsRech1509 HTTP/1.1" 200 21137 "-" "Mozilla/5.0 (compatible; DotBot/1.2; +https://opensiteexplorer.org/dotbot; help@moz.com)"
114.119.130.54 - - [15/Feb/2022:14:08:34 +0100] "GET /PmWikiRu/DeletingPages?action=edit HTTP/1.1" 403 18 "-" "Mozilla/5.0 (Linux; Android 7.0;) AppleWebKit/537.36 (KHTML, like Gecko) Mobile Safari/537.36 (compatible; PetalBot;+https://webmaster.petalsearch.com/site/petalbot)"
216.244.66.243 - - [15/Feb/2022:14:08:44 +0100] "GET /uploads/Site/42Fasnacht1455.mp3 HTTP/1.1" 200 6965927 "-" "Mozilla/5.0 (compatible; DotBot/1.2; +https://opensiteexplorer.org/dotbot; help@moz.com)"
216.244.66.243 - - [15/Feb/2022:14:10:09 +0100] "GET /PmWikiDa/PmWikiDa HTTP/1.1" 200 9029 "-" "Mozilla/5.0 (compatible; DotBot/1.2; +https://opensiteexplorer.org/dotbot; help@moz.com)"
162.210.196.130 - - [15/Feb/2022:14:11:02 +0100] "GET /robots.txt HTTP/1.1" 200 - "-" "Mozilla/5.0 (compatible; MJ12bot/v1.4.8; http://mj12bot.com/)"
162.210.196.130 - - [15/Feb/2022:14:11:04 +0100] "GET / HTTP/1.1" 200 14638 "-" "Mozilla/5.0 (compatible; MJ12bot/v1.4.8; http://mj12bot.com/)"
216.244.66.243 - - [15/Feb/2022:14:11:41 +0100] "GET /PmWikiFr/MarkupMasterIndex HTTP/1.1" 200 21531 "-" "Mozilla/5.0 (compatible; DotBot/1.2; +https://opensiteexplorer.org/dotbot; help@moz.com)"
185.191.171.19 - - [15/Feb/2022:14:13:58 +0100] "GET /PmWikiRu/WikiSandbox HTTP/1.1" 200 16795 "-" "Mozilla/5.0 (compatible; SemrushBot/7~bl; +http://www.semrush.com/bot.html)"
216.244.66.243 - - [15/Feb/2022:14:14:55 +0100] "GET /uploads/PodCast/Rucktrittstrioumpf.mp3 HTTP/1.1" 200 10766340 "-" "Mozilla/5.0 (compatible; DotBot/1.2; +https://opensiteexplorer.org/dotbot; help@moz.com)"
66.249.66.196 - - [15/Feb/2022:14:16:09 +0100] "GET /Texte/Schrybwys HTTP/1.1" 200 11028 "-" "Mozilla/5.0 (Linux; Android 6.0.1; Nexus 5X Build/MMB29P) AppleWebKit/537.36 (KHTML, like Gecko) Chrome/98.0.4758.80 Mobile Safari/537.36 (compatible; Googlebot/2.1; +http://www.google.com/bot.html)"
216.244.66.243 - - [15/Feb/2022:14:16:38 +0100] "GET /PmWikiDe/MarkupMasterIndex HTTP/1.1" 200 20069 "-" "Mozilla/5.0 (compatible; DotBot/1.2; +https://opensiteexplorer.org/dotbot; help@moz.com)"
194.209.200.2 - - [15/Feb/2022:14:20:08 +0100] "GET /robots.txt HTTP/1.1" 200 - "-" "Mozilla/5.0 (compatible; TMMBot/0.2; +http://www.dslab.ch)/Nutch-1.15"
194.209.200.2 - - [15/Feb/2022:14:20:08 +0100] "GET /Texte/Rezension HTTP/1.1" 200 11812 "-" "Mozilla/5.0 (compatible; TMMBot/0.2; +http://www.dslab.ch)/Nutch-1.15"
216.244.66.243 - - [15/Feb/2022:14:20:08 +0100] "GET /PmWikiRu/PageFileFormat HTTP/1.1" 200 14710 "-" "Mozilla/5.0 (compatible; DotBot/1.2; +https://opensiteexplorer.org/dotbot; help@moz.com)"
216.244.66.243 - - [15/Feb/2022:14:20:20 +0100] "GET /SiteAdmin/AuthList HTTP/1.1" 200 8552 "-" "Mozilla/5.0 (compatible; DotBot/1.2; +https://opensiteexplorer.org/dotbot; help@moz.com)"
194.209.200.2 - - [15/Feb/2022:14:21:21 +0100] "GET /Texte/ZurcherischEnglish HTTP/1.1" 200 8274 "-" "Mozilla/5.0 (compatible; TMMBot/0.2; +http://www.dslab.ch)/Nutch-1.15"
216.244.66.243 - - [15/Feb/2022:14:23:24 +0100] "GET /PmWikiFr/EditQuickReference HTTP/1.1" 200 11709 "-" "Mozilla/5.0 (compatible; DotBot/1.2; +https://opensiteexplorer.org/dotbot; help@moz.com)"
194.209.200.2 - - [15/Feb/2022:14:24:44 +0100] "GET /Admin/Jahresbericht HTTP/1.1" 200 45530 "-" "Mozilla/5.0 (compatible; TMMBot/0.2; +http://www.dslab.ch)/Nutch-1.15"
194.209.200.2 - - [15/Feb/2022:14:25:35 +0100] "GET /Texte/Limericks HTTP/1.1" 200 8087 "-" "Mozilla/5.0 (compatible; TMMBot/0.2; +http://www.dslab.ch)/Nutch-1.15"
194.209.200.2 - - [15/Feb/2022:14:27:07 +0100] "GET /Texte/GDicht HTTP/1.1" 200 8050 "-" "Mozilla/5.0 (compatible; TMMBot/0.2; +http://www.dslab.ch)/Nutch-1.15"
114.119.130.62 - - [15/Feb/2022:14:27:25 +0100] "GET /PmWikiDe/XLPageCookbook?action=print HTTP/1.1" 403 18 "-" "Mozilla/5.0 (Linux; Android 7.0;) AppleWebKit/537.36 (KHTML, like Gecko) Mobile Safari/537.36 (compatible; PetalBot;+https://webmaster.petalsearch.com/site/petalbot)"
194.209.200.2 - - [15/Feb/2022:14:27:35 +0100] "GET /Admin/Links HTTP/1.1" 200 14193 "-" "Mozilla/5.0 (compatible; TMMBot/0.2; +http://www.dslab.ch)/Nutch-1.15"
194.209.200.2 - - [15/Feb/2022:14:28:43 +0100] "GET /Texte/Gloosse HTTP/1.1" 200 8061 "-" "Mozilla/5.0 (compatible; TMMBot/0.2; +http://www.dslab.ch)/Nutch-1.15"
66.249.66.222 - - [15/Feb/2022:14:29:07 +0100] "GET /PodCast/IndexPage?action=rss HTTP/1.1" 200 6298 "-" "Mozilla/5.0 (compatible; Googlebot/2.1; +http://www.google.com/bot.html)"
185.191.171.17 - - [15/Feb/2022:14:29:28 +0100] "GET /PmWikiFr/Contributors?action=diff HTTP/1.1" 403 18 "-" "Mozilla/5.0 (compatible; SemrushBot/7~bl; +http://www.semrush.com/bot.html)"
194.209.200.2 - - [15/Feb/2022:14:29:35 +0100] "GET /Admin/Pro-ZurituutschStatuten HTTP/1.1" 200 9580 "-" "Mozilla/5.0 (compatible; TMMBot/0.2; +http://www.dslab.ch)/Nutch-1.15"
194.209.200.2 - - [15/Feb/2022:14:30:22 +0100] "GET /Texte/Bitterbeuhsi HTTP/1.1" 200 9255 "-" "Mozilla/5.0 (compatible; TMMBot/0.2; +http://www.dslab.ch)/Nutch-1.15"
194.209.200.2 - - [15/Feb/2022:14:31:00 +0100] "GET /Hilfe/AnleitungTonbeispiele HTTP/1.1" 200 9878 "-" "Mozilla/5.0 (compatible; TMMBot/0.2; +http://www.dslab.ch)/Nutch-1.15"
216.244.66.243 - - [15/Feb/2022:14:45:53 +0100] "GET /robots.txt HTTP/1.1" 200 - "-" "Mozilla/5.0 (compatible; DotBot/1.2; +https://opensiteexplorer.org/dotbot; help@moz.com)"
185.191.171.43 - - [15/Feb/2022:14:48:06 +0100] "GET /robots.txt HTTP/1.1" 200 - "-" "Mozilla/5.0 (compatible; SemrushBot/7~bl; +http://www.semrush.com/bot.html)"
185.191.171.10 - - [15/Feb/2022:14:48:07 +0100] "GET /PmWikiRu/WikiStructure?action=upload HTTP/1.1" 403 18 "-" "Mozilla/5.0 (compatible; SemrushBot/7~bl; +http://www.semrush.com/bot.html)"
194.209.200.2 - - [15/Feb/2022:14:48:27 +0100] "GET /robots.txt HTTP/1.1" 200 - "-" "Mozilla/5.0 (compatible; TMMBot/0.2; +http://www.dslab.ch)/Nutch-1.15"
194.209.200.2 - - [15/Feb/2022:14:48:27 +0100] "GET /Texte/Rezension HTTP/1.1" 200 11812 "-" "Mozilla/5.0 (compatible; TMMBot/0.2; +http://www.dslab.ch)/Nutch-1.15"
194.209.200.2 - - [15/Feb/2022:14:48:57 +0100] "GET /Texte/ZurcherischEnglish HTTP/1.1" 200 8274 "-" "Mozilla/5.0 (compatible; TMMBot/0.2; +http://www.dslab.ch)/Nutch-1.15"
194.209.200.2 - - [15/Feb/2022:14:50:36 +0100] "GET /Texte/Schrybwys HTTP/1.1" 200 11028 "-" "Mozilla/5.0 (compatible; TMMBot/0.2; +http://www.dslab.ch)/Nutch-1.15"
114.119.130.61 - - [15/Feb/2022:14:51:08 +0100] "GET /PmWikiEl/XLPage?action=print HTTP/1.1" 403 18 "-" "Mozilla/5.0 (Linux; Android 7.0;) AppleWebKit/537.36 (KHTML, like Gecko) Mobile Safari/537.36 (compatible; PetalBot;+https://webmaster.petalsearch.com/site/petalbot)"
194.209.200.2 - - [15/Feb/2022:14:52:55 +0100] "GET /Texte/GDicht HTTP/1.1" 200 8050 "-" "Mozilla/5.0 (compatible; TMMBot/0.2; +http://www.dslab.ch)/Nutch-1.15"
194.209.200.2 - - [15/Feb/2022:14:54:20 +0100] "GET /Admin/Links HTTP/1.1" 200 14193 "-" "Mozilla/5.0 (compatible; TMMBot/0.2; +http://www.dslab.ch)/Nutch-1.15"
185.191.171.11 - - [15/Feb/2022:14:54:53 +0100] "GET /PmWikiRo/PmWikiRo?action=edit HTTP/1.1" 403 18 "-" "Mozilla/5.0 (compatible; SemrushBot/7~bl; +http://www.semrush.com/bot.html)"
168.119.51.163 - - [15/Feb/2022:14:55:44 +0100] "GET /robots.txt HTTP/1.1" 200 - "-" "Mozilla/5.0 (compatible; um-IC/1.0; mailto: techinfo@ubermetrics-technologies.com; Windows NT 6.1; WOW64; rv:40.0) Gecko/20100101 Firefox/40.1"
168.119.51.163 - - [15/Feb/2022:14:55:44 +0100] "GET /PodCast/IndexPage?action=rss HTTP/1.1" 200 6298 "-" "Mozilla/5.0 (compatible; um-IC/1.0; mailto: techinfo@ubermetrics-technologies.com; Windows NT 6.1; WOW64; rv:40.0) Gecko/20100101 Firefox/40.1"
194.209.200.2 - - [15/Feb/2022:14:57:14 +0100] "GET /Admin/Pro-ZurituutschStatuten HTTP/1.1" 200 9580 "-" "Mozilla/5.0 (compatible; TMMBot/0.2; +http://www.dslab.ch)/Nutch-1.15"
194.209.200.2 - - [15/Feb/2022:14:57:58 +0100] "GET /Texte/Bitterbeuhsi HTTP/1.1" 200 9255 "-" "Mozilla/5.0 (compatible; TMMBot/0.2; +http://www.dslab.ch)/Nutch-1.15"
194.209.200.2 - - [15/Feb/2022:14:58:32 +0100] "GET /Hilfe/AnleitungTonbeispiele HTTP/1.1" 200 9878 "-" "Mozilla/5.0 (compatible; TMMBot/0.2; +http://www.dslab.ch)/Nutch-1.15"
114.119.130.91 - - [15/Feb/2022:14:59:50 +0100] "GET /PmWikiRu/IncludeOtherPages?action=edit HTTP/1.1" 403 18 "-" "Mozilla/5.0 (Linux; Android 7.0;) AppleWebKit/537.36 (KHTML, like Gecko) Mobile Safari/537.36 (compatible; PetalBot;+https://webmaster.petalsearch.com/site/petalbot)"
216.244.66.243 - - [15/Feb/2022:15:00:56 +0100] "GET /PmWikiDe/WikiStyles HTTP/1.1" 200 18079 "-" "Mozilla/5.0 (compatible; DotBot/1.2; +https://opensiteexplorer.org/dotbot; help@moz.com)"
216.244.66.243 - - [15/Feb/2022:15:02:48 +0100] "GET /PmWikiFr/OtherVariables HTTP/1.1" 200 15968 "-" "Mozilla/5.0 (compatible; DotBot/1.2; +https://opensiteexplorer.org/dotbot; help@moz.com)"
31.202.144.139 - - [15/Feb/2022:15:11:12 +0100] "GET /PodCast/PodCast HTTP/1.1" 200 29790 "https://www.google.com/" "Mozilla/5.0 (Macintosh; Intel Mac OS X 10_15_7) AppleWebKit/605.1.15 (KHTML, like Gecko) Version/15.3 Safari/605.1.15"
31.202.144.139 - - [15/Feb/2022:15:11:13 +0100] "GET /pub/skins/pro-zurituutsch/gila.css HTTP/1.1" 200 10186 "http://www.pro-zurituutsch.ch/PodCast/PodCast" "Mozilla/5.0 (Macintosh; Intel Mac OS X 10_15_7) AppleWebKit/605.1.15 (KHTML, like Gecko) Version/15.3 Safari/605.1.15"
31.202.144.139 - - [15/Feb/2022:15:11:13 +0100] "GET /pub/skins/pro-zurituutsch/images/external.png HTTP/1.1" 200 165 "http://www.pro-zurituutsch.ch/PodCast/PodCast" "Mozilla/5.0 (Macintosh; Intel Mac OS X 10_15_7) AppleWebKit/605.1.15 (KHTML, like Gecko) Version/15.3 Safari/605.1.15"
31.202.144.139 - - [15/Feb/2022:15:11:13 +0100] "GET /pub/skins/pro-zurituutsch/images/favicon.ico HTTP/1.1" 200 1406 "http://www.pro-zurituutsch.ch/PodCast/PodCast" "Mozilla/5.0 (Macintosh; Intel Mac OS X 10_15_7) AppleWebKit/605.1.15 (KHTML, like Gecko) Version/15.3 Safari/605.1.15"
172.225.41.252 - - [15/Feb/2022:15:13:45 +0100] "GET /Gast/Podcast HTTP/1.1" 200 8106 "https://www.google.ru/" "Mozilla/5.0 (iPhone; CPU iPhone OS 15_2_1 like Mac OS X) AppleWebKit/605.1.15 (KHTML, like Gecko) Version/15.2 Mobile/15E148 Safari/604.1"
172.225.41.252 - - [15/Feb/2022:15:13:45 +0100] "GET /pub/skins/pro-zurituutsch/gila.css HTTP/1.1" 200 10186 "http://www.pro-zurituutsch.ch/Gast/Podcast" "Mozilla/5.0 (iPhone; CPU iPhone OS 15_2_1 like Mac OS X) AppleWebKit/605.1.15 (KHTML, like Gecko) Version/15.2 Mobile/15E148 Safari/604.1"
172.225.41.252 - - [15/Feb/2022:15:13:45 +0100] "GET /pub/skins/pro-zurituutsch/images/external.png HTTP/1.1" 200 165 "http://www.pro-zurituutsch.ch/Gast/Podcast" "Mozilla/5.0 (iPhone; CPU iPhone OS 15_2_1 like Mac OS X) AppleWebKit/605.1.15 (KHTML, like Gecko) Version/15.2 Mobile/15E148 Safari/604.1"
172.225.41.252 - - [15/Feb/2022:15:13:45 +0100] "GET /pub/skins/pro-zurituutsch/images/favicon.ico HTTP/1.1" 200 1406 "http://www.pro-zurituutsch.ch/Gast/Podcast" "Mozilla/5.0 (iPhone; CPU iPhone OS 15_2_1 like Mac OS X) AppleWebKit/605.1.15 (KHTML, like Gecko) Version/15.2 Mobile/15E148 Safari/604.1"
194.209.200.2 - - [15/Feb/2022:15:19:39 +0100] "GET /robots.txt HTTP/1.1" 200 - "-" "Mozilla/5.0 (compatible; TMMBot/0.2; +http://www.dslab.ch)/Nutch-1.15"
194.209.200.2 - - [15/Feb/2022:15:19:39 +0100] "GET /Texte/Rezension HTTP/1.1" 200 11812 "-" "Mozilla/5.0 (compatible; TMMBot/0.2; +http://www.dslab.ch)/Nutch-1.15"
194.209.200.2 - - [15/Feb/2022:15:20:11 +0100] "GET /Texte/ZurcherischEnglish HTTP/1.1" 200 8274 "-" "Mozilla/5.0 (compatible; TMMBot/0.2; +http://www.dslab.ch)/Nutch-1.15"
194.209.200.2 - - [15/Feb/2022:15:21:20 +0100] "GET /robots.txt HTTP/1.1" 200 - "-" "Mozilla/5.0 (compatible; TMMBot/0.2; +http://www.dslab.ch)/Nutch-1.15"
194.209.200.2 - - [15/Feb/2022:15:21:21 +0100] "GET / HTTP/1.1" 200 14638 "-" "Mozilla/5.0 (compatible; TMMBot/0.2; +http://www.dslab.ch)/Nutch-1.15"
194.209.200.2 - - [15/Feb/2022:15:21:38 +0100] "GET /Admin/Jahresbericht HTTP/1.1" 200 45530 "-" "Mozilla/5.0 (compatible; TMMBot/0.2; +http://www.dslab.ch)/Nutch-1.15"
194.209.200.2 - - [15/Feb/2022:15:21:56 +0100] "GET /Texte/Limericks HTTP/1.1" 200 8087 "-" "Mozilla/5.0 (compatible; TMMBot/0.2; +http://www.dslab.ch)/Nutch-1.15"
194.209.200.2 - - [15/Feb/2022:15:22:02 +0100] "GET /Texte/Schrybwys HTTP/1.1" 200 11028 "-" "Mozilla/5.0 (compatible; TMMBot/0.2; +http://www.dslab.ch)/Nutch-1.15"
66.249.66.193 - - [15/Feb/2022:15:22:24 +0100] "GET /PodCast/IndexPage?action=rss HTTP/1.1" 200 6298 "-" "Mozilla/5.0 (compatible; Googlebot/2.1; +http://www.google.com/bot.html)"
194.209.200.2 - - [15/Feb/2022:15:22:51 +0100] "GET /Texte/ArsAmatoria HTTP/1.1" 200 12369 "-" "Mozilla/5.0 (compatible; TMMBot/0.2; +http://www.dslab.ch)/Nutch-1.15"
194.209.200.2 - - [15/Feb/2022:15:23:06 +0100] "GET /Texte/GDicht HTTP/1.1" 200 8050 "-" "Mozilla/5.0 (compatible; TMMBot/0.2; +http://www.dslab.ch)/Nutch-1.15"
194.209.200.2 - - [15/Feb/2022:15:23:37 +0100] "GET /Admin/Links HTTP/1.1" 200 14193 "-" "Mozilla/5.0 (compatible; TMMBot/0.2; +http://www.dslab.ch)/Nutch-1.15"
185.191.171.12 - - [15/Feb/2022:15:29:37 +0100] "GET /PmWikiDe/BasicVariables HTTP/1.1" 200 16116 "-" "Mozilla/5.0 (compatible; SemrushBot/7~bl; +http://www.semrush.com/bot.html)"
194.209.200.2 - - [15/Feb/2022:15:32:34 +0100] "GET /Hilfe/AnleitungTonbeispiele HTTP/1.1" 200 9878 "-" "Mozilla/5.0 (compatible; TMMBot/0.2; +http://www.dslab.ch)/Nutch-1.15"
114.119.130.54 - - [15/Feb/2022:15:32:53 +0100] "GET /JissIBNJoussouff3/01 HTTP/1.1" 200 8171 "-" "Mozilla/5.0 (Linux; Android 7.0;) AppleWebKit/537.36 (KHTML, like Gecko) Mobile Safari/537.36 (compatible; PetalBot;+https://webmaster.petalsearch.com/site/petalbot)"
34.220.18.7 - - [15/Feb/2022:15:37:14 +0100] "GET / HTTP/1.1" 200 14638 "-" "Mozilla/5.0 (X11; Linux x86_64) AppleWebKit/537.36 (KHTML, like Gecko) Chrome/83.0.4103.97 Safari/537.36"
216.244.66.243 - - [15/Feb/2022:15:37:15 +0100] "GET /robots.txt HTTP/1.1" 200 - "-" "Mozilla/5.0 (compatible; DotBot/1.2; +https://opensiteexplorer.org/dotbot; help@moz.com)"
