85.25.185.196 - - [27/Dec/2022:00:03:30 +0100] "GET /PodCast/Rucktrittstrioumpf?action=diff HTTP/1.1" 200 18052 "-" "Mozilla/5.0 (Macintosh; Intel Mac OS X 10.15; rv:103.0) Gecko/20100101 Firefox/103.0"
85.25.185.196 - - [27/Dec/2022:00:05:34 +0100] "GET /Site/WGA3FrejersfuSs?action=diff HTTP/1.1" 200 9270 "-" "Mozilla/5.0 (Macintosh; Intel Mac OS X 10.15; rv:103.0) Gecko/20100101 Firefox/103.0"
85.25.185.196 - - [27/Dec/2022:00:06:55 +0100] "GET /Site/WGA3FrejersfuSs?action=upload HTTP/1.1" 200 8597 "-" "Mozilla/5.0 (Macintosh; Intel Mac OS X 10.15; rv:103.0) Gecko/20100101 Firefox/103.0"
85.25.185.196 - - [27/Dec/2022:00:07:38 +0100] "GET /Site/WGA3FrejersfuSs?action=print HTTP/1.1" 404 2409 "-" "Mozilla/5.0 (Macintosh; Intel Mac OS X 10.15; rv:103.0) Gecko/20100101 Firefox/103.0"
85.25.185.196 - - [27/Dec/2022:00:11:16 +0100] "GET /PodCast/Wistaria01?action=upload HTTP/1.1" 200 8566 "-" "Mozilla/5.0 (Macintosh; Intel Mac OS X 10.15; rv:103.0) Gecko/20100101 Firefox/103.0"
85.25.185.196 - - [27/Dec/2022:00:12:33 +0100] "GET /PodCast/Wistaria01?action=edit HTTP/1.1" 200 8666 "-" "Mozilla/5.0 (Macintosh; Intel Mac OS X 10.15; rv:103.0) Gecko/20100101 Firefox/103.0"
3.216.185.164 - - [27/Dec/2022:00:12:38 +0100] "GET /PodCast/IndexPage?action=rss HTTP/1.1" 200 6298 "-" "PocketCasts/1.0 (Pocket Casts Feed Parser; +http://pocketcasts.com/)"
85.25.185.196 - - [27/Dec/2022:00:14:05 +0100] "GET /Site/101Ramft1478?action=edit HTTP/1.1" 200 8653 "-" "Mozilla/5.0 (Macintosh; Intel Mac OS X 10.15; rv:103.0) Gecko/20100101 Firefox/103.0"
85.25.185.196 - - [27/Dec/2022:00:16:19 +0100] "GET /Site/101Ramft1478?action=diff HTTP/1.1" 200 19191 "-" "Mozilla/5.0 (Macintosh; Intel Mac OS X 10.15; rv:103.0) Gecko/20100101 Firefox/103.0"
114.119.138.65 - - [27/Dec/2022:00:16:52 +0100] "GET /robots.txt HTTP/1.1" 200 - "-" "Mozilla/5.0 (compatible;PetalBot;+https://webmaster.petalsearch.com/site/petalbot)"
85.25.185.196 - - [27/Dec/2022:00:17:00 +0100] "GET /Site/101Ramft1478?action=upload HTTP/1.1" 200 8553 "-" "Mozilla/5.0 (Macintosh; Intel Mac OS X 10.15; rv:103.0) Gecko/20100101 Firefox/103.0"
85.25.185.196 - - [27/Dec/2022:00:18:26 +0100] "GET /PodCast/Roman3?action=diff&source=y&minor=n HTTP/1.1" 200 18852 "-" "Mozilla/5.0 (Macintosh; Intel Mac OS X 10.15; rv:103.0) Gecko/20100101 Firefox/103.0"
85.25.185.196 - - [27/Dec/2022:00:20:03 +0100] "GET /PodCast/Sterbe?action=edit HTTP/1.1" 200 8608 "-" "Mozilla/5.0 (Macintosh; Intel Mac OS X 10.15; rv:103.0) Gecko/20100101 Firefox/103.0"
85.25.185.196 - - [27/Dec/2022:00:21:30 +0100] "GET /PodCast/Sterbe?action=diff HTTP/1.1" 200 11255 "-" "Mozilla/5.0 (Macintosh; Intel Mac OS X 10.15; rv:103.0) Gecko/20100101 Firefox/103.0"
66.249.66.206 - - [27/Dec/2022:00:21:54 +0100] "GET /PodCast/IndexPage?action=rss HTTP/1.1" 200 6298 "-" "Mozilla/5.0 (compatible; Googlebot/2.1; +http://www.google.com/bot.html)"
85.25.185.196 - - [27/Dec/2022:00:22:57 +0100] "GET /PodCast/Sterbe?action=upload HTTP/1.1" 200 8508 "-" "Mozilla/5.0 (Macintosh; Intel Mac OS X 10.15; rv:103.0) Gecko/20100101 Firefox/103.0"
85.25.185.196 - - [27/Dec/2022:00:23:56 +0100] "GET /PodCast/Roman3?action=edit&restore=diff:1179131098:1179131007:&preview=y HTTP/1.1" 200 8656 "-" "Mozilla/5.0 (Macintosh; Intel Mac OS X 10.15; rv:103.0) Gecko/20100101 Firefox/103.0"
85.25.185.196 - - [27/Dec/2022:00:25:09 +0100] "GET /PodCast/Roman3?action=diff&source=n&minor=y HTTP/1.1" 200 19432 "-" "Mozilla/5.0 (Macintosh; Intel Mac OS X 10.15; rv:103.0) Gecko/20100101 Firefox/103.0"
85.25.185.196 - - [27/Dec/2022:00:26:00 +0100] "GET /PodCast/Roman3?action=edit&restore=diff:1179129722:1179128932:&preview=y HTTP/1.1" 200 8656 "-" "Mozilla/5.0 (Macintosh; Intel Mac OS X 10.15; rv:103.0) Gecko/20100101 Firefox/103.0"
85.25.185.196 - - [27/Dec/2022:00:27:30 +0100] "GET /PodCast/Roman3?action=edit&restore=diff:1179130627:1179129722:&preview=y HTTP/1.1" 200 8656 "-" "Mozilla/5.0 (Macintosh; Intel Mac OS X 10.15; rv:103.0) Gecko/20100101 Firefox/103.0"
85.25.185.196 - - [27/Dec/2022:00:28:40 +0100] "GET /PodCast/Roman3?action=edit&restore=diff:1179128932:1179128932:&preview=y HTTP/1.1" 200 8656 "-" "Mozilla/5.0 (Macintosh; Intel Mac OS X 10.15; rv:103.0) Gecko/20100101 Firefox/103.0"
85.25.185.196 - - [27/Dec/2022:00:29:20 +0100] "GET /PodCast/Roman3?action=edit&restore=diff:1179131007:1179130627:&preview=y HTTP/1.1" 200 8656 "-" "Mozilla/5.0 (Macintosh; Intel Mac OS X 10.15; rv:103.0) Gecko/20100101 Firefox/103.0"
85.25.185.196 - - [27/Dec/2022:00:31:48 +0100] "GET /PodCast/Wienechtsgschicht?action=diff HTTP/1.1" 200 17369 "-" "Mozilla/5.0 (Macintosh; Intel Mac OS X 10.15; rv:103.0) Gecko/20100101 Firefox/103.0"
85.25.185.196 - - [27/Dec/2022:00:33:39 +0100] "GET /PodCast/Wienechtsgschicht?action=edit HTTP/1.1" 200 8762 "-" "Mozilla/5.0 (Macintosh; Intel Mac OS X 10.15; rv:103.0) Gecko/20100101 Firefox/103.0"
85.25.185.196 - - [27/Dec/2022:00:34:50 +0100] "GET /PodCast/Gschyder?action=upload HTTP/1.1" 200 8536 "-" "Mozilla/5.0 (Macintosh; Intel Mac OS X 10.15; rv:103.0) Gecko/20100101 Firefox/103.0"
85.25.185.196 - - [27/Dec/2022:00:37:59 +0100] "GET /PodCast/Gschyder?action=diff HTTP/1.1" 200 14226 "-" "Mozilla/5.0 (Macintosh; Intel Mac OS X 10.15; rv:103.0) Gecko/20100101 Firefox/103.0"
65.108.79.209 - - [27/Dec/2022:00:39:13 +0100] "GET /Texte/Roman HTTP/1.1" 200 38741 "http://www.pro-zurituutsch.ch/" "Mozilla/5.0 (compatible; SEOkicks; +https://www.seokicks.de/robot.html)"
65.108.79.209 - - [27/Dec/2022:00:39:14 +0100] "GET /Texte/GNU/Emacs HTTP/1.1" 404 264 "http://www.pro-zurituutsch.ch/Texte/Roman" "Mozilla/5.0 (compatible; SEOkicks; +https://www.seokicks.de/robot.html)"
65.108.79.209 - - [27/Dec/2022:00:39:16 +0100] "GET /Texte/Styluebige HTTP/1.1" 200 9998 "http://www.pro-zurituutsch.ch/" "Mozilla/5.0 (compatible; SEOkicks; +https://www.seokicks.de/robot.html)"
65.108.79.209 - - [27/Dec/2022:00:39:17 +0100] "GET /Texte/Schrybwys HTTP/1.1" 200 11028 "http://www.pro-zurituutsch.ch/" "Mozilla/5.0 (compatible; SEOkicks; +https://www.seokicks.de/robot.html)"
65.108.79.209 - - [27/Dec/2022:00:39:18 +0100] "GET /Texte/Bitterbeuhsi HTTP/1.1" 200 9255 "http://www.pro-zurituutsch.ch/" "Mozilla/5.0 (compatible; SEOkicks; +https://www.seokicks.de/robot.html)"
65.108.79.209 - - [27/Dec/2022:00:39:19 +0100] "GET /Texte/ArsAmatoria HTTP/1.1" 200 12369 "http://www.pro-zurituutsch.ch/" "Mozilla/5.0 (compatible; SEOkicks; +https://www.seokicks.de/robot.html)"
65.108.79.209 - - [27/Dec/2022:00:39:21 +0100] "GET /Texte/Metamorphoses HTTP/1.1" 200 9045 "http://www.pro-zurituutsch.ch/" "Mozilla/5.0 (compatible; SEOkicks; +https://www.seokicks.de/robot.html)"
65.108.79.209 - - [27/Dec/2022:00:39:22 +0100] "GET /Texte/ZurcherischEnglish HTTP/1.1" 200 8274 "http://www.pro-zurituutsch.ch/" "Mozilla/5.0 (compatible; SEOkicks; +https://www.seokicks.de/robot.html)"
65.108.79.209 - - [27/Dec/2022:00:39:23 +0100] "GET /Texte/Rezension HTTP/1.1" 200 11812 "http://www.pro-zurituutsch.ch/" "Mozilla/5.0 (compatible; SEOkicks; +https://www.seokicks.de/robot.html)"
65.108.79.209 - - [27/Dec/2022:00:39:24 +0100] "GET /Texte/Limericks HTTP/1.1" 200 8087 "http://www.pro-zurituutsch.ch/" "Mozilla/5.0 (compatible; SEOkicks; +https://www.seokicks.de/robot.html)"
65.108.79.209 - - [27/Dec/2022:00:39:25 +0100] "GET /Texte/GDicht HTTP/1.1" 200 8050 "http://www.pro-zurituutsch.ch/" "Mozilla/5.0 (compatible; SEOkicks; +https://www.seokicks.de/robot.html)"
85.25.185.196 - - [27/Dec/2022:00:39:27 +0100] "GET /PodCast/Gschyder?action=edit HTTP/1.1" 200 8636 "-" "Mozilla/5.0 (Macintosh; Intel Mac OS X 10.15; rv:103.0) Gecko/20100101 Firefox/103.0"
85.25.185.196 - - [27/Dec/2022:00:41:51 +0100] "GET /PodCast/Wienechtsgschicht?action=upload HTTP/1.1" 200 8662 "-" "Mozilla/5.0 (Macintosh; Intel Mac OS X 10.15; rv:103.0) Gecko/20100101 Firefox/103.0"
85.25.185.196 - - [27/Dec/2022:00:43:13 +0100] "GET /PodCast/Apvantyv?action=diff HTTP/1.1" 200 13542 "-" "Mozilla/5.0 (Macintosh; Intel Mac OS X 10.15; rv:103.0) Gecko/20100101 Firefox/103.0"
85.25.185.196 - - [27/Dec/2022:00:45:09 +0100] "GET /PodCast/Apvantyv?action=edit HTTP/1.1" 200 8636 "-" "Mozilla/5.0 (Macintosh; Intel Mac OS X 10.15; rv:103.0) Gecko/20100101 Firefox/103.0"
85.25.185.196 - - [27/Dec/2022:00:48:39 +0100] "GET /PodCast/Apvantyv?action=upload HTTP/1.1" 200 8536 "-" "Mozilla/5.0 (Macintosh; Intel Mac OS X 10.15; rv:103.0) Gecko/20100101 Firefox/103.0"
85.25.185.196 - - [27/Dec/2022:00:51:15 +0100] "GET /PodCast/Chouechetailet?action=upload HTTP/1.1" 200 8620 "-" "Mozilla/5.0 (Macintosh; Intel Mac OS X 10.15; rv:103.0) Gecko/20100101 Firefox/103.0"
85.25.185.196 - - [27/Dec/2022:00:55:16 +0100] "GET /PodCast/Chouechetailet?action=edit HTTP/1.1" 200 8720 "-" "Mozilla/5.0 (Macintosh; Intel Mac OS X 10.15; rv:103.0) Gecko/20100101 Firefox/103.0"
85.25.185.196 - - [27/Dec/2022:00:56:33 +0100] "GET /PodCast/Bagdad-Marlboro?action=edit&restore=diff:1436282266:1436282232:&preview=y HTTP/1.1" 200 8780 "-" "Mozilla/5.0 (Macintosh; Intel Mac OS X 10.15; rv:103.0) Gecko/20100101 Firefox/103.0"
85.25.185.196 - - [27/Dec/2022:00:58:16 +0100] "GET /PodCast/Bagdad-Marlboro?action=edit&restore=diff:1436282232:1436282176:&preview=y HTTP/1.1" 200 8780 "-" "Mozilla/5.0 (Macintosh; Intel Mac OS X 10.15; rv:103.0) Gecko/20100101 Firefox/103.0"
85.25.185.196 - - [27/Dec/2022:01:00:29 +0100] "GET /PodCast/Bagdad-Marlboro?action=diff&source=n&minor=y HTTP/1.1" 200 13911 "-" "Mozilla/5.0 (Macintosh; Intel Mac OS X 10.15; rv:103.0) Gecko/20100101 Firefox/103.0"
85.25.185.196 - - [27/Dec/2022:01:04:06 +0100] "GET /PodCast/Bagdad-Marlboro?action=edit&restore=diff:1436281641:1436281641:&preview=y HTTP/1.1" 200 8780 "-" "Mozilla/5.0 (Macintosh; Intel Mac OS X 10.15; rv:103.0) Gecko/20100101 Firefox/103.0"
85.25.185.196 - - [27/Dec/2022:01:05:32 +0100] "GET /PodCast/Metamorfoose?action=upload HTTP/1.1" 200 8592 "-" "Mozilla/5.0 (Macintosh; Intel Mac OS X 10.15; rv:103.0) Gecko/20100101 Firefox/103.0"
85.25.185.196 - - [27/Dec/2022:01:09:02 +0100] "GET /PodCast/Metamorfoose?action=diff HTTP/1.1" 200 18038 "-" "Mozilla/5.0 (Macintosh; Intel Mac OS X 10.15; rv:103.0) Gecko/20100101 Firefox/103.0"
85.25.185.196 - - [27/Dec/2022:01:11:13 +0100] "GET /PodCast/Bagdad-Marlboro?action=diff&source=y&minor=n HTTP/1.1" 200 13534 "-" "Mozilla/5.0 (Macintosh; Intel Mac OS X 10.15; rv:103.0) Gecko/20100101 Firefox/103.0"
85.25.185.196 - - [27/Dec/2022:01:13:35 +0100] "GET /PodCast/Falschmaldig?action=diff HTTP/1.1" 200 13726 "-" "Mozilla/5.0 (Macintosh; Intel Mac OS X 10.15; rv:103.0) Gecko/20100101 Firefox/103.0"
95.163.255.27 - - [27/Dec/2022:01:14:00 +0100] "GET /robots.txt HTTP/1.0" 200 - "-" "Mozilla/5.0 (compatible; Linux x86_64; Mail.RU_Bot/2.0; +https://help.mail.ru/webmaster/indexing/robots)"
95.163.255.23 - - [27/Dec/2022:01:14:04 +0100] "GET /Admin/Pro-ZurituutschStatuten HTTP/1.1" 200 9580 "-" "Mozilla/5.0 (compatible; Linux x86_64; Mail.RU_Bot/2.0; +https://help.mail.ru/webmaster/indexing/robots)"
85.25.185.196 - - [27/Dec/2022:01:14:54 +0100] "GET /PodCast/Falschmaldig?action=upload HTTP/1.1" 200 8592 "-" "Mozilla/5.0 (Macintosh; Intel Mac OS X 10.15; rv:103.0) Gecko/20100101 Firefox/103.0"
85.25.185.196 - - [27/Dec/2022:01:16:48 +0100] "GET /PodCast/Falschmaldig?action=edit HTTP/1.1" 200 8692 "-" "Mozilla/5.0 (Macintosh; Intel Mac OS X 10.15; rv:103.0) Gecko/20100101 Firefox/103.0"
85.25.185.196 - - [27/Dec/2022:01:18:57 +0100] "GET /Site/151Konschtanz1485?action=edit HTTP/1.1" 200 8723 "-" "Mozilla/5.0 (Macintosh; Intel Mac OS X 10.15; rv:103.0) Gecko/20100101 Firefox/103.0"
85.25.185.196 - - [27/Dec/2022:01:20:22 +0100] "GET /Site/151Konschtanz1485?action=diff HTTP/1.1" 200 16908 "-" "Mozilla/5.0 (Macintosh; Intel Mac OS X 10.15; rv:103.0) Gecko/20100101 Firefox/103.0"
85.25.185.196 - - [27/Dec/2022:01:22:03 +0100] "GET /PodCast/DreiChunge?action=diff&source=n&minor=y HTTP/1.1" 200 12791 "-" "Mozilla/5.0 (Macintosh; Intel Mac OS X 10.15; rv:103.0) Gecko/20100101 Firefox/103.0"
85.25.185.196 - - [27/Dec/2022:01:23:28 +0100] "GET /PodCast/DreiChunge?action=edit&restore=diff:1388999038:1388998981:&preview=y HTTP/1.1" 200 8712 "-" "Mozilla/5.0 (Macintosh; Intel Mac OS X 10.15; rv:103.0) Gecko/20100101 Firefox/103.0"
85.25.185.196 - - [27/Dec/2022:01:24:40 +0100] "GET /PodCast/Styluebige?action=diff HTTP/1.1" 200 21171 "-" "Mozilla/5.0 (Macintosh; Intel Mac OS X 10.15; rv:103.0) Gecko/20100101 Firefox/103.0"
66.249.76.220 - - [27/Dec/2022:01:24:45 +0100] "GET /PodCast/IndexPage?action=rss HTTP/1.1" 200 6298 "-" "Mozilla/5.0 (compatible; Googlebot/2.1; +http://www.google.com/bot.html)"
85.25.185.196 - - [27/Dec/2022:01:25:46 +0100] "GET /PodCast/Styluebige?action=upload HTTP/1.1" 200 8564 "-" "Mozilla/5.0 (Macintosh; Intel Mac OS X 10.15; rv:103.0) Gecko/20100101 Firefox/103.0"
85.25.185.196 - - [27/Dec/2022:01:27:36 +0100] "GET /PodCast/Styluebige?action=edit HTTP/1.1" 200 8664 "-" "Mozilla/5.0 (Macintosh; Intel Mac OS X 10.15; rv:103.0) Gecko/20100101 Firefox/103.0"
85.25.185.196 - - [27/Dec/2022:01:28:59 +0100] "GET /Site/WGA2Eergyz?action=edit&restore=diff:1285700792:1284793554:&preview=y HTTP/1.1" 200 8671 "-" "Mozilla/5.0 (Macintosh; Intel Mac OS X 10.15; rv:103.0) Gecko/20100101 Firefox/103.0"
85.25.185.196 - - [27/Dec/2022:01:30:55 +0100] "GET /Site/WGA2Eergyz?action=edit&restore=diff:1284793472:1284793163:&preview=y HTTP/1.1" 200 8671 "-" "Mozilla/5.0 (Macintosh; Intel Mac OS X 10.15; rv:103.0) Gecko/20100101 Firefox/103.0"
85.25.185.196 - - [27/Dec/2022:01:31:49 +0100] "GET /Site/WGA2Eergyz?action=diff&source=n&minor=y HTTP/1.1" 200 21491 "-" "Mozilla/5.0 (Macintosh; Intel Mac OS X 10.15; rv:103.0) Gecko/20100101 Firefox/103.0"
85.25.185.196 - - [27/Dec/2022:01:34:09 +0100] "GET /Site/WGA2Eergyz?action=diff&source=y&minor=n HTTP/1.1" 200 21053 "-" "Mozilla/5.0 (Macintosh; Intel Mac OS X 10.15; rv:103.0) Gecko/20100101 Firefox/103.0"
85.25.185.196 - - [27/Dec/2022:01:35:08 +0100] "GET /Site/WGA2Eergyz?action=edit&restore=diff:1284793163:1284793163:&preview=y HTTP/1.1" 200 8671 "-" "Mozilla/5.0 (Macintosh; Intel Mac OS X 10.15; rv:103.0) Gecko/20100101 Firefox/103.0"
85.25.185.196 - - [27/Dec/2022:01:36:49 +0100] "GET /Site/WGA2Eergyz?action=edit&restore=diff:1286132121:1285700792:&preview=y HTTP/1.1" 200 8671 "-" "Mozilla/5.0 (Macintosh; Intel Mac OS X 10.15; rv:103.0) Gecko/20100101 Firefox/103.0"
85.25.185.196 - - [27/Dec/2022:01:38:45 +0100] "GET /Site/WGA2Eergyz?action=edit&restore=diff:1284793554:1284793472:&preview=y HTTP/1.1" 200 8671 "-" "Mozilla/5.0 (Macintosh; Intel Mac OS X 10.15; rv:103.0) Gecko/20100101 Firefox/103.0"
85.25.185.196 - - [27/Dec/2022:01:39:20 +0100] "GET /PodCast/Wiewytna?action=edit&restore=diff:1302447592:1302447448:&preview=y HTTP/1.1" 200 8682 "-" "Mozilla/5.0 (Macintosh; Intel Mac OS X 10.15; rv:103.0) Gecko/20100101 Firefox/103.0"
65.108.79.209 - - [27/Dec/2022:01:39:36 +0100] "GET /Texte/Gloosse HTTP/1.1" 200 8061 "http://www.pro-zurituutsch.ch/" "Mozilla/5.0 (compatible; SEOkicks; +https://www.seokicks.de/robot.html)"
65.108.79.209 - - [27/Dec/2022:01:39:37 +0100] "GET /Gast/Podcast HTTP/1.1" 200 8106 "http://www.pro-zurituutsch.ch/" "Mozilla/5.0 (compatible; SEOkicks; +https://www.seokicks.de/robot.html)"
65.108.79.209 - - [27/Dec/2022:01:39:39 +0100] "GET /Gast/GNU/Emacs HTTP/1.1" 404 264 "http://www.pro-zurituutsch.ch/Gast/Podcast" "Mozilla/5.0 (compatible; SEOkicks; +https://www.seokicks.de/robot.html)"
65.108.79.209 - - [27/Dec/2022:01:39:40 +0100] "GET /Bestellen/Pschtellf HTTP/1.1" 200 11129 "http://www.pro-zurituutsch.ch/" "Mozilla/5.0 (compatible; SEOkicks; +https://www.seokicks.de/robot.html)"
65.108.79.209 - - [27/Dec/2022:01:39:41 +0100] "GET /Bestellen/GNU/Emacs HTTP/1.1" 404 264 "http://www.pro-zurituutsch.ch/Bestellen/Pschtellf" "Mozilla/5.0 (compatible; SEOkicks; +https://www.seokicks.de/robot.html)"
65.108.79.209 - - [27/Dec/2022:01:39:42 +0100] "GET /Admin/Pro-ZurituutschStatuten HTTP/1.1" 200 9580 "http://www.pro-zurituutsch.ch/" "Mozilla/5.0 (compatible; SEOkicks; +https://www.seokicks.de/robot.html)"
65.108.79.209 - - [27/Dec/2022:01:39:43 +0100] "GET /Admin/GNU/Emacs HTTP/1.1" 404 264 "http://www.pro-zurituutsch.ch/Admin/Pro-ZurituutschStatuten" "Mozilla/5.0 (compatible; SEOkicks; +https://www.seokicks.de/robot.html)"
65.108.79.209 - - [27/Dec/2022:01:39:45 +0100] "GET /Admin/AdresseStiftung HTTP/1.1" 200 8453 "http://www.pro-zurituutsch.ch/" "Mozilla/5.0 (compatible; SEOkicks; +https://www.seokicks.de/robot.html)"
65.108.79.209 - - [27/Dec/2022:01:39:46 +0100] "GET /Admin/ZurStiftung HTTP/1.1" 200 10864 "http://www.pro-zurituutsch.ch/" "Mozilla/5.0 (compatible; SEOkicks; +https://www.seokicks.de/robot.html)"
65.108.79.209 - - [27/Dec/2022:01:39:47 +0100] "GET /Admin/Links HTTP/1.1" 200 14193 "http://www.pro-zurituutsch.ch/" "Mozilla/5.0 (compatible; SEOkicks; +https://www.seokicks.de/robot.html)"
65.108.79.209 - - [27/Dec/2022:01:39:48 +0100] "GET /Hilfe/AnleitungTonbeispiele HTTP/1.1" 200 9878 "http://www.pro-zurituutsch.ch/" "Mozilla/5.0 (compatible; SEOkicks; +https://www.seokicks.de/robot.html)"
85.25.185.196 - - [27/Dec/2022:01:40:05 +0100] "GET /PodCast/Wiewytna?action=edit&restore=diff:1302447693:1302447592:&preview=y HTTP/1.1" 200 8682 "-" "Mozilla/5.0 (Macintosh; Intel Mac OS X 10.15; rv:103.0) Gecko/20100101 Firefox/103.0"
51.222.253.1 - - [27/Dec/2022:01:47:42 +0100] "GET /robots.txt HTTP/1.1" 200 - "-" "Mozilla/5.0 (compatible; AhrefsBot/7.0; +http://ahrefs.com/robot/)"
3.219.254.95 - - [27/Dec/2022:01:49:37 +0100] "GET /PodCast/IndexPage?action=rss HTTP/1.1" 200 6298 "-" "PocketCasts/1.0 (Pocket Casts Feed Parser; +http://pocketcasts.com/)"
85.25.185.196 - - [27/Dec/2022:01:53:55 +0100] "GET /PodCast/Wiewytna?action=diff&source=n&minor=y HTTP/1.1" 200 15110 "-" "Mozilla/5.0 (Macintosh; Intel Mac OS X 10.15; rv:103.0) Gecko/20100101 Firefox/103.0"
85.25.185.196 - - [27/Dec/2022:01:55:16 +0100] "GET /PodCast/Wiewytna?action=diff&source=y&minor=n HTTP/1.1" 200 14433 "-" "Mozilla/5.0 (Macintosh; Intel Mac OS X 10.15; rv:103.0) Gecko/20100101 Firefox/103.0"
85.25.185.196 - - [27/Dec/2022:01:56:22 +0100] "GET /PodCast/Wiewytna?action=edit&restore=diff:1302447448:1302447448:&preview=y HTTP/1.1" 200 8682 "-" "Mozilla/5.0 (Macintosh; Intel Mac OS X 10.15; rv:103.0) Gecko/20100101 Firefox/103.0"
85.25.185.196 - - [27/Dec/2022:01:57:14 +0100] "GET /Main HTTP/1.1" 302 161 "-" "Mozilla/5.0 (Macintosh; Intel Mac OS X 10.15; rv:103.0) Gecko/20100101 Firefox/103.0"
157.55.39.8 - - [27/Dec/2022:01:59:12 +0100] "GET /Site/Leerbouech?action=diff HTTP/1.1" 403 18 "-" "Mozilla/5.0 (compatible; bingbot/2.0; +http://www.bing.com/bingbot.htm)"
49.37.249.232 - - [27/Dec/2022:01:59:25 +0100] "GET /PodCast/IndexPage?action=rss HTTP/1.1" 200 6298 "-" "Podcasts/1440.4 CFNetwork/1128.0.1 Darwin/19.6.0 (x86_64)"
3.216.185.164 - - [27/Dec/2022:01:59:25 +0100] "GET /PodCast/IndexPage?action=rss HTTP/1.1" 200 6298 "-" "PocketCasts/1.0 (Pocket Casts Feed Parser; +http://pocketcasts.com/)"
168.119.51.163 - - [27/Dec/2022:01:59:53 +0100] "GET /robots.txt HTTP/1.1" 200 - "-" "Mozilla/5.0 (compatible; um-IC/1.0; mailto: techinfo@ubermetrics-technologies.com; Windows NT 6.1; WOW64; rv:40.0) Gecko/20100101 Firefox/40.1"
168.119.51.163 - - [27/Dec/2022:01:59:53 +0100] "GET /PodCast/IndexPage?action=rss HTTP/1.1" 200 6298 "-" "Mozilla/5.0 (compatible; um-IC/1.0; mailto: techinfo@ubermetrics-technologies.com; Windows NT 6.1; WOW64; rv:40.0) Gecko/20100101 Firefox/40.1"
85.25.185.196 - - [27/Dec/2022:02:00:07 +0100] "GET /PodCast/Boundeswaal?action=upload HTTP/1.1" 200 8578 "-" "Mozilla/5.0 (Macintosh; Intel Mac OS X 10.15; rv:103.0) Gecko/20100101 Firefox/103.0"
85.25.185.196 - - [27/Dec/2022:02:01:00 +0100] "GET /PodCast/UberGebuure?action=edit HTTP/1.1" 200 8680 "-" "Mozilla/5.0 (Macintosh; Intel Mac OS X 10.15; rv:103.0) Gecko/20100101 Firefox/103.0"
85.25.185.196 - - [27/Dec/2022:02:02:57 +0100] "GET /PodCast/Griechestroom?action=diff HTTP/1.1" 200 15182 "-" "Mozilla/5.0 (Macintosh; Intel Mac OS X 10.15; rv:103.0) Gecko/20100101 Firefox/103.0"
85.25.185.196 - - [27/Dec/2022:02:04:21 +0100] "GET /PodCast/Hinkeljouged1?action=edit&restore=diff:1331054335:1331054303:&preview=y HTTP/1.1" 200 8754 "-" "Mozilla/5.0 (Macintosh; Intel Mac OS X 10.15; rv:103.0) Gecko/20100101 Firefox/103.0"
85.25.185.196 - - [27/Dec/2022:02:06:17 +0100] "GET /PodCast/Hinkeljouged1?action=edit&restore=diff:1331054303:1331053921:&preview=y HTTP/1.1" 200 8754 "-" "Mozilla/5.0 (Macintosh; Intel Mac OS X 10.15; rv:103.0) Gecko/20100101 Firefox/103.0"
85.25.185.196 - - [27/Dec/2022:02:07:06 +0100] "GET /PodCast/Hinkeljouged1?action=diff&source=n&minor=y HTTP/1.1" 200 28044 "-" "Mozilla/5.0 (Macintosh; Intel Mac OS X 10.15; rv:103.0) Gecko/20100101 Firefox/103.0"
85.25.185.196 - - [27/Dec/2022:02:08:27 +0100] "GET /PodCast/Hinkeljouged1?action=diff&source=y&minor=n HTTP/1.1" 200 27325 "-" "Mozilla/5.0 (Macintosh; Intel Mac OS X 10.15; rv:103.0) Gecko/20100101 Firefox/103.0"
85.25.185.196 - - [27/Dec/2022:02:09:41 +0100] "GET /PodCast/Hinkeljouged1?action=edit&restore=diff:1331054422:1331054335:&preview=y HTTP/1.1" 200 8754 "-" "Mozilla/5.0 (Macintosh; Intel Mac OS X 10.15; rv:103.0) Gecko/20100101 Firefox/103.0"
85.25.185.196 - - [27/Dec/2022:02:10:45 +0100] "GET /PodCast/Hinkeljouged1?action=edit&restore=diff:1331053921:1331053921:&preview=y HTTP/1.1" 200 8754 "-" "Mozilla/5.0 (Macintosh; Intel Mac OS X 10.15; rv:103.0) Gecko/20100101 Firefox/103.0"
85.25.185.196 - - [27/Dec/2022:02:11:26 +0100] "GET /PodCast/RURAkt2TIl1?action=edit HTTP/1.1" 200 8688 "-" "Mozilla/5.0 (Macintosh; Intel Mac OS X 10.15; rv:103.0) Gecko/20100101 Firefox/103.0"
85.25.185.196 - - [27/Dec/2022:02:12:32 +0100] "GET /PodCast/RURAkt2TIl1?action=upload HTTP/1.1" 200 8588 "-" "Mozilla/5.0 (Macintosh; Intel Mac OS X 10.15; rv:103.0) Gecko/20100101 Firefox/103.0"
85.25.185.196 - - [27/Dec/2022:02:13:55 +0100] "GET /PodCast/UberGebuure?action=diff HTTP/1.1" 200 18304 "-" "Mozilla/5.0 (Macintosh; Intel Mac OS X 10.15; rv:103.0) Gecko/20100101 Firefox/103.0"
85.25.185.196 - - [27/Dec/2022:02:14:43 +0100] "GET /PodCast/RURAkt2TIl1?action=diff HTTP/1.1" 200 26124 "-" "Mozilla/5.0 (Macintosh; Intel Mac OS X 10.15; rv:103.0) Gecko/20100101 Firefox/103.0"
85.25.185.196 - - [27/Dec/2022:02:16:02 +0100] "GET /PodCast/Waffeschoutz11?action=upload HTTP/1.1" 200 8622 "-" "Mozilla/5.0 (Macintosh; Intel Mac OS X 10.15; rv:103.0) Gecko/20100101 Firefox/103.0"
85.25.185.196 - - [27/Dec/2022:02:17:25 +0100] "GET /PodCast/Waffeschoutz11?action=edit HTTP/1.1" 200 8722 "-" "Mozilla/5.0 (Macintosh; Intel Mac OS X 10.15; rv:103.0) Gecko/20100101 Firefox/103.0"
85.25.185.196 - - [27/Dec/2022:02:17:52 +0100] "GET /PodCast/Waffeschoutz11?action=diff HTTP/1.1" 200 19155 "-" "Mozilla/5.0 (Macintosh; Intel Mac OS X 10.15; rv:103.0) Gecko/20100101 Firefox/103.0"
85.25.185.196 - - [27/Dec/2022:02:18:29 +0100] "GET /PodCast/Gottesliebe?action=upload HTTP/1.1" 200 8578 "-" "Mozilla/5.0 (Macintosh; Intel Mac OS X 10.15; rv:103.0) Gecko/20100101 Firefox/103.0"
85.25.185.196 - - [27/Dec/2022:02:19:20 +0100] "GET /PodCast/Gottesliebe?action=diff HTTP/1.1" 200 26391 "-" "Mozilla/5.0 (Macintosh; Intel Mac OS X 10.15; rv:103.0) Gecko/20100101 Firefox/103.0"
40.77.167.74 - - [27/Dec/2022:02:19:39 +0100] "GET /Site/121Sitkouscht1482?action=print HTTP/1.1" 403 18 "-" "Mozilla/5.0 (compatible; bingbot/2.0; +http://www.bing.com/bingbot.htm)"
85.25.185.196 - - [27/Dec/2022:02:20:31 +0100] "GET /PodCast/SpruchZ?action=edit HTTP/1.1" 200 8624 "-" "Mozilla/5.0 (Macintosh; Intel Mac OS X 10.15; rv:103.0) Gecko/20100101 Firefox/103.0"
85.25.185.196 - - [27/Dec/2022:02:25:30 +0100] "GET /PodCast/SpruchZ?action=diff HTTP/1.1" 200 17628 "-" "Mozilla/5.0 (Macintosh; Intel Mac OS X 10.15; rv:103.0) Gecko/20100101 Firefox/103.0"
85.25.185.196 - - [27/Dec/2022:02:26:46 +0100] "GET /PodCast/SpruchZ?action=upload HTTP/1.1" 200 8524 "-" "Mozilla/5.0 (Macintosh; Intel Mac OS X 10.15; rv:103.0) Gecko/20100101 Firefox/103.0"
85.25.185.196 - - [27/Dec/2022:02:27:33 +0100] "GET /Site/Bebi?action=upload HTTP/1.1" 200 8437 "-" "Mozilla/5.0 (Macintosh; Intel Mac OS X 10.15; rv:103.0) Gecko/20100101 Firefox/103.0"
66.249.76.222 - - [27/Dec/2022:02:27:33 +0100] "GET /PodCast/IndexPage?action=rss HTTP/1.1" 200 6298 "-" "Mozilla/5.0 (compatible; Googlebot/2.1; +http://www.google.com/bot.html)"
85.25.185.196 - - [27/Dec/2022:02:28:46 +0100] "GET /Site/Bebi?action=diff HTTP/1.1" 200 19372 "-" "Mozilla/5.0 (Macintosh; Intel Mac OS X 10.15; rv:103.0) Gecko/20100101 Firefox/103.0"
85.25.185.196 - - [27/Dec/2022:02:32:07 +0100] "GET /Site/Bebi?action=edit HTTP/1.1" 200 8537 "-" "Mozilla/5.0 (Macintosh; Intel Mac OS X 10.15; rv:103.0) Gecko/20100101 Firefox/103.0"
65.108.79.209 - - [27/Dec/2022:02:32:19 +0100] "GET /Hilfe/GNU/Emacs HTTP/1.1" 404 264 "http://www.pro-zurituutsch.ch/Hilfe/AnleitungTonbeispiele" "Mozilla/5.0 (compatible; SEOkicks; +https://www.seokicks.de/robot.html)"
65.108.79.209 - - [27/Dec/2022:02:32:20 +0100] "GET /Main/Home?action=edit HTTP/1.1" 403 18 "http://www.pro-zurituutsch.ch/" "Mozilla/5.0 (compatible; SEOkicks; +https://www.seokicks.de/robot.html)"
65.108.79.209 - - [27/Dec/2022:02:32:21 +0100] "GET /Site/SideBar?action=edit HTTP/1.1" 403 18 "http://www.pro-zurituutsch.ch/" "Mozilla/5.0 (compatible; SEOkicks; +https://www.seokicks.de/robot.html)"
65.108.79.209 - - [27/Dec/2022:02:32:23 +0100] "GET /Main/Home?action=upload HTTP/1.1" 403 18 "http://www.pro-zurituutsch.ch/" "Mozilla/5.0 (compatible; SEOkicks; +https://www.seokicks.de/robot.html)"
65.108.79.209 - - [27/Dec/2022:02:32:24 +0100] "GET /Main/Home?action=print HTTP/1.1" 403 18 "http://www.pro-zurituutsch.ch/" "Mozilla/5.0 (compatible; SEOkicks; +https://www.seokicks.de/robot.html)"
65.108.79.209 - - [27/Dec/2022:02:32:25 +0100] "GET /Main/Home?action=diff HTTP/1.1" 403 18 "http://www.pro-zurituutsch.ch/" "Mozilla/5.0 (compatible; SEOkicks; +https://www.seokicks.de/robot.html)"
65.108.79.209 - - [27/Dec/2022:02:32:26 +0100] "GET /PodCast/GNU/Emacs HTTP/1.1" 404 264 "http://www.pro-zurituutsch.ch/PodCast/IndexPage" "Mozilla/5.0 (compatible; SEOkicks; +https://www.seokicks.de/robot.html)"
65.108.79.209 - - [27/Dec/2022:02:32:27 +0100] "GET /PodCast/IndexPage?action=edit HTTP/1.1" 403 18 "http://www.pro-zurituutsch.ch/PodCast/IndexPage" "Mozilla/5.0 (compatible; SEOkicks; +https://www.seokicks.de/robot.html)"
65.108.79.209 - - [27/Dec/2022:02:32:28 +0100] "GET /PodCast/IndexPage?action=upload HTTP/1.1" 403 18 "http://www.pro-zurituutsch.ch/PodCast/IndexPage" "Mozilla/5.0 (compatible; SEOkicks; +https://www.seokicks.de/robot.html)"
65.108.79.209 - - [27/Dec/2022:02:32:29 +0100] "GET /PodCast/IndexPage?action=print HTTP/1.1" 403 18 "http://www.pro-zurituutsch.ch/PodCast/IndexPage" "Mozilla/5.0 (compatible; SEOkicks; +https://www.seokicks.de/robot.html)"
65.108.79.209 - - [27/Dec/2022:02:32:30 +0100] "GET /PodCast/IndexPage?action=diff HTTP/1.1" 403 18 "http://www.pro-zurituutsch.ch/PodCast/IndexPage" "Mozilla/5.0 (compatible; SEOkicks; +https://www.seokicks.de/robot.html)"
85.25.185.196 - - [27/Dec/2022:02:34:08 +0100] "GET /PodCast/FrawimSchatte?action=edit&restore=diff:1320954781:1320339995:&preview=y HTTP/1.1" 200 8754 "-" "Mozilla/5.0 (Macintosh; Intel Mac OS X 10.15; rv:103.0) Gecko/20100101 Firefox/103.0"
85.25.185.196 - - [27/Dec/2022:02:36:09 +0100] "GET /PodCast/FrawimSchatte?action=edit&restore=diff:1338987576:1337182400:&preview=y HTTP/1.1" 200 8754 "-" "Mozilla/5.0 (Macintosh; Intel Mac OS X 10.15; rv:103.0) Gecko/20100101 Firefox/103.0"
85.25.185.196 - - [27/Dec/2022:02:38:22 +0100] "GET /PodCast/FrawimSchatte?action=edit&restore=diff:1314903842:1314903699:&preview=y HTTP/1.1" 200 8754 "-" "Mozilla/5.0 (Macintosh; Intel Mac OS X 10.15; rv:103.0) Gecko/20100101 Firefox/103.0"
85.25.185.196 - - [27/Dec/2022:02:39:18 +0100] "GET /PodCast/FrawimSchatte?action=edit&restore=diff:1337182400:1336406566:&preview=y HTTP/1.1" 200 8754 "-" "Mozilla/5.0 (Macintosh; Intel Mac OS X 10.15; rv:103.0) Gecko/20100101 Firefox/103.0"
85.25.185.196 - - [27/Dec/2022:02:40:31 +0100] "GET /PodCast/FrawimSchatte?action=edit&restore=diff:1321545800:1320954781:&preview=y HTTP/1.1" 200 8754 "-" "Mozilla/5.0 (Macintosh; Intel Mac OS X 10.15; rv:103.0) Gecko/20100101 Firefox/103.0"
85.25.185.196 - - [27/Dec/2022:02:41:59 +0100] "GET /PodCast/FrawimSchatte?action=edit&restore=diff:1343762181:1342519000:&preview=y HTTP/1.1" 200 8754 "-" "Mozilla/5.0 (Macintosh; Intel Mac OS X 10.15; rv:103.0) Gecko/20100101 Firefox/103.0"
85.25.185.196 - - [27/Dec/2022:02:43:48 +0100] "GET /PodCast/FrawimSchatte?action=edit&restore=diff:1330103698:1328817250:&preview=y HTTP/1.1" 200 8754 "-" "Mozilla/5.0 (Macintosh; Intel Mac OS X 10.15; rv:103.0) Gecko/20100101 Firefox/103.0"
85.25.185.196 - - [27/Dec/2022:02:45:15 +0100] "GET /PodCast/FrawimSchatte?action=edit&restore=diff:1334944976:1333640812:&preview=y HTTP/1.1" 200 8754 "-" "Mozilla/5.0 (Macintosh; Intel Mac OS X 10.15; rv:103.0) Gecko/20100101 Firefox/103.0"
194.209.200.2 - - [27/Dec/2022:02:45:29 +0100] "GET /robots.txt HTTP/1.1" 200 - "-" "Mozilla/5.0 (compatible; TMMBot/0.2; +http://www.dslab.ch)/Nutch-1.15"
194.209.200.2 - - [27/Dec/2022:02:45:29 +0100] "GET /Texte/Rezension HTTP/1.1" 200 11812 "-" "Mozilla/5.0 (compatible; TMMBot/0.2; +http://www.dslab.ch)/Nutch-1.15"
85.25.185.196 - - [27/Dec/2022:02:47:56 +0100] "GET /PodCast/Euirokraty?action=edit HTTP/1.1" 200 8664 "-" "Mozilla/5.0 (Macintosh; Intel Mac OS X 10.15; rv:103.0) Gecko/20100101 Firefox/103.0"
194.209.200.2 - - [27/Dec/2022:02:48:23 +0100] "GET /Texte/Limericks HTTP/1.1" 200 8087 "-" "Mozilla/5.0 (compatible; TMMBot/0.2; +http://www.dslab.ch)/Nutch-1.15"
194.209.200.2 - - [27/Dec/2022:02:48:28 +0100] "GET /Texte/Schrybwys HTTP/1.1" 200 11028 "-" "Mozilla/5.0 (compatible; TMMBot/0.2; +http://www.dslab.ch)/Nutch-1.15"
85.25.185.196 - - [27/Dec/2022:02:48:38 +0100] "GET /PodCast/Euirokraty?action=diff HTTP/1.1" 200 17200 "-" "Mozilla/5.0 (Macintosh; Intel Mac OS X 10.15; rv:103.0) Gecko/20100101 Firefox/103.0"
85.25.185.196 - - [27/Dec/2022:02:49:36 +0100] "GET /PodCast/Euirokraty?action=upload HTTP/1.1" 200 8564 "-" "Mozilla/5.0 (Macintosh; Intel Mac OS X 10.15; rv:103.0) Gecko/20100101 Firefox/103.0"
85.25.185.196 - - [27/Dec/2022:02:50:53 +0100] "GET /PodCast/Griechestroom?action=upload HTTP/1.1" 200 8606 "-" "Mozilla/5.0 (Macintosh; Intel Mac OS X 10.15; rv:103.0) Gecko/20100101 Firefox/103.0"
85.25.185.196 - - [27/Dec/2022:02:51:55 +0100] "GET /PodCast/Griechestroom?action=edit HTTP/1.1" 200 8706 "-" "Mozilla/5.0 (Macintosh; Intel Mac OS X 10.15; rv:103.0) Gecko/20100101 Firefox/103.0"
85.25.185.196 - - [27/Dec/2022:02:52:46 +0100] "GET /PodCast/Boundeswaal?action=diff HTTP/1.1" 200 15247 "-" "Mozilla/5.0 (Macintosh; Intel Mac OS X 10.15; rv:103.0) Gecko/20100101 Firefox/103.0"
157.55.39.194 - - [27/Dec/2022:02:52:49 +0100] "GET /PmWiki/TextFormattingRules HTTP/1.1" 200 32665 "-" "Mozilla/5.0 (compatible; bingbot/2.0; +http://www.bing.com/bingbot.htm)"
85.25.185.196 - - [27/Dec/2022:02:54:59 +0100] "GET /PodCast/FrawimSchatte?action=edit&restore=diff:1318706759:1316892315:&preview=y HTTP/1.1" 200 8754 "-" "Mozilla/5.0 (Macintosh; Intel Mac OS X 10.15; rv:103.0) Gecko/20100101 Firefox/103.0"
85.25.185.196 - - [27/Dec/2022:02:56:42 +0100] "GET /PodCast/FrawimSchatte?action=edit&restore=diff:1325147744:1324395977:&preview=y HTTP/1.1" 200 8754 "-" "Mozilla/5.0 (Macintosh; Intel Mac OS X 10.15; rv:103.0) Gecko/20100101 Firefox/103.0"
85.25.185.196 - - [27/Dec/2022:02:59:08 +0100] "GET /PodCast/FrawimSchatte?action=edit&restore=diff:1314903025:1314903008:&preview=y HTTP/1.1" 200 8754 "-" "Mozilla/5.0 (Macintosh; Intel Mac OS X 10.15; rv:103.0) Gecko/20100101 Firefox/103.0"
85.25.185.196 - - [27/Dec/2022:02:59:50 +0100] "GET /PodCast/FrawimSchatte?action=edit&restore=diff:1331054394:1330103698:&preview=y HTTP/1.1" 200 8754 "-" "Mozilla/5.0 (Macintosh; Intel Mac OS X 10.15; rv:103.0) Gecko/20100101 Firefox/103.0"
85.25.185.196 - - [27/Dec/2022:03:00:50 +0100] "GET /PodCast/FrawimSchatte?action=edit&restore=diff:1314903619:1314903025:&preview=y HTTP/1.1" 200 8754 "-" "Mozilla/5.0 (Macintosh; Intel Mac OS X 10.15; rv:103.0) Gecko/20100101 Firefox/103.0"
85.25.185.196 - - [27/Dec/2022:03:01:26 +0100] "GET /PodCast/FrawimSchatte?action=diff&source=n&minor=y HTTP/1.1" 200 30071 "-" "Mozilla/5.0 (Macintosh; Intel Mac OS X 10.15; rv:103.0) Gecko/20100101 Firefox/103.0"
85.25.185.196 - - [27/Dec/2022:03:02:42 +0100] "GET /PodCast/FrawimSchatte?action=edit&restore=diff:1326914630:1325931906:&preview=y HTTP/1.1" 200 8754 "-" "Mozilla/5.0 (Macintosh; Intel Mac OS X 10.15; rv:103.0) Gecko/20100101 Firefox/103.0"
85.25.185.196 - - [27/Dec/2022:03:03:45 +0100] "GET /PodCast/FrawimSchatte?action=edit&restore=diff:1363453495:1347560748:&preview=y HTTP/1.1" 200 8754 "-" "Mozilla/5.0 (Macintosh; Intel Mac OS X 10.15; rv:103.0) Gecko/20100101 Firefox/103.0"
85.25.185.196 - - [27/Dec/2022:03:04:49 +0100] "GET /PodCast/FrawimSchatte?action=edit&restore=diff:1314903008:1314903008:&preview=y HTTP/1.1" 200 8754 "-" "Mozilla/5.0 (Macintosh; Intel Mac OS X 10.15; rv:103.0) Gecko/20100101 Firefox/103.0"
85.25.185.196 - - [27/Dec/2022:03:07:57 +0100] "GET /PodCast/FrawimSchatte?action=edit&restore=diff:1328817250:1328372111:&preview=y HTTP/1.1" 200 8754 "-" "Mozilla/5.0 (Macintosh; Intel Mac OS X 10.15; rv:103.0) Gecko/20100101 Firefox/103.0"
85.25.185.196 - - [27/Dec/2022:03:08:41 +0100] "GET /PodCast/FrawimSchatte?action=diff&source=y&minor=n HTTP/1.1" 200 29261 "-" "Mozilla/5.0 (Macintosh; Intel Mac OS X 10.15; rv:103.0) Gecko/20100101 Firefox/103.0"
85.25.185.196 - - [27/Dec/2022:03:09:55 +0100] "GET /PodCast/FrawimSchatte?action=edit&restore=diff:1314903699:1314903619:&preview=y HTTP/1.1" 200 8754 "-" "Mozilla/5.0 (Macintosh; Intel Mac OS X 10.15; rv:103.0) Gecko/20100101 Firefox/103.0"
85.25.185.196 - - [27/Dec/2022:03:11:04 +0100] "GET /PodCast/FrawimSchatte?action=edit&restore=diff:1342519000:1340804776:&preview=y HTTP/1.1" 200 8754 "-" "Mozilla/5.0 (Macintosh; Intel Mac OS X 10.15; rv:103.0) Gecko/20100101 Firefox/103.0"
85.25.185.196 - - [27/Dec/2022:03:12:36 +0100] "GET /PodCast/FrawimSchatte?action=edit&restore=diff:1324395977:1322844354:&preview=y HTTP/1.1" 200 8754 "-" "Mozilla/5.0 (Macintosh; Intel Mac OS X 10.15; rv:103.0) Gecko/20100101 Firefox/103.0"
85.25.185.196 - - [27/Dec/2022:03:13:09 +0100] "GET /PodCast/FrawimSchatte?action=edit&restore=diff:1347560748:1345304851:&preview=y HTTP/1.1" 200 8754 "-" "Mozilla/5.0 (Macintosh; Intel Mac OS X 10.15; rv:103.0) Gecko/20100101 Firefox/103.0"
85.25.185.196 - - [27/Dec/2022:03:13:55 +0100] "GET /PodCast/FrawimSchatte?action=edit&restore=diff:1332618693:1331054394:&preview=y HTTP/1.1" 200 8754 "-" "Mozilla/5.0 (Macintosh; Intel Mac OS X 10.15; rv:103.0) Gecko/20100101 Firefox/103.0"
85.25.185.196 - - [27/Dec/2022:03:16:33 +0100] "GET /PodCast/FrawimSchatte?action=edit&restore=diff:1320339995:1318706759:&preview=y HTTP/1.1" 200 8754 "-" "Mozilla/5.0 (Macintosh; Intel Mac OS X 10.15; rv:103.0) Gecko/20100101 Firefox/103.0"
65.108.79.209 - - [27/Dec/2022:03:20:05 +0100] "GET /PodCast/Boschpochrank HTTP/1.1" 200 11394 "http://www.pro-zurituutsch.ch/PodCast/IndexPage" "Mozilla/5.0 (compatible; SEOkicks; +https://www.seokicks.de/robot.html)"
65.108.79.209 - - [27/Dec/2022:03:20:06 +0100] "GET /PodCast/SprAlAner HTTP/1.1" 200 9962 "http://www.pro-zurituutsch.ch/PodCast/IndexPage" "Mozilla/5.0 (compatible; SEOkicks; +https://www.seokicks.de/robot.html)"
65.108.79.209 - - [27/Dec/2022:03:20:08 +0100] "GET /PodCast/RezOceanLight?action=edit HTTP/1.1" 404 18 "http://www.pro-zurituutsch.ch/PodCast/IndexPage" "Mozilla/5.0 (compatible; SEOkicks; +https://www.seokicks.de/robot.html)"
65.108.79.209 - - [27/Dec/2022:03:20:09 +0100] "GET /PodCast/Poutschology HTTP/1.1" 200 14651 "http://www.pro-zurituutsch.ch/PodCast/IndexPage" "Mozilla/5.0 (compatible; SEOkicks; +https://www.seokicks.de/robot.html)"
65.108.79.209 - - [27/Dec/2022:03:20:10 +0100] "GET /PodCast/SprAntBea HTTP/1.1" 200 11671 "http://www.pro-zurituutsch.ch/PodCast/IndexPage" "Mozilla/5.0 (compatible; SEOkicks; +https://www.seokicks.de/robot.html)"
65.108.79.209 - - [27/Dec/2022:03:20:11 +0100] "GET /PodCast/SprChlaage HTTP/1.1" 200 13697 "http://www.pro-zurituutsch.ch/PodCast/IndexPage" "Mozilla/5.0 (compatible; SEOkicks; +https://www.seokicks.de/robot.html)"
65.108.79.209 - - [27/Dec/2022:03:20:12 +0100] "GET /PodCast/SprForKom HTTP/1.1" 200 8355 "http://www.pro-zurituutsch.ch/PodCast/IndexPage" "Mozilla/5.0 (compatible; SEOkicks; +https://www.seokicks.de/robot.html)"
65.108.79.209 - - [27/Dec/2022:03:20:14 +0100] "GET /PodCast/Limerick32 HTTP/1.1" 200 8883 "http://www.pro-zurituutsch.ch/PodCast/IndexPage" "Mozilla/5.0 (compatible; SEOkicks; +https://www.seokicks.de/robot.html)"
65.108.79.209 - - [27/Dec/2022:03:20:15 +0100] "GET /PodCast/Limerick31 HTTP/1.1" 200 8584 "http://www.pro-zurituutsch.ch/PodCast/IndexPage" "Mozilla/5.0 (compatible; SEOkicks; +https://www.seokicks.de/robot.html)"
65.108.79.209 - - [27/Dec/2022:03:20:16 +0100] "GET /PodCast/REZiPesciNonChiudonoGliOcchi?action=edit HTTP/1.1" 404 18 "http://www.pro-zurituutsch.ch/PodCast/IndexPage" "Mozilla/5.0 (compatible; SEOkicks; +https://www.seokicks.de/robot.html)"
65.108.79.209 - - [27/Dec/2022:03:20:17 +0100] "GET /PodCast/SprPrfSchwtzTggs?action=edit HTTP/1.1" 404 18 "http://www.pro-zurituutsch.ch/PodCast/IndexPage" "Mozilla/5.0 (compatible; SEOkicks; +https://www.seokicks.de/robot.html)"
85.25.185.196 - - [27/Dec/2022:03:20:32 +0100] "GET /PodCast/FrawimSchatte?action=edit&restore=diff:1325931906:1325147744:&preview=y HTTP/1.1" 200 8754 "-" "Mozilla/5.0 (Macintosh; Intel Mac OS X 10.15; rv:103.0) Gecko/20100101 Firefox/103.0"
85.25.185.196 - - [27/Dec/2022:03:21:39 +0100] "GET /PodCast/FrawimSchatte?action=edit&restore=diff:1340804776:1338987576:&preview=y HTTP/1.1" 200 8754 "-" "Mozilla/5.0 (Macintosh; Intel Mac OS X 10.15; rv:103.0) Gecko/20100101 Firefox/103.0"
157.55.39.194 - - [27/Dec/2022:03:22:44 +0100] "GET /PodCast/Wandermaasse?action=print HTTP/1.1" 403 18 "-" "Mozilla/5.0 (compatible; bingbot/2.0; +http://www.bing.com/bingbot.htm)"
85.25.185.196 - - [27/Dec/2022:03:22:45 +0100] "GET /PodCast/FrawimSchatte?action=edit&restore=diff:1322844354:1321545800:&preview=y HTTP/1.1" 200 8754 "-" "Mozilla/5.0 (Macintosh; Intel Mac OS X 10.15; rv:103.0) Gecko/20100101 Firefox/103.0"
85.25.185.196 - - [27/Dec/2022:03:24:33 +0100] "GET /PodCast/FrawimSchatte?action=edit&restore=diff:1333640812:1332618693:&preview=y HTTP/1.1" 200 8754 "-" "Mozilla/5.0 (Macintosh; Intel Mac OS X 10.15; rv:103.0) Gecko/20100101 Firefox/103.0"
85.25.185.196 - - [27/Dec/2022:03:25:52 +0100] "GET /PodCast/FrawimSchatte?action=edit&restore=diff:1336406566:1334944976:&preview=y HTTP/1.1" 200 8754 "-" "Mozilla/5.0 (Macintosh; Intel Mac OS X 10.15; rv:103.0) Gecko/20100101 Firefox/103.0"
3.216.185.164 - - [27/Dec/2022:03:29:53 +0100] "GET /PodCast/IndexPage?action=rss HTTP/1.1" 200 6298 "-" "PocketCasts/1.0 (Pocket Casts Feed Parser; +http://pocketcasts.com/)"
85.25.185.196 - - [27/Dec/2022:03:32:32 +0100] "GET /PodCast/FrawimSchatte?action=edit&restore=diff:1316892315:1314903842:&preview=y HTTP/1.1" 200 8754 "-" "Mozilla/5.0 (Macintosh; Intel Mac OS X 10.15; rv:103.0) Gecko/20100101 Firefox/103.0"
85.25.185.196 - - [27/Dec/2022:03:34:29 +0100] "GET /PodCast/FrawimSchatte?action=edit&restore=diff:1345304851:1345304817:&preview=y HTTP/1.1" 200 8754 "-" "Mozilla/5.0 (Macintosh; Intel Mac OS X 10.15; rv:103.0) Gecko/20100101 Firefox/103.0"
85.25.185.196 - - [27/Dec/2022:03:36:10 +0100] "GET /PodCast/FrawimSchatte?action=edit&restore=diff:1345304817:1343762181:&preview=y HTTP/1.1" 200 8754 "-" "Mozilla/5.0 (Macintosh; Intel Mac OS X 10.15; rv:103.0) Gecko/20100101 Firefox/103.0"
66.249.76.193 - - [27/Dec/2022:03:36:31 +0100] "GET /PodCast/IndexPage?action=rss HTTP/1.1" 200 6298 "-" "Mozilla/5.0 (compatible; Googlebot/2.1; +http://www.google.com/bot.html)"
85.25.185.196 - - [27/Dec/2022:03:37:10 +0100] "GET /PodCast/FrawimSchatte?action=edit&restore=diff:1328372111:1326914630:&preview=y HTTP/1.1" 200 8754 "-" "Mozilla/5.0 (Macintosh; Intel Mac OS X 10.15; rv:103.0) Gecko/20100101 Firefox/103.0"
85.25.185.196 - - [27/Dec/2022:03:39:09 +0100] "GET /PodCast/MI2009?action=upload HTTP/1.1" 200 8510 "-" "Mozilla/5.0 (Macintosh; Intel Mac OS X 10.15; rv:103.0) Gecko/20100101 Firefox/103.0"
85.25.185.196 - - [27/Dec/2022:03:40:08 +0100] "GET /PodCast/Boundeswaal?action=edit HTTP/1.1" 200 8678 "-" "Mozilla/5.0 (Macintosh; Intel Mac OS X 10.15; rv:103.0) Gecko/20100101 Firefox/103.0"
85.25.185.196 - - [27/Dec/2022:03:40:58 +0100] "GET /PodCast/Eenlichkait?action=edit HTTP/1.1" 200 8678 "-" "Mozilla/5.0 (Macintosh; Intel Mac OS X 10.15; rv:103.0) Gecko/20100101 Firefox/103.0"
85.25.185.196 - - [27/Dec/2022:03:41:57 +0100] "GET /Site/141TaagsatzigIV1484?action=upload HTTP/1.1" 200 8653 "-" "Mozilla/5.0 (Macintosh; Intel Mac OS X 10.15; rv:103.0) Gecko/20100101 Firefox/103.0"
85.25.185.196 - - [27/Dec/2022:03:42:46 +0100] "GET /Site/141TaagsatzigIV1484?action=diff HTTP/1.1" 200 25699 "-" "Mozilla/5.0 (Macintosh; Intel Mac OS X 10.15; rv:103.0) Gecko/20100101 Firefox/103.0"
85.25.185.196 - - [27/Dec/2022:03:43:50 +0100] "GET /Site/141TaagsatzigIV1484?action=edit HTTP/1.1" 200 8753 "-" "Mozilla/5.0 (Macintosh; Intel Mac OS X 10.15; rv:103.0) Gecko/20100101 Firefox/103.0"
85.25.185.196 - - [27/Dec/2022:03:45:31 +0100] "GET /Site/123Sitkouscht1482?action=diff HTTP/1.1" 200 20045 "-" "Mozilla/5.0 (Macintosh; Intel Mac OS X 10.15; rv:103.0) Gecko/20100101 Firefox/103.0"
85.25.185.196 - - [27/Dec/2022:03:46:55 +0100] "GET /Site/123Sitkouscht1482?action=upload HTTP/1.1" 200 8623 "-" "Mozilla/5.0 (Macintosh; Intel Mac OS X 10.15; rv:103.0) Gecko/20100101 Firefox/103.0"
85.25.185.196 - - [27/Dec/2022:03:47:36 +0100] "GET /Site/123Sitkouscht1482?action=edit HTTP/1.1" 200 8723 "-" "Mozilla/5.0 (Macintosh; Intel Mac OS X 10.15; rv:103.0) Gecko/20100101 Firefox/103.0"
85.25.185.196 - - [27/Dec/2022:03:48:19 +0100] "GET /PodCast/Scheuhnemischt?action=edit HTTP/1.1" 200 8720 "-" "Mozilla/5.0 (Macintosh; Intel Mac OS X 10.15; rv:103.0) Gecko/20100101 Firefox/103.0"
85.25.185.196 - - [27/Dec/2022:03:49:40 +0100] "GET /PodCast/Scheuhnemischt?action=diff HTTP/1.1" 200 14931 "-" "Mozilla/5.0 (Macintosh; Intel Mac OS X 10.15; rv:103.0) Gecko/20100101 Firefox/103.0"
85.25.185.196 - - [27/Dec/2022:03:55:33 +0100] "GET /PodCast/Scheuhnemischt?action=upload HTTP/1.1" 200 8620 "-" "Mozilla/5.0 (Macintosh; Intel Mac OS X 10.15; rv:103.0) Gecko/20100101 Firefox/103.0"
85.25.185.196 - - [27/Dec/2022:03:56:28 +0100] "GET /PodCast/StroubiZyt2?action=edit HTTP/1.1" 200 8682 "-" "Mozilla/5.0 (Macintosh; Intel Mac OS X 10.15; rv:103.0) Gecko/20100101 Firefox/103.0"
85.25.185.196 - - [27/Dec/2022:03:57:15 +0100] "GET /PodCast/StroubiZyt2?action=upload HTTP/1.1" 200 8582 "-" "Mozilla/5.0 (Macintosh; Intel Mac OS X 10.15; rv:103.0) Gecko/20100101 Firefox/103.0"
85.25.185.196 - - [27/Dec/2022:03:58:12 +0100] "GET /PodCast/StroubiZyt2?action=diff HTTP/1.1" 200 19725 "-" "Mozilla/5.0 (Macintosh; Intel Mac OS X 10.15; rv:103.0) Gecko/20100101 Firefox/103.0"
85.25.185.196 - - [27/Dec/2022:03:59:55 +0100] "GET /PodCast/Ouhsschaffig?action=edit HTTP/1.1" 200 8692 "-" "Mozilla/5.0 (Macintosh; Intel Mac OS X 10.15; rv:103.0) Gecko/20100101 Firefox/103.0"
85.25.185.196 - - [27/Dec/2022:04:01:43 +0100] "GET /PodCast/Ouhsschaffig?action=upload HTTP/1.1" 200 8592 "-" "Mozilla/5.0 (Macintosh; Intel Mac OS X 10.15; rv:103.0) Gecko/20100101 Firefox/103.0"
65.108.79.209 - - [27/Dec/2022:04:02:40 +0100] "GET /PodCast/REZMockingbird HTTP/1.1" 200 11553 "http://www.pro-zurituutsch.ch/PodCast/IndexPage" "Mozilla/5.0 (compatible; SEOkicks; +https://www.seokicks.de/robot.html)"
65.108.79.209 - - [27/Dec/2022:04:02:41 +0100] "GET /PodCast/Sidereuhsli HTTP/1.1" 200 8939 "http://www.pro-zurituutsch.ch/PodCast/IndexPage" "Mozilla/5.0 (compatible; SEOkicks; +https://www.seokicks.de/robot.html)"
65.108.79.209 - - [27/Dec/2022:04:02:42 +0100] "GET /PodCast/REZmebeforeyou?action=edit HTTP/1.1" 404 18 "http://www.pro-zurituutsch.ch/PodCast/IndexPage" "Mozilla/5.0 (compatible; SEOkicks; +https://www.seokicks.de/robot.html)"
65.108.79.209 - - [27/Dec/2022:04:02:44 +0100] "GET /PodCast/RezPflInt HTTP/1.1" 200 9633 "http://www.pro-zurituutsch.ch/PodCast/IndexPage" "Mozilla/5.0 (compatible; SEOkicks; +https://www.seokicks.de/robot.html)"
65.108.79.209 - - [27/Dec/2022:04:02:46 +0100] "GET /PodCast/TampoToummOuhsreedeVerwandt?action=edit HTTP/1.1" 404 18 "http://www.pro-zurituutsch.ch/PodCast/IndexPage" "Mozilla/5.0 (compatible; SEOkicks; +https://www.seokicks.de/robot.html)"
65.108.79.209 - - [27/Dec/2022:04:02:47 +0100] "GET /PodCast/SpruchZ HTTP/1.1" 200 10496 "http://www.pro-zurituutsch.ch/PodCast/IndexPage" "Mozilla/5.0 (compatible; SEOkicks; +https://www.seokicks.de/robot.html)"
65.108.79.209 - - [27/Dec/2022:04:02:49 +0100] "GET /PodCast/Zwangsabonemang HTTP/1.1" 200 15007 "http://www.pro-zurituutsch.ch/PodCast/IndexPage" "Mozilla/5.0 (compatible; SEOkicks; +https://www.seokicks.de/robot.html)"
65.108.79.209 - - [27/Dec/2022:04:02:51 +0100] "GET /PodCast/Rucktrittstrioumpf HTTP/1.1" 200 13948 "http://www.pro-zurituutsch.ch/PodCast/IndexPage" "Mozilla/5.0 (compatible; SEOkicks; +https://www.seokicks.de/robot.html)"
65.108.79.209 - - [27/Dec/2022:04:02:52 +0100] "GET /PodCast/Verlaine HTTP/1.1" 200 9380 "http://www.pro-zurituutsch.ch/PodCast/IndexPage" "Mozilla/5.0 (compatible; SEOkicks; +https://www.seokicks.de/robot.html)"
65.108.79.209 - - [27/Dec/2022:04:02:54 +0100] "GET /PodCast/Limerick30 HTTP/1.1" 200 8709 "http://www.pro-zurituutsch.ch/PodCast/IndexPage" "Mozilla/5.0 (compatible; SEOkicks; +https://www.seokicks.de/robot.html)"
65.108.79.209 - - [27/Dec/2022:04:02:55 +0100] "GET /PodCast/REZlangetage?action=edit HTTP/1.1" 404 18 "http://www.pro-zurituutsch.ch/PodCast/IndexPage" "Mozilla/5.0 (compatible; SEOkicks; +https://www.seokicks.de/robot.html)"
216.244.66.243 - - [27/Dec/2022:04:02:59 +0100] "GET /robots.txt HTTP/1.1" 200 - "-" "Mozilla/5.0 (compatible; DotBot/1.2; +https://opensiteexplorer.org/dotbot; help@moz.com)"
85.25.185.196 - - [27/Dec/2022:04:03:37 +0100] "GET /PodCast/Ouhsschaffig?action=diff HTTP/1.1" 200 14842 "-" "Mozilla/5.0 (Macintosh; Intel Mac OS X 10.15; rv:103.0) Gecko/20100101 Firefox/103.0"
85.25.185.196 - - [27/Dec/2022:04:06:11 +0100] "GET /PodCast/Ynachte2?action=upload HTTP/1.1" 200 8538 "-" "Mozilla/5.0 (Macintosh; Intel Mac OS X 10.15; rv:103.0) Gecko/20100101 Firefox/103.0"
85.25.185.196 - - [27/Dec/2022:04:07:34 +0100] "GET /PodCast/Boschpochrank?action=edit HTTP/1.1" 200 8706 "-" "Mozilla/5.0 (Macintosh; Intel Mac OS X 10.15; rv:103.0) Gecko/20100101 Firefox/103.0"
54.163.49.212 - - [27/Dec/2022:04:08:01 +0100] "GET /PodCast/IndexPage?action=rss HTTP/1.1" 200 6298 "-" "PlayerFM/1.0 Podcast Sync (1 subscribers; url=https://player.fm/series/podcast-2872909)"
85.25.185.196 - - [27/Dec/2022:04:08:54 +0100] "GET /PodCast/Ynachte2?action=edit HTTP/1.1" 200 8638 "-" "Mozilla/5.0 (Macintosh; Intel Mac OS X 10.15; rv:103.0) Gecko/20100101 Firefox/103.0"
85.25.185.196 - - [27/Dec/2022:04:09:50 +0100] "GET /PodCast/Boschpochrank?action=upload HTTP/1.1" 200 8606 "-" "Mozilla/5.0 (Macintosh; Intel Mac OS X 10.15; rv:103.0) Gecko/20100101 Firefox/103.0"
85.25.185.196 - - [27/Dec/2022:04:10:51 +0100] "GET /PodCast/Boschpochrank?action=diff HTTP/1.1" 200 14055 "-" "Mozilla/5.0 (Macintosh; Intel Mac OS X 10.15; rv:103.0) Gecko/20100101 Firefox/103.0"
85.25.185.196 - - [27/Dec/2022:04:12:30 +0100] "GET /PodCast/Ynachte2?action=diff HTTP/1.1" 200 21273 "-" "Mozilla/5.0 (Macintosh; Intel Mac OS X 10.15; rv:103.0) Gecko/20100101 Firefox/103.0"
85.25.185.196 - - [27/Dec/2022:04:13:46 +0100] "GET /PodCast/Glawbessund?action=edit HTTP/1.1" 200 8678 "-" "Mozilla/5.0 (Macintosh; Intel Mac OS X 10.15; rv:103.0) Gecko/20100101 Firefox/103.0"
85.25.185.196 - - [27/Dec/2022:04:14:33 +0100] "GET /PodCast/Glawbessund?action=upload HTTP/1.1" 200 8578 "-" "Mozilla/5.0 (Macintosh; Intel Mac OS X 10.15; rv:103.0) Gecko/20100101 Firefox/103.0"
85.25.185.196 - - [27/Dec/2022:04:15:07 +0100] "GET /PodCast/Glawbessund?action=diff HTTP/1.1" 200 51337 "-" "Mozilla/5.0 (Macintosh; Intel Mac OS X 10.15; rv:103.0) Gecko/20100101 Firefox/103.0"
85.25.185.196 - - [27/Dec/2022:04:16:51 +0100] "GET /PodCast/SprForKom?action=diff HTTP/1.1" 200 10536 "-" "Mozilla/5.0 (Macintosh; Intel Mac OS X 10.15; rv:103.0) Gecko/20100101 Firefox/103.0"
85.25.185.196 - - [27/Dec/2022:04:18:54 +0100] "GET /PodCast/SprForKom?action=upload HTTP/1.1" 200 8554 "-" "Mozilla/5.0 (Macintosh; Intel Mac OS X 10.15; rv:103.0) Gecko/20100101 Firefox/103.0"
216.244.66.243 - - [27/Dec/2022:04:19:44 +0100] "GET /PmWikiHu/Alapok HTTP/1.1" 200 9981 "-" "Mozilla/5.0 (compatible; DotBot/1.2; +https://opensiteexplorer.org/dotbot; help@moz.com)"
85.25.185.196 - - [27/Dec/2022:04:21:06 +0100] "GET /PodCast/Poutschology?action=upload HTTP/1.1" 200 8592 "-" "Mozilla/5.0 (Macintosh; Intel Mac OS X 10.15; rv:103.0) Gecko/20100101 Firefox/103.0"
52.213.0.164 - - [27/Dec/2022:04:22:43 +0100] "GET / HTTP/1.1" 200 15085 "-" "Mozilla/5.0 (Macintosh; Intel Mac OS X 10.15; rv:81.0) Gecko/20100101 Firefox/81.0"
85.25.185.196 - - [27/Dec/2022:04:22:58 +0100] "GET /PodCast/Poutschology?action=diff HTTP/1.1" 200 32288 "-" "Mozilla/5.0 (Macintosh; Intel Mac OS X 10.15; rv:103.0) Gecko/20100101 Firefox/103.0"
85.25.185.196 - - [27/Dec/2022:04:24:23 +0100] "GET /PodCast/Poutschology?action=edit HTTP/1.1" 200 8692 "-" "Mozilla/5.0 (Macintosh; Intel Mac OS X 10.15; rv:103.0) Gecko/20100101 Firefox/103.0"
40.77.167.74 - - [27/Dec/2022:04:25:12 +0100] "GET /PodCast/Prometheus HTTP/1.1" 200 12520 "-" "Mozilla/5.0 (compatible; bingbot/2.0; +http://www.bing.com/bingbot.htm)"
