85.25.177.139 - - [02/Nov/2022:10:40:43 +0100] "GET /PodCast/Limerick35?action=diff HTTP/1.1" 200 11280 "-" "Mozilla/5.0 (Macintosh; Intel Mac OS X 10.15; rv:103.0) Gecko/20100101 Firefox/103.0"
85.25.177.139 - - [02/Nov/2022:10:42:22 +0100] "GET /PodCast/Limerick35?action=upload HTTP/1.1" 200 8566 "-" "Mozilla/5.0 (Macintosh; Intel Mac OS X 10.15; rv:103.0) Gecko/20100101 Firefox/103.0"
216.244.66.243 - - [02/Nov/2022:10:42:33 +0100] "GET /PmWiki/Search HTTP/1.1" 200 14204 "-" "Mozilla/5.0 (compatible; DotBot/1.2; +https://opensiteexplorer.org/dotbot; help@moz.com)"
85.25.177.139 - - [02/Nov/2022:10:44:43 +0100] "GET /PodCast/Limerick35?action=edit HTTP/1.1" 200 8666 "-" "Mozilla/5.0 (Macintosh; Intel Mac OS X 10.15; rv:103.0) Gecko/20100101 Firefox/103.0"
85.25.177.139 - - [02/Nov/2022:10:46:18 +0100] "GET /PodCast/Poutschology?action=upload HTTP/1.1" 200 8592 "-" "Mozilla/5.0 (Macintosh; Intel Mac OS X 10.15; rv:103.0) Gecko/20100101 Firefox/103.0"
85.25.177.139 - - [02/Nov/2022:10:47:15 +0100] "GET /PodCast/Redeleere?action=upload HTTP/1.1" 200 8550 "-" "Mozilla/5.0 (Macintosh; Intel Mac OS X 10.15; rv:103.0) Gecko/20100101 Firefox/103.0"
85.25.177.139 - - [02/Nov/2022:10:49:52 +0100] "GET /PodCast/Sidereuhsli?action=edit HTTP/1.1" 200 8678 "-" "Mozilla/5.0 (Macintosh; Intel Mac OS X 10.15; rv:103.0) Gecko/20100101 Firefox/103.0"
85.25.177.139 - - [02/Nov/2022:10:51:22 +0100] "GET /PodCast/Poutschology?action=diff HTTP/1.1" 200 32288 "-" "Mozilla/5.0 (Macintosh; Intel Mac OS X 10.15; rv:103.0) Gecko/20100101 Firefox/103.0"
85.25.177.139 - - [02/Nov/2022:10:53:16 +0100] "GET /PodCast/Poutschology?action=edit HTTP/1.1" 200 8692 "-" "Mozilla/5.0 (Macintosh; Intel Mac OS X 10.15; rv:103.0) Gecko/20100101 Firefox/103.0"
85.25.177.139 - - [02/Nov/2022:10:54:34 +0100] "GET /PodCast/Roman3?action=edit&restore=diff:1179129722:1179128932:&preview=y HTTP/1.1" 200 8656 "-" "Mozilla/5.0 (Macintosh; Intel Mac OS X 10.15; rv:103.0) Gecko/20100101 Firefox/103.0"
85.25.177.139 - - [02/Nov/2022:10:55:43 +0100] "GET /PodCast/Roman3?action=diff&source=n&minor=y HTTP/1.1" 200 19432 "-" "Mozilla/5.0 (Macintosh; Intel Mac OS X 10.15; rv:103.0) Gecko/20100101 Firefox/103.0"
85.25.177.139 - - [02/Nov/2022:10:57:38 +0100] "GET /PodCast/Roman3?action=edit&restore=diff:1179131098:1179131007:&preview=y HTTP/1.1" 200 8656 "-" "Mozilla/5.0 (Macintosh; Intel Mac OS X 10.15; rv:103.0) Gecko/20100101 Firefox/103.0"
194.209.200.2 - - [02/Nov/2022:10:59:40 +0100] "GET /robots.txt HTTP/1.1" 200 - "-" "Mozilla/5.0 (compatible; TMMBot/0.2; +http://www.dslab.ch)/Nutch-1.15"
194.209.200.2 - - [02/Nov/2022:10:59:40 +0100] "GET /Texte/Schrybwys HTTP/1.1" 200 11028 "-" "Mozilla/5.0 (compatible; TMMBot/0.2; +http://www.dslab.ch)/Nutch-1.15"
85.25.177.139 - - [02/Nov/2022:11:00:09 +0100] "GET /PodCast/Roman3?action=edit&restore=diff:1179128932:1179128932:&preview=y HTTP/1.1" 200 8656 "-" "Mozilla/5.0 (Macintosh; Intel Mac OS X 10.15; rv:103.0) Gecko/20100101 Firefox/103.0"
194.209.200.2 - - [02/Nov/2022:11:00:46 +0100] "GET /Texte/GDicht HTTP/1.1" 200 8050 "-" "Mozilla/5.0 (compatible; TMMBot/0.2; +http://www.dslab.ch)/Nutch-1.15"
85.25.177.139 - - [02/Nov/2022:11:01:20 +0100] "GET /PodCast/Sidereuhsli?action=upload HTTP/1.1" 200 8578 "-" "Mozilla/5.0 (Macintosh; Intel Mac OS X 10.15; rv:103.0) Gecko/20100101 Firefox/103.0"
194.209.200.2 - - [02/Nov/2022:11:01:29 +0100] "GET /Texte/Metamorphoses HTTP/1.1" 200 9045 "-" "Mozilla/5.0 (compatible; TMMBot/0.2; +http://www.dslab.ch)/Nutch-1.15"
3.216.185.164 - - [02/Nov/2022:11:01:42 +0100] "GET /PodCast/IndexPage?action=rss HTTP/1.1" 200 6298 "-" "PocketCasts/1.0 (Pocket Casts Feed Parser; +http://pocketcasts.com/)"
85.25.177.139 - - [02/Nov/2022:11:03:18 +0100] "GET /PodCast/Sidereuhsli?action=diff HTTP/1.1" 200 14677 "-" "Mozilla/5.0 (Macintosh; Intel Mac OS X 10.15; rv:103.0) Gecko/20100101 Firefox/103.0"
85.25.177.139 - - [02/Nov/2022:11:05:33 +0100] "GET /PodCast/Roman3?action=edit&restore=diff:1179130627:1179129722:&preview=y HTTP/1.1" 200 8656 "-" "Mozilla/5.0 (Macintosh; Intel Mac OS X 10.15; rv:103.0) Gecko/20100101 Firefox/103.0"
85.25.177.139 - - [02/Nov/2022:11:06:35 +0100] "GET /PodCast/JBJ702?action=edit HTTP/1.1" 200 8610 "-" "Mozilla/5.0 (Macintosh; Intel Mac OS X 10.15; rv:103.0) Gecko/20100101 Firefox/103.0"
85.25.177.139 - - [02/Nov/2022:11:08:18 +0100] "GET /PodCast/JBJ702?action=diff HTTP/1.1" 200 26659 "-" "Mozilla/5.0 (Macintosh; Intel Mac OS X 10.15; rv:103.0) Gecko/20100101 Firefox/103.0"
85.25.177.139 - - [02/Nov/2022:11:10:46 +0100] "GET /PodCast/JBJ702?action=upload HTTP/1.1" 200 8510 "-" "Mozilla/5.0 (Macintosh; Intel Mac OS X 10.15; rv:103.0) Gecko/20100101 Firefox/103.0"
85.25.177.139 - - [02/Nov/2022:11:12:09 +0100] "GET /PodCast/DreiChunge?action=upload HTTP/1.1" 200 8566 "-" "Mozilla/5.0 (Macintosh; Intel Mac OS X 10.15; rv:103.0) Gecko/20100101 Firefox/103.0"
85.25.177.139 - - [02/Nov/2022:11:14:12 +0100] "GET /Site/WGA3FrejersfuSs?action=print HTTP/1.1" 404 2409 "-" "Mozilla/5.0 (Macintosh; Intel Mac OS X 10.15; rv:103.0) Gecko/20100101 Firefox/103.0"
66.249.76.220 - - [02/Nov/2022:11:14:32 +0100] "GET /PodCast/IndexPage?action=rss HTTP/1.1" 200 6298 "-" "Mozilla/5.0 (compatible; Googlebot/2.1; +http://www.google.com/bot.html)"
85.25.177.139 - - [02/Nov/2022:11:16:17 +0100] "GET /Site/WGA3FrejersfuSs?action=diff HTTP/1.1" 200 9270 "-" "Mozilla/5.0 (Macintosh; Intel Mac OS X 10.15; rv:103.0) Gecko/20100101 Firefox/103.0"
85.25.177.139 - - [02/Nov/2022:11:18:20 +0100] "GET /PodCast/Amor?action=edit HTTP/1.1" 200 8580 "-" "Mozilla/5.0 (Macintosh; Intel Mac OS X 10.15; rv:103.0) Gecko/20100101 Firefox/103.0"
85.25.177.139 - - [02/Nov/2022:11:20:02 +0100] "GET /Site/112Stans1481?action=edit HTTP/1.1" 200 8653 "-" "Mozilla/5.0 (Macintosh; Intel Mac OS X 10.15; rv:103.0) Gecko/20100101 Firefox/103.0"
216.244.66.243 - - [02/Nov/2022:11:20:50 +0100] "GET /robots.txt HTTP/1.1" 200 - "-" "Mozilla/5.0 (compatible; DotBot/1.2; +https://opensiteexplorer.org/dotbot; help@moz.com)"
85.25.177.139 - - [02/Nov/2022:11:21:20 +0100] "GET /Site/112Stans1481?action=upload HTTP/1.1" 200 8553 "-" "Mozilla/5.0 (Macintosh; Intel Mac OS X 10.15; rv:103.0) Gecko/20100101 Firefox/103.0"
85.25.177.139 - - [02/Nov/2022:11:24:06 +0100] "GET /Site/112Stans1481?action=diff HTTP/1.1" 200 20285 "-" "Mozilla/5.0 (Macintosh; Intel Mac OS X 10.15; rv:103.0) Gecko/20100101 Firefox/103.0"
85.25.177.139 - - [02/Nov/2022:11:25:41 +0100] "GET /PodCast/JBJ301?action=upload HTTP/1.1" 200 8510 "-" "Mozilla/5.0 (Macintosh; Intel Mac OS X 10.15; rv:103.0) Gecko/20100101 Firefox/103.0"
85.25.177.139 - - [02/Nov/2022:11:27:01 +0100] "GET /PodCast/Amor?action=diff HTTP/1.1" 200 17396 "-" "Mozilla/5.0 (Macintosh; Intel Mac OS X 10.15; rv:103.0) Gecko/20100101 Firefox/103.0"
85.25.177.139 - - [02/Nov/2022:11:28:52 +0100] "GET /PodCast/JBJ301?action=edit HTTP/1.1" 200 8610 "-" "Mozilla/5.0 (Macintosh; Intel Mac OS X 10.15; rv:103.0) Gecko/20100101 Firefox/103.0"
85.25.177.139 - - [02/Nov/2022:11:29:44 +0100] "GET /PodCast/JBJ301?action=diff HTTP/1.1" 200 48541 "-" "Mozilla/5.0 (Macintosh; Intel Mac OS X 10.15; rv:103.0) Gecko/20100101 Firefox/103.0"
85.25.177.139 - - [02/Nov/2022:11:31:36 +0100] "GET /PodCast/Freuidechrafft?action=edit HTTP/1.1" 200 8720 "-" "Mozilla/5.0 (Macintosh; Intel Mac OS X 10.15; rv:103.0) Gecko/20100101 Firefox/103.0"
85.25.177.139 - - [02/Nov/2022:11:33:45 +0100] "GET /PodCast/Freuidechrafft?action=diff HTTP/1.1" 200 18874 "-" "Mozilla/5.0 (Macintosh; Intel Mac OS X 10.15; rv:103.0) Gecko/20100101 Firefox/103.0"
85.25.177.139 - - [02/Nov/2022:11:36:06 +0100] "GET /PodCast/Freuidechrafft?action=upload HTTP/1.1" 200 8620 "-" "Mozilla/5.0 (Macintosh; Intel Mac OS X 10.15; rv:103.0) Gecko/20100101 Firefox/103.0"
85.25.177.139 - - [02/Nov/2022:11:37:54 +0100] "GET /Site/71Mourte1476?action=diff HTTP/1.1" 200 21403 "-" "Mozilla/5.0 (Macintosh; Intel Mac OS X 10.15; rv:103.0) Gecko/20100101 Firefox/103.0"
216.244.66.243 - - [02/Nov/2022:11:39:16 +0100] "GET /PmWiki/PageVariables HTTP/1.1" 200 24883 "-" "Mozilla/5.0 (compatible; DotBot/1.2; +https://opensiteexplorer.org/dotbot; help@moz.com)"
85.25.177.139 - - [02/Nov/2022:11:40:20 +0100] "GET /PodCast/Limerick34?action=edit HTTP/1.1" 200 8666 "-" "Mozilla/5.0 (Macintosh; Intel Mac OS X 10.15; rv:103.0) Gecko/20100101 Firefox/103.0"
185.191.171.8 - - [02/Nov/2022:11:41:29 +0100] "GET /robots.txt HTTP/1.1" 200 - "-" "Mozilla/5.0 (compatible; SemrushBot/7~bl; +http://www.semrush.com/bot.html)"
185.191.171.9 - - [02/Nov/2022:11:41:29 +0100] "GET /PmWikiFr/AvailableActions HTTP/1.1" 200 12735 "-" "Mozilla/5.0 (compatible; SemrushBot/7~bl; +http://www.semrush.com/bot.html)"
85.25.177.139 - - [02/Nov/2022:11:41:44 +0100] "GET /Site/71Mourte1476?action=upload HTTP/1.1" 200 8553 "-" "Mozilla/5.0 (Macintosh; Intel Mac OS X 10.15; rv:103.0) Gecko/20100101 Firefox/103.0"
85.25.177.139 - - [02/Nov/2022:11:43:44 +0100] "GET /PodCast/Limerick34?action=diff HTTP/1.1" 200 9793 "-" "Mozilla/5.0 (Macintosh; Intel Mac OS X 10.15; rv:103.0) Gecko/20100101 Firefox/103.0"
85.25.177.139 - - [02/Nov/2022:11:45:20 +0100] "GET /PodCast/Amor?action=upload HTTP/1.1" 200 8480 "-" "Mozilla/5.0 (Macintosh; Intel Mac OS X 10.15; rv:103.0) Gecko/20100101 Firefox/103.0"
85.25.177.139 - - [02/Nov/2022:11:47:20 +0100] "GET /PodCast/RURAkt2TIl4?action=edit HTTP/1.1" 200 8688 "-" "Mozilla/5.0 (Macintosh; Intel Mac OS X 10.15; rv:103.0) Gecko/20100101 Firefox/103.0"
85.25.177.139 - - [02/Nov/2022:11:49:14 +0100] "GET /PodCast/RURAkt2TIl4?action=diff HTTP/1.1" 200 33714 "-" "Mozilla/5.0 (Macintosh; Intel Mac OS X 10.15; rv:103.0) Gecko/20100101 Firefox/103.0"
85.25.177.139 - - [02/Nov/2022:11:51:14 +0100] "GET /PodCast/Limerick34?action=upload HTTP/1.1" 200 8566 "-" "Mozilla/5.0 (Macintosh; Intel Mac OS X 10.15; rv:103.0) Gecko/20100101 Firefox/103.0"
85.25.177.139 - - [02/Nov/2022:11:53:08 +0100] "GET /PodCast/RURAkt2TIl1?action=edit HTTP/1.1" 200 8688 "-" "Mozilla/5.0 (Macintosh; Intel Mac OS X 10.15; rv:103.0) Gecko/20100101 Firefox/103.0"
85.25.177.139 - - [02/Nov/2022:11:54:47 +0100] "GET /PodCast/Buecherbrand2?action=edit HTTP/1.1" 200 8708 "-" "Mozilla/5.0 (Macintosh; Intel Mac OS X 10.15; rv:103.0) Gecko/20100101 Firefox/103.0"
85.25.177.139 - - [02/Nov/2022:11:57:07 +0100] "GET /PodCast/UberGebuure?action=upload HTTP/1.1" 200 8580 "-" "Mozilla/5.0 (Macintosh; Intel Mac OS X 10.15; rv:103.0) Gecko/20100101 Firefox/103.0"
85.25.177.139 - - [02/Nov/2022:11:59:24 +0100] "GET /PodCast/Buecherbrand2?action=diff HTTP/1.1" 200 20998 "-" "Mozilla/5.0 (Macintosh; Intel Mac OS X 10.15; rv:103.0) Gecko/20100101 Firefox/103.0"
85.25.177.139 - - [02/Nov/2022:12:00:57 +0100] "GET /PodCast/Buecherbrand2?action=upload HTTP/1.1" 200 8608 "-" "Mozilla/5.0 (Macintosh; Intel Mac OS X 10.15; rv:103.0) Gecko/20100101 Firefox/103.0"
54.36.148.137 - - [02/Nov/2022:12:01:16 +0100] "GET / HTTP/1.1" 200 15085 "-" "Mozilla/5.0 (compatible; AhrefsBot/7.0; +http://ahrefs.com/robot/)"
194.209.200.2 - - [02/Nov/2022:12:03:33 +0100] "GET /robots.txt HTTP/1.1" 200 - "-" "Mozilla/5.0 (compatible; TMMBot/0.2; +http://www.dslab.ch)/Nutch-1.15"
194.209.200.2 - - [02/Nov/2022:12:03:33 +0100] "GET /Texte/Limericks HTTP/1.1" 200 8087 "-" "Mozilla/5.0 (compatible; TMMBot/0.2; +http://www.dslab.ch)/Nutch-1.15"
194.209.200.2 - - [02/Nov/2022:12:03:37 +0100] "GET /Texte/Schrybwys HTTP/1.1" 200 11028 "-" "Mozilla/5.0 (compatible; TMMBot/0.2; +http://www.dslab.ch)/Nutch-1.15"
85.25.177.139 - - [02/Nov/2022:12:03:49 +0100] "GET /Site/21Baadstoube?action=diff HTTP/1.1" 200 21248 "-" "Mozilla/5.0 (Macintosh; Intel Mac OS X 10.15; rv:103.0) Gecko/20100101 Firefox/103.0"
194.209.200.2 - - [02/Nov/2022:12:04:41 +0100] "GET /Texte/GDicht HTTP/1.1" 200 8050 "-" "Mozilla/5.0 (compatible; TMMBot/0.2; +http://www.dslab.ch)/Nutch-1.15"
194.209.200.2 - - [02/Nov/2022:12:05:23 +0100] "GET /Texte/Metamorphoses HTTP/1.1" 200 9045 "-" "Mozilla/5.0 (compatible; TMMBot/0.2; +http://www.dslab.ch)/Nutch-1.15"
85.25.177.139 - - [02/Nov/2022:12:05:50 +0100] "GET /PodCast/Schlaaffloos1?action=upload HTTP/1.1" 200 8608 "-" "Mozilla/5.0 (Macintosh; Intel Mac OS X 10.15; rv:103.0) Gecko/20100101 Firefox/103.0"
85.25.177.139 - - [02/Nov/2022:12:07:41 +0100] "GET /PodCast/UberGebuure?action=edit HTTP/1.1" 200 8680 "-" "Mozilla/5.0 (Macintosh; Intel Mac OS X 10.15; rv:103.0) Gecko/20100101 Firefox/103.0"
85.25.177.139 - - [02/Nov/2022:12:09:49 +0100] "GET /PodCast/Schlaaffloos1?action=edit HTTP/1.1" 200 8708 "-" "Mozilla/5.0 (Macintosh; Intel Mac OS X 10.15; rv:103.0) Gecko/20100101 Firefox/103.0"
185.191.171.2 - - [02/Nov/2022:12:11:35 +0100] "GET /PmWikiFr/InitialSetupTasks HTTP/1.1" 200 13334 "-" "Mozilla/5.0 (compatible; SemrushBot/7~bl; +http://www.semrush.com/bot.html)"
85.25.177.139 - - [02/Nov/2022:12:11:40 +0100] "GET /Site/21Baadstoube?action=edit HTTP/1.1" 200 8651 "-" "Mozilla/5.0 (Macintosh; Intel Mac OS X 10.15; rv:103.0) Gecko/20100101 Firefox/103.0"
66.249.76.222 - - [02/Nov/2022:12:11:48 +0100] "GET /PodCast/IndexPage?action=rss HTTP/1.1" 200 6298 "-" "Mozilla/5.0 (compatible; Googlebot/2.1; +http://www.google.com/bot.html)"
85.25.177.139 - - [02/Nov/2022:12:12:54 +0100] "GET /PodCast/SprForKom?action=upload HTTP/1.1" 200 8554 "-" "Mozilla/5.0 (Macintosh; Intel Mac OS X 10.15; rv:103.0) Gecko/20100101 Firefox/103.0"
185.191.171.1 - - [02/Nov/2022:12:14:39 +0100] "GET /PmWikiRu/PageFileFormat HTTP/1.1" 200 14710 "-" "Mozilla/5.0 (compatible; SemrushBot/7~bl; +http://www.semrush.com/bot.html)"
85.25.177.139 - - [02/Nov/2022:12:16:14 +0100] "GET /PodCast/UberGebuure?action=diff HTTP/1.1" 200 18304 "-" "Mozilla/5.0 (Macintosh; Intel Mac OS X 10.15; rv:103.0) Gecko/20100101 Firefox/103.0"
85.25.177.139 - - [02/Nov/2022:12:17:45 +0100] "GET /PodCast/SprForKom?action=diff HTTP/1.1" 200 10536 "-" "Mozilla/5.0 (Macintosh; Intel Mac OS X 10.15; rv:103.0) Gecko/20100101 Firefox/103.0"
85.25.177.139 - - [02/Nov/2022:12:20:10 +0100] "GET /Site/21Baadstoube?action=upload HTTP/1.1" 200 8551 "-" "Mozilla/5.0 (Macintosh; Intel Mac OS X 10.15; rv:103.0) Gecko/20100101 Firefox/103.0"
40.77.167.74 - - [02/Nov/2022:12:20:21 +0100] "GET /PmWiki/Skins HTTP/1.1" 200 22575 "-" "Mozilla/5.0 (compatible; bingbot/2.0; +http://www.bing.com/bingbot.htm)"
85.25.177.139 - - [02/Nov/2022:12:22:03 +0100] "GET /PodCast/Schlaaffloos1?action=diff HTTP/1.1" 200 18758 "-" "Mozilla/5.0 (Macintosh; Intel Mac OS X 10.15; rv:103.0) Gecko/20100101 Firefox/103.0"
216.244.66.243 - - [02/Nov/2022:12:22:52 +0100] "GET /robots.txt HTTP/1.1" 200 - "-" "Mozilla/5.0 (compatible; DotBot/1.2; +https://opensiteexplorer.org/dotbot; help@moz.com)"
85.25.177.139 - - [02/Nov/2022:12:26:15 +0100] "GET /PodCast/PodCastJissai?action=upload HTTP/1.1" 200 8610 "-" "Mozilla/5.0 (Macintosh; Intel Mac OS X 10.15; rv:103.0) Gecko/20100101 Firefox/103.0"
85.25.177.139 - - [02/Nov/2022:12:28:19 +0100] "GET /PodCast/PodCastJissai?action=diff HTTP/1.1" 200 20282 "-" "Mozilla/5.0 (Macintosh; Intel Mac OS X 10.15; rv:103.0) Gecko/20100101 Firefox/103.0"
85.25.177.139 - - [02/Nov/2022:12:30:32 +0100] "GET /PodCast/Hafering?action=edit HTTP/1.1" 200 8636 "-" "Mozilla/5.0 (Macintosh; Intel Mac OS X 10.15; rv:103.0) Gecko/20100101 Firefox/103.0"
85.25.177.139 - - [02/Nov/2022:12:32:35 +0100] "GET /PodCast/Hafering?action=diff HTTP/1.1" 200 20663 "-" "Mozilla/5.0 (Macintosh; Intel Mac OS X 10.15; rv:103.0) Gecko/20100101 Firefox/103.0"
85.25.177.139 - - [02/Nov/2022:12:34:50 +0100] "GET /PodCast/PodCastJissai?action=edit HTTP/1.1" 200 8710 "-" "Mozilla/5.0 (Macintosh; Intel Mac OS X 10.15; rv:103.0) Gecko/20100101 Firefox/103.0"
85.25.177.139 - - [02/Nov/2022:12:37:20 +0100] "GET /PodCast/PodCastJissai?action=print HTTP/1.1" 200 8710 "-" "Mozilla/5.0 (Macintosh; Intel Mac OS X 10.15; rv:103.0) Gecko/20100101 Firefox/103.0"
85.25.177.139 - - [02/Nov/2022:12:39:00 +0100] "GET /Site/123Sitkouscht1482?action=print HTTP/1.1" 200 9665 "-" "Mozilla/5.0 (Macintosh; Intel Mac OS X 10.15; rv:103.0) Gecko/20100101 Firefox/103.0"
85.25.177.139 - - [02/Nov/2022:12:40:18 +0100] "GET /Site/123Sitkouscht1482?action=diff HTTP/1.1" 200 20045 "-" "Mozilla/5.0 (Macintosh; Intel Mac OS X 10.15; rv:103.0) Gecko/20100101 Firefox/103.0"
3.216.185.164 - - [02/Nov/2022:12:40:36 +0100] "GET /PodCast/IndexPage?action=rss HTTP/1.1" 200 6298 "-" "PocketCasts/1.0 (Pocket Casts Feed Parser; +http://pocketcasts.com/)"
216.244.66.243 - - [02/Nov/2022:12:41:38 +0100] "GET /PmWiki/CustomWikiStyles HTTP/1.1" 200 19796 "-" "Mozilla/5.0 (compatible; DotBot/1.2; +https://opensiteexplorer.org/dotbot; help@moz.com)"
85.25.177.139 - - [02/Nov/2022:12:43:34 +0100] "GET /Site/123Sitkouscht1482?action=upload HTTP/1.1" 200 8623 "-" "Mozilla/5.0 (Macintosh; Intel Mac OS X 10.15; rv:103.0) Gecko/20100101 Firefox/103.0"
85.25.177.139 - - [02/Nov/2022:12:45:32 +0100] "GET /PodCast/Hafering?action=upload HTTP/1.1" 200 8536 "-" "Mozilla/5.0 (Macintosh; Intel Mac OS X 10.15; rv:103.0) Gecko/20100101 Firefox/103.0"
85.25.177.139 - - [02/Nov/2022:12:47:08 +0100] "GET /Site/123Sitkouscht1482?action=edit HTTP/1.1" 200 8723 "-" "Mozilla/5.0 (Macintosh; Intel Mac OS X 10.15; rv:103.0) Gecko/20100101 Firefox/103.0"
85.25.177.139 - - [02/Nov/2022:12:49:19 +0100] "GET /PodCast/Parys070115?action=diff HTTP/1.1" 200 11704 "-" "Mozilla/5.0 (Macintosh; Intel Mac OS X 10.15; rv:103.0) Gecko/20100101 Firefox/103.0"
85.25.177.139 - - [02/Nov/2022:12:51:36 +0100] "GET /PodCast/Parys070115?action=print HTTP/1.1" 200 2848 "-" "Mozilla/5.0 (Macintosh; Intel Mac OS X 10.15; rv:103.0) Gecko/20100101 Firefox/103.0"
85.25.177.139 - - [02/Nov/2022:12:53:43 +0100] "GET /PodCast/Parys070115?action=upload HTTP/1.1" 200 8580 "-" "Mozilla/5.0 (Macintosh; Intel Mac OS X 10.15; rv:103.0) Gecko/20100101 Firefox/103.0"
85.25.177.139 - - [02/Nov/2022:12:55:44 +0100] "GET /PodCast/Parys070115?action=edit HTTP/1.1" 200 8680 "-" "Mozilla/5.0 (Macintosh; Intel Mac OS X 10.15; rv:103.0) Gecko/20100101 Firefox/103.0"
85.25.177.139 - - [02/Nov/2022:12:57:33 +0100] "GET /PodCast/DryzaateFebrouar2011?action=edit HTTP/1.1" 200 8808 "-" "Mozilla/5.0 (Macintosh; Intel Mac OS X 10.15; rv:103.0) Gecko/20100101 Firefox/103.0"
85.25.177.139 - - [02/Nov/2022:12:59:38 +0100] "GET /PodCast/Ynachte2?action=edit HTTP/1.1" 200 8638 "-" "Mozilla/5.0 (Macintosh; Intel Mac OS X 10.15; rv:103.0) Gecko/20100101 Firefox/103.0"
65.108.6.34 - - [02/Nov/2022:12:59:44 +0100] "GET /robots.txt HTTP/1.1" 200 - "-" "Mozilla/5.0 (compatible; SEOkicks; +https://www.seokicks.de/robot.html)"
65.108.6.34 - - [02/Nov/2022:12:59:45 +0100] "GET / HTTP/1.1" 200 15085 "-" "Mozilla/5.0 (compatible; SEOkicks; +https://www.seokicks.de/robot.html)"
65.108.6.34 - - [02/Nov/2022:12:59:46 +0100] "GET /GNU/Emacs HTTP/1.1" 404 8101 "http://www.pro-zurituutsch.ch/" "Mozilla/5.0 (compatible; SEOkicks; +https://www.seokicks.de/robot.html)"
65.108.6.34 - - [02/Nov/2022:12:59:48 +0100] "GET /PodCast/IndexPage?action=rss HTTP/1.1" 200 6298 "http://www.pro-zurituutsch.ch/" "Mozilla/5.0 (compatible; SEOkicks; +https://www.seokicks.de/robot.html)"
65.108.6.34 - - [02/Nov/2022:12:59:49 +0100] "GET /PodCast/IndexPage HTTP/1.1" 200 32587 "http://www.pro-zurituutsch.ch/PodCast/IndexPage?action=rss" "Mozilla/5.0 (compatible; SEOkicks; +https://www.seokicks.de/robot.html)"
65.108.6.34 - - [02/Nov/2022:12:59:50 +0100] "GET /PodCast/PodCast.IndexPage HTTP/1.1" 404 264 "http://www.pro-zurituutsch.ch/PodCast/IndexPage?action=rss" "Mozilla/5.0 (compatible; SEOkicks; +https://www.seokicks.de/robot.html)"
65.108.6.34 - - [02/Nov/2022:12:59:52 +0100] "GET /PodCast/Wistaria02 HTTP/1.1" 200 16370 "http://www.pro-zurituutsch.ch/PodCast/IndexPage?action=rss" "Mozilla/5.0 (compatible; SEOkicks; +https://www.seokicks.de/robot.html)"
65.108.6.34 - - [02/Nov/2022:12:59:53 +0100] "GET /PodCast/Wistaria01 HTTP/1.1" 200 23568 "http://www.pro-zurituutsch.ch/PodCast/IndexPage?action=rss" "Mozilla/5.0 (compatible; SEOkicks; +https://www.seokicks.de/robot.html)"
65.108.6.34 - - [02/Nov/2022:12:59:54 +0100] "GET /PodCast/Apvantyv HTTP/1.1" 200 11346 "http://www.pro-zurituutsch.ch/PodCast/IndexPage?action=rss" "Mozilla/5.0 (compatible; SEOkicks; +https://www.seokicks.de/robot.html)"
65.108.6.34 - - [02/Nov/2022:12:59:55 +0100] "GET /PodCast/Limerick35 HTTP/1.1" 200 8268 "http://www.pro-zurituutsch.ch/PodCast/IndexPage?action=rss" "Mozilla/5.0 (compatible; SEOkicks; +https://www.seokicks.de/robot.html)"
85.25.177.139 - - [02/Nov/2022:13:01:36 +0100] "GET /PodCast/Ynachte2?action=diff HTTP/1.1" 200 21273 "-" "Mozilla/5.0 (Macintosh; Intel Mac OS X 10.15; rv:103.0) Gecko/20100101 Firefox/103.0"
85.25.177.139 - - [02/Nov/2022:13:03:32 +0100] "GET /Site/Leerbouech?action=upload HTTP/1.1" 200 8521 "-" "Mozilla/5.0 (Macintosh; Intel Mac OS X 10.15; rv:103.0) Gecko/20100101 Firefox/103.0"
85.25.177.139 - - [02/Nov/2022:13:05:12 +0100] "GET /PodCast/DryzaateFebrouar2011?action=upload HTTP/1.1" 200 8708 "-" "Mozilla/5.0 (Macintosh; Intel Mac OS X 10.15; rv:103.0) Gecko/20100101 Firefox/103.0"
185.191.171.44 - - [02/Nov/2022:13:06:39 +0100] "GET /robots.txt HTTP/1.1" 200 - "-" "Mozilla/5.0 (compatible; SemrushBot/7~bl; +http://www.semrush.com/bot.html)"
185.191.171.34 - - [02/Nov/2022:13:06:39 +0100] "GET /PmWikiFr/Links HTTP/1.1" 200 16624 "-" "Mozilla/5.0 (compatible; SemrushBot/7~bl; +http://www.semrush.com/bot.html)"
85.25.177.139 - - [02/Nov/2022:13:07:50 +0100] "GET /Site/Leerbouech?action=print HTTP/1.1" 200 4956 "-" "Mozilla/5.0 (Macintosh; Intel Mac OS X 10.15; rv:103.0) Gecko/20100101 Firefox/103.0"
85.25.177.139 - - [02/Nov/2022:13:09:47 +0100] "GET /PodCast/DryzaateFebrouar2011?action=diff HTTP/1.1" 200 11242 "-" "Mozilla/5.0 (Macintosh; Intel Mac OS X 10.15; rv:103.0) Gecko/20100101 Firefox/103.0"
85.25.177.139 - - [02/Nov/2022:13:11:39 +0100] "GET /Site/Leerbouech?action=diff HTTP/1.1" 200 15695 "-" "Mozilla/5.0 (Macintosh; Intel Mac OS X 10.15; rv:103.0) Gecko/20100101 Firefox/103.0"
85.25.177.139 - - [02/Nov/2022:13:13:45 +0100] "GET /PodCast/RURAkt1TIl5?action=upload HTTP/1.1" 200 8588 "-" "Mozilla/5.0 (Macintosh; Intel Mac OS X 10.15; rv:103.0) Gecko/20100101 Firefox/103.0"
85.25.177.139 - - [02/Nov/2022:13:15:02 +0100] "GET /PodCast/RURAkt1TIl5?action=diff HTTP/1.1" 200 23358 "-" "Mozilla/5.0 (Macintosh; Intel Mac OS X 10.15; rv:103.0) Gecko/20100101 Firefox/103.0"
66.249.76.220 - - [02/Nov/2022:13:16:20 +0100] "GET /PodCast/IndexPage?action=rss HTTP/1.1" 200 6298 "-" "Mozilla/5.0 (compatible; Googlebot/2.1; +http://www.google.com/bot.html)"
85.25.177.139 - - [02/Nov/2022:13:17:42 +0100] "GET /Site/Leerbouech?action=edit HTTP/1.1" 200 8621 "-" "Mozilla/5.0 (Macintosh; Intel Mac OS X 10.15; rv:103.0) Gecko/20100101 Firefox/103.0"
85.25.177.139 - - [02/Nov/2022:13:19:44 +0100] "GET /Site/WGA6Klynikerfaarig?action=diff HTTP/1.1" 200 19952 "-" "Mozilla/5.0 (Macintosh; Intel Mac OS X 10.15; rv:103.0) Gecko/20100101 Firefox/103.0"
85.25.177.139 - - [02/Nov/2022:13:22:18 +0100] "GET /Site/151Konschtanz1485?action=diff HTTP/1.1" 200 16908 "-" "Mozilla/5.0 (Macintosh; Intel Mac OS X 10.15; rv:103.0) Gecko/20100101 Firefox/103.0"
85.25.177.139 - - [02/Nov/2022:13:23:37 +0100] "GET /PodCast/Falschmaldig?action=print HTTP/1.1" 200 5248 "-" "Mozilla/5.0 (Macintosh; Intel Mac OS X 10.15; rv:103.0) Gecko/20100101 Firefox/103.0"
85.25.177.139 - - [02/Nov/2022:13:25:28 +0100] "GET /PodCast/Styluebige?action=edit HTTP/1.1" 200 8664 "-" "Mozilla/5.0 (Macintosh; Intel Mac OS X 10.15; rv:103.0) Gecko/20100101 Firefox/103.0"
85.25.177.139 - - [02/Nov/2022:13:28:07 +0100] "GET /Site/WGA6Klynikerfaarig?action=edit HTTP/1.1" 200 8737 "-" "Mozilla/5.0 (Macintosh; Intel Mac OS X 10.15; rv:103.0) Gecko/20100101 Firefox/103.0"
85.25.177.139 - - [02/Nov/2022:13:30:59 +0100] "GET /PodCast/Styluebige?action=print HTTP/1.1" 200 3531 "-" "Mozilla/5.0 (Macintosh; Intel Mac OS X 10.15; rv:103.0) Gecko/20100101 Firefox/103.0"
85.25.177.139 - - [02/Nov/2022:13:32:39 +0100] "GET /PodCast/Styluebige?action=diff HTTP/1.1" 200 21171 "-" "Mozilla/5.0 (Macintosh; Intel Mac OS X 10.15; rv:103.0) Gecko/20100101 Firefox/103.0"
85.25.177.139 - - [02/Nov/2022:13:34:21 +0100] "GET /PodCast/Styluebige?action=upload HTTP/1.1" 200 8564 "-" "Mozilla/5.0 (Macintosh; Intel Mac OS X 10.15; rv:103.0) Gecko/20100101 Firefox/103.0"
185.191.171.24 - - [02/Nov/2022:13:34:57 +0100] "GET /PmWikiFr/FichierDeConfiguration HTTP/1.1" 200 17177 "-" "Mozilla/5.0 (compatible; SemrushBot/7~bl; +http://www.semrush.com/bot.html)"
194.209.200.2 - - [02/Nov/2022:13:35:28 +0100] "GET /robots.txt HTTP/1.1" 200 - "-" "Mozilla/5.0 (compatible; TMMBot/0.2; +http://www.dslab.ch)/Nutch-1.15"
194.209.200.2 - - [02/Nov/2022:13:35:28 +0100] "GET /Texte/Schrybwys HTTP/1.1" 200 11028 "-" "Mozilla/5.0 (compatible; TMMBot/0.2; +http://www.dslab.ch)/Nutch-1.15"
85.25.177.139 - - [02/Nov/2022:13:36:49 +0100] "GET /PodCast/Verlaine?action=print HTTP/1.1" 200 3577 "-" "Mozilla/5.0 (Macintosh; Intel Mac OS X 10.15; rv:103.0) Gecko/20100101 Firefox/103.0"
194.209.200.2 - - [02/Nov/2022:13:36:55 +0100] "GET /Texte/GDicht HTTP/1.1" 200 8050 "-" "Mozilla/5.0 (compatible; TMMBot/0.2; +http://www.dslab.ch)/Nutch-1.15"
194.209.200.2 - - [02/Nov/2022:13:37:39 +0100] "GET /Texte/Metamorphoses HTTP/1.1" 200 9045 "-" "Mozilla/5.0 (compatible; TMMBot/0.2; +http://www.dslab.ch)/Nutch-1.15"
85.25.177.139 - - [02/Nov/2022:13:38:18 +0100] "GET /Site/WGA6Klynikerfaarig?action=print HTTP/1.1" 200 9830 "-" "Mozilla/5.0 (Macintosh; Intel Mac OS X 10.15; rv:103.0) Gecko/20100101 Firefox/103.0"
85.25.177.139 - - [02/Nov/2022:13:39:59 +0100] "GET /Site/WGA6Klynikerfaarig?action=upload HTTP/1.1" 200 8637 "-" "Mozilla/5.0 (Macintosh; Intel Mac OS X 10.15; rv:103.0) Gecko/20100101 Firefox/103.0"
85.25.177.139 - - [02/Nov/2022:13:42:20 +0100] "GET /PodCast/Verlaine?action=diff HTTP/1.1" 200 13286 "-" "Mozilla/5.0 (Macintosh; Intel Mac OS X 10.15; rv:103.0) Gecko/20100101 Firefox/103.0"
8.29.198.25 - - [02/Nov/2022:13:43:02 +0100] "GET /PodCast/IndexPage?action=rss HTTP/1.1" 200 6298 "-" "Feedly/1.0 (+http://www.feedly.com/fetcher.html; 3 subscribers; like FeedFetcher-Google)"
85.25.177.139 - - [02/Nov/2022:13:44:22 +0100] "GET /PodCast/Verlaine?action=edit HTTP/1.1" 200 8636 "-" "Mozilla/5.0 (Macintosh; Intel Mac OS X 10.15; rv:103.0) Gecko/20100101 Firefox/103.0"
85.25.177.139 - - [02/Nov/2022:13:45:56 +0100] "GET /PodCast/JBJ402?action=upload HTTP/1.1" 200 8510 "-" "Mozilla/5.0 (Macintosh; Intel Mac OS X 10.15; rv:103.0) Gecko/20100101 Firefox/103.0"
85.25.177.139 - - [02/Nov/2022:13:48:04 +0100] "GET /PodCast/JBJ402?action=print HTTP/1.1" 200 15024 "-" "Mozilla/5.0 (Macintosh; Intel Mac OS X 10.15; rv:103.0) Gecko/20100101 Firefox/103.0"
65.108.6.34 - - [02/Nov/2022:13:49:44 +0100] "GET /PodCast/Limerick34 HTTP/1.1" 200 8268 "http://www.pro-zurituutsch.ch/PodCast/IndexPage?action=rss" "Mozilla/5.0 (compatible; SEOkicks; +https://www.seokicks.de/robot.html)"
65.108.6.34 - - [02/Nov/2022:13:49:45 +0100] "GET /PodCast/UberGebuure HTTP/1.1" 200 15628 "http://www.pro-zurituutsch.ch/PodCast/IndexPage?action=rss" "Mozilla/5.0 (compatible; SEOkicks; +https://www.seokicks.de/robot.html)"
65.108.6.34 - - [02/Nov/2022:13:49:46 +0100] "GET /PodCast/Apsourdistan2 HTTP/1.1" 200 10988 "http://www.pro-zurituutsch.ch/PodCast/IndexPage?action=rss" "Mozilla/5.0 (compatible; SEOkicks; +https://www.seokicks.de/robot.html)"
65.108.6.34 - - [02/Nov/2022:13:49:47 +0100] "GET /PodCast/Limerick33 HTTP/1.1" 200 8889 "http://www.pro-zurituutsch.ch/PodCast/IndexPage?action=rss" "Mozilla/5.0 (compatible; SEOkicks; +https://www.seokicks.de/robot.html)"
65.108.6.34 - - [02/Nov/2022:13:49:49 +0100] "GET /PodCast/Falschmaldig HTTP/1.1" 200 11091 "http://www.pro-zurituutsch.ch/PodCast/IndexPage?action=rss" "Mozilla/5.0 (compatible; SEOkicks; +https://www.seokicks.de/robot.html)"
65.108.6.34 - - [02/Nov/2022:13:49:50 +0100] "GET /PodCast/AbsNov16 HTTP/1.1" 200 12438 "http://www.pro-zurituutsch.ch/PodCast/IndexPage?action=rss" "Mozilla/5.0 (compatible; SEOkicks; +https://www.seokicks.de/robot.html)"
65.108.6.34 - - [02/Nov/2022:13:49:51 +0100] "GET /Main/Home HTTP/1.1" 200 15085 "http://www.pro-zurituutsch.ch/" "Mozilla/5.0 (compatible; SEOkicks; +https://www.seokicks.de/robot.html)"
65.108.6.34 - - [02/Nov/2022:13:49:52 +0100] "GET /Main/GNU/Emacs HTTP/1.1" 404 264 "http://www.pro-zurituutsch.ch/Main/Home" "Mozilla/5.0 (compatible; SEOkicks; +https://www.seokicks.de/robot.html)"
65.108.6.34 - - [02/Nov/2022:13:49:53 +0100] "GET /Site/PodCast HTTP/1.1" 200 40934 "http://www.pro-zurituutsch.ch/" "Mozilla/5.0 (compatible; SEOkicks; +https://www.seokicks.de/robot.html)"
65.108.6.34 - - [02/Nov/2022:13:49:55 +0100] "GET /Site/GNU/Emacs HTTP/1.1" 404 264 "http://www.pro-zurituutsch.ch/Site/PodCast" "Mozilla/5.0 (compatible; SEOkicks; +https://www.seokicks.de/robot.html)"
65.108.6.34 - - [02/Nov/2022:13:49:56 +0100] "GET /PodCast/RSSPodcasts HTTP/1.1" 200 8905 "http://www.pro-zurituutsch.ch/" "Mozilla/5.0 (compatible; SEOkicks; +https://www.seokicks.de/robot.html)"
85.25.177.139 - - [02/Nov/2022:13:49:56 +0100] "GET /PodCast/Verlaine?action=upload HTTP/1.1" 200 8536 "-" "Mozilla/5.0 (Macintosh; Intel Mac OS X 10.15; rv:103.0) Gecko/20100101 Firefox/103.0"
85.25.177.139 - - [02/Nov/2022:13:51:36 +0100] "GET /PodCast/JBJ402?action=diff HTTP/1.1" 200 23910 "-" "Mozilla/5.0 (Macintosh; Intel Mac OS X 10.15; rv:103.0) Gecko/20100101 Firefox/103.0"
185.191.171.24 - - [02/Nov/2022:13:53:59 +0100] "GET /PmWikiFr/Download HTTP/1.1" 200 10964 "-" "Mozilla/5.0 (compatible; SemrushBot/7~bl; +http://www.semrush.com/bot.html)"
85.25.177.139 - - [02/Nov/2022:13:54:23 +0100] "GET /PodCast/Boundeswaal?action=print HTTP/1.1" 200 7084 "-" "Mozilla/5.0 (Macintosh; Intel Mac OS X 10.15; rv:103.0) Gecko/20100101 Firefox/103.0"
85.25.177.139 - - [02/Nov/2022:13:57:04 +0100] "GET /PodCast/Boundeswaal?action=edit HTTP/1.1" 200 8678 "-" "Mozilla/5.0 (Macintosh; Intel Mac OS X 10.15; rv:103.0) Gecko/20100101 Firefox/103.0"
85.25.177.139 - - [02/Nov/2022:13:59:18 +0100] "GET /PodCast/JBJ402?action=edit HTTP/1.1" 200 8610 "-" "Mozilla/5.0 (Macintosh; Intel Mac OS X 10.15; rv:103.0) Gecko/20100101 Firefox/103.0"
85.25.177.139 - - [02/Nov/2022:14:01:02 +0100] "GET /PodCast/Boundeswaal?action=diff HTTP/1.1" 200 15247 "-" "Mozilla/5.0 (Macintosh; Intel Mac OS X 10.15; rv:103.0) Gecko/20100101 Firefox/103.0"
157.55.39.17 - - [02/Nov/2022:14:01:39 +0100] "GET /robots.txt HTTP/1.1" 200 - "-" "Mozilla/5.0 (compatible; bingbot/2.0; +http://www.bing.com/bingbot.htm)"
157.55.39.182 - - [02/Nov/2022:14:01:41 +0100] "GET /Site/Blickestoorff2 HTTP/1.1" 200 18706 "-" "Mozilla/5.0 AppleWebKit/537.36 (KHTML, like Gecko; compatible; bingbot/2.0; +http://www.bing.com/bingbot.htm) Chrome/103.0.5060.134 Safari/537.36"
185.191.171.18 - - [02/Nov/2022:14:03:30 +0100] "GET /PmWikiFr/UploadsAdmin HTTP/1.1" 200 22856 "-" "Mozilla/5.0 (compatible; SemrushBot/7~bl; +http://www.semrush.com/bot.html)"
85.25.177.139 - - [02/Nov/2022:14:03:53 +0100] "GET /Site/WGA5Herz?action=edit HTTP/1.1" 200 8597 "-" "Mozilla/5.0 (Macintosh; Intel Mac OS X 10.15; rv:103.0) Gecko/20100101 Firefox/103.0"
85.25.177.139 - - [02/Nov/2022:14:06:13 +0100] "GET /Site/WGA5Herz?action=upload HTTP/1.1" 200 8497 "-" "Mozilla/5.0 (Macintosh; Intel Mac OS X 10.15; rv:103.0) Gecko/20100101 Firefox/103.0"
85.25.177.139 - - [02/Nov/2022:14:07:37 +0100] "GET /Site/WGA5Herz?action=diff HTTP/1.1" 200 24060 "-" "Mozilla/5.0 (Macintosh; Intel Mac OS X 10.15; rv:103.0) Gecko/20100101 Firefox/103.0"
85.25.177.139 - - [02/Nov/2022:14:09:28 +0100] "GET /PodCast/Buecherbrand?action=edit HTTP/1.1" 200 8692 "-" "Mozilla/5.0 (Macintosh; Intel Mac OS X 10.15; rv:103.0) Gecko/20100101 Firefox/103.0"
85.25.177.139 - - [02/Nov/2022:14:11:12 +0100] "GET /Site/161Predigerchoor1489?action=edit HTTP/1.1" 200 8765 "-" "Mozilla/5.0 (Macintosh; Intel Mac OS X 10.15; rv:103.0) Gecko/20100101 Firefox/103.0"
185.191.171.22 - - [02/Nov/2022:14:12:09 +0100] "GET /robots.txt HTTP/1.1" 200 - "-" "Mozilla/5.0 (compatible; SemrushBot/7~bl; +http://www.semrush.com/bot.html)"
185.191.171.12 - - [02/Nov/2022:14:12:10 +0100] "GET /PmWikiFr/Contributors HTTP/1.1" 200 12340 "-" "Mozilla/5.0 (compatible; SemrushBot/7~bl; +http://www.semrush.com/bot.html)"
85.25.177.139 - - [02/Nov/2022:14:13:48 +0100] "GET /Site/161Predigerchoor1489?action=diff HTTP/1.1" 200 18310 "-" "Mozilla/5.0 (Macintosh; Intel Mac OS X 10.15; rv:103.0) Gecko/20100101 Firefox/103.0"
85.25.177.139 - - [02/Nov/2022:14:14:48 +0100] "GET /PodCast/Boundeswaal?action=upload HTTP/1.1" 200 8578 "-" "Mozilla/5.0 (Macintosh; Intel Mac OS X 10.15; rv:103.0) Gecko/20100101 Firefox/103.0"
85.25.177.139 - - [02/Nov/2022:14:16:52 +0100] "GET /PodCast/Ouhsggwise2?action=diff HTTP/1.1" 200 24182 "-" "Mozilla/5.0 (Macintosh; Intel Mac OS X 10.15; rv:103.0) Gecko/20100101 Firefox/103.0"
85.25.177.139 - - [02/Nov/2022:14:18:26 +0100] "GET /Site/161Predigerchoor1489?action=upload HTTP/1.1" 200 8665 "-" "Mozilla/5.0 (Macintosh; Intel Mac OS X 10.15; rv:103.0) Gecko/20100101 Firefox/103.0"
66.249.76.193 - - [02/Nov/2022:14:18:47 +0100] "GET /PodCast/IndexPage?action=rss HTTP/1.1" 200 6298 "-" "Mozilla/5.0 (compatible; Googlebot/2.1; +http://www.google.com/bot.html)"
185.191.171.22 - - [02/Nov/2022:14:19:50 +0100] "GET /PmWikiHu/SzovegFormazasiSzabalyok HTTP/1.1" 200 18091 "-" "Mozilla/5.0 (compatible; SemrushBot/7~bl; +http://www.semrush.com/bot.html)"
85.25.177.139 - - [02/Nov/2022:14:21:02 +0100] "GET /PodCast/Ouhsggwise2?action=edit HTTP/1.1" 200 8680 "-" "Mozilla/5.0 (Macintosh; Intel Mac OS X 10.15; rv:103.0) Gecko/20100101 Firefox/103.0"
3.216.185.164 - - [02/Nov/2022:14:21:52 +0100] "GET /PodCast/IndexPage?action=rss HTTP/1.1" 200 6298 "-" "PocketCasts/1.0 (Pocket Casts Feed Parser; +http://pocketcasts.com/)"
85.25.177.139 - - [02/Nov/2022:14:23:02 +0100] "GET /PodCast/Boschpochrank?action=print HTTP/1.1" 200 5541 "-" "Mozilla/5.0 (Macintosh; Intel Mac OS X 10.15; rv:103.0) Gecko/20100101 Firefox/103.0"
85.25.177.139 - - [02/Nov/2022:14:25:27 +0100] "GET /PodCast/Ouhsggwise2?action=upload HTTP/1.1" 200 8580 "-" "Mozilla/5.0 (Macintosh; Intel Mac OS X 10.15; rv:103.0) Gecko/20100101 Firefox/103.0"
85.25.177.139 - - [02/Nov/2022:14:26:45 +0100] "GET /PodCast/JBJKap1?action=edit HTTP/1.1" 200 8626 "-" "Mozilla/5.0 (Macintosh; Intel Mac OS X 10.15; rv:103.0) Gecko/20100101 Firefox/103.0"
85.25.177.139 - - [02/Nov/2022:14:27:56 +0100] "GET /PodCast/Boschpochrank?action=diff HTTP/1.1" 200 14055 "-" "Mozilla/5.0 (Macintosh; Intel Mac OS X 10.15; rv:103.0) Gecko/20100101 Firefox/103.0"
216.244.66.243 - - [02/Nov/2022:14:28:31 +0100] "GET /robots.txt HTTP/1.1" 200 - "-" "Mozilla/5.0 (compatible; DotBot/1.2; +https://opensiteexplorer.org/dotbot; help@moz.com)"
85.25.177.139 - - [02/Nov/2022:14:30:57 +0100] "GET /PodCast/Boschpochrank?action=upload HTTP/1.1" 200 8606 "-" "Mozilla/5.0 (Macintosh; Intel Mac OS X 10.15; rv:103.0) Gecko/20100101 Firefox/103.0"
148.251.182.79 - - [02/Nov/2022:14:33:36 +0100] "GET /robots.txt HTTP/1.1" 200 - "-" "x28-job-bot; +http://x28.ch/bot.html"
148.251.182.79 - - [02/Nov/2022:14:33:36 +0100] "GET / HTTP/1.1" 200 15085 "-" "x28-job-bot; +http://x28.ch/bot.html"
85.25.177.139 - - [02/Nov/2022:14:33:57 +0100] "GET /PodCast/JBJKap1?action=upload HTTP/1.1" 200 8526 "-" "Mozilla/5.0 (Macintosh; Intel Mac OS X 10.15; rv:103.0) Gecko/20100101 Firefox/103.0"
185.191.171.21 - - [02/Nov/2022:14:34:07 +0100] "GET /PmWikiRu/Skins?skin=gemini HTTP/1.1" 200 25244 "-" "Mozilla/5.0 (compatible; SemrushBot/7~bl; +http://www.semrush.com/bot.html)"
85.25.177.139 - - [02/Nov/2022:14:35:35 +0100] "GET /Site/200Quellen?action=print HTTP/1.1" 200 8216 "-" "Mozilla/5.0 (Macintosh; Intel Mac OS X 10.15; rv:103.0) Gecko/20100101 Firefox/103.0"
85.25.177.139 - - [02/Nov/2022:14:38:05 +0100] "GET /Site/200Quellen?action=edit HTTP/1.1" 200 8623 "-" "Mozilla/5.0 (Macintosh; Intel Mac OS X 10.15; rv:103.0) Gecko/20100101 Firefox/103.0"
85.25.177.139 - - [02/Nov/2022:14:41:50 +0100] "GET /Site/200Quellen?action=upload HTTP/1.1" 200 8523 "-" "Mozilla/5.0 (Macintosh; Intel Mac OS X 10.15; rv:103.0) Gecko/20100101 Firefox/103.0"
85.25.177.139 - - [02/Nov/2022:14:42:10 +0100] "GET /PodCast/JBJKap1?action=diff HTTP/1.1" 200 30711 "-" "Mozilla/5.0 (Macintosh; Intel Mac OS X 10.15; rv:103.0) Gecko/20100101 Firefox/103.0"
85.25.177.139 - - [02/Nov/2022:14:43:57 +0100] "GET /PodCast/JBJKap1?action=print HTTP/1.1" 200 15240 "-" "Mozilla/5.0 (Macintosh; Intel Mac OS X 10.15; rv:103.0) Gecko/20100101 Firefox/103.0"
65.108.6.34 - - [02/Nov/2022:14:46:00 +0100] "GET /Texte/Roman HTTP/1.1" 200 38741 "http://www.pro-zurituutsch.ch/" "Mozilla/5.0 (compatible; SEOkicks; +https://www.seokicks.de/robot.html)"
65.108.6.34 - - [02/Nov/2022:14:46:01 +0100] "GET /Texte/GNU/Emacs HTTP/1.1" 404 264 "http://www.pro-zurituutsch.ch/Texte/Roman" "Mozilla/5.0 (compatible; SEOkicks; +https://www.seokicks.de/robot.html)"
65.108.6.34 - - [02/Nov/2022:14:46:03 +0100] "GET /Texte/Styluebige HTTP/1.1" 200 9998 "http://www.pro-zurituutsch.ch/" "Mozilla/5.0 (compatible; SEOkicks; +https://www.seokicks.de/robot.html)"
65.108.6.34 - - [02/Nov/2022:14:46:04 +0100] "GET /Texte/Schrybwys HTTP/1.1" 200 11028 "http://www.pro-zurituutsch.ch/" "Mozilla/5.0 (compatible; SEOkicks; +https://www.seokicks.de/robot.html)"
65.108.6.34 - - [02/Nov/2022:14:46:06 +0100] "GET /Texte/Bitterbeuhsi HTTP/1.1" 200 9255 "http://www.pro-zurituutsch.ch/" "Mozilla/5.0 (compatible; SEOkicks; +https://www.seokicks.de/robot.html)"
65.108.6.34 - - [02/Nov/2022:14:46:08 +0100] "GET /Texte/ArsAmatoria HTTP/1.1" 200 12369 "http://www.pro-zurituutsch.ch/" "Mozilla/5.0 (compatible; SEOkicks; +https://www.seokicks.de/robot.html)"
65.108.6.34 - - [02/Nov/2022:14:46:10 +0100] "GET /Texte/Metamorphoses HTTP/1.1" 200 9045 "http://www.pro-zurituutsch.ch/" "Mozilla/5.0 (compatible; SEOkicks; +https://www.seokicks.de/robot.html)"
65.108.6.34 - - [02/Nov/2022:14:46:11 +0100] "GET /Texte/ZurcherischEnglish HTTP/1.1" 200 8274 "http://www.pro-zurituutsch.ch/" "Mozilla/5.0 (compatible; SEOkicks; +https://www.seokicks.de/robot.html)"
65.108.6.34 - - [02/Nov/2022:14:46:13 +0100] "GET /Texte/Rezension HTTP/1.1" 200 11812 "http://www.pro-zurituutsch.ch/" "Mozilla/5.0 (compatible; SEOkicks; +https://www.seokicks.de/robot.html)"
65.108.6.34 - - [02/Nov/2022:14:46:14 +0100] "GET /Texte/Limericks HTTP/1.1" 200 8087 "http://www.pro-zurituutsch.ch/" "Mozilla/5.0 (compatible; SEOkicks; +https://www.seokicks.de/robot.html)"
65.108.6.34 - - [02/Nov/2022:14:46:16 +0100] "GET /Texte/GDicht HTTP/1.1" 200 8050 "http://www.pro-zurituutsch.ch/" "Mozilla/5.0 (compatible; SEOkicks; +https://www.seokicks.de/robot.html)"
85.25.177.139 - - [02/Nov/2022:14:47:37 +0100] "GET /PodCast/MI2009?action=print HTTP/1.1" 404 2388 "-" "Mozilla/5.0 (Macintosh; Intel Mac OS X 10.15; rv:103.0) Gecko/20100101 Firefox/103.0"
216.244.66.243 - - [02/Nov/2022:14:47:56 +0100] "GET /PmWiki/PatrickMichaud HTTP/1.1" 200 9037 "-" "Mozilla/5.0 (compatible; DotBot/1.2; +https://opensiteexplorer.org/dotbot; help@moz.com)"
216.244.66.243 - - [02/Nov/2022:14:48:52 +0100] "GET /PmWiki/SkinTemplates HTTP/1.1" 200 28363 "-" "Mozilla/5.0 (compatible; DotBot/1.2; +https://opensiteexplorer.org/dotbot; help@moz.com)"
85.25.177.139 - - [02/Nov/2022:14:50:01 +0100] "GET /Site/200Quellen?action=diff HTTP/1.1" 200 23494 "-" "Mozilla/5.0 (Macintosh; Intel Mac OS X 10.15; rv:103.0) Gecko/20100101 Firefox/103.0"
216.244.66.243 - - [02/Nov/2022:14:50:14 +0100] "GET /PmWiki/Version HTTP/1.1" 200 10847 "-" "Mozilla/5.0 (compatible; DotBot/1.2; +https://opensiteexplorer.org/dotbot; help@moz.com)"
85.25.177.139 - - [02/Nov/2022:14:50:47 +0100] "GET /PodCast/Schaidig1?action=print HTTP/1.1" 200 13391 "-" "Mozilla/5.0 (Macintosh; Intel Mac OS X 10.15; rv:103.0) Gecko/20100101 Firefox/103.0"
185.191.171.7 - - [02/Nov/2022:14:51:17 +0100] "GET /PmWikiFr/ReleaseNotes HTTP/1.1" 200 108181 "-" "Mozilla/5.0 (compatible; SemrushBot/7~bl; +http://www.semrush.com/bot.html)"
85.25.177.139 - - [02/Nov/2022:14:53:59 +0100] "GET /PodCast/Schaidig1?action=diff HTTP/1.1" 200 22237 "-" "Mozilla/5.0 (Macintosh; Intel Mac OS X 10.15; rv:103.0) Gecko/20100101 Firefox/103.0"
85.25.177.139 - - [02/Nov/2022:14:57:21 +0100] "GET /PodCast/MI2009?action=diff HTTP/1.1" 200 9171 "-" "Mozilla/5.0 (Macintosh; Intel Mac OS X 10.15; rv:103.0) Gecko/20100101 Firefox/103.0"
140.238.48.138 - - [02/Nov/2022:14:57:26 +0100] "GET /wp-load.php HTTP/1.1" 404 281 "www.bing.com" "wp_is_mobile"
140.238.48.138 - - [02/Nov/2022:14:57:28 +0100] "GET /style.php HTTP/1.1" 404 279 "www.bing.com" "wp_is_mobile"
140.238.48.138 - - [02/Nov/2022:14:57:28 +0100] "GET /wp-admin/style.php HTTP/1.1" 404 288 "www.bing.com" "wp_is_mobile"
140.238.48.138 - - [02/Nov/2022:14:57:30 +0100] "GET /s_e.php HTTP/1.1" 404 277 "www.bing.com" "wp_is_mobile"
140.238.48.138 - - [02/Nov/2022:14:57:33 +0100] "GET /s_ne.php HTTP/1.1" 404 278 "www.bing.com" "wp_is_mobile"
140.238.48.138 - - [02/Nov/2022:14:57:34 +0100] "GET /1index.php HTTP/1.1" 404 264 "www.bing.com" "Mozilla/5.0 (Windows NT 10.0; Win64; x64) AppleWebKit/537.36 (KHTML, like Gecko) Chrome/90.0.4430.85 Safari/537.36"
140.238.48.138 - - [02/Nov/2022:14:57:35 +0100] "GET /radio.php HTTP/1.1" 404 279 "www.bing.com" "wp_is_mobile"
140.238.48.138 - - [02/Nov/2022:14:57:35 +0100] "GET /doc.php HTTP/1.1" 404 277 "www.bing.com" "wp_is_mobile"
140.238.48.138 - - [02/Nov/2022:14:57:37 +0100] "GET /wp_wrong_datlib.php HTTP/1.1" 404 289 "www.bing.com" "Mozilla/5.0 (Windows NT 10.0; Win64; x64) AppleWebKit/537.36 (KHTML, like Gecko) Chrome/90.0.4430.85 Safari/537.36"
140.238.48.138 - - [02/Nov/2022:14:57:39 +0100] "GET /beence.php HTTP/1.1" 404 280 "www.bing.com" "Mozilla/5.0 (Windows NT 10.0; Win64; x64) AppleWebKit/537.36 (KHTML, like Gecko) Chrome/90.0.4430.85 Safari/537.36"
140.238.48.138 - - [02/Nov/2022:14:57:39 +0100] "GET /ups.php HTTP/1.1" 404 277 "www.bing.com" "wp_is_mobile"
140.238.48.138 - - [02/Nov/2022:14:57:41 +0100] "GET /wp-signin.php?dizo&ping HTTP/1.1" 404 283 "www.bing.com" "wp_is_mobile"
140.238.48.138 - - [02/Nov/2022:14:57:42 +0100] "GET /media-admin.php HTTP/1.1" 404 285 "www.bing.com" "wp_is_mobile"
140.238.48.138 - - [02/Nov/2022:14:57:42 +0100] "GET /export.php HTTP/1.1" 404 280 "www.bing.com" "Mozilla/5.0 (Windows NT 10.0; Win64; x64) AppleWebKit/537.36 (KHTML, like Gecko) Chrome/90.0.4430.85 Safari/537.36"
140.238.48.138 - - [02/Nov/2022:14:57:42 +0100] "GET /wp-content/export.php HTTP/1.1" 404 291 "www.bing.com" "Mozilla/5.0 (Windows NT 10.0; Win64; x64) AppleWebKit/537.36 (KHTML, like Gecko) Chrome/90.0.4430.85 Safari/537.36"
140.238.48.138 - - [02/Nov/2022:14:57:44 +0100] "GET /wp-includes/wp-class.php HTTP/1.1" 404 294 "www.bing.com" "wp_is_mobile"
140.238.48.138 - - [02/Nov/2022:14:57:47 +0100] "GET /wp-includes/wp-atom.php HTTP/1.1" 404 293 "www.bing.com" "Mozilla/5.0 (Windows NT 10.0; Win64; x64) AppleWebKit/537.36 (KHTML, like Gecko) Chrome/90.0.4430.85 Safari/537.36"
140.238.48.138 - - [02/Nov/2022:14:57:49 +0100] "GET /wp-includes/images/css.php HTTP/1.1" 404 296 "www.bing.com" "Mozilla/5.0 (Windows NT 10.0; Win64; x64) AppleWebKit/537.36 (KHTML, like Gecko) Chrome/90.0.4430.85 Safari/537.36"
140.238.48.138 - - [02/Nov/2022:14:57:50 +0100] "GET /wp-includes/css/css.php HTTP/1.1" 404 293 "www.bing.com" "Mozilla/5.0 (Windows NT 10.0; Win64; x64) AppleWebKit/537.36 (KHTML, like Gecko) Chrome/90.0.4430.85 Safari/537.36"
140.238.48.138 - - [02/Nov/2022:14:57:52 +0100] "GET /defau1t.php HTTP/1.1" 404 281 "www.bing.com" "Mozilla/5.0 (Windows NT 10.0; Win64; x64) AppleWebKit/537.36 (KHTML, like Gecko) Chrome/90.0.4430.85 Safari/537.36"
140.238.48.138 - - [02/Nov/2022:14:57:53 +0100] "GET /moduless.php HTTP/1.1" 404 282 "www.bing.com" "Mozilla/5.0 (Windows NT 10.0; Win64; x64) AppleWebKit/537.36 (KHTML, like Gecko) Chrome/90.0.4430.85 Safari/537.36"
140.238.48.138 - - [02/Nov/2022:14:57:55 +0100] "GET /wp-booking.php HTTP/1.1" 404 284 "www.bing.com" "wp_is_mobile"
140.238.48.138 - - [02/Nov/2022:14:57:55 +0100] "GET /wp-content/plugins/backup_index.php HTTP/1.1" 404 305 "www.bing.com" "wp_is_mobile"
140.238.48.138 - - [02/Nov/2022:14:57:56 +0100] "GET /wp-content/mu-plugins/db-safe-mode.php HTTP/1.1" 404 308 "www.bing.com" "wp_is_mobile"
140.238.48.138 - - [02/Nov/2022:14:57:57 +0100] "GET /wp-includes/css/wp-config.php HTTP/1.1" 404 299 "www.bing.com" "wp_is_mobile"
140.238.48.138 - - [02/Nov/2022:14:57:57 +0100] "GET /config.bak.php HTTP/1.1" 404 284 "www.bing.com" "wp_is_mobile"
140.238.48.138 - - [02/Nov/2022:14:57:57 +0100] "GET /wp-content/themes/config.bak.php HTTP/1.1" 404 302 "www.bing.com" "wp_is_mobile"
140.238.48.138 - - [02/Nov/2022:14:57:58 +0100] "GET /legion.php HTTP/1.1" 404 280 "www.bing.com" "wp_is_mobile"
140.238.48.138 - - [02/Nov/2022:14:57:59 +0100] "GET /wp-content/plugins/wpconfig.bak.php?act=sf HTTP/1.1" 404 305 "www.bing.com" "Mozilla/5.0 (Windows NT 10.0; Win64; x64) AppleWebKit/537.36 (KHTML, like Gecko) Chrome/90.0.4430.85 Safari/537.36"
140.238.48.138 - - [02/Nov/2022:14:57:59 +0100] "GET /wp-plugins.php HTTP/1.1" 404 284 "www.bing.com" "wp_is_mobile"
140.238.48.138 - - [02/Nov/2022:14:58:00 +0100] "GET /gank.php.PhP HTTP/1.1" 404 282 "www.bing.com" "wp_is_mobile"
140.238.48.138 - - [02/Nov/2022:14:58:01 +0100] "GET /wp-content/db-cache.php HTTP/1.1" 404 293 "www.bing.com" "wp_is_mobile"
140.238.48.138 - - [02/Nov/2022:14:58:02 +0100] "GET /archives.php HTTP/1.1" 404 282 "www.bing.com" "Mozilla/5.0 (Windows NT 10.0; Win64; x64) AppleWebKit/537.36 (KHTML, like Gecko) Chrome/90.0.4430.85 Safari/537.36"
140.238.48.138 - - [02/Nov/2022:14:58:02 +0100] "GET /defau11.php HTTP/1.1" 404 281 "www.bing.com" "Mozilla/5.0 (Windows NT 10.0; Win64; x64) AppleWebKit/537.36 (KHTML, like Gecko) Chrome/90.0.4430.85 Safari/537.36"
140.238.48.138 - - [02/Nov/2022:14:58:04 +0100] "GET /wp-content/outcms.php?up HTTP/1.1" 404 291 "www.bing.com" "wp_is_mobile"
140.238.48.138 - - [02/Nov/2022:14:58:05 +0100] "GET /system_log.php?bala=up HTTP/1.1" 404 284 "www.bing.com" "wp_is_mobile"
140.238.48.138 - - [02/Nov/2022:14:58:06 +0100] "GET /wp-backup-sql-302.php HTTP/1.1" 404 291 "www.bing.com" "wp_is_mobile"
140.238.48.138 - - [02/Nov/2022:14:58:10 +0100] "GET /error.php?phpshells HTTP/1.1" 404 279 "www.bing.com" "wp_is_mobile"
140.238.48.138 - - [02/Nov/2022:14:58:10 +0100] "GET /ALFA_DATA HTTP/1.1" 404 8205 "www.bing.com" "wp_is_mobile"
140.238.48.138 - - [02/Nov/2022:14:58:11 +0100] "GET /alfacgiapi HTTP/1.1" 404 280 "www.bing.com" "wp_is_mobile"
140.238.48.138 - - [02/Nov/2022:14:58:12 +0100] "GET /cgialfa HTTP/1.1" 404 277 "www.bing.com" "wp_is_mobile"
140.238.48.138 - - [02/Nov/2022:14:58:12 +0100] "GET /.well-known/ALFA_DATA HTTP/1.1" 404 264 "www.bing.com" "wp_is_mobile"
140.238.48.138 - - [02/Nov/2022:14:58:13 +0100] "GET /.well-known/alfacgiapi HTTP/1.1" 404 264 "www.bing.com" "wp_is_mobile"
140.238.48.138 - - [02/Nov/2022:14:58:13 +0100] "GET /.well-known/cgialfa HTTP/1.1" 404 264 "www.bing.com" "wp_is_mobile"
140.238.48.138 - - [02/Nov/2022:14:58:14 +0100] "GET /wp-content/uploads/ALFA_DATA HTTP/1.1" 404 298 "www.bing.com" "wp_is_mobile"
140.238.48.138 - - [02/Nov/2022:14:58:15 +0100] "GET /wp-content/uploads/alfacgiapi HTTP/1.1" 404 299 "www.bing.com" "wp_is_mobile"
140.238.48.138 - - [02/Nov/2022:14:58:16 +0100] "GET /wp-content/uploads/cgialfa HTTP/1.1" 404 296 "www.bing.com" "wp_is_mobile"
140.238.48.138 - - [02/Nov/2022:14:58:16 +0100] "GET /wp-includes/ALFA_DATA HTTP/1.1" 404 291 "www.bing.com" "wp_is_mobile"
140.238.48.138 - - [02/Nov/2022:14:58:17 +0100] "GET /wp-includes/alfacgiapi HTTP/1.1" 404 292 "www.bing.com" "wp_is_mobile"
140.238.48.138 - - [02/Nov/2022:14:58:17 +0100] "GET /wp-includes/cgialfa HTTP/1.1" 404 289 "www.bing.com" "wp_is_mobile"
140.238.48.138 - - [02/Nov/2022:14:58:18 +0100] "GET /wp-admin/ALFA_DATA HTTP/1.1" 404 288 "www.bing.com" "wp_is_mobile"
140.238.48.138 - - [02/Nov/2022:14:58:19 +0100] "GET /wp-admin/alfacgiapi HTTP/1.1" 404 289 "www.bing.com" "wp_is_mobile"
85.25.177.139 - - [02/Nov/2022:14:58:19 +0100] "GET /PodCast/FHrereid2?action=upload HTTP/1.1" 200 8554 "-" "Mozilla/5.0 (Macintosh; Intel Mac OS X 10.15; rv:103.0) Gecko/20100101 Firefox/103.0"
140.238.48.138 - - [02/Nov/2022:14:58:20 +0100] "GET /wp-admin/cgialfa HTTP/1.1" 404 286 "www.bing.com" "wp_is_mobile"
140.238.48.138 - - [02/Nov/2022:14:58:20 +0100] "GET /wp-content/ALFA_DATA HTTP/1.1" 404 290 "www.bing.com" "wp_is_mobile"
140.238.48.138 - - [02/Nov/2022:14:58:21 +0100] "GET /wp-content/alfacgiapi HTTP/1.1" 404 291 "www.bing.com" "wp_is_mobile"
140.238.48.138 - - [02/Nov/2022:14:58:22 +0100] "GET /wp-content/cgialfa HTTP/1.1" 404 288 "www.bing.com" "wp_is_mobile"
140.238.48.138 - - [02/Nov/2022:14:58:23 +0100] "GET /templates/beez3/ALFA_DATA HTTP/1.1" 404 295 "www.bing.com" "wp_is_mobile"
140.238.48.138 - - [02/Nov/2022:14:58:26 +0100] "GET /templates/beez3/alfacgiapi HTTP/1.1" 404 296 "www.bing.com" "wp_is_mobile"
140.238.48.138 - - [02/Nov/2022:14:58:26 +0100] "GET /templates/beez3/cgialfa HTTP/1.1" 404 293 "www.bing.com" "wp_is_mobile"
140.238.48.138 - - [02/Nov/2022:14:58:28 +0100] "GET /sites/default/files/ALFA_DATA HTTP/1.1" 404 299 "www.bing.com" "wp_is_mobile"
140.238.48.138 - - [02/Nov/2022:14:58:28 +0100] "GET /sites/default/files/alfacgiapi HTTP/1.1" 404 300 "www.bing.com" "wp_is_mobile"
140.238.48.138 - - [02/Nov/2022:14:58:29 +0100] "GET /sites/default/files/cgialfa HTTP/1.1" 404 297 "www.bing.com" "wp_is_mobile"
140.238.48.138 - - [02/Nov/2022:14:58:30 +0100] "GET /admin/controller/extension/extension/ALFA_DATA HTTP/1.1" 404 316 "www.bing.com" "wp_is_mobile"
140.238.48.138 - - [02/Nov/2022:14:58:30 +0100] "GET /admin/controller/extension/extension/alfacgiapi HTTP/1.1" 404 317 "www.bing.com" "wp_is_mobile"
140.238.48.138 - - [02/Nov/2022:14:58:31 +0100] "GET /admin/controller/extension/extension/cgialfa HTTP/1.1" 404 314 "www.bing.com" "wp_is_mobile"
