85.25.177.139 - - [31/Aug/2022:21:13:07 +0200] "GET /PodCast/Patriarch?action=diff&source=y&minor=y HTTP/1.1" 200 28846 "-" "Mozilla/5.0 (Macintosh; Intel Mac OS X 10.15; rv:103.0) Gecko/20100101 Firefox/103.0"
85.25.177.139 - - [31/Aug/2022:21:14:15 +0200] "GET /PmWiki/Categories?action=edit HTTP/1.1" 200 8650 "-" "Mozilla/5.0 (Macintosh; Intel Mac OS X 10.15; rv:103.0) Gecko/20100101 Firefox/103.0"
85.25.177.139 - - [31/Aug/2022:21:14:54 +0200] "GET /PodCast/Patriarch?action=diff&source=n&minor=n HTTP/1.1" 200 28131 "-" "Mozilla/5.0 (Macintosh; Intel Mac OS X 10.15; rv:103.0) Gecko/20100101 Firefox/103.0"
85.25.177.139 - - [31/Aug/2022:21:16:46 +0200] "GET /PodCast/Patriarch?action=edit&restore=diff:1273329547:1273328957:&preview=y HTTP/1.1" 200 8696 "-" "Mozilla/5.0 (Macintosh; Intel Mac OS X 10.15; rv:103.0) Gecko/20100101 Firefox/103.0"
85.25.177.139 - - [31/Aug/2022:21:17:58 +0200] "GET /Category/GroupFooter HTTP/1.1" 200 8786 "-" "Mozilla/5.0 (Macintosh; Intel Mac OS X 10.15; rv:103.0) Gecko/20100101 Firefox/103.0"
185.191.171.21 - - [31/Aug/2022:21:18:35 +0200] "GET /PmWikiDa/PmWikiDa?action=diff HTTP/1.1" 403 18 "-" "Mozilla/5.0 (compatible; SemrushBot/7~bl; +http://www.semrush.com/bot.html)"
85.25.177.139 - - [31/Aug/2022:21:18:51 +0200] "GET /PmWiki/AccessKeys?action=diff&source=y&minor=y HTTP/1.1" 200 9219 "-" "Mozilla/5.0 (Macintosh; Intel Mac OS X 10.15; rv:103.0) Gecko/20100101 Firefox/103.0"
85.25.177.139 - - [31/Aug/2022:21:20:50 +0200] "GET /PmWiki/MailingLists?action=diff&source=y&minor=n HTTP/1.1" 200 9249 "-" "Mozilla/5.0 (Macintosh; Intel Mac OS X 10.15; rv:103.0) Gecko/20100101 Firefox/103.0"
85.25.177.139 - - [31/Aug/2022:21:21:23 +0200] "GET /PmWiki/Categories?action=upload HTTP/1.1" 200 8550 "-" "Mozilla/5.0 (Macintosh; Intel Mac OS X 10.15; rv:103.0) Gecko/20100101 Firefox/103.0"
194.209.200.2 - - [31/Aug/2022:21:21:45 +0200] "GET /robots.txt HTTP/1.1" 200 - "-" "Mozilla/5.0 (compatible; TMMBot/0.2; +http://www.dslab.ch)/Nutch-1.15"
194.209.200.2 - - [31/Aug/2022:21:21:45 +0200] "GET /Texte/Rezension HTTP/1.1" 200 11812 "-" "Mozilla/5.0 (compatible; TMMBot/0.2; +http://www.dslab.ch)/Nutch-1.15"
85.25.177.139 - - [31/Aug/2022:21:22:37 +0200] "GET /PmWiki/MailingLists?action=diff&source=n&minor=y HTTP/1.1" 200 9259 "-" "Mozilla/5.0 (Macintosh; Intel Mac OS X 10.15; rv:103.0) Gecko/20100101 Firefox/103.0"
85.25.177.139 - - [31/Aug/2022:21:23:59 +0200] "GET /PmWiki/Categories?action=diff HTTP/1.1" 200 9217 "-" "Mozilla/5.0 (Macintosh; Intel Mac OS X 10.15; rv:103.0) Gecko/20100101 Firefox/103.0"
194.209.200.2 - - [31/Aug/2022:21:24:13 +0200] "GET /Texte/Limericks HTTP/1.1" 200 8087 "-" "Mozilla/5.0 (compatible; TMMBot/0.2; +http://www.dslab.ch)/Nutch-1.15"
194.209.200.2 - - [31/Aug/2022:21:24:17 +0200] "GET /Texte/Schrybwys HTTP/1.1" 200 11028 "-" "Mozilla/5.0 (compatible; TMMBot/0.2; +http://www.dslab.ch)/Nutch-1.15"
85.25.177.139 - - [31/Aug/2022:21:24:41 +0200] "GET /PmWikiDe/InterMap?action=diff&source=y&minor=n HTTP/1.1" 200 7687 "-" "Mozilla/5.0 (Macintosh; Intel Mac OS X 10.15; rv:103.0) Gecko/20100101 Firefox/103.0"
185.191.171.13 - - [31/Aug/2022:21:26:04 +0200] "GET /PmWikiPl/PmWikiPl HTTP/1.1" 200 9197 "-" "Mozilla/5.0 (compatible; SemrushBot/7~bl; +http://www.semrush.com/bot.html)"
85.25.177.139 - - [31/Aug/2022:21:26:44 +0200] "GET /PmWikiDe/InterMap?action=diff&source=n&minor=y HTTP/1.1" 200 7697 "-" "Mozilla/5.0 (Macintosh; Intel Mac OS X 10.15; rv:103.0) Gecko/20100101 Firefox/103.0"
194.209.200.2 - - [31/Aug/2022:21:27:12 +0200] "GET /Texte/Gloosse HTTP/1.1" 200 8061 "-" "Mozilla/5.0 (compatible; TMMBot/0.2; +http://www.dslab.ch)/Nutch-1.15"
85.25.177.139 - - [31/Aug/2022:21:28:35 +0200] "GET /PmWiki/WikiFarms?action=diff HTTP/1.1" 200 9203 "-" "Mozilla/5.0 (Macintosh; Intel Mac OS X 10.15; rv:103.0) Gecko/20100101 Firefox/103.0"
85.25.177.139 - - [31/Aug/2022:21:29:04 +0200] "GET / HTTP/1.1" 200 15085 "-" "Mozilla/5.0 (Macintosh; Intel Mac OS X 10.15; rv:103.0) Gecko/20100101 Firefox/103.0"
194.209.200.2 - - [31/Aug/2022:21:29:40 +0200] "GET /Hilfe/AnleitungTonbeispiele HTTP/1.1" 200 9878 "-" "Mozilla/5.0 (compatible; TMMBot/0.2; +http://www.dslab.ch)/Nutch-1.15"
185.191.171.10 - - [31/Aug/2022:21:30:25 +0200] "GET /PmWikiFr/ErrorMessages?action=edit HTTP/1.1" 403 18 "-" "Mozilla/5.0 (compatible; SemrushBot/7~bl; +http://www.semrush.com/bot.html)"
85.25.177.139 - - [31/Aug/2022:21:30:33 +0200] "GET /PmWiki/SimultaneousEdits?action=diff&source=y&minor=n HTTP/1.1" 200 9329 "-" "Mozilla/5.0 (Macintosh; Intel Mac OS X 10.15; rv:103.0) Gecko/20100101 Firefox/103.0"
85.25.177.139 - - [31/Aug/2022:21:31:09 +0200] "GET /PmWikiDe/WikiSandbox?action=upload HTTP/1.1" 200 7050 "-" "Mozilla/5.0 (Macintosh; Intel Mac OS X 10.15; rv:103.0) Gecko/20100101 Firefox/103.0"
85.25.177.139 - - [31/Aug/2022:21:33:04 +0200] "GET /PmWikiDe/WikiSandbox?action=diff HTTP/1.1" 200 7723 "-" "Mozilla/5.0 (Macintosh; Intel Mac OS X 10.15; rv:103.0) Gecko/20100101 Firefox/103.0"
85.25.177.139 - - [31/Aug/2022:21:34:26 +0200] "GET /PmWikiDe/Security?action=print HTTP/1.1" 200 4703 "-" "Mozilla/5.0 (Macintosh; Intel Mac OS X 10.15; rv:103.0) Gecko/20100101 Firefox/103.0"
85.25.177.139 - - [31/Aug/2022:21:35:46 +0200] "GET /PmWiki/TableDirectives?action=diff&source=y&minor=n HTTP/1.1" 200 9297 "-" "Mozilla/5.0 (Macintosh; Intel Mac OS X 10.15; rv:103.0) Gecko/20100101 Firefox/103.0"
85.25.177.139 - - [31/Aug/2022:21:37:20 +0200] "GET /PmWikiDe/Categories?action=print HTTP/1.1" 200 2341 "-" "Mozilla/5.0 (Macintosh; Intel Mac OS X 10.15; rv:103.0) Gecko/20100101 Firefox/103.0"
85.25.177.139 - - [31/Aug/2022:21:38:52 +0200] "GET /PmWiki/TableDirectives?action=diff&source=n&minor=y HTTP/1.1" 200 9307 "-" "Mozilla/5.0 (Macintosh; Intel Mac OS X 10.15; rv:103.0) Gecko/20100101 Firefox/103.0"
85.25.177.139 - - [31/Aug/2022:21:39:36 +0200] "GET /PmWikiDe/GroupAttributes?action=print HTTP/1.1" 200 2326 "-" "Mozilla/5.0 (Macintosh; Intel Mac OS X 10.15; rv:103.0) Gecko/20100101 Firefox/103.0"
85.25.177.139 - - [31/Aug/2022:21:40:52 +0200] "GET /PmWiki/DocumentationIndex?action=diff&source=n&minor=y HTTP/1.1" 200 9355 "-" "Mozilla/5.0 (Macintosh; Intel Mac OS X 10.15; rv:103.0) Gecko/20100101 Firefox/103.0"
85.25.177.139 - - [31/Aug/2022:21:41:21 +0200] "GET /PmWikiDe/PasswordsAdmin?action=print HTTP/1.1" 200 2515 "-" "Mozilla/5.0 (Macintosh; Intel Mac OS X 10.15; rv:103.0) Gecko/20100101 Firefox/103.0"
85.25.177.139 - - [31/Aug/2022:21:42:38 +0200] "GET /PmWiki/DocumentationIndex?action=diff&source=y&minor=n HTTP/1.1" 200 9345 "-" "Mozilla/5.0 (Macintosh; Intel Mac OS X 10.15; rv:103.0) Gecko/20100101 Firefox/103.0"
85.25.177.139 - - [31/Aug/2022:21:43:53 +0200] "GET /PmWikiDe/PageHistory?action=print HTTP/1.1" 200 4499 "-" "Mozilla/5.0 (Macintosh; Intel Mac OS X 10.15; rv:103.0) Gecko/20100101 Firefox/103.0"
85.25.177.139 - - [31/Aug/2022:21:45:21 +0200] "GET /PmWiki/DocumentationIndex?action=upload HTTP/1.1" 200 8664 "-" "Mozilla/5.0 (Macintosh; Intel Mac OS X 10.15; rv:103.0) Gecko/20100101 Firefox/103.0"
85.25.177.139 - - [31/Aug/2022:21:46:05 +0200] "GET /PmWikiDe/Uploads?action=upload HTTP/1.1" 200 7020 "-" "Mozilla/5.0 (Macintosh; Intel Mac OS X 10.15; rv:103.0) Gecko/20100101 Firefox/103.0"
85.25.177.139 - - [31/Aug/2022:21:47:22 +0200] "GET /PmWikiDe/TableDirectives?action=diff&source=n&minor=y HTTP/1.1" 200 7799 "-" "Mozilla/5.0 (Macintosh; Intel Mac OS X 10.15; rv:103.0) Gecko/20100101 Firefox/103.0"
85.25.177.139 - - [31/Aug/2022:21:48:31 +0200] "GET /PmWikiDe/WikiAdministrator HTTP/1.1" 200 8231 "-" "Mozilla/5.0 (Macintosh; Intel Mac OS X 10.15; rv:103.0) Gecko/20100101 Firefox/103.0"
85.25.177.139 - - [31/Aug/2022:21:50:02 +0200] "GET /PmWikiDe/TableDirectives?action=diff&source=y&minor=n HTTP/1.1" 200 7789 "-" "Mozilla/5.0 (Macintosh; Intel Mac OS X 10.15; rv:103.0) Gecko/20100101 Firefox/103.0"
85.25.177.139 - - [31/Aug/2022:21:51:17 +0200] "GET /PmWikiDe/UploadsAdmin HTTP/1.1" 200 24364 "-" "Mozilla/5.0 (Macintosh; Intel Mac OS X 10.15; rv:103.0) Gecko/20100101 Firefox/103.0"
85.25.177.139 - - [31/Aug/2022:21:52:09 +0200] "GET /PmWikiDe/LocalCustomizations?action=upload HTTP/1.1" 200 7158 "-" "Mozilla/5.0 (Macintosh; Intel Mac OS X 10.15; rv:103.0) Gecko/20100101 Firefox/103.0"
85.25.177.139 - - [31/Aug/2022:21:54:12 +0200] "GET /PmWikiDe/Uploads?action=edit HTTP/1.1" 200 7120 "-" "Mozilla/5.0 (Macintosh; Intel Mac OS X 10.15; rv:103.0) Gecko/20100101 Firefox/103.0"
85.25.177.139 - - [31/Aug/2022:21:55:36 +0200] "GET /PmWikiDe/LocalCustomizations?action=diff HTTP/1.1" 200 7847 "-" "Mozilla/5.0 (Macintosh; Intel Mac OS X 10.15; rv:103.0) Gecko/20100101 Firefox/103.0"
194.209.200.2 - - [31/Aug/2022:21:56:01 +0200] "GET /robots.txt HTTP/1.1" 200 - "-" "Mozilla/5.0 (compatible; TMMBot/0.2; +http://www.dslab.ch)/Nutch-1.15"
194.209.200.2 - - [31/Aug/2022:21:56:01 +0200] "GET /Texte/Rezension HTTP/1.1" 200 11812 "-" "Mozilla/5.0 (compatible; TMMBot/0.2; +http://www.dslab.ch)/Nutch-1.15"
66.249.76.228 - - [31/Aug/2022:21:57:09 +0200] "GET /PodCast/IndexPage?action=rss HTTP/1.1" 200 6298 "-" "Mozilla/5.0 (compatible; Googlebot/2.1; +http://www.google.com/bot.html)"
85.25.177.139 - - [31/Aug/2022:21:57:16 +0200] "GET /PmWikiFr/NotesDeVersions?action=edit HTTP/1.1" 200 9133 "-" "Mozilla/5.0 (Macintosh; Intel Mac OS X 10.15; rv:103.0) Gecko/20100101 Firefox/103.0"
194.209.200.2 - - [31/Aug/2022:21:58:08 +0200] "GET /Texte/Limericks HTTP/1.1" 200 8087 "-" "Mozilla/5.0 (compatible; TMMBot/0.2; +http://www.dslab.ch)/Nutch-1.15"
194.209.200.2 - - [31/Aug/2022:21:58:13 +0200] "GET /Texte/Schrybwys HTTP/1.1" 200 11028 "-" "Mozilla/5.0 (compatible; TMMBot/0.2; +http://www.dslab.ch)/Nutch-1.15"
85.25.177.139 - - [31/Aug/2022:21:58:54 +0200] "GET /PmWikiFr/IndexDocumentation HTTP/1.1" 200 16810 "-" "Mozilla/5.0 (Macintosh; Intel Mac OS X 10.15; rv:103.0) Gecko/20100101 Firefox/103.0"
85.25.177.139 - - [31/Aug/2022:21:59:43 +0200] "GET /PmWikiDe/LocalCustomizations?action=edit HTTP/1.1" 200 7258 "-" "Mozilla/5.0 (Macintosh; Intel Mac OS X 10.15; rv:103.0) Gecko/20100101 Firefox/103.0"
194.209.200.2 - - [31/Aug/2022:22:00:48 +0200] "GET /Texte/Gloosse HTTP/1.1" 200 8061 "-" "Mozilla/5.0 (compatible; TMMBot/0.2; +http://www.dslab.ch)/Nutch-1.15"
85.25.177.139 - - [31/Aug/2022:22:01:28 +0200] "GET /PmWikiFr/WebFeeds?action=edit HTTP/1.1" 200 9033 "-" "Mozilla/5.0 (Macintosh; Intel Mac OS X 10.15; rv:103.0) Gecko/20100101 Firefox/103.0"
85.25.177.139 - - [31/Aug/2022:22:02:13 +0200] "GET /PmWiki/TextFormattingRules?action=diff HTTP/1.1" 200 9365 "-" "Mozilla/5.0 (Macintosh; Intel Mac OS X 10.15; rv:103.0) Gecko/20100101 Firefox/103.0"
194.209.200.2 - - [31/Aug/2022:22:03:01 +0200] "GET /Hilfe/AnleitungTonbeispiele HTTP/1.1" 200 9878 "-" "Mozilla/5.0 (compatible; TMMBot/0.2; +http://www.dslab.ch)/Nutch-1.15"
85.25.177.139 - - [31/Aug/2022:22:04:10 +0200] "GET /PmWikiFr/BaliseDeCondition?action=edit HTTP/1.1" 200 9161 "-" "Mozilla/5.0 (Macintosh; Intel Mac OS X 10.15; rv:103.0) Gecko/20100101 Firefox/103.0"
85.25.177.139 - - [31/Aug/2022:22:06:08 +0200] "GET /PmWikiFr/ConfigurationLocale?action=edit HTTP/1.1" 200 9187 "-" "Mozilla/5.0 (Macintosh; Intel Mac OS X 10.15; rv:103.0) Gecko/20100101 Firefox/103.0"
85.25.177.139 - - [31/Aug/2022:22:07:54 +0200] "GET /PmWiki/ChangeLog HTTP/1.1" 200 104821 "-" "Mozilla/5.0 (Macintosh; Intel Mac OS X 10.15; rv:103.0) Gecko/20100101 Firefox/103.0"
85.25.177.139 - - [31/Aug/2022:22:09:38 +0200] "GET /PmWikiFr/IndexComplMents?action=edit HTTP/1.1" 200 9133 "-" "Mozilla/5.0 (Macintosh; Intel Mac OS X 10.15; rv:103.0) Gecko/20100101 Firefox/103.0"
85.25.177.139 - - [31/Aug/2022:22:10:04 +0200] "GET /PmWikiDe/WikistileFarben HTTP/1.1" 200 14710 "-" "Mozilla/5.0 (Macintosh; Intel Mac OS X 10.15; rv:103.0) Gecko/20100101 Firefox/103.0"
85.25.177.139 - - [31/Aug/2022:22:11:35 +0200] "GET /PmWikiDe/Wikigrundlagen HTTP/1.1" 200 11803 "-" "Mozilla/5.0 (Macintosh; Intel Mac OS X 10.15; rv:103.0) Gecko/20100101 Firefox/103.0"
85.25.177.139 - - [31/Aug/2022:22:12:33 +0200] "GET /PmWikiDe/NichtexistierendenSeiten?action=diff&source=y&minor=n HTTP/1.1" 200 7929 "-" "Mozilla/5.0 (Macintosh; Intel Mac OS X 10.15; rv:103.0) Gecko/20100101 Firefox/103.0"
85.25.177.139 - - [31/Aug/2022:22:13:46 +0200] "GET /PmWikiDe/Glossar HTTP/1.1" 200 7414 "-" "Mozilla/5.0 (Macintosh; Intel Mac OS X 10.15; rv:103.0) Gecko/20100101 Firefox/103.0"
85.25.177.139 - - [31/Aug/2022:22:14:43 +0200] "GET /PmWikiDe/NichtexistierendenSeiten?action=diff&source=n&minor=y HTTP/1.1" 200 7939 "-" "Mozilla/5.0 (Macintosh; Intel Mac OS X 10.15; rv:103.0) Gecko/20100101 Firefox/103.0"
85.25.177.139 - - [31/Aug/2022:22:16:26 +0200] "GET /PmWikiDe/WikiSeite HTTP/1.1" 200 6901 "-" "Mozilla/5.0 (Macintosh; Intel Mac OS X 10.15; rv:103.0) Gecko/20100101 Firefox/103.0"
85.25.177.139 - - [31/Aug/2022:22:17:01 +0200] "GET /PmWikiDe/BasicEditing?action=diff&source=n&minor=n HTTP/1.1" 200 7771 "-" "Mozilla/5.0 (Macintosh; Intel Mac OS X 10.15; rv:103.0) Gecko/20100101 Firefox/103.0"
85.25.177.139 - - [31/Aug/2022:22:18:53 +0200] "GET /PmWikiDe/PageNotFound HTTP/1.1" 200 14337 "-" "Mozilla/5.0 (Macintosh; Intel Mac OS X 10.15; rv:103.0) Gecko/20100101 Firefox/103.0"
85.25.177.139 - - [31/Aug/2022:22:19:34 +0200] "GET /PmWikiDe/BasicEditing?action=diff&source=y&minor=y HTTP/1.1" 200 7765 "-" "Mozilla/5.0 (Macintosh; Intel Mac OS X 10.15; rv:103.0) Gecko/20100101 Firefox/103.0"
85.25.177.139 - - [31/Aug/2022:22:21:34 +0200] "GET /PmWiki/I18nVariables?action=diff&source=n&minor=y HTTP/1.1" 200 9275 "-" "Mozilla/5.0 (Macintosh; Intel Mac OS X 10.15; rv:103.0) Gecko/20100101 Firefox/103.0"
85.25.177.139 - - [31/Aug/2022:22:22:22 +0200] "GET /Site/121Sitkouscht1482?action=upload HTTP/1.1" 200 8623 "-" "Mozilla/5.0 (Macintosh; Intel Mac OS X 10.15; rv:103.0) Gecko/20100101 Firefox/103.0"
85.25.177.139 - - [31/Aug/2022:22:24:03 +0200] "GET /PmWiki/I18nVariables?action=diff&source=y&minor=n HTTP/1.1" 200 9265 "-" "Mozilla/5.0 (Macintosh; Intel Mac OS X 10.15; rv:103.0) Gecko/20100101 Firefox/103.0"
85.25.177.139 - - [31/Aug/2022:22:24:45 +0200] "GET /Site/121Sitkouscht1482?action=edit&restore=diff:1255279806:1255279259:&preview=y HTTP/1.1" 200 8769 "-" "Mozilla/5.0 (Macintosh; Intel Mac OS X 10.15; rv:103.0) Gecko/20100101 Firefox/103.0"
85.25.177.139 - - [31/Aug/2022:22:26:21 +0200] "GET /PmWiki/SpecialCharacters?action=diff&source=n&minor=n HTTP/1.1" 200 9337 "-" "Mozilla/5.0 (Macintosh; Intel Mac OS X 10.15; rv:103.0) Gecko/20100101 Firefox/103.0"
85.25.177.139 - - [31/Aug/2022:22:27:08 +0200] "GET /Site/121Sitkouscht1482?action=edit&restore=diff:1255279857:1255279806:&preview=y HTTP/1.1" 200 8769 "-" "Mozilla/5.0 (Macintosh; Intel Mac OS X 10.15; rv:103.0) Gecko/20100101 Firefox/103.0"
85.25.177.139 - - [31/Aug/2022:22:28:51 +0200] "GET /Site/121Sitkouscht1482?action=diff&source=y&minor=n HTTP/1.1" 200 17799 "-" "Mozilla/5.0 (Macintosh; Intel Mac OS X 10.15; rv:103.0) Gecko/20100101 Firefox/103.0"
194.209.200.2 - - [31/Aug/2022:22:28:54 +0200] "GET /robots.txt HTTP/1.1" 200 - "-" "Mozilla/5.0 (compatible; TMMBot/0.2; +http://www.dslab.ch)/Nutch-1.15"
194.209.200.2 - - [31/Aug/2022:22:28:54 +0200] "GET /Texte/Rezension HTTP/1.1" 200 11812 "-" "Mozilla/5.0 (compatible; TMMBot/0.2; +http://www.dslab.ch)/Nutch-1.15"
85.25.177.139 - - [31/Aug/2022:22:29:25 +0200] "GET /Site/LocalTemplates?action=diff&source=n&minor=n HTTP/1.1" 200 9256 "-" "Mozilla/5.0 (Macintosh; Intel Mac OS X 10.15; rv:103.0) Gecko/20100101 Firefox/103.0"
85.25.177.139 - - [31/Aug/2022:22:30:50 +0200] "GET /Site/LocalTemplates?action=diff&source=y&minor=y HTTP/1.1" 200 9250 "-" "Mozilla/5.0 (Macintosh; Intel Mac OS X 10.15; rv:103.0) Gecko/20100101 Firefox/103.0"
194.209.200.2 - - [31/Aug/2022:22:31:11 +0200] "GET /Texte/Limericks HTTP/1.1" 200 8087 "-" "Mozilla/5.0 (compatible; TMMBot/0.2; +http://www.dslab.ch)/Nutch-1.15"
194.209.200.2 - - [31/Aug/2022:22:31:17 +0200] "GET /Texte/Schrybwys HTTP/1.1" 200 11028 "-" "Mozilla/5.0 (compatible; TMMBot/0.2; +http://www.dslab.ch)/Nutch-1.15"
85.25.177.139 - - [31/Aug/2022:22:32:10 +0200] "GET /Site/121Sitkouscht1482?action=edit&restore=diff:1255631832:1255630598:&preview=y HTTP/1.1" 200 8769 "-" "Mozilla/5.0 (Macintosh; Intel Mac OS X 10.15; rv:103.0) Gecko/20100101 Firefox/103.0"
185.191.171.4 - - [31/Aug/2022:22:33:01 +0200] "GET /robots.txt HTTP/1.1" 200 - "-" "Mozilla/5.0 (compatible; SemrushBot/7~bl; +http://www.semrush.com/bot.html)"
185.191.171.40 - - [31/Aug/2022:22:33:01 +0200] "GET /PITS/00076?action=edit HTTP/1.1" 404 18 "-" "Mozilla/5.0 (compatible; SemrushBot/7~bl; +http://www.semrush.com/bot.html)"
85.25.177.139 - - [31/Aug/2022:22:33:58 +0200] "GET /Site/121Sitkouscht1482?action=diff&source=n&minor=y HTTP/1.1" 200 18093 "-" "Mozilla/5.0 (Macintosh; Intel Mac OS X 10.15; rv:103.0) Gecko/20100101 Firefox/103.0"
194.209.200.2 - - [31/Aug/2022:22:34:01 +0200] "GET /Texte/Gloosse HTTP/1.1" 200 8061 "-" "Mozilla/5.0 (compatible; TMMBot/0.2; +http://www.dslab.ch)/Nutch-1.15"
85.25.177.139 - - [31/Aug/2022:22:35:45 +0200] "GET /PmWiki/CustomWikiStyles?action=upload HTTP/1.1" 200 8638 "-" "Mozilla/5.0 (Macintosh; Intel Mac OS X 10.15; rv:103.0) Gecko/20100101 Firefox/103.0"
194.209.200.2 - - [31/Aug/2022:22:36:23 +0200] "GET /Hilfe/AnleitungTonbeispiele HTTP/1.1" 200 9878 "-" "Mozilla/5.0 (compatible; TMMBot/0.2; +http://www.dslab.ch)/Nutch-1.15"
85.25.177.139 - - [31/Aug/2022:22:36:23 +0200] "GET /PmWiki/Internationalizations?action=diff&source=n&minor=y HTTP/1.1" 200 9401 "-" "Mozilla/5.0 (Macintosh; Intel Mac OS X 10.15; rv:103.0) Gecko/20100101 Firefox/103.0"
85.25.177.139 - - [31/Aug/2022:22:38:14 +0200] "GET /Localization/Localization?action=print HTTP/1.1" 404 2437 "-" "Mozilla/5.0 (Macintosh; Intel Mac OS X 10.15; rv:103.0) Gecko/20100101 Firefox/103.0"
85.25.177.139 - - [31/Aug/2022:22:40:09 +0200] "GET /PmWiki/Name?action=edit HTTP/1.1" 200 8566 "-" "Mozilla/5.0 (Macintosh; Intel Mac OS X 10.15; rv:103.0) Gecko/20100101 Firefox/103.0"
85.25.177.139 - - [31/Aug/2022:22:40:29 +0200] "GET /PmWiki/I18nVariables?action=upload HTTP/1.1" 200 8594 "-" "Mozilla/5.0 (Macintosh; Intel Mac OS X 10.15; rv:103.0) Gecko/20100101 Firefox/103.0"
85.25.177.139 - - [31/Aug/2022:22:41:54 +0200] "GET /PmWiki/AvailableActions?action=diff HTTP/1.1" 200 9315 "-" "Mozilla/5.0 (Macintosh; Intel Mac OS X 10.15; rv:103.0) Gecko/20100101 Firefox/103.0"
185.191.171.22 - - [31/Aug/2022:22:44:12 +0200] "GET /PmWikiDe/DeletingPages?action=edit HTTP/1.1" 403 18 "-" "Mozilla/5.0 (compatible; SemrushBot/7~bl; +http://www.semrush.com/bot.html)"
85.25.177.139 - - [31/Aug/2022:22:44:14 +0200] "GET /PmWiki/Troubleshooting HTTP/1.1" 200 29681 "-" "Mozilla/5.0 (Macintosh; Intel Mac OS X 10.15; rv:103.0) Gecko/20100101 Firefox/103.0"
85.25.177.139 - - [31/Aug/2022:22:46:03 +0200] "GET /PmWikiDe/Passwords?action=diff&source=y&minor=n HTTP/1.1" 200 7689 "-" "Mozilla/5.0 (Macintosh; Intel Mac OS X 10.15; rv:103.0) Gecko/20100101 Firefox/103.0"
85.25.177.139 - - [31/Aug/2022:22:46:52 +0200] "GET /PmWiki/ContactUs?action=print HTTP/1.1" 200 3088 "-" "Mozilla/5.0 (Macintosh; Intel Mac OS X 10.15; rv:103.0) Gecko/20100101 Firefox/103.0"
85.25.177.139 - - [31/Aug/2022:22:49:25 +0200] "GET /PmWiki/OtherVariables?action=diff HTTP/1.1" 200 9283 "-" "Mozilla/5.0 (Macintosh; Intel Mac OS X 10.15; rv:103.0) Gecko/20100101 Firefox/103.0"
185.191.171.35 - - [31/Aug/2022:22:49:34 +0200] "GET /PmWikiJa/GlobalOperations?action=edit HTTP/1.1" 404 18 "-" "Mozilla/5.0 (compatible; SemrushBot/7~bl; +http://www.semrush.com/bot.html)"
85.25.177.139 - - [31/Aug/2022:22:50:33 +0200] "GET /PmWiki/MarkupExpressions?action=diff&source=y&minor=y HTTP/1.1" 200 9331 "-" "Mozilla/5.0 (Macintosh; Intel Mac OS X 10.15; rv:103.0) Gecko/20100101 Firefox/103.0"
185.191.171.38 - - [31/Aug/2022:22:51:50 +0200] "GET /PmWikiDe/PerGroupCustomizations?action=edit HTTP/1.1" 404 18 "-" "Mozilla/5.0 (compatible; SemrushBot/7~bl; +http://www.semrush.com/bot.html)"
85.25.177.139 - - [31/Aug/2022:22:52:32 +0200] "GET /PmWiki/OtherVariables?action=upload HTTP/1.1" 200 8608 "-" "Mozilla/5.0 (Macintosh; Intel Mac OS X 10.15; rv:103.0) Gecko/20100101 Firefox/103.0"
85.25.177.139 - - [31/Aug/2022:22:53:18 +0200] "GET /PmWiki/MarkupExpressions?action=diff&source=n&minor=n HTTP/1.1" 200 9337 "-" "Mozilla/5.0 (Macintosh; Intel Mac OS X 10.15; rv:103.0) Gecko/20100101 Firefox/103.0"
85.25.177.139 - - [31/Aug/2022:22:55:08 +0200] "GET /PmWiki/Variables?action=upload HTTP/1.1" 200 8536 "-" "Mozilla/5.0 (Macintosh; Intel Mac OS X 10.15; rv:103.0) Gecko/20100101 Firefox/103.0"
66.249.76.235 - - [31/Aug/2022:22:57:13 +0200] "GET /PodCast/IndexPage?action=rss HTTP/1.1" 200 6298 "-" "Mozilla/5.0 (compatible; Googlebot/2.1; +http://www.google.com/bot.html)"
85.25.177.139 - - [31/Aug/2022:22:57:25 +0200] "GET /Profiles/Jean-Dom?action=diff HTTP/1.1" 200 9216 "-" "Mozilla/5.0 (Macintosh; Intel Mac OS X 10.15; rv:103.0) Gecko/20100101 Firefox/103.0"
85.25.177.139 - - [31/Aug/2022:22:59:01 +0200] "GET /Profiles/Jean-Dom?action=print HTTP/1.1" 404 2401 "-" "Mozilla/5.0 (Macintosh; Intel Mac OS X 10.15; rv:103.0) Gecko/20100101 Firefox/103.0"
194.209.200.2 - - [31/Aug/2022:23:00:17 +0200] "GET /robots.txt HTTP/1.1" 200 - "-" "Mozilla/5.0 (compatible; TMMBot/0.2; +http://www.dslab.ch)/Nutch-1.15"
194.209.200.2 - - [31/Aug/2022:23:00:17 +0200] "GET /Texte/Rezension HTTP/1.1" 200 11812 "-" "Mozilla/5.0 (compatible; TMMBot/0.2; +http://www.dslab.ch)/Nutch-1.15"
85.25.177.139 - - [31/Aug/2022:23:00:35 +0200] "GET /Profiles/Jean-Dom?action=upload HTTP/1.1" 200 8549 "-" "Mozilla/5.0 (Macintosh; Intel Mac OS X 10.15; rv:103.0) Gecko/20100101 Firefox/103.0"
85.25.177.139 - - [31/Aug/2022:23:02:20 +0200] "GET /PmWikiDe/BackupAndRestore?action=print HTTP/1.1" 200 7405 "-" "Mozilla/5.0 (Macintosh; Intel Mac OS X 10.15; rv:103.0) Gecko/20100101 Firefox/103.0"
194.209.200.2 - - [31/Aug/2022:23:02:35 +0200] "GET /Texte/Limericks HTTP/1.1" 200 8087 "-" "Mozilla/5.0 (compatible; TMMBot/0.2; +http://www.dslab.ch)/Nutch-1.15"
194.209.200.2 - - [31/Aug/2022:23:02:39 +0200] "GET /Texte/Schrybwys HTTP/1.1" 200 11028 "-" "Mozilla/5.0 (compatible; TMMBot/0.2; +http://www.dslab.ch)/Nutch-1.15"
85.25.177.139 - - [31/Aug/2022:23:04:11 +0200] "GET /PmWikiDe/PerGroupCustomizations?action=edit HTTP/1.1" 200 7306 "-" "Mozilla/5.0 (Macintosh; Intel Mac OS X 10.15; rv:103.0) Gecko/20100101 Firefox/103.0"
194.209.200.2 - - [31/Aug/2022:23:05:24 +0200] "GET /Texte/Gloosse HTTP/1.1" 200 8061 "-" "Mozilla/5.0 (compatible; TMMBot/0.2; +http://www.dslab.ch)/Nutch-1.15"
185.191.171.24 - - [31/Aug/2022:23:05:38 +0200] "GET /PmWikiDe/Skins?action=edit HTTP/1.1" 403 18 "-" "Mozilla/5.0 (compatible; SemrushBot/7~bl; +http://www.semrush.com/bot.html)"
185.191.171.10 - - [31/Aug/2022:23:05:55 +0200] "GET /PmWikiDe/PmWikiPhilosophy?action=upload HTTP/1.1" 403 18 "-" "Mozilla/5.0 (compatible; SemrushBot/7~bl; +http://www.semrush.com/bot.html)"
85.25.177.139 - - [31/Aug/2022:23:06:01 +0200] "GET /PmWikiDe/BackupAndRestore?action=upload HTTP/1.1" 200 7174 "-" "Mozilla/5.0 (Macintosh; Intel Mac OS X 10.15; rv:103.0) Gecko/20100101 Firefox/103.0"
85.25.177.139 - - [31/Aug/2022:23:06:37 +0200] "GET /PmWiki/DesignNotes?action=edit HTTP/1.1" 200 8666 "-" "Mozilla/5.0 (Macintosh; Intel Mac OS X 10.15; rv:103.0) Gecko/20100101 Firefox/103.0"
194.209.200.2 - - [31/Aug/2022:23:07:41 +0200] "GET /Hilfe/AnleitungTonbeispiele HTTP/1.1" 200 9878 "-" "Mozilla/5.0 (compatible; TMMBot/0.2; +http://www.dslab.ch)/Nutch-1.15"
85.25.177.139 - - [31/Aug/2022:23:08:03 +0200] "GET /PmWikiDe/BackupAndRestore?action=diff HTTP/1.1" 200 7857 "-" "Mozilla/5.0 (Macintosh; Intel Mac OS X 10.15; rv:103.0) Gecko/20100101 Firefox/103.0"
85.25.177.139 - - [31/Aug/2022:23:09:50 +0200] "GET /PmWikiDe/BackupAndRestore?action=edit HTTP/1.1" 200 7274 "-" "Mozilla/5.0 (Macintosh; Intel Mac OS X 10.15; rv:103.0) Gecko/20100101 Firefox/103.0"
85.25.177.139 - - [31/Aug/2022:23:11:45 +0200] "GET /robots.txt HTTP/1.1" 200 - "-" "Mozilla/5.0 (Macintosh; Intel Mac OS X 10.15; rv:103.0) Gecko/20100101 Firefox/103.0"
85.25.177.139 - - [31/Aug/2022:23:11:45 +0200] "GET /PmWiki/Images?action=edit HTTP/1.1" 200 8594 "-" "Mozilla/5.0 (Macintosh; Intel Mac OS X 10.15; rv:103.0) Gecko/20100101 Firefox/103.0"
216.244.66.243 - - [31/Aug/2022:23:11:53 +0200] "GET /robots.txt HTTP/1.1" 200 - "-" "Mozilla/5.0 (compatible; DotBot/1.2; +https://opensiteexplorer.org/dotbot; help@moz.com)"
85.25.177.139 - - [31/Aug/2022:23:12:22 +0200] "GET /PmWiki/DesignNotes?action=diff HTTP/1.1" 200 9235 "-" "Mozilla/5.0 (Macintosh; Intel Mac OS X 10.15; rv:103.0) Gecko/20100101 Firefox/103.0"
85.25.177.139 - - [31/Aug/2022:23:13:21 +0200] "GET /PmWikiFr/SitePages?action=diff HTTP/1.1" 200 9622 "-" "Mozilla/5.0 (Macintosh; Intel Mac OS X 10.15; rv:103.0) Gecko/20100101 Firefox/103.0"
85.25.177.139 - - [31/Aug/2022:23:13:51 +0200] "GET /PmWikiFr/InterMap HTTP/1.1" 200 12430 "-" "Mozilla/5.0 (Macintosh; Intel Mac OS X 10.15; rv:103.0) Gecko/20100101 Firefox/103.0"
85.25.177.139 - - [31/Aug/2022:23:15:02 +0200] "GET /PmWikiFr/SitePages?action=print HTTP/1.1" 200 6602 "-" "Mozilla/5.0 (Macintosh; Intel Mac OS X 10.15; rv:103.0) Gecko/20100101 Firefox/103.0"
85.25.177.139 - - [31/Aug/2022:23:16:12 +0200] "GET /PmWikiFr/Recherche HTTP/1.1" 200 10881 "-" "Mozilla/5.0 (Macintosh; Intel Mac OS X 10.15; rv:103.0) Gecko/20100101 Firefox/103.0"
85.25.177.139 - - [31/Aug/2022:23:17:17 +0200] "GET /PmWikiFr/SitePages?action=edit HTTP/1.1" 200 9053 "-" "Mozilla/5.0 (Macintosh; Intel Mac OS X 10.15; rv:103.0) Gecko/20100101 Firefox/103.0"
85.25.177.139 - - [31/Aug/2022:23:19:17 +0200] "GET /PmWikiFr/A?action=search&q=link=PmWikiFr.SitePages&fmt=title HTTP/1.1" 200 10979 "-" "Mozilla/5.0 (Macintosh; Intel Mac OS X 10.15; rv:103.0) Gecko/20100101 Firefox/103.0"
85.25.177.139 - - [31/Aug/2022:23:20:28 +0200] "GET /PmWikiDe/Audiences?action=edit HTTP/1.1" 200 7124 "-" "Mozilla/5.0 (Macintosh; Intel Mac OS X 10.15; rv:103.0) Gecko/20100101 Firefox/103.0"
85.25.177.139 - - [31/Aug/2022:23:21:51 +0200] "GET /PmWikiDe/Contributors HTTP/1.1" 200 9656 "-" "Mozilla/5.0 (Macintosh; Intel Mac OS X 10.15; rv:103.0) Gecko/20100101 Firefox/103.0"
85.25.177.139 - - [31/Aug/2022:23:23:18 +0200] "GET /PmWikiDe/Audiences?action=upload HTTP/1.1" 200 7024 "-" "Mozilla/5.0 (Macintosh; Intel Mac OS X 10.15; rv:103.0) Gecko/20100101 Firefox/103.0"
85.25.177.139 - - [31/Aug/2022:23:24:36 +0200] "GET /PmWikiDe/Audiences?action=diff HTTP/1.1" 200 7693 "-" "Mozilla/5.0 (Macintosh; Intel Mac OS X 10.15; rv:103.0) Gecko/20100101 Firefox/103.0"
216.244.66.243 - - [31/Aug/2022:23:24:43 +0200] "GET /PodCast/REZlangeTage HTTP/1.1" 200 10125 "-" "Mozilla/5.0 (compatible; DotBot/1.2; +https://opensiteexplorer.org/dotbot; help@moz.com)"
85.25.177.139 - - [31/Aug/2022:23:25:52 +0200] "GET /PmWikiDe/UpgradingFromPmWiki1 HTTP/1.1" 200 14270 "-" "Mozilla/5.0 (Macintosh; Intel Mac OS X 10.15; rv:103.0) Gecko/20100101 Firefox/103.0"
85.25.177.139 - - [31/Aug/2022:23:26:41 +0200] "GET /PmWikiFr/AcceptPathInfo HTTP/1.1" 200 9640 "-" "Mozilla/5.0 (Macintosh; Intel Mac OS X 10.15; rv:103.0) Gecko/20100101 Firefox/103.0"
85.25.177.139 - - [31/Aug/2022:23:27:50 +0200] "GET /PmWikiFr/Upgrades HTTP/1.1" 200 11977 "-" "Mozilla/5.0 (Macintosh; Intel Mac OS X 10.15; rv:103.0) Gecko/20100101 Firefox/103.0"
185.191.171.6 - - [31/Aug/2022:23:28:43 +0200] "GET /PmWikiDe/Voraussetzungen?action=upload HTTP/1.1" 403 18 "-" "Mozilla/5.0 (compatible; SemrushBot/7~bl; +http://www.semrush.com/bot.html)"
85.25.177.139 - - [31/Aug/2022:23:29:56 +0200] "GET /PmWikiFr/CustomWikiStyles HTTP/1.1" 200 16880 "-" "Mozilla/5.0 (Macintosh; Intel Mac OS X 10.15; rv:103.0) Gecko/20100101 Firefox/103.0"
85.25.177.139 - - [31/Aug/2022:23:30:35 +0200] "GET /PmWiki/Uploads?action=diff&source=n&minor=y HTTP/1.1" 200 9177 "-" "Mozilla/5.0 (Macintosh; Intel Mac OS X 10.15; rv:103.0) Gecko/20100101 Firefox/103.0"
85.25.177.139 - - [31/Aug/2022:23:31:45 +0200] "GET /PmWikiFr/LayoutBasics HTTP/1.1" 200 14409 "-" "Mozilla/5.0 (Macintosh; Intel Mac OS X 10.15; rv:103.0) Gecko/20100101 Firefox/103.0"
194.209.200.2 - - [31/Aug/2022:23:32:52 +0200] "GET /robots.txt HTTP/1.1" 200 - "-" "Mozilla/5.0 (compatible; TMMBot/0.2; +http://www.dslab.ch)/Nutch-1.15"
194.209.200.2 - - [31/Aug/2022:23:32:52 +0200] "GET /Texte/Rezension HTTP/1.1" 200 11812 "-" "Mozilla/5.0 (compatible; TMMBot/0.2; +http://www.dslab.ch)/Nutch-1.15"
85.25.177.139 - - [31/Aug/2022:23:33:37 +0200] "GET /PmWikiDe/PmWikiPhilosophy HTTP/1.1" 200 12444 "-" "Mozilla/5.0 (Macintosh; Intel Mac OS X 10.15; rv:103.0) Gecko/20100101 Firefox/103.0"
85.25.177.139 - - [31/Aug/2022:23:33:55 +0200] "GET /PmWikiFr/AuthUser HTTP/1.1" 200 20474 "-" "Mozilla/5.0 (Macintosh; Intel Mac OS X 10.15; rv:103.0) Gecko/20100101 Firefox/103.0"
194.209.200.2 - - [31/Aug/2022:23:35:00 +0200] "GET /Texte/Limericks HTTP/1.1" 200 8087 "-" "Mozilla/5.0 (compatible; TMMBot/0.2; +http://www.dslab.ch)/Nutch-1.15"
194.209.200.2 - - [31/Aug/2022:23:35:04 +0200] "GET /Texte/Schrybwys HTTP/1.1" 200 11028 "-" "Mozilla/5.0 (compatible; TMMBot/0.2; +http://www.dslab.ch)/Nutch-1.15"
3.219.254.95 - - [31/Aug/2022:23:35:28 +0200] "GET /PodCast/IndexPage?action=rss HTTP/1.1" 200 6298 "-" "PocketCasts/1.0 (Pocket Casts Feed Parser; +http://pocketcasts.com/)"
85.25.177.139 - - [31/Aug/2022:23:35:41 +0200] "GET /PmWikiFr/CustomMarkup HTTP/1.1" 200 21441 "-" "Mozilla/5.0 (Macintosh; Intel Mac OS X 10.15; rv:103.0) Gecko/20100101 Firefox/103.0"
216.244.66.243 - - [31/Aug/2022:23:35:42 +0200] "GET /uploads/PodCast/WGA0Inhalt.mp3 HTTP/1.1" 200 1192125 "-" "Mozilla/5.0 (compatible; DotBot/1.2; +https://opensiteexplorer.org/dotbot; help@moz.com)"
85.25.177.139 - - [31/Aug/2022:23:36:47 +0200] "GET /PmWiki/UrlApprovals?action=upload HTTP/1.1" 200 8580 "-" "Mozilla/5.0 (Macintosh; Intel Mac OS X 10.15; rv:103.0) Gecko/20100101 Firefox/103.0"
85.25.177.139 - - [31/Aug/2022:23:37:24 +0200] "GET /PmWikiFr/IndexDocAdmin?action=diff HTTP/1.1" 200 9736 "-" "Mozilla/5.0 (Macintosh; Intel Mac OS X 10.15; rv:103.0) Gecko/20100101 Firefox/103.0"
194.209.200.2 - - [31/Aug/2022:23:37:37 +0200] "GET /Texte/Gloosse HTTP/1.1" 200 8061 "-" "Mozilla/5.0 (compatible; TMMBot/0.2; +http://www.dslab.ch)/Nutch-1.15"
85.25.177.139 - - [31/Aug/2022:23:38:54 +0200] "GET /PmWikiFr/SkinTemplates HTTP/1.1" 200 18218 "-" "Mozilla/5.0 (Macintosh; Intel Mac OS X 10.15; rv:103.0) Gecko/20100101 Firefox/103.0"
185.191.171.41 - - [31/Aug/2022:23:38:58 +0200] "GET /robots.txt HTTP/1.1" 200 - "-" "Mozilla/5.0 (compatible; SemrushBot/7~bl; +http://www.semrush.com/bot.html)"
185.191.171.2 - - [31/Aug/2022:23:38:58 +0200] "GET /PmWikiFr/Notify HTTP/1.1" 200 25842 "-" "Mozilla/5.0 (compatible; SemrushBot/7~bl; +http://www.semrush.com/bot.html)"
185.191.171.12 - - [31/Aug/2022:23:39:14 +0200] "GET /PmWikiDe/MarkupMasterIndex?action=print HTTP/1.1" 403 18 "-" "Mozilla/5.0 (compatible; SemrushBot/7~bl; +http://www.semrush.com/bot.html)"
194.209.200.2 - - [31/Aug/2022:23:39:47 +0200] "GET /Hilfe/AnleitungTonbeispiele HTTP/1.1" 200 9878 "-" "Mozilla/5.0 (compatible; TMMBot/0.2; +http://www.dslab.ch)/Nutch-1.15"
85.25.177.139 - - [31/Aug/2022:23:39:53 +0200] "GET /PmWiki/UrlApprovals?action=edit HTTP/1.1" 200 8680 "-" "Mozilla/5.0 (Macintosh; Intel Mac OS X 10.15; rv:103.0) Gecko/20100101 Firefox/103.0"
85.25.177.139 - - [31/Aug/2022:23:41:02 +0200] "GET /PmWikiFr/Variables HTTP/1.1" 200 59312 "-" "Mozilla/5.0 (Macintosh; Intel Mac OS X 10.15; rv:103.0) Gecko/20100101 Firefox/103.0"
185.191.171.17 - - [31/Aug/2022:23:41:13 +0200] "GET /PmWikiRu/XLPage HTTP/1.1" 200 19493 "-" "Mozilla/5.0 (compatible; SemrushBot/7~bl; +http://www.semrush.com/bot.html)"
85.25.177.139 - - [31/Aug/2022:23:42:04 +0200] "GET /PmWiki/UrlApprovals?action=diff HTTP/1.1" 200 9251 "-" "Mozilla/5.0 (Macintosh; Intel Mac OS X 10.15; rv:103.0) Gecko/20100101 Firefox/103.0"
85.25.177.139 - - [31/Aug/2022:23:42:51 +0200] "GET /PmWikiFr/UploadQuickReference HTTP/1.1" 200 10712 "-" "Mozilla/5.0 (Macintosh; Intel Mac OS X 10.15; rv:103.0) Gecko/20100101 Firefox/103.0"
185.191.171.20 - - [31/Aug/2022:23:43:18 +0200] "GET /PmWikiJa/BackupPages?action=edit HTTP/1.1" 404 18 "-" "Mozilla/5.0 (compatible; SemrushBot/7~bl; +http://www.semrush.com/bot.html)"
85.192.63.181 - - [31/Aug/2022:23:43:39 +0200] "GET /Texte/Rezension/ HTTP/1.1" 200 11812 "https://sochinarkolog.ru/lechenie-zavisimosti-ot-gashisha.html" "Mozilla/4.0 (compatible; MSIE 5.0; Windows 2000) Opera 6.0 [en]"
85.192.63.181 - - [31/Aug/2022:23:43:40 +0200] "GET /Texte/Rezension/ HTTP/1.1" 200 11812 "https://sochinarkolog.ru/lechenie-zavisimosti-ot-gashisha.html" "Mozilla/4.0 (compatible; MSIE 5.0; Windows 2000) Opera 6.0 [en]"
85.192.63.181 - - [31/Aug/2022:23:43:40 +0200] "GET /Texte/Rezension/ HTTP/1.1" 200 11812 "https://sochinarkolog.ru/lechenie-zavisimosti-ot-gashisha.html" "Mozilla/4.0 (compatible; MSIE 5.0; Windows 2000) Opera 6.0 [en]"
85.25.177.139 - - [31/Aug/2022:23:44:39 +0200] "GET /PmWikiFr/A?action=search&q=link=PmWikiFr.IndexDocAdmin&fmt=title HTTP/1.1" 200 14847 "-" "Mozilla/5.0 (Macintosh; Intel Mac OS X 10.15; rv:103.0) Gecko/20100101 Firefox/103.0"
185.191.171.36 - - [31/Aug/2022:23:46:46 +0200] "GET /PmWikiPtBr/XLPage?action=print HTTP/1.1" 403 18 "-" "Mozilla/5.0 (compatible; SemrushBot/7~bl; +http://www.semrush.com/bot.html)"
85.25.177.139 - - [31/Aug/2022:23:48:46 +0200] "GET /PmWikiFr/Glossary HTTP/1.1" 200 15808 "-" "Mozilla/5.0 (Macintosh; Intel Mac OS X 10.15; rv:103.0) Gecko/20100101 Firefox/103.0"
185.191.171.4 - - [31/Aug/2022:23:50:07 +0200] "GET /PmWikiDe/MarkupMasterIndex?action=diff HTTP/1.1" 403 18 "-" "Mozilla/5.0 (compatible; SemrushBot/7~bl; +http://www.semrush.com/bot.html)"
85.25.177.139 - - [31/Aug/2022:23:50:51 +0200] "GET /PmWikiDe/WikiWikiWeb?action=diff HTTP/1.1" 200 7725 "-" "Mozilla/5.0 (Macintosh; Intel Mac OS X 10.15; rv:103.0) Gecko/20100101 Firefox/103.0"
85.25.177.139 - - [31/Aug/2022:23:51:22 +0200] "GET /PmWikiFr/UrlApprovals HTTP/1.1" 200 12567 "-" "Mozilla/5.0 (Macintosh; Intel Mac OS X 10.15; rv:103.0) Gecko/20100101 Firefox/103.0"
85.25.177.139 - - [31/Aug/2022:23:53:14 +0200] "GET /PmWikiDe/WikiWikiWeb?action=edit HTTP/1.1" 200 7152 "-" "Mozilla/5.0 (Macintosh; Intel Mac OS X 10.15; rv:103.0) Gecko/20100101 Firefox/103.0"
85.25.177.139 - - [31/Aug/2022:23:54:41 +0200] "GET /PmWikiDe/Skins HTTP/1.1" 200 6531 "-" "Mozilla/5.0 (Macintosh; Intel Mac OS X 10.15; rv:103.0) Gecko/20100101 Firefox/103.0"
85.25.177.139 - - [31/Aug/2022:23:55:06 +0200] "GET /PmWikiDe/WikiWikiWeb?action=upload HTTP/1.1" 200 7052 "-" "Mozilla/5.0 (Macintosh; Intel Mac OS X 10.15; rv:103.0) Gecko/20100101 Firefox/103.0"
85.25.177.139 - - [31/Aug/2022:23:56:35 +0200] "GET /PmWikiDe/InitialSetupTasks HTTP/1.1" 200 15308 "-" "Mozilla/5.0 (Macintosh; Intel Mac OS X 10.15; rv:103.0) Gecko/20100101 Firefox/103.0"
85.25.177.139 - - [31/Aug/2022:23:56:55 +0200] "GET /PmWikiDe/TextFormattingRules?action=edit HTTP/1.1" 200 7268 "-" "Mozilla/5.0 (Macintosh; Intel Mac OS X 10.15; rv:103.0) Gecko/20100101 Firefox/103.0"
85.25.177.139 - - [31/Aug/2022:23:58:48 +0200] "GET /PmWikiDe/TextFormattingRules?action=diff HTTP/1.1" 200 7857 "-" "Mozilla/5.0 (Macintosh; Intel Mac OS X 10.15; rv:103.0) Gecko/20100101 Firefox/103.0"
