85.25.185.196 - - [29/Dec/2022:14:04:22 +0100] "GET /PodCast/RSSPodcasts?action=edit&restore=diff:1177573059:1177573039:&preview=y HTTP/1.1" 200 8726 "-" "Mozilla/5.0 (Macintosh; Intel Mac OS X 10.15; rv:103.0) Gecko/20100101 Firefox/103.0"
85.25.185.196 - - [29/Dec/2022:14:08:08 +0100] "GET /PodCast/RSSPodcasts?action=edit&restore=diff:1177572547:1177572424:&preview=y HTTP/1.1" 200 8726 "-" "Mozilla/5.0 (Macintosh; Intel Mac OS X 10.15; rv:103.0) Gecko/20100101 Firefox/103.0"
85.25.185.196 - - [29/Dec/2022:14:10:03 +0100] "GET /PodCast/RSSPodcasts?action=edit&restore=diff:1177572281:1177572128:&preview=y HTTP/1.1" 200 8726 "-" "Mozilla/5.0 (Macintosh; Intel Mac OS X 10.15; rv:103.0) Gecko/20100101 Firefox/103.0"
54.36.148.245 - - [29/Dec/2022:14:11:06 +0100] "GET /robots.txt HTTP/1.1" 200 - "-" "Mozilla/5.0 (compatible; AhrefsBot/7.0; +http://ahrefs.com/robot/)"
54.36.148.165 - - [29/Dec/2022:14:11:08 +0100] "GET / HTTP/1.1" 200 15085 "-" "Mozilla/5.0 (compatible; AhrefsBot/7.0; +http://ahrefs.com/robot/)"
85.25.185.196 - - [29/Dec/2022:14:11:39 +0100] "GET /PodCast/RSSPodcasts?action=diff&source=y&minor=n HTTP/1.1" 200 25498 "-" "Mozilla/5.0 (Macintosh; Intel Mac OS X 10.15; rv:103.0) Gecko/20100101 Firefox/103.0"
85.25.185.196 - - [29/Dec/2022:14:12:29 +0100] "GET /PodCast/RSSPodcasts?action=edit&restore=diff:1357846716:1178723194:&preview=y HTTP/1.1" 200 8726 "-" "Mozilla/5.0 (Macintosh; Intel Mac OS X 10.15; rv:103.0) Gecko/20100101 Firefox/103.0"
85.25.185.196 - - [29/Dec/2022:14:14:01 +0100] "GET /PodCast/RSSPodcasts?action=edit&restore=diff:1376904377:1357846716:&preview=y HTTP/1.1" 200 8726 "-" "Mozilla/5.0 (Macintosh; Intel Mac OS X 10.15; rv:103.0) Gecko/20100101 Firefox/103.0"
85.25.185.196 - - [29/Dec/2022:14:16:32 +0100] "GET /PodCast/RSSPodcasts?action=edit&restore=diff:1177572128:1177572082:&preview=y HTTP/1.1" 200 8726 "-" "Mozilla/5.0 (Macintosh; Intel Mac OS X 10.15; rv:103.0) Gecko/20100101 Firefox/103.0"
185.191.171.21 - - [29/Dec/2022:14:17:47 +0100] "GET /robots.txt HTTP/1.1" 200 - "-" "Mozilla/5.0 (compatible; SemrushBot/7~bl; +http://www.semrush.com/bot.html)"
185.191.171.35 - - [29/Dec/2022:14:17:47 +0100] "GET /PmWikiIt/RegoleFormattazione HTTP/1.1" 200 17702 "-" "Mozilla/5.0 (compatible; SemrushBot/7~bl; +http://www.semrush.com/bot.html)"
85.25.185.196 - - [29/Dec/2022:14:18:23 +0100] "GET /PodCast/RSSPodcasts?action=edit&restore=diff:1177572082:1163083850:&preview=y HTTP/1.1" 200 8726 "-" "Mozilla/5.0 (Macintosh; Intel Mac OS X 10.15; rv:103.0) Gecko/20100101 Firefox/103.0"
85.25.185.196 - - [29/Dec/2022:14:19:43 +0100] "GET /PodCast/RSSPodcasts?action=edit&restore=diff:1177572356:1177572281:&preview=y HTTP/1.1" 200 8726 "-" "Mozilla/5.0 (Macintosh; Intel Mac OS X 10.15; rv:103.0) Gecko/20100101 Firefox/103.0"
85.25.185.196 - - [29/Dec/2022:14:20:34 +0100] "GET /PodCast/RSSPodcasts?action=edit&restore=diff:1177573243:1177573201:&preview=y HTTP/1.1" 200 8726 "-" "Mozilla/5.0 (Macintosh; Intel Mac OS X 10.15; rv:103.0) Gecko/20100101 Firefox/103.0"
85.25.185.196 - - [29/Dec/2022:14:21:26 +0100] "GET /PodCast/RSSPodcasts?action=edit&restore=diff:1376904428:1376904377:&preview=y HTTP/1.1" 200 8726 "-" "Mozilla/5.0 (Macintosh; Intel Mac OS X 10.15; rv:103.0) Gecko/20100101 Firefox/103.0"
85.25.185.196 - - [29/Dec/2022:14:22:27 +0100] "GET /PodCast/RSSPodcasts?action=edit&restore=diff:1177572598:1177572569:&preview=y HTTP/1.1" 200 8726 "-" "Mozilla/5.0 (Macintosh; Intel Mac OS X 10.15; rv:103.0) Gecko/20100101 Firefox/103.0"
85.25.185.196 - - [29/Dec/2022:14:24:13 +0100] "GET /PodCast/RSSPodcasts?action=edit&restore=diff:1178723194:1178723176:&preview=y HTTP/1.1" 200 8726 "-" "Mozilla/5.0 (Macintosh; Intel Mac OS X 10.15; rv:103.0) Gecko/20100101 Firefox/103.0"
85.25.185.196 - - [29/Dec/2022:14:26:10 +0100] "GET /PodCast/RSSPodcasts?action=edit&restore=diff:1177573039:1177572598:&preview=y HTTP/1.1" 200 8726 "-" "Mozilla/5.0 (Macintosh; Intel Mac OS X 10.15; rv:103.0) Gecko/20100101 Firefox/103.0"
85.25.185.196 - - [29/Dec/2022:14:27:05 +0100] "GET /PodCast/RSSPodcasts?action=edit&restore=diff:1177573259:1177573243:&preview=y HTTP/1.1" 200 8726 "-" "Mozilla/5.0 (Macintosh; Intel Mac OS X 10.15; rv:103.0) Gecko/20100101 Firefox/103.0"
85.25.185.196 - - [29/Dec/2022:14:28:22 +0100] "GET /Texte/Roman?action=diff&source=n&minor=n HTTP/1.1" 200 99179 "-" "Mozilla/5.0 (Macintosh; Intel Mac OS X 10.15; rv:103.0) Gecko/20100101 Firefox/103.0"
85.25.185.196 - - [29/Dec/2022:14:29:23 +0100] "GET /Texte/Roman?action=diff&source=y&minor=y HTTP/1.1" 200 104718 "-" "Mozilla/5.0 (Macintosh; Intel Mac OS X 10.15; rv:103.0) Gecko/20100101 Firefox/103.0"
85.25.185.196 - - [29/Dec/2022:14:30:25 +0100] "GET /Hilfe/Winamp?action=upload HTTP/1.1" 200 8479 "-" "Mozilla/5.0 (Macintosh; Intel Mac OS X 10.15; rv:103.0) Gecko/20100101 Firefox/103.0"
185.191.171.1 - - [29/Dec/2022:14:40:45 +0100] "GET /PmWikiRu/InitialSetupTasks HTTP/1.1" 200 21048 "-" "Mozilla/5.0 (compatible; SemrushBot/7~bl; +http://www.semrush.com/bot.html)"
85.25.185.196 - - [29/Dec/2022:14:44:41 +0100] "GET /Hilfe/Winamp?action=edit HTTP/1.1" 200 8579 "-" "Mozilla/5.0 (Macintosh; Intel Mac OS X 10.15; rv:103.0) Gecko/20100101 Firefox/103.0"
85.25.185.196 - - [29/Dec/2022:14:45:55 +0100] "GET /Hilfe/Winamp?action=print HTTP/1.1" 200 3553 "-" "Mozilla/5.0 (Macintosh; Intel Mac OS X 10.15; rv:103.0) Gecko/20100101 Firefox/103.0"
85.25.185.196 - - [29/Dec/2022:14:47:03 +0100] "GET /Hilfe/Winamp?action=diff HTTP/1.1" 200 12192 "-" "Mozilla/5.0 (Macintosh; Intel Mac OS X 10.15; rv:103.0) Gecko/20100101 Firefox/103.0"
85.25.185.196 - - [29/Dec/2022:14:48:07 +0100] "GET /Texte/GDicht?action=edit&restore=diff:1591952806:1591952806:&preview=y HTTP/1.1" 200 8627 "-" "Mozilla/5.0 (Macintosh; Intel Mac OS X 10.15; rv:103.0) Gecko/20100101 Firefox/103.0"
85.25.185.196 - - [29/Dec/2022:14:48:48 +0100] "GET /Texte/GDicht?action=diff&source=y&minor=n HTTP/1.1" 200 9532 "-" "Mozilla/5.0 (Macintosh; Intel Mac OS X 10.15; rv:103.0) Gecko/20100101 Firefox/103.0"
85.25.185.196 - - [29/Dec/2022:14:50:46 +0100] "GET /Texte/GDicht?action=diff&source=n&minor=y HTTP/1.1" 200 9542 "-" "Mozilla/5.0 (Macintosh; Intel Mac OS X 10.15; rv:103.0) Gecko/20100101 Firefox/103.0"
85.25.185.196 - - [29/Dec/2022:14:52:40 +0100] "GET /Admin/Pro-ZurituutschStatuten?action=edit&restore=diff:1447605697:1447605653:&preview=y HTTP/1.1" 200 8865 "-" "Mozilla/5.0 (Macintosh; Intel Mac OS X 10.15; rv:103.0) Gecko/20100101 Firefox/103.0"
66.249.76.220 - - [29/Dec/2022:14:52:42 +0100] "GET /PodCast/IndexPage?action=rss HTTP/1.1" 200 6298 "-" "Mozilla/5.0 (compatible; Googlebot/2.1; +http://www.google.com/bot.html)"
85.25.185.196 - - [29/Dec/2022:14:53:41 +0100] "GET /Admin/Pro-ZurituutschStatuten?action=edit&restore=diff:1163035856:1163035856:&preview=y HTTP/1.1" 200 8865 "-" "Mozilla/5.0 (Macintosh; Intel Mac OS X 10.15; rv:103.0) Gecko/20100101 Firefox/103.0"
85.25.185.196 - - [29/Dec/2022:14:54:27 +0100] "GET /Admin/Pro-ZurituutschStatuten?action=edit&restore=diff:1447605653:1163053511:&preview=y HTTP/1.1" 200 8865 "-" "Mozilla/5.0 (Macintosh; Intel Mac OS X 10.15; rv:103.0) Gecko/20100101 Firefox/103.0"
85.25.185.196 - - [29/Dec/2022:14:55:20 +0100] "GET /Admin/Pro-ZurituutschStatuten?action=diff&source=y&minor=n HTTP/1.1" 200 14832 "-" "Mozilla/5.0 (Macintosh; Intel Mac OS X 10.15; rv:103.0) Gecko/20100101 Firefox/103.0"
157.55.39.207 - - [29/Dec/2022:14:55:53 +0100] "GET /Texte/Schrybwys HTTP/1.1" 200 11028 "-" "Mozilla/5.0 AppleWebKit/537.36 (KHTML, like Gecko; compatible; bingbot/2.0; +http://www.bing.com/bingbot.htm) Chrome/103.0.5060.134 Safari/537.36"
85.25.185.196 - - [29/Dec/2022:14:55:56 +0100] "GET /Admin/Pro-ZurituutschStatuten?action=diff&source=n&minor=y HTTP/1.1" 200 14728 "-" "Mozilla/5.0 (Macintosh; Intel Mac OS X 10.15; rv:103.0) Gecko/20100101 Firefox/103.0"
85.25.185.196 - - [29/Dec/2022:14:56:36 +0100] "GET /Hilfe/RealOne?action=diff HTTP/1.1" 200 16372 "-" "Mozilla/5.0 (Macintosh; Intel Mac OS X 10.15; rv:103.0) Gecko/20100101 Firefox/103.0"
85.25.185.196 - - [29/Dec/2022:14:57:22 +0100] "GET /Hilfe/RealOne?action=edit HTTP/1.1" 200 8595 "-" "Mozilla/5.0 (Macintosh; Intel Mac OS X 10.15; rv:103.0) Gecko/20100101 Firefox/103.0"
85.25.185.196 - - [29/Dec/2022:14:58:21 +0100] "GET /Hilfe/RealOne?action=print HTTP/1.1" 200 4719 "-" "Mozilla/5.0 (Macintosh; Intel Mac OS X 10.15; rv:103.0) Gecko/20100101 Firefox/103.0"
85.25.185.196 - - [29/Dec/2022:14:59:32 +0100] "GET /Hilfe/RealOne?action=upload HTTP/1.1" 200 8495 "-" "Mozilla/5.0 (Macintosh; Intel Mac OS X 10.15; rv:103.0) Gecko/20100101 Firefox/103.0"
85.25.185.196 - - [29/Dec/2022:15:01:50 +0100] "GET /Hilfe/Passwort?action=edit HTTP/1.1" 200 8607 "-" "Mozilla/5.0 (Macintosh; Intel Mac OS X 10.15; rv:103.0) Gecko/20100101 Firefox/103.0"
85.25.185.196 - - [29/Dec/2022:15:02:48 +0100] "GET /Hilfe/Quicktime?action=edit HTTP/1.1" 200 8621 "-" "Mozilla/5.0 (Macintosh; Intel Mac OS X 10.15; rv:103.0) Gecko/20100101 Firefox/103.0"
85.25.185.196 - - [29/Dec/2022:15:05:07 +0100] "GET /Hilfe/Quicktime?action=upload HTTP/1.1" 200 8521 "-" "Mozilla/5.0 (Macintosh; Intel Mac OS X 10.15; rv:103.0) Gecko/20100101 Firefox/103.0"
85.25.185.196 - - [29/Dec/2022:15:05:46 +0100] "GET /Hilfe/Quicktime?action=diff HTTP/1.1" 200 11115 "-" "Mozilla/5.0 (Macintosh; Intel Mac OS X 10.15; rv:103.0) Gecko/20100101 Firefox/103.0"
85.25.185.196 - - [29/Dec/2022:15:06:23 +0100] "GET /Hilfe/Quicktime?action=print HTTP/1.1" 200 3312 "-" "Mozilla/5.0 (Macintosh; Intel Mac OS X 10.15; rv:103.0) Gecko/20100101 Firefox/103.0"
85.25.185.196 - - [29/Dec/2022:15:07:38 +0100] "GET /Admin/Pro-ZurituutschStatuten?action=edit&restore=diff:1163053511:1163035856:&preview=y HTTP/1.1" 200 8865 "-" "Mozilla/5.0 (Macintosh; Intel Mac OS X 10.15; rv:103.0) Gecko/20100101 Firefox/103.0"
85.25.185.196 - - [29/Dec/2022:15:08:30 +0100] "GET /Admin/Links?action=edit&restore=diff:1340380386:1329585246:minor&preview=y HTTP/1.1" 200 8616 "-" "Mozilla/5.0 (Macintosh; Intel Mac OS X 10.15; rv:103.0) Gecko/20100101 Firefox/103.0"
85.25.185.196 - - [29/Dec/2022:15:09:19 +0100] "GET /Admin/Links?action=edit&restore=diff:1458752239:1447604686:&preview=y HTTP/1.1" 200 8611 "-" "Mozilla/5.0 (Macintosh; Intel Mac OS X 10.15; rv:103.0) Gecko/20100101 Firefox/103.0"
85.25.185.196 - - [29/Dec/2022:15:10:06 +0100] "GET /Admin/Links?action=edit&restore=diff:1340380402:1340380386:&preview=y HTTP/1.1" 200 8611 "-" "Mozilla/5.0 (Macintosh; Intel Mac OS X 10.15; rv:103.0) Gecko/20100101 Firefox/103.0"
85.25.185.196 - - [29/Dec/2022:15:10:46 +0100] "GET /Admin/Links?action=edit&restore=diff:1233091516:1233091485:&preview=y HTTP/1.1" 200 8611 "-" "Mozilla/5.0 (Macintosh; Intel Mac OS X 10.15; rv:103.0) Gecko/20100101 Firefox/103.0"
85.25.185.196 - - [29/Dec/2022:15:11:35 +0100] "GET /Admin/Links?action=edit&restore=diff:1201807102:1177580651:&preview=y HTTP/1.1" 200 8611 "-" "Mozilla/5.0 (Macintosh; Intel Mac OS X 10.15; rv:103.0) Gecko/20100101 Firefox/103.0"
85.25.185.196 - - [29/Dec/2022:15:12:17 +0100] "GET /Admin/Links?action=edit&restore=diff:1231706676:1201807102:&preview=y HTTP/1.1" 200 8611 "-" "Mozilla/5.0 (Macintosh; Intel Mac OS X 10.15; rv:103.0) Gecko/20100101 Firefox/103.0"
85.25.185.196 - - [29/Dec/2022:15:13:12 +0100] "GET /Admin/Links?action=edit&restore=diff:1231706772:1231706746:&preview=y HTTP/1.1" 200 8611 "-" "Mozilla/5.0 (Macintosh; Intel Mac OS X 10.15; rv:103.0) Gecko/20100101 Firefox/103.0"
85.25.185.196 - - [29/Dec/2022:15:13:44 +0100] "GET /Admin/Links?action=edit&restore=diff:1447604629:1418663009:&preview=y HTTP/1.1" 200 8611 "-" "Mozilla/5.0 (Macintosh; Intel Mac OS X 10.15; rv:103.0) Gecko/20100101 Firefox/103.0"
85.25.185.196 - - [29/Dec/2022:15:14:31 +0100] "GET /Admin/Links?action=edit&restore=diff:1418662856:1361974943:&preview=y HTTP/1.1" 200 8611 "-" "Mozilla/5.0 (Macintosh; Intel Mac OS X 10.15; rv:103.0) Gecko/20100101 Firefox/103.0"
85.25.185.196 - - [29/Dec/2022:15:15:16 +0100] "GET /Admin/Links?action=edit&restore=diff:1340380424:1340380402:&preview=y HTTP/1.1" 200 8611 "-" "Mozilla/5.0 (Macintosh; Intel Mac OS X 10.15; rv:103.0) Gecko/20100101 Firefox/103.0"
85.25.185.196 - - [29/Dec/2022:15:15:58 +0100] "GET /Admin/Links?action=edit&restore=diff:1329585246:1233091516:&preview=y HTTP/1.1" 200 8611 "-" "Mozilla/5.0 (Macintosh; Intel Mac OS X 10.15; rv:103.0) Gecko/20100101 Firefox/103.0"
85.25.185.196 - - [29/Dec/2022:15:16:42 +0100] "GET /Admin/Links?action=edit&restore=diff:1231706710:1231706676:&preview=y HTTP/1.1" 200 8611 "-" "Mozilla/5.0 (Macintosh; Intel Mac OS X 10.15; rv:103.0) Gecko/20100101 Firefox/103.0"
85.25.185.196 - - [29/Dec/2022:15:17:29 +0100] "GET /Admin/Links?action=edit&restore=diff:1458752316:1458752287:&preview=y HTTP/1.1" 200 8611 "-" "Mozilla/5.0 (Macintosh; Intel Mac OS X 10.15; rv:103.0) Gecko/20100101 Firefox/103.0"
85.25.185.196 - - [29/Dec/2022:15:18:26 +0100] "GET /Admin/Links?action=diff&source=y&minor=n HTTP/1.1" 200 23814 "-" "Mozilla/5.0 (Macintosh; Intel Mac OS X 10.15; rv:103.0) Gecko/20100101 Firefox/103.0"
85.25.185.196 - - [29/Dec/2022:15:19:12 +0100] "GET /Admin/Links?action=diff&source=n&minor=y HTTP/1.1" 200 22755 "-" "Mozilla/5.0 (Macintosh; Intel Mac OS X 10.15; rv:103.0) Gecko/20100101 Firefox/103.0"
85.25.185.196 - - [29/Dec/2022:15:20:02 +0100] "GET /Admin/Links?action=edit&restore=diff:1503675448:1503675398:&preview=y HTTP/1.1" 200 8611 "-" "Mozilla/5.0 (Macintosh; Intel Mac OS X 10.15; rv:103.0) Gecko/20100101 Firefox/103.0"
85.25.185.196 - - [29/Dec/2022:15:20:42 +0100] "GET /Admin/Links?action=edit&restore=diff:1233091485:1231706772:&preview=y HTTP/1.1" 200 8611 "-" "Mozilla/5.0 (Macintosh; Intel Mac OS X 10.15; rv:103.0) Gecko/20100101 Firefox/103.0"
85.25.185.196 - - [29/Dec/2022:15:21:21 +0100] "GET /Admin/Links?action=edit&restore=diff:1458752287:1458752256:&preview=y HTTP/1.1" 200 8611 "-" "Mozilla/5.0 (Macintosh; Intel Mac OS X 10.15; rv:103.0) Gecko/20100101 Firefox/103.0"
85.25.185.196 - - [29/Dec/2022:15:22:02 +0100] "GET /Admin/Links?action=edit&restore=diff:1418663009:1418662856:&preview=y HTTP/1.1" 200 8611 "-" "Mozilla/5.0 (Macintosh; Intel Mac OS X 10.15; rv:103.0) Gecko/20100101 Firefox/103.0"
85.25.185.196 - - [29/Dec/2022:15:22:37 +0100] "GET /Admin/Links?action=edit&restore=diff:1503675398:1458752316:&preview=y HTTP/1.1" 200 8611 "-" "Mozilla/5.0 (Macintosh; Intel Mac OS X 10.15; rv:103.0) Gecko/20100101 Firefox/103.0"
85.25.185.196 - - [29/Dec/2022:15:23:12 +0100] "GET /Admin/Links?action=edit&restore=diff:1458752256:1458752239:&preview=y HTTP/1.1" 200 8611 "-" "Mozilla/5.0 (Macintosh; Intel Mac OS X 10.15; rv:103.0) Gecko/20100101 Firefox/103.0"
85.25.185.196 - - [29/Dec/2022:15:23:54 +0100] "GET /Admin/Links?action=edit&restore=diff:1360601748:1340380424:&preview=y HTTP/1.1" 200 8611 "-" "Mozilla/5.0 (Macintosh; Intel Mac OS X 10.15; rv:103.0) Gecko/20100101 Firefox/103.0"
85.25.185.196 - - [29/Dec/2022:15:24:32 +0100] "GET /Admin/Links?action=edit&restore=diff:1361974943:1360601748:&preview=y HTTP/1.1" 200 8611 "-" "Mozilla/5.0 (Macintosh; Intel Mac OS X 10.15; rv:103.0) Gecko/20100101 Firefox/103.0"
85.25.185.196 - - [29/Dec/2022:15:25:24 +0100] "GET /Admin/Links?action=edit&restore=diff:1231706746:1231706710:&preview=y HTTP/1.1" 200 8611 "-" "Mozilla/5.0 (Macintosh; Intel Mac OS X 10.15; rv:103.0) Gecko/20100101 Firefox/103.0"
85.25.185.196 - - [29/Dec/2022:15:26:07 +0100] "GET /Admin/Links?action=edit&restore=diff:1447604686:1447604629:&preview=y HTTP/1.1" 200 8611 "-" "Mozilla/5.0 (Macintosh; Intel Mac OS X 10.15; rv:103.0) Gecko/20100101 Firefox/103.0"
85.25.185.196 - - [29/Dec/2022:15:27:28 +0100] "GET /Texte/Limericks?action=diff&source=y&minor=n HTTP/1.1" 200 9579 "-" "Mozilla/5.0 (Macintosh; Intel Mac OS X 10.15; rv:103.0) Gecko/20100101 Firefox/103.0"
85.25.185.196 - - [29/Dec/2022:15:28:10 +0100] "GET /Texte/Limericks?action=edit&restore=diff:1357847046:1357847046:&preview=y HTTP/1.1" 200 8667 "-" "Mozilla/5.0 (Macintosh; Intel Mac OS X 10.15; rv:103.0) Gecko/20100101 Firefox/103.0"
85.25.185.196 - - [29/Dec/2022:15:29:00 +0100] "GET /Texte/Limericks?action=diff&source=n&minor=y HTTP/1.1" 200 9589 "-" "Mozilla/5.0 (Macintosh; Intel Mac OS X 10.15; rv:103.0) Gecko/20100101 Firefox/103.0"
85.25.185.196 - - [29/Dec/2022:15:29:50 +0100] "GET /PodCast/Erdegluck?action=edit&restore=diff:1434655925:1434655012:&preview=y HTTP/1.1" 200 8696 "-" "Mozilla/5.0 (Macintosh; Intel Mac OS X 10.15; rv:103.0) Gecko/20100101 Firefox/103.0"
85.25.185.196 - - [29/Dec/2022:15:30:37 +0100] "GET /PodCast/Erdegluck?action=edit&restore=diff:1434656035:1434655925:&preview=y HTTP/1.1" 200 8696 "-" "Mozilla/5.0 (Macintosh; Intel Mac OS X 10.15; rv:103.0) Gecko/20100101 Firefox/103.0"
85.25.185.196 - - [29/Dec/2022:15:31:29 +0100] "GET /PodCast/Erdegluck?action=diff&source=n&minor=y HTTP/1.1" 200 20828 "-" "Mozilla/5.0 (Macintosh; Intel Mac OS X 10.15; rv:103.0) Gecko/20100101 Firefox/103.0"
54.190.82.72 - - [29/Dec/2022:15:32:21 +0100] "GET / HTTP/1.1" 200 15085 "-" "Mozilla/5.0 (X11; Linux x86_64) AppleWebKit/537.36 (KHTML, like Gecko) Chrome/83.0.4103.97 Safari/537.36"
85.25.185.196 - - [29/Dec/2022:15:32:21 +0100] "GET /PodCast/Erdegluck?action=diff&source=y&minor=n HTTP/1.1" 200 19522 "-" "Mozilla/5.0 (Macintosh; Intel Mac OS X 10.15; rv:103.0) Gecko/20100101 Firefox/103.0"
3.216.185.164 - - [29/Dec/2022:15:32:25 +0100] "GET /PodCast/IndexPage?action=rss HTTP/1.1" 200 6298 "-" "PocketCasts/1.0 (Pocket Casts Feed Parser; +http://pocketcasts.com/)"
35.164.171.162 - - [29/Dec/2022:15:32:44 +0100] "GET /favicon.ico HTTP/1.1" 200 1406 "-" "Mozilla/5.0 (X11; Linux x86_64) AppleWebKit/537.36 (KHTML, like Gecko) Chrome/83.0.4103.97 Safari/537.36"
85.25.185.196 - - [29/Dec/2022:15:33:01 +0100] "GET /PodCast/Erdegluck?action=edit&restore=diff:1434655012:1434655012:&preview=y HTTP/1.1" 200 8696 "-" "Mozilla/5.0 (Macintosh; Intel Mac OS X 10.15; rv:103.0) Gecko/20100101 Firefox/103.0"
85.25.185.196 - - [29/Dec/2022:15:36:18 +0100] "GET /robots.txt HTTP/1.1" 200 - "-" "Mozilla/5.0 (Macintosh; Intel Mac OS X 10.15; rv:103.0) Gecko/20100101 Firefox/103.0"
85.25.185.196 - - [29/Dec/2022:15:36:18 +0100] "GET /PodCast/Erdegluck?action=edit&restore=diff:1434656182:1434656035:&preview=y HTTP/1.1" 200 8696 "-" "Mozilla/5.0 (Macintosh; Intel Mac OS X 10.15; rv:103.0) Gecko/20100101 Firefox/103.0"
85.25.185.196 - - [29/Dec/2022:15:37:02 +0100] "GET /PodCast/Schlaaffloos1?action=edit&restore=diff:1320339947:1320339448:&preview=y HTTP/1.1" 200 8754 "-" "Mozilla/5.0 (Macintosh; Intel Mac OS X 10.15; rv:103.0) Gecko/20100101 Firefox/103.0"
85.25.185.196 - - [29/Dec/2022:15:37:56 +0100] "GET /PodCast/Schlaaffloos1?action=diff&source=y&minor=n HTTP/1.1" 200 18756 "-" "Mozilla/5.0 (Macintosh; Intel Mac OS X 10.15; rv:103.0) Gecko/20100101 Firefox/103.0"
85.25.185.196 - - [29/Dec/2022:15:39:46 +0100] "GET /PodCast/Liebhaber2?action=diff&source=y&minor=n HTTP/1.1" 200 15928 "-" "Mozilla/5.0 (Macintosh; Intel Mac OS X 10.15; rv:103.0) Gecko/20100101 Firefox/103.0"
85.25.185.196 - - [29/Dec/2022:15:40:53 +0100] "GET /PodCast/Liebhaber2?action=edit&restore=diff:1177678309:1163401335:&preview=y HTTP/1.1" 200 8712 "-" "Mozilla/5.0 (Macintosh; Intel Mac OS X 10.15; rv:103.0) Gecko/20100101 Firefox/103.0"
142.93.178.99 - - [29/Dec/2022:15:41:04 +0100] "GET / HTTP/1.1" 200 15085 "-" "Mozilla/5.0 (Macintosh; Intel Mac OS X 10_15_7) AppleWebKit/537.36 (KHTML, like Gecko) Chrome/107.0.0.0 Safari/537.36"
157.55.39.16 - - [29/Dec/2022:15:41:29 +0100] "GET /PodCast/Maassestaab?action=edit HTTP/1.1" 403 18 "-" "Mozilla/5.0 (compatible; bingbot/2.0; +http://www.bing.com/bingbot.htm)"
85.25.185.196 - - [29/Dec/2022:15:41:36 +0100] "GET /PodCast/Liebhaber2?action=diff&source=n&minor=y HTTP/1.1" 200 16564 "-" "Mozilla/5.0 (Macintosh; Intel Mac OS X 10.15; rv:103.0) Gecko/20100101 Firefox/103.0"
85.25.185.196 - - [29/Dec/2022:15:42:25 +0100] "GET /PodCast/Liebhaber2?action=edit&restore=diff:1177680078:1177678309:&preview=y HTTP/1.1" 200 8712 "-" "Mozilla/5.0 (Macintosh; Intel Mac OS X 10.15; rv:103.0) Gecko/20100101 Firefox/103.0"
85.25.185.196 - - [29/Dec/2022:15:43:36 +0100] "GET /PodCast/Liebhaber2?action=edit&restore=diff:1163401335:1163118605:&preview=y HTTP/1.1" 200 8712 "-" "Mozilla/5.0 (Macintosh; Intel Mac OS X 10.15; rv:103.0) Gecko/20100101 Firefox/103.0"
85.25.185.196 - - [29/Dec/2022:15:44:55 +0100] "GET /PodCast/Liebhaber2?action=edit&restore=diff:1177684181:1177680078:&preview=y HTTP/1.1" 200 8712 "-" "Mozilla/5.0 (Macintosh; Intel Mac OS X 10.15; rv:103.0) Gecko/20100101 Firefox/103.0"
85.25.185.196 - - [29/Dec/2022:15:45:32 +0100] "GET /PodCast/Liebhaber2?action=edit&restore=diff:1163118595:1163064860:&preview=y HTTP/1.1" 200 8712 "-" "Mozilla/5.0 (Macintosh; Intel Mac OS X 10.15; rv:103.0) Gecko/20100101 Firefox/103.0"
142.93.178.253 - - [29/Dec/2022:15:45:42 +0100] "GET /robots.txt HTTP/1.1" 200 - "-" "Mozilla/5.0 (Windows NT 10.0; Win64; x64) AppleWebKit/537.36 (KHTML, like Gecko) Chrome/55.0.2883.87 Safari/537.36"
85.25.185.196 - - [29/Dec/2022:15:46:05 +0100] "GET /PodCast/Liebhaber2?action=edit&restore=diff:1163118605:1163118595:&preview=y HTTP/1.1" 200 8712 "-" "Mozilla/5.0 (Macintosh; Intel Mac OS X 10.15; rv:103.0) Gecko/20100101 Firefox/103.0"
146.190.248.230 - - [29/Dec/2022:15:47:44 +0100] "GET / HTTP/1.1" 200 15085 "-" "Mozilla/5.0 (compatible; AhrefsBot/7.0; +http://ahrefs.com/robot/)"
85.25.185.196 - - [29/Dec/2022:15:48:13 +0100] "GET /PodCast/Liebhaber2?action=edit&restore=diff:1163064860:1163064860:&preview=y HTTP/1.1" 200 8712 "-" "Mozilla/5.0 (Macintosh; Intel Mac OS X 10.15; rv:103.0) Gecko/20100101 Firefox/103.0"
85.25.185.196 - - [29/Dec/2022:15:49:29 +0100] "GET /PodCast/Schlaaffloos1?action=edit&restore=diff:1320340034:1320339947:&preview=y HTTP/1.1" 200 8754 "-" "Mozilla/5.0 (Macintosh; Intel Mac OS X 10.15; rv:103.0) Gecko/20100101 Firefox/103.0"
85.25.185.196 - - [29/Dec/2022:15:50:12 +0100] "GET /PodCast/JBJ701?action=edit&restore=diff:1422904783:1422904681:&preview=y HTTP/1.1" 200 8656 "-" "Mozilla/5.0 (Macintosh; Intel Mac OS X 10.15; rv:103.0) Gecko/20100101 Firefox/103.0"
167.71.77.2 - - [29/Dec/2022:15:50:47 +0100] "GET / HTTP/1.1" 200 15085 "-" "Mozilla/5.0 (compatible; SemrushBot/7~bl; +http://www.semrush.com/bot.html)"
85.25.185.196 - - [29/Dec/2022:15:50:56 +0100] "GET /PodCast/JBJ701?action=edit&restore=diff:1422905708:1422905624:&preview=y HTTP/1.1" 200 8656 "-" "Mozilla/5.0 (Macintosh; Intel Mac OS X 10.15; rv:103.0) Gecko/20100101 Firefox/103.0"
168.119.51.163 - - [29/Dec/2022:15:51:27 +0100] "GET /robots.txt HTTP/1.1" 200 - "-" "Mozilla/5.0 (compatible; um-IC/1.0; mailto: techinfo@ubermetrics-technologies.com; Windows NT 6.1; WOW64; rv:40.0) Gecko/20100101 Firefox/40.1"
168.119.51.163 - - [29/Dec/2022:15:51:27 +0100] "GET /PodCast/IndexPage?action=rss HTTP/1.1" 200 6298 "-" "Mozilla/5.0 (compatible; um-IC/1.0; mailto: techinfo@ubermetrics-technologies.com; Windows NT 6.1; WOW64; rv:40.0) Gecko/20100101 Firefox/40.1"
85.25.185.196 - - [29/Dec/2022:15:51:40 +0100] "GET /PodCast/JBJ701?action=edit&restore=diff:1422904681:1422904681:&preview=y HTTP/1.1" 200 8656 "-" "Mozilla/5.0 (Macintosh; Intel Mac OS X 10.15; rv:103.0) Gecko/20100101 Firefox/103.0"
85.25.185.196 - - [29/Dec/2022:15:52:35 +0100] "GET /PodCast/JBJ701?action=diff&source=n&minor=y HTTP/1.1" 200 23590 "-" "Mozilla/5.0 (Macintosh; Intel Mac OS X 10.15; rv:103.0) Gecko/20100101 Firefox/103.0"
85.25.185.196 - - [29/Dec/2022:15:53:29 +0100] "GET /PodCast/JBJ701?action=diff&source=y&minor=n HTTP/1.1" 200 23049 "-" "Mozilla/5.0 (Macintosh; Intel Mac OS X 10.15; rv:103.0) Gecko/20100101 Firefox/103.0"
85.25.185.196 - - [29/Dec/2022:15:54:07 +0100] "GET /PodCast/JBJ701?action=edit&restore=diff:1422905624:1422904783:&preview=y HTTP/1.1" 200 8656 "-" "Mozilla/5.0 (Macintosh; Intel Mac OS X 10.15; rv:103.0) Gecko/20100101 Firefox/103.0"
66.249.76.222 - - [29/Dec/2022:15:54:19 +0100] "GET /PodCast/IndexPage?action=rss HTTP/1.1" 200 6298 "-" "Mozilla/5.0 (compatible; Googlebot/2.1; +http://www.google.com/bot.html)"
85.25.185.196 - - [29/Dec/2022:15:54:46 +0100] "GET /PodCast/Scheffwachsel?action=diff&source=y&minor=n HTTP/1.1" 200 16456 "-" "Mozilla/5.0 (Macintosh; Intel Mac OS X 10.15; rv:103.0) Gecko/20100101 Firefox/103.0"
85.25.185.196 - - [29/Dec/2022:15:55:30 +0100] "GET /PodCast/Scheffwachsel?action=diff&source=n&minor=y HTTP/1.1" 200 17534 "-" "Mozilla/5.0 (Macintosh; Intel Mac OS X 10.15; rv:103.0) Gecko/20100101 Firefox/103.0"
85.25.185.196 - - [29/Dec/2022:15:56:14 +0100] "GET /PodCast/Scheffwachsel?action=edit&restore=diff:1348495807:1348495276:&preview=y HTTP/1.1" 200 8752 "-" "Mozilla/5.0 (Macintosh; Intel Mac OS X 10.15; rv:103.0) Gecko/20100101 Firefox/103.0"
85.25.185.196 - - [29/Dec/2022:15:56:59 +0100] "GET /PodCast/Scheffwachsel?action=edit&restore=diff:1348495276:1348495249:&preview=y HTTP/1.1" 200 8752 "-" "Mozilla/5.0 (Macintosh; Intel Mac OS X 10.15; rv:103.0) Gecko/20100101 Firefox/103.0"
85.25.185.196 - - [29/Dec/2022:15:57:44 +0100] "GET /PodCast/Scheffwachsel?action=edit&restore=diff:1348495065:1348495065:&preview=y HTTP/1.1" 200 8752 "-" "Mozilla/5.0 (Macintosh; Intel Mac OS X 10.15; rv:103.0) Gecko/20100101 Firefox/103.0"
85.25.185.196 - - [29/Dec/2022:15:58:58 +0100] "GET /PodCast/Scheffwachsel?action=edit&restore=diff:1348495859:1348495807:&preview=y HTTP/1.1" 200 8752 "-" "Mozilla/5.0 (Macintosh; Intel Mac OS X 10.15; rv:103.0) Gecko/20100101 Firefox/103.0"
85.25.185.196 - - [29/Dec/2022:16:00:01 +0100] "GET /PodCast/Scheffwachsel?action=edit&restore=diff:1348495249:1348495065:&preview=y HTTP/1.1" 200 8752 "-" "Mozilla/5.0 (Macintosh; Intel Mac OS X 10.15; rv:103.0) Gecko/20100101 Firefox/103.0"
85.25.185.196 - - [29/Dec/2022:16:00:51 +0100] "GET /PodCast/Limerick121314?action=edit&restore=diff:1203280944:1203280944:&preview=y HTTP/1.1" 200 8768 "-" "Mozilla/5.0 (Macintosh; Intel Mac OS X 10.15; rv:103.0) Gecko/20100101 Firefox/103.0"
85.25.185.196 - - [29/Dec/2022:16:01:43 +0100] "GET /PodCast/Limerick121314?action=diff&source=n&minor=y HTTP/1.1" 200 13856 "-" "Mozilla/5.0 (Macintosh; Intel Mac OS X 10.15; rv:103.0) Gecko/20100101 Firefox/103.0"
85.25.185.196 - - [29/Dec/2022:16:02:45 +0100] "GET /PodCast/Limerick121314?action=diff&source=y&minor=n HTTP/1.1" 200 13063 "-" "Mozilla/5.0 (Macintosh; Intel Mac OS X 10.15; rv:103.0) Gecko/20100101 Firefox/103.0"
85.25.185.196 - - [29/Dec/2022:16:03:34 +0100] "GET /PodCast/Limerick121314?action=edit&restore=diff:1203281193:1203280944:&preview=y HTTP/1.1" 200 8768 "-" "Mozilla/5.0 (Macintosh; Intel Mac OS X 10.15; rv:103.0) Gecko/20100101 Firefox/103.0"
85.25.185.196 - - [29/Dec/2022:16:04:18 +0100] "GET /PodCast/Limerick121314?action=edit&restore=diff:1203281309:1203281193:&preview=y HTTP/1.1" 200 8768 "-" "Mozilla/5.0 (Macintosh; Intel Mac OS X 10.15; rv:103.0) Gecko/20100101 Firefox/103.0"
85.25.185.196 - - [29/Dec/2022:16:04:47 +0100] "GET /PodCast/Limerick121314?action=edit&restore=diff:1203281416:1203281309:&preview=y HTTP/1.1" 200 8768 "-" "Mozilla/5.0 (Macintosh; Intel Mac OS X 10.15; rv:103.0) Gecko/20100101 Firefox/103.0"
85.25.185.196 - - [29/Dec/2022:16:05:16 +0100] "GET /PodCast/Wiewytna?action=edit&restore=diff:1302447448:1302447448:&preview=y HTTP/1.1" 200 8682 "-" "Mozilla/5.0 (Macintosh; Intel Mac OS X 10.15; rv:103.0) Gecko/20100101 Firefox/103.0"
85.25.185.196 - - [29/Dec/2022:16:06:16 +0100] "GET /PodCast/Wiewytna?action=diff&source=y&minor=n HTTP/1.1" 200 14433 "-" "Mozilla/5.0 (Macintosh; Intel Mac OS X 10.15; rv:103.0) Gecko/20100101 Firefox/103.0"
85.25.185.196 - - [29/Dec/2022:16:07:44 +0100] "GET /PodCast/Wiewytna?action=diff&source=n&minor=y HTTP/1.1" 200 15110 "-" "Mozilla/5.0 (Macintosh; Intel Mac OS X 10.15; rv:103.0) Gecko/20100101 Firefox/103.0"
85.25.185.196 - - [29/Dec/2022:16:08:45 +0100] "GET /PodCast/Wiewytna?action=edit&restore=diff:1302447592:1302447448:&preview=y HTTP/1.1" 200 8682 "-" "Mozilla/5.0 (Macintosh; Intel Mac OS X 10.15; rv:103.0) Gecko/20100101 Firefox/103.0"
85.25.185.196 - - [29/Dec/2022:16:09:31 +0100] "GET /PodCast/Wiewytna?action=edit&restore=diff:1302447693:1302447592:&preview=y HTTP/1.1" 200 8682 "-" "Mozilla/5.0 (Macintosh; Intel Mac OS X 10.15; rv:103.0) Gecko/20100101 Firefox/103.0"
85.25.185.196 - - [29/Dec/2022:16:10:11 +0100] "GET /PodCast/Schlaaffloos1?action=edit&restore=diff:1320339448:1320339448:&preview=y HTTP/1.1" 200 8754 "-" "Mozilla/5.0 (Macintosh; Intel Mac OS X 10.15; rv:103.0) Gecko/20100101 Firefox/103.0"
85.25.185.196 - - [29/Dec/2022:16:11:32 +0100] "GET /PodCast/Schlaaffloos1?action=diff&source=n&minor=y HTTP/1.1" 200 19287 "-" "Mozilla/5.0 (Macintosh; Intel Mac OS X 10.15; rv:103.0) Gecko/20100101 Firefox/103.0"
85.25.185.196 - - [29/Dec/2022:16:12:14 +0100] "GET /PodCast/Schlaaffloos1?action=edit&restore=diff:1447019590:1320340034:&preview=y HTTP/1.1" 200 8754 "-" "Mozilla/5.0 (Macintosh; Intel Mac OS X 10.15; rv:103.0) Gecko/20100101 Firefox/103.0"
85.25.185.196 - - [29/Dec/2022:16:13:03 +0100] "GET /PodCast/Bagdad-Marlboro?action=edit&restore=diff:1436282232:1436282176:&preview=y HTTP/1.1" 200 8780 "-" "Mozilla/5.0 (Macintosh; Intel Mac OS X 10.15; rv:103.0) Gecko/20100101 Firefox/103.0"
85.25.185.196 - - [29/Dec/2022:16:13:35 +0100] "GET /PodCast/Bagdad-Marlboro?action=edit&restore=diff:1436282266:1436282232:&preview=y HTTP/1.1" 200 8780 "-" "Mozilla/5.0 (Macintosh; Intel Mac OS X 10.15; rv:103.0) Gecko/20100101 Firefox/103.0"
85.25.185.196 - - [29/Dec/2022:16:14:37 +0100] "GET /PodCast/Bagdad-Marlboro?action=diff&source=y&minor=n HTTP/1.1" 200 13534 "-" "Mozilla/5.0 (Macintosh; Intel Mac OS X 10.15; rv:103.0) Gecko/20100101 Firefox/103.0"
85.25.185.196 - - [29/Dec/2022:16:15:26 +0100] "GET /PodCast/Bagdad-Marlboro?action=edit&restore=diff:1436282176:1436281641:&preview=y HTTP/1.1" 200 8780 "-" "Mozilla/5.0 (Macintosh; Intel Mac OS X 10.15; rv:103.0) Gecko/20100101 Firefox/103.0"
185.191.171.41 - - [29/Dec/2022:16:16:09 +0100] "GET /robots.txt HTTP/1.1" 200 - "-" "Mozilla/5.0 (compatible; SemrushBot/7~bl; +http://www.semrush.com/bot.html)"
185.191.171.36 - - [29/Dec/2022:16:16:09 +0100] "GET /PmWikiFr/Glossary HTTP/1.1" 200 15808 "-" "Mozilla/5.0 (compatible; SemrushBot/7~bl; +http://www.semrush.com/bot.html)"
85.25.185.196 - - [29/Dec/2022:16:21:03 +0100] "GET /PodCast/Bagdad-Marlboro?action=edit&restore=diff:1436282176:1436281641:&preview=y HTTP/1.1" 200 8780 "-" "Mozilla/5.0 (Macintosh; Intel Mac OS X 10.15; rv:103.0) Gecko/20100101 Firefox/103.0"
85.25.185.196 - - [29/Dec/2022:16:22:06 +0100] "GET /PodCast/Bagdad-Marlboro?action=diff&source=n&minor=y HTTP/1.1" 200 13911 "-" "Mozilla/5.0 (Macintosh; Intel Mac OS X 10.15; rv:103.0) Gecko/20100101 Firefox/103.0"
85.25.185.196 - - [29/Dec/2022:16:23:38 +0100] "GET /PodCast/Bagdad-Marlboro?action=edit&restore=diff:1436281641:1436281641:&preview=y HTTP/1.1" 200 8780 "-" "Mozilla/5.0 (Macintosh; Intel Mac OS X 10.15; rv:103.0) Gecko/20100101 Firefox/103.0"
85.25.185.196 - - [29/Dec/2022:16:24:24 +0100] "GET /Site HTTP/1.1" 302 161 "-" "Mozilla/5.0 (Macintosh; Intel Mac OS X 10.15; rv:103.0) Gecko/20100101 Firefox/103.0"
85.25.185.196 - - [29/Dec/2022:16:25:10 +0100] "GET /PodCast/Falschmaldig?action=edit HTTP/1.1" 200 8692 "-" "Mozilla/5.0 (Macintosh; Intel Mac OS X 10.15; rv:103.0) Gecko/20100101 Firefox/103.0"
85.25.185.196 - - [29/Dec/2022:16:25:52 +0100] "GET /PodCast/Falschmaldig?action=print HTTP/1.1" 200 5248 "-" "Mozilla/5.0 (Macintosh; Intel Mac OS X 10.15; rv:103.0) Gecko/20100101 Firefox/103.0"
185.191.171.15 - - [29/Dec/2022:16:27:45 +0100] "GET /PmWikiRu/PmWikiRu HTTP/1.1" 200 13623 "-" "Mozilla/5.0 (compatible; SemrushBot/7~bl; +http://www.semrush.com/bot.html)"
85.25.185.196 - - [29/Dec/2022:16:28:09 +0100] "GET /PodCast/Ynachte2?action=diff HTTP/1.1" 200 21273 "-" "Mozilla/5.0 (Macintosh; Intel Mac OS X 10.15; rv:103.0) Gecko/20100101 Firefox/103.0"
85.25.185.196 - - [29/Dec/2022:16:29:34 +0100] "GET /PodCast/Ynachte2?action=upload HTTP/1.1" 200 8538 "-" "Mozilla/5.0 (Macintosh; Intel Mac OS X 10.15; rv:103.0) Gecko/20100101 Firefox/103.0"
85.25.185.196 - - [29/Dec/2022:16:30:44 +0100] "GET /PodCast/Ynachte2?action=print HTTP/1.1" 200 12777 "-" "Mozilla/5.0 (Macintosh; Intel Mac OS X 10.15; rv:103.0) Gecko/20100101 Firefox/103.0"
85.25.185.196 - - [29/Dec/2022:16:31:58 +0100] "GET /PodCast/Ynachte2?action=edit HTTP/1.1" 200 8638 "-" "Mozilla/5.0 (Macintosh; Intel Mac OS X 10.15; rv:103.0) Gecko/20100101 Firefox/103.0"
85.25.185.196 - - [29/Dec/2022:16:34:43 +0100] "GET /PodCast/Zwangsabonemang?action=print HTTP/1.1" 200 9134 "-" "Mozilla/5.0 (Macintosh; Intel Mac OS X 10.15; rv:103.0) Gecko/20100101 Firefox/103.0"
62.210.215.119 - - [29/Dec/2022:16:35:03 +0100] "GET /PodCast/IndexPage?action=rss HTTP/1.1" 200 6298 "-" "Mozilla/5.0 (X11; Linux i686) AppleWebKit/537.36 (KHTML, like Gecko) Chrome/30.0.1599.66 Safari/537.36"
85.25.185.196 - - [29/Dec/2022:16:35:42 +0100] "GET /PodCast/Zwangsabonemang?action=upload HTTP/1.1" 200 8634 "-" "Mozilla/5.0 (Macintosh; Intel Mac OS X 10.15; rv:103.0) Gecko/20100101 Firefox/103.0"
85.25.185.196 - - [29/Dec/2022:16:37:42 +0100] "GET /PodCast/Zwangsabonemang?action=diff HTTP/1.1" 200 20113 "-" "Mozilla/5.0 (Macintosh; Intel Mac OS X 10.15; rv:103.0) Gecko/20100101 Firefox/103.0"
85.25.185.196 - - [29/Dec/2022:16:38:33 +0100] "GET /PodCast/Zwangsabonemang?action=edit HTTP/1.1" 200 8734 "-" "Mozilla/5.0 (Macintosh; Intel Mac OS X 10.15; rv:103.0) Gecko/20100101 Firefox/103.0"
85.25.185.196 - - [29/Dec/2022:16:39:53 +0100] "GET /PodCast/Rezmebeforeyou?action=upload HTTP/1.1" 200 8620 "-" "Mozilla/5.0 (Macintosh; Intel Mac OS X 10.15; rv:103.0) Gecko/20100101 Firefox/103.0"
85.25.185.196 - - [29/Dec/2022:16:41:55 +0100] "GET /PodCast/Rezmebeforeyou?action=edit HTTP/1.1" 200 8720 "-" "Mozilla/5.0 (Macintosh; Intel Mac OS X 10.15; rv:103.0) Gecko/20100101 Firefox/103.0"
185.191.171.42 - - [29/Dec/2022:16:42:51 +0100] "GET /PmWikiNo/PmWikiNo HTTP/1.1" 200 9129 "-" "Mozilla/5.0 (compatible; SemrushBot/7~bl; +http://www.semrush.com/bot.html)"
157.55.39.16 - - [29/Dec/2022:16:42:53 +0100] "GET /PodCast/Frueligsschwyge?action=upload HTTP/1.1" 403 18 "-" "Mozilla/5.0 AppleWebKit/537.36 (KHTML, like Gecko; compatible; bingbot/2.0; +http://www.bing.com/bingbot.htm) Chrome/103.0.5060.134 Safari/537.36"
85.25.185.196 - - [29/Dec/2022:16:43:54 +0100] "GET /PodCast/Rezmebeforeyou?action=print HTTP/1.1" 200 4364 "-" "Mozilla/5.0 (Macintosh; Intel Mac OS X 10.15; rv:103.0) Gecko/20100101 Firefox/103.0"
85.25.185.196 - - [29/Dec/2022:16:45:13 +0100] "GET /PodCast/Rezmebeforeyou?action=diff HTTP/1.1" 200 13232 "-" "Mozilla/5.0 (Macintosh; Intel Mac OS X 10.15; rv:103.0) Gecko/20100101 Firefox/103.0"
85.25.185.196 - - [29/Dec/2022:16:46:39 +0100] "GET /PodCast/Falschmaldig?action=diff HTTP/1.1" 200 13726 "-" "Mozilla/5.0 (Macintosh; Intel Mac OS X 10.15; rv:103.0) Gecko/20100101 Firefox/103.0"
85.25.185.196 - - [29/Dec/2022:16:47:45 +0100] "GET /PodCast/Falschmaldig?action=upload HTTP/1.1" 200 8592 "-" "Mozilla/5.0 (Macintosh; Intel Mac OS X 10.15; rv:103.0) Gecko/20100101 Firefox/103.0"
85.25.185.196 - - [29/Dec/2022:16:49:33 +0100] "GET /PodCast/Ouhsggwise2?action=upload HTTP/1.1" 200 8580 "-" "Mozilla/5.0 (Macintosh; Intel Mac OS X 10.15; rv:103.0) Gecko/20100101 Firefox/103.0"
85.25.185.196 - - [29/Dec/2022:16:50:41 +0100] "GET /PodCast/Ouhsggwise2?action=diff HTTP/1.1" 200 24182 "-" "Mozilla/5.0 (Macintosh; Intel Mac OS X 10.15; rv:103.0) Gecko/20100101 Firefox/103.0"
85.25.185.196 - - [29/Dec/2022:16:52:04 +0100] "GET /PodCast/Ouhsggwise2?action=edit HTTP/1.1" 200 8680 "-" "Mozilla/5.0 (Macintosh; Intel Mac OS X 10.15; rv:103.0) Gecko/20100101 Firefox/103.0"
34.214.53.203 - - [29/Dec/2022:16:53:59 +0100] "GET /Site/31Meuischtergass HTTP/1.1" 200 18979 "-" "wiederfreibot/1.0 (+https://www.wiederfrei.ch/crawler.html)"
85.25.185.196 - - [29/Dec/2022:16:54:18 +0100] "GET /PodCast/Ouhsggwise2?action=print HTTP/1.1" 200 14506 "-" "Mozilla/5.0 (Macintosh; Intel Mac OS X 10.15; rv:103.0) Gecko/20100101 Firefox/103.0"
85.25.185.196 - - [29/Dec/2022:16:55:37 +0100] "GET /Site/WGA6Klynikerfaarig?action=edit HTTP/1.1" 200 8737 "-" "Mozilla/5.0 (Macintosh; Intel Mac OS X 10.15; rv:103.0) Gecko/20100101 Firefox/103.0"
85.25.185.196 - - [29/Dec/2022:16:56:50 +0100] "GET /Site/WGA6Klynikerfaarig?action=upload HTTP/1.1" 200 8637 "-" "Mozilla/5.0 (Macintosh; Intel Mac OS X 10.15; rv:103.0) Gecko/20100101 Firefox/103.0"
85.25.185.196 - - [29/Dec/2022:16:57:48 +0100] "GET /Site/WGA6Klynikerfaarig?action=diff HTTP/1.1" 200 19952 "-" "Mozilla/5.0 (Macintosh; Intel Mac OS X 10.15; rv:103.0) Gecko/20100101 Firefox/103.0"
85.25.185.196 - - [29/Dec/2022:16:59:03 +0100] "GET /Site/WGA6Klynikerfaarig?action=print HTTP/1.1" 200 9830 "-" "Mozilla/5.0 (Macintosh; Intel Mac OS X 10.15; rv:103.0) Gecko/20100101 Firefox/103.0"
85.25.185.196 - - [29/Dec/2022:17:00:08 +0100] "GET /Texte/Styluebige?action=edit&restore=diff:1163118852:1163061313:&preview=y HTTP/1.1" 200 8681 "-" "Mozilla/5.0 (Macintosh; Intel Mac OS X 10.15; rv:103.0) Gecko/20100101 Firefox/103.0"
85.25.185.196 - - [29/Dec/2022:17:00:59 +0100] "GET /Texte/Styluebige?action=edit&restore=diff:1177685651:1163119022:&preview=y HTTP/1.1" 200 8681 "-" "Mozilla/5.0 (Macintosh; Intel Mac OS X 10.15; rv:103.0) Gecko/20100101 Firefox/103.0"
40.77.167.74 - - [29/Dec/2022:17:01:20 +0100] "GET /PodCast/PodCast?action=print HTTP/1.1" 403 18 "-" "Mozilla/5.0 (compatible; bingbot/2.0; +http://www.bing.com/bingbot.htm)"
66.249.76.222 - - [29/Dec/2022:17:01:53 +0100] "GET /PodCast/IndexPage?action=rss HTTP/1.1" 200 6298 "-" "Mozilla/5.0 (compatible; Googlebot/2.1; +http://www.google.com/bot.html)"
85.25.185.196 - - [29/Dec/2022:17:01:55 +0100] "GET /Texte/Styluebige?action=diff&source=n&minor=y HTTP/1.1" 200 34224 "-" "Mozilla/5.0 (Macintosh; Intel Mac OS X 10.15; rv:103.0) Gecko/20100101 Firefox/103.0"
85.25.185.196 - - [29/Dec/2022:17:03:00 +0100] "GET /Texte/Styluebige?action=edit&restore=diff:1163037997:1163034457:&preview=y HTTP/1.1" 200 8681 "-" "Mozilla/5.0 (Macintosh; Intel Mac OS X 10.15; rv:103.0) Gecko/20100101 Firefox/103.0"
85.25.185.196 - - [29/Dec/2022:17:06:42 +0100] "GET /Texte/Styluebige?action=edit&restore=diff:1163037997:1163034457:&preview=y HTTP/1.1" 200 8681 "-" "Mozilla/5.0 (Macintosh; Intel Mac OS X 10.15; rv:103.0) Gecko/20100101 Firefox/103.0"
85.25.185.196 - - [29/Dec/2022:17:07:06 +0100] "GET /Texte/Styluebige?action=edit&restore=diff:1591952663:1591952614:&preview=y HTTP/1.1" 200 8681 "-" "Mozilla/5.0 (Macintosh; Intel Mac OS X 10.15; rv:103.0) Gecko/20100101 Firefox/103.0"
85.25.185.196 - - [29/Dec/2022:17:09:04 +0100] "GET /Texte/Styluebige?action=diff&source=y&minor=n HTTP/1.1" 200 34046 "-" "Mozilla/5.0 (Macintosh; Intel Mac OS X 10.15; rv:103.0) Gecko/20100101 Firefox/103.0"
85.25.185.196 - - [29/Dec/2022:17:10:30 +0100] "GET /Texte/Styluebige?action=edit&restore=diff:1178723668:1177685651:&preview=y HTTP/1.1" 200 8681 "-" "Mozilla/5.0 (Macintosh; Intel Mac OS X 10.15; rv:103.0) Gecko/20100101 Firefox/103.0"
85.25.185.196 - - [29/Dec/2022:17:12:16 +0100] "GET /Texte/Styluebige?action=edit&restore=diff:1163038156:1163038073:&preview=y HTTP/1.1" 200 8681 "-" "Mozilla/5.0 (Macintosh; Intel Mac OS X 10.15; rv:103.0) Gecko/20100101 Firefox/103.0"
3.216.185.164 - - [29/Dec/2022:17:12:51 +0100] "GET /PodCast/IndexPage?action=rss HTTP/1.1" 200 6298 "-" "PocketCasts/1.0 (Pocket Casts Feed Parser; +http://pocketcasts.com/)"
85.25.185.196 - - [29/Dec/2022:17:13:02 +0100] "GET /Texte/Styluebige?action=edit&restore=diff:1591952614:1179764522:&preview=y HTTP/1.1" 200 8681 "-" "Mozilla/5.0 (Macintosh; Intel Mac OS X 10.15; rv:103.0) Gecko/20100101 Firefox/103.0"
85.25.185.196 - - [29/Dec/2022:17:14:24 +0100] "GET /Texte/Styluebige?action=edit&restore=diff:1163038073:1163038052:&preview=y HTTP/1.1" 200 8681 "-" "Mozilla/5.0 (Macintosh; Intel Mac OS X 10.15; rv:103.0) Gecko/20100101 Firefox/103.0"
85.25.185.196 - - [29/Dec/2022:17:15:10 +0100] "GET /Texte/Styluebige?action=edit&restore=diff:1163061313:1163038201:&preview=y HTTP/1.1" 200 8681 "-" "Mozilla/5.0 (Macintosh; Intel Mac OS X 10.15; rv:103.0) Gecko/20100101 Firefox/103.0"
85.25.185.196 - - [29/Dec/2022:17:16:36 +0100] "GET /Texte/Styluebige?action=edit&restore=diff:1163038026:1163037997:&preview=y HTTP/1.1" 200 8681 "-" "Mozilla/5.0 (Macintosh; Intel Mac OS X 10.15; rv:103.0) Gecko/20100101 Firefox/103.0"
85.25.185.196 - - [29/Dec/2022:17:17:28 +0100] "GET /Texte/Styluebige?action=edit&restore=diff:1163118975:1163118914:&preview=y HTTP/1.1" 200 8681 "-" "Mozilla/5.0 (Macintosh; Intel Mac OS X 10.15; rv:103.0) Gecko/20100101 Firefox/103.0"
85.25.185.196 - - [29/Dec/2022:17:19:09 +0100] "GET /Texte/Styluebige?action=edit&restore=diff:1178723863:1178723817:&preview=y HTTP/1.1" 200 8681 "-" "Mozilla/5.0 (Macintosh; Intel Mac OS X 10.15; rv:103.0) Gecko/20100101 Firefox/103.0"
85.25.185.196 - - [29/Dec/2022:17:19:46 +0100] "GET /Texte/Styluebige?action=edit&restore=diff:1163118914:1163118852:&preview=y HTTP/1.1" 200 8681 "-" "Mozilla/5.0 (Macintosh; Intel Mac OS X 10.15; rv:103.0) Gecko/20100101 Firefox/103.0"
85.25.185.196 - - [29/Dec/2022:17:20:42 +0100] "GET /Texte/Styluebige?action=edit&restore=diff:1178723817:1178723668:&preview=y HTTP/1.1" 200 8681 "-" "Mozilla/5.0 (Macintosh; Intel Mac OS X 10.15; rv:103.0) Gecko/20100101 Firefox/103.0"
85.25.185.196 - - [29/Dec/2022:17:21:33 +0100] "GET /Texte/Styluebige?action=edit&restore=diff:1179764522:1178907591:&preview=y HTTP/1.1" 200 8681 "-" "Mozilla/5.0 (Macintosh; Intel Mac OS X 10.15; rv:103.0) Gecko/20100101 Firefox/103.0"
85.25.185.196 - - [29/Dec/2022:17:22:19 +0100] "GET /Texte/Styluebige?action=edit&restore=diff:1163119022:1163118975:&preview=y HTTP/1.1" 200 8681 "-" "Mozilla/5.0 (Macintosh; Intel Mac OS X 10.15; rv:103.0) Gecko/20100101 Firefox/103.0"
3.219.254.95 - - [29/Dec/2022:17:22:23 +0100] "GET /PodCast/IndexPage?action=rss HTTP/1.1" 200 6298 "-" "PocketCasts/1.0 (Pocket Casts Feed Parser; +http://pocketcasts.com/)"
85.25.185.196 - - [29/Dec/2022:17:23:06 +0100] "GET /Texte/Styluebige?action=edit&restore=diff:1591952675:1591952663:&preview=y HTTP/1.1" 200 8681 "-" "Mozilla/5.0 (Macintosh; Intel Mac OS X 10.15; rv:103.0) Gecko/20100101 Firefox/103.0"
85.25.185.196 - - [29/Dec/2022:17:23:49 +0100] "GET /Texte/Styluebige?action=edit&restore=diff:1163038052:1163038026:&preview=y HTTP/1.1" 200 8681 "-" "Mozilla/5.0 (Macintosh; Intel Mac OS X 10.15; rv:103.0) Gecko/20100101 Firefox/103.0"
85.25.185.196 - - [29/Dec/2022:17:24:55 +0100] "GET /Texte/Styluebige?action=edit&restore=diff:1178907591:1178723863:&preview=y HTTP/1.1" 200 8681 "-" "Mozilla/5.0 (Macintosh; Intel Mac OS X 10.15; rv:103.0) Gecko/20100101 Firefox/103.0"
85.25.185.196 - - [29/Dec/2022:17:26:15 +0100] "GET /Texte/Styluebige?action=edit&restore=diff:1163038201:1163038179:&preview=y HTTP/1.1" 200 8681 "-" "Mozilla/5.0 (Macintosh; Intel Mac OS X 10.15; rv:103.0) Gecko/20100101 Firefox/103.0"
85.25.185.196 - - [29/Dec/2022:17:27:11 +0100] "GET /Texte/Styluebige?action=edit&restore=diff:1163038179:1163038156:&preview=y HTTP/1.1" 200 8681 "-" "Mozilla/5.0 (Macintosh; Intel Mac OS X 10.15; rv:103.0) Gecko/20100101 Firefox/103.0"
85.25.185.196 - - [29/Dec/2022:17:28:48 +0100] "GET /Texte/Metamorphoses?action=diff&source=y&minor=n HTTP/1.1" 200 22807 "-" "Mozilla/5.0 (Macintosh; Intel Mac OS X 10.15; rv:103.0) Gecko/20100101 Firefox/103.0"
85.25.185.196 - - [29/Dec/2022:17:29:36 +0100] "GET /Texte/Metamorphoses?action=edit&restore=diff:1163052961:1163052941:&preview=y HTTP/1.1" 200 8723 "-" "Mozilla/5.0 (Macintosh; Intel Mac OS X 10.15; rv:103.0) Gecko/20100101 Firefox/103.0"
85.25.185.196 - - [29/Dec/2022:17:30:19 +0100] "GET /Texte/Metamorphoses?action=edit&restore=diff:1177682622:1177682423:&preview=y HTTP/1.1" 200 8723 "-" "Mozilla/5.0 (Macintosh; Intel Mac OS X 10.15; rv:103.0) Gecko/20100101 Firefox/103.0"
157.55.39.207 - - [29/Dec/2022:17:30:28 +0100] "GET /Site/Miroir HTTP/1.1" 200 8788 "-" "Mozilla/5.0 AppleWebKit/537.36 (KHTML, like Gecko; compatible; bingbot/2.0; +http://www.bing.com/bingbot.htm) Chrome/103.0.5060.134 Safari/537.36"
85.25.185.196 - - [29/Dec/2022:17:31:12 +0100] "GET /Texte/Metamorphoses?action=edit&restore=diff:1177682751:1177682622:&preview=y HTTP/1.1" 200 8723 "-" "Mozilla/5.0 (Macintosh; Intel Mac OS X 10.15; rv:103.0) Gecko/20100101 Firefox/103.0"
85.25.185.196 - - [29/Dec/2022:17:33:30 +0100] "GET /Texte/Metamorphoses?action=edit&restore=diff:1163052973:1163052961:&preview=y HTTP/1.1" 200 8723 "-" "Mozilla/5.0 (Macintosh; Intel Mac OS X 10.15; rv:103.0) Gecko/20100101 Firefox/103.0"
85.25.185.196 - - [29/Dec/2022:17:34:46 +0100] "GET /Texte/Metamorphoses?action=diff&source=n&minor=y HTTP/1.1" 200 22833 "-" "Mozilla/5.0 (Macintosh; Intel Mac OS X 10.15; rv:103.0) Gecko/20100101 Firefox/103.0"
85.25.185.196 - - [29/Dec/2022:17:35:26 +0100] "GET /Texte/Metamorphoses?action=edit&restore=diff:1163053049:1163052973:&preview=y HTTP/1.1" 200 8723 "-" "Mozilla/5.0 (Macintosh; Intel Mac OS X 10.15; rv:103.0) Gecko/20100101 Firefox/103.0"
85.25.185.196 - - [29/Dec/2022:17:36:16 +0100] "GET /Texte/Metamorphoses?action=edit&restore=diff:1177682423:1177682281:&preview=y HTTP/1.1" 200 8723 "-" "Mozilla/5.0 (Macintosh; Intel Mac OS X 10.15; rv:103.0) Gecko/20100101 Firefox/103.0"
85.25.185.196 - - [29/Dec/2022:17:37:28 +0100] "GET /Texte/Metamorphoses?action=edit&restore=diff:1163056683:1163056267:&preview=y HTTP/1.1" 200 8723 "-" "Mozilla/5.0 (Macintosh; Intel Mac OS X 10.15; rv:103.0) Gecko/20100101 Firefox/103.0"
85.25.185.196 - - [29/Dec/2022:17:39:14 +0100] "GET /Texte/Metamorphoses?action=edit&restore=diff:1177682281:1163119092:&preview=y HTTP/1.1" 200 8723 "-" "Mozilla/5.0 (Macintosh; Intel Mac OS X 10.15; rv:103.0) Gecko/20100101 Firefox/103.0"
85.25.185.196 - - [29/Dec/2022:17:40:14 +0100] "GET /Texte/Metamorphoses?action=edit&restore=diff:1163052941:1163052941:&preview=y HTTP/1.1" 200 8723 "-" "Mozilla/5.0 (Macintosh; Intel Mac OS X 10.15; rv:103.0) Gecko/20100101 Firefox/103.0"
85.25.185.196 - - [29/Dec/2022:17:41:06 +0100] "GET /Texte/Metamorphoses?action=edit&restore=diff:1163119092:1163056683:&preview=y HTTP/1.1" 200 8723 "-" "Mozilla/5.0 (Macintosh; Intel Mac OS X 10.15; rv:103.0) Gecko/20100101 Firefox/103.0"
85.25.185.196 - - [29/Dec/2022:17:41:49 +0100] "GET /Texte/Metamorphoses?action=edit&restore=diff:1591952758:1177682932:&preview=y HTTP/1.1" 200 8723 "-" "Mozilla/5.0 (Macintosh; Intel Mac OS X 10.15; rv:103.0) Gecko/20100101 Firefox/103.0"
85.25.185.196 - - [29/Dec/2022:17:42:42 +0100] "GET /Texte/Metamorphoses?action=edit&restore=diff:1177682932:1177682751:&preview=y HTTP/1.1" 200 8723 "-" "Mozilla/5.0 (Macintosh; Intel Mac OS X 10.15; rv:103.0) Gecko/20100101 Firefox/103.0"
85.25.185.196 - - [29/Dec/2022:17:43:12 +0100] "GET /Texte/Metamorphoses?action=edit&restore=diff:1163056267:1163053049:&preview=y HTTP/1.1" 200 8723 "-" "Mozilla/5.0 (Macintosh; Intel Mac OS X 10.15; rv:103.0) Gecko/20100101 Firefox/103.0"
85.25.185.196 - - [29/Dec/2022:17:43:58 +0100] "GET /Texte/Schrybwys?action=edit&restore=diff:1163036928:1163036782:&preview=y HTTP/1.1" 200 8667 "-" "Mozilla/5.0 (Macintosh; Intel Mac OS X 10.15; rv:103.0) Gecko/20100101 Firefox/103.0"
146.190.248.215 - - [29/Dec/2022:17:44:30 +0100] "GET /Site/SideBar?action=edit HTTP/1.1" 200 8581 "-" "Mozilla/5.0 (Macintosh; Intel Mac OS X 10_15_7) AppleWebKit/537.36 (KHTML, like Gecko) Chrome/107.0.0.0 Safari/537.36"
85.25.185.196 - - [29/Dec/2022:17:45:49 +0100] "GET /Texte/Schrybwys?action=edit&restore=diff:1591952703:1178724381:&preview=y HTTP/1.1" 200 8667 "-" "Mozilla/5.0 (Macintosh; Intel Mac OS X 10.15; rv:103.0) Gecko/20100101 Firefox/103.0"
146.190.48.204 - - [29/Dec/2022:17:46:15 +0100] "GET /Texte/Roman HTTP/1.1" 200 38741 "-" "Mozilla/5.0 (Macintosh; Intel Mac OS X 10_15_7) AppleWebKit/537.36 (KHTML, like Gecko) Chrome/107.0.0.0 Safari/537.36"
85.25.185.196 - - [29/Dec/2022:17:47:35 +0100] "GET /Texte/Schrybwys?action=diff&source=n&minor=y HTTP/1.1" 200 26978 "-" "Mozilla/5.0 (Macintosh; Intel Mac OS X 10.15; rv:103.0) Gecko/20100101 Firefox/103.0"
85.25.185.196 - - [29/Dec/2022:17:49:42 +0100] "GET /Texte/Schrybwys?action=edit&restore=diff:1163037207:1163037163:&preview=y HTTP/1.1" 200 8667 "-" "Mozilla/5.0 (Macintosh; Intel Mac OS X 10.15; rv:103.0) Gecko/20100101 Firefox/103.0"
85.25.185.196 - - [29/Dec/2022:17:51:33 +0100] "GET /Texte/Schrybwys?action=edit&restore=diff:1178724339:1178724179:&preview=y HTTP/1.1" 200 8667 "-" "Mozilla/5.0 (Macintosh; Intel Mac OS X 10.15; rv:103.0) Gecko/20100101 Firefox/103.0"
85.25.185.196 - - [29/Dec/2022:17:53:11 +0100] "GET /Texte/Schrybwys?action=edit&restore=diff:1163037163:1163036928:&preview=y HTTP/1.1" 200 8667 "-" "Mozilla/5.0 (Macintosh; Intel Mac OS X 10.15; rv:103.0) Gecko/20100101 Firefox/103.0"
85.25.185.196 - - [29/Dec/2022:17:54:22 +0100] "GET /Texte/Schrybwys?action=edit&restore=diff:1178724179:1178724104:&preview=y HTTP/1.1" 200 8667 "-" "Mozilla/5.0 (Macintosh; Intel Mac OS X 10.15; rv:103.0) Gecko/20100101 Firefox/103.0"
85.25.185.196 - - [29/Dec/2022:17:55:51 +0100] "GET /Texte/Schrybwys?action=diff&source=y&minor=n HTTP/1.1" 200 28321 "-" "Mozilla/5.0 (Macintosh; Intel Mac OS X 10.15; rv:103.0) Gecko/20100101 Firefox/103.0"
85.25.185.196 - - [29/Dec/2022:17:58:01 +0100] "GET /Texte/Schrybwys?action=edit&restore=diff:1163036745:1163036745:&preview=y HTTP/1.1" 200 8667 "-" "Mozilla/5.0 (Macintosh; Intel Mac OS X 10.15; rv:103.0) Gecko/20100101 Firefox/103.0"
85.25.185.196 - - [29/Dec/2022:17:58:48 +0100] "GET /Texte/Schrybwys?action=edit&restore=diff:1178724104:1177686222:&preview=y HTTP/1.1" 200 8667 "-" "Mozilla/5.0 (Macintosh; Intel Mac OS X 10.15; rv:103.0) Gecko/20100101 Firefox/103.0"
66.249.66.206 - - [29/Dec/2022:17:59:27 +0100] "GET /PodCast/IndexPage?action=rss HTTP/1.1" 200 6298 "-" "Mozilla/5.0 (compatible; Googlebot/2.1; +http://www.google.com/bot.html)"
