85.25.185.196 - - [02/Dec/2022:07:53:27 +0100] "GET /PodCast/RURAkt2TIl2?action=print HTTP/1.1" 200 2703 "-" "Mozilla/5.0 (Macintosh; Intel Mac OS X 10.15; rv:103.0) Gecko/20100101 Firefox/103.0"
185.191.171.21 - - [02/Dec/2022:07:54:05 +0100] "GET /PmWikiRu/A?action=search&fmt=title&q=link%3DPmWikiRu.Subversion HTTP/1.1" 404 18 "-" "Mozilla/5.0 (compatible; SemrushBot/7~bl; +http://www.semrush.com/bot.html)"
185.191.171.12 - - [02/Dec/2022:07:54:13 +0100] "GET /PmWikiIt/StatoDellaTraduzione HTTP/1.1" 200 32152 "-" "Mozilla/5.0 (compatible; SemrushBot/7~bl; +http://www.semrush.com/bot.html)"
85.25.185.196 - - [02/Dec/2022:07:54:40 +0100] "GET /Site/61Sanggale1465?action=diff&source=n&minor=y HTTP/1.1" 200 22356 "-" "Mozilla/5.0 (Macintosh; Intel Mac OS X 10.15; rv:103.0) Gecko/20100101 Firefox/103.0"
216.244.66.243 - - [02/Dec/2022:07:54:53 +0100] "GET /PmWikiDe/Direktiven HTTP/1.1" 200 15282 "-" "Mozilla/5.0 (compatible; DotBot/1.2; +https://opensiteexplorer.org/dotbot; help@moz.com)"
85.25.185.196 - - [02/Dec/2022:07:55:39 +0100] "GET /PodCast/Ouhsschaffig?action=diff&source=n&minor=y HTTP/1.1" 200 15534 "-" "Mozilla/5.0 (Macintosh; Intel Mac OS X 10.15; rv:103.0) Gecko/20100101 Firefox/103.0"
185.191.171.45 - - [02/Dec/2022:07:55:55 +0100] "GET /PmWikiFr/A?action=search&fmt=title&q=link%3DPmWikiFr.Recherche HTTP/1.1" 404 18 "-" "Mozilla/5.0 (compatible; SemrushBot/7~bl; +http://www.semrush.com/bot.html)"
185.191.171.10 - - [02/Dec/2022:07:55:57 +0100] "GET /PmWikiNl/XLPage HTTP/1.1" 200 14850 "-" "Mozilla/5.0 (compatible; SemrushBot/7~bl; +http://www.semrush.com/bot.html)"
185.191.171.6 - - [02/Dec/2022:07:56:08 +0100] "GET /Site/AllRecentChanges HTTP/1.1" 200 73393 "-" "Mozilla/5.0 (compatible; SemrushBot/7~bl; +http://www.semrush.com/bot.html)"
185.191.171.39 - - [02/Dec/2022:07:56:30 +0100] "GET /PmWikiHu/PmWikiHu?action=upload HTTP/1.1" 403 18 "-" "Mozilla/5.0 (compatible; SemrushBot/7~bl; +http://www.semrush.com/bot.html)"
85.25.185.196 - - [02/Dec/2022:07:56:31 +0100] "GET /PodCast/JBJ301?action=print HTTP/1.1" 200 9160 "-" "Mozilla/5.0 (Macintosh; Intel Mac OS X 10.15; rv:103.0) Gecko/20100101 Firefox/103.0"
185.191.171.33 - - [02/Dec/2022:07:57:16 +0100] "GET /PmWikiFr/RefCount?action=upload HTTP/1.1" 403 18 "-" "Mozilla/5.0 (compatible; SemrushBot/7~bl; +http://www.semrush.com/bot.html)"
185.191.171.40 - - [02/Dec/2022:07:57:26 +0100] "GET /PmWikiDe/Passwords HTTP/1.1" 200 12905 "-" "Mozilla/5.0 (compatible; SemrushBot/7~bl; +http://www.semrush.com/bot.html)"
85.25.185.196 - - [02/Dec/2022:07:57:57 +0100] "GET /PodCast/Ouhsschaffig?action=diff&source=y&minor=n HTTP/1.1" 200 14840 "-" "Mozilla/5.0 (Macintosh; Intel Mac OS X 10.15; rv:103.0) Gecko/20100101 Firefox/103.0"
85.25.185.196 - - [02/Dec/2022:07:59:00 +0100] "GET /PodCast/Maitli?action=print HTTP/1.1" 200 3961 "-" "Mozilla/5.0 (Macintosh; Intel Mac OS X 10.15; rv:103.0) Gecko/20100101 Firefox/103.0"
185.191.171.23 - - [02/Dec/2022:07:59:08 +0100] "GET /PmWikiFr/PageHistory?action=upload HTTP/1.1" 403 18 "-" "Mozilla/5.0 (compatible; SemrushBot/7~bl; +http://www.semrush.com/bot.html)"
185.191.171.26 - - [02/Dec/2022:07:59:10 +0100] "GET /PmWikiRu/ConditionalMarkup?action=print HTTP/1.1" 403 18 "-" "Mozilla/5.0 (compatible; SemrushBot/7~bl; +http://www.semrush.com/bot.html)"
185.191.171.15 - - [02/Dec/2022:07:59:20 +0100] "GET /PmWikiRu/TextFormattingRules?action=print HTTP/1.1" 403 18 "-" "Mozilla/5.0 (compatible; SemrushBot/7~bl; +http://www.semrush.com/bot.html)"
85.25.185.196 - - [02/Dec/2022:08:00:05 +0100] "GET /PodCast/Spraachverglych?action=print HTTP/1.1" 200 10273 "-" "Mozilla/5.0 (Macintosh; Intel Mac OS X 10.15; rv:103.0) Gecko/20100101 Firefox/103.0"
185.191.171.23 - - [02/Dec/2022:08:00:23 +0100] "GET /PmWikiRu/WikiSandbox?action=diff HTTP/1.1" 403 18 "-" "Mozilla/5.0 (compatible; SemrushBot/7~bl; +http://www.semrush.com/bot.html)"
185.191.171.4 - - [02/Dec/2022:08:00:30 +0100] "GET /PmWikiJa/WikiFarmStepByStep?action=upload HTTP/1.1" 403 18 "-" "Mozilla/5.0 (compatible; SemrushBot/7~bl; +http://www.semrush.com/bot.html)"
85.25.185.196 - - [02/Dec/2022:08:01:12 +0100] "GET /PodCast/Ouhsschaffig?action=edit&restore=diff:1291233042:1291233042:&preview=y HTTP/1.1" 200 8738 "-" "Mozilla/5.0 (Macintosh; Intel Mac OS X 10.15; rv:103.0) Gecko/20100101 Firefox/103.0"
185.191.171.40 - - [02/Dec/2022:08:01:31 +0100] "GET /Profiles/Pm?action=edit HTTP/1.1" 404 18 "-" "Mozilla/5.0 (compatible; SemrushBot/7~bl; +http://www.semrush.com/bot.html)"
185.191.171.26 - - [02/Dec/2022:08:01:45 +0100] "GET /PmWikiIt/PubblicoPmWiki?action=print HTTP/1.1" 403 18 "-" "Mozilla/5.0 (compatible; SemrushBot/7~bl; +http://www.semrush.com/bot.html)"
85.25.185.196 - - [02/Dec/2022:08:02:29 +0100] "GET /Site/41Fasnacht?action=print HTTP/1.1" 200 2528 "-" "Mozilla/5.0 (Macintosh; Intel Mac OS X 10.15; rv:103.0) Gecko/20100101 Firefox/103.0"
185.191.171.9 - - [02/Dec/2022:08:03:10 +0100] "GET /PmWikiFr/A?action=search&fmt=title&q=link%3DPmWikiFr.Passwords HTTP/1.1" 404 18 "-" "Mozilla/5.0 (compatible; SemrushBot/7~bl; +http://www.semrush.com/bot.html)"
85.25.185.196 - - [02/Dec/2022:08:04:30 +0100] "GET /PodCast/Ouhsschaffig?action=edit&restore=diff:1291233257:1291233042:&preview=y HTTP/1.1" 200 8738 "-" "Mozilla/5.0 (Macintosh; Intel Mac OS X 10.15; rv:103.0) Gecko/20100101 Firefox/103.0"
185.191.171.40 - - [02/Dec/2022:08:04:45 +0100] "GET /PmWikiFr/AvailableActions?action=edit HTTP/1.1" 403 18 "-" "Mozilla/5.0 (compatible; SemrushBot/7~bl; +http://www.semrush.com/bot.html)"
185.191.171.9 - - [02/Dec/2022:08:04:47 +0100] "GET /PmWikiDe/SpezielleInstallationen?action=upload HTTP/1.1" 403 18 "-" "Mozilla/5.0 (compatible; SemrushBot/7~bl; +http://www.semrush.com/bot.html)"
185.191.171.37 - - [02/Dec/2022:08:05:48 +0100] "GET /PmWikiRu/WebHosts?action=upload HTTP/1.1" 403 18 "-" "Mozilla/5.0 (compatible; SemrushBot/7~bl; +http://www.semrush.com/bot.html)"
185.191.171.24 - - [02/Dec/2022:08:06:00 +0100] "GET /PmWikiDe/SpezielleInstallationen?action=print HTTP/1.1" 403 18 "-" "Mozilla/5.0 (compatible; SemrushBot/7~bl; +http://www.semrush.com/bot.html)"
85.25.185.196 - - [02/Dec/2022:08:06:00 +0100] "GET /PodCast/Ouhsschaffig?action=edit&restore=diff:1291233364:1291233257:&preview=y HTTP/1.1" 200 8738 "-" "Mozilla/5.0 (Macintosh; Intel Mac OS X 10.15; rv:103.0) Gecko/20100101 Firefox/103.0"
185.191.171.4 - - [02/Dec/2022:08:06:34 +0100] "GET /PmWikiNl/WikiWikiWeb?action=print HTTP/1.1" 403 18 "-" "Mozilla/5.0 (compatible; SemrushBot/7~bl; +http://www.semrush.com/bot.html)"
85.25.185.196 - - [02/Dec/2022:08:06:51 +0100] "GET /PodCast/StRbe?action=print HTTP/1.1" 200 2419 "-" "Mozilla/5.0 (Macintosh; Intel Mac OS X 10.15; rv:103.0) Gecko/20100101 Firefox/103.0"
85.25.185.196 - - [02/Dec/2022:08:07:48 +0100] "GET /PodCast/Liebhaber2?action=edit&restore=diff:1177678309:1163401335:&preview=y HTTP/1.1" 200 8712 "-" "Mozilla/5.0 (Macintosh; Intel Mac OS X 10.15; rv:103.0) Gecko/20100101 Firefox/103.0"
185.191.171.1 - - [02/Dec/2022:08:08:32 +0100] "GET /PmWikiRu/Glossary?action=print HTTP/1.1" 403 18 "-" "Mozilla/5.0 (compatible; SemrushBot/7~bl; +http://www.semrush.com/bot.html)"
85.25.185.196 - - [02/Dec/2022:08:09:04 +0100] "GET /PodCast/Zwangsnaarig?action=print HTTP/1.1" 200 7235 "-" "Mozilla/5.0 (Macintosh; Intel Mac OS X 10.15; rv:103.0) Gecko/20100101 Firefox/103.0"
185.191.171.22 - - [02/Dec/2022:08:09:47 +0100] "GET /PmWikiIt/CercaWiki?action=diff HTTP/1.1" 403 18 "-" "Mozilla/5.0 (compatible; SemrushBot/7~bl; +http://www.semrush.com/bot.html)"
185.191.171.34 - - [02/Dec/2022:08:09:49 +0100] "GET /PmWikiFr/IncludeOtherPages?action=upload HTTP/1.1" 403 18 "-" "Mozilla/5.0 (compatible; SemrushBot/7~bl; +http://www.semrush.com/bot.html)"
85.25.185.196 - - [02/Dec/2022:08:09:51 +0100] "GET /PodCast/Liebhaber2?action=diff&source=n&minor=y HTTP/1.1" 200 16564 "-" "Mozilla/5.0 (Macintosh; Intel Mac OS X 10.15; rv:103.0) Gecko/20100101 Firefox/103.0"
157.55.39.48 - - [02/Dec/2022:08:10:01 +0100] "GET /PodCast/Boschpochrank?action=upload HTTP/1.1" 403 18 "-" "Mozilla/5.0 AppleWebKit/537.36 (KHTML, like Gecko; compatible; bingbot/2.0; +http://www.bing.com/bingbot.htm) Chrome/103.0.5060.134 Safari/537.36"
185.191.171.11 - - [02/Dec/2022:08:10:44 +0100] "GET /PmWikiFr/NatureDunWiki?action=diff HTTP/1.1" 403 18 "-" "Mozilla/5.0 (compatible; SemrushBot/7~bl; +http://www.semrush.com/bot.html)"
85.25.185.196 - - [02/Dec/2022:08:11:00 +0100] "GET /PodCast/Griechestroom?action=print HTTP/1.1" 200 6555 "-" "Mozilla/5.0 (Macintosh; Intel Mac OS X 10.15; rv:103.0) Gecko/20100101 Firefox/103.0"
185.191.171.2 - - [02/Dec/2022:08:11:09 +0100] "GET /PmWikiNl/TekstOpmaakBrochure?action=edit HTTP/1.1" 403 18 "-" "Mozilla/5.0 (compatible; SemrushBot/7~bl; +http://www.semrush.com/bot.html)"
207.46.13.87 - - [02/Dec/2022:08:11:17 +0100] "GET /Site/Search?pagename=Site%2FSearch&q=2022 HTTP/1.1" 200 11056 "-" "Mozilla/5.0 AppleWebKit/537.36 (KHTML, like Gecko; compatible; bingbot/2.0; +http://www.bing.com/bingbot.htm) Chrome/103.0.5060.134 Safari/537.36"
185.191.171.5 - - [02/Dec/2022:08:11:58 +0100] "GET /PmWikiDe/BasicVariables?action=print HTTP/1.1" 403 18 "-" "Mozilla/5.0 (compatible; SemrushBot/7~bl; +http://www.semrush.com/bot.html)"
85.25.185.196 - - [02/Dec/2022:08:12:13 +0100] "GET /PodCast/Liebhaber2?action=diff&source=y&minor=n HTTP/1.1" 200 15928 "-" "Mozilla/5.0 (Macintosh; Intel Mac OS X 10.15; rv:103.0) Gecko/20100101 Firefox/103.0"
185.191.171.15 - - [02/Dec/2022:08:12:31 +0100] "GET /PmWikiDe/GroupAttributes?action=upload HTTP/1.1" 403 18 "-" "Mozilla/5.0 (compatible; SemrushBot/7~bl; +http://www.semrush.com/bot.html)"
185.191.171.20 - - [02/Dec/2022:08:12:36 +0100] "GET /PmWikiLt/XLPage HTTP/1.1" 200 16338 "-" "Mozilla/5.0 (compatible; SemrushBot/7~bl; +http://www.semrush.com/bot.html)"
85.25.185.196 - - [02/Dec/2022:08:12:59 +0100] "GET /PodCast/Boundeswaal?action=print HTTP/1.1" 200 7084 "-" "Mozilla/5.0 (Macintosh; Intel Mac OS X 10.15; rv:103.0) Gecko/20100101 Firefox/103.0"
85.25.185.196 - - [02/Dec/2022:08:13:53 +0100] "GET /Site/21Baadstoube?action=diff&source=y&minor=n HTTP/1.1" 200 21246 "-" "Mozilla/5.0 (Macintosh; Intel Mac OS X 10.15; rv:103.0) Gecko/20100101 Firefox/103.0"
85.25.185.196 - - [02/Dec/2022:08:14:27 +0100] "GET /PodCast/Fanatiker?action=print HTTP/1.1" 200 3077 "-" "Mozilla/5.0 (Macintosh; Intel Mac OS X 10.15; rv:103.0) Gecko/20100101 Firefox/103.0"
185.191.171.16 - - [02/Dec/2022:08:16:01 +0100] "GET /PmWikiJa/ConvertTABLE?action=edit HTTP/1.1" 404 18 "-" "Mozilla/5.0 (compatible; SemrushBot/7~bl; +http://www.semrush.com/bot.html)"
185.191.171.22 - - [02/Dec/2022:08:16:06 +0100] "GET /PmWikiFr/WikiStyles?action=diff HTTP/1.1" 403 18 "-" "Mozilla/5.0 (compatible; SemrushBot/7~bl; +http://www.semrush.com/bot.html)"
185.191.171.24 - - [02/Dec/2022:08:16:46 +0100] "GET /PmWikiFr/A?action=search&fmt=title&q=link%3DPmWikiFr.Requirements HTTP/1.1" 404 18 "-" "Mozilla/5.0 (compatible; SemrushBot/7~bl; +http://www.semrush.com/bot.html)"
85.25.185.196 - - [02/Dec/2022:08:16:52 +0100] "GET /Site/21Baadstoube?action=diff&source=n&minor=y HTTP/1.1" 200 21607 "-" "Mozilla/5.0 (Macintosh; Intel Mac OS X 10.15; rv:103.0) Gecko/20100101 Firefox/103.0"
85.25.185.196 - - [02/Dec/2022:08:17:31 +0100] "GET /Site/WGA4Gglinge?action=print HTTP/1.1" 200 12793 "-" "Mozilla/5.0 (Macintosh; Intel Mac OS X 10.15; rv:103.0) Gecko/20100101 Firefox/103.0"
85.25.185.196 - - [02/Dec/2022:08:20:17 +0100] "GET /Site/21Baadstoube?action=edit&restore=diff:1234557105:1234556981:&preview=y HTTP/1.1" 200 8697 "-" "Mozilla/5.0 (Macintosh; Intel Mac OS X 10.15; rv:103.0) Gecko/20100101 Firefox/103.0"
185.191.171.39 - - [02/Dec/2022:08:20:37 +0100] "GET /PmWikiIt/PaginaProva?action=edit HTTP/1.1" 403 18 "-" "Mozilla/5.0 (compatible; SemrushBot/7~bl; +http://www.semrush.com/bot.html)"
185.191.171.38 - - [02/Dec/2022:08:20:45 +0100] "GET /PmWikiFr/BasicVariables?action=diff HTTP/1.1" 403 18 "-" "Mozilla/5.0 (compatible; SemrushBot/7~bl; +http://www.semrush.com/bot.html)"
85.25.185.196 - - [02/Dec/2022:08:21:11 +0100] "GET /PodCast/Falschmaldig?action=print HTTP/1.1" 200 5248 "-" "Mozilla/5.0 (Macintosh; Intel Mac OS X 10.15; rv:103.0) Gecko/20100101 Firefox/103.0"
185.191.171.8 - - [02/Dec/2022:08:21:36 +0100] "GET /PmWikiVi/TinhNang?action=upload HTTP/1.1" 403 18 "-" "Mozilla/5.0 (compatible; SemrushBot/7~bl; +http://www.semrush.com/bot.html)"
85.25.185.196 - - [02/Dec/2022:08:22:32 +0100] "GET /Site HTTP/1.1" 302 161 "-" "Mozilla/5.0 (Macintosh; Intel Mac OS X 10.15; rv:103.0) Gecko/20100101 Firefox/103.0"
85.25.185.196 - - [02/Dec/2022:08:24:11 +0100] "GET /Site/21Baadstoube?action=edit&restore=diff:1234556981:1234556268:&preview=y HTTP/1.1" 200 8697 "-" "Mozilla/5.0 (Macintosh; Intel Mac OS X 10.15; rv:103.0) Gecko/20100101 Firefox/103.0"
85.25.185.196 - - [02/Dec/2022:08:25:10 +0100] "GET /Site/21Baadstoube?action=edit&restore=diff:1234556268:1234556268:&preview=y HTTP/1.1" 200 8697 "-" "Mozilla/5.0 (Macintosh; Intel Mac OS X 10.15; rv:103.0) Gecko/20100101 Firefox/103.0"
85.25.185.196 - - [02/Dec/2022:08:26:25 +0100] "GET /Site/21Baadstoube?action=edit&restore=diff:1234557143:1234557105:&preview=y HTTP/1.1" 200 8697 "-" "Mozilla/5.0 (Macintosh; Intel Mac OS X 10.15; rv:103.0) Gecko/20100101 Firefox/103.0"
85.25.185.196 - - [02/Dec/2022:08:27:24 +0100] "GET /PodCast/Apvantyv?action=print HTTP/1.1" 200 5543 "-" "Mozilla/5.0 (Macintosh; Intel Mac OS X 10.15; rv:103.0) Gecko/20100101 Firefox/103.0"
185.191.171.3 - - [02/Dec/2022:08:27:49 +0100] "GET /PodCast/RSSPodcasts?action=diff HTTP/1.1" 403 18 "-" "Mozilla/5.0 (compatible; SemrushBot/7~bl; +http://www.semrush.com/bot.html)"
185.191.171.4 - - [02/Dec/2022:08:28:13 +0100] "GET /PmWikiFr/A?action=search&fmt=title&q=link%3DPmWikiFr.I18nVariables HTTP/1.1" 404 18 "-" "Mozilla/5.0 (compatible; SemrushBot/7~bl; +http://www.semrush.com/bot.html)"
85.25.185.196 - - [02/Dec/2022:08:28:42 +0100] "GET /PodCast/Metamorfoose?action=print HTTP/1.1" 200 3741 "-" "Mozilla/5.0 (Macintosh; Intel Mac OS X 10.15; rv:103.0) Gecko/20100101 Firefox/103.0"
216.244.66.243 - - [02/Dec/2022:08:28:44 +0100] "GET /robots.txt HTTP/1.1" 200 - "-" "Mozilla/5.0 (compatible; DotBot/1.2; +https://opensiteexplorer.org/dotbot; help@moz.com)"
85.25.185.196 - - [02/Dec/2022:08:29:20 +0100] "GET /PodCast/Kounschtrandite?action=edit&restore=diff:1385062298:1385062157:&preview=y HTTP/1.1" 200 8780 "-" "Mozilla/5.0 (Macintosh; Intel Mac OS X 10.15; rv:103.0) Gecko/20100101 Firefox/103.0"
185.191.171.41 - - [02/Dec/2022:08:29:55 +0100] "GET /PmWikiDe/DeletingPages?action=upload HTTP/1.1" 403 18 "-" "Mozilla/5.0 (compatible; SemrushBot/7~bl; +http://www.semrush.com/bot.html)"
66.249.76.222 - - [02/Dec/2022:08:30:54 +0100] "GET /PodCast/IndexPage?action=rss HTTP/1.1" 200 6298 "-" "Mozilla/5.0 (compatible; Googlebot/2.1; +http://www.google.com/bot.html)"
85.25.185.196 - - [02/Dec/2022:08:31:35 +0100] "GET /PodCast/Kounschtrandite?action=edit&restore=diff:1385062157:1385062157:&preview=y HTTP/1.1" 200 8780 "-" "Mozilla/5.0 (Macintosh; Intel Mac OS X 10.15; rv:103.0) Gecko/20100101 Firefox/103.0"
185.191.171.22 - - [02/Dec/2022:08:31:54 +0100] "GET /PmWikiDe/WebFeeds?action=edit HTTP/1.1" 404 18 "-" "Mozilla/5.0 (compatible; SemrushBot/7~bl; +http://www.semrush.com/bot.html)"
34.213.91.79 - - [02/Dec/2022:08:31:55 +0100] "GET /PodCast/Reschpakt HTTP/1.1" 200 13691 "-" "wiederfreibot/1.0 (+https://www.wiederfrei.ch/crawler.html)"
185.191.171.2 - - [02/Dec/2022:08:32:49 +0100] "GET /PmWikiRu/WikiWikiWeb?action=edit HTTP/1.1" 403 18 "-" "Mozilla/5.0 (compatible; SemrushBot/7~bl; +http://www.semrush.com/bot.html)"
85.25.185.196 - - [02/Dec/2022:08:32:58 +0100] "GET /PodCast/Kounschtrandite?action=diff&source=n&minor=y HTTP/1.1" 200 17515 "-" "Mozilla/5.0 (Macintosh; Intel Mac OS X 10.15; rv:103.0) Gecko/20100101 Firefox/103.0"
20.241.233.77 - - [02/Dec/2022:08:33:52 +0100] "GET /robots.txt HTTP/1.1" 200 - "-" "python-requests/2.27.1"
20.241.233.77 - - [02/Dec/2022:08:34:00 +0100] "GET / HTTP/1.1" 200 15085 "-" "Mozilla/5.0 (Windows NT 10.0; Win64; x64) AppleWebKit/537.36 (KHTML, like Gecko) Chrome/76.0.3809.100 Safari/537.36"
185.191.171.12 - - [02/Dec/2022:08:35:38 +0100] "GET /PmWikiFr/PmWikiPhilosophy HTTP/1.1" 200 14454 "-" "Mozilla/5.0 (compatible; SemrushBot/7~bl; +http://www.semrush.com/bot.html)"
85.25.185.196 - - [02/Dec/2022:08:35:41 +0100] "GET /PodCast/Kounschtrandite?action=diff&source=y&minor=n HTTP/1.1" 200 16400 "-" "Mozilla/5.0 (Macintosh; Intel Mac OS X 10.15; rv:103.0) Gecko/20100101 Firefox/103.0"
185.191.171.14 - - [02/Dec/2022:08:35:42 +0100] "GET /PmWikiDe/SitePreferences?action=edit HTTP/1.1" 404 18 "-" "Mozilla/5.0 (compatible; SemrushBot/7~bl; +http://www.semrush.com/bot.html)"
185.191.171.41 - - [02/Dec/2022:08:36:26 +0100] "GET /PmWikiRu/TableDirectives?action=upload HTTP/1.1" 403 18 "-" "Mozilla/5.0 (compatible; SemrushBot/7~bl; +http://www.semrush.com/bot.html)"
85.25.185.196 - - [02/Dec/2022:08:36:26 +0100] "GET /Site/151Konschtanz1485?action=print HTTP/1.1" 200 7558 "-" "Mozilla/5.0 (Macintosh; Intel Mac OS X 10.15; rv:103.0) Gecko/20100101 Firefox/103.0"
185.191.171.34 - - [02/Dec/2022:08:36:30 +0100] "GET /PmWikiDe/Uploads?action=upload HTTP/1.1" 403 18 "-" "Mozilla/5.0 (compatible; SemrushBot/7~bl; +http://www.semrush.com/bot.html)"
207.46.13.87 - - [02/Dec/2022:08:37:20 +0100] "GET /Site/41Fasnacht HTTP/1.1" 200 8329 "-" "Mozilla/5.0 AppleWebKit/537.36 (KHTML, like Gecko; compatible; bingbot/2.0; +http://www.bing.com/bingbot.htm) Chrome/103.0.5060.134 Safari/537.36"
85.25.185.196 - - [02/Dec/2022:08:37:22 +0100] "GET /PodCast/Kounschtrandite?action=edit&restore=diff:1385062556:1385062298:&preview=y HTTP/1.1" 200 8780 "-" "Mozilla/5.0 (Macintosh; Intel Mac OS X 10.15; rv:103.0) Gecko/20100101 Firefox/103.0"
185.191.171.25 - - [02/Dec/2022:08:38:18 +0100] "GET /PmWikiJa/SysDiff?action=edit HTTP/1.1" 404 18 "-" "Mozilla/5.0 (compatible; SemrushBot/7~bl; +http://www.semrush.com/bot.html)"
198.235.24.130 - - [02/Dec/2022:08:38:18 +0100] "GET / HTTP/1.1" 200 15085 "-" "Expanse, a Palo Alto Networks company, searches across the global IPv4 space multiple times per day to identify customers&#39; presences on the Internet. If you would like to be excluded from our scans, please send IP addresses/domains to: scaninfo@paloaltonetworks.com"
185.191.171.44 - - [02/Dec/2022:08:38:45 +0100] "GET /PmWikiRu/DesignNotes?action=print HTTP/1.1" 403 18 "-" "Mozilla/5.0 (compatible; SemrushBot/7~bl; +http://www.semrush.com/bot.html)"
216.244.66.243 - - [02/Dec/2022:08:38:46 +0100] "GET /PodCast/Eidsprofulaxe HTTP/1.1" 200 8686 "-" "Mozilla/5.0 (compatible; DotBot/1.2; +https://opensiteexplorer.org/dotbot; help@moz.com)"
185.191.171.16 - - [02/Dec/2022:08:38:56 +0100] "GET /PmWikiRu/GroupHeader?action=edit HTTP/1.1" 403 18 "-" "Mozilla/5.0 (compatible; SemrushBot/7~bl; +http://www.semrush.com/bot.html)"
216.244.66.243 - - [02/Dec/2022:08:39:01 +0100] "GET /PodCast/Boundeswaal HTTP/1.1" 200 12917 "-" "Mozilla/5.0 (compatible; DotBot/1.2; +https://opensiteexplorer.org/dotbot; help@moz.com)"
216.244.66.243 - - [02/Dec/2022:08:39:06 +0100] "GET /PodCast/Doping HTTP/1.1" 200 8075 "-" "Mozilla/5.0 (compatible; DotBot/1.2; +https://opensiteexplorer.org/dotbot; help@moz.com)"
85.25.185.196 - - [02/Dec/2022:08:40:32 +0100] "GET /Site/61Sanggale1465?action=diff&source=y&minor=n HTTP/1.1" 200 21924 "-" "Mozilla/5.0 (Macintosh; Intel Mac OS X 10.15; rv:103.0) Gecko/20100101 Firefox/103.0"
185.191.171.35 - - [02/Dec/2022:08:40:52 +0100] "GET /robots.txt HTTP/1.1" 200 - "-" "Mozilla/5.0 (compatible; SemrushBot/7~bl; +http://www.semrush.com/bot.html)"
185.191.171.42 - - [02/Dec/2022:08:40:52 +0100] "GET /PmWikiDe/WikiStyleExamples HTTP/1.1" 200 17473 "-" "Mozilla/5.0 (compatible; SemrushBot/7~bl; +http://www.semrush.com/bot.html)"
185.191.171.43 - - [02/Dec/2022:08:41:06 +0100] "GET /PmWikiPo/PmWikiPo?action=print HTTP/1.1" 403 18 "-" "Mozilla/5.0 (compatible; SemrushBot/7~bl; +http://www.semrush.com/bot.html)"
193.138.213.208 - - [02/Dec/2022:08:41:11 +0100] "GET /robots.txt HTTP/1.1" 200 - "-" "Mozilla/5.0 (compatible; TigerBot/8.88; Tiger.ch)"
193.138.213.208 - - [02/Dec/2022:08:41:12 +0100] "GET / HTTP/1.1" 200 15085 "-" "Mozilla/5.0 (compatible; TigerBot/8.88; Tiger.ch)"
193.138.213.208 - - [02/Dec/2022:08:41:17 +0100] "GET /Texte/Schrybwys HTTP/1.1" 200 11028 "-" "Mozilla/5.0 (compatible; TigerBot/8.88; Tiger.ch)"
193.138.213.208 - - [02/Dec/2022:08:41:18 +0100] "GET /Texte/Rezension HTTP/1.1" 200 11812 "-" "Mozilla/5.0 (compatible; TigerBot/8.88; Tiger.ch)"
193.138.213.208 - - [02/Dec/2022:08:41:19 +0100] "GET /Site/PodCast HTTP/1.1" 200 40934 "-" "Mozilla/5.0 (compatible; TigerBot/8.88; Tiger.ch)"
193.138.213.208 - - [02/Dec/2022:08:41:21 +0100] "GET /Texte/Roman HTTP/1.1" 200 38741 "-" "Mozilla/5.0 (compatible; TigerBot/8.88; Tiger.ch)"
193.138.213.208 - - [02/Dec/2022:08:41:27 +0100] "GET /Texte/GDicht HTTP/1.1" 200 8050 "-" "Mozilla/5.0 (compatible; TigerBot/8.88; Tiger.ch)"
193.138.213.208 - - [02/Dec/2022:08:41:29 +0100] "GET /Admin/Pro-ZurituutschStatuten HTTP/1.1" 200 9580 "-" "Mozilla/5.0 (compatible; TigerBot/8.88; Tiger.ch)"
193.138.213.208 - - [02/Dec/2022:08:41:30 +0100] "GET /Admin/Links HTTP/1.1" 200 14193 "-" "Mozilla/5.0 (compatible; TigerBot/8.88; Tiger.ch)"
193.138.213.208 - - [02/Dec/2022:08:41:32 +0100] "GET /Hilfe/AnleitungTonbeispiele HTTP/1.1" 200 9878 "-" "Mozilla/5.0 (compatible; TigerBot/8.88; Tiger.ch)"
193.138.213.208 - - [02/Dec/2022:08:41:33 +0100] "GET /Main/Home?action=upload HTTP/1.1" 403 18 "-" "Mozilla/5.0 (compatible; TigerBot/8.88; Tiger.ch)"
193.138.213.208 - - [02/Dec/2022:08:41:34 +0100] "GET /Main/Home?action=diff HTTP/1.1" 403 18 "-" "Mozilla/5.0 (compatible; TigerBot/8.88; Tiger.ch)"
193.138.213.208 - - [02/Dec/2022:08:41:35 +0100] "GET /Texte/Roman?action=upload HTTP/1.1" 403 18 "-" "Mozilla/5.0 (compatible; TigerBot/8.88; Tiger.ch)"
193.138.213.208 - - [02/Dec/2022:08:41:36 +0100] "GET /Texte/Roman?action=diff HTTP/1.1" 403 18 "-" "Mozilla/5.0 (compatible; TigerBot/8.88; Tiger.ch)"
85.25.185.196 - - [02/Dec/2022:08:41:36 +0100] "GET /PodCast/FrawimSchatte?action=print HTTP/1.1" 200 9137 "-" "Mozilla/5.0 (Macintosh; Intel Mac OS X 10.15; rv:103.0) Gecko/20100101 Firefox/103.0"
193.138.213.208 - - [02/Dec/2022:08:41:37 +0100] "GET /Texte HTTP/1.1" 404 8123 "-" "Mozilla/5.0 (compatible; TigerBot/8.88; Tiger.ch)"
193.138.213.208 - - [02/Dec/2022:08:41:38 +0100] "GET /PodCast/Roman1 HTTP/1.1" 200 11804 "-" "Mozilla/5.0 (compatible; TigerBot/8.88; Tiger.ch)"
193.138.213.208 - - [02/Dec/2022:08:41:39 +0100] "GET /Texte/GDicht?action=upload HTTP/1.1" 403 18 "-" "Mozilla/5.0 (compatible; TigerBot/8.88; Tiger.ch)"
193.138.213.208 - - [02/Dec/2022:08:41:43 +0100] "GET /Texte/GDicht?action=diff HTTP/1.1" 403 18 "-" "Mozilla/5.0 (compatible; TigerBot/8.88; Tiger.ch)"
193.138.213.208 - - [02/Dec/2022:08:41:44 +0100] "GET /Admin/Pro-ZurituutschStatuten?action=upload HTTP/1.1" 403 18 "-" "Mozilla/5.0 (compatible; TigerBot/8.88; Tiger.ch)"
193.138.213.208 - - [02/Dec/2022:08:41:45 +0100] "GET /Admin/Pro-ZurituutschStatuten?action=diff HTTP/1.1" 403 18 "-" "Mozilla/5.0 (compatible; TigerBot/8.88; Tiger.ch)"
193.138.213.208 - - [02/Dec/2022:08:41:46 +0100] "GET /Admin HTTP/1.1" 404 8123 "-" "Mozilla/5.0 (compatible; TigerBot/8.88; Tiger.ch)"
193.138.213.208 - - [02/Dec/2022:08:41:47 +0100] "GET /Admin/Links?action=upload HTTP/1.1" 403 18 "-" "Mozilla/5.0 (compatible; TigerBot/8.88; Tiger.ch)"
193.138.213.208 - - [02/Dec/2022:08:41:48 +0100] "GET /Admin/Links?action=diff HTTP/1.1" 403 18 "-" "Mozilla/5.0 (compatible; TigerBot/8.88; Tiger.ch)"
193.138.213.208 - - [02/Dec/2022:08:41:54 +0100] "GET /Hilfe/AnleitungTonbeispiele?action=upload HTTP/1.1" 403 18 "-" "Mozilla/5.0 (compatible; TigerBot/8.88; Tiger.ch)"
193.138.213.208 - - [02/Dec/2022:08:41:55 +0100] "GET /Hilfe/AnleitungTonbeispiele?action=diff HTTP/1.1" 403 18 "-" "Mozilla/5.0 (compatible; TigerBot/8.88; Tiger.ch)"
193.138.213.208 - - [02/Dec/2022:08:41:56 +0100] "GET /Hilfe HTTP/1.1" 404 8123 "-" "Mozilla/5.0 (compatible; TigerBot/8.88; Tiger.ch)"
193.138.213.208 - - [02/Dec/2022:08:41:57 +0100] "GET /Hilfe/Winamp HTTP/1.1" 200 9314 "-" "Mozilla/5.0 (compatible; TigerBot/8.88; Tiger.ch)"
193.138.213.208 - - [02/Dec/2022:08:41:59 +0100] "GET /Hilfe/RealOne HTTP/1.1" 200 10362 "-" "Mozilla/5.0 (compatible; TigerBot/8.88; Tiger.ch)"
193.138.213.208 - - [02/Dec/2022:08:42:00 +0100] "GET /Hilfe/Quicktime HTTP/1.1" 200 9103 "-" "Mozilla/5.0 (compatible; TigerBot/8.88; Tiger.ch)"
193.138.213.208 - - [02/Dec/2022:08:42:01 +0100] "GET /PodCast/Roman1?action=upload HTTP/1.1" 403 18 "-" "Mozilla/5.0 (compatible; TigerBot/8.88; Tiger.ch)"
193.138.213.208 - - [02/Dec/2022:08:42:02 +0100] "GET /PodCast/Roman1?action=diff HTTP/1.1" 403 18 "-" "Mozilla/5.0 (compatible; TigerBot/8.88; Tiger.ch)"
193.138.213.208 - - [02/Dec/2022:08:42:03 +0100] "GET /PodCast HTTP/1.1" 302 167 "-" "Mozilla/5.0 (compatible; TigerBot/8.88; Tiger.ch)"
193.138.213.208 - - [02/Dec/2022:08:42:05 +0100] "GET /Hilfe/Winamp?action=upload HTTP/1.1" 403 18 "-" "Mozilla/5.0 (compatible; TigerBot/8.88; Tiger.ch)"
193.138.213.208 - - [02/Dec/2022:08:42:06 +0100] "GET /Hilfe/Winamp?action=diff HTTP/1.1" 403 18 "-" "Mozilla/5.0 (compatible; TigerBot/8.88; Tiger.ch)"
193.138.213.208 - - [02/Dec/2022:08:42:07 +0100] "GET /Hilfe/RealOne?action=upload HTTP/1.1" 403 18 "-" "Mozilla/5.0 (compatible; TigerBot/8.88; Tiger.ch)"
193.138.213.208 - - [02/Dec/2022:08:42:08 +0100] "GET /Hilfe/RealOne?action=diff HTTP/1.1" 403 18 "-" "Mozilla/5.0 (compatible; TigerBot/8.88; Tiger.ch)"
193.138.213.208 - - [02/Dec/2022:08:42:09 +0100] "GET /Hilfe/Quicktime?action=upload HTTP/1.1" 403 18 "-" "Mozilla/5.0 (compatible; TigerBot/8.88; Tiger.ch)"
193.138.213.208 - - [02/Dec/2022:08:42:10 +0100] "GET /Hilfe/Quicktime?action=diff HTTP/1.1" 403 18 "-" "Mozilla/5.0 (compatible; TigerBot/8.88; Tiger.ch)"
193.138.213.208 - - [02/Dec/2022:08:42:11 +0100] "GET /PodCast/PodCast HTTP/1.1" 200 29790 "-" "Mozilla/5.0 (compatible; TigerBot/8.88; Tiger.ch)"
193.138.213.208 - - [02/Dec/2022:08:42:15 +0100] "GET /PodCast/PodCast?action=upload HTTP/1.1" 403 18 "-" "Mozilla/5.0 (compatible; TigerBot/8.88; Tiger.ch)"
193.138.213.208 - - [02/Dec/2022:08:42:16 +0100] "GET /PodCast/PodCast?action=diff HTTP/1.1" 403 18 "-" "Mozilla/5.0 (compatible; TigerBot/8.88; Tiger.ch)"
193.138.213.208 - - [02/Dec/2022:08:42:17 +0100] "GET /PodCast/Wienechtsgschicht HTTP/1.1" 200 12139 "-" "Mozilla/5.0 (compatible; TigerBot/8.88; Tiger.ch)"
193.138.213.208 - - [02/Dec/2022:08:42:19 +0100] "GET /Site/WGA5Herz HTTP/1.1" 200 20138 "-" "Mozilla/5.0 (compatible; TigerBot/8.88; Tiger.ch)"
193.138.213.208 - - [02/Dec/2022:08:42:21 +0100] "GET /Site/WGA4Gglinge HTTP/1.1" 200 18606 "-" "Mozilla/5.0 (compatible; TigerBot/8.88; Tiger.ch)"
193.138.213.208 - - [02/Dec/2022:08:42:22 +0100] "GET /Tessynfaart/Tessynfaart HTTP/1.1" 200 8456 "-" "Mozilla/5.0 (compatible; TigerBot/8.88; Tiger.ch)"
193.138.213.208 - - [02/Dec/2022:08:42:23 +0100] "GET /PodCast/Roman3 HTTP/1.1" 200 13777 "-" "Mozilla/5.0 (compatible; TigerBot/8.88; Tiger.ch)"
193.138.213.208 - - [02/Dec/2022:08:42:25 +0100] "GET /PodCast/Gagetail HTTP/1.1" 200 8688 "-" "Mozilla/5.0 (compatible; TigerBot/8.88; Tiger.ch)"
193.138.213.208 - - [02/Dec/2022:08:42:27 +0100] "GET /PodCast/Erfruschig HTTP/1.1" 200 8972 "-" "Mozilla/5.0 (compatible; TigerBot/8.88; Tiger.ch)"
193.138.213.208 - - [02/Dec/2022:08:42:28 +0100] "GET /PodCast/Wortwaarte HTTP/1.1" 200 9483 "-" "Mozilla/5.0 (compatible; TigerBot/8.88; Tiger.ch)"
193.138.213.208 - - [02/Dec/2022:08:42:29 +0100] "GET /PodCast/Fanatiker HTTP/1.1" 200 8890 "-" "Mozilla/5.0 (compatible; TigerBot/8.88; Tiger.ch)"
193.138.213.208 - - [02/Dec/2022:08:42:31 +0100] "GET /PodCast/Quaalewaal HTTP/1.1" 200 8939 "-" "Mozilla/5.0 (compatible; TigerBot/8.88; Tiger.ch)"
193.138.213.208 - - [02/Dec/2022:08:42:32 +0100] "GET /PodCast/Erinerig HTTP/1.1" 200 8726 "-" "Mozilla/5.0 (compatible; TigerBot/8.88; Tiger.ch)"
193.138.213.208 - - [02/Dec/2022:08:42:34 +0100] "GET /PodCast/Eidsprofulaxe HTTP/1.1" 200 8686 "-" "Mozilla/5.0 (compatible; TigerBot/8.88; Tiger.ch)"
85.25.185.196 - - [02/Dec/2022:08:42:35 +0100] "GET /PodCast/JBJ202?action=print HTTP/1.1" 200 14773 "-" "Mozilla/5.0 (Macintosh; Intel Mac OS X 10.15; rv:103.0) Gecko/20100101 Firefox/103.0"
193.138.213.208 - - [02/Dec/2022:08:42:36 +0100] "GET /PodCast/Nostalgy HTTP/1.1" 200 8823 "-" "Mozilla/5.0 (compatible; TigerBot/8.88; Tiger.ch)"
193.138.213.208 - - [02/Dec/2022:08:42:38 +0100] "GET /PodCast/Limerick121314 HTTP/1.1" 200 9449 "-" "Mozilla/5.0 (compatible; TigerBot/8.88; Tiger.ch)"
193.138.213.208 - - [02/Dec/2022:08:42:39 +0100] "GET /PodCast/Limerick911 HTTP/1.1" 200 9383 "-" "Mozilla/5.0 (compatible; TigerBot/8.88; Tiger.ch)"
193.138.213.208 - - [02/Dec/2022:08:42:40 +0100] "GET /PodCast/Frueligsschwyge HTTP/1.1" 200 10289 "-" "Mozilla/5.0 (compatible; TigerBot/8.88; Tiger.ch)"
193.138.213.208 - - [02/Dec/2022:08:42:44 +0100] "GET /PodCast/Puzzle HTTP/1.1" 200 10433 "-" "Mozilla/5.0 (compatible; TigerBot/8.88; Tiger.ch)"
193.138.213.208 - - [02/Dec/2022:08:42:46 +0100] "GET /PodCast/Gottesliebe HTTP/1.1" 200 13456 "-" "Mozilla/5.0 (compatible; TigerBot/8.88; Tiger.ch)"
193.138.213.208 - - [02/Dec/2022:08:42:48 +0100] "GET /PodCast/BanquiQuali HTTP/1.1" 200 11738 "-" "Mozilla/5.0 (compatible; TigerBot/8.88; Tiger.ch)"
193.138.213.208 - - [02/Dec/2022:08:42:50 +0100] "GET /PodCast/Reschpakt HTTP/1.1" 200 13691 "-" "Mozilla/5.0 (compatible; TigerBot/8.88; Tiger.ch)"
193.138.213.208 - - [02/Dec/2022:08:42:52 +0100] "GET /PodCast/Stuurchrieg HTTP/1.1" 200 12261 "-" "Mozilla/5.0 (compatible; TigerBot/8.88; Tiger.ch)"
193.138.213.208 - - [02/Dec/2022:08:42:53 +0100] "GET /PodCast/Scheffwachsel HTTP/1.1" 200 12557 "-" "Mozilla/5.0 (compatible; TigerBot/8.88; Tiger.ch)"
193.138.213.208 - - [02/Dec/2022:08:42:54 +0100] "GET /PodCast/Griechestroom HTTP/1.1" 200 12408 "-" "Mozilla/5.0 (compatible; TigerBot/8.88; Tiger.ch)"
193.138.213.208 - - [02/Dec/2022:08:42:56 +0100] "GET /PodCast/Amaisehugel HTTP/1.1" 200 10785 "-" "Mozilla/5.0 (compatible; TigerBot/8.88; Tiger.ch)"
193.138.213.208 - - [02/Dec/2022:08:42:58 +0100] "GET /PodCast/Zwangsnaarig HTTP/1.1" 200 13078 "-" "Mozilla/5.0 (compatible; TigerBot/8.88; Tiger.ch)"
193.138.213.208 - - [02/Dec/2022:08:43:00 +0100] "GET /PodCast/Demokraty HTTP/1.1" 200 13145 "-" "Mozilla/5.0 (compatible; TigerBot/8.88; Tiger.ch)"
193.138.213.208 - - [02/Dec/2022:08:43:02 +0100] "GET /PodCast/Patriarch HTTP/1.1" 200 19129 "-" "Mozilla/5.0 (compatible; TigerBot/8.88; Tiger.ch)"
193.138.213.208 - - [02/Dec/2022:08:43:04 +0100] "GET /PodCast/Chile HTTP/1.1" 200 15112 "-" "Mozilla/5.0 (compatible; TigerBot/8.88; Tiger.ch)"
193.138.213.208 - - [02/Dec/2022:08:43:06 +0100] "GET /PodCast/Rassewaan HTTP/1.1" 200 11016 "-" "Mozilla/5.0 (compatible; TigerBot/8.88; Tiger.ch)"
193.138.213.208 - - [02/Dec/2022:08:43:08 +0100] "GET /PodCast/Glawbessund HTTP/1.1" 200 22790 "-" "Mozilla/5.0 (compatible; TigerBot/8.88; Tiger.ch)"
193.138.213.208 - - [02/Dec/2022:08:43:10 +0100] "GET /PodCast/Begriffbegryffe HTTP/1.1" 200 9885 "-" "Mozilla/5.0 (compatible; TigerBot/8.88; Tiger.ch)"
193.138.213.208 - - [02/Dec/2022:08:43:12 +0100] "GET /PodCast/Stolz HTTP/1.1" 200 8062 "-" "Mozilla/5.0 (compatible; TigerBot/8.88; Tiger.ch)"
193.138.213.208 - - [02/Dec/2022:08:43:13 +0100] "GET /PodCast/Goliat HTTP/1.1" 200 8075 "-" "Mozilla/5.0 (compatible; TigerBot/8.88; Tiger.ch)"
193.138.213.208 - - [02/Dec/2022:08:43:14 +0100] "GET /PodCast/Finanzsischteem HTTP/1.1" 200 8192 "-" "Mozilla/5.0 (compatible; TigerBot/8.88; Tiger.ch)"
193.138.213.208 - - [02/Dec/2022:08:43:16 +0100] "GET /PodCast/Ggloge HTTP/1.1" 200 8075 "-" "Mozilla/5.0 (compatible; TigerBot/8.88; Tiger.ch)"
193.138.213.208 - - [02/Dec/2022:08:43:17 +0100] "GET /PodCast/Propagandakraty HTTP/1.1" 200 8192 "-" "Mozilla/5.0 (compatible; TigerBot/8.88; Tiger.ch)"
193.138.213.208 - - [02/Dec/2022:08:43:19 +0100] "GET /PodCast/700Buezerleuh HTTP/1.1" 200 8168 "-" "Mozilla/5.0 (compatible; TigerBot/8.88; Tiger.ch)"
193.138.213.208 - - [02/Dec/2022:08:43:20 +0100] "GET /PodCast/Gramatik HTTP/1.1" 200 23244 "-" "Mozilla/5.0 (compatible; TigerBot/8.88; Tiger.ch)"
193.138.213.208 - - [02/Dec/2022:08:43:22 +0100] "GET /PodCast/Doping HTTP/1.1" 200 8075 "-" "Mozilla/5.0 (compatible; TigerBot/8.88; Tiger.ch)"
193.138.213.208 - - [02/Dec/2022:08:43:23 +0100] "GET /PodCast/Styluebige HTTP/1.1" 200 9354 "-" "Mozilla/5.0 (compatible; TigerBot/8.88; Tiger.ch)"
193.138.213.208 - - [02/Dec/2022:08:43:25 +0100] "GET /PodCast/Liebhaber1 HTTP/1.1" 200 9854 "-" "Mozilla/5.0 (compatible; TigerBot/8.88; Tiger.ch)"
193.138.213.208 - - [02/Dec/2022:08:43:27 +0100] "GET /PodCast/Liebhaber2 HTTP/1.1" 200 9886 "-" "Mozilla/5.0 (compatible; TigerBot/8.88; Tiger.ch)"
193.138.213.208 - - [02/Dec/2022:08:43:28 +0100] "GET /PodCast/Maitli HTTP/1.1" 200 9744 "-" "Mozilla/5.0 (compatible; TigerBot/8.88; Tiger.ch)"
193.138.213.208 - - [02/Dec/2022:08:43:29 +0100] "GET /PodCast/Amor HTTP/1.1" 200 9825 "-" "Mozilla/5.0 (compatible; TigerBot/8.88; Tiger.ch)"
193.138.213.208 - - [02/Dec/2022:08:43:30 +0100] "GET /PodCast/Metamorfoose HTTP/1.1" 200 9584 "-" "Mozilla/5.0 (compatible; TigerBot/8.88; Tiger.ch)"
193.138.213.208 - - [02/Dec/2022:08:43:32 +0100] "GET /PodCast/Voorwort HTTP/1.1" 200 10874 "-" "Mozilla/5.0 (compatible; TigerBot/8.88; Tiger.ch)"
193.138.213.208 - - [02/Dec/2022:08:43:33 +0100] "GET /PodCast/Email HTTP/1.1" 200 10291 "-" "Mozilla/5.0 (compatible; TigerBot/8.88; Tiger.ch)"
193.138.213.208 - - [02/Dec/2022:08:43:35 +0100] "GET /PodCast/Ereuffnig HTTP/1.1" 200 9128 "-" "Mozilla/5.0 (compatible; TigerBot/8.88; Tiger.ch)"
193.138.213.208 - - [02/Dec/2022:08:43:37 +0100] "GET /PodCast/Bankett HTTP/1.1" 200 9109 "-" "Mozilla/5.0 (compatible; TigerBot/8.88; Tiger.ch)"
193.138.213.208 - - [02/Dec/2022:08:43:38 +0100] "GET /PodCast/Traktandelyschte HTTP/1.1" 200 9239 "-" "Mozilla/5.0 (compatible; TigerBot/8.88; Tiger.ch)"
193.138.213.208 - - [02/Dec/2022:08:43:40 +0100] "GET /PodCast/Lobbiing HTTP/1.1" 200 9035 "-" "Mozilla/5.0 (compatible; TigerBot/8.88; Tiger.ch)"
185.191.171.15 - - [02/Dec/2022:08:43:42 +0100] "GET /PmWikiVi/BanGhiThayDoi?action=edit HTTP/1.1" 404 18 "-" "Mozilla/5.0 (compatible; SemrushBot/7~bl; +http://www.semrush.com/bot.html)"
193.138.213.208 - - [02/Dec/2022:08:43:42 +0100] "GET /PodCast/Verglych HTTP/1.1" 200 9163 "-" "Mozilla/5.0 (compatible; TigerBot/8.88; Tiger.ch)"
193.138.213.208 - - [02/Dec/2022:08:43:44 +0100] "GET /PodCast/Apschlouss HTTP/1.1" 200 9058 "-" "Mozilla/5.0 (compatible; TigerBot/8.88; Tiger.ch)"
193.138.213.208 - - [02/Dec/2022:08:43:45 +0100] "GET /PodCast/Tagigspricht HTTP/1.1" 200 8153 "-" "Mozilla/5.0 (compatible; TigerBot/8.88; Tiger.ch)"
193.138.213.208 - - [02/Dec/2022:08:43:47 +0100] "GET /PodCast/Missbrouhch HTTP/1.1" 200 15166 "-" "Mozilla/5.0 (compatible; TigerBot/8.88; Tiger.ch)"
193.138.213.208 - - [02/Dec/2022:08:43:49 +0100] "GET /PodCast/Bachtelberg HTTP/1.1" 200 9172 "-" "Mozilla/5.0 (compatible; TigerBot/8.88; Tiger.ch)"
193.138.213.208 - - [02/Dec/2022:08:43:51 +0100] "GET /PodCast/Wienechtsgschicht?action=upload HTTP/1.1" 403 18 "-" "Mozilla/5.0 (compatible; TigerBot/8.88; Tiger.ch)"
193.138.213.208 - - [02/Dec/2022:08:43:52 +0100] "GET /PodCast/Wienechtsgschicht?action=diff HTTP/1.1" 403 18 "-" "Mozilla/5.0 (compatible; TigerBot/8.88; Tiger.ch)"
193.138.213.208 - - [02/Dec/2022:08:43:53 +0100] "GET /Tessynfaart/Tessynfaart?action=upload HTTP/1.1" 403 18 "-" "Mozilla/5.0 (compatible; TigerBot/8.88; Tiger.ch)"
193.138.213.208 - - [02/Dec/2022:08:43:54 +0100] "GET /Tessynfaart/Tessynfaart?action=diff HTTP/1.1" 403 18 "-" "Mozilla/5.0 (compatible; TigerBot/8.88; Tiger.ch)"
193.138.213.208 - - [02/Dec/2022:08:43:55 +0100] "GET /Tessynfaart HTTP/1.1" 302 175 "-" "Mozilla/5.0 (compatible; TigerBot/8.88; Tiger.ch)"
193.138.213.208 - - [02/Dec/2022:08:43:56 +0100] "GET /PodCast/Roman3?action=upload HTTP/1.1" 403 18 "-" "Mozilla/5.0 (compatible; TigerBot/8.88; Tiger.ch)"
193.138.213.208 - - [02/Dec/2022:08:43:57 +0100] "GET /PodCast/Roman3?action=diff HTTP/1.1" 403 18 "-" "Mozilla/5.0 (compatible; TigerBot/8.88; Tiger.ch)"
85.25.185.196 - - [02/Dec/2022:08:43:57 +0100] "GET /Hilfe HTTP/1.1" 404 8123 "-" "Mozilla/5.0 (Macintosh; Intel Mac OS X 10.15; rv:103.0) Gecko/20100101 Firefox/103.0"
193.138.213.208 - - [02/Dec/2022:08:43:58 +0100] "GET /PodCast/Gagetail?action=upload HTTP/1.1" 403 18 "-" "Mozilla/5.0 (compatible; TigerBot/8.88; Tiger.ch)"
193.138.213.208 - - [02/Dec/2022:08:43:59 +0100] "GET /PodCast/Gagetail?action=diff HTTP/1.1" 403 18 "-" "Mozilla/5.0 (compatible; TigerBot/8.88; Tiger.ch)"
193.138.213.208 - - [02/Dec/2022:08:44:00 +0100] "GET /PodCast/Erfruschig?action=upload HTTP/1.1" 403 18 "-" "Mozilla/5.0 (compatible; TigerBot/8.88; Tiger.ch)"
193.138.213.208 - - [02/Dec/2022:08:44:01 +0100] "GET /PodCast/Erfruschig?action=diff HTTP/1.1" 403 18 "-" "Mozilla/5.0 (compatible; TigerBot/8.88; Tiger.ch)"
193.138.213.208 - - [02/Dec/2022:08:44:02 +0100] "GET /PodCast/Wortwaarte?action=upload HTTP/1.1" 403 18 "-" "Mozilla/5.0 (compatible; TigerBot/8.88; Tiger.ch)"
185.191.171.3 - - [02/Dec/2022:08:44:02 +0100] "GET /PmWikiPtBr/AjudaTraducao?action=upload HTTP/1.1" 403 18 "-" "Mozilla/5.0 (compatible; SemrushBot/7~bl; +http://www.semrush.com/bot.html)"
193.138.213.208 - - [02/Dec/2022:08:44:03 +0100] "GET /PodCast/Wortwaarte?action=diff HTTP/1.1" 403 18 "-" "Mozilla/5.0 (compatible; TigerBot/8.88; Tiger.ch)"
193.138.213.208 - - [02/Dec/2022:08:44:04 +0100] "GET /PodCast/Fanatiker?action=upload HTTP/1.1" 403 18 "-" "Mozilla/5.0 (compatible; TigerBot/8.88; Tiger.ch)"
193.138.213.208 - - [02/Dec/2022:08:44:05 +0100] "GET /PodCast/Fanatiker?action=diff HTTP/1.1" 403 18 "-" "Mozilla/5.0 (compatible; TigerBot/8.88; Tiger.ch)"
193.138.213.208 - - [02/Dec/2022:08:44:06 +0100] "GET /PodCast/Quaalewaal?action=upload HTTP/1.1" 403 18 "-" "Mozilla/5.0 (compatible; TigerBot/8.88; Tiger.ch)"
193.138.213.208 - - [02/Dec/2022:08:44:07 +0100] "GET /PodCast/Quaalewaal?action=diff HTTP/1.1" 403 18 "-" "Mozilla/5.0 (compatible; TigerBot/8.88; Tiger.ch)"
193.138.213.208 - - [02/Dec/2022:08:44:08 +0100] "GET /PodCast/Erinerig?action=upload HTTP/1.1" 403 18 "-" "Mozilla/5.0 (compatible; TigerBot/8.88; Tiger.ch)"
193.138.213.208 - - [02/Dec/2022:08:44:09 +0100] "GET /PodCast/Erinerig?action=diff HTTP/1.1" 403 18 "-" "Mozilla/5.0 (compatible; TigerBot/8.88; Tiger.ch)"
193.138.213.208 - - [02/Dec/2022:08:44:10 +0100] "GET /PodCast/Eidsprofulaxe?action=upload HTTP/1.1" 403 18 "-" "Mozilla/5.0 (compatible; TigerBot/8.88; Tiger.ch)"
193.138.213.208 - - [02/Dec/2022:08:44:11 +0100] "GET /PodCast/Eidsprofulaxe?action=diff HTTP/1.1" 403 18 "-" "Mozilla/5.0 (compatible; TigerBot/8.88; Tiger.ch)"
193.138.213.208 - - [02/Dec/2022:08:44:12 +0100] "GET /PodCast/Nostalgy?action=upload HTTP/1.1" 403 18 "-" "Mozilla/5.0 (compatible; TigerBot/8.88; Tiger.ch)"
193.138.213.208 - - [02/Dec/2022:08:44:13 +0100] "GET /PodCast/Nostalgy?action=diff HTTP/1.1" 403 18 "-" "Mozilla/5.0 (compatible; TigerBot/8.88; Tiger.ch)"
193.138.213.208 - - [02/Dec/2022:08:44:14 +0100] "GET /PodCast/Limerick121314?action=upload HTTP/1.1" 403 18 "-" "Mozilla/5.0 (compatible; TigerBot/8.88; Tiger.ch)"
185.191.171.13 - - [02/Dec/2022:08:44:15 +0100] "GET /Profiles/GiorgioGiudetti?action=edit HTTP/1.1" 404 18 "-" "Mozilla/5.0 (compatible; SemrushBot/7~bl; +http://www.semrush.com/bot.html)"
193.138.213.208 - - [02/Dec/2022:08:44:15 +0100] "GET /PodCast/Limerick121314?action=diff HTTP/1.1" 403 18 "-" "Mozilla/5.0 (compatible; TigerBot/8.88; Tiger.ch)"
193.138.213.208 - - [02/Dec/2022:08:44:16 +0100] "GET /PodCast/Limerick911?action=upload HTTP/1.1" 403 18 "-" "Mozilla/5.0 (compatible; TigerBot/8.88; Tiger.ch)"
193.138.213.208 - - [02/Dec/2022:08:44:19 +0100] "GET /PodCast/Limerick911?action=diff HTTP/1.1" 403 18 "-" "Mozilla/5.0 (compatible; TigerBot/8.88; Tiger.ch)"
193.138.213.208 - - [02/Dec/2022:08:44:20 +0100] "GET /PodCast/Frueligsschwyge?action=upload HTTP/1.1" 403 18 "-" "Mozilla/5.0 (compatible; TigerBot/8.88; Tiger.ch)"
193.138.213.208 - - [02/Dec/2022:08:44:21 +0100] "GET /PodCast/Frueligsschwyge?action=diff HTTP/1.1" 403 18 "-" "Mozilla/5.0 (compatible; TigerBot/8.88; Tiger.ch)"
193.138.213.208 - - [02/Dec/2022:08:44:22 +0100] "GET /PodCast/Puzzle?action=upload HTTP/1.1" 403 18 "-" "Mozilla/5.0 (compatible; TigerBot/8.88; Tiger.ch)"
193.138.213.208 - - [02/Dec/2022:08:44:24 +0100] "GET /PodCast/Puzzle?action=diff HTTP/1.1" 403 18 "-" "Mozilla/5.0 (compatible; TigerBot/8.88; Tiger.ch)"
185.191.171.39 - - [02/Dec/2022:08:44:25 +0100] "GET /PmWikiSi/PmWikiSi?action=diff HTTP/1.1" 403 18 "-" "Mozilla/5.0 (compatible; SemrushBot/7~bl; +http://www.semrush.com/bot.html)"
193.138.213.208 - - [02/Dec/2022:08:44:25 +0100] "GET /PodCast/Gottesliebe?action=upload HTTP/1.1" 403 18 "-" "Mozilla/5.0 (compatible; TigerBot/8.88; Tiger.ch)"
193.138.213.208 - - [02/Dec/2022:08:44:26 +0100] "GET /PodCast/Gottesliebe?action=diff HTTP/1.1" 403 18 "-" "Mozilla/5.0 (compatible; TigerBot/8.88; Tiger.ch)"
193.138.213.208 - - [02/Dec/2022:08:44:28 +0100] "GET /PodCast/BanquiQuali?action=upload HTTP/1.1" 403 18 "-" "Mozilla/5.0 (compatible; TigerBot/8.88; Tiger.ch)"
193.138.213.208 - - [02/Dec/2022:08:44:29 +0100] "GET /PodCast/BanquiQuali?action=diff HTTP/1.1" 403 18 "-" "Mozilla/5.0 (compatible; TigerBot/8.88; Tiger.ch)"
193.138.213.208 - - [02/Dec/2022:08:44:30 +0100] "GET /PodCast/Reschpakt?action=upload HTTP/1.1" 403 18 "-" "Mozilla/5.0 (compatible; TigerBot/8.88; Tiger.ch)"
193.138.213.208 - - [02/Dec/2022:08:44:31 +0100] "GET /PodCast/Reschpakt?action=diff HTTP/1.1" 403 18 "-" "Mozilla/5.0 (compatible; TigerBot/8.88; Tiger.ch)"
193.138.213.208 - - [02/Dec/2022:08:44:32 +0100] "GET /PodCast/Stuurchrieg?action=upload HTTP/1.1" 403 18 "-" "Mozilla/5.0 (compatible; TigerBot/8.88; Tiger.ch)"
193.138.213.208 - - [02/Dec/2022:08:44:33 +0100] "GET /PodCast/Stuurchrieg?action=diff HTTP/1.1" 403 18 "-" "Mozilla/5.0 (compatible; TigerBot/8.88; Tiger.ch)"
193.138.213.208 - - [02/Dec/2022:08:44:34 +0100] "GET /PodCast/Scheffwachsel?action=upload HTTP/1.1" 403 18 "-" "Mozilla/5.0 (compatible; TigerBot/8.88; Tiger.ch)"
193.138.213.208 - - [02/Dec/2022:08:44:35 +0100] "GET /PodCast/Scheffwachsel?action=diff HTTP/1.1" 403 18 "-" "Mozilla/5.0 (compatible; TigerBot/8.88; Tiger.ch)"
193.138.213.208 - - [02/Dec/2022:08:44:36 +0100] "GET /PodCast/Griechestroom?action=upload HTTP/1.1" 403 18 "-" "Mozilla/5.0 (compatible; TigerBot/8.88; Tiger.ch)"
193.138.213.208 - - [02/Dec/2022:08:44:37 +0100] "GET /PodCast/Griechestroom?action=diff HTTP/1.1" 403 18 "-" "Mozilla/5.0 (compatible; TigerBot/8.88; Tiger.ch)"
193.138.213.208 - - [02/Dec/2022:08:44:38 +0100] "GET /PodCast/Amaisehugel?action=upload HTTP/1.1" 403 18 "-" "Mozilla/5.0 (compatible; TigerBot/8.88; Tiger.ch)"
193.138.213.208 - - [02/Dec/2022:08:44:39 +0100] "GET /PodCast/Amaisehugel?action=diff HTTP/1.1" 403 18 "-" "Mozilla/5.0 (compatible; TigerBot/8.88; Tiger.ch)"
193.138.213.208 - - [02/Dec/2022:08:44:40 +0100] "GET /PodCast/Zwangsnaarig?action=upload HTTP/1.1" 403 18 "-" "Mozilla/5.0 (compatible; TigerBot/8.88; Tiger.ch)"
193.138.213.208 - - [02/Dec/2022:08:44:41 +0100] "GET /PodCast/Zwangsnaarig?action=diff HTTP/1.1" 403 18 "-" "Mozilla/5.0 (compatible; TigerBot/8.88; Tiger.ch)"
193.138.213.208 - - [02/Dec/2022:08:44:42 +0100] "GET /PodCast/Demokraty?action=upload HTTP/1.1" 403 18 "-" "Mozilla/5.0 (compatible; TigerBot/8.88; Tiger.ch)"
193.138.213.208 - - [02/Dec/2022:08:44:44 +0100] "GET /PodCast/Demokraty?action=diff HTTP/1.1" 403 18 "-" "Mozilla/5.0 (compatible; TigerBot/8.88; Tiger.ch)"
193.138.213.208 - - [02/Dec/2022:08:44:45 +0100] "GET /PodCast/Patriarch?action=upload HTTP/1.1" 403 18 "-" "Mozilla/5.0 (compatible; TigerBot/8.88; Tiger.ch)"
193.138.213.208 - - [02/Dec/2022:08:44:46 +0100] "GET /PodCast/Patriarch?action=diff HTTP/1.1" 403 18 "-" "Mozilla/5.0 (compatible; TigerBot/8.88; Tiger.ch)"
193.138.213.208 - - [02/Dec/2022:08:44:47 +0100] "GET /PodCast/Chile?action=upload HTTP/1.1" 403 18 "-" "Mozilla/5.0 (compatible; TigerBot/8.88; Tiger.ch)"
193.138.213.208 - - [02/Dec/2022:08:44:48 +0100] "GET /PodCast/Chile?action=diff HTTP/1.1" 403 18 "-" "Mozilla/5.0 (compatible; TigerBot/8.88; Tiger.ch)"
193.138.213.208 - - [02/Dec/2022:08:44:50 +0100] "GET /PodCast/Rassewaan?action=upload HTTP/1.1" 403 18 "-" "Mozilla/5.0 (compatible; TigerBot/8.88; Tiger.ch)"
193.138.213.208 - - [02/Dec/2022:08:44:51 +0100] "GET /PodCast/Rassewaan?action=diff HTTP/1.1" 403 18 "-" "Mozilla/5.0 (compatible; TigerBot/8.88; Tiger.ch)"
193.138.213.208 - - [02/Dec/2022:08:44:52 +0100] "GET /PodCast/Glawbessund?action=upload HTTP/1.1" 403 18 "-" "Mozilla/5.0 (compatible; TigerBot/8.88; Tiger.ch)"
193.138.213.208 - - [02/Dec/2022:08:44:53 +0100] "GET /PodCast/Glawbessund?action=diff HTTP/1.1" 403 18 "-" "Mozilla/5.0 (compatible; TigerBot/8.88; Tiger.ch)"
193.138.213.208 - - [02/Dec/2022:08:44:54 +0100] "GET /PodCast/Begriffbegryffe?action=upload HTTP/1.1" 403 18 "-" "Mozilla/5.0 (compatible; TigerBot/8.88; Tiger.ch)"
193.138.213.208 - - [02/Dec/2022:08:44:55 +0100] "GET /PodCast/Begriffbegryffe?action=diff HTTP/1.1" 403 18 "-" "Mozilla/5.0 (compatible; TigerBot/8.88; Tiger.ch)"
193.138.213.208 - - [02/Dec/2022:08:44:56 +0100] "GET /PodCast/Stolz?action=upload HTTP/1.1" 403 18 "-" "Mozilla/5.0 (compatible; TigerBot/8.88; Tiger.ch)"
193.138.213.208 - - [02/Dec/2022:08:44:57 +0100] "GET /PodCast/Stolz?action=diff HTTP/1.1" 403 18 "-" "Mozilla/5.0 (compatible; TigerBot/8.88; Tiger.ch)"
85.25.185.196 - - [02/Dec/2022:08:44:58 +0100] "GET /PodCast/Wistaria02?action=print HTTP/1.1" 200 10545 "-" "Mozilla/5.0 (Macintosh; Intel Mac OS X 10.15; rv:103.0) Gecko/20100101 Firefox/103.0"
193.138.213.208 - - [02/Dec/2022:08:44:58 +0100] "GET /PodCast/Goliat?action=upload HTTP/1.1" 403 18 "-" "Mozilla/5.0 (compatible; TigerBot/8.88; Tiger.ch)"
193.138.213.208 - - [02/Dec/2022:08:44:59 +0100] "GET /PodCast/Goliat?action=diff HTTP/1.1" 403 18 "-" "Mozilla/5.0 (compatible; TigerBot/8.88; Tiger.ch)"
193.138.213.208 - - [02/Dec/2022:08:45:00 +0100] "GET /PodCast/Finanzsischteem?action=upload HTTP/1.1" 403 18 "-" "Mozilla/5.0 (compatible; TigerBot/8.88; Tiger.ch)"
193.138.213.208 - - [02/Dec/2022:08:45:01 +0100] "GET /PodCast/Finanzsischteem?action=diff HTTP/1.1" 403 18 "-" "Mozilla/5.0 (compatible; TigerBot/8.88; Tiger.ch)"
193.138.213.208 - - [02/Dec/2022:08:45:02 +0100] "GET /PodCast/Ggloge?action=upload HTTP/1.1" 403 18 "-" "Mozilla/5.0 (compatible; TigerBot/8.88; Tiger.ch)"
193.138.213.208 - - [02/Dec/2022:08:45:03 +0100] "GET /PodCast/Ggloge?action=diff HTTP/1.1" 403 18 "-" "Mozilla/5.0 (compatible; TigerBot/8.88; Tiger.ch)"
193.138.213.208 - - [02/Dec/2022:08:45:04 +0100] "GET /PodCast/Propagandakraty?action=upload HTTP/1.1" 403 18 "-" "Mozilla/5.0 (compatible; TigerBot/8.88; Tiger.ch)"
193.138.213.208 - - [02/Dec/2022:08:45:05 +0100] "GET /PodCast/Propagandakraty?action=diff HTTP/1.1" 403 18 "-" "Mozilla/5.0 (compatible; TigerBot/8.88; Tiger.ch)"
193.138.213.208 - - [02/Dec/2022:08:45:06 +0100] "GET /PodCast/700Buezerleuh?action=upload HTTP/1.1" 403 18 "-" "Mozilla/5.0 (compatible; TigerBot/8.88; Tiger.ch)"
193.138.213.208 - - [02/Dec/2022:08:45:08 +0100] "GET /PodCast/700Buezerleuh?action=diff HTTP/1.1" 403 18 "-" "Mozilla/5.0 (compatible; TigerBot/8.88; Tiger.ch)"
193.138.213.208 - - [02/Dec/2022:08:45:09 +0100] "GET /PodCast/Gramatik?action=upload HTTP/1.1" 403 18 "-" "Mozilla/5.0 (compatible; TigerBot/8.88; Tiger.ch)"
193.138.213.208 - - [02/Dec/2022:08:45:10 +0100] "GET /PodCast/Gramatik?action=diff HTTP/1.1" 403 18 "-" "Mozilla/5.0 (compatible; TigerBot/8.88; Tiger.ch)"
193.138.213.208 - - [02/Dec/2022:08:45:11 +0100] "GET /PodCast/Doping?action=upload HTTP/1.1" 403 18 "-" "Mozilla/5.0 (compatible; TigerBot/8.88; Tiger.ch)"
193.138.213.208 - - [02/Dec/2022:08:45:12 +0100] "GET /PodCast/Doping?action=diff HTTP/1.1" 403 18 "-" "Mozilla/5.0 (compatible; TigerBot/8.88; Tiger.ch)"
193.138.213.208 - - [02/Dec/2022:08:45:13 +0100] "GET /PodCast/Styluebige?action=upload HTTP/1.1" 403 18 "-" "Mozilla/5.0 (compatible; TigerBot/8.88; Tiger.ch)"
193.138.213.208 - - [02/Dec/2022:08:45:14 +0100] "GET /PodCast/Styluebige?action=diff HTTP/1.1" 403 18 "-" "Mozilla/5.0 (compatible; TigerBot/8.88; Tiger.ch)"
193.138.213.208 - - [02/Dec/2022:08:45:15 +0100] "GET /PodCast/Liebhaber1?action=upload HTTP/1.1" 403 18 "-" "Mozilla/5.0 (compatible; TigerBot/8.88; Tiger.ch)"
193.138.213.208 - - [02/Dec/2022:08:45:16 +0100] "GET /PodCast/Liebhaber1?action=diff HTTP/1.1" 403 18 "-" "Mozilla/5.0 (compatible; TigerBot/8.88; Tiger.ch)"
193.138.213.208 - - [02/Dec/2022:08:45:17 +0100] "GET /PodCast/Liebhaber2?action=upload HTTP/1.1" 403 18 "-" "Mozilla/5.0 (compatible; TigerBot/8.88; Tiger.ch)"
193.138.213.208 - - [02/Dec/2022:08:45:18 +0100] "GET /PodCast/Liebhaber2?action=diff HTTP/1.1" 403 18 "-" "Mozilla/5.0 (compatible; TigerBot/8.88; Tiger.ch)"
193.138.213.208 - - [02/Dec/2022:08:45:19 +0100] "GET /PodCast/Maitli?action=upload HTTP/1.1" 403 18 "-" "Mozilla/5.0 (compatible; TigerBot/8.88; Tiger.ch)"
193.138.213.208 - - [02/Dec/2022:08:45:20 +0100] "GET /PodCast/Maitli?action=diff HTTP/1.1" 403 18 "-" "Mozilla/5.0 (compatible; TigerBot/8.88; Tiger.ch)"
193.138.213.208 - - [02/Dec/2022:08:45:22 +0100] "GET /PodCast/Amor?action=upload HTTP/1.1" 403 18 "-" "Mozilla/5.0 (compatible; TigerBot/8.88; Tiger.ch)"
193.138.213.208 - - [02/Dec/2022:08:45:23 +0100] "GET /PodCast/Amor?action=diff HTTP/1.1" 403 18 "-" "Mozilla/5.0 (compatible; TigerBot/8.88; Tiger.ch)"
193.138.213.208 - - [02/Dec/2022:08:45:24 +0100] "GET /PodCast/Metamorfoose?action=upload HTTP/1.1" 403 18 "-" "Mozilla/5.0 (compatible; TigerBot/8.88; Tiger.ch)"
193.138.213.208 - - [02/Dec/2022:08:45:25 +0100] "GET /PodCast/Metamorfoose?action=diff HTTP/1.1" 403 18 "-" "Mozilla/5.0 (compatible; TigerBot/8.88; Tiger.ch)"
