114.119.140.60 - - [26/Feb/2022:19:44:35 +0100] "GET /PodCast/Freuidechrafft?action=edit&restore=diff:1353776558:1353776247:&preview=y HTTP/1.1" 403 18 "-" "Mozilla/5.0 (Linux; Android 7.0;) AppleWebKit/537.36 (KHTML, like Gecko) Mobile Safari/537.36 (compatible; PetalBot;+https://webmaster.petalsearch.com/site/petalbot)"
185.191.171.18 - - [26/Feb/2022:19:45:01 +0100] "GET /robots.txt HTTP/1.1" 200 - "-" "Mozilla/5.0 (compatible; SemrushBot/7~bl; +http://www.semrush.com/bot.html)"
185.191.171.20 - - [26/Feb/2022:19:45:02 +0100] "GET /Main/Home?action=edit HTTP/1.1" 403 18 "-" "Mozilla/5.0 (compatible; SemrushBot/7~bl; +http://www.semrush.com/bot.html)"
85.25.177.219 - - [26/Feb/2022:19:46:36 +0100] "GET /Admin/AdresseStiftung?action=upload HTTP/1.1" 200 8607 "-" "Mozilla/5.0 (X11; Linux x86_64; rv:81.0) Gecko/20100101 Firefox/81.0"
85.25.177.219 - - [26/Feb/2022:19:49:17 +0100] "GET /Admin/AdresseStiftung?action=print HTTP/1.1" 200 2600 "-" "Mozilla/5.0 (X11; Linux x86_64; rv:81.0) Gecko/20100101 Firefox/81.0"
185.191.171.21 - - [26/Feb/2022:19:49:49 +0100] "GET /PmWiki/SendPmMoney?action=edit HTTP/1.1" 404 18 "-" "Mozilla/5.0 (compatible; SemrushBot/7~bl; +http://www.semrush.com/bot.html)"
85.25.177.219 - - [26/Feb/2022:19:50:40 +0100] "GET /Admin/AdresseStiftung?action=diff HTTP/1.1" 200 17053 "-" "Mozilla/5.0 (X11; Linux x86_64; rv:81.0) Gecko/20100101 Firefox/81.0"
114.119.140.73 - - [26/Feb/2022:19:52:25 +0100] "GET /PmWiki/PageVariables?action=diff HTTP/1.1" 403 18 "-" "Mozilla/5.0 (Linux; Android 7.0;) AppleWebKit/537.36 (KHTML, like Gecko) Mobile Safari/537.36 (compatible; PetalBot;+https://webmaster.petalsearch.com/site/petalbot)"
114.119.141.186 - - [26/Feb/2022:19:52:52 +0100] "GET /Site/Tessynfaart?action=print HTTP/1.1" 403 18 "-" "Mozilla/5.0 (Linux; Android 7.0;) AppleWebKit/537.36 (KHTML, like Gecko) Mobile Safari/537.36 (compatible; PetalBot;+https://webmaster.petalsearch.com/site/petalbot)"
85.25.177.219 - - [26/Feb/2022:19:53:41 +0100] "GET /Admin/AdresseStiftung?action=edit HTTP/1.1" 200 8707 "-" "Mozilla/5.0 (X11; Linux x86_64; rv:81.0) Gecko/20100101 Firefox/81.0"
185.191.171.14 - - [26/Feb/2022:19:56:34 +0100] "GET /PmWikiRu/Tables?action=print HTTP/1.1" 403 18 "-" "Mozilla/5.0 (compatible; SemrushBot/7~bl; +http://www.semrush.com/bot.html)"
85.25.177.219 - - [26/Feb/2022:19:56:56 +0100] "GET /Texte/ArsAmatoria?action=diff HTTP/1.1" 200 41100 "-" "Mozilla/5.0 (X11; Linux x86_64; rv:81.0) Gecko/20100101 Firefox/81.0"
185.191.171.36 - - [26/Feb/2022:19:57:15 +0100] "GET /PmWikiDe/UploadsAdmin?action=diff HTTP/1.1" 403 18 "-" "Mozilla/5.0 (compatible; SemrushBot/7~bl; +http://www.semrush.com/bot.html)"
85.25.177.219 - - [26/Feb/2022:19:58:32 +0100] "GET /Texte/ArsAmatoria?action=print HTTP/1.1" 200 6621 "-" "Mozilla/5.0 (X11; Linux x86_64; rv:81.0) Gecko/20100101 Firefox/81.0"
85.25.177.219 - - [26/Feb/2022:19:59:44 +0100] "GET /Hilfe/AnleitungTonbeispiele?action=upload HTTP/1.1" 200 8691 "-" "Mozilla/5.0 (X11; Linux x86_64; rv:81.0) Gecko/20100101 Firefox/81.0"
85.25.177.219 - - [26/Feb/2022:20:01:06 +0100] "GET /Texte/ArsAmatoria?action=upload HTTP/1.1" 200 8551 "-" "Mozilla/5.0 (X11; Linux x86_64; rv:81.0) Gecko/20100101 Firefox/81.0"
194.209.200.2 - - [26/Feb/2022:20:01:18 +0100] "GET /robots.txt HTTP/1.1" 200 - "-" "Mozilla/5.0 (compatible; TMMBot/0.2; +http://www.dslab.ch)/Nutch-1.15"
194.209.200.2 - - [26/Feb/2022:20:01:18 +0100] "GET /Texte/Rezension HTTP/1.1" 200 11812 "-" "Mozilla/5.0 (compatible; TMMBot/0.2; +http://www.dslab.ch)/Nutch-1.15"
85.25.177.219 - - [26/Feb/2022:20:02:52 +0100] "GET /Hilfe/AnleitungTonbeispiele?action=upload HTTP/1.1" 200 8691 "-" "Mozilla/5.0 (X11; Linux x86_64; rv:81.0) Gecko/20100101 Firefox/81.0"
194.209.200.2 - - [26/Feb/2022:20:03:10 +0100] "GET /Admin/Jahresbericht HTTP/1.1" 200 45530 "-" "Mozilla/5.0 (compatible; TMMBot/0.2; +http://www.dslab.ch)/Nutch-1.15"
194.209.200.2 - - [26/Feb/2022:20:03:28 +0100] "GET /Texte/Limericks HTTP/1.1" 200 8087 "-" "Mozilla/5.0 (compatible; TMMBot/0.2; +http://www.dslab.ch)/Nutch-1.15"
85.25.177.219 - - [26/Feb/2022:20:04:55 +0100] "GET /Hilfe/AnleitungTonbeispiele?action=diff HTTP/1.1" 200 13229 "-" "Mozilla/5.0 (X11; Linux x86_64; rv:81.0) Gecko/20100101 Firefox/81.0"
194.209.200.2 - - [26/Feb/2022:20:04:56 +0100] "GET /Admin/Links HTTP/1.1" 200 14193 "-" "Mozilla/5.0 (compatible; TMMBot/0.2; +http://www.dslab.ch)/Nutch-1.15"
194.209.200.2 - - [26/Feb/2022:20:05:04 +0100] "GET /Texte/Metamorphoses HTTP/1.1" 200 9045 "-" "Mozilla/5.0 (compatible; TMMBot/0.2; +http://www.dslab.ch)/Nutch-1.15"
194.209.200.2 - - [26/Feb/2022:20:05:08 +0100] "GET /Site/PodCast HTTP/1.1" 200 40934 "-" "Mozilla/5.0 (compatible; TMMBot/0.2; +http://www.dslab.ch)/Nutch-1.15"
114.119.141.112 - - [26/Feb/2022:20:05:15 +0100] "GET /Site/UploadQuickReference?action=upload&upname=21Baadstoube.mp3 HTTP/1.1" 403 18 "-" "Mozilla/5.0 (Linux; Android 7.0;) AppleWebKit/537.36 (KHTML, like Gecko) Mobile Safari/537.36 (compatible; PetalBot;+https://webmaster.petalsearch.com/site/petalbot)"
114.119.141.146 - - [26/Feb/2022:20:06:23 +0100] "GET /PmWiki/BasicVariables?action=upload HTTP/1.1" 403 18 "-" "Mozilla/5.0 (Linux; Android 7.0;) AppleWebKit/537.36 (KHTML, like Gecko) Mobile Safari/537.36 (compatible; PetalBot;+https://webmaster.petalsearch.com/site/petalbot)"
85.25.177.219 - - [26/Feb/2022:20:06:32 +0100] "GET /Hilfe/AnleitungTonbeispiele?action=print HTTP/1.1" 200 4056 "-" "Mozilla/5.0 (X11; Linux x86_64; rv:81.0) Gecko/20100101 Firefox/81.0"
194.209.200.2 - - [26/Feb/2022:20:07:44 +0100] "GET /Gast/Podcast HTTP/1.1" 200 8106 "-" "Mozilla/5.0 (compatible; TMMBot/0.2; +http://www.dslab.ch)/Nutch-1.15"
194.209.200.2 - - [26/Feb/2022:20:08:12 +0100] "GET /Hilfe/AnleitungTonbeispiele HTTP/1.1" 200 9878 "-" "Mozilla/5.0 (compatible; TMMBot/0.2; +http://www.dslab.ch)/Nutch-1.15"
85.25.177.219 - - [26/Feb/2022:20:08:37 +0100] "GET /Hilfe/AnleitungTonbeispiele?action=edit HTTP/1.1" 200 8791 "-" "Mozilla/5.0 (X11; Linux x86_64; rv:81.0) Gecko/20100101 Firefox/81.0"
114.119.140.60 - - [26/Feb/2022:20:09:46 +0100] "GET /PodCast/JBJ701?action=upload HTTP/1.1" 403 18 "-" "Mozilla/5.0 (Linux; Android 7.0;) AppleWebKit/537.36 (KHTML, like Gecko) Mobile Safari/537.36 (compatible; PetalBot;+https://webmaster.petalsearch.com/site/petalbot)"
85.25.177.219 - - [26/Feb/2022:20:09:59 +0100] "GET /Hilfe/Quicktime HTTP/1.1" 200 9103 "-" "Mozilla/5.0 (X11; Linux x86_64; rv:81.0) Gecko/20100101 Firefox/81.0"
114.119.140.84 - - [26/Feb/2022:20:10:02 +0100] "GET /PmWikiRu/PageLists?action=edit HTTP/1.1" 403 18 "-" "Mozilla/5.0 (Linux; Android 7.0;) AppleWebKit/537.36 (KHTML, like Gecko) Mobile Safari/537.36 (compatible; PetalBot;+https://webmaster.petalsearch.com/site/petalbot)"
114.119.141.139 - - [26/Feb/2022:20:12:33 +0100] "GET /PmWikiLt/XLPage?action=edit HTTP/1.1" 403 18 "-" "Mozilla/5.0 (Linux; Android 7.0;) AppleWebKit/537.36 (KHTML, like Gecko) Mobile Safari/537.36 (compatible; PetalBot;+https://webmaster.petalsearch.com/site/petalbot)"
2.56.59.242 - - [26/Feb/2022:20:12:35 +0100] "GET / HTTP/1.1" 200 14638 "-" "Mozilla/5.0 (Windows NT 10.0; Win64; x64) AppleWebKit/537.36 (KHTML, like Gecko) Chrome/95.0.4638.69 Safari/537.36"
2.56.59.242 - - [26/Feb/2022:20:12:35 +0100] "GET / HTTP/1.1" 200 14638 "-" "Mozilla/5.0 (Windows NT 10.0; Win64; x64) AppleWebKit/537.36 (KHTML, like Gecko) Chrome/95.0.4638.69 Safari/537.36"
2.56.59.242 - - [26/Feb/2022:20:12:35 +0100] "GET /feed/ HTTP/1.1" 404 271 "-" "Mozilla/5.0 (Windows NT 10.0; Win64; x64) AppleWebKit/537.36 (KHTML, like Gecko) Chrome/95.0.4638.69 Safari/537.36"
2.56.59.242 - - [26/Feb/2022:20:12:35 +0100] "GET /xmlrpc.php?rsd HTTP/1.1" 404 276 "-" "Mozilla/5.0 (Windows NT 10.0; Win64; x64) AppleWebKit/537.36 (KHTML, like Gecko) Chrome/95.0.4638.69 Safari/537.36"
2.56.59.242 - - [26/Feb/2022:20:12:35 +0100] "GET /blog/wp-includes/wlwmanifest.xml HTTP/1.1" 404 298 "-" "Mozilla/5.0 (Windows NT 10.0; Win64; x64) AppleWebKit/537.36 (KHTML, like Gecko) Chrome/95.0.4638.69 Safari/537.36"
2.56.59.242 - - [26/Feb/2022:20:12:35 +0100] "GET /web/wp-includes/wlwmanifest.xml HTTP/1.1" 404 297 "-" "Mozilla/5.0 (Windows NT 10.0; Win64; x64) AppleWebKit/537.36 (KHTML, like Gecko) Chrome/95.0.4638.69 Safari/537.36"
2.56.59.242 - - [26/Feb/2022:20:12:35 +0100] "GET /wordpress/wp-includes/wlwmanifest.xml HTTP/1.1" 404 303 "-" "Mozilla/5.0 (Windows NT 10.0; Win64; x64) AppleWebKit/537.36 (KHTML, like Gecko) Chrome/95.0.4638.69 Safari/537.36"
2.56.59.242 - - [26/Feb/2022:20:12:35 +0100] "GET /wp/wp-includes/wlwmanifest.xml HTTP/1.1" 404 296 "-" "Mozilla/5.0 (Windows NT 10.0; Win64; x64) AppleWebKit/537.36 (KHTML, like Gecko) Chrome/95.0.4638.69 Safari/537.36"
2.56.59.242 - - [26/Feb/2022:20:12:35 +0100] "GET /2020/wp-includes/wlwmanifest.xml HTTP/1.1" 404 264 "-" "Mozilla/5.0 (Windows NT 10.0; Win64; x64) AppleWebKit/537.36 (KHTML, like Gecko) Chrome/95.0.4638.69 Safari/537.36"
2.56.59.242 - - [26/Feb/2022:20:12:35 +0100] "GET /2019/wp-includes/wlwmanifest.xml HTTP/1.1" 404 264 "-" "Mozilla/5.0 (Windows NT 10.0; Win64; x64) AppleWebKit/537.36 (KHTML, like Gecko) Chrome/95.0.4638.69 Safari/537.36"
2.56.59.242 - - [26/Feb/2022:20:12:35 +0100] "GET /2021/wp-includes/wlwmanifest.xml HTTP/1.1" 404 264 "-" "Mozilla/5.0 (Windows NT 10.0; Win64; x64) AppleWebKit/537.36 (KHTML, like Gecko) Chrome/95.0.4638.69 Safari/537.36"
2.56.59.242 - - [26/Feb/2022:20:12:35 +0100] "GET /shop/wp-includes/wlwmanifest.xml HTTP/1.1" 404 298 "-" "Mozilla/5.0 (Windows NT 10.0; Win64; x64) AppleWebKit/537.36 (KHTML, like Gecko) Chrome/95.0.4638.69 Safari/537.36"
2.56.59.242 - - [26/Feb/2022:20:12:35 +0100] "GET /wp1/wp-includes/wlwmanifest.xml HTTP/1.1" 404 297 "-" "Mozilla/5.0 (Windows NT 10.0; Win64; x64) AppleWebKit/537.36 (KHTML, like Gecko) Chrome/95.0.4638.69 Safari/537.36"
2.56.59.242 - - [26/Feb/2022:20:12:35 +0100] "GET /test/wp-includes/wlwmanifest.xml HTTP/1.1" 404 298 "-" "Mozilla/5.0 (Windows NT 10.0; Win64; x64) AppleWebKit/537.36 (KHTML, like Gecko) Chrome/95.0.4638.69 Safari/537.36"
2.56.59.242 - - [26/Feb/2022:20:12:35 +0100] "GET /site/wp-includes/wlwmanifest.xml HTTP/1.1" 404 298 "-" "Mozilla/5.0 (Windows NT 10.0; Win64; x64) AppleWebKit/537.36 (KHTML, like Gecko) Chrome/95.0.4638.69 Safari/537.36"
2.56.59.242 - - [26/Feb/2022:20:12:35 +0100] "GET /cms/wp-includes/wlwmanifest.xml HTTP/1.1" 404 297 "-" "Mozilla/5.0 (Windows NT 10.0; Win64; x64) AppleWebKit/537.36 (KHTML, like Gecko) Chrome/95.0.4638.69 Safari/537.36"
114.119.141.200 - - [26/Feb/2022:20:13:18 +0100] "GET /PodCast/Limerick27?action=edit&restore=diff:1401433025:1401432817:&preview=y HTTP/1.1" 403 18 "-" "Mozilla/5.0 (Linux; Android 7.0;) AppleWebKit/537.36 (KHTML, like Gecko) Mobile Safari/537.36 (compatible; PetalBot;+https://webmaster.petalsearch.com/site/petalbot)"
85.25.177.219 - - [26/Feb/2022:20:13:21 +0100] "GET /Hilfe/Winamp HTTP/1.1" 200 9314 "-" "Mozilla/5.0 (X11; Linux x86_64; rv:81.0) Gecko/20100101 Firefox/81.0"
185.191.171.43 - - [26/Feb/2022:20:15:05 +0100] "GET /PmWikiRu/GroupHeader?action=print HTTP/1.1" 403 18 "-" "Mozilla/5.0 (compatible; SemrushBot/7~bl; +http://www.semrush.com/bot.html)"
216.244.66.243 - - [26/Feb/2022:20:17:32 +0100] "GET /robots.txt HTTP/1.1" 200 - "-" "Mozilla/5.0 (compatible; DotBot/1.2; +https://opensiteexplorer.org/dotbot; help@moz.com)"
114.119.141.178 - - [26/Feb/2022:20:18:01 +0100] "GET /PodCast/Erfruschig?action=edit HTTP/1.1" 403 18 "-" "Mozilla/5.0 (Linux; Android 7.0;) AppleWebKit/537.36 (KHTML, like Gecko) Mobile Safari/537.36 (compatible; PetalBot;+https://webmaster.petalsearch.com/site/petalbot)"
85.25.177.219 - - [26/Feb/2022:20:18:45 +0100] "GET /Hilfe/RealOne HTTP/1.1" 200 10362 "-" "Mozilla/5.0 (X11; Linux x86_64; rv:81.0) Gecko/20100101 Firefox/81.0"
114.119.141.191 - - [26/Feb/2022:20:21:41 +0100] "GET /Site/SideBar?action=upload HTTP/1.1" 403 18 "-" "Mozilla/5.0 (Linux; Android 7.0;) AppleWebKit/537.36 (KHTML, like Gecko) Mobile Safari/537.36 (compatible; PetalBot;+https://webmaster.petalsearch.com/site/petalbot)"
85.25.177.219 - - [26/Feb/2022:20:22:26 +0100] "GET /Texte/ZurcherischEnglish?action=upload HTTP/1.1" 200 8649 "-" "Mozilla/5.0 (X11; Linux x86_64; rv:81.0) Gecko/20100101 Firefox/81.0"
185.191.171.25 - - [26/Feb/2022:20:22:56 +0100] "GET /PmWikiPtBr/FAQ HTTP/1.1" 200 13025 "-" "Mozilla/5.0 (compatible; SemrushBot/7~bl; +http://www.semrush.com/bot.html)"
85.25.177.219 - - [26/Feb/2022:20:23:38 +0100] "GET /Texte/ZurcherischEnglish?action=print HTTP/1.1" 200 2391 "-" "Mozilla/5.0 (X11; Linux x86_64; rv:81.0) Gecko/20100101 Firefox/81.0"
85.25.177.219 - - [26/Feb/2022:20:24:43 +0100] "GET /Texte/ZurcherischEnglish?action=diff HTTP/1.1" 200 9927 "-" "Mozilla/5.0 (X11; Linux x86_64; rv:81.0) Gecko/20100101 Firefox/81.0"
85.25.177.219 - - [26/Feb/2022:20:27:05 +0100] "GET /Texte/Metamorphoses?action=upload HTTP/1.1" 200 8577 "-" "Mozilla/5.0 (X11; Linux x86_64; rv:81.0) Gecko/20100101 Firefox/81.0"
85.25.177.219 - - [26/Feb/2022:20:28:22 +0100] "GET /Texte/Metamorphoses?action=diff HTTP/1.1" 200 22809 "-" "Mozilla/5.0 (X11; Linux x86_64; rv:81.0) Gecko/20100101 Firefox/81.0"
216.244.66.243 - - [26/Feb/2022:20:30:00 +0100] "GET /PmWikiFr/GroupFooter HTTP/1.1" 200 9347 "-" "Mozilla/5.0 (compatible; DotBot/1.2; +https://opensiteexplorer.org/dotbot; help@moz.com)"
194.209.200.2 - - [26/Feb/2022:20:32:51 +0100] "GET /robots.txt HTTP/1.1" 200 - "-" "Mozilla/5.0 (compatible; TMMBot/0.2; +http://www.dslab.ch)/Nutch-1.15"
194.209.200.2 - - [26/Feb/2022:20:32:51 +0100] "GET /Texte/Rezension HTTP/1.1" 200 11812 "-" "Mozilla/5.0 (compatible; TMMBot/0.2; +http://www.dslab.ch)/Nutch-1.15"
85.25.177.219 - - [26/Feb/2022:20:34:20 +0100] "GET /Texte/Metamorphoses?action=edit HTTP/1.1" 200 8677 "-" "Mozilla/5.0 (X11; Linux x86_64; rv:81.0) Gecko/20100101 Firefox/81.0"
194.209.200.2 - - [26/Feb/2022:20:34:48 +0100] "GET /Admin/Jahresbericht HTTP/1.1" 200 45530 "-" "Mozilla/5.0 (compatible; TMMBot/0.2; +http://www.dslab.ch)/Nutch-1.15"
194.209.200.2 - - [26/Feb/2022:20:35:07 +0100] "GET /Texte/Limericks HTTP/1.1" 200 8087 "-" "Mozilla/5.0 (compatible; TMMBot/0.2; +http://www.dslab.ch)/Nutch-1.15"
85.25.177.219 - - [26/Feb/2022:20:35:32 +0100] "GET /Texte/Bitterbeuhsi?action=edit HTTP/1.1" 200 8663 "-" "Mozilla/5.0 (X11; Linux x86_64; rv:81.0) Gecko/20100101 Firefox/81.0"
194.209.200.2 - - [26/Feb/2022:20:36:36 +0100] "GET /Admin/Links HTTP/1.1" 200 14193 "-" "Mozilla/5.0 (compatible; TMMBot/0.2; +http://www.dslab.ch)/Nutch-1.15"
194.209.200.2 - - [26/Feb/2022:20:36:44 +0100] "GET /Texte/Metamorphoses HTTP/1.1" 200 9045 "-" "Mozilla/5.0 (compatible; TMMBot/0.2; +http://www.dslab.ch)/Nutch-1.15"
194.209.200.2 - - [26/Feb/2022:20:36:47 +0100] "GET /Site/PodCast HTTP/1.1" 200 40934 "-" "Mozilla/5.0 (compatible; TMMBot/0.2; +http://www.dslab.ch)/Nutch-1.15"
114.119.140.87 - - [26/Feb/2022:20:38:12 +0100] "GET /Main/HomePage?action=diff HTTP/1.1" 403 18 "-" "Mozilla/5.0 (Linux; Android 7.0;) AppleWebKit/537.36 (KHTML, like Gecko) Mobile Safari/537.36 (compatible; PetalBot;+https://webmaster.petalsearch.com/site/petalbot)"
85.25.177.219 - - [26/Feb/2022:20:39:16 +0100] "GET /Texte/Bitterbeuhsi?action=edit HTTP/1.1" 200 8663 "-" "Mozilla/5.0 (X11; Linux x86_64; rv:81.0) Gecko/20100101 Firefox/81.0"
194.209.200.2 - - [26/Feb/2022:20:39:30 +0100] "GET /Gast/Podcast HTTP/1.1" 200 8106 "-" "Mozilla/5.0 (compatible; TMMBot/0.2; +http://www.dslab.ch)/Nutch-1.15"
194.209.200.2 - - [26/Feb/2022:20:40:00 +0100] "GET /Hilfe/AnleitungTonbeispiele HTTP/1.1" 200 9878 "-" "Mozilla/5.0 (compatible; TMMBot/0.2; +http://www.dslab.ch)/Nutch-1.15"
85.25.177.219 - - [26/Feb/2022:20:40:15 +0100] "GET /Texte/Bitterbeuhsi?action=diff HTTP/1.1" 200 22494 "-" "Mozilla/5.0 (X11; Linux x86_64; rv:81.0) Gecko/20100101 Firefox/81.0"
85.25.177.219 - - [26/Feb/2022:20:41:16 +0100] "GET /Texte/Bitterbeuhsi?action=print HTTP/1.1" 200 3434 "-" "Mozilla/5.0 (X11; Linux x86_64; rv:81.0) Gecko/20100101 Firefox/81.0"
85.25.177.219 - - [26/Feb/2022:20:43:44 +0100] "GET /Texte/Bitterbeuhsi?action=upload HTTP/1.1" 200 8563 "-" "Mozilla/5.0 (X11; Linux x86_64; rv:81.0) Gecko/20100101 Firefox/81.0"
185.191.171.8 - - [26/Feb/2022:20:44:59 +0100] "GET /PmWikiFr/MarkupMasterIndex HTTP/1.1" 200 21531 "-" "Mozilla/5.0 (compatible; SemrushBot/7~bl; +http://www.semrush.com/bot.html)"
85.25.177.219 - - [26/Feb/2022:20:45:39 +0100] "GET /Admin/Pro-ZurituutschStatuten?action=upload HTTP/1.1" 200 8719 "-" "Mozilla/5.0 (X11; Linux x86_64; rv:81.0) Gecko/20100101 Firefox/81.0"
114.119.140.73 - - [26/Feb/2022:20:46:31 +0100] "GET /PodCast/PodCast?action=edit&restore=diff:1166084043:1166079320:&preview=y HTTP/1.1" 403 18 "-" "Mozilla/5.0 (Linux; Android 7.0;) AppleWebKit/537.36 (KHTML, like Gecko) Mobile Safari/537.36 (compatible; PetalBot;+https://webmaster.petalsearch.com/site/petalbot)"
66.249.76.193 - - [26/Feb/2022:20:46:35 +0100] "GET /PodCast/IndexPage?action=rss HTTP/1.1" 200 6298 "-" "Mozilla/5.0 (compatible; Googlebot/2.1; +http://www.google.com/bot.html)"
85.25.177.219 - - [26/Feb/2022:20:46:36 +0100] "GET /Admin/Pro-ZurituutschStatuten?action=edit HTTP/1.1" 200 8819 "-" "Mozilla/5.0 (X11; Linux x86_64; rv:81.0) Gecko/20100101 Firefox/81.0"
85.25.177.219 - - [26/Feb/2022:20:47:54 +0100] "GET /Admin/Pro-ZurituutschStatuten?action=print HTTP/1.1" 200 3673 "-" "Mozilla/5.0 (X11; Linux x86_64; rv:81.0) Gecko/20100101 Firefox/81.0"
185.191.171.41 - - [26/Feb/2022:20:48:43 +0100] "GET /robots.txt HTTP/1.1" 200 - "-" "Mozilla/5.0 (compatible; SemrushBot/7~bl; +http://www.semrush.com/bot.html)"
185.191.171.43 - - [26/Feb/2022:20:48:44 +0100] "GET /Site/Search HTTP/1.1" 200 10556 "-" "Mozilla/5.0 (compatible; SemrushBot/7~bl; +http://www.semrush.com/bot.html)"
85.25.177.219 - - [26/Feb/2022:20:50:40 +0100] "GET /Gast/Podcast?action=upload HTTP/1.1" 200 8479 "-" "Mozilla/5.0 (X11; Linux x86_64; rv:81.0) Gecko/20100101 Firefox/81.0"
85.25.177.219 - - [26/Feb/2022:20:52:00 +0100] "GET /Texte/Styluebige?action=diff HTTP/1.1" 200 34048 "-" "Mozilla/5.0 (X11; Linux x86_64; rv:81.0) Gecko/20100101 Firefox/81.0"
85.25.177.219 - - [26/Feb/2022:20:53:48 +0100] "GET /Texte/Styluebige?action=print HTTP/1.1" 200 4223 "-" "Mozilla/5.0 (X11; Linux x86_64; rv:81.0) Gecko/20100101 Firefox/81.0"
185.191.171.9 - - [26/Feb/2022:20:54:47 +0100] "GET /PmWikiFr/Glossary?action=diff HTTP/1.1" 403 18 "-" "Mozilla/5.0 (compatible; SemrushBot/7~bl; +http://www.semrush.com/bot.html)"
85.25.177.219 - - [26/Feb/2022:20:55:03 +0100] "GET /Gast/Podcast?action=edit HTTP/1.1" 200 8579 "-" "Mozilla/5.0 (X11; Linux x86_64; rv:81.0) Gecko/20100101 Firefox/81.0"
85.25.177.219 - - [26/Feb/2022:20:56:45 +0100] "GET /Gast/Podcast?action=diff HTTP/1.1" 200 9712 "-" "Mozilla/5.0 (X11; Linux x86_64; rv:81.0) Gecko/20100101 Firefox/81.0"
85.25.177.219 - - [26/Feb/2022:20:57:45 +0100] "GET /Gast/Podcast?action=print HTTP/1.1" 200 2344 "-" "Mozilla/5.0 (X11; Linux x86_64; rv:81.0) Gecko/20100101 Firefox/81.0"
114.119.141.194 - - [26/Feb/2022:20:58:33 +0100] "GET /Texte/Metamorphoses?action=upload HTTP/1.1" 403 18 "-" "Mozilla/5.0 (Linux; Android 7.0;) AppleWebKit/537.36 (KHTML, like Gecko) Mobile Safari/537.36 (compatible; PetalBot;+https://webmaster.petalsearch.com/site/petalbot)"
85.25.177.219 - - [26/Feb/2022:20:59:23 +0100] "GET /Hilfe/Quicktime?action=diff HTTP/1.1" 200 11115 "-" "Mozilla/5.0 (X11; Linux x86_64; rv:81.0) Gecko/20100101 Firefox/81.0"
162.55.85.227 - - [26/Feb/2022:20:59:29 +0100] "GET /robots.txt HTTP/1.1" 200 - "-" "Mozilla/5.0 (compatible; BLEXBot/1.0; +http://webmeup-crawler.com/)"
162.55.85.227 - - [26/Feb/2022:20:59:29 +0100] "GET /Hilfe/Passwort?action=edit HTTP/1.1" 404 18 "-" "Mozilla/5.0 (compatible; BLEXBot/1.0; +http://webmeup-crawler.com/)"
114.119.141.168 - - [26/Feb/2022:20:59:30 +0100] "GET /Bestellen/Pschtellformoular?action=diff&source=y&minor=y HTTP/1.1" 403 18 "-" "Mozilla/5.0 (Linux; Android 7.0;) AppleWebKit/537.36 (KHTML, like Gecko) Mobile Safari/537.36 (compatible; PetalBot;+https://webmaster.petalsearch.com/site/petalbot)"
162.55.85.227 - - [26/Feb/2022:20:59:34 +0100] "GET /Hilfe/Quicktime?action=diff HTTP/1.1" 403 18 "-" "Mozilla/5.0 (compatible; BLEXBot/1.0; +http://webmeup-crawler.com/)"
162.55.85.227 - - [26/Feb/2022:20:59:38 +0100] "GET /Hilfe/Quicktime?action=edit HTTP/1.1" 403 18 "-" "Mozilla/5.0 (compatible; BLEXBot/1.0; +http://webmeup-crawler.com/)"
162.55.85.227 - - [26/Feb/2022:20:59:42 +0100] "GET /Hilfe/Quicktime?action=print HTTP/1.1" 403 18 "-" "Mozilla/5.0 (compatible; BLEXBot/1.0; +http://webmeup-crawler.com/)"
162.55.85.227 - - [26/Feb/2022:20:59:46 +0100] "GET /Hilfe/Quicktime?action=upload HTTP/1.1" 403 18 "-" "Mozilla/5.0 (compatible; BLEXBot/1.0; +http://webmeup-crawler.com/)"
162.55.85.227 - - [26/Feb/2022:20:59:50 +0100] "GET /Hilfe/RealOne?action=diff HTTP/1.1" 403 18 "-" "Mozilla/5.0 (compatible; BLEXBot/1.0; +http://webmeup-crawler.com/)"
162.55.85.227 - - [26/Feb/2022:20:59:54 +0100] "GET /Hilfe/RealOne?action=edit HTTP/1.1" 403 18 "-" "Mozilla/5.0 (compatible; BLEXBot/1.0; +http://webmeup-crawler.com/)"
162.55.85.227 - - [26/Feb/2022:20:59:58 +0100] "GET /Hilfe/RealOne?action=print HTTP/1.1" 403 18 "-" "Mozilla/5.0 (compatible; BLEXBot/1.0; +http://webmeup-crawler.com/)"
162.55.85.227 - - [26/Feb/2022:21:00:02 +0100] "GET /Hilfe/RealOne?action=upload HTTP/1.1" 403 18 "-" "Mozilla/5.0 (compatible; BLEXBot/1.0; +http://webmeup-crawler.com/)"
162.55.85.227 - - [26/Feb/2022:21:00:05 +0100] "GET /Hilfe/Winamp?action=diff HTTP/1.1" 403 18 "-" "Mozilla/5.0 (compatible; BLEXBot/1.0; +http://webmeup-crawler.com/)"
162.55.85.227 - - [26/Feb/2022:21:00:09 +0100] "GET /Hilfe/Winamp?action=edit HTTP/1.1" 403 18 "-" "Mozilla/5.0 (compatible; BLEXBot/1.0; +http://webmeup-crawler.com/)"
162.55.85.227 - - [26/Feb/2022:21:00:14 +0100] "GET /Hilfe/Winamp?action=print HTTP/1.1" 403 18 "-" "Mozilla/5.0 (compatible; BLEXBot/1.0; +http://webmeup-crawler.com/)"
194.209.200.2 - - [26/Feb/2022:21:00:17 +0100] "GET /robots.txt HTTP/1.1" 200 - "-" "Mozilla/5.0 (compatible; TMMBot/0.2; +http://www.dslab.ch)/Nutch-1.15"
194.209.200.2 - - [26/Feb/2022:21:00:17 +0100] "GET /Texte/Rezension HTTP/1.1" 200 11812 "-" "Mozilla/5.0 (compatible; TMMBot/0.2; +http://www.dslab.ch)/Nutch-1.15"
162.55.85.227 - - [26/Feb/2022:21:00:19 +0100] "GET /Hilfe/Winamp?action=upload HTTP/1.1" 403 18 "-" "Mozilla/5.0 (compatible; BLEXBot/1.0; +http://webmeup-crawler.com/)"
162.55.85.227 - - [26/Feb/2022:21:00:22 +0100] "GET /Main/Home?action=diff HTTP/1.1" 403 18 "-" "Mozilla/5.0 (compatible; BLEXBot/1.0; +http://webmeup-crawler.com/)"
162.55.85.227 - - [26/Feb/2022:21:00:27 +0100] "GET /Main/Home?action=edit HTTP/1.1" 403 18 "-" "Mozilla/5.0 (compatible; BLEXBot/1.0; +http://webmeup-crawler.com/)"
162.55.85.227 - - [26/Feb/2022:21:00:33 +0100] "GET /Main/Home?action=print HTTP/1.1" 403 18 "-" "Mozilla/5.0 (compatible; BLEXBot/1.0; +http://webmeup-crawler.com/)"
162.55.85.227 - - [26/Feb/2022:21:00:36 +0100] "GET /Main/Home?action=upload HTTP/1.1" 403 18 "-" "Mozilla/5.0 (compatible; BLEXBot/1.0; +http://webmeup-crawler.com/)"
114.119.140.87 - - [26/Feb/2022:21:01:37 +0100] "GET /PodCast/JBJInhaltsverzaichnis?action=print HTTP/1.1" 403 18 "-" "Mozilla/5.0 (Linux; Android 7.0;) AppleWebKit/537.36 (KHTML, like Gecko) Mobile Safari/537.36 (compatible; PetalBot;+https://webmaster.petalsearch.com/site/petalbot)"
85.25.177.219 - - [26/Feb/2022:21:01:42 +0100] "GET /Hilfe/Quicktime?action=print HTTP/1.1" 200 3312 "-" "Mozilla/5.0 (X11; Linux x86_64; rv:81.0) Gecko/20100101 Firefox/81.0"
114.119.140.87 - - [26/Feb/2022:21:02:03 +0100] "GET /PmWiki/Tables?action=diff&source=n&minor=y HTTP/1.1" 403 18 "-" "Mozilla/5.0 (Linux; Android 7.0;) AppleWebKit/537.36 (KHTML, like Gecko) Mobile Safari/537.36 (compatible; PetalBot;+https://webmaster.petalsearch.com/site/petalbot)"
194.209.200.2 - - [26/Feb/2022:21:02:05 +0100] "GET /Admin/Jahresbericht HTTP/1.1" 200 45530 "-" "Mozilla/5.0 (compatible; TMMBot/0.2; +http://www.dslab.ch)/Nutch-1.15"
194.209.200.2 - - [26/Feb/2022:21:02:24 +0100] "GET /Texte/Limericks HTTP/1.1" 200 8087 "-" "Mozilla/5.0 (compatible; TMMBot/0.2; +http://www.dslab.ch)/Nutch-1.15"
85.25.177.219 - - [26/Feb/2022:21:02:36 +0100] "GET /Hilfe/Quicktime?action=edit HTTP/1.1" 200 8621 "-" "Mozilla/5.0 (X11; Linux x86_64; rv:81.0) Gecko/20100101 Firefox/81.0"
194.209.200.2 - - [26/Feb/2022:21:03:12 +0100] "GET /Texte/ArsAmatoria HTTP/1.1" 200 12369 "-" "Mozilla/5.0 (compatible; TMMBot/0.2; +http://www.dslab.ch)/Nutch-1.15"
194.209.200.2 - - [26/Feb/2022:21:03:53 +0100] "GET /Admin/Links HTTP/1.1" 200 14193 "-" "Mozilla/5.0 (compatible; TMMBot/0.2; +http://www.dslab.ch)/Nutch-1.15"
194.209.200.2 - - [26/Feb/2022:21:04:01 +0100] "GET /Texte/Metamorphoses HTTP/1.1" 200 9045 "-" "Mozilla/5.0 (compatible; TMMBot/0.2; +http://www.dslab.ch)/Nutch-1.15"
194.209.200.2 - - [26/Feb/2022:21:04:04 +0100] "GET /Site/PodCast HTTP/1.1" 200 40934 "-" "Mozilla/5.0 (compatible; TMMBot/0.2; +http://www.dslab.ch)/Nutch-1.15"
114.119.135.172 - - [26/Feb/2022:21:04:10 +0100] "GET /robots.txt HTTP/1.1" 200 - "-" "Mozilla/5.0 (compatible;PetalBot;+https://webmaster.petalsearch.com/site/petalbot)"
85.25.177.219 - - [26/Feb/2022:21:05:10 +0100] "GET /Hilfe/Quicktime?action=upload HTTP/1.1" 200 8521 "-" "Mozilla/5.0 (X11; Linux x86_64; rv:81.0) Gecko/20100101 Firefox/81.0"
216.244.66.243 - - [26/Feb/2022:21:06:08 +0100] "GET /robots.txt HTTP/1.1" 200 - "-" "Mozilla/5.0 (compatible; DotBot/1.2; +https://opensiteexplorer.org/dotbot; help@moz.com)"
85.25.177.219 - - [26/Feb/2022:21:06:11 +0100] "GET /Texte/Roman?action=print HTTP/1.1" 200 32990 "-" "Mozilla/5.0 (X11; Linux x86_64; rv:81.0) Gecko/20100101 Firefox/81.0"
194.209.200.2 - - [26/Feb/2022:21:06:41 +0100] "GET /Gast/Podcast HTTP/1.1" 200 8106 "-" "Mozilla/5.0 (compatible; TMMBot/0.2; +http://www.dslab.ch)/Nutch-1.15"
194.209.200.2 - - [26/Feb/2022:21:07:07 +0100] "GET /Hilfe/AnleitungTonbeispiele HTTP/1.1" 200 9878 "-" "Mozilla/5.0 (compatible; TMMBot/0.2; +http://www.dslab.ch)/Nutch-1.15"
85.25.177.219 - - [26/Feb/2022:21:09:05 +0100] "GET /Texte/Roman?action=diff HTTP/1.1" 200 104718 "-" "Mozilla/5.0 (X11; Linux x86_64; rv:81.0) Gecko/20100101 Firefox/81.0"
114.119.130.111 - - [26/Feb/2022:21:09:58 +0100] "GET /Main/Home?action=print HTTP/1.1" 403 18 "-" "Mozilla/5.0 (Linux; Android 7.0;) AppleWebKit/537.36 (KHTML, like Gecko) Mobile Safari/537.36 (compatible; PetalBot;+https://webmaster.petalsearch.com/site/petalbot)"
85.25.177.219 - - [26/Feb/2022:21:10:53 +0100] "GET /Texte/Roman?action=upload HTTP/1.1" 200 8465 "-" "Mozilla/5.0 (X11; Linux x86_64; rv:81.0) Gecko/20100101 Firefox/81.0"
66.249.76.193 - - [26/Feb/2022:21:11:26 +0100] "GET /Texte/Schrybwys HTTP/1.1" 200 11028 "-" "Mozilla/5.0 (Linux; Android 6.0.1; Nexus 5X Build/MMB29P) AppleWebKit/537.36 (KHTML, like Gecko) Chrome/98.0.4758.102 Mobile Safari/537.36 (compatible; Googlebot/2.1; +http://www.google.com/bot.html)"
185.191.171.17 - - [26/Feb/2022:21:11:34 +0100] "GET /PmWikiRu/PageFileFormat HTTP/1.1" 200 14710 "-" "Mozilla/5.0 (compatible; SemrushBot/7~bl; +http://www.semrush.com/bot.html)"
114.119.141.133 - - [26/Feb/2022:21:11:48 +0100] "GET /PodCast/Spraachverglych?action=print HTTP/1.1" 403 18 "-" "Mozilla/5.0 (Linux; Android 7.0;) AppleWebKit/537.36 (KHTML, like Gecko) Mobile Safari/537.36 (compatible; PetalBot;+https://webmaster.petalsearch.com/site/petalbot)"
216.244.66.243 - - [26/Feb/2022:21:14:14 +0100] "GET /PodCast/RURAkt1Tail2 HTTP/1.1" 200 8408 "-" "Mozilla/5.0 (compatible; DotBot/1.2; +https://opensiteexplorer.org/dotbot; help@moz.com)"
185.191.171.34 - - [26/Feb/2022:21:14:46 +0100] "GET /PmWikiRu/PasswordsAdmin?action=crypt HTTP/1.1" 403 18 "-" "Mozilla/5.0 (compatible; SemrushBot/7~bl; +http://www.semrush.com/bot.html)"
85.25.177.219 - - [26/Feb/2022:21:15:36 +0100] "GET /Texte/Roman?action=edit HTTP/1.1" 200 8565 "-" "Mozilla/5.0 (X11; Linux x86_64; rv:81.0) Gecko/20100101 Firefox/81.0"
85.25.177.219 - - [26/Feb/2022:21:16:56 +0100] "GET /Texte/Rezension?action=print HTTP/1.1" 200 6021 "-" "Mozilla/5.0 (X11; Linux x86_64; rv:81.0) Gecko/20100101 Firefox/81.0"
85.25.177.219 - - [26/Feb/2022:21:18:16 +0100] "GET /Texte/Rezension?action=edit HTTP/1.1" 200 8621 "-" "Mozilla/5.0 (X11; Linux x86_64; rv:81.0) Gecko/20100101 Firefox/81.0"
114.119.141.152 - - [26/Feb/2022:21:19:06 +0100] "GET /Site/UploadQuickReference?action=upload&upname=71Mourte1476.mp3 HTTP/1.1" 403 18 "-" "Mozilla/5.0 (Linux; Android 7.0;) AppleWebKit/537.36 (KHTML, like Gecko) Mobile Safari/537.36 (compatible; PetalBot;+https://webmaster.petalsearch.com/site/petalbot)"
85.25.177.219 - - [26/Feb/2022:21:21:00 +0100] "GET /Texte/Rezension?action=diff HTTP/1.1" 200 19660 "-" "Mozilla/5.0 (X11; Linux x86_64; rv:81.0) Gecko/20100101 Firefox/81.0"
85.25.177.219 - - [26/Feb/2022:21:21:33 +0100] "GET /Texte/Rezension?action=upload HTTP/1.1" 200 8521 "-" "Mozilla/5.0 (X11; Linux x86_64; rv:81.0) Gecko/20100101 Firefox/81.0"
85.25.177.219 - - [26/Feb/2022:21:23:14 +0100] "GET /PodCast/RSSPodcasts?action=upload HTTP/1.1" 200 8580 "-" "Mozilla/5.0 (X11; Linux x86_64; rv:81.0) Gecko/20100101 Firefox/81.0"
114.119.130.111 - - [26/Feb/2022:21:23:49 +0100] "GET /PmWikiFr/XLPage?action=upload HTTP/1.1" 403 18 "-" "Mozilla/5.0 (Linux; Android 7.0;) AppleWebKit/537.36 (KHTML, like Gecko) Mobile Safari/537.36 (compatible; PetalBot;+https://webmaster.petalsearch.com/site/petalbot)"
85.25.177.219 - - [26/Feb/2022:21:25:58 +0100] "GET /PodCast/RSSPodcasts?action=diff HTTP/1.1" 200 25500 "-" "Mozilla/5.0 (X11; Linux x86_64; rv:81.0) Gecko/20100101 Firefox/81.0"
194.209.200.2 - - [26/Feb/2022:21:26:56 +0100] "GET /robots.txt HTTP/1.1" 200 - "-" "Mozilla/5.0 (compatible; TMMBot/0.2; +http://www.dslab.ch)/Nutch-1.15"
194.209.200.2 - - [26/Feb/2022:21:26:56 +0100] "GET /Texte/Rezension HTTP/1.1" 200 11812 "-" "Mozilla/5.0 (compatible; TMMBot/0.2; +http://www.dslab.ch)/Nutch-1.15"
114.119.141.2 - - [26/Feb/2022:21:26:56 +0100] "GET /PmWiki/WikiWord?action=edit HTTP/1.1" 403 18 "-" "Mozilla/5.0 (Linux; Android 7.0;) AppleWebKit/537.36 (KHTML, like Gecko) Mobile Safari/537.36 (compatible; PetalBot;+https://webmaster.petalsearch.com/site/petalbot)"
114.119.141.201 - - [26/Feb/2022:21:28:38 +0100] "GET /PodCast/SpruchTampoToummOuhsreedeVerwandt?action=upload HTTP/1.1" 403 18 "-" "Mozilla/5.0 (Linux; Android 7.0;) AppleWebKit/537.36 (KHTML, like Gecko) Mobile Safari/537.36 (compatible; PetalBot;+https://webmaster.petalsearch.com/site/petalbot)"
194.209.200.2 - - [26/Feb/2022:21:28:55 +0100] "GET /Texte/Limericks HTTP/1.1" 200 8087 "-" "Mozilla/5.0 (compatible; TMMBot/0.2; +http://www.dslab.ch)/Nutch-1.15"
194.209.200.2 - - [26/Feb/2022:21:28:58 +0100] "GET /Texte/Schrybwys HTTP/1.1" 200 11028 "-" "Mozilla/5.0 (compatible; TMMBot/0.2; +http://www.dslab.ch)/Nutch-1.15"
85.25.177.219 - - [26/Feb/2022:21:30:08 +0100] "GET /PodCast/RSSPodcasts?action=print HTTP/1.1" 200 3073 "-" "Mozilla/5.0 (X11; Linux x86_64; rv:81.0) Gecko/20100101 Firefox/81.0"
194.209.200.2 - - [26/Feb/2022:21:30:21 +0100] "GET /Admin/Links HTTP/1.1" 200 14193 "-" "Mozilla/5.0 (compatible; TMMBot/0.2; +http://www.dslab.ch)/Nutch-1.15"
194.209.200.2 - - [26/Feb/2022:21:30:29 +0100] "GET /Texte/Metamorphoses HTTP/1.1" 200 9045 "-" "Mozilla/5.0 (compatible; TMMBot/0.2; +http://www.dslab.ch)/Nutch-1.15"
194.209.200.2 - - [26/Feb/2022:21:30:32 +0100] "GET /Site/PodCast HTTP/1.1" 200 40934 "-" "Mozilla/5.0 (compatible; TMMBot/0.2; +http://www.dslab.ch)/Nutch-1.15"
114.119.129.198 - - [26/Feb/2022:21:31:13 +0100] "GET /PodCast/Schlaaffloos2?action=print HTTP/1.1" 403 18 "-" "Mozilla/5.0 (Linux; Android 7.0;) AppleWebKit/537.36 (KHTML, like Gecko) Mobile Safari/537.36 (compatible; PetalBot;+https://webmaster.petalsearch.com/site/petalbot)"
85.25.177.219 - - [26/Feb/2022:21:31:38 +0100] "GET /Hilfe/RealOne?action=edit HTTP/1.1" 200 8595 "-" "Mozilla/5.0 (X11; Linux x86_64; rv:81.0) Gecko/20100101 Firefox/81.0"
114.119.140.85 - - [26/Feb/2022:21:31:42 +0100] "GET /PmWiki/Images?action=print HTTP/1.1" 403 18 "-" "Mozilla/5.0 (Linux; Android 7.0;) AppleWebKit/537.36 (KHTML, like Gecko) Mobile Safari/537.36 (compatible; PetalBot;+https://webmaster.petalsearch.com/site/petalbot)"
194.209.200.2 - - [26/Feb/2022:21:32:20 +0100] "GET /Admin/Pro-ZurituutschStatuten HTTP/1.1" 200 9580 "-" "Mozilla/5.0 (compatible; TMMBot/0.2; +http://www.dslab.ch)/Nutch-1.15"
194.209.200.2 - - [26/Feb/2022:21:32:45 +0100] "GET /Admin/ZurStiftung HTTP/1.1" 200 10864 "-" "Mozilla/5.0 (compatible; TMMBot/0.2; +http://www.dslab.ch)/Nutch-1.15"
194.209.200.2 - - [26/Feb/2022:21:33:19 +0100] "GET /Gast/Podcast HTTP/1.1" 200 8106 "-" "Mozilla/5.0 (compatible; TMMBot/0.2; +http://www.dslab.ch)/Nutch-1.15"
194.209.200.2 - - [26/Feb/2022:21:33:45 +0100] "GET /Hilfe/AnleitungTonbeispiele HTTP/1.1" 200 9878 "-" "Mozilla/5.0 (compatible; TMMBot/0.2; +http://www.dslab.ch)/Nutch-1.15"
85.25.177.219 - - [26/Feb/2022:21:34:22 +0100] "GET /Hilfe/RealOne?action=upload HTTP/1.1" 200 8495 "-" "Mozilla/5.0 (X11; Linux x86_64; rv:81.0) Gecko/20100101 Firefox/81.0"
114.119.141.100 - - [26/Feb/2022:21:35:29 +0100] "GET /PmWikiRu/DeletingPages?action=upload HTTP/1.1" 403 18 "-" "Mozilla/5.0 (Linux; Android 7.0;) AppleWebKit/537.36 (KHTML, like Gecko) Mobile Safari/537.36 (compatible; PetalBot;+https://webmaster.petalsearch.com/site/petalbot)"
85.25.177.219 - - [26/Feb/2022:21:35:50 +0100] "GET /Hilfe/RealOne?action=diff HTTP/1.1" 200 16372 "-" "Mozilla/5.0 (X11; Linux x86_64; rv:81.0) Gecko/20100101 Firefox/81.0"
114.119.141.178 - - [26/Feb/2022:21:35:54 +0100] "GET /PmWiki/ChangeLog?action=diff&source=n&minor=y HTTP/1.1" 403 18 "-" "Mozilla/5.0 (Linux; Android 7.0;) AppleWebKit/537.36 (KHTML, like Gecko) Mobile Safari/537.36 (compatible; PetalBot;+https://webmaster.petalsearch.com/site/petalbot)"
85.25.177.219 - - [26/Feb/2022:21:36:35 +0100] "GET /Hilfe/Winamp?action=upload HTTP/1.1" 200 8479 "-" "Mozilla/5.0 (X11; Linux x86_64; rv:81.0) Gecko/20100101 Firefox/81.0"
85.25.177.219 - - [26/Feb/2022:21:37:38 +0100] "GET /Hilfe/Winamp?action=edit HTTP/1.1" 200 8579 "-" "Mozilla/5.0 (X11; Linux x86_64; rv:81.0) Gecko/20100101 Firefox/81.0"
185.191.171.38 - - [26/Feb/2022:21:38:06 +0100] "GET /PmWikiFr/Security HTTP/1.1" 200 11043 "-" "Mozilla/5.0 (compatible; SemrushBot/7~bl; +http://www.semrush.com/bot.html)"
114.119.141.2 - - [26/Feb/2022:21:40:02 +0100] "GET /PodCast/Povritalia2?action=print HTTP/1.1" 403 18 "-" "Mozilla/5.0 (Linux; Android 7.0;) AppleWebKit/537.36 (KHTML, like Gecko) Mobile Safari/537.36 (compatible; PetalBot;+https://webmaster.petalsearch.com/site/petalbot)"
85.25.177.219 - - [26/Feb/2022:21:41:24 +0100] "GET /Hilfe/Winamp?action=diff HTTP/1.1" 200 12192 "-" "Mozilla/5.0 (X11; Linux x86_64; rv:81.0) Gecko/20100101 Firefox/81.0"
114.119.141.203 - - [26/Feb/2022:21:41:45 +0100] "GET /PmWiki/BlockMarkup?action=diff&source=y&minor=y HTTP/1.1" 403 18 "-" "Mozilla/5.0 (Linux; Android 7.0;) AppleWebKit/537.36 (KHTML, like Gecko) Mobile Safari/537.36 (compatible; PetalBot;+https://webmaster.petalsearch.com/site/petalbot)"
85.25.177.219 - - [26/Feb/2022:21:42:30 +0100] "GET /Hilfe/Winamp?action=print HTTP/1.1" 200 3553 "-" "Mozilla/5.0 (X11; Linux x86_64; rv:81.0) Gecko/20100101 Firefox/81.0"
85.64.60.138 - - [26/Feb/2022:21:43:13 +0100] "GET / HTTP/1.1" 200 14638 "-" "Mozilla/5.0 (iPhone; CPU iPhone OS 14_8_1 like Mac OS X) AppleWebKit/605.1.15 (KHTML, like Gecko) Version/14.1.2 Mobile/15E148 Safari/604.1"
85.64.60.138 - - [26/Feb/2022:21:43:13 +0100] "GET /pub/skins/pro-zurituutsch/gila.css HTTP/1.1" 200 10186 "http://www.pro-zurituutsch.ch/" "Mozilla/5.0 (iPhone; CPU iPhone OS 14_8_1 like Mac OS X) AppleWebKit/605.1.15 (KHTML, like Gecko) Version/14.1.2 Mobile/15E148 Safari/604.1"
85.64.60.138 - - [26/Feb/2022:21:43:13 +0100] "GET /uploads/Main/logo.jpg HTTP/1.1" 200 29066 "http://www.pro-zurituutsch.ch/" "Mozilla/5.0 (iPhone; CPU iPhone OS 14_8_1 like Mac OS X) AppleWebKit/605.1.15 (KHTML, like Gecko) Version/14.1.2 Mobile/15E148 Safari/604.1"
85.64.60.138 - - [26/Feb/2022:21:43:13 +0100] "GET /pub/skins/pro-zurituutsch/images/external.png HTTP/1.1" 200 165 "http://www.pro-zurituutsch.ch/" "Mozilla/5.0 (iPhone; CPU iPhone OS 14_8_1 like Mac OS X) AppleWebKit/605.1.15 (KHTML, like Gecko) Version/14.1.2 Mobile/15E148 Safari/604.1"
114.119.140.66 - - [26/Feb/2022:21:45:50 +0100] "GET /PodCast/Lydja?action=edit HTTP/1.1" 403 18 "-" "Mozilla/5.0 (Linux; Android 7.0;) AppleWebKit/537.36 (KHTML, like Gecko) Mobile Safari/537.36 (compatible; PetalBot;+https://webmaster.petalsearch.com/site/petalbot)"
185.191.171.36 - - [26/Feb/2022:21:45:54 +0100] "GET /PmWikiIt/PubblicoPmWiki?action=diff HTTP/1.1" 403 18 "-" "Mozilla/5.0 (compatible; SemrushBot/7~bl; +http://www.semrush.com/bot.html)"
66.249.76.222 - - [26/Feb/2022:21:52:15 +0100] "GET /PodCast/IndexPage?action=rss HTTP/1.1" 200 6298 "-" "Mozilla/5.0 (compatible; Googlebot/2.1; +http://www.google.com/bot.html)"
114.119.141.178 - - [26/Feb/2022:21:53:45 +0100] "GET /PodCast/Chouechetailet?action=diff HTTP/1.1" 403 18 "-" "Mozilla/5.0 (Linux; Android 7.0;) AppleWebKit/537.36 (KHTML, like Gecko) Mobile Safari/537.36 (compatible; PetalBot;+https://webmaster.petalsearch.com/site/petalbot)"
114.119.141.18 - - [26/Feb/2022:21:54:12 +0100] "GET /PodCast/Puzzle?action=diff&source=y&minor=n HTTP/1.1" 403 18 "-" "Mozilla/5.0 (Linux; Android 7.0;) AppleWebKit/537.36 (KHTML, like Gecko) Mobile Safari/537.36 (compatible; PetalBot;+https://webmaster.petalsearch.com/site/petalbot)"
114.119.141.201 - - [26/Feb/2022:21:54:43 +0100] "GET /PodCast/Roman1?action=upload HTTP/1.1" 403 18 "-" "Mozilla/5.0 (Linux; Android 7.0;) AppleWebKit/537.36 (KHTML, like Gecko) Mobile Safari/537.36 (compatible; PetalBot;+https://webmaster.petalsearch.com/site/petalbot)"
92.205.0.94 - - [26/Feb/2022:21:54:50 +0100] "GET /wp-login.php HTTP/1.1" 404 278 "-" "Mozilla/5.0 (X11; Ubuntu; Linux x86_64; rv:62.0) Gecko/20100101 Firefox/62.0"
114.119.149.199 - - [26/Feb/2022:21:55:41 +0100] "GET /robots.txt HTTP/1.1" 200 - "-" "Mozilla/5.0 (compatible;PetalBot;+https://webmaster.petalsearch.com/site/petalbot)"
194.209.200.2 - - [26/Feb/2022:21:59:22 +0100] "GET /robots.txt HTTP/1.1" 200 - "-" "Mozilla/5.0 (compatible; TMMBot/0.2; +http://www.dslab.ch)/Nutch-1.15"
194.209.200.2 - - [26/Feb/2022:21:59:22 +0100] "GET /Texte/Rezension HTTP/1.1" 200 11812 "-" "Mozilla/5.0 (compatible; TMMBot/0.2; +http://www.dslab.ch)/Nutch-1.15"
185.191.171.24 - - [26/Feb/2022:21:59:37 +0100] "GET /robots.txt HTTP/1.1" 200 - "-" "Mozilla/5.0 (compatible; SemrushBot/7~bl; +http://www.semrush.com/bot.html)"
185.191.171.42 - - [26/Feb/2022:21:59:37 +0100] "GET /PmWikiRu/Tables?action=diff HTTP/1.1" 403 18 "-" "Mozilla/5.0 (compatible; SemrushBot/7~bl; +http://www.semrush.com/bot.html)"
194.209.200.2 - - [26/Feb/2022:22:01:38 +0100] "GET /Texte/Limericks HTTP/1.1" 200 8087 "-" "Mozilla/5.0 (compatible; TMMBot/0.2; +http://www.dslab.ch)/Nutch-1.15"
194.209.200.2 - - [26/Feb/2022:22:01:43 +0100] "GET /Texte/Schrybwys HTTP/1.1" 200 11028 "-" "Mozilla/5.0 (compatible; TMMBot/0.2; +http://www.dslab.ch)/Nutch-1.15"
194.209.200.2 - - [26/Feb/2022:22:02:28 +0100] "GET /Texte/ArsAmatoria HTTP/1.1" 200 12369 "-" "Mozilla/5.0 (compatible; TMMBot/0.2; +http://www.dslab.ch)/Nutch-1.15"
194.209.200.2 - - [26/Feb/2022:22:03:09 +0100] "GET /Admin/Links HTTP/1.1" 200 14193 "-" "Mozilla/5.0 (compatible; TMMBot/0.2; +http://www.dslab.ch)/Nutch-1.15"
194.209.200.2 - - [26/Feb/2022:22:03:17 +0100] "GET /Texte/Metamorphoses HTTP/1.1" 200 9045 "-" "Mozilla/5.0 (compatible; TMMBot/0.2; +http://www.dslab.ch)/Nutch-1.15"
194.209.200.2 - - [26/Feb/2022:22:03:21 +0100] "GET /Site/PodCast HTTP/1.1" 200 40934 "-" "Mozilla/5.0 (compatible; TMMBot/0.2; +http://www.dslab.ch)/Nutch-1.15"
114.119.141.2 - - [26/Feb/2022:22:04:02 +0100] "GET /PmWikiFr/PageLists?action=print HTTP/1.1" 403 18 "-" "Mozilla/5.0 (Linux; Android 7.0;) AppleWebKit/537.36 (KHTML, like Gecko) Mobile Safari/537.36 (compatible; PetalBot;+https://webmaster.petalsearch.com/site/petalbot)"
194.209.200.2 - - [26/Feb/2022:22:04:16 +0100] "GET /Texte/Gloosse HTTP/1.1" 200 8061 "-" "Mozilla/5.0 (compatible; TMMBot/0.2; +http://www.dslab.ch)/Nutch-1.15"
194.209.200.2 - - [26/Feb/2022:22:05:26 +0100] "GET /Admin/ZurStiftung HTTP/1.1" 200 10864 "-" "Mozilla/5.0 (compatible; TMMBot/0.2; +http://www.dslab.ch)/Nutch-1.15"
194.209.200.2 - - [26/Feb/2022:22:05:58 +0100] "GET /Gast/Podcast HTTP/1.1" 200 8106 "-" "Mozilla/5.0 (compatible; TMMBot/0.2; +http://www.dslab.ch)/Nutch-1.15"
194.209.200.2 - - [26/Feb/2022:22:06:24 +0100] "GET /Hilfe/AnleitungTonbeispiele HTTP/1.1" 200 9878 "-" "Mozilla/5.0 (compatible; TMMBot/0.2; +http://www.dslab.ch)/Nutch-1.15"
114.119.140.66 - - [26/Feb/2022:22:10:01 +0100] "GET /PodCast/Begriffbegryffe?action=edit&restore=diff:1247320608:1247320608:&preview=y HTTP/1.1" 403 18 "-" "Mozilla/5.0 (Linux; Android 7.0;) AppleWebKit/537.36 (KHTML, like Gecko) Mobile Safari/537.36 (compatible; PetalBot;+https://webmaster.petalsearch.com/site/petalbot)"
114.119.140.79 - - [26/Feb/2022:22:10:34 +0100] "GET /PmWiki/AccessKeys?action=diff&source=n&minor=n HTTP/1.1" 403 18 "-" "Mozilla/5.0 (Linux; Android 7.0;) AppleWebKit/537.36 (KHTML, like Gecko) Mobile Safari/537.36 (compatible; PetalBot;+https://webmaster.petalsearch.com/site/petalbot)"
3.216.185.164 - - [26/Feb/2022:22:12:03 +0100] "GET /PodCast/IndexPage?action=rss HTTP/1.1" 200 6298 "-" "PocketCasts/1.0 (Pocket Casts Feed Parser; +http://pocketcasts.com/)"
114.119.141.203 - - [26/Feb/2022:22:19:59 +0100] "GET /Site/WGA4Gglinge?action=print HTTP/1.1" 403 18 "-" "Mozilla/5.0 (Linux; Android 7.0;) AppleWebKit/537.36 (KHTML, like Gecko) Mobile Safari/537.36 (compatible; PetalBot;+https://webmaster.petalsearch.com/site/petalbot)"
114.119.141.152 - - [26/Feb/2022:22:22:07 +0100] "GET /PmWikiDe/XLPage?action=edit HTTP/1.1" 403 18 "-" "Mozilla/5.0 (Linux; Android 7.0;) AppleWebKit/537.36 (KHTML, like Gecko) Mobile Safari/537.36 (compatible; PetalBot;+https://webmaster.petalsearch.com/site/petalbot)"
114.119.145.236 - - [26/Feb/2022:22:23:09 +0100] "GET /PmWiki/ContactUs?action=diff&source=y&minor=n HTTP/1.1" 403 18 "-" "Mozilla/5.0 (Linux; Android 7.0;) AppleWebKit/537.36 (KHTML, like Gecko) Mobile Safari/537.36 (compatible; PetalBot;+https://webmaster.petalsearch.com/site/petalbot)"
3.92.173.145 - - [26/Feb/2022:22:23:36 +0100] "GET /PodCast/IndexPage?action=rss HTTP/1.1" 200 6298 "https://www.google.com/" "Mozilla/5.0 (X11; Linux x86_64) AppleWebKit/537.36 (KHTML, like Gecko) Chrome/80.0.3987.132 Safari/537.36"
194.209.200.2 - - [26/Feb/2022:22:30:47 +0100] "GET /robots.txt HTTP/1.1" 200 - "-" "Mozilla/5.0 (compatible; TMMBot/0.2; +http://www.dslab.ch)/Nutch-1.15"
194.209.200.2 - - [26/Feb/2022:22:30:47 +0100] "GET /Texte/Rezension HTTP/1.1" 200 11812 "-" "Mozilla/5.0 (compatible; TMMBot/0.2; +http://www.dslab.ch)/Nutch-1.15"
185.191.171.10 - - [26/Feb/2022:22:31:21 +0100] "GET /PmWikiIt/CercaWiki?action=diff HTTP/1.1" 403 18 "-" "Mozilla/5.0 (compatible; SemrushBot/7~bl; +http://www.semrush.com/bot.html)"
194.209.200.2 - - [26/Feb/2022:22:33:03 +0100] "GET /Texte/Schrybwys HTTP/1.1" 200 11028 "-" "Mozilla/5.0 (compatible; TMMBot/0.2; +http://www.dslab.ch)/Nutch-1.15"
114.119.141.232 - - [26/Feb/2022:22:33:10 +0100] "GET /PmWikiFr/XLPage?action=diff HTTP/1.1" 403 18 "-" "Mozilla/5.0 (Linux; Android 7.0;) AppleWebKit/537.36 (KHTML, like Gecko) Mobile Safari/537.36 (compatible; PetalBot;+https://webmaster.petalsearch.com/site/petalbot)"
194.209.200.2 - - [26/Feb/2022:22:33:47 +0100] "GET /Texte/ArsAmatoria HTTP/1.1" 200 12369 "-" "Mozilla/5.0 (compatible; TMMBot/0.2; +http://www.dslab.ch)/Nutch-1.15"
194.209.200.2 - - [26/Feb/2022:22:34:28 +0100] "GET /Admin/Links HTTP/1.1" 200 14193 "-" "Mozilla/5.0 (compatible; TMMBot/0.2; +http://www.dslab.ch)/Nutch-1.15"
194.209.200.2 - - [26/Feb/2022:22:34:39 +0100] "GET /Texte/Metamorphoses HTTP/1.1" 200 9045 "-" "Mozilla/5.0 (compatible; TMMBot/0.2; +http://www.dslab.ch)/Nutch-1.15"
185.191.171.6 - - [26/Feb/2022:22:34:42 +0100] "GET /PmWikiDe/WikiFarms HTTP/1.1" 200 18135 "-" "Mozilla/5.0 (compatible; SemrushBot/7~bl; +http://www.semrush.com/bot.html)"
194.209.200.2 - - [26/Feb/2022:22:34:42 +0100] "GET /Site/PodCast HTTP/1.1" 200 40934 "-" "Mozilla/5.0 (compatible; TMMBot/0.2; +http://www.dslab.ch)/Nutch-1.15"
194.209.200.2 - - [26/Feb/2022:22:36:24 +0100] "GET /Admin/Pro-ZurituutschStatuten HTTP/1.1" 200 9580 "-" "Mozilla/5.0 (compatible; TMMBot/0.2; +http://www.dslab.ch)/Nutch-1.15"
194.209.200.2 - - [26/Feb/2022:22:36:46 +0100] "GET /Admin/ZurStiftung HTTP/1.1" 200 10864 "-" "Mozilla/5.0 (compatible; TMMBot/0.2; +http://www.dslab.ch)/Nutch-1.15"
194.209.200.2 - - [26/Feb/2022:22:37:17 +0100] "GET /Gast/Podcast HTTP/1.1" 200 8106 "-" "Mozilla/5.0 (compatible; TMMBot/0.2; +http://www.dslab.ch)/Nutch-1.15"
114.119.141.203 - - [26/Feb/2022:22:37:29 +0100] "GET /PodCast/JBN01Kap?action=edit HTTP/1.1" 403 18 "-" "Mozilla/5.0 (Linux; Android 7.0;) AppleWebKit/537.36 (KHTML, like Gecko) Mobile Safari/537.36 (compatible; PetalBot;+https://webmaster.petalsearch.com/site/petalbot)"
194.209.200.2 - - [26/Feb/2022:22:37:42 +0100] "GET /Hilfe/AnleitungTonbeispiele HTTP/1.1" 200 9878 "-" "Mozilla/5.0 (compatible; TMMBot/0.2; +http://www.dslab.ch)/Nutch-1.15"
66.249.76.193 - - [26/Feb/2022:22:47:32 +0100] "GET /PodCast/IndexPage?action=rss HTTP/1.1" 200 6298 "-" "Mozilla/5.0 (compatible; Googlebot/2.1; +http://www.google.com/bot.html)"
114.119.141.200 - - [26/Feb/2022:22:49:11 +0100] "GET /Site/142Taagsatzig1484?action=diff HTTP/1.1" 403 18 "-" "Mozilla/5.0 (Linux; Android 7.0;) AppleWebKit/537.36 (KHTML, like Gecko) Mobile Safari/537.36 (compatible; PetalBot;+https://webmaster.petalsearch.com/site/petalbot)"
114.119.141.112 - - [26/Feb/2022:22:53:10 +0100] "GET /Site/Leerbouech?action=diff&source=y&minor=y HTTP/1.1" 403 18 "-" "Mozilla/5.0 (Linux; Android 7.0;) AppleWebKit/537.36 (KHTML, like Gecko) Mobile Safari/537.36 (compatible; PetalBot;+https://webmaster.petalsearch.com/site/petalbot)"
114.119.134.123 - - [26/Feb/2022:22:56:23 +0100] "GET /PmWikiRu/CreatingNewPages?action=upload HTTP/1.1" 403 18 "-" "Mozilla/5.0 (Linux; Android 7.0;) AppleWebKit/537.36 (KHTML, like Gecko) Mobile Safari/537.36 (compatible; PetalBot;+https://webmaster.petalsearch.com/site/petalbot)"
185.191.171.34 - - [26/Feb/2022:22:57:52 +0100] "GET /PmWikiFr/TailleLimite HTTP/1.1" 200 14296 "-" "Mozilla/5.0 (compatible; SemrushBot/7~bl; +http://www.semrush.com/bot.html)"
114.119.141.103 - - [26/Feb/2022:23:00:04 +0100] "GET /PodCast/Styluebige?action=edit&restore=diff:1163064631:1163064631:&preview=y HTTP/1.1" 403 18 "-" "Mozilla/5.0 (Linux; Android 7.0;) AppleWebKit/537.36 (KHTML, like Gecko) Mobile Safari/537.36 (compatible; PetalBot;+https://webmaster.petalsearch.com/site/petalbot)"
114.119.141.200 - - [26/Feb/2022:23:02:10 +0100] "GET /PmWiki/PasswordsAdmin?action=upload HTTP/1.1" 403 18 "-" "Mozilla/5.0 (Linux; Android 7.0;) AppleWebKit/537.36 (KHTML, like Gecko) Mobile Safari/537.36 (compatible; PetalBot;+https://webmaster.petalsearch.com/site/petalbot)"
114.119.141.168 - - [26/Feb/2022:23:03:58 +0100] "GET /Hilfe/AnleitungTonbeispiele?action=diff HTTP/1.1" 403 18 "-" "Mozilla/5.0 (Linux; Android 7.0;) AppleWebKit/537.36 (KHTML, like Gecko) Mobile Safari/537.36 (compatible; PetalBot;+https://webmaster.petalsearch.com/site/petalbot)"
114.119.141.186 - - [26/Feb/2022:23:04:40 +0100] "GET /PmWikiFr/PageVariables?action=diff HTTP/1.1" 403 18 "-" "Mozilla/5.0 (Linux; Android 7.0;) AppleWebKit/537.36 (KHTML, like Gecko) Mobile Safari/537.36 (compatible; PetalBot;+https://webmaster.petalsearch.com/site/petalbot)"
114.119.141.133 - - [26/Feb/2022:23:05:13 +0100] "GET /PodCast/Erdegluck?action=edit HTTP/1.1" 403 18 "-" "Mozilla/5.0 (Linux; Android 7.0;) AppleWebKit/537.36 (KHTML, like Gecko) Mobile Safari/537.36 (compatible; PetalBot;+https://webmaster.petalsearch.com/site/petalbot)"
114.119.141.152 - - [26/Feb/2022:23:05:14 +0100] "GET /PodCast/Erdegluck?action=edit HTTP/1.1" 403 18 "-" "Mozilla/5.0 (Linux; Android 7.0;) AppleWebKit/537.36 (KHTML, like Gecko) Mobile Safari/537.36 (compatible; PetalBot;+https://webmaster.petalsearch.com/site/petalbot)"
194.209.200.2 - - [26/Feb/2022:23:06:27 +0100] "GET /robots.txt HTTP/1.1" 200 - "-" "Mozilla/5.0 (compatible; TMMBot/0.2; +http://www.dslab.ch)/Nutch-1.15"
194.209.200.2 - - [26/Feb/2022:23:06:27 +0100] "GET /Texte/Rezension HTTP/1.1" 200 11812 "-" "Mozilla/5.0 (compatible; TMMBot/0.2; +http://www.dslab.ch)/Nutch-1.15"
194.209.200.2 - - [26/Feb/2022:23:08:39 +0100] "GET /Texte/Limericks HTTP/1.1" 200 8087 "-" "Mozilla/5.0 (compatible; TMMBot/0.2; +http://www.dslab.ch)/Nutch-1.15"
194.209.200.2 - - [26/Feb/2022:23:08:42 +0100] "GET /Texte/Schrybwys HTTP/1.1" 200 11028 "-" "Mozilla/5.0 (compatible; TMMBot/0.2; +http://www.dslab.ch)/Nutch-1.15"
194.209.200.2 - - [26/Feb/2022:23:09:25 +0100] "GET /Texte/ArsAmatoria HTTP/1.1" 200 12369 "-" "Mozilla/5.0 (compatible; TMMBot/0.2; +http://www.dslab.ch)/Nutch-1.15"
194.209.200.2 - - [26/Feb/2022:23:10:07 +0100] "GET /Admin/Links HTTP/1.1" 200 14193 "-" "Mozilla/5.0 (compatible; TMMBot/0.2; +http://www.dslab.ch)/Nutch-1.15"
194.209.200.2 - - [26/Feb/2022:23:10:16 +0100] "GET /Texte/Metamorphoses HTTP/1.1" 200 9045 "-" "Mozilla/5.0 (compatible; TMMBot/0.2; +http://www.dslab.ch)/Nutch-1.15"
194.209.200.2 - - [26/Feb/2022:23:10:20 +0100] "GET /Site/PodCast HTTP/1.1" 200 40934 "-" "Mozilla/5.0 (compatible; TMMBot/0.2; +http://www.dslab.ch)/Nutch-1.15"
194.209.200.2 - - [26/Feb/2022:23:12:01 +0100] "GET /Admin/Pro-ZurituutschStatuten HTTP/1.1" 200 9580 "-" "Mozilla/5.0 (compatible; TMMBot/0.2; +http://www.dslab.ch)/Nutch-1.15"
194.209.200.2 - - [26/Feb/2022:23:12:58 +0100] "GET /Gast/Podcast HTTP/1.1" 200 8106 "-" "Mozilla/5.0 (compatible; TMMBot/0.2; +http://www.dslab.ch)/Nutch-1.15"
