85.25.185.196 - - [26/Dec/2022:00:00:15 +0100] "GET /Texte/Styluebige?action=edit&restore=diff:1163038073:1163038052:&preview=y HTTP/1.1" 200 8681 "-" "Mozilla/5.0 (Macintosh; Intel Mac OS X 10.15; rv:103.0) Gecko/20100101 Firefox/103.0"
85.25.185.196 - - [26/Dec/2022:00:02:38 +0100] "GET /Texte/GDicht?action=edit&restore=diff:1591952806:1591952806:&preview=y HTTP/1.1" 200 8627 "-" "Mozilla/5.0 (Macintosh; Intel Mac OS X 10.15; rv:103.0) Gecko/20100101 Firefox/103.0"
85.25.185.196 - - [26/Dec/2022:00:03:54 +0100] "GET /Texte/Styluebige?action=edit&restore=diff:1179764522:1178907591:&preview=y HTTP/1.1" 200 8681 "-" "Mozilla/5.0 (Macintosh; Intel Mac OS X 10.15; rv:103.0) Gecko/20100101 Firefox/103.0"
85.25.185.196 - - [26/Dec/2022:00:05:04 +0100] "GET /PodCast/Limerick121314?action=edit HTTP/1.1" 200 8722 "-" "Mozilla/5.0 (Macintosh; Intel Mac OS X 10.15; rv:103.0) Gecko/20100101 Firefox/103.0"
85.25.185.196 - - [26/Dec/2022:00:05:58 +0100] "GET /Texte/Styluebige?action=edit&restore=diff:1163119022:1163118975:&preview=y HTTP/1.1" 200 8681 "-" "Mozilla/5.0 (Macintosh; Intel Mac OS X 10.15; rv:103.0) Gecko/20100101 Firefox/103.0"
85.25.185.196 - - [26/Dec/2022:00:07:08 +0100] "GET /PodCast/Limerick121314?action=diff HTTP/1.1" 200 13065 "-" "Mozilla/5.0 (Macintosh; Intel Mac OS X 10.15; rv:103.0) Gecko/20100101 Firefox/103.0"
85.25.185.196 - - [26/Dec/2022:00:08:22 +0100] "GET /PodCast/Limerick121314?action=print HTTP/1.1" 200 3584 "-" "Mozilla/5.0 (Macintosh; Intel Mac OS X 10.15; rv:103.0) Gecko/20100101 Firefox/103.0"
85.25.185.196 - - [26/Dec/2022:00:09:09 +0100] "GET /PodCast/Limerick121314?action=upload HTTP/1.1" 200 8622 "-" "Mozilla/5.0 (Macintosh; Intel Mac OS X 10.15; rv:103.0) Gecko/20100101 Firefox/103.0"
85.25.185.196 - - [26/Dec/2022:00:10:43 +0100] "GET /Texte/Styluebige?action=edit&restore=diff:1178723817:1178723668:&preview=y HTTP/1.1" 200 8681 "-" "Mozilla/5.0 (Macintosh; Intel Mac OS X 10.15; rv:103.0) Gecko/20100101 Firefox/103.0"
85.25.185.196 - - [26/Dec/2022:00:12:08 +0100] "GET /Texte/ZurcherischEnglish?action=edit&restore=diff:1163053118:1163053118:&preview=y HTTP/1.1" 200 8795 "-" "Mozilla/5.0 (Macintosh; Intel Mac OS X 10.15; rv:103.0) Gecko/20100101 Firefox/103.0"
85.25.185.196 - - [26/Dec/2022:00:13:04 +0100] "GET /Texte/ZurcherischEnglish?action=diff&source=y&minor=n HTTP/1.1" 200 9925 "-" "Mozilla/5.0 (Macintosh; Intel Mac OS X 10.15; rv:103.0) Gecko/20100101 Firefox/103.0"
85.25.185.196 - - [26/Dec/2022:00:14:46 +0100] "GET /Texte/ZurcherischEnglish?action=diff&source=n&minor=y HTTP/1.1" 200 9905 "-" "Mozilla/5.0 (Macintosh; Intel Mac OS X 10.15; rv:103.0) Gecko/20100101 Firefox/103.0"
85.25.185.196 - - [26/Dec/2022:00:16:28 +0100] "GET /Texte/Styluebige?action=edit&restore=diff:1163038201:1163038179:&preview=y HTTP/1.1" 200 8681 "-" "Mozilla/5.0 (Macintosh; Intel Mac OS X 10.15; rv:103.0) Gecko/20100101 Firefox/103.0"
85.25.185.196 - - [26/Dec/2022:00:17:36 +0100] "GET /PodCast/JBJInhaltsverzaichnis?action=upload HTTP/1.1" 200 8720 "-" "Mozilla/5.0 (Macintosh; Intel Mac OS X 10.15; rv:103.0) Gecko/20100101 Firefox/103.0"
3.219.254.95 - - [26/Dec/2022:00:20:04 +0100] "GET /PodCast/IndexPage?action=rss HTTP/1.1" 200 6298 "-" "PocketCasts/1.0 (Pocket Casts Feed Parser; +http://pocketcasts.com/)"
85.25.185.196 - - [26/Dec/2022:00:20:57 +0100] "GET /PodCast/Scheffwachsel?action=edit HTTP/1.1" 200 8706 "-" "Mozilla/5.0 (Macintosh; Intel Mac OS X 10.15; rv:103.0) Gecko/20100101 Firefox/103.0"
85.25.185.196 - - [26/Dec/2022:00:22:19 +0100] "GET /Texte/Styluebige?action=edit&restore=diff:1178907591:1178723863:&preview=y HTTP/1.1" 200 8681 "-" "Mozilla/5.0 (Macintosh; Intel Mac OS X 10.15; rv:103.0) Gecko/20100101 Firefox/103.0"
85.25.185.196 - - [26/Dec/2022:00:26:49 +0100] "GET /PodCast/Scheffwachsel?action=upload HTTP/1.1" 200 8606 "-" "Mozilla/5.0 (Macintosh; Intel Mac OS X 10.15; rv:103.0) Gecko/20100101 Firefox/103.0"
185.191.171.45 - - [26/Dec/2022:00:27:19 +0100] "GET /robots.txt HTTP/1.1" 200 - "-" "Mozilla/5.0 (compatible; SemrushBot/7~bl; +http://www.semrush.com/bot.html)"
185.191.171.16 - - [26/Dec/2022:00:27:19 +0100] "GET /PmWikiFr/Uploads HTTP/1.1" 200 13773 "-" "Mozilla/5.0 (compatible; SemrushBot/7~bl; +http://www.semrush.com/bot.html)"
85.25.185.196 - - [26/Dec/2022:00:27:38 +0100] "GET /PodCast/Scheffwachsel?action=print HTTP/1.1" 200 6704 "-" "Mozilla/5.0 (Macintosh; Intel Mac OS X 10.15; rv:103.0) Gecko/20100101 Firefox/103.0"
85.25.185.196 - - [26/Dec/2022:00:29:52 +0100] "GET /Texte/Styluebige?action=edit&restore=diff:1163038179:1163038156:&preview=y HTTP/1.1" 200 8681 "-" "Mozilla/5.0 (Macintosh; Intel Mac OS X 10.15; rv:103.0) Gecko/20100101 Firefox/103.0"
85.25.185.196 - - [26/Dec/2022:00:31:17 +0100] "GET /PodCast/Scheffwachsel?action=diff HTTP/1.1" 200 16458 "-" "Mozilla/5.0 (Macintosh; Intel Mac OS X 10.15; rv:103.0) Gecko/20100101 Firefox/103.0"
85.25.185.196 - - [26/Dec/2022:00:33:16 +0100] "GET /Site/21Baadstoube?action=edit HTTP/1.1" 200 8651 "-" "Mozilla/5.0 (Macintosh; Intel Mac OS X 10.15; rv:103.0) Gecko/20100101 Firefox/103.0"
85.25.185.196 - - [26/Dec/2022:00:34:49 +0100] "GET /Site/121Sitkouscht1482?action=upload HTTP/1.1" 200 8623 "-" "Mozilla/5.0 (Macintosh; Intel Mac OS X 10.15; rv:103.0) Gecko/20100101 Firefox/103.0"
85.25.185.196 - - [26/Dec/2022:00:34:58 +0100] "GET /Site/21Baadstoube?action=diff HTTP/1.1" 200 21248 "-" "Mozilla/5.0 (Macintosh; Intel Mac OS X 10.15; rv:103.0) Gecko/20100101 Firefox/103.0"
85.25.185.196 - - [26/Dec/2022:00:35:46 +0100] "GET /Site/21Baadstoube?action=upload HTTP/1.1" 200 8551 "-" "Mozilla/5.0 (Macintosh; Intel Mac OS X 10.15; rv:103.0) Gecko/20100101 Firefox/103.0"
85.25.185.196 - - [26/Dec/2022:00:36:02 +0100] "GET /Site/21Baadstoube?action=print HTTP/1.1" 200 12065 "-" "Mozilla/5.0 (Macintosh; Intel Mac OS X 10.15; rv:103.0) Gecko/20100101 Firefox/103.0"
85.25.185.196 - - [26/Dec/2022:00:36:44 +0100] "GET /Site/121Sitkouscht1482?action=print HTTP/1.1" 200 8145 "-" "Mozilla/5.0 (Macintosh; Intel Mac OS X 10.15; rv:103.0) Gecko/20100101 Firefox/103.0"
85.25.185.196 - - [26/Dec/2022:00:38:19 +0100] "GET /PodCast/Haiweeturgg?action=print HTTP/1.1" 200 5670 "-" "Mozilla/5.0 (Macintosh; Intel Mac OS X 10.15; rv:103.0) Gecko/20100101 Firefox/103.0"
85.25.185.196 - - [26/Dec/2022:00:40:00 +0100] "GET /PodCast/Haiweeturgg?action=upload HTTP/1.1" 200 8578 "-" "Mozilla/5.0 (Macintosh; Intel Mac OS X 10.15; rv:103.0) Gecko/20100101 Firefox/103.0"
85.25.185.196 - - [26/Dec/2022:00:41:01 +0100] "GET /PodCast/Haiweeturgg?action=edit HTTP/1.1" 200 8678 "-" "Mozilla/5.0 (Macintosh; Intel Mac OS X 10.15; rv:103.0) Gecko/20100101 Firefox/103.0"
85.25.185.196 - - [26/Dec/2022:00:42:35 +0100] "GET /PodCast/Haiweeturgg?action=diff HTTP/1.1" 200 15595 "-" "Mozilla/5.0 (Macintosh; Intel Mac OS X 10.15; rv:103.0) Gecko/20100101 Firefox/103.0"
85.25.185.196 - - [26/Dec/2022:00:43:27 +0100] "GET /PodCast/Stuurchrieg?action=upload HTTP/1.1" 200 8578 "-" "Mozilla/5.0 (Macintosh; Intel Mac OS X 10.15; rv:103.0) Gecko/20100101 Firefox/103.0"
85.25.185.196 - - [26/Dec/2022:00:44:40 +0100] "GET /Site/121Sitkouscht1482?action=edit HTTP/1.1" 200 8723 "-" "Mozilla/5.0 (Macintosh; Intel Mac OS X 10.15; rv:103.0) Gecko/20100101 Firefox/103.0"
3.216.185.164 - - [26/Dec/2022:00:44:41 +0100] "GET /PodCast/IndexPage?action=rss HTTP/1.1" 200 6298 "-" "PocketCasts/1.0 (Pocket Casts Feed Parser; +http://pocketcasts.com/)"
85.25.185.196 - - [26/Dec/2022:00:45:24 +0100] "GET /Site/121Sitkouscht1482?action=diff HTTP/1.1" 200 17801 "-" "Mozilla/5.0 (Macintosh; Intel Mac OS X 10.15; rv:103.0) Gecko/20100101 Firefox/103.0"
85.25.185.196 - - [26/Dec/2022:00:46:11 +0100] "GET /PodCast/Stuurchrieg?action=diff HTTP/1.1" 200 14968 "-" "Mozilla/5.0 (Macintosh; Intel Mac OS X 10.15; rv:103.0) Gecko/20100101 Firefox/103.0"
85.25.185.196 - - [26/Dec/2022:00:47:25 +0100] "GET /PodCast/Stuurchrieg?action=print HTTP/1.1" 200 6428 "-" "Mozilla/5.0 (Macintosh; Intel Mac OS X 10.15; rv:103.0) Gecko/20100101 Firefox/103.0"
85.25.185.196 - - [26/Dec/2022:00:49:16 +0100] "GET /PodCast/Stuurchrieg?action=edit HTTP/1.1" 200 8678 "-" "Mozilla/5.0 (Macintosh; Intel Mac OS X 10.15; rv:103.0) Gecko/20100101 Firefox/103.0"
85.25.185.196 - - [26/Dec/2022:00:51:06 +0100] "GET /PodCast/Mordspilot?action=edit HTTP/1.1" 200 8664 "-" "Mozilla/5.0 (Macintosh; Intel Mac OS X 10.15; rv:103.0) Gecko/20100101 Firefox/103.0"
85.25.185.196 - - [26/Dec/2022:00:51:47 +0100] "GET /Site/192HouhsRech1509?action=upload HTTP/1.1" 200 8611 "-" "Mozilla/5.0 (Macintosh; Intel Mac OS X 10.15; rv:103.0) Gecko/20100101 Firefox/103.0"
85.25.185.196 - - [26/Dec/2022:00:53:05 +0100] "GET /Site/192HouhsRech1509?action=diff HTTP/1.1" 200 24392 "-" "Mozilla/5.0 (Macintosh; Intel Mac OS X 10.15; rv:103.0) Gecko/20100101 Firefox/103.0"
85.25.185.196 - - [26/Dec/2022:00:53:40 +0100] "GET /PodCast/Mordspilot?action=upload HTTP/1.1" 200 8564 "-" "Mozilla/5.0 (Macintosh; Intel Mac OS X 10.15; rv:103.0) Gecko/20100101 Firefox/103.0"
85.25.185.196 - - [26/Dec/2022:00:54:47 +0100] "GET /PodCast/Mordspilot?action=diff HTTP/1.1" 200 15453 "-" "Mozilla/5.0 (Macintosh; Intel Mac OS X 10.15; rv:103.0) Gecko/20100101 Firefox/103.0"
85.25.185.196 - - [26/Dec/2022:00:55:57 +0100] "GET /PodCast/SpruchTampoToummOuhsreedeVerwandt?action=print HTTP/1.1" 200 5624 "-" "Mozilla/5.0 (Macintosh; Intel Mac OS X 10.15; rv:103.0) Gecko/20100101 Firefox/103.0"
54.36.149.96 - - [26/Dec/2022:00:56:15 +0100] "GET /robots.txt HTTP/1.1" 200 - "-" "Mozilla/5.0 (compatible; AhrefsBot/7.0; +http://ahrefs.com/robot/)"
54.36.148.8 - - [26/Dec/2022:00:56:18 +0100] "GET / HTTP/1.1" 200 15085 "-" "Mozilla/5.0 (compatible; AhrefsBot/7.0; +http://ahrefs.com/robot/)"
85.25.185.196 - - [26/Dec/2022:00:57:06 +0100] "GET /PodCast/Mordspilot?action=print HTTP/1.1" 200 7074 "-" "Mozilla/5.0 (Macintosh; Intel Mac OS X 10.15; rv:103.0) Gecko/20100101 Firefox/103.0"
66.249.76.193 - - [26/Dec/2022:00:57:09 +0100] "GET /PodCast/IndexPage?action=rss HTTP/1.1" 200 6298 "-" "Mozilla/5.0 (compatible; Googlebot/2.1; +http://www.google.com/bot.html)"
85.25.185.196 - - [26/Dec/2022:00:58:24 +0100] "GET /Site/Abderhalde0Inhalt?action=print HTTP/1.1" 200 2563 "-" "Mozilla/5.0 (Macintosh; Intel Mac OS X 10.15; rv:103.0) Gecko/20100101 Firefox/103.0"
85.25.185.196 - - [26/Dec/2022:01:00:49 +0100] "GET /PodCast/Wandermaasse?action=edit HTTP/1.1" 200 8692 "-" "Mozilla/5.0 (Macintosh; Intel Mac OS X 10.15; rv:103.0) Gecko/20100101 Firefox/103.0"
85.25.185.196 - - [26/Dec/2022:01:02:04 +0100] "GET /Site/Abderhalde0Inhalt?action=diff HTTP/1.1" 200 11051 "-" "Mozilla/5.0 (Macintosh; Intel Mac OS X 10.15; rv:103.0) Gecko/20100101 Firefox/103.0"
85.25.185.196 - - [26/Dec/2022:01:03:21 +0100] "GET /Site/Abderhalde0Inhalt?action=upload HTTP/1.1" 200 8623 "-" "Mozilla/5.0 (Macintosh; Intel Mac OS X 10.15; rv:103.0) Gecko/20100101 Firefox/103.0"
85.25.185.196 - - [26/Dec/2022:01:04:58 +0100] "GET /PodCast/Wandermaasse?action=upload HTTP/1.1" 200 8592 "-" "Mozilla/5.0 (Macintosh; Intel Mac OS X 10.15; rv:103.0) Gecko/20100101 Firefox/103.0"
85.25.185.196 - - [26/Dec/2022:01:06:33 +0100] "GET /Site/61Sanggale1465?action=upload HTTP/1.1" 200 8581 "-" "Mozilla/5.0 (Macintosh; Intel Mac OS X 10.15; rv:103.0) Gecko/20100101 Firefox/103.0"
85.25.185.196 - - [26/Dec/2022:01:07:31 +0100] "GET /PodCast/Wandermaasse?action=print HTTP/1.1" 200 5166 "-" "Mozilla/5.0 (Macintosh; Intel Mac OS X 10.15; rv:103.0) Gecko/20100101 Firefox/103.0"
85.25.185.196 - - [26/Dec/2022:01:08:14 +0100] "GET /Site/61Sanggale1465?action=diff HTTP/1.1" 200 21926 "-" "Mozilla/5.0 (Macintosh; Intel Mac OS X 10.15; rv:103.0) Gecko/20100101 Firefox/103.0"
85.25.185.196 - - [26/Dec/2022:01:09:11 +0100] "GET /Site/61Sanggale1465?action=print HTTP/1.1" 200 12758 "-" "Mozilla/5.0 (Macintosh; Intel Mac OS X 10.15; rv:103.0) Gecko/20100101 Firefox/103.0"
85.25.185.196 - - [26/Dec/2022:01:10:08 +0100] "GET /Texte/Metamorphoses?action=diff HTTP/1.1" 200 22809 "-" "Mozilla/5.0 (Macintosh; Intel Mac OS X 10.15; rv:103.0) Gecko/20100101 Firefox/103.0"
85.25.185.196 - - [26/Dec/2022:01:10:59 +0100] "GET /Site/61Sanggale1465?action=edit HTTP/1.1" 200 8681 "-" "Mozilla/5.0 (Macintosh; Intel Mac OS X 10.15; rv:103.0) Gecko/20100101 Firefox/103.0"
85.25.185.196 - - [26/Dec/2022:01:12:07 +0100] "GET /PodCast/SpruchTampoToummOuhsreedeVerwandt?action=diff HTTP/1.1" 200 15346 "-" "Mozilla/5.0 (Macintosh; Intel Mac OS X 10.15; rv:103.0) Gecko/20100101 Firefox/103.0"
85.25.185.196 - - [26/Dec/2022:01:13:13 +0100] "GET /PodCast/Wandermaasse?action=diff HTTP/1.1" 200 13598 "-" "Mozilla/5.0 (Macintosh; Intel Mac OS X 10.15; rv:103.0) Gecko/20100101 Firefox/103.0"
85.25.185.196 - - [26/Dec/2022:01:14:43 +0100] "GET /PodCast/SpruchTampoToummOuhsreedeVerwandt?action=upload HTTP/1.1" 200 8894 "-" "Mozilla/5.0 (Macintosh; Intel Mac OS X 10.15; rv:103.0) Gecko/20100101 Firefox/103.0"
85.25.185.196 - - [26/Dec/2022:01:15:36 +0100] "GET /Site/171AmStadelhofe?action=print HTTP/1.1" 200 21986 "-" "Mozilla/5.0 (Macintosh; Intel Mac OS X 10.15; rv:103.0) Gecko/20100101 Firefox/103.0"
85.25.185.196 - - [26/Dec/2022:01:19:06 +0100] "GET /Site/171AmStadelhofe?action=diff HTTP/1.1" 200 34487 "-" "Mozilla/5.0 (Macintosh; Intel Mac OS X 10.15; rv:103.0) Gecko/20100101 Firefox/103.0"
85.25.185.196 - - [26/Dec/2022:01:19:19 +0100] "GET /Site/192HouhsRech1509?action=edit HTTP/1.1" 200 8711 "-" "Mozilla/5.0 (Macintosh; Intel Mac OS X 10.15; rv:103.0) Gecko/20100101 Firefox/103.0"
85.25.185.196 - - [26/Dec/2022:01:20:07 +0100] "GET /PodCast/SpruchTampoToummOuhsreedeVerwandt?action=edit HTTP/1.1" 200 8994 "-" "Mozilla/5.0 (Macintosh; Intel Mac OS X 10.15; rv:103.0) Gecko/20100101 Firefox/103.0"
85.25.185.196 - - [26/Dec/2022:01:20:34 +0100] "GET /Site/171AmStadelhofe?action=edit HTTP/1.1" 200 8695 "-" "Mozilla/5.0 (Macintosh; Intel Mac OS X 10.15; rv:103.0) Gecko/20100101 Firefox/103.0"
85.25.185.196 - - [26/Dec/2022:01:22:23 +0100] "GET /Site/171AmStadelhofe?action=upload HTTP/1.1" 200 8595 "-" "Mozilla/5.0 (Macintosh; Intel Mac OS X 10.15; rv:103.0) Gecko/20100101 Firefox/103.0"
157.55.39.207 - - [26/Dec/2022:01:25:32 +0100] "GET /PodCast/Kossorpsk HTTP/1.1" 200 16055 "-" "Mozilla/5.0 AppleWebKit/537.36 (KHTML, like Gecko; compatible; bingbot/2.0; +http://www.bing.com/bingbot.htm) Chrome/103.0.5060.134 Safari/537.36"
5.188.62.21 - - [26/Dec/2022:01:28:41 +0100] "GET / HTTP/1.1" 200 15085 "-" "Mozilla/5.0 (Windows NT 6.1; WOW64) AppleWebKit/537.36 (KHTML, like Gecko) Chrome/99.0.4844.84 Safari/537.36"
85.25.185.196 - - [26/Dec/2022:01:32:52 +0100] "GET /Site/192HouhsRech1509?action=print HTTP/1.1" 200 15272 "-" "Mozilla/5.0 (Macintosh; Intel Mac OS X 10.15; rv:103.0) Gecko/20100101 Firefox/103.0"
85.25.185.196 - - [26/Dec/2022:01:33:29 +0100] "GET /Site/171AmStadelhofe?action=upload HTTP/1.1" 200 8595 "-" "Mozilla/5.0 (Macintosh; Intel Mac OS X 10.15; rv:103.0) Gecko/20100101 Firefox/103.0"
85.25.185.196 - - [26/Dec/2022:01:33:53 +0100] "GET /Site/WGA1Begaabig?action=edit HTTP/1.1" 200 8653 "-" "Mozilla/5.0 (Macintosh; Intel Mac OS X 10.15; rv:103.0) Gecko/20100101 Firefox/103.0"
85.25.185.196 - - [26/Dec/2022:01:34:22 +0100] "GET /PodCast/RURAkt1TIl4?action=print HTTP/1.1" 200 19427 "-" "Mozilla/5.0 (Macintosh; Intel Mac OS X 10.15; rv:103.0) Gecko/20100101 Firefox/103.0"
85.25.185.196 - - [26/Dec/2022:01:34:41 +0100] "GET /Site/WGA1Begaabig?action=upload HTTP/1.1" 200 8553 "-" "Mozilla/5.0 (Macintosh; Intel Mac OS X 10.15; rv:103.0) Gecko/20100101 Firefox/103.0"
85.25.185.196 - - [26/Dec/2022:01:35:22 +0100] "GET /PodCast/RURAkt1TIl4?action=edit HTTP/1.1" 200 8688 "-" "Mozilla/5.0 (Macintosh; Intel Mac OS X 10.15; rv:103.0) Gecko/20100101 Firefox/103.0"
185.191.171.44 - - [26/Dec/2022:01:35:27 +0100] "GET /robots.txt HTTP/1.1" 200 - "-" "Mozilla/5.0 (compatible; SemrushBot/7~bl; +http://www.semrush.com/bot.html)"
185.191.171.36 - - [26/Dec/2022:01:35:27 +0100] "GET /PmWikiRu/PageVariables HTTP/1.1" 200 15873 "-" "Mozilla/5.0 (compatible; SemrushBot/7~bl; +http://www.semrush.com/bot.html)"
85.25.185.196 - - [26/Dec/2022:01:36:07 +0100] "GET /Site/WGA1Begaabig?action=print HTTP/1.1" 200 11224 "-" "Mozilla/5.0 (Macintosh; Intel Mac OS X 10.15; rv:103.0) Gecko/20100101 Firefox/103.0"
85.25.185.196 - - [26/Dec/2022:01:37:43 +0100] "GET /PodCast/RURAkt1TIl4?action=upload HTTP/1.1" 200 8588 "-" "Mozilla/5.0 (Macintosh; Intel Mac OS X 10.15; rv:103.0) Gecko/20100101 Firefox/103.0"
85.25.185.196 - - [26/Dec/2022:01:38:27 +0100] "GET /Site/WGA1Begaabig?action=diff HTTP/1.1" 200 21241 "-" "Mozilla/5.0 (Macintosh; Intel Mac OS X 10.15; rv:103.0) Gecko/20100101 Firefox/103.0"
85.25.185.196 - - [26/Dec/2022:01:39:15 +0100] "GET /PodCast/RURAkt1TIl4?action=diff HTTP/1.1" 200 27266 "-" "Mozilla/5.0 (Macintosh; Intel Mac OS X 10.15; rv:103.0) Gecko/20100101 Firefox/103.0"
85.25.185.196 - - [26/Dec/2022:01:40:13 +0100] "GET /PodCast/RURAkt2TIl3?action=diff HTTP/1.1" 200 28089 "-" "Mozilla/5.0 (Macintosh; Intel Mac OS X 10.15; rv:103.0) Gecko/20100101 Firefox/103.0"
85.25.185.196 - - [26/Dec/2022:01:41:06 +0100] "GET /PodCast/RURAkt2TIl3?action=upload HTTP/1.1" 200 8588 "-" "Mozilla/5.0 (Macintosh; Intel Mac OS X 10.15; rv:103.0) Gecko/20100101 Firefox/103.0"
85.25.185.196 - - [26/Dec/2022:01:42:02 +0100] "GET /PodCast/RURAkt2TIl3?action=print HTTP/1.1" 200 17028 "-" "Mozilla/5.0 (Macintosh; Intel Mac OS X 10.15; rv:103.0) Gecko/20100101 Firefox/103.0"
85.25.185.196 - - [26/Dec/2022:01:42:56 +0100] "GET /PodCast/RURAkt2TIl3?action=edit HTTP/1.1" 200 8688 "-" "Mozilla/5.0 (Macintosh; Intel Mac OS X 10.15; rv:103.0) Gecko/20100101 Firefox/103.0"
85.25.185.196 - - [26/Dec/2022:01:44:01 +0100] "GET /Site/Abderhalde0Inhalt?action=edit HTTP/1.1" 200 8723 "-" "Mozilla/5.0 (Macintosh; Intel Mac OS X 10.15; rv:103.0) Gecko/20100101 Firefox/103.0"
85.25.185.196 - - [26/Dec/2022:01:45:45 +0100] "GET /PodCast/MNtsch?action=diff HTTP/1.1" 200 9171 "-" "Mozilla/5.0 (Macintosh; Intel Mac OS X 10.15; rv:103.0) Gecko/20100101 Firefox/103.0"
85.25.185.196 - - [26/Dec/2022:01:46:51 +0100] "GET /PodCast/MNtsch?action=upload HTTP/1.1" 200 8510 "-" "Mozilla/5.0 (Macintosh; Intel Mac OS X 10.15; rv:103.0) Gecko/20100101 Firefox/103.0"
85.25.185.196 - - [26/Dec/2022:01:47:48 +0100] "GET /PodCast/JBJ302?action=edit HTTP/1.1" 200 8610 "-" "Mozilla/5.0 (Macintosh; Intel Mac OS X 10.15; rv:103.0) Gecko/20100101 Firefox/103.0"
85.25.185.196 - - [26/Dec/2022:01:48:32 +0100] "GET /PodCast/MNtsch?action=print HTTP/1.1" 404 2388 "-" "Mozilla/5.0 (Macintosh; Intel Mac OS X 10.15; rv:103.0) Gecko/20100101 Firefox/103.0"
85.25.185.196 - - [26/Dec/2022:01:49:48 +0100] "GET /PodCast/RURAkt2TIl2?action=print HTTP/1.1" 200 2703 "-" "Mozilla/5.0 (Macintosh; Intel Mac OS X 10.15; rv:103.0) Gecko/20100101 Firefox/103.0"
85.25.185.196 - - [26/Dec/2022:01:50:16 +0100] "GET /PodCast/RURAkt2TIl2?action=diff HTTP/1.1" 200 10972 "-" "Mozilla/5.0 (Macintosh; Intel Mac OS X 10.15; rv:103.0) Gecko/20100101 Firefox/103.0"
85.25.185.196 - - [26/Dec/2022:01:51:49 +0100] "GET /PodCast/JBJ302?action=upload HTTP/1.1" 200 8510 "-" "Mozilla/5.0 (Macintosh; Intel Mac OS X 10.15; rv:103.0) Gecko/20100101 Firefox/103.0"
85.25.185.196 - - [26/Dec/2022:01:52:27 +0100] "GET /PodCast/RURAkt2TIl2?action=edit HTTP/1.1" 200 8688 "-" "Mozilla/5.0 (Macintosh; Intel Mac OS X 10.15; rv:103.0) Gecko/20100101 Firefox/103.0"
185.191.171.37 - - [26/Dec/2022:01:52:30 +0100] "GET /PmWikiFr/CheminDeRecherche HTTP/1.1" 200 12066 "-" "Mozilla/5.0 (compatible; SemrushBot/7~bl; +http://www.semrush.com/bot.html)"
85.25.185.196 - - [26/Dec/2022:01:53:51 +0100] "GET /PodCast/JBJ302?action=diff HTTP/1.1" 200 18713 "-" "Mozilla/5.0 (Macintosh; Intel Mac OS X 10.15; rv:103.0) Gecko/20100101 Firefox/103.0"
85.25.185.196 - - [26/Dec/2022:01:54:32 +0100] "GET /PodCast/RURAkt2TIl2?action=upload HTTP/1.1" 200 8588 "-" "Mozilla/5.0 (Macintosh; Intel Mac OS X 10.15; rv:103.0) Gecko/20100101 Firefox/103.0"
85.25.185.196 - - [26/Dec/2022:01:55:47 +0100] "GET /PodCast/JBJ302?action=print HTTP/1.1" 200 9695 "-" "Mozilla/5.0 (Macintosh; Intel Mac OS X 10.15; rv:103.0) Gecko/20100101 Firefox/103.0"
85.25.185.196 - - [26/Dec/2022:01:57:41 +0100] "GET /PodCast/Maassestaab?action=upload HTTP/1.1" 200 8578 "-" "Mozilla/5.0 (Macintosh; Intel Mac OS X 10.15; rv:103.0) Gecko/20100101 Firefox/103.0"
85.25.185.196 - - [26/Dec/2022:01:59:46 +0100] "GET /Site/181Room1500?action=diff HTTP/1.1" 200 25606 "-" "Mozilla/5.0 (Macintosh; Intel Mac OS X 10.15; rv:103.0) Gecko/20100101 Firefox/103.0"
85.25.185.196 - - [26/Dec/2022:02:00:46 +0100] "GET /PodCast/Maassestaab?action=diff HTTP/1.1" 200 19691 "-" "Mozilla/5.0 (Macintosh; Intel Mac OS X 10.15; rv:103.0) Gecko/20100101 Firefox/103.0"
66.249.70.210 - - [26/Dec/2022:02:01:40 +0100] "GET /PodCast/IndexPage?action=rss HTTP/1.1" 200 6298 "-" "Mozilla/5.0 (compatible; Googlebot/2.1; +http://www.google.com/bot.html)"
85.25.185.196 - - [26/Dec/2022:02:03:02 +0100] "GET /PodCast/Maassestaab?action=print HTTP/1.1" 200 9929 "-" "Mozilla/5.0 (Macintosh; Intel Mac OS X 10.15; rv:103.0) Gecko/20100101 Firefox/103.0"
85.25.185.196 - - [26/Dec/2022:02:06:09 +0100] "GET /PodCast/Maassestaab?action=edit HTTP/1.1" 200 8678 "-" "Mozilla/5.0 (Macintosh; Intel Mac OS X 10.15; rv:103.0) Gecko/20100101 Firefox/103.0"
85.25.185.196 - - [26/Dec/2022:02:07:00 +0100] "GET /PodCast/Inselschwyz?action=print HTTP/1.1" 200 7477 "-" "Mozilla/5.0 (Macintosh; Intel Mac OS X 10.15; rv:103.0) Gecko/20100101 Firefox/103.0"
85.25.185.196 - - [26/Dec/2022:02:08:21 +0100] "GET /Site/181Room1500?action=print HTTP/1.1" 200 16114 "-" "Mozilla/5.0 (Macintosh; Intel Mac OS X 10.15; rv:103.0) Gecko/20100101 Firefox/103.0"
85.25.185.196 - - [26/Dec/2022:02:09:04 +0100] "GET /PodCast/Inselschwyz?action=edit HTTP/1.1" 200 8678 "-" "Mozilla/5.0 (Macintosh; Intel Mac OS X 10.15; rv:103.0) Gecko/20100101 Firefox/103.0"
40.77.167.74 - - [26/Dec/2022:02:09:41 +0100] "GET /PodCast/Roman3?action=upload HTTP/1.1" 403 18 "-" "Mozilla/5.0 (compatible; bingbot/2.0; +http://www.bing.com/bingbot.htm)"
185.191.171.6 - - [26/Dec/2022:02:09:55 +0100] "GET /PmWikiDe/PmWikiDe?from=PmWikiDe.PmWiki HTTP/1.1" 200 11562 "-" "Mozilla/5.0 (compatible; SemrushBot/7~bl; +http://www.semrush.com/bot.html)"
85.25.185.196 - - [26/Dec/2022:02:10:22 +0100] "GET /PodCast/Freuidechrafft?action=upload HTTP/1.1" 200 8620 "-" "Mozilla/5.0 (Macintosh; Intel Mac OS X 10.15; rv:103.0) Gecko/20100101 Firefox/103.0"
82.165.85.46 - - [26/Dec/2022:02:11:01 +0100] "GET / HTTP/1.1" 200 15085 "-" "-"
85.25.185.196 - - [26/Dec/2022:02:11:48 +0100] "GET /PodCast/Freuidechrafft?action=edit HTTP/1.1" 200 8720 "-" "Mozilla/5.0 (Macintosh; Intel Mac OS X 10.15; rv:103.0) Gecko/20100101 Firefox/103.0"
157.55.39.194 - - [26/Dec/2022:02:12:24 +0100] "GET /PodCast/Chouechetailet?action=edit HTTP/1.1" 403 18 "-" "Mozilla/5.0 (compatible; bingbot/2.0; +http://www.bing.com/bingbot.htm)"
85.25.185.196 - - [26/Dec/2022:02:13:00 +0100] "GET /Site/181Room1500?action=edit HTTP/1.1" 200 8639 "-" "Mozilla/5.0 (Macintosh; Intel Mac OS X 10.15; rv:103.0) Gecko/20100101 Firefox/103.0"
85.25.185.196 - - [26/Dec/2022:02:13:57 +0100] "GET /PodCast/Freuidechrafft?action=print HTTP/1.1" 200 11162 "-" "Mozilla/5.0 (Macintosh; Intel Mac OS X 10.15; rv:103.0) Gecko/20100101 Firefox/103.0"
85.25.185.196 - - [26/Dec/2022:02:14:50 +0100] "GET /PodCast/Freuidechrafft?action=diff HTTP/1.1" 200 18874 "-" "Mozilla/5.0 (Macintosh; Intel Mac OS X 10.15; rv:103.0) Gecko/20100101 Firefox/103.0"
85.25.185.196 - - [26/Dec/2022:02:16:08 +0100] "GET /PodCast/Prometheus?action=upload HTTP/1.1" 200 8564 "-" "Mozilla/5.0 (Macintosh; Intel Mac OS X 10.15; rv:103.0) Gecko/20100101 Firefox/103.0"
85.25.185.196 - - [26/Dec/2022:02:17:11 +0100] "GET /PodCast/Prometheus?action=diff HTTP/1.1" 200 18382 "-" "Mozilla/5.0 (Macintosh; Intel Mac OS X 10.15; rv:103.0) Gecko/20100101 Firefox/103.0"
185.191.171.5 - - [26/Dec/2022:02:17:16 +0100] "GET /PmWikiDe/Images HTTP/1.1" 200 18198 "-" "Mozilla/5.0 (compatible; SemrushBot/7~bl; +http://www.semrush.com/bot.html)"
85.25.185.196 - - [26/Dec/2022:02:18:12 +0100] "GET /PodCast/Prometheus?action=print HTTP/1.1" 200 6697 "-" "Mozilla/5.0 (Macintosh; Intel Mac OS X 10.15; rv:103.0) Gecko/20100101 Firefox/103.0"
85.25.185.196 - - [26/Dec/2022:02:19:22 +0100] "GET /PodCast/Prometheus?action=edit HTTP/1.1" 200 8664 "-" "Mozilla/5.0 (Macintosh; Intel Mac OS X 10.15; rv:103.0) Gecko/20100101 Firefox/103.0"
85.25.185.196 - - [26/Dec/2022:02:20:54 +0100] "GET /PodCast/Buecherbrand?action=print HTTP/1.1" 200 11037 "-" "Mozilla/5.0 (Macintosh; Intel Mac OS X 10.15; rv:103.0) Gecko/20100101 Firefox/103.0"
85.25.185.196 - - [26/Dec/2022:02:21:25 +0100] "GET /PodCast/Buecherbrand?action=upload HTTP/1.1" 200 8592 "-" "Mozilla/5.0 (Macintosh; Intel Mac OS X 10.15; rv:103.0) Gecko/20100101 Firefox/103.0"
85.25.185.196 - - [26/Dec/2022:02:22:37 +0100] "GET /PodCast/Buecherbrand?action=diff HTTP/1.1" 200 35411 "-" "Mozilla/5.0 (Macintosh; Intel Mac OS X 10.15; rv:103.0) Gecko/20100101 Firefox/103.0"
85.25.185.196 - - [26/Dec/2022:02:23:13 +0100] "GET /PodCast/Buecherbrand?action=edit HTTP/1.1" 200 8692 "-" "Mozilla/5.0 (Macintosh; Intel Mac OS X 10.15; rv:103.0) Gecko/20100101 Firefox/103.0"
85.25.185.196 - - [26/Dec/2022:02:24:06 +0100] "GET /PodCast/JBJ401?action=print HTTP/1.1" 200 14621 "-" "Mozilla/5.0 (Macintosh; Intel Mac OS X 10.15; rv:103.0) Gecko/20100101 Firefox/103.0"
85.25.185.196 - - [26/Dec/2022:02:25:35 +0100] "GET /PodCast/Apsourdistan2?action=upload HTTP/1.1" 200 8608 "-" "Mozilla/5.0 (Macintosh; Intel Mac OS X 10.15; rv:103.0) Gecko/20100101 Firefox/103.0"
85.25.185.196 - - [26/Dec/2022:02:27:00 +0100] "GET /PodCast/Apsourdistan2?action=diff HTTP/1.1" 200 13519 "-" "Mozilla/5.0 (Macintosh; Intel Mac OS X 10.15; rv:103.0) Gecko/20100101 Firefox/103.0"
85.25.185.196 - - [26/Dec/2022:02:28:56 +0100] "GET /Site/181Room1500?action=upload HTTP/1.1" 200 8539 "-" "Mozilla/5.0 (Macintosh; Intel Mac OS X 10.15; rv:103.0) Gecko/20100101 Firefox/103.0"
85.25.185.196 - - [26/Dec/2022:02:29:50 +0100] "GET /PodCast/RURAkt1TIl3?action=edit HTTP/1.1" 200 8688 "-" "Mozilla/5.0 (Macintosh; Intel Mac OS X 10.15; rv:103.0) Gecko/20100101 Firefox/103.0"
85.25.185.196 - - [26/Dec/2022:02:30:47 +0100] "GET /PodCast/RURAkt1TIl3?action=diff HTTP/1.1" 200 24537 "-" "Mozilla/5.0 (Macintosh; Intel Mac OS X 10.15; rv:103.0) Gecko/20100101 Firefox/103.0"
85.25.185.196 - - [26/Dec/2022:02:32:06 +0100] "GET /PodCast/RURAkt1TIl3?action=print HTTP/1.1" 200 16304 "-" "Mozilla/5.0 (Macintosh; Intel Mac OS X 10.15; rv:103.0) Gecko/20100101 Firefox/103.0"
85.25.185.196 - - [26/Dec/2022:02:32:40 +0100] "GET /PodCast/RURAkt1TIl3?action=upload HTTP/1.1" 200 8588 "-" "Mozilla/5.0 (Macintosh; Intel Mac OS X 10.15; rv:103.0) Gecko/20100101 Firefox/103.0"
85.25.185.196 - - [26/Dec/2022:02:33:27 +0100] "GET /Texte/Gloosse?action=upload HTTP/1.1" 200 8493 "-" "Mozilla/5.0 (Macintosh; Intel Mac OS X 10.15; rv:103.0) Gecko/20100101 Firefox/103.0"
85.25.185.196 - - [26/Dec/2022:02:35:02 +0100] "GET /Texte/Schrybwys?action=edit&restore=diff:1178724104:1177686222:&preview=y HTTP/1.1" 200 8667 "-" "Mozilla/5.0 (Macintosh; Intel Mac OS X 10.15; rv:103.0) Gecko/20100101 Firefox/103.0"
85.25.185.196 - - [26/Dec/2022:02:35:46 +0100] "GET /Texte/Schrybwys?action=edit&restore=diff:1163036782:1163036745:&preview=y HTTP/1.1" 200 8667 "-" "Mozilla/5.0 (Macintosh; Intel Mac OS X 10.15; rv:103.0) Gecko/20100101 Firefox/103.0"
3.216.185.164 - - [26/Dec/2022:02:37:29 +0100] "GET /PodCast/IndexPage?action=rss HTTP/1.1" 200 6298 "-" "PocketCasts/1.0 (Pocket Casts Feed Parser; +http://pocketcasts.com/)"
85.25.185.196 - - [26/Dec/2022:02:38:51 +0100] "GET /Texte/Schrybwys?action=edit&restore=diff:1177686222:1163037260:&preview=y HTTP/1.1" 200 8667 "-" "Mozilla/5.0 (Macintosh; Intel Mac OS X 10.15; rv:103.0) Gecko/20100101 Firefox/103.0"
85.25.185.196 - - [26/Dec/2022:02:39:24 +0100] "GET /Texte/Schrybwys?action=edit&restore=diff:1591952703:1178724381:&preview=y HTTP/1.1" 200 8667 "-" "Mozilla/5.0 (Macintosh; Intel Mac OS X 10.15; rv:103.0) Gecko/20100101 Firefox/103.0"
85.25.185.196 - - [26/Dec/2022:02:40:09 +0100] "GET /Texte/Schrybwys?action=diff&source=n&minor=y HTTP/1.1" 200 26978 "-" "Mozilla/5.0 (Macintosh; Intel Mac OS X 10.15; rv:103.0) Gecko/20100101 Firefox/103.0"
85.25.185.196 - - [26/Dec/2022:02:40:55 +0100] "GET /Texte/Schrybwys?action=diff&source=y&minor=n HTTP/1.1" 200 28321 "-" "Mozilla/5.0 (Macintosh; Intel Mac OS X 10.15; rv:103.0) Gecko/20100101 Firefox/103.0"
85.25.185.196 - - [26/Dec/2022:02:42:12 +0100] "GET /Texte/Schrybwys?action=edit&restore=diff:1163037163:1163036928:&preview=y HTTP/1.1" 200 8667 "-" "Mozilla/5.0 (Macintosh; Intel Mac OS X 10.15; rv:103.0) Gecko/20100101 Firefox/103.0"
114.119.142.99 - - [26/Dec/2022:02:42:15 +0100] "GET /pub/skins/pro-zurituutsch/images/favicon.ico HTTP/1.1" 200 1406 "-" "Mozilla/5.0 (Linux; Android 7.0;) AppleWebKit/537.36 (KHTML, like Gecko) Mobile Safari/537.36 (compatible; PetalBot;+https://webmaster.petalsearch.com/site/petalbot)"
85.25.185.196 - - [26/Dec/2022:02:44:19 +0100] "GET /Texte/Schrybwys?action=edit&restore=diff:1178724179:1178724104:&preview=y HTTP/1.1" 200 8667 "-" "Mozilla/5.0 (Macintosh; Intel Mac OS X 10.15; rv:103.0) Gecko/20100101 Firefox/103.0"
85.25.185.196 - - [26/Dec/2022:02:49:29 +0100] "GET /Texte/Schrybwys?action=edit&restore=diff:1178724339:1178724179:&preview=y HTTP/1.1" 200 8667 "-" "Mozilla/5.0 (Macintosh; Intel Mac OS X 10.15; rv:103.0) Gecko/20100101 Firefox/103.0"
85.25.185.196 - - [26/Dec/2022:02:50:25 +0100] "GET /Texte/Schrybwys?action=edit&restore=diff:1163036928:1163036782:&preview=y HTTP/1.1" 200 8667 "-" "Mozilla/5.0 (Macintosh; Intel Mac OS X 10.15; rv:103.0) Gecko/20100101 Firefox/103.0"
85.25.185.196 - - [26/Dec/2022:02:51:40 +0100] "GET /Texte/Gloosse?action=diff&source=y&minor=n HTTP/1.1" 200 9545 "-" "Mozilla/5.0 (Macintosh; Intel Mac OS X 10.15; rv:103.0) Gecko/20100101 Firefox/103.0"
85.25.185.196 - - [26/Dec/2022:02:53:05 +0100] "GET /Texte/Gloosse?action=diff&source=n&minor=y HTTP/1.1" 200 9555 "-" "Mozilla/5.0 (Macintosh; Intel Mac OS X 10.15; rv:103.0) Gecko/20100101 Firefox/103.0"
85.25.185.196 - - [26/Dec/2022:02:53:46 +0100] "GET /Texte/Gloosse?action=edit&restore=diff:1359562461:1359562461:&preview=y HTTP/1.1" 200 8639 "-" "Mozilla/5.0 (Macintosh; Intel Mac OS X 10.15; rv:103.0) Gecko/20100101 Firefox/103.0"
85.25.185.196 - - [26/Dec/2022:02:54:27 +0100] "GET /PodCast/Liebhaber1?action=edit HTTP/1.1" 200 8666 "-" "Mozilla/5.0 (Macintosh; Intel Mac OS X 10.15; rv:103.0) Gecko/20100101 Firefox/103.0"
85.25.185.196 - - [26/Dec/2022:02:55:11 +0100] "GET /PodCast/Liebhaber1?action=upload HTTP/1.1" 200 8566 "-" "Mozilla/5.0 (Macintosh; Intel Mac OS X 10.15; rv:103.0) Gecko/20100101 Firefox/103.0"
85.25.185.196 - - [26/Dec/2022:02:55:54 +0100] "GET /PodCast/Liebhaber1?action=diff HTTP/1.1" 200 16333 "-" "Mozilla/5.0 (Macintosh; Intel Mac OS X 10.15; rv:103.0) Gecko/20100101 Firefox/103.0"
85.25.185.196 - - [26/Dec/2022:02:56:56 +0100] "GET /PodCast/Liebhaber1?action=print HTTP/1.1" 200 4029 "-" "Mozilla/5.0 (Macintosh; Intel Mac OS X 10.15; rv:103.0) Gecko/20100101 Firefox/103.0"
85.25.185.196 - - [26/Dec/2022:02:57:42 +0100] "GET /Texte HTTP/1.1" 404 8123 "-" "Mozilla/5.0 (Macintosh; Intel Mac OS X 10.15; rv:103.0) Gecko/20100101 Firefox/103.0"
85.25.185.196 - - [26/Dec/2022:02:58:28 +0100] "GET /PodCast/JBJInhaltsverzaichnis?action=edit HTTP/1.1" 200 8820 "-" "Mozilla/5.0 (Macintosh; Intel Mac OS X 10.15; rv:103.0) Gecko/20100101 Firefox/103.0"
66.249.76.220 - - [26/Dec/2022:02:58:34 +0100] "GET /PodCast/IndexPage?action=rss HTTP/1.1" 200 6298 "-" "Mozilla/5.0 (compatible; Googlebot/2.1; +http://www.google.com/bot.html)"
85.25.185.196 - - [26/Dec/2022:02:59:42 +0100] "GET /PodCast/JBJInhaltsverzaichnis?action=print HTTP/1.1" 200 6268 "-" "Mozilla/5.0 (Macintosh; Intel Mac OS X 10.15; rv:103.0) Gecko/20100101 Firefox/103.0"
85.25.185.196 - - [26/Dec/2022:03:00:12 +0100] "GET /PodCast/JBJInhaltsverzaichnis?action=diff HTTP/1.1" 200 14119 "-" "Mozilla/5.0 (Macintosh; Intel Mac OS X 10.15; rv:103.0) Gecko/20100101 Firefox/103.0"
85.25.185.196 - - [26/Dec/2022:03:00:59 +0100] "GET /Texte/Rezension?action=edit&restore=diff:1177687072:1177686993:&preview=y HTTP/1.1" 200 8667 "-" "Mozilla/5.0 (Macintosh; Intel Mac OS X 10.15; rv:103.0) Gecko/20100101 Firefox/103.0"
85.25.185.196 - - [26/Dec/2022:03:01:45 +0100] "GET /Texte/Rezension?action=edit&restore=diff:1177686993:1163056397:&preview=y HTTP/1.1" 200 8667 "-" "Mozilla/5.0 (Macintosh; Intel Mac OS X 10.15; rv:103.0) Gecko/20100101 Firefox/103.0"
85.25.185.196 - - [26/Dec/2022:03:02:57 +0100] "GET /Texte/Rezension?action=edit&restore=diff:1163056397:1163036469:&preview=y HTTP/1.1" 200 8667 "-" "Mozilla/5.0 (Macintosh; Intel Mac OS X 10.15; rv:103.0) Gecko/20100101 Firefox/103.0"
85.25.185.196 - - [26/Dec/2022:03:03:32 +0100] "GET /Texte/Rezension?action=edit&restore=diff:1163036469:1163036469:&preview=y HTTP/1.1" 200 8667 "-" "Mozilla/5.0 (Macintosh; Intel Mac OS X 10.15; rv:103.0) Gecko/20100101 Firefox/103.0"
85.25.185.196 - - [26/Dec/2022:03:05:27 +0100] "GET /Texte/Rezension?action=edit&restore=diff:1591952779:1230138295:&preview=y HTTP/1.1" 200 8667 "-" "Mozilla/5.0 (Macintosh; Intel Mac OS X 10.15; rv:103.0) Gecko/20100101 Firefox/103.0"
85.25.185.196 - - [26/Dec/2022:03:06:19 +0100] "GET /Texte/Rezension?action=edit&restore=diff:1230138295:1178907025:&preview=y HTTP/1.1" 200 8667 "-" "Mozilla/5.0 (Macintosh; Intel Mac OS X 10.15; rv:103.0) Gecko/20100101 Firefox/103.0"
85.25.185.196 - - [26/Dec/2022:03:07:12 +0100] "GET /Texte/Rezension?action=diff&source=y&minor=n HTTP/1.1" 200 19658 "-" "Mozilla/5.0 (Macintosh; Intel Mac OS X 10.15; rv:103.0) Gecko/20100101 Firefox/103.0"
54.87.52.72 - - [26/Dec/2022:03:07:16 +0100] "GET /PodCast/IndexPage?action=rss HTTP/1.1" 200 6298 "-" "PlayerFM/1.0 Podcast Sync (1 subscribers; url=https://player.fm/series/podcast-2872909)"
85.25.185.196 - - [26/Dec/2022:03:08:10 +0100] "GET /Texte/Rezension?action=diff&source=n&minor=y HTTP/1.1" 200 19296 "-" "Mozilla/5.0 (Macintosh; Intel Mac OS X 10.15; rv:103.0) Gecko/20100101 Firefox/103.0"
85.25.185.196 - - [26/Dec/2022:03:08:50 +0100] "GET /Texte/Rezension?action=edit&restore=diff:1178907025:1177687072:&preview=y HTTP/1.1" 200 8667 "-" "Mozilla/5.0 (Macintosh; Intel Mac OS X 10.15; rv:103.0) Gecko/20100101 Firefox/103.0"
85.25.185.196 - - [26/Dec/2022:03:09:22 +0100] "GET /Site/131MIringe1483?action=diff HTTP/1.1" 200 9254 "-" "Mozilla/5.0 (Macintosh; Intel Mac OS X 10.15; rv:103.0) Gecko/20100101 Firefox/103.0"
40.77.167.74 - - [26/Dec/2022:03:10:38 +0100] "GET /PodCast/REZMockingbird?action=upload HTTP/1.1" 403 18 "-" "Mozilla/5.0 AppleWebKit/537.36 (KHTML, like Gecko; compatible; bingbot/2.0; +http://www.bing.com/bingbot.htm) Chrome/103.0.5060.134 Safari/537.36"
85.25.185.196 - - [26/Dec/2022:03:10:50 +0100] "GET /Site/131MIringe1483?action=upload HTTP/1.1" 200 8583 "-" "Mozilla/5.0 (Macintosh; Intel Mac OS X 10.15; rv:103.0) Gecko/20100101 Firefox/103.0"
85.25.185.196 - - [26/Dec/2022:03:12:03 +0100] "GET /Site/131MIringe1483?action=print HTTP/1.1" 404 2405 "-" "Mozilla/5.0 (Macintosh; Intel Mac OS X 10.15; rv:103.0) Gecko/20100101 Firefox/103.0"
85.25.185.196 - - [26/Dec/2022:03:12:43 +0100] "GET /PodCast HTTP/1.1" 302 167 "-" "Mozilla/5.0 (Macintosh; Intel Mac OS X 10.15; rv:103.0) Gecko/20100101 Firefox/103.0"
85.25.185.196 - - [26/Dec/2022:03:13:23 +0100] "GET /PodCast/RSSPodcasts?action=edit&restore=diff:1177572128:1177572082:&preview=y HTTP/1.1" 200 8726 "-" "Mozilla/5.0 (Macintosh; Intel Mac OS X 10.15; rv:103.0) Gecko/20100101 Firefox/103.0"
5.45.66.222 - - [26/Dec/2022:03:13:32 +0100] "GET /de/gcc/show/reg/32497/seq/01/pack/020 HTTP/1.0" 404 307 "http://www.pro-zurituutsch.ch/de/gcc/show/reg/32497/seq/01/pack/020" "Mozilla/5.0 (Windows NT 6.3; Win64; x64) AppleWebKit/537.36 (KHTML, like Gecko) Chrome/90.0.4430.85 Safari/537.36 Edg/90.0.818.46"
5.45.66.222 - - [26/Dec/2022:03:13:32 +0100] "GET / HTTP/1.0" 200 15085 "http://www.pro-zurituutsch.ch/" "Mozilla/5.0 (Windows NT 6.3; Win64; x64) AppleWebKit/537.36 (KHTML, like Gecko) Chrome/90.0.4430.85 Safari/537.36 Edg/90.0.818.46"
85.25.185.196 - - [26/Dec/2022:03:13:54 +0100] "GET /PodCast/RSSPodcasts?action=edit&restore=diff:1357846716:1178723194:&preview=y HTTP/1.1" 200 8726 "-" "Mozilla/5.0 (Macintosh; Intel Mac OS X 10.15; rv:103.0) Gecko/20100101 Firefox/103.0"
85.25.185.196 - - [26/Dec/2022:03:14:35 +0100] "GET /PodCast/RSSPodcasts?action=edit&restore=diff:1376904377:1357846716:&preview=y HTTP/1.1" 200 8726 "-" "Mozilla/5.0 (Macintosh; Intel Mac OS X 10.15; rv:103.0) Gecko/20100101 Firefox/103.0"
85.25.185.196 - - [26/Dec/2022:03:15:08 +0100] "GET /PodCast/RSSPodcasts?action=diff&source=n&minor=y HTTP/1.1" 200 24051 "-" "Mozilla/5.0 (Macintosh; Intel Mac OS X 10.15; rv:103.0) Gecko/20100101 Firefox/103.0"
85.25.185.196 - - [26/Dec/2022:03:15:37 +0100] "GET /PodCast/RSSPodcasts?action=edit&restore=diff:1177572547:1177572424:&preview=y HTTP/1.1" 200 8726 "-" "Mozilla/5.0 (Macintosh; Intel Mac OS X 10.15; rv:103.0) Gecko/20100101 Firefox/103.0"
85.25.185.196 - - [26/Dec/2022:03:16:26 +0100] "GET /PodCast/RSSPodcasts?action=edit&restore=diff:1177572424:1177572356:&preview=y HTTP/1.1" 200 8726 "-" "Mozilla/5.0 (Macintosh; Intel Mac OS X 10.15; rv:103.0) Gecko/20100101 Firefox/103.0"
85.25.185.196 - - [26/Dec/2022:03:17:26 +0100] "GET /PodCast/RSSPodcasts?action=edit&restore=diff:1177573059:1177573039:&preview=y HTTP/1.1" 200 8726 "-" "Mozilla/5.0 (Macintosh; Intel Mac OS X 10.15; rv:103.0) Gecko/20100101 Firefox/103.0"
85.25.185.196 - - [26/Dec/2022:03:18:13 +0100] "GET /PodCast/RSSPodcasts?action=edit&restore=diff:1163083850:1163065799:&preview=y HTTP/1.1" 200 8726 "-" "Mozilla/5.0 (Macintosh; Intel Mac OS X 10.15; rv:103.0) Gecko/20100101 Firefox/103.0"
85.25.185.196 - - [26/Dec/2022:03:18:41 +0100] "GET /PodCast/RSSPodcasts?action=edit&restore=diff:1178723176:1177573259:&preview=y HTTP/1.1" 200 8726 "-" "Mozilla/5.0 (Macintosh; Intel Mac OS X 10.15; rv:103.0) Gecko/20100101 Firefox/103.0"
85.25.185.196 - - [26/Dec/2022:03:19:20 +0100] "GET /PodCast/RSSPodcasts?action=edit&restore=diff:1177572569:1177572547:&preview=y HTTP/1.1" 200 8726 "-" "Mozilla/5.0 (Macintosh; Intel Mac OS X 10.15; rv:103.0) Gecko/20100101 Firefox/103.0"
183.136.225.46 - - [26/Dec/2022:03:19:34 +0100] "GET / HTTP/1.1" 200 15085 "-" "Mozilla/5.0 (Macintosh; Intel Mac OS X 10.11; rv:47.0) Gecko/20100101 Firefox/47.0"
85.25.185.196 - - [26/Dec/2022:03:19:56 +0100] "GET /PodCast/RSSPodcasts?action=edit&restore=diff:1163065799:1163065799:&preview=y HTTP/1.1" 200 8726 "-" "Mozilla/5.0 (Macintosh; Intel Mac OS X 10.15; rv:103.0) Gecko/20100101 Firefox/103.0"
5.45.66.222 - - [26/Dec/2022:03:20:20 +0100] "GET /de/gcc/show/reg/32497/seq/01/pack/020 HTTP/1.0" 404 307 "http://www.pro-zurituutsch.ch/de/gcc/show/reg/32497/seq/01/pack/020" "Mozilla/5.0 (Windows NT 6.1; Win64; x64) AppleWebKit/537.36 (KHTML, like Gecko) Chrome/90.0.4430.93 Safari/537.36"
5.45.66.222 - - [26/Dec/2022:03:20:20 +0100] "GET / HTTP/1.0" 200 15085 "http://www.pro-zurituutsch.ch/" "Mozilla/5.0 (Windows NT 6.1; Win64; x64) AppleWebKit/537.36 (KHTML, like Gecko) Chrome/90.0.4430.93 Safari/537.36"
85.25.185.196 - - [26/Dec/2022:03:20:36 +0100] "GET /PodCast/RSSPodcasts?action=diff&source=y&minor=n HTTP/1.1" 200 25498 "-" "Mozilla/5.0 (Macintosh; Intel Mac OS X 10.15; rv:103.0) Gecko/20100101 Firefox/103.0"
85.25.185.196 - - [26/Dec/2022:03:21:15 +0100] "GET /PodCast/RSSPodcasts?action=edit&restore=diff:1177573201:1177573059:&preview=y HTTP/1.1" 200 8726 "-" "Mozilla/5.0 (Macintosh; Intel Mac OS X 10.15; rv:103.0) Gecko/20100101 Firefox/103.0"
85.25.185.196 - - [26/Dec/2022:03:22:32 +0100] "GET /PodCast/RSSPodcasts?action=edit&restore=diff:1177573243:1177573201:&preview=y HTTP/1.1" 200 8726 "-" "Mozilla/5.0 (Macintosh; Intel Mac OS X 10.15; rv:103.0) Gecko/20100101 Firefox/103.0"
183.136.225.46 - - [26/Dec/2022:03:22:40 +0100] "GET /pub/skins/pro-zurituutsch/images/favicon.ico HTTP/1.1" 200 1406 "-" "Mozilla/5.0 (Windows NT 6.1; WOW64) AppleWebKit/537.36 (KHTML, like Gecko) Chrome/63.0.3239.132 Safari/537.36 QIHU 360SE"
85.25.185.196 - - [26/Dec/2022:03:23:22 +0100] "GET /PodCast/RSSPodcasts?action=edit&restore=diff:1177572281:1177572128:&preview=y HTTP/1.1" 200 8726 "-" "Mozilla/5.0 (Macintosh; Intel Mac OS X 10.15; rv:103.0) Gecko/20100101 Firefox/103.0"
185.191.171.2 - - [26/Dec/2022:03:24:40 +0100] "GET /robots.txt HTTP/1.1" 200 - "-" "Mozilla/5.0 (compatible; SemrushBot/7~bl; +http://www.semrush.com/bot.html)"
185.191.171.3 - - [26/Dec/2022:03:24:41 +0100] "GET /PmWikiTa/PmWikiTa HTTP/1.1" 200 9543 "-" "Mozilla/5.0 (compatible; SemrushBot/7~bl; +http://www.semrush.com/bot.html)"
114.119.147.203 - - [26/Dec/2022:03:24:41 +0100] "GET /Admin/AdresseStiftung HTTP/1.1" 200 8453 "-" "Mozilla/5.0 (Linux; Android 7.0;) AppleWebKit/537.36 (KHTML, like Gecko) Mobile Safari/537.36 (compatible; PetalBot;+https://webmaster.petalsearch.com/site/petalbot)"
85.25.185.196 - - [26/Dec/2022:03:25:27 +0100] "GET /PodCast/RSSPodcasts?action=edit&restore=diff:1376904428:1376904377:&preview=y HTTP/1.1" 200 8726 "-" "Mozilla/5.0 (Macintosh; Intel Mac OS X 10.15; rv:103.0) Gecko/20100101 Firefox/103.0"
85.25.185.196 - - [26/Dec/2022:03:26:49 +0100] "GET /PodCast/RSSPodcasts?action=edit&restore=diff:1177573039:1177572598:&preview=y HTTP/1.1" 200 8726 "-" "Mozilla/5.0 (Macintosh; Intel Mac OS X 10.15; rv:103.0) Gecko/20100101 Firefox/103.0"
85.25.185.196 - - [26/Dec/2022:03:27:43 +0100] "GET /PodCast/RSSPodcasts?action=edit&restore=diff:1177573259:1177573243:&preview=y HTTP/1.1" 200 8726 "-" "Mozilla/5.0 (Macintosh; Intel Mac OS X 10.15; rv:103.0) Gecko/20100101 Firefox/103.0"
54.36.149.5 - - [26/Dec/2022:03:29:10 +0100] "GET /PmWiki HTTP/1.1" 302 165 "-" "Mozilla/5.0 (compatible; AhrefsBot/7.0; +http://ahrefs.com/robot/)"
185.191.171.23 - - [26/Dec/2022:03:31:56 +0100] "GET /PmWikiIt/WikiGroup HTTP/1.1" 200 13617 "-" "Mozilla/5.0 (compatible; SemrushBot/7~bl; +http://www.semrush.com/bot.html)"
34.65.57.89 - - [26/Dec/2022:03:32:39 +0100] "GET /robots.txt HTTP/1.1" 200 - "-" "Mozilla/5.0 (compatible; localsearch-web/2.0; +http://www.localsearch.ch/en/legal-notice)"
34.65.57.89 - - [26/Dec/2022:03:32:39 +0100] "GET /robots.txt HTTP/1.1" 200 - "-" "Mozilla/5.0 (compatible; localsearch-web/2.0; +http://www.localsearch.ch/en/legal-notice)"
34.65.57.89 - - [26/Dec/2022:03:32:39 +0100] "GET /Admin/Links HTTP/1.1" 200 14193 "-" "Mozilla/5.0 (compatible; localsearch-web/2.0; +http://www.localsearch.ch/en/legal-notice)"
85.25.185.196 - - [26/Dec/2022:03:33:14 +0100] "GET /PodCast/RSSPodcasts?action=edit&restore=diff:1177573259:1177573243:&preview=y HTTP/1.1" 200 8726 "-" "Mozilla/5.0 (Macintosh; Intel Mac OS X 10.15; rv:103.0) Gecko/20100101 Firefox/103.0"
168.119.51.163 - - [26/Dec/2022:03:34:30 +0100] "GET /robots.txt HTTP/1.1" 200 - "-" "Mozilla/5.0 (compatible; um-IC/1.0; mailto: techinfo@ubermetrics-technologies.com; Windows NT 6.1; WOW64; rv:40.0) Gecko/20100101 Firefox/40.1"
168.119.51.163 - - [26/Dec/2022:03:34:30 +0100] "GET /PodCast/IndexPage?action=rss HTTP/1.1" 200 6298 "-" "Mozilla/5.0 (compatible; um-IC/1.0; mailto: techinfo@ubermetrics-technologies.com; Windows NT 6.1; WOW64; rv:40.0) Gecko/20100101 Firefox/40.1"
85.25.185.196 - - [26/Dec/2022:03:35:06 +0100] "GET /PodCast/RSSPodcasts?action=edit&restore=diff:1177572082:1163083850:&preview=y HTTP/1.1" 200 8726 "-" "Mozilla/5.0 (Macintosh; Intel Mac OS X 10.15; rv:103.0) Gecko/20100101 Firefox/103.0"
85.25.185.196 - - [26/Dec/2022:03:35:54 +0100] "GET /PodCast/RSSPodcasts?action=edit&restore=diff:1177572356:1177572281:&preview=y HTTP/1.1" 200 8726 "-" "Mozilla/5.0 (Macintosh; Intel Mac OS X 10.15; rv:103.0) Gecko/20100101 Firefox/103.0"
34.65.57.89 - - [26/Dec/2022:03:37:34 +0100] "GET /Texte/ArsAmatoria HTTP/1.1" 200 12369 "-" "Mozilla/5.0 (compatible; localsearch-web/2.0; +http://www.localsearch.ch/en/legal-notice)"
85.25.185.196 - - [26/Dec/2022:03:38:04 +0100] "GET /Gast HTTP/1.1" 404 8096 "-" "Mozilla/5.0 (Macintosh; Intel Mac OS X 10.15; rv:103.0) Gecko/20100101 Firefox/103.0"
85.25.185.196 - - [26/Dec/2022:03:38:43 +0100] "GET /PodCast/RSSPodcasts?action=edit&restore=diff:1178723194:1178723176:&preview=y HTTP/1.1" 200 8726 "-" "Mozilla/5.0 (Macintosh; Intel Mac OS X 10.15; rv:103.0) Gecko/20100101 Firefox/103.0"
34.65.57.89 - - [26/Dec/2022:03:39:05 +0100] "GET /Admin/ZurStiftung HTTP/1.1" 200 10864 "-" "Mozilla/5.0 (compatible; localsearch-web/2.0; +http://www.localsearch.ch/en/legal-notice)"
34.65.57.89 - - [26/Dec/2022:03:39:35 +0100] "GET /Texte/Styluebige HTTP/1.1" 200 9998 "-" "Mozilla/5.0 (compatible; localsearch-web/2.0; +http://www.localsearch.ch/en/legal-notice)"
34.65.57.89 - - [26/Dec/2022:03:39:57 +0100] "GET /Admin/Pro-ZurituutschStatuten HTTP/1.1" 200 9580 "-" "Mozilla/5.0 (compatible; localsearch-web/2.0; +http://www.localsearch.ch/en/legal-notice)"
34.65.57.89 - - [26/Dec/2022:03:40:08 +0100] "GET /PodCast/RSSPodcasts HTTP/1.1" 200 8905 "-" "Mozilla/5.0 (compatible; localsearch-web/2.0; +http://www.localsearch.ch/en/legal-notice)"
34.65.57.89 - - [26/Dec/2022:03:40:18 +0100] "GET /Texte/Metamorphoses HTTP/1.1" 200 9045 "-" "Mozilla/5.0 (compatible; localsearch-web/2.0; +http://www.localsearch.ch/en/legal-notice)"
85.25.185.196 - - [26/Dec/2022:03:40:29 +0100] "GET /PodCast/RSSPodcasts?action=edit&restore=diff:1177572598:1177572569:&preview=y HTTP/1.1" 200 8726 "-" "Mozilla/5.0 (Macintosh; Intel Mac OS X 10.15; rv:103.0) Gecko/20100101 Firefox/103.0"
34.65.57.89 - - [26/Dec/2022:03:40:49 +0100] "GET /Admin/AdresseStiftung HTTP/1.1" 200 8453 "-" "Mozilla/5.0 (compatible; localsearch-web/2.0; +http://www.localsearch.ch/en/legal-notice)"
34.65.57.89 - - [26/Dec/2022:03:41:00 +0100] "GET /Bestellen/Pschtellf HTTP/1.1" 200 11129 "-" "Mozilla/5.0 (compatible; localsearch-web/2.0; +http://www.localsearch.ch/en/legal-notice)"
34.65.57.89 - - [26/Dec/2022:03:41:10 +0100] "GET /Gast/Podcast HTTP/1.1" 200 8106 "-" "Mozilla/5.0 (compatible; localsearch-web/2.0; +http://www.localsearch.ch/en/legal-notice)"
85.25.185.196 - - [26/Dec/2022:03:41:19 +0100] "GET /Site/32Meuischtergass?action=print HTTP/1.1" 200 15957 "-" "Mozilla/5.0 (Macintosh; Intel Mac OS X 10.15; rv:103.0) Gecko/20100101 Firefox/103.0"
34.65.57.89 - - [26/Dec/2022:03:41:20 +0100] "GET /Texte/GDicht HTTP/1.1" 200 8050 "-" "Mozilla/5.0 (compatible; localsearch-web/2.0; +http://www.localsearch.ch/en/legal-notice)"
34.65.57.89 - - [26/Dec/2022:03:41:31 +0100] "GET /Texte/Gloosse HTTP/1.1" 200 8061 "-" "Mozilla/5.0 (compatible; localsearch-web/2.0; +http://www.localsearch.ch/en/legal-notice)"
34.65.57.89 - - [26/Dec/2022:03:41:41 +0100] "GET /Texte/Limericks HTTP/1.1" 200 8087 "-" "Mozilla/5.0 (compatible; localsearch-web/2.0; +http://www.localsearch.ch/en/legal-notice)"
34.65.57.89 - - [26/Dec/2022:03:41:52 +0100] "GET /Texte/Rezension HTTP/1.1" 200 11812 "-" "Mozilla/5.0 (compatible; localsearch-web/2.0; +http://www.localsearch.ch/en/legal-notice)"
34.65.57.89 - - [26/Dec/2022:03:42:03 +0100] "GET /Texte/ZurcherischEnglish HTTP/1.1" 200 8274 "-" "Mozilla/5.0 (compatible; localsearch-web/2.0; +http://www.localsearch.ch/en/legal-notice)"
85.25.185.196 - - [26/Dec/2022:03:42:08 +0100] "GET /Site/32Meuischtergass?action=upload HTTP/1.1" 200 8607 "-" "Mozilla/5.0 (Macintosh; Intel Mac OS X 10.15; rv:103.0) Gecko/20100101 Firefox/103.0"
85.25.185.196 - - [26/Dec/2022:03:42:46 +0100] "GET /Site/32Meuischtergass?action=edit HTTP/1.1" 200 8707 "-" "Mozilla/5.0 (Macintosh; Intel Mac OS X 10.15; rv:103.0) Gecko/20100101 Firefox/103.0"
34.65.57.89 - - [26/Dec/2022:03:43:07 +0100] "GET /Texte/Schrybwys HTTP/1.1" 200 11028 "-" "Mozilla/5.0 (compatible; localsearch-web/2.0; +http://www.localsearch.ch/en/legal-notice)"
85.25.185.196 - - [26/Dec/2022:03:43:34 +0100] "GET /Site/32Meuischtergass?action=diff HTTP/1.1" 200 26808 "-" "Mozilla/5.0 (Macintosh; Intel Mac OS X 10.15; rv:103.0) Gecko/20100101 Firefox/103.0"
85.25.185.196 - - [26/Dec/2022:03:44:41 +0100] "GET /Texte/Limericks?action=diff&source=n&minor=y HTTP/1.1" 200 9589 "-" "Mozilla/5.0 (Macintosh; Intel Mac OS X 10.15; rv:103.0) Gecko/20100101 Firefox/103.0"
85.25.185.196 - - [26/Dec/2022:03:45:58 +0100] "GET /Texte/Limericks?action=edit&restore=diff:1357847046:1357847046:&preview=y HTTP/1.1" 200 8667 "-" "Mozilla/5.0 (Macintosh; Intel Mac OS X 10.15; rv:103.0) Gecko/20100101 Firefox/103.0"
85.25.185.196 - - [26/Dec/2022:03:47:06 +0100] "GET /Texte/Limericks?action=diff&source=y&minor=n HTTP/1.1" 200 9579 "-" "Mozilla/5.0 (Macintosh; Intel Mac OS X 10.15; rv:103.0) Gecko/20100101 Firefox/103.0"
157.55.39.194 - - [26/Dec/2022:03:47:44 +0100] "GET /Tessynfaart/Tessynfaart?action=upload HTTP/1.1" 403 18 "-" "Mozilla/5.0 AppleWebKit/537.36 (KHTML, like Gecko; compatible; bingbot/2.0; +http://www.bing.com/bingbot.htm) Chrome/103.0.5060.134 Safari/537.36"
85.25.185.196 - - [26/Dec/2022:03:48:14 +0100] "GET /Admin/Links?action=diff HTTP/1.1" 200 24486 "-" "Mozilla/5.0 (Macintosh; Intel Mac OS X 10.15; rv:103.0) Gecko/20100101 Firefox/103.0"
85.25.185.196 - - [26/Dec/2022:03:48:58 +0100] "GET /PodCast/Reschpakt?action=print HTTP/1.1" 200 7878 "-" "Mozilla/5.0 (Macintosh; Intel Mac OS X 10.15; rv:103.0) Gecko/20100101 Firefox/103.0"
85.25.185.196 - - [26/Dec/2022:03:49:41 +0100] "GET /PodCast/Reschpakt?action=diff HTTP/1.1" 200 15183 "-" "Mozilla/5.0 (Macintosh; Intel Mac OS X 10.15; rv:103.0) Gecko/20100101 Firefox/103.0"
85.25.185.196 - - [26/Dec/2022:03:50:15 +0100] "GET /PodCast/Reschpakt?action=upload HTTP/1.1" 200 8550 "-" "Mozilla/5.0 (Macintosh; Intel Mac OS X 10.15; rv:103.0) Gecko/20100101 Firefox/103.0"
85.25.185.196 - - [26/Dec/2022:03:50:48 +0100] "GET /PodCast/Buecherbrand2?action=upload HTTP/1.1" 200 8608 "-" "Mozilla/5.0 (Macintosh; Intel Mac OS X 10.15; rv:103.0) Gecko/20100101 Firefox/103.0"
