154.54.249.197 - - [03/Jul/2022:08:56:11 +0200] "GET /Profiles/Pm?action=print HTTP/1.1" 404 2377 "-" "Mozilla/5.0 (compatible; Barkrowler/0.9; +https://babbar.tech/crawler)"
154.54.249.197 - - [03/Jul/2022:08:56:40 +0200] "GET /Profiles/Pm?action=upload HTTP/1.1" 200 8465 "-" "Mozilla/5.0 (compatible; Barkrowler/0.9; +https://babbar.tech/crawler)"
194.209.200.2 - - [03/Jul/2022:08:57:01 +0200] "GET /Admin/Jahresbericht HTTP/1.1" 200 45530 "-" "Mozilla/5.0 (compatible; TMMBot/0.2; +http://www.dslab.ch)/Nutch-1.15"
154.54.249.197 - - [03/Jul/2022:08:57:12 +0200] "GET /Cookbook/Forum?action=edit HTTP/1.1" 200 8607 "-" "Mozilla/5.0 (compatible; Barkrowler/0.9; +https://babbar.tech/crawler)"
194.209.200.2 - - [03/Jul/2022:08:57:22 +0200] "GET /Texte/Limericks HTTP/1.1" 200 8087 "-" "Mozilla/5.0 (compatible; TMMBot/0.2; +http://www.dslab.ch)/Nutch-1.15"
154.54.249.197 - - [03/Jul/2022:08:57:48 +0200] "GET /Cookbook/Forum?action=upload HTTP/1.1" 200 8507 "-" "Mozilla/5.0 (compatible; Barkrowler/0.9; +https://babbar.tech/crawler)"
154.54.249.197 - - [03/Jul/2022:08:58:18 +0200] "GET /Cookbook/Forum?action=print HTTP/1.1" 404 2389 "-" "Mozilla/5.0 (compatible; Barkrowler/0.9; +https://babbar.tech/crawler)"
66.249.76.222 - - [03/Jul/2022:08:58:33 +0200] "GET /PodCast/IndexPage?action=rss HTTP/1.1" 200 6298 "-" "Mozilla/5.0 (compatible; Googlebot/2.1; +http://www.google.com/bot.html)"
154.54.249.197 - - [03/Jul/2022:08:58:58 +0200] "GET /Cookbook/Forum?action=diff HTTP/1.1" 200 9168 "-" "Mozilla/5.0 (compatible; Barkrowler/0.9; +https://babbar.tech/crawler)"
194.209.200.2 - - [03/Jul/2022:08:59:02 +0200] "GET /Texte/Styluebige HTTP/1.1" 200 9998 "-" "Mozilla/5.0 (compatible; TMMBot/0.2; +http://www.dslab.ch)/Nutch-1.15"
194.209.200.2 - - [03/Jul/2022:08:59:15 +0200] "GET /Texte/Metamorphoses HTTP/1.1" 200 9045 "-" "Mozilla/5.0 (compatible; TMMBot/0.2; +http://www.dslab.ch)/Nutch-1.15"
154.54.249.197 - - [03/Jul/2022:08:59:25 +0200] "GET /Cookbook/SiteInformation HTTP/1.1" 404 8313 "-" "Mozilla/5.0 (compatible; Barkrowler/0.9; +https://babbar.tech/crawler)"
154.54.249.197 - - [03/Jul/2022:09:00:01 +0200] "GET /Category/PmWikiDesign HTTP/1.1" 200 8543 "-" "Mozilla/5.0 (compatible; Barkrowler/0.9; +https://babbar.tech/crawler)"
154.54.249.197 - - [03/Jul/2022:09:00:34 +0200] "GET /Category/Category?action=diff HTTP/1.1" 200 9216 "-" "Mozilla/5.0 (compatible; Barkrowler/0.9; +https://babbar.tech/crawler)"
154.54.249.197 - - [03/Jul/2022:09:01:11 +0200] "GET /Category/Spam?action=diff HTTP/1.1" 200 9152 "-" "Mozilla/5.0 (compatible; Barkrowler/0.9; +https://babbar.tech/crawler)"
154.54.249.197 - - [03/Jul/2022:09:01:38 +0200] "GET /Category/Spam?action=upload HTTP/1.1" 200 8493 "-" "Mozilla/5.0 (compatible; Barkrowler/0.9; +https://babbar.tech/crawler)"
194.209.200.2 - - [03/Jul/2022:09:02:02 +0200] "GET /Texte/Bitterbeuhsi HTTP/1.1" 200 9255 "-" "Mozilla/5.0 (compatible; TMMBot/0.2; +http://www.dslab.ch)/Nutch-1.15"
154.54.249.197 - - [03/Jul/2022:09:02:12 +0200] "GET /Category/Spam?action=print HTTP/1.1" 200 2293 "-" "Mozilla/5.0 (compatible; Barkrowler/0.9; +https://babbar.tech/crawler)"
194.209.200.2 - - [03/Jul/2022:09:02:15 +0200] "GET /Gast/Podcast HTTP/1.1" 200 8106 "-" "Mozilla/5.0 (compatible; TMMBot/0.2; +http://www.dslab.ch)/Nutch-1.15"
154.54.249.197 - - [03/Jul/2022:09:02:41 +0200] "GET /Category/Security?action=edit HTTP/1.1" 200 8649 "-" "Mozilla/5.0 (compatible; Barkrowler/0.9; +https://babbar.tech/crawler)"
194.209.200.2 - - [03/Jul/2022:09:02:44 +0200] "GET /Hilfe/AnleitungTonbeispiele HTTP/1.1" 200 9878 "-" "Mozilla/5.0 (compatible; TMMBot/0.2; +http://www.dslab.ch)/Nutch-1.15"
77.88.5.246 - - [03/Jul/2022:09:02:47 +0200] "GET /PmWikiRu/IncludeOtherPages HTTP/1.1" 200 17841 "-" "Mozilla/5.0 (compatible; YandexBot/3.0; +http://yandex.com/bots)"
154.54.249.197 - - [03/Jul/2022:09:03:18 +0200] "GET /Category/Security?action=upload HTTP/1.1" 200 8549 "-" "Mozilla/5.0 (compatible; Barkrowler/0.9; +https://babbar.tech/crawler)"
154.54.249.197 - - [03/Jul/2022:09:03:50 +0200] "GET /Category/Security?action=diff HTTP/1.1" 200 9216 "-" "Mozilla/5.0 (compatible; Barkrowler/0.9; +https://babbar.tech/crawler)"
54.36.149.101 - - [03/Jul/2022:09:04:19 +0200] "GET /Texte/Bitterbeuhsi HTTP/1.1" 200 9255 "-" "Mozilla/5.0 (compatible; AhrefsBot/7.0; +http://ahrefs.com/robot/)"
154.54.249.197 - - [03/Jul/2022:09:04:22 +0200] "GET /robots.txt HTTP/1.1" 200 - "-" "Mozilla/5.0 (compatible; Barkrowler/0.9; +https://babbar.tech/crawler)"
154.54.249.197 - - [03/Jul/2022:09:04:55 +0200] "GET /Category/Security?action=print HTTP/1.1" 200 2305 "-" "Mozilla/5.0 (compatible; Barkrowler/0.9; +https://babbar.tech/crawler)"
154.54.249.197 - - [03/Jul/2022:09:05:33 +0200] "GET /Upload/Upload?action=upload HTTP/1.1" 200 8493 "-" "Mozilla/5.0 (compatible; Barkrowler/0.9; +https://babbar.tech/crawler)"
54.39.18.217 - - [03/Jul/2022:09:05:41 +0200] "GET /Admin/Links HTTP/1.0" 200 14193 "http://www.pro-zurituutsch.ch/Admin/Links" "Mozilla/5.0 (Windows NT 6.1; Win64; x64) AppleWebKit/537.36 (KHTML, like Gecko) Chrome/90.0.4427.0 Safari/537.36"
54.39.18.217 - - [03/Jul/2022:09:05:41 +0200] "GET /Admin/http:www.mundartforum.ch HTTP/1.0" 404 264 "http://www.pro-zurituutsch.ch/Admin/http:www.mundartforum.ch" "Mozilla/5.0 (Windows NT 6.1; Win64; x64) AppleWebKit/537.36 (KHTML, like Gecko) Chrome/90.0.4427.0 Safari/537.36"
54.39.18.217 - - [03/Jul/2022:09:05:42 +0200] "GET /http:www.mundartforum.ch HTTP/1.0" 404 294 "http://www.pro-zurituutsch.ch/http:www.mundartforum.ch" "Mozilla/5.0 (Windows NT 6.1; Win64; x64) AppleWebKit/537.36 (KHTML, like Gecko) Chrome/90.0.4427.0 Safari/537.36"
154.54.249.197 - - [03/Jul/2022:09:06:09 +0200] "GET /Upload/Upload?action=print HTTP/1.1" 200 2602 "-" "Mozilla/5.0 (compatible; Barkrowler/0.9; +https://babbar.tech/crawler)"
154.54.249.197 - - [03/Jul/2022:09:06:42 +0200] "GET /Upload/Upload?action=edit HTTP/1.1" 200 8593 "-" "Mozilla/5.0 (compatible; Barkrowler/0.9; +https://babbar.tech/crawler)"
185.191.171.37 - - [03/Jul/2022:09:06:49 +0200] "GET /robots.txt HTTP/1.1" 200 - "-" "Mozilla/5.0 (compatible; SemrushBot/7~bl; +http://www.semrush.com/bot.html)"
185.191.171.24 - - [03/Jul/2022:09:06:50 +0200] "GET /PmWikiFr/IncludeOtherPages?action=diff HTTP/1.1" 403 18 "-" "Mozilla/5.0 (compatible; SemrushBot/7~bl; +http://www.semrush.com/bot.html)"
154.54.249.197 - - [03/Jul/2022:09:07:12 +0200] "GET /Upload/Upload?action=diff HTTP/1.1" 200 9709 "-" "Mozilla/5.0 (compatible; Barkrowler/0.9; +https://babbar.tech/crawler)"
154.54.249.197 - - [03/Jul/2022:09:07:47 +0200] "GET /RUR01/02?action=edit HTTP/1.1" 200 8524 "-" "Mozilla/5.0 (compatible; Barkrowler/0.9; +https://babbar.tech/crawler)"
154.54.249.197 - - [03/Jul/2022:09:08:25 +0200] "GET /Spruch/Z?action=edit HTTP/1.1" 200 8523 "-" "Mozilla/5.0 (compatible; Barkrowler/0.9; +https://babbar.tech/crawler)"
154.54.249.197 - - [03/Jul/2022:09:09:04 +0200] "GET /Site/UploadQuickReference HTTP/1.1" 200 30704 "-" "Mozilla/5.0 (compatible; Barkrowler/0.9; +https://babbar.tech/crawler)"
154.54.249.197 - - [03/Jul/2022:09:09:34 +0200] "GET /Site/Bebi?action=edit HTTP/1.1" 200 8537 "-" "Mozilla/5.0 (compatible; Barkrowler/0.9; +https://babbar.tech/crawler)"
154.54.249.197 - - [03/Jul/2022:09:10:10 +0200] "GET /Site/Bebi?action=upload HTTP/1.1" 200 8437 "-" "Mozilla/5.0 (compatible; Barkrowler/0.9; +https://babbar.tech/crawler)"
213.55.243.24 - - [03/Jul/2022:09:10:22 +0200] "GET /Site/PodCast HTTP/1.1" 200 40934 "-" "Mozilla/5.0 (Macintosh; Intel Mac OS X 10_15_7) AppleWebKit/605.1.15 (KHTML, like Gecko) Version/15.5 Safari/605.1.15"
213.55.243.24 - - [03/Jul/2022:09:10:27 +0200] "GET /PodCast/PodCast HTTP/1.1" 200 29790 "http://www.pro-zurituutsch.ch/Site/PodCast" "Mozilla/5.0 (Macintosh; Intel Mac OS X 10_15_7) AppleWebKit/605.1.15 (KHTML, like Gecko) Version/15.5 Safari/605.1.15"
54.36.148.193 - - [03/Jul/2022:09:10:37 +0200] "GET /Gast/Podcast HTTP/1.1" 200 8106 "-" "Mozilla/5.0 (compatible; AhrefsBot/7.0; +http://ahrefs.com/robot/)"
154.54.249.197 - - [03/Jul/2022:09:10:43 +0200] "GET /Site/InterMap?action=edit HTTP/1.1" 200 8595 "-" "Mozilla/5.0 (compatible; Barkrowler/0.9; +https://babbar.tech/crawler)"
154.54.249.197 - - [03/Jul/2022:09:11:24 +0200] "GET /Site/InterMap?action=upload HTTP/1.1" 200 8495 "-" "Mozilla/5.0 (compatible; Barkrowler/0.9; +https://babbar.tech/crawler)"
154.54.249.197 - - [03/Jul/2022:09:11:55 +0200] "GET /Site/InterMap?action=diff HTTP/1.1" 200 9154 "-" "Mozilla/5.0 (compatible; Barkrowler/0.9; +https://babbar.tech/crawler)"
154.54.249.197 - - [03/Jul/2022:09:12:32 +0200] "GET /Site/InterMap?action=print HTTP/1.1" 404 2381 "-" "Mozilla/5.0 (compatible; Barkrowler/0.9; +https://babbar.tech/crawler)"
154.54.249.197 - - [03/Jul/2022:09:13:01 +0200] "GET /Site/Bankett?action=edit HTTP/1.1" 200 8579 "-" "Mozilla/5.0 (compatible; Barkrowler/0.9; +https://babbar.tech/crawler)"
154.54.249.197 - - [03/Jul/2022:09:13:41 +0200] "GET /Site/Bankett?action=diff HTTP/1.1" 200 10416 "-" "Mozilla/5.0 (compatible; Barkrowler/0.9; +https://babbar.tech/crawler)"
154.54.249.197 - - [03/Jul/2022:09:14:12 +0200] "GET /robots.txt HTTP/1.1" 200 - "-" "Mozilla/5.0 (compatible; Barkrowler/0.9; +https://babbar.tech/crawler)"
154.54.249.197 - - [03/Jul/2022:09:14:51 +0200] "GET /Site/Bankett?action=upload HTTP/1.1" 200 8479 "-" "Mozilla/5.0 (compatible; Barkrowler/0.9; +https://babbar.tech/crawler)"
154.54.249.197 - - [03/Jul/2022:09:15:20 +0200] "GET /Site/Bankett?action=print HTTP/1.1" 200 3218 "-" "Mozilla/5.0 (compatible; Barkrowler/0.9; +https://babbar.tech/crawler)"
154.54.249.197 - - [03/Jul/2022:09:16:00 +0200] "GET /Site/Tessynfaart HTTP/1.1" 200 16858 "-" "Mozilla/5.0 (compatible; Barkrowler/0.9; +https://babbar.tech/crawler)"
154.54.249.197 - - [03/Jul/2022:09:16:32 +0200] "GET /Site/AuthUser?action=edit HTTP/1.1" 200 8595 "-" "Mozilla/5.0 (compatible; Barkrowler/0.9; +https://babbar.tech/crawler)"
154.54.249.197 - - [03/Jul/2022:09:17:11 +0200] "GET /Site/AuthUser?action=diff HTTP/1.1" 200 9154 "-" "Mozilla/5.0 (compatible; Barkrowler/0.9; +https://babbar.tech/crawler)"
154.54.249.197 - - [03/Jul/2022:09:17:41 +0200] "GET /Site/AuthUser?action=upload HTTP/1.1" 200 8495 "-" "Mozilla/5.0 (compatible; Barkrowler/0.9; +https://babbar.tech/crawler)"
154.54.249.197 - - [03/Jul/2022:09:18:20 +0200] "GET /Site/AuthUser?action=print HTTP/1.1" 302 189 "-" "Mozilla/5.0 (compatible; Barkrowler/0.9; +https://babbar.tech/crawler)"
185.191.171.4 - - [03/Jul/2022:09:18:42 +0200] "GET /PmWikiDe/WikiTrails?action=print HTTP/1.1" 403 18 "-" "Mozilla/5.0 (compatible; SemrushBot/7~bl; +http://www.semrush.com/bot.html)"
154.54.249.197 - - [03/Jul/2022:09:18:48 +0200] "GET /Site/AuthForm?action=edit HTTP/1.1" 200 8595 "-" "Mozilla/5.0 (compatible; Barkrowler/0.9; +https://babbar.tech/crawler)"
158.69.119.14 - - [03/Jul/2022:09:18:51 +0200] "GET /Admin/Links HTTP/1.0" 200 14193 "http://www.pro-zurituutsch.ch/Admin/Links" "Mozilla/5.0 (Windows NT 10.0; WOW64) AppleWebKit/537.36 (KHTML, like Gecko) Chrome/90.0.4400.8 Safari/537.36"
158.69.119.14 - - [03/Jul/2022:09:18:52 +0200] "GET /Admin/http:www.mundartforum.ch HTTP/1.0" 404 264 "http://www.pro-zurituutsch.ch/Admin/http:www.mundartforum.ch" "Mozilla/5.0 (Windows NT 10.0; WOW64) AppleWebKit/537.36 (KHTML, like Gecko) Chrome/90.0.4400.8 Safari/537.36"
158.69.119.14 - - [03/Jul/2022:09:18:52 +0200] "GET /http:www.mundartforum.ch HTTP/1.0" 404 294 "http://www.pro-zurituutsch.ch/http:www.mundartforum.ch" "Mozilla/5.0 (Windows NT 10.0; WOW64) AppleWebKit/537.36 (KHTML, like Gecko) Chrome/90.0.4400.8 Safari/537.36"
154.54.249.197 - - [03/Jul/2022:09:19:29 +0200] "GET /Site/AuthForm?action=diff HTTP/1.1" 200 9154 "-" "Mozilla/5.0 (compatible; Barkrowler/0.9; +https://babbar.tech/crawler)"
154.54.249.197 - - [03/Jul/2022:09:19:58 +0200] "GET /Site/AuthForm?action=upload HTTP/1.1" 200 8495 "-" "Mozilla/5.0 (compatible; Barkrowler/0.9; +https://babbar.tech/crawler)"
154.54.249.197 - - [03/Jul/2022:09:20:33 +0200] "GET /Site/AuthForm?action=print HTTP/1.1" 200 2556 "-" "Mozilla/5.0 (compatible; Barkrowler/0.9; +https://babbar.tech/crawler)"
154.54.249.197 - - [03/Jul/2022:09:21:05 +0200] "GET /Site/IndexPage?action=diff HTTP/1.1" 200 9557 "-" "Mozilla/5.0 (compatible; Barkrowler/0.9; +https://babbar.tech/crawler)"
154.54.249.197 - - [03/Jul/2022:09:21:46 +0200] "GET /Site/IndexPage?action=print HTTP/1.1" 200 2292 "-" "Mozilla/5.0 (compatible; Barkrowler/0.9; +https://babbar.tech/crawler)"
154.54.249.197 - - [03/Jul/2022:09:22:18 +0200] "GET /Site/IndexPage?action=edit HTTP/1.1" 200 8609 "-" "Mozilla/5.0 (compatible; Barkrowler/0.9; +https://babbar.tech/crawler)"
154.54.249.197 - - [03/Jul/2022:09:22:53 +0200] "GET /Site/IndexPage?action=upload HTTP/1.1" 200 8509 "-" "Mozilla/5.0 (compatible; Barkrowler/0.9; +https://babbar.tech/crawler)"
154.54.249.197 - - [03/Jul/2022:09:23:25 +0200] "GET /Site/AllRecentUploads HTTP/1.1" 404 8273 "-" "Mozilla/5.0 (compatible; Barkrowler/0.9; +https://babbar.tech/crawler)"
154.54.249.197 - - [03/Jul/2022:09:24:03 +0200] "GET /robots.txt HTTP/1.1" 200 - "-" "Mozilla/5.0 (compatible; Barkrowler/0.9; +https://babbar.tech/crawler)"
154.54.249.197 - - [03/Jul/2022:09:24:36 +0200] "GET /Site/Ereuffnig HTTP/1.1" 200 8952 "-" "Mozilla/5.0 (compatible; Barkrowler/0.9; +https://babbar.tech/crawler)"
154.54.249.197 - - [03/Jul/2022:09:25:11 +0200] "GET /Site/SideBar?action=edit HTTP/1.1" 200 8581 "-" "Mozilla/5.0 (compatible; Barkrowler/0.9; +https://babbar.tech/crawler)"
154.54.249.197 - - [03/Jul/2022:09:25:42 +0200] "GET /Site/SideBar?action=diff HTTP/1.1" 200 23150 "-" "Mozilla/5.0 (compatible; Barkrowler/0.9; +https://babbar.tech/crawler)"
154.54.249.197 - - [03/Jul/2022:09:26:16 +0200] "GET /Site/SideBar?action=upload HTTP/1.1" 200 8481 "-" "Mozilla/5.0 (compatible; Barkrowler/0.9; +https://babbar.tech/crawler)"
154.54.249.197 - - [03/Jul/2022:09:26:51 +0200] "GET /Site/SideBar?action=print HTTP/1.1" 200 4986 "-" "Mozilla/5.0 (compatible; Barkrowler/0.9; +https://babbar.tech/crawler)"
154.54.249.197 - - [03/Jul/2022:09:27:26 +0200] "GET /Site/EditQuickReference HTTP/1.1" 200 14256 "-" "Mozilla/5.0 (compatible; Barkrowler/0.9; +https://babbar.tech/crawler)"
154.54.249.197 - - [03/Jul/2022:09:27:58 +0200] "GET /Site/EditForm?action=edit HTTP/1.1" 200 8595 "-" "Mozilla/5.0 (compatible; Barkrowler/0.9; +https://babbar.tech/crawler)"
154.54.249.197 - - [03/Jul/2022:09:28:32 +0200] "GET /Site/EditForm?action=upload HTTP/1.1" 200 8495 "-" "Mozilla/5.0 (compatible; Barkrowler/0.9; +https://babbar.tech/crawler)"
154.54.249.197 - - [03/Jul/2022:09:29:07 +0200] "GET /Site/EditForm?action=diff HTTP/1.1" 200 9154 "-" "Mozilla/5.0 (compatible; Barkrowler/0.9; +https://babbar.tech/crawler)"
154.54.249.197 - - [03/Jul/2022:09:29:42 +0200] "GET /Site/EditForm?action=print HTTP/1.1" 200 6464 "-" "Mozilla/5.0 (compatible; Barkrowler/0.9; +https://babbar.tech/crawler)"
154.54.249.197 - - [03/Jul/2022:09:30:21 +0200] "GET /Site/51Trouttike HTTP/1.1" 200 13817 "-" "Mozilla/5.0 (compatible; Barkrowler/0.9; +https://babbar.tech/crawler)"
154.54.249.197 - - [03/Jul/2022:09:30:54 +0200] "GET /Site/Miroir?action=print HTTP/1.1" 200 3029 "-" "Mozilla/5.0 (compatible; Barkrowler/0.9; +https://babbar.tech/crawler)"
154.54.249.197 - - [03/Jul/2022:09:31:28 +0200] "GET /Site/Miroir?action=edit HTTP/1.1" 200 8565 "-" "Mozilla/5.0 (compatible; Barkrowler/0.9; +https://babbar.tech/crawler)"
154.54.249.197 - - [03/Jul/2022:09:32:04 +0200] "GET /Site/FullName?action=diff HTTP/1.1" 200 9154 "-" "Mozilla/5.0 (compatible; Barkrowler/0.9; +https://babbar.tech/crawler)"
154.54.249.197 - - [03/Jul/2022:09:32:40 +0200] "GET /Site/FullName?action=upload HTTP/1.1" 200 8495 "-" "Mozilla/5.0 (compatible; Barkrowler/0.9; +https://babbar.tech/crawler)"
185.191.171.8 - - [03/Jul/2022:09:32:45 +0200] "GET /PmWikiDe/IncludeOtherPages?action=edit HTTP/1.1" 403 18 "-" "Mozilla/5.0 (compatible; SemrushBot/7~bl; +http://www.semrush.com/bot.html)"
194.209.200.2 - - [03/Jul/2022:09:33:05 +0200] "GET /robots.txt HTTP/1.1" 200 - "-" "Mozilla/5.0 (compatible; TMMBot/0.2; +http://www.dslab.ch)/Nutch-1.15"
194.209.200.2 - - [03/Jul/2022:09:33:05 +0200] "GET /Admin/AdresseStiftung HTTP/1.1" 200 8453 "-" "Mozilla/5.0 (compatible; TMMBot/0.2; +http://www.dslab.ch)/Nutch-1.15"
154.54.249.197 - - [03/Jul/2022:09:33:13 +0200] "GET /Site/FullName?action=print HTTP/1.1" 404 2381 "-" "Mozilla/5.0 (compatible; Barkrowler/0.9; +https://babbar.tech/crawler)"
194.209.200.2 - - [03/Jul/2022:09:33:34 +0200] "GET /Texte/ZurcherischEnglish HTTP/1.1" 200 8274 "-" "Mozilla/5.0 (compatible; TMMBot/0.2; +http://www.dslab.ch)/Nutch-1.15"
154.54.249.197 - - [03/Jul/2022:09:33:46 +0200] "GET /robots.txt HTTP/1.1" 200 - "-" "Mozilla/5.0 (compatible; Barkrowler/0.9; +https://babbar.tech/crawler)"
154.54.249.197 - - [03/Jul/2022:09:34:18 +0200] "GET /Site/PodCast?action=print HTTP/1.1" 200 39273 "-" "Mozilla/5.0 (compatible; Barkrowler/0.9; +https://babbar.tech/crawler)"
154.54.249.197 - - [03/Jul/2022:09:34:59 +0200] "GET /Site/PodCast?action=edit HTTP/1.1" 200 8581 "-" "Mozilla/5.0 (compatible; Barkrowler/0.9; +https://babbar.tech/crawler)"
154.54.249.197 - - [03/Jul/2022:09:35:31 +0200] "GET /Site/PodCast?action=upload HTTP/1.1" 200 8481 "-" "Mozilla/5.0 (compatible; Barkrowler/0.9; +https://babbar.tech/crawler)"
194.209.200.2 - - [03/Jul/2022:09:36:05 +0200] "GET /Texte/ArsAmatoria HTTP/1.1" 200 12369 "-" "Mozilla/5.0 (compatible; TMMBot/0.2; +http://www.dslab.ch)/Nutch-1.15"
154.54.249.197 - - [03/Jul/2022:09:36:06 +0200] "GET /Site/AttrForm?action=edit HTTP/1.1" 200 8595 "-" "Mozilla/5.0 (compatible; Barkrowler/0.9; +https://babbar.tech/crawler)"
154.54.249.197 - - [03/Jul/2022:09:36:39 +0200] "GET /Site/AttrForm?action=upload HTTP/1.1" 200 8495 "-" "Mozilla/5.0 (compatible; Barkrowler/0.9; +https://babbar.tech/crawler)"
194.209.200.2 - - [03/Jul/2022:09:36:51 +0200] "GET /Texte/Styluebige HTTP/1.1" 200 9998 "-" "Mozilla/5.0 (compatible; TMMBot/0.2; +http://www.dslab.ch)/Nutch-1.15"
154.54.249.197 - - [03/Jul/2022:09:37:18 +0200] "GET /Site/AttrForm?action=print HTTP/1.1" 404 2381 "-" "Mozilla/5.0 (compatible; Barkrowler/0.9; +https://babbar.tech/crawler)"
154.54.249.197 - - [03/Jul/2022:09:37:57 +0200] "GET /Site/AttrForm?action=diff HTTP/1.1" 200 9154 "-" "Mozilla/5.0 (compatible; Barkrowler/0.9; +https://babbar.tech/crawler)"
154.54.249.197 - - [03/Jul/2022:09:38:30 +0200] "GET /Site/Preferences?action=source HTTP/1.1" 200 2426 "-" "Mozilla/5.0 (compatible; Barkrowler/0.9; +https://babbar.tech/crawler)"
194.209.200.2 - - [03/Jul/2022:09:38:51 +0200] "GET /Admin/Pro-ZurituutschStatuten HTTP/1.1" 200 9580 "-" "Mozilla/5.0 (compatible; TMMBot/0.2; +http://www.dslab.ch)/Nutch-1.15"
154.54.249.197 - - [03/Jul/2022:09:39:05 +0200] "GET /Site/Preferences?action=edit HTTP/1.1" 200 8635 "-" "Mozilla/5.0 (compatible; Barkrowler/0.9; +https://babbar.tech/crawler)"
154.54.249.197 - - [03/Jul/2022:09:39:38 +0200] "GET /Site/Preferences?action=upload HTTP/1.1" 200 8535 "-" "Mozilla/5.0 (compatible; Barkrowler/0.9; +https://babbar.tech/crawler)"
194.209.200.2 - - [03/Jul/2022:09:39:39 +0200] "GET /Texte/Bitterbeuhsi HTTP/1.1" 200 9255 "-" "Mozilla/5.0 (compatible; TMMBot/0.2; +http://www.dslab.ch)/Nutch-1.15"
194.209.200.2 - - [03/Jul/2022:09:39:49 +0200] "GET /Gast/Podcast HTTP/1.1" 200 8106 "-" "Mozilla/5.0 (compatible; TMMBot/0.2; +http://www.dslab.ch)/Nutch-1.15"
194.209.200.2 - - [03/Jul/2022:09:40:16 +0200] "GET /Hilfe/AnleitungTonbeispiele HTTP/1.1" 200 9878 "-" "Mozilla/5.0 (compatible; TMMBot/0.2; +http://www.dslab.ch)/Nutch-1.15"
154.54.249.197 - - [03/Jul/2022:09:40:19 +0200] "GET /Site/Preferences?action=diff HTTP/1.1" 200 9200 "-" "Mozilla/5.0 (compatible; Barkrowler/0.9; +https://babbar.tech/crawler)"
154.54.249.197 - - [03/Jul/2022:09:40:51 +0200] "GET /Site/Preferences?action=print HTTP/1.1" 200 5413 "-" "Mozilla/5.0 (compatible; Barkrowler/0.9; +https://babbar.tech/crawler)"
154.54.249.197 - - [03/Jul/2022:09:41:24 +0200] "GET /Texte/Schrybwys HTTP/1.1" 200 11028 "-" "Mozilla/5.0 (compatible; Barkrowler/0.9; +https://babbar.tech/crawler)"
154.54.249.197 - - [03/Jul/2022:09:41:58 +0200] "GET /Texte/Roman?action=diff HTTP/1.1" 200 104718 "-" "Mozilla/5.0 (compatible; Barkrowler/0.9; +https://babbar.tech/crawler)"
154.54.249.197 - - [03/Jul/2022:09:42:37 +0200] "GET /Texte/Roman?action=upload HTTP/1.1" 200 8465 "-" "Mozilla/5.0 (compatible; Barkrowler/0.9; +https://babbar.tech/crawler)"
154.54.249.197 - - [03/Jul/2022:09:43:14 +0200] "GET /Texte/Metamorphoses HTTP/1.1" 200 9045 "-" "Mozilla/5.0 (compatible; Barkrowler/0.9; +https://babbar.tech/crawler)"
154.54.249.197 - - [03/Jul/2022:09:43:47 +0200] "GET /robots.txt HTTP/1.1" 200 - "-" "Mozilla/5.0 (compatible; Barkrowler/0.9; +https://babbar.tech/crawler)"
154.54.249.197 - - [03/Jul/2022:09:44:20 +0200] "GET /Main/AllRecentChangesShort HTTP/1.1" 404 8345 "-" "Mozilla/5.0 (compatible; Barkrowler/0.9; +https://babbar.tech/crawler)"
54.36.149.66 - - [03/Jul/2022:09:44:21 +0200] "GET /Texte/ZurcherischEnglish HTTP/1.1" 200 8274 "-" "Mozilla/5.0 (compatible; AhrefsBot/7.0; +http://ahrefs.com/robot/)"
154.54.249.197 - - [03/Jul/2022:09:44:55 +0200] "GET /Main/ToutesLesModifs HTTP/1.1" 404 8259 "-" "Mozilla/5.0 (compatible; Barkrowler/0.9; +https://babbar.tech/crawler)"
154.54.249.197 - - [03/Jul/2022:09:45:33 +0200] "GET /uploads/PodCast/strbe HTTP/1.1" 304 - "-" "Mozilla/5.0 (compatible; Barkrowler/0.9; +https://babbar.tech/crawler)"
185.191.171.23 - - [03/Jul/2022:09:46:01 +0200] "GET /PmWikiIt/PmWikiIt?action=upload HTTP/1.1" 403 18 "-" "Mozilla/5.0 (compatible; SemrushBot/7~bl; +http://www.semrush.com/bot.html)"
154.54.249.197 - - [03/Jul/2022:09:46:08 +0200] "GET /uploads/PodCast/Genesis HTTP/1.1" 304 - "-" "Mozilla/5.0 (compatible; Barkrowler/0.9; +https://babbar.tech/crawler)"
154.54.249.197 - - [03/Jul/2022:09:46:40 +0200] "GET /uploads/PodCast/Roman1 HTTP/1.1" 304 - "-" "Mozilla/5.0 (compatible; Barkrowler/0.9; +https://babbar.tech/crawler)"
154.54.249.197 - - [03/Jul/2022:09:47:15 +0200] "GET /JBJ2/02?action=print HTTP/1.1" 404 2357 "-" "Mozilla/5.0 (compatible; Barkrowler/0.9; +https://babbar.tech/crawler)"
154.54.249.197 - - [03/Jul/2022:09:47:49 +0200] "GET /JBJ2/02?action=edit HTTP/1.1" 200 8510 "-" "Mozilla/5.0 (compatible; Barkrowler/0.9; +https://babbar.tech/crawler)"
154.54.249.197 - - [03/Jul/2022:09:48:26 +0200] "GET /Lydja/Lydja HTTP/1.1" 404 8129 "-" "Mozilla/5.0 (compatible; Barkrowler/0.9; +https://babbar.tech/crawler)"
154.54.249.197 - - [03/Jul/2022:09:49:00 +0200] "GET /PmWiki/MyNewPage HTTP/1.1" 404 8853 "-" "Mozilla/5.0 (compatible; Barkrowler/0.9; +https://babbar.tech/crawler)"
154.54.249.197 - - [03/Jul/2022:09:49:33 +0200] "GET /PmWiki/GroupAttributes HTTP/1.1" 404 8959 "-" "Mozilla/5.0 (compatible; Barkrowler/0.9; +https://babbar.tech/crawler)"
154.54.249.197 - - [03/Jul/2022:09:50:09 +0200] "GET /PmWiki/GroupHeaders HTTP/1.1" 200 14901 "-" "Mozilla/5.0 (compatible; Barkrowler/0.9; +https://babbar.tech/crawler)"
154.54.249.197 - - [03/Jul/2022:09:50:48 +0200] "GET /PmWiki/MailingList HTTP/1.1" 404 8887 "-" "Mozilla/5.0 (compatible; Barkrowler/0.9; +https://babbar.tech/crawler)"
154.54.249.197 - - [03/Jul/2022:09:51:24 +0200] "GET /PmWikiPtBr HTTP/1.1" 302 173 "-" "Mozilla/5.0 (compatible; Barkrowler/0.9; +https://babbar.tech/crawler)"
154.54.249.197 - - [03/Jul/2022:09:52:01 +0200] "GET /PmWikiRu/FAQ HTTP/1.1" 200 18879 "-" "Mozilla/5.0 (compatible; Barkrowler/0.9; +https://babbar.tech/crawler)"
154.54.249.197 - - [03/Jul/2022:09:52:36 +0200] "GET /PmWikiRu/Links HTTP/1.1" 200 18190 "-" "Mozilla/5.0 (compatible; Barkrowler/0.9; +https://babbar.tech/crawler)"
154.54.249.197 - - [03/Jul/2022:09:53:17 +0200] "GET /PmWikiRu/Forms HTTP/1.1" 404 9823 "-" "Mozilla/5.0 (compatible; Barkrowler/0.9; +https://babbar.tech/crawler)"
154.54.249.197 - - [03/Jul/2022:09:53:52 +0200] "GET /robots.txt HTTP/1.1" 200 - "-" "Mozilla/5.0 (compatible; Barkrowler/0.9; +https://babbar.tech/crawler)"
154.54.249.197 - - [03/Jul/2022:09:54:26 +0200] "GET /PmWikiRu/Version HTTP/1.1" 404 9867 "-" "Mozilla/5.0 (compatible; Barkrowler/0.9; +https://babbar.tech/crawler)"
66.249.76.220 - - [03/Jul/2022:09:54:35 +0200] "GET /PodCast/IndexPage?action=rss HTTP/1.1" 200 6298 "-" "Mozilla/5.0 (compatible; Googlebot/2.1; +http://www.google.com/bot.html)"
154.54.249.197 - - [03/Jul/2022:09:55:02 +0200] "GET /PmWikiRu/Images HTTP/1.1" 200 25438 "-" "Mozilla/5.0 (compatible; Barkrowler/0.9; +https://babbar.tech/crawler)"
154.54.249.197 - - [03/Jul/2022:09:55:39 +0200] "GET /PmWikiRu/Security HTTP/1.1" 200 11916 "-" "Mozilla/5.0 (compatible; Barkrowler/0.9; +https://babbar.tech/crawler)"
154.54.249.197 - - [03/Jul/2022:09:56:17 +0200] "GET /PmWikiRu/Download HTTP/1.1" 200 11311 "-" "Mozilla/5.0 (compatible; Barkrowler/0.9; +https://babbar.tech/crawler)"
154.54.249.197 - - [03/Jul/2022:09:56:50 +0200] "GET /PmWikiRu/Site HTTP/1.1" 404 9521 "-" "Mozilla/5.0 (compatible; Barkrowler/0.9; +https://babbar.tech/crawler)"
154.54.249.197 - - [03/Jul/2022:09:57:22 +0200] "GET /PmWikiRu/Tables HTTP/1.1" 200 25759 "-" "Mozilla/5.0 (compatible; Barkrowler/0.9; +https://babbar.tech/crawler)"
154.54.249.197 - - [03/Jul/2022:09:57:54 +0200] "GET /PmWikiJa/Category HTTP/1.1" 404 8215 "-" "Mozilla/5.0 (compatible; Barkrowler/0.9; +https://babbar.tech/crawler)"
185.191.171.8 - - [03/Jul/2022:09:58:29 +0200] "GET /Profiles/PRZ?action=edit HTTP/1.1" 404 18 "-" "Mozilla/5.0 (compatible; SemrushBot/7~bl; +http://www.semrush.com/bot.html)"
154.54.249.197 - - [03/Jul/2022:09:58:34 +0200] "GET /PmWikiJa/Flash HTTP/1.1" 404 8173 "-" "Mozilla/5.0 (compatible; Barkrowler/0.9; +https://babbar.tech/crawler)"
185.191.171.7 - - [03/Jul/2022:09:58:36 +0200] "GET /Texte/Bitterbeuhsi HTTP/1.1" 200 9255 "-" "Mozilla/5.0 (compatible; SemrushBot/7~bl; +http://www.semrush.com/bot.html)"
54.36.148.35 - - [03/Jul/2022:09:58:57 +0200] "GET /Admin/ZurStiftung HTTP/1.1" 200 10864 "-" "Mozilla/5.0 (compatible; AhrefsBot/7.0; +http://ahrefs.com/robot/)"
154.54.249.197 - - [03/Jul/2022:09:59:08 +0200] "GET /PmWikiJa/Quiz HTTP/1.1" 404 8159 "-" "Mozilla/5.0 (compatible; Barkrowler/0.9; +https://babbar.tech/crawler)"
154.54.249.197 - - [03/Jul/2022:09:59:45 +0200] "GET /PmWikiJa/Tags HTTP/1.1" 404 8159 "-" "Mozilla/5.0 (compatible; Barkrowler/0.9; +https://babbar.tech/crawler)"
154.54.249.197 - - [03/Jul/2022:10:00:17 +0200] "GET /PmWikiDe/Tables HTTP/1.1" 404 6642 "-" "Mozilla/5.0 (compatible; Barkrowler/0.9; +https://babbar.tech/crawler)"
154.54.249.197 - - [03/Jul/2022:10:00:54 +0200] "GET /PmWikiDe/UTF-8 HTTP/1.1" 404 6628 "-" "Mozilla/5.0 (compatible; Barkrowler/0.9; +https://babbar.tech/crawler)"
154.54.249.197 - - [03/Jul/2022:10:01:32 +0200] "GET /PmWikiHu/Forum HTTP/1.1" 200 9817 "-" "Mozilla/5.0 (compatible; Barkrowler/0.9; +https://babbar.tech/crawler)"
154.54.249.197 - - [03/Jul/2022:10:02:09 +0200] "GET /PmWikiNl/Link HTTP/1.1" 404 6763 "-" "Mozilla/5.0 (compatible; Barkrowler/0.9; +https://babbar.tech/crawler)"
66.249.76.193 - - [03/Jul/2022:10:02:11 +0200] "GET / HTTP/1.1" 200 15085 "-" "Mozilla/5.0 (compatible; Googlebot/2.1; +http://www.google.com/bot.html)"
66.249.76.220 - - [03/Jul/2022:10:02:12 +0200] "GET / HTTP/1.1" 200 15085 "-" "Mozilla/5.0 (Linux; Android 6.0.1; Nexus 5X Build/MMB29P) AppleWebKit/537.36 (KHTML, like Gecko) Chrome/99.0.4844.84 Mobile Safari/537.36 (compatible; Googlebot/2.1; +http://www.google.com/bot.html)"
66.249.76.220 - - [03/Jul/2022:10:02:18 +0200] "GET /pub/skins/pro-zurituutsch/images/favicon.ico HTTP/1.1" 200 1406 "-" "Googlebot-Image/1.0"
66.249.76.220 - - [03/Jul/2022:10:02:18 +0200] "GET /favicon.ico HTTP/1.1" 200 1406 "-" "Googlebot-Image/1.0"
154.54.249.197 - - [03/Jul/2022:10:02:39 +0200] "GET /PmWikiDe/References HTTP/1.1" 404 6698 "-" "Mozilla/5.0 (compatible; Barkrowler/0.9; +https://babbar.tech/crawler)"
154.54.249.197 - - [03/Jul/2022:10:03:15 +0200] "GET /PmWikiDe/Categories HTTP/1.1" 200 6626 "-" "Mozilla/5.0 (compatible; Barkrowler/0.9; +https://babbar.tech/crawler)"
77.88.5.246 - - [03/Jul/2022:10:03:34 +0200] "GET /robots.txt HTTP/1.1" 200 - "-" "Mozilla/5.0 (compatible; YandexBot/3.0; +http://yandex.com/bots)"
77.88.5.246 - - [03/Jul/2022:10:03:42 +0200] "GET /PodCast/Doping HTTP/1.1" 200 8075 "-" "Mozilla/5.0 (compatible; YandexBot/3.0; +http://yandex.com/bots)"
154.54.249.197 - - [03/Jul/2022:10:03:51 +0200] "GET /robots.txt HTTP/1.1" 200 - "-" "Mozilla/5.0 (compatible; Barkrowler/0.9; +https://babbar.tech/crawler)"
154.54.249.197 - - [03/Jul/2022:10:04:26 +0200] "GET /PmWikiDe/Search HTTP/1.1" 200 8455 "-" "Mozilla/5.0 (compatible; Barkrowler/0.9; +https://babbar.tech/crawler)"
154.54.249.197 - - [03/Jul/2022:10:05:02 +0200] "GET /PmWikiDe/Security HTTP/1.1" 200 8785 "-" "Mozilla/5.0 (compatible; Barkrowler/0.9; +https://babbar.tech/crawler)"
154.54.249.197 - - [03/Jul/2022:10:05:37 +0200] "GET /PmWikiDe/GroupHeader HTTP/1.1" 200 6611 "-" "Mozilla/5.0 (compatible; Barkrowler/0.9; +https://babbar.tech/crawler)"
185.191.171.13 - - [03/Jul/2022:10:05:57 +0200] "GET /Texte/Rezension?action=upload HTTP/1.1" 403 18 "-" "Mozilla/5.0 (compatible; SemrushBot/7~bl; +http://www.semrush.com/bot.html)"
154.54.249.197 - - [03/Jul/2022:10:06:13 +0200] "GET /PmWikiDe/GroupFooter HTTP/1.1" 404 6714 "-" "Mozilla/5.0 (compatible; Barkrowler/0.9; +https://babbar.tech/crawler)"
154.54.249.197 - - [03/Jul/2022:10:06:50 +0200] "GET /PmWikiDe/Forms HTTP/1.1" 200 6880 "-" "Mozilla/5.0 (compatible; Barkrowler/0.9; +https://babbar.tech/crawler)"
154.54.249.197 - - [03/Jul/2022:10:07:22 +0200] "GET /PmWikiDe/Version HTTP/1.1" 404 6656 "-" "Mozilla/5.0 (compatible; Barkrowler/0.9; +https://babbar.tech/crawler)"
154.54.249.197 - - [03/Jul/2022:10:07:57 +0200] "GET /PmWikiCs/Links HTTP/1.1" 404 8173 "-" "Mozilla/5.0 (compatible; Barkrowler/0.9; +https://babbar.tech/crawler)"
154.54.249.197 - - [03/Jul/2022:10:08:30 +0200] "GET /PmWiki/FAQ?action=print HTTP/1.1" 200 120789 "-" "Mozilla/5.0 (compatible; Barkrowler/0.9; +https://babbar.tech/crawler)"
194.209.200.2 - - [03/Jul/2022:10:08:59 +0200] "GET /robots.txt HTTP/1.1" 200 - "-" "Mozilla/5.0 (compatible; TMMBot/0.2; +http://www.dslab.ch)/Nutch-1.15"
194.209.200.2 - - [03/Jul/2022:10:08:59 +0200] "GET /Admin/AdresseStiftung HTTP/1.1" 200 8453 "-" "Mozilla/5.0 (compatible; TMMBot/0.2; +http://www.dslab.ch)/Nutch-1.15"
154.54.249.197 - - [03/Jul/2022:10:09:07 +0200] "GET /PmWiki/FAQ?action=edit HTTP/1.1" 200 8552 "-" "Mozilla/5.0 (compatible; Barkrowler/0.9; +https://babbar.tech/crawler)"
194.209.200.2 - - [03/Jul/2022:10:09:25 +0200] "GET /Texte/ZurcherischEnglish HTTP/1.1" 200 8274 "-" "Mozilla/5.0 (compatible; TMMBot/0.2; +http://www.dslab.ch)/Nutch-1.15"
154.54.249.197 - - [03/Jul/2022:10:09:45 +0200] "GET /PmWiki/FAQ?action=upload HTTP/1.1" 200 8452 "-" "Mozilla/5.0 (compatible; Barkrowler/0.9; +https://babbar.tech/crawler)"
154.54.249.197 - - [03/Jul/2022:10:10:18 +0200] "GET /PmWiki/WikiStructure HTTP/1.1" 200 14248 "-" "Mozilla/5.0 (compatible; Barkrowler/0.9; +https://babbar.tech/crawler)"
194.209.200.2 - - [03/Jul/2022:10:10:46 +0200] "GET /Admin/Jahresbericht HTTP/1.1" 200 45530 "-" "Mozilla/5.0 (compatible; TMMBot/0.2; +http://www.dslab.ch)/Nutch-1.15"
154.54.249.197 - - [03/Jul/2022:10:10:51 +0200] "GET /PmWiki/WikiFarms HTTP/1.1" 200 24461 "-" "Mozilla/5.0 (compatible; Barkrowler/0.9; +https://babbar.tech/crawler)"
154.54.249.197 - - [03/Jul/2022:10:11:27 +0200] "GET /PmWiki/Forms?action=print HTTP/1.1" 200 13209 "-" "Mozilla/5.0 (compatible; Barkrowler/0.9; +https://babbar.tech/crawler)"
154.54.249.197 - - [03/Jul/2022:10:12:11 +0200] "GET /PmWiki/Forms?action=edit HTTP/1.1" 200 8580 "-" "Mozilla/5.0 (compatible; Barkrowler/0.9; +https://babbar.tech/crawler)"
194.209.200.2 - - [03/Jul/2022:10:12:41 +0200] "GET /Texte/Styluebige HTTP/1.1" 200 9998 "-" "Mozilla/5.0 (compatible; TMMBot/0.2; +http://www.dslab.ch)/Nutch-1.15"
154.54.249.197 - - [03/Jul/2022:10:12:43 +0200] "GET /PmWiki/Forms?action=upload HTTP/1.1" 200 8480 "-" "Mozilla/5.0 (compatible; Barkrowler/0.9; +https://babbar.tech/crawler)"
185.191.171.6 - - [03/Jul/2022:10:12:57 +0200] "GET /robots.txt HTTP/1.1" 200 - "-" "Mozilla/5.0 (compatible; SemrushBot/7~bl; +http://www.semrush.com/bot.html)"
185.191.171.39 - - [03/Jul/2022:10:12:57 +0200] "GET /PmWikiDe/WikiStyleExamples?action=print HTTP/1.1" 403 18 "-" "Mozilla/5.0 (compatible; SemrushBot/7~bl; +http://www.semrush.com/bot.html)"
154.54.249.197 - - [03/Jul/2022:10:13:18 +0200] "GET /PmWiki/PageLists HTTP/1.1" 200 42846 "-" "Mozilla/5.0 (compatible; Barkrowler/0.9; +https://babbar.tech/crawler)"
154.54.249.197 - - [03/Jul/2022:10:13:51 +0200] "GET /robots.txt HTTP/1.1" 200 - "-" "Mozilla/5.0 (compatible; Barkrowler/0.9; +https://babbar.tech/crawler)"
154.54.249.197 - - [03/Jul/2022:10:14:29 +0200] "GET /PmWiki/PageLocking HTTP/1.1" 404 8887 "-" "Mozilla/5.0 (compatible; Barkrowler/0.9; +https://babbar.tech/crawler)"
194.209.200.2 - - [03/Jul/2022:10:14:39 +0200] "GET /Admin/Pro-ZurituutschStatuten HTTP/1.1" 200 9580 "-" "Mozilla/5.0 (compatible; TMMBot/0.2; +http://www.dslab.ch)/Nutch-1.15"
54.36.148.73 - - [03/Jul/2022:10:14:50 +0200] "GET /Main/Home HTTP/1.1" 200 15085 "-" "Mozilla/5.0 (compatible; AhrefsBot/7.0; +http://ahrefs.com/robot/)"
54.36.148.214 - - [03/Jul/2022:10:14:54 +0200] "GET /uploads/Main/logo.jpg HTTP/1.1" 200 29066 "-" "Mozilla/5.0 (compatible; AhrefsBot/7.0; +http://ahrefs.com/robot/)"
154.54.249.197 - - [03/Jul/2022:10:15:02 +0200] "GET /PmWiki/DocumentationIndex HTTP/1.1" 200 26304 "-" "Mozilla/5.0 (compatible; Barkrowler/0.9; +https://babbar.tech/crawler)"
194.209.200.2 - - [03/Jul/2022:10:15:28 +0200] "GET /Texte/Bitterbeuhsi HTTP/1.1" 200 9255 "-" "Mozilla/5.0 (compatible; TMMBot/0.2; +http://www.dslab.ch)/Nutch-1.15"
154.54.249.197 - - [03/Jul/2022:10:15:35 +0200] "GET /PmWiki/Search?action=edit HTTP/1.1" 200 8594 "-" "Mozilla/5.0 (compatible; Barkrowler/0.9; +https://babbar.tech/crawler)"
194.209.200.2 - - [03/Jul/2022:10:15:37 +0200] "GET /Gast/Podcast HTTP/1.1" 200 8106 "-" "Mozilla/5.0 (compatible; TMMBot/0.2; +http://www.dslab.ch)/Nutch-1.15"
185.191.171.44 - - [03/Jul/2022:10:15:55 +0200] "GET /Hilfe/Quicktime?action=diff HTTP/1.1" 403 18 "-" "Mozilla/5.0 (compatible; SemrushBot/7~bl; +http://www.semrush.com/bot.html)"
154.54.249.197 - - [03/Jul/2022:10:16:03 +0200] "GET /PmWiki/Search?action=diff HTTP/1.1" 200 9153 "-" "Mozilla/5.0 (compatible; Barkrowler/0.9; +https://babbar.tech/crawler)"
194.209.200.2 - - [03/Jul/2022:10:16:04 +0200] "GET /Hilfe/AnleitungTonbeispiele HTTP/1.1" 200 9878 "-" "Mozilla/5.0 (compatible; TMMBot/0.2; +http://www.dslab.ch)/Nutch-1.15"
154.54.249.197 - - [03/Jul/2022:10:16:38 +0200] "GET /PmWiki/Search?action=upload HTTP/1.1" 200 8494 "-" "Mozilla/5.0 (compatible; Barkrowler/0.9; +https://babbar.tech/crawler)"
154.54.249.197 - - [03/Jul/2022:10:17:13 +0200] "GET /PmWiki/Search?action=print HTTP/1.1" 200 7987 "-" "Mozilla/5.0 (compatible; Barkrowler/0.9; +https://babbar.tech/crawler)"
154.54.249.197 - - [03/Jul/2022:10:17:46 +0200] "GET /PmWiki/SpecialCharacters HTTP/1.1" 200 11638 "-" "Mozilla/5.0 (compatible; Barkrowler/0.9; +https://babbar.tech/crawler)"
154.54.249.197 - - [03/Jul/2022:10:18:18 +0200] "GET /PmWiki/Notify HTTP/1.1" 200 33399 "-" "Mozilla/5.0 (compatible; Barkrowler/0.9; +https://babbar.tech/crawler)"
154.54.249.197 - - [03/Jul/2022:10:18:50 +0200] "GET /PmWiki/PmWiki HTTP/1.1" 200 11917 "-" "Mozilla/5.0 (compatible; Barkrowler/0.9; +https://babbar.tech/crawler)"
154.54.249.197 - - [03/Jul/2022:10:19:23 +0200] "GET /PmWiki/OtherLanguages HTTP/1.1" 404 8941 "-" "Mozilla/5.0 (compatible; Barkrowler/0.9; +https://babbar.tech/crawler)"
154.54.249.197 - - [03/Jul/2022:10:20:00 +0200] "GET /PmWiki/Name?action=edit HTTP/1.1" 200 8566 "-" "Mozilla/5.0 (compatible; Barkrowler/0.9; +https://babbar.tech/crawler)"
154.54.249.197 - - [03/Jul/2022:10:20:32 +0200] "GET /PmWiki/Images?action=edit HTTP/1.1" 200 8594 "-" "Mozilla/5.0 (compatible; Barkrowler/0.9; +https://babbar.tech/crawler)"
154.54.249.197 - - [03/Jul/2022:10:21:02 +0200] "GET /PmWiki/RSS?action=print HTTP/1.1" 404 2371 "-" "Mozilla/5.0 (compatible; Barkrowler/0.9; +https://babbar.tech/crawler)"
154.54.249.197 - - [03/Jul/2022:10:21:38 +0200] "GET /PmWiki/RSS?action=edit HTTP/1.1" 200 8552 "-" "Mozilla/5.0 (compatible; Barkrowler/0.9; +https://babbar.tech/crawler)"
185.191.171.25 - - [03/Jul/2022:10:22:06 +0200] "GET /PmWiki/SimpleTables2?action=edit HTTP/1.1" 404 18 "-" "Mozilla/5.0 (compatible; SemrushBot/7~bl; +http://www.semrush.com/bot.html)"
154.54.249.197 - - [03/Jul/2022:10:22:15 +0200] "GET /PmWikiFr/Categories HTTP/1.1" 200 18044 "-" "Mozilla/5.0 (compatible; Barkrowler/0.9; +https://babbar.tech/crawler)"
154.54.249.197 - - [03/Jul/2022:10:22:50 +0200] "GET /PmWikiFr/Uploads HTTP/1.1" 200 13773 "-" "Mozilla/5.0 (compatible; Barkrowler/0.9; +https://babbar.tech/crawler)"
154.54.249.197 - - [03/Jul/2022:10:23:24 +0200] "GET /robots.txt HTTP/1.1" 200 - "-" "Mozilla/5.0 (compatible; Barkrowler/0.9; +https://babbar.tech/crawler)"
154.54.249.197 - - [03/Jul/2022:10:23:54 +0200] "GET /PmWikiFr/Recherche HTTP/1.1" 200 10881 "-" "Mozilla/5.0 (compatible; Barkrowler/0.9; +https://babbar.tech/crawler)"
154.54.249.197 - - [03/Jul/2022:10:24:32 +0200] "GET /PmWikiFr/UTF-8 HTTP/1.1" 404 9327 "-" "Mozilla/5.0 (compatible; Barkrowler/0.9; +https://babbar.tech/crawler)"
154.54.249.197 - - [03/Jul/2022:10:25:10 +0200] "GET /PmWikiFr/Skins HTTP/1.1" 200 20480 "-" "Mozilla/5.0 (compatible; Barkrowler/0.9; +https://babbar.tech/crawler)"
154.54.249.197 - - [03/Jul/2022:10:25:43 +0200] "GET /PmWikiFr/Functions HTTP/1.1" 404 9419 "-" "Mozilla/5.0 (compatible; Barkrowler/0.9; +https://babbar.tech/crawler)"
154.54.249.197 - - [03/Jul/2022:10:26:15 +0200] "GET /PmWikiFr/Passwords HTTP/1.1" 200 13873 "-" "Mozilla/5.0 (compatible; Barkrowler/0.9; +https://babbar.tech/crawler)"
185.191.171.26 - - [03/Jul/2022:10:26:34 +0200] "GET /PmWikiIt/CreatingNewPages?action=diff HTTP/1.1" 403 18 "-" "Mozilla/5.0 (compatible; SemrushBot/7~bl; +http://www.semrush.com/bot.html)"
154.54.249.197 - - [03/Jul/2022:10:26:47 +0200] "GET /PmWiki/Links?action=print HTTP/1.1" 200 30825 "-" "Mozilla/5.0 (compatible; Barkrowler/0.9; +https://babbar.tech/crawler)"
185.191.171.25 - - [03/Jul/2022:10:27:16 +0200] "GET /PmWikiIt/SimpleTables?action=edit HTTP/1.1" 404 18 "-" "Mozilla/5.0 (compatible; SemrushBot/7~bl; +http://www.semrush.com/bot.html)"
154.54.249.197 - - [03/Jul/2022:10:27:23 +0200] "GET /PmWiki/Links?action=edit HTTP/1.1" 200 8580 "-" "Mozilla/5.0 (compatible; Barkrowler/0.9; +https://babbar.tech/crawler)"
154.54.249.197 - - [03/Jul/2022:10:27:56 +0200] "GET /PmWikiIt/Installation HTTP/1.1" 404 8271 "-" "Mozilla/5.0 (compatible; Barkrowler/0.9; +https://babbar.tech/crawler)"
154.54.249.197 - - [03/Jul/2022:10:28:32 +0200] "GET /PmWikiIt/PageHistory HTTP/1.1" 404 8259 "-" "Mozilla/5.0 (compatible; Barkrowler/0.9; +https://babbar.tech/crawler)"
154.54.249.197 - - [03/Jul/2022:10:29:02 +0200] "GET /PmWiki/WebHosts HTTP/1.1" 404 8833 "-" "Mozilla/5.0 (compatible; Barkrowler/0.9; +https://babbar.tech/crawler)"
154.54.249.197 - - [03/Jul/2022:10:29:38 +0200] "GET /Blickestoorff/2 HTTP/1.1" 200 18702 "-" "Mozilla/5.0 (compatible; Barkrowler/0.9; +https://babbar.tech/crawler)"
154.54.249.197 - - [03/Jul/2022:10:30:17 +0200] "GET /SiteAdmin/Status?action=diff HTTP/1.1" 200 9280 "-" "Mozilla/5.0 (compatible; Barkrowler/0.9; +https://babbar.tech/crawler)"
154.54.249.197 - - [03/Jul/2022:10:30:51 +0200] "GET /SiteAdmin/Status?action=print HTTP/1.1" 200 2733 "-" "Mozilla/5.0 (compatible; Barkrowler/0.9; +https://babbar.tech/crawler)"
154.54.249.197 - - [03/Jul/2022:10:31:24 +0200] "GET /SiteAdmin/Status?action=edit HTTP/1.1" 200 8636 "-" "Mozilla/5.0 (compatible; Barkrowler/0.9; +https://babbar.tech/crawler)"
154.54.249.197 - - [03/Jul/2022:10:31:57 +0200] "GET /SiteAdmin/Status?action=upload HTTP/1.1" 200 8536 "-" "Mozilla/5.0 (compatible; Barkrowler/0.9; +https://babbar.tech/crawler)"
154.54.249.197 - - [03/Jul/2022:10:32:32 +0200] "GET /PodCast/MNtsch HTTP/1.1" 404 8174 "-" "Mozilla/5.0 (compatible; Barkrowler/0.9; +https://babbar.tech/crawler)"
154.54.249.197 - - [03/Jul/2022:10:33:16 +0200] "GET /robots.txt HTTP/1.1" 200 - "-" "Mozilla/5.0 (compatible; Barkrowler/0.9; +https://babbar.tech/crawler)"
154.54.249.197 - - [03/Jul/2022:10:33:47 +0200] "GET /PodCast/MI2009 HTTP/1.1" 404 8174 "-" "Mozilla/5.0 (compatible; Barkrowler/0.9; +https://babbar.tech/crawler)"
154.54.249.197 - - [03/Jul/2022:10:34:21 +0200] "GET /PodCast/Sbysst HTTP/1.1" 200 17403 "-" "Mozilla/5.0 (compatible; Barkrowler/0.9; +https://babbar.tech/crawler)"
154.54.249.197 - - [03/Jul/2022:10:34:52 +0200] "GET /PodCast/Ggloge HTTP/1.1" 200 8075 "-" "Mozilla/5.0 (compatible; Barkrowler/0.9; +https://babbar.tech/crawler)"
154.54.249.197 - - [03/Jul/2022:10:35:33 +0200] "GET /PodCast/Gschyder HTTP/1.1" 200 11945 "-" "Mozilla/5.0 (compatible; Barkrowler/0.9; +https://babbar.tech/crawler)"
77.88.5.246 - - [03/Jul/2022:10:35:40 +0200] "GET /PmWikiDe/Audiences HTTP/1.1" 200 11986 "-" "Mozilla/5.0 (compatible; YandexBot/3.0; +http://yandex.com/bots)"
154.54.249.197 - - [03/Jul/2022:10:36:06 +0200] "GET /PodCast/Aafang HTTP/1.1" 200 8198 "-" "Mozilla/5.0 (compatible; Barkrowler/0.9; +https://babbar.tech/crawler)"
154.54.249.197 - - [03/Jul/2022:10:36:43 +0200] "GET /PodCast/Lydja HTTP/1.1" 200 9714 "-" "Mozilla/5.0 (compatible; Barkrowler/0.9; +https://babbar.tech/crawler)"
154.54.249.197 - - [03/Jul/2022:10:37:18 +0200] "GET /PodCast/Zugle2 HTTP/1.1" 200 20425 "-" "Mozilla/5.0 (compatible; Barkrowler/0.9; +https://babbar.tech/crawler)"
185.191.171.21 - - [03/Jul/2022:10:37:29 +0200] "GET /PmWikiFr/A?action=search&fmt=title&q=link%3DPmWikiFr.EditQuickReference HTTP/1.1" 404 18 "-" "Mozilla/5.0 (compatible; SemrushBot/7~bl; +http://www.semrush.com/bot.html)"
154.54.249.197 - - [03/Jul/2022:10:38:01 +0200] "GET /PodCast/200Quellen HTTP/1.1" 404 8230 "-" "Mozilla/5.0 (compatible; Barkrowler/0.9; +https://babbar.tech/crawler)"
154.54.249.197 - - [03/Jul/2022:10:38:34 +0200] "GET /PodCast/Leerplaan HTTP/1.1" 200 11636 "-" "Mozilla/5.0 (compatible; Barkrowler/0.9; +https://babbar.tech/crawler)"
154.54.249.197 - - [03/Jul/2022:10:39:12 +0200] "GET /PodCast/Gottesliebe HTTP/1.1" 200 13456 "-" "Mozilla/5.0 (compatible; Barkrowler/0.9; +https://babbar.tech/crawler)"
154.54.249.197 - - [03/Jul/2022:10:39:40 +0200] "GET /PodCast/RSSPodcasts HTTP/1.1" 200 8905 "-" "Mozilla/5.0 (compatible; Barkrowler/0.9; +https://babbar.tech/crawler)"
194.209.200.2 - - [03/Jul/2022:10:39:53 +0200] "GET /robots.txt HTTP/1.1" 200 - "-" "Mozilla/5.0 (compatible; TMMBot/0.2; +http://www.dslab.ch)/Nutch-1.15"
194.209.200.2 - - [03/Jul/2022:10:39:53 +0200] "GET /Admin/AdresseStiftung HTTP/1.1" 200 8453 "-" "Mozilla/5.0 (compatible; TMMBot/0.2; +http://www.dslab.ch)/Nutch-1.15"
154.54.249.197 - - [03/Jul/2022:10:40:20 +0200] "GET /PodCast/Voorwort HTTP/1.1" 200 10874 "-" "Mozilla/5.0 (compatible; Barkrowler/0.9; +https://babbar.tech/crawler)"
194.209.200.2 - - [03/Jul/2022:10:40:29 +0200] "GET /Texte/ZurcherischEnglish HTTP/1.1" 200 8274 "-" "Mozilla/5.0 (compatible; TMMBot/0.2; +http://www.dslab.ch)/Nutch-1.15"
154.54.249.197 - - [03/Jul/2022:10:40:54 +0200] "GET /PodCast/LanierFuture HTTP/1.1" 200 10061 "-" "Mozilla/5.0 (compatible; Barkrowler/0.9; +https://babbar.tech/crawler)"
154.54.249.197 - - [03/Jul/2022:10:41:34 +0200] "GET /PodCast/SonTt1 HTTP/1.1" 404 8176 "-" "Mozilla/5.0 (compatible; Barkrowler/0.9; +https://babbar.tech/crawler)"
154.54.249.197 - - [03/Jul/2022:10:42:04 +0200] "GET /PodCast/Email?action=upload HTTP/1.1" 200 8494 "-" "Mozilla/5.0 (compatible; Barkrowler/0.9; +https://babbar.tech/crawler)"
194.209.200.2 - - [03/Jul/2022:10:42:27 +0200] "GET /Admin/Jahresbericht HTTP/1.1" 200 45530 "-" "Mozilla/5.0 (compatible; TMMBot/0.2; +http://www.dslab.ch)/Nutch-1.15"
40.77.167.54 - - [03/Jul/2022:10:42:39 +0200] "GET /PodCast/700Buezerleuh HTTP/1.1" 200 8168 "-" "Mozilla/5.0 (compatible; bingbot/2.0; +http://www.bing.com/bingbot.htm)"
154.54.249.197 - - [03/Jul/2022:10:42:40 +0200] "GET /PodCast/Email?action=print HTTP/1.1" 200 4518 "-" "Mozilla/5.0 (compatible; Barkrowler/0.9; +https://babbar.tech/crawler)"
154.54.249.197 - - [03/Jul/2022:10:43:12 +0200] "GET /robots.txt HTTP/1.1" 200 - "-" "Mozilla/5.0 (compatible; Barkrowler/0.9; +https://babbar.tech/crawler)"
194.209.200.2 - - [03/Jul/2022:10:43:48 +0200] "GET /Texte/ArsAmatoria HTTP/1.1" 200 12369 "-" "Mozilla/5.0 (compatible; TMMBot/0.2; +http://www.dslab.ch)/Nutch-1.15"
154.54.249.197 - - [03/Jul/2022:10:43:52 +0200] "GET /PodCast/Email?action=edit HTTP/1.1" 200 8594 "-" "Mozilla/5.0 (compatible; Barkrowler/0.9; +https://babbar.tech/crawler)"
154.54.249.197 - - [03/Jul/2022:10:44:23 +0200] "GET /PodCast/Email?action=diff HTTP/1.1" 200 36089 "-" "Mozilla/5.0 (compatible; Barkrowler/0.9; +https://babbar.tech/crawler)"
194.209.200.2 - - [03/Jul/2022:10:44:35 +0200] "GET /Texte/Styluebige HTTP/1.1" 200 9998 "-" "Mozilla/5.0 (compatible; TMMBot/0.2; +http://www.dslab.ch)/Nutch-1.15"
154.54.249.197 - - [03/Jul/2022:10:44:57 +0200] "GET /PodCast/Erinerig HTTP/1.1" 200 8726 "-" "Mozilla/5.0 (compatible; Barkrowler/0.9; +https://babbar.tech/crawler)"
154.54.249.197 - - [03/Jul/2022:10:45:31 +0200] "GET /PodCast/Redeleere HTTP/1.1" 200 14206 "-" "Mozilla/5.0 (compatible; Barkrowler/0.9; +https://babbar.tech/crawler)"
154.54.249.197 - - [03/Jul/2022:10:46:11 +0200] "GET /PodCast/Rassewaan HTTP/1.1" 200 11016 "-" "Mozilla/5.0 (compatible; Barkrowler/0.9; +https://babbar.tech/crawler)"
154.54.249.197 - - [03/Jul/2022:10:46:44 +0200] "GET /PodCast/SpruchZ HTTP/1.1" 200 10496 "-" "Mozilla/5.0 (compatible; Barkrowler/0.9; +https://babbar.tech/crawler)"
194.209.200.2 - - [03/Jul/2022:10:47:06 +0200] "GET /Admin/Pro-ZurituutschStatuten HTTP/1.1" 200 9580 "-" "Mozilla/5.0 (compatible; TMMBot/0.2; +http://www.dslab.ch)/Nutch-1.15"
154.54.249.197 - - [03/Jul/2022:10:47:20 +0200] "GET /PodCast/Gramatik HTTP/1.1" 200 23244 "-" "Mozilla/5.0 (compatible; Barkrowler/0.9; +https://babbar.tech/crawler)"
154.54.249.197 - - [03/Jul/2022:10:47:51 +0200] "GET /PodCast/Verglych HTTP/1.1" 200 9163 "-" "Mozilla/5.0 (compatible; Barkrowler/0.9; +https://babbar.tech/crawler)"
194.209.200.2 - - [03/Jul/2022:10:48:12 +0200] "GET /Texte/Bitterbeuhsi HTTP/1.1" 200 9255 "-" "Mozilla/5.0 (compatible; TMMBot/0.2; +http://www.dslab.ch)/Nutch-1.15"
194.209.200.2 - - [03/Jul/2022:10:48:28 +0200] "GET /Gast/Podcast HTTP/1.1" 200 8106 "-" "Mozilla/5.0 (compatible; TMMBot/0.2; +http://www.dslab.ch)/Nutch-1.15"
154.54.249.197 - - [03/Jul/2022:10:48:28 +0200] "GET /PodCast/Sounegsang HTTP/1.1" 200 14204 "-" "Mozilla/5.0 (compatible; Barkrowler/0.9; +https://babbar.tech/crawler)"
154.54.249.197 - - [03/Jul/2022:10:49:07 +0200] "GET /PodCast/Lobbiing HTTP/1.1" 200 9035 "-" "Mozilla/5.0 (compatible; Barkrowler/0.9; +https://babbar.tech/crawler)"
194.209.200.2 - - [03/Jul/2022:10:49:11 +0200] "GET /Hilfe/AnleitungTonbeispiele HTTP/1.1" 200 9878 "-" "Mozilla/5.0 (compatible; TMMBot/0.2; +http://www.dslab.ch)/Nutch-1.15"
154.54.249.197 - - [03/Jul/2022:10:49:42 +0200] "GET /PodCast/Wortwaarte HTTP/1.1" 200 9483 "-" "Mozilla/5.0 (compatible; Barkrowler/0.9; +https://babbar.tech/crawler)"
154.54.249.197 - - [03/Jul/2022:10:50:15 +0200] "GET /PodCast/Demokraty HTTP/1.1" 200 13145 "-" "Mozilla/5.0 (compatible; Barkrowler/0.9; +https://babbar.tech/crawler)"
154.54.249.197 - - [03/Jul/2022:10:50:51 +0200] "GET /PodCast/AbsNov16 HTTP/1.1" 200 12438 "-" "Mozilla/5.0 (compatible; Barkrowler/0.9; +https://babbar.tech/crawler)"
154.54.249.197 - - [03/Jul/2022:10:51:26 +0200] "GET /PodCast/Gagetail HTTP/1.1" 200 8688 "-" "Mozilla/5.0 (compatible; Barkrowler/0.9; +https://babbar.tech/crawler)"
154.54.249.197 - - [03/Jul/2022:10:52:02 +0200] "GET /PodCast/Scheupfig HTTP/1.1" 200 8243 "-" "Mozilla/5.0 (compatible; Barkrowler/0.9; +https://babbar.tech/crawler)"
154.54.249.197 - - [03/Jul/2022:10:52:35 +0200] "GET /PodCast/Nostalgy HTTP/1.1" 200 8823 "-" "Mozilla/5.0 (compatible; Barkrowler/0.9; +https://babbar.tech/crawler)"
154.54.249.197 - - [03/Jul/2022:10:53:07 +0200] "GET /robots.txt HTTP/1.1" 200 - "-" "Mozilla/5.0 (compatible; Barkrowler/0.9; +https://babbar.tech/crawler)"
154.54.249.197 - - [03/Jul/2022:10:53:41 +0200] "GET /PodCast/Kinovolch HTTP/1.1" 200 13807 "-" "Mozilla/5.0 (compatible; Barkrowler/0.9; +https://babbar.tech/crawler)"
154.54.249.197 - - [03/Jul/2022:10:54:14 +0200] "GET /PodCast/AntRaat HTTP/1.1" 404 8188 "-" "Mozilla/5.0 (compatible; Barkrowler/0.9; +https://babbar.tech/crawler)"
154.54.249.197 - - [03/Jul/2022:10:54:51 +0200] "GET /PodCast/Bachtelberg HTTP/1.1" 200 9172 "-" "Mozilla/5.0 (compatible; Barkrowler/0.9; +https://babbar.tech/crawler)"
154.54.249.197 - - [03/Jul/2022:10:55:20 +0200] "GET /PodCast/Fanatiker HTTP/1.1" 200 8890 "-" "Mozilla/5.0 (compatible; Barkrowler/0.9; +https://babbar.tech/crawler)"
154.54.249.197 - - [03/Jul/2022:10:55:55 +0200] "GET /PodCast/Puzzle?action=edit HTTP/1.1" 200 8608 "-" "Mozilla/5.0 (compatible; Barkrowler/0.9; +https://babbar.tech/crawler)"
185.191.171.2 - - [03/Jul/2022:10:56:13 +0200] "GET /PmWikiPtBr/FilosofiaPmWiki?action=print HTTP/1.1" 403 18 "-" "Mozilla/5.0 (compatible; SemrushBot/7~bl; +http://www.semrush.com/bot.html)"
154.54.249.197 - - [03/Jul/2022:10:56:27 +0200] "GET /PodCast/Puzzle?action=diff HTTP/1.1" 200 17545 "-" "Mozilla/5.0 (compatible; Barkrowler/0.9; +https://babbar.tech/crawler)"
154.54.249.197 - - [03/Jul/2022:10:57:07 +0200] "GET /PodCast/Puzzle?action=upload HTTP/1.1" 200 8508 "-" "Mozilla/5.0 (compatible; Barkrowler/0.9; +https://babbar.tech/crawler)"
154.54.249.197 - - [03/Jul/2022:10:57:37 +0200] "GET /PodCast/Puzzle?action=print HTTP/1.1" 200 4650 "-" "Mozilla/5.0 (compatible; Barkrowler/0.9; +https://babbar.tech/crawler)"
