154.54.249.202 - - [27/May/2022:15:12:22 +0200] "GET /robots.txt HTTP/1.1" 200 - "-" "Mozilla/5.0 (compatible; Barkrowler/0.9; +https://babbar.tech/crawler)"
154.54.249.202 - - [27/May/2022:15:12:37 +0200] "GET /PmWikiDe/Terminologie HTTP/1.1" 200 9252 "-" "Mozilla/5.0 (compatible; Barkrowler/0.9; +https://babbar.tech/crawler)"
154.54.249.202 - - [27/May/2022:15:12:52 +0200] "GET /PmWikiDe/ListLocal HTTP/1.1" 200 38028 "-" "Mozilla/5.0 (compatible; Barkrowler/0.9; +https://babbar.tech/crawler)"
154.54.249.202 - - [27/May/2022:15:13:08 +0200] "GET /PmWikiDe/Audiences HTTP/1.1" 200 11986 "-" "Mozilla/5.0 (compatible; Barkrowler/0.9; +https://babbar.tech/crawler)"
154.54.249.202 - - [27/May/2022:15:13:23 +0200] "GET /PmWikiDe/PageHistory HTTP/1.1" 200 8791 "-" "Mozilla/5.0 (compatible; Barkrowler/0.9; +https://babbar.tech/crawler)"
154.54.249.202 - - [27/May/2022:15:13:38 +0200] "GET /PmWikiDe/InterMap HTTP/1.1" 200 9572 "-" "Mozilla/5.0 (compatible; Barkrowler/0.9; +https://babbar.tech/crawler)"
154.54.249.202 - - [27/May/2022:15:13:53 +0200] "GET /PmWikiDe/SitePages HTTP/1.1" 404 6686 "-" "Mozilla/5.0 (compatible; Barkrowler/0.9; +https://babbar.tech/crawler)"
154.54.249.202 - - [27/May/2022:15:14:08 +0200] "GET /PmWikiCs/Sandbox HTTP/1.1" 200 9327 "-" "Mozilla/5.0 (compatible; Barkrowler/0.9; +https://babbar.tech/crawler)"
154.54.249.202 - - [27/May/2022:15:14:23 +0200] "GET /PmWikiHu/RSS HTTP/1.1" 404 8145 "-" "Mozilla/5.0 (compatible; Barkrowler/0.9; +https://babbar.tech/crawler)"
154.54.249.202 - - [27/May/2022:15:14:38 +0200] "GET /PmWiki/FAQ?action=diff HTTP/1.1" 200 9105 "-" "Mozilla/5.0 (compatible; Barkrowler/0.9; +https://babbar.tech/crawler)"
154.54.249.202 - - [27/May/2022:15:14:54 +0200] "GET /PmWiki/Tables?action=print HTTP/1.1" 200 19437 "-" "Mozilla/5.0 (compatible; Barkrowler/0.9; +https://babbar.tech/crawler)"
85.25.177.219 - - [27/May/2022:15:15:12 +0200] "GET /Admin/Pro-ZurituutschStatuten?action=edit HTTP/1.1" 403 18 "-" "SEO Scanner/1.2.4 (SEO Crawler; seoscanners.info; info@seoscanners.info)"
154.54.249.202 - - [27/May/2022:15:15:24 +0200] "GET /PmWiki/TableDirectives HTTP/1.1" 200 22378 "-" "Mozilla/5.0 (compatible; Barkrowler/0.9; +https://babbar.tech/crawler)"
154.54.249.202 - - [27/May/2022:15:15:39 +0200] "GET /PmWiki/WikiArchitecture HTTP/1.1" 404 8977 "-" "Mozilla/5.0 (compatible; Barkrowler/0.9; +https://babbar.tech/crawler)"
154.54.249.202 - - [27/May/2022:15:15:54 +0200] "GET /PmWiki/WikiSandbox HTTP/1.1" 302 192 "-" "Mozilla/5.0 (compatible; Barkrowler/0.9; +https://babbar.tech/crawler)"
154.54.249.202 - - [27/May/2022:15:16:15 +0200] "GET /robots.txt HTTP/1.1" 200 - "-" "Mozilla/5.0 (compatible; Barkrowler/0.9; +https://babbar.tech/crawler)"
154.54.249.202 - - [27/May/2022:15:16:30 +0200] "GET /PmWiki/WikiAdministrator HTTP/1.1" 200 10099 "-" "Mozilla/5.0 (compatible; Barkrowler/0.9; +https://babbar.tech/crawler)"
154.54.249.202 - - [27/May/2022:15:16:45 +0200] "GET /PmWiki/WikiWikiWeb HTTP/1.1" 200 13019 "-" "Mozilla/5.0 (compatible; Barkrowler/0.9; +https://babbar.tech/crawler)"
154.54.249.202 - - [27/May/2022:15:17:00 +0200] "GET /PmWiki/Forms?action=diff HTTP/1.1" 200 9137 "-" "Mozilla/5.0 (compatible; Barkrowler/0.9; +https://babbar.tech/crawler)"
85.25.177.219 - - [27/May/2022:15:17:05 +0200] "GET /Hilfe/Quicktime?action=diff HTTP/1.1" 403 18 "-" "SEO Scanner/1.2.4 (SEO Crawler; seoscanners.info; info@seoscanners.info)"
154.54.249.202 - - [27/May/2022:15:17:15 +0200] "GET /PmWiki/PageDirectives HTTP/1.1" 200 20238 "-" "Mozilla/5.0 (compatible; Barkrowler/0.9; +https://babbar.tech/crawler)"
194.209.200.2 - - [27/May/2022:15:17:22 +0200] "GET /robots.txt HTTP/1.1" 200 - "-" "Mozilla/5.0 (compatible; TMMBot/0.2; +http://www.dslab.ch)/Nutch-1.15"
194.209.200.2 - - [27/May/2022:15:17:22 +0200] "GET /Admin/AdresseStiftung HTTP/1.1" 200 8453 "-" "Mozilla/5.0 (compatible; TMMBot/0.2; +http://www.dslab.ch)/Nutch-1.15"
154.54.249.202 - - [27/May/2022:15:17:31 +0200] "GET /PmWiki/PageVariables HTTP/1.1" 200 24883 "-" "Mozilla/5.0 (compatible; Barkrowler/0.9; +https://babbar.tech/crawler)"
154.54.249.202 - - [27/May/2022:15:17:46 +0200] "GET /PmWiki/PageFileFormat HTTP/1.1" 200 16829 "-" "Mozilla/5.0 (compatible; Barkrowler/0.9; +https://babbar.tech/crawler)"
154.54.249.202 - - [27/May/2022:15:18:02 +0200] "GET /PmWiki/SpecialMarkups HTTP/1.1" 404 8941 "-" "Mozilla/5.0 (compatible; Barkrowler/0.9; +https://babbar.tech/crawler)"
154.54.249.202 - - [27/May/2022:15:18:17 +0200] "GET /PmWiki/UploadsAdmin HTTP/1.1" 200 35909 "-" "Mozilla/5.0 (compatible; Barkrowler/0.9; +https://babbar.tech/crawler)"
85.25.177.219 - - [27/May/2022:15:18:27 +0200] "GET /Gast/Podcast?action=upload HTTP/1.1" 403 18 "-" "SEO Scanner/1.2.4 (SEO Crawler; seoscanners.info; info@seoscanners.info)"
154.54.249.202 - - [27/May/2022:15:18:32 +0200] "GET /PmWiki/OtherVariables HTTP/1.1" 200 19866 "-" "Mozilla/5.0 (compatible; Barkrowler/0.9; +https://babbar.tech/crawler)"
154.54.249.202 - - [27/May/2022:15:18:47 +0200] "GET /PmWiki/EditVariables HTTP/1.1" 200 25317 "-" "Mozilla/5.0 (compatible; Barkrowler/0.9; +https://babbar.tech/crawler)"
154.54.249.202 - - [27/May/2022:15:19:03 +0200] "GET /PmWiki/FilePermissions HTTP/1.1" 200 17116 "-" "Mozilla/5.0 (compatible; Barkrowler/0.9; +https://babbar.tech/crawler)"
154.54.249.202 - - [27/May/2022:15:19:18 +0200] "GET /PmWiki/ReleaseNotes HTTP/1.1" 200 114146 "-" "Mozilla/5.0 (compatible; Barkrowler/0.9; +https://babbar.tech/crawler)"
85.25.177.219 - - [27/May/2022:15:19:25 +0200] "GET /Texte/Schrybwys?action=diff HTTP/1.1" 403 18 "-" "SEO Scanner/1.2.4 (SEO Crawler; seoscanners.info; info@seoscanners.info)"
154.54.249.202 - - [27/May/2022:15:19:33 +0200] "GET /PmWiki/Troubleshooting HTTP/1.1" 200 29681 "-" "Mozilla/5.0 (compatible; Barkrowler/0.9; +https://babbar.tech/crawler)"
154.54.249.202 - - [27/May/2022:15:19:48 +0200] "GET /robots.txt HTTP/1.1" 200 - "-" "Mozilla/5.0 (compatible; Barkrowler/0.9; +https://babbar.tech/crawler)"
154.54.249.202 - - [27/May/2022:15:20:04 +0200] "GET /PmWiki/Name?action=diff HTTP/1.1" 200 9121 "-" "Mozilla/5.0 (compatible; Barkrowler/0.9; +https://babbar.tech/crawler)"
194.209.200.2 - - [27/May/2022:15:20:11 +0200] "GET /Admin/Jahresbericht HTTP/1.1" 200 45530 "-" "Mozilla/5.0 (compatible; TMMBot/0.2; +http://www.dslab.ch)/Nutch-1.15"
154.54.249.202 - - [27/May/2022:15:20:19 +0200] "GET /PmWiki/Name?action=upload HTTP/1.1" 200 8466 "-" "Mozilla/5.0 (compatible; Barkrowler/0.9; +https://babbar.tech/crawler)"
85.25.177.219 - - [27/May/2022:15:20:33 +0200] "GET /Texte/Bitterbeuhsi?action=diff HTTP/1.1" 403 18 "-" "SEO Scanner/1.2.4 (SEO Crawler; seoscanners.info; info@seoscanners.info)"
154.54.249.202 - - [27/May/2022:15:20:34 +0200] "GET /PmWiki/Name?action=print HTTP/1.1" 404 2375 "-" "Mozilla/5.0 (compatible; Barkrowler/0.9; +https://babbar.tech/crawler)"
154.54.249.202 - - [27/May/2022:15:20:49 +0200] "GET /PmWiki/Images?action=diff HTTP/1.1" 200 9153 "-" "Mozilla/5.0 (compatible; Barkrowler/0.9; +https://babbar.tech/crawler)"
154.54.249.202 - - [27/May/2022:15:21:04 +0200] "GET /PmWiki/Images?action=upload HTTP/1.1" 200 8494 "-" "Mozilla/5.0 (compatible; Barkrowler/0.9; +https://babbar.tech/crawler)"
66.249.76.193 - - [27/May/2022:15:21:13 +0200] "GET /PodCast/IndexPage?action=rss HTTP/1.1" 200 6298 "-" "Mozilla/5.0 (compatible; Googlebot/2.1; +http://www.google.com/bot.html)"
154.54.249.202 - - [27/May/2022:15:21:19 +0200] "GET /PmWiki/Images?action=print HTTP/1.1" 200 29159 "-" "Mozilla/5.0 (compatible; Barkrowler/0.9; +https://babbar.tech/crawler)"
154.54.249.202 - - [27/May/2022:15:21:34 +0200] "GET /PmWiki/PathVariables HTTP/1.1" 200 24179 "-" "Mozilla/5.0 (compatible; Barkrowler/0.9; +https://babbar.tech/crawler)"
85.25.177.219 - - [27/May/2022:15:21:35 +0200] "GET /Texte/Schrybwys?action=edit HTTP/1.1" 403 18 "-" "SEO Scanner/1.2.4 (SEO Crawler; seoscanners.info; info@seoscanners.info)"
154.54.249.202 - - [27/May/2022:15:21:49 +0200] "GET /PmWiki/BasicVariables HTTP/1.1" 200 33583 "-" "Mozilla/5.0 (compatible; Barkrowler/0.9; +https://babbar.tech/crawler)"
154.54.249.202 - - [27/May/2022:15:22:05 +0200] "GET /PmWiki/RSS?action=diff HTTP/1.1" 200 9105 "-" "Mozilla/5.0 (compatible; Barkrowler/0.9; +https://babbar.tech/crawler)"
154.54.249.202 - - [27/May/2022:15:22:20 +0200] "GET /PmWiki/RSS?action=upload HTTP/1.1" 200 8452 "-" "Mozilla/5.0 (compatible; Barkrowler/0.9; +https://babbar.tech/crawler)"
154.54.249.202 - - [27/May/2022:15:22:35 +0200] "GET /PmWiki/LocalCustomizations HTTP/1.1" 200 23713 "-" "Mozilla/5.0 (compatible; Barkrowler/0.9; +https://babbar.tech/crawler)"
194.209.200.2 - - [27/May/2022:15:22:39 +0200] "GET /Texte/GDicht HTTP/1.1" 200 8050 "-" "Mozilla/5.0 (compatible; TMMBot/0.2; +http://www.dslab.ch)/Nutch-1.15"
154.54.249.202 - - [27/May/2022:15:22:59 +0200] "GET /PmWikiFr/ContactUs HTTP/1.1" 404 9421 "-" "Mozilla/5.0 (compatible; Barkrowler/0.9; +https://babbar.tech/crawler)"
154.54.249.202 - - [27/May/2022:15:23:14 +0200] "GET /PmWikiFr/Upgrades HTTP/1.1" 200 11977 "-" "Mozilla/5.0 (compatible; Barkrowler/0.9; +https://babbar.tech/crawler)"
154.54.249.202 - - [27/May/2022:15:23:29 +0200] "GET /robots.txt HTTP/1.1" 200 - "-" "Mozilla/5.0 (compatible; Barkrowler/0.9; +https://babbar.tech/crawler)"
154.54.249.202 - - [27/May/2022:15:23:44 +0200] "GET /PmWikiFr/ListLocal HTTP/1.1" 200 40415 "-" "Mozilla/5.0 (compatible; Barkrowler/0.9; +https://babbar.tech/crawler)"
154.54.249.202 - - [27/May/2022:15:24:00 +0200] "GET /PmWikiFr/Subversion HTTP/1.1" 404 9200 "-" "Mozilla/5.0 (compatible; Barkrowler/0.9; +https://babbar.tech/crawler)"
85.25.177.219 - - [27/May/2022:15:24:09 +0200] "GET /Texte/Styluebige?action=edit HTTP/1.1" 403 18 "-" "SEO Scanner/1.2.4 (SEO Crawler; seoscanners.info; info@seoscanners.info)"
154.54.249.202 - - [27/May/2022:15:24:15 +0200] "GET /PmWikiFr/WikiPage HTTP/1.1" 200 9850 "-" "Mozilla/5.0 (compatible; Barkrowler/0.9; +https://babbar.tech/crawler)"
185.191.171.19 - - [27/May/2022:15:24:19 +0200] "GET /PmWikiRu/WikiFarms?action=upload HTTP/1.1" 403 18 "-" "Mozilla/5.0 (compatible; SemrushBot/7~bl; +http://www.semrush.com/bot.html)"
154.54.249.202 - - [27/May/2022:15:24:30 +0200] "GET /PmWikiFr/WikiGroup HTTP/1.1" 200 17000 "-" "Mozilla/5.0 (compatible; Barkrowler/0.9; +https://babbar.tech/crawler)"
154.54.249.202 - - [27/May/2022:15:24:48 +0200] "GET /PmWikiFr/WikiTrails HTTP/1.1" 200 12663 "-" "Mozilla/5.0 (compatible; Barkrowler/0.9; +https://babbar.tech/crawler)"
154.54.249.202 - - [27/May/2022:15:25:03 +0200] "GET /PmWikiFr/WikiStyles HTTP/1.1" 200 26478 "-" "Mozilla/5.0 (compatible; Barkrowler/0.9; +https://babbar.tech/crawler)"
154.54.249.202 - - [27/May/2022:15:25:27 +0200] "GET /PmWikiFr/WikiGroups HTTP/1.1" 404 9444 "-" "Mozilla/5.0 (compatible; Barkrowler/0.9; +https://babbar.tech/crawler)"
154.54.249.202 - - [27/May/2022:15:25:43 +0200] "GET /PmWikiFr/WikiWords HTTP/1.1" 404 9421 "-" "Mozilla/5.0 (compatible; Barkrowler/0.9; +https://babbar.tech/crawler)"
154.54.249.202 - - [27/May/2022:15:25:58 +0200] "GET /PmWikiFr/WikiWord HTTP/1.1" 200 12447 "-" "Mozilla/5.0 (compatible; Barkrowler/0.9; +https://babbar.tech/crawler)"
194.209.200.2 - - [27/May/2022:15:26:05 +0200] "GET /Main/Home HTTP/1.1" 200 14638 "-" "Mozilla/5.0 (compatible; TMMBot/0.2; +http://www.dslab.ch)/Nutch-1.15"
154.54.249.202 - - [27/May/2022:15:26:13 +0200] "GET /PmWikiFr/FullName HTTP/1.1" 404 9164 "-" "Mozilla/5.0 (compatible; Barkrowler/0.9; +https://babbar.tech/crawler)"
85.25.177.219 - - [27/May/2022:15:26:20 +0200] "GET /Texte/Limericks?action=diff HTTP/1.1" 403 18 "-" "SEO Scanner/1.2.4 (SEO Crawler; seoscanners.info; info@seoscanners.info)"
154.54.249.202 - - [27/May/2022:15:26:28 +0200] "GET /PmWikiFr/PageHistory HTTP/1.1" 200 11167 "-" "Mozilla/5.0 (compatible; Barkrowler/0.9; +https://babbar.tech/crawler)"
194.209.200.2 - - [27/May/2022:15:26:36 +0200] "GET / HTTP/1.1" 200 14638 "-" "Mozilla/5.0 (compatible; TMMBot/0.2; +http://www.dslab.ch)/Nutch-1.15"
154.54.249.202 - - [27/May/2022:15:26:43 +0200] "GET /PmWikiFr/PmWiki HTTP/1.1" 302 190 "-" "Mozilla/5.0 (compatible; Barkrowler/0.9; +https://babbar.tech/crawler)"
154.54.249.202 - - [27/May/2022:15:26:58 +0200] "GET /PmWikiFr/Localisation HTTP/1.1" 404 9238 "-" "Mozilla/5.0 (compatible; Barkrowler/0.9; +https://babbar.tech/crawler)"
194.209.200.2 - - [27/May/2022:15:27:10 +0200] "GET /Admin/ZurStiftung HTTP/1.1" 200 10864 "-" "Mozilla/5.0 (compatible; TMMBot/0.2; +http://www.dslab.ch)/Nutch-1.15"
154.54.249.202 - - [27/May/2022:15:27:14 +0200] "GET /robots.txt HTTP/1.1" 200 - "-" "Mozilla/5.0 (compatible; Barkrowler/0.9; +https://babbar.tech/crawler)"
154.54.249.202 - - [27/May/2022:15:27:29 +0200] "GET /PmWikiFr/RefCount HTTP/1.1" 200 11841 "-" "Mozilla/5.0 (compatible; Barkrowler/0.9; +https://babbar.tech/crawler)"
154.54.249.202 - - [27/May/2022:15:27:46 +0200] "GET /PmWikiFr/GroupFooter HTTP/1.1" 200 9347 "-" "Mozilla/5.0 (compatible; Barkrowler/0.9; +https://babbar.tech/crawler)"
154.54.249.202 - - [27/May/2022:15:28:02 +0200] "GET /PmWikiFr/GroupHeader HTTP/1.1" 200 9347 "-" "Mozilla/5.0 (compatible; Barkrowler/0.9; +https://babbar.tech/crawler)"
85.25.177.219 - - [27/May/2022:15:28:10 +0200] "GET /Hilfe/Quicktime?action=upload HTTP/1.1" 403 18 "-" "SEO Scanner/1.2.4 (SEO Crawler; seoscanners.info; info@seoscanners.info)"
154.54.249.202 - - [27/May/2022:15:28:17 +0200] "GET /PmWikiFr/Introduction HTTP/1.1" 404 9488 "-" "Mozilla/5.0 (compatible; Barkrowler/0.9; +https://babbar.tech/crawler)"
194.209.200.2 - - [27/May/2022:15:28:20 +0200] "GET /Gast/Podcast HTTP/1.1" 200 8106 "-" "Mozilla/5.0 (compatible; TMMBot/0.2; +http://www.dslab.ch)/Nutch-1.15"
154.54.249.202 - - [27/May/2022:15:28:32 +0200] "GET /PmWikiFr/PageLists HTTP/1.1" 200 19495 "-" "Mozilla/5.0 (compatible; Barkrowler/0.9; +https://babbar.tech/crawler)"
154.54.249.202 - - [27/May/2022:15:28:47 +0200] "GET /PmWikiFr/AuthUser HTTP/1.1" 200 20474 "-" "Mozilla/5.0 (compatible; Barkrowler/0.9; +https://babbar.tech/crawler)"
154.54.249.202 - - [27/May/2022:15:29:03 +0200] "GET /PmWikiFr/StylesWiki HTTP/1.1" 404 9202 "-" "Mozilla/5.0 (compatible; Barkrowler/0.9; +https://babbar.tech/crawler)"
194.209.200.2 - - [27/May/2022:15:29:14 +0200] "GET /Hilfe/AnleitungTonbeispiele HTTP/1.1" 200 9878 "-" "Mozilla/5.0 (compatible; TMMBot/0.2; +http://www.dslab.ch)/Nutch-1.15"
154.54.249.202 - - [27/May/2022:15:29:18 +0200] "GET /PmWikiFr/Glossary HTTP/1.1" 200 15808 "-" "Mozilla/5.0 (compatible; Barkrowler/0.9; +https://babbar.tech/crawler)"
154.54.249.202 - - [27/May/2022:15:29:33 +0200] "GET /PmWikiFr/Variables HTTP/1.1" 200 59312 "-" "Mozilla/5.0 (compatible; Barkrowler/0.9; +https://babbar.tech/crawler)"
154.54.249.202 - - [27/May/2022:15:29:48 +0200] "GET /PmWikiFr/TestTom HTTP/1.1" 200 47119 "-" "Mozilla/5.0 (compatible; Barkrowler/0.9; +https://babbar.tech/crawler)"
154.54.249.202 - - [27/May/2022:15:30:22 +0200] "GET /PmWikiFr/Audiences HTTP/1.1" 200 14307 "-" "Mozilla/5.0 (compatible; Barkrowler/0.9; +https://babbar.tech/crawler)"
154.54.249.202 - - [27/May/2022:15:30:37 +0200] "GET /PmWikiFr/Terminologie HTTP/1.1" 200 12992 "-" "Mozilla/5.0 (compatible; Barkrowler/0.9; +https://babbar.tech/crawler)"
154.54.249.202 - - [27/May/2022:15:30:59 +0200] "GET /PmWikiFr/RecentChanges HTTP/1.1" 404 9259 "-" "Mozilla/5.0 (compatible; Barkrowler/0.9; +https://babbar.tech/crawler)"
154.54.249.202 - - [27/May/2022:15:31:14 +0200] "GET /robots.txt HTTP/1.1" 200 - "-" "Mozilla/5.0 (compatible; Barkrowler/0.9; +https://babbar.tech/crawler)"
154.54.249.202 - - [27/May/2022:15:31:29 +0200] "GET /PmWikiFr/InterMap HTTP/1.1" 200 12430 "-" "Mozilla/5.0 (compatible; Barkrowler/0.9; +https://babbar.tech/crawler)"
154.54.249.202 - - [27/May/2022:15:31:44 +0200] "GET /PmWikiFr/SitePages HTTP/1.1" 200 12965 "-" "Mozilla/5.0 (compatible; Barkrowler/0.9; +https://babbar.tech/crawler)"
154.54.249.202 - - [27/May/2022:15:31:59 +0200] "GET /PmWikiFr/ChangeLog HTTP/1.1" 404 9421 "-" "Mozilla/5.0 (compatible; Barkrowler/0.9; +https://babbar.tech/crawler)"
154.54.249.202 - - [27/May/2022:15:32:14 +0200] "GET /PmWikiFr/Profils HTTP/1.1" 404 9143 "-" "Mozilla/5.0 (compatible; Barkrowler/0.9; +https://babbar.tech/crawler)"
154.54.249.202 - - [27/May/2022:15:32:29 +0200] "GET /PmWikiFr/Cookbook HTTP/1.1" 404 9162 "-" "Mozilla/5.0 (compatible; Barkrowler/0.9; +https://babbar.tech/crawler)"
62.210.215.119 - - [27/May/2022:15:32:38 +0200] "GET /PodCast/IndexPage?action=rss HTTP/1.1" 200 6298 "-" "Mozilla/5.0 (X11; Linux i686) AppleWebKit/537.36 (KHTML, like Gecko) Chrome/30.0.1599.66 Safari/537.36"
114.119.141.146 - - [27/May/2022:15:32:43 +0200] "GET /PmWikiDe/IncludeOtherPages?action=diff HTTP/1.1" 403 18 "http://www.pro-zurituutsch.ch/PmWikiDe/IncludeOtherPages" "Mozilla/5.0 (Linux; Android 7.0;) AppleWebKit/537.36 (KHTML, like Gecko) Mobile Safari/537.36 (compatible; PetalBot;+https://webmaster.petalsearch.com/site/petalbot)"
154.54.249.202 - - [27/May/2022:15:32:44 +0200] "GET /PmWikiFr/DesignNotes HTTP/1.1" 200 11781 "-" "Mozilla/5.0 (compatible; Barkrowler/0.9; +https://babbar.tech/crawler)"
154.54.249.202 - - [27/May/2022:15:33:00 +0200] "GET /PmWikiFr/LayoutAdvanced HTTP/1.1" 200 13178 "-" "Mozilla/5.0 (compatible; Barkrowler/0.9; +https://babbar.tech/crawler)"
154.54.249.202 - - [27/May/2022:15:33:15 +0200] "GET /PmWikiFr/LayoutBasics HTTP/1.1" 200 14409 "-" "Mozilla/5.0 (compatible; Barkrowler/0.9; +https://babbar.tech/crawler)"
154.54.249.202 - - [27/May/2022:15:33:30 +0200] "GET /PmWikiFr/AccessKeys HTTP/1.1" 404 9444 "-" "Mozilla/5.0 (compatible; Barkrowler/0.9; +https://babbar.tech/crawler)"
154.54.249.202 - - [27/May/2022:15:33:45 +0200] "GET /PmWikiFr/AuthorTracking HTTP/1.1" 200 11606 "-" "Mozilla/5.0 (compatible; Barkrowler/0.9; +https://babbar.tech/crawler)"
154.54.249.202 - - [27/May/2022:15:34:00 +0200] "GET /PmWikiFr/Drafts HTTP/1.1" 404 9350 "-" "Mozilla/5.0 (compatible; Barkrowler/0.9; +https://babbar.tech/crawler)"
154.54.249.202 - - [27/May/2022:15:34:15 +0200] "GET /PmWikiFr/Installation HTTP/1.1" 200 18857 "-" "Mozilla/5.0 (compatible; Barkrowler/0.9; +https://babbar.tech/crawler)"
154.54.249.202 - - [27/May/2022:15:34:35 +0200] "GET /PmWikiFr/Blocklist HTTP/1.1" 404 9419 "-" "Mozilla/5.0 (compatible; Barkrowler/0.9; +https://babbar.tech/crawler)"
154.54.249.202 - - [27/May/2022:15:34:50 +0200] "GET /robots.txt HTTP/1.1" 200 - "-" "Mozilla/5.0 (compatible; Barkrowler/0.9; +https://babbar.tech/crawler)"
154.54.249.202 - - [27/May/2022:15:35:05 +0200] "GET /PmWikiFr/MailPosts HTTP/1.1" 200 18392 "-" "Mozilla/5.0 (compatible; Barkrowler/0.9; +https://babbar.tech/crawler)"
154.54.249.202 - - [27/May/2022:15:35:20 +0200] "GET /PmWikiFr/Requirements HTTP/1.1" 200 11367 "-" "Mozilla/5.0 (compatible; Barkrowler/0.9; +https://babbar.tech/crawler)"
154.54.249.202 - - [27/May/2022:15:35:35 +0200] "GET /PmWikiFr/Contributors HTTP/1.1" 200 12340 "-" "Mozilla/5.0 (compatible; Barkrowler/0.9; +https://babbar.tech/crawler)"
154.54.249.202 - - [27/May/2022:15:35:51 +0200] "GET /PmWikiFr/ReleaseNotes HTTP/1.1" 200 108181 "-" "Mozilla/5.0 (compatible; Barkrowler/0.9; +https://babbar.tech/crawler)"
154.54.249.202 - - [27/May/2022:15:36:06 +0200] "GET /PmWikiFr/Directives HTTP/1.1" 200 18755 "-" "Mozilla/5.0 (compatible; Barkrowler/0.9; +https://babbar.tech/crawler)"
154.54.249.202 - - [27/May/2022:15:36:36 +0200] "GET /PmWikiFr/SideBar HTTP/1.1" 200 11848 "-" "Mozilla/5.0 (compatible; Barkrowler/0.9; +https://babbar.tech/crawler)"
154.54.249.202 - - [27/May/2022:15:36:51 +0200] "GET /PmWikiFr/Troubleshooting HTTP/1.1" 200 11486 "-" "Mozilla/5.0 (compatible; Barkrowler/0.9; +https://babbar.tech/crawler)"
154.54.249.202 - - [27/May/2022:15:37:06 +0200] "GET /PmWiki/Links?action=diff HTTP/1.1" 200 9137 "-" "Mozilla/5.0 (compatible; Barkrowler/0.9; +https://babbar.tech/crawler)"
154.54.249.202 - - [27/May/2022:15:37:21 +0200] "GET /PmWiki/Links?action=upload HTTP/1.1" 200 8480 "-" "Mozilla/5.0 (compatible; Barkrowler/0.9; +https://babbar.tech/crawler)"
154.54.249.202 - - [27/May/2022:15:37:36 +0200] "GET /PmWiki/DeletingPages HTTP/1.1" 200 13818 "-" "Mozilla/5.0 (compatible; Barkrowler/0.9; +https://babbar.tech/crawler)"
154.54.249.202 - - [27/May/2022:15:37:51 +0200] "GET /PmWiki/PasswordsAdmin HTTP/1.1" 200 32656 "-" "Mozilla/5.0 (compatible; Barkrowler/0.9; +https://babbar.tech/crawler)"
154.54.249.202 - - [27/May/2022:15:38:08 +0200] "GET /PmWikiIt/LayoutAdvanced HTTP/1.1" 404 8301 "-" "Mozilla/5.0 (compatible; Barkrowler/0.9; +https://babbar.tech/crawler)"
154.54.249.202 - - [27/May/2022:15:38:24 +0200] "GET /PmWikiIt/LayoutBasics HTTP/1.1" 404 8273 "-" "Mozilla/5.0 (compatible; Barkrowler/0.9; +https://babbar.tech/crawler)"
85.25.177.219 - - [27/May/2022:15:38:37 +0200] "GET /Hilfe/AnleitungTonbeispiele?action=upload HTTP/1.1" 403 18 "-" "SEO Scanner/1.2.4 (SEO Crawler; seoscanners.info; info@seoscanners.info)"
154.54.249.202 - - [27/May/2022:15:38:39 +0200] "GET /robots.txt HTTP/1.1" 200 - "-" "Mozilla/5.0 (compatible; Barkrowler/0.9; +https://babbar.tech/crawler)"
154.54.249.202 - - [27/May/2022:15:38:54 +0200] "GET /PmWikiIt/MailPosts HTTP/1.1" 404 8231 "-" "Mozilla/5.0 (compatible; Barkrowler/0.9; +https://babbar.tech/crawler)"
154.54.249.202 - - [27/May/2022:15:39:09 +0200] "GET /PmWikiIt/AuthorTracking HTTP/1.1" 404 8301 "-" "Mozilla/5.0 (compatible; Barkrowler/0.9; +https://babbar.tech/crawler)"
85.25.177.219 - - [27/May/2022:15:39:13 +0200] "GET /Admin/Pro-ZurituutschStatuten?action=upload HTTP/1.1" 403 18 "-" "SEO Scanner/1.2.4 (SEO Crawler; seoscanners.info; info@seoscanners.info)"
154.54.249.202 - - [27/May/2022:15:39:24 +0200] "GET /PmWikiIt/Terminologia HTTP/1.1" 200 14005 "-" "Mozilla/5.0 (compatible; Barkrowler/0.9; +https://babbar.tech/crawler)"
154.54.249.202 - - [27/May/2022:15:39:39 +0200] "GET /PmWikiIt/WikiWord HTTP/1.1" 404 8217 "-" "Mozilla/5.0 (compatible; Barkrowler/0.9; +https://babbar.tech/crawler)"
154.54.249.202 - - [27/May/2022:15:39:54 +0200] "GET /PmWikiIt/WikiGroup HTTP/1.1" 200 13617 "-" "Mozilla/5.0 (compatible; Barkrowler/0.9; +https://babbar.tech/crawler)"
154.54.249.202 - - [27/May/2022:15:40:09 +0200] "GET /PmWikiIt/WikiStyles HTTP/1.1" 404 8245 "-" "Mozilla/5.0 (compatible; Barkrowler/0.9; +https://babbar.tech/crawler)"
185.191.171.18 - - [27/May/2022:15:40:12 +0200] "GET /PmWikiDe/WikiStyleExamples HTTP/1.1" 200 17473 "-" "Mozilla/5.0 (compatible; SemrushBot/7~bl; +http://www.semrush.com/bot.html)"
154.54.249.202 - - [27/May/2022:15:40:25 +0200] "GET /PmWikiIt/WikiTrails HTTP/1.1" 404 8245 "-" "Mozilla/5.0 (compatible; Barkrowler/0.9; +https://babbar.tech/crawler)"
85.25.177.219 - - [27/May/2022:15:40:32 +0200] "GET /Admin/Links?action=print HTTP/1.1" 403 18 "-" "SEO Scanner/1.2.4 (SEO Crawler; seoscanners.info; info@seoscanners.info)"
154.54.249.202 - - [27/May/2022:15:40:40 +0200] "GET /PmWikiIt/WikiWords HTTP/1.1" 404 8231 "-" "Mozilla/5.0 (compatible; Barkrowler/0.9; +https://babbar.tech/crawler)"
154.54.249.202 - - [27/May/2022:15:40:55 +0200] "GET /PmWikiIt/Uploads HTTP/1.1" 200 11263 "-" "Mozilla/5.0 (compatible; Barkrowler/0.9; +https://babbar.tech/crawler)"
154.54.249.202 - - [27/May/2022:15:41:10 +0200] "GET /PmWikiIt/Upgrades HTTP/1.1" 404 8215 "-" "Mozilla/5.0 (compatible; Barkrowler/0.9; +https://babbar.tech/crawler)"
154.54.249.202 - - [27/May/2022:15:41:25 +0200] "GET /PmWikiIt/InterMap HTTP/1.1" 404 8217 "-" "Mozilla/5.0 (compatible; Barkrowler/0.9; +https://babbar.tech/crawler)"
154.54.249.202 - - [27/May/2022:15:41:40 +0200] "GET /PmWikiIt/Audiences HTTP/1.1" 404 8229 "-" "Mozilla/5.0 (compatible; Barkrowler/0.9; +https://babbar.tech/crawler)"
154.54.249.202 - - [27/May/2022:15:41:55 +0200] "GET /PmWikiIt/Variables HTTP/1.1" 404 8229 "-" "Mozilla/5.0 (compatible; Barkrowler/0.9; +https://babbar.tech/crawler)"
85.25.177.219 - - [27/May/2022:15:42:00 +0200] "GET /Hilfe/Quicktime?action=print HTTP/1.1" 403 18 "-" "SEO Scanner/1.2.4 (SEO Crawler; seoscanners.info; info@seoscanners.info)"
154.54.249.202 - - [27/May/2022:15:42:10 +0200] "GET /robots.txt HTTP/1.1" 200 - "-" "Mozilla/5.0 (compatible; Barkrowler/0.9; +https://babbar.tech/crawler)"
85.25.177.219 - - [27/May/2022:15:42:20 +0200] "GET /Admin/ZurStiftung?action=upload HTTP/1.1" 403 18 "-" "SEO Scanner/1.2.4 (SEO Crawler; seoscanners.info; info@seoscanners.info)"
154.54.249.202 - - [27/May/2022:15:42:25 +0200] "GET /PmWikiIt/Contributors HTTP/1.1" 404 8271 "-" "Mozilla/5.0 (compatible; Barkrowler/0.9; +https://babbar.tech/crawler)"
154.54.249.202 - - [27/May/2022:15:42:41 +0200] "GET /PmWikiIt/Directives HTTP/1.1" 404 8243 "-" "Mozilla/5.0 (compatible; Barkrowler/0.9; +https://babbar.tech/crawler)"
154.54.249.202 - - [27/May/2022:15:42:56 +0200] "GET /PmWikiIt/SimpleTables HTTP/1.1" 404 8273 "-" "Mozilla/5.0 (compatible; Barkrowler/0.9; +https://babbar.tech/crawler)"
162.55.85.227 - - [27/May/2022:15:43:05 +0200] "GET /robots.txt HTTP/1.1" 200 - "-" "Mozilla/5.0 (compatible; BLEXBot/1.0; +http://webmeup-crawler.com/)"
162.55.85.227 - - [27/May/2022:15:43:07 +0200] "GET /sitemap HTTP/1.1" 404 273 "-" "Mozilla/5.0 (compatible; BLEXBot/1.0; +http://webmeup-crawler.com/)"
162.55.85.227 - - [27/May/2022:15:43:10 +0200] "GET /robots.txt HTTP/1.1" 200 - "-" "Mozilla/5.0 (compatible; BLEXBot/1.0; +http://webmeup-crawler.com/)"
154.54.249.202 - - [27/May/2022:15:43:11 +0200] "GET /PmWikiIt/BasicEditing HTTP/1.1" 200 24648 "-" "Mozilla/5.0 (compatible; Barkrowler/0.9; +https://babbar.tech/crawler)"
162.55.85.227 - - [27/May/2022:15:43:13 +0200] "GET /sitemap HTTP/1.1" 404 277 "-" "Mozilla/5.0 (compatible; BLEXBot/1.0; +http://webmeup-crawler.com/)"
162.55.85.227 - - [27/May/2022:15:43:17 +0200] "GET /sitemap.txt HTTP/1.1" 404 277 "-" "Mozilla/5.0 (compatible; BLEXBot/1.0; +http://webmeup-crawler.com/)"
162.55.85.227 - - [27/May/2022:15:43:20 +0200] "GET /sitemap.txt HTTP/1.1" 404 281 "-" "Mozilla/5.0 (compatible; BLEXBot/1.0; +http://webmeup-crawler.com/)"
162.55.85.227 - - [27/May/2022:15:43:23 +0200] "GET / HTTP/1.1" 200 14638 "-" "Mozilla/5.0 (compatible; BLEXBot/1.0; +http://webmeup-crawler.com/)"
154.54.249.202 - - [27/May/2022:15:43:26 +0200] "GET /PmWikiIt/Glossary HTTP/1.1" 404 8215 "-" "Mozilla/5.0 (compatible; Barkrowler/0.9; +https://babbar.tech/crawler)"
162.55.85.227 - - [27/May/2022:15:43:26 +0200] "GET /Admin/AdresseStiftung?action=diff HTTP/1.1" 403 18 "-" "Mozilla/5.0 (compatible; BLEXBot/1.0; +http://webmeup-crawler.com/)"
162.55.85.227 - - [27/May/2022:15:43:30 +0200] "GET /Admin/AdresseStiftung?action=edit HTTP/1.1" 403 18 "-" "Mozilla/5.0 (compatible; BLEXBot/1.0; +http://webmeup-crawler.com/)"
162.55.85.227 - - [27/May/2022:15:43:33 +0200] "GET /Admin/AdresseStiftung?action=print HTTP/1.1" 403 18 "-" "Mozilla/5.0 (compatible; BLEXBot/1.0; +http://webmeup-crawler.com/)"
162.55.85.227 - - [27/May/2022:15:43:37 +0200] "GET /Admin/AdresseStiftung?action=upload HTTP/1.1" 403 18 "-" "Mozilla/5.0 (compatible; BLEXBot/1.0; +http://webmeup-crawler.com/)"
162.55.85.227 - - [27/May/2022:15:43:41 +0200] "GET /Admin/Links?action=diff HTTP/1.1" 403 18 "-" "Mozilla/5.0 (compatible; BLEXBot/1.0; +http://webmeup-crawler.com/)"
154.54.249.202 - - [27/May/2022:15:43:41 +0200] "GET /PmWikiIt/Passwords HTTP/1.1" 404 8229 "-" "Mozilla/5.0 (compatible; Barkrowler/0.9; +https://babbar.tech/crawler)"
162.55.85.227 - - [27/May/2022:15:43:45 +0200] "GET /Admin/Links?action=edit HTTP/1.1" 403 18 "-" "Mozilla/5.0 (compatible; BLEXBot/1.0; +http://webmeup-crawler.com/)"
162.55.85.227 - - [27/May/2022:15:43:48 +0200] "GET /Admin/Links?action=print HTTP/1.1" 403 18 "-" "Mozilla/5.0 (compatible; BLEXBot/1.0; +http://webmeup-crawler.com/)"
162.55.85.227 - - [27/May/2022:15:43:52 +0200] "GET /Admin/Links?action=upload HTTP/1.1" 403 18 "-" "Mozilla/5.0 (compatible; BLEXBot/1.0; +http://webmeup-crawler.com/)"
162.55.85.227 - - [27/May/2022:15:43:54 +0200] "GET /Admin/Pro-ZurituutschStatuten?action=diff HTTP/1.1" 403 18 "-" "Mozilla/5.0 (compatible; BLEXBot/1.0; +http://webmeup-crawler.com/)"
154.54.249.202 - - [27/May/2022:15:43:56 +0200] "GET /PmWikiIt/RefCount HTTP/1.1" 404 8217 "-" "Mozilla/5.0 (compatible; Barkrowler/0.9; +https://babbar.tech/crawler)"
162.55.85.227 - - [27/May/2022:15:43:57 +0200] "GET /Admin/Pro-ZurituutschStatuten?action=edit HTTP/1.1" 403 18 "-" "Mozilla/5.0 (compatible; BLEXBot/1.0; +http://webmeup-crawler.com/)"
162.55.85.227 - - [27/May/2022:15:44:00 +0200] "GET /Admin/Pro-ZurituutschStatuten?action=print HTTP/1.1" 403 18 "-" "Mozilla/5.0 (compatible; BLEXBot/1.0; +http://webmeup-crawler.com/)"
162.55.85.227 - - [27/May/2022:15:44:04 +0200] "GET /Admin/Pro-ZurituutschStatuten?action=upload HTTP/1.1" 403 18 "-" "Mozilla/5.0 (compatible; BLEXBot/1.0; +http://webmeup-crawler.com/)"
162.55.85.227 - - [27/May/2022:15:44:07 +0200] "GET /Admin/ZurStiftung?action=diff HTTP/1.1" 403 18 "-" "Mozilla/5.0 (compatible; BLEXBot/1.0; +http://webmeup-crawler.com/)"
162.55.85.227 - - [27/May/2022:15:44:10 +0200] "GET /Admin/ZurStiftung?action=edit HTTP/1.1" 403 18 "-" "Mozilla/5.0 (compatible; BLEXBot/1.0; +http://webmeup-crawler.com/)"
154.54.249.202 - - [27/May/2022:15:44:12 +0200] "GET /PmWiki/BlockMarkup HTTP/1.1" 200 15202 "-" "Mozilla/5.0 (compatible; Barkrowler/0.9; +https://babbar.tech/crawler)"
162.55.85.227 - - [27/May/2022:15:44:14 +0200] "GET /Admin/ZurStiftung?action=print HTTP/1.1" 403 18 "-" "Mozilla/5.0 (compatible; BLEXBot/1.0; +http://webmeup-crawler.com/)"
162.55.85.227 - - [27/May/2022:15:44:19 +0200] "GET /Admin/ZurStiftung?action=upload HTTP/1.1" 403 18 "-" "Mozilla/5.0 (compatible; BLEXBot/1.0; +http://webmeup-crawler.com/)"
162.55.85.227 - - [27/May/2022:15:44:22 +0200] "GET /Gast/Podcast?action=diff HTTP/1.1" 403 18 "-" "Mozilla/5.0 (compatible; BLEXBot/1.0; +http://webmeup-crawler.com/)"
162.55.85.227 - - [27/May/2022:15:44:25 +0200] "GET /Gast/Podcast?action=edit HTTP/1.1" 403 18 "-" "Mozilla/5.0 (compatible; BLEXBot/1.0; +http://webmeup-crawler.com/)"
154.54.249.202 - - [27/May/2022:15:44:27 +0200] "GET /SiteAdmin/SiteAdmin?action=print HTTP/1.1" 200 2765 "-" "Mozilla/5.0 (compatible; Barkrowler/0.9; +https://babbar.tech/crawler)"
162.55.85.227 - - [27/May/2022:15:44:29 +0200] "GET /Gast/Podcast?action=print HTTP/1.1" 403 18 "-" "Mozilla/5.0 (compatible; BLEXBot/1.0; +http://webmeup-crawler.com/)"
162.55.85.227 - - [27/May/2022:15:44:32 +0200] "GET /Gast/Podcast?action=upload HTTP/1.1" 403 18 "-" "Mozilla/5.0 (compatible; BLEXBot/1.0; +http://webmeup-crawler.com/)"
162.55.85.227 - - [27/May/2022:15:44:35 +0200] "GET /Hilfe/AnleitungTonbeispiele?action=diff HTTP/1.1" 403 18 "-" "Mozilla/5.0 (compatible; BLEXBot/1.0; +http://webmeup-crawler.com/)"
162.55.85.227 - - [27/May/2022:15:44:38 +0200] "GET /Hilfe/AnleitungTonbeispiele?action=edit HTTP/1.1" 403 18 "-" "Mozilla/5.0 (compatible; BLEXBot/1.0; +http://webmeup-crawler.com/)"
154.54.249.202 - - [27/May/2022:15:44:42 +0200] "GET /SiteAdmin/SiteAdmin?action=edit HTTP/1.1" 200 8698 "-" "Mozilla/5.0 (compatible; Barkrowler/0.9; +https://babbar.tech/crawler)"
162.55.85.227 - - [27/May/2022:15:44:42 +0200] "GET /Hilfe/AnleitungTonbeispiele?action=print HTTP/1.1" 403 18 "-" "Mozilla/5.0 (compatible; BLEXBot/1.0; +http://webmeup-crawler.com/)"
162.55.85.227 - - [27/May/2022:15:44:46 +0200] "GET /Hilfe/AnleitungTonbeispiele?action=upload HTTP/1.1" 403 18 "-" "Mozilla/5.0 (compatible; BLEXBot/1.0; +http://webmeup-crawler.com/)"
162.55.85.227 - - [27/May/2022:15:44:50 +0200] "GET /Hilfe/Quicktime HTTP/1.1" 200 9103 "-" "Mozilla/5.0 (compatible; BLEXBot/1.0; +http://webmeup-crawler.com/)"
162.55.85.227 - - [27/May/2022:15:44:53 +0200] "GET /Hilfe/RealOne HTTP/1.1" 200 10362 "-" "Mozilla/5.0 (compatible; BLEXBot/1.0; +http://webmeup-crawler.com/)"
162.55.85.227 - - [27/May/2022:15:44:56 +0200] "GET /Hilfe/Winamp HTTP/1.1" 200 9314 "-" "Mozilla/5.0 (compatible; BLEXBot/1.0; +http://webmeup-crawler.com/)"
154.54.249.202 - - [27/May/2022:15:44:57 +0200] "GET /SiteAdmin/SiteAdmin?action=upload HTTP/1.1" 200 8598 "-" "Mozilla/5.0 (compatible; Barkrowler/0.9; +https://babbar.tech/crawler)"
162.55.85.227 - - [27/May/2022:15:44:58 +0200] "GET /Main/Home?action=diff HTTP/1.1" 403 18 "-" "Mozilla/5.0 (compatible; BLEXBot/1.0; +http://webmeup-crawler.com/)"
162.55.85.227 - - [27/May/2022:15:45:02 +0200] "GET /Main/Home?action=edit HTTP/1.1" 403 18 "-" "Mozilla/5.0 (compatible; BLEXBot/1.0; +http://webmeup-crawler.com/)"
162.55.85.227 - - [27/May/2022:15:45:05 +0200] "GET /Main/Home?action=print HTTP/1.1" 403 18 "-" "Mozilla/5.0 (compatible; BLEXBot/1.0; +http://webmeup-crawler.com/)"
162.55.85.227 - - [27/May/2022:15:45:08 +0200] "GET /Main/Home?action=upload HTTP/1.1" 403 18 "-" "Mozilla/5.0 (compatible; BLEXBot/1.0; +http://webmeup-crawler.com/)"
216.244.66.243 - - [27/May/2022:15:45:09 +0200] "GET /robots.txt HTTP/1.1" 200 - "-" "Mozilla/5.0 (compatible; DotBot/1.2; +https://opensiteexplorer.org/dotbot; help@moz.com)"
162.55.85.227 - - [27/May/2022:15:45:11 +0200] "GET /PodCast/RSSPodcasts?action=diff HTTP/1.1" 403 18 "-" "Mozilla/5.0 (compatible; BLEXBot/1.0; +http://webmeup-crawler.com/)"
154.54.249.202 - - [27/May/2022:15:45:12 +0200] "GET /SiteAdmin/NotifyList HTTP/1.1" 200 8580 "-" "Mozilla/5.0 (compatible; Barkrowler/0.9; +https://babbar.tech/crawler)"
162.55.85.227 - - [27/May/2022:15:45:15 +0200] "GET /PodCast/RSSPodcasts?action=edit HTTP/1.1" 403 18 "-" "Mozilla/5.0 (compatible; BLEXBot/1.0; +http://webmeup-crawler.com/)"
162.55.85.227 - - [27/May/2022:15:45:19 +0200] "GET /PodCast/RSSPodcasts?action=print HTTP/1.1" 403 18 "-" "Mozilla/5.0 (compatible; BLEXBot/1.0; +http://webmeup-crawler.com/)"
162.55.85.227 - - [27/May/2022:15:45:23 +0200] "GET /PodCast/RSSPodcasts?action=upload HTTP/1.1" 403 18 "-" "Mozilla/5.0 (compatible; BLEXBot/1.0; +http://webmeup-crawler.com/)"
154.54.249.202 - - [27/May/2022:15:45:27 +0200] "GET /SiteAdmin/Blocklist?action=edit HTTP/1.1" 200 8678 "-" "Mozilla/5.0 (compatible; Barkrowler/0.9; +https://babbar.tech/crawler)"
162.55.85.227 - - [27/May/2022:15:45:27 +0200] "GET /Texte/ArsAmatoria?action=diff HTTP/1.1" 403 18 "-" "Mozilla/5.0 (compatible; BLEXBot/1.0; +http://webmeup-crawler.com/)"
162.55.85.227 - - [27/May/2022:15:45:30 +0200] "GET /Texte/ArsAmatoria?action=edit HTTP/1.1" 403 18 "-" "Mozilla/5.0 (compatible; BLEXBot/1.0; +http://webmeup-crawler.com/)"
162.55.85.227 - - [27/May/2022:15:45:37 +0200] "GET /Texte/ArsAmatoria?action=print HTTP/1.1" 403 18 "-" "Mozilla/5.0 (compatible; BLEXBot/1.0; +http://webmeup-crawler.com/)"
162.55.85.227 - - [27/May/2022:15:45:41 +0200] "GET /Texte/ArsAmatoria?action=upload HTTP/1.1" 403 18 "-" "Mozilla/5.0 (compatible; BLEXBot/1.0; +http://webmeup-crawler.com/)"
154.54.249.202 - - [27/May/2022:15:45:42 +0200] "GET /robots.txt HTTP/1.1" 200 - "-" "Mozilla/5.0 (compatible; Barkrowler/0.9; +https://babbar.tech/crawler)"
162.55.85.227 - - [27/May/2022:15:45:46 +0200] "GET /Texte/Bitterbeuhsi?action=diff HTTP/1.1" 403 18 "-" "Mozilla/5.0 (compatible; BLEXBot/1.0; +http://webmeup-crawler.com/)"
162.55.85.227 - - [27/May/2022:15:45:50 +0200] "GET /Texte/Bitterbeuhsi?action=edit HTTP/1.1" 403 18 "-" "Mozilla/5.0 (compatible; BLEXBot/1.0; +http://webmeup-crawler.com/)"
162.55.85.227 - - [27/May/2022:15:45:53 +0200] "GET /Texte/Bitterbeuhsi?action=print HTTP/1.1" 403 18 "-" "Mozilla/5.0 (compatible; BLEXBot/1.0; +http://webmeup-crawler.com/)"
162.55.85.227 - - [27/May/2022:15:45:57 +0200] "GET /Texte/Bitterbeuhsi?action=upload HTTP/1.1" 403 18 "-" "Mozilla/5.0 (compatible; BLEXBot/1.0; +http://webmeup-crawler.com/)"
154.54.249.202 - - [27/May/2022:15:45:57 +0200] "GET /SiteAdmin/Blocklist?action=upload HTTP/1.1" 200 8578 "-" "Mozilla/5.0 (compatible; Barkrowler/0.9; +https://babbar.tech/crawler)"
85.25.177.219 - - [27/May/2022:15:45:59 +0200] "GET /Texte/Styluebige?action=upload HTTP/1.1" 403 18 "-" "SEO Scanner/1.2.4 (SEO Crawler; seoscanners.info; info@seoscanners.info)"
162.55.85.227 - - [27/May/2022:15:46:01 +0200] "GET /Texte/GDicht?action=diff HTTP/1.1" 403 18 "-" "Mozilla/5.0 (compatible; BLEXBot/1.0; +http://webmeup-crawler.com/)"
162.55.85.227 - - [27/May/2022:15:46:04 +0200] "GET /Texte/GDicht?action=edit HTTP/1.1" 403 18 "-" "Mozilla/5.0 (compatible; BLEXBot/1.0; +http://webmeup-crawler.com/)"
162.55.85.227 - - [27/May/2022:15:46:08 +0200] "GET /Texte/GDicht?action=print HTTP/1.1" 403 18 "-" "Mozilla/5.0 (compatible; BLEXBot/1.0; +http://webmeup-crawler.com/)"
162.55.85.227 - - [27/May/2022:15:46:10 +0200] "GET /Texte/GDicht?action=upload HTTP/1.1" 403 18 "-" "Mozilla/5.0 (compatible; BLEXBot/1.0; +http://webmeup-crawler.com/)"
154.54.249.202 - - [27/May/2022:15:46:12 +0200] "GET /SiteAdmin/Blocklist?action=print HTTP/1.1" 200 2745 "-" "Mozilla/5.0 (compatible; Barkrowler/0.9; +https://babbar.tech/crawler)"
162.55.85.227 - - [27/May/2022:15:46:13 +0200] "GET /Texte/Gloosse?action=diff HTTP/1.1" 403 18 "-" "Mozilla/5.0 (compatible; BLEXBot/1.0; +http://webmeup-crawler.com/)"
162.55.85.227 - - [27/May/2022:15:46:17 +0200] "GET /Texte/Gloosse?action=edit HTTP/1.1" 403 18 "-" "Mozilla/5.0 (compatible; BLEXBot/1.0; +http://webmeup-crawler.com/)"
162.55.85.227 - - [27/May/2022:15:46:20 +0200] "GET /Texte/Gloosse?action=print HTTP/1.1" 403 18 "-" "Mozilla/5.0 (compatible; BLEXBot/1.0; +http://webmeup-crawler.com/)"
162.55.85.227 - - [27/May/2022:15:46:23 +0200] "GET /Texte/Gloosse?action=upload HTTP/1.1" 403 18 "-" "Mozilla/5.0 (compatible; BLEXBot/1.0; +http://webmeup-crawler.com/)"
162.55.85.227 - - [27/May/2022:15:46:26 +0200] "GET /Texte/Limericks?action=diff HTTP/1.1" 403 18 "-" "Mozilla/5.0 (compatible; BLEXBot/1.0; +http://webmeup-crawler.com/)"
154.54.249.202 - - [27/May/2022:15:46:28 +0200] "GET /SiteAdmin/Blocklist?action=diff HTTP/1.1" 200 9322 "-" "Mozilla/5.0 (compatible; Barkrowler/0.9; +https://babbar.tech/crawler)"
162.55.85.227 - - [27/May/2022:15:46:30 +0200] "GET /Texte/Limericks?action=edit HTTP/1.1" 403 18 "-" "Mozilla/5.0 (compatible; BLEXBot/1.0; +http://webmeup-crawler.com/)"
162.55.85.227 - - [27/May/2022:15:46:35 +0200] "GET /Texte/Limericks?action=print HTTP/1.1" 403 18 "-" "Mozilla/5.0 (compatible; BLEXBot/1.0; +http://webmeup-crawler.com/)"
162.55.85.227 - - [27/May/2022:15:46:38 +0200] "GET /Texte/Limericks?action=upload HTTP/1.1" 403 18 "-" "Mozilla/5.0 (compatible; BLEXBot/1.0; +http://webmeup-crawler.com/)"
162.55.85.227 - - [27/May/2022:15:46:40 +0200] "GET /Texte/Metamorphoses?action=diff HTTP/1.1" 403 18 "-" "Mozilla/5.0 (compatible; BLEXBot/1.0; +http://webmeup-crawler.com/)"
154.54.249.202 - - [27/May/2022:15:46:43 +0200] "GET /SiteAdmin/AuthList?action=edit HTTP/1.1" 200 8666 "-" "Mozilla/5.0 (compatible; Barkrowler/0.9; +https://babbar.tech/crawler)"
162.55.85.227 - - [27/May/2022:15:46:43 +0200] "GET /Texte/Metamorphoses?action=edit HTTP/1.1" 403 18 "-" "Mozilla/5.0 (compatible; BLEXBot/1.0; +http://webmeup-crawler.com/)"
162.55.85.227 - - [27/May/2022:15:46:46 +0200] "GET /Texte/Metamorphoses?action=print HTTP/1.1" 403 18 "-" "Mozilla/5.0 (compatible; BLEXBot/1.0; +http://webmeup-crawler.com/)"
162.55.85.227 - - [27/May/2022:15:46:48 +0200] "GET /Texte/Metamorphoses?action=upload HTTP/1.1" 403 18 "-" "Mozilla/5.0 (compatible; BLEXBot/1.0; +http://webmeup-crawler.com/)"
85.25.177.219 - - [27/May/2022:15:46:49 +0200] "GET /Admin/Pro-ZurituutschStatuten?action=print HTTP/1.1" 403 18 "-" "SEO Scanner/1.2.4 (SEO Crawler; seoscanners.info; info@seoscanners.info)"
162.55.85.227 - - [27/May/2022:15:46:51 +0200] "GET /Texte/Rezension?action=diff HTTP/1.1" 403 18 "-" "Mozilla/5.0 (compatible; BLEXBot/1.0; +http://webmeup-crawler.com/)"
162.55.85.227 - - [27/May/2022:15:46:54 +0200] "GET /Texte/Rezension?action=edit HTTP/1.1" 403 18 "-" "Mozilla/5.0 (compatible; BLEXBot/1.0; +http://webmeup-crawler.com/)"
162.55.85.227 - - [27/May/2022:15:46:56 +0200] "GET /Texte/Rezension?action=print HTTP/1.1" 403 18 "-" "Mozilla/5.0 (compatible; BLEXBot/1.0; +http://webmeup-crawler.com/)"
162.55.85.227 - - [27/May/2022:15:46:59 +0200] "GET /Texte/Rezension?action=upload HTTP/1.1" 403 18 "-" "Mozilla/5.0 (compatible; BLEXBot/1.0; +http://webmeup-crawler.com/)"
162.55.85.227 - - [27/May/2022:15:47:02 +0200] "GET /Texte/Roman?action=diff HTTP/1.1" 403 18 "-" "Mozilla/5.0 (compatible; BLEXBot/1.0; +http://webmeup-crawler.com/)"
154.54.249.202 - - [27/May/2022:15:47:02 +0200] "GET /Help/AnleitungTonbeispiele HTTP/1.1" 404 8341 "-" "Mozilla/5.0 (compatible; Barkrowler/0.9; +https://babbar.tech/crawler)"
162.55.85.227 - - [27/May/2022:15:47:05 +0200] "GET /Texte/Roman?action=edit HTTP/1.1" 403 18 "-" "Mozilla/5.0 (compatible; BLEXBot/1.0; +http://webmeup-crawler.com/)"
162.55.85.227 - - [27/May/2022:15:47:08 +0200] "GET /Texte/Roman?action=print HTTP/1.1" 403 18 "-" "Mozilla/5.0 (compatible; BLEXBot/1.0; +http://webmeup-crawler.com/)"
162.55.85.227 - - [27/May/2022:15:47:11 +0200] "GET /Texte/Roman?action=upload HTTP/1.1" 403 18 "-" "Mozilla/5.0 (compatible; BLEXBot/1.0; +http://webmeup-crawler.com/)"
162.55.85.227 - - [27/May/2022:15:47:14 +0200] "GET /Texte/Schrybwys?action=diff HTTP/1.1" 403 18 "-" "Mozilla/5.0 (compatible; BLEXBot/1.0; +http://webmeup-crawler.com/)"
162.55.85.227 - - [27/May/2022:15:47:18 +0200] "GET /Texte/Schrybwys?action=edit HTTP/1.1" 403 18 "-" "Mozilla/5.0 (compatible; BLEXBot/1.0; +http://webmeup-crawler.com/)"
162.55.85.227 - - [27/May/2022:15:47:22 +0200] "GET /Texte/Schrybwys?action=print HTTP/1.1" 403 18 "-" "Mozilla/5.0 (compatible; BLEXBot/1.0; +http://webmeup-crawler.com/)"
162.55.85.227 - - [27/May/2022:15:47:25 +0200] "GET /Texte/Schrybwys?action=upload HTTP/1.1" 403 18 "-" "Mozilla/5.0 (compatible; BLEXBot/1.0; +http://webmeup-crawler.com/)"
162.55.85.227 - - [27/May/2022:15:47:29 +0200] "GET /Texte/Styluebige?action=diff HTTP/1.1" 403 18 "-" "Mozilla/5.0 (compatible; BLEXBot/1.0; +http://webmeup-crawler.com/)"
154.54.249.202 - - [27/May/2022:15:47:30 +0200] "GET /PodCast/Etnastara HTTP/1.1" 200 8114 "-" "Mozilla/5.0 (compatible; Barkrowler/0.9; +https://babbar.tech/crawler)"
162.55.85.227 - - [27/May/2022:15:47:32 +0200] "GET /Texte/Styluebige?action=edit HTTP/1.1" 403 18 "-" "Mozilla/5.0 (compatible; BLEXBot/1.0; +http://webmeup-crawler.com/)"
162.55.85.227 - - [27/May/2022:15:47:35 +0200] "GET /Texte/Styluebige?action=print HTTP/1.1" 403 18 "-" "Mozilla/5.0 (compatible; BLEXBot/1.0; +http://webmeup-crawler.com/)"
162.55.85.227 - - [27/May/2022:15:47:38 +0200] "GET /Texte/Styluebige?action=upload HTTP/1.1" 403 18 "-" "Mozilla/5.0 (compatible; BLEXBot/1.0; +http://webmeup-crawler.com/)"
85.25.177.219 - - [27/May/2022:15:47:39 +0200] "GET /Gast/Podcast?action=print HTTP/1.1" 403 18 "-" "SEO Scanner/1.2.4 (SEO Crawler; seoscanners.info; info@seoscanners.info)"
162.55.85.227 - - [27/May/2022:15:47:41 +0200] "GET /Texte/ZurcherischEnglish?action=diff HTTP/1.1" 403 18 "-" "Mozilla/5.0 (compatible; BLEXBot/1.0; +http://webmeup-crawler.com/)"
162.55.85.227 - - [27/May/2022:15:47:45 +0200] "GET /Texte/ZurcherischEnglish?action=edit HTTP/1.1" 403 18 "-" "Mozilla/5.0 (compatible; BLEXBot/1.0; +http://webmeup-crawler.com/)"
154.54.249.202 - - [27/May/2022:15:47:45 +0200] "GET /PodCast/JBJ201 HTTP/1.1" 200 21992 "-" "Mozilla/5.0 (compatible; Barkrowler/0.9; +https://babbar.tech/crawler)"
162.55.85.227 - - [27/May/2022:15:47:48 +0200] "GET /Texte/ZurcherischEnglish?action=print HTTP/1.1" 403 18 "-" "Mozilla/5.0 (compatible; BLEXBot/1.0; +http://webmeup-crawler.com/)"
162.55.85.227 - - [27/May/2022:15:48:01 +0200] "GET /Texte/ZurcherischEnglish?action=upload HTTP/1.1" 403 18 "-" "Mozilla/5.0 (compatible; BLEXBot/1.0; +http://webmeup-crawler.com/)"
154.54.249.202 - - [27/May/2022:15:48:03 +0200] "GET /PodCast/JBJ401 HTTP/1.1" 200 20406 "-" "Mozilla/5.0 (compatible; Barkrowler/0.9; +https://babbar.tech/crawler)"
154.54.249.202 - - [27/May/2022:15:48:18 +0200] "GET /PodCast/JBJ601 HTTP/1.1" 200 22465 "-" "Mozilla/5.0 (compatible; Barkrowler/0.9; +https://babbar.tech/crawler)"
154.54.249.202 - - [27/May/2022:15:48:33 +0200] "GET /PodCast/JBJ602 HTTP/1.1" 200 21033 "-" "Mozilla/5.0 (compatible; Barkrowler/0.9; +https://babbar.tech/crawler)"
154.54.249.202 - - [27/May/2022:15:48:48 +0200] "GET /PodCast/JBJ502 HTTP/1.1" 200 21457 "-" "Mozilla/5.0 (compatible; Barkrowler/0.9; +https://babbar.tech/crawler)"
154.54.249.202 - - [27/May/2022:15:49:03 +0200] "GET /PodCast/JBJ702 HTTP/1.1" 200 22843 "-" "Mozilla/5.0 (compatible; Barkrowler/0.9; +https://babbar.tech/crawler)"
85.25.177.219 - - [27/May/2022:15:49:17 +0200] "GET /Admin/ZurStiftung?action=print HTTP/1.1" 403 18 "-" "SEO Scanner/1.2.4 (SEO Crawler; seoscanners.info; info@seoscanners.info)"
154.54.249.202 - - [27/May/2022:15:49:18 +0200] "GET /PodCast/JBJ402 HTTP/1.1" 200 20809 "-" "Mozilla/5.0 (compatible; Barkrowler/0.9; +https://babbar.tech/crawler)"
154.54.249.202 - - [27/May/2022:15:49:34 +0200] "GET /robots.txt HTTP/1.1" 200 - "-" "Mozilla/5.0 (compatible; Barkrowler/0.9; +https://babbar.tech/crawler)"
154.54.249.202 - - [27/May/2022:15:49:49 +0200] "GET /PodCast/JBJ501 HTTP/1.1" 200 21897 "-" "Mozilla/5.0 (compatible; Barkrowler/0.9; +https://babbar.tech/crawler)"
154.54.249.202 - - [27/May/2022:15:50:05 +0200] "GET /PodCast/JBJ302 HTTP/1.1" 200 15480 "-" "Mozilla/5.0 (compatible; Barkrowler/0.9; +https://babbar.tech/crawler)"
154.54.249.202 - - [27/May/2022:15:50:20 +0200] "GET /PodCast/JBJ301 HTTP/1.1" 200 14945 "-" "Mozilla/5.0 (compatible; Barkrowler/0.9; +https://babbar.tech/crawler)"
154.54.249.202 - - [27/May/2022:15:50:35 +0200] "GET /PodCast/JBJ701 HTTP/1.1" 200 19698 "-" "Mozilla/5.0 (compatible; Barkrowler/0.9; +https://babbar.tech/crawler)"
85.25.177.219 - - [27/May/2022:15:50:47 +0200] "GET /Texte/ArsAmatoria?action=edit HTTP/1.1" 403 18 "-" "SEO Scanner/1.2.4 (SEO Crawler; seoscanners.info; info@seoscanners.info)"
154.54.249.202 - - [27/May/2022:15:50:50 +0200] "GET /PodCast/JBJ202 HTTP/1.1" 200 20558 "-" "Mozilla/5.0 (compatible; Barkrowler/0.9; +https://babbar.tech/crawler)"
154.54.249.202 - - [27/May/2022:15:51:05 +0200] "GET /PodCast/Ynachte2 HTTP/1.1" 200 18582 "-" "Mozilla/5.0 (compatible; Barkrowler/0.9; +https://babbar.tech/crawler)"
154.54.249.202 - - [27/May/2022:15:51:20 +0200] "GET /PodCast/Ynachte1 HTTP/1.1" 200 15195 "-" "Mozilla/5.0 (compatible; Barkrowler/0.9; +https://babbar.tech/crawler)"
154.54.249.202 - - [27/May/2022:15:51:36 +0200] "GET /PodCast/STounkel HTTP/1.1" 200 9500 "-" "Mozilla/5.0 (compatible; Barkrowler/0.9; +https://babbar.tech/crawler)"
154.54.249.202 - - [27/May/2022:15:51:51 +0200] "GET /PodCast/Gvatterle HTTP/1.1" 200 13975 "-" "Mozilla/5.0 (compatible; Barkrowler/0.9; +https://babbar.tech/crawler)"
154.54.249.202 - - [27/May/2022:15:52:06 +0200] "GET /PodCast/Leerbouech HTTP/1.1" 404 8228 "-" "Mozilla/5.0 (compatible; Barkrowler/0.9; +https://babbar.tech/crawler)"
154.54.249.202 - - [27/May/2022:15:52:21 +0200] "GET /PodCast/Chile?action=edit HTTP/1.1" 200 8594 "-" "Mozilla/5.0 (compatible; Barkrowler/0.9; +https://babbar.tech/crawler)"
194.209.200.2 - - [27/May/2022:15:52:24 +0200] "GET /robots.txt HTTP/1.1" 200 - "-" "Mozilla/5.0 (compatible; TMMBot/0.2; +http://www.dslab.ch)/Nutch-1.15"
194.209.200.2 - - [27/May/2022:15:52:24 +0200] "GET /Admin/AdresseStiftung HTTP/1.1" 200 8453 "-" "Mozilla/5.0 (compatible; TMMBot/0.2; +http://www.dslab.ch)/Nutch-1.15"
154.54.249.202 - - [27/May/2022:15:52:36 +0200] "GET /PodCast/Chile?action=upload HTTP/1.1" 200 8494 "-" "Mozilla/5.0 (compatible; Barkrowler/0.9; +https://babbar.tech/crawler)"
154.54.249.202 - - [27/May/2022:15:52:51 +0200] "GET /PodCast/Chile?action=print HTTP/1.1" 200 9339 "-" "Mozilla/5.0 (compatible; Barkrowler/0.9; +https://babbar.tech/crawler)"
154.54.249.202 - - [27/May/2022:15:53:06 +0200] "GET /robots.txt HTTP/1.1" 200 - "-" "Mozilla/5.0 (compatible; Barkrowler/0.9; +https://babbar.tech/crawler)"
154.54.249.202 - - [27/May/2022:15:53:21 +0200] "GET /PodCast/Wandermaasse HTTP/1.1" 200 11009 "-" "Mozilla/5.0 (compatible; Barkrowler/0.9; +https://babbar.tech/crawler)"
154.54.249.202 - - [27/May/2022:15:53:36 +0200] "GET /PodCast/43Fasnacht HTTP/1.1" 404 8230 "-" "Mozilla/5.0 (compatible; Barkrowler/0.9; +https://babbar.tech/crawler)"
185.191.171.5 - - [27/May/2022:15:53:42 +0200] "GET /robots.txt HTTP/1.1" 200 - "-" "Mozilla/5.0 (compatible; SemrushBot/7~bl; +http://www.semrush.com/bot.html)"
185.191.171.9 - - [27/May/2022:15:53:42 +0200] "GET /PmWikiRu/PageLists?action=diff HTTP/1.1" 403 18 "-" "Mozilla/5.0 (compatible; SemrushBot/7~bl; +http://www.semrush.com/bot.html)"
154.54.249.202 - - [27/May/2022:15:53:51 +0200] "GET /PodCast/Bebi?action=print HTTP/1.1" 404 2380 "-" "Mozilla/5.0 (compatible; Barkrowler/0.9; +https://babbar.tech/crawler)"
85.25.177.219 - - [27/May/2022:15:53:52 +0200] "GET /Texte/Limericks?action=print HTTP/1.1" 403 18 "-" "SEO Scanner/1.2.4 (SEO Crawler; seoscanners.info; info@seoscanners.info)"
154.54.249.202 - - [27/May/2022:15:54:06 +0200] "GET /PodCast/Bebi?action=edit HTTP/1.1" 200 8580 "-" "Mozilla/5.0 (compatible; Barkrowler/0.9; +https://babbar.tech/crawler)"
194.209.200.2 - - [27/May/2022:15:54:09 +0200] "GET /Admin/Jahresbericht HTTP/1.1" 200 45530 "-" "Mozilla/5.0 (compatible; TMMBot/0.2; +http://www.dslab.ch)/Nutch-1.15"
154.54.249.202 - - [27/May/2022:15:54:21 +0200] "GET /PodCast/Schaidig2 HTTP/1.1" 200 19684 "-" "Mozilla/5.0 (compatible; Barkrowler/0.9; +https://babbar.tech/crawler)"
154.54.249.202 - - [27/May/2022:15:54:37 +0200] "GET /PodCast/Schaidig1 HTTP/1.1" 200 19206 "-" "Mozilla/5.0 (compatible; Barkrowler/0.9; +https://babbar.tech/crawler)"
154.54.249.202 - - [27/May/2022:15:54:52 +0200] "GET /PodCast/Wistaria01 HTTP/1.1" 200 23568 "-" "Mozilla/5.0 (compatible; Barkrowler/0.9; +https://babbar.tech/crawler)"
154.54.249.202 - - [27/May/2022:15:55:07 +0200] "GET /PodCast/Wistaria02 HTTP/1.1" 200 16370 "-" "Mozilla/5.0 (compatible; Barkrowler/0.9; +https://babbar.tech/crawler)"
194.209.200.2 - - [27/May/2022:15:55:17 +0200] "GET /Texte/ArsAmatoria HTTP/1.1" 200 12369 "-" "Mozilla/5.0 (compatible; TMMBot/0.2; +http://www.dslab.ch)/Nutch-1.15"
