62.171.162.127 - - [26/Sep/2022:04:11:09 +0200] "GET /Site/WGA4Gglinge?action=upload HTTP/1.1" 403 18 "-" "Mozilla/5.0 (compatible; MJ12bot/v1.4.8; http://mj12bot.com/)"
85.25.177.139 - - [26/Sep/2022:04:13:58 +0200] "GET /PodCast/Begriffbegryffe?action=diff&source=n&minor=y HTTP/1.1" 200 13185 "-" "Mozilla/5.0 (Macintosh; Intel Mac OS X 10.15; rv:103.0) Gecko/20100101 Firefox/103.0"
85.25.177.139 - - [26/Sep/2022:04:14:25 +0200] "GET /PmWiki/FmtPageName?action=upload HTTP/1.1" 200 8568 "-" "Mozilla/5.0 (Macintosh; Intel Mac OS X 10.15; rv:103.0) Gecko/20100101 Firefox/103.0"
85.25.177.139 - - [26/Sep/2022:04:15:12 +0200] "GET /PodCast/Begriffbegryffe?action=edit&restore=diff:1247320608:1247320608:&preview=y HTTP/1.1" 200 8780 "-" "Mozilla/5.0 (Macintosh; Intel Mac OS X 10.15; rv:103.0) Gecko/20100101 Firefox/103.0"
85.25.177.139 - - [26/Sep/2022:04:16:09 +0200] "GET /PodCast/Rassewaan?action=diff&source=n&minor=y HTTP/1.1" 200 14867 "-" "Mozilla/5.0 (Macintosh; Intel Mac OS X 10.15; rv:103.0) Gecko/20100101 Firefox/103.0"
85.25.177.139 - - [26/Sep/2022:04:17:02 +0200] "GET /PodCast/Rassewaan?action=edit&restore=diff:1262279451:1262279058:&preview=y HTTP/1.1" 200 8696 "-" "Mozilla/5.0 (Macintosh; Intel Mac OS X 10.15; rv:103.0) Gecko/20100101 Firefox/103.0"
157.55.39.169 - - [26/Sep/2022:04:18:17 +0200] "GET /Site/Search?pagename=Site%2FSearch&q=2023 HTTP/1.1" 200 10829 "-" "Mozilla/5.0 (compatible; bingbot/2.0; +http://www.bing.com/bingbot.htm)"
85.25.177.139 - - [26/Sep/2022:04:19:10 +0200] "GET /PmWiki/SitePreferences?action=print HTTP/1.1" 200 3752 "-" "Mozilla/5.0 (Macintosh; Intel Mac OS X 10.15; rv:103.0) Gecko/20100101 Firefox/103.0"
85.25.177.139 - - [26/Sep/2022:04:20:20 +0200] "GET /PodCast/Rassewaan?action=edit&restore=diff:1262279661:1262279561:&preview=y HTTP/1.1" 200 8696 "-" "Mozilla/5.0 (Macintosh; Intel Mac OS X 10.15; rv:103.0) Gecko/20100101 Firefox/103.0"
85.25.177.139 - - [26/Sep/2022:04:21:39 +0200] "GET /PodCast/Rassewaan?action=diff&source=y&minor=n HTTP/1.1" 200 14105 "-" "Mozilla/5.0 (Macintosh; Intel Mac OS X 10.15; rv:103.0) Gecko/20100101 Firefox/103.0"
194.209.200.2 - - [26/Sep/2022:04:22:47 +0200] "GET /robots.txt HTTP/1.1" 200 - "-" "Mozilla/5.0 (compatible; TMMBot/0.2; +http://www.dslab.ch)/Nutch-1.15"
194.209.200.2 - - [26/Sep/2022:04:22:47 +0200] "GET /Admin/Jahresbericht HTTP/1.1" 200 45530 "-" "Mozilla/5.0 (compatible; TMMBot/0.2; +http://www.dslab.ch)/Nutch-1.15"
194.209.200.2 - - [26/Sep/2022:04:23:11 +0200] "GET /Texte/Schrybwys HTTP/1.1" 200 11028 "-" "Mozilla/5.0 (compatible; TMMBot/0.2; +http://www.dslab.ch)/Nutch-1.15"
85.25.177.139 - - [26/Sep/2022:04:24:07 +0200] "GET /PmWiki/WikiTrails?action=edit HTTP/1.1" 200 8652 "-" "Mozilla/5.0 (Macintosh; Intel Mac OS X 10.15; rv:103.0) Gecko/20100101 Firefox/103.0"
194.209.200.2 - - [26/Sep/2022:04:24:12 +0200] "GET /Texte/GDicht HTTP/1.1" 200 8050 "-" "Mozilla/5.0 (compatible; TMMBot/0.2; +http://www.dslab.ch)/Nutch-1.15"
194.209.200.2 - - [26/Sep/2022:04:24:51 +0200] "GET /Texte/Metamorphoses HTTP/1.1" 200 9045 "-" "Mozilla/5.0 (compatible; TMMBot/0.2; +http://www.dslab.ch)/Nutch-1.15"
85.25.177.139 - - [26/Sep/2022:04:24:56 +0200] "GET /PmWiki/Drafts?action=print HTTP/1.1" 200 4960 "-" "Mozilla/5.0 (Macintosh; Intel Mac OS X 10.15; rv:103.0) Gecko/20100101 Firefox/103.0"
157.55.39.182 - - [26/Sep/2022:04:26:17 +0200] "GET /Site/Search?pagename=Site%2FSearch&q=2022 HTTP/1.1" 200 11056 "-" "Mozilla/5.0 (compatible; bingbot/2.0; +http://www.bing.com/bingbot.htm)"
194.209.200.2 - - [26/Sep/2022:04:26:45 +0200] "GET /Admin/Pro-ZurituutschStatuten HTTP/1.1" 200 9580 "-" "Mozilla/5.0 (compatible; TMMBot/0.2; +http://www.dslab.ch)/Nutch-1.15"
85.25.177.139 - - [26/Sep/2022:04:29:00 +0200] "GET /PodCast/Bankett?action=edit&restore=diff:1172764433:1165737375:&preview=y HTTP/1.1" 200 8668 "-" "Mozilla/5.0 (Macintosh; Intel Mac OS X 10.15; rv:103.0) Gecko/20100101 Firefox/103.0"
85.25.177.139 - - [26/Sep/2022:04:29:53 +0200] "GET /PodCast/Bankett?action=edit&restore=diff:1165737375:1165737309:&preview=y HTTP/1.1" 200 8668 "-" "Mozilla/5.0 (Macintosh; Intel Mac OS X 10.15; rv:103.0) Gecko/20100101 Firefox/103.0"
85.25.177.139 - - [26/Sep/2022:04:31:03 +0200] "GET /PmWiki/WikiTrails?action=upload HTTP/1.1" 200 8552 "-" "Mozilla/5.0 (Macintosh; Intel Mac OS X 10.15; rv:103.0) Gecko/20100101 Firefox/103.0"
85.25.177.139 - - [26/Sep/2022:04:31:59 +0200] "GET /PmWiki/WikiTrails?action=diff&source=y&minor=n HTTP/1.1" 200 9217 "-" "Mozilla/5.0 (Macintosh; Intel Mac OS X 10.15; rv:103.0) Gecko/20100101 Firefox/103.0"
85.25.177.139 - - [26/Sep/2022:04:33:35 +0200] "GET /PmWiki/WikiTrails?action=diff&source=n&minor=y HTTP/1.1" 200 9227 "-" "Mozilla/5.0 (Macintosh; Intel Mac OS X 10.15; rv:103.0) Gecko/20100101 Firefox/103.0"
85.25.177.139 - - [26/Sep/2022:04:34:44 +0200] "GET /PmWiki/LayoutVariables?action=upload HTTP/1.1" 200 8622 "-" "Mozilla/5.0 (Macintosh; Intel Mac OS X 10.15; rv:103.0) Gecko/20100101 Firefox/103.0"
85.25.177.139 - - [26/Sep/2022:04:37:41 +0200] "GET /PodCast/Bankett?action=edit&restore=diff:1165736801:1165734648:&preview=y HTTP/1.1" 200 8668 "-" "Mozilla/5.0 (Macintosh; Intel Mac OS X 10.15; rv:103.0) Gecko/20100101 Firefox/103.0"
85.25.177.139 - - [26/Sep/2022:04:37:49 +0200] "GET /PmWiki/LayoutVariables?action=print HTTP/1.1" 200 34389 "-" "Mozilla/5.0 (Macintosh; Intel Mac OS X 10.15; rv:103.0) Gecko/20100101 Firefox/103.0"
185.191.171.4 - - [26/Sep/2022:04:38:22 +0200] "GET /robots.txt HTTP/1.1" 200 - "-" "Mozilla/5.0 (compatible; SemrushBot/7~bl; +http://www.semrush.com/bot.html)"
185.191.171.37 - - [26/Sep/2022:04:38:22 +0200] "GET /PmWikiDe/SimpleTables HTTP/1.1" 200 21037 "-" "Mozilla/5.0 (compatible; SemrushBot/7~bl; +http://www.semrush.com/bot.html)"
85.25.177.139 - - [26/Sep/2022:04:38:45 +0200] "GET /PmWiki/OtherVariables HTTP/1.1" 200 19866 "-" "Mozilla/5.0 (Macintosh; Intel Mac OS X 10.15; rv:103.0) Gecko/20100101 Firefox/103.0"
85.25.177.139 - - [26/Sep/2022:04:43:05 +0200] "GET /PmWiki/LayoutVariables?action=edit HTTP/1.1" 200 8722 "-" "Mozilla/5.0 (Macintosh; Intel Mac OS X 10.15; rv:103.0) Gecko/20100101 Firefox/103.0"
85.25.177.139 - - [26/Sep/2022:04:43:49 +0200] "GET /PmWiki/LayoutVariables?action=diff HTTP/1.1" 200 9299 "-" "Mozilla/5.0 (Macintosh; Intel Mac OS X 10.15; rv:103.0) Gecko/20100101 Firefox/103.0"
185.191.171.21 - - [26/Sep/2022:04:45:18 +0200] "GET /PmWikiIt/TextFormattingRules HTTP/1.1" 200 17704 "-" "Mozilla/5.0 (compatible; SemrushBot/7~bl; +http://www.semrush.com/bot.html)"
85.25.177.139 - - [26/Sep/2022:04:49:21 +0200] "GET /robots.txt HTTP/1.1" 200 - "-" "Mozilla/5.0 (Macintosh; Intel Mac OS X 10.15; rv:103.0) Gecko/20100101 Firefox/103.0"
85.25.177.139 - - [26/Sep/2022:04:49:21 +0200] "GET /PmWiki/CustomWikiStyles HTTP/1.1" 200 19796 "-" "Mozilla/5.0 (Macintosh; Intel Mac OS X 10.15; rv:103.0) Gecko/20100101 Firefox/103.0"
85.25.177.139 - - [26/Sep/2022:04:49:27 +0200] "GET /PodCast/Bankett?action=edit&restore=diff:1165737309:1165736801:&preview=y HTTP/1.1" 200 8668 "-" "Mozilla/5.0 (Macintosh; Intel Mac OS X 10.15; rv:103.0) Gecko/20100101 Firefox/103.0"
85.25.177.139 - - [26/Sep/2022:04:51:27 +0200] "GET /PmWiki/DeletingPages?action=edit HTTP/1.1" 200 8694 "-" "Mozilla/5.0 (Macintosh; Intel Mac OS X 10.15; rv:103.0) Gecko/20100101 Firefox/103.0"
194.209.200.2 - - [26/Sep/2022:04:51:31 +0200] "GET /robots.txt HTTP/1.1" 200 - "-" "Mozilla/5.0 (compatible; TMMBot/0.2; +http://www.dslab.ch)/Nutch-1.15"
194.209.200.2 - - [26/Sep/2022:04:51:31 +0200] "GET /Admin/Jahresbericht HTTP/1.1" 200 45530 "-" "Mozilla/5.0 (compatible; TMMBot/0.2; +http://www.dslab.ch)/Nutch-1.15"
194.209.200.2 - - [26/Sep/2022:04:51:53 +0200] "GET /Texte/Schrybwys HTTP/1.1" 200 11028 "-" "Mozilla/5.0 (compatible; TMMBot/0.2; +http://www.dslab.ch)/Nutch-1.15"
85.25.177.139 - - [26/Sep/2022:04:52:34 +0200] "GET /PmWiki/RecentChanges?action=edit HTTP/1.1" 200 8694 "-" "Mozilla/5.0 (Macintosh; Intel Mac OS X 10.15; rv:103.0) Gecko/20100101 Firefox/103.0"
194.209.200.2 - - [26/Sep/2022:04:52:49 +0200] "GET /Texte/GDicht HTTP/1.1" 200 8050 "-" "Mozilla/5.0 (compatible; TMMBot/0.2; +http://www.dslab.ch)/Nutch-1.15"
194.209.200.2 - - [26/Sep/2022:04:53:23 +0200] "GET /Texte/Metamorphoses HTTP/1.1" 200 9045 "-" "Mozilla/5.0 (compatible; TMMBot/0.2; +http://www.dslab.ch)/Nutch-1.15"
3.216.185.164 - - [26/Sep/2022:04:53:35 +0200] "GET /PodCast/IndexPage?action=rss HTTP/1.1" 200 6298 "-" "PocketCasts/1.0 (Pocket Casts Feed Parser; +http://pocketcasts.com/)"
85.25.177.139 - - [26/Sep/2022:04:53:43 +0200] "GET /PmWiki/DeletingPages?action=print HTTP/1.1" 200 6603 "-" "Mozilla/5.0 (Macintosh; Intel Mac OS X 10.15; rv:103.0) Gecko/20100101 Firefox/103.0"
194.209.200.2 - - [26/Sep/2022:04:55:08 +0200] "GET /Admin/Pro-ZurituutschStatuten HTTP/1.1" 200 9580 "-" "Mozilla/5.0 (compatible; TMMBot/0.2; +http://www.dslab.ch)/Nutch-1.15"
195.191.219.133 - - [26/Sep/2022:04:55:15 +0200] "GET /robots.txt HTTP/1.1" 200 - "-" "Mozilla/5.0 (compatible; MJ12bot/v1.4.8; http://mj12bot.com/)"
195.191.219.133 - - [26/Sep/2022:04:55:18 +0200] "GET / HTTP/1.1" 200 15085 "-" "Mozilla/5.0 (compatible; MJ12bot/v1.4.8; http://mj12bot.com/)"
85.25.177.139 - - [26/Sep/2022:04:55:40 +0200] "GET /Hilfe/DateienUndProgrammverknuepfungen?action=diff&source=y&minor=y HTTP/1.1" 200 9556 "-" "Mozilla/5.0 (Macintosh; Intel Mac OS X 10.15; rv:103.0) Gecko/20100101 Firefox/103.0"
85.25.177.139 - - [26/Sep/2022:04:56:25 +0200] "GET /Hilfe/DateienUndProgrammverknuepfungen?action=diff&source=n&minor=n HTTP/1.1" 200 9562 "-" "Mozilla/5.0 (Macintosh; Intel Mac OS X 10.15; rv:103.0) Gecko/20100101 Firefox/103.0"
85.25.177.139 - - [26/Sep/2022:04:58:23 +0200] "GET /PmWiki/DeletingPages?action=upload HTTP/1.1" 200 8594 "-" "Mozilla/5.0 (Macintosh; Intel Mac OS X 10.15; rv:103.0) Gecko/20100101 Firefox/103.0"
85.25.177.139 - - [26/Sep/2022:04:59:23 +0200] "GET /Category/Security?action=print HTTP/1.1" 200 2305 "-" "Mozilla/5.0 (Macintosh; Intel Mac OS X 10.15; rv:103.0) Gecko/20100101 Firefox/103.0"
66.249.76.220 - - [26/Sep/2022:05:00:48 +0200] "GET /PodCast/IndexPage?action=rss HTTP/1.1" 200 6298 "-" "Mozilla/5.0 (compatible; Googlebot/2.1; +http://www.google.com/bot.html)"
85.25.177.139 - - [26/Sep/2022:05:01:24 +0200] "GET /PmWiki/AuthUser?action=print HTTP/1.1" 200 24791 "-" "Mozilla/5.0 (Macintosh; Intel Mac OS X 10.15; rv:103.0) Gecko/20100101 Firefox/103.0"
66.249.76.193 - - [26/Sep/2022:05:03:23 +0200] "GET /PodCast/IndexPage?action=rss HTTP/1.1" 200 6298 "-" "Mozilla/5.0 (compatible; Googlebot/2.1; +http://www.google.com/bot.html)"
85.25.177.139 - - [26/Sep/2022:05:06:19 +0200] "GET /Category/Security?action=edit HTTP/1.1" 200 8649 "-" "Mozilla/5.0 (Macintosh; Intel Mac OS X 10.15; rv:103.0) Gecko/20100101 Firefox/103.0"
85.25.177.139 - - [26/Sep/2022:05:06:26 +0200] "GET /Site/EditQuickReference?action=upload HTTP/1.1" 200 8637 "-" "Mozilla/5.0 (Macintosh; Intel Mac OS X 10.15; rv:103.0) Gecko/20100101 Firefox/103.0"
85.25.177.139 - - [26/Sep/2022:05:10:25 +0200] "GET /Category/Security?action=diff HTTP/1.1" 200 9216 "-" "Mozilla/5.0 (Macintosh; Intel Mac OS X 10.15; rv:103.0) Gecko/20100101 Firefox/103.0"
85.25.177.139 - - [26/Sep/2022:05:10:57 +0200] "GET /Site/Site?action=diff&source=y&minor=n HTTP/1.1" 200 9114 "-" "Mozilla/5.0 (Macintosh; Intel Mac OS X 10.15; rv:103.0) Gecko/20100101 Firefox/103.0"
85.25.177.139 - - [26/Sep/2022:05:13:50 +0200] "GET /PmWiki/DocumentationIndex?action=diff HTTP/1.1" 200 9347 "-" "Mozilla/5.0 (Macintosh; Intel Mac OS X 10.15; rv:103.0) Gecko/20100101 Firefox/103.0"
85.25.177.139 - - [26/Sep/2022:05:17:08 +0200] "GET /PmWiki/Links?action=diff HTTP/1.1" 200 9137 "-" "Mozilla/5.0 (Macintosh; Intel Mac OS X 10.15; rv:103.0) Gecko/20100101 Firefox/103.0"
85.25.177.139 - - [26/Sep/2022:05:20:12 +0200] "GET /PmWiki/PerGroupCustomizations HTTP/1.1" 302 213 "-" "Mozilla/5.0 (Macintosh; Intel Mac OS X 10.15; rv:103.0) Gecko/20100101 Firefox/103.0"
85.25.177.139 - - [26/Sep/2022:05:21:32 +0200] "GET /PmWiki/Links?action=upload HTTP/1.1" 200 8480 "-" "Mozilla/5.0 (Macintosh; Intel Mac OS X 10.15; rv:103.0) Gecko/20100101 Firefox/103.0"
85.25.177.139 - - [26/Sep/2022:05:22:34 +0200] "GET /PmWiki/I18nVariables?action=upload HTTP/1.1" 200 8594 "-" "Mozilla/5.0 (Macintosh; Intel Mac OS X 10.15; rv:103.0) Gecko/20100101 Firefox/103.0"
194.209.200.2 - - [26/Sep/2022:05:23:50 +0200] "GET /robots.txt HTTP/1.1" 200 - "-" "Mozilla/5.0 (compatible; TMMBot/0.2; +http://www.dslab.ch)/Nutch-1.15"
194.209.200.2 - - [26/Sep/2022:05:23:50 +0200] "GET /Admin/Jahresbericht HTTP/1.1" 200 45530 "-" "Mozilla/5.0 (compatible; TMMBot/0.2; +http://www.dslab.ch)/Nutch-1.15"
194.209.200.2 - - [26/Sep/2022:05:24:15 +0200] "GET /Texte/Schrybwys HTTP/1.1" 200 11028 "-" "Mozilla/5.0 (compatible; TMMBot/0.2; +http://www.dslab.ch)/Nutch-1.15"
194.209.200.2 - - [26/Sep/2022:05:25:18 +0200] "GET /Texte/GDicht HTTP/1.1" 200 8050 "-" "Mozilla/5.0 (compatible; TMMBot/0.2; +http://www.dslab.ch)/Nutch-1.15"
194.209.200.2 - - [26/Sep/2022:05:25:58 +0200] "GET /Texte/Metamorphoses HTTP/1.1" 200 9045 "-" "Mozilla/5.0 (compatible; TMMBot/0.2; +http://www.dslab.ch)/Nutch-1.15"
85.25.177.139 - - [26/Sep/2022:05:26:22 +0200] "GET /PmWiki/WikiWords HTTP/1.1" 302 189 "-" "Mozilla/5.0 (Macintosh; Intel Mac OS X 10.15; rv:103.0) Gecko/20100101 Firefox/103.0"
85.25.177.139 - - [26/Sep/2022:05:27:00 +0200] "GET /PmWiki/I18nVariables?action=edit HTTP/1.1" 200 8694 "-" "Mozilla/5.0 (Macintosh; Intel Mac OS X 10.15; rv:103.0) Gecko/20100101 Firefox/103.0"
52.90.226.196 - - [26/Sep/2022:05:27:14 +0200] "GET /PodCast/IndexPage?action=rss HTTP/1.1" 200 6298 "https://www.google.com/" "Mozilla/5.0 (Macintosh; Intel Mac OS X 10_14_6) AppleWebKit/605.1.15 (KHTML, like Gecko) Version/13.0.5 Safari/605.1.15"
194.209.200.2 - - [26/Sep/2022:05:27:49 +0200] "GET /Admin/Pro-ZurituutschStatuten HTTP/1.1" 200 9580 "-" "Mozilla/5.0 (compatible; TMMBot/0.2; +http://www.dslab.ch)/Nutch-1.15"
85.25.177.139 - - [26/Sep/2022:05:31:40 +0200] "GET /PmWiki/I18nVariables?action=diff HTTP/1.1" 200 9267 "-" "Mozilla/5.0 (Macintosh; Intel Mac OS X 10.15; rv:103.0) Gecko/20100101 Firefox/103.0"
85.25.177.139 - - [26/Sep/2022:05:34:51 +0200] "GET /PmWiki/Audiences?action=print HTTP/1.1" 200 6515 "-" "Mozilla/5.0 (Macintosh; Intel Mac OS X 10.15; rv:103.0) Gecko/20100101 Firefox/103.0"
85.25.177.139 - - [26/Sep/2022:05:37:14 +0200] "GET /PmWiki/InitialSetupTasks?action=print HTTP/1.1" 200 14269 "-" "Mozilla/5.0 (Macintosh; Intel Mac OS X 10.15; rv:103.0) Gecko/20100101 Firefox/103.0"
85.25.177.139 - - [26/Sep/2022:05:37:49 +0200] "GET /PmWiki/WikiPage HTTP/1.1" 200 9644 "-" "Mozilla/5.0 (Macintosh; Intel Mac OS X 10.15; rv:103.0) Gecko/20100101 Firefox/103.0"
66.249.76.193 - - [26/Sep/2022:05:39:20 +0200] "GET /Texte/Gloosse HTTP/1.1" 200 8061 "-" "Mozilla/5.0 (Linux; Android 6.0.1; Nexus 5X Build/MMB29P) AppleWebKit/537.36 (KHTML, like Gecko) Chrome/105.0.5195.125 Mobile Safari/537.36 (compatible; Googlebot/2.1; +http://www.google.com/bot.html)"
85.25.177.139 - - [26/Sep/2022:05:40:05 +0200] "GET /Site/AttrForm?action=diff&source=y&minor=y HTTP/1.1" 200 9154 "-" "Mozilla/5.0 (Macintosh; Intel Mac OS X 10.15; rv:103.0) Gecko/20100101 Firefox/103.0"
85.25.177.139 - - [26/Sep/2022:05:42:51 +0200] "GET /PmWiki/WikiGroup?action=edit HTTP/1.1" 200 8638 "-" "Mozilla/5.0 (Macintosh; Intel Mac OS X 10.15; rv:103.0) Gecko/20100101 Firefox/103.0"
85.25.177.139 - - [26/Sep/2022:05:45:43 +0200] "GET /PmWiki/UpgradingFromPmWiki1 HTTP/1.1" 200 16514 "-" "Mozilla/5.0 (Macintosh; Intel Mac OS X 10.15; rv:103.0) Gecko/20100101 Firefox/103.0"
85.25.177.139 - - [26/Sep/2022:05:48:59 +0200] "GET /PmWiki/FilePermissions HTTP/1.1" 200 17116 "-" "Mozilla/5.0 (Macintosh; Intel Mac OS X 10.15; rv:103.0) Gecko/20100101 Firefox/103.0"
85.25.177.139 - - [26/Sep/2022:05:50:00 +0200] "GET /Site/AttrForm?action=diff&source=n&minor=n HTTP/1.1" 200 9160 "-" "Mozilla/5.0 (Macintosh; Intel Mac OS X 10.15; rv:103.0) Gecko/20100101 Firefox/103.0"
85.25.177.139 - - [26/Sep/2022:05:50:57 +0200] "GET /PmWiki/GroupAttributes?action=edit HTTP/1.1" 200 8722 "-" "Mozilla/5.0 (Macintosh; Intel Mac OS X 10.15; rv:103.0) Gecko/20100101 Firefox/103.0"
42.236.10.89 - - [26/Sep/2022:05:52:52 +0200] "GET / HTTP/1.1" 200 15085 "http://www.pro-zurituutsch.ch/" "Mozilla/5.0 (Windows NT 6.1; WOW64) AppleWebKit/537.36 (KHTML, like Gecko) Chrome/50.0.2661.102 Safari/537.36; 360Spider"
194.209.200.2 - - [26/Sep/2022:05:54:12 +0200] "GET /robots.txt HTTP/1.1" 200 - "-" "Mozilla/5.0 (compatible; TMMBot/0.2; +http://www.dslab.ch)/Nutch-1.15"
194.209.200.2 - - [26/Sep/2022:05:54:12 +0200] "GET /Admin/Jahresbericht HTTP/1.1" 200 45530 "-" "Mozilla/5.0 (compatible; TMMBot/0.2; +http://www.dslab.ch)/Nutch-1.15"
85.25.177.139 - - [26/Sep/2022:05:54:29 +0200] "GET /Site/AllRecentChanges?action=print HTTP/1.1" 200 93223 "-" "Mozilla/5.0 (Macintosh; Intel Mac OS X 10.15; rv:103.0) Gecko/20100101 Firefox/103.0"
194.209.200.2 - - [26/Sep/2022:05:54:34 +0200] "GET /Texte/Schrybwys HTTP/1.1" 200 11028 "-" "Mozilla/5.0 (compatible; TMMBot/0.2; +http://www.dslab.ch)/Nutch-1.15"
85.25.177.139 - - [26/Sep/2022:05:55:04 +0200] "GET /PmWiki/CreatingNewPages?action=print HTTP/1.1" 200 5985 "-" "Mozilla/5.0 (Macintosh; Intel Mac OS X 10.15; rv:103.0) Gecko/20100101 Firefox/103.0"
194.209.200.2 - - [26/Sep/2022:05:55:33 +0200] "GET /Texte/GDicht HTTP/1.1" 200 8050 "-" "Mozilla/5.0 (compatible; TMMBot/0.2; +http://www.dslab.ch)/Nutch-1.15"
194.209.200.2 - - [26/Sep/2022:05:56:09 +0200] "GET /Texte/Metamorphoses HTTP/1.1" 200 9045 "-" "Mozilla/5.0 (compatible; TMMBot/0.2; +http://www.dslab.ch)/Nutch-1.15"
194.209.200.2 - - [26/Sep/2022:05:58:03 +0200] "GET /Admin/Pro-ZurituutschStatuten HTTP/1.1" 200 9580 "-" "Mozilla/5.0 (compatible; TMMBot/0.2; +http://www.dslab.ch)/Nutch-1.15"
85.25.177.139 - - [26/Sep/2022:05:58:06 +0200] "GET /SiteAdmin/SiteAdmin?action=print HTTP/1.1" 200 2765 "-" "Mozilla/5.0 (Macintosh; Intel Mac OS X 10.15; rv:103.0) Gecko/20100101 Firefox/103.0"
66.249.76.222 - - [26/Sep/2022:05:59:18 +0200] "GET /PodCast/IndexPage?action=rss HTTP/1.1" 200 6298 "-" "Mozilla/5.0 (compatible; Googlebot/2.1; +http://www.google.com/bot.html)"
85.25.177.139 - - [26/Sep/2022:05:59:26 +0200] "GET /Site/SideBar HTTP/1.1" 200 10494 "-" "Mozilla/5.0 (Macintosh; Intel Mac OS X 10.15; rv:103.0) Gecko/20100101 Firefox/103.0"
85.25.177.139 - - [26/Sep/2022:06:01:11 +0200] "GET /PmWiki/CreatingNewPages?action=edit HTTP/1.1" 200 8738 "-" "Mozilla/5.0 (Macintosh; Intel Mac OS X 10.15; rv:103.0) Gecko/20100101 Firefox/103.0"
185.191.171.5 - - [26/Sep/2022:06:02:08 +0200] "GET /robots.txt HTTP/1.1" 200 - "-" "Mozilla/5.0 (compatible; SemrushBot/7~bl; +http://www.semrush.com/bot.html)"
185.191.171.4 - - [26/Sep/2022:06:02:08 +0200] "GET /Profiles/Liuxy?action=edit HTTP/1.1" 404 18 "-" "Mozilla/5.0 (compatible; SemrushBot/7~bl; +http://www.semrush.com/bot.html)"
66.249.76.220 - - [26/Sep/2022:06:03:18 +0200] "GET /PodCast/IndexPage?action=rss HTTP/1.1" 200 6298 "-" "Mozilla/5.0 (compatible; Googlebot/2.1; +http://www.google.com/bot.html)"
85.25.177.139 - - [26/Sep/2022:06:03:50 +0200] "GET /PmWiki/GroupCustomizations?action=diff HTTP/1.1" 200 9363 "-" "Mozilla/5.0 (Macintosh; Intel Mac OS X 10.15; rv:103.0) Gecko/20100101 Firefox/103.0"
85.25.177.139 - - [26/Sep/2022:06:04:29 +0200] "GET /PmWiki/CreatingNewPages?action=diff HTTP/1.1" 200 9317 "-" "Mozilla/5.0 (Macintosh; Intel Mac OS X 10.15; rv:103.0) Gecko/20100101 Firefox/103.0"
85.25.177.139 - - [26/Sep/2022:06:06:46 +0200] "GET /SiteAdmin/AuthUser?action=print HTTP/1.1" 200 2741 "-" "Mozilla/5.0 (Macintosh; Intel Mac OS X 10.15; rv:103.0) Gecko/20100101 Firefox/103.0"
85.25.177.139 - - [26/Sep/2022:06:08:17 +0200] "GET /PmWiki/WikiFarms?action=print HTTP/1.1" 200 17034 "-" "Mozilla/5.0 (Macintosh; Intel Mac OS X 10.15; rv:103.0) Gecko/20100101 Firefox/103.0"
85.25.177.139 - - [26/Sep/2022:06:13:12 +0200] "GET /PmWiki/WikiWord?action=print HTTP/1.1" 200 5621 "-" "Mozilla/5.0 (Macintosh; Intel Mac OS X 10.15; rv:103.0) Gecko/20100101 Firefox/103.0"
85.25.177.139 - - [26/Sep/2022:06:13:15 +0200] "GET /PmWiki/WikiAdministrator?action=diff&source=n&minor=y HTTP/1.1" 200 9339 "-" "Mozilla/5.0 (Macintosh; Intel Mac OS X 10.15; rv:103.0) Gecko/20100101 Firefox/103.0"
185.191.171.15 - - [26/Sep/2022:06:13:48 +0200] "GET /PmWikiRu/Requirements HTTP/1.1" 200 11673 "-" "Mozilla/5.0 (compatible; SemrushBot/7~bl; +http://www.semrush.com/bot.html)"
85.25.177.139 - - [26/Sep/2022:06:15:22 +0200] "GET /PmWiki/WikiAdministrator?action=diff&source=y&minor=n HTTP/1.1" 200 9329 "-" "Mozilla/5.0 (Macintosh; Intel Mac OS X 10.15; rv:103.0) Gecko/20100101 Firefox/103.0"
85.25.177.139 - - [26/Sep/2022:06:16:49 +0200] "GET /robots.txt HTTP/1.1" 200 - "-" "Mozilla/5.0 (Macintosh; Intel Mac OS X 10.15; rv:103.0) Gecko/20100101 Firefox/103.0"
85.25.177.139 - - [26/Sep/2022:06:16:49 +0200] "GET /PodCast/Scheupfig HTTP/1.1" 200 8243 "-" "Mozilla/5.0 (Macintosh; Intel Mac OS X 10.15; rv:103.0) Gecko/20100101 Firefox/103.0"
85.25.177.139 - - [26/Sep/2022:06:21:12 +0200] "GET /PodCast/Ouhsschaffig HTTP/1.1" 200 12619 "-" "Mozilla/5.0 (Macintosh; Intel Mac OS X 10.15; rv:103.0) Gecko/20100101 Firefox/103.0"
85.25.177.139 - - [26/Sep/2022:06:22:02 +0200] "GET /PodCast/Ouhsschaffig HTTP/1.1" 200 12619 "-" "Mozilla/5.0 (Macintosh; Intel Mac OS X 10.15; rv:103.0) Gecko/20100101 Firefox/103.0"
85.25.177.139 - - [26/Sep/2022:06:22:46 +0200] "GET /PmWiki/BasicVariables?action=diff&source=n&minor=n HTTP/1.1" 200 9289 "-" "Mozilla/5.0 (Macintosh; Intel Mac OS X 10.15; rv:103.0) Gecko/20100101 Firefox/103.0"
85.25.177.139 - - [26/Sep/2022:06:25:17 +0200] "GET /PschtLlformoular/PschtLlformoular?action=edit HTTP/1.1" 200 8876 "-" "Mozilla/5.0 (Macintosh; Intel Mac OS X 10.15; rv:103.0) Gecko/20100101 Firefox/103.0"
85.25.177.139 - - [26/Sep/2022:06:27:27 +0200] "GET /PmWiki/BasicVariables?action=diff&source=y&minor=y HTTP/1.1" 200 9283 "-" "Mozilla/5.0 (Macintosh; Intel Mac OS X 10.15; rv:103.0) Gecko/20100101 Firefox/103.0"
194.209.200.2 - - [26/Sep/2022:06:30:26 +0200] "GET /robots.txt HTTP/1.1" 200 - "-" "Mozilla/5.0 (compatible; TMMBot/0.2; +http://www.dslab.ch)/Nutch-1.15"
194.209.200.2 - - [26/Sep/2022:06:30:26 +0200] "GET /Admin/Jahresbericht HTTP/1.1" 200 45530 "-" "Mozilla/5.0 (compatible; TMMBot/0.2; +http://www.dslab.ch)/Nutch-1.15"
194.209.200.2 - - [26/Sep/2022:06:30:48 +0200] "GET /Texte/Schrybwys HTTP/1.1" 200 11028 "-" "Mozilla/5.0 (compatible; TMMBot/0.2; +http://www.dslab.ch)/Nutch-1.15"
85.25.177.139 - - [26/Sep/2022:06:31:08 +0200] "GET /PmWiki/BasicVariables?action=edit HTTP/1.1" 200 8708 "-" "Mozilla/5.0 (Macintosh; Intel Mac OS X 10.15; rv:103.0) Gecko/20100101 Firefox/103.0"
85.25.177.139 - - [26/Sep/2022:06:31:13 +0200] "GET /PodCast/Limerick678 HTTP/1.1" 200 9112 "-" "Mozilla/5.0 (Macintosh; Intel Mac OS X 10.15; rv:103.0) Gecko/20100101 Firefox/103.0"
194.209.200.2 - - [26/Sep/2022:06:31:54 +0200] "GET /Texte/GDicht HTTP/1.1" 200 8050 "-" "Mozilla/5.0 (compatible; TMMBot/0.2; +http://www.dslab.ch)/Nutch-1.15"
194.209.200.2 - - [26/Sep/2022:06:32:29 +0200] "GET /Texte/Metamorphoses HTTP/1.1" 200 9045 "-" "Mozilla/5.0 (compatible; TMMBot/0.2; +http://www.dslab.ch)/Nutch-1.15"
85.25.177.139 - - [26/Sep/2022:06:32:59 +0200] "GET /PmWiki/PagelistVariables?action=print HTTP/1.1" 200 10219 "-" "Mozilla/5.0 (Macintosh; Intel Mac OS X 10.15; rv:103.0) Gecko/20100101 Firefox/103.0"
194.93.0.40 - - [26/Sep/2022:06:34:11 +0200] "GET /robots.txt HTTP/1.0" 200 - "-" "Mozilla/4.0 (compatible; fluid/0.0; +http://www.leak.info/bot.html)"
194.209.200.2 - - [26/Sep/2022:06:34:15 +0200] "GET /Admin/Pro-ZurituutschStatuten HTTP/1.1" 200 9580 "-" "Mozilla/5.0 (compatible; TMMBot/0.2; +http://www.dslab.ch)/Nutch-1.15"
85.25.177.139 - - [26/Sep/2022:06:35:28 +0200] "GET /PodCast/Amaisehugel HTTP/1.1" 200 10785 "-" "Mozilla/5.0 (Macintosh; Intel Mac OS X 10.15; rv:103.0) Gecko/20100101 Firefox/103.0"
194.209.200.2 - - [26/Sep/2022:06:35:35 +0200] "GET /Hilfe/AnleitungTonbeispiele HTTP/1.1" 200 9878 "-" "Mozilla/5.0 (compatible; TMMBot/0.2; +http://www.dslab.ch)/Nutch-1.15"
85.25.177.139 - - [26/Sep/2022:06:36:40 +0200] "GET /PodCast/Konzyl HTTP/1.1" 200 8307 "-" "Mozilla/5.0 (Macintosh; Intel Mac OS X 10.15; rv:103.0) Gecko/20100101 Firefox/103.0"
85.25.177.139 - - [26/Sep/2022:06:38:01 +0200] "GET /PmWiki/Audiences?action=edit HTTP/1.1" 200 8636 "-" "Mozilla/5.0 (Macintosh; Intel Mac OS X 10.15; rv:103.0) Gecko/20100101 Firefox/103.0"
3.216.185.164 - - [26/Sep/2022:06:39:00 +0200] "GET /PodCast/IndexPage?action=rss HTTP/1.1" 200 6298 "-" "PocketCasts/1.0 (Pocket Casts Feed Parser; +http://pocketcasts.com/)"
85.25.177.139 - - [26/Sep/2022:06:41:04 +0200] "GET /PmWiki/PageFileFormat HTTP/1.1" 200 16829 "-" "Mozilla/5.0 (Macintosh; Intel Mac OS X 10.15; rv:103.0) Gecko/20100101 Firefox/103.0"
85.25.177.139 - - [26/Sep/2022:06:42:01 +0200] "GET /PmWiki/Audiences?action=diff HTTP/1.1" 200 9201 "-" "Mozilla/5.0 (Macintosh; Intel Mac OS X 10.15; rv:103.0) Gecko/20100101 Firefox/103.0"
85.25.177.139 - - [26/Sep/2022:06:44:09 +0200] "GET /PodCast/Lydja HTTP/1.1" 200 9714 "-" "Mozilla/5.0 (Macintosh; Intel Mac OS X 10.15; rv:103.0) Gecko/20100101 Firefox/103.0"
85.25.177.139 - - [26/Sep/2022:06:46:03 +0200] "GET /PmWiki/Audiences?action=upload HTTP/1.1" 200 8536 "-" "Mozilla/5.0 (Macintosh; Intel Mac OS X 10.15; rv:103.0) Gecko/20100101 Firefox/103.0"
185.191.171.21 - - [26/Sep/2022:06:46:26 +0200] "GET /PmWikiRu/Variables HTTP/1.1" 200 61254 "-" "Mozilla/5.0 (compatible; SemrushBot/7~bl; +http://www.semrush.com/bot.html)"
185.191.171.13 - - [26/Sep/2022:06:47:44 +0200] "GET /PmWikiFr/Notify HTTP/1.1" 200 25842 "-" "Mozilla/5.0 (compatible; SemrushBot/7~bl; +http://www.semrush.com/bot.html)"
85.25.177.139 - - [26/Sep/2022:06:49:43 +0200] "GET /Site/IndexPage HTTP/1.1" 200 8080 "-" "Mozilla/5.0 (Macintosh; Intel Mac OS X 10.15; rv:103.0) Gecko/20100101 Firefox/103.0"
185.191.171.8 - - [26/Sep/2022:06:50:37 +0200] "GET /Admin/Links HTTP/1.1" 200 14193 "-" "Mozilla/5.0 (compatible; SemrushBot/7~bl; +http://www.semrush.com/bot.html)"
85.25.177.139 - - [26/Sep/2022:06:51:46 +0200] "GET /PodCast/Wandermaasse HTTP/1.1" 200 11009 "-" "Mozilla/5.0 (Macintosh; Intel Mac OS X 10.15; rv:103.0) Gecko/20100101 Firefox/103.0"
85.25.177.139 - - [26/Sep/2022:06:54:01 +0200] "GET /PodCast/FHrereid2?action=edit HTTP/1.1" 200 8654 "-" "Mozilla/5.0 (Macintosh; Intel Mac OS X 10.15; rv:103.0) Gecko/20100101 Firefox/103.0"
85.25.177.139 - - [26/Sep/2022:06:55:58 +0200] "GET /Site/WGA4Gglinge HTTP/1.1" 200 18606 "-" "Mozilla/5.0 (Macintosh; Intel Mac OS X 10.15; rv:103.0) Gecko/20100101 Firefox/103.0"
212.227.216.215 - - [26/Sep/2022:06:58:15 +0200] "GET /robots.txt HTTP/1.1" 200 - "-" "IonCrawl (https://www.ionos.de/terms-gtc/faq-crawler-en/)"
54.36.148.55 - - [26/Sep/2022:06:58:32 +0200] "GET / HTTP/1.1" 200 15085 "-" "Mozilla/5.0 (compatible; AhrefsBot/7.0; +http://ahrefs.com/robot/)"
185.191.171.11 - - [26/Sep/2022:06:58:39 +0200] "GET /PmWikiVi/TinhNang HTTP/1.1" 200 25913 "-" "Mozilla/5.0 (compatible; SemrushBot/7~bl; +http://www.semrush.com/bot.html)"
66.249.76.193 - - [26/Sep/2022:06:58:51 +0200] "GET /PodCast/IndexPage?action=rss HTTP/1.1" 200 6298 "-" "Mozilla/5.0 (compatible; Googlebot/2.1; +http://www.google.com/bot.html)"
85.25.177.139 - - [26/Sep/2022:06:59:55 +0200] "GET /PodCast/Lobbiing?action=edit&restore=diff:1172766013:1172765851:&preview=y HTTP/1.1" 200 8682 "-" "Mozilla/5.0 (Macintosh; Intel Mac OS X 10.15; rv:103.0) Gecko/20100101 Firefox/103.0"
85.25.177.139 - - [26/Sep/2022:07:00:08 +0200] "GET /PodCast/JBJ201 HTTP/1.1" 200 21992 "-" "Mozilla/5.0 (Macintosh; Intel Mac OS X 10.15; rv:103.0) Gecko/20100101 Firefox/103.0"
194.209.200.2 - - [26/Sep/2022:07:02:00 +0200] "GET /robots.txt HTTP/1.1" 200 - "-" "Mozilla/5.0 (compatible; TMMBot/0.2; +http://www.dslab.ch)/Nutch-1.15"
194.209.200.2 - - [26/Sep/2022:07:02:00 +0200] "GET /Admin/Jahresbericht HTTP/1.1" 200 45530 "-" "Mozilla/5.0 (compatible; TMMBot/0.2; +http://www.dslab.ch)/Nutch-1.15"
212.227.216.191 - - [26/Sep/2022:07:02:10 +0200] "GET /sitemap.xml HTTP/1.1" 404 277 "-" "IonCrawl (https://www.ionos.de/terms-gtc/faq-crawler-en/)"
212.227.216.191 - - [26/Sep/2022:07:02:12 +0200] "GET / HTTP/1.1" 200 15085 "-" "IonCrawl (https://www.ionos.de/terms-gtc/faq-crawler-en/)"
212.227.216.191 - - [26/Sep/2022:07:02:13 +0200] "GET /robots.txt HTTP/1.1" 200 - "-" "IonCrawl (https://www.ionos.de/terms-gtc/faq-crawler-en/)"
212.227.216.191 - - [26/Sep/2022:07:02:14 +0200] "GET /wp-admin/admin-ajax.php HTTP/1.1" 404 289 "-" "IonCrawl (https://www.ionos.de/terms-gtc/faq-crawler-en/)"
194.209.200.2 - - [26/Sep/2022:07:02:24 +0200] "GET /Texte/Schrybwys HTTP/1.1" 200 11028 "-" "Mozilla/5.0 (compatible; TMMBot/0.2; +http://www.dslab.ch)/Nutch-1.15"
85.25.177.139 - - [26/Sep/2022:07:02:25 +0200] "GET /PodCast/Lobbiing?action=edit&restore=diff:1165907158:1165907158:&preview=y HTTP/1.1" 200 8682 "-" "Mozilla/5.0 (Macintosh; Intel Mac OS X 10.15; rv:103.0) Gecko/20100101 Firefox/103.0"
66.249.76.193 - - [26/Sep/2022:07:03:18 +0200] "GET /PodCast/IndexPage?action=rss HTTP/1.1" 200 6298 "-" "Mozilla/5.0 (compatible; Googlebot/2.1; +http://www.google.com/bot.html)"
194.209.200.2 - - [26/Sep/2022:07:03:24 +0200] "GET /Texte/GDicht HTTP/1.1" 200 8050 "-" "Mozilla/5.0 (compatible; TMMBot/0.2; +http://www.dslab.ch)/Nutch-1.15"
85.25.177.139 - - [26/Sep/2022:07:03:59 +0200] "GET /PodCast/Lobbiing?action=diff&source=n&minor=y HTTP/1.1" 200 35816 "-" "Mozilla/5.0 (Macintosh; Intel Mac OS X 10.15; rv:103.0) Gecko/20100101 Firefox/103.0"
194.209.200.2 - - [26/Sep/2022:07:04:00 +0200] "GET /Texte/Metamorphoses HTTP/1.1" 200 9045 "-" "Mozilla/5.0 (compatible; TMMBot/0.2; +http://www.dslab.ch)/Nutch-1.15"
212.227.216.239 - - [26/Sep/2022:07:04:54 +0200] "GET /sitemap.xml HTTP/1.1" 404 281 "-" "IonCrawl (https://www.ionos.de/terms-gtc/faq-crawler-en/)"
212.227.216.167 - - [26/Sep/2022:07:04:54 +0200] "GET /Texte/Schrybwys HTTP/1.1" 200 11028 "-" "IonCrawl (https://www.ionos.de/terms-gtc/faq-crawler-en/)"
212.227.216.223 - - [26/Sep/2022:07:04:54 +0200] "GET /Admin/ZurStiftung HTTP/1.1" 200 10864 "-" "IonCrawl (https://www.ionos.de/terms-gtc/faq-crawler-en/)"
212.227.216.231 - - [26/Sep/2022:07:04:54 +0200] "GET /Texte/Roman HTTP/1.1" 200 38741 "-" "IonCrawl (https://www.ionos.de/terms-gtc/faq-crawler-en/)"
212.227.216.159 - - [26/Sep/2022:07:04:54 +0200] "GET /Texte/Limericks HTTP/1.1" 200 8087 "-" "IonCrawl (https://www.ionos.de/terms-gtc/faq-crawler-en/)"
212.227.216.215 - - [26/Sep/2022:07:04:54 +0200] "GET /Admin/Links HTTP/1.1" 200 14193 "-" "IonCrawl (https://www.ionos.de/terms-gtc/faq-crawler-en/)"
212.227.216.239 - - [26/Sep/2022:07:04:55 +0200] "GET /Main/Home?action=print HTTP/1.1" 403 18 "-" "IonCrawl (https://www.ionos.de/terms-gtc/faq-crawler-en/)"
212.227.216.223 - - [26/Sep/2022:07:04:55 +0200] "GET /wp-admin/admin-ajax.php HTTP/1.1" 404 293 "-" "IonCrawl (https://www.ionos.de/terms-gtc/faq-crawler-en/)"
212.227.216.183 - - [26/Sep/2022:07:04:56 +0200] "GET /Main/Home?action=edit HTTP/1.1" 403 18 "-" "IonCrawl (https://www.ionos.de/terms-gtc/faq-crawler-en/)"
212.227.216.151 - - [26/Sep/2022:07:04:56 +0200] "GET /Site/PodCast HTTP/1.1" 200 40934 "-" "IonCrawl (https://www.ionos.de/terms-gtc/faq-crawler-en/)"
212.227.216.223 - - [26/Sep/2022:07:04:57 +0200] "GET /Texte/Metamorphoses HTTP/1.1" 200 9045 "-" "IonCrawl (https://www.ionos.de/terms-gtc/faq-crawler-en/)"
212.227.216.199 - - [26/Sep/2022:07:04:57 +0200] "GET /PodCast/RSSPodcasts HTTP/1.1" 200 8905 "-" "IonCrawl (https://www.ionos.de/terms-gtc/faq-crawler-en/)"
212.227.216.215 - - [26/Sep/2022:07:04:57 +0200] "GET /Texte/Gloosse HTTP/1.1" 200 8061 "-" "IonCrawl (https://www.ionos.de/terms-gtc/faq-crawler-en/)"
212.227.216.159 - - [26/Sep/2022:07:04:57 +0200] "GET /Hilfe/AnleitungTonbeispiele HTTP/1.1" 200 9878 "-" "IonCrawl (https://www.ionos.de/terms-gtc/faq-crawler-en/)"
212.227.216.175 - - [26/Sep/2022:07:04:58 +0200] "GET /Texte/ArsAmatoria HTTP/1.1" 200 12369 "-" "IonCrawl (https://www.ionos.de/terms-gtc/faq-crawler-en/)"
212.227.216.215 - - [26/Sep/2022:07:04:58 +0200] "GET /Main/Home HTTP/1.1" 200 15085 "-" "IonCrawl (https://www.ionos.de/terms-gtc/faq-crawler-en/)"
212.227.216.159 - - [26/Sep/2022:07:04:58 +0200] "GET /Texte/Bitterbeuhsi HTTP/1.1" 200 9255 "-" "IonCrawl (https://www.ionos.de/terms-gtc/faq-crawler-en/)"
212.227.216.223 - - [26/Sep/2022:07:04:58 +0200] "GET /Main/Home?action=upload HTTP/1.1" 403 18 "-" "IonCrawl (https://www.ionos.de/terms-gtc/faq-crawler-en/)"
212.227.216.207 - - [26/Sep/2022:07:04:59 +0200] "GET /Texte/Styluebige HTTP/1.1" 200 9998 "-" "IonCrawl (https://www.ionos.de/terms-gtc/faq-crawler-en/)"
212.227.216.191 - - [26/Sep/2022:07:04:59 +0200] "GET /Main/Home?action=diff HTTP/1.1" 403 18 "-" "IonCrawl (https://www.ionos.de/terms-gtc/faq-crawler-en/)"
212.227.216.231 - - [26/Sep/2022:07:05:00 +0200] "GET /Admin/Pro-ZurituutschStatuten HTTP/1.1" 200 9580 "-" "IonCrawl (https://www.ionos.de/terms-gtc/faq-crawler-en/)"
212.227.216.167 - - [26/Sep/2022:07:05:00 +0200] "GET /Texte/GDicht HTTP/1.1" 200 8050 "-" "IonCrawl (https://www.ionos.de/terms-gtc/faq-crawler-en/)"
212.227.216.191 - - [26/Sep/2022:07:05:00 +0200] "GET /Gast/Podcast HTTP/1.1" 200 8106 "-" "IonCrawl (https://www.ionos.de/terms-gtc/faq-crawler-en/)"
212.227.216.151 - - [26/Sep/2022:07:05:00 +0200] "GET /Admin/AdresseStiftung HTTP/1.1" 200 8453 "-" "IonCrawl (https://www.ionos.de/terms-gtc/faq-crawler-en/)"
212.227.216.183 - - [26/Sep/2022:07:05:01 +0200] "GET /Texte/ZurcherischEnglish HTTP/1.1" 200 8274 "-" "IonCrawl (https://www.ionos.de/terms-gtc/faq-crawler-en/)"
212.227.216.231 - - [26/Sep/2022:07:05:01 +0200] "GET /Texte/Rezension HTTP/1.1" 200 11812 "-" "IonCrawl (https://www.ionos.de/terms-gtc/faq-crawler-en/)"
194.209.200.2 - - [26/Sep/2022:07:05:50 +0200] "GET /Admin/Pro-ZurituutschStatuten HTTP/1.1" 200 9580 "-" "Mozilla/5.0 (compatible; TMMBot/0.2; +http://www.dslab.ch)/Nutch-1.15"
212.227.216.223 - - [26/Sep/2022:07:07:37 +0200] "GET /Texte/Schrybwys?action=print HTTP/1.1" 403 18 "-" "IonCrawl (https://www.ionos.de/terms-gtc/faq-crawler-en/)"
212.227.216.247 - - [26/Sep/2022:07:07:38 +0200] "GET /Texte/Schrybwys?action=diff HTTP/1.1" 403 18 "-" "IonCrawl (https://www.ionos.de/terms-gtc/faq-crawler-en/)"
212.227.216.223 - - [26/Sep/2022:07:07:42 +0200] "GET /Admin/ZurStiftung?action=diff HTTP/1.1" 403 18 "-" "IonCrawl (https://www.ionos.de/terms-gtc/faq-crawler-en/)"
212.227.216.167 - - [26/Sep/2022:07:07:42 +0200] "GET /Texte/Schrybwys?action=edit HTTP/1.1" 403 18 "-" "IonCrawl (https://www.ionos.de/terms-gtc/faq-crawler-en/)"
212.227.216.207 - - [26/Sep/2022:07:07:44 +0200] "GET /Texte/Schrybwys?action=upload HTTP/1.1" 403 18 "-" "IonCrawl (https://www.ionos.de/terms-gtc/faq-crawler-en/)"
85.25.177.139 - - [26/Sep/2022:07:09:16 +0200] "GET /PodCast/Lobbiing?action=edit&restore=diff:1165910308:1165910204:&preview=y HTTP/1.1" 200 8682 "-" "Mozilla/5.0 (Macintosh; Intel Mac OS X 10.15; rv:103.0) Gecko/20100101 Firefox/103.0"
85.25.177.139 - - [26/Sep/2022:07:09:39 +0200] "GET /PodCast/Lobbiing?action=edit&restore=diff:1172765851:1172764548:&preview=y HTTP/1.1" 200 8682 "-" "Mozilla/5.0 (Macintosh; Intel Mac OS X 10.15; rv:103.0) Gecko/20100101 Firefox/103.0"
185.191.171.6 - - [26/Sep/2022:07:11:28 +0200] "GET /robots.txt HTTP/1.1" 200 - "-" "Mozilla/5.0 (compatible; SemrushBot/7~bl; +http://www.semrush.com/bot.html)"
185.191.171.42 - - [26/Sep/2022:07:11:28 +0200] "GET /PmWikiFr/Images HTTP/1.1" 200 22078 "-" "Mozilla/5.0 (compatible; SemrushBot/7~bl; +http://www.semrush.com/bot.html)"
85.25.177.139 - - [26/Sep/2022:07:12:09 +0200] "GET /PmWikiDe/PmWikiPhilosophy HTTP/1.1" 200 12444 "-" "Mozilla/5.0 (Macintosh; Intel Mac OS X 10.15; rv:103.0) Gecko/20100101 Firefox/103.0"
85.25.177.139 - - [26/Sep/2022:07:14:17 +0200] "GET /Site/Bebi HTTP/1.1" 200 13127 "-" "Mozilla/5.0 (Macintosh; Intel Mac OS X 10.15; rv:103.0) Gecko/20100101 Firefox/103.0"
62.210.215.119 - - [26/Sep/2022:07:14:50 +0200] "GET /PodCast/IndexPage?action=rss HTTP/1.1" 200 6298 "-" "Mozilla/5.0 (X11; Linux i686) AppleWebKit/537.36 (KHTML, like Gecko) Chrome/30.0.1599.66 Safari/537.36"
85.25.177.139 - - [26/Sep/2022:07:17:30 +0200] "GET /PmWikiDe/WikiStyles HTTP/1.1" 200 18079 "-" "Mozilla/5.0 (Macintosh; Intel Mac OS X 10.15; rv:103.0) Gecko/20100101 Firefox/103.0"
185.191.171.22 - - [26/Sep/2022:07:18:31 +0200] "GET /PmWikiFr/GroupHeader HTTP/1.1" 200 9347 "-" "Mozilla/5.0 (compatible; SemrushBot/7~bl; +http://www.semrush.com/bot.html)"
85.25.177.139 - - [26/Sep/2022:07:19:25 +0200] "GET /PmWikiDe/TableDirectives?action=upload HTTP/1.1" 200 7110 "-" "Mozilla/5.0 (Macintosh; Intel Mac OS X 10.15; rv:103.0) Gecko/20100101 Firefox/103.0"
85.25.177.139 - - [26/Sep/2022:07:19:48 +0200] "GET /PmWikiDe/TableDirectives?action=diff HTTP/1.1" 200 7791 "-" "Mozilla/5.0 (Macintosh; Intel Mac OS X 10.15; rv:103.0) Gecko/20100101 Firefox/103.0"
3.219.254.95 - - [26/Sep/2022:07:20:20 +0200] "GET /PodCast/IndexPage?action=rss HTTP/1.1" 200 6298 "-" "PocketCasts/1.0 (Pocket Casts Feed Parser; +http://pocketcasts.com/)"
85.25.177.139 - - [26/Sep/2022:07:21:40 +0200] "GET /PmWikiDe/TableDirectives?action=edit HTTP/1.1" 200 7210 "-" "Mozilla/5.0 (Macintosh; Intel Mac OS X 10.15; rv:103.0) Gecko/20100101 Firefox/103.0"
85.25.177.139 - - [26/Sep/2022:07:24:59 +0200] "GET /PmWikiDe/LocalCustomizations HTTP/1.1" 200 11269 "-" "Mozilla/5.0 (Macintosh; Intel Mac OS X 10.15; rv:103.0) Gecko/20100101 Firefox/103.0"
85.25.177.139 - - [26/Sep/2022:07:26:56 +0200] "GET /Site/EditForm?action=diff&source=y&minor=n HTTP/1.1" 200 9152 "-" "Mozilla/5.0 (Macintosh; Intel Mac OS X 10.15; rv:103.0) Gecko/20100101 Firefox/103.0"
85.25.177.139 - - [26/Sep/2022:07:30:28 +0200] "GET /Site/EditForm?action=diff&source=n&minor=y HTTP/1.1" 200 9162 "-" "Mozilla/5.0 (Macintosh; Intel Mac OS X 10.15; rv:103.0) Gecko/20100101 Firefox/103.0"
85.25.177.139 - - [26/Sep/2022:07:31:17 +0200] "GET /PmWiki/Notify?action=diff&source=y&minor=n HTTP/1.1" 200 9151 "-" "Mozilla/5.0 (Macintosh; Intel Mac OS X 10.15; rv:103.0) Gecko/20100101 Firefox/103.0"
85.25.177.139 - - [26/Sep/2022:07:32:15 +0200] "GET /Site/Voorwort HTTP/1.1" 200 8939 "-" "Mozilla/5.0 (Macintosh; Intel Mac OS X 10.15; rv:103.0) Gecko/20100101 Firefox/103.0"
194.209.200.2 - - [26/Sep/2022:07:33:37 +0200] "GET /robots.txt HTTP/1.1" 200 - "-" "Mozilla/5.0 (compatible; TMMBot/0.2; +http://www.dslab.ch)/Nutch-1.15"
194.209.200.2 - - [26/Sep/2022:07:33:37 +0200] "GET /Admin/Jahresbericht HTTP/1.1" 200 45530 "-" "Mozilla/5.0 (compatible; TMMBot/0.2; +http://www.dslab.ch)/Nutch-1.15"
194.209.200.2 - - [26/Sep/2022:07:33:59 +0200] "GET /Texte/Schrybwys HTTP/1.1" 200 11028 "-" "Mozilla/5.0 (compatible; TMMBot/0.2; +http://www.dslab.ch)/Nutch-1.15"
194.209.200.2 - - [26/Sep/2022:07:34:58 +0200] "GET /Texte/GDicht HTTP/1.1" 200 8050 "-" "Mozilla/5.0 (compatible; TMMBot/0.2; +http://www.dslab.ch)/Nutch-1.15"
85.25.177.139 - - [26/Sep/2022:07:35:06 +0200] "GET /PodCast/WGA0Inhalt HTTP/1.1" 200 8270 "-" "Mozilla/5.0 (Macintosh; Intel Mac OS X 10.15; rv:103.0) Gecko/20100101 Firefox/103.0"
194.209.200.2 - - [26/Sep/2022:07:35:26 +0200] "GET /Texte/Styluebige HTTP/1.1" 200 9998 "-" "Mozilla/5.0 (compatible; TMMBot/0.2; +http://www.dslab.ch)/Nutch-1.15"
194.209.200.2 - - [26/Sep/2022:07:35:35 +0200] "GET /Texte/Metamorphoses HTTP/1.1" 200 9045 "-" "Mozilla/5.0 (compatible; TMMBot/0.2; +http://www.dslab.ch)/Nutch-1.15"
85.25.177.139 - - [26/Sep/2022:07:36:40 +0200] "GET /PmWiki/UTF-8?action=print HTTP/1.1" 200 6246 "-" "Mozilla/5.0 (Macintosh; Intel Mac OS X 10.15; rv:103.0) Gecko/20100101 Firefox/103.0"
194.209.200.2 - - [26/Sep/2022:07:37:33 +0200] "GET /Admin/Pro-ZurituutschStatuten HTTP/1.1" 200 9580 "-" "Mozilla/5.0 (compatible; TMMBot/0.2; +http://www.dslab.ch)/Nutch-1.15"
54.36.148.203 - - [26/Sep/2022:07:37:59 +0200] "GET /robots.txt HTTP/1.1" 200 - "-" "Mozilla/5.0 (compatible; AhrefsBot/7.0; +http://ahrefs.com/robot/)"
95.90.232.43 - - [26/Sep/2022:07:38:29 +0200] "GET /PodCast/IndexPage?action=rss HTTP/1.1" 200 6298 "-" "Podcasts/1709.2.2 CFNetwork/1390 Darwin/22.0.0"
185.191.171.9 - - [26/Sep/2022:07:38:29 +0200] "GET /PmWikiFr/NatureDunWiki HTTP/1.1" 200 10066 "-" "Mozilla/5.0 (compatible; SemrushBot/7~bl; +http://www.semrush.com/bot.html)"
85.25.177.139 - - [26/Sep/2022:07:38:48 +0200] "GET /PmWiki/ConditionalMarkup?action=diff HTTP/1.1" 200 9331 "-" "Mozilla/5.0 (Macintosh; Intel Mac OS X 10.15; rv:103.0) Gecko/20100101 Firefox/103.0"
85.25.177.139 - - [26/Sep/2022:07:40:21 +0200] "GET /PodCast/Reschpakt HTTP/1.1" 200 13691 "-" "Mozilla/5.0 (Macintosh; Intel Mac OS X 10.15; rv:103.0) Gecko/20100101 Firefox/103.0"
194.38.20.161 - - [26/Sep/2022:07:40:37 +0200] "GET /wp-content/themes/famous/megaframe/megapanel/inc/functions.php HTTP/1.1" 404 328 "-" "ALittle Client"
85.25.177.139 - - [26/Sep/2022:07:42:01 +0200] "GET /Category HTTP/1.1" 200 8720 "-" "Mozilla/5.0 (Macintosh; Intel Mac OS X 10.15; rv:103.0) Gecko/20100101 Firefox/103.0"
8.29.198.25 - - [26/Sep/2022:07:43:23 +0200] "GET /PodCast/IndexPage?action=rss HTTP/1.1" 200 6298 "-" "Feedly/1.0 (+http://www.feedly.com/fetcher.html; 3 subscribers; like FeedFetcher-Google)"
85.25.177.139 - - [26/Sep/2022:07:45:05 +0200] "GET /Site/Search?action=diff&source=y&minor=n HTTP/1.1" 200 9118 "-" "Mozilla/5.0 (Macintosh; Intel Mac OS X 10.15; rv:103.0) Gecko/20100101 Firefox/103.0"
85.25.177.139 - - [26/Sep/2022:07:47:24 +0200] "GET /PmWiki/WikiFarmTerminology?action=diff HTTP/1.1" 200 9365 "-" "Mozilla/5.0 (Macintosh; Intel Mac OS X 10.15; rv:103.0) Gecko/20100101 Firefox/103.0"
66.249.76.222 - - [26/Sep/2022:07:48:29 +0200] "GET /pub/skins/pro-zurituutsch/images/favicon.ico HTTP/1.1" 304 - "-" "Googlebot-Image/1.0"
85.25.177.139 - - [26/Sep/2022:07:49:47 +0200] "GET /PmWiki/WikiFarms?action=diff&source=y&minor=n HTTP/1.1" 200 9201 "-" "Mozilla/5.0 (Macintosh; Intel Mac OS X 10.15; rv:103.0) Gecko/20100101 Firefox/103.0"
66.249.76.220 - - [26/Sep/2022:07:50:57 +0200] "GET /PodCast/IndexPage?action=rss HTTP/1.1" 200 6298 "-" "Mozilla/5.0 (compatible; Googlebot/2.1; +http://www.google.com/bot.html)"
185.191.171.43 - - [26/Sep/2022:07:52:12 +0200] "GET /PmWikiRu/WikiStyleExamples HTTP/1.1" 200 22616 "-" "Mozilla/5.0 (compatible; SemrushBot/7~bl; +http://www.semrush.com/bot.html)"
85.25.177.139 - - [26/Sep/2022:07:52:12 +0200] "GET /Site/Search?action=diff&source=n&minor=y HTTP/1.1" 200 9128 "-" "Mozilla/5.0 (Macintosh; Intel Mac OS X 10.15; rv:103.0) Gecko/20100101 Firefox/103.0"
85.25.177.139 - - [26/Sep/2022:07:53:17 +0200] "GET /PmWiki/WikiFarms?action=edit HTTP/1.1" 200 8638 "-" "Mozilla/5.0 (Macintosh; Intel Mac OS X 10.15; rv:103.0) Gecko/20100101 Firefox/103.0"
85.25.177.139 - - [26/Sep/2022:07:56:20 +0200] "GET /PmWiki/WikiFarms?action=upload HTTP/1.1" 200 8538 "-" "Mozilla/5.0 (Macintosh; Intel Mac OS X 10.15; rv:103.0) Gecko/20100101 Firefox/103.0"
85.25.177.139 - - [26/Sep/2022:07:58:01 +0200] "GET /PmWikiDe/Audiences HTTP/1.1" 200 11986 "-" "Mozilla/5.0 (Macintosh; Intel Mac OS X 10.15; rv:103.0) Gecko/20100101 Firefox/103.0"
85.25.177.139 - - [26/Sep/2022:08:00:13 +0200] "GET /PmWiki/WikiFarms?action=diff&source=n&minor=y HTTP/1.1" 200 9211 "-" "Mozilla/5.0 (Macintosh; Intel Mac OS X 10.15; rv:103.0) Gecko/20100101 Firefox/103.0"
185.191.171.25 - - [26/Sep/2022:08:02:07 +0200] "GET /PmWikiRu/UploadsAdmin HTTP/1.1" 200 33808 "-" "Mozilla/5.0 (compatible; SemrushBot/7~bl; +http://www.semrush.com/bot.html)"
85.25.177.139 - - [26/Sep/2022:08:03:10 +0200] "GET /Category/Spam?action=diff HTTP/1.1" 200 9152 "-" "Mozilla/5.0 (Macintosh; Intel Mac OS X 10.15; rv:103.0) Gecko/20100101 Firefox/103.0"
66.249.76.193 - - [26/Sep/2022:08:03:19 +0200] "GET /PodCast/IndexPage?action=rss HTTP/1.1" 200 6298 "-" "Mozilla/5.0 (compatible; Googlebot/2.1; +http://www.google.com/bot.html)"
194.209.200.2 - - [26/Sep/2022:08:04:03 +0200] "GET /robots.txt HTTP/1.1" 200 - "-" "Mozilla/5.0 (compatible; TMMBot/0.2; +http://www.dslab.ch)/Nutch-1.15"
194.209.200.2 - - [26/Sep/2022:08:04:03 +0200] "GET /Admin/Jahresbericht HTTP/1.1" 200 45530 "-" "Mozilla/5.0 (compatible; TMMBot/0.2; +http://www.dslab.ch)/Nutch-1.15"
194.209.200.2 - - [26/Sep/2022:08:04:27 +0200] "GET /Texte/Schrybwys HTTP/1.1" 200 11028 "-" "Mozilla/5.0 (compatible; TMMBot/0.2; +http://www.dslab.ch)/Nutch-1.15"
85.25.177.139 - - [26/Sep/2022:08:04:54 +0200] "GET /PodCast/32Meuischtergass?action=print HTTP/1.1" 404 2428 "-" "Mozilla/5.0 (Macintosh; Intel Mac OS X 10.15; rv:103.0) Gecko/20100101 Firefox/103.0"
194.209.200.2 - - [26/Sep/2022:08:05:26 +0200] "GET /Texte/GDicht HTTP/1.1" 200 8050 "-" "Mozilla/5.0 (compatible; TMMBot/0.2; +http://www.dslab.ch)/Nutch-1.15"
217.6.209.118 - - [26/Sep/2022:08:05:31 +0200] "GET / HTTP/1.0" 200 15085 "-" "Mozilla/5.0 (X11; Ubuntu; Linux x86_64; rv:85.0) Gecko/20100101 Firefox/85.0"
217.6.209.118 - - [26/Sep/2022:08:05:31 +0200] "GET /pub/skins/pro-zurituutsch/gila.css HTTP/1.0" 200 10186 "http://www.pro-zurituutsch.ch/" "Mozilla/5.0 (X11; Ubuntu; Linux x86_64; rv:85.0) Gecko/20100101 Firefox/85.0"
217.6.209.118 - - [26/Sep/2022:08:05:31 +0200] "GET /uploads/Main/logo.jpg HTTP/1.0" 200 29066 "http://www.pro-zurituutsch.ch/" "Mozilla/5.0 (X11; Ubuntu; Linux x86_64; rv:85.0) Gecko/20100101 Firefox/85.0"
217.6.209.118 - - [26/Sep/2022:08:05:31 +0200] "GET /pub/skins/pro-zurituutsch/images/external.png HTTP/1.0" 200 165 "http://www.pro-zurituutsch.ch/pub/skins/pro-zurituutsch/gila.css" "Mozilla/5.0 (X11; Ubuntu; Linux x86_64; rv:85.0) Gecko/20100101 Firefox/85.0"
217.6.209.118 - - [26/Sep/2022:08:05:31 +0200] "GET /pub/skins/pro-zurituutsch/images/favicon.ico HTTP/1.0" 200 1406 "http://www.pro-zurituutsch.ch/" "Mozilla/5.0 (X11; Ubuntu; Linux x86_64; rv:85.0) Gecko/20100101 Firefox/85.0"
217.6.209.118 - - [26/Sep/2022:08:05:34 +0200] "GET /Texte/Roman HTTP/1.0" 200 38741 "http://www.pro-zurituutsch.ch/" "Mozilla/5.0 (X11; Ubuntu; Linux x86_64; rv:85.0) Gecko/20100101 Firefox/85.0"
194.209.200.2 - - [26/Sep/2022:08:05:53 +0200] "GET /Texte/Styluebige HTTP/1.1" 200 9998 "-" "Mozilla/5.0 (compatible; TMMBot/0.2; +http://www.dslab.ch)/Nutch-1.15"
194.209.200.2 - - [26/Sep/2022:08:06:03 +0200] "GET /Texte/Metamorphoses HTTP/1.1" 200 9045 "-" "Mozilla/5.0 (compatible; TMMBot/0.2; +http://www.dslab.ch)/Nutch-1.15"
217.6.209.118 - - [26/Sep/2022:08:06:05 +0200] "GET /Texte/Schrybwys HTTP/1.0" 200 11028 "http://www.pro-zurituutsch.ch/Texte/Roman" "Mozilla/5.0 (X11; Ubuntu; Linux x86_64; rv:85.0) Gecko/20100101 Firefox/85.0"
217.6.209.118 - - [26/Sep/2022:08:06:05 +0200] "GET /uploads/Texte/ZurSchreibweise.jpg HTTP/1.0" 200 90748 "http://www.pro-zurituutsch.ch/Texte/Schrybwys" "Mozilla/5.0 (X11; Ubuntu; Linux x86_64; rv:85.0) Gecko/20100101 Firefox/85.0"
217.6.209.118 - - [26/Sep/2022:08:06:10 +0200] "GET /Texte/Metamorphoses HTTP/1.0" 200 9045 "http://www.pro-zurituutsch.ch/Texte/Schrybwys" "Mozilla/5.0 (X11; Ubuntu; Linux x86_64; rv:85.0) Gecko/20100101 Firefox/85.0"
217.6.209.118 - - [26/Sep/2022:08:06:10 +0200] "GET /uploads/Texte/Speaker.jpg HTTP/1.0" 200 1016 "http://www.pro-zurituutsch.ch/Texte/Metamorphoses" "Mozilla/5.0 (X11; Ubuntu; Linux x86_64; rv:85.0) Gecko/20100101 Firefox/85.0"
217.6.209.118 - - [26/Sep/2022:08:06:10 +0200] "GET /uploads/Texte/arcimboldo.jpg HTTP/1.0" 200 27199 "http://www.pro-zurituutsch.ch/Texte/Metamorphoses" "Mozilla/5.0 (X11; Ubuntu; Linux x86_64; rv:85.0) Gecko/20100101 Firefox/85.0"
217.6.209.118 - - [26/Sep/2022:08:06:14 +0200] "GET /Texte/ZurcherischEnglish HTTP/1.0" 200 8274 "http://www.pro-zurituutsch.ch/Texte/Metamorphoses" "Mozilla/5.0 (X11; Ubuntu; Linux x86_64; rv:85.0) Gecko/20100101 Firefox/85.0"
217.6.209.118 - - [26/Sep/2022:08:06:19 +0200] "GET /Texte/Styluebige HTTP/1.0" 200 9998 "http://www.pro-zurituutsch.ch/Texte/ZurcherischEnglish" "Mozilla/5.0 (X11; Ubuntu; Linux x86_64; rv:85.0) Gecko/20100101 Firefox/85.0"
217.6.209.118 - - [26/Sep/2022:08:06:19 +0200] "GET /resources/speaker.jpg HTTP/1.0" 404 291 "http://www.pro-zurituutsch.ch/Texte/Styluebige" "Mozilla/5.0 (X11; Ubuntu; Linux x86_64; rv:85.0) Gecko/20100101 Firefox/85.0"
217.6.209.118 - - [26/Sep/2022:08:06:23 +0200] "GET /Texte/Roman HTTP/1.0" 200 38741 "http://www.pro-zurituutsch.ch/Texte/Styluebige" "Mozilla/5.0 (X11; Ubuntu; Linux x86_64; rv:85.0) Gecko/20100101 Firefox/85.0"
85.25.177.139 - - [26/Sep/2022:08:06:40 +0200] "GET /PmWikiDe/RecentChanges?action=edit HTTP/1.1" 200 7178 "-" "Mozilla/5.0 (Macintosh; Intel Mac OS X 10.15; rv:103.0) Gecko/20100101 Firefox/103.0"
194.209.200.2 - - [26/Sep/2022:08:07:53 +0200] "GET /Admin/Pro-ZurituutschStatuten HTTP/1.1" 200 9580 "-" "Mozilla/5.0 (compatible; TMMBot/0.2; +http://www.dslab.ch)/Nutch-1.15"
85.25.177.139 - - [26/Sep/2022:08:08:38 +0200] "GET /PmWikiDe/TextFormattingRules?action=upload HTTP/1.1" 200 7168 "-" "Mozilla/5.0 (Macintosh; Intel Mac OS X 10.15; rv:103.0) Gecko/20100101 Firefox/103.0"
85.25.177.139 - - [26/Sep/2022:08:10:25 +0200] "GET /PmWikiDe/Functions?action=edit HTTP/1.1" 200 7120 "-" "Mozilla/5.0 (Macintosh; Intel Mac OS X 10.15; rv:103.0) Gecko/20100101 Firefox/103.0"
85.25.177.139 - - [26/Sep/2022:08:12:22 +0200] "GET /PmWikiDe/WikiWord HTTP/1.1" 200 8745 "-" "Mozilla/5.0 (Macintosh; Intel Mac OS X 10.15; rv:103.0) Gecko/20100101 Firefox/103.0"
85.25.177.139 - - [26/Sep/2022:08:14:12 +0200] "GET /PmWikiDe/Installation HTTP/1.1" 200 15806 "-" "Mozilla/5.0 (Macintosh; Intel Mac OS X 10.15; rv:103.0) Gecko/20100101 Firefox/103.0"
85.25.177.139 - - [26/Sep/2022:08:15:47 +0200] "GET /PmWikiDe/SimpleTables HTTP/1.1" 200 21037 "-" "Mozilla/5.0 (Macintosh; Intel Mac OS X 10.15; rv:103.0) Gecko/20100101 Firefox/103.0"
85.25.177.139 - - [26/Sep/2022:08:18:15 +0200] "GET /PmWikiDe/CreatingNewPages HTTP/1.1" 200 10693 "-" "Mozilla/5.0 (Macintosh; Intel Mac OS X 10.15; rv:103.0) Gecko/20100101 Firefox/103.0"
