85.25.177.139 - - [26/Sep/2022:13:46:45 +0200] "GET /robots.txt HTTP/1.1" 200 - "-" "Mozilla/5.0 (Macintosh; Intel Mac OS X 10.15; rv:103.0) Gecko/20100101 Firefox/103.0"
85.25.177.139 - - [26/Sep/2022:13:46:45 +0200] "GET /PmWiki/Upgrades?action=upload HTTP/1.1" 200 8522 "-" "Mozilla/5.0 (Macintosh; Intel Mac OS X 10.15; rv:103.0) Gecko/20100101 Firefox/103.0"
158.69.116.72 - - [26/Sep/2022:13:47:31 +0200] "HEAD /PodCast/IndexPage?action=rss HTTP/1.1" 200 - "-" "PodcastAddict/v5W (+https://podcastaddict.com/; Android podcast app)"
158.69.116.72 - - [26/Sep/2022:13:47:32 +0200] "GET /PodCast/IndexPage?action=rss HTTP/1.1" 200 6298 "-" "PodcastAddict/v5W (+https://podcastaddict.com/; Android podcast app)"
85.25.177.139 - - [26/Sep/2022:13:54:40 +0200] "GET /robots.txt HTTP/1.1" 200 - "-" "Mozilla/5.0 (Macintosh; Intel Mac OS X 10.15; rv:103.0) Gecko/20100101 Firefox/103.0"
85.25.177.139 - - [26/Sep/2022:13:54:40 +0200] "GET /PmWiki/AvailableActions?action=diff&source=n&minor=n HTTP/1.1" 200 9321 "-" "Mozilla/5.0 (Macintosh; Intel Mac OS X 10.15; rv:103.0) Gecko/20100101 Firefox/103.0"
85.25.177.139 - - [26/Sep/2022:13:56:48 +0200] "GET /PmWiki/WikiStructure?action=print HTTP/1.1" 200 7022 "-" "Mozilla/5.0 (Macintosh; Intel Mac OS X 10.15; rv:103.0) Gecko/20100101 Firefox/103.0"
85.25.177.139 - - [26/Sep/2022:13:57:23 +0200] "GET /PmWiki/Troubleshooting?action=diff&source=y&minor=n HTTP/1.1" 200 9295 "-" "Mozilla/5.0 (Macintosh; Intel Mac OS X 10.15; rv:103.0) Gecko/20100101 Firefox/103.0"
85.25.177.139 - - [26/Sep/2022:13:58:50 +0200] "GET /Cookbook/Cookbook?action=print HTTP/1.1" 404 2401 "-" "Mozilla/5.0 (Macintosh; Intel Mac OS X 10.15; rv:103.0) Gecko/20100101 Firefox/103.0"
85.25.177.139 - - [26/Sep/2022:13:59:38 +0200] "GET /Cookbook/Cookbook?action=diff HTTP/1.1" 200 9216 "-" "Mozilla/5.0 (Macintosh; Intel Mac OS X 10.15; rv:103.0) Gecko/20100101 Firefox/103.0"
85.25.177.139 - - [26/Sep/2022:14:01:00 +0200] "GET /PmWiki/Troubleshooting?action=diff&source=n&minor=y HTTP/1.1" 200 9305 "-" "Mozilla/5.0 (Macintosh; Intel Mac OS X 10.15; rv:103.0) Gecko/20100101 Firefox/103.0"
85.25.177.139 - - [26/Sep/2022:14:02:13 +0200] "GET /PmWiki/Troubleshooting?action=edit HTTP/1.1" 200 8720 "-" "Mozilla/5.0 (Macintosh; Intel Mac OS X 10.15; rv:103.0) Gecko/20100101 Firefox/103.0"
85.25.177.139 - - [26/Sep/2022:14:05:15 +0200] "GET /Cookbook/Cookbook?action=upload HTTP/1.1" 200 8549 "-" "Mozilla/5.0 (Macintosh; Intel Mac OS X 10.15; rv:103.0) Gecko/20100101 Firefox/103.0"
54.86.54.179 - - [26/Sep/2022:14:06:46 +0200] "GET /PodCast/IndexPage?action=rss HTTP/1.1" 200 6298 "-" "PlayerFM/1.0 Podcast Sync (1 subscribers; url=https://player.fm/series/podcast-2872909)"
85.25.177.139 - - [26/Sep/2022:14:07:32 +0200] "GET /PmWiki/WebFeeds?action=diff HTTP/1.1" 200 9187 "-" "Mozilla/5.0 (Macintosh; Intel Mac OS X 10.15; rv:103.0) Gecko/20100101 Firefox/103.0"
66.249.76.220 - - [26/Sep/2022:14:08:58 +0200] "GET /PodCast/IndexPage?action=rss HTTP/1.1" 200 6298 "-" "Mozilla/5.0 (compatible; Googlebot/2.1; +http://www.google.com/bot.html)"
194.209.200.2 - - [26/Sep/2022:14:09:33 +0200] "GET /robots.txt HTTP/1.1" 200 - "-" "Mozilla/5.0 (compatible; TMMBot/0.2; +http://www.dslab.ch)/Nutch-1.15"
194.209.200.2 - - [26/Sep/2022:14:09:33 +0200] "GET /Admin/Jahresbericht HTTP/1.1" 200 45530 "-" "Mozilla/5.0 (compatible; TMMBot/0.2; +http://www.dslab.ch)/Nutch-1.15"
85.25.177.139 - - [26/Sep/2022:14:09:38 +0200] "GET /PodCast/32Meuischtergass?action=diff&source=y&minor=y HTTP/1.1" 200 9331 "-" "Mozilla/5.0 (Macintosh; Intel Mac OS X 10.15; rv:103.0) Gecko/20100101 Firefox/103.0"
194.209.200.2 - - [26/Sep/2022:14:09:59 +0200] "GET /Texte/Schrybwys HTTP/1.1" 200 11028 "-" "Mozilla/5.0 (compatible; TMMBot/0.2; +http://www.dslab.ch)/Nutch-1.15"
85.25.177.139 - - [26/Sep/2022:14:10:48 +0200] "GET /Site/Preferences?action=edit HTTP/1.1" 200 8635 "-" "Mozilla/5.0 (Macintosh; Intel Mac OS X 10.15; rv:103.0) Gecko/20100101 Firefox/103.0"
52.226.210.206 - - [26/Sep/2022:14:10:57 +0200] "GET /robots.txt HTTP/1.1" 200 - "-" "python-requests/2.27.1"
194.209.200.2 - - [26/Sep/2022:14:11:02 +0200] "GET /Texte/GDicht HTTP/1.1" 200 8050 "-" "Mozilla/5.0 (compatible; TMMBot/0.2; +http://www.dslab.ch)/Nutch-1.15"
52.226.210.206 - - [26/Sep/2022:14:11:03 +0200] "GET / HTTP/1.1" 200 15085 "-" "Mozilla/5.0 (Windows NT 10.0; Win64; x64) AppleWebKit/537.36 (KHTML, like Gecko) Chrome/76.0.3809.100 Safari/537.36"
194.209.200.2 - - [26/Sep/2022:14:11:30 +0200] "GET /Texte/Styluebige HTTP/1.1" 200 9998 "-" "Mozilla/5.0 (compatible; TMMBot/0.2; +http://www.dslab.ch)/Nutch-1.15"
85.25.177.139 - - [26/Sep/2022:14:11:34 +0200] "GET /Site/Preferences?action=upload HTTP/1.1" 200 8535 "-" "Mozilla/5.0 (Macintosh; Intel Mac OS X 10.15; rv:103.0) Gecko/20100101 Firefox/103.0"
194.209.200.2 - - [26/Sep/2022:14:11:42 +0200] "GET /Texte/Metamorphoses HTTP/1.1" 200 9045 "-" "Mozilla/5.0 (compatible; TMMBot/0.2; +http://www.dslab.ch)/Nutch-1.15"
85.25.177.139 - - [26/Sep/2022:14:12:51 +0200] "GET /PmWiki/Contributors?action=diff&source=n&minor=y HTTP/1.1" 200 9257 "-" "Mozilla/5.0 (Macintosh; Intel Mac OS X 10.15; rv:103.0) Gecko/20100101 Firefox/103.0"
194.209.200.2 - - [26/Sep/2022:14:13:40 +0200] "GET /Admin/Pro-ZurituutschStatuten HTTP/1.1" 200 9580 "-" "Mozilla/5.0 (compatible; TMMBot/0.2; +http://www.dslab.ch)/Nutch-1.15"
85.25.177.139 - - [26/Sep/2022:14:13:46 +0200] "GET /PodCast/Bebi?action=print HTTP/1.1" 404 2380 "-" "Mozilla/5.0 (Macintosh; Intel Mac OS X 10.15; rv:103.0) Gecko/20100101 Firefox/103.0"
85.25.177.139 - - [26/Sep/2022:14:17:43 +0200] "GET /robots.txt HTTP/1.1" 200 - "-" "Mozilla/5.0 (Macintosh; Intel Mac OS X 10.15; rv:103.0) Gecko/20100101 Firefox/103.0"
85.25.177.139 - - [26/Sep/2022:14:17:43 +0200] "GET /PmWiki/Requirements?action=print HTTP/1.1" 200 4212 "-" "Mozilla/5.0 (Macintosh; Intel Mac OS X 10.15; rv:103.0) Gecko/20100101 Firefox/103.0"
85.25.177.139 - - [26/Sep/2022:14:19:32 +0200] "GET /PmWiki/PathVariables?action=edit HTTP/1.1" 200 8694 "-" "Mozilla/5.0 (Macintosh; Intel Mac OS X 10.15; rv:103.0) Gecko/20100101 Firefox/103.0"
85.25.177.139 - - [26/Sep/2022:14:21:14 +0200] "GET /Site/Preferences?setprefs= HTTP/1.1" 200 11217 "-" "Mozilla/5.0 (Macintosh; Intel Mac OS X 10.15; rv:103.0) Gecko/20100101 Firefox/103.0"
85.25.177.139 - - [26/Sep/2022:14:22:42 +0200] "GET /Site/Preferences?setprefs=Site.Preferences HTTP/1.1" 200 11217 "-" "Mozilla/5.0 (Macintosh; Intel Mac OS X 10.15; rv:103.0) Gecko/20100101 Firefox/103.0"
85.25.177.139 - - [26/Sep/2022:14:23:42 +0200] "GET /PmWikiFr/XLPage?action=print HTTP/1.1" 200 13950 "-" "Mozilla/5.0 (Macintosh; Intel Mac OS X 10.15; rv:103.0) Gecko/20100101 Firefox/103.0"
85.25.177.139 - - [26/Sep/2022:14:24:45 +0200] "GET /PodCast/Bebi?action=diff&source=y&minor=n HTTP/1.1" 200 9135 "-" "Mozilla/5.0 (Macintosh; Intel Mac OS X 10.15; rv:103.0) Gecko/20100101 Firefox/103.0"
66.249.70.210 - - [26/Sep/2022:14:25:42 +0200] "GET /PodCast/IndexPage?action=rss HTTP/1.1" 200 6298 "-" "Mozilla/5.0 (compatible; Googlebot/2.1; +http://www.google.com/bot.html)"
85.25.177.139 - - [26/Sep/2022:14:25:44 +0200] "GET /PodCast/Bebi?action=diff&source=n&minor=y HTTP/1.1" 200 9145 "-" "Mozilla/5.0 (Macintosh; Intel Mac OS X 10.15; rv:103.0) Gecko/20100101 Firefox/103.0"
85.25.177.139 - - [26/Sep/2022:14:26:45 +0200] "GET /Site/Preferences?action=diff HTTP/1.1" 200 9200 "-" "Mozilla/5.0 (Macintosh; Intel Mac OS X 10.15; rv:103.0) Gecko/20100101 Firefox/103.0"
85.25.177.139 - - [26/Sep/2022:14:28:41 +0200] "GET /PmWiki/SitePreferences?action=diff&source=y&minor=n HTTP/1.1" 200 9297 "-" "Mozilla/5.0 (Macintosh; Intel Mac OS X 10.15; rv:103.0) Gecko/20100101 Firefox/103.0"
85.25.177.139 - - [26/Sep/2022:14:29:45 +0200] "GET /PmWiki/SitePreferences?action=diff&source=n&minor=y HTTP/1.1" 200 9307 "-" "Mozilla/5.0 (Macintosh; Intel Mac OS X 10.15; rv:103.0) Gecko/20100101 Firefox/103.0"
85.25.177.139 - - [26/Sep/2022:14:30:17 +0200] "GET /PmWiki/Contributors?action=upload HTTP/1.1" 200 8578 "-" "Mozilla/5.0 (Macintosh; Intel Mac OS X 10.15; rv:103.0) Gecko/20100101 Firefox/103.0"
85.25.177.139 - - [26/Sep/2022:14:30:58 +0200] "GET /PmWiki/Contributors?action=print HTTP/1.1" 200 5332 "-" "Mozilla/5.0 (Macintosh; Intel Mac OS X 10.15; rv:103.0) Gecko/20100101 Firefox/103.0"
85.25.177.139 - - [26/Sep/2022:14:32:31 +0200] "GET /PmWiki/BlockMarkup?action=print HTTP/1.1" 200 8821 "-" "Mozilla/5.0 (Macintosh; Intel Mac OS X 10.15; rv:103.0) Gecko/20100101 Firefox/103.0"
85.25.177.139 - - [26/Sep/2022:14:33:14 +0200] "GET /PmWiki/PathVariables?action=diff&source=n&minor=y HTTP/1.1" 200 9275 "-" "Mozilla/5.0 (Macintosh; Intel Mac OS X 10.15; rv:103.0) Gecko/20100101 Firefox/103.0"
85.25.177.139 - - [26/Sep/2022:14:34:10 +0200] "GET /PmWikiDe/WikiWikiWeb?action=print HTTP/1.1" 200 7434 "-" "Mozilla/5.0 (Macintosh; Intel Mac OS X 10.15; rv:103.0) Gecko/20100101 Firefox/103.0"
85.25.177.139 - - [26/Sep/2022:14:35:28 +0200] "GET /PmWiki/PathVariables?action=diff&source=y&minor=n HTTP/1.1" 200 9265 "-" "Mozilla/5.0 (Macintosh; Intel Mac OS X 10.15; rv:103.0) Gecko/20100101 Firefox/103.0"
85.25.177.139 - - [26/Sep/2022:14:36:18 +0200] "GET /PmWiki/PageFileFormat?action=edit HTTP/1.1" 200 8710 "-" "Mozilla/5.0 (Macintosh; Intel Mac OS X 10.15; rv:103.0) Gecko/20100101 Firefox/103.0"
85.25.177.139 - - [26/Sep/2022:14:37:23 +0200] "GET /PmWikiDe/InterMap?action=print HTTP/1.1" 200 5452 "-" "Mozilla/5.0 (Macintosh; Intel Mac OS X 10.15; rv:103.0) Gecko/20100101 Firefox/103.0"
85.25.177.139 - - [26/Sep/2022:14:39:01 +0200] "GET /PmWiki/PageFileFormat?action=diff HTTP/1.1" 200 9285 "-" "Mozilla/5.0 (Macintosh; Intel Mac OS X 10.15; rv:103.0) Gecko/20100101 Firefox/103.0"
85.25.177.139 - - [26/Sep/2022:14:41:46 +0200] "GET /PmWiki/SpecialCharacters?action=diff&source=y&minor=n HTTP/1.1" 200 9329 "-" "Mozilla/5.0 (Macintosh; Intel Mac OS X 10.15; rv:103.0) Gecko/20100101 Firefox/103.0"
85.25.177.139 - - [26/Sep/2022:14:42:39 +0200] "GET /PmWiki/SpecialCharacters?action=diff&source=n&minor=y HTTP/1.1" 200 9339 "-" "Mozilla/5.0 (Macintosh; Intel Mac OS X 10.15; rv:103.0) Gecko/20100101 Firefox/103.0"
85.25.177.139 - - [26/Sep/2022:14:43:47 +0200] "GET /PmWiki/SpecialCharacters?action=edit HTTP/1.1" 200 8750 "-" "Mozilla/5.0 (Macintosh; Intel Mac OS X 10.15; rv:103.0) Gecko/20100101 Firefox/103.0"
216.131.84.8 - - [26/Sep/2022:14:45:09 +0200] "GET /Texte/Rezension HTTP/1.1" 200 11812 "http://www.pro-zurituutsch.ch" "Mozilla/5.0 (Windows NT 10.0; Win64; x64) AppleWebKit/537.36 (KHTML, like Gecko) Chrome/62.0.3202.94 Safari/537.36"
85.25.177.139 - - [26/Sep/2022:14:45:13 +0200] "GET /Site/122Sitkouscht1482?action=diff&source=y&minor=y HTTP/1.1" 200 21824 "-" "Mozilla/5.0 (Macintosh; Intel Mac OS X 10.15; rv:103.0) Gecko/20100101 Firefox/103.0"
85.25.177.139 - - [26/Sep/2022:14:46:05 +0200] "GET /Site/122Sitkouscht1482?action=diff&source=n&minor=n HTTP/1.1" 200 22069 "-" "Mozilla/5.0 (Macintosh; Intel Mac OS X 10.15; rv:103.0) Gecko/20100101 Firefox/103.0"
194.209.200.2 - - [26/Sep/2022:14:46:54 +0200] "GET /robots.txt HTTP/1.1" 200 - "-" "Mozilla/5.0 (compatible; TMMBot/0.2; +http://www.dslab.ch)/Nutch-1.15"
194.209.200.2 - - [26/Sep/2022:14:46:54 +0200] "GET /Admin/Jahresbericht HTTP/1.1" 200 45530 "-" "Mozilla/5.0 (compatible; TMMBot/0.2; +http://www.dslab.ch)/Nutch-1.15"
194.209.200.2 - - [26/Sep/2022:14:47:18 +0200] "GET /Texte/Schrybwys HTTP/1.1" 200 11028 "-" "Mozilla/5.0 (compatible; TMMBot/0.2; +http://www.dslab.ch)/Nutch-1.15"
85.25.177.139 - - [26/Sep/2022:14:47:55 +0200] "GET /PmWiki/PageFileFormat?action=upload HTTP/1.1" 200 8610 "-" "Mozilla/5.0 (Macintosh; Intel Mac OS X 10.15; rv:103.0) Gecko/20100101 Firefox/103.0"
194.209.200.2 - - [26/Sep/2022:14:48:18 +0200] "GET /Texte/GDicht HTTP/1.1" 200 8050 "-" "Mozilla/5.0 (compatible; TMMBot/0.2; +http://www.dslab.ch)/Nutch-1.15"
185.191.171.26 - - [26/Sep/2022:14:48:41 +0200] "GET /robots.txt HTTP/1.1" 200 - "-" "Mozilla/5.0 (compatible; SemrushBot/7~bl; +http://www.semrush.com/bot.html)"
185.191.171.5 - - [26/Sep/2022:14:48:41 +0200] "GET /PmWikiFr/UploadQuickReference?action=browse HTTP/1.1" 200 10712 "-" "Mozilla/5.0 (compatible; SemrushBot/7~bl; +http://www.semrush.com/bot.html)"
168.119.51.163 - - [26/Sep/2022:14:48:43 +0200] "GET /robots.txt HTTP/1.1" 200 - "-" "Mozilla/5.0 (compatible; um-IC/1.0; mailto: techinfo@ubermetrics-technologies.com; Windows NT 6.1; WOW64; rv:40.0) Gecko/20100101 Firefox/40.1"
168.119.51.163 - - [26/Sep/2022:14:48:43 +0200] "GET /PodCast/IndexPage?action=rss HTTP/1.1" 200 6298 "-" "Mozilla/5.0 (compatible; um-IC/1.0; mailto: techinfo@ubermetrics-technologies.com; Windows NT 6.1; WOW64; rv:40.0) Gecko/20100101 Firefox/40.1"
194.209.200.2 - - [26/Sep/2022:14:48:44 +0200] "GET /Texte/Styluebige HTTP/1.1" 200 9998 "-" "Mozilla/5.0 (compatible; TMMBot/0.2; +http://www.dslab.ch)/Nutch-1.15"
194.209.200.2 - - [26/Sep/2022:14:48:56 +0200] "GET /Texte/Metamorphoses HTTP/1.1" 200 9045 "-" "Mozilla/5.0 (compatible; TMMBot/0.2; +http://www.dslab.ch)/Nutch-1.15"
85.25.177.139 - - [26/Sep/2022:14:48:57 +0200] "GET /PmWiki/Audiences?action=diff&source=y&minor=n HTTP/1.1" 200 9199 "-" "Mozilla/5.0 (Macintosh; Intel Mac OS X 10.15; rv:103.0) Gecko/20100101 Firefox/103.0"
85.25.177.139 - - [26/Sep/2022:14:49:51 +0200] "GET /PmWiki/Audiences?action=diff&source=n&minor=y HTTP/1.1" 200 9209 "-" "Mozilla/5.0 (Macintosh; Intel Mac OS X 10.15; rv:103.0) Gecko/20100101 Firefox/103.0"
194.209.200.2 - - [26/Sep/2022:14:50:48 +0200] "GET /Admin/Pro-ZurituutschStatuten HTTP/1.1" 200 9580 "-" "Mozilla/5.0 (compatible; TMMBot/0.2; +http://www.dslab.ch)/Nutch-1.15"
85.25.177.139 - - [26/Sep/2022:14:50:54 +0200] "GET /PmWikiDe/LocalCustomizations?action=print HTTP/1.1" 200 7083 "-" "Mozilla/5.0 (Macintosh; Intel Mac OS X 10.15; rv:103.0) Gecko/20100101 Firefox/103.0"
85.25.177.139 - - [26/Sep/2022:14:51:38 +0200] "GET /PodCast/Wandermaasse?action=print HTTP/1.1" 200 5166 "-" "Mozilla/5.0 (Macintosh; Intel Mac OS X 10.15; rv:103.0) Gecko/20100101 Firefox/103.0"
85.25.177.139 - - [26/Sep/2022:14:52:47 +0200] "GET /PmWikiDe/PmWikiPhilosophy?action=print HTTP/1.1" 200 8184 "-" "Mozilla/5.0 (Macintosh; Intel Mac OS X 10.15; rv:103.0) Gecko/20100101 Firefox/103.0"
85.25.177.139 - - [26/Sep/2022:14:53:52 +0200] "GET /PmWikiDe/CreatingNewPages?action=print HTTP/1.1" 200 6776 "-" "Mozilla/5.0 (Macintosh; Intel Mac OS X 10.15; rv:103.0) Gecko/20100101 Firefox/103.0"
85.25.177.139 - - [26/Sep/2022:14:54:50 +0200] "GET /PmWiki/LinkVariables?action=upload HTTP/1.1" 200 8594 "-" "Mozilla/5.0 (Macintosh; Intel Mac OS X 10.15; rv:103.0) Gecko/20100101 Firefox/103.0"
85.25.177.139 - - [26/Sep/2022:14:56:40 +0200] "GET /PodCast/Wandermaasse?action=edit HTTP/1.1" 200 8692 "-" "Mozilla/5.0 (Macintosh; Intel Mac OS X 10.15; rv:103.0) Gecko/20100101 Firefox/103.0"
85.25.177.139 - - [26/Sep/2022:14:57:44 +0200] "GET /PodCast/Wandermaasse?action=diff HTTP/1.1" 200 13598 "-" "Mozilla/5.0 (Macintosh; Intel Mac OS X 10.15; rv:103.0) Gecko/20100101 Firefox/103.0"
85.25.177.139 - - [26/Sep/2022:14:58:39 +0200] "GET /PmWiki/LinkVariables?action=diff HTTP/1.1" 200 9267 "-" "Mozilla/5.0 (Macintosh; Intel Mac OS X 10.15; rv:103.0) Gecko/20100101 Firefox/103.0"
85.25.177.139 - - [26/Sep/2022:15:00:23 +0200] "GET /PmWikiDe/WikiSandbox?action=print HTTP/1.1" 404 2413 "-" "Mozilla/5.0 (Macintosh; Intel Mac OS X 10.15; rv:103.0) Gecko/20100101 Firefox/103.0"
85.25.177.139 - - [26/Sep/2022:15:01:16 +0200] "GET /SiteAdmin/Blocklist?action=print HTTP/1.1" 200 2745 "-" "Mozilla/5.0 (Macintosh; Intel Mac OS X 10.15; rv:103.0) Gecko/20100101 Firefox/103.0"
85.25.177.139 - - [26/Sep/2022:15:03:55 +0200] "GET /SiteAdmin/Blocklist?action=diff HTTP/1.1" 200 9322 "-" "Mozilla/5.0 (Macintosh; Intel Mac OS X 10.15; rv:103.0) Gecko/20100101 Firefox/103.0"
85.25.177.139 - - [26/Sep/2022:15:04:52 +0200] "GET /PmWiki/Blocklist?action=diff HTTP/1.1" 200 9201 "-" "Mozilla/5.0 (Macintosh; Intel Mac OS X 10.15; rv:103.0) Gecko/20100101 Firefox/103.0"
85.25.177.139 - - [26/Sep/2022:15:06:05 +0200] "GET /Site/101Ramft1478?action=edit&restore=diff:1250008134:1250007739:&preview=y HTTP/1.1" 200 8699 "-" "Mozilla/5.0 (Macintosh; Intel Mac OS X 10.15; rv:103.0) Gecko/20100101 Firefox/103.0"
85.25.177.139 - - [26/Sep/2022:15:07:11 +0200] "GET /Site/101Ramft1478?action=diff&source=n&minor=n HTTP/1.1" 200 19622 "-" "Mozilla/5.0 (Macintosh; Intel Mac OS X 10.15; rv:103.0) Gecko/20100101 Firefox/103.0"
66.249.76.193 - - [26/Sep/2022:15:08:13 +0200] "GET /PodCast/IndexPage?action=rss HTTP/1.1" 200 6298 "-" "Mozilla/5.0 (compatible; Googlebot/2.1; +http://www.google.com/bot.html)"
85.25.177.139 - - [26/Sep/2022:15:09:25 +0200] "GET /Site/101Ramft1478?action=diff&source=y&minor=y HTTP/1.1" 200 19191 "-" "Mozilla/5.0 (Macintosh; Intel Mac OS X 10.15; rv:103.0) Gecko/20100101 Firefox/103.0"
85.25.177.139 - - [26/Sep/2022:15:11:10 +0200] "GET /Site/101Ramft1478?action=edit&restore=diff:1250007183:1250007183:&preview=y HTTP/1.1" 200 8699 "-" "Mozilla/5.0 (Macintosh; Intel Mac OS X 10.15; rv:103.0) Gecko/20100101 Firefox/103.0"
85.25.177.139 - - [26/Sep/2022:15:14:46 +0200] "GET /Category/PmWikiDeveloper?action=print HTTP/1.1" 200 2326 "-" "Mozilla/5.0 (Macintosh; Intel Mac OS X 10.15; rv:103.0) Gecko/20100101 Firefox/103.0"
85.25.177.139 - - [26/Sep/2022:15:16:23 +0200] "GET /Category/PmWikiDeveloper?action=diff HTTP/1.1" 200 9332 "-" "Mozilla/5.0 (Macintosh; Intel Mac OS X 10.15; rv:103.0) Gecko/20100101 Firefox/103.0"
85.25.177.139 - - [26/Sep/2022:15:18:51 +0200] "GET /Category/PmWikiDeveloper?action=upload HTTP/1.1" 200 8651 "-" "Mozilla/5.0 (Macintosh; Intel Mac OS X 10.15; rv:103.0) Gecko/20100101 Firefox/103.0"
85.25.177.139 - - [26/Sep/2022:15:19:35 +0200] "GET /Category/PmWikiDeveloper?action=edit HTTP/1.1" 200 8751 "-" "Mozilla/5.0 (Macintosh; Intel Mac OS X 10.15; rv:103.0) Gecko/20100101 Firefox/103.0"
85.25.177.139 - - [26/Sep/2022:15:21:23 +0200] "GET /PmWiki/I18nVariables?action=print HTTP/1.1" 200 4882 "-" "Mozilla/5.0 (Macintosh; Intel Mac OS X 10.15; rv:103.0) Gecko/20100101 Firefox/103.0"
85.25.177.139 - - [26/Sep/2022:15:22:51 +0200] "GET /PmWiki/UrlApprovals?action=edit HTTP/1.1" 200 8680 "-" "Mozilla/5.0 (Macintosh; Intel Mac OS X 10.15; rv:103.0) Gecko/20100101 Firefox/103.0"
162.55.85.227 - - [26/Sep/2022:15:24:24 +0200] "GET /robots.txt HTTP/1.1" 200 - "-" "Mozilla/5.0 (compatible; BLEXBot/1.0; +http://webmeup-crawler.com/)"
162.55.85.227 - - [26/Sep/2022:15:24:26 +0200] "GET /sitemap HTTP/1.1" 404 273 "-" "Mozilla/5.0 (compatible; BLEXBot/1.0; +http://webmeup-crawler.com/)"
162.55.85.227 - - [26/Sep/2022:15:24:32 +0200] "GET /robots.txt HTTP/1.1" 200 - "-" "Mozilla/5.0 (compatible; BLEXBot/1.0; +http://webmeup-crawler.com/)"
162.55.85.227 - - [26/Sep/2022:15:24:34 +0200] "GET /sitemap HTTP/1.1" 404 277 "-" "Mozilla/5.0 (compatible; BLEXBot/1.0; +http://webmeup-crawler.com/)"
162.55.85.227 - - [26/Sep/2022:15:24:36 +0200] "GET /sitemap.txt HTTP/1.1" 404 277 "-" "Mozilla/5.0 (compatible; BLEXBot/1.0; +http://webmeup-crawler.com/)"
194.209.200.2 - - [26/Sep/2022:15:24:36 +0200] "GET /robots.txt HTTP/1.1" 200 - "-" "Mozilla/5.0 (compatible; TMMBot/0.2; +http://www.dslab.ch)/Nutch-1.15"
194.209.200.2 - - [26/Sep/2022:15:24:36 +0200] "GET /Admin/Jahresbericht HTTP/1.1" 200 45530 "-" "Mozilla/5.0 (compatible; TMMBot/0.2; +http://www.dslab.ch)/Nutch-1.15"
162.55.85.227 - - [26/Sep/2022:15:24:40 +0200] "GET /sitemap.txt HTTP/1.1" 404 281 "-" "Mozilla/5.0 (compatible; BLEXBot/1.0; +http://webmeup-crawler.com/)"
194.209.200.2 - - [26/Sep/2022:15:24:59 +0200] "GET /Texte/Schrybwys HTTP/1.1" 200 11028 "-" "Mozilla/5.0 (compatible; TMMBot/0.2; +http://www.dslab.ch)/Nutch-1.15"
66.249.76.220 - - [26/Sep/2022:15:25:42 +0200] "GET /PodCast/IndexPage?action=rss HTTP/1.1" 200 6298 "-" "Mozilla/5.0 (compatible; Googlebot/2.1; +http://www.google.com/bot.html)"
85.25.177.139 - - [26/Sep/2022:15:25:48 +0200] "GET /PmWiki/UrlApprovals?action=diff HTTP/1.1" 200 9251 "-" "Mozilla/5.0 (Macintosh; Intel Mac OS X 10.15; rv:103.0) Gecko/20100101 Firefox/103.0"
194.209.200.2 - - [26/Sep/2022:15:25:56 +0200] "GET /Texte/GDicht HTTP/1.1" 200 8050 "-" "Mozilla/5.0 (compatible; TMMBot/0.2; +http://www.dslab.ch)/Nutch-1.15"
194.209.200.2 - - [26/Sep/2022:15:26:22 +0200] "GET /Texte/Styluebige HTTP/1.1" 200 9998 "-" "Mozilla/5.0 (compatible; TMMBot/0.2; +http://www.dslab.ch)/Nutch-1.15"
194.209.200.2 - - [26/Sep/2022:15:26:32 +0200] "GET /Texte/Metamorphoses HTTP/1.1" 200 9045 "-" "Mozilla/5.0 (compatible; TMMBot/0.2; +http://www.dslab.ch)/Nutch-1.15"
85.25.177.139 - - [26/Sep/2022:15:27:16 +0200] "GET /PmWiki/PageTextVariables?action=diff&source=y&minor=n HTTP/1.1" 200 9331 "-" "Mozilla/5.0 (Macintosh; Intel Mac OS X 10.15; rv:103.0) Gecko/20100101 Firefox/103.0"
194.209.200.2 - - [26/Sep/2022:15:28:17 +0200] "GET /Admin/Pro-ZurituutschStatuten HTTP/1.1" 200 9580 "-" "Mozilla/5.0 (compatible; TMMBot/0.2; +http://www.dslab.ch)/Nutch-1.15"
85.25.177.139 - - [26/Sep/2022:15:29:22 +0200] "GET /PodCast/Wandermaasse?action=upload HTTP/1.1" 200 8592 "-" "Mozilla/5.0 (Macintosh; Intel Mac OS X 10.15; rv:103.0) Gecko/20100101 Firefox/103.0"
85.25.177.139 - - [26/Sep/2022:15:29:43 +0200] "GET /PmWiki/BackupAndRestore?action=diff&source=n&minor=y HTTP/1.1" 200 9325 "-" "Mozilla/5.0 (Macintosh; Intel Mac OS X 10.15; rv:103.0) Gecko/20100101 Firefox/103.0"
85.25.177.139 - - [26/Sep/2022:15:32:18 +0200] "GET /PodCast/Lydja?action=edit HTTP/1.1" 200 8594 "-" "Mozilla/5.0 (Macintosh; Intel Mac OS X 10.15; rv:103.0) Gecko/20100101 Firefox/103.0"
85.25.177.139 - - [26/Sep/2022:15:35:03 +0200] "GET /PmWiki/Glossary?action=print HTTP/1.1" 200 9072 "-" "Mozilla/5.0 (Macintosh; Intel Mac OS X 10.15; rv:103.0) Gecko/20100101 Firefox/103.0"
85.25.177.139 - - [26/Sep/2022:15:37:13 +0200] "GET /Category/WikiFarms HTTP/1.1" 200 9012 "-" "Mozilla/5.0 (Macintosh; Intel Mac OS X 10.15; rv:103.0) Gecko/20100101 Firefox/103.0"
85.25.177.139 - - [26/Sep/2022:15:40:03 +0200] "GET /Category/GroupFooter?action=print HTTP/1.1" 200 2998 "-" "Mozilla/5.0 (Macintosh; Intel Mac OS X 10.15; rv:103.0) Gecko/20100101 Firefox/103.0"
85.25.177.139 - - [26/Sep/2022:15:40:59 +0200] "GET /PmWiki/UploadVariables?action=edit HTTP/1.1" 200 8722 "-" "Mozilla/5.0 (Macintosh; Intel Mac OS X 10.15; rv:103.0) Gecko/20100101 Firefox/103.0"
85.25.177.139 - - [26/Sep/2022:15:43:19 +0200] "GET /PmWiki/UploadVariables?action=diff&source=y&minor=n HTTP/1.1" 200 9297 "-" "Mozilla/5.0 (Macintosh; Intel Mac OS X 10.15; rv:103.0) Gecko/20100101 Firefox/103.0"
85.25.177.139 - - [26/Sep/2022:15:44:32 +0200] "GET /PodCast/Lydja?action=diff HTTP/1.1" 200 21591 "-" "Mozilla/5.0 (Macintosh; Intel Mac OS X 10.15; rv:103.0) Gecko/20100101 Firefox/103.0"
85.25.177.139 - - [26/Sep/2022:15:46:36 +0200] "GET /PmWiki/Search?action=diff HTTP/1.1" 200 9153 "-" "Mozilla/5.0 (Macintosh; Intel Mac OS X 10.15; rv:103.0) Gecko/20100101 Firefox/103.0"
85.25.177.139 - - [26/Sep/2022:15:47:31 +0200] "GET /PmWiki/PageFileFormat?action=print HTTP/1.1" 200 9424 "-" "Mozilla/5.0 (Macintosh; Intel Mac OS X 10.15; rv:103.0) Gecko/20100101 Firefox/103.0"
85.25.177.139 - - [26/Sep/2022:15:49:09 +0200] "GET /PmWiki/NonexistentPages?action=print HTTP/1.1" 404 2423 "-" "Mozilla/5.0 (Macintosh; Intel Mac OS X 10.15; rv:103.0) Gecko/20100101 Firefox/103.0"
85.25.177.139 - - [26/Sep/2022:15:50:29 +0200] "GET /PodCast/Lydja?action=print HTTP/1.1" 200 3941 "-" "Mozilla/5.0 (Macintosh; Intel Mac OS X 10.15; rv:103.0) Gecko/20100101 Firefox/103.0"
194.209.200.2 - - [26/Sep/2022:15:51:48 +0200] "GET /robots.txt HTTP/1.1" 200 - "-" "Mozilla/5.0 (compatible; TMMBot/0.2; +http://www.dslab.ch)/Nutch-1.15"
194.209.200.2 - - [26/Sep/2022:15:51:48 +0200] "GET /Texte/Rezension HTTP/1.1" 200 11812 "-" "Mozilla/5.0 (compatible; TMMBot/0.2; +http://www.dslab.ch)/Nutch-1.15"
85.25.177.139 - - [26/Sep/2022:15:52:14 +0200] "GET /PmWiki/NonexistentPages?action=upload HTTP/1.1" 200 8636 "-" "Mozilla/5.0 (Macintosh; Intel Mac OS X 10.15; rv:103.0) Gecko/20100101 Firefox/103.0"
85.25.177.139 - - [26/Sep/2022:15:53:34 +0200] "GET /PmWiki/MarkupMasterIndex?action=diff&source=n&minor=n HTTP/1.1" 200 9339 "-" "Mozilla/5.0 (Macintosh; Intel Mac OS X 10.15; rv:103.0) Gecko/20100101 Firefox/103.0"
194.209.200.2 - - [26/Sep/2022:15:53:59 +0200] "GET /Texte/Schrybwys HTTP/1.1" 200 11028 "-" "Mozilla/5.0 (compatible; TMMBot/0.2; +http://www.dslab.ch)/Nutch-1.15"
194.209.200.2 - - [26/Sep/2022:15:55:00 +0200] "GET /Texte/GDicht HTTP/1.1" 200 8050 "-" "Mozilla/5.0 (compatible; TMMBot/0.2; +http://www.dslab.ch)/Nutch-1.15"
194.209.200.2 - - [26/Sep/2022:15:55:27 +0200] "GET /Texte/Styluebige HTTP/1.1" 200 9998 "-" "Mozilla/5.0 (compatible; TMMBot/0.2; +http://www.dslab.ch)/Nutch-1.15"
85.25.177.139 - - [26/Sep/2022:15:55:40 +0200] "GET /PmWikiDe/References?action=upload HTTP/1.1" 200 7034 "-" "Mozilla/5.0 (Macintosh; Intel Mac OS X 10.15; rv:103.0) Gecko/20100101 Firefox/103.0"
85.25.177.139 - - [26/Sep/2022:15:56:48 +0200] "GET /PmWiki/MarkupMasterIndex?action=diff&source=y&minor=y HTTP/1.1" 200 9333 "-" "Mozilla/5.0 (Macintosh; Intel Mac OS X 10.15; rv:103.0) Gecko/20100101 Firefox/103.0"
194.209.200.2 - - [26/Sep/2022:15:57:24 +0200] "GET /Admin/Pro-ZurituutschStatuten HTTP/1.1" 200 9580 "-" "Mozilla/5.0 (compatible; TMMBot/0.2; +http://www.dslab.ch)/Nutch-1.15"
85.25.177.139 - - [26/Sep/2022:15:58:26 +0200] "GET /PmWiki/MarkupMasterIndex?action=edit HTTP/1.1" 200 8752 "-" "Mozilla/5.0 (Macintosh; Intel Mac OS X 10.15; rv:103.0) Gecko/20100101 Firefox/103.0"
85.25.177.139 - - [26/Sep/2022:15:59:12 +0200] "GET /SiteAdmin/SiteAdmin HTTP/1.1" 200 8584 "-" "Mozilla/5.0 (Macintosh; Intel Mac OS X 10.15; rv:103.0) Gecko/20100101 Firefox/103.0"
85.25.177.139 - - [26/Sep/2022:16:00:22 +0200] "GET /PmWiki/Introduction?action=upload HTTP/1.1" 200 8578 "-" "Mozilla/5.0 (Macintosh; Intel Mac OS X 10.15; rv:103.0) Gecko/20100101 Firefox/103.0"
85.25.177.139 - - [26/Sep/2022:16:01:30 +0200] "GET /PmWiki/Introduction?action=diff HTTP/1.1" 200 9249 "-" "Mozilla/5.0 (Macintosh; Intel Mac OS X 10.15; rv:103.0) Gecko/20100101 Firefox/103.0"
85.25.177.139 - - [26/Sep/2022:16:02:57 +0200] "GET /PmWiki/Introduction?action=print HTTP/1.1" 200 4779 "-" "Mozilla/5.0 (Macintosh; Intel Mac OS X 10.15; rv:103.0) Gecko/20100101 Firefox/103.0"
85.25.177.139 - - [26/Sep/2022:16:03:45 +0200] "GET /PmWikiDe/References?action=diff HTTP/1.1" 200 7705 "-" "Mozilla/5.0 (Macintosh; Intel Mac OS X 10.15; rv:103.0) Gecko/20100101 Firefox/103.0"
85.25.177.139 - - [26/Sep/2022:16:05:54 +0200] "GET /PmWiki/PageLists?action=diff&source=n&minor=n HTTP/1.1" 200 9209 "-" "Mozilla/5.0 (Macintosh; Intel Mac OS X 10.15; rv:103.0) Gecko/20100101 Firefox/103.0"
85.25.177.139 - - [26/Sep/2022:16:06:55 +0200] "GET /PmWiki/PageLists?action=diff&source=y&minor=y HTTP/1.1" 200 9203 "-" "Mozilla/5.0 (Macintosh; Intel Mac OS X 10.15; rv:103.0) Gecko/20100101 Firefox/103.0"
85.25.177.139 - - [26/Sep/2022:16:09:04 +0200] "GET /PmWikiDe/PageHistory?action=print HTTP/1.1" 200 4499 "-" "Mozilla/5.0 (Macintosh; Intel Mac OS X 10.15; rv:103.0) Gecko/20100101 Firefox/103.0"
66.249.76.222 - - [26/Sep/2022:16:09:06 +0200] "GET /PodCast/IndexPage?action=rss HTTP/1.1" 200 6298 "-" "Mozilla/5.0 (compatible; Googlebot/2.1; +http://www.google.com/bot.html)"
85.25.177.139 - - [26/Sep/2022:16:09:47 +0200] "GET /PmWikiDe/AvailableActions?action=print HTTP/1.1" 200 7258 "-" "Mozilla/5.0 (Macintosh; Intel Mac OS X 10.15; rv:103.0) Gecko/20100101 Firefox/103.0"
85.25.177.139 - - [26/Sep/2022:16:11:20 +0200] "GET /PmWikiDe/WikiStyleExamples?action=print HTTP/1.1" 200 13343 "-" "Mozilla/5.0 (Macintosh; Intel Mac OS X 10.15; rv:103.0) Gecko/20100101 Firefox/103.0"
85.25.177.139 - - [26/Sep/2022:16:12:16 +0200] "GET /PmWikiDe/References?action=print HTTP/1.1" 404 2409 "-" "Mozilla/5.0 (Macintosh; Intel Mac OS X 10.15; rv:103.0) Gecko/20100101 Firefox/103.0"
85.25.177.139 - - [26/Sep/2022:16:13:35 +0200] "GET /PmWikiDe/Variables?action=print HTTP/1.1" 200 55317 "-" "Mozilla/5.0 (Macintosh; Intel Mac OS X 10.15; rv:103.0) Gecko/20100101 Firefox/103.0"
85.25.177.139 - - [26/Sep/2022:16:14:41 +0200] "GET /PmWikiDe/SimultaneousEdits?action=print HTTP/1.1" 200 2332 "-" "Mozilla/5.0 (Macintosh; Intel Mac OS X 10.15; rv:103.0) Gecko/20100101 Firefox/103.0"
85.25.177.139 - - [26/Sep/2022:16:15:34 +0200] "GET /PmWikiDe/Upgrades?action=print HTTP/1.1" 200 6318 "-" "Mozilla/5.0 (Macintosh; Intel Mac OS X 10.15; rv:103.0) Gecko/20100101 Firefox/103.0"
85.25.177.139 - - [26/Sep/2022:16:16:37 +0200] "GET /PmWikiDe/SimultaneousEdits?action=edit HTTP/1.1" 200 7234 "-" "Mozilla/5.0 (Macintosh; Intel Mac OS X 10.15; rv:103.0) Gecko/20100101 Firefox/103.0"
85.25.177.139 - - [26/Sep/2022:16:17:48 +0200] "GET /PmWikiDe/DesignNotes?action=print HTTP/1.1" 200 5461 "-" "Mozilla/5.0 (Macintosh; Intel Mac OS X 10.15; rv:103.0) Gecko/20100101 Firefox/103.0"
85.25.177.139 - - [26/Sep/2022:16:18:57 +0200] "GET /PmWikiDe/SimultaneousEdits?action=upload HTTP/1.1" 200 7134 "-" "Mozilla/5.0 (Macintosh; Intel Mac OS X 10.15; rv:103.0) Gecko/20100101 Firefox/103.0"
85.25.177.139 - - [26/Sep/2022:16:20:05 +0200] "GET /PmWikiDe/WikiGroup?action=print HTTP/1.1" 200 13281 "-" "Mozilla/5.0 (Macintosh; Intel Mac OS X 10.15; rv:103.0) Gecko/20100101 Firefox/103.0"
85.25.177.139 - - [26/Sep/2022:16:22:19 +0200] "GET /PmWikiDe/Skins?action=print HTTP/1.1" 200 2296 "-" "Mozilla/5.0 (Macintosh; Intel Mac OS X 10.15; rv:103.0) Gecko/20100101 Firefox/103.0"
62.210.215.119 - - [26/Sep/2022:16:22:57 +0200] "GET /PodCast/IndexPage?action=rss HTTP/1.1" 200 6298 "-" "Mozilla/5.0 (X11; Linux i686) AppleWebKit/537.36 (KHTML, like Gecko) Chrome/30.0.1599.66 Safari/537.36"
85.25.177.139 - - [26/Sep/2022:16:23:17 +0200] "GET /PmWikiDe/Installation?action=print HTTP/1.1" 200 11810 "-" "Mozilla/5.0 (Macintosh; Intel Mac OS X 10.15; rv:103.0) Gecko/20100101 Firefox/103.0"
85.25.177.139 - - [26/Sep/2022:16:25:38 +0200] "GET /PmWikiDe/Passwords?action=print HTTP/1.1" 200 8642 "-" "Mozilla/5.0 (Macintosh; Intel Mac OS X 10.15; rv:103.0) Gecko/20100101 Firefox/103.0"
66.249.76.222 - - [26/Sep/2022:16:25:43 +0200] "GET /PodCast/IndexPage?action=rss HTTP/1.1" 200 6298 "-" "Mozilla/5.0 (compatible; Googlebot/2.1; +http://www.google.com/bot.html)"
85.25.177.139 - - [26/Sep/2022:16:26:43 +0200] "GET /PmWikiDe/MailPosts?action=print HTTP/1.1" 200 12672 "-" "Mozilla/5.0 (Macintosh; Intel Mac OS X 10.15; rv:103.0) Gecko/20100101 Firefox/103.0"
85.25.177.139 - - [26/Sep/2022:16:28:03 +0200] "GET /PmWikiDe/IncludeOtherPages?action=print HTTP/1.1" 200 5376 "-" "Mozilla/5.0 (Macintosh; Intel Mac OS X 10.15; rv:103.0) Gecko/20100101 Firefox/103.0"
85.25.177.139 - - [26/Sep/2022:16:29:16 +0200] "GET /PmWikiDe/Audiences?action=print HTTP/1.1" 200 7822 "-" "Mozilla/5.0 (Macintosh; Intel Mac OS X 10.15; rv:103.0) Gecko/20100101 Firefox/103.0"
85.25.177.139 - - [26/Sep/2022:16:31:24 +0200] "GET /PmWikiDe/GroupHeaders?action=print HTTP/1.1" 200 5406 "-" "Mozilla/5.0 (Macintosh; Intel Mac OS X 10.15; rv:103.0) Gecko/20100101 Firefox/103.0"
194.209.200.2 - - [26/Sep/2022:16:32:37 +0200] "GET /robots.txt HTTP/1.1" 200 - "-" "Mozilla/5.0 (compatible; TMMBot/0.2; +http://www.dslab.ch)/Nutch-1.15"
194.209.200.2 - - [26/Sep/2022:16:32:37 +0200] "GET /Texte/Schrybwys HTTP/1.1" 200 11028 "-" "Mozilla/5.0 (compatible; TMMBot/0.2; +http://www.dslab.ch)/Nutch-1.15"
85.25.177.139 - - [26/Sep/2022:16:32:58 +0200] "GET /PmWikiDe/PageDirectives?action=print HTTP/1.1" 200 5690 "-" "Mozilla/5.0 (Macintosh; Intel Mac OS X 10.15; rv:103.0) Gecko/20100101 Firefox/103.0"
194.209.200.2 - - [26/Sep/2022:16:33:40 +0200] "GET /Texte/GDicht HTTP/1.1" 200 8050 "-" "Mozilla/5.0 (compatible; TMMBot/0.2; +http://www.dslab.ch)/Nutch-1.15"
85.25.177.139 - - [26/Sep/2022:16:33:55 +0200] "GET /PmWikiDe/UploadsAdmin?action=print HTTP/1.1" 200 20466 "-" "Mozilla/5.0 (Macintosh; Intel Mac OS X 10.15; rv:103.0) Gecko/20100101 Firefox/103.0"
194.209.200.2 - - [26/Sep/2022:16:34:08 +0200] "GET /Texte/Styluebige HTTP/1.1" 200 9998 "-" "Mozilla/5.0 (compatible; TMMBot/0.2; +http://www.dslab.ch)/Nutch-1.15"
194.209.200.2 - - [26/Sep/2022:16:34:20 +0200] "GET /Texte/Metamorphoses HTTP/1.1" 200 9045 "-" "Mozilla/5.0 (compatible; TMMBot/0.2; +http://www.dslab.ch)/Nutch-1.15"
85.25.177.139 - - [26/Sep/2022:16:35:04 +0200] "GET /PmWikiDe/Internationalizations?action=print HTTP/1.1" 200 2518 "-" "Mozilla/5.0 (Macintosh; Intel Mac OS X 10.15; rv:103.0) Gecko/20100101 Firefox/103.0"
194.209.200.2 - - [26/Sep/2022:16:36:19 +0200] "GET /Admin/Pro-ZurituutschStatuten HTTP/1.1" 200 9580 "-" "Mozilla/5.0 (compatible; TMMBot/0.2; +http://www.dslab.ch)/Nutch-1.15"
85.25.177.139 - - [26/Sep/2022:16:37:13 +0200] "GET /PmWikiDe/WikiStyles?action=print HTTP/1.1" 200 14118 "-" "Mozilla/5.0 (Macintosh; Intel Mac OS X 10.15; rv:103.0) Gecko/20100101 Firefox/103.0"
85.25.177.139 - - [26/Sep/2022:16:38:10 +0200] "GET /PmWikiDe/AdvancedTables?action=print HTTP/1.1" 302 205 "-" "Mozilla/5.0 (Macintosh; Intel Mac OS X 10.15; rv:103.0) Gecko/20100101 Firefox/103.0"
54.36.149.7 - - [26/Sep/2022:16:39:47 +0200] "GET /robots.txt HTTP/1.1" 200 - "-" "Mozilla/5.0 (compatible; AhrefsBot/7.0; +http://ahrefs.com/robot/)"
85.25.177.139 - - [26/Sep/2022:16:39:48 +0200] "GET /PmWikiDe/Images?action=print HTTP/1.1" 200 14184 "-" "Mozilla/5.0 (Macintosh; Intel Mac OS X 10.15; rv:103.0) Gecko/20100101 Firefox/103.0"
54.36.148.21 - - [26/Sep/2022:16:39:48 +0200] "GET / HTTP/1.1" 200 15085 "-" "Mozilla/5.0 (compatible; AhrefsBot/7.0; +http://ahrefs.com/robot/)"
85.25.177.139 - - [26/Sep/2022:16:40:52 +0200] "GET /PmWikiDe/MarkupMasterIndex?action=print HTTP/1.1" 200 16553 "-" "Mozilla/5.0 (Macintosh; Intel Mac OS X 10.15; rv:103.0) Gecko/20100101 Firefox/103.0"
85.25.177.139 - - [26/Sep/2022:16:42:57 +0200] "GET /PmWikiDe/SimultaneousEdits?action=diff HTTP/1.1" 200 7819 "-" "Mozilla/5.0 (Macintosh; Intel Mac OS X 10.15; rv:103.0) Gecko/20100101 Firefox/103.0"
85.25.177.139 - - [26/Sep/2022:16:44:10 +0200] "GET /PmWikiDe HTTP/1.1" 302 169 "-" "Mozilla/5.0 (Macintosh; Intel Mac OS X 10.15; rv:103.0) Gecko/20100101 Firefox/103.0"
85.25.177.139 - - [26/Sep/2022:16:45:03 +0200] "GET /PmWikiDe/PageVariables?action=upload HTTP/1.1" 200 7078 "-" "Mozilla/5.0 (Macintosh; Intel Mac OS X 10.15; rv:103.0) Gecko/20100101 Firefox/103.0"
85.25.177.139 - - [26/Sep/2022:16:46:12 +0200] "GET /PmWikiDe/WikiWord?action=print HTTP/1.1" 200 4526 "-" "Mozilla/5.0 (Macintosh; Intel Mac OS X 10.15; rv:103.0) Gecko/20100101 Firefox/103.0"
85.25.177.139 - - [26/Sep/2022:16:47:56 +0200] "GET /PmWikiDe/PageVariables?action=print HTTP/1.1" 404 2421 "-" "Mozilla/5.0 (Macintosh; Intel Mac OS X 10.15; rv:103.0) Gecko/20100101 Firefox/103.0"
85.25.177.139 - - [26/Sep/2022:16:54:50 +0200] "GET /robots.txt HTTP/1.1" 200 - "-" "Mozilla/5.0 (Macintosh; Intel Mac OS X 10.15; rv:103.0) Gecko/20100101 Firefox/103.0"
85.25.177.139 - - [26/Sep/2022:16:54:50 +0200] "GET /PmWikiDe/PageVariables?action=diff HTTP/1.1" 200 7755 "-" "Mozilla/5.0 (Macintosh; Intel Mac OS X 10.15; rv:103.0) Gecko/20100101 Firefox/103.0"
85.25.177.139 - - [26/Sep/2022:16:55:44 +0200] "GET /PmWikiDe/WikiWord?action=print HTTP/1.1" 200 4526 "-" "Mozilla/5.0 (Macintosh; Intel Mac OS X 10.15; rv:103.0) Gecko/20100101 Firefox/103.0"
85.25.177.139 - - [26/Sep/2022:16:57:22 +0200] "GET /PmWikiDe/Links?action=print HTTP/1.1" 200 10678 "-" "Mozilla/5.0 (Macintosh; Intel Mac OS X 10.15; rv:103.0) Gecko/20100101 Firefox/103.0"
85.25.177.139 - - [26/Sep/2022:16:58:07 +0200] "GET /PmWiki/Notify?action=diff&source=n&minor=n HTTP/1.1" 200 9159 "-" "Mozilla/5.0 (Macintosh; Intel Mac OS X 10.15; rv:103.0) Gecko/20100101 Firefox/103.0"
85.25.177.139 - - [26/Sep/2022:16:59:28 +0200] "GET /PmWiki/Notify?action=diff&source=y&minor=y HTTP/1.1" 200 9153 "-" "Mozilla/5.0 (Macintosh; Intel Mac OS X 10.15; rv:103.0) Gecko/20100101 Firefox/103.0"
85.25.177.139 - - [26/Sep/2022:17:00:48 +0200] "GET /Site/Voorwort?action=print HTTP/1.1" 200 3163 "-" "Mozilla/5.0 (Macintosh; Intel Mac OS X 10.15; rv:103.0) Gecko/20100101 Firefox/103.0"
194.209.200.2 - - [26/Sep/2022:17:02:23 +0200] "GET /robots.txt HTTP/1.1" 200 - "-" "Mozilla/5.0 (compatible; TMMBot/0.2; +http://www.dslab.ch)/Nutch-1.15"
194.209.200.2 - - [26/Sep/2022:17:02:23 +0200] "GET /Texte/Schrybwys HTTP/1.1" 200 11028 "-" "Mozilla/5.0 (compatible; TMMBot/0.2; +http://www.dslab.ch)/Nutch-1.15"
85.25.177.139 - - [26/Sep/2022:17:02:47 +0200] "GET /PmWikiDe/Uploads?action=print HTTP/1.1" 200 7782 "-" "Mozilla/5.0 (Macintosh; Intel Mac OS X 10.15; rv:103.0) Gecko/20100101 Firefox/103.0"
194.209.200.2 - - [26/Sep/2022:17:03:19 +0200] "GET /Texte/GDicht HTTP/1.1" 200 8050 "-" "Mozilla/5.0 (compatible; TMMBot/0.2; +http://www.dslab.ch)/Nutch-1.15"
194.209.200.2 - - [26/Sep/2022:17:03:45 +0200] "GET /Texte/Styluebige HTTP/1.1" 200 9998 "-" "Mozilla/5.0 (compatible; TMMBot/0.2; +http://www.dslab.ch)/Nutch-1.15"
194.209.200.2 - - [26/Sep/2022:17:03:54 +0200] "GET /Texte/Metamorphoses HTTP/1.1" 200 9045 "-" "Mozilla/5.0 (compatible; TMMBot/0.2; +http://www.dslab.ch)/Nutch-1.15"
85.25.177.139 - - [26/Sep/2022:17:04:45 +0200] "GET /PmWiki/WikiAdministrator?action=diff&source=y&minor=y HTTP/1.1" 200 9331 "-" "Mozilla/5.0 (Macintosh; Intel Mac OS X 10.15; rv:103.0) Gecko/20100101 Firefox/103.0"
194.209.200.2 - - [26/Sep/2022:17:05:40 +0200] "GET /Admin/Pro-ZurituutschStatuten HTTP/1.1" 200 9580 "-" "Mozilla/5.0 (compatible; TMMBot/0.2; +http://www.dslab.ch)/Nutch-1.15"
85.25.177.139 - - [26/Sep/2022:17:05:59 +0200] "GET /PmWiki/GroupCustomizations?action=diff&source=n&minor=y HTTP/1.1" 200 9371 "-" "Mozilla/5.0 (Macintosh; Intel Mac OS X 10.15; rv:103.0) Gecko/20100101 Firefox/103.0"
85.25.177.139 - - [26/Sep/2022:17:07:02 +0200] "GET /Site/Voorwort?action=edit HTTP/1.1" 200 8593 "-" "Mozilla/5.0 (Macintosh; Intel Mac OS X 10.15; rv:103.0) Gecko/20100101 Firefox/103.0"
85.25.177.139 - - [26/Sep/2022:17:09:16 +0200] "GET /PmWiki/GroupCustomizations?action=diff&source=y&minor=n HTTP/1.1" 200 9361 "-" "Mozilla/5.0 (Macintosh; Intel Mac OS X 10.15; rv:103.0) Gecko/20100101 Firefox/103.0"
66.249.76.220 - - [26/Sep/2022:17:10:09 +0200] "GET /PodCast/IndexPage?action=rss HTTP/1.1" 200 6298 "-" "Mozilla/5.0 (compatible; Googlebot/2.1; +http://www.google.com/bot.html)"
85.25.177.139 - - [26/Sep/2022:17:11:14 +0200] "GET /Site/Voorwort?action=diff HTTP/1.1" 200 11915 "-" "Mozilla/5.0 (Macintosh; Intel Mac OS X 10.15; rv:103.0) Gecko/20100101 Firefox/103.0"
85.25.177.139 - - [26/Sep/2022:17:15:31 +0200] "GET /robots.txt HTTP/1.1" 200 - "-" "Mozilla/5.0 (Macintosh; Intel Mac OS X 10.15; rv:103.0) Gecko/20100101 Firefox/103.0"
85.25.177.139 - - [26/Sep/2022:17:15:31 +0200] "GET /PmWiki/GroupCustomizations?action=edit HTTP/1.1" 200 8778 "-" "Mozilla/5.0 (Macintosh; Intel Mac OS X 10.15; rv:103.0) Gecko/20100101 Firefox/103.0"
185.191.171.17 - - [26/Sep/2022:17:15:43 +0200] "GET /robots.txt HTTP/1.1" 200 - "-" "Mozilla/5.0 (compatible; SemrushBot/7~bl; +http://www.semrush.com/bot.html)"
185.191.171.25 - - [26/Sep/2022:17:15:46 +0200] "GET /PmWikiFr/CheminDeRecherche HTTP/1.1" 200 12066 "-" "Mozilla/5.0 (compatible; SemrushBot/7~bl; +http://www.semrush.com/bot.html)"
85.25.177.139 - - [26/Sep/2022:17:16:45 +0200] "GET /PmWiki/GroupCustomizations?action=upload HTTP/1.1" 200 8678 "-" "Mozilla/5.0 (Macintosh; Intel Mac OS X 10.15; rv:103.0) Gecko/20100101 Firefox/103.0"
85.25.177.139 - - [26/Sep/2022:17:18:07 +0200] "GET /PmWiki/CreatingNewPages?action=upload HTTP/1.1" 200 8638 "-" "Mozilla/5.0 (Macintosh; Intel Mac OS X 10.15; rv:103.0) Gecko/20100101 Firefox/103.0"
54.234.118.247 - - [26/Sep/2022:17:20:09 +0200] "GET /PodCast/IndexPage?action=rss HTTP/1.1" 200 6298 "-" "PlayerFM/1.0 Podcast Sync (1 subscribers; url=https://player.fm/series/podcast-2872909)"
20.187.76.245 - - [26/Sep/2022:17:21:12 +0200] "GET / HTTP/1.1" 200 15085 "-" "Mozilla/5.0 (Windows NT 10.0; Win64; x64) AppleWebKit/537.36 (KHTML, like Gecko) Chrome/95.0.4638.69 Safari/537.36"
20.187.76.245 - - [26/Sep/2022:17:21:12 +0200] "GET /wp-includes/ID3/license.txt HTTP/1.1" 404 293 "-" "Mozilla/5.0 (Windows NT 10.0; Win64; x64) AppleWebKit/537.36 (KHTML, like Gecko) Chrome/95.0.4638.69 Safari/537.36"
20.187.76.245 - - [26/Sep/2022:17:21:13 +0200] "GET /feed/ HTTP/1.1" 404 271 "-" "Mozilla/5.0 (Windows NT 10.0; Win64; x64) AppleWebKit/537.36 (KHTML, like Gecko) Chrome/95.0.4638.69 Safari/537.36"
20.187.76.245 - - [26/Sep/2022:17:21:13 +0200] "GET /xmlrpc.php?rsd HTTP/1.1" 404 276 "-" "Mozilla/5.0 (Windows NT 10.0; Win64; x64) AppleWebKit/537.36 (KHTML, like Gecko) Chrome/95.0.4638.69 Safari/537.36"
20.187.76.245 - - [26/Sep/2022:17:21:13 +0200] "GET /blog/wp-includes/wlwmanifest.xml HTTP/1.1" 404 298 "-" "Mozilla/5.0 (Windows NT 10.0; Win64; x64) AppleWebKit/537.36 (KHTML, like Gecko) Chrome/95.0.4638.69 Safari/537.36"
20.187.76.245 - - [26/Sep/2022:17:21:13 +0200] "GET /web/wp-includes/wlwmanifest.xml HTTP/1.1" 404 297 "-" "Mozilla/5.0 (Windows NT 10.0; Win64; x64) AppleWebKit/537.36 (KHTML, like Gecko) Chrome/95.0.4638.69 Safari/537.36"
20.187.76.245 - - [26/Sep/2022:17:21:13 +0200] "GET /wordpress/wp-includes/wlwmanifest.xml HTTP/1.1" 404 303 "-" "Mozilla/5.0 (Windows NT 10.0; Win64; x64) AppleWebKit/537.36 (KHTML, like Gecko) Chrome/95.0.4638.69 Safari/537.36"
20.187.76.245 - - [26/Sep/2022:17:21:14 +0200] "GET /wp/wp-includes/wlwmanifest.xml HTTP/1.1" 404 296 "-" "Mozilla/5.0 (Windows NT 10.0; Win64; x64) AppleWebKit/537.36 (KHTML, like Gecko) Chrome/95.0.4638.69 Safari/537.36"
20.187.76.245 - - [26/Sep/2022:17:21:14 +0200] "GET /2020/wp-includes/wlwmanifest.xml HTTP/1.1" 404 264 "-" "Mozilla/5.0 (Windows NT 10.0; Win64; x64) AppleWebKit/537.36 (KHTML, like Gecko) Chrome/95.0.4638.69 Safari/537.36"
20.187.76.245 - - [26/Sep/2022:17:21:14 +0200] "GET /2019/wp-includes/wlwmanifest.xml HTTP/1.1" 404 264 "-" "Mozilla/5.0 (Windows NT 10.0; Win64; x64) AppleWebKit/537.36 (KHTML, like Gecko) Chrome/95.0.4638.69 Safari/537.36"
20.187.76.245 - - [26/Sep/2022:17:21:14 +0200] "GET /2021/wp-includes/wlwmanifest.xml HTTP/1.1" 404 264 "-" "Mozilla/5.0 (Windows NT 10.0; Win64; x64) AppleWebKit/537.36 (KHTML, like Gecko) Chrome/95.0.4638.69 Safari/537.36"
20.187.76.245 - - [26/Sep/2022:17:21:14 +0200] "GET /shop/wp-includes/wlwmanifest.xml HTTP/1.1" 404 298 "-" "Mozilla/5.0 (Windows NT 10.0; Win64; x64) AppleWebKit/537.36 (KHTML, like Gecko) Chrome/95.0.4638.69 Safari/537.36"
20.187.76.245 - - [26/Sep/2022:17:21:14 +0200] "GET /wp1/wp-includes/wlwmanifest.xml HTTP/1.1" 404 297 "-" "Mozilla/5.0 (Windows NT 10.0; Win64; x64) AppleWebKit/537.36 (KHTML, like Gecko) Chrome/95.0.4638.69 Safari/537.36"
20.187.76.245 - - [26/Sep/2022:17:21:15 +0200] "GET /test/wp-includes/wlwmanifest.xml HTTP/1.1" 404 298 "-" "Mozilla/5.0 (Windows NT 10.0; Win64; x64) AppleWebKit/537.36 (KHTML, like Gecko) Chrome/95.0.4638.69 Safari/537.36"
20.187.76.245 - - [26/Sep/2022:17:21:15 +0200] "GET /site/wp-includes/wlwmanifest.xml HTTP/1.1" 404 298 "-" "Mozilla/5.0 (Windows NT 10.0; Win64; x64) AppleWebKit/537.36 (KHTML, like Gecko) Chrome/95.0.4638.69 Safari/537.36"
20.187.76.245 - - [26/Sep/2022:17:21:15 +0200] "GET /cms/wp-includes/wlwmanifest.xml HTTP/1.1" 404 297 "-" "Mozilla/5.0 (Windows NT 10.0; Win64; x64) AppleWebKit/537.36 (KHTML, like Gecko) Chrome/95.0.4638.69 Safari/537.36"
85.25.177.139 - - [26/Sep/2022:17:21:36 +0200] "GET /Site/SideBar?action=edit HTTP/1.1" 200 8581 "-" "Mozilla/5.0 (Macintosh; Intel Mac OS X 10.15; rv:103.0) Gecko/20100101 Firefox/103.0"
85.25.177.139 - - [26/Sep/2022:17:22:38 +0200] "GET /Site/SideBar?action=diff HTTP/1.1" 200 23150 "-" "Mozilla/5.0 (Macintosh; Intel Mac OS X 10.15; rv:103.0) Gecko/20100101 Firefox/103.0"
66.249.76.220 - - [26/Sep/2022:17:25:43 +0200] "GET /PodCast/IndexPage?action=rss HTTP/1.1" 200 6298 "-" "Mozilla/5.0 (compatible; Googlebot/2.1; +http://www.google.com/bot.html)"
85.25.177.139 - - [26/Sep/2022:17:26:17 +0200] "GET /Site/SideBar?action=upload HTTP/1.1" 200 8481 "-" "Mozilla/5.0 (Macintosh; Intel Mac OS X 10.15; rv:103.0) Gecko/20100101 Firefox/103.0"
85.25.177.139 - - [26/Sep/2022:17:28:57 +0200] "GET /Site/Voorwort?action=upload HTTP/1.1" 200 8493 "-" "Mozilla/5.0 (Macintosh; Intel Mac OS X 10.15; rv:103.0) Gecko/20100101 Firefox/103.0"
85.25.177.139 - - [26/Sep/2022:17:31:48 +0200] "GET /Site/EditForm?action=diff&source=y&minor=y HTTP/1.1" 200 9154 "-" "Mozilla/5.0 (Macintosh; Intel Mac OS X 10.15; rv:103.0) Gecko/20100101 Firefox/103.0"
85.25.177.139 - - [26/Sep/2022:17:31:58 +0200] "GET /PmWiki/UpgradingFromPmWiki1?action=print HTTP/1.1" 200 10004 "-" "Mozilla/5.0 (Macintosh; Intel Mac OS X 10.15; rv:103.0) Gecko/20100101 Firefox/103.0"
85.25.177.139 - - [26/Sep/2022:17:32:40 +0200] "GET /PmWiki/UpgradingFromPmWiki1?action=edit HTTP/1.1" 200 8798 "-" "Mozilla/5.0 (Macintosh; Intel Mac OS X 10.15; rv:103.0) Gecko/20100101 Firefox/103.0"
194.209.200.2 - - [26/Sep/2022:17:33:07 +0200] "GET /robots.txt HTTP/1.1" 200 - "-" "Mozilla/5.0 (compatible; TMMBot/0.2; +http://www.dslab.ch)/Nutch-1.15"
194.209.200.2 - - [26/Sep/2022:17:33:07 +0200] "GET /Texte/Schrybwys HTTP/1.1" 200 11028 "-" "Mozilla/5.0 (compatible; TMMBot/0.2; +http://www.dslab.ch)/Nutch-1.15"
194.209.200.2 - - [26/Sep/2022:17:34:13 +0200] "GET /Texte/GDicht HTTP/1.1" 200 8050 "-" "Mozilla/5.0 (compatible; TMMBot/0.2; +http://www.dslab.ch)/Nutch-1.15"
194.209.200.2 - - [26/Sep/2022:17:34:52 +0200] "GET /Texte/Metamorphoses HTTP/1.1" 200 9045 "-" "Mozilla/5.0 (compatible; TMMBot/0.2; +http://www.dslab.ch)/Nutch-1.15"
85.25.177.139 - - [26/Sep/2022:17:35:11 +0200] "GET /PmWiki/WikiFarmTerminology?action=diff&source=y&minor=n HTTP/1.1" 200 9363 "-" "Mozilla/5.0 (Macintosh; Intel Mac OS X 10.15; rv:103.0) Gecko/20100101 Firefox/103.0"
194.209.200.2 - - [26/Sep/2022:17:36:50 +0200] "GET /Admin/Pro-ZurituutschStatuten HTTP/1.1" 200 9580 "-" "Mozilla/5.0 (compatible; TMMBot/0.2; +http://www.dslab.ch)/Nutch-1.15"
85.25.177.139 - - [26/Sep/2022:17:42:18 +0200] "GET /robots.txt HTTP/1.1" 200 - "-" "Mozilla/5.0 (Macintosh; Intel Mac OS X 10.15; rv:103.0) Gecko/20100101 Firefox/103.0"
85.25.177.139 - - [26/Sep/2022:17:42:18 +0200] "GET /PmWiki/WikiFarmTerminology?action=diff&source=n&minor=y HTTP/1.1" 200 9373 "-" "Mozilla/5.0 (Macintosh; Intel Mac OS X 10.15; rv:103.0) Gecko/20100101 Firefox/103.0"
85.25.177.139 - - [26/Sep/2022:17:45:24 +0200] "GET /robots.txt HTTP/1.1" 200 - "-" "Mozilla/5.0 (Macintosh; Intel Mac OS X 10.15; rv:103.0) Gecko/20100101 Firefox/103.0"
85.25.177.139 - - [26/Sep/2022:17:45:24 +0200] "GET /PmWiki/WikiFarmTerminology?action=upload HTTP/1.1" 200 8680 "-" "Mozilla/5.0 (Macintosh; Intel Mac OS X 10.15; rv:103.0) Gecko/20100101 Firefox/103.0"
185.191.171.39 - - [26/Sep/2022:17:46:26 +0200] "GET /PmWikiDe/Images HTTP/1.1" 200 18198 "-" "Mozilla/5.0 (compatible; SemrushBot/7~bl; +http://www.semrush.com/bot.html)"
85.25.177.139 - - [26/Sep/2022:17:46:29 +0200] "GET /PmWiki/WikiFarmTerminology?action=edit HTTP/1.1" 200 8780 "-" "Mozilla/5.0 (Macintosh; Intel Mac OS X 10.15; rv:103.0) Gecko/20100101 Firefox/103.0"
85.25.177.139 - - [26/Sep/2022:17:47:01 +0200] "GET /PmWiki/CreatingNewPages?action=diff&source=n&minor=y HTTP/1.1" 200 9325 "-" "Mozilla/5.0 (Macintosh; Intel Mac OS X 10.15; rv:103.0) Gecko/20100101 Firefox/103.0"
85.25.177.139 - - [26/Sep/2022:17:48:13 +0200] "GET /PmWiki/CreatingNewPages?action=diff&source=y&minor=n HTTP/1.1" 200 9315 "-" "Mozilla/5.0 (Macintosh; Intel Mac OS X 10.15; rv:103.0) Gecko/20100101 Firefox/103.0"
85.25.177.139 - - [26/Sep/2022:17:49:24 +0200] "GET /PmWikiDe/PatrickMichaud HTTP/1.1" 200 7193 "-" "Mozilla/5.0 (Macintosh; Intel Mac OS X 10.15; rv:103.0) Gecko/20100101 Firefox/103.0"
17.121.112.4 - - [26/Sep/2022:17:49:54 +0200] "GET /robots.txt HTTP/1.1" 200 - "-" "Mozilla/5.0 (Macintosh; Intel Mac OS X 10_15_5) AppleWebKit/605.1.15 (KHTML, like Gecko) Version/13.1.1 Safari/605.1.15 (Applebot/0.1; +http://www.apple.com/go/applebot)"
17.121.112.4 - - [26/Sep/2022:17:49:54 +0200] "GET /Site/WGA5Herz HTTP/1.1" 200 20138 "-" "Mozilla/5.0 (Macintosh; Intel Mac OS X 10_15_5) AppleWebKit/605.1.15 (KHTML, like Gecko) Version/13.1.1 Safari/605.1.15 (Applebot/0.1; +http://www.apple.com/go/applebot)"
85.25.177.139 - - [26/Sep/2022:17:51:00 +0200] "GET /PmWiki/WikiAdministrator?action=diff&source=n&minor=n HTTP/1.1" 200 9337 "-" "Mozilla/5.0 (Macintosh; Intel Mac OS X 10.15; rv:103.0) Gecko/20100101 Firefox/103.0"
85.25.177.139 - - [26/Sep/2022:17:51:24 +0200] "GET /PmWikiDe/PmWikiPhilosophy?action=edit HTTP/1.1" 200 7222 "-" "Mozilla/5.0 (Macintosh; Intel Mac OS X 10.15; rv:103.0) Gecko/20100101 Firefox/103.0"
85.25.177.139 - - [26/Sep/2022:17:52:58 +0200] "GET /PmWiki/SitePageActions?action=diff&source=y&minor=n HTTP/1.1" 200 9299 "-" "Mozilla/5.0 (Macintosh; Intel Mac OS X 10.15; rv:103.0) Gecko/20100101 Firefox/103.0"
85.25.177.139 - - [26/Sep/2022:17:54:12 +0200] "GET /Site/141Taagsatzig1484?action=diff&source=n&minor=y HTTP/1.1" 200 9978 "-" "Mozilla/5.0 (Macintosh; Intel Mac OS X 10.15; rv:103.0) Gecko/20100101 Firefox/103.0"
85.25.177.139 - - [26/Sep/2022:17:55:46 +0200] "GET /PmWikiDe/DesignNotes HTTP/1.1" 200 8844 "-" "Mozilla/5.0 (Macintosh; Intel Mac OS X 10.15; rv:103.0) Gecko/20100101 Firefox/103.0"
85.25.177.139 - - [26/Sep/2022:17:56:48 +0200] "GET /Site/PageActions?action=edit HTTP/1.1" 200 8637 "-" "Mozilla/5.0 (Macintosh; Intel Mac OS X 10.15; rv:103.0) Gecko/20100101 Firefox/103.0"
85.25.177.139 - - [26/Sep/2022:17:57:30 +0200] "GET /PmWikiDe/PmWikiPhilosophy?action=upload HTTP/1.1" 200 7122 "-" "Mozilla/5.0 (Macintosh; Intel Mac OS X 10.15; rv:103.0) Gecko/20100101 Firefox/103.0"
85.25.177.139 - - [26/Sep/2022:17:57:57 +0200] "GET /Site/PageActions?action=upload HTTP/1.1" 200 8537 "-" "Mozilla/5.0 (Macintosh; Intel Mac OS X 10.15; rv:103.0) Gecko/20100101 Firefox/103.0"
