85.25.177.139 - - [04/Nov/2022:14:12:26 +0100] "GET /PodCast/Limerick35?action=diff HTTP/1.1" 200 11280 "-" "Mozilla/5.0 (Macintosh; Intel Mac OS X 10.15; rv:103.0) Gecko/20100101 Firefox/103.0"
85.25.177.139 - - [04/Nov/2022:14:13:50 +0100] "GET /PodCast/Limerick35?action=upload HTTP/1.1" 200 8566 "-" "Mozilla/5.0 (Macintosh; Intel Mac OS X 10.15; rv:103.0) Gecko/20100101 Firefox/103.0"
54.36.149.5 - - [04/Nov/2022:14:13:57 +0100] "GET /Hilfe/RealOne?action=diff HTTP/1.1" 403 18 "-" "Mozilla/5.0 (compatible; AhrefsBot/7.0; +http://ahrefs.com/robot/)"
85.25.177.139 - - [04/Nov/2022:14:14:34 +0100] "GET /PodCast/Limerick35?action=print HTTP/1.1" 200 2443 "-" "Mozilla/5.0 (Macintosh; Intel Mac OS X 10.15; rv:103.0) Gecko/20100101 Firefox/103.0"
85.25.177.139 - - [04/Nov/2022:14:15:15 +0100] "GET /PodCast/RURAkt1TIl3?action=upload HTTP/1.1" 200 8588 "-" "Mozilla/5.0 (Macintosh; Intel Mac OS X 10.15; rv:103.0) Gecko/20100101 Firefox/103.0"
85.25.177.139 - - [04/Nov/2022:14:16:09 +0100] "GET /PodCast/RURAkt1TIl3?action=diff HTTP/1.1" 200 24537 "-" "Mozilla/5.0 (Macintosh; Intel Mac OS X 10.15; rv:103.0) Gecko/20100101 Firefox/103.0"
85.25.177.139 - - [04/Nov/2022:14:16:51 +0100] "GET /PodCast/RURAkt1TIl3?action=print HTTP/1.1" 200 16304 "-" "Mozilla/5.0 (Macintosh; Intel Mac OS X 10.15; rv:103.0) Gecko/20100101 Firefox/103.0"
3.216.185.164 - - [04/Nov/2022:14:17:00 +0100] "GET /PodCast/IndexPage?action=rss HTTP/1.1" 200 6298 "-" "PocketCasts/1.0 (Pocket Casts Feed Parser; +http://pocketcasts.com/)"
85.25.177.139 - - [04/Nov/2022:14:17:47 +0100] "GET /PodCast/RURAkt1TIl3?action=edit HTTP/1.1" 200 8688 "-" "Mozilla/5.0 (Macintosh; Intel Mac OS X 10.15; rv:103.0) Gecko/20100101 Firefox/103.0"
54.36.149.31 - - [04/Nov/2022:14:17:54 +0100] "GET /Hilfe/RealOne?action=edit HTTP/1.1" 403 18 "-" "Mozilla/5.0 (compatible; AhrefsBot/7.0; +http://ahrefs.com/robot/)"
85.25.177.139 - - [04/Nov/2022:14:19:25 +0100] "GET /PodCast/JBJ202?action=edit HTTP/1.1" 200 8610 "-" "Mozilla/5.0 (Macintosh; Intel Mac OS X 10.15; rv:103.0) Gecko/20100101 Firefox/103.0"
85.25.177.139 - - [04/Nov/2022:14:20:25 +0100] "GET /PodCast/JBJ202?action=diff HTTP/1.1" 200 24401 "-" "Mozilla/5.0 (Macintosh; Intel Mac OS X 10.15; rv:103.0) Gecko/20100101 Firefox/103.0"
85.25.177.139 - - [04/Nov/2022:14:22:33 +0100] "GET /PodCast/JBJ202?action=upload HTTP/1.1" 200 8510 "-" "Mozilla/5.0 (Macintosh; Intel Mac OS X 10.15; rv:103.0) Gecko/20100101 Firefox/103.0"
85.25.177.139 - - [04/Nov/2022:14:24:42 +0100] "GET /PodCast/JBJ202?action=print HTTP/1.1" 200 14773 "-" "Mozilla/5.0 (Macintosh; Intel Mac OS X 10.15; rv:103.0) Gecko/20100101 Firefox/103.0"
85.25.177.139 - - [04/Nov/2022:14:26:07 +0100] "GET /PodCast/Lydja?action=upload HTTP/1.1" 200 8494 "-" "Mozilla/5.0 (Macintosh; Intel Mac OS X 10.15; rv:103.0) Gecko/20100101 Firefox/103.0"
3.90.210.80 - - [04/Nov/2022:14:27:42 +0100] "GET /PodCast/IndexPage?action=rss HTTP/1.1" 200 6298 "-" "PlayerFM/1.0 Podcast Sync (1 subscribers; url=https://player.fm/series/podcast-2872909)"
85.25.177.139 - - [04/Nov/2022:14:27:44 +0100] "GET /PodCast/Lydja?action=edit HTTP/1.1" 200 8594 "-" "Mozilla/5.0 (Macintosh; Intel Mac OS X 10.15; rv:103.0) Gecko/20100101 Firefox/103.0"
85.25.177.139 - - [04/Nov/2022:14:29:10 +0100] "GET /PodCast/Lydja?action=print HTTP/1.1" 200 3941 "-" "Mozilla/5.0 (Macintosh; Intel Mac OS X 10.15; rv:103.0) Gecko/20100101 Firefox/103.0"
85.25.177.139 - - [04/Nov/2022:14:31:17 +0100] "GET /PodCast/Lydja?action=diff HTTP/1.1" 200 21591 "-" "Mozilla/5.0 (Macintosh; Intel Mac OS X 10.15; rv:103.0) Gecko/20100101 Firefox/103.0"
194.38.20.161 - - [04/Nov/2022:14:31:36 +0100] "GET /sites/all/libraries/elfinder/src/connectors/php/connector.php HTTP/1.1" 404 327 "-" "ALittle Client"
66.249.76.220 - - [04/Nov/2022:14:32:25 +0100] "GET /PodCast/IndexPage?action=rss HTTP/1.1" 200 6298 "-" "Mozilla/5.0 (compatible; Googlebot/2.1; +http://www.google.com/bot.html)"
85.25.177.139 - - [04/Nov/2022:14:33:22 +0100] "GET /PodCast/Prometheus?action=upload HTTP/1.1" 200 8564 "-" "Mozilla/5.0 (Macintosh; Intel Mac OS X 10.15; rv:103.0) Gecko/20100101 Firefox/103.0"
85.25.177.139 - - [04/Nov/2022:14:36:56 +0100] "GET /robots.txt HTTP/1.1" 200 - "-" "Mozilla/5.0 (Macintosh; Intel Mac OS X 10.15; rv:103.0) Gecko/20100101 Firefox/103.0"
85.25.177.139 - - [04/Nov/2022:14:36:56 +0100] "GET /PodCast/Prometheus?action=print HTTP/1.1" 200 6697 "-" "Mozilla/5.0 (Macintosh; Intel Mac OS X 10.15; rv:103.0) Gecko/20100101 Firefox/103.0"
85.25.177.139 - - [04/Nov/2022:14:39:24 +0100] "GET /PodCast/Prometheus?action=diff HTTP/1.1" 200 18382 "-" "Mozilla/5.0 (Macintosh; Intel Mac OS X 10.15; rv:103.0) Gecko/20100101 Firefox/103.0"
65.108.0.150 - - [04/Nov/2022:14:39:38 +0100] "GET /robots.txt HTTP/1.1" 200 - "-" "Mozilla/5.0 (compatible; SEOkicks; +https://www.seokicks.de/robot.html)"
65.108.0.150 - - [04/Nov/2022:14:39:39 +0100] "GET / HTTP/1.1" 200 15085 "-" "Mozilla/5.0 (compatible; SEOkicks; +https://www.seokicks.de/robot.html)"
65.108.0.150 - - [04/Nov/2022:14:39:40 +0100] "GET /GNU/Emacs HTTP/1.1" 404 8101 "http://www.pro-zurituutsch.ch/" "Mozilla/5.0 (compatible; SEOkicks; +https://www.seokicks.de/robot.html)"
65.108.0.150 - - [04/Nov/2022:14:39:41 +0100] "GET /PodCast/IndexPage?action=rss HTTP/1.1" 200 6298 "http://www.pro-zurituutsch.ch/" "Mozilla/5.0 (compatible; SEOkicks; +https://www.seokicks.de/robot.html)"
65.108.0.150 - - [04/Nov/2022:14:39:43 +0100] "GET /PodCast/IndexPage HTTP/1.1" 200 32587 "http://www.pro-zurituutsch.ch/PodCast/IndexPage?action=rss" "Mozilla/5.0 (compatible; SEOkicks; +https://www.seokicks.de/robot.html)"
65.108.0.150 - - [04/Nov/2022:14:39:44 +0100] "GET /PodCast/PodCast.IndexPage HTTP/1.1" 404 264 "http://www.pro-zurituutsch.ch/PodCast/IndexPage?action=rss" "Mozilla/5.0 (compatible; SEOkicks; +https://www.seokicks.de/robot.html)"
65.108.0.150 - - [04/Nov/2022:14:39:45 +0100] "GET /PodCast/Wistaria02 HTTP/1.1" 200 16370 "http://www.pro-zurituutsch.ch/PodCast/IndexPage?action=rss" "Mozilla/5.0 (compatible; SEOkicks; +https://www.seokicks.de/robot.html)"
54.36.149.32 - - [04/Nov/2022:14:39:46 +0100] "GET /Hilfe/RealOne?action=print HTTP/1.1" 403 18 "-" "Mozilla/5.0 (compatible; AhrefsBot/7.0; +http://ahrefs.com/robot/)"
65.108.0.150 - - [04/Nov/2022:14:39:46 +0100] "GET /PodCast/Wistaria01 HTTP/1.1" 200 23568 "http://www.pro-zurituutsch.ch/PodCast/IndexPage?action=rss" "Mozilla/5.0 (compatible; SEOkicks; +https://www.seokicks.de/robot.html)"
65.108.0.150 - - [04/Nov/2022:14:39:48 +0100] "GET /PodCast/Apvantyv HTTP/1.1" 200 11346 "http://www.pro-zurituutsch.ch/PodCast/IndexPage?action=rss" "Mozilla/5.0 (compatible; SEOkicks; +https://www.seokicks.de/robot.html)"
65.108.0.150 - - [04/Nov/2022:14:39:49 +0100] "GET /PodCast/Limerick35 HTTP/1.1" 200 8268 "http://www.pro-zurituutsch.ch/PodCast/IndexPage?action=rss" "Mozilla/5.0 (compatible; SEOkicks; +https://www.seokicks.de/robot.html)"
85.25.177.139 - - [04/Nov/2022:14:40:00 +0100] "GET /PodCast/Prometheus?action=edit HTTP/1.1" 200 8664 "-" "Mozilla/5.0 (Macintosh; Intel Mac OS X 10.15; rv:103.0) Gecko/20100101 Firefox/103.0"
85.25.177.139 - - [04/Nov/2022:14:44:51 +0100] "GET /Site/112Stans1481?action=edit HTTP/1.1" 200 8653 "-" "Mozilla/5.0 (Macintosh; Intel Mac OS X 10.15; rv:103.0) Gecko/20100101 Firefox/103.0"
85.25.177.139 - - [04/Nov/2022:14:46:03 +0100] "GET /Site/112Stans1481?action=diff HTTP/1.1" 200 20285 "-" "Mozilla/5.0 (Macintosh; Intel Mac OS X 10.15; rv:103.0) Gecko/20100101 Firefox/103.0"
85.25.177.139 - - [04/Nov/2022:14:46:54 +0100] "GET /Site/112Stans1481?action=upload HTTP/1.1" 200 8553 "-" "Mozilla/5.0 (Macintosh; Intel Mac OS X 10.15; rv:103.0) Gecko/20100101 Firefox/103.0"
194.209.200.2 - - [04/Nov/2022:14:49:52 +0100] "GET /robots.txt HTTP/1.1" 200 - "-" "Mozilla/5.0 (compatible; TMMBot/0.2; +http://www.dslab.ch)/Nutch-1.15"
194.209.200.2 - - [04/Nov/2022:14:49:52 +0100] "GET /Admin/Jahresbericht HTTP/1.1" 200 45530 "-" "Mozilla/5.0 (compatible; TMMBot/0.2; +http://www.dslab.ch)/Nutch-1.15"
194.209.200.2 - - [04/Nov/2022:14:50:16 +0100] "GET /Texte/Schrybwys HTTP/1.1" 200 11028 "-" "Mozilla/5.0 (compatible; TMMBot/0.2; +http://www.dslab.ch)/Nutch-1.15"
85.25.177.139 - - [04/Nov/2022:14:50:19 +0100] "GET /Site/112Stans1481?action=print HTTP/1.1" 200 11417 "-" "Mozilla/5.0 (Macintosh; Intel Mac OS X 10.15; rv:103.0) Gecko/20100101 Firefox/103.0"
85.25.177.139 - - [04/Nov/2022:14:51:48 +0100] "GET /PodCast/Roman3?action=edit HTTP/1.1" 200 8610 "-" "Mozilla/5.0 (Macintosh; Intel Mac OS X 10.15; rv:103.0) Gecko/20100101 Firefox/103.0"
85.25.177.139 - - [04/Nov/2022:14:53:10 +0100] "GET /PodCast/Roman3?action=upload HTTP/1.1" 200 8510 "-" "Mozilla/5.0 (Macintosh; Intel Mac OS X 10.15; rv:103.0) Gecko/20100101 Firefox/103.0"
216.244.66.243 - - [04/Nov/2022:14:54:41 +0100] "GET /robots.txt HTTP/1.1" 200 - "-" "Mozilla/5.0 (compatible; DotBot/1.2; +https://opensiteexplorer.org/dotbot; help@moz.com)"
85.25.177.139 - - [04/Nov/2022:14:57:02 +0100] "GET /robots.txt HTTP/1.1" 200 - "-" "Mozilla/5.0 (Macintosh; Intel Mac OS X 10.15; rv:103.0) Gecko/20100101 Firefox/103.0"
85.25.177.139 - - [04/Nov/2022:14:57:02 +0100] "GET /PodCast/Roman3?action=diff HTTP/1.1" 200 18854 "-" "Mozilla/5.0 (Macintosh; Intel Mac OS X 10.15; rv:103.0) Gecko/20100101 Firefox/103.0"
54.36.148.241 - - [04/Nov/2022:14:59:52 +0100] "GET /Hilfe/RealOne?action=upload HTTP/1.1" 403 18 "-" "Mozilla/5.0 (compatible; AhrefsBot/7.0; +http://ahrefs.com/robot/)"
85.25.177.139 - - [04/Nov/2022:15:00:59 +0100] "GET /robots.txt HTTP/1.1" 200 - "-" "Mozilla/5.0 (Macintosh; Intel Mac OS X 10.15; rv:103.0) Gecko/20100101 Firefox/103.0"
85.25.177.139 - - [04/Nov/2022:15:00:59 +0100] "GET /PodCast/Roman3?action=print HTTP/1.1" 200 7992 "-" "Mozilla/5.0 (Macintosh; Intel Mac OS X 10.15; rv:103.0) Gecko/20100101 Firefox/103.0"
85.25.177.139 - - [04/Nov/2022:15:01:58 +0100] "GET /PodCast/Puzzle?action=edit HTTP/1.1" 200 8608 "-" "Mozilla/5.0 (Macintosh; Intel Mac OS X 10.15; rv:103.0) Gecko/20100101 Firefox/103.0"
85.25.177.139 - - [04/Nov/2022:15:02:44 +0100] "GET /PodCast/Puzzle?action=upload HTTP/1.1" 200 8508 "-" "Mozilla/5.0 (Macintosh; Intel Mac OS X 10.15; rv:103.0) Gecko/20100101 Firefox/103.0"
85.25.177.139 - - [04/Nov/2022:15:03:45 +0100] "GET /PodCast/Puzzle?action=print HTTP/1.1" 200 4650 "-" "Mozilla/5.0 (Macintosh; Intel Mac OS X 10.15; rv:103.0) Gecko/20100101 Firefox/103.0"
85.25.177.139 - - [04/Nov/2022:15:04:49 +0100] "GET /PodCast/Puzzle?action=diff HTTP/1.1" 200 17545 "-" "Mozilla/5.0 (Macintosh; Intel Mac OS X 10.15; rv:103.0) Gecko/20100101 Firefox/103.0"
85.25.177.139 - - [04/Nov/2022:15:07:06 +0100] "GET /Site/152Konschtanz1485?action=edit HTTP/1.1" 200 8723 "-" "Mozilla/5.0 (Macintosh; Intel Mac OS X 10.15; rv:103.0) Gecko/20100101 Firefox/103.0"
85.25.177.139 - - [04/Nov/2022:15:09:06 +0100] "GET /Site/152Konschtanz1485?action=print HTTP/1.1" 200 15355 "-" "Mozilla/5.0 (Macintosh; Intel Mac OS X 10.15; rv:103.0) Gecko/20100101 Firefox/103.0"
85.25.177.139 - - [04/Nov/2022:15:11:19 +0100] "GET /Site/152Konschtanz1485?action=diff HTTP/1.1" 200 25667 "-" "Mozilla/5.0 (Macintosh; Intel Mac OS X 10.15; rv:103.0) Gecko/20100101 Firefox/103.0"
216.244.66.243 - - [04/Nov/2022:15:12:14 +0100] "GET /PmWiki/ChangeLog HTTP/1.1" 200 104821 "-" "Mozilla/5.0 (compatible; DotBot/1.2; +https://opensiteexplorer.org/dotbot; help@moz.com)"
85.25.177.139 - - [04/Nov/2022:15:12:48 +0100] "GET /Site/152Konschtanz1485?action=upload HTTP/1.1" 200 8623 "-" "Mozilla/5.0 (Macintosh; Intel Mac OS X 10.15; rv:103.0) Gecko/20100101 Firefox/103.0"
85.25.177.139 - - [04/Nov/2022:15:14:11 +0100] "GET /Hilfe/Passwort?action=edit HTTP/1.1" 200 8607 "-" "Mozilla/5.0 (Macintosh; Intel Mac OS X 10.15; rv:103.0) Gecko/20100101 Firefox/103.0"
85.25.177.139 - - [04/Nov/2022:15:15:28 +0100] "GET /Hilfe/RealOne?action=upload HTTP/1.1" 200 8495 "-" "Mozilla/5.0 (Macintosh; Intel Mac OS X 10.15; rv:103.0) Gecko/20100101 Firefox/103.0"
85.25.177.139 - - [04/Nov/2022:15:17:47 +0100] "GET /Hilfe/RealOne?action=edit HTTP/1.1" 200 8595 "-" "Mozilla/5.0 (Macintosh; Intel Mac OS X 10.15; rv:103.0) Gecko/20100101 Firefox/103.0"
85.25.177.139 - - [04/Nov/2022:15:18:54 +0100] "GET /Hilfe/RealOne?action=diff HTTP/1.1" 200 16372 "-" "Mozilla/5.0 (Macintosh; Intel Mac OS X 10.15; rv:103.0) Gecko/20100101 Firefox/103.0"
85.25.177.139 - - [04/Nov/2022:15:19:28 +0100] "GET /PodCast/Wortwaarte?action=edit HTTP/1.1" 200 8664 "-" "Mozilla/5.0 (Macintosh; Intel Mac OS X 10.15; rv:103.0) Gecko/20100101 Firefox/103.0"
85.25.177.139 - - [04/Nov/2022:15:20:11 +0100] "GET /PodCast/Wortwaarte?action=upload HTTP/1.1" 200 8564 "-" "Mozilla/5.0 (Macintosh; Intel Mac OS X 10.15; rv:103.0) Gecko/20100101 Firefox/103.0"
85.25.177.139 - - [04/Nov/2022:15:21:12 +0100] "GET /PodCast/Wortwaarte?action=print HTTP/1.1" 200 3660 "-" "Mozilla/5.0 (Macintosh; Intel Mac OS X 10.15; rv:103.0) Gecko/20100101 Firefox/103.0"
85.25.177.139 - - [04/Nov/2022:15:22:54 +0100] "GET /PodCast/Wortwaarte?action=diff HTTP/1.1" 200 17094 "-" "Mozilla/5.0 (Macintosh; Intel Mac OS X 10.15; rv:103.0) Gecko/20100101 Firefox/103.0"
85.25.177.139 - - [04/Nov/2022:15:23:50 +0100] "GET /PodCast/RURAkt2TIl2?action=upload HTTP/1.1" 200 8588 "-" "Mozilla/5.0 (Macintosh; Intel Mac OS X 10.15; rv:103.0) Gecko/20100101 Firefox/103.0"
194.209.200.2 - - [04/Nov/2022:15:24:14 +0100] "GET /robots.txt HTTP/1.1" 200 - "-" "Mozilla/5.0 (compatible; TMMBot/0.2; +http://www.dslab.ch)/Nutch-1.15"
194.209.200.2 - - [04/Nov/2022:15:24:14 +0100] "GET /Admin/Jahresbericht HTTP/1.1" 200 45530 "-" "Mozilla/5.0 (compatible; TMMBot/0.2; +http://www.dslab.ch)/Nutch-1.15"
194.209.200.2 - - [04/Nov/2022:15:24:39 +0100] "GET /Texte/Schrybwys HTTP/1.1" 200 11028 "-" "Mozilla/5.0 (compatible; TMMBot/0.2; +http://www.dslab.ch)/Nutch-1.15"
85.25.177.139 - - [04/Nov/2022:15:26:20 +0100] "GET /PodCast/RURAkt2TIl2?action=edit HTTP/1.1" 200 8688 "-" "Mozilla/5.0 (Macintosh; Intel Mac OS X 10.15; rv:103.0) Gecko/20100101 Firefox/103.0"
85.25.177.139 - - [04/Nov/2022:15:28:03 +0100] "GET /PodCast/RURAkt2TIl2?action=diff HTTP/1.1" 200 10972 "-" "Mozilla/5.0 (Macintosh; Intel Mac OS X 10.15; rv:103.0) Gecko/20100101 Firefox/103.0"
65.108.0.150 - - [04/Nov/2022:15:29:22 +0100] "GET /PodCast/Limerick34 HTTP/1.1" 200 8268 "http://www.pro-zurituutsch.ch/PodCast/IndexPage?action=rss" "Mozilla/5.0 (compatible; SEOkicks; +https://www.seokicks.de/robot.html)"
65.108.0.150 - - [04/Nov/2022:15:29:24 +0100] "GET /PodCast/UberGebuure HTTP/1.1" 200 15628 "http://www.pro-zurituutsch.ch/PodCast/IndexPage?action=rss" "Mozilla/5.0 (compatible; SEOkicks; +https://www.seokicks.de/robot.html)"
65.108.0.150 - - [04/Nov/2022:15:29:26 +0100] "GET /PodCast/Apsourdistan2 HTTP/1.1" 200 10988 "http://www.pro-zurituutsch.ch/PodCast/IndexPage?action=rss" "Mozilla/5.0 (compatible; SEOkicks; +https://www.seokicks.de/robot.html)"
65.108.0.150 - - [04/Nov/2022:15:29:27 +0100] "GET /PodCast/Limerick33 HTTP/1.1" 200 8889 "http://www.pro-zurituutsch.ch/PodCast/IndexPage?action=rss" "Mozilla/5.0 (compatible; SEOkicks; +https://www.seokicks.de/robot.html)"
65.108.0.150 - - [04/Nov/2022:15:29:29 +0100] "GET /PodCast/Falschmaldig HTTP/1.1" 200 11091 "http://www.pro-zurituutsch.ch/PodCast/IndexPage?action=rss" "Mozilla/5.0 (compatible; SEOkicks; +https://www.seokicks.de/robot.html)"
85.25.177.139 - - [04/Nov/2022:15:29:29 +0100] "GET /PodCast/RURAkt2TIl2?action=print HTTP/1.1" 200 2703 "-" "Mozilla/5.0 (Macintosh; Intel Mac OS X 10.15; rv:103.0) Gecko/20100101 Firefox/103.0"
65.108.0.150 - - [04/Nov/2022:15:29:31 +0100] "GET /PodCast/AbsNov16 HTTP/1.1" 200 12438 "http://www.pro-zurituutsch.ch/PodCast/IndexPage?action=rss" "Mozilla/5.0 (compatible; SEOkicks; +https://www.seokicks.de/robot.html)"
65.108.0.150 - - [04/Nov/2022:15:29:33 +0100] "GET /Main/Home HTTP/1.1" 200 15085 "http://www.pro-zurituutsch.ch/" "Mozilla/5.0 (compatible; SEOkicks; +https://www.seokicks.de/robot.html)"
65.108.0.150 - - [04/Nov/2022:15:29:34 +0100] "GET /Main/GNU/Emacs HTTP/1.1" 404 264 "http://www.pro-zurituutsch.ch/Main/Home" "Mozilla/5.0 (compatible; SEOkicks; +https://www.seokicks.de/robot.html)"
65.108.0.150 - - [04/Nov/2022:15:29:36 +0100] "GET /Site/PodCast HTTP/1.1" 200 40934 "http://www.pro-zurituutsch.ch/" "Mozilla/5.0 (compatible; SEOkicks; +https://www.seokicks.de/robot.html)"
65.108.0.150 - - [04/Nov/2022:15:29:38 +0100] "GET /Site/GNU/Emacs HTTP/1.1" 404 264 "http://www.pro-zurituutsch.ch/Site/PodCast" "Mozilla/5.0 (compatible; SEOkicks; +https://www.seokicks.de/robot.html)"
65.108.0.150 - - [04/Nov/2022:15:29:39 +0100] "GET /PodCast/RSSPodcasts HTTP/1.1" 200 8905 "http://www.pro-zurituutsch.ch/" "Mozilla/5.0 (compatible; SEOkicks; +https://www.seokicks.de/robot.html)"
85.25.177.139 - - [04/Nov/2022:15:30:38 +0100] "GET /Site/Abderhalde0Inhalt?action=edit HTTP/1.1" 200 8723 "-" "Mozilla/5.0 (Macintosh; Intel Mac OS X 10.15; rv:103.0) Gecko/20100101 Firefox/103.0"
85.25.177.139 - - [04/Nov/2022:15:31:42 +0100] "GET /PodCast/RURAkt1TIl4?action=edit HTTP/1.1" 200 8688 "-" "Mozilla/5.0 (Macintosh; Intel Mac OS X 10.15; rv:103.0) Gecko/20100101 Firefox/103.0"
66.249.70.204 - - [04/Nov/2022:15:32:19 +0100] "GET /PodCast/IndexPage?action=rss HTTP/1.1" 200 6298 "-" "Mozilla/5.0 (compatible; Googlebot/2.1; +http://www.google.com/bot.html)"
85.25.177.139 - - [04/Nov/2022:15:32:51 +0100] "GET /PodCast/RURAkt1TIl4?action=upload HTTP/1.1" 200 8588 "-" "Mozilla/5.0 (Macintosh; Intel Mac OS X 10.15; rv:103.0) Gecko/20100101 Firefox/103.0"
85.25.177.139 - - [04/Nov/2022:15:35:02 +0100] "GET /PodCast/RURAkt1TIl4?action=diff HTTP/1.1" 200 27266 "-" "Mozilla/5.0 (Macintosh; Intel Mac OS X 10.15; rv:103.0) Gecko/20100101 Firefox/103.0"
85.25.177.139 - - [04/Nov/2022:15:36:39 +0100] "GET /robots.txt HTTP/1.1" 200 - "-" "Mozilla/5.0 (Macintosh; Intel Mac OS X 10.15; rv:103.0) Gecko/20100101 Firefox/103.0"
85.25.177.139 - - [04/Nov/2022:15:36:39 +0100] "GET /PodCast/RURAkt1TIl4?action=print HTTP/1.1" 200 19427 "-" "Mozilla/5.0 (Macintosh; Intel Mac OS X 10.15; rv:103.0) Gecko/20100101 Firefox/103.0"
40.77.167.99 - - [04/Nov/2022:15:37:29 +0100] "GET /robots.txt HTTP/1.1" 200 - "-" "Mozilla/5.0 (compatible; bingbot/2.0; +http://www.bing.com/bingbot.htm)"
207.46.13.135 - - [04/Nov/2022:15:37:34 +0100] "GET /Texte/Schrybwys HTTP/1.1" 200 11028 "-" "Mozilla/5.0 (compatible; bingbot/2.0; +http://www.bing.com/bingbot.htm)"
85.25.177.139 - - [04/Nov/2022:15:39:20 +0100] "GET /PodCast/Freuidechrafft?action=edit HTTP/1.1" 200 8720 "-" "Mozilla/5.0 (Macintosh; Intel Mac OS X 10.15; rv:103.0) Gecko/20100101 Firefox/103.0"
85.25.177.139 - - [04/Nov/2022:15:40:26 +0100] "GET /PodCast/Freuidechrafft?action=print HTTP/1.1" 200 11162 "-" "Mozilla/5.0 (Macintosh; Intel Mac OS X 10.15; rv:103.0) Gecko/20100101 Firefox/103.0"
85.25.177.139 - - [04/Nov/2022:15:41:27 +0100] "GET /PodCast/Freuidechrafft?action=diff HTTP/1.1" 200 18874 "-" "Mozilla/5.0 (Macintosh; Intel Mac OS X 10.15; rv:103.0) Gecko/20100101 Firefox/103.0"
85.25.177.139 - - [04/Nov/2022:15:44:43 +0100] "GET /PodCast/Freuidechrafft?action=upload HTTP/1.1" 200 8620 "-" "Mozilla/5.0 (Macintosh; Intel Mac OS X 10.15; rv:103.0) Gecko/20100101 Firefox/103.0"
85.25.177.139 - - [04/Nov/2022:15:47:26 +0100] "GET /Site/51Trouttike?action=upload HTTP/1.1" 200 8537 "-" "Mozilla/5.0 (Macintosh; Intel Mac OS X 10.15; rv:103.0) Gecko/20100101 Firefox/103.0"
85.25.177.139 - - [04/Nov/2022:15:49:31 +0100] "GET /Site/51Trouttike?action=print HTTP/1.1" 200 8006 "-" "Mozilla/5.0 (Macintosh; Intel Mac OS X 10.15; rv:103.0) Gecko/20100101 Firefox/103.0"
85.25.177.139 - - [04/Nov/2022:15:50:33 +0100] "GET /PodCast/Stuurchrieg?action=edit HTTP/1.1" 200 8678 "-" "Mozilla/5.0 (Macintosh; Intel Mac OS X 10.15; rv:103.0) Gecko/20100101 Firefox/103.0"
85.25.177.139 - - [04/Nov/2022:15:51:14 +0100] "GET /PodCast/Stuurchrieg?action=upload HTTP/1.1" 200 8578 "-" "Mozilla/5.0 (Macintosh; Intel Mac OS X 10.15; rv:103.0) Gecko/20100101 Firefox/103.0"
85.25.177.139 - - [04/Nov/2022:15:52:01 +0100] "GET /PodCast/Stuurchrieg?action=print HTTP/1.1" 200 6428 "-" "Mozilla/5.0 (Macintosh; Intel Mac OS X 10.15; rv:103.0) Gecko/20100101 Firefox/103.0"
85.25.177.139 - - [04/Nov/2022:15:52:36 +0100] "GET /PodCast/Stuurchrieg?action=diff HTTP/1.1" 200 14968 "-" "Mozilla/5.0 (Macintosh; Intel Mac OS X 10.15; rv:103.0) Gecko/20100101 Firefox/103.0"
85.25.177.139 - - [04/Nov/2022:15:56:26 +0100] "GET /PodCast/Limerick36B?action=edit HTTP/1.1" 200 8682 "-" "Mozilla/5.0 (Macintosh; Intel Mac OS X 10.15; rv:103.0) Gecko/20100101 Firefox/103.0"
194.209.200.2 - - [04/Nov/2022:15:57:04 +0100] "GET /robots.txt HTTP/1.1" 200 - "-" "Mozilla/5.0 (compatible; TMMBot/0.2; +http://www.dslab.ch)/Nutch-1.15"
194.209.200.2 - - [04/Nov/2022:15:57:04 +0100] "GET /Admin/Jahresbericht HTTP/1.1" 200 45530 "-" "Mozilla/5.0 (compatible; TMMBot/0.2; +http://www.dslab.ch)/Nutch-1.15"
18.209.32.45 - - [04/Nov/2022:15:57:09 +0100] "GET /PodCast/IndexPage?action=rss HTTP/1.1" 200 6298 "https://www.google.com/" "Mozilla/5.0 (Macintosh; Intel Mac OS X 10_15_1) AppleWebKit/537.36 (KHTML, like Gecko) Chrome/80.0.3987.132 Safari/537.36"
85.25.177.139 - - [04/Nov/2022:15:57:09 +0100] "GET /PodCast/Limerick36B?action=diff HTTP/1.1" 200 9812 "-" "Mozilla/5.0 (Macintosh; Intel Mac OS X 10.15; rv:103.0) Gecko/20100101 Firefox/103.0"
194.209.200.2 - - [04/Nov/2022:15:57:24 +0100] "GET /Texte/Limericks HTTP/1.1" 200 8087 "-" "Mozilla/5.0 (compatible; TMMBot/0.2; +http://www.dslab.ch)/Nutch-1.15"
194.209.200.2 - - [04/Nov/2022:15:57:29 +0100] "GET /Texte/Schrybwys HTTP/1.1" 200 11028 "-" "Mozilla/5.0 (compatible; TMMBot/0.2; +http://www.dslab.ch)/Nutch-1.15"
85.25.177.139 - - [04/Nov/2022:15:58:02 +0100] "GET /PodCast/Limerick36B?action=print HTTP/1.1" 200 2340 "-" "Mozilla/5.0 (Macintosh; Intel Mac OS X 10.15; rv:103.0) Gecko/20100101 Firefox/103.0"
85.25.177.139 - - [04/Nov/2022:16:00:38 +0100] "GET /Site/51Trouttike?action=diff HTTP/1.1" 200 19859 "-" "Mozilla/5.0 (Macintosh; Intel Mac OS X 10.15; rv:103.0) Gecko/20100101 Firefox/103.0"
85.25.177.139 - - [04/Nov/2022:16:02:22 +0100] "GET /Site/51Trouttike?action=edit HTTP/1.1" 200 8637 "-" "Mozilla/5.0 (Macintosh; Intel Mac OS X 10.15; rv:103.0) Gecko/20100101 Firefox/103.0"
85.25.177.139 - - [04/Nov/2022:16:04:16 +0100] "GET /PodCast/MNtsch?action=print HTTP/1.1" 404 2388 "-" "Mozilla/5.0 (Macintosh; Intel Mac OS X 10.15; rv:103.0) Gecko/20100101 Firefox/103.0"
85.25.177.139 - - [04/Nov/2022:16:04:59 +0100] "GET /PodCast/MNtsch?action=upload HTTP/1.1" 200 8510 "-" "Mozilla/5.0 (Macintosh; Intel Mac OS X 10.15; rv:103.0) Gecko/20100101 Firefox/103.0"
3.216.185.164 - - [04/Nov/2022:16:08:22 +0100] "GET /PodCast/IndexPage?action=rss HTTP/1.1" 200 6298 "-" "PocketCasts/1.0 (Pocket Casts Feed Parser; +http://pocketcasts.com/)"
85.25.177.139 - - [04/Nov/2022:16:15:04 +0100] "GET /robots.txt HTTP/1.1" 200 - "-" "Mozilla/5.0 (Macintosh; Intel Mac OS X 10.15; rv:103.0) Gecko/20100101 Firefox/103.0"
85.25.177.139 - - [04/Nov/2022:16:15:04 +0100] "GET /PodCast/MNtsch?action=upload HTTP/1.1" 200 8510 "-" "Mozilla/5.0 (Macintosh; Intel Mac OS X 10.15; rv:103.0) Gecko/20100101 Firefox/103.0"
85.25.177.139 - - [04/Nov/2022:16:15:49 +0100] "GET /PodCast/MNtsch?action=diff HTTP/1.1" 200 9171 "-" "Mozilla/5.0 (Macintosh; Intel Mac OS X 10.15; rv:103.0) Gecko/20100101 Firefox/103.0"
85.25.177.139 - - [04/Nov/2022:16:18:21 +0100] "GET /PodCast/SprAntBea?action=diff HTTP/1.1" 200 15149 "-" "Mozilla/5.0 (Macintosh; Intel Mac OS X 10.15; rv:103.0) Gecko/20100101 Firefox/103.0"
85.25.177.139 - - [04/Nov/2022:16:19:41 +0100] "GET /PodCast/SprAntBea?action=print HTTP/1.1" 200 5854 "-" "Mozilla/5.0 (Macintosh; Intel Mac OS X 10.15; rv:103.0) Gecko/20100101 Firefox/103.0"
85.25.177.139 - - [04/Nov/2022:16:21:25 +0100] "GET /PodCast/SprAntBea?action=upload HTTP/1.1" 200 8554 "-" "Mozilla/5.0 (Macintosh; Intel Mac OS X 10.15; rv:103.0) Gecko/20100101 Firefox/103.0"
85.25.177.139 - - [04/Nov/2022:16:22:51 +0100] "GET /PodCast/Buecherbrand2?action=print HTTP/1.1" 200 12033 "-" "Mozilla/5.0 (Macintosh; Intel Mac OS X 10.15; rv:103.0) Gecko/20100101 Firefox/103.0"
85.25.177.139 - - [04/Nov/2022:16:24:07 +0100] "GET /PodCast/Buecherbrand2?action=upload HTTP/1.1" 200 8608 "-" "Mozilla/5.0 (Macintosh; Intel Mac OS X 10.15; rv:103.0) Gecko/20100101 Firefox/103.0"
65.108.0.150 - - [04/Nov/2022:16:24:25 +0100] "GET /Texte/Roman HTTP/1.1" 200 38741 "http://www.pro-zurituutsch.ch/" "Mozilla/5.0 (compatible; SEOkicks; +https://www.seokicks.de/robot.html)"
65.108.0.150 - - [04/Nov/2022:16:24:27 +0100] "GET /Texte/GNU/Emacs HTTP/1.1" 404 264 "http://www.pro-zurituutsch.ch/Texte/Roman" "Mozilla/5.0 (compatible; SEOkicks; +https://www.seokicks.de/robot.html)"
65.108.0.150 - - [04/Nov/2022:16:24:28 +0100] "GET /Texte/Styluebige HTTP/1.1" 200 9998 "http://www.pro-zurituutsch.ch/" "Mozilla/5.0 (compatible; SEOkicks; +https://www.seokicks.de/robot.html)"
65.108.0.150 - - [04/Nov/2022:16:24:29 +0100] "GET /Texte/Schrybwys HTTP/1.1" 200 11028 "http://www.pro-zurituutsch.ch/" "Mozilla/5.0 (compatible; SEOkicks; +https://www.seokicks.de/robot.html)"
65.108.0.150 - - [04/Nov/2022:16:24:30 +0100] "GET /Texte/Bitterbeuhsi HTTP/1.1" 200 9255 "http://www.pro-zurituutsch.ch/" "Mozilla/5.0 (compatible; SEOkicks; +https://www.seokicks.de/robot.html)"
65.108.0.150 - - [04/Nov/2022:16:24:31 +0100] "GET /Texte/ArsAmatoria HTTP/1.1" 200 12369 "http://www.pro-zurituutsch.ch/" "Mozilla/5.0 (compatible; SEOkicks; +https://www.seokicks.de/robot.html)"
65.108.0.150 - - [04/Nov/2022:16:24:33 +0100] "GET /Texte/Metamorphoses HTTP/1.1" 200 9045 "http://www.pro-zurituutsch.ch/" "Mozilla/5.0 (compatible; SEOkicks; +https://www.seokicks.de/robot.html)"
65.108.0.150 - - [04/Nov/2022:16:24:34 +0100] "GET /Texte/ZurcherischEnglish HTTP/1.1" 200 8274 "http://www.pro-zurituutsch.ch/" "Mozilla/5.0 (compatible; SEOkicks; +https://www.seokicks.de/robot.html)"
65.108.0.150 - - [04/Nov/2022:16:24:35 +0100] "GET /Texte/Rezension HTTP/1.1" 200 11812 "http://www.pro-zurituutsch.ch/" "Mozilla/5.0 (compatible; SEOkicks; +https://www.seokicks.de/robot.html)"
65.108.0.150 - - [04/Nov/2022:16:24:36 +0100] "GET /Texte/Limericks HTTP/1.1" 200 8087 "http://www.pro-zurituutsch.ch/" "Mozilla/5.0 (compatible; SEOkicks; +https://www.seokicks.de/robot.html)"
65.108.0.150 - - [04/Nov/2022:16:24:37 +0100] "GET /Texte/GDicht HTTP/1.1" 200 8050 "http://www.pro-zurituutsch.ch/" "Mozilla/5.0 (compatible; SEOkicks; +https://www.seokicks.de/robot.html)"
85.25.177.139 - - [04/Nov/2022:16:26:55 +0100] "GET /PodCast/Buecherbrand2?action=diff HTTP/1.1" 200 20998 "-" "Mozilla/5.0 (Macintosh; Intel Mac OS X 10.15; rv:103.0) Gecko/20100101 Firefox/103.0"
85.25.177.139 - - [04/Nov/2022:16:27:41 +0100] "GET /PodCast/Buecherbrand2?action=edit HTTP/1.1" 200 8708 "-" "Mozilla/5.0 (Macintosh; Intel Mac OS X 10.15; rv:103.0) Gecko/20100101 Firefox/103.0"
85.25.177.139 - - [04/Nov/2022:16:29:25 +0100] "GET /PodCast/Redeleere?action=upload HTTP/1.1" 200 8550 "-" "Mozilla/5.0 (Macintosh; Intel Mac OS X 10.15; rv:103.0) Gecko/20100101 Firefox/103.0"
85.25.177.139 - - [04/Nov/2022:16:30:38 +0100] "GET /PodCast/Redeleere?action=diff HTTP/1.1" 200 16730 "-" "Mozilla/5.0 (Macintosh; Intel Mac OS X 10.15; rv:103.0) Gecko/20100101 Firefox/103.0"
85.25.177.139 - - [04/Nov/2022:16:31:13 +0100] "GET /PodCast/Redeleere?action=edit HTTP/1.1" 200 8650 "-" "Mozilla/5.0 (Macintosh; Intel Mac OS X 10.15; rv:103.0) Gecko/20100101 Firefox/103.0"
85.25.177.139 - - [04/Nov/2022:16:32:16 +0100] "GET /PodCast/STounkel?action=edit HTTP/1.1" 200 8638 "-" "Mozilla/5.0 (Macintosh; Intel Mac OS X 10.15; rv:103.0) Gecko/20100101 Firefox/103.0"
85.25.177.139 - - [04/Nov/2022:16:33:15 +0100] "GET /PodCast/STounkel?action=diff HTTP/1.1" 200 12590 "-" "Mozilla/5.0 (Macintosh; Intel Mac OS X 10.15; rv:103.0) Gecko/20100101 Firefox/103.0"
85.25.177.139 - - [04/Nov/2022:16:34:40 +0100] "GET /PodCast/STounkel?action=print HTTP/1.1" 200 3695 "-" "Mozilla/5.0 (Macintosh; Intel Mac OS X 10.15; rv:103.0) Gecko/20100101 Firefox/103.0"
128.14.136.78 - - [04/Nov/2022:16:34:46 +0100] "GET / HTTP/1.1" 200 15085 "-" "Mozilla/5.0 (Windows NT 10.0; WOW64) AppleWebKit/537.36 (KHTML, like Gecko) Chrome/66.0.3359.117 Safari/537.36"
194.209.200.2 - - [04/Nov/2022:16:34:51 +0100] "GET /robots.txt HTTP/1.1" 200 - "-" "Mozilla/5.0 (compatible; TMMBot/0.2; +http://www.dslab.ch)/Nutch-1.15"
194.209.200.2 - - [04/Nov/2022:16:34:51 +0100] "GET /Admin/Jahresbericht HTTP/1.1" 200 45530 "-" "Mozilla/5.0 (compatible; TMMBot/0.2; +http://www.dslab.ch)/Nutch-1.15"
194.209.200.2 - - [04/Nov/2022:16:35:11 +0100] "GET /Texte/Limericks HTTP/1.1" 200 8087 "-" "Mozilla/5.0 (compatible; TMMBot/0.2; +http://www.dslab.ch)/Nutch-1.15"
194.209.200.2 - - [04/Nov/2022:16:35:16 +0100] "GET /Texte/Schrybwys HTTP/1.1" 200 11028 "-" "Mozilla/5.0 (compatible; TMMBot/0.2; +http://www.dslab.ch)/Nutch-1.15"
85.25.177.139 - - [04/Nov/2022:16:36:55 +0100] "GET /PodCast/STounkel?action=upload HTTP/1.1" 200 8538 "-" "Mozilla/5.0 (Macintosh; Intel Mac OS X 10.15; rv:103.0) Gecko/20100101 Firefox/103.0"
66.249.76.220 - - [04/Nov/2022:16:39:17 +0100] "GET /PodCast/IndexPage?action=rss HTTP/1.1" 200 6298 "-" "Mozilla/5.0 (compatible; Googlebot/2.1; +http://www.google.com/bot.html)"
85.25.177.139 - - [04/Nov/2022:16:39:33 +0100] "GET /PodCast/Buecherbrand?action=upload HTTP/1.1" 200 8592 "-" "Mozilla/5.0 (Macintosh; Intel Mac OS X 10.15; rv:103.0) Gecko/20100101 Firefox/103.0"
85.25.177.139 - - [04/Nov/2022:16:40:57 +0100] "GET /PodCast/Buecherbrand?action=diff HTTP/1.1" 200 35411 "-" "Mozilla/5.0 (Macintosh; Intel Mac OS X 10.15; rv:103.0) Gecko/20100101 Firefox/103.0"
85.25.177.139 - - [04/Nov/2022:16:41:37 +0100] "GET /PodCast/Frueligsschwyge?action=edit HTTP/1.1" 200 8734 "-" "Mozilla/5.0 (Macintosh; Intel Mac OS X 10.15; rv:103.0) Gecko/20100101 Firefox/103.0"
85.25.177.139 - - [04/Nov/2022:16:44:01 +0100] "GET /PodCast/Frueligsschwyge?action=upload HTTP/1.1" 200 8634 "-" "Mozilla/5.0 (Macintosh; Intel Mac OS X 10.15; rv:103.0) Gecko/20100101 Firefox/103.0"
85.25.177.139 - - [04/Nov/2022:16:45:01 +0100] "GET /PodCast/Frueligsschwyge?action=diff HTTP/1.1" 200 17034 "-" "Mozilla/5.0 (Macintosh; Intel Mac OS X 10.15; rv:103.0) Gecko/20100101 Firefox/103.0"
85.25.177.139 - - [04/Nov/2022:16:46:58 +0100] "GET /PodCast/Frueligsschwyge?action=print HTTP/1.1" 200 4416 "-" "Mozilla/5.0 (Macintosh; Intel Mac OS X 10.15; rv:103.0) Gecko/20100101 Firefox/103.0"
85.25.177.139 - - [04/Nov/2022:16:48:26 +0100] "GET /PodCast/Buecherbrand?action=print HTTP/1.1" 200 11037 "-" "Mozilla/5.0 (Macintosh; Intel Mac OS X 10.15; rv:103.0) Gecko/20100101 Firefox/103.0"
85.25.177.139 - - [04/Nov/2022:16:49:42 +0100] "GET /PodCast/Buecherbrand?action=edit HTTP/1.1" 200 8692 "-" "Mozilla/5.0 (Macintosh; Intel Mac OS X 10.15; rv:103.0) Gecko/20100101 Firefox/103.0"
85.25.177.139 - - [04/Nov/2022:16:52:32 +0100] "GET /PodCast/RURAkt1Tail2?action=print HTTP/1.1" 200 2557 "-" "Mozilla/5.0 (Macintosh; Intel Mac OS X 10.15; rv:103.0) Gecko/20100101 Firefox/103.0"
85.25.177.139 - - [04/Nov/2022:16:53:21 +0100] "GET /PodCast/RURAkt1Tail2?action=diff HTTP/1.1" 200 12852 "-" "Mozilla/5.0 (Macintosh; Intel Mac OS X 10.15; rv:103.0) Gecko/20100101 Firefox/103.0"
85.25.177.139 - - [04/Nov/2022:17:01:36 +0100] "GET /robots.txt HTTP/1.1" 200 - "-" "Mozilla/5.0 (Macintosh; Intel Mac OS X 10.15; rv:103.0) Gecko/20100101 Firefox/103.0"
85.25.177.139 - - [04/Nov/2022:17:01:36 +0100] "GET /PodCast/RURAkt1Tail2?action=diff HTTP/1.1" 200 12852 "-" "Mozilla/5.0 (Macintosh; Intel Mac OS X 10.15; rv:103.0) Gecko/20100101 Firefox/103.0"
85.25.177.139 - - [04/Nov/2022:17:03:53 +0100] "GET /PodCast/RURAkt1Tail2?action=edit HTTP/1.1" 200 8700 "-" "Mozilla/5.0 (Macintosh; Intel Mac OS X 10.15; rv:103.0) Gecko/20100101 Firefox/103.0"
85.25.177.139 - - [04/Nov/2022:17:04:37 +0100] "GET /PodCast/RURAkt1Tail2?action=upload HTTP/1.1" 200 8600 "-" "Mozilla/5.0 (Macintosh; Intel Mac OS X 10.15; rv:103.0) Gecko/20100101 Firefox/103.0"
85.25.177.139 - - [04/Nov/2022:17:05:41 +0100] "GET /PodCast/Schaidig2?action=upload HTTP/1.1" 200 8552 "-" "Mozilla/5.0 (Macintosh; Intel Mac OS X 10.15; rv:103.0) Gecko/20100101 Firefox/103.0"
85.25.177.139 - - [04/Nov/2022:17:08:30 +0100] "GET /PodCast/Schaidig2?action=print HTTP/1.1" 200 13869 "-" "Mozilla/5.0 (Macintosh; Intel Mac OS X 10.15; rv:103.0) Gecko/20100101 Firefox/103.0"
194.209.200.2 - - [04/Nov/2022:17:08:35 +0100] "GET /robots.txt HTTP/1.1" 200 - "-" "Mozilla/5.0 (compatible; TMMBot/0.2; +http://www.dslab.ch)/Nutch-1.15"
194.209.200.2 - - [04/Nov/2022:17:08:35 +0100] "GET /Admin/Jahresbericht HTTP/1.1" 200 45530 "-" "Mozilla/5.0 (compatible; TMMBot/0.2; +http://www.dslab.ch)/Nutch-1.15"
194.209.200.2 - - [04/Nov/2022:17:08:55 +0100] "GET /Texte/Limericks HTTP/1.1" 200 8087 "-" "Mozilla/5.0 (compatible; TMMBot/0.2; +http://www.dslab.ch)/Nutch-1.15"
194.209.200.2 - - [04/Nov/2022:17:08:59 +0100] "GET /Texte/Schrybwys HTTP/1.1" 200 11028 "-" "Mozilla/5.0 (compatible; TMMBot/0.2; +http://www.dslab.ch)/Nutch-1.15"
85.25.177.139 - - [04/Nov/2022:17:09:18 +0100] "GET /PodCast/AbsNov16?action=upload HTTP/1.1" 200 8540 "-" "Mozilla/5.0 (Macintosh; Intel Mac OS X 10.15; rv:103.0) Gecko/20100101 Firefox/103.0"
65.108.0.150 - - [04/Nov/2022:17:10:32 +0100] "GET /Texte/Gloosse HTTP/1.1" 200 8061 "http://www.pro-zurituutsch.ch/" "Mozilla/5.0 (compatible; SEOkicks; +https://www.seokicks.de/robot.html)"
65.108.0.150 - - [04/Nov/2022:17:10:34 +0100] "GET /Gast/Podcast HTTP/1.1" 200 8106 "http://www.pro-zurituutsch.ch/" "Mozilla/5.0 (compatible; SEOkicks; +https://www.seokicks.de/robot.html)"
65.108.0.150 - - [04/Nov/2022:17:10:36 +0100] "GET /Gast/GNU/Emacs HTTP/1.1" 404 264 "http://www.pro-zurituutsch.ch/Gast/Podcast" "Mozilla/5.0 (compatible; SEOkicks; +https://www.seokicks.de/robot.html)"
65.108.0.150 - - [04/Nov/2022:17:10:37 +0100] "GET /Bestellen/Pschtellf HTTP/1.1" 200 11129 "http://www.pro-zurituutsch.ch/" "Mozilla/5.0 (compatible; SEOkicks; +https://www.seokicks.de/robot.html)"
65.108.0.150 - - [04/Nov/2022:17:10:39 +0100] "GET /Bestellen/GNU/Emacs HTTP/1.1" 404 264 "http://www.pro-zurituutsch.ch/Bestellen/Pschtellf" "Mozilla/5.0 (compatible; SEOkicks; +https://www.seokicks.de/robot.html)"
65.108.0.150 - - [04/Nov/2022:17:10:40 +0100] "GET /Admin/Pro-ZurituutschStatuten HTTP/1.1" 200 9580 "http://www.pro-zurituutsch.ch/" "Mozilla/5.0 (compatible; SEOkicks; +https://www.seokicks.de/robot.html)"
65.108.0.150 - - [04/Nov/2022:17:10:41 +0100] "GET /Admin/GNU/Emacs HTTP/1.1" 404 264 "http://www.pro-zurituutsch.ch/Admin/Pro-ZurituutschStatuten" "Mozilla/5.0 (compatible; SEOkicks; +https://www.seokicks.de/robot.html)"
85.25.177.139 - - [04/Nov/2022:17:10:41 +0100] "GET /PodCast/AbsNov16?action=edit HTTP/1.1" 200 8640 "-" "Mozilla/5.0 (Macintosh; Intel Mac OS X 10.15; rv:103.0) Gecko/20100101 Firefox/103.0"
65.108.0.150 - - [04/Nov/2022:17:10:42 +0100] "GET /Admin/AdresseStiftung HTTP/1.1" 200 8453 "http://www.pro-zurituutsch.ch/" "Mozilla/5.0 (compatible; SEOkicks; +https://www.seokicks.de/robot.html)"
65.108.0.150 - - [04/Nov/2022:17:10:44 +0100] "GET /Admin/ZurStiftung HTTP/1.1" 200 10864 "http://www.pro-zurituutsch.ch/" "Mozilla/5.0 (compatible; SEOkicks; +https://www.seokicks.de/robot.html)"
65.108.0.150 - - [04/Nov/2022:17:10:46 +0100] "GET /Admin/Links HTTP/1.1" 200 14193 "http://www.pro-zurituutsch.ch/" "Mozilla/5.0 (compatible; SEOkicks; +https://www.seokicks.de/robot.html)"
65.108.0.150 - - [04/Nov/2022:17:10:47 +0100] "GET /Hilfe/AnleitungTonbeispiele HTTP/1.1" 200 9878 "http://www.pro-zurituutsch.ch/" "Mozilla/5.0 (compatible; SEOkicks; +https://www.seokicks.de/robot.html)"
85.25.177.139 - - [04/Nov/2022:17:12:08 +0100] "GET /PodCast/AbsNov16?action=print HTTP/1.1" 200 6631 "-" "Mozilla/5.0 (Macintosh; Intel Mac OS X 10.15; rv:103.0) Gecko/20100101 Firefox/103.0"
85.25.177.139 - - [04/Nov/2022:17:14:21 +0100] "GET /PodCast/AbsNov16?action=diff HTTP/1.1" 200 15846 "-" "Mozilla/5.0 (Macintosh; Intel Mac OS X 10.15; rv:103.0) Gecko/20100101 Firefox/103.0"
85.25.177.139 - - [04/Nov/2022:17:15:34 +0100] "GET /PodCast/SprAntBea?action=edit HTTP/1.1" 200 8654 "-" "Mozilla/5.0 (Macintosh; Intel Mac OS X 10.15; rv:103.0) Gecko/20100101 Firefox/103.0"
85.25.177.139 - - [04/Nov/2022:17:19:26 +0100] "GET /PodCast/Zwangsabonemang?action=upload HTTP/1.1" 200 8634 "-" "Mozilla/5.0 (Macintosh; Intel Mac OS X 10.15; rv:103.0) Gecko/20100101 Firefox/103.0"
85.25.177.139 - - [04/Nov/2022:17:24:12 +0100] "GET /robots.txt HTTP/1.1" 200 - "-" "Mozilla/5.0 (Macintosh; Intel Mac OS X 10.15; rv:103.0) Gecko/20100101 Firefox/103.0"
85.25.177.139 - - [04/Nov/2022:17:24:15 +0100] "GET /PodCast/Zwangsabonemang?action=print HTTP/1.1" 200 9134 "-" "Mozilla/5.0 (Macintosh; Intel Mac OS X 10.15; rv:103.0) Gecko/20100101 Firefox/103.0"
85.25.177.139 - - [04/Nov/2022:17:25:35 +0100] "GET /PodCast/Zwangsabonemang?action=edit HTTP/1.1" 200 8734 "-" "Mozilla/5.0 (Macintosh; Intel Mac OS X 10.15; rv:103.0) Gecko/20100101 Firefox/103.0"
85.25.177.139 - - [04/Nov/2022:17:26:20 +0100] "GET /PodCast/Zwangsabonemang?action=diff HTTP/1.1" 200 20113 "-" "Mozilla/5.0 (Macintosh; Intel Mac OS X 10.15; rv:103.0) Gecko/20100101 Firefox/103.0"
85.25.177.139 - - [04/Nov/2022:17:27:45 +0100] "GET /PodCast/Eidsprofulaxe?action=edit HTTP/1.1" 200 8706 "-" "Mozilla/5.0 (Macintosh; Intel Mac OS X 10.15; rv:103.0) Gecko/20100101 Firefox/103.0"
85.25.177.139 - - [04/Nov/2022:17:29:52 +0100] "GET /PodCast/Eidsprofulaxe?action=upload HTTP/1.1" 200 8606 "-" "Mozilla/5.0 (Macintosh; Intel Mac OS X 10.15; rv:103.0) Gecko/20100101 Firefox/103.0"
85.25.177.139 - - [04/Nov/2022:17:32:31 +0100] "GET /PodCast/Eidsprofulaxe?action=diff HTTP/1.1" 200 12938 "-" "Mozilla/5.0 (Macintosh; Intel Mac OS X 10.15; rv:103.0) Gecko/20100101 Firefox/103.0"
85.25.177.139 - - [04/Nov/2022:17:33:26 +0100] "GET /PodCast/Eidsprofulaxe?action=print HTTP/1.1" 200 2833 "-" "Mozilla/5.0 (Macintosh; Intel Mac OS X 10.15; rv:103.0) Gecko/20100101 Firefox/103.0"
85.25.177.139 - - [04/Nov/2022:17:35:31 +0100] "GET /Site/62Mulhouse1468?action=upload HTTP/1.1" 200 8581 "-" "Mozilla/5.0 (Macintosh; Intel Mac OS X 10.15; rv:103.0) Gecko/20100101 Firefox/103.0"
85.25.177.139 - - [04/Nov/2022:17:36:36 +0100] "GET /Site/62Mulhouse1468?action=edit HTTP/1.1" 200 8681 "-" "Mozilla/5.0 (Macintosh; Intel Mac OS X 10.15; rv:103.0) Gecko/20100101 Firefox/103.0"
85.25.177.139 - - [04/Nov/2022:17:38:00 +0100] "GET /Site/62Mulhouse1468?action=print HTTP/1.1" 200 10361 "-" "Mozilla/5.0 (Macintosh; Intel Mac OS X 10.15; rv:103.0) Gecko/20100101 Firefox/103.0"
85.25.177.139 - - [04/Nov/2022:17:39:27 +0100] "GET /Site/62Mulhouse1468?action=diff HTTP/1.1" 200 20994 "-" "Mozilla/5.0 (Macintosh; Intel Mac OS X 10.15; rv:103.0) Gecko/20100101 Firefox/103.0"
185.253.162.10 - - [04/Nov/2022:17:40:45 +0100] "GET /Texte/Rezension HTTP/1.1" 200 11812 "http://www.pro-zurituutsch.ch" "Mozilla/5.0 (Windows NT 10.0; Win64; x64) AppleWebKit/537.36 (KHTML, like Gecko) Chrome/62.0.3202.94 Safari/537.36"
85.25.177.139 - - [04/Nov/2022:17:40:56 +0100] "GET /PodCast/Ouhsggwise1?action=upload HTTP/1.1" 200 8580 "-" "Mozilla/5.0 (Macintosh; Intel Mac OS X 10.15; rv:103.0) Gecko/20100101 Firefox/103.0"
85.25.177.139 - - [04/Nov/2022:17:42:13 +0100] "GET /PodCast/Ouhsggwise1?action=print HTTP/1.1" 200 15557 "-" "Mozilla/5.0 (Macintosh; Intel Mac OS X 10.15; rv:103.0) Gecko/20100101 Firefox/103.0"
66.249.76.220 - - [04/Nov/2022:17:42:31 +0100] "GET /PodCast/IndexPage?action=rss HTTP/1.1" 200 6298 "-" "Mozilla/5.0 (compatible; Googlebot/2.1; +http://www.google.com/bot.html)"
85.25.177.139 - - [04/Nov/2022:17:43:06 +0100] "GET /Site/42Fasnacht1455?action=edit HTTP/1.1" 200 8681 "-" "Mozilla/5.0 (Macintosh; Intel Mac OS X 10.15; rv:103.0) Gecko/20100101 Firefox/103.0"
85.25.177.139 - - [04/Nov/2022:17:44:14 +0100] "GET /Site/42Fasnacht1455?action=print HTTP/1.1" 200 2548 "-" "Mozilla/5.0 (Macintosh; Intel Mac OS X 10.15; rv:103.0) Gecko/20100101 Firefox/103.0"
85.25.177.139 - - [04/Nov/2022:17:45:25 +0100] "GET /Site/42Fasnacht1455?action=upload HTTP/1.1" 200 8581 "-" "Mozilla/5.0 (Macintosh; Intel Mac OS X 10.15; rv:103.0) Gecko/20100101 Firefox/103.0"
194.209.200.2 - - [04/Nov/2022:17:46:27 +0100] "GET /robots.txt HTTP/1.1" 200 - "-" "Mozilla/5.0 (compatible; TMMBot/0.2; +http://www.dslab.ch)/Nutch-1.15"
194.209.200.2 - - [04/Nov/2022:17:46:27 +0100] "GET /Admin/Jahresbericht HTTP/1.1" 200 45530 "-" "Mozilla/5.0 (compatible; TMMBot/0.2; +http://www.dslab.ch)/Nutch-1.15"
85.25.177.139 - - [04/Nov/2022:17:46:39 +0100] "GET /Site/42Fasnacht1455?action=diff HTTP/1.1" 200 11673 "-" "Mozilla/5.0 (Macintosh; Intel Mac OS X 10.15; rv:103.0) Gecko/20100101 Firefox/103.0"
194.209.200.2 - - [04/Nov/2022:17:46:48 +0100] "GET /Texte/Limericks HTTP/1.1" 200 8087 "-" "Mozilla/5.0 (compatible; TMMBot/0.2; +http://www.dslab.ch)/Nutch-1.15"
194.209.200.2 - - [04/Nov/2022:17:46:53 +0100] "GET /Texte/Schrybwys HTTP/1.1" 200 11028 "-" "Mozilla/5.0 (compatible; TMMBot/0.2; +http://www.dslab.ch)/Nutch-1.15"
216.244.66.243 - - [04/Nov/2022:17:47:19 +0100] "GET /robots.txt HTTP/1.1" 200 - "-" "Mozilla/5.0 (compatible; DotBot/1.2; +https://opensiteexplorer.org/dotbot; help@moz.com)"
85.25.177.139 - - [04/Nov/2022:17:47:44 +0100] "GET /PodCast/Ouhsggwise1?action=diff HTTP/1.1" 200 24697 "-" "Mozilla/5.0 (Macintosh; Intel Mac OS X 10.15; rv:103.0) Gecko/20100101 Firefox/103.0"
85.25.177.139 - - [04/Nov/2022:17:48:25 +0100] "GET /Site/63Frawmeuischter1470?action=edit HTTP/1.1" 200 8765 "-" "Mozilla/5.0 (Macintosh; Intel Mac OS X 10.15; rv:103.0) Gecko/20100101 Firefox/103.0"
194.209.200.2 - - [04/Nov/2022:17:48:29 +0100] "GET /Texte/Styluebige HTTP/1.1" 200 9998 "-" "Mozilla/5.0 (compatible; TMMBot/0.2; +http://www.dslab.ch)/Nutch-1.15"
65.108.0.150 - - [04/Nov/2022:17:48:30 +0100] "GET /Hilfe/GNU/Emacs HTTP/1.1" 404 264 "http://www.pro-zurituutsch.ch/Hilfe/AnleitungTonbeispiele" "Mozilla/5.0 (compatible; SEOkicks; +https://www.seokicks.de/robot.html)"
65.108.0.150 - - [04/Nov/2022:17:48:31 +0100] "GET /Main/Home?action=edit HTTP/1.1" 403 18 "http://www.pro-zurituutsch.ch/" "Mozilla/5.0 (compatible; SEOkicks; +https://www.seokicks.de/robot.html)"
65.108.0.150 - - [04/Nov/2022:17:48:32 +0100] "GET /Site/SideBar?action=edit HTTP/1.1" 403 18 "http://www.pro-zurituutsch.ch/" "Mozilla/5.0 (compatible; SEOkicks; +https://www.seokicks.de/robot.html)"
65.108.0.150 - - [04/Nov/2022:17:48:33 +0100] "GET /Main/Home?action=upload HTTP/1.1" 403 18 "http://www.pro-zurituutsch.ch/" "Mozilla/5.0 (compatible; SEOkicks; +https://www.seokicks.de/robot.html)"
65.108.0.150 - - [04/Nov/2022:17:48:34 +0100] "GET /Main/Home?action=print HTTP/1.1" 403 18 "http://www.pro-zurituutsch.ch/" "Mozilla/5.0 (compatible; SEOkicks; +https://www.seokicks.de/robot.html)"
65.108.0.150 - - [04/Nov/2022:17:48:36 +0100] "GET /Main/Home?action=diff HTTP/1.1" 403 18 "http://www.pro-zurituutsch.ch/" "Mozilla/5.0 (compatible; SEOkicks; +https://www.seokicks.de/robot.html)"
65.108.0.150 - - [04/Nov/2022:17:48:37 +0100] "GET /PodCast/GNU/Emacs HTTP/1.1" 404 264 "http://www.pro-zurituutsch.ch/PodCast/IndexPage" "Mozilla/5.0 (compatible; SEOkicks; +https://www.seokicks.de/robot.html)"
65.108.0.150 - - [04/Nov/2022:17:48:38 +0100] "GET /PodCast/IndexPage?action=edit HTTP/1.1" 403 18 "http://www.pro-zurituutsch.ch/PodCast/IndexPage" "Mozilla/5.0 (compatible; SEOkicks; +https://www.seokicks.de/robot.html)"
65.108.0.150 - - [04/Nov/2022:17:48:39 +0100] "GET /PodCast/IndexPage?action=upload HTTP/1.1" 403 18 "http://www.pro-zurituutsch.ch/PodCast/IndexPage" "Mozilla/5.0 (compatible; SEOkicks; +https://www.seokicks.de/robot.html)"
65.108.0.150 - - [04/Nov/2022:17:48:40 +0100] "GET /PodCast/IndexPage?action=print HTTP/1.1" 403 18 "http://www.pro-zurituutsch.ch/PodCast/IndexPage" "Mozilla/5.0 (compatible; SEOkicks; +https://www.seokicks.de/robot.html)"
65.108.0.150 - - [04/Nov/2022:17:48:41 +0100] "GET /PodCast/IndexPage?action=diff HTTP/1.1" 403 18 "http://www.pro-zurituutsch.ch/PodCast/IndexPage" "Mozilla/5.0 (compatible; SEOkicks; +https://www.seokicks.de/robot.html)"
85.25.177.139 - - [04/Nov/2022:17:49:32 +0100] "GET /Site/63Frawmeuischter1470?action=upload HTTP/1.1" 200 8665 "-" "Mozilla/5.0 (Macintosh; Intel Mac OS X 10.15; rv:103.0) Gecko/20100101 Firefox/103.0"
85.25.177.139 - - [04/Nov/2022:17:50:58 +0100] "GET /Site/63Frawmeuischter1470?action=diff HTTP/1.1" 200 16504 "-" "Mozilla/5.0 (Macintosh; Intel Mac OS X 10.15; rv:103.0) Gecko/20100101 Firefox/103.0"
168.119.51.163 - - [04/Nov/2022:17:51:07 +0100] "GET /robots.txt HTTP/1.1" 200 - "-" "Mozilla/5.0 (compatible; um-IC/1.0; mailto: techinfo@ubermetrics-technologies.com; Windows NT 6.1; WOW64; rv:40.0) Gecko/20100101 Firefox/40.1"
168.119.51.163 - - [04/Nov/2022:17:51:07 +0100] "GET /PodCast/IndexPage?action=rss HTTP/1.1" 200 6298 "-" "Mozilla/5.0 (compatible; um-IC/1.0; mailto: techinfo@ubermetrics-technologies.com; Windows NT 6.1; WOW64; rv:40.0) Gecko/20100101 Firefox/40.1"
85.25.177.139 - - [04/Nov/2022:17:51:34 +0100] "GET /Site/63Frawmeuischter1470?action=print HTTP/1.1" 200 6494 "-" "Mozilla/5.0 (Macintosh; Intel Mac OS X 10.15; rv:103.0) Gecko/20100101 Firefox/103.0"
85.25.177.139 - - [04/Nov/2022:17:52:10 +0100] "GET /PodCast/Kounschtrandite?action=edit HTTP/1.1" 200 8734 "-" "Mozilla/5.0 (Macintosh; Intel Mac OS X 10.15; rv:103.0) Gecko/20100101 Firefox/103.0"
85.25.177.139 - - [04/Nov/2022:17:52:51 +0100] "GET /PodCast/Kounschtrandite?action=diff HTTP/1.1" 200 16402 "-" "Mozilla/5.0 (Macintosh; Intel Mac OS X 10.15; rv:103.0) Gecko/20100101 Firefox/103.0"
85.25.177.139 - - [04/Nov/2022:17:53:38 +0100] "GET /PodCast/Kounschtrandite?action=upload HTTP/1.1" 200 8634 "-" "Mozilla/5.0 (Macintosh; Intel Mac OS X 10.15; rv:103.0) Gecko/20100101 Firefox/103.0"
85.25.177.139 - - [04/Nov/2022:17:54:29 +0100] "GET /PodCast/Kounschtrandite?action=print HTTP/1.1" 200 7270 "-" "Mozilla/5.0 (Macintosh; Intel Mac OS X 10.15; rv:103.0) Gecko/20100101 Firefox/103.0"
3.216.185.164 - - [04/Nov/2022:17:55:18 +0100] "GET /PodCast/IndexPage?action=rss HTTP/1.1" 200 6298 "-" "PocketCasts/1.0 (Pocket Casts Feed Parser; +http://pocketcasts.com/)"
85.25.177.139 - - [04/Nov/2022:17:55:43 +0100] "GET /Site/142Taagsatzig1484?action=print HTTP/1.1" 200 6819 "-" "Mozilla/5.0 (Macintosh; Intel Mac OS X 10.15; rv:103.0) Gecko/20100101 Firefox/103.0"
85.25.177.139 - - [04/Nov/2022:17:56:36 +0100] "GET /Site/142Taagsatzig1484?action=upload HTTP/1.1" 200 8623 "-" "Mozilla/5.0 (Macintosh; Intel Mac OS X 10.15; rv:103.0) Gecko/20100101 Firefox/103.0"
85.25.177.139 - - [04/Nov/2022:17:57:55 +0100] "GET /Site/142Taagsatzig1484?action=edit HTTP/1.1" 200 8723 "-" "Mozilla/5.0 (Macintosh; Intel Mac OS X 10.15; rv:103.0) Gecko/20100101 Firefox/103.0"
85.25.177.139 - - [04/Nov/2022:17:59:38 +0100] "GET /Site/142Taagsatzig1484?action=diff HTTP/1.1" 200 17078 "-" "Mozilla/5.0 (Macintosh; Intel Mac OS X 10.15; rv:103.0) Gecko/20100101 Firefox/103.0"
216.244.66.243 - - [04/Nov/2022:18:00:45 +0100] "GET /PmWiki/WikiFarms HTTP/1.1" 200 24461 "-" "Mozilla/5.0 (compatible; DotBot/1.2; +https://opensiteexplorer.org/dotbot; help@moz.com)"
85.25.177.139 - - [04/Nov/2022:18:00:55 +0100] "GET /PodCast/Amor?action=diff HTTP/1.1" 200 17396 "-" "Mozilla/5.0 (Macintosh; Intel Mac OS X 10.15; rv:103.0) Gecko/20100101 Firefox/103.0"
85.25.177.139 - - [04/Nov/2022:18:01:55 +0100] "GET /PodCast/Amor?action=print HTTP/1.1" 200 4062 "-" "Mozilla/5.0 (Macintosh; Intel Mac OS X 10.15; rv:103.0) Gecko/20100101 Firefox/103.0"
85.25.177.139 - - [04/Nov/2022:18:04:26 +0100] "GET /PodCast/Amor?action=edit HTTP/1.1" 200 8580 "-" "Mozilla/5.0 (Macintosh; Intel Mac OS X 10.15; rv:103.0) Gecko/20100101 Firefox/103.0"
85.25.177.139 - - [04/Nov/2022:18:05:37 +0100] "GET /PodCast/Amor?action=upload HTTP/1.1" 200 8480 "-" "Mozilla/5.0 (Macintosh; Intel Mac OS X 10.15; rv:103.0) Gecko/20100101 Firefox/103.0"
85.25.177.139 - - [04/Nov/2022:18:07:41 +0100] "GET /Site/71Mourte1476?action=print HTTP/1.1" 200 11311 "-" "Mozilla/5.0 (Macintosh; Intel Mac OS X 10.15; rv:103.0) Gecko/20100101 Firefox/103.0"
85.25.177.139 - - [04/Nov/2022:18:09:33 +0100] "GET /Site/71Mourte1476?action=upload HTTP/1.1" 200 8553 "-" "Mozilla/5.0 (Macintosh; Intel Mac OS X 10.15; rv:103.0) Gecko/20100101 Firefox/103.0"
85.25.177.139 - - [04/Nov/2022:18:10:18 +0100] "GET /Site/71Mourte1476?action=diff HTTP/1.1" 200 21403 "-" "Mozilla/5.0 (Macintosh; Intel Mac OS X 10.15; rv:103.0) Gecko/20100101 Firefox/103.0"
85.25.177.139 - - [04/Nov/2022:18:11:55 +0100] "GET /PodCast/Ynachte1?action=diff HTTP/1.1" 200 18089 "-" "Mozilla/5.0 (Macintosh; Intel Mac OS X 10.15; rv:103.0) Gecko/20100101 Firefox/103.0"
85.25.177.139 - - [04/Nov/2022:18:12:26 +0100] "GET /PodCast/Ynachte1?action=upload HTTP/1.1" 200 8538 "-" "Mozilla/5.0 (Macintosh; Intel Mac OS X 10.15; rv:103.0) Gecko/20100101 Firefox/103.0"
85.25.177.139 - - [04/Nov/2022:18:13:43 +0100] "GET /PodCast/Ynachte1?action=edit HTTP/1.1" 200 8638 "-" "Mozilla/5.0 (Macintosh; Intel Mac OS X 10.15; rv:103.0) Gecko/20100101 Firefox/103.0"
85.25.177.139 - - [04/Nov/2022:18:15:11 +0100] "GET /PodCast/Ynachte1?action=print HTTP/1.1" 200 9390 "-" "Mozilla/5.0 (Macintosh; Intel Mac OS X 10.15; rv:103.0) Gecko/20100101 Firefox/103.0"
85.25.177.139 - - [04/Nov/2022:18:17:11 +0100] "GET /PodCast/Sidereuhsli?action=edit HTTP/1.1" 200 8678 "-" "Mozilla/5.0 (Macintosh; Intel Mac OS X 10.15; rv:103.0) Gecko/20100101 Firefox/103.0"
65.108.0.150 - - [04/Nov/2022:18:21:00 +0100] "GET /PodCast/Boschpochrank HTTP/1.1" 200 11394 "http://www.pro-zurituutsch.ch/PodCast/IndexPage" "Mozilla/5.0 (compatible; SEOkicks; +https://www.seokicks.de/robot.html)"
65.108.0.150 - - [04/Nov/2022:18:21:01 +0100] "GET /PodCast/SprAlAner HTTP/1.1" 200 9962 "http://www.pro-zurituutsch.ch/PodCast/IndexPage" "Mozilla/5.0 (compatible; SEOkicks; +https://www.seokicks.de/robot.html)"
