157.55.39.63 - - [18/Jun/2022:00:00:15 +0200] "GET /PodCast/Schaidig2?action=upload HTTP/1.1" 403 18 "-" "Mozilla/5.0 (compatible; bingbot/2.0; +http://www.bing.com/bingbot.htm)"
54.36.148.167 - - [18/Jun/2022:00:01:25 +0200] "GET /Admin/Pro-ZurituutschStatuten HTTP/1.1" 200 9580 "-" "Mozilla/5.0 (compatible; AhrefsBot/7.0; +http://ahrefs.com/robot/)"
114.119.141.2 - - [18/Jun/2022:00:18:23 +0200] "GET /PmWikiDe/PageLists?action=upload HTTP/1.1" 403 18 "http://www.pro-zurituutsch.ch/PmWikiDe/PageLists" "Mozilla/5.0 (Linux; Android 7.0;) AppleWebKit/537.36 (KHTML, like Gecko) Mobile Safari/537.36 (compatible; PetalBot;+https://webmaster.petalsearch.com/site/petalbot)"
194.209.200.2 - - [18/Jun/2022:00:24:42 +0200] "GET /robots.txt HTTP/1.1" 200 - "-" "Mozilla/5.0 (compatible; TMMBot/0.2; +http://www.dslab.ch)/Nutch-1.15"
194.209.200.2 - - [18/Jun/2022:00:24:42 +0200] "GET /Admin/AdresseStiftung HTTP/1.1" 200 8453 "-" "Mozilla/5.0 (compatible; TMMBot/0.2; +http://www.dslab.ch)/Nutch-1.15"
194.209.200.2 - - [18/Jun/2022:00:26:35 +0200] "GET /Admin/Jahresbericht HTTP/1.1" 200 45530 "-" "Mozilla/5.0 (compatible; TMMBot/0.2; +http://www.dslab.ch)/Nutch-1.15"
185.191.171.26 - - [18/Jun/2022:00:26:36 +0200] "GET /robots.txt HTTP/1.1" 200 - "-" "Mozilla/5.0 (compatible; SemrushBot/7~bl; +http://www.semrush.com/bot.html)"
185.191.171.43 - - [18/Jun/2022:00:26:36 +0200] "GET /PmWikiFr/IndexDocAdmin?action=edit HTTP/1.1" 403 18 "-" "Mozilla/5.0 (compatible; SemrushBot/7~bl; +http://www.semrush.com/bot.html)"
194.209.200.2 - - [18/Jun/2022:00:28:01 +0200] "GET /Texte/GDicht HTTP/1.1" 200 8050 "-" "Mozilla/5.0 (compatible; TMMBot/0.2; +http://www.dslab.ch)/Nutch-1.15"
194.209.200.2 - - [18/Jun/2022:00:30:39 +0200] "GET / HTTP/1.1" 200 14638 "-" "Mozilla/5.0 (compatible; TMMBot/0.2; +http://www.dslab.ch)/Nutch-1.15"
194.209.200.2 - - [18/Jun/2022:00:31:01 +0200] "GET /Admin/ZurStiftung HTTP/1.1" 200 10864 "-" "Mozilla/5.0 (compatible; TMMBot/0.2; +http://www.dslab.ch)/Nutch-1.15"
194.209.200.2 - - [18/Jun/2022:00:31:28 +0200] "GET /Texte/Bitterbeuhsi HTTP/1.1" 200 9255 "-" "Mozilla/5.0 (compatible; TMMBot/0.2; +http://www.dslab.ch)/Nutch-1.15"
194.209.200.2 - - [18/Jun/2022:00:31:39 +0200] "GET /Gast/Podcast HTTP/1.1" 200 8106 "-" "Mozilla/5.0 (compatible; TMMBot/0.2; +http://www.dslab.ch)/Nutch-1.15"
114.119.141.100 - - [18/Jun/2022:00:33:09 +0200] "GET /PmWikiRu/WikiPage?action=upload HTTP/1.1" 403 18 "http://www.pro-zurituutsch.ch/PmWikiRu/WikiPage" "Mozilla/5.0 (Linux; Android 7.0;) AppleWebKit/537.36 (KHTML, like Gecko) Mobile Safari/537.36 (compatible; PetalBot;+https://webmaster.petalsearch.com/site/petalbot)"
66.249.76.222 - - [18/Jun/2022:00:39:14 +0200] "GET /PodCast/IndexPage?action=rss HTTP/1.1" 200 6298 "-" "Mozilla/5.0 (compatible; Googlebot/2.1; +http://www.google.com/bot.html)"
89.247.174.128 - - [18/Jun/2022:00:48:36 +0200] "GET /PodCast/IndexPage?action=rss HTTP/1.1" 200 6298 "-" "Podcasts/1650.20 CFNetwork/1333.0.4 Darwin/21.5.0"
194.209.200.2 - - [18/Jun/2022:00:55:32 +0200] "GET /robots.txt HTTP/1.1" 200 - "-" "Mozilla/5.0 (compatible; TMMBot/0.2; +http://www.dslab.ch)/Nutch-1.15"
194.209.200.2 - - [18/Jun/2022:00:55:32 +0200] "GET /Admin/AdresseStiftung HTTP/1.1" 200 8453 "-" "Mozilla/5.0 (compatible; TMMBot/0.2; +http://www.dslab.ch)/Nutch-1.15"
194.209.200.2 - - [18/Jun/2022:00:57:29 +0200] "GET /Admin/Jahresbericht HTTP/1.1" 200 45530 "-" "Mozilla/5.0 (compatible; TMMBot/0.2; +http://www.dslab.ch)/Nutch-1.15"
194.209.200.2 - - [18/Jun/2022:00:58:58 +0200] "GET /Texte/GDicht HTTP/1.1" 200 8050 "-" "Mozilla/5.0 (compatible; TMMBot/0.2; +http://www.dslab.ch)/Nutch-1.15"
194.209.200.2 - - [18/Jun/2022:01:01:22 +0200] "GET /Main/Home HTTP/1.1" 200 14638 "-" "Mozilla/5.0 (compatible; TMMBot/0.2; +http://www.dslab.ch)/Nutch-1.15"
194.209.200.2 - - [18/Jun/2022:01:01:48 +0200] "GET / HTTP/1.1" 200 14638 "-" "Mozilla/5.0 (compatible; TMMBot/0.2; +http://www.dslab.ch)/Nutch-1.15"
168.119.51.163 - - [18/Jun/2022:01:01:53 +0200] "GET /robots.txt HTTP/1.1" 200 - "-" "Mozilla/5.0 (compatible; um-IC/1.0; mailto: techinfo@ubermetrics-technologies.com; Windows NT 6.1; WOW64; rv:40.0) Gecko/20100101 Firefox/40.1"
168.119.51.163 - - [18/Jun/2022:01:01:53 +0200] "GET /PodCast/IndexPage?action=rss HTTP/1.1" 200 6298 "-" "Mozilla/5.0 (compatible; um-IC/1.0; mailto: techinfo@ubermetrics-technologies.com; Windows NT 6.1; WOW64; rv:40.0) Gecko/20100101 Firefox/40.1"
194.209.200.2 - - [18/Jun/2022:01:02:10 +0200] "GET /Admin/ZurStiftung HTTP/1.1" 200 10864 "-" "Mozilla/5.0 (compatible; TMMBot/0.2; +http://www.dslab.ch)/Nutch-1.15"
194.209.200.2 - - [18/Jun/2022:01:02:36 +0200] "GET /Texte/Bitterbeuhsi HTTP/1.1" 200 9255 "-" "Mozilla/5.0 (compatible; TMMBot/0.2; +http://www.dslab.ch)/Nutch-1.15"
194.209.200.2 - - [18/Jun/2022:01:02:48 +0200] "GET /Gast/Podcast HTTP/1.1" 200 8106 "-" "Mozilla/5.0 (compatible; TMMBot/0.2; +http://www.dslab.ch)/Nutch-1.15"
3.80.105.8 - - [18/Jun/2022:01:05:55 +0200] "GET /PodCast/IndexPage?action=rss HTTP/1.1" 200 6298 "https://www.google.com/" "Mozilla/5.0 (Windows NT 10.0; Win64; x64; rv:74.0) Gecko/20100101 Firefox/74.0"
207.46.13.112 - - [18/Jun/2022:01:08:41 +0200] "GET /PodCast/Erfruschig HTTP/1.1" 200 8972 "-" "Mozilla/5.0 (compatible; bingbot/2.0; +http://www.bing.com/bingbot.htm)"
194.209.200.2 - - [18/Jun/2022:01:28:41 +0200] "GET /robots.txt HTTP/1.1" 200 - "-" "Mozilla/5.0 (compatible; TMMBot/0.2; +http://www.dslab.ch)/Nutch-1.15"
194.209.200.2 - - [18/Jun/2022:01:28:41 +0200] "GET /Admin/Jahresbericht HTTP/1.1" 200 45530 "-" "Mozilla/5.0 (compatible; TMMBot/0.2; +http://www.dslab.ch)/Nutch-1.15"
194.209.200.2 - - [18/Jun/2022:01:29:51 +0200] "GET /Texte/ArsAmatoria HTTP/1.1" 200 12369 "-" "Mozilla/5.0 (compatible; TMMBot/0.2; +http://www.dslab.ch)/Nutch-1.15"
194.209.200.2 - - [18/Jun/2022:01:30:05 +0200] "GET /Texte/GDicht HTTP/1.1" 200 8050 "-" "Mozilla/5.0 (compatible; TMMBot/0.2; +http://www.dslab.ch)/Nutch-1.15"
194.209.200.2 - - [18/Jun/2022:01:30:47 +0200] "GET /Texte/Metamorphoses HTTP/1.1" 200 9045 "-" "Mozilla/5.0 (compatible; TMMBot/0.2; +http://www.dslab.ch)/Nutch-1.15"
194.209.200.2 - - [18/Jun/2022:01:32:23 +0200] "GET /Main/Home HTTP/1.1" 200 14638 "-" "Mozilla/5.0 (compatible; TMMBot/0.2; +http://www.dslab.ch)/Nutch-1.15"
194.209.200.2 - - [18/Jun/2022:01:32:46 +0200] "GET / HTTP/1.1" 200 14638 "-" "Mozilla/5.0 (compatible; TMMBot/0.2; +http://www.dslab.ch)/Nutch-1.15"
194.209.200.2 - - [18/Jun/2022:01:33:06 +0200] "GET /Admin/ZurStiftung HTTP/1.1" 200 10864 "-" "Mozilla/5.0 (compatible; TMMBot/0.2; +http://www.dslab.ch)/Nutch-1.15"
194.209.200.2 - - [18/Jun/2022:01:33:29 +0200] "GET /Texte/Bitterbeuhsi HTTP/1.1" 200 9255 "-" "Mozilla/5.0 (compatible; TMMBot/0.2; +http://www.dslab.ch)/Nutch-1.15"
194.209.200.2 - - [18/Jun/2022:01:33:38 +0200] "GET /Gast/Podcast HTTP/1.1" 200 8106 "-" "Mozilla/5.0 (compatible; TMMBot/0.2; +http://www.dslab.ch)/Nutch-1.15"
66.249.76.193 - - [18/Jun/2022:01:34:10 +0200] "GET /PodCast/IndexPage?action=rss HTTP/1.1" 200 6298 "-" "Mozilla/5.0 (compatible; Googlebot/2.1; +http://www.google.com/bot.html)"
185.191.171.41 - - [18/Jun/2022:01:41:07 +0200] "GET /robots.txt HTTP/1.1" 200 - "-" "Mozilla/5.0 (compatible; SemrushBot/7~bl; +http://www.semrush.com/bot.html)"
185.191.171.5 - - [18/Jun/2022:01:41:08 +0200] "GET /PmWikiRu/LinkVariables?action=edit HTTP/1.1" 404 18 "-" "Mozilla/5.0 (compatible; SemrushBot/7~bl; +http://www.semrush.com/bot.html)"
185.191.171.18 - - [18/Jun/2022:01:42:52 +0200] "GET /PmWikiFr/Recherche?q=PmWikiFr%2F%3Ffmt%3Ddictindex HTTP/1.1" 200 11404 "-" "Mozilla/5.0 (compatible; SemrushBot/7~bl; +http://www.semrush.com/bot.html)"
185.191.171.38 - - [18/Jun/2022:02:01:31 +0200] "GET /PmWikiRu/Subversion?action=diff HTTP/1.1" 403 18 "-" "Mozilla/5.0 (compatible; SemrushBot/7~bl; +http://www.semrush.com/bot.html)"
194.209.200.2 - - [18/Jun/2022:02:01:53 +0200] "GET /robots.txt HTTP/1.1" 200 - "-" "Mozilla/5.0 (compatible; TMMBot/0.2; +http://www.dslab.ch)/Nutch-1.15"
194.209.200.2 - - [18/Jun/2022:02:01:53 +0200] "GET /Texte/ArsAmatoria HTTP/1.1" 200 12369 "-" "Mozilla/5.0 (compatible; TMMBot/0.2; +http://www.dslab.ch)/Nutch-1.15"
194.209.200.2 - - [18/Jun/2022:02:02:07 +0200] "GET /Texte/GDicht HTTP/1.1" 200 8050 "-" "Mozilla/5.0 (compatible; TMMBot/0.2; +http://www.dslab.ch)/Nutch-1.15"
194.209.200.2 - - [18/Jun/2022:02:04:16 +0200] "GET /Main/Home HTTP/1.1" 200 14638 "-" "Mozilla/5.0 (compatible; TMMBot/0.2; +http://www.dslab.ch)/Nutch-1.15"
194.209.200.2 - - [18/Jun/2022:02:04:35 +0200] "GET /Admin/Pro-ZurituutschStatuten HTTP/1.1" 200 9580 "-" "Mozilla/5.0 (compatible; TMMBot/0.2; +http://www.dslab.ch)/Nutch-1.15"
194.209.200.2 - - [18/Jun/2022:02:04:39 +0200] "GET / HTTP/1.1" 200 14638 "-" "Mozilla/5.0 (compatible; TMMBot/0.2; +http://www.dslab.ch)/Nutch-1.15"
194.209.200.2 - - [18/Jun/2022:02:04:59 +0200] "GET /Admin/ZurStiftung HTTP/1.1" 200 10864 "-" "Mozilla/5.0 (compatible; TMMBot/0.2; +http://www.dslab.ch)/Nutch-1.15"
194.209.200.2 - - [18/Jun/2022:02:05:24 +0200] "GET /Texte/Bitterbeuhsi HTTP/1.1" 200 9255 "-" "Mozilla/5.0 (compatible; TMMBot/0.2; +http://www.dslab.ch)/Nutch-1.15"
194.209.200.2 - - [18/Jun/2022:02:05:35 +0200] "GET /Gast/Podcast HTTP/1.1" 200 8106 "-" "Mozilla/5.0 (compatible; TMMBot/0.2; +http://www.dslab.ch)/Nutch-1.15"
185.191.171.4 - - [18/Jun/2022:02:17:42 +0200] "GET /PmWikiCs/TipyProEditaci HTTP/1.1" 200 11355 "-" "Mozilla/5.0 (compatible; SemrushBot/7~bl; +http://www.semrush.com/bot.html)"
185.191.171.8 - - [18/Jun/2022:02:18:38 +0200] "GET /PmWikiDe/Voraussetzungen HTTP/1.1" 200 8089 "-" "Mozilla/5.0 (compatible; SemrushBot/7~bl; +http://www.semrush.com/bot.html)"
185.191.171.45 - - [18/Jun/2022:02:18:44 +0200] "GET /PmWikiRu/PatrickMichaud?action=diff HTTP/1.1" 403 18 "-" "Mozilla/5.0 (compatible; SemrushBot/7~bl; +http://www.semrush.com/bot.html)"
114.119.140.79 - - [18/Jun/2022:02:20:56 +0200] "GET /PmWikiDe/XLPage?action=upload HTTP/1.1" 403 18 "http://www.pro-zurituutsch.ch/PmWikiDe/XLPage" "Mozilla/5.0 (Linux; Android 7.0;) AppleWebKit/537.36 (KHTML, like Gecko) Mobile Safari/537.36 (compatible; PetalBot;+https://webmaster.petalsearch.com/site/petalbot)"
185.191.171.13 - - [18/Jun/2022:02:22:03 +0200] "GET /PmWikiFr/PmWikiFeatures?action=diff HTTP/1.1" 403 18 "-" "Mozilla/5.0 (compatible; SemrushBot/7~bl; +http://www.semrush.com/bot.html)"
185.191.171.37 - - [18/Jun/2022:02:24:24 +0200] "GET /PmWikiCa/PmWikiCa?action=diff HTTP/1.1" 403 18 "-" "Mozilla/5.0 (compatible; SemrushBot/7~bl; +http://www.semrush.com/bot.html)"
185.191.171.14 - - [18/Jun/2022:02:26:10 +0200] "GET /PmWikiFr/Internationalizations HTTP/1.1" 200 13844 "-" "Mozilla/5.0 (compatible; SemrushBot/7~bl; +http://www.semrush.com/bot.html)"
114.119.141.100 - - [18/Jun/2022:02:33:51 +0200] "GET /PmWikiNl/XLPage?action=diff HTTP/1.1" 403 18 "http://www.pro-zurituutsch.ch/PmWikiNl/XLPage" "Mozilla/5.0 (Linux; Android 7.0;) AppleWebKit/537.36 (KHTML, like Gecko) Mobile Safari/537.36 (compatible; PetalBot;+https://webmaster.petalsearch.com/site/petalbot)"
66.249.76.193 - - [18/Jun/2022:02:35:16 +0200] "GET /PodCast/IndexPage?action=rss HTTP/1.1" 200 6298 "-" "Mozilla/5.0 (compatible; Googlebot/2.1; +http://www.google.com/bot.html)"
194.209.200.2 - - [18/Jun/2022:02:36:05 +0200] "GET /robots.txt HTTP/1.1" 200 - "-" "Mozilla/5.0 (compatible; TMMBot/0.2; +http://www.dslab.ch)/Nutch-1.15"
194.209.200.2 - - [18/Jun/2022:02:36:05 +0200] "GET /Texte/ArsAmatoria HTTP/1.1" 200 12369 "-" "Mozilla/5.0 (compatible; TMMBot/0.2; +http://www.dslab.ch)/Nutch-1.15"
194.209.200.2 - - [18/Jun/2022:02:36:19 +0200] "GET /Texte/GDicht HTTP/1.1" 200 8050 "-" "Mozilla/5.0 (compatible; TMMBot/0.2; +http://www.dslab.ch)/Nutch-1.15"
114.119.141.215 - - [18/Jun/2022:02:37:14 +0200] "GET /PmWikiRu/PageLists?action=print HTTP/1.1" 403 18 "http://www.pro-zurituutsch.ch/PmWikiRu/PageLists" "Mozilla/5.0 (Linux; Android 7.0;) AppleWebKit/537.36 (KHTML, like Gecko) Mobile Safari/537.36 (compatible; PetalBot;+https://webmaster.petalsearch.com/site/petalbot)"
194.209.200.2 - - [18/Jun/2022:02:38:23 +0200] "GET /Main/Home HTTP/1.1" 200 14638 "-" "Mozilla/5.0 (compatible; TMMBot/0.2; +http://www.dslab.ch)/Nutch-1.15"
194.209.200.2 - - [18/Jun/2022:02:38:46 +0200] "GET / HTTP/1.1" 200 14638 "-" "Mozilla/5.0 (compatible; TMMBot/0.2; +http://www.dslab.ch)/Nutch-1.15"
194.209.200.2 - - [18/Jun/2022:02:39:05 +0200] "GET /Admin/ZurStiftung HTTP/1.1" 200 10864 "-" "Mozilla/5.0 (compatible; TMMBot/0.2; +http://www.dslab.ch)/Nutch-1.15"
194.209.200.2 - - [18/Jun/2022:02:39:29 +0200] "GET /Texte/Bitterbeuhsi HTTP/1.1" 200 9255 "-" "Mozilla/5.0 (compatible; TMMBot/0.2; +http://www.dslab.ch)/Nutch-1.15"
194.209.200.2 - - [18/Jun/2022:02:39:38 +0200] "GET /Gast/Podcast HTTP/1.1" 200 8106 "-" "Mozilla/5.0 (compatible; TMMBot/0.2; +http://www.dslab.ch)/Nutch-1.15"
216.244.66.243 - - [18/Jun/2022:02:41:50 +0200] "GET /robots.txt HTTP/1.1" 200 - "-" "Mozilla/5.0 (compatible; DotBot/1.2; +https://opensiteexplorer.org/dotbot; help@moz.com)"
54.39.18.217 - - [18/Jun/2022:02:42:23 +0200] "GET /Admin/Links HTTP/1.0" 200 14193 "http://www.pro-zurituutsch.ch/Admin/Links" "Mozilla/5.0 (Windows NT 6.1; WOW64) AppleWebKit/537.36 (KHTML, like Gecko) Chrome/90.0.4430.72 Safari/537.36"
54.39.18.217 - - [18/Jun/2022:02:42:23 +0200] "GET /Admin/http:www.mundartforum.ch HTTP/1.0" 404 264 "http://www.pro-zurituutsch.ch/Admin/http:www.mundartforum.ch" "Mozilla/5.0 (Windows NT 6.1; WOW64) AppleWebKit/537.36 (KHTML, like Gecko) Chrome/90.0.4430.72 Safari/537.36"
54.39.18.217 - - [18/Jun/2022:02:42:23 +0200] "GET /http:www.mundartforum.ch HTTP/1.0" 404 294 "http://www.pro-zurituutsch.ch/http:www.mundartforum.ch" "Mozilla/5.0 (Windows NT 6.1; WOW64) AppleWebKit/537.36 (KHTML, like Gecko) Chrome/90.0.4430.72 Safari/537.36"
185.191.171.14 - - [18/Jun/2022:02:49:03 +0200] "GET /robots.txt HTTP/1.1" 200 - "-" "Mozilla/5.0 (compatible; SemrushBot/7~bl; +http://www.semrush.com/bot.html)"
185.191.171.5 - - [18/Jun/2022:02:49:03 +0200] "GET /PmWikiRu/Uploads?action=upload HTTP/1.1" 403 18 "-" "Mozilla/5.0 (compatible; SemrushBot/7~bl; +http://www.semrush.com/bot.html)"
185.191.171.34 - - [18/Jun/2022:02:50:24 +0200] "GET /PmWikiFr/PolitiqueDeTraduction?action=upload HTTP/1.1" 403 18 "-" "Mozilla/5.0 (compatible; SemrushBot/7~bl; +http://www.semrush.com/bot.html)"
54.39.18.217 - - [18/Jun/2022:03:02:02 +0200] "GET /Admin/Links HTTP/1.0" 200 14193 "http://www.pro-zurituutsch.ch/Admin/Links" "Mozilla/5.0 (Windows NT 6.2; Win64; x64) AppleWebKit/537.36 (KHTML, like Gecko) Chrome/90.0.4430.72 Safari/537.36"
54.39.18.217 - - [18/Jun/2022:03:02:03 +0200] "GET /Admin/http:www.mundartforum.ch HTTP/1.0" 404 264 "http://www.pro-zurituutsch.ch/Admin/http:www.mundartforum.ch" "Mozilla/5.0 (Windows NT 6.2; Win64; x64) AppleWebKit/537.36 (KHTML, like Gecko) Chrome/90.0.4430.72 Safari/537.36"
54.39.18.217 - - [18/Jun/2022:03:02:03 +0200] "GET /http:www.mundartforum.ch HTTP/1.0" 404 294 "http://www.pro-zurituutsch.ch/http:www.mundartforum.ch" "Mozilla/5.0 (Windows NT 6.2; Win64; x64) AppleWebKit/537.36 (KHTML, like Gecko) Chrome/90.0.4430.72 Safari/537.36"
194.209.200.2 - - [18/Jun/2022:03:07:24 +0200] "GET /robots.txt HTTP/1.1" 200 - "-" "Mozilla/5.0 (compatible; TMMBot/0.2; +http://www.dslab.ch)/Nutch-1.15"
194.209.200.2 - - [18/Jun/2022:03:07:24 +0200] "GET /Admin/Jahresbericht HTTP/1.1" 200 45530 "-" "Mozilla/5.0 (compatible; TMMBot/0.2; +http://www.dslab.ch)/Nutch-1.15"
194.209.200.2 - - [18/Jun/2022:03:08:51 +0200] "GET /Texte/GDicht HTTP/1.1" 200 8050 "-" "Mozilla/5.0 (compatible; TMMBot/0.2; +http://www.dslab.ch)/Nutch-1.15"
194.209.200.2 - - [18/Jun/2022:03:09:28 +0200] "GET /Texte/Metamorphoses HTTP/1.1" 200 9045 "-" "Mozilla/5.0 (compatible; TMMBot/0.2; +http://www.dslab.ch)/Nutch-1.15"
194.209.200.2 - - [18/Jun/2022:03:11:30 +0200] "GET / HTTP/1.1" 200 14638 "-" "Mozilla/5.0 (compatible; TMMBot/0.2; +http://www.dslab.ch)/Nutch-1.15"
194.209.200.2 - - [18/Jun/2022:03:11:52 +0200] "GET /Admin/ZurStiftung HTTP/1.1" 200 10864 "-" "Mozilla/5.0 (compatible; TMMBot/0.2; +http://www.dslab.ch)/Nutch-1.15"
194.209.200.2 - - [18/Jun/2022:03:12:17 +0200] "GET /Texte/Bitterbeuhsi HTTP/1.1" 200 9255 "-" "Mozilla/5.0 (compatible; TMMBot/0.2; +http://www.dslab.ch)/Nutch-1.15"
194.209.200.2 - - [18/Jun/2022:03:12:28 +0200] "GET /Gast/Podcast HTTP/1.1" 200 8106 "-" "Mozilla/5.0 (compatible; TMMBot/0.2; +http://www.dslab.ch)/Nutch-1.15"
185.191.171.40 - - [18/Jun/2022:03:13:13 +0200] "GET /PmWikiRu/Uploads?action=diff HTTP/1.1" 403 18 "-" "Mozilla/5.0 (compatible; SemrushBot/7~bl; +http://www.semrush.com/bot.html)"
185.191.171.41 - - [18/Jun/2022:03:23:09 +0200] "GET /PmWikiRu/PatrickMichaud?action=edit HTTP/1.1" 403 18 "-" "Mozilla/5.0 (compatible; SemrushBot/7~bl; +http://www.semrush.com/bot.html)"
185.191.171.11 - - [18/Jun/2022:03:30:04 +0200] "GET /PmWikiRu/Subversion?action=print HTTP/1.1" 403 18 "-" "Mozilla/5.0 (compatible; SemrushBot/7~bl; +http://www.semrush.com/bot.html)"
66.249.76.222 - - [18/Jun/2022:03:36:49 +0200] "GET /PodCast/IndexPage?action=rss HTTP/1.1" 200 6298 "-" "Mozilla/5.0 (compatible; Googlebot/2.1; +http://www.google.com/bot.html)"
185.191.171.25 - - [18/Jun/2022:03:40:07 +0200] "GET /PmWikiFr/Recherche?action=diff HTTP/1.1" 403 18 "-" "Mozilla/5.0 (compatible; SemrushBot/7~bl; +http://www.semrush.com/bot.html)"
114.119.141.100 - - [18/Jun/2022:03:41:16 +0200] "GET /PmWikiPtBr/XLPage?action=edit HTTP/1.1" 403 18 "http://www.pro-zurituutsch.ch/PmWikiPtBr/XLPage" "Mozilla/5.0 (Linux; Android 7.0;) AppleWebKit/537.36 (KHTML, like Gecko) Mobile Safari/537.36 (compatible; PetalBot;+https://webmaster.petalsearch.com/site/petalbot)"
194.209.200.2 - - [18/Jun/2022:03:41:44 +0200] "GET /robots.txt HTTP/1.1" 200 - "-" "Mozilla/5.0 (compatible; TMMBot/0.2; +http://www.dslab.ch)/Nutch-1.15"
194.209.200.2 - - [18/Jun/2022:03:41:45 +0200] "GET /Admin/Jahresbericht HTTP/1.1" 200 45530 "-" "Mozilla/5.0 (compatible; TMMBot/0.2; +http://www.dslab.ch)/Nutch-1.15"
194.209.200.2 - - [18/Jun/2022:03:42:53 +0200] "GET /Texte/ArsAmatoria HTTP/1.1" 200 12369 "-" "Mozilla/5.0 (compatible; TMMBot/0.2; +http://www.dslab.ch)/Nutch-1.15"
194.209.200.2 - - [18/Jun/2022:03:43:07 +0200] "GET /Texte/GDicht HTTP/1.1" 200 8050 "-" "Mozilla/5.0 (compatible; TMMBot/0.2; +http://www.dslab.ch)/Nutch-1.15"
194.209.200.2 - - [18/Jun/2022:03:45:37 +0200] "GET / HTTP/1.1" 200 14638 "-" "Mozilla/5.0 (compatible; TMMBot/0.2; +http://www.dslab.ch)/Nutch-1.15"
194.209.200.2 - - [18/Jun/2022:03:45:57 +0200] "GET /Admin/ZurStiftung HTTP/1.1" 200 10864 "-" "Mozilla/5.0 (compatible; TMMBot/0.2; +http://www.dslab.ch)/Nutch-1.15"
194.209.200.2 - - [18/Jun/2022:03:46:21 +0200] "GET /Texte/Bitterbeuhsi HTTP/1.1" 200 9255 "-" "Mozilla/5.0 (compatible; TMMBot/0.2; +http://www.dslab.ch)/Nutch-1.15"
194.209.200.2 - - [18/Jun/2022:03:46:30 +0200] "GET /Gast/Podcast HTTP/1.1" 200 8106 "-" "Mozilla/5.0 (compatible; TMMBot/0.2; +http://www.dslab.ch)/Nutch-1.15"
185.191.171.13 - - [18/Jun/2022:03:54:57 +0200] "GET /robots.txt HTTP/1.1" 200 - "-" "Mozilla/5.0 (compatible; SemrushBot/7~bl; +http://www.semrush.com/bot.html)"
185.191.171.2 - - [18/Jun/2022:03:54:57 +0200] "GET /PmWikiNl/DocumentationIndex?action=edit HTTP/1.1" 404 18 "-" "Mozilla/5.0 (compatible; SemrushBot/7~bl; +http://www.semrush.com/bot.html)"
185.191.171.5 - - [18/Jun/2022:03:55:44 +0200] "GET /PmWikiNl/BasicEditing?action=upload HTTP/1.1" 403 18 "-" "Mozilla/5.0 (compatible; SemrushBot/7~bl; +http://www.semrush.com/bot.html)"
185.191.171.6 - - [18/Jun/2022:03:56:57 +0200] "GET /PmWikiFr/Tables HTTP/1.1" 200 15945 "-" "Mozilla/5.0 (compatible; SemrushBot/7~bl; +http://www.semrush.com/bot.html)"
85.84.206.62 - - [18/Jun/2022:04:02:42 +0200] "GET / HTTP/1.1" 200 14638 "-" "Mozilla/5.0 (Windows NT 10.0; Win64; x64) AppleWebKit/537.36 (KHTML, like Gecko) Chrome/85.0.4183.121 Safari/537.36"
185.191.171.24 - - [18/Jun/2022:04:05:25 +0200] "GET /PmWikiRu/InterMap?action=print HTTP/1.1" 403 18 "-" "Mozilla/5.0 (compatible; SemrushBot/7~bl; +http://www.semrush.com/bot.html)"
85.25.177.219 - - [18/Jun/2022:04:09:17 +0200] "GET /robots.txt HTTP/1.1" 200 - "-" "SEO Scanner/1.2.4 (SEO Crawler; seoscanners.info; info@seoscanners.info)"
85.25.177.219 - - [18/Jun/2022:04:09:17 +0200] "GET / HTTP/1.1" 200 14638 "-" "SEO Scanner/1.2.4 (SEO Crawler; seoscanners.info; info@seoscanners.info)"
157.55.39.124 - - [18/Jun/2022:04:09:42 +0200] "GET /PodCast/Lobbiing HTTP/1.1" 200 9035 "-" "Mozilla/5.0 (compatible; bingbot/2.0; +http://www.bing.com/bingbot.htm)"
3.216.185.164 - - [18/Jun/2022:04:17:20 +0200] "GET /PodCast/IndexPage?action=rss HTTP/1.1" 200 6298 "-" "PocketCasts/1.0 (Pocket Casts Feed Parser; +http://pocketcasts.com/)"
114.119.141.100 - - [18/Jun/2022:04:18:14 +0200] "GET /PmWikiCs/XLPage?action=edit HTTP/1.1" 403 18 "http://www.pro-zurituutsch.ch/PmWikiCs/XLPage" "Mozilla/5.0 (Linux; Android 7.0;) AppleWebKit/537.36 (KHTML, like Gecko) Mobile Safari/537.36 (compatible; PetalBot;+https://webmaster.petalsearch.com/site/petalbot)"
194.209.200.2 - - [18/Jun/2022:04:19:06 +0200] "GET /robots.txt HTTP/1.1" 200 - "-" "Mozilla/5.0 (compatible; TMMBot/0.2; +http://www.dslab.ch)/Nutch-1.15"
194.209.200.2 - - [18/Jun/2022:04:19:06 +0200] "GET /Admin/Jahresbericht HTTP/1.1" 200 45530 "-" "Mozilla/5.0 (compatible; TMMBot/0.2; +http://www.dslab.ch)/Nutch-1.15"
185.191.171.41 - - [18/Jun/2022:04:19:09 +0200] "GET /PmWikiRu/SimultaneousEdits?action=edit HTTP/1.1" 403 18 "-" "Mozilla/5.0 (compatible; SemrushBot/7~bl; +http://www.semrush.com/bot.html)"
194.209.200.2 - - [18/Jun/2022:04:20:33 +0200] "GET /Texte/GDicht HTTP/1.1" 200 8050 "-" "Mozilla/5.0 (compatible; TMMBot/0.2; +http://www.dslab.ch)/Nutch-1.15"
194.209.200.2 - - [18/Jun/2022:04:21:13 +0200] "GET /Texte/Metamorphoses HTTP/1.1" 200 9045 "-" "Mozilla/5.0 (compatible; TMMBot/0.2; +http://www.dslab.ch)/Nutch-1.15"
185.191.171.7 - - [18/Jun/2022:04:21:35 +0200] "GET /PmWikiDe/PageHistory?action=diff HTTP/1.1" 403 18 "-" "Mozilla/5.0 (compatible; SemrushBot/7~bl; +http://www.semrush.com/bot.html)"
194.209.200.2 - - [18/Jun/2022:04:23:13 +0200] "GET / HTTP/1.1" 200 14638 "-" "Mozilla/5.0 (compatible; TMMBot/0.2; +http://www.dslab.ch)/Nutch-1.15"
194.209.200.2 - - [18/Jun/2022:04:23:34 +0200] "GET /Admin/ZurStiftung HTTP/1.1" 200 10864 "-" "Mozilla/5.0 (compatible; TMMBot/0.2; +http://www.dslab.ch)/Nutch-1.15"
194.209.200.2 - - [18/Jun/2022:04:23:58 +0200] "GET /Texte/Bitterbeuhsi HTTP/1.1" 200 9255 "-" "Mozilla/5.0 (compatible; TMMBot/0.2; +http://www.dslab.ch)/Nutch-1.15"
194.209.200.2 - - [18/Jun/2022:04:24:09 +0200] "GET /Gast/Podcast HTTP/1.1" 200 8106 "-" "Mozilla/5.0 (compatible; TMMBot/0.2; +http://www.dslab.ch)/Nutch-1.15"
185.191.171.24 - - [18/Jun/2022:04:29:43 +0200] "GET /PmWiki/PageHistory HTTP/1.1" 200 15129 "-" "Mozilla/5.0 (compatible; SemrushBot/7~bl; +http://www.semrush.com/bot.html)"
157.55.39.64 - - [18/Jun/2022:04:35:44 +0200] "GET /Site/152Konschtanz1485 HTTP/1.1" 200 21228 "-" "Mozilla/5.0 (compatible; bingbot/2.0; +http://www.bing.com/bingbot.htm)"
114.119.141.2 - - [18/Jun/2022:04:36:21 +0200] "GET /PmWikiRu/PageLists?action=upload HTTP/1.1" 403 18 "http://www.pro-zurituutsch.ch/PmWikiRu/PageLists" "Mozilla/5.0 (Linux; Android 7.0;) AppleWebKit/537.36 (KHTML, like Gecko) Mobile Safari/537.36 (compatible; PetalBot;+https://webmaster.petalsearch.com/site/petalbot)"
114.119.140.99 - - [18/Jun/2022:04:36:47 +0200] "GET /PmWikiVi/XLPage?action=edit HTTP/1.1" 403 18 "http://www.pro-zurituutsch.ch/PmWikiVi/XLPage" "Mozilla/5.0 (Linux; Android 7.0;) AppleWebKit/537.36 (KHTML, like Gecko) Mobile Safari/537.36 (compatible; PetalBot;+https://webmaster.petalsearch.com/site/petalbot)"
40.77.167.24 - - [18/Jun/2022:04:39:42 +0200] "GET /Site/61Sanggale1465 HTTP/1.1" 200 18601 "-" "Mozilla/5.0 AppleWebKit/537.36 (KHTML, like Gecko; compatible; bingbot/2.0; +http://www.bing.com/bingbot.htm) Chrome/100.0.4896.127 Safari/537.36"
66.249.64.15 - - [18/Jun/2022:04:42:11 +0200] "GET /PodCast/IndexPage?action=rss HTTP/1.1" 200 6298 "-" "Mozilla/5.0 (compatible; Googlebot/2.1; +http://www.google.com/bot.html)"
185.191.171.40 - - [18/Jun/2022:04:51:17 +0200] "GET /PmWiki/Contributors HTTP/1.1" 200 12661 "-" "Mozilla/5.0 (compatible; SemrushBot/7~bl; +http://www.semrush.com/bot.html)"
185.191.171.40 - - [18/Jun/2022:04:51:29 +0200] "GET /PmWikiFr/Recherche?action=upload HTTP/1.1" 403 18 "-" "Mozilla/5.0 (compatible; SemrushBot/7~bl; +http://www.semrush.com/bot.html)"
194.209.200.2 - - [18/Jun/2022:04:52:20 +0200] "GET /robots.txt HTTP/1.1" 200 - "-" "Mozilla/5.0 (compatible; TMMBot/0.2; +http://www.dslab.ch)/Nutch-1.15"
194.209.200.2 - - [18/Jun/2022:04:52:20 +0200] "GET /Texte/GDicht HTTP/1.1" 200 8050 "-" "Mozilla/5.0 (compatible; TMMBot/0.2; +http://www.dslab.ch)/Nutch-1.15"
194.209.200.2 - - [18/Jun/2022:04:52:59 +0200] "GET /Texte/Metamorphoses HTTP/1.1" 200 9045 "-" "Mozilla/5.0 (compatible; TMMBot/0.2; +http://www.dslab.ch)/Nutch-1.15"
194.209.200.2 - - [18/Jun/2022:04:55:02 +0200] "GET / HTTP/1.1" 200 14638 "-" "Mozilla/5.0 (compatible; TMMBot/0.2; +http://www.dslab.ch)/Nutch-1.15"
194.209.200.2 - - [18/Jun/2022:04:55:23 +0200] "GET /Admin/ZurStiftung HTTP/1.1" 200 10864 "-" "Mozilla/5.0 (compatible; TMMBot/0.2; +http://www.dslab.ch)/Nutch-1.15"
194.209.200.2 - - [18/Jun/2022:04:55:48 +0200] "GET /Texte/Bitterbeuhsi HTTP/1.1" 200 9255 "-" "Mozilla/5.0 (compatible; TMMBot/0.2; +http://www.dslab.ch)/Nutch-1.15"
194.209.200.2 - - [18/Jun/2022:04:55:58 +0200] "GET /Gast/Podcast HTTP/1.1" 200 8106 "-" "Mozilla/5.0 (compatible; TMMBot/0.2; +http://www.dslab.ch)/Nutch-1.15"
194.209.200.2 - - [18/Jun/2022:04:56:27 +0200] "GET /Hilfe/AnleitungTonbeispiele HTTP/1.1" 200 9878 "-" "Mozilla/5.0 (compatible; TMMBot/0.2; +http://www.dslab.ch)/Nutch-1.15"
157.55.39.64 - - [18/Jun/2022:04:57:37 +0200] "GET /PodCast/Zugle HTTP/1.1" 200 19132 "-" "Mozilla/5.0 (compatible; bingbot/2.0; +http://www.bing.com/bingbot.htm)"
114.119.141.173 - - [18/Jun/2022:05:02:09 +0200] "GET /PmWikiPtBr/XLPage?action=upload HTTP/1.1" 403 18 "http://www.pro-zurituutsch.ch/PmWikiPtBr/XLPage" "Mozilla/5.0 (Linux; Android 7.0;) AppleWebKit/537.36 (KHTML, like Gecko) Mobile Safari/537.36 (compatible; PetalBot;+https://webmaster.petalsearch.com/site/petalbot)"
198.235.24.144 - - [18/Jun/2022:05:02:57 +0200] "GET / HTTP/1.1" 200 14638 "-" "Expanse, a Palo Alto Networks company, searches across the global IPv4 space multiple times per day to identify customers&#39; presences on the Internet. If you would like to be excluded from our scans, please send IP addresses/domains to: scaninfo@paloaltonetworks.com"
194.209.200.2 - - [18/Jun/2022:05:23:12 +0200] "GET /robots.txt HTTP/1.1" 200 - "-" "Mozilla/5.0 (compatible; TMMBot/0.2; +http://www.dslab.ch)/Nutch-1.15"
194.209.200.2 - - [18/Jun/2022:05:23:12 +0200] "GET /Admin/Jahresbericht HTTP/1.1" 200 45530 "-" "Mozilla/5.0 (compatible; TMMBot/0.2; +http://www.dslab.ch)/Nutch-1.15"
194.209.200.2 - - [18/Jun/2022:05:24:38 +0200] "GET /Texte/GDicht HTTP/1.1" 200 8050 "-" "Mozilla/5.0 (compatible; TMMBot/0.2; +http://www.dslab.ch)/Nutch-1.15"
194.209.200.2 - - [18/Jun/2022:05:27:05 +0200] "GET / HTTP/1.1" 200 14638 "-" "Mozilla/5.0 (compatible; TMMBot/0.2; +http://www.dslab.ch)/Nutch-1.15"
194.209.200.2 - - [18/Jun/2022:05:27:25 +0200] "GET /Admin/ZurStiftung HTTP/1.1" 200 10864 "-" "Mozilla/5.0 (compatible; TMMBot/0.2; +http://www.dslab.ch)/Nutch-1.15"
194.209.200.2 - - [18/Jun/2022:05:27:56 +0200] "GET /Gast/Podcast HTTP/1.1" 200 8106 "-" "Mozilla/5.0 (compatible; TMMBot/0.2; +http://www.dslab.ch)/Nutch-1.15"
45.56.103.4 - - [18/Jun/2022:05:29:37 +0200] "GET /PodCast/IndexPage?action=rss HTTP/1.1" 200 6298 "-" "PlayerFM/1.0 Podcast Sync (1 subscribers; url=https://player.fm/series/podcast-2872909)"
114.119.140.70 - - [18/Jun/2022:05:31:02 +0200] "GET /Texte/GDicht?action=diff&source=y&minor=y HTTP/1.1" 403 18 "http://www.pro-zurituutsch.ch/Texte/GDicht?action=diff&source=n&minor=y" "Mozilla/5.0 (Linux; Android 7.0;) AppleWebKit/537.36 (KHTML, like Gecko) Mobile Safari/537.36 (compatible; PetalBot;+https://webmaster.petalsearch.com/site/petalbot)"
185.191.171.20 - - [18/Jun/2022:05:35:54 +0200] "GET /robots.txt HTTP/1.1" 200 - "-" "Mozilla/5.0 (compatible; SemrushBot/7~bl; +http://www.semrush.com/bot.html)"
185.191.171.4 - - [18/Jun/2022:05:35:54 +0200] "GET /PmWikiRu/A?action=search&fmt=title&q=link%3DPmWikiRu.Uploads HTTP/1.1" 404 18 "-" "Mozilla/5.0 (compatible; SemrushBot/7~bl; +http://www.semrush.com/bot.html)"
185.191.171.43 - - [18/Jun/2022:05:37:07 +0200] "GET /PmWikiZhCn/PmWikiZhCn?action=print HTTP/1.1" 403 18 "-" "Mozilla/5.0 (compatible; SemrushBot/7~bl; +http://www.semrush.com/bot.html)"
114.119.140.84 - - [18/Jun/2022:05:38:25 +0200] "GET /PmWikiZhCn/XLPage?action=upload HTTP/1.1" 403 18 "http://www.pro-zurituutsch.ch/PmWikiZhCn/XLPage" "Mozilla/5.0 (Linux; Android 7.0;) AppleWebKit/537.36 (KHTML, like Gecko) Mobile Safari/537.36 (compatible; PetalBot;+https://webmaster.petalsearch.com/site/petalbot)"
66.249.76.222 - - [18/Jun/2022:05:38:26 +0200] "GET /PodCast/IndexPage?action=rss HTTP/1.1" 200 6298 "-" "Mozilla/5.0 (compatible; Googlebot/2.1; +http://www.google.com/bot.html)"
185.191.171.37 - - [18/Jun/2022:05:46:21 +0200] "GET /PmWikiFr/PolitiqueDeTraduction?action=diff HTTP/1.1" 403 18 "-" "Mozilla/5.0 (compatible; SemrushBot/7~bl; +http://www.semrush.com/bot.html)"
142.44.212.237 - - [18/Jun/2022:05:47:26 +0200] "GET /Admin/Links HTTP/1.0" 200 14193 "http://www.pro-zurituutsch.ch/Admin/Links" "Mozilla/5.0 (Windows NT 6.1; ) AppleWebKit/537.36 (KHTML, like Gecko) Chrome/90.0.4430.85 Safari/537.36"
142.44.212.237 - - [18/Jun/2022:05:47:27 +0200] "GET /Admin/http:www.mundartforum.ch HTTP/1.0" 404 264 "http://www.pro-zurituutsch.ch/Admin/http:www.mundartforum.ch" "Mozilla/5.0 (Windows NT 6.1; ) AppleWebKit/537.36 (KHTML, like Gecko) Chrome/90.0.4430.85 Safari/537.36"
142.44.212.237 - - [18/Jun/2022:05:47:27 +0200] "GET /http:www.mundartforum.ch HTTP/1.0" 404 294 "http://www.pro-zurituutsch.ch/http:www.mundartforum.ch" "Mozilla/5.0 (Windows NT 6.1; ) AppleWebKit/537.36 (KHTML, like Gecko) Chrome/90.0.4430.85 Safari/537.36"
185.191.171.8 - - [18/Jun/2022:05:54:09 +0200] "GET /PmWikiDe/WikistileFarben HTTP/1.1" 200 14710 "-" "Mozilla/5.0 (compatible; SemrushBot/7~bl; +http://www.semrush.com/bot.html)"
194.209.200.2 - - [18/Jun/2022:06:00:05 +0200] "GET /robots.txt HTTP/1.1" 200 - "-" "Mozilla/5.0 (compatible; TMMBot/0.2; +http://www.dslab.ch)/Nutch-1.15"
194.209.200.2 - - [18/Jun/2022:06:00:05 +0200] "GET /Admin/Jahresbericht HTTP/1.1" 200 45530 "-" "Mozilla/5.0 (compatible; TMMBot/0.2; +http://www.dslab.ch)/Nutch-1.15"
194.209.200.2 - - [18/Jun/2022:06:01:22 +0200] "GET /Texte/GDicht HTTP/1.1" 200 8050 "-" "Mozilla/5.0 (compatible; TMMBot/0.2; +http://www.dslab.ch)/Nutch-1.15"
194.209.200.2 - - [18/Jun/2022:06:01:59 +0200] "GET /Texte/Metamorphoses HTTP/1.1" 200 9045 "-" "Mozilla/5.0 (compatible; TMMBot/0.2; +http://www.dslab.ch)/Nutch-1.15"
157.55.39.63 - - [18/Jun/2022:06:02:39 +0200] "GET /PmWiki/WikiWikiWeb HTTP/1.1" 200 13019 "-" "Mozilla/5.0 (compatible; bingbot/2.0; +http://www.bing.com/bingbot.htm)"
194.209.200.2 - - [18/Jun/2022:06:03:50 +0200] "GET / HTTP/1.1" 200 14638 "-" "Mozilla/5.0 (compatible; TMMBot/0.2; +http://www.dslab.ch)/Nutch-1.15"
194.209.200.2 - - [18/Jun/2022:06:04:09 +0200] "GET /Admin/ZurStiftung HTTP/1.1" 200 10864 "-" "Mozilla/5.0 (compatible; TMMBot/0.2; +http://www.dslab.ch)/Nutch-1.15"
194.209.200.2 - - [18/Jun/2022:06:04:32 +0200] "GET /Texte/Bitterbeuhsi HTTP/1.1" 200 9255 "-" "Mozilla/5.0 (compatible; TMMBot/0.2; +http://www.dslab.ch)/Nutch-1.15"
194.209.200.2 - - [18/Jun/2022:06:04:43 +0200] "GET /Gast/Podcast HTTP/1.1" 200 8106 "-" "Mozilla/5.0 (compatible; TMMBot/0.2; +http://www.dslab.ch)/Nutch-1.15"
114.119.140.73 - - [18/Jun/2022:06:05:32 +0200] "GET /PmWikiEn/PmWikiEn HTTP/1.1" 200 9005 "http://www.pro-zurituutsch.ch/PmWikiEn/PmWikiEn?action=upload" "Mozilla/5.0 (Linux; Android 7.0;) AppleWebKit/537.36 (KHTML, like Gecko) Mobile Safari/537.36 (compatible; PetalBot;+https://webmaster.petalsearch.com/site/petalbot)"
194.209.200.2 - - [18/Jun/2022:06:31:59 +0200] "GET /robots.txt HTTP/1.1" 200 - "-" "Mozilla/5.0 (compatible; TMMBot/0.2; +http://www.dslab.ch)/Nutch-1.15"
194.209.200.2 - - [18/Jun/2022:06:31:59 +0200] "GET /Admin/Jahresbericht HTTP/1.1" 200 45530 "-" "Mozilla/5.0 (compatible; TMMBot/0.2; +http://www.dslab.ch)/Nutch-1.15"
194.209.200.2 - - [18/Jun/2022:06:33:25 +0200] "GET /Texte/GDicht HTTP/1.1" 200 8050 "-" "Mozilla/5.0 (compatible; TMMBot/0.2; +http://www.dslab.ch)/Nutch-1.15"
114.119.140.70 - - [18/Jun/2022:06:33:47 +0200] "GET /PmWikiFr/CreatingNewPages?action=diff HTTP/1.1" 403 18 "http://www.pro-zurituutsch.ch/PmWikiFr/CreatingNewPages" "Mozilla/5.0 (Linux; Android 7.0;) AppleWebKit/537.36 (KHTML, like Gecko) Mobile Safari/537.36 (compatible; PetalBot;+https://webmaster.petalsearch.com/site/petalbot)"
194.209.200.2 - - [18/Jun/2022:06:34:04 +0200] "GET /Texte/Metamorphoses HTTP/1.1" 200 9045 "-" "Mozilla/5.0 (compatible; TMMBot/0.2; +http://www.dslab.ch)/Nutch-1.15"
194.209.200.2 - - [18/Jun/2022:06:36:00 +0200] "GET / HTTP/1.1" 200 14638 "-" "Mozilla/5.0 (compatible; TMMBot/0.2; +http://www.dslab.ch)/Nutch-1.15"
194.209.200.2 - - [18/Jun/2022:06:36:22 +0200] "GET /Admin/ZurStiftung HTTP/1.1" 200 10864 "-" "Mozilla/5.0 (compatible; TMMBot/0.2; +http://www.dslab.ch)/Nutch-1.15"
194.209.200.2 - - [18/Jun/2022:06:36:45 +0200] "GET /Texte/Bitterbeuhsi HTTP/1.1" 200 9255 "-" "Mozilla/5.0 (compatible; TMMBot/0.2; +http://www.dslab.ch)/Nutch-1.15"
194.209.200.2 - - [18/Jun/2022:06:36:56 +0200] "GET /Gast/Podcast HTTP/1.1" 200 8106 "-" "Mozilla/5.0 (compatible; TMMBot/0.2; +http://www.dslab.ch)/Nutch-1.15"
168.119.51.163 - - [18/Jun/2022:06:38:00 +0200] "GET /robots.txt HTTP/1.1" 200 - "-" "Mozilla/5.0 (compatible; um-IC/1.0; mailto: techinfo@ubermetrics-technologies.com; Windows NT 6.1; WOW64; rv:40.0) Gecko/20100101 Firefox/40.1"
168.119.51.163 - - [18/Jun/2022:06:38:01 +0200] "GET /PodCast/IndexPage?action=rss HTTP/1.1" 200 6298 "-" "Mozilla/5.0 (compatible; um-IC/1.0; mailto: techinfo@ubermetrics-technologies.com; Windows NT 6.1; WOW64; rv:40.0) Gecko/20100101 Firefox/40.1"
34.65.57.89 - - [18/Jun/2022:06:39:51 +0200] "GET /Hilfe/Quicktime HTTP/1.1" 200 9103 "-" "Mozilla/5.0 (compatible; localsearch-web/2.0; +http://www.localsearch.ch/en/legal-notice)"
34.65.57.89 - - [18/Jun/2022:06:40:02 +0200] "GET /Hilfe/RealOne HTTP/1.1" 200 10362 "-" "Mozilla/5.0 (compatible; localsearch-web/2.0; +http://www.localsearch.ch/en/legal-notice)"
185.191.171.39 - - [18/Jun/2022:06:40:03 +0200] "GET /robots.txt HTTP/1.1" 200 - "-" "Mozilla/5.0 (compatible; SemrushBot/7~bl; +http://www.semrush.com/bot.html)"
185.191.171.1 - - [18/Jun/2022:06:40:03 +0200] "GET /PmWikiRu/WikiPage?action=upload HTTP/1.1" 403 18 "-" "Mozilla/5.0 (compatible; SemrushBot/7~bl; +http://www.semrush.com/bot.html)"
34.65.57.89 - - [18/Jun/2022:06:40:12 +0200] "GET /Hilfe/Winamp HTTP/1.1" 200 9314 "-" "Mozilla/5.0 (compatible; localsearch-web/2.0; +http://www.localsearch.ch/en/legal-notice)"
66.249.76.222 - - [18/Jun/2022:06:45:13 +0200] "GET /PodCast/IndexPage?action=rss HTTP/1.1" 200 6298 "-" "Mozilla/5.0 (compatible; Googlebot/2.1; +http://www.google.com/bot.html)"
185.191.171.2 - - [18/Jun/2022:06:49:53 +0200] "GET /PmWikiRu/WikiFarms HTTP/1.1" 200 24988 "-" "Mozilla/5.0 (compatible; SemrushBot/7~bl; +http://www.semrush.com/bot.html)"
114.119.133.250 - - [18/Jun/2022:07:01:05 +0200] "GET /robots.txt HTTP/1.1" 200 - "-" "Mozilla/5.0 (compatible;PetalBot;+https://webmaster.petalsearch.com/site/petalbot)"
194.209.200.2 - - [18/Jun/2022:07:02:24 +0200] "GET /robots.txt HTTP/1.1" 200 - "-" "Mozilla/5.0 (compatible; TMMBot/0.2; +http://www.dslab.ch)/Nutch-1.15"
194.209.200.2 - - [18/Jun/2022:07:02:24 +0200] "GET /Admin/Jahresbericht HTTP/1.1" 200 45530 "-" "Mozilla/5.0 (compatible; TMMBot/0.2; +http://www.dslab.ch)/Nutch-1.15"
194.209.200.2 - - [18/Jun/2022:07:02:47 +0200] "GET /Texte/Schrybwys HTTP/1.1" 200 11028 "-" "Mozilla/5.0 (compatible; TMMBot/0.2; +http://www.dslab.ch)/Nutch-1.15"
194.209.200.2 - - [18/Jun/2022:07:03:47 +0200] "GET /Texte/GDicht HTTP/1.1" 200 8050 "-" "Mozilla/5.0 (compatible; TMMBot/0.2; +http://www.dslab.ch)/Nutch-1.15"
194.209.200.2 - - [18/Jun/2022:07:04:25 +0200] "GET /Texte/Metamorphoses HTTP/1.1" 200 9045 "-" "Mozilla/5.0 (compatible; TMMBot/0.2; +http://www.dslab.ch)/Nutch-1.15"
194.209.200.2 - - [18/Jun/2022:07:06:21 +0200] "GET / HTTP/1.1" 200 14638 "-" "Mozilla/5.0 (compatible; TMMBot/0.2; +http://www.dslab.ch)/Nutch-1.15"
194.209.200.2 - - [18/Jun/2022:07:06:41 +0200] "GET /Admin/ZurStiftung HTTP/1.1" 200 10864 "-" "Mozilla/5.0 (compatible; TMMBot/0.2; +http://www.dslab.ch)/Nutch-1.15"
194.209.200.2 - - [18/Jun/2022:07:07:05 +0200] "GET /Texte/Bitterbeuhsi HTTP/1.1" 200 9255 "-" "Mozilla/5.0 (compatible; TMMBot/0.2; +http://www.dslab.ch)/Nutch-1.15"
194.209.200.2 - - [18/Jun/2022:07:07:16 +0200] "GET /Gast/Podcast HTTP/1.1" 200 8106 "-" "Mozilla/5.0 (compatible; TMMBot/0.2; +http://www.dslab.ch)/Nutch-1.15"
50.116.52.70 - - [18/Jun/2022:07:09:06 +0200] "GET /PodCast/IndexPage?action=rss HTTP/1.1" 200 6298 "-" "PlayerFM/1.0 Podcast Sync (1 subscribers; url=https://player.fm/series/podcast-2872909)"
185.191.171.38 - - [18/Jun/2022:07:22:07 +0200] "GET /Main/Homepage?action=edit HTTP/1.1" 404 18 "-" "Mozilla/5.0 (compatible; SemrushBot/7~bl; +http://www.semrush.com/bot.html)"
185.244.212.24 - - [18/Jun/2022:07:25:55 +0200] "GET / HTTP/1.1" 200 14638 "-" "Mozilla/5.0 (Windows NT 10.0; Win64; x64) AppleWebKit/537.36 (KHTML, like Gecko) Chrome/74.0.3729.169 Safari/537.36"
185.244.212.24 - - [18/Jun/2022:07:25:55 +0200] "GET /wp-includes/wlwmanifest.xml HTTP/1.1" 404 293 "-" "Mozilla/5.0 (Windows NT 10.0; Win64; x64) AppleWebKit/537.36 (KHTML, like Gecko) Chrome/74.0.3729.169 Safari/537.36"
185.244.212.24 - - [18/Jun/2022:07:25:55 +0200] "GET /xmlrpc.php?rsd HTTP/1.1" 404 276 "-" "Mozilla/5.0 (Windows NT 10.0; Win64; x64) AppleWebKit/537.36 (KHTML, like Gecko) Chrome/74.0.3729.169 Safari/537.36"
185.244.212.24 - - [18/Jun/2022:07:25:55 +0200] "GET / HTTP/1.1" 200 14638 "-" "Mozilla/5.0 (Windows NT 10.0; Win64; x64) AppleWebKit/537.36 (KHTML, like Gecko) Chrome/74.0.3729.169 Safari/537.36"
185.244.212.24 - - [18/Jun/2022:07:25:56 +0200] "GET /blog/wp-includes/wlwmanifest.xml HTTP/1.1" 404 298 "-" "Mozilla/5.0 (Windows NT 10.0; Win64; x64) AppleWebKit/537.36 (KHTML, like Gecko) Chrome/74.0.3729.169 Safari/537.36"
185.244.212.24 - - [18/Jun/2022:07:25:56 +0200] "GET /web/wp-includes/wlwmanifest.xml HTTP/1.1" 404 297 "-" "Mozilla/5.0 (Windows NT 10.0; Win64; x64) AppleWebKit/537.36 (KHTML, like Gecko) Chrome/74.0.3729.169 Safari/537.36"
185.244.212.24 - - [18/Jun/2022:07:25:56 +0200] "GET /wordpress/wp-includes/wlwmanifest.xml HTTP/1.1" 404 303 "-" "Mozilla/5.0 (Windows NT 10.0; Win64; x64) AppleWebKit/537.36 (KHTML, like Gecko) Chrome/74.0.3729.169 Safari/537.36"
185.244.212.24 - - [18/Jun/2022:07:25:56 +0200] "GET /website/wp-includes/wlwmanifest.xml HTTP/1.1" 404 301 "-" "Mozilla/5.0 (Windows NT 10.0; Win64; x64) AppleWebKit/537.36 (KHTML, like Gecko) Chrome/74.0.3729.169 Safari/537.36"
185.244.212.24 - - [18/Jun/2022:07:25:56 +0200] "GET /wp/wp-includes/wlwmanifest.xml HTTP/1.1" 404 296 "-" "Mozilla/5.0 (Windows NT 10.0; Win64; x64) AppleWebKit/537.36 (KHTML, like Gecko) Chrome/74.0.3729.169 Safari/537.36"
185.244.212.24 - - [18/Jun/2022:07:25:56 +0200] "GET /news/wp-includes/wlwmanifest.xml HTTP/1.1" 404 298 "-" "Mozilla/5.0 (Windows NT 10.0; Win64; x64) AppleWebKit/537.36 (KHTML, like Gecko) Chrome/74.0.3729.169 Safari/537.36"
185.244.212.24 - - [18/Jun/2022:07:25:56 +0200] "GET /2015/wp-includes/wlwmanifest.xml HTTP/1.1" 404 264 "-" "Mozilla/5.0 (Windows NT 10.0; Win64; x64) AppleWebKit/537.36 (KHTML, like Gecko) Chrome/74.0.3729.169 Safari/537.36"
185.244.212.24 - - [18/Jun/2022:07:25:56 +0200] "GET /2016/wp-includes/wlwmanifest.xml HTTP/1.1" 404 264 "-" "Mozilla/5.0 (Windows NT 10.0; Win64; x64) AppleWebKit/537.36 (KHTML, like Gecko) Chrome/74.0.3729.169 Safari/537.36"
185.244.212.24 - - [18/Jun/2022:07:25:56 +0200] "GET /2017/wp-includes/wlwmanifest.xml HTTP/1.1" 404 264 "-" "Mozilla/5.0 (Windows NT 10.0; Win64; x64) AppleWebKit/537.36 (KHTML, like Gecko) Chrome/74.0.3729.169 Safari/537.36"
185.244.212.24 - - [18/Jun/2022:07:25:56 +0200] "GET /2018/wp-includes/wlwmanifest.xml HTTP/1.1" 404 264 "-" "Mozilla/5.0 (Windows NT 10.0; Win64; x64) AppleWebKit/537.36 (KHTML, like Gecko) Chrome/74.0.3729.169 Safari/537.36"
185.244.212.24 - - [18/Jun/2022:07:25:56 +0200] "GET /shop/wp-includes/wlwmanifest.xml HTTP/1.1" 404 298 "-" "Mozilla/5.0 (Windows NT 10.0; Win64; x64) AppleWebKit/537.36 (KHTML, like Gecko) Chrome/74.0.3729.169 Safari/537.36"
185.244.212.24 - - [18/Jun/2022:07:25:56 +0200] "GET /wp1/wp-includes/wlwmanifest.xml HTTP/1.1" 404 297 "-" "Mozilla/5.0 (Windows NT 10.0; Win64; x64) AppleWebKit/537.36 (KHTML, like Gecko) Chrome/74.0.3729.169 Safari/537.36"
185.244.212.24 - - [18/Jun/2022:07:25:56 +0200] "GET /test/wp-includes/wlwmanifest.xml HTTP/1.1" 404 298 "-" "Mozilla/5.0 (Windows NT 10.0; Win64; x64) AppleWebKit/537.36 (KHTML, like Gecko) Chrome/74.0.3729.169 Safari/537.36"
185.244.212.24 - - [18/Jun/2022:07:25:56 +0200] "GET /media/wp-includes/wlwmanifest.xml HTTP/1.1" 404 299 "-" "Mozilla/5.0 (Windows NT 10.0; Win64; x64) AppleWebKit/537.36 (KHTML, like Gecko) Chrome/74.0.3729.169 Safari/537.36"
185.244.212.24 - - [18/Jun/2022:07:25:56 +0200] "GET /wp2/wp-includes/wlwmanifest.xml HTTP/1.1" 404 297 "-" "Mozilla/5.0 (Windows NT 10.0; Win64; x64) AppleWebKit/537.36 (KHTML, like Gecko) Chrome/74.0.3729.169 Safari/537.36"
185.244.212.24 - - [18/Jun/2022:07:25:56 +0200] "GET /site/wp-includes/wlwmanifest.xml HTTP/1.1" 404 298 "-" "Mozilla/5.0 (Windows NT 10.0; Win64; x64) AppleWebKit/537.36 (KHTML, like Gecko) Chrome/74.0.3729.169 Safari/537.36"
185.244.212.24 - - [18/Jun/2022:07:25:56 +0200] "GET /cms/wp-includes/wlwmanifest.xml HTTP/1.1" 404 297 "-" "Mozilla/5.0 (Windows NT 10.0; Win64; x64) AppleWebKit/537.36 (KHTML, like Gecko) Chrome/74.0.3729.169 Safari/537.36"
185.244.212.24 - - [18/Jun/2022:07:25:56 +0200] "GET /sito/wp-includes/wlwmanifest.xml HTTP/1.1" 404 298 "-" "Mozilla/5.0 (Windows NT 10.0; Win64; x64) AppleWebKit/537.36 (KHTML, like Gecko) Chrome/74.0.3729.169 Safari/537.36"
194.209.200.2 - - [18/Jun/2022:07:37:22 +0200] "GET /robots.txt HTTP/1.1" 200 - "-" "Mozilla/5.0 (compatible; TMMBot/0.2; +http://www.dslab.ch)/Nutch-1.15"
194.209.200.2 - - [18/Jun/2022:07:37:22 +0200] "GET /Admin/Jahresbericht HTTP/1.1" 200 45530 "-" "Mozilla/5.0 (compatible; TMMBot/0.2; +http://www.dslab.ch)/Nutch-1.15"
194.209.200.2 - - [18/Jun/2022:07:38:29 +0200] "GET /Texte/ArsAmatoria HTTP/1.1" 200 12369 "-" "Mozilla/5.0 (compatible; TMMBot/0.2; +http://www.dslab.ch)/Nutch-1.15"
194.209.200.2 - - [18/Jun/2022:07:38:43 +0200] "GET /Texte/GDicht HTTP/1.1" 200 8050 "-" "Mozilla/5.0 (compatible; TMMBot/0.2; +http://www.dslab.ch)/Nutch-1.15"
194.209.200.2 - - [18/Jun/2022:07:39:20 +0200] "GET /Texte/Metamorphoses HTTP/1.1" 200 9045 "-" "Mozilla/5.0 (compatible; TMMBot/0.2; +http://www.dslab.ch)/Nutch-1.15"
66.249.76.220 - - [18/Jun/2022:07:40:42 +0200] "GET /PodCast/IndexPage?action=rss HTTP/1.1" 200 6298 "-" "Mozilla/5.0 (compatible; Googlebot/2.1; +http://www.google.com/bot.html)"
194.209.200.2 - - [18/Jun/2022:07:41:08 +0200] "GET /Admin/Pro-ZurituutschStatuten HTTP/1.1" 200 9580 "-" "Mozilla/5.0 (compatible; TMMBot/0.2; +http://www.dslab.ch)/Nutch-1.15"
194.209.200.2 - - [18/Jun/2022:07:41:13 +0200] "GET / HTTP/1.1" 200 14638 "-" "Mozilla/5.0 (compatible; TMMBot/0.2; +http://www.dslab.ch)/Nutch-1.15"
194.209.200.2 - - [18/Jun/2022:07:41:33 +0200] "GET /Admin/ZurStiftung HTTP/1.1" 200 10864 "-" "Mozilla/5.0 (compatible; TMMBot/0.2; +http://www.dslab.ch)/Nutch-1.15"
194.209.200.2 - - [18/Jun/2022:07:41:57 +0200] "GET /Texte/Bitterbeuhsi HTTP/1.1" 200 9255 "-" "Mozilla/5.0 (compatible; TMMBot/0.2; +http://www.dslab.ch)/Nutch-1.15"
194.209.200.2 - - [18/Jun/2022:07:42:07 +0200] "GET /Gast/Podcast HTTP/1.1" 200 8106 "-" "Mozilla/5.0 (compatible; TMMBot/0.2; +http://www.dslab.ch)/Nutch-1.15"
40.77.167.24 - - [18/Jun/2022:07:53:15 +0200] "GET /PodCast/Sbysst HTTP/1.1" 200 17403 "-" "Mozilla/5.0 (compatible; bingbot/2.0; +http://www.bing.com/bingbot.htm)"
185.191.171.2 - - [18/Jun/2022:07:54:54 +0200] "GET /robots.txt HTTP/1.1" 200 - "-" "Mozilla/5.0 (compatible; SemrushBot/7~bl; +http://www.semrush.com/bot.html)"
185.191.171.17 - - [18/Jun/2022:07:54:55 +0200] "GET /PmWikiHu/Forum?action=upload HTTP/1.1" 403 18 "-" "Mozilla/5.0 (compatible; SemrushBot/7~bl; +http://www.semrush.com/bot.html)"
194.209.200.2 - - [18/Jun/2022:08:07:42 +0200] "GET /robots.txt HTTP/1.1" 200 - "-" "Mozilla/5.0 (compatible; TMMBot/0.2; +http://www.dslab.ch)/Nutch-1.15"
194.209.200.2 - - [18/Jun/2022:08:07:42 +0200] "GET /Admin/Jahresbericht HTTP/1.1" 200 45530 "-" "Mozilla/5.0 (compatible; TMMBot/0.2; +http://www.dslab.ch)/Nutch-1.15"
194.209.200.2 - - [18/Jun/2022:08:09:07 +0200] "GET /Texte/GDicht HTTP/1.1" 200 8050 "-" "Mozilla/5.0 (compatible; TMMBot/0.2; +http://www.dslab.ch)/Nutch-1.15"
194.209.200.2 - - [18/Jun/2022:08:09:45 +0200] "GET /Texte/Metamorphoses HTTP/1.1" 200 9045 "-" "Mozilla/5.0 (compatible; TMMBot/0.2; +http://www.dslab.ch)/Nutch-1.15"
194.209.200.2 - - [18/Jun/2022:08:11:40 +0200] "GET /Admin/Pro-ZurituutschStatuten HTTP/1.1" 200 9580 "-" "Mozilla/5.0 (compatible; TMMBot/0.2; +http://www.dslab.ch)/Nutch-1.15"
194.209.200.2 - - [18/Jun/2022:08:11:44 +0200] "GET / HTTP/1.1" 200 14638 "-" "Mozilla/5.0 (compatible; TMMBot/0.2; +http://www.dslab.ch)/Nutch-1.15"
194.209.200.2 - - [18/Jun/2022:08:12:05 +0200] "GET /Admin/ZurStiftung HTTP/1.1" 200 10864 "-" "Mozilla/5.0 (compatible; TMMBot/0.2; +http://www.dslab.ch)/Nutch-1.15"
194.209.200.2 - - [18/Jun/2022:08:12:28 +0200] "GET /Texte/Bitterbeuhsi HTTP/1.1" 200 9255 "-" "Mozilla/5.0 (compatible; TMMBot/0.2; +http://www.dslab.ch)/Nutch-1.15"
194.209.200.2 - - [18/Jun/2022:08:12:38 +0200] "GET /Gast/Podcast HTTP/1.1" 200 8106 "-" "Mozilla/5.0 (compatible; TMMBot/0.2; +http://www.dslab.ch)/Nutch-1.15"
114.119.141.215 - - [18/Jun/2022:08:17:05 +0200] "GET /PmWikiVi/XLPage?action=upload HTTP/1.1" 403 18 "http://www.pro-zurituutsch.ch/PmWikiVi/XLPage" "Mozilla/5.0 (Linux; Android 7.0;) AppleWebKit/537.36 (KHTML, like Gecko) Mobile Safari/537.36 (compatible; PetalBot;+https://webmaster.petalsearch.com/site/petalbot)"
185.191.171.26 - - [18/Jun/2022:08:20:57 +0200] "GET /Gast/Podcast?action=print HTTP/1.1" 403 18 "-" "Mozilla/5.0 (compatible; SemrushBot/7~bl; +http://www.semrush.com/bot.html)"
185.191.171.45 - - [18/Jun/2022:08:21:31 +0200] "GET /PmWikiDe/PageHistory?action=edit HTTP/1.1" 403 18 "-" "Mozilla/5.0 (compatible; SemrushBot/7~bl; +http://www.semrush.com/bot.html)"
89.247.174.154 - - [18/Jun/2022:08:21:53 +0200] "GET /PodCast/IndexPage?action=rss HTTP/1.1" 200 6298 "-" "Podcasts/1650.20 CFNetwork/1333.0.4 Darwin/21.5.0"
3.219.254.95 - - [18/Jun/2022:08:33:18 +0200] "GET /PodCast/IndexPage?action=rss HTTP/1.1" 200 6298 "-" "PocketCasts/1.0 (Pocket Casts Feed Parser; +http://pocketcasts.com/)"
194.209.200.2 - - [18/Jun/2022:08:40:50 +0200] "GET /robots.txt HTTP/1.1" 200 - "-" "Mozilla/5.0 (compatible; TMMBot/0.2; +http://www.dslab.ch)/Nutch-1.15"
194.209.200.2 - - [18/Jun/2022:08:40:50 +0200] "GET /Texte/GDicht HTTP/1.1" 200 8050 "-" "Mozilla/5.0 (compatible; TMMBot/0.2; +http://www.dslab.ch)/Nutch-1.15"
66.249.76.193 - - [18/Jun/2022:08:41:03 +0200] "GET /PodCast/IndexPage?action=rss HTTP/1.1" 200 6298 "-" "Mozilla/5.0 (compatible; Googlebot/2.1; +http://www.google.com/bot.html)"
194.209.200.2 - - [18/Jun/2022:08:41:26 +0200] "GET /Texte/Metamorphoses HTTP/1.1" 200 9045 "-" "Mozilla/5.0 (compatible; TMMBot/0.2; +http://www.dslab.ch)/Nutch-1.15"
194.209.200.2 - - [18/Jun/2022:08:42:53 +0200] "GET /Main/Home HTTP/1.1" 200 14638 "-" "Mozilla/5.0 (compatible; TMMBot/0.2; +http://www.dslab.ch)/Nutch-1.15"
194.209.200.2 - - [18/Jun/2022:08:43:11 +0200] "GET /Admin/Pro-ZurituutschStatuten HTTP/1.1" 200 9580 "-" "Mozilla/5.0 (compatible; TMMBot/0.2; +http://www.dslab.ch)/Nutch-1.15"
194.209.200.2 - - [18/Jun/2022:08:43:15 +0200] "GET / HTTP/1.1" 200 14638 "-" "Mozilla/5.0 (compatible; TMMBot/0.2; +http://www.dslab.ch)/Nutch-1.15"
194.209.200.2 - - [18/Jun/2022:08:43:34 +0200] "GET /Admin/ZurStiftung HTTP/1.1" 200 10864 "-" "Mozilla/5.0 (compatible; TMMBot/0.2; +http://www.dslab.ch)/Nutch-1.15"
194.209.200.2 - - [18/Jun/2022:08:43:56 +0200] "GET /Texte/Bitterbeuhsi HTTP/1.1" 200 9255 "-" "Mozilla/5.0 (compatible; TMMBot/0.2; +http://www.dslab.ch)/Nutch-1.15"
194.209.200.2 - - [18/Jun/2022:08:44:06 +0200] "GET /Gast/Podcast HTTP/1.1" 200 8106 "-" "Mozilla/5.0 (compatible; TMMBot/0.2; +http://www.dslab.ch)/Nutch-1.15"
157.55.39.124 - - [18/Jun/2022:08:57:38 +0200] "GET /PodCast/Bankett HTTP/1.1" 200 9109 "-" "Mozilla/5.0 (compatible; bingbot/2.0; +http://www.bing.com/bingbot.htm)"
114.119.141.118 - - [18/Jun/2022:08:58:40 +0200] "GET /PmWikiFr/PageVariables?action=diff HTTP/1.1" 403 18 "http://www.pro-zurituutsch.ch/PmWikiFr/PageVariables" "Mozilla/5.0 (Linux; Android 7.0;) AppleWebKit/537.36 (KHTML, like Gecko) Mobile Safari/537.36 (compatible; PetalBot;+https://webmaster.petalsearch.com/site/petalbot)"
194.209.200.2 - - [18/Jun/2022:09:09:51 +0200] "GET /robots.txt HTTP/1.1" 200 - "-" "Mozilla/5.0 (compatible; TMMBot/0.2; +http://www.dslab.ch)/Nutch-1.15"
194.209.200.2 - - [18/Jun/2022:09:09:51 +0200] "GET /Texte/GDicht HTTP/1.1" 200 8050 "-" "Mozilla/5.0 (compatible; TMMBot/0.2; +http://www.dslab.ch)/Nutch-1.15"
194.209.200.2 - - [18/Jun/2022:09:10:30 +0200] "GET /Texte/Metamorphoses HTTP/1.1" 200 9045 "-" "Mozilla/5.0 (compatible; TMMBot/0.2; +http://www.dslab.ch)/Nutch-1.15"
