154.54.249.202 - - [29/Jan/2022:21:28:18 +0100] "GET /SiteAdmin/AuthUser?action=print HTTP/1.1" 200 2741 "-" "Mozilla/5.0 (compatible; Barkrowler/0.9; +https://babbar.tech/crawler)"
154.54.249.202 - - [29/Jan/2022:21:28:33 +0100] "GET /SiteAdmin/AuthUser?action=edit HTTP/1.1" 200 8666 "-" "Mozilla/5.0 (compatible; Barkrowler/0.9; +https://babbar.tech/crawler)"
154.54.249.202 - - [29/Jan/2022:21:28:48 +0100] "GET /SiteAdmin/AuthUser?action=upload HTTP/1.1" 200 8566 "-" "Mozilla/5.0 (compatible; Barkrowler/0.9; +https://babbar.tech/crawler)"
154.54.249.202 - - [29/Jan/2022:21:29:04 +0100] "GET /SiteAdmin/AuthList?action=diff HTTP/1.1" 200 9310 "-" "Mozilla/5.0 (compatible; Barkrowler/0.9; +https://babbar.tech/crawler)"
154.54.249.202 - - [29/Jan/2022:21:29:19 +0100] "GET /SiteAdmin/AuthList?action=upload HTTP/1.1" 200 8566 "-" "Mozilla/5.0 (compatible; Barkrowler/0.9; +https://babbar.tech/crawler)"
154.54.249.202 - - [29/Jan/2022:21:29:34 +0100] "GET /SiteAdmin/AuthList?action=print HTTP/1.1" 200 2741 "-" "Mozilla/5.0 (compatible; Barkrowler/0.9; +https://babbar.tech/crawler)"
154.54.249.202 - - [29/Jan/2022:21:29:49 +0100] "GET /Podcast/Styluebige?action=edit HTTP/1.1" 200 8663 "-" "Mozilla/5.0 (compatible; Barkrowler/0.9; +https://babbar.tech/crawler)"
154.54.249.202 - - [29/Jan/2022:21:30:04 +0100] "GET /Podcast/Styluebige?action=diff HTTP/1.1" 200 9784 "-" "Mozilla/5.0 (compatible; Barkrowler/0.9; +https://babbar.tech/crawler)"
114.119.146.107 - - [29/Jan/2022:21:30:16 +0100] "GET /PmWikiRu/PageLists?action=print HTTP/1.1" 403 18 "-" "Mozilla/5.0 (Linux; Android 7.0;) AppleWebKit/537.36 (KHTML, like Gecko) Mobile Safari/537.36 (compatible; PetalBot;+https://webmaster.petalsearch.com/site/petalbot)"
154.54.249.202 - - [29/Jan/2022:21:30:19 +0100] "GET /Podcast/Styluebige?action=upload HTTP/1.1" 200 8563 "-" "Mozilla/5.0 (compatible; Barkrowler/0.9; +https://babbar.tech/crawler)"
154.54.249.202 - - [29/Jan/2022:21:30:35 +0100] "GET /Podcast/Styluebige?action=print HTTP/1.1" 200 2443 "-" "Mozilla/5.0 (compatible; Barkrowler/0.9; +https://babbar.tech/crawler)"
154.54.249.202 - - [29/Jan/2022:21:30:50 +0100] "GET /PodCast/Eereroueff HTTP/1.1" 200 18747 "-" "Mozilla/5.0 (compatible; Barkrowler/0.9; +https://babbar.tech/crawler)"
194.209.200.2 - - [29/Jan/2022:21:30:59 +0100] "GET /Texte/ArsAmatoria HTTP/1.1" 200 12369 "-" "Mozilla/5.0 (compatible; TMMBot/0.2; +http://www.dslab.ch)/Nutch-1.15"
154.54.249.202 - - [29/Jan/2022:21:31:05 +0100] "GET /PodCast/Erdegluck HTTP/1.1" 200 16727 "-" "Mozilla/5.0 (compatible; Barkrowler/0.9; +https://babbar.tech/crawler)"
194.209.200.2 - - [29/Jan/2022:21:31:13 +0100] "GET /Texte/GDicht HTTP/1.1" 200 8050 "-" "Mozilla/5.0 (compatible; TMMBot/0.2; +http://www.dslab.ch)/Nutch-1.15"
154.54.249.202 - - [29/Jan/2022:21:31:20 +0100] "GET /PodCast/Zugle?action=print HTTP/1.1" 200 13359 "-" "Mozilla/5.0 (compatible; Barkrowler/0.9; +https://babbar.tech/crawler)"
154.54.249.202 - - [29/Jan/2022:21:31:35 +0100] "GET /PodCast/Zugle?action=edit HTTP/1.1" 200 8594 "-" "Mozilla/5.0 (compatible; Barkrowler/0.9; +https://babbar.tech/crawler)"
194.209.200.2 - - [29/Jan/2022:21:31:39 +0100] "GET /Texte/Styluebige HTTP/1.1" 200 9998 "-" "Mozilla/5.0 (compatible; TMMBot/0.2; +http://www.dslab.ch)/Nutch-1.15"
194.209.200.2 - - [29/Jan/2022:21:31:40 +0100] "GET /Admin/Links HTTP/1.1" 200 14193 "-" "Mozilla/5.0 (compatible; TMMBot/0.2; +http://www.dslab.ch)/Nutch-1.15"
194.209.200.2 - - [29/Jan/2022:21:31:48 +0100] "GET /Texte/Metamorphoses HTTP/1.1" 200 9045 "-" "Mozilla/5.0 (compatible; TMMBot/0.2; +http://www.dslab.ch)/Nutch-1.15"
154.54.249.202 - - [29/Jan/2022:21:31:50 +0100] "GET /PodCast/Zugle?action=upload HTTP/1.1" 200 8494 "-" "Mozilla/5.0 (compatible; Barkrowler/0.9; +https://babbar.tech/crawler)"
154.54.249.202 - - [29/Jan/2022:21:32:05 +0100] "GET /PodCast/BBi?action=edit HTTP/1.1" 200 8568 "-" "Mozilla/5.0 (compatible; Barkrowler/0.9; +https://babbar.tech/crawler)"
154.54.249.202 - - [29/Jan/2022:21:32:20 +0100] "GET /PodCast/BBi?action=print HTTP/1.1" 404 2376 "-" "Mozilla/5.0 (compatible; Barkrowler/0.9; +https://babbar.tech/crawler)"
154.54.249.202 - - [29/Jan/2022:21:32:35 +0100] "GET /PodCast/BBi?action=upload HTTP/1.1" 200 8468 "-" "Mozilla/5.0 (compatible; Barkrowler/0.9; +https://babbar.tech/crawler)"
194.209.200.2 - - [29/Jan/2022:21:32:46 +0100] "GET /Texte/Gloosse HTTP/1.1" 200 8061 "-" "Mozilla/5.0 (compatible; TMMBot/0.2; +http://www.dslab.ch)/Nutch-1.15"
154.54.249.202 - - [29/Jan/2022:21:32:50 +0100] "GET /PodCast/SeuLisprint HTTP/1.1" 404 8244 "-" "Mozilla/5.0 (compatible; Barkrowler/0.9; +https://babbar.tech/crawler)"
154.54.249.202 - - [29/Jan/2022:21:33:06 +0100] "GET /PodCast/RUR01?action=edit HTTP/1.1" 200 8596 "-" "Mozilla/5.0 (compatible; Barkrowler/0.9; +https://babbar.tech/crawler)"
154.54.249.202 - - [29/Jan/2022:21:33:21 +0100] "GET /PodCast/Eenlichkait HTTP/1.1" 200 12529 "-" "Mozilla/5.0 (compatible; Barkrowler/0.9; +https://babbar.tech/crawler)"
154.54.249.202 - - [29/Jan/2022:21:33:36 +0100] "GET /PodCast/Prometheus?action=edit HTTP/1.1" 200 8664 "-" "Mozilla/5.0 (compatible; Barkrowler/0.9; +https://babbar.tech/crawler)"
154.54.249.202 - - [29/Jan/2022:21:33:51 +0100] "GET /PodCast/Prometheus?action=upload HTTP/1.1" 200 8564 "-" "Mozilla/5.0 (compatible; Barkrowler/0.9; +https://babbar.tech/crawler)"
194.209.200.2 - - [29/Jan/2022:21:34:00 +0100] "GET /Admin/ZurStiftung HTTP/1.1" 200 10864 "-" "Mozilla/5.0 (compatible; TMMBot/0.2; +http://www.dslab.ch)/Nutch-1.15"
154.54.249.202 - - [29/Jan/2022:21:34:06 +0100] "GET /PodCast/Prometheus?action=print HTTP/1.1" 200 6697 "-" "Mozilla/5.0 (compatible; Barkrowler/0.9; +https://babbar.tech/crawler)"
154.54.249.202 - - [29/Jan/2022:21:34:21 +0100] "GET /PodCast/Prometheus?action=diff HTTP/1.1" 200 18382 "-" "Mozilla/5.0 (compatible; Barkrowler/0.9; +https://babbar.tech/crawler)"
154.54.249.202 - - [29/Jan/2022:21:34:36 +0100] "GET /PodCast/Propagandakraty HTTP/1.1" 200 8192 "-" "Mozilla/5.0 (compatible; Barkrowler/0.9; +https://babbar.tech/crawler)"
154.54.249.202 - - [29/Jan/2022:21:34:51 +0100] "GET /PodCast/Bankett?action=edit HTTP/1.1" 200 8622 "-" "Mozilla/5.0 (compatible; Barkrowler/0.9; +https://babbar.tech/crawler)"
154.54.249.202 - - [29/Jan/2022:21:35:06 +0100] "GET /PodCast/Bankett?action=diff HTTP/1.1" 200 29029 "-" "Mozilla/5.0 (compatible; Barkrowler/0.9; +https://babbar.tech/crawler)"
194.209.200.2 - - [29/Jan/2022:21:35:07 +0100] "GET /Hilfe/AnleitungTonbeispiele HTTP/1.1" 200 9878 "-" "Mozilla/5.0 (compatible; TMMBot/0.2; +http://www.dslab.ch)/Nutch-1.15"
154.54.249.202 - - [29/Jan/2022:21:35:22 +0100] "GET /PodCast/Bankett?action=upload HTTP/1.1" 200 8522 "-" "Mozilla/5.0 (compatible; Barkrowler/0.9; +https://babbar.tech/crawler)"
154.54.249.202 - - [29/Jan/2022:21:35:37 +0100] "GET /PodCast/Bankett?action=print HTTP/1.1" 200 3316 "-" "Mozilla/5.0 (compatible; Barkrowler/0.9; +https://babbar.tech/crawler)"
154.54.249.202 - - [29/Jan/2022:21:35:52 +0100] "GET /PodCast/DreiChunge HTTP/1.1" 200 10224 "-" "Mozilla/5.0 (compatible; Barkrowler/0.9; +https://babbar.tech/crawler)"
154.54.249.202 - - [29/Jan/2022:21:36:07 +0100] "GET /PodCast/Patriarch?action=edit HTTP/1.1" 200 8650 "-" "Mozilla/5.0 (compatible; Barkrowler/0.9; +https://babbar.tech/crawler)"
154.54.249.202 - - [29/Jan/2022:21:36:22 +0100] "GET /PodCast/Patriarch?action=upload HTTP/1.1" 200 8550 "-" "Mozilla/5.0 (compatible; Barkrowler/0.9; +https://babbar.tech/crawler)"
154.54.249.202 - - [29/Jan/2022:21:36:37 +0100] "GET /PodCast/Patriarch?action=diff HTTP/1.1" 200 28846 "-" "Mozilla/5.0 (compatible; Barkrowler/0.9; +https://babbar.tech/crawler)"
154.54.249.202 - - [29/Jan/2022:21:36:52 +0100] "GET /PodCast/Patriarch?action=print HTTP/1.1" 200 13316 "-" "Mozilla/5.0 (compatible; Barkrowler/0.9; +https://babbar.tech/crawler)"
154.54.249.202 - - [29/Jan/2022:21:37:07 +0100] "GET /PodCast/Goliat?action=edit HTTP/1.1" 200 8608 "-" "Mozilla/5.0 (compatible; Barkrowler/0.9; +https://babbar.tech/crawler)"
154.54.249.202 - - [29/Jan/2022:21:37:23 +0100] "GET /PodCast/Goliat?action=upload HTTP/1.1" 200 8508 "-" "Mozilla/5.0 (compatible; Barkrowler/0.9; +https://babbar.tech/crawler)"
154.54.249.202 - - [29/Jan/2022:21:37:38 +0100] "GET /PodCast/Goliat?action=print HTTP/1.1" 200 2295 "-" "Mozilla/5.0 (compatible; Barkrowler/0.9; +https://babbar.tech/crawler)"
154.54.249.202 - - [29/Jan/2022:21:37:53 +0100] "GET /PodCast/Goliat?action=diff HTTP/1.1" 200 17965 "-" "Mozilla/5.0 (compatible; Barkrowler/0.9; +https://babbar.tech/crawler)"
185.191.171.9 - - [29/Jan/2022:21:37:53 +0100] "GET /robots.txt HTTP/1.1" 200 - "-" "Mozilla/5.0 (compatible; SemrushBot/7~bl; +http://www.semrush.com/bot.html)"
185.191.171.40 - - [29/Jan/2022:21:37:54 +0100] "GET /PmWikiHu/PmWikiHu HTTP/1.1" 200 10647 "-" "Mozilla/5.0 (compatible; SemrushBot/7~bl; +http://www.semrush.com/bot.html)"
154.54.249.202 - - [29/Jan/2022:21:38:08 +0100] "GET /PodCast/Site200Quellen HTTP/1.1" 404 8288 "-" "Mozilla/5.0 (compatible; Barkrowler/0.9; +https://babbar.tech/crawler)"
154.54.249.202 - - [29/Jan/2022:21:38:23 +0100] "GET /PodCast/Stuurchrieg HTTP/1.1" 200 12261 "-" "Mozilla/5.0 (compatible; Barkrowler/0.9; +https://babbar.tech/crawler)"
154.54.249.202 - - [29/Jan/2022:21:38:38 +0100] "GET /PodCast/Sterbe?action=edit HTTP/1.1" 200 8608 "-" "Mozilla/5.0 (compatible; Barkrowler/0.9; +https://babbar.tech/crawler)"
154.54.249.202 - - [29/Jan/2022:21:38:53 +0100] "GET /PodCast/Sterbe?action=upload HTTP/1.1" 200 8508 "-" "Mozilla/5.0 (compatible; Barkrowler/0.9; +https://babbar.tech/crawler)"
154.54.249.202 - - [29/Jan/2022:21:39:08 +0100] "GET /PodCast/Sterbe?action=diff HTTP/1.1" 200 11255 "-" "Mozilla/5.0 (compatible; Barkrowler/0.9; +https://babbar.tech/crawler)"
154.54.249.202 - - [29/Jan/2022:21:39:24 +0100] "GET /PodCast/Sterbe?action=print HTTP/1.1" 200 2523 "-" "Mozilla/5.0 (compatible; Barkrowler/0.9; +https://babbar.tech/crawler)"
154.54.249.202 - - [29/Jan/2022:21:39:39 +0100] "GET /PodCast/PodCast?action=print HTTP/1.1" 200 31455 "-" "Mozilla/5.0 (compatible; Barkrowler/0.9; +https://babbar.tech/crawler)"
154.54.249.202 - - [29/Jan/2022:21:39:54 +0100] "GET /PodCast/PodCast?action=edit HTTP/1.1" 200 8624 "-" "Mozilla/5.0 (compatible; Barkrowler/0.9; +https://babbar.tech/crawler)"
66.249.76.222 - - [29/Jan/2022:21:40:05 +0100] "GET /PodCast/IndexPage?action=rss HTTP/1.1" 200 6298 "-" "Mozilla/5.0 (compatible; Googlebot/2.1; +http://www.google.com/bot.html)"
154.54.249.202 - - [29/Jan/2022:21:40:09 +0100] "GET /PodCast/PodCast?action=upload HTTP/1.1" 200 8524 "-" "Mozilla/5.0 (compatible; Barkrowler/0.9; +https://babbar.tech/crawler)"
154.54.249.202 - - [29/Jan/2022:21:40:24 +0100] "GET /PodCast/Stolz?action=print HTTP/1.1" 200 2292 "-" "Mozilla/5.0 (compatible; Barkrowler/0.9; +https://babbar.tech/crawler)"
154.54.249.202 - - [29/Jan/2022:21:40:39 +0100] "GET /PodCast/Stolz?action=edit HTTP/1.1" 200 8594 "-" "Mozilla/5.0 (compatible; Barkrowler/0.9; +https://babbar.tech/crawler)"
154.54.249.202 - - [29/Jan/2022:21:40:54 +0100] "GET /PodCast/Maassestaab HTTP/1.1" 200 15762 "-" "Mozilla/5.0 (compatible; Barkrowler/0.9; +https://babbar.tech/crawler)"
154.54.249.202 - - [29/Jan/2022:21:41:10 +0100] "GET /PodCast/Missbrouhch HTTP/1.1" 200 15166 "-" "Mozilla/5.0 (compatible; Barkrowler/0.9; +https://babbar.tech/crawler)"
154.54.249.202 - - [29/Jan/2022:21:41:25 +0100] "GET /PodCast/Konzyl?action=edit HTTP/1.1" 200 8608 "-" "Mozilla/5.0 (compatible; Barkrowler/0.9; +https://babbar.tech/crawler)"
154.54.249.202 - - [29/Jan/2022:21:41:40 +0100] "GET /PodCast/Konzyl?action=upload HTTP/1.1" 200 8508 "-" "Mozilla/5.0 (compatible; Barkrowler/0.9; +https://babbar.tech/crawler)"
154.54.249.202 - - [29/Jan/2022:21:41:55 +0100] "GET /PodCast/Konzyl?action=print HTTP/1.1" 200 2524 "-" "Mozilla/5.0 (compatible; Barkrowler/0.9; +https://babbar.tech/crawler)"
154.54.249.202 - - [29/Jan/2022:21:42:10 +0100] "GET /PodCast/Konzyl?action=diff HTTP/1.1" 200 11232 "-" "Mozilla/5.0 (compatible; Barkrowler/0.9; +https://babbar.tech/crawler)"
154.54.249.202 - - [29/Jan/2022:21:42:25 +0100] "GET /PodCast/Buecherbrand?action=diff HTTP/1.1" 200 35411 "-" "Mozilla/5.0 (compatible; Barkrowler/0.9; +https://babbar.tech/crawler)"
154.54.249.202 - - [29/Jan/2022:21:42:40 +0100] "GET /PodCast/Buecherbrand?action=print HTTP/1.1" 200 11037 "-" "Mozilla/5.0 (compatible; Barkrowler/0.9; +https://babbar.tech/crawler)"
154.54.249.202 - - [29/Jan/2022:21:42:55 +0100] "GET /PodCast/Buecherbrand?action=edit HTTP/1.1" 200 8692 "-" "Mozilla/5.0 (compatible; Barkrowler/0.9; +https://babbar.tech/crawler)"
154.54.249.202 - - [29/Jan/2022:21:43:10 +0100] "GET /PodCast/Buecherbrand?action=upload HTTP/1.1" 200 8592 "-" "Mozilla/5.0 (compatible; Barkrowler/0.9; +https://babbar.tech/crawler)"
154.54.249.202 - - [29/Jan/2022:21:43:26 +0100] "GET /PodCast/Povritalia2 HTTP/1.1" 200 14332 "-" "Mozilla/5.0 (compatible; Barkrowler/0.9; +https://babbar.tech/crawler)"
154.54.249.202 - - [29/Jan/2022:21:43:41 +0100] "GET /PodCast/Povritalia1 HTTP/1.1" 200 13515 "-" "Mozilla/5.0 (compatible; Barkrowler/0.9; +https://babbar.tech/crawler)"
154.54.249.202 - - [29/Jan/2022:21:43:56 +0100] "GET /PodCast/Bebi?action=diff HTTP/1.1" 200 9137 "-" "Mozilla/5.0 (compatible; Barkrowler/0.9; +https://babbar.tech/crawler)"
154.54.249.202 - - [29/Jan/2022:21:44:11 +0100] "GET /PodCast/Bebi?action=upload HTTP/1.1" 200 8480 "-" "Mozilla/5.0 (compatible; Barkrowler/0.9; +https://babbar.tech/crawler)"
154.54.249.202 - - [29/Jan/2022:21:44:26 +0100] "GET /PodCast/Parys070115 HTTP/1.1" 200 8683 "-" "Mozilla/5.0 (compatible; Barkrowler/0.9; +https://babbar.tech/crawler)"
154.54.249.202 - - [29/Jan/2022:21:44:41 +0100] "GET /PodCast/Haiweeturgg HTTP/1.1" 200 11503 "-" "Mozilla/5.0 (compatible; Barkrowler/0.9; +https://babbar.tech/crawler)"
154.54.249.202 - - [29/Jan/2022:21:44:57 +0100] "GET /PodCast/Ereuffnig HTTP/1.1" 200 9128 "-" "Mozilla/5.0 (compatible; Barkrowler/0.9; +https://babbar.tech/crawler)"
154.54.249.202 - - [29/Jan/2022:21:45:12 +0100] "GET /PodCast/RezOceanLight HTTP/1.1" 404 8274 "-" "Mozilla/5.0 (compatible; Barkrowler/0.9; +https://babbar.tech/crawler)"
154.54.249.202 - - [29/Jan/2022:21:45:27 +0100] "GET /PodCast/RezPflInt HTTP/1.1" 200 9633 "-" "Mozilla/5.0 (compatible; Barkrowler/0.9; +https://babbar.tech/crawler)"
154.54.249.202 - - [29/Jan/2022:21:45:42 +0100] "GET /PodCast/Rezmebeforeyou HTTP/1.1" 200 10227 "-" "Mozilla/5.0 (compatible; Barkrowler/0.9; +https://babbar.tech/crawler)"
154.54.249.202 - - [29/Jan/2022:21:45:57 +0100] "GET /PodCast/Boundeswaal HTTP/1.1" 200 12917 "-" "Mozilla/5.0 (compatible; Barkrowler/0.9; +https://babbar.tech/crawler)"
154.54.249.202 - - [29/Jan/2022:21:46:12 +0100] "GET /PodCast/SprAllAner HTTP/1.1" 200 8131 "-" "Mozilla/5.0 (compatible; Barkrowler/0.9; +https://babbar.tech/crawler)"
154.54.249.202 - - [29/Jan/2022:21:46:27 +0100] "GET /PodCast/Geutterstourz HTTP/1.1" 200 18353 "-" "Mozilla/5.0 (compatible; Barkrowler/0.9; +https://babbar.tech/crawler)"
154.54.249.202 - - [29/Jan/2022:21:46:42 +0100] "GET /PodCast/ChlyniStadt HTTP/1.1" 404 8244 "-" "Mozilla/5.0 (compatible; Barkrowler/0.9; +https://babbar.tech/crawler)"
154.54.249.202 - - [29/Jan/2022:21:46:57 +0100] "GET /PodCast/Euirokraty HTTP/1.1" 200 15097 "-" "Mozilla/5.0 (compatible; Barkrowler/0.9; +https://babbar.tech/crawler)"
154.54.249.202 - - [29/Jan/2022:21:47:13 +0100] "GET /PodCast/Genesis?action=upload HTTP/1.1" 200 8522 "-" "Mozilla/5.0 (compatible; Barkrowler/0.9; +https://babbar.tech/crawler)"
154.54.249.202 - - [29/Jan/2022:21:47:28 +0100] "GET /PodCast/Genesis?action=print HTTP/1.1" 200 2420 "-" "Mozilla/5.0 (compatible; Barkrowler/0.9; +https://babbar.tech/crawler)"
154.54.249.202 - - [29/Jan/2022:21:47:43 +0100] "GET /PodCast/Genesis?action=edit HTTP/1.1" 200 8622 "-" "Mozilla/5.0 (compatible; Barkrowler/0.9; +https://babbar.tech/crawler)"
154.54.249.202 - - [29/Jan/2022:21:47:58 +0100] "GET /PodCast/Genesis?action=diff HTTP/1.1" 200 9725 "-" "Mozilla/5.0 (compatible; Barkrowler/0.9; +https://babbar.tech/crawler)"
154.54.249.202 - - [29/Jan/2022:21:48:13 +0100] "GET /PodCast/Verlaine?action=edit HTTP/1.1" 200 8636 "-" "Mozilla/5.0 (compatible; Barkrowler/0.9; +https://babbar.tech/crawler)"
154.54.249.202 - - [29/Jan/2022:21:48:28 +0100] "GET /PodCast/Verlaine?action=diff HTTP/1.1" 200 13286 "-" "Mozilla/5.0 (compatible; Barkrowler/0.9; +https://babbar.tech/crawler)"
154.54.249.202 - - [29/Jan/2022:21:48:43 +0100] "GET /PodCast/Verlaine?action=upload HTTP/1.1" 200 8536 "-" "Mozilla/5.0 (compatible; Barkrowler/0.9; +https://babbar.tech/crawler)"
154.54.249.202 - - [29/Jan/2022:21:48:59 +0100] "GET /PodCast/Verlaine?action=print HTTP/1.1" 200 3577 "-" "Mozilla/5.0 (compatible; Barkrowler/0.9; +https://babbar.tech/crawler)"
154.54.249.202 - - [29/Jan/2022:21:49:14 +0100] "GET /PodCast/Amaisehugel HTTP/1.1" 200 10785 "-" "Mozilla/5.0 (compatible; Barkrowler/0.9; +https://babbar.tech/crawler)"
154.54.249.202 - - [29/Jan/2022:21:49:29 +0100] "GET /PodCast/Amor?action=diff HTTP/1.1" 200 17396 "-" "Mozilla/5.0 (compatible; Barkrowler/0.9; +https://babbar.tech/crawler)"
154.54.249.202 - - [29/Jan/2022:21:49:44 +0100] "GET /PodCast/Amor?action=upload HTTP/1.1" 200 8480 "-" "Mozilla/5.0 (compatible; Barkrowler/0.9; +https://babbar.tech/crawler)"
154.54.249.202 - - [29/Jan/2022:21:49:59 +0100] "GET /PodCast/Hafering?action=print HTTP/1.1" 200 8470 "-" "Mozilla/5.0 (compatible; Barkrowler/0.9; +https://babbar.tech/crawler)"
154.54.249.202 - - [29/Jan/2022:21:50:14 +0100] "GET /PodCast/Hafering?action=edit HTTP/1.1" 200 8636 "-" "Mozilla/5.0 (compatible; Barkrowler/0.9; +https://babbar.tech/crawler)"
154.54.249.202 - - [29/Jan/2022:21:50:30 +0100] "GET /PodCast/Hafering?action=upload HTTP/1.1" 200 8536 "-" "Mozilla/5.0 (compatible; Barkrowler/0.9; +https://babbar.tech/crawler)"
154.54.249.202 - - [29/Jan/2022:21:50:45 +0100] "GET /PodCast/Doping?action=upload HTTP/1.1" 200 8508 "-" "Mozilla/5.0 (compatible; Barkrowler/0.9; +https://babbar.tech/crawler)"
154.54.249.202 - - [29/Jan/2022:21:51:00 +0100] "GET /PodCast/Doping?action=print HTTP/1.1" 200 2295 "-" "Mozilla/5.0 (compatible; Barkrowler/0.9; +https://babbar.tech/crawler)"
154.54.249.202 - - [29/Jan/2022:21:51:15 +0100] "GET /PodCast/Doping?action=edit HTTP/1.1" 200 8608 "-" "Mozilla/5.0 (compatible; Barkrowler/0.9; +https://babbar.tech/crawler)"
154.54.249.202 - - [29/Jan/2022:21:51:30 +0100] "GET /PodCast/Resoultat?action=print HTTP/1.1" 200 5506 "-" "Mozilla/5.0 (compatible; Barkrowler/0.9; +https://babbar.tech/crawler)"
154.54.249.202 - - [29/Jan/2022:21:51:45 +0100] "GET /PodCast/Resoultat?action=edit HTTP/1.1" 200 8650 "-" "Mozilla/5.0 (compatible; Barkrowler/0.9; +https://babbar.tech/crawler)"
154.54.249.202 - - [29/Jan/2022:21:52:01 +0100] "GET /PodCast/IndexPage?action=diff HTTP/1.1" 200 192630 "-" "Mozilla/5.0 (compatible; Barkrowler/0.9; +https://babbar.tech/crawler)"
154.54.249.202 - - [29/Jan/2022:21:52:16 +0100] "GET /PodCast/IndexPage?action=upload HTTP/1.1" 200 8552 "-" "Mozilla/5.0 (compatible; Barkrowler/0.9; +https://babbar.tech/crawler)"
154.54.249.202 - - [29/Jan/2022:21:52:31 +0100] "GET /PodCast/RootiLinje HTTP/1.1" 200 12935 "-" "Mozilla/5.0 (compatible; Barkrowler/0.9; +https://babbar.tech/crawler)"
154.54.249.202 - - [29/Jan/2022:21:52:46 +0100] "GET /PodCast/Metamorfoose HTTP/1.1" 200 9584 "-" "Mozilla/5.0 (compatible; Barkrowler/0.9; +https://babbar.tech/crawler)"
154.54.249.202 - - [29/Jan/2022:21:53:01 +0100] "GET /PodCast/Quaalewaal HTTP/1.1" 200 8939 "-" "Mozilla/5.0 (compatible; Barkrowler/0.9; +https://babbar.tech/crawler)"
154.54.249.202 - - [29/Jan/2022:21:53:16 +0100] "GET /PodCast/Apsourdistan2 HTTP/1.1" 200 10988 "-" "Mozilla/5.0 (compatible; Barkrowler/0.9; +https://babbar.tech/crawler)"
154.54.249.202 - - [29/Jan/2022:21:53:31 +0100] "GET /PodCast/Maitli?action=print HTTP/1.1" 200 3961 "-" "Mozilla/5.0 (compatible; Barkrowler/0.9; +https://babbar.tech/crawler)"
154.54.249.202 - - [29/Jan/2022:21:53:46 +0100] "GET /PodCast/Maitli?action=edit HTTP/1.1" 200 8608 "-" "Mozilla/5.0 (compatible; Barkrowler/0.9; +https://babbar.tech/crawler)"
154.54.249.202 - - [29/Jan/2022:21:54:01 +0100] "GET /PodCast/Maitli?action=upload HTTP/1.1" 200 8508 "-" "Mozilla/5.0 (compatible; Barkrowler/0.9; +https://babbar.tech/crawler)"
154.54.249.202 - - [29/Jan/2022:21:54:17 +0100] "GET /PodCast/Bombe?action=upload HTTP/1.1" 200 8494 "-" "Mozilla/5.0 (compatible; Barkrowler/0.9; +https://babbar.tech/crawler)"
154.54.249.202 - - [29/Jan/2022:21:54:32 +0100] "GET /PodCast/Bombe?action=print HTTP/1.1" 200 2889 "-" "Mozilla/5.0 (compatible; Barkrowler/0.9; +https://babbar.tech/crawler)"
154.54.249.202 - - [29/Jan/2022:21:54:47 +0100] "GET /PodCast/Bombe?action=edit HTTP/1.1" 200 8594 "-" "Mozilla/5.0 (compatible; Barkrowler/0.9; +https://babbar.tech/crawler)"
154.54.249.202 - - [29/Jan/2022:21:55:02 +0100] "GET /PodCast/Bombe?action=diff HTTP/1.1" 200 12303 "-" "Mozilla/5.0 (compatible; Barkrowler/0.9; +https://babbar.tech/crawler)"
154.54.249.202 - - [29/Jan/2022:21:55:17 +0100] "GET /PodCast/Scheffwachsel HTTP/1.1" 200 12557 "-" "Mozilla/5.0 (compatible; Barkrowler/0.9; +https://babbar.tech/crawler)"
154.54.249.202 - - [29/Jan/2022:21:55:33 +0100] "GET /PodCast/Limerick31 HTTP/1.1" 200 8584 "-" "Mozilla/5.0 (compatible; Barkrowler/0.9; +https://babbar.tech/crawler)"
154.54.249.202 - - [29/Jan/2022:21:55:48 +0100] "GET /PodCast/Limerick67 HTTP/1.1" 200 8274 "-" "Mozilla/5.0 (compatible; Barkrowler/0.9; +https://babbar.tech/crawler)"
154.54.249.202 - - [29/Jan/2022:21:56:03 +0100] "GET /PodCast/Limerick28 HTTP/1.1" 404 8230 "-" "Mozilla/5.0 (compatible; Barkrowler/0.9; +https://babbar.tech/crawler)"
154.54.249.202 - - [29/Jan/2022:21:56:18 +0100] "GET /PodCast/Limerick32 HTTP/1.1" 200 8883 "-" "Mozilla/5.0 (compatible; Barkrowler/0.9; +https://babbar.tech/crawler)"
154.54.249.202 - - [29/Jan/2022:21:56:33 +0100] "GET /PodCast/Limerick35 HTTP/1.1" 200 8268 "-" "Mozilla/5.0 (compatible; Barkrowler/0.9; +https://babbar.tech/crawler)"
154.54.249.202 - - [29/Jan/2022:21:56:48 +0100] "GET /PodCast/Limerick27 HTTP/1.1" 200 8704 "-" "Mozilla/5.0 (compatible; Barkrowler/0.9; +https://babbar.tech/crawler)"
154.54.249.202 - - [29/Jan/2022:21:57:03 +0100] "GET /PodCast/Limerick30 HTTP/1.1" 200 8709 "-" "Mozilla/5.0 (compatible; Barkrowler/0.9; +https://babbar.tech/crawler)"
114.119.141.116 - - [29/Jan/2022:21:57:06 +0100] "GET /PmWikiFr/PageVariables?action=print HTTP/1.1" 403 18 "-" "Mozilla/5.0 (Linux; Android 7.0;) AppleWebKit/537.36 (KHTML, like Gecko) Mobile Safari/537.36 (compatible; PetalBot;+https://webmaster.petalsearch.com/site/petalbot)"
154.54.249.202 - - [29/Jan/2022:21:57:18 +0100] "GET /PodCast/Limerick36 HTTP/1.1" 200 8268 "-" "Mozilla/5.0 (compatible; Barkrowler/0.9; +https://babbar.tech/crawler)"
194.209.200.2 - - [29/Jan/2022:21:57:31 +0100] "GET /robots.txt HTTP/1.1" 200 - "-" "Mozilla/5.0 (compatible; TMMBot/0.2; +http://www.dslab.ch)/Nutch-1.15"
194.209.200.2 - - [29/Jan/2022:21:57:31 +0100] "GET /Texte/Rezension HTTP/1.1" 200 11812 "-" "Mozilla/5.0 (compatible; TMMBot/0.2; +http://www.dslab.ch)/Nutch-1.15"
154.54.249.202 - - [29/Jan/2022:21:57:33 +0100] "GET /PodCast/Limerick33 HTTP/1.1" 200 8889 "-" "Mozilla/5.0 (compatible; Barkrowler/0.9; +https://babbar.tech/crawler)"
154.54.249.202 - - [29/Jan/2022:21:57:48 +0100] "GET /PodCast/Limerick34 HTTP/1.1" 200 8268 "-" "Mozilla/5.0 (compatible; Barkrowler/0.9; +https://babbar.tech/crawler)"
154.54.249.202 - - [29/Jan/2022:21:58:04 +0100] "GET /PodCast/Limerick29 HTTP/1.1" 200 8812 "-" "Mozilla/5.0 (compatible; Barkrowler/0.9; +https://babbar.tech/crawler)"
154.54.249.202 - - [29/Jan/2022:21:58:19 +0100] "GET /PodCast/Limerick911 HTTP/1.1" 200 9383 "-" "Mozilla/5.0 (compatible; Barkrowler/0.9; +https://babbar.tech/crawler)"
154.54.249.202 - - [29/Jan/2022:21:58:34 +0100] "GET /PodCast/Limerick345 HTTP/1.1" 200 9207 "-" "Mozilla/5.0 (compatible; Barkrowler/0.9; +https://babbar.tech/crawler)"
154.54.249.202 - - [29/Jan/2022:21:58:49 +0100] "GET /PodCast/Limerick678 HTTP/1.1" 200 9112 "-" "Mozilla/5.0 (compatible; Barkrowler/0.9; +https://babbar.tech/crawler)"
154.54.249.202 - - [29/Jan/2022:21:59:05 +0100] "GET /PodCast/Antyki?action=edit HTTP/1.1" 200 8608 "-" "Mozilla/5.0 (compatible; Barkrowler/0.9; +https://babbar.tech/crawler)"
154.54.249.202 - - [29/Jan/2022:21:59:20 +0100] "GET /PodCast/Antyki?action=upload HTTP/1.1" 200 8508 "-" "Mozilla/5.0 (compatible; Barkrowler/0.9; +https://babbar.tech/crawler)"
194.209.200.2 - - [29/Jan/2022:21:59:24 +0100] "GET /Admin/Jahresbericht HTTP/1.1" 200 45530 "-" "Mozilla/5.0 (compatible; TMMBot/0.2; +http://www.dslab.ch)/Nutch-1.15"
154.54.249.202 - - [29/Jan/2022:21:59:35 +0100] "GET /PodCast/Antyki?action=diff HTTP/1.1" 200 11249 "-" "Mozilla/5.0 (compatible; Barkrowler/0.9; +https://babbar.tech/crawler)"
194.209.200.2 - - [29/Jan/2022:21:59:46 +0100] "GET /Texte/Schrybwys HTTP/1.1" 200 11028 "-" "Mozilla/5.0 (compatible; TMMBot/0.2; +http://www.dslab.ch)/Nutch-1.15"
154.54.249.202 - - [29/Jan/2022:21:59:50 +0100] "GET /PodCast/Antyki?action=print HTTP/1.1" 200 2523 "-" "Mozilla/5.0 (compatible; Barkrowler/0.9; +https://babbar.tech/crawler)"
154.54.249.202 - - [29/Jan/2022:22:00:05 +0100] "GET /PodCast/Raffyni02 HTTP/1.1" 200 24222 "-" "Mozilla/5.0 (compatible; Barkrowler/0.9; +https://babbar.tech/crawler)"
154.54.249.202 - - [29/Jan/2022:22:00:20 +0100] "GET /PodCast/Liebhaber2 HTTP/1.1" 200 9886 "-" "Mozilla/5.0 (compatible; Barkrowler/0.9; +https://babbar.tech/crawler)"
194.209.200.2 - - [29/Jan/2022:22:00:34 +0100] "GET /Texte/ArsAmatoria HTTP/1.1" 200 12369 "-" "Mozilla/5.0 (compatible; TMMBot/0.2; +http://www.dslab.ch)/Nutch-1.15"
154.54.249.202 - - [29/Jan/2022:22:00:35 +0100] "GET /PodCast/Liebhaber1 HTTP/1.1" 200 9854 "-" "Mozilla/5.0 (compatible; Barkrowler/0.9; +https://babbar.tech/crawler)"
194.209.200.2 - - [29/Jan/2022:22:00:47 +0100] "GET /Texte/GDicht HTTP/1.1" 200 8050 "-" "Mozilla/5.0 (compatible; TMMBot/0.2; +http://www.dslab.ch)/Nutch-1.15"
154.54.249.202 - - [29/Jan/2022:22:00:51 +0100] "GET /PodCast/Falschmaldig HTTP/1.1" 200 11091 "-" "Mozilla/5.0 (compatible; Barkrowler/0.9; +https://babbar.tech/crawler)"
154.54.249.202 - - [29/Jan/2022:22:01:06 +0100] "GET /PodCast/Chouechetailet HTTP/1.1" 200 14480 "-" "Mozilla/5.0 (compatible; Barkrowler/0.9; +https://babbar.tech/crawler)"
194.209.200.2 - - [29/Jan/2022:22:01:14 +0100] "GET /Texte/Styluebige HTTP/1.1" 200 9998 "-" "Mozilla/5.0 (compatible; TMMBot/0.2; +http://www.dslab.ch)/Nutch-1.15"
194.209.200.2 - - [29/Jan/2022:22:01:17 +0100] "GET /Admin/Links HTTP/1.1" 200 14193 "-" "Mozilla/5.0 (compatible; TMMBot/0.2; +http://www.dslab.ch)/Nutch-1.15"
154.54.249.202 - - [29/Jan/2022:22:01:21 +0100] "GET /PodCast/StRbe?action=edit HTTP/1.1" 200 8596 "-" "Mozilla/5.0 (compatible; Barkrowler/0.9; +https://babbar.tech/crawler)"
194.209.200.2 - - [29/Jan/2022:22:01:25 +0100] "GET /Texte/Metamorphoses HTTP/1.1" 200 9045 "-" "Mozilla/5.0 (compatible; TMMBot/0.2; +http://www.dslab.ch)/Nutch-1.15"
154.54.249.202 - - [29/Jan/2022:22:01:36 +0100] "GET /PodCast/FrawimSchatte HTTP/1.1" 200 14992 "-" "Mozilla/5.0 (compatible; Barkrowler/0.9; +https://babbar.tech/crawler)"
154.54.249.202 - - [29/Jan/2022:22:01:51 +0100] "GET /Pod/RSSPodcasts?action=diff HTTP/1.1" 200 9186 "-" "Mozilla/5.0 (compatible; Barkrowler/0.9; +https://babbar.tech/crawler)"
154.54.249.202 - - [29/Jan/2022:22:02:06 +0100] "GET /Profiles/SteveAgl?action=print HTTP/1.1" 404 2401 "-" "Mozilla/5.0 (compatible; Barkrowler/0.9; +https://babbar.tech/crawler)"
154.54.249.202 - - [29/Jan/2022:22:02:22 +0100] "GET /Profiles/Schlaefer?action=print HTTP/1.1" 404 2405 "-" "Mozilla/5.0 (compatible; Barkrowler/0.9; +https://babbar.tech/crawler)"
194.209.200.2 - - [29/Jan/2022:22:02:27 +0100] "GET /Texte/Gloosse HTTP/1.1" 200 8061 "-" "Mozilla/5.0 (compatible; TMMBot/0.2; +http://www.dslab.ch)/Nutch-1.15"
154.54.249.202 - - [29/Jan/2022:22:02:37 +0100] "GET /Profiles/PMichaud?action=upload HTTP/1.1" 200 8551 "-" "Mozilla/5.0 (compatible; Barkrowler/0.9; +https://babbar.tech/crawler)"
154.54.249.202 - - [29/Jan/2022:22:02:52 +0100] "GET /Profiles/PMichaud?action=diff HTTP/1.1" 200 9218 "-" "Mozilla/5.0 (compatible; Barkrowler/0.9; +https://babbar.tech/crawler)"
154.54.249.202 - - [29/Jan/2022:22:03:07 +0100] "GET /Profiles/PMichaud?action=print HTTP/1.1" 404 2401 "-" "Mozilla/5.0 (compatible; Barkrowler/0.9; +https://babbar.tech/crawler)"
154.54.249.202 - - [29/Jan/2022:22:03:22 +0100] "GET /Profiles/Fwyss?action=diff HTTP/1.1" 200 9168 "-" "Mozilla/5.0 (compatible; Barkrowler/0.9; +https://babbar.tech/crawler)"
154.54.249.202 - - [29/Jan/2022:22:03:37 +0100] "GET /Cookbook/UserAuth?action=upload HTTP/1.1" 200 8551 "-" "Mozilla/5.0 (compatible; Barkrowler/0.9; +https://babbar.tech/crawler)"
154.54.249.202 - - [29/Jan/2022:22:03:52 +0100] "GET /Admin/Jahresbericht?action=diff HTTP/1.1" 200 65572 "-" "Mozilla/5.0 (compatible; Barkrowler/0.9; +https://babbar.tech/crawler)"
154.54.249.202 - - [29/Jan/2022:22:04:07 +0100] "GET /Admin/Jahresbericht?action=upload HTTP/1.1" 200 8577 "-" "Mozilla/5.0 (compatible; Barkrowler/0.9; +https://babbar.tech/crawler)"
154.54.249.202 - - [29/Jan/2022:22:04:23 +0100] "GET /Admin/Jahresbericht?action=print HTTP/1.1" 200 39696 "-" "Mozilla/5.0 (compatible; Barkrowler/0.9; +https://babbar.tech/crawler)"
194.209.200.2 - - [29/Jan/2022:22:04:36 +0100] "GET /Hilfe/AnleitungTonbeispiele HTTP/1.1" 200 9878 "-" "Mozilla/5.0 (compatible; TMMBot/0.2; +http://www.dslab.ch)/Nutch-1.15"
154.54.249.202 - - [29/Jan/2022:22:04:38 +0100] "GET /Category/Maintenance?action=diff HTTP/1.1" 200 9264 "-" "Mozilla/5.0 (compatible; Barkrowler/0.9; +https://babbar.tech/crawler)"
154.54.249.202 - - [29/Jan/2022:22:04:53 +0100] "GET /Site/UploadQuickReference?action=print HTTP/1.1" 200 25643 "-" "Mozilla/5.0 (compatible; Barkrowler/0.9; +https://babbar.tech/crawler)"
154.54.249.202 - - [29/Jan/2022:22:05:08 +0100] "GET /Site/41Fasnacht?action=diff HTTP/1.1" 200 11635 "-" "Mozilla/5.0 (compatible; Barkrowler/0.9; +https://babbar.tech/crawler)"
154.54.249.202 - - [29/Jan/2022:22:05:23 +0100] "GET /Site/43Fasnacht?action=diff HTTP/1.1" 200 11254 "-" "Mozilla/5.0 (compatible; Barkrowler/0.9; +https://babbar.tech/crawler)"
154.54.249.202 - - [29/Jan/2022:22:05:38 +0100] "GET /Site/PageListTemplates?action=diff HTTP/1.1" 200 9300 "-" "Mozilla/5.0 (compatible; Barkrowler/0.9; +https://babbar.tech/crawler)"
154.54.249.202 - - [29/Jan/2022:22:05:53 +0100] "GET /Site/Verglych?action=edit HTTP/1.1" 200 8593 "-" "Mozilla/5.0 (compatible; Barkrowler/0.9; +https://babbar.tech/crawler)"
154.54.249.202 - - [29/Jan/2022:22:06:08 +0100] "GET /Site/Verglych?action=print HTTP/1.1" 200 3278 "-" "Mozilla/5.0 (compatible; Barkrowler/0.9; +https://babbar.tech/crawler)"
154.54.249.202 - - [29/Jan/2022:22:06:23 +0100] "GET /Site/171Stadelhofe1489 HTTP/1.1" 200 27635 "-" "Mozilla/5.0 (compatible; Barkrowler/0.9; +https://babbar.tech/crawler)"
157.55.39.226 - - [29/Jan/2022:22:06:29 +0100] "GET /Texte/Limericks HTTP/1.1" 200 8087 "-" "Mozilla/5.0 (compatible; bingbot/2.0; +http://www.bing.com/bingbot.htm)"
154.54.249.202 - - [29/Jan/2022:22:06:39 +0100] "GET /Site/132MIringe1483 HTTP/1.1" 404 8247 "-" "Mozilla/5.0 (compatible; Barkrowler/0.9; +https://babbar.tech/crawler)"
154.54.249.202 - - [29/Jan/2022:22:06:54 +0100] "GET /Site/AllRecentChanges?action=diff HTTP/1.1" 200 9284 "-" "Mozilla/5.0 (compatible; Barkrowler/0.9; +https://babbar.tech/crawler)"
154.54.249.202 - - [29/Jan/2022:22:07:09 +0100] "GET /Site/AllRecentChanges?action=upload HTTP/1.1" 200 8609 "-" "Mozilla/5.0 (compatible; Barkrowler/0.9; +https://babbar.tech/crawler)"
154.54.249.202 - - [29/Jan/2022:22:07:24 +0100] "GET /Site/Etnastara?action=diff HTTP/1.1" 200 17977 "-" "Mozilla/5.0 (compatible; Barkrowler/0.9; +https://babbar.tech/crawler)"
154.54.249.202 - - [29/Jan/2022:22:07:39 +0100] "GET /Site/Apschlouss?action=print HTTP/1.1" 200 3276 "-" "Mozilla/5.0 (compatible; Barkrowler/0.9; +https://babbar.tech/crawler)"
154.54.249.202 - - [29/Jan/2022:22:07:54 +0100] "GET /Site/Apschlouss?action=upload HTTP/1.1" 200 8521 "-" "Mozilla/5.0 (compatible; Barkrowler/0.9; +https://babbar.tech/crawler)"
154.54.249.202 - - [29/Jan/2022:22:08:10 +0100] "GET /Site/Apschlouss?action=edit HTTP/1.1" 200 8621 "-" "Mozilla/5.0 (compatible; Barkrowler/0.9; +https://babbar.tech/crawler)"
154.54.249.202 - - [29/Jan/2022:22:08:25 +0100] "GET /Site/123Sitkouscht1482 HTTP/1.1" 200 15538 "-" "Mozilla/5.0 (compatible; Barkrowler/0.9; +https://babbar.tech/crawler)"
154.54.249.202 - - [29/Jan/2022:22:08:40 +0100] "GET /Site/Voorwort?action=diff HTTP/1.1" 200 11915 "-" "Mozilla/5.0 (compatible; Barkrowler/0.9; +https://babbar.tech/crawler)"
154.54.249.202 - - [29/Jan/2022:22:08:55 +0100] "GET /Site/Leerbouech?action=diff HTTP/1.1" 200 15695 "-" "Mozilla/5.0 (compatible; Barkrowler/0.9; +https://babbar.tech/crawler)"
154.54.249.202 - - [29/Jan/2022:22:09:10 +0100] "GET /Site/Leerbouech?action=upload HTTP/1.1" 200 8521 "-" "Mozilla/5.0 (compatible; Barkrowler/0.9; +https://babbar.tech/crawler)"
185.191.171.18 - - [29/Jan/2022:22:09:13 +0100] "GET /PmWikiFr/WikiFarms?action=diff HTTP/1.1" 403 18 "-" "Mozilla/5.0 (compatible; SemrushBot/7~bl; +http://www.semrush.com/bot.html)"
154.54.249.202 - - [29/Jan/2022:22:09:26 +0100] "GET /Site/Leerbouech?action=print HTTP/1.1" 200 4956 "-" "Mozilla/5.0 (compatible; Barkrowler/0.9; +https://babbar.tech/crawler)"
154.54.249.202 - - [29/Jan/2022:22:09:41 +0100] "GET /Site/Blickestoorff2 HTTP/1.1" 200 18706 "-" "Mozilla/5.0 (compatible; Barkrowler/0.9; +https://babbar.tech/crawler)"
154.54.249.202 - - [29/Jan/2022:22:09:56 +0100] "GET /Site/LocalTemplates?action=diff HTTP/1.1" 200 9250 "-" "Mozilla/5.0 (compatible; Barkrowler/0.9; +https://babbar.tech/crawler)"
154.54.249.202 - - [29/Jan/2022:22:10:11 +0100] "GET /Site/EditQuickReference?action=print HTTP/1.1" 200 8441 "-" "Mozilla/5.0 (compatible; Barkrowler/0.9; +https://babbar.tech/crawler)"
154.54.249.202 - - [29/Jan/2022:22:10:26 +0100] "GET /Site/121Sitkouscht1482 HTTP/1.1" 200 14018 "-" "Mozilla/5.0 (compatible; Barkrowler/0.9; +https://babbar.tech/crawler)"
154.54.249.202 - - [29/Jan/2022:22:10:41 +0100] "GET /Site/181Room1500?action=diff HTTP/1.1" 200 25606 "-" "Mozilla/5.0 (compatible; Barkrowler/0.9; +https://babbar.tech/crawler)"
154.54.249.202 - - [29/Jan/2022:22:10:56 +0100] "GET /Site/181Room1500?action=upload HTTP/1.1" 200 8539 "-" "Mozilla/5.0 (compatible; Barkrowler/0.9; +https://babbar.tech/crawler)"
154.54.249.202 - - [29/Jan/2022:22:11:12 +0100] "GET /Site/42Fasnacht?action=diff HTTP/1.1" 200 10509 "-" "Mozilla/5.0 (compatible; Barkrowler/0.9; +https://babbar.tech/crawler)"
154.54.249.202 - - [29/Jan/2022:22:11:27 +0100] "GET /Site/Traktandelyschte HTTP/1.1" 200 9110 "-" "Mozilla/5.0 (compatible; Barkrowler/0.9; +https://babbar.tech/crawler)"
154.54.249.202 - - [29/Jan/2022:22:11:42 +0100] "GET /Site/WGA4Gglinge HTTP/1.1" 200 18606 "-" "Mozilla/5.0 (compatible; Barkrowler/0.9; +https://babbar.tech/crawler)"
154.54.249.202 - - [29/Jan/2022:22:11:57 +0100] "GET /Site/Konzertchronik?action=diff HTTP/1.1" 200 14532 "-" "Mozilla/5.0 (compatible; Barkrowler/0.9; +https://babbar.tech/crawler)"
154.54.249.202 - - [29/Jan/2022:22:12:12 +0100] "GET /Site/Konzertchronik?action=print HTTP/1.1" 200 4679 "-" "Mozilla/5.0 (compatible; Barkrowler/0.9; +https://babbar.tech/crawler)"
154.54.249.202 - - [29/Jan/2022:22:12:27 +0100] "GET /Site/Konzertchronik?action=edit HTTP/1.1" 200 8677 "-" "Mozilla/5.0 (compatible; Barkrowler/0.9; +https://babbar.tech/crawler)"
154.54.249.202 - - [29/Jan/2022:22:12:43 +0100] "GET /Site/Konzertchronik?action=upload HTTP/1.1" 200 8577 "-" "Mozilla/5.0 (compatible; Barkrowler/0.9; +https://babbar.tech/crawler)"
154.54.249.202 - - [29/Jan/2022:22:12:58 +0100] "GET /Site/122Sitkouscht1482 HTTP/1.1" 200 19228 "-" "Mozilla/5.0 (compatible; Barkrowler/0.9; +https://babbar.tech/crawler)"
148.251.50.77 - - [29/Jan/2022:22:12:58 +0100] "GET / HTTP/1.1" 200 14638 "-" "Mozilla/5.0 (X11; Linux x86_64) AppleWebKit/537.36 (KHTML, like Gecko) Chrome/86.0.4240.198 Safari/537.36"
78.46.94.83 - - [29/Jan/2022:22:12:58 +0100] "GET /Admin/Jahresbericht HTTP/1.1" 200 45530 "-" "Mozilla/5.0 (X11; Linux x86_64) AppleWebKit/537.36 (KHTML, like Gecko) Chrome/87.0.4280.88 Safari/537.36"
154.54.249.202 - - [29/Jan/2022:22:13:13 +0100] "GET /Site/Abderhalde0Inhalt HTTP/1.1" 200 8436 "-" "Mozilla/5.0 (compatible; Barkrowler/0.9; +https://babbar.tech/crawler)"
154.54.249.202 - - [29/Jan/2022:22:13:28 +0100] "GET /Site/131MIringe1483 HTTP/1.1" 404 8247 "-" "Mozilla/5.0 (compatible; Barkrowler/0.9; +https://babbar.tech/crawler)"
154.54.249.202 - - [29/Jan/2022:22:13:43 +0100] "GET /Site/182Room1500?action=upload HTTP/1.1" 200 8539 "-" "Mozilla/5.0 (compatible; Barkrowler/0.9; +https://babbar.tech/crawler)"
154.54.249.202 - - [29/Jan/2022:22:13:58 +0100] "GET /Hilfe/RealOne?action=diff HTTP/1.1" 200 16372 "-" "Mozilla/5.0 (compatible; Barkrowler/0.9; +https://babbar.tech/crawler)"
154.54.249.202 - - [29/Jan/2022:22:14:13 +0100] "GET /Hilfe/RealOne?action=upload HTTP/1.1" 200 8495 "-" "Mozilla/5.0 (compatible; Barkrowler/0.9; +https://babbar.tech/crawler)"
154.54.249.202 - - [29/Jan/2022:22:14:28 +0100] "GET /Hilfe/Passwort?action=upload HTTP/1.1" 200 8507 "-" "Mozilla/5.0 (compatible; Barkrowler/0.9; +https://babbar.tech/crawler)"
154.54.249.202 - - [29/Jan/2022:22:14:43 +0100] "GET /Texte/GDicht?action=upload HTTP/1.1" 200 8481 "-" "Mozilla/5.0 (compatible; Barkrowler/0.9; +https://babbar.tech/crawler)"
154.54.249.202 - - [29/Jan/2022:22:14:59 +0100] "GET /Texte/GDicht?action=print HTTP/1.1" 200 2287 "-" "Mozilla/5.0 (compatible; Barkrowler/0.9; +https://babbar.tech/crawler)"
154.54.249.202 - - [29/Jan/2022:22:15:14 +0100] "GET /Texte/GDicht?action=edit HTTP/1.1" 200 8581 "-" "Mozilla/5.0 (compatible; Barkrowler/0.9; +https://babbar.tech/crawler)"
154.54.249.202 - - [29/Jan/2022:22:15:29 +0100] "GET /Texte/GDicht?action=diff HTTP/1.1" 200 9534 "-" "Mozilla/5.0 (compatible; Barkrowler/0.9; +https://babbar.tech/crawler)"
154.54.249.202 - - [29/Jan/2022:22:15:44 +0100] "GET /Texte/Bitterbeuhsi HTTP/1.1" 200 9255 "-" "Mozilla/5.0 (compatible; Barkrowler/0.9; +https://babbar.tech/crawler)"
154.54.249.202 - - [29/Jan/2022:22:15:59 +0100] "GET /Texte/Limericks?action=diff HTTP/1.1" 200 9581 "-" "Mozilla/5.0 (compatible; Barkrowler/0.9; +https://babbar.tech/crawler)"
154.54.249.202 - - [29/Jan/2022:22:16:14 +0100] "GET /Texte/Limericks?action=print HTTP/1.1" 200 2296 "-" "Mozilla/5.0 (compatible; Barkrowler/0.9; +https://babbar.tech/crawler)"
154.54.249.202 - - [29/Jan/2022:22:16:29 +0100] "GET /Texte/Limericks?action=edit HTTP/1.1" 200 8621 "-" "Mozilla/5.0 (compatible; Barkrowler/0.9; +https://babbar.tech/crawler)"
154.54.249.202 - - [29/Jan/2022:22:16:44 +0100] "GET /Texte/Limericks?action=upload HTTP/1.1" 200 8521 "-" "Mozilla/5.0 (compatible; Barkrowler/0.9; +https://babbar.tech/crawler)"
154.54.249.202 - - [29/Jan/2022:22:16:59 +0100] "GET /Texte/Metamorphoses?action=edit HTTP/1.1" 200 8677 "-" "Mozilla/5.0 (compatible; Barkrowler/0.9; +https://babbar.tech/crawler)"
154.54.249.202 - - [29/Jan/2022:22:17:15 +0100] "GET /Texte/Metamorphoses?action=upload HTTP/1.1" 200 8577 "-" "Mozilla/5.0 (compatible; Barkrowler/0.9; +https://babbar.tech/crawler)"
154.54.249.202 - - [29/Jan/2022:22:17:30 +0100] "GET /Texte/Metamorphoses?action=print HTTP/1.1" 200 3227 "-" "Mozilla/5.0 (compatible; Barkrowler/0.9; +https://babbar.tech/crawler)"
154.54.249.202 - - [29/Jan/2022:22:17:45 +0100] "GET /Texte/Metamorphoses?action=diff HTTP/1.1" 200 22809 "-" "Mozilla/5.0 (compatible; Barkrowler/0.9; +https://babbar.tech/crawler)"
154.54.249.202 - - [29/Jan/2022:22:18:00 +0100] "GET /MyPodcasts/IndexPage?action=edit HTTP/1.1" 200 8694 "-" "Mozilla/5.0 (compatible; Barkrowler/0.9; +https://babbar.tech/crawler)"
154.54.249.202 - - [29/Jan/2022:22:18:15 +0100] "GET /MyPodcasts/IndexPage?action=upload HTTP/1.1" 200 8594 "-" "Mozilla/5.0 (compatible; Barkrowler/0.9; +https://babbar.tech/crawler)"
154.54.249.202 - - [29/Jan/2022:22:18:30 +0100] "GET /MyPodcasts/IndexPage?action=diff HTTP/1.1" 200 9267 "-" "Mozilla/5.0 (compatible; Barkrowler/0.9; +https://babbar.tech/crawler)"
154.54.249.202 - - [29/Jan/2022:22:18:45 +0100] "GET /MyPodcasts/IndexPage?action=print HTTP/1.1" 404 2415 "-" "Mozilla/5.0 (compatible; Barkrowler/0.9; +https://babbar.tech/crawler)"
154.54.249.202 - - [29/Jan/2022:22:19:00 +0100] "GET /Lydja/Mp3?action=edit HTTP/1.1" 200 8539 "-" "Mozilla/5.0 (compatible; Barkrowler/0.9; +https://babbar.tech/crawler)"
154.54.249.202 - - [29/Jan/2022:22:19:15 +0100] "GET /Lydja/Mp3?action=upload HTTP/1.1" 200 8439 "-" "Mozilla/5.0 (compatible; Barkrowler/0.9; +https://babbar.tech/crawler)"
154.54.249.202 - - [29/Jan/2022:22:19:31 +0100] "GET /Lydja/Mp3?action=diff HTTP/1.1" 200 9479 "-" "Mozilla/5.0 (compatible; Barkrowler/0.9; +https://babbar.tech/crawler)"
154.54.249.202 - - [29/Jan/2022:22:19:46 +0100] "GET /Lydja/Mp3?action=print HTTP/1.1" 200 2278 "-" "Mozilla/5.0 (compatible; Barkrowler/0.9; +https://babbar.tech/crawler)"
154.54.249.202 - - [29/Jan/2022:22:20:01 +0100] "GET /PmWiki/DebugVariables HTTP/1.1" 200 15547 "-" "Mozilla/5.0 (compatible; Barkrowler/0.9; +https://babbar.tech/crawler)"
154.54.249.202 - - [29/Jan/2022:22:20:16 +0100] "GET /PmWiki/ConditionalMarkup HTTP/1.1" 200 26828 "-" "Mozilla/5.0 (compatible; Barkrowler/0.9; +https://babbar.tech/crawler)"
154.54.249.202 - - [29/Jan/2022:22:20:31 +0100] "GET /PmWiki/ContactUs?action=upload HTTP/1.1" 200 8538 "-" "Mozilla/5.0 (compatible; Barkrowler/0.9; +https://babbar.tech/crawler)"
154.54.249.202 - - [29/Jan/2022:22:20:46 +0100] "GET /PmWiki/GroupName?action=diff HTTP/1.1" 200 9203 "-" "Mozilla/5.0 (compatible; Barkrowler/0.9; +https://babbar.tech/crawler)"
154.54.249.202 - - [29/Jan/2022:22:21:01 +0100] "GET /PmWiki/GroupFooter?action=diff HTTP/1.1" 200 9235 "-" "Mozilla/5.0 (compatible; Barkrowler/0.9; +https://babbar.tech/crawler)"
154.54.249.202 - - [29/Jan/2022:22:21:16 +0100] "GET /PmWiki/GroupFooter?action=upload HTTP/1.1" 200 8566 "-" "Mozilla/5.0 (compatible; Barkrowler/0.9; +https://babbar.tech/crawler)"
154.54.249.202 - - [29/Jan/2022:22:21:31 +0100] "GET /PmWiki/GroupFooter?action=print HTTP/1.1" 200 2930 "-" "Mozilla/5.0 (compatible; Barkrowler/0.9; +https://babbar.tech/crawler)"
154.54.249.202 - - [29/Jan/2022:22:21:47 +0100] "GET /PmWiki/GroupHeader?action=diff HTTP/1.1" 200 9235 "-" "Mozilla/5.0 (compatible; Barkrowler/0.9; +https://babbar.tech/crawler)"
154.54.249.202 - - [29/Jan/2022:22:22:02 +0100] "GET /PmWiki/GroupHeader?action=print HTTP/1.1" 200 2392 "-" "Mozilla/5.0 (compatible; Barkrowler/0.9; +https://babbar.tech/crawler)"
154.54.249.202 - - [29/Jan/2022:22:22:17 +0100] "GET /PmWiki/GroupHeader?action=edit HTTP/1.1" 200 8666 "-" "Mozilla/5.0 (compatible; Barkrowler/0.9; +https://babbar.tech/crawler)"
154.54.249.202 - - [29/Jan/2022:22:22:32 +0100] "GET /PmWiki/GroupHeader?action=upload HTTP/1.1" 200 8566 "-" "Mozilla/5.0 (compatible; Barkrowler/0.9; +https://babbar.tech/crawler)"
154.54.249.202 - - [29/Jan/2022:22:22:47 +0100] "GET /PmWiki/MailPosts?action=upload HTTP/1.1" 200 8538 "-" "Mozilla/5.0 (compatible; Barkrowler/0.9; +https://babbar.tech/crawler)"
154.54.249.202 - - [29/Jan/2022:22:23:02 +0100] "GET /PmWiki/MailPosts?action=print HTTP/1.1" 200 13068 "-" "Mozilla/5.0 (compatible; Barkrowler/0.9; +https://babbar.tech/crawler)"
154.54.249.202 - - [29/Jan/2022:22:23:17 +0100] "GET /PmWiki/MailPosts?action=edit HTTP/1.1" 200 8638 "-" "Mozilla/5.0 (compatible; Barkrowler/0.9; +https://babbar.tech/crawler)"
154.54.249.202 - - [29/Jan/2022:22:23:32 +0100] "GET /PmWiki/MailPosts?action=diff HTTP/1.1" 200 9203 "-" "Mozilla/5.0 (compatible; Barkrowler/0.9; +https://babbar.tech/crawler)"
154.54.249.202 - - [29/Jan/2022:22:23:47 +0100] "GET /PmWiki/RecentChanges?action=upload HTTP/1.1" 200 8594 "-" "Mozilla/5.0 (compatible; Barkrowler/0.9; +https://babbar.tech/crawler)"
154.54.249.202 - - [29/Jan/2022:22:24:02 +0100] "GET /PmWiki/RecentChanges?action=print HTTP/1.1" 404 2411 "-" "Mozilla/5.0 (compatible; Barkrowler/0.9; +https://babbar.tech/crawler)"
154.54.249.202 - - [29/Jan/2022:22:24:17 +0100] "GET /PmWiki/RecentChanges?action=edit HTTP/1.1" 200 8694 "-" "Mozilla/5.0 (compatible; Barkrowler/0.9; +https://babbar.tech/crawler)"
154.54.249.202 - - [29/Jan/2022:22:24:33 +0100] "GET /PmWiki/RecentChanges?action=diff HTTP/1.1" 200 9267 "-" "Mozilla/5.0 (compatible; Barkrowler/0.9; +https://babbar.tech/crawler)"
154.54.249.202 - - [29/Jan/2022:22:24:48 +0100] "GET /PmWiki/AccessKeys?action=edit HTTP/1.1" 200 8652 "-" "Mozilla/5.0 (compatible; Barkrowler/0.9; +https://babbar.tech/crawler)"
154.54.249.202 - - [29/Jan/2022:22:25:03 +0100] "GET /PmWiki/AccessKeys?action=diff HTTP/1.1" 200 9219 "-" "Mozilla/5.0 (compatible; Barkrowler/0.9; +https://babbar.tech/crawler)"
154.54.249.202 - - [29/Jan/2022:22:25:18 +0100] "GET /PmWiki/AccessKeys?action=upload HTTP/1.1" 200 8552 "-" "Mozilla/5.0 (compatible; Barkrowler/0.9; +https://babbar.tech/crawler)"
154.54.249.202 - - [29/Jan/2022:22:25:33 +0100] "GET /PmWiki/AccessKeys?action=print HTTP/1.1" 200 11308 "-" "Mozilla/5.0 (compatible; Barkrowler/0.9; +https://babbar.tech/crawler)"
154.54.249.202 - - [29/Jan/2022:22:25:48 +0100] "GET /PmWikiVi/WikiStructure HTTP/1.1" 404 11224 "-" "Mozilla/5.0 (compatible; Barkrowler/0.9; +https://babbar.tech/crawler)"
154.54.249.202 - - [29/Jan/2022:22:26:04 +0100] "GET /PmWikiRu/A?action=print HTTP/1.1" 404 2373 "-" "Mozilla/5.0 (compatible; Barkrowler/0.9; +https://babbar.tech/crawler)"
154.54.249.202 - - [29/Jan/2022:22:26:19 +0100] "GET /PmWikiRu/UploadsAdmin HTTP/1.1" 200 33808 "-" "Mozilla/5.0 (compatible; Barkrowler/0.9; +https://babbar.tech/crawler)"
154.54.249.202 - - [29/Jan/2022:22:26:34 +0100] "GET /PmWikiRu/FAQ?action=edit HTTP/1.1" 200 9139 "-" "Mozilla/5.0 (compatible; Barkrowler/0.9; +https://babbar.tech/crawler)"
154.54.249.202 - - [29/Jan/2022:22:26:49 +0100] "GET /PmWikiRu/SitePreferences HTTP/1.1" 200 11935 "-" "Mozilla/5.0 (compatible; Barkrowler/0.9; +https://babbar.tech/crawler)"
154.54.249.202 - - [29/Jan/2022:22:27:04 +0100] "GET /PmWikiRu/Links?action=print HTTP/1.1" 200 10925 "-" "Mozilla/5.0 (compatible; Barkrowler/0.9; +https://babbar.tech/crawler)"
104.28.129.22 - - [29/Jan/2022:22:27:19 +0100] "GET /PodCast/IndexPage?action=rss HTTP/1.1" 200 6298 "-" "Podcasts/1629.2.1 CFNetwork/1327.0.4 Darwin/21.2.0"
154.54.249.202 - - [29/Jan/2022:22:27:19 +0100] "GET /PmWikiRu/Links?action=edit HTTP/1.1" 200 9171 "-" "Mozilla/5.0 (compatible; Barkrowler/0.9; +https://babbar.tech/crawler)"
154.54.249.202 - - [29/Jan/2022:22:27:35 +0100] "GET /PmWikiRu/Forms?action=edit HTTP/1.1" 200 9157 "-" "Mozilla/5.0 (compatible; Barkrowler/0.9; +https://babbar.tech/crawler)"
154.54.249.202 - - [29/Jan/2022:22:27:50 +0100] "GET /PmWikiRu/Version?action=edit HTTP/1.1" 200 9185 "-" "Mozilla/5.0 (compatible; Barkrowler/0.9; +https://babbar.tech/crawler)"
154.54.249.202 - - [29/Jan/2022:22:28:05 +0100] "GET /PmWikiRu/PasswordsAdmin HTTP/1.1" 200 29039 "-" "Mozilla/5.0 (compatible; Barkrowler/0.9; +https://babbar.tech/crawler)"
154.54.249.202 - - [29/Jan/2022:22:28:20 +0100] "GET /PmWikiRu/BasicEditing HTTP/1.1" 200 32408 "-" "Mozilla/5.0 (compatible; Barkrowler/0.9; +https://babbar.tech/crawler)"
154.54.249.202 - - [29/Jan/2022:22:28:35 +0100] "GET /PmWikiRu/WikiStructure HTTP/1.1" 200 14020 "-" "Mozilla/5.0 (compatible; Barkrowler/0.9; +https://babbar.tech/crawler)"
154.54.249.202 - - [29/Jan/2022:22:28:50 +0100] "GET /PmWikiRu/WikiFarms HTTP/1.1" 200 24988 "-" "Mozilla/5.0 (compatible; Barkrowler/0.9; +https://babbar.tech/crawler)"
154.54.249.202 - - [29/Jan/2022:22:29:05 +0100] "GET /PmWikiRu/Security?action=print HTTP/1.1" 200 4587 "-" "Mozilla/5.0 (compatible; Barkrowler/0.9; +https://babbar.tech/crawler)"
154.54.249.202 - - [29/Jan/2022:22:29:21 +0100] "GET /PmWikiRu/Security?action=edit HTTP/1.1" 200 9231 "-" "Mozilla/5.0 (compatible; Barkrowler/0.9; +https://babbar.tech/crawler)"
154.54.249.202 - - [29/Jan/2022:22:29:36 +0100] "GET /PmWikiRu/Download?action=print HTTP/1.1" 200 4139 "-" "Mozilla/5.0 (compatible; Barkrowler/0.9; +https://babbar.tech/crawler)"
154.54.249.202 - - [29/Jan/2022:22:29:51 +0100] "GET /PmWikiRu/Download?action=edit HTTP/1.1" 200 9215 "-" "Mozilla/5.0 (compatible; Barkrowler/0.9; +https://babbar.tech/crawler)"
154.54.249.202 - - [29/Jan/2022:22:30:06 +0100] "GET /PmWikiRu/Download?action=upload HTTP/1.1" 200 9115 "-" "Mozilla/5.0 (compatible; Barkrowler/0.9; +https://babbar.tech/crawler)"
154.54.249.202 - - [29/Jan/2022:22:30:21 +0100] "GET /PmWikiRu/DocumentationIndex HTTP/1.1" 200 28302 "-" "Mozilla/5.0 (compatible; Barkrowler/0.9; +https://babbar.tech/crawler)"
154.54.249.202 - - [29/Jan/2022:22:30:36 +0100] "GET /PmWikiRu/Site?action=print HTTP/1.1" 404 2385 "-" "Mozilla/5.0 (compatible; Barkrowler/0.9; +https://babbar.tech/crawler)"
154.54.249.202 - - [29/Jan/2022:22:30:51 +0100] "GET /PmWikiRu/Site?action=edit HTTP/1.1" 200 9143 "-" "Mozilla/5.0 (compatible; Barkrowler/0.9; +https://babbar.tech/crawler)"
154.54.249.202 - - [29/Jan/2022:22:31:06 +0100] "GET /PmWikiRu/GroupHeaders HTTP/1.1" 200 13450 "-" "Mozilla/5.0 (compatible; Barkrowler/0.9; +https://babbar.tech/crawler)"
154.54.249.202 - - [29/Jan/2022:22:31:21 +0100] "GET /PmWikiRu/WebFeeds HTTP/1.1" 404 9890 "-" "Mozilla/5.0 (compatible; Barkrowler/0.9; +https://babbar.tech/crawler)"
154.54.249.202 - - [29/Jan/2022:22:31:37 +0100] "GET /PmWikiJa/DictIndex HTTP/1.1" 404 8231 "-" "Mozilla/5.0 (compatible; Barkrowler/0.9; +https://babbar.tech/crawler)"
154.54.249.202 - - [29/Jan/2022:22:31:52 +0100] "GET /PmWikiJa/ConvertTABLE HTTP/1.1" 404 8273 "-" "Mozilla/5.0 (compatible; Barkrowler/0.9; +https://babbar.tech/crawler)"
