85.25.177.139 - - [20/Sep/2022:08:46:49 +0200] "GET /Hilfe/Passwort?action=diff&source=y&minor=n HTTP/1.1" 200 9166 "-" "Mozilla/5.0 (Macintosh; Intel Mac OS X 10.15; rv:103.0) Gecko/20100101 Firefox/103.0"
85.25.177.139 - - [20/Sep/2022:08:48:01 +0200] "GET /PmWiki/Uploads?action=edit HTTP/1.1" 200 8608 "-" "Mozilla/5.0 (Macintosh; Intel Mac OS X 10.15; rv:103.0) Gecko/20100101 Firefox/103.0"
85.25.177.139 - - [20/Sep/2022:08:48:43 +0200] "GET /Hilfe/Passwort?action=diff&source=n&minor=y HTTP/1.1" 200 9176 "-" "Mozilla/5.0 (Macintosh; Intel Mac OS X 10.15; rv:103.0) Gecko/20100101 Firefox/103.0"
168.119.51.163 - - [20/Sep/2022:08:49:15 +0200] "GET /robots.txt HTTP/1.1" 200 - "-" "Mozilla/5.0 (compatible; um-IC/1.0; mailto: techinfo@ubermetrics-technologies.com; Windows NT 6.1; WOW64; rv:40.0) Gecko/20100101 Firefox/40.1"
168.119.51.163 - - [20/Sep/2022:08:49:15 +0200] "GET /PodCast/IndexPage?action=rss HTTP/1.1" 200 6298 "-" "Mozilla/5.0 (compatible; um-IC/1.0; mailto: techinfo@ubermetrics-technologies.com; Windows NT 6.1; WOW64; rv:40.0) Gecko/20100101 Firefox/40.1"
85.25.177.139 - - [20/Sep/2022:08:50:06 +0200] "GET /PmWiki/WikiGroup HTTP/1.1" 200 24736 "-" "Mozilla/5.0 (Macintosh; Intel Mac OS X 10.15; rv:103.0) Gecko/20100101 Firefox/103.0"
85.25.177.139 - - [20/Sep/2022:08:52:06 +0200] "GET /PmWiki/Uploads?action=diff HTTP/1.1" 200 9169 "-" "Mozilla/5.0 (Macintosh; Intel Mac OS X 10.15; rv:103.0) Gecko/20100101 Firefox/103.0"
85.25.177.139 - - [20/Sep/2022:08:53:54 +0200] "GET /Site/PageActions HTTP/1.1" 200 8927 "-" "Mozilla/5.0 (Macintosh; Intel Mac OS X 10.15; rv:103.0) Gecko/20100101 Firefox/103.0"
85.25.177.139 - - [20/Sep/2022:08:56:06 +0200] "GET /Help/AnleitungTonbeispiele?action=diff&source=y&minor=y HTTP/1.1" 200 9362 "-" "Mozilla/5.0 (Macintosh; Intel Mac OS X 10.15; rv:103.0) Gecko/20100101 Firefox/103.0"
85.25.177.139 - - [20/Sep/2022:08:57:12 +0200] "GET /PodCast/WGA1Begaabig?action=diff&source=y&minor=n HTTP/1.1" 200 9267 "-" "Mozilla/5.0 (Macintosh; Intel Mac OS X 10.15; rv:103.0) Gecko/20100101 Firefox/103.0"
85.25.177.139 - - [20/Sep/2022:08:58:11 +0200] "GET /Site/Preferences?setprefs= HTTP/1.1" 200 11217 "-" "Mozilla/5.0 (Macintosh; Intel Mac OS X 10.15; rv:103.0) Gecko/20100101 Firefox/103.0"
85.25.177.139 - - [20/Sep/2022:08:59:54 +0200] "GET /Site/Preferences?action=edit HTTP/1.1" 200 8635 "-" "Mozilla/5.0 (Macintosh; Intel Mac OS X 10.15; rv:103.0) Gecko/20100101 Firefox/103.0"
194.209.200.2 - - [20/Sep/2022:09:01:58 +0200] "GET /robots.txt HTTP/1.1" 200 - "-" "Mozilla/5.0 (compatible; TMMBot/0.2; +http://www.dslab.ch)/Nutch-1.15"
194.209.200.2 - - [20/Sep/2022:09:01:58 +0200] "GET /Admin/Jahresbericht HTTP/1.1" 200 45530 "-" "Mozilla/5.0 (compatible; TMMBot/0.2; +http://www.dslab.ch)/Nutch-1.15"
85.25.177.139 - - [20/Sep/2022:09:02:07 +0200] "GET /Site/Preferences?action=source HTTP/1.1" 200 2426 "-" "Mozilla/5.0 (Macintosh; Intel Mac OS X 10.15; rv:103.0) Gecko/20100101 Firefox/103.0"
194.209.200.2 - - [20/Sep/2022:09:02:17 +0200] "GET /Texte/Limericks HTTP/1.1" 200 8087 "-" "Mozilla/5.0 (compatible; TMMBot/0.2; +http://www.dslab.ch)/Nutch-1.15"
194.209.200.2 - - [20/Sep/2022:09:02:21 +0200] "GET /Texte/Schrybwys HTTP/1.1" 200 11028 "-" "Mozilla/5.0 (compatible; TMMBot/0.2; +http://www.dslab.ch)/Nutch-1.15"
194.209.200.2 - - [20/Sep/2022:09:03:15 +0200] "GET /Texte/GDicht HTTP/1.1" 200 8050 "-" "Mozilla/5.0 (compatible; TMMBot/0.2; +http://www.dslab.ch)/Nutch-1.15"
194.209.200.2 - - [20/Sep/2022:09:03:41 +0200] "GET /Texte/Styluebige HTTP/1.1" 200 9998 "-" "Mozilla/5.0 (compatible; TMMBot/0.2; +http://www.dslab.ch)/Nutch-1.15"
66.249.76.220 - - [20/Sep/2022:09:03:42 +0200] "GET /PodCast/IndexPage?action=rss HTTP/1.1" 200 6298 "-" "Mozilla/5.0 (compatible; Googlebot/2.1; +http://www.google.com/bot.html)"
85.25.177.139 - - [20/Sep/2022:09:04:03 +0200] "GET /Site/Preferences?action=upload HTTP/1.1" 200 8535 "-" "Mozilla/5.0 (Macintosh; Intel Mac OS X 10.15; rv:103.0) Gecko/20100101 Firefox/103.0"
66.249.76.193 - - [20/Sep/2022:09:04:48 +0200] "GET /PodCast/IndexPage?action=rss HTTP/1.1" 200 6298 "-" "Mozilla/5.0 (compatible; Googlebot/2.1; +http://www.google.com/bot.html)"
85.25.177.139 - - [20/Sep/2022:09:05:59 +0200] "GET /PmWiki/DeletingPages HTTP/1.1" 200 13818 "-" "Mozilla/5.0 (Macintosh; Intel Mac OS X 10.15; rv:103.0) Gecko/20100101 Firefox/103.0"
85.25.177.139 - - [20/Sep/2022:09:08:08 +0200] "GET /PmWiki/PathVariables HTTP/1.1" 200 24179 "-" "Mozilla/5.0 (Macintosh; Intel Mac OS X 10.15; rv:103.0) Gecko/20100101 Firefox/103.0"
85.25.177.139 - - [20/Sep/2022:09:10:26 +0200] "GET /PmWiki/Search HTTP/1.1" 200 14204 "-" "Mozilla/5.0 (Macintosh; Intel Mac OS X 10.15; rv:103.0) Gecko/20100101 Firefox/103.0"
85.25.177.139 - - [20/Sep/2022:09:11:05 +0200] "GET /Hilfe/DateienUndProgrammverknuepfungen?action=diff&source=n&minor=n HTTP/1.1" 200 9562 "-" "Mozilla/5.0 (Macintosh; Intel Mac OS X 10.15; rv:103.0) Gecko/20100101 Firefox/103.0"
85.25.177.139 - - [20/Sep/2022:09:12:45 +0200] "GET /PmWiki/PageLists?action=upload HTTP/1.1" 200 8538 "-" "Mozilla/5.0 (Macintosh; Intel Mac OS X 10.15; rv:103.0) Gecko/20100101 Firefox/103.0"
85.25.177.139 - - [20/Sep/2022:09:14:40 +0200] "GET /PmWiki/PageDirectives HTTP/1.1" 200 20238 "-" "Mozilla/5.0 (Macintosh; Intel Mac OS X 10.15; rv:103.0) Gecko/20100101 Firefox/103.0"
85.25.177.139 - - [20/Sep/2022:09:16:11 +0200] "GET /PodCast/Stolz?action=print HTTP/1.1" 200 2292 "-" "Mozilla/5.0 (Macintosh; Intel Mac OS X 10.15; rv:103.0) Gecko/20100101 Firefox/103.0"
85.25.177.139 - - [20/Sep/2022:09:17:04 +0200] "GET /PodCast/182Room1500?action=print HTTP/1.1" 404 2408 "-" "Mozilla/5.0 (Macintosh; Intel Mac OS X 10.15; rv:103.0) Gecko/20100101 Firefox/103.0"
85.25.177.139 - - [20/Sep/2022:09:20:06 +0200] "GET /PmWiki/Categories HTTP/1.1" 200 20895 "-" "Mozilla/5.0 (Macintosh; Intel Mac OS X 10.15; rv:103.0) Gecko/20100101 Firefox/103.0"
85.25.177.139 - - [20/Sep/2022:09:20:25 +0200] "GET /PodCast/Wienechtsgschicht?action=diff HTTP/1.1" 200 17369 "-" "Mozilla/5.0 (Macintosh; Intel Mac OS X 10.15; rv:103.0) Gecko/20100101 Firefox/103.0"
85.25.177.139 - - [20/Sep/2022:09:22:44 +0200] "GET /PodCast/Nostalgy?action=diff&source=y&minor=y HTTP/1.1" 200 13036 "-" "Mozilla/5.0 (Macintosh; Intel Mac OS X 10.15; rv:103.0) Gecko/20100101 Firefox/103.0"
85.25.177.139 - - [20/Sep/2022:09:24:50 +0200] "GET /Help/AnleitungTonbeispiele?action=diff&source=n&minor=n HTTP/1.1" 200 9368 "-" "Mozilla/5.0 (Macintosh; Intel Mac OS X 10.15; rv:103.0) Gecko/20100101 Firefox/103.0"
85.25.177.139 - - [20/Sep/2022:09:25:24 +0200] "GET /PmWiki/Internationalizations HTTP/1.1" 200 23337 "-" "Mozilla/5.0 (Macintosh; Intel Mac OS X 10.15; rv:103.0) Gecko/20100101 Firefox/103.0"
85.25.177.139 - - [20/Sep/2022:09:27:14 +0200] "GET /PodCast/Begriffbegryffe?action=diff&source=n&minor=n HTTP/1.1" 200 13183 "-" "Mozilla/5.0 (Macintosh; Intel Mac OS X 10.15; rv:103.0) Gecko/20100101 Firefox/103.0"
85.25.177.139 - - [20/Sep/2022:09:28:24 +0200] "GET /PmWiki/PageLists?action=edit HTTP/1.1" 200 8638 "-" "Mozilla/5.0 (Macintosh; Intel Mac OS X 10.15; rv:103.0) Gecko/20100101 Firefox/103.0"
85.25.177.139 - - [20/Sep/2022:09:30:28 +0200] "GET /PmWiki/AvailableActions?action=diff HTTP/1.1" 200 9315 "-" "Mozilla/5.0 (Macintosh; Intel Mac OS X 10.15; rv:103.0) Gecko/20100101 Firefox/103.0"
85.25.177.139 - - [20/Sep/2022:09:32:12 +0200] "GET /PmWiki/AvailableActions?action=print HTTP/1.1" 200 25179 "-" "Mozilla/5.0 (Macintosh; Intel Mac OS X 10.15; rv:103.0) Gecko/20100101 Firefox/103.0"
194.209.200.2 - - [20/Sep/2022:09:32:18 +0200] "GET /robots.txt HTTP/1.1" 200 - "-" "Mozilla/5.0 (compatible; TMMBot/0.2; +http://www.dslab.ch)/Nutch-1.15"
194.209.200.2 - - [20/Sep/2022:09:32:18 +0200] "GET /Admin/Jahresbericht HTTP/1.1" 200 45530 "-" "Mozilla/5.0 (compatible; TMMBot/0.2; +http://www.dslab.ch)/Nutch-1.15"
194.209.200.2 - - [20/Sep/2022:09:32:39 +0200] "GET /Texte/Limericks HTTP/1.1" 200 8087 "-" "Mozilla/5.0 (compatible; TMMBot/0.2; +http://www.dslab.ch)/Nutch-1.15"
194.209.200.2 - - [20/Sep/2022:09:32:43 +0200] "GET /Texte/Schrybwys HTTP/1.1" 200 11028 "-" "Mozilla/5.0 (compatible; TMMBot/0.2; +http://www.dslab.ch)/Nutch-1.15"
194.209.200.2 - - [20/Sep/2022:09:33:44 +0200] "GET /Texte/GDicht HTTP/1.1" 200 8050 "-" "Mozilla/5.0 (compatible; TMMBot/0.2; +http://www.dslab.ch)/Nutch-1.15"
85.25.177.139 - - [20/Sep/2022:09:34:09 +0200] "GET /PmWiki/SitePreferences HTTP/1.1" 200 11153 "-" "Mozilla/5.0 (Macintosh; Intel Mac OS X 10.15; rv:103.0) Gecko/20100101 Firefox/103.0"
194.209.200.2 - - [20/Sep/2022:09:34:13 +0200] "GET /Texte/Styluebige HTTP/1.1" 200 9998 "-" "Mozilla/5.0 (compatible; TMMBot/0.2; +http://www.dslab.ch)/Nutch-1.15"
85.25.177.139 - - [20/Sep/2022:09:35:29 +0200] "GET /PmWiki/DocumentationIndex HTTP/1.1" 200 26304 "-" "Mozilla/5.0 (Macintosh; Intel Mac OS X 10.15; rv:103.0) Gecko/20100101 Firefox/103.0"
85.25.177.139 - - [20/Sep/2022:09:37:24 +0200] "GET /PmWiki/UploadVariables HTTP/1.1" 200 24052 "-" "Mozilla/5.0 (Macintosh; Intel Mac OS X 10.15; rv:103.0) Gecko/20100101 Firefox/103.0"
85.25.177.139 - - [20/Sep/2022:09:39:27 +0200] "GET /PmWiki/AuthUser HTTP/1.1" 200 32251 "-" "Mozilla/5.0 (Macintosh; Intel Mac OS X 10.15; rv:103.0) Gecko/20100101 Firefox/103.0"
85.25.177.139 - - [20/Sep/2022:09:40:05 +0200] "GET /PodCast/Begriffbegryffe?action=diff&source=y&minor=y HTTP/1.1" 200 12691 "-" "Mozilla/5.0 (Macintosh; Intel Mac OS X 10.15; rv:103.0) Gecko/20100101 Firefox/103.0"
85.25.177.139 - - [20/Sep/2022:09:41:22 +0200] "GET /PmWiki/Troubleshooting HTTP/1.1" 200 29681 "-" "Mozilla/5.0 (Macintosh; Intel Mac OS X 10.15; rv:103.0) Gecko/20100101 Firefox/103.0"
85.25.177.139 - - [20/Sep/2022:09:43:44 +0200] "GET /PmWiki/DebugVariables HTTP/1.1" 200 15547 "-" "Mozilla/5.0 (Macintosh; Intel Mac OS X 10.15; rv:103.0) Gecko/20100101 Firefox/103.0"
85.25.177.139 - - [20/Sep/2022:09:44:37 +0200] "GET /PodCast/152Konschtanz1485?action=diff&source=y&minor=n HTTP/1.1" 200 9347 "-" "Mozilla/5.0 (Macintosh; Intel Mac OS X 10.15; rv:103.0) Gecko/20100101 Firefox/103.0"
85.25.177.139 - - [20/Sep/2022:09:45:23 +0200] "GET /PmWiki/SitePageActions HTTP/1.1" 200 21516 "-" "Mozilla/5.0 (Macintosh; Intel Mac OS X 10.15; rv:103.0) Gecko/20100101 Firefox/103.0"
85.25.177.139 - - [20/Sep/2022:09:46:25 +0200] "GET /PodCast/152Konschtanz1485?action=diff&source=n&minor=y HTTP/1.1" 200 9357 "-" "Mozilla/5.0 (Macintosh; Intel Mac OS X 10.15; rv:103.0) Gecko/20100101 Firefox/103.0"
85.25.177.139 - - [20/Sep/2022:09:47:48 +0200] "GET /PmWiki/GroupCustomizations HTTP/1.1" 200 19255 "-" "Mozilla/5.0 (Macintosh; Intel Mac OS X 10.15; rv:103.0) Gecko/20100101 Firefox/103.0"
85.25.177.139 - - [20/Sep/2022:09:48:54 +0200] "GET /PmWiki/Skins?action=upload HTTP/1.1" 200 8480 "-" "Mozilla/5.0 (Macintosh; Intel Mac OS X 10.15; rv:103.0) Gecko/20100101 Firefox/103.0"
85.25.177.139 - - [20/Sep/2022:09:50:49 +0200] "GET /PmWiki/Skins?action=print HTTP/1.1" 200 15148 "-" "Mozilla/5.0 (Macintosh; Intel Mac OS X 10.15; rv:103.0) Gecko/20100101 Firefox/103.0"
114.119.140.99 - - [20/Sep/2022:09:51:55 +0200] "GET /Texte/ZurcherischEnglish?action=edit HTTP/1.1" 403 18 "http://www.pro-zurituutsch.ch/Texte/ZurcherischEnglish" "Mozilla/5.0 (Linux; Android 7.0;) AppleWebKit/537.36 (KHTML, like Gecko) Mobile Safari/537.36 (compatible; PetalBot;+https://webmaster.petalsearch.com/site/petalbot)"
85.25.177.139 - - [20/Sep/2022:09:52:11 +0200] "GET /PmWiki/SkinTemplates HTTP/1.1" 200 28363 "-" "Mozilla/5.0 (Macintosh; Intel Mac OS X 10.15; rv:103.0) Gecko/20100101 Firefox/103.0"
85.25.177.139 - - [20/Sep/2022:09:53:56 +0200] "GET /PmWiki/Skins?action=edit HTTP/1.1" 200 8580 "-" "Mozilla/5.0 (Macintosh; Intel Mac OS X 10.15; rv:103.0) Gecko/20100101 Firefox/103.0"
85.25.177.139 - - [20/Sep/2022:09:55:38 +0200] "GET /PmWiki/Skins?action=diff HTTP/1.1" 200 9137 "-" "Mozilla/5.0 (Macintosh; Intel Mac OS X 10.15; rv:103.0) Gecko/20100101 Firefox/103.0"
85.25.177.139 - - [20/Sep/2022:09:56:47 +0200] "GET /PodCast/WGA1Begaabig?action=print HTTP/1.1" 404 2412 "-" "Mozilla/5.0 (Macintosh; Intel Mac OS X 10.15; rv:103.0) Gecko/20100101 Firefox/103.0"
66.249.76.220 - - [20/Sep/2022:09:57:39 +0200] "GET /PodCast/IndexPage?action=rss HTTP/1.1" 200 6298 "-" "Mozilla/5.0 (compatible; Googlebot/2.1; +http://www.google.com/bot.html)"
85.25.177.139 - - [20/Sep/2022:09:58:26 +0200] "GET /PodCast/Metamorfoose?action=diff&source=y&minor=y HTTP/1.1" 200 18038 "-" "Mozilla/5.0 (Macintosh; Intel Mac OS X 10.15; rv:103.0) Gecko/20100101 Firefox/103.0"
85.25.177.139 - - [20/Sep/2022:09:59:56 +0200] "GET /PodCast/Demokraty?action=edit&restore=diff:1280693877:1280693623:&preview=y HTTP/1.1" 200 8696 "-" "Mozilla/5.0 (Macintosh; Intel Mac OS X 10.15; rv:103.0) Gecko/20100101 Firefox/103.0"
85.25.177.139 - - [20/Sep/2022:10:00:44 +0200] "GET /PodCast/Demokraty?action=edit&restore=diff:1280693623:1280693623:&preview=y HTTP/1.1" 200 8696 "-" "Mozilla/5.0 (Macintosh; Intel Mac OS X 10.15; rv:103.0) Gecko/20100101 Firefox/103.0"
85.25.177.139 - - [20/Sep/2022:10:01:59 +0200] "GET /PodCast/Stolz?action=diff&source=y&minor=n HTTP/1.1" 200 11792 "-" "Mozilla/5.0 (Macintosh; Intel Mac OS X 10.15; rv:103.0) Gecko/20100101 Firefox/103.0"
85.25.177.139 - - [20/Sep/2022:10:03:13 +0200] "GET /PodCast/Demokraty?action=upload HTTP/1.1" 200 8550 "-" "Mozilla/5.0 (Macintosh; Intel Mac OS X 10.15; rv:103.0) Gecko/20100101 Firefox/103.0"
66.249.76.222 - - [20/Sep/2022:10:03:43 +0200] "GET /PodCast/IndexPage?action=rss HTTP/1.1" 200 6298 "-" "Mozilla/5.0 (compatible; Googlebot/2.1; +http://www.google.com/bot.html)"
85.25.177.139 - - [20/Sep/2022:10:04:03 +0200] "GET /PodCast/Stolz?action=edit&restore=diff:1240480196:1240480145:&preview=y HTTP/1.1" 200 8640 "-" "Mozilla/5.0 (Macintosh; Intel Mac OS X 10.15; rv:103.0) Gecko/20100101 Firefox/103.0"
85.25.177.139 - - [20/Sep/2022:10:05:11 +0200] "GET /Hilfe/Passwort?action=print HTTP/1.1" 404 2386 "-" "Mozilla/5.0 (Macintosh; Intel Mac OS X 10.15; rv:103.0) Gecko/20100101 Firefox/103.0"
3.216.185.164 - - [20/Sep/2022:10:08:26 +0200] "GET /PodCast/IndexPage?action=rss HTTP/1.1" 200 6298 "-" "PocketCasts/1.0 (Pocket Casts Feed Parser; +http://pocketcasts.com/)"
146.19.91.111 - - [20/Sep/2022:10:08:36 +0200] "GET /PmWikiFr/Sous-menu?action=diff HTTP/1.1" 200 9614 "-" "Mozilla/5.0 (Windows NT 6.1; WOW64) AppleWebKit/537.36 (KHTML, like Gecko) Chrome/45.0.2454.101 Safari/537.36"
85.25.177.139 - - [20/Sep/2022:10:10:03 +0200] "GET /PodCast/182Room1500?action=diff&source=n&minor=y HTTP/1.1" 200 9261 "-" "Mozilla/5.0 (Macintosh; Intel Mac OS X 10.15; rv:103.0) Gecko/20100101 Firefox/103.0"
194.209.200.2 - - [20/Sep/2022:10:12:05 +0200] "GET /robots.txt HTTP/1.1" 200 - "-" "Mozilla/5.0 (compatible; TMMBot/0.2; +http://www.dslab.ch)/Nutch-1.15"
194.209.200.2 - - [20/Sep/2022:10:12:05 +0200] "GET /Admin/Jahresbericht HTTP/1.1" 200 45530 "-" "Mozilla/5.0 (compatible; TMMBot/0.2; +http://www.dslab.ch)/Nutch-1.15"
91.243.190.59 - - [20/Sep/2022:10:12:10 +0200] "GET /PmWikiFr/ModificationDeLaMiseEnPage?action=print HTTP/1.1" 404 2473 "-" "Mozilla/5.0 (Windows NT 6.1; WOW64) AppleWebKit/537.36 (KHTML, like Gecko) Chrome/46.0.2490.71 Safari/537.36"
194.209.200.2 - - [20/Sep/2022:10:12:28 +0200] "GET /Texte/Limericks HTTP/1.1" 200 8087 "-" "Mozilla/5.0 (compatible; TMMBot/0.2; +http://www.dslab.ch)/Nutch-1.15"
194.209.200.2 - - [20/Sep/2022:10:12:32 +0200] "GET /Texte/Schrybwys HTTP/1.1" 200 11028 "-" "Mozilla/5.0 (compatible; TMMBot/0.2; +http://www.dslab.ch)/Nutch-1.15"
83.142.54.135 - - [20/Sep/2022:10:12:32 +0200] "GET /PmWikiFr/ModificationDeLaMiseEnPage?action=diff HTTP/1.1" 200 9896 "-" "Mozilla/5.0 (Windows NT 10.0; WOW64) AppleWebKit/537.36 (KHTML, like Gecko) Chrome/45.0.2454.101 Safari/537.36"
193.202.80.119 - - [20/Sep/2022:10:13:10 +0200] "GET /PmWikiFr/LiensAvecArobase?action=upload HTTP/1.1" 200 9047 "-" "Mozilla/5.0 (Macintosh; Intel Mac OS X 10_11_0) AppleWebKit/537.36 (KHTML, like Gecko) Chrome/45.0.2454.101 Safari/537.36"
193.203.10.183 - - [20/Sep/2022:10:13:32 +0200] "GET /PmWikiFr/LiensAvecArobase?action=print HTTP/1.1" 404 2433 "-" "Mozilla/5.0 (Macintosh; Intel Mac OS X 10_10_5) AppleWebKit/601.1.56 (KHTML, like Gecko) Version/9.0 Safari/601.1.56"
194.209.200.2 - - [20/Sep/2022:10:13:33 +0200] "GET /Texte/GDicht HTTP/1.1" 200 8050 "-" "Mozilla/5.0 (compatible; TMMBot/0.2; +http://www.dslab.ch)/Nutch-1.15"
77.220.195.91 - - [20/Sep/2022:10:13:59 +0200] "GET /PmWikiFr/LiensAvecArobase?action=diff HTTP/1.1" 200 9730 "-" "Mozilla/5.0 (X11; Ubuntu; Linux x86_64; rv:41.0) Gecko/20100101 Firefox/41.0"
194.209.200.2 - - [20/Sep/2022:10:13:59 +0200] "GET /Texte/Styluebige HTTP/1.1" 200 9998 "-" "Mozilla/5.0 (compatible; TMMBot/0.2; +http://www.dslab.ch)/Nutch-1.15"
45.80.104.254 - - [20/Sep/2022:10:14:27 +0200] "GET /PmWikiFr/SitePages?action=diff&source=y&minor=n HTTP/1.1" 200 9620 "-" "Mozilla/5.0 (Macintosh; Intel Mac OS X 10_11) AppleWebKit/601.1.56 (KHTML, like Gecko) Version/9.0 Safari/601.1.56"
194.209.200.2 - - [20/Sep/2022:10:15:59 +0200] "GET /Admin/Pro-ZurituutschStatuten HTTP/1.1" 200 9580 "-" "Mozilla/5.0 (compatible; TMMBot/0.2; +http://www.dslab.ch)/Nutch-1.15"
217.145.226.186 - - [20/Sep/2022:10:20:31 +0200] "GET /PmWikiFr/UploadQuickReference?action=upload HTTP/1.1" 200 9103 "-" "Mozilla/5.0 (X11; Ubuntu; Linux x86_64; rv:41.0) Gecko/20100101 Firefox/41.0"
85.25.177.139 - - [20/Sep/2022:10:21:14 +0200] "GET /PodCast/Stolz?action=edit&restore=diff:1240479974:1240479974:&preview=y HTTP/1.1" 200 8640 "-" "Mozilla/5.0 (Macintosh; Intel Mac OS X 10.15; rv:103.0) Gecko/20100101 Firefox/103.0"
185.68.184.162 - - [20/Sep/2022:10:24:04 +0200] "GET /PmWikiFr/UploadQuickReference?action=diff HTTP/1.1" 200 9794 "-" "Mozilla/5.0 (Windows NT 6.1; WOW64; rv:41.0) Gecko/20100101 Firefox/41.0"
45.132.184.223 - - [20/Sep/2022:10:24:22 +0200] "GET /PmWikiFr/UploadQuickReference?action=browse HTTP/1.1" 200 10712 "-" "Mozilla/5.0 (Windows NT 6.1; WOW64; rv:41.0) Gecko/20100101 Firefox/41.0"
85.25.177.139 - - [20/Sep/2022:10:25:16 +0200] "GET /PodCast/Stolz?action=edit&restore=diff:1240479974:1240479974:&preview=y HTTP/1.1" 200 8640 "-" "Mozilla/5.0 (Macintosh; Intel Mac OS X 10.15; rv:103.0) Gecko/20100101 Firefox/103.0"
85.25.177.139 - - [20/Sep/2022:10:25:55 +0200] "GET /PodCast/Stolz?action=edit&restore=diff:1472564760:1240480196:&preview=y HTTP/1.1" 200 8640 "-" "Mozilla/5.0 (Macintosh; Intel Mac OS X 10.15; rv:103.0) Gecko/20100101 Firefox/103.0"
85.25.177.139 - - [20/Sep/2022:10:27:26 +0200] "GET /PodCast/121Sitkouscht1482?action=print HTTP/1.1" 404 2432 "-" "Mozilla/5.0 (Macintosh; Intel Mac OS X 10.15; rv:103.0) Gecko/20100101 Firefox/103.0"
45.148.126.116 - - [20/Sep/2022:10:28:04 +0200] "GET /PmWikiFr/FichierDeConfiguration?action=edit HTTP/1.1" 200 9231 "-" "Mozilla/5.0 (Windows NT 10.0; WOW64; rv:41.0) Gecko/20100101 Firefox/41.0"
85.25.177.139 - - [20/Sep/2022:10:29:02 +0200] "GET /PodCast/182Room1500?action=diff&source=y&minor=n HTTP/1.1" 200 9251 "-" "Mozilla/5.0 (Macintosh; Intel Mac OS X 10.15; rv:103.0) Gecko/20100101 Firefox/103.0"
85.25.177.139 - - [20/Sep/2022:10:29:19 +0200] "GET /PodCast/112Stans1481?action=print HTTP/1.1" 404 2412 "-" "Mozilla/5.0 (Macintosh; Intel Mac OS X 10.15; rv:103.0) Gecko/20100101 Firefox/103.0"
85.25.177.139 - - [20/Sep/2022:10:30:46 +0200] "GET /PodCast/21Baadstoube?action=diff&source=y&minor=y HTTP/1.1" 200 9267 "-" "Mozilla/5.0 (Macintosh; Intel Mac OS X 10.15; rv:103.0) Gecko/20100101 Firefox/103.0"
185.61.217.17 - - [20/Sep/2022:10:31:05 +0200] "GET /PmWikiFr/FichierDeConfiguration?action=print HTTP/1.1" 200 10550 "-" "Mozilla/5.0 (Windows NT 6.1; WOW64) AppleWebKit/537.36 (KHTML, like Gecko) Chrome/45.0.2454.101 Safari/537.36"
85.25.177.139 - - [20/Sep/2022:10:32:24 +0200] "GET /PodCast/Doping?action=diff&source=y&minor=y HTTP/1.1" 200 33930 "-" "Mozilla/5.0 (Macintosh; Intel Mac OS X 10.15; rv:103.0) Gecko/20100101 Firefox/103.0"
85.25.177.139 - - [20/Sep/2022:10:33:30 +0200] "GET /PodCast/Doping?action=diff&source=n&minor=n HTTP/1.1" 200 35393 "-" "Mozilla/5.0 (Macintosh; Intel Mac OS X 10.15; rv:103.0) Gecko/20100101 Firefox/103.0"
85.25.177.139 - - [20/Sep/2022:10:35:41 +0200] "GET /Site/EditQuickReference?action=print HTTP/1.1" 200 8441 "-" "Mozilla/5.0 (Macintosh; Intel Mac OS X 10.15; rv:103.0) Gecko/20100101 Firefox/103.0"
85.25.177.139 - - [20/Sep/2022:10:36:23 +0200] "GET /Site/WGA4Gglinge?action=diff&source=n&minor=n HTTP/1.1" 200 22316 "-" "Mozilla/5.0 (Macintosh; Intel Mac OS X 10.15; rv:103.0) Gecko/20100101 Firefox/103.0"
85.25.177.139 - - [20/Sep/2022:10:37:41 +0200] "GET /Site/WGA4Gglinge?action=edit&restore=diff:1290681447:1288800219:&preview=y HTTP/1.1" 200 8685 "-" "Mozilla/5.0 (Macintosh; Intel Mac OS X 10.15; rv:103.0) Gecko/20100101 Firefox/103.0"
85.25.177.139 - - [20/Sep/2022:10:39:27 +0200] "GET /PodCast/22Baadstoubegass?action=print HTTP/1.1" 404 2428 "-" "Mozilla/5.0 (Macintosh; Intel Mac OS X 10.15; rv:103.0) Gecko/20100101 Firefox/103.0"
85.25.177.139 - - [20/Sep/2022:10:40:10 +0200] "GET /PmWiki/TextFormattingRules HTTP/1.1" 200 32665 "-" "Mozilla/5.0 (Macintosh; Intel Mac OS X 10.15; rv:103.0) Gecko/20100101 Firefox/103.0"
85.25.177.139 - - [20/Sep/2022:10:40:53 +0200] "GET /PmWiki/CustomMarkup HTTP/1.1" 200 31475 "-" "Mozilla/5.0 (Macintosh; Intel Mac OS X 10.15; rv:103.0) Gecko/20100101 Firefox/103.0"
85.25.177.139 - - [20/Sep/2022:10:42:25 +0200] "GET /PmWiki/PageListTemplates?action=print HTTP/1.1" 200 18162 "-" "Mozilla/5.0 (Macintosh; Intel Mac OS X 10.15; rv:103.0) Gecko/20100101 Firefox/103.0"
85.25.177.139 - - [20/Sep/2022:10:43:33 +0200] "GET /Site/EditQuickReference?action=diff HTTP/1.1" 200 9316 "-" "Mozilla/5.0 (Macintosh; Intel Mac OS X 10.15; rv:103.0) Gecko/20100101 Firefox/103.0"
85.25.177.139 - - [20/Sep/2022:10:44:11 +0200] "GET /PmWiki/PagelistVariables HTTP/1.1" 200 17472 "-" "Mozilla/5.0 (Macintosh; Intel Mac OS X 10.15; rv:103.0) Gecko/20100101 Firefox/103.0"
85.25.177.139 - - [20/Sep/2022:10:45:14 +0200] "GET /Site/EditQuickReference?action=edit HTTP/1.1" 200 8737 "-" "Mozilla/5.0 (Macintosh; Intel Mac OS X 10.15; rv:103.0) Gecko/20100101 Firefox/103.0"
85.25.177.139 - - [20/Sep/2022:10:46:02 +0200] "GET /PmWiki/PageListTemplates?action=edit HTTP/1.1" 200 8752 "-" "Mozilla/5.0 (Macintosh; Intel Mac OS X 10.15; rv:103.0) Gecko/20100101 Firefox/103.0"
85.25.177.139 - - [20/Sep/2022:10:46:48 +0200] "GET /Site/SideBar?action=print HTTP/1.1" 200 4986 "-" "Mozilla/5.0 (Macintosh; Intel Mac OS X 10.15; rv:103.0) Gecko/20100101 Firefox/103.0"
85.25.177.139 - - [20/Sep/2022:10:48:00 +0200] "GET /PmWiki/PageListTemplates?action=diff HTTP/1.1" 200 9333 "-" "Mozilla/5.0 (Macintosh; Intel Mac OS X 10.15; rv:103.0) Gecko/20100101 Firefox/103.0"
85.25.177.139 - - [20/Sep/2022:10:49:18 +0200] "GET /PmWiki/PageListTemplates?action=upload HTTP/1.1" 200 8652 "-" "Mozilla/5.0 (Macintosh; Intel Mac OS X 10.15; rv:103.0) Gecko/20100101 Firefox/103.0"
85.25.177.139 - - [20/Sep/2022:10:49:55 +0200] "GET /SiteAdmin/SiteAdmin?action=print HTTP/1.1" 200 2765 "-" "Mozilla/5.0 (Macintosh; Intel Mac OS X 10.15; rv:103.0) Gecko/20100101 Firefox/103.0"
85.25.177.139 - - [20/Sep/2022:10:50:27 +0200] "GET /Site/Site?action=diff&source=y&minor=n HTTP/1.1" 200 9114 "-" "Mozilla/5.0 (Macintosh; Intel Mac OS X 10.15; rv:103.0) Gecko/20100101 Firefox/103.0"
85.25.177.139 - - [20/Sep/2022:10:50:44 +0200] "GET /Site/UploadQuickReference?action=print HTTP/1.1" 200 25643 "-" "Mozilla/5.0 (Macintosh; Intel Mac OS X 10.15; rv:103.0) Gecko/20100101 Firefox/103.0"
85.25.177.139 - - [20/Sep/2022:10:52:13 +0200] "GET /PmWiki/Forms?action=print HTTP/1.1" 200 13209 "-" "Mozilla/5.0 (Macintosh; Intel Mac OS X 10.15; rv:103.0) Gecko/20100101 Firefox/103.0"
85.25.177.139 - - [20/Sep/2022:10:53:24 +0200] "GET /PmWiki/AccessKeys?action=print HTTP/1.1" 200 11308 "-" "Mozilla/5.0 (Macintosh; Intel Mac OS X 10.15; rv:103.0) Gecko/20100101 Firefox/103.0"
85.25.177.139 - - [20/Sep/2022:10:54:31 +0200] "GET /Site/Site?action=upload HTTP/1.1" 200 8465 "-" "Mozilla/5.0 (Macintosh; Intel Mac OS X 10.15; rv:103.0) Gecko/20100101 Firefox/103.0"
194.209.200.2 - - [20/Sep/2022:10:55:09 +0200] "GET /robots.txt HTTP/1.1" 200 - "-" "Mozilla/5.0 (compatible; TMMBot/0.2; +http://www.dslab.ch)/Nutch-1.15"
194.209.200.2 - - [20/Sep/2022:10:55:09 +0200] "GET /Admin/Jahresbericht HTTP/1.1" 200 45530 "-" "Mozilla/5.0 (compatible; TMMBot/0.2; +http://www.dslab.ch)/Nutch-1.15"
194.209.200.2 - - [20/Sep/2022:10:55:29 +0200] "GET /Texte/Limericks HTTP/1.1" 200 8087 "-" "Mozilla/5.0 (compatible; TMMBot/0.2; +http://www.dslab.ch)/Nutch-1.15"
194.209.200.2 - - [20/Sep/2022:10:55:33 +0200] "GET /Texte/Schrybwys HTTP/1.1" 200 11028 "-" "Mozilla/5.0 (compatible; TMMBot/0.2; +http://www.dslab.ch)/Nutch-1.15"
85.25.177.139 - - [20/Sep/2022:10:55:41 +0200] "GET /PmWiki/GroupHeaders?action=print HTTP/1.1" 200 7410 "-" "Mozilla/5.0 (Macintosh; Intel Mac OS X 10.15; rv:103.0) Gecko/20100101 Firefox/103.0"
194.209.200.2 - - [20/Sep/2022:10:56:32 +0200] "GET /Texte/GDicht HTTP/1.1" 200 8050 "-" "Mozilla/5.0 (compatible; TMMBot/0.2; +http://www.dslab.ch)/Nutch-1.15"
85.25.177.139 - - [20/Sep/2022:10:56:54 +0200] "GET /PmWiki/PasswordsAdmin?action=print HTTP/1.1" 200 25449 "-" "Mozilla/5.0 (Macintosh; Intel Mac OS X 10.15; rv:103.0) Gecko/20100101 Firefox/103.0"
194.209.200.2 - - [20/Sep/2022:10:56:59 +0200] "GET /Texte/Styluebige HTTP/1.1" 200 9998 "-" "Mozilla/5.0 (compatible; TMMBot/0.2; +http://www.dslab.ch)/Nutch-1.15"
85.25.177.139 - - [20/Sep/2022:10:58:01 +0200] "GET /PmWiki/SitePageActions?action=print HTTP/1.1" 200 15231 "-" "Mozilla/5.0 (Macintosh; Intel Mac OS X 10.15; rv:103.0) Gecko/20100101 Firefox/103.0"
141.98.86.63 - - [20/Sep/2022:10:58:22 +0200] "GET /Profiles/Jean-Dom?action=diff&source=y&minor=n HTTP/1.1" 200 9214 "-" "Mozilla/5.0 (Macintosh; Intel Mac OS X 10_11_0) AppleWebKit/537.36 (KHTML, like Gecko) Chrome/45.0.2454.101 Safari/537.36"
194.209.200.2 - - [20/Sep/2022:10:58:58 +0200] "GET /Admin/Pro-ZurituutschStatuten HTTP/1.1" 200 9580 "-" "Mozilla/5.0 (compatible; TMMBot/0.2; +http://www.dslab.ch)/Nutch-1.15"
85.25.177.139 - - [20/Sep/2022:10:59:41 +0200] "GET /Site/EditForm?action=print HTTP/1.1" 200 6464 "-" "Mozilla/5.0 (Macintosh; Intel Mac OS X 10.15; rv:103.0) Gecko/20100101 Firefox/103.0"
85.25.177.139 - - [20/Sep/2022:11:01:20 +0200] "GET /Site/PageNotFound?action=print HTTP/1.1" 200 2632 "-" "Mozilla/5.0 (Macintosh; Intel Mac OS X 10.15; rv:103.0) Gecko/20100101 Firefox/103.0"
185.14.192.190 - - [20/Sep/2022:11:01:50 +0200] "GET /PmWikiRu HTTP/1.1" 302 169 "-" "Mozilla/5.0 (X11; Ubuntu; Linux x86_64; rv:41.0) Gecko/20100101 Firefox/41.0"
85.25.177.139 - - [20/Sep/2022:11:02:33 +0200] "GET /PodCast/112Stans1481?action=diff&source=n&minor=y HTTP/1.1" 200 9277 "-" "Mozilla/5.0 (Macintosh; Intel Mac OS X 10.15; rv:103.0) Gecko/20100101 Firefox/103.0"
77.220.194.206 - - [20/Sep/2022:11:02:47 +0200] "GET /PmWikiRu/WikiWikiWeb?action=print HTTP/1.1" 200 8175 "-" "Mozilla/5.0 (Macintosh; Intel Mac OS X 10_10_5) AppleWebKit/537.36 (KHTML, like Gecko) Chrome/45.0.2454.101 Safari/537.36"
85.25.177.139 - - [20/Sep/2022:11:02:55 +0200] "GET /Site/Search?action=print HTTP/1.1" 200 4800 "-" "Mozilla/5.0 (Macintosh; Intel Mac OS X 10.15; rv:103.0) Gecko/20100101 Firefox/103.0"
66.249.76.220 - - [20/Sep/2022:11:03:43 +0200] "GET /PodCast/IndexPage?action=rss HTTP/1.1" 200 6298 "-" "Mozilla/5.0 (compatible; Googlebot/2.1; +http://www.google.com/bot.html)"
85.25.177.139 - - [20/Sep/2022:11:04:25 +0200] "GET /PodCast/112Stans1481?action=diff&source=y&minor=n HTTP/1.1" 200 9267 "-" "Mozilla/5.0 (Macintosh; Intel Mac OS X 10.15; rv:103.0) Gecko/20100101 Firefox/103.0"
85.25.177.139 - - [20/Sep/2022:11:05:06 +0200] "GET /PmWiki/Passwords?action=print HTTP/1.1" 200 16981 "-" "Mozilla/5.0 (Macintosh; Intel Mac OS X 10.15; rv:103.0) Gecko/20100101 Firefox/103.0"
66.249.70.204 - - [20/Sep/2022:11:05:16 +0200] "GET /PodCast/IndexPage?action=rss HTTP/1.1" 200 6298 "-" "Mozilla/5.0 (compatible; Googlebot/2.1; +http://www.google.com/bot.html)"
185.68.184.191 - - [20/Sep/2022:11:06:26 +0200] "GET /PmWikiRu/Skins?action=print HTTP/1.1" 200 18050 "-" "Mozilla/5.0 (Windows NT 10.0; WOW64) AppleWebKit/537.36 (KHTML, like Gecko) Chrome/45.0.2454.101 Safari/537.36"
85.25.177.139 - - [20/Sep/2022:11:06:30 +0200] "GET /Site/WGA4Gglinge?action=diff&source=y&minor=y HTTP/1.1" 200 21902 "-" "Mozilla/5.0 (Macintosh; Intel Mac OS X 10.15; rv:103.0) Gecko/20100101 Firefox/103.0"
85.25.177.139 - - [20/Sep/2022:11:06:47 +0200] "GET /Site/AllRecentChanges?action=print HTTP/1.1" 200 93223 "-" "Mozilla/5.0 (Macintosh; Intel Mac OS X 10.15; rv:103.0) Gecko/20100101 Firefox/103.0"
85.25.177.139 - - [20/Sep/2022:11:08:32 +0200] "GET /Site/43Fasnacht HTTP/1.1" 200 8329 "-" "Mozilla/5.0 (Macintosh; Intel Mac OS X 10.15; rv:103.0) Gecko/20100101 Firefox/103.0"
85.25.177.139 - - [20/Sep/2022:11:09:53 +0200] "GET /PodCast/152Konschtanz1485?action=print HTTP/1.1" 404 2432 "-" "Mozilla/5.0 (Macintosh; Intel Mac OS X 10.15; rv:103.0) Gecko/20100101 Firefox/103.0"
193.56.73.185 - - [20/Sep/2022:11:10:24 +0200] "GET /Category/GroupFooter?action=diff&source=n&minor=n HTTP/1.1" 200 9272 "-" "Mozilla/5.0 (Windows NT 10.0; WOW64) AppleWebKit/537.36 (KHTML, like Gecko) Chrome/46.0.2490.71 Safari/537.36"
85.25.177.139 - - [20/Sep/2022:11:10:35 +0200] "GET /PodCast/UberGebuure HTTP/1.1" 200 15628 "-" "Mozilla/5.0 (Macintosh; Intel Mac OS X 10.15; rv:103.0) Gecko/20100101 Firefox/103.0"
85.25.177.139 - - [20/Sep/2022:11:11:15 +0200] "GET /PodCast/21Baadstoube?action=print HTTP/1.1" 404 2412 "-" "Mozilla/5.0 (Macintosh; Intel Mac OS X 10.15; rv:103.0) Gecko/20100101 Firefox/103.0"
141.98.86.183 - - [20/Sep/2022:11:11:24 +0200] "GET /Category/GroupFooter?action=diff&source=y&minor=y HTTP/1.1" 200 9266 "-" "Mozilla/5.0 (Windows NT 6.1; WOW64) AppleWebKit/537.36 (KHTML, like Gecko) Chrome/45.0.2454.101 Safari/537.36"
85.25.177.139 - - [20/Sep/2022:11:11:35 +0200] "GET /PodCast/192HouhsRech1509?action=diff&source=y&minor=n HTTP/1.1" 200 9333 "-" "Mozilla/5.0 (Macintosh; Intel Mac OS X 10.15; rv:103.0) Gecko/20100101 Firefox/103.0"
193.202.15.194 - - [20/Sep/2022:11:12:05 +0200] "GET /Site/AllRecentChangesShort?action=upload HTTP/1.1" 200 8681 "-" "Mozilla/5.0 (Windows NT 6.1; WOW64; rv:41.0) Gecko/20100101 Firefox/41.0"
193.151.188.217 - - [20/Sep/2022:11:12:48 +0200] "GET /Site/AllRecentChangesShort?action=print HTTP/1.1" 404 2433 "-" "Mozilla/5.0 (Macintosh; Intel Mac OS X 10_10_5) AppleWebKit/601.1.56 (KHTML, like Gecko) Version/9.0 Safari/601.1.56"
85.25.177.139 - - [20/Sep/2022:11:12:56 +0200] "GET /PodCast/192HouhsRech1509?action=diff&source=n&minor=y HTTP/1.1" 200 9343 "-" "Mozilla/5.0 (Macintosh; Intel Mac OS X 10.15; rv:103.0) Gecko/20100101 Firefox/103.0"
185.50.251.18 - - [20/Sep/2022:11:13:09 +0200] "GET /Site/AllRecentChangesShort?action=diff HTTP/1.1" 200 9366 "-" "Mozilla/5.0 (Windows NT 6.1; WOW64; rv:41.0) Gecko/20100101 Firefox/41.0"
212.60.21.209 - - [20/Sep/2022:11:13:46 +0200] "GET /PmWikiRu/PmWikiRuFeatures?action=edit HTTP/1.1" 200 9323 "-" "Mozilla/5.0 (Windows NT 6.3; WOW64) AppleWebKit/537.36 (KHTML, like Gecko) Chrome/45.0.2454.101 Safari/537.36"
196.196.203.214 - - [20/Sep/2022:11:14:07 +0200] "GET / HTTP/1.1" 200 15085 "-" "Mozilla/5.0 (Windows NT 10.0; Win64; x64) AppleWebKit/537.36 (KHTML, like Gecko) Chrome/95.0.4638.69 Safari/537.36"
196.196.203.214 - - [20/Sep/2022:11:14:07 +0200] "GET /wp-includes/ID3/license.txt HTTP/1.1" 404 293 "-" "Mozilla/5.0 (Windows NT 10.0; Win64; x64) AppleWebKit/537.36 (KHTML, like Gecko) Chrome/95.0.4638.69 Safari/537.36"
196.196.203.214 - - [20/Sep/2022:11:14:07 +0200] "GET /feed/ HTTP/1.1" 404 271 "-" "Mozilla/5.0 (Windows NT 10.0; Win64; x64) AppleWebKit/537.36 (KHTML, like Gecko) Chrome/95.0.4638.69 Safari/537.36"
196.196.203.214 - - [20/Sep/2022:11:14:07 +0200] "GET /xmlrpc.php?rsd HTTP/1.1" 404 276 "-" "Mozilla/5.0 (Windows NT 10.0; Win64; x64) AppleWebKit/537.36 (KHTML, like Gecko) Chrome/95.0.4638.69 Safari/537.36"
196.196.203.214 - - [20/Sep/2022:11:14:07 +0200] "GET /blog/wp-includes/wlwmanifest.xml HTTP/1.1" 404 298 "-" "Mozilla/5.0 (Windows NT 10.0; Win64; x64) AppleWebKit/537.36 (KHTML, like Gecko) Chrome/95.0.4638.69 Safari/537.36"
196.196.203.214 - - [20/Sep/2022:11:14:07 +0200] "GET /web/wp-includes/wlwmanifest.xml HTTP/1.1" 404 297 "-" "Mozilla/5.0 (Windows NT 10.0; Win64; x64) AppleWebKit/537.36 (KHTML, like Gecko) Chrome/95.0.4638.69 Safari/537.36"
196.196.203.214 - - [20/Sep/2022:11:14:07 +0200] "GET /wordpress/wp-includes/wlwmanifest.xml HTTP/1.1" 404 303 "-" "Mozilla/5.0 (Windows NT 10.0; Win64; x64) AppleWebKit/537.36 (KHTML, like Gecko) Chrome/95.0.4638.69 Safari/537.36"
196.196.203.214 - - [20/Sep/2022:11:14:07 +0200] "GET /wp/wp-includes/wlwmanifest.xml HTTP/1.1" 404 296 "-" "Mozilla/5.0 (Windows NT 10.0; Win64; x64) AppleWebKit/537.36 (KHTML, like Gecko) Chrome/95.0.4638.69 Safari/537.36"
196.196.203.214 - - [20/Sep/2022:11:14:07 +0200] "GET /2020/wp-includes/wlwmanifest.xml HTTP/1.1" 404 264 "-" "Mozilla/5.0 (Windows NT 10.0; Win64; x64) AppleWebKit/537.36 (KHTML, like Gecko) Chrome/95.0.4638.69 Safari/537.36"
196.196.203.214 - - [20/Sep/2022:11:14:07 +0200] "GET /2019/wp-includes/wlwmanifest.xml HTTP/1.1" 404 264 "-" "Mozilla/5.0 (Windows NT 10.0; Win64; x64) AppleWebKit/537.36 (KHTML, like Gecko) Chrome/95.0.4638.69 Safari/537.36"
196.196.203.214 - - [20/Sep/2022:11:14:07 +0200] "GET /2021/wp-includes/wlwmanifest.xml HTTP/1.1" 404 264 "-" "Mozilla/5.0 (Windows NT 10.0; Win64; x64) AppleWebKit/537.36 (KHTML, like Gecko) Chrome/95.0.4638.69 Safari/537.36"
196.196.203.214 - - [20/Sep/2022:11:14:07 +0200] "GET /shop/wp-includes/wlwmanifest.xml HTTP/1.1" 404 298 "-" "Mozilla/5.0 (Windows NT 10.0; Win64; x64) AppleWebKit/537.36 (KHTML, like Gecko) Chrome/95.0.4638.69 Safari/537.36"
196.196.203.214 - - [20/Sep/2022:11:14:08 +0200] "GET /wp1/wp-includes/wlwmanifest.xml HTTP/1.1" 404 297 "-" "Mozilla/5.0 (Windows NT 10.0; Win64; x64) AppleWebKit/537.36 (KHTML, like Gecko) Chrome/95.0.4638.69 Safari/537.36"
196.196.203.214 - - [20/Sep/2022:11:14:08 +0200] "GET /test/wp-includes/wlwmanifest.xml HTTP/1.1" 404 298 "-" "Mozilla/5.0 (Windows NT 10.0; Win64; x64) AppleWebKit/537.36 (KHTML, like Gecko) Chrome/95.0.4638.69 Safari/537.36"
196.196.203.214 - - [20/Sep/2022:11:14:08 +0200] "GET /site/wp-includes/wlwmanifest.xml HTTP/1.1" 404 298 "-" "Mozilla/5.0 (Windows NT 10.0; Win64; x64) AppleWebKit/537.36 (KHTML, like Gecko) Chrome/95.0.4638.69 Safari/537.36"
196.196.203.214 - - [20/Sep/2022:11:14:08 +0200] "GET /cms/wp-includes/wlwmanifest.xml HTTP/1.1" 404 297 "-" "Mozilla/5.0 (Windows NT 10.0; Win64; x64) AppleWebKit/537.36 (KHTML, like Gecko) Chrome/95.0.4638.69 Safari/537.36"
85.25.177.139 - - [20/Sep/2022:11:14:28 +0200] "GET /PodCast/22Baadstoubegass?action=diff&source=n&minor=n HTTP/1.1" 200 9337 "-" "Mozilla/5.0 (Macintosh; Intel Mac OS X 10.15; rv:103.0) Gecko/20100101 Firefox/103.0"
85.25.177.139 - - [20/Sep/2022:11:16:10 +0200] "GET /PodCast/Spraachverglych HTTP/1.1" 200 16146 "-" "Mozilla/5.0 (Macintosh; Intel Mac OS X 10.15; rv:103.0) Gecko/20100101 Firefox/103.0"
85.25.177.139 - - [20/Sep/2022:11:16:46 +0200] "GET /PodCast/22Baadstoubegass?action=diff&source=y&minor=y HTTP/1.1" 200 9331 "-" "Mozilla/5.0 (Macintosh; Intel Mac OS X 10.15; rv:103.0) Gecko/20100101 Firefox/103.0"
85.25.177.139 - - [20/Sep/2022:11:17:28 +0200] "GET /Site/WGA5Herz HTTP/1.1" 200 20138 "-" "Mozilla/5.0 (Macintosh; Intel Mac OS X 10.15; rv:103.0) Gecko/20100101 Firefox/103.0"
193.202.82.148 - - [20/Sep/2022:11:17:33 +0200] "GET /PmWikiRu/PmWikiRuFeatures?action=print HTTP/1.1" 200 24829 "-" "Mozilla/5.0 (Macintosh; Intel Mac OS X 10_10_5) AppleWebKit/537.36 (KHTML, like Gecko) Chrome/45.0.2454.101 Safari/537.36"
77.220.195.89 - - [20/Sep/2022:11:18:07 +0200] "GET /PmWikiRu/PmWikiRuFeatures?action=diff HTTP/1.1" 200 9906 "-" "Mozilla/5.0 (Windows NT 10.0; WOW64) AppleWebKit/537.36 (KHTML, like Gecko) Chrome/45.0.2454.101 Safari/537.36"
85.25.177.139 - - [20/Sep/2022:11:18:27 +0200] "GET /Site/111Stans1481?action=print HTTP/1.1" 200 8968 "-" "Mozilla/5.0 (Macintosh; Intel Mac OS X 10.15; rv:103.0) Gecko/20100101 Firefox/103.0"
46.161.63.201 - - [20/Sep/2022:11:18:32 +0200] "GET /PmWikiRu/References HTTP/1.1" 200 12191 "-" "Mozilla/5.0 (Macintosh; Intel Mac OS X 10_10_5) AppleWebKit/537.36 (KHTML, like Gecko) Chrome/45.0.2454.101 Safari/537.36"
85.25.177.139 - - [20/Sep/2022:11:19:20 +0200] "GET /PodCast/RUR01 HTTP/1.1" 200 24436 "-" "Mozilla/5.0 (Macintosh; Intel Mac OS X 10.15; rv:103.0) Gecko/20100101 Firefox/103.0"
85.25.177.139 - - [20/Sep/2022:11:20:50 +0200] "GET /PodCast/RURAkt2TIl4 HTTP/1.1" 200 23659 "-" "Mozilla/5.0 (Macintosh; Intel Mac OS X 10.15; rv:103.0) Gecko/20100101 Firefox/103.0"
85.25.177.139 - - [20/Sep/2022:11:21:30 +0200] "GET /robots.txt HTTP/1.1" 200 - "-" "Mozilla/5.0 (Macintosh; Intel Mac OS X 10.15; rv:103.0) Gecko/20100101 Firefox/103.0"
85.25.177.139 - - [20/Sep/2022:11:21:30 +0200] "GET /Site/111Stans1481?action=edit HTTP/1.1" 200 8653 "-" "Mozilla/5.0 (Macintosh; Intel Mac OS X 10.15; rv:103.0) Gecko/20100101 Firefox/103.0"
85.25.177.139 - - [20/Sep/2022:11:22:20 +0200] "GET /Site/131MIringe1483?action=edit HTTP/1.1" 200 8683 "-" "Mozilla/5.0 (Macintosh; Intel Mac OS X 10.15; rv:103.0) Gecko/20100101 Firefox/103.0"
85.25.177.139 - - [20/Sep/2022:11:23:26 +0200] "GET /Tessynfaart/Tessynfaart HTTP/1.1" 200 8456 "-" "Mozilla/5.0 (Macintosh; Intel Mac OS X 10.15; rv:103.0) Gecko/20100101 Firefox/103.0"
85.25.177.139 - - [20/Sep/2022:11:24:19 +0200] "GET /PodCast/Roman1 HTTP/1.1" 200 11804 "-" "Mozilla/5.0 (Macintosh; Intel Mac OS X 10.15; rv:103.0) Gecko/20100101 Firefox/103.0"
193.56.74.104 - - [20/Sep/2022:11:25:21 +0200] "GET /PmWikiRu/WebHosts HTTP/1.1" 200 11839 "-" "Mozilla/5.0 (Macintosh; Intel Mac OS X 10_10_5) AppleWebKit/601.1.56 (KHTML, like Gecko) Version/9.0 Safari/601.1.56"
85.25.177.139 - - [20/Sep/2022:11:25:34 +0200] "GET /PodCast/Zwangsnaarig HTTP/1.1" 200 13078 "-" "Mozilla/5.0 (Macintosh; Intel Mac OS X 10.15; rv:103.0) Gecko/20100101 Firefox/103.0"
45.140.204.183 - - [20/Sep/2022:11:25:43 +0200] "GET /PmWikiRu/Upgrades HTTP/1.1" 200 14646 "-" "Mozilla/5.0 (Windows NT 10.0; WOW64) AppleWebKit/537.36 (KHTML, like Gecko) Chrome/45.0.2454.101 Safari/537.36"
85.25.177.139 - - [20/Sep/2022:11:27:40 +0200] "GET /PodCast/Boni2 HTTP/1.1" 200 13222 "-" "Mozilla/5.0 (Macintosh; Intel Mac OS X 10.15; rv:103.0) Gecko/20100101 Firefox/103.0"
85.25.177.139 - - [20/Sep/2022:11:28:26 +0200] "GET /Site/111Stans1481?action=diff HTTP/1.1" 200 18830 "-" "Mozilla/5.0 (Macintosh; Intel Mac OS X 10.15; rv:103.0) Gecko/20100101 Firefox/103.0"
3.219.254.95 - - [20/Sep/2022:11:28:48 +0200] "GET /PodCast/IndexPage?action=rss HTTP/1.1" 200 6298 "-" "PocketCasts/1.0 (Pocket Casts Feed Parser; +http://pocketcasts.com/)"
194.209.200.2 - - [20/Sep/2022:11:29:19 +0200] "GET /robots.txt HTTP/1.1" 200 - "-" "Mozilla/5.0 (compatible; TMMBot/0.2; +http://www.dslab.ch)/Nutch-1.15"
194.209.200.2 - - [20/Sep/2022:11:29:19 +0200] "GET /Admin/Jahresbericht HTTP/1.1" 200 45530 "-" "Mozilla/5.0 (compatible; TMMBot/0.2; +http://www.dslab.ch)/Nutch-1.15"
194.209.200.2 - - [20/Sep/2022:11:29:40 +0200] "GET /Texte/Limericks HTTP/1.1" 200 8087 "-" "Mozilla/5.0 (compatible; TMMBot/0.2; +http://www.dslab.ch)/Nutch-1.15"
194.209.200.2 - - [20/Sep/2022:11:29:44 +0200] "GET /Texte/Schrybwys HTTP/1.1" 200 11028 "-" "Mozilla/5.0 (compatible; TMMBot/0.2; +http://www.dslab.ch)/Nutch-1.15"
85.25.177.139 - - [20/Sep/2022:11:29:47 +0200] "GET /PodCast/Sounegsang HTTP/1.1" 200 14204 "-" "Mozilla/5.0 (Macintosh; Intel Mac OS X 10.15; rv:103.0) Gecko/20100101 Firefox/103.0"
194.209.200.2 - - [20/Sep/2022:11:31:02 +0200] "GET /Texte/GDicht HTTP/1.1" 200 8050 "-" "Mozilla/5.0 (compatible; TMMBot/0.2; +http://www.dslab.ch)/Nutch-1.15"
85.25.177.139 - - [20/Sep/2022:11:31:09 +0200] "GET /PodCast/Ouhsschaffig HTTP/1.1" 200 12619 "-" "Mozilla/5.0 (Macintosh; Intel Mac OS X 10.15; rv:103.0) Gecko/20100101 Firefox/103.0"
194.209.200.2 - - [20/Sep/2022:11:31:43 +0200] "GET /Texte/Styluebige HTTP/1.1" 200 9998 "-" "Mozilla/5.0 (compatible; TMMBot/0.2; +http://www.dslab.ch)/Nutch-1.15"
193.56.67.188 - - [20/Sep/2022:11:31:58 +0200] "GET /PmWikiRu/Passwords HTTP/1.1" 200 18541 "-" "Mozilla/5.0 (Macintosh; Intel Mac OS X 10_11_0) AppleWebKit/537.36 (KHTML, like Gecko) Chrome/45.0.2454.101 Safari/537.36"
85.25.177.139 - - [20/Sep/2022:11:32:11 +0200] "GET /Site/111Stans1481?action=upload HTTP/1.1" 200 8553 "-" "Mozilla/5.0 (Macintosh; Intel Mac OS X 10.15; rv:103.0) Gecko/20100101 Firefox/103.0"
85.25.177.139 - - [20/Sep/2022:11:32:52 +0200] "GET /JissIBNJoussouff4/02 HTTP/1.1" 200 8155 "-" "Mozilla/5.0 (Macintosh; Intel Mac OS X 10.15; rv:103.0) Gecko/20100101 Firefox/103.0"
85.25.177.139 - - [20/Sep/2022:11:34:15 +0200] "GET /PmWiki/PageLists?action=print HTTP/1.1" 200 35569 "-" "Mozilla/5.0 (Macintosh; Intel Mac OS X 10.15; rv:103.0) Gecko/20100101 Firefox/103.0"
194.209.200.2 - - [20/Sep/2022:11:34:30 +0200] "GET /Admin/Pro-ZurituutschStatuten HTTP/1.1" 200 9580 "-" "Mozilla/5.0 (compatible; TMMBot/0.2; +http://www.dslab.ch)/Nutch-1.15"
5.183.254.74 - - [20/Sep/2022:11:35:00 +0200] "GET /PmWikiRu/SimultaneousEdits HTTP/1.1" 200 14733 "-" "Mozilla/5.0 (Windows NT 10.0; WOW64) AppleWebKit/537.36 (KHTML, like Gecko) Chrome/46.0.2490.71 Safari/537.36"
193.202.87.135 - - [20/Sep/2022:11:35:30 +0200] "GET /PmWikiRu/Links HTTP/1.1" 200 18190 "-" "Mozilla/5.0 (Macintosh; Intel Mac OS X 10_10_5) AppleWebKit/537.36 (KHTML, like Gecko) Chrome/46.0.2490.71 Safari/537.36"
85.25.177.139 - - [20/Sep/2022:11:35:42 +0200] "GET /PmWiki/ConditionalMarkup?action=print HTTP/1.1" 200 19200 "-" "Mozilla/5.0 (Macintosh; Intel Mac OS X 10.15; rv:103.0) Gecko/20100101 Firefox/103.0"
185.212.115.250 - - [20/Sep/2022:11:36:01 +0200] "GET /PmWikiRu/WikiWord HTTP/1.1" 200 14194 "-" "Mozilla/5.0 (Windows NT 10.0; WOW64) AppleWebKit/537.36 (KHTML, like Gecko) Chrome/45.0.2454.101 Safari/537.36"
85.25.177.139 - - [20/Sep/2022:11:36:29 +0200] "GET /PmWiki/PageVariables?action=print HTTP/1.1" 200 16556 "-" "Mozilla/5.0 (Macintosh; Intel Mac OS X 10.15; rv:103.0) Gecko/20100101 Firefox/103.0"
193.31.126.85 - - [20/Sep/2022:11:36:34 +0200] "GET /PmWikiRu/InterMap HTTP/1.1" 200 13291 "-" "Mozilla/5.0 (Windows NT 6.1; WOW64) AppleWebKit/537.36 (KHTML, like Gecko) Chrome/45.0.2454.101 Safari/537.36"
193.202.85.124 - - [20/Sep/2022:11:37:07 +0200] "GET /PmWikiRu/CustomInterMap HTTP/1.1" 200 18042 "-" "Mozilla/5.0 (Windows NT 10.0; WOW64) AppleWebKit/537.36 (KHTML, like Gecko) Chrome/45.0.2454.101 Safari/537.36"
85.25.177.139 - - [20/Sep/2022:11:37:34 +0200] "GET /PodCast/Limerick35 HTTP/1.1" 200 8268 "-" "Mozilla/5.0 (Macintosh; Intel Mac OS X 10.15; rv:103.0) Gecko/20100101 Firefox/103.0"
45.10.167.35 - - [20/Sep/2022:11:37:50 +0200] "GET /PmWikiRu/WikiGroup HTTP/1.1" 200 20064 "-" "Mozilla/5.0 (Windows NT 6.1; WOW64; rv:41.0) Gecko/20100101 Firefox/41.0"
85.25.177.139 - - [20/Sep/2022:11:38:47 +0200] "GET /JissIBNJoussouff3/02 HTTP/1.1" 200 8155 "-" "Mozilla/5.0 (Macintosh; Intel Mac OS X 10.15; rv:103.0) Gecko/20100101 Firefox/103.0"
194.26.129.149 - - [20/Sep/2022:11:38:59 +0200] "GET /PmWikiRu/HierarchicalGroups?action=edit HTTP/1.1" 200 9341 "-" "Mozilla/5.0 (Macintosh; Intel Mac OS X 10_10_5) AppleWebKit/601.1.56 (KHTML, like Gecko) Version/9.0 Safari/601.1.56"
193.151.189.60 - - [20/Sep/2022:11:39:37 +0200] "GET /PmWikiRu/WikiArchitecture?action=edit HTTP/1.1" 200 9313 "-" "Mozilla/5.0 (Macintosh; Intel Mac OS X 10_10_5) AppleWebKit/537.36 (KHTML, like Gecko) Chrome/45.0.2454.101 Safari/537.36"
212.119.47.205 - - [20/Sep/2022:11:40:15 +0200] "GET /PmWikiRu/WikiTrails HTTP/1.1" 200 18251 "-" "Mozilla/5.0 (X11; Ubuntu; Linux x86_64; rv:41.0) Gecko/20100101 Firefox/41.0"
85.25.177.139 - - [20/Sep/2022:11:40:19 +0200] "GET /Site/Site?action=edit HTTP/1.1" 200 8565 "-" "Mozilla/5.0 (Macintosh; Intel Mac OS X 10.15; rv:103.0) Gecko/20100101 Firefox/103.0"
85.25.177.139 - - [20/Sep/2022:11:41:12 +0200] "GET /Site/101Ramft1478?action=print HTTP/1.1" 200 10075 "-" "Mozilla/5.0 (Macintosh; Intel Mac OS X 10.15; rv:103.0) Gecko/20100101 Firefox/103.0"
85.25.177.139 - - [20/Sep/2022:11:42:35 +0200] "GET /PodCast/Frueligsschwyge?action=edit&restore=diff:1176222883:1172389779:&preview=y HTTP/1.1" 200 8780 "-" "Mozilla/5.0 (Macintosh; Intel Mac OS X 10.15; rv:103.0) Gecko/20100101 Firefox/103.0"
85.25.177.139 - - [20/Sep/2022:11:43:42 +0200] "GET /Site/121Sitkouscht1482?action=print HTTP/1.1" 200 8145 "-" "Mozilla/5.0 (Macintosh; Intel Mac OS X 10.15; rv:103.0) Gecko/20100101 Firefox/103.0"
66.249.76.222 - - [20/Sep/2022:11:43:48 +0200] "GET /Texte/Styluebige HTTP/1.1" 200 9998 "-" "Mozilla/5.0 (compatible; Googlebot/2.1; +http://www.google.com/bot.html)"
3.216.185.164 - - [20/Sep/2022:11:44:35 +0200] "GET /PodCast/IndexPage?action=rss HTTP/1.1" 200 6298 "-" "PocketCasts/1.0 (Pocket Casts Feed Parser; +http://pocketcasts.com/)"
85.25.177.139 - - [20/Sep/2022:11:44:39 +0200] "GET /PodCast/Frueligsschwyge?action=edit&restore=diff:1177577172:1177576456:&preview=y HTTP/1.1" 200 8780 "-" "Mozilla/5.0 (Macintosh; Intel Mac OS X 10.15; rv:103.0) Gecko/20100101 Firefox/103.0"
85.25.177.139 - - [20/Sep/2022:11:45:30 +0200] "GET /Site/122Sitkouscht1482?action=print HTTP/1.1" 200 13355 "-" "Mozilla/5.0 (Macintosh; Intel Mac OS X 10.15; rv:103.0) Gecko/20100101 Firefox/103.0"
85.25.177.139 - - [20/Sep/2022:11:46:26 +0200] "GET /PodCast/191Houhsraech1509?action=print HTTP/1.1" 404 2432 "-" "Mozilla/5.0 (Macintosh; Intel Mac OS X 10.15; rv:103.0) Gecko/20100101 Firefox/103.0"
85.25.177.139 - - [20/Sep/2022:11:47:14 +0200] "GET /PmWiki/PageTextVariables?action=print HTTP/1.1" 200 18718 "-" "Mozilla/5.0 (Macintosh; Intel Mac OS X 10.15; rv:103.0) Gecko/20100101 Firefox/103.0"
85.25.177.139 - - [20/Sep/2022:11:48:00 +0200] "GET /Site/112Stans1481?action=print HTTP/1.1" 200 11417 "-" "Mozilla/5.0 (Macintosh; Intel Mac OS X 10.15; rv:103.0) Gecko/20100101 Firefox/103.0"
35.175.239.233 - - [20/Sep/2022:11:48:37 +0200] "GET /PodCast/IndexPage?action=rss HTTP/1.1" 200 6298 "https://www.google.com/" "Mozilla/5.0 (Macintosh; Intel Mac OS X 10_15_3) AppleWebKit/537.36 (KHTML, like Gecko) Chrome/80.0.3987.122 Safari/537.36"
85.25.177.139 - - [20/Sep/2022:11:48:41 +0200] "GET /Site/123Sitkouscht1482?action=print HTTP/1.1" 200 9665 "-" "Mozilla/5.0 (Macintosh; Intel Mac OS X 10.15; rv:103.0) Gecko/20100101 Firefox/103.0"
147.78.180.23 - - [20/Sep/2022:11:48:54 +0200] "GET /PmWikiRu/GroupHeaders HTTP/1.1" 200 13450 "-" "Mozilla/5.0 (Windows NT 10.0; WOW64) AppleWebKit/537.36 (KHTML, like Gecko) Chrome/45.0.2454.101 Safari/537.36"
193.151.188.41 - - [20/Sep/2022:11:49:32 +0200] "GET /PmWikiRu/WikiStyles HTTP/1.1" 200 30558 "-" "Mozilla/5.0 (X11; Ubuntu; Linux x86_64; rv:41.0) Gecko/20100101 Firefox/41.0"
85.25.177.139 - - [20/Sep/2022:11:50:15 +0200] "GET /Site/102Ramft1478?action=print HTTP/1.1" 200 11564 "-" "Mozilla/5.0 (Macintosh; Intel Mac OS X 10.15; rv:103.0) Gecko/20100101 Firefox/103.0"
85.25.177.139 - - [20/Sep/2022:11:51:19 +0200] "GET /Site/141Taagsatzig1484?action=print HTTP/1.1" 200 2666 "-" "Mozilla/5.0 (Macintosh; Intel Mac OS X 10.15; rv:103.0) Gecko/20100101 Firefox/103.0"
85.25.177.139 - - [20/Sep/2022:11:52:50 +0200] "GET /PmWiki/WikiGroup?action=search&q=fmt%3Dgroup HTTP/1.1" 200 16188 "-" "Mozilla/5.0 (Macintosh; Intel Mac OS X 10.15; rv:103.0) Gecko/20100101 Firefox/103.0"
178.20.214.152 - - [20/Sep/2022:11:53:07 +0200] "GET /PmWikiRu/Tables HTTP/1.1" 200 25759 "-" "Mozilla/5.0 (Macintosh; Intel Mac OS X 10_10_5) AppleWebKit/601.1.56 (KHTML, like Gecko) Version/9.0 Safari/601.1.56"
185.89.43.143 - - [20/Sep/2022:11:53:36 +0200] "GET /PmWikiRu/TableDirectives HTTP/1.1" 200 25080 "-" "Mozilla/5.0 (Macintosh; Intel Mac OS X 10_10_5) AppleWebKit/537.36 (KHTML, like Gecko) Chrome/46.0.2490.71 Safari/537.36"
85.25.177.139 - - [20/Sep/2022:11:54:47 +0200] "GET /PodCast/191Houhsraech1509?action=diff&source=n&minor=y HTTP/1.1" 200 9357 "-" "Mozilla/5.0 (Macintosh; Intel Mac OS X 10.15; rv:103.0) Gecko/20100101 Firefox/103.0"
85.25.177.139 - - [20/Sep/2022:11:56:00 +0200] "GET /PodCast/191Houhsraech1509?action=diff&source=y&minor=n HTTP/1.1" 200 9347 "-" "Mozilla/5.0 (Macintosh; Intel Mac OS X 10.15; rv:103.0) Gecko/20100101 Firefox/103.0"
93.177.119.229 - - [20/Sep/2022:11:56:34 +0200] "GET /PmWikiRu/Uploads HTTP/1.1" 200 17376 "-" "Mozilla/5.0 (Windows NT 6.3; WOW64) AppleWebKit/537.36 (KHTML, like Gecko) Chrome/45.0.2454.101 Safari/537.36"
85.25.177.139 - - [20/Sep/2022:11:56:48 +0200] "GET /PodCast/192HouhsRech1509?action=print HTTP/1.1" 404 2428 "-" "Mozilla/5.0 (Macintosh; Intel Mac OS X 10.15; rv:103.0) Gecko/20100101 Firefox/103.0"
95.163.255.85 - - [20/Sep/2022:11:56:49 +0200] "GET /robots.txt HTTP/1.0" 200 - "-" "Mozilla/5.0 (compatible; Linux x86_64; Mail.RU_Bot/2.0; +https://help.mail.ru/webmaster/indexing/robots)"
95.163.255.89 - - [20/Sep/2022:11:56:50 +0200] "GET /PmWikiRu/WebHosts HTTP/1.1" 200 11839 "-" "Mozilla/5.0 (compatible; Linux x86_64; Mail.RU_Bot/2.0; +https://help.mail.ru/webmaster/indexing/robots)"
95.163.255.87 - - [20/Sep/2022:11:56:51 +0200] "GET /Site/Search HTTP/1.1" 200 10556 "-" "Mozilla/5.0 (compatible; Linux x86_64; Mail.RU_Bot/2.0; +https://help.mail.ru/webmaster/indexing/robots)"
193.187.95.75 - - [20/Sep/2022:11:57:06 +0200] "GET /PmWikiRu/UploadsAdmin HTTP/1.1" 200 33808 "-" "Mozilla/5.0 (Windows NT 6.1; WOW64) AppleWebKit/537.36 (KHTML, like Gecko) Chrome/46.0.2490.71 Safari/537.36"
37.44.252.80 - - [20/Sep/2022:11:57:33 +0200] "GET /Category/Images HTTP/1.1" 200 8457 "-" "Mozilla/5.0 (Windows NT 6.3; WOW64) AppleWebKit/537.36 (KHTML, like Gecko) Chrome/45.0.2454.101 Safari/537.36"
