85.25.177.139 - - [20/Sep/2022:02:10:43 +0200] "GET /PodCast/Frueligsschwyge?action=diff&source=y&minor=n HTTP/1.1" 200 17032 "-" "Mozilla/5.0 (Macintosh; Intel Mac OS X 10.15; rv:103.0) Gecko/20100101 Firefox/103.0"
5.133.120.37 - - [20/Sep/2022:02:11:59 +0200] "GET /PmWikiFr/TableDesMatiRes?action=print HTTP/1.1" 404 2429 "-" "Mozilla/5.0 (Windows NT 6.1; WOW64) AppleWebKit/537.36 (KHTML, like Gecko) Chrome/45.0.2454.101 Safari/537.36"
193.233.250.214 - - [20/Sep/2022:02:12:21 +0200] "GET /PmWikiFr/TableDesMatiRes?action=diff HTTP/1.1" 200 9716 "-" "Mozilla/5.0 (Windows NT 6.3; WOW64) AppleWebKit/537.36 (KHTML, like Gecko) Chrome/45.0.2454.101 Safari/537.36"
85.25.177.139 - - [20/Sep/2022:02:12:40 +0200] "GET /PodCast/Frueligsschwyge?action=edit&restore=diff:1172389686:1172389390:&preview=y HTTP/1.1" 200 8780 "-" "Mozilla/5.0 (Macintosh; Intel Mac OS X 10.15; rv:103.0) Gecko/20100101 Firefox/103.0"
45.10.164.250 - - [20/Sep/2022:02:12:49 +0200] "GET /PmWikiFr/DiminutionBandePassante?action=edit HTTP/1.1" 200 9245 "-" "Mozilla/5.0 (Macintosh; Intel Mac OS X 10_11_0) AppleWebKit/537.36 (KHTML, like Gecko) Chrome/45.0.2454.101 Safari/537.36"
45.10.166.137 - - [20/Sep/2022:02:13:13 +0200] "GET /PmWikiFr/DiminutionBandePassante?action=upload HTTP/1.1" 200 9145 "-" "Mozilla/5.0 (X11; Ubuntu; Linux x86_64; rv:41.0) Gecko/20100101 Firefox/41.0"
212.60.20.210 - - [20/Sep/2022:02:13:32 +0200] "GET /PmWikiFr/DiminutionBandePassante?action=diff HTTP/1.1" 200 9842 "-" "Mozilla/5.0 (Windows NT 6.1; WOW64; Trident/7.0; rv:11.0) like Gecko"
194.209.200.2 - - [20/Sep/2022:02:14:09 +0200] "GET /Hilfe/AnleitungTonbeispiele HTTP/1.1" 200 9878 "-" "Mozilla/5.0 (compatible; TMMBot/0.2; +http://www.dslab.ch)/Nutch-1.15"
85.25.177.139 - - [20/Sep/2022:02:14:21 +0200] "GET /PodCast/Frueligsschwyge?action=diff&source=n&minor=y HTTP/1.1" 200 16988 "-" "Mozilla/5.0 (Macintosh; Intel Mac OS X 10.15; rv:103.0) Gecko/20100101 Firefox/103.0"
65.21.226.48 - - [20/Sep/2022:02:15:09 +0200] "GET /Texte/Roman HTTP/1.1" 200 38741 "http://www.pro-zurituutsch.ch/" "Mozilla/5.0 (compatible; SEOkicks; +https://www.seokicks.de/robot.html)"
65.21.226.48 - - [20/Sep/2022:02:15:10 +0200] "GET /Texte/GNU/Emacs HTTP/1.1" 404 264 "http://www.pro-zurituutsch.ch/Texte/Roman" "Mozilla/5.0 (compatible; SEOkicks; +https://www.seokicks.de/robot.html)"
65.21.226.48 - - [20/Sep/2022:02:15:12 +0200] "GET /Texte/Styluebige HTTP/1.1" 200 9998 "http://www.pro-zurituutsch.ch/" "Mozilla/5.0 (compatible; SEOkicks; +https://www.seokicks.de/robot.html)"
65.21.226.48 - - [20/Sep/2022:02:15:13 +0200] "GET /Texte/Schrybwys HTTP/1.1" 200 11028 "http://www.pro-zurituutsch.ch/" "Mozilla/5.0 (compatible; SEOkicks; +https://www.seokicks.de/robot.html)"
65.21.226.48 - - [20/Sep/2022:02:15:14 +0200] "GET /Texte/Bitterbeuhsi HTTP/1.1" 200 9255 "http://www.pro-zurituutsch.ch/" "Mozilla/5.0 (compatible; SEOkicks; +https://www.seokicks.de/robot.html)"
65.21.226.48 - - [20/Sep/2022:02:15:15 +0200] "GET /Texte/ArsAmatoria HTTP/1.1" 200 12369 "http://www.pro-zurituutsch.ch/" "Mozilla/5.0 (compatible; SEOkicks; +https://www.seokicks.de/robot.html)"
65.21.226.48 - - [20/Sep/2022:02:15:16 +0200] "GET /Texte/Metamorphoses HTTP/1.1" 200 9045 "http://www.pro-zurituutsch.ch/" "Mozilla/5.0 (compatible; SEOkicks; +https://www.seokicks.de/robot.html)"
65.21.226.48 - - [20/Sep/2022:02:15:17 +0200] "GET /Texte/ZurcherischEnglish HTTP/1.1" 200 8274 "http://www.pro-zurituutsch.ch/" "Mozilla/5.0 (compatible; SEOkicks; +https://www.seokicks.de/robot.html)"
65.21.226.48 - - [20/Sep/2022:02:15:19 +0200] "GET /Texte/Rezension HTTP/1.1" 200 11812 "http://www.pro-zurituutsch.ch/" "Mozilla/5.0 (compatible; SEOkicks; +https://www.seokicks.de/robot.html)"
65.21.226.48 - - [20/Sep/2022:02:15:20 +0200] "GET /Texte/Limericks HTTP/1.1" 200 8087 "http://www.pro-zurituutsch.ch/" "Mozilla/5.0 (compatible; SEOkicks; +https://www.seokicks.de/robot.html)"
65.21.226.48 - - [20/Sep/2022:02:15:21 +0200] "GET /Texte/GDicht HTTP/1.1" 200 8050 "http://www.pro-zurituutsch.ch/" "Mozilla/5.0 (compatible; SEOkicks; +https://www.seokicks.de/robot.html)"
85.25.177.139 - - [20/Sep/2022:02:16:34 +0200] "GET /Texte/GDicht?action=diff&source=y&minor=y HTTP/1.1" 200 9534 "-" "Mozilla/5.0 (Macintosh; Intel Mac OS X 10.15; rv:103.0) Gecko/20100101 Firefox/103.0"
85.25.177.139 - - [20/Sep/2022:02:17:14 +0200] "GET /PodCast/Frueligsschwyge?action=edit&restore=diff:1172389390:1172389390:&preview=y HTTP/1.1" 200 8780 "-" "Mozilla/5.0 (Macintosh; Intel Mac OS X 10.15; rv:103.0) Gecko/20100101 Firefox/103.0"
46.161.59.48 - - [20/Sep/2022:02:17:15 +0200] "GET /PmWikiFr/ChangementDuNomDeMenu?action=edit HTTP/1.1" 200 9221 "-" "Mozilla/5.0 (Windows NT 6.1; WOW64) AppleWebKit/537.36 (KHTML, like Gecko) Chrome/46.0.2490.71 Safari/537.36"
193.31.126.158 - - [20/Sep/2022:02:17:41 +0200] "GET /PmWikiFr/ChangementDuNomDeMenu?action=upload HTTP/1.1" 200 9121 "-" "Mozilla/5.0 (Windows NT 10.0; WOW64) AppleWebKit/537.36 (KHTML, like Gecko) Chrome/46.0.2490.71 Safari/537.36"
193.187.95.109 - - [20/Sep/2022:02:18:29 +0200] "GET /PmWikiFr/ChangementDuNomDeMenu?action=diff HTTP/1.1" 200 9814 "-" "Mozilla/5.0 (Macintosh; Intel Mac OS X 10_10_5) AppleWebKit/601.1.56 (KHTML, like Gecko) Version/9.0 Safari/601.1.56"
85.25.177.139 - - [20/Sep/2022:02:18:59 +0200] "GET /PodCast/Frueligsschwyge?action=edit&restore=diff:1177577276:1177577172:&preview=y HTTP/1.1" 200 8780 "-" "Mozilla/5.0 (Macintosh; Intel Mac OS X 10.15; rv:103.0) Gecko/20100101 Firefox/103.0"
37.44.196.11 - - [20/Sep/2022:02:19:02 +0200] "GET /PmWikiFr/A?action=search&q=link=PmWikiFr.ChangementDuNomDeMenu&fmt=title HTTP/1.1" 200 10907 "-" "Mozilla/5.0 (Windows NT 6.1; WOW64; rv:41.0) Gecko/20100101 Firefox/41.0"
45.145.130.70 - - [20/Sep/2022:02:19:36 +0200] "GET /PmWikiFr/ListeDeBlocage2?action=upload HTTP/1.1" 200 9035 "-" "Mozilla/5.0 (Macintosh; Intel Mac OS X 10_11) AppleWebKit/601.1.56 (KHTML, like Gecko) Version/9.0 Safari/601.1.56"
114.119.130.111 - - [20/Sep/2022:02:20:03 +0200] "GET /PmWikiFr/SkinTemplates HTTP/1.1" 200 18218 "http://www.pro-zurituutsch.ch/PmWikiFr/EtatDeLaTraduction" "Mozilla/5.0 (Linux; Android 7.0;) AppleWebKit/537.36 (KHTML, like Gecko) Mobile Safari/537.36 (compatible; PetalBot;+https://webmaster.petalsearch.com/site/petalbot)"
85.25.177.139 - - [20/Sep/2022:02:20:29 +0200] "GET /PodCast/Frueligsschwyge?action=edit&restore=diff:1172389779:1172389686:&preview=y HTTP/1.1" 200 8780 "-" "Mozilla/5.0 (Macintosh; Intel Mac OS X 10.15; rv:103.0) Gecko/20100101 Firefox/103.0"
85.25.177.139 - - [20/Sep/2022:02:21:15 +0200] "GET /Texte/GDicht?action=diff&source=n&minor=n HTTP/1.1" 200 9540 "-" "Mozilla/5.0 (Macintosh; Intel Mac OS X 10.15; rv:103.0) Gecko/20100101 Firefox/103.0"
85.25.177.139 - - [20/Sep/2022:02:22:22 +0200] "GET /PodCast/Frueligsschwyge?action=edit&restore=diff:1177576456:1176222883:&preview=y HTTP/1.1" 200 8780 "-" "Mozilla/5.0 (Macintosh; Intel Mac OS X 10.15; rv:103.0) Gecko/20100101 Firefox/103.0"
85.25.177.139 - - [20/Sep/2022:02:24:22 +0200] "GET /Gast HTTP/1.1" 404 8096 "-" "Mozilla/5.0 (Macintosh; Intel Mac OS X 10.15; rv:103.0) Gecko/20100101 Firefox/103.0"
85.25.177.139 - - [20/Sep/2022:02:26:04 +0200] "GET /Texte/Limericks?action=diff&source=y&minor=y HTTP/1.1" 200 9581 "-" "Mozilla/5.0 (Macintosh; Intel Mac OS X 10.15; rv:103.0) Gecko/20100101 Firefox/103.0"
45.10.166.12 - - [20/Sep/2022:02:27:03 +0200] "GET /PmWikiFr/Sous-menu?action=upload HTTP/1.1" 200 8945 "-" "Mozilla/5.0 (Windows NT 10.0; WOW64) AppleWebKit/537.36 (KHTML, like Gecko) Chrome/46.0.2490.71 Safari/537.36"
193.163.207.215 - - [20/Sep/2022:02:27:40 +0200] "GET /PmWikiFr/Sous-menu?action=print HTTP/1.1" 404 2405 "-" "Mozilla/5.0 (Windows NT 10.0; WOW64; rv:41.0) Gecko/20100101 Firefox/41.0"
85.25.177.139 - - [20/Sep/2022:02:27:51 +0200] "GET /Texte/Limericks?action=diff&source=n&minor=n HTTP/1.1" 200 9587 "-" "Mozilla/5.0 (Macintosh; Intel Mac OS X 10.15; rv:103.0) Gecko/20100101 Firefox/103.0"
54.234.118.247 - - [20/Sep/2022:02:28:53 +0200] "GET /PodCast/IndexPage?action=rss HTTP/1.1" 200 6298 "-" "PlayerFM/1.0 Podcast Sync (1 subscribers; url=https://player.fm/series/podcast-2872909)"
85.25.177.139 - - [20/Sep/2022:02:29:35 +0200] "GET /PodCast/Limerick27?action=print HTTP/1.1" 200 2879 "-" "Mozilla/5.0 (Macintosh; Intel Mac OS X 10.15; rv:103.0) Gecko/20100101 Firefox/103.0"
85.25.177.139 - - [20/Sep/2022:02:31:15 +0200] "GET /Texte/Rezension?action=diff&source=n&minor=y HTTP/1.1" 200 19296 "-" "Mozilla/5.0 (Macintosh; Intel Mac OS X 10.15; rv:103.0) Gecko/20100101 Firefox/103.0"
85.25.177.139 - - [20/Sep/2022:02:31:26 +0200] "GET /PodCast/Wistaria01?action=edit&restore=diff:1502824912:1502824887:&preview=y HTTP/1.1" 200 8712 "-" "Mozilla/5.0 (Macintosh; Intel Mac OS X 10.15; rv:103.0) Gecko/20100101 Firefox/103.0"
66.249.76.222 - - [20/Sep/2022:02:31:52 +0200] "GET /PodCast/IndexPage?action=rss HTTP/1.1" 200 6298 "-" "Mozilla/5.0 (compatible; Googlebot/2.1; +http://www.google.com/bot.html)"
85.25.177.139 - - [20/Sep/2022:02:33:26 +0200] "GET /Texte/Rezension?action=edit&restore=diff:1163056397:1163036469:&preview=y HTTP/1.1" 200 8667 "-" "Mozilla/5.0 (Macintosh; Intel Mac OS X 10.15; rv:103.0) Gecko/20100101 Firefox/103.0"
85.25.177.139 - - [20/Sep/2022:02:33:52 +0200] "GET /PodCast/Wistaria01?action=diff&source=y&minor=n HTTP/1.1" 200 30369 "-" "Mozilla/5.0 (Macintosh; Intel Mac OS X 10.15; rv:103.0) Gecko/20100101 Firefox/103.0"
185.191.171.11 - - [20/Sep/2022:02:34:02 +0200] "GET /robots.txt HTTP/1.1" 200 - "-" "Mozilla/5.0 (compatible; SemrushBot/7~bl; +http://www.semrush.com/bot.html)"
185.191.171.4 - - [20/Sep/2022:02:34:03 +0200] "GET /PmWikiFr/SimultaneousEdits HTTP/1.1" 200 12346 "-" "Mozilla/5.0 (compatible; SemrushBot/7~bl; +http://www.semrush.com/bot.html)"
85.25.177.139 - - [20/Sep/2022:02:36:26 +0200] "GET /PodCast/Wistaria01?action=edit&restore=diff:1501390710:1501360379:&preview=y HTTP/1.1" 200 8712 "-" "Mozilla/5.0 (Macintosh; Intel Mac OS X 10.15; rv:103.0) Gecko/20100101 Firefox/103.0"
85.25.177.139 - - [20/Sep/2022:02:39:32 +0200] "GET /PodCast/Wistaria01?action=edit&restore=diff:1501360177:1501359829:&preview=y HTTP/1.1" 200 8712 "-" "Mozilla/5.0 (Macintosh; Intel Mac OS X 10.15; rv:103.0) Gecko/20100101 Firefox/103.0"
85.25.177.139 - - [20/Sep/2022:02:41:39 +0200] "GET /PodCast/Wistaria01?action=edit&restore=diff:1501357751:1501357751:&preview=y HTTP/1.1" 200 8712 "-" "Mozilla/5.0 (Macintosh; Intel Mac OS X 10.15; rv:103.0) Gecko/20100101 Firefox/103.0"
85.25.177.139 - - [20/Sep/2022:02:43:15 +0200] "GET /PodCast/Wistaria01?action=edit&restore=diff:1501359829:1501357751:&preview=y HTTP/1.1" 200 8712 "-" "Mozilla/5.0 (Macintosh; Intel Mac OS X 10.15; rv:103.0) Gecko/20100101 Firefox/103.0"
194.209.200.2 - - [20/Sep/2022:02:43:39 +0200] "GET /robots.txt HTTP/1.1" 200 - "-" "Mozilla/5.0 (compatible; TMMBot/0.2; +http://www.dslab.ch)/Nutch-1.15"
194.209.200.2 - - [20/Sep/2022:02:43:39 +0200] "GET /Admin/Jahresbericht HTTP/1.1" 200 45530 "-" "Mozilla/5.0 (compatible; TMMBot/0.2; +http://www.dslab.ch)/Nutch-1.15"
194.209.200.2 - - [20/Sep/2022:02:43:58 +0200] "GET /Texte/Limericks HTTP/1.1" 200 8087 "-" "Mozilla/5.0 (compatible; TMMBot/0.2; +http://www.dslab.ch)/Nutch-1.15"
194.209.200.2 - - [20/Sep/2022:02:44:02 +0200] "GET /Texte/Schrybwys HTTP/1.1" 200 11028 "-" "Mozilla/5.0 (compatible; TMMBot/0.2; +http://www.dslab.ch)/Nutch-1.15"
85.25.177.139 - - [20/Sep/2022:02:44:57 +0200] "GET /PodCast/Wistaria01?action=edit HTTP/1.1" 200 8666 "-" "Mozilla/5.0 (Macintosh; Intel Mac OS X 10.15; rv:103.0) Gecko/20100101 Firefox/103.0"
194.209.200.2 - - [20/Sep/2022:02:44:57 +0200] "GET /Texte/GDicht HTTP/1.1" 200 8050 "-" "Mozilla/5.0 (compatible; TMMBot/0.2; +http://www.dslab.ch)/Nutch-1.15"
194.209.200.2 - - [20/Sep/2022:02:45:23 +0200] "GET /Texte/Styluebige HTTP/1.1" 200 9998 "-" "Mozilla/5.0 (compatible; TMMBot/0.2; +http://www.dslab.ch)/Nutch-1.15"
85.25.177.139 - - [20/Sep/2022:02:46:47 +0200] "GET /PodCast/Wistaria01?action=edit&restore=diff:1502824862:1501390710:&preview=y HTTP/1.1" 200 8712 "-" "Mozilla/5.0 (Macintosh; Intel Mac OS X 10.15; rv:103.0) Gecko/20100101 Firefox/103.0"
85.25.177.139 - - [20/Sep/2022:02:48:16 +0200] "GET /PodCast/REZMockingbird?action=edit&restore=diff:1456665400:1456601121:&preview=y HTTP/1.1" 200 8768 "-" "Mozilla/5.0 (Macintosh; Intel Mac OS X 10.15; rv:103.0) Gecko/20100101 Firefox/103.0"
85.25.177.139 - - [20/Sep/2022:02:50:17 +0200] "GET /PodCast/REZMockingbird?action=diff&source=n&minor=n HTTP/1.1" 200 16351 "-" "Mozilla/5.0 (Macintosh; Intel Mac OS X 10.15; rv:103.0) Gecko/20100101 Firefox/103.0"
66.249.76.220 - - [20/Sep/2022:02:51:45 +0200] "GET /PodCast/IndexPage?action=rss HTTP/1.1" 200 6298 "-" "Mozilla/5.0 (compatible; Googlebot/2.1; +http://www.google.com/bot.html)"
85.25.177.139 - - [20/Sep/2022:02:52:54 +0200] "GET /PodCast/Ynachte2?action=edit&restore=diff:1343762145:1343761900:&preview=y HTTP/1.1" 200 8684 "-" "Mozilla/5.0 (Macintosh; Intel Mac OS X 10.15; rv:103.0) Gecko/20100101 Firefox/103.0"
85.25.177.139 - - [20/Sep/2022:02:53:22 +0200] "GET /PodCast/REZMockingbird?action=edit&restore=diff:1456665797:1456665400:&preview=y HTTP/1.1" 200 8768 "-" "Mozilla/5.0 (Macintosh; Intel Mac OS X 10.15; rv:103.0) Gecko/20100101 Firefox/103.0"
85.25.177.139 - - [20/Sep/2022:02:55:03 +0200] "GET /PodCast/REZMockingbird?action=diff&source=y&minor=y HTTP/1.1" 200 15854 "-" "Mozilla/5.0 (Macintosh; Intel Mac OS X 10.15; rv:103.0) Gecko/20100101 Firefox/103.0"
85.25.177.139 - - [20/Sep/2022:02:56:39 +0200] "GET /PodCast/Hinkeljouged1?action=diff&source=n&minor=n HTTP/1.1" 200 28042 "-" "Mozilla/5.0 (Macintosh; Intel Mac OS X 10.15; rv:103.0) Gecko/20100101 Firefox/103.0"
85.25.177.139 - - [20/Sep/2022:02:58:28 +0200] "GET /PodCast/Ynachte2?action=diff&source=n&minor=n HTTP/1.1" 200 21462 "-" "Mozilla/5.0 (Macintosh; Intel Mac OS X 10.15; rv:103.0) Gecko/20100101 Firefox/103.0"
85.25.177.139 - - [20/Sep/2022:03:00:10 +0200] "GET /PodCast/Ynachte2?action=edit&restore=diff:1343762205:1343762145:&preview=y HTTP/1.1" 200 8684 "-" "Mozilla/5.0 (Macintosh; Intel Mac OS X 10.15; rv:103.0) Gecko/20100101 Firefox/103.0"
185.191.171.39 - - [20/Sep/2022:03:01:49 +0200] "GET /Hilfe/Winamp HTTP/1.1" 200 9314 "-" "Mozilla/5.0 (compatible; SemrushBot/7~bl; +http://www.semrush.com/bot.html)"
85.25.177.139 - - [20/Sep/2022:03:02:02 +0200] "GET /PodCast/Metamorfoose?action=edit&restore=diff:1163401299:1163064938:&preview=y HTTP/1.1" 200 8738 "-" "Mozilla/5.0 (Macintosh; Intel Mac OS X 10.15; rv:103.0) Gecko/20100101 Firefox/103.0"
65.21.226.48 - - [20/Sep/2022:03:02:15 +0200] "GET /Texte/Gloosse HTTP/1.1" 200 8061 "http://www.pro-zurituutsch.ch/" "Mozilla/5.0 (compatible; SEOkicks; +https://www.seokicks.de/robot.html)"
168.119.51.163 - - [20/Sep/2022:03:02:15 +0200] "GET /robots.txt HTTP/1.1" 200 - "-" "Mozilla/5.0 (compatible; um-IC/1.0; mailto: techinfo@ubermetrics-technologies.com; Windows NT 6.1; WOW64; rv:40.0) Gecko/20100101 Firefox/40.1"
168.119.51.163 - - [20/Sep/2022:03:02:15 +0200] "GET /PodCast/IndexPage?action=rss HTTP/1.1" 200 6298 "-" "Mozilla/5.0 (compatible; um-IC/1.0; mailto: techinfo@ubermetrics-technologies.com; Windows NT 6.1; WOW64; rv:40.0) Gecko/20100101 Firefox/40.1"
65.21.226.48 - - [20/Sep/2022:03:02:16 +0200] "GET /Gast/Podcast HTTP/1.1" 200 8106 "http://www.pro-zurituutsch.ch/" "Mozilla/5.0 (compatible; SEOkicks; +https://www.seokicks.de/robot.html)"
65.21.226.48 - - [20/Sep/2022:03:02:17 +0200] "GET /Gast/GNU/Emacs HTTP/1.1" 404 264 "http://www.pro-zurituutsch.ch/Gast/Podcast" "Mozilla/5.0 (compatible; SEOkicks; +https://www.seokicks.de/robot.html)"
65.21.226.48 - - [20/Sep/2022:03:02:18 +0200] "GET /Bestellen/Pschtellf HTTP/1.1" 200 11129 "http://www.pro-zurituutsch.ch/" "Mozilla/5.0 (compatible; SEOkicks; +https://www.seokicks.de/robot.html)"
65.21.226.48 - - [20/Sep/2022:03:02:19 +0200] "GET /Bestellen/GNU/Emacs HTTP/1.1" 404 264 "http://www.pro-zurituutsch.ch/Bestellen/Pschtellf" "Mozilla/5.0 (compatible; SEOkicks; +https://www.seokicks.de/robot.html)"
65.21.226.48 - - [20/Sep/2022:03:02:21 +0200] "GET /Admin/Pro-ZurituutschStatuten HTTP/1.1" 200 9580 "http://www.pro-zurituutsch.ch/" "Mozilla/5.0 (compatible; SEOkicks; +https://www.seokicks.de/robot.html)"
65.21.226.48 - - [20/Sep/2022:03:02:22 +0200] "GET /Admin/GNU/Emacs HTTP/1.1" 404 264 "http://www.pro-zurituutsch.ch/Admin/Pro-ZurituutschStatuten" "Mozilla/5.0 (compatible; SEOkicks; +https://www.seokicks.de/robot.html)"
65.21.226.48 - - [20/Sep/2022:03:02:23 +0200] "GET /Admin/AdresseStiftung HTTP/1.1" 200 8453 "http://www.pro-zurituutsch.ch/" "Mozilla/5.0 (compatible; SEOkicks; +https://www.seokicks.de/robot.html)"
65.21.226.48 - - [20/Sep/2022:03:02:24 +0200] "GET /Admin/ZurStiftung HTTP/1.1" 200 10864 "http://www.pro-zurituutsch.ch/" "Mozilla/5.0 (compatible; SEOkicks; +https://www.seokicks.de/robot.html)"
65.21.226.48 - - [20/Sep/2022:03:02:25 +0200] "GET /Admin/Links HTTP/1.1" 200 14193 "http://www.pro-zurituutsch.ch/" "Mozilla/5.0 (compatible; SEOkicks; +https://www.seokicks.de/robot.html)"
65.21.226.48 - - [20/Sep/2022:03:02:27 +0200] "GET /Hilfe/AnleitungTonbeispiele HTTP/1.1" 200 9878 "http://www.pro-zurituutsch.ch/" "Mozilla/5.0 (compatible; SEOkicks; +https://www.seokicks.de/robot.html)"
85.25.177.139 - - [20/Sep/2022:03:03:03 +0200] "GET /Hilfe/DateienUndProgrammverknuepfungen?action=print HTTP/1.1" 404 2482 "-" "Mozilla/5.0 (Macintosh; Intel Mac OS X 10.15; rv:103.0) Gecko/20100101 Firefox/103.0"
85.25.177.139 - - [20/Sep/2022:03:04:00 +0200] "GET /PodCast/Metamorfoose?action=diff&source=y&minor=n HTTP/1.1" 200 18036 "-" "Mozilla/5.0 (Macintosh; Intel Mac OS X 10.15; rv:103.0) Gecko/20100101 Firefox/103.0"
85.25.177.139 - - [20/Sep/2022:03:05:34 +0200] "GET /PodCast/Metamorfoose?action=edit&restore=diff:1177680564:1177680221:&preview=y HTTP/1.1" 200 8738 "-" "Mozilla/5.0 (Macintosh; Intel Mac OS X 10.15; rv:103.0) Gecko/20100101 Firefox/103.0"
85.25.177.139 - - [20/Sep/2022:03:07:28 +0200] "GET /PodCast/Metamorfoose?action=edit&restore=diff:1177680221:1163401299:&preview=y HTTP/1.1" 200 8738 "-" "Mozilla/5.0 (Macintosh; Intel Mac OS X 10.15; rv:103.0) Gecko/20100101 Firefox/103.0"
85.25.177.139 - - [20/Sep/2022:03:11:57 +0200] "GET /robots.txt HTTP/1.1" 200 - "-" "Mozilla/5.0 (Macintosh; Intel Mac OS X 10.15; rv:103.0) Gecko/20100101 Firefox/103.0"
85.25.177.139 - - [20/Sep/2022:03:11:57 +0200] "GET /Hilfe/DateienUndProgrammverknuepfungen?action=diff HTTP/1.1" 200 9556 "-" "Mozilla/5.0 (Macintosh; Intel Mac OS X 10.15; rv:103.0) Gecko/20100101 Firefox/103.0"
85.25.177.139 - - [20/Sep/2022:03:13:36 +0200] "GET /Hilfe/DateienUndProgrammverknuepfungen?action=upload HTTP/1.1" 200 8847 "-" "Mozilla/5.0 (Macintosh; Intel Mac OS X 10.15; rv:103.0) Gecko/20100101 Firefox/103.0"
85.25.177.139 - - [20/Sep/2022:03:17:00 +0200] "GET /PodCast/Metamorfoose?action=edit&restore=diff:1177682675:1177680793:&preview=y HTTP/1.1" 200 8738 "-" "Mozilla/5.0 (Macintosh; Intel Mac OS X 10.15; rv:103.0) Gecko/20100101 Firefox/103.0"
85.25.177.139 - - [20/Sep/2022:03:18:31 +0200] "GET /PodCast/Metamorfoose?action=edit&restore=diff:1177680753:1177680564:&preview=y HTTP/1.1" 200 8738 "-" "Mozilla/5.0 (Macintosh; Intel Mac OS X 10.15; rv:103.0) Gecko/20100101 Firefox/103.0"
194.209.200.2 - - [20/Sep/2022:03:18:56 +0200] "GET /robots.txt HTTP/1.1" 200 - "-" "Mozilla/5.0 (compatible; TMMBot/0.2; +http://www.dslab.ch)/Nutch-1.15"
194.209.200.2 - - [20/Sep/2022:03:18:56 +0200] "GET /Admin/Jahresbericht HTTP/1.1" 200 45530 "-" "Mozilla/5.0 (compatible; TMMBot/0.2; +http://www.dslab.ch)/Nutch-1.15"
194.209.200.2 - - [20/Sep/2022:03:19:16 +0200] "GET /Texte/Limericks HTTP/1.1" 200 8087 "-" "Mozilla/5.0 (compatible; TMMBot/0.2; +http://www.dslab.ch)/Nutch-1.15"
194.209.200.2 - - [20/Sep/2022:03:19:20 +0200] "GET /Texte/Schrybwys HTTP/1.1" 200 11028 "-" "Mozilla/5.0 (compatible; TMMBot/0.2; +http://www.dslab.ch)/Nutch-1.15"
194.209.200.2 - - [20/Sep/2022:03:20:23 +0200] "GET /Texte/GDicht HTTP/1.1" 200 8050 "-" "Mozilla/5.0 (compatible; TMMBot/0.2; +http://www.dslab.ch)/Nutch-1.15"
85.25.177.139 - - [20/Sep/2022:03:20:24 +0200] "GET /PodCast/Hinkeljouged1?action=diff&source=y&minor=y HTTP/1.1" 200 27327 "-" "Mozilla/5.0 (Macintosh; Intel Mac OS X 10.15; rv:103.0) Gecko/20100101 Firefox/103.0"
194.209.200.2 - - [20/Sep/2022:03:20:52 +0200] "GET /Texte/Styluebige HTTP/1.1" 200 9998 "-" "Mozilla/5.0 (compatible; TMMBot/0.2; +http://www.dslab.ch)/Nutch-1.15"
85.25.177.139 - - [20/Sep/2022:03:21:25 +0200] "GET /PodCast/MNtsch?action=diff&source=n&minor=n HTTP/1.1" 200 9177 "-" "Mozilla/5.0 (Macintosh; Intel Mac OS X 10.15; rv:103.0) Gecko/20100101 Firefox/103.0"
34.65.57.89 - - [20/Sep/2022:03:21:50 +0200] "GET / HTTP/1.1" 200 15085 "-" "Mozilla/5.0 (compatible; localsearch-web/2.0; +http://www.localsearch.ch/en/legal-notice)"
85.25.177.139 - - [20/Sep/2022:03:22:00 +0200] "GET /PodCast/Zrouggtratte?action=edit&restore=diff:1361294980:1361294744:&preview=y HTTP/1.1" 200 8738 "-" "Mozilla/5.0 (Macintosh; Intel Mac OS X 10.15; rv:103.0) Gecko/20100101 Firefox/103.0"
194.209.200.2 - - [20/Sep/2022:03:22:08 +0200] "GET /Texte/Gloosse HTTP/1.1" 200 8061 "-" "Mozilla/5.0 (compatible; TMMBot/0.2; +http://www.dslab.ch)/Nutch-1.15"
85.25.177.139 - - [20/Sep/2022:03:23:21 +0200] "GET /PodCast/Zrouggtratte?action=diff&source=y&minor=n HTTP/1.1" 200 14889 "-" "Mozilla/5.0 (Macintosh; Intel Mac OS X 10.15; rv:103.0) Gecko/20100101 Firefox/103.0"
85.25.177.139 - - [20/Sep/2022:03:25:13 +0200] "GET /PodCast/Zrouggtratte?action=diff&source=n&minor=y HTTP/1.1" 200 15806 "-" "Mozilla/5.0 (Macintosh; Intel Mac OS X 10.15; rv:103.0) Gecko/20100101 Firefox/103.0"
85.25.177.139 - - [20/Sep/2022:03:25:38 +0200] "GET /Site/WGA1Begaabig?action=edit&restore=diff:1283714372:1283714053:&preview=y HTTP/1.1" 200 8699 "-" "Mozilla/5.0 (Macintosh; Intel Mac OS X 10.15; rv:103.0) Gecko/20100101 Firefox/103.0"
3.216.185.164 - - [20/Sep/2022:03:26:15 +0200] "GET /PodCast/IndexPage?action=rss HTTP/1.1" 200 6298 "-" "PocketCasts/1.0 (Pocket Casts Feed Parser; +http://pocketcasts.com/)"
85.25.177.139 - - [20/Sep/2022:03:27:22 +0200] "GET /PodCast/Zrouggtratte?action=edit&restore=diff:1361295056:1361294980:&preview=y HTTP/1.1" 200 8738 "-" "Mozilla/5.0 (Macintosh; Intel Mac OS X 10.15; rv:103.0) Gecko/20100101 Firefox/103.0"
85.25.177.139 - - [20/Sep/2022:03:28:02 +0200] "GET /Site/WGA1Begaabig?action=diff&source=y&minor=y HTTP/1.1" 200 21241 "-" "Mozilla/5.0 (Macintosh; Intel Mac OS X 10.15; rv:103.0) Gecko/20100101 Firefox/103.0"
54.234.118.247 - - [20/Sep/2022:03:28:35 +0200] "GET /PodCast/IndexPage?action=rss HTTP/1.1" 200 6298 "-" "PlayerFM/1.0 Podcast Sync (1 subscribers; url=https://player.fm/series/podcast-2872909)"
85.25.177.139 - - [20/Sep/2022:03:29:11 +0200] "GET /PodCast/Zrouggtratte?action=edit&restore=diff:1361294744:1361294744:&preview=y HTTP/1.1" 200 8738 "-" "Mozilla/5.0 (Macintosh; Intel Mac OS X 10.15; rv:103.0) Gecko/20100101 Firefox/103.0"
85.25.177.139 - - [20/Sep/2022:03:30:01 +0200] "GET /Site/WGA1Begaabig?action=diff&source=n&minor=n HTTP/1.1" 200 21572 "-" "Mozilla/5.0 (Macintosh; Intel Mac OS X 10.15; rv:103.0) Gecko/20100101 Firefox/103.0"
85.25.177.139 - - [20/Sep/2022:03:30:53 +0200] "GET /PodCast/Styluebige?action=print HTTP/1.1" 200 3531 "-" "Mozilla/5.0 (Macintosh; Intel Mac OS X 10.15; rv:103.0) Gecko/20100101 Firefox/103.0"
66.249.76.220 - - [20/Sep/2022:03:31:52 +0200] "GET /PodCast/IndexPage?action=rss HTTP/1.1" 200 6298 "-" "Mozilla/5.0 (compatible; Googlebot/2.1; +http://www.google.com/bot.html)"
85.25.177.139 - - [20/Sep/2022:03:32:36 +0200] "GET /PodCast/Styluebige?action=edit HTTP/1.1" 200 8664 "-" "Mozilla/5.0 (Macintosh; Intel Mac OS X 10.15; rv:103.0) Gecko/20100101 Firefox/103.0"
95.163.255.84 - - [20/Sep/2022:03:34:04 +0200] "GET /robots.txt HTTP/1.0" 200 - "-" "Mozilla/5.0 (compatible; Linux x86_64; Mail.RU_Bot/2.0; +https://help.mail.ru/webmaster/indexing/robots)"
95.163.255.88 - - [20/Sep/2022:03:34:06 +0200] "GET /Category/Images HTTP/1.1" 200 8457 "-" "Mozilla/5.0 (compatible; Linux x86_64; Mail.RU_Bot/2.0; +https://help.mail.ru/webmaster/indexing/robots)"
85.25.177.139 - - [20/Sep/2022:03:34:27 +0200] "GET /PodCast/Styluebige?action=upload HTTP/1.1" 200 8564 "-" "Mozilla/5.0 (Macintosh; Intel Mac OS X 10.15; rv:103.0) Gecko/20100101 Firefox/103.0"
85.25.177.139 - - [20/Sep/2022:03:36:18 +0200] "GET /PodCast/Styluebige?action=diff HTTP/1.1" 200 21171 "-" "Mozilla/5.0 (Macintosh; Intel Mac OS X 10.15; rv:103.0) Gecko/20100101 Firefox/103.0"
85.25.177.139 - - [20/Sep/2022:03:38:20 +0200] "GET /Texte/Styluebige?action=upload&upname=styluebige.m3u HTTP/1.1" 200 8557 "-" "Mozilla/5.0 (Macintosh; Intel Mac OS X 10.15; rv:103.0) Gecko/20100101 Firefox/103.0"
85.25.177.139 - - [20/Sep/2022:03:39:05 +0200] "GET /PodCast/Wistaria02?action=diff&source=n&minor=n HTTP/1.1" 200 22687 "-" "Mozilla/5.0 (Macintosh; Intel Mac OS X 10.15; rv:103.0) Gecko/20100101 Firefox/103.0"
85.25.177.139 - - [20/Sep/2022:03:40:20 +0200] "GET /Texte/Styluebige?action=edit&restore=diff:1163118914:1163118852:&preview=y HTTP/1.1" 200 8681 "-" "Mozilla/5.0 (Macintosh; Intel Mac OS X 10.15; rv:103.0) Gecko/20100101 Firefox/103.0"
65.21.226.48 - - [20/Sep/2022:03:41:16 +0200] "GET /Hilfe/GNU/Emacs HTTP/1.1" 404 264 "http://www.pro-zurituutsch.ch/Hilfe/AnleitungTonbeispiele" "Mozilla/5.0 (compatible; SEOkicks; +https://www.seokicks.de/robot.html)"
65.21.226.48 - - [20/Sep/2022:03:41:17 +0200] "GET /Main/Home?action=edit HTTP/1.1" 403 18 "http://www.pro-zurituutsch.ch/" "Mozilla/5.0 (compatible; SEOkicks; +https://www.seokicks.de/robot.html)"
65.21.226.48 - - [20/Sep/2022:03:41:18 +0200] "GET /Site/SideBar?action=edit HTTP/1.1" 403 18 "http://www.pro-zurituutsch.ch/" "Mozilla/5.0 (compatible; SEOkicks; +https://www.seokicks.de/robot.html)"
65.21.226.48 - - [20/Sep/2022:03:41:20 +0200] "GET /Main/Home?action=upload HTTP/1.1" 403 18 "http://www.pro-zurituutsch.ch/" "Mozilla/5.0 (compatible; SEOkicks; +https://www.seokicks.de/robot.html)"
65.21.226.48 - - [20/Sep/2022:03:41:21 +0200] "GET /Main/Home?action=print HTTP/1.1" 403 18 "http://www.pro-zurituutsch.ch/" "Mozilla/5.0 (compatible; SEOkicks; +https://www.seokicks.de/robot.html)"
65.21.226.48 - - [20/Sep/2022:03:41:22 +0200] "GET /Main/Home?action=diff HTTP/1.1" 403 18 "http://www.pro-zurituutsch.ch/" "Mozilla/5.0 (compatible; SEOkicks; +https://www.seokicks.de/robot.html)"
65.21.226.48 - - [20/Sep/2022:03:41:23 +0200] "GET /PodCast/GNU/Emacs HTTP/1.1" 404 264 "http://www.pro-zurituutsch.ch/PodCast/IndexPage" "Mozilla/5.0 (compatible; SEOkicks; +https://www.seokicks.de/robot.html)"
65.21.226.48 - - [20/Sep/2022:03:41:24 +0200] "GET /PodCast/IndexPage?action=edit HTTP/1.1" 403 18 "http://www.pro-zurituutsch.ch/PodCast/IndexPage" "Mozilla/5.0 (compatible; SEOkicks; +https://www.seokicks.de/robot.html)"
65.21.226.48 - - [20/Sep/2022:03:41:25 +0200] "GET /PodCast/IndexPage?action=upload HTTP/1.1" 403 18 "http://www.pro-zurituutsch.ch/PodCast/IndexPage" "Mozilla/5.0 (compatible; SEOkicks; +https://www.seokicks.de/robot.html)"
65.21.226.48 - - [20/Sep/2022:03:41:26 +0200] "GET /PodCast/IndexPage?action=print HTTP/1.1" 403 18 "http://www.pro-zurituutsch.ch/PodCast/IndexPage" "Mozilla/5.0 (compatible; SEOkicks; +https://www.seokicks.de/robot.html)"
65.21.226.48 - - [20/Sep/2022:03:41:27 +0200] "GET /PodCast/IndexPage?action=diff HTTP/1.1" 403 18 "http://www.pro-zurituutsch.ch/PodCast/IndexPage" "Mozilla/5.0 (compatible; SEOkicks; +https://www.seokicks.de/robot.html)"
85.25.177.139 - - [20/Sep/2022:03:42:40 +0200] "GET /Texte/AnleitungTonbeispiele?action=diff HTTP/1.1" 200 9378 "-" "Mozilla/5.0 (Macintosh; Intel Mac OS X 10.15; rv:103.0) Gecko/20100101 Firefox/103.0"
85.25.177.139 - - [20/Sep/2022:03:44:22 +0200] "GET /Texte/AnleitungTonbeispiele?action=print HTTP/1.1" 404 2438 "-" "Mozilla/5.0 (Macintosh; Intel Mac OS X 10.15; rv:103.0) Gecko/20100101 Firefox/103.0"
85.25.177.139 - - [20/Sep/2022:03:45:54 +0200] "GET /Texte/AnleitungTonbeispiele?action=upload HTTP/1.1" 200 8691 "-" "Mozilla/5.0 (Macintosh; Intel Mac OS X 10.15; rv:103.0) Gecko/20100101 Firefox/103.0"
208.67.104.167 - - [20/Sep/2022:03:47:15 +0200] "GET / HTTP/1.1" 200 15085 "-" "python-requests/2.27.1"
85.25.177.139 - - [20/Sep/2022:03:47:21 +0200] "GET /Hilfe/Quicktime?action=edit HTTP/1.1" 200 8621 "-" "Mozilla/5.0 (Macintosh; Intel Mac OS X 10.15; rv:103.0) Gecko/20100101 Firefox/103.0"
208.67.104.167 - - [20/Sep/2022:03:47:29 +0200] "GET /.env HTTP/1.1" 404 264 "-" "python-requests/2.27.1"
85.25.177.139 - - [20/Sep/2022:03:49:03 +0200] "GET /Hilfe/Quicktime?action=diff HTTP/1.1" 200 11115 "-" "Mozilla/5.0 (Macintosh; Intel Mac OS X 10.15; rv:103.0) Gecko/20100101 Firefox/103.0"
85.25.177.139 - - [20/Sep/2022:03:49:24 +0200] "GET /PodCast/Wistaria02?action=edit&restore=diff:1503128567:1503127040:&preview=y HTTP/1.1" 200 8712 "-" "Mozilla/5.0 (Macintosh; Intel Mac OS X 10.15; rv:103.0) Gecko/20100101 Firefox/103.0"
194.209.200.2 - - [20/Sep/2022:03:49:24 +0200] "GET /robots.txt HTTP/1.1" 200 - "-" "Mozilla/5.0 (compatible; TMMBot/0.2; +http://www.dslab.ch)/Nutch-1.15"
194.209.200.2 - - [20/Sep/2022:03:49:24 +0200] "GET /Admin/Jahresbericht HTTP/1.1" 200 45530 "-" "Mozilla/5.0 (compatible; TMMBot/0.2; +http://www.dslab.ch)/Nutch-1.15"
194.209.200.2 - - [20/Sep/2022:03:49:43 +0200] "GET /Texte/Limericks HTTP/1.1" 200 8087 "-" "Mozilla/5.0 (compatible; TMMBot/0.2; +http://www.dslab.ch)/Nutch-1.15"
194.209.200.2 - - [20/Sep/2022:03:49:47 +0200] "GET /Texte/Schrybwys HTTP/1.1" 200 11028 "-" "Mozilla/5.0 (compatible; TMMBot/0.2; +http://www.dslab.ch)/Nutch-1.15"
85.25.177.139 - - [20/Sep/2022:03:50:43 +0200] "GET /Hilfe/Quicktime?action=upload HTTP/1.1" 200 8521 "-" "Mozilla/5.0 (Macintosh; Intel Mac OS X 10.15; rv:103.0) Gecko/20100101 Firefox/103.0"
194.209.200.2 - - [20/Sep/2022:03:50:44 +0200] "GET /Texte/GDicht HTTP/1.1" 200 8050 "-" "Mozilla/5.0 (compatible; TMMBot/0.2; +http://www.dslab.ch)/Nutch-1.15"
194.209.200.2 - - [20/Sep/2022:03:51:11 +0200] "GET /Texte/Styluebige HTTP/1.1" 200 9998 "-" "Mozilla/5.0 (compatible; TMMBot/0.2; +http://www.dslab.ch)/Nutch-1.15"
185.191.171.33 - - [20/Sep/2022:03:51:37 +0200] "GET /robots.txt HTTP/1.1" 200 - "-" "Mozilla/5.0 (compatible; SemrushBot/7~bl; +http://www.semrush.com/bot.html)"
185.191.171.1 - - [20/Sep/2022:03:51:38 +0200] "GET /PmWikiRu/DocumentationIndex HTTP/1.1" 200 28302 "-" "Mozilla/5.0 (compatible; SemrushBot/7~bl; +http://www.semrush.com/bot.html)"
85.25.177.139 - - [20/Sep/2022:03:52:12 +0200] "GET /Help/AnleitungTonbeispiele?action=upload HTTP/1.1" 200 8677 "-" "Mozilla/5.0 (Macintosh; Intel Mac OS X 10.15; rv:103.0) Gecko/20100101 Firefox/103.0"
85.25.177.139 - - [20/Sep/2022:03:54:07 +0200] "GET /Texte/Bitterbeuhsi?action=diff&source=n&minor=n HTTP/1.1" 200 22112 "-" "Mozilla/5.0 (Macintosh; Intel Mac OS X 10.15; rv:103.0) Gecko/20100101 Firefox/103.0"
85.25.177.139 - - [20/Sep/2022:03:54:52 +0200] "GET /Help/AnleitungTonbeispiele?action=print HTTP/1.1" 404 2433 "-" "Mozilla/5.0 (Macintosh; Intel Mac OS X 10.15; rv:103.0) Gecko/20100101 Firefox/103.0"
85.25.177.139 - - [20/Sep/2022:03:56:23 +0200] "GET /Help/AnleitungTonbeispiele?action=diff HTTP/1.1" 200 9362 "-" "Mozilla/5.0 (Macintosh; Intel Mac OS X 10.15; rv:103.0) Gecko/20100101 Firefox/103.0"
85.25.177.139 - - [20/Sep/2022:03:57:58 +0200] "GET /Texte/Styluebige?action=edit&restore=diff:1163038179:1163038156:&preview=y HTTP/1.1" 200 8681 "-" "Mozilla/5.0 (Macintosh; Intel Mac OS X 10.15; rv:103.0) Gecko/20100101 Firefox/103.0"
66.249.76.193 - - [20/Sep/2022:03:59:06 +0200] "GET /PodCast/IndexPage?action=rss HTTP/1.1" 200 6298 "-" "Mozilla/5.0 (compatible; Googlebot/2.1; +http://www.google.com/bot.html)"
85.25.177.139 - - [20/Sep/2022:03:59:30 +0200] "GET /Texte/Styluebige?action=edit&restore=diff:1163038156:1163038073:&preview=y HTTP/1.1" 200 8681 "-" "Mozilla/5.0 (Macintosh; Intel Mac OS X 10.15; rv:103.0) Gecko/20100101 Firefox/103.0"
85.25.177.139 - - [20/Sep/2022:04:01:10 +0200] "GET /Texte/Styluebige?action=edit&restore=diff:1178723668:1177685651:&preview=y HTTP/1.1" 200 8681 "-" "Mozilla/5.0 (Macintosh; Intel Mac OS X 10.15; rv:103.0) Gecko/20100101 Firefox/103.0"
85.25.177.139 - - [20/Sep/2022:04:02:37 +0200] "GET /Texte/Bitterbeuhsi?action=edit&restore=diff:1163119722:1163063982:&preview=y HTTP/1.1" 200 8709 "-" "Mozilla/5.0 (Macintosh; Intel Mac OS X 10.15; rv:103.0) Gecko/20100101 Firefox/103.0"
85.25.177.139 - - [20/Sep/2022:04:04:17 +0200] "GET /PodCast/131MIringe1483?action=diff HTTP/1.1" 200 9303 "-" "Mozilla/5.0 (Macintosh; Intel Mac OS X 10.15; rv:103.0) Gecko/20100101 Firefox/103.0"
85.25.177.139 - - [20/Sep/2022:04:06:39 +0200] "GET /PodCast/131MIringe1483?action=print HTTP/1.1" 404 2420 "-" "Mozilla/5.0 (Macintosh; Intel Mac OS X 10.15; rv:103.0) Gecko/20100101 Firefox/103.0"
85.25.177.139 - - [20/Sep/2022:04:08:08 +0200] "GET /PodCast/131MIringe1483?action=upload HTTP/1.1" 200 8626 "-" "Mozilla/5.0 (Macintosh; Intel Mac OS X 10.15; rv:103.0) Gecko/20100101 Firefox/103.0"
85.25.177.139 - - [20/Sep/2022:04:09:59 +0200] "GET /PodCast/122Sitkouscht1482?action=upload HTTP/1.1" 200 8666 "-" "Mozilla/5.0 (Macintosh; Intel Mac OS X 10.15; rv:103.0) Gecko/20100101 Firefox/103.0"
85.25.177.139 - - [20/Sep/2022:04:11:23 +0200] "GET /PodCast/122Sitkouscht1482?action=print HTTP/1.1" 404 2432 "-" "Mozilla/5.0 (Macintosh; Intel Mac OS X 10.15; rv:103.0) Gecko/20100101 Firefox/103.0"
85.25.177.139 - - [20/Sep/2022:04:13:05 +0200] "GET /PodCast/122Sitkouscht1482?action=diff HTTP/1.1" 200 9349 "-" "Mozilla/5.0 (Macintosh; Intel Mac OS X 10.15; rv:103.0) Gecko/20100101 Firefox/103.0"
65.21.226.48 - - [20/Sep/2022:04:14:45 +0200] "GET /PodCast/Boschpochrank HTTP/1.1" 200 11394 "http://www.pro-zurituutsch.ch/PodCast/IndexPage" "Mozilla/5.0 (compatible; SEOkicks; +https://www.seokicks.de/robot.html)"
65.21.226.48 - - [20/Sep/2022:04:14:47 +0200] "GET /PodCast/SprAlAner HTTP/1.1" 200 9962 "http://www.pro-zurituutsch.ch/PodCast/IndexPage" "Mozilla/5.0 (compatible; SEOkicks; +https://www.seokicks.de/robot.html)"
65.21.226.48 - - [20/Sep/2022:04:14:48 +0200] "GET /PodCast/RezOceanLight?action=edit HTTP/1.1" 404 18 "http://www.pro-zurituutsch.ch/PodCast/IndexPage" "Mozilla/5.0 (compatible; SEOkicks; +https://www.seokicks.de/robot.html)"
65.21.226.48 - - [20/Sep/2022:04:14:49 +0200] "GET /PodCast/Poutschology HTTP/1.1" 200 14651 "http://www.pro-zurituutsch.ch/PodCast/IndexPage" "Mozilla/5.0 (compatible; SEOkicks; +https://www.seokicks.de/robot.html)"
65.21.226.48 - - [20/Sep/2022:04:14:50 +0200] "GET /PodCast/SprAntBea HTTP/1.1" 200 11671 "http://www.pro-zurituutsch.ch/PodCast/IndexPage" "Mozilla/5.0 (compatible; SEOkicks; +https://www.seokicks.de/robot.html)"
65.21.226.48 - - [20/Sep/2022:04:14:51 +0200] "GET /PodCast/SprChlaage HTTP/1.1" 200 13697 "http://www.pro-zurituutsch.ch/PodCast/IndexPage" "Mozilla/5.0 (compatible; SEOkicks; +https://www.seokicks.de/robot.html)"
65.21.226.48 - - [20/Sep/2022:04:14:53 +0200] "GET /PodCast/SprForKom HTTP/1.1" 200 8355 "http://www.pro-zurituutsch.ch/PodCast/IndexPage" "Mozilla/5.0 (compatible; SEOkicks; +https://www.seokicks.de/robot.html)"
65.21.226.48 - - [20/Sep/2022:04:14:54 +0200] "GET /PodCast/Limerick32 HTTP/1.1" 200 8883 "http://www.pro-zurituutsch.ch/PodCast/IndexPage" "Mozilla/5.0 (compatible; SEOkicks; +https://www.seokicks.de/robot.html)"
65.21.226.48 - - [20/Sep/2022:04:14:55 +0200] "GET /PodCast/Limerick31 HTTP/1.1" 200 8584 "http://www.pro-zurituutsch.ch/PodCast/IndexPage" "Mozilla/5.0 (compatible; SEOkicks; +https://www.seokicks.de/robot.html)"
65.21.226.48 - - [20/Sep/2022:04:14:56 +0200] "GET /PodCast/REZiPesciNonChiudonoGliOcchi?action=edit HTTP/1.1" 404 18 "http://www.pro-zurituutsch.ch/PodCast/IndexPage" "Mozilla/5.0 (compatible; SEOkicks; +https://www.seokicks.de/robot.html)"
65.21.226.48 - - [20/Sep/2022:04:14:57 +0200] "GET /PodCast/SprPrfSchwtzTggs?action=edit HTTP/1.1" 404 18 "http://www.pro-zurituutsch.ch/PodCast/IndexPage" "Mozilla/5.0 (compatible; SEOkicks; +https://www.seokicks.de/robot.html)"
85.25.177.139 - - [20/Sep/2022:04:15:04 +0200] "GET /PodCast/Nostalgy?action=edit HTTP/1.1" 200 8636 "-" "Mozilla/5.0 (Macintosh; Intel Mac OS X 10.15; rv:103.0) Gecko/20100101 Firefox/103.0"
85.25.177.139 - - [20/Sep/2022:04:17:01 +0200] "GET /PodCast/Nostalgy?action=upload HTTP/1.1" 200 8536 "-" "Mozilla/5.0 (Macintosh; Intel Mac OS X 10.15; rv:103.0) Gecko/20100101 Firefox/103.0"
85.25.177.139 - - [20/Sep/2022:04:19:02 +0200] "GET /PodCast/Nostalgy?action=print HTTP/1.1" 200 3020 "-" "Mozilla/5.0 (Macintosh; Intel Mac OS X 10.15; rv:103.0) Gecko/20100101 Firefox/103.0"
85.25.177.139 - - [20/Sep/2022:04:20:52 +0200] "GET /PodCast/Nostalgy?action=diff HTTP/1.1" 200 13036 "-" "Mozilla/5.0 (Macintosh; Intel Mac OS X 10.15; rv:103.0) Gecko/20100101 Firefox/103.0"
85.25.177.139 - - [20/Sep/2022:04:21:20 +0200] "GET /Site/WGA4Gglinge?action=print HTTP/1.1" 200 12793 "-" "Mozilla/5.0 (Macintosh; Intel Mac OS X 10.15; rv:103.0) Gecko/20100101 Firefox/103.0"
194.209.200.2 - - [20/Sep/2022:04:21:33 +0200] "GET /robots.txt HTTP/1.1" 200 - "-" "Mozilla/5.0 (compatible; TMMBot/0.2; +http://www.dslab.ch)/Nutch-1.15"
194.209.200.2 - - [20/Sep/2022:04:21:33 +0200] "GET /Admin/Jahresbericht HTTP/1.1" 200 45530 "-" "Mozilla/5.0 (compatible; TMMBot/0.2; +http://www.dslab.ch)/Nutch-1.15"
194.209.200.2 - - [20/Sep/2022:04:21:52 +0200] "GET /Texte/Limericks HTTP/1.1" 200 8087 "-" "Mozilla/5.0 (compatible; TMMBot/0.2; +http://www.dslab.ch)/Nutch-1.15"
194.209.200.2 - - [20/Sep/2022:04:21:55 +0200] "GET /Texte/Schrybwys HTTP/1.1" 200 11028 "-" "Mozilla/5.0 (compatible; TMMBot/0.2; +http://www.dslab.ch)/Nutch-1.15"
85.25.177.139 - - [20/Sep/2022:04:22:36 +0200] "GET /PodCast/21Baadstoube?action=upload HTTP/1.1" 200 8594 "-" "Mozilla/5.0 (Macintosh; Intel Mac OS X 10.15; rv:103.0) Gecko/20100101 Firefox/103.0"
194.209.200.2 - - [20/Sep/2022:04:22:51 +0200] "GET /Texte/GDicht HTTP/1.1" 200 8050 "-" "Mozilla/5.0 (compatible; TMMBot/0.2; +http://www.dslab.ch)/Nutch-1.15"
194.209.200.2 - - [20/Sep/2022:04:23:16 +0200] "GET /Texte/Styluebige HTTP/1.1" 200 9998 "-" "Mozilla/5.0 (compatible; TMMBot/0.2; +http://www.dslab.ch)/Nutch-1.15"
85.25.177.139 - - [20/Sep/2022:04:23:22 +0200] "GET /Site/WGA4Gglinge?action=edit HTTP/1.1" 200 8639 "-" "Mozilla/5.0 (Macintosh; Intel Mac OS X 10.15; rv:103.0) Gecko/20100101 Firefox/103.0"
85.25.177.139 - - [20/Sep/2022:04:24:38 +0200] "GET /PodCast/21Baadstoube?action=diff HTTP/1.1" 200 9267 "-" "Mozilla/5.0 (Macintosh; Intel Mac OS X 10.15; rv:103.0) Gecko/20100101 Firefox/103.0"
85.25.177.139 - - [20/Sep/2022:04:26:28 +0200] "GET /PodCast/Begriffbegryffe?action=diff HTTP/1.1" 200 12691 "-" "Mozilla/5.0 (Macintosh; Intel Mac OS X 10.15; rv:103.0) Gecko/20100101 Firefox/103.0"
85.25.177.139 - - [20/Sep/2022:04:28:34 +0200] "GET /PodCast/Begriffbegryffe?action=upload HTTP/1.1" 200 8634 "-" "Mozilla/5.0 (Macintosh; Intel Mac OS X 10.15; rv:103.0) Gecko/20100101 Firefox/103.0"
195.191.219.131 - - [20/Sep/2022:04:29:47 +0200] "GET /robots.txt HTTP/1.1" 200 - "-" "Mozilla/5.0 (compatible; MJ12bot/v1.4.8; http://mj12bot.com/)"
195.191.219.131 - - [20/Sep/2022:04:29:49 +0200] "GET / HTTP/1.1" 200 15085 "-" "Mozilla/5.0 (compatible; MJ12bot/v1.4.8; http://mj12bot.com/)"
85.25.177.139 - - [20/Sep/2022:04:30:40 +0200] "GET /PodCast/Begriffbegryffe?action=edit HTTP/1.1" 200 8734 "-" "Mozilla/5.0 (Macintosh; Intel Mac OS X 10.15; rv:103.0) Gecko/20100101 Firefox/103.0"
66.249.76.220 - - [20/Sep/2022:04:31:55 +0200] "GET /PodCast/IndexPage?action=rss HTTP/1.1" 200 6298 "-" "Mozilla/5.0 (compatible; Googlebot/2.1; +http://www.google.com/bot.html)"
85.25.177.139 - - [20/Sep/2022:04:32:25 +0200] "GET /PodCast/21Baadstoube?action=print HTTP/1.1" 404 2412 "-" "Mozilla/5.0 (Macintosh; Intel Mac OS X 10.15; rv:103.0) Gecko/20100101 Firefox/103.0"
85.25.177.139 - - [20/Sep/2022:04:34:32 +0200] "GET /PodCast/152Konschtanz1485?action=upload HTTP/1.1" 200 8666 "-" "Mozilla/5.0 (Macintosh; Intel Mac OS X 10.15; rv:103.0) Gecko/20100101 Firefox/103.0"
185.191.171.6 - - [20/Sep/2022:04:34:33 +0200] "GET /PmWikiDe/WikiWord HTTP/1.1" 200 8745 "-" "Mozilla/5.0 (compatible; SemrushBot/7~bl; +http://www.semrush.com/bot.html)"
85.25.177.139 - - [20/Sep/2022:04:36:07 +0200] "GET /PodCast/152Konschtanz1485?action=print HTTP/1.1" 404 2432 "-" "Mozilla/5.0 (Macintosh; Intel Mac OS X 10.15; rv:103.0) Gecko/20100101 Firefox/103.0"
85.25.177.139 - - [20/Sep/2022:04:37:55 +0200] "GET /PodCast/Eidsprofulaxe?action=print HTTP/1.1" 200 2833 "-" "Mozilla/5.0 (Macintosh; Intel Mac OS X 10.15; rv:103.0) Gecko/20100101 Firefox/103.0"
85.25.177.139 - - [20/Sep/2022:04:39:39 +0200] "GET /PodCast/Eidsprofulaxe?action=edit HTTP/1.1" 200 8706 "-" "Mozilla/5.0 (Macintosh; Intel Mac OS X 10.15; rv:103.0) Gecko/20100101 Firefox/103.0"
85.25.177.139 - - [20/Sep/2022:04:41:16 +0200] "GET /Site/WGA4Gglinge?action=diff HTTP/1.1" 200 21902 "-" "Mozilla/5.0 (Macintosh; Intel Mac OS X 10.15; rv:103.0) Gecko/20100101 Firefox/103.0"
85.25.177.139 - - [20/Sep/2022:04:41:47 +0200] "GET /PodCast/Eidsprofulaxe?action=diff HTTP/1.1" 200 12938 "-" "Mozilla/5.0 (Macintosh; Intel Mac OS X 10.15; rv:103.0) Gecko/20100101 Firefox/103.0"
85.25.177.139 - - [20/Sep/2022:04:43:40 +0200] "GET /Site/WGA4Gglinge?action=upload HTTP/1.1" 200 8539 "-" "Mozilla/5.0 (Macintosh; Intel Mac OS X 10.15; rv:103.0) Gecko/20100101 Firefox/103.0"
85.25.177.139 - - [20/Sep/2022:04:44:13 +0200] "GET /PodCast/Eidsprofulaxe?action=upload HTTP/1.1" 200 8606 "-" "Mozilla/5.0 (Macintosh; Intel Mac OS X 10.15; rv:103.0) Gecko/20100101 Firefox/103.0"
65.21.226.48 - - [20/Sep/2022:04:44:16 +0200] "GET /PodCast/REZMockingbird HTTP/1.1" 200 11553 "http://www.pro-zurituutsch.ch/PodCast/IndexPage" "Mozilla/5.0 (compatible; SEOkicks; +https://www.seokicks.de/robot.html)"
65.21.226.48 - - [20/Sep/2022:04:44:17 +0200] "GET /PodCast/Sidereuhsli HTTP/1.1" 200 8939 "http://www.pro-zurituutsch.ch/PodCast/IndexPage" "Mozilla/5.0 (compatible; SEOkicks; +https://www.seokicks.de/robot.html)"
65.21.226.48 - - [20/Sep/2022:04:44:19 +0200] "GET /PodCast/REZmebeforeyou?action=edit HTTP/1.1" 404 18 "http://www.pro-zurituutsch.ch/PodCast/IndexPage" "Mozilla/5.0 (compatible; SEOkicks; +https://www.seokicks.de/robot.html)"
65.21.226.48 - - [20/Sep/2022:04:44:20 +0200] "GET /PodCast/RezPflInt HTTP/1.1" 200 9633 "http://www.pro-zurituutsch.ch/PodCast/IndexPage" "Mozilla/5.0 (compatible; SEOkicks; +https://www.seokicks.de/robot.html)"
65.21.226.48 - - [20/Sep/2022:04:44:22 +0200] "GET /PodCast/TampoToummOuhsreedeVerwandt?action=edit HTTP/1.1" 404 18 "http://www.pro-zurituutsch.ch/PodCast/IndexPage" "Mozilla/5.0 (compatible; SEOkicks; +https://www.seokicks.de/robot.html)"
65.21.226.48 - - [20/Sep/2022:04:44:23 +0200] "GET /PodCast/SpruchZ HTTP/1.1" 200 10496 "http://www.pro-zurituutsch.ch/PodCast/IndexPage" "Mozilla/5.0 (compatible; SEOkicks; +https://www.seokicks.de/robot.html)"
65.21.226.48 - - [20/Sep/2022:04:44:24 +0200] "GET /PodCast/Zwangsabonemang HTTP/1.1" 200 15007 "http://www.pro-zurituutsch.ch/PodCast/IndexPage" "Mozilla/5.0 (compatible; SEOkicks; +https://www.seokicks.de/robot.html)"
65.21.226.48 - - [20/Sep/2022:04:44:25 +0200] "GET /PodCast/Rucktrittstrioumpf HTTP/1.1" 200 13948 "http://www.pro-zurituutsch.ch/PodCast/IndexPage" "Mozilla/5.0 (compatible; SEOkicks; +https://www.seokicks.de/robot.html)"
65.21.226.48 - - [20/Sep/2022:04:44:27 +0200] "GET /PodCast/Verlaine HTTP/1.1" 200 9380 "http://www.pro-zurituutsch.ch/PodCast/IndexPage" "Mozilla/5.0 (compatible; SEOkicks; +https://www.seokicks.de/robot.html)"
65.21.226.48 - - [20/Sep/2022:04:44:28 +0200] "GET /PodCast/Limerick30 HTTP/1.1" 200 8709 "http://www.pro-zurituutsch.ch/PodCast/IndexPage" "Mozilla/5.0 (compatible; SEOkicks; +https://www.seokicks.de/robot.html)"
65.21.226.48 - - [20/Sep/2022:04:44:29 +0200] "GET /PodCast/REZlangetage?action=edit HTTP/1.1" 404 18 "http://www.pro-zurituutsch.ch/PodCast/IndexPage" "Mozilla/5.0 (compatible; SEOkicks; +https://www.seokicks.de/robot.html)"
85.25.177.139 - - [20/Sep/2022:04:45:26 +0200] "GET /PodCast/112Stans1481?action=print HTTP/1.1" 404 2412 "-" "Mozilla/5.0 (Macintosh; Intel Mac OS X 10.15; rv:103.0) Gecko/20100101 Firefox/103.0"
85.25.177.139 - - [20/Sep/2022:04:46:01 +0200] "GET /PodCast/112Stans1481?action=upload HTTP/1.1" 200 8596 "-" "Mozilla/5.0 (Macintosh; Intel Mac OS X 10.15; rv:103.0) Gecko/20100101 Firefox/103.0"
85.25.177.139 - - [20/Sep/2022:04:48:09 +0200] "GET /Site/WGA1Begaabig?action=edit&restore=diff:1283411509:1283411481:&preview=y HTTP/1.1" 200 8699 "-" "Mozilla/5.0 (Macintosh; Intel Mac OS X 10.15; rv:103.0) Gecko/20100101 Firefox/103.0"
85.25.177.139 - - [20/Sep/2022:04:49:46 +0200] "GET /PodCast/Doping?action=diff HTTP/1.1" 200 33930 "-" "Mozilla/5.0 (Macintosh; Intel Mac OS X 10.15; rv:103.0) Gecko/20100101 Firefox/103.0"
85.25.177.139 - - [20/Sep/2022:04:50:14 +0200] "GET /Site/WGA1Begaabig?action=edit&restore=diff:1284793515:1283714372:&preview=y HTTP/1.1" 200 8699 "-" "Mozilla/5.0 (Macintosh; Intel Mac OS X 10.15; rv:103.0) Gecko/20100101 Firefox/103.0"
194.209.200.2 - - [20/Sep/2022:04:51:32 +0200] "GET /robots.txt HTTP/1.1" 200 - "-" "Mozilla/5.0 (compatible; TMMBot/0.2; +http://www.dslab.ch)/Nutch-1.15"
194.209.200.2 - - [20/Sep/2022:04:51:32 +0200] "GET /Admin/Jahresbericht HTTP/1.1" 200 45530 "-" "Mozilla/5.0 (compatible; TMMBot/0.2; +http://www.dslab.ch)/Nutch-1.15"
194.209.200.2 - - [20/Sep/2022:04:51:52 +0200] "GET /Texte/Limericks HTTP/1.1" 200 8087 "-" "Mozilla/5.0 (compatible; TMMBot/0.2; +http://www.dslab.ch)/Nutch-1.15"
194.209.200.2 - - [20/Sep/2022:04:51:56 +0200] "GET /Texte/Schrybwys HTTP/1.1" 200 11028 "-" "Mozilla/5.0 (compatible; TMMBot/0.2; +http://www.dslab.ch)/Nutch-1.15"
85.25.177.139 - - [20/Sep/2022:04:52:06 +0200] "GET /Site/WGA1Begaabig?action=diff&source=n&minor=y HTTP/1.1" 200 21574 "-" "Mozilla/5.0 (Macintosh; Intel Mac OS X 10.15; rv:103.0) Gecko/20100101 Firefox/103.0"
194.209.200.2 - - [20/Sep/2022:04:52:59 +0200] "GET /Texte/GDicht HTTP/1.1" 200 8050 "-" "Mozilla/5.0 (compatible; TMMBot/0.2; +http://www.dslab.ch)/Nutch-1.15"
66.249.76.193 - - [20/Sep/2022:04:53:01 +0200] "GET /PodCast/IndexPage?action=rss HTTP/1.1" 200 6298 "-" "Mozilla/5.0 (compatible; Googlebot/2.1; +http://www.google.com/bot.html)"
194.209.200.2 - - [20/Sep/2022:04:53:27 +0200] "GET /Texte/Styluebige HTTP/1.1" 200 9998 "-" "Mozilla/5.0 (compatible; TMMBot/0.2; +http://www.dslab.ch)/Nutch-1.15"
85.25.177.139 - - [20/Sep/2022:04:53:41 +0200] "GET /PodCast/Wistaria02?action=diff&source=y&minor=n HTTP/1.1" 200 22382 "-" "Mozilla/5.0 (Macintosh; Intel Mac OS X 10.15; rv:103.0) Gecko/20100101 Firefox/103.0"
85.25.177.139 - - [20/Sep/2022:04:55:30 +0200] "GET /PodCast/Wistaria02?action=edit&restore=diff:1503127040:1503127040:&preview=y HTTP/1.1" 200 8712 "-" "Mozilla/5.0 (Macintosh; Intel Mac OS X 10.15; rv:103.0) Gecko/20100101 Firefox/103.0"
85.25.177.139 - - [20/Sep/2022:04:57:30 +0200] "GET /Texte/AnleitungTonbeispiele?action=diff&source=n&minor=y HTTP/1.1" 200 9386 "-" "Mozilla/5.0 (Macintosh; Intel Mac OS X 10.15; rv:103.0) Gecko/20100101 Firefox/103.0"
85.25.177.139 - - [20/Sep/2022:04:59:02 +0200] "GET /PodCast/Doping?action=print HTTP/1.1" 200 2295 "-" "Mozilla/5.0 (Macintosh; Intel Mac OS X 10.15; rv:103.0) Gecko/20100101 Firefox/103.0"
85.25.177.139 - - [20/Sep/2022:04:59:29 +0200] "GET /Texte/AnleitungTonbeispiele?action=diff&source=y&minor=n HTTP/1.1" 200 9376 "-" "Mozilla/5.0 (Macintosh; Intel Mac OS X 10.15; rv:103.0) Gecko/20100101 Firefox/103.0"
85.25.177.139 - - [20/Sep/2022:05:01:21 +0200] "GET /PodCast/Doping?action=edit HTTP/1.1" 200 8608 "-" "Mozilla/5.0 (Macintosh; Intel Mac OS X 10.15; rv:103.0) Gecko/20100101 Firefox/103.0"
85.25.177.139 - - [20/Sep/2022:05:01:56 +0200] "GET /Hilfe/Quicktime?action=edit&restore=diff:1163037724:1163037724:&preview=y HTTP/1.1" 200 8667 "-" "Mozilla/5.0 (Macintosh; Intel Mac OS X 10.15; rv:103.0) Gecko/20100101 Firefox/103.0"
3.216.185.164 - - [20/Sep/2022:05:02:45 +0200] "GET /PodCast/IndexPage?action=rss HTTP/1.1" 200 6298 "-" "PocketCasts/1.0 (Pocket Casts Feed Parser; +http://pocketcasts.com/)"
85.25.177.139 - - [20/Sep/2022:05:03:45 +0200] "GET /Hilfe/Quicktime?action=diff&source=n&minor=y HTTP/1.1" 200 10613 "-" "Mozilla/5.0 (Macintosh; Intel Mac OS X 10.15; rv:103.0) Gecko/20100101 Firefox/103.0"
85.25.177.139 - - [20/Sep/2022:05:05:57 +0200] "GET /Hilfe/Quicktime?action=diff&source=y&minor=n HTTP/1.1" 200 11113 "-" "Mozilla/5.0 (Macintosh; Intel Mac OS X 10.15; rv:103.0) Gecko/20100101 Firefox/103.0"
85.25.177.139 - - [20/Sep/2022:05:06:31 +0200] "GET /PodCast/WGA1Begaabig?action=upload HTTP/1.1" 200 8596 "-" "Mozilla/5.0 (Macintosh; Intel Mac OS X 10.15; rv:103.0) Gecko/20100101 Firefox/103.0"
85.25.177.139 - - [20/Sep/2022:05:07:25 +0200] "GET /Hilfe/Passwort?action=diff HTTP/1.1" 200 9168 "-" "Mozilla/5.0 (Macintosh; Intel Mac OS X 10.15; rv:103.0) Gecko/20100101 Firefox/103.0"
85.25.177.139 - - [20/Sep/2022:05:09:23 +0200] "GET /Hilfe/Passwort?action=print HTTP/1.1" 404 2386 "-" "Mozilla/5.0 (Macintosh; Intel Mac OS X 10.15; rv:103.0) Gecko/20100101 Firefox/103.0"
65.21.226.48 - - [20/Sep/2022:05:10:45 +0200] "GET /PodCast/Boundestaatebound HTTP/1.1" 200 13172 "http://www.pro-zurituutsch.ch/PodCast/IndexPage" "Mozilla/5.0 (compatible; SEOkicks; +https://www.seokicks.de/robot.html)"
65.21.226.48 - - [20/Sep/2022:05:10:46 +0200] "GET /PodCast/Erdegluck HTTP/1.1" 200 16727 "http://www.pro-zurituutsch.ch/PodCast/IndexPage" "Mozilla/5.0 (compatible; SEOkicks; +https://www.seokicks.de/robot.html)"
65.21.226.48 - - [20/Sep/2022:05:10:47 +0200] "GET /PodCast/Mordspilot HTTP/1.1" 200 12897 "http://www.pro-zurituutsch.ch/PodCast/IndexPage" "Mozilla/5.0 (compatible; SEOkicks; +https://www.seokicks.de/robot.html)"
