85.25.185.196 - - [14/Nov/2022:00:00:35 +0100] "GET /Site/PodCast?action=edit&restore=diff:1314902735:1314902607:&preview=y HTTP/1.1" 200 8627 "-" "Mozilla/5.0 (Macintosh; Intel Mac OS X 10.15; rv:103.0) Gecko/20100101 Firefox/103.0"
85.25.185.196 - - [14/Nov/2022:00:02:25 +0100] "GET /Site/PodCast?action=edit&restore=diff:1471530231:1470995844:&preview=y HTTP/1.1" 200 8627 "-" "Mozilla/5.0 (Macintosh; Intel Mac OS X 10.15; rv:103.0) Gecko/20100101 Firefox/103.0"
85.25.185.196 - - [14/Nov/2022:00:03:46 +0100] "GET /Site/PodCast?action=edit&restore=diff:1385062499:1385062080:&preview=y HTTP/1.1" 200 8627 "-" "Mozilla/5.0 (Macintosh; Intel Mac OS X 10.15; rv:103.0) Gecko/20100101 Firefox/103.0"
85.25.185.196 - - [14/Nov/2022:00:04:40 +0100] "GET /Site/PodCast?action=edit&restore=diff:1416683715:1416683601:&preview=y HTTP/1.1" 200 8627 "-" "Mozilla/5.0 (Macintosh; Intel Mac OS X 10.15; rv:103.0) Gecko/20100101 Firefox/103.0"
85.25.185.196 - - [14/Nov/2022:00:05:31 +0100] "GET /PodCast/Quaalewaal?action=print HTTP/1.1" 200 3116 "-" "Mozilla/5.0 (Macintosh; Intel Mac OS X 10.15; rv:103.0) Gecko/20100101 Firefox/103.0"
85.25.185.196 - - [14/Nov/2022:00:06:43 +0100] "GET /Site/PodCast?action=edit&restore=diff:1393002451:1391098887:&preview=y HTTP/1.1" 200 8627 "-" "Mozilla/5.0 (Macintosh; Intel Mac OS X 10.15; rv:103.0) Gecko/20100101 Firefox/103.0"
85.25.185.196 - - [14/Nov/2022:00:09:15 +0100] "GET /Site/PodCast?action=edit&restore=diff:1346079089:1345304564:&preview=y HTTP/1.1" 200 8627 "-" "Mozilla/5.0 (Macintosh; Intel Mac OS X 10.15; rv:103.0) Gecko/20100101 Firefox/103.0"
85.25.185.196 - - [14/Nov/2022:00:10:09 +0100] "GET /Site/PodCast?action=edit&restore=diff:1376763719:1375286701:&preview=y HTTP/1.1" 200 8627 "-" "Mozilla/5.0 (Macintosh; Intel Mac OS X 10.15; rv:103.0) Gecko/20100101 Firefox/103.0"
207.46.13.19 - - [14/Nov/2022:00:11:45 +0100] "GET /JissIBNJoussouff5/01?action=edit HTTP/1.1" 404 18 "-" "Mozilla/5.0 AppleWebKit/537.36 (KHTML, like Gecko; compatible; bingbot/2.0; +http://www.bing.com/bingbot.htm) Chrome/103.0.5060.134 Safari/537.36"
85.25.185.196 - - [14/Nov/2022:00:12:15 +0100] "GET /PodCast/Quaalewaal?action=print HTTP/1.1" 200 3116 "-" "Mozilla/5.0 (Macintosh; Intel Mac OS X 10.15; rv:103.0) Gecko/20100101 Firefox/103.0"
85.25.185.196 - - [14/Nov/2022:00:13:12 +0100] "GET /PodCast/WMNutzts?action=print HTTP/1.1" 404 2396 "-" "Mozilla/5.0 (Macintosh; Intel Mac OS X 10.15; rv:103.0) Gecko/20100101 Firefox/103.0"
85.25.185.196 - - [14/Nov/2022:00:14:13 +0100] "GET /Site/PodCast?action=edit&restore=diff:1350228156:1348495764:&preview=y HTTP/1.1" 200 8627 "-" "Mozilla/5.0 (Macintosh; Intel Mac OS X 10.15; rv:103.0) Gecko/20100101 Firefox/103.0"
85.25.185.196 - - [14/Nov/2022:00:15:21 +0100] "GET /Site/PodCast?action=edit&restore=diff:1492616508:1492616500:&preview=y HTTP/1.1" 200 8627 "-" "Mozilla/5.0 (Macintosh; Intel Mac OS X 10.15; rv:103.0) Gecko/20100101 Firefox/103.0"
85.25.185.196 - - [14/Nov/2022:00:16:11 +0100] "GET /PodCast/WMNutzts?action=upload HTTP/1.1" 200 8538 "-" "Mozilla/5.0 (Macintosh; Intel Mac OS X 10.15; rv:103.0) Gecko/20100101 Firefox/103.0"
85.25.185.196 - - [14/Nov/2022:00:16:59 +0100] "GET /PodCast/Leerplaan?action=edit HTTP/1.1" 200 8650 "-" "Mozilla/5.0 (Macintosh; Intel Mac OS X 10.15; rv:103.0) Gecko/20100101 Firefox/103.0"
85.25.185.196 - - [14/Nov/2022:00:18:00 +0100] "GET /PodCast/Leerplaan?action=upload HTTP/1.1" 200 8550 "-" "Mozilla/5.0 (Macintosh; Intel Mac OS X 10.15; rv:103.0) Gecko/20100101 Firefox/103.0"
85.25.185.196 - - [14/Nov/2022:00:18:34 +0100] "GET /Site/PodCast?action=edit&restore=diff:1361294584:1357845923:&preview=y HTTP/1.1" 200 8627 "-" "Mozilla/5.0 (Macintosh; Intel Mac OS X 10.15; rv:103.0) Gecko/20100101 Firefox/103.0"
85.25.185.196 - - [14/Nov/2022:00:19:29 +0100] "GET /PodCast/RezPflInt?action=upload HTTP/1.1" 200 8554 "-" "Mozilla/5.0 (Macintosh; Intel Mac OS X 10.15; rv:103.0) Gecko/20100101 Firefox/103.0"
85.25.185.196 - - [14/Nov/2022:00:20:33 +0100] "GET /Site/PodCast?action=edit&restore=diff:1417720991:1416683806:&preview=y HTTP/1.1" 200 8627 "-" "Mozilla/5.0 (Macintosh; Intel Mac OS X 10.15; rv:103.0) Gecko/20100101 Firefox/103.0"
194.209.200.2 - - [14/Nov/2022:00:20:38 +0100] "GET /robots.txt HTTP/1.1" 200 - "-" "Mozilla/5.0 (compatible; TMMBot/0.2; +http://www.dslab.ch)/Nutch-1.15"
194.209.200.2 - - [14/Nov/2022:00:20:38 +0100] "GET /Texte/Schrybwys HTTP/1.1" 200 11028 "-" "Mozilla/5.0 (compatible; TMMBot/0.2; +http://www.dslab.ch)/Nutch-1.15"
194.209.200.2 - - [14/Nov/2022:00:21:35 +0100] "GET /Texte/GDicht HTTP/1.1" 200 8050 "-" "Mozilla/5.0 (compatible; TMMBot/0.2; +http://www.dslab.ch)/Nutch-1.15"
85.25.185.196 - - [14/Nov/2022:00:22:02 +0100] "GET /Site/PodCast?action=edit&restore=diff:1366311301:1364920053:&preview=y HTTP/1.1" 200 8627 "-" "Mozilla/5.0 (Macintosh; Intel Mac OS X 10.15; rv:103.0) Gecko/20100101 Firefox/103.0"
194.209.200.2 - - [14/Nov/2022:00:22:11 +0100] "GET /Texte/Metamorphoses HTTP/1.1" 200 9045 "-" "Mozilla/5.0 (compatible; TMMBot/0.2; +http://www.dslab.ch)/Nutch-1.15"
85.25.185.196 - - [14/Nov/2022:00:22:50 +0100] "GET /Site/PodCast?action=edit&restore=diff:1398106165:1398106095:&preview=y HTTP/1.1" 200 8627 "-" "Mozilla/5.0 (Macintosh; Intel Mac OS X 10.15; rv:103.0) Gecko/20100101 Firefox/103.0"
85.25.185.196 - - [14/Nov/2022:00:24:11 +0100] "GET /PodCast/Patriarch?action=diff HTTP/1.1" 200 28846 "-" "Mozilla/5.0 (Macintosh; Intel Mac OS X 10.15; rv:103.0) Gecko/20100101 Firefox/103.0"
85.25.185.196 - - [14/Nov/2022:00:26:09 +0100] "GET /Site/PodCast?action=edit&restore=diff:1478466883:1475920922:&preview=y HTTP/1.1" 200 8627 "-" "Mozilla/5.0 (Macintosh; Intel Mac OS X 10.15; rv:103.0) Gecko/20100101 Firefox/103.0"
85.25.185.196 - - [14/Nov/2022:00:26:34 +0100] "GET /Site/142Taagsatzig1484?action=diff HTTP/1.1" 200 17078 "-" "Mozilla/5.0 (Macintosh; Intel Mac OS X 10.15; rv:103.0) Gecko/20100101 Firefox/103.0"
85.25.185.196 - - [14/Nov/2022:00:27:41 +0100] "GET /Site/PodCast?action=edit&restore=diff:1334944558:1333640211:&preview=y HTTP/1.1" 200 8627 "-" "Mozilla/5.0 (Macintosh; Intel Mac OS X 10.15; rv:103.0) Gecko/20100101 Firefox/103.0"
85.25.185.196 - - [14/Nov/2022:00:28:39 +0100] "GET /Site/142Taagsatzig1484?action=edit HTTP/1.1" 200 8723 "-" "Mozilla/5.0 (Macintosh; Intel Mac OS X 10.15; rv:103.0) Gecko/20100101 Firefox/103.0"
85.25.185.196 - - [14/Nov/2022:00:29:39 +0100] "GET /Site/PodCast?action=edit&restore=diff:1375286701:1375209726:&preview=y HTTP/1.1" 200 8627 "-" "Mozilla/5.0 (Macintosh; Intel Mac OS X 10.15; rv:103.0) Gecko/20100101 Firefox/103.0"
85.25.185.196 - - [14/Nov/2022:00:30:14 +0100] "GET /Site/142Taagsatzig1484?action=upload HTTP/1.1" 200 8623 "-" "Mozilla/5.0 (Macintosh; Intel Mac OS X 10.15; rv:103.0) Gecko/20100101 Firefox/103.0"
85.25.185.196 - - [14/Nov/2022:00:31:30 +0100] "GET /Site/PodCast?action=edit&restore=diff:1460878587:1460230596:&preview=y HTTP/1.1" 200 8627 "-" "Mozilla/5.0 (Macintosh; Intel Mac OS X 10.15; rv:103.0) Gecko/20100101 Firefox/103.0"
85.25.185.196 - - [14/Nov/2022:00:32:42 +0100] "GET /Site/PodCast?action=edit&restore=diff:1325147443:1324395450:&preview=y HTTP/1.1" 200 8627 "-" "Mozilla/5.0 (Macintosh; Intel Mac OS X 10.15; rv:103.0) Gecko/20100101 Firefox/103.0"
85.25.185.196 - - [14/Nov/2022:00:34:10 +0100] "GET /Site/PodCast?action=edit&restore=diff:1442428773:1441099277:&preview=y HTTP/1.1" 200 8627 "-" "Mozilla/5.0 (Macintosh; Intel Mac OS X 10.15; rv:103.0) Gecko/20100101 Firefox/103.0"
85.25.185.196 - - [14/Nov/2022:00:35:08 +0100] "GET /Site/PodCast?action=edit&restore=diff:1453482131:1452271806:&preview=y HTTP/1.1" 200 8627 "-" "Mozilla/5.0 (Macintosh; Intel Mac OS X 10.15; rv:103.0) Gecko/20100101 Firefox/103.0"
85.25.185.196 - - [14/Nov/2022:00:35:57 +0100] "GET /Texte/Bitterbeuhsi?action=edit&restore=diff:1178724587:1177686638:&preview=y HTTP/1.1" 200 8709 "-" "Mozilla/5.0 (Macintosh; Intel Mac OS X 10.15; rv:103.0) Gecko/20100101 Firefox/103.0"
85.25.185.196 - - [14/Nov/2022:00:37:27 +0100] "GET /Site/PodCast?action=edit&restore=diff:1425485987:1425228622:&preview=y HTTP/1.1" 200 8627 "-" "Mozilla/5.0 (Macintosh; Intel Mac OS X 10.15; rv:103.0) Gecko/20100101 Firefox/103.0"
85.25.185.196 - - [14/Nov/2022:00:39:16 +0100] "GET /Texte/Bitterbeuhsi?action=edit&restore=diff:1178724636:1178724587:&preview=y HTTP/1.1" 200 8709 "-" "Mozilla/5.0 (Macintosh; Intel Mac OS X 10.15; rv:103.0) Gecko/20100101 Firefox/103.0"
85.25.185.196 - - [14/Nov/2022:00:40:35 +0100] "GET /Texte/Bitterbeuhsi?action=edit&restore=diff:1178907522:1178724704:&preview=y HTTP/1.1" 200 8709 "-" "Mozilla/5.0 (Macintosh; Intel Mac OS X 10.15; rv:103.0) Gecko/20100101 Firefox/103.0"
85.25.185.196 - - [14/Nov/2022:00:41:35 +0100] "GET /Site/PodCast?action=edit&restore=diff:1296147404:1295889940:&preview=y HTTP/1.1" 200 8627 "-" "Mozilla/5.0 (Macintosh; Intel Mac OS X 10.15; rv:103.0) Gecko/20100101 Firefox/103.0"
85.25.185.196 - - [14/Nov/2022:00:42:44 +0100] "GET /Texte/Bitterbeuhsi?action=edit&restore=diff:1591952722:1179764670:&preview=y HTTP/1.1" 200 8709 "-" "Mozilla/5.0 (Macintosh; Intel Mac OS X 10.15; rv:103.0) Gecko/20100101 Firefox/103.0"
85.25.185.196 - - [14/Nov/2022:00:43:25 +0100] "GET /Texte/Bitterbeuhsi?action=edit&restore=diff:1163119722:1163063982:&preview=y HTTP/1.1" 200 8709 "-" "Mozilla/5.0 (Macintosh; Intel Mac OS X 10.15; rv:103.0) Gecko/20100101 Firefox/103.0"
85.25.185.196 - - [14/Nov/2022:00:44:30 +0100] "GET /Site/PodCast?action=edit&restore=diff:1357845923:1355943666:&preview=y HTTP/1.1" 200 8627 "-" "Mozilla/5.0 (Macintosh; Intel Mac OS X 10.15; rv:103.0) Gecko/20100101 Firefox/103.0"
66.249.76.222 - - [14/Nov/2022:00:44:45 +0100] "GET /PodCast/IndexPage?action=rss HTTP/1.1" 200 6298 "-" "Mozilla/5.0 (compatible; Googlebot/2.1; +http://www.google.com/bot.html)"
85.25.185.196 - - [14/Nov/2022:00:45:34 +0100] "GET /Site/PodCast?action=edit&restore=diff:1445011865:1442429950:&preview=y HTTP/1.1" 200 8627 "-" "Mozilla/5.0 (Macintosh; Intel Mac OS X 10.15; rv:103.0) Gecko/20100101 Firefox/103.0"
85.25.185.196 - - [14/Nov/2022:00:46:28 +0100] "GET /Texte/Bitterbeuhsi?action=diff&source=n&minor=y HTTP/1.1" 200 22114 "-" "Mozilla/5.0 (Macintosh; Intel Mac OS X 10.15; rv:103.0) Gecko/20100101 Firefox/103.0"
85.25.185.196 - - [14/Nov/2022:00:49:07 +0100] "GET /Texte/Bitterbeuhsi?action=edit&restore=diff:1163057251:1163038336:&preview=y HTTP/1.1" 200 8709 "-" "Mozilla/5.0 (Macintosh; Intel Mac OS X 10.15; rv:103.0) Gecko/20100101 Firefox/103.0"
85.25.185.196 - - [14/Nov/2022:00:50:08 +0100] "GET /Texte/Bitterbeuhsi?action=edit&restore=diff:1177686638:1177686513:&preview=y HTTP/1.1" 200 8709 "-" "Mozilla/5.0 (Macintosh; Intel Mac OS X 10.15; rv:103.0) Gecko/20100101 Firefox/103.0"
85.25.185.196 - - [14/Nov/2022:00:51:26 +0100] "GET /Site/PodCast?action=edit&restore=diff:1445011865:1442429950:&preview=y HTTP/1.1" 200 8627 "-" "Mozilla/5.0 (Macintosh; Intel Mac OS X 10.15; rv:103.0) Gecko/20100101 Firefox/103.0"
85.25.185.196 - - [14/Nov/2022:00:56:12 +0100] "GET /Texte/Bitterbeuhsi?action=edit&restore=diff:1177686513:1163119722:&preview=y HTTP/1.1" 200 8709 "-" "Mozilla/5.0 (Macintosh; Intel Mac OS X 10.15; rv:103.0) Gecko/20100101 Firefox/103.0"
194.209.200.2 - - [14/Nov/2022:00:59:37 +0100] "GET /robots.txt HTTP/1.1" 200 - "-" "Mozilla/5.0 (compatible; TMMBot/0.2; +http://www.dslab.ch)/Nutch-1.15"
194.209.200.2 - - [14/Nov/2022:00:59:37 +0100] "GET /Texte/Schrybwys HTTP/1.1" 200 11028 "-" "Mozilla/5.0 (compatible; TMMBot/0.2; +http://www.dslab.ch)/Nutch-1.15"
194.209.200.2 - - [14/Nov/2022:01:00:37 +0100] "GET /Texte/GDicht HTTP/1.1" 200 8050 "-" "Mozilla/5.0 (compatible; TMMBot/0.2; +http://www.dslab.ch)/Nutch-1.15"
85.25.185.196 - - [14/Nov/2022:01:00:54 +0100] "GET /Texte/Bitterbeuhsi?action=edit&restore=diff:1163038336:1163038336:&preview=y HTTP/1.1" 200 8709 "-" "Mozilla/5.0 (Macintosh; Intel Mac OS X 10.15; rv:103.0) Gecko/20100101 Firefox/103.0"
194.209.200.2 - - [14/Nov/2022:01:01:16 +0100] "GET /Texte/Metamorphoses HTTP/1.1" 200 9045 "-" "Mozilla/5.0 (compatible; TMMBot/0.2; +http://www.dslab.ch)/Nutch-1.15"
85.25.185.196 - - [14/Nov/2022:01:01:48 +0100] "GET /Texte/Bitterbeuhsi?action=diff&source=y&minor=n HTTP/1.1" 200 22492 "-" "Mozilla/5.0 (Macintosh; Intel Mac OS X 10.15; rv:103.0) Gecko/20100101 Firefox/103.0"
85.25.185.196 - - [14/Nov/2022:01:02:39 +0100] "GET /Site/PodCast?action=edit&restore=diff:1425228622:1422904591:&preview=y HTTP/1.1" 200 8627 "-" "Mozilla/5.0 (Macintosh; Intel Mac OS X 10.15; rv:103.0) Gecko/20100101 Firefox/103.0"
85.25.185.196 - - [14/Nov/2022:01:03:27 +0100] "GET /Site/PodCast?action=edit&restore=diff:1409495898:1408115503:&preview=y HTTP/1.1" 200 8627 "-" "Mozilla/5.0 (Macintosh; Intel Mac OS X 10.15; rv:103.0) Gecko/20100101 Firefox/103.0"
85.25.185.196 - - [14/Nov/2022:01:04:23 +0100] "GET /Site/PodCast?action=edit&restore=diff:1455208733:1455208307:&preview=y HTTP/1.1" 200 8627 "-" "Mozilla/5.0 (Macintosh; Intel Mac OS X 10.15; rv:103.0) Gecko/20100101 Firefox/103.0"
85.25.185.196 - - [14/Nov/2022:01:10:58 +0100] "GET /Texte/Bitterbeuhsi?action=edit&restore=diff:1163063982:1163057265:&preview=y HTTP/1.1" 200 8709 "-" "Mozilla/5.0 (Macintosh; Intel Mac OS X 10.15; rv:103.0) Gecko/20100101 Firefox/103.0"
85.25.185.196 - - [14/Nov/2022:01:11:56 +0100] "GET /Texte/Bitterbeuhsi?action=edit&restore=diff:1163057265:1163057251:&preview=y HTTP/1.1" 200 8709 "-" "Mozilla/5.0 (Macintosh; Intel Mac OS X 10.15; rv:103.0) Gecko/20100101 Firefox/103.0"
85.25.185.196 - - [14/Nov/2022:01:12:54 +0100] "GET /Site/PodCast?action=edit&restore=diff:1455208733:1455208307:&preview=y HTTP/1.1" 200 8627 "-" "Mozilla/5.0 (Macintosh; Intel Mac OS X 10.15; rv:103.0) Gecko/20100101 Firefox/103.0"
85.25.185.196 - - [14/Nov/2022:01:13:51 +0100] "GET /Texte/Bitterbeuhsi?action=edit&restore=diff:1179764670:1178907522:&preview=y HTTP/1.1" 200 8709 "-" "Mozilla/5.0 (Macintosh; Intel Mac OS X 10.15; rv:103.0) Gecko/20100101 Firefox/103.0"
85.25.185.196 - - [14/Nov/2022:01:14:34 +0100] "GET /Site/PodCast?action=edit&restore=diff:1295889473:1295889164:&preview=y HTTP/1.1" 200 8627 "-" "Mozilla/5.0 (Macintosh; Intel Mac OS X 10.15; rv:103.0) Gecko/20100101 Firefox/103.0"
199.114.218.116 - - [14/Nov/2022:01:14:39 +0100] "POST /wp-plain.php HTTP/1.1" 404 282 "www.google.com" "Mozilla/5.0 (Linux; Android 7.0; SM-G892A Bulid/NRD90M; wv) AppleWebKit/537.36 (KHTML, like Gecko) Version/4.0 Chrome/60.0.3112.107 Moblie Safari/537.36"
199.114.218.116 - - [14/Nov/2022:01:14:39 +0100] "POST /ALFA_DATA/alfacgiapi/perl.alfa HTTP/1.1" 404 264 "www.google.com" "Mozlila/5.0 (Linux; Android 7.0; SM-G892A Bulid/NRD90M; wv) AppleWebKit/537.36 (KHTML, like Gecko) Version/4.0 Chrome/60.0.3112.107 Moblie Safari/537.36"
199.114.218.116 - - [14/Nov/2022:01:14:39 +0100] "GET / HTTP/1.1" 200 15085 "-" "Mozlila/5.0 (Linux; Android 7.0; SM-G892A Bulid/NRD90M; wv) AppleWebKit/537.36 (KHTML, like Gecko) Version/4.0 Chrome/60.0.3112.107 Moblie Safari/537.36"
199.114.218.116 - - [14/Nov/2022:01:14:39 +0100] "GET /xxxeivym.php?Fox=d3wL7 HTTP/1.1" 404 282 "www.google.com" "Mozilla/5.0 (Linux; Android 7.0; SM-G892A Bulid/NRD90M; wv) AppleWebKit/537.36 (KHTML, like Gecko) Version/4.0 Chrome/60.0.3112.107 Moblie Safari/537.36"
199.114.218.116 - - [14/Nov/2022:01:14:39 +0100] "POST /alfacgiapi/perl.alfa HTTP/1.1" 404 290 "www.google.com" "Mozlila/5.0 (Linux; Android 7.0; SM-G892A Bulid/NRD90M; wv) AppleWebKit/537.36 (KHTML, like Gecko) Version/4.0 Chrome/60.0.3112.107 Moblie Safari/537.36"
85.25.185.196 - - [14/Nov/2022:01:18:11 +0100] "GET /Texte/Bitterbeuhsi?action=edit&restore=diff:1178724704:1178724636:&preview=y HTTP/1.1" 200 8709 "-" "Mozilla/5.0 (Macintosh; Intel Mac OS X 10.15; rv:103.0) Gecko/20100101 Firefox/103.0"
85.25.185.196 - - [14/Nov/2022:01:20:21 +0100] "GET /PodCast/PodCastJissai?action=diff HTTP/1.1" 200 20282 "-" "Mozilla/5.0 (Macintosh; Intel Mac OS X 10.15; rv:103.0) Gecko/20100101 Firefox/103.0"
85.25.185.196 - - [14/Nov/2022:01:22:13 +0100] "GET /Site/PodCast?action=edit&restore=diff:1519586217:1503126941:&preview=y HTTP/1.1" 200 8627 "-" "Mozilla/5.0 (Macintosh; Intel Mac OS X 10.15; rv:103.0) Gecko/20100101 Firefox/103.0"
85.25.185.196 - - [14/Nov/2022:01:23:00 +0100] "GET /PodCast/PodCastJissai?action=upload HTTP/1.1" 200 8610 "-" "Mozilla/5.0 (Macintosh; Intel Mac OS X 10.15; rv:103.0) Gecko/20100101 Firefox/103.0"
85.25.185.196 - - [14/Nov/2022:01:24:54 +0100] "GET /Site/PodCast?action=edit&restore=diff:1297098444:1297097802:&preview=y HTTP/1.1" 200 8627 "-" "Mozilla/5.0 (Macintosh; Intel Mac OS X 10.15; rv:103.0) Gecko/20100101 Firefox/103.0"
85.25.185.196 - - [14/Nov/2022:01:25:54 +0100] "GET /Site/PodCast?action=edit&restore=diff:1297098629:1297098444:&preview=y HTTP/1.1" 200 8627 "-" "Mozilla/5.0 (Macintosh; Intel Mac OS X 10.15; rv:103.0) Gecko/20100101 Firefox/103.0"
85.25.185.196 - - [14/Nov/2022:01:26:41 +0100] "GET /Site/PodCast?action=edit&restore=diff:1404316807:1404316035:&preview=y HTTP/1.1" 200 8627 "-" "Mozilla/5.0 (Macintosh; Intel Mac OS X 10.15; rv:103.0) Gecko/20100101 Firefox/103.0"
85.25.185.196 - - [14/Nov/2022:01:27:26 +0100] "GET /PodCast/PodCastJissai?action=edit HTTP/1.1" 200 8710 "-" "Mozilla/5.0 (Macintosh; Intel Mac OS X 10.15; rv:103.0) Gecko/20100101 Firefox/103.0"
85.25.185.196 - - [14/Nov/2022:01:28:21 +0100] "GET /Site/42Fasnacht1455?action=diff HTTP/1.1" 200 11673 "-" "Mozilla/5.0 (Macintosh; Intel Mac OS X 10.15; rv:103.0) Gecko/20100101 Firefox/103.0"
85.25.185.196 - - [14/Nov/2022:01:29:55 +0100] "GET /Site/PodCast?action=edit&restore=diff:1284793122:1283411305:&preview=y HTTP/1.1" 200 8627 "-" "Mozilla/5.0 (Macintosh; Intel Mac OS X 10.15; rv:103.0) Gecko/20100101 Firefox/103.0"
3.216.185.164 - - [14/Nov/2022:01:30:05 +0100] "GET /PodCast/IndexPage?action=rss HTTP/1.1" 200 6298 "-" "PocketCasts/1.0 (Pocket Casts Feed Parser; +http://pocketcasts.com/)"
85.25.185.196 - - [14/Nov/2022:01:31:15 +0100] "GET /Site/PodCast?action=edit&restore=diff:1402590923:1401432764:&preview=y HTTP/1.1" 200 8627 "-" "Mozilla/5.0 (Macintosh; Intel Mac OS X 10.15; rv:103.0) Gecko/20100101 Firefox/103.0"
85.25.185.196 - - [14/Nov/2022:01:31:43 +0100] "GET /Site/42Fasnacht1455?action=edit HTTP/1.1" 200 8681 "-" "Mozilla/5.0 (Macintosh; Intel Mac OS X 10.15; rv:103.0) Gecko/20100101 Firefox/103.0"
194.209.200.2 - - [14/Nov/2022:01:32:18 +0100] "GET /robots.txt HTTP/1.1" 200 - "-" "Mozilla/5.0 (compatible; TMMBot/0.2; +http://www.dslab.ch)/Nutch-1.15"
194.209.200.2 - - [14/Nov/2022:01:32:18 +0100] "GET /Texte/Schrybwys HTTP/1.1" 200 11028 "-" "Mozilla/5.0 (compatible; TMMBot/0.2; +http://www.dslab.ch)/Nutch-1.15"
85.25.185.196 - - [14/Nov/2022:01:32:53 +0100] "GET /Site/PodCast?action=edit&restore=diff:1501359761:1501357708:&preview=y HTTP/1.1" 200 8627 "-" "Mozilla/5.0 (Macintosh; Intel Mac OS X 10.15; rv:103.0) Gecko/20100101 Firefox/103.0"
194.209.200.2 - - [14/Nov/2022:01:33:18 +0100] "GET /Texte/GDicht HTTP/1.1" 200 8050 "-" "Mozilla/5.0 (compatible; TMMBot/0.2; +http://www.dslab.ch)/Nutch-1.15"
194.209.200.2 - - [14/Nov/2022:01:33:55 +0100] "GET /Texte/Metamorphoses HTTP/1.1" 200 9045 "-" "Mozilla/5.0 (compatible; TMMBot/0.2; +http://www.dslab.ch)/Nutch-1.15"
85.25.185.196 - - [14/Nov/2022:01:35:33 +0100] "GET /Site/42Fasnacht1455?action=upload HTTP/1.1" 200 8581 "-" "Mozilla/5.0 (Macintosh; Intel Mac OS X 10.15; rv:103.0) Gecko/20100101 Firefox/103.0"
85.25.185.196 - - [14/Nov/2022:01:37:28 +0100] "GET /PodCast/Ouhsschaffig?action=edit HTTP/1.1" 200 8692 "-" "Mozilla/5.0 (Macintosh; Intel Mac OS X 10.15; rv:103.0) Gecko/20100101 Firefox/103.0"
85.25.185.196 - - [14/Nov/2022:01:38:55 +0100] "GET /PodCast/Ouhsschaffig?action=upload HTTP/1.1" 200 8592 "-" "Mozilla/5.0 (Macintosh; Intel Mac OS X 10.15; rv:103.0) Gecko/20100101 Firefox/103.0"
85.25.185.196 - - [14/Nov/2022:01:39:42 +0100] "GET /Site/PodCast?action=edit&restore=diff:1501359761:1501357708:&preview=y HTTP/1.1" 200 8627 "-" "Mozilla/5.0 (Macintosh; Intel Mac OS X 10.15; rv:103.0) Gecko/20100101 Firefox/103.0"
85.25.185.196 - - [14/Nov/2022:01:40:40 +0100] "GET /Site/PodCast?action=edit&restore=diff:1276877636:1276877107:&preview=y HTTP/1.1" 200 8627 "-" "Mozilla/5.0 (Macintosh; Intel Mac OS X 10.15; rv:103.0) Gecko/20100101 Firefox/103.0"
85.25.185.196 - - [14/Nov/2022:01:41:22 +0100] "GET /Site/PodCast?action=edit&restore=diff:1295889940:1295889639:&preview=y HTTP/1.1" 200 8627 "-" "Mozilla/5.0 (Macintosh; Intel Mac OS X 10.15; rv:103.0) Gecko/20100101 Firefox/103.0"
85.25.185.196 - - [14/Nov/2022:01:42:49 +0100] "GET /PodCast/Ouhsschaffig?action=diff HTTP/1.1" 200 14842 "-" "Mozilla/5.0 (Macintosh; Intel Mac OS X 10.15; rv:103.0) Gecko/20100101 Firefox/103.0"
85.25.185.196 - - [14/Nov/2022:01:43:35 +0100] "GET /Site/PodCast?action=edit&restore=diff:1472496506:1471530231:&preview=y HTTP/1.1" 200 8627 "-" "Mozilla/5.0 (Macintosh; Intel Mac OS X 10.15; rv:103.0) Gecko/20100101 Firefox/103.0"
85.25.185.196 - - [14/Nov/2022:01:44:41 +0100] "GET /Site/PodCast?action=edit&restore=diff:1291232998:1290680548:&preview=y HTTP/1.1" 200 8627 "-" "Mozilla/5.0 (Macintosh; Intel Mac OS X 10.15; rv:103.0) Gecko/20100101 Firefox/103.0"
66.249.70.204 - - [14/Nov/2022:01:45:45 +0100] "GET /PodCast/IndexPage?action=rss HTTP/1.1" 200 6298 "-" "Mozilla/5.0 (compatible; Googlebot/2.1; +http://www.google.com/bot.html)"
85.25.185.196 - - [14/Nov/2022:01:46:18 +0100] "GET /PodCast/Maitli?action=edit HTTP/1.1" 200 8608 "-" "Mozilla/5.0 (Macintosh; Intel Mac OS X 10.15; rv:103.0) Gecko/20100101 Firefox/103.0"
85.25.185.196 - - [14/Nov/2022:01:47:34 +0100] "GET /PodCast/Maitli?action=upload HTTP/1.1" 200 8508 "-" "Mozilla/5.0 (Macintosh; Intel Mac OS X 10.15; rv:103.0) Gecko/20100101 Firefox/103.0"
85.25.185.196 - - [14/Nov/2022:01:48:37 +0100] "GET /Site/PodCast?action=edit&restore=diff:1398105355:1398105291:&preview=y HTTP/1.1" 200 8627 "-" "Mozilla/5.0 (Macintosh; Intel Mac OS X 10.15; rv:103.0) Gecko/20100101 Firefox/103.0"
85.25.185.196 - - [14/Nov/2022:01:50:29 +0100] "GET /Site/PodCast?action=edit&restore=diff:1460230596:1457943237:&preview=y HTTP/1.1" 200 8627 "-" "Mozilla/5.0 (Macintosh; Intel Mac OS X 10.15; rv:103.0) Gecko/20100101 Firefox/103.0"
85.25.185.196 - - [14/Nov/2022:01:51:32 +0100] "GET /Site/PodCast?action=edit&restore=diff:1290680548:1288799686:&preview=y HTTP/1.1" 200 8627 "-" "Mozilla/5.0 (Macintosh; Intel Mac OS X 10.15; rv:103.0) Gecko/20100101 Firefox/103.0"
85.25.185.196 - - [14/Nov/2022:01:53:03 +0100] "GET /PodCast/Leerplaan?action=diff HTTP/1.1" 200 14627 "-" "Mozilla/5.0 (Macintosh; Intel Mac OS X 10.15; rv:103.0) Gecko/20100101 Firefox/103.0"
85.25.185.196 - - [14/Nov/2022:01:53:55 +0100] "GET /Site/PodCast?action=edit&restore=diff:1472564602:1472564513:&preview=y HTTP/1.1" 200 8627 "-" "Mozilla/5.0 (Macintosh; Intel Mac OS X 10.15; rv:103.0) Gecko/20100101 Firefox/103.0"
85.25.185.196 - - [14/Nov/2022:01:55:09 +0100] "GET /Site/PodCast?action=edit&restore=diff:1475918664:1474215219:&preview=y HTTP/1.1" 200 8627 "-" "Mozilla/5.0 (Macintosh; Intel Mac OS X 10.15; rv:103.0) Gecko/20100101 Firefox/103.0"
85.25.185.196 - - [14/Nov/2022:01:55:59 +0100] "GET /Site/PodCast?action=edit&restore=diff:1338986805:1338986631:&preview=y HTTP/1.1" 200 8627 "-" "Mozilla/5.0 (Macintosh; Intel Mac OS X 10.15; rv:103.0) Gecko/20100101 Firefox/103.0"
85.25.185.196 - - [14/Nov/2022:01:57:18 +0100] "GET /Site/PodCast?action=edit&restore=diff:1398105404:1398105355:&preview=y HTTP/1.1" 200 8627 "-" "Mozilla/5.0 (Macintosh; Intel Mac OS X 10.15; rv:103.0) Gecko/20100101 Firefox/103.0"
85.25.185.196 - - [14/Nov/2022:01:59:27 +0100] "GET /Site/PodCast?action=edit&restore=diff:1422904591:1421943947:&preview=y HTTP/1.1" 200 8627 "-" "Mozilla/5.0 (Macintosh; Intel Mac OS X 10.15; rv:103.0) Gecko/20100101 Firefox/103.0"
85.25.185.196 - - [14/Nov/2022:02:00:43 +0100] "GET /Site/PodCast?action=edit&restore=diff:1376765439:1376763719:&preview=y HTTP/1.1" 200 8627 "-" "Mozilla/5.0 (Macintosh; Intel Mac OS X 10.15; rv:103.0) Gecko/20100101 Firefox/103.0"
85.25.185.196 - - [14/Nov/2022:02:01:56 +0100] "GET /Site/PodCast?action=edit&restore=diff:1470995694:1466014586:&preview=y HTTP/1.1" 200 8627 "-" "Mozilla/5.0 (Macintosh; Intel Mac OS X 10.15; rv:103.0) Gecko/20100101 Firefox/103.0"
194.209.200.2 - - [14/Nov/2022:02:02:04 +0100] "GET /robots.txt HTTP/1.1" 200 - "-" "Mozilla/5.0 (compatible; TMMBot/0.2; +http://www.dslab.ch)/Nutch-1.15"
194.209.200.2 - - [14/Nov/2022:02:02:04 +0100] "GET /Texte/Schrybwys HTTP/1.1" 200 11028 "-" "Mozilla/5.0 (compatible; TMMBot/0.2; +http://www.dslab.ch)/Nutch-1.15"
194.209.200.2 - - [14/Nov/2022:02:03:03 +0100] "GET /Texte/GDicht HTTP/1.1" 200 8050 "-" "Mozilla/5.0 (compatible; TMMBot/0.2; +http://www.dslab.ch)/Nutch-1.15"
194.209.200.2 - - [14/Nov/2022:02:03:41 +0100] "GET /Texte/Metamorphoses HTTP/1.1" 200 9045 "-" "Mozilla/5.0 (compatible; TMMBot/0.2; +http://www.dslab.ch)/Nutch-1.15"
85.25.185.196 - - [14/Nov/2022:02:03:48 +0100] "GET /Site/PodCast?action=edit&restore=diff:1455208172:1455207222:&preview=y HTTP/1.1" 200 8627 "-" "Mozilla/5.0 (Macintosh; Intel Mac OS X 10.15; rv:103.0) Gecko/20100101 Firefox/103.0"
85.25.185.196 - - [14/Nov/2022:02:04:34 +0100] "GET /Site/PodCast?action=edit&restore=diff:1501357708:1500928647:&preview=y HTTP/1.1" 200 8627 "-" "Mozilla/5.0 (Macintosh; Intel Mac OS X 10.15; rv:103.0) Gecko/20100101 Firefox/103.0"
85.25.185.196 - - [14/Nov/2022:02:05:55 +0100] "GET /Site/PodCast?action=edit&restore=diff:1454699391:1453482131:&preview=y HTTP/1.1" 200 8627 "-" "Mozilla/5.0 (Macintosh; Intel Mac OS X 10.15; rv:103.0) Gecko/20100101 Firefox/103.0"
85.25.185.196 - - [14/Nov/2022:02:07:07 +0100] "GET /Site/PodCast?action=edit&restore=diff:1282763070:1282558114:&preview=y HTTP/1.1" 200 8627 "-" "Mozilla/5.0 (Macintosh; Intel Mac OS X 10.15; rv:103.0) Gecko/20100101 Firefox/103.0"
40.77.167.46 - - [14/Nov/2022:02:07:27 +0100] "GET /PodCast/Poutschology HTTP/1.1" 200 14651 "-" "Mozilla/5.0 (compatible; bingbot/2.0; +http://www.bing.com/bingbot.htm)"
85.25.185.196 - - [14/Nov/2022:02:08:32 +0100] "GET /Site/PodCast?action=edit&restore=diff:1472564494:1472564383:&preview=y HTTP/1.1" 200 8627 "-" "Mozilla/5.0 (Macintosh; Intel Mac OS X 10.15; rv:103.0) Gecko/20100101 Firefox/103.0"
85.25.185.196 - - [14/Nov/2022:02:10:23 +0100] "GET /PodCast/Maitli?action=diff HTTP/1.1" 200 14602 "-" "Mozilla/5.0 (Macintosh; Intel Mac OS X 10.15; rv:103.0) Gecko/20100101 Firefox/103.0"
85.25.185.196 - - [14/Nov/2022:02:11:43 +0100] "GET /Texte/Metamorphoses?action=edit&restore=diff:1177682932:1177682751:&preview=y HTTP/1.1" 200 8723 "-" "Mozilla/5.0 (Macintosh; Intel Mac OS X 10.15; rv:103.0) Gecko/20100101 Firefox/103.0"
85.25.185.196 - - [14/Nov/2022:02:12:47 +0100] "GET /Site/PodCast?action=edit&restore=diff:1455207222:1455207100:&preview=y HTTP/1.1" 200 8627 "-" "Mozilla/5.0 (Macintosh; Intel Mac OS X 10.15; rv:103.0) Gecko/20100101 Firefox/103.0"
85.25.185.196 - - [14/Nov/2022:02:13:25 +0100] "GET /Site/PodCast?action=edit&restore=diff:1421943947:1421784765:&preview=y HTTP/1.1" 200 8627 "-" "Mozilla/5.0 (Macintosh; Intel Mac OS X 10.15; rv:103.0) Gecko/20100101 Firefox/103.0"
54.36.149.94 - - [14/Nov/2022:02:14:24 +0100] "GET /robots.txt HTTP/1.1" 200 - "-" "Mozilla/5.0 (compatible; AhrefsBot/7.0; +http://ahrefs.com/robot/)"
85.25.185.196 - - [14/Nov/2022:02:14:40 +0100] "GET /Texte/Metamorphoses?action=diff&source=y&minor=n HTTP/1.1" 200 22807 "-" "Mozilla/5.0 (Macintosh; Intel Mac OS X 10.15; rv:103.0) Gecko/20100101 Firefox/103.0"
85.25.185.196 - - [14/Nov/2022:02:16:43 +0100] "GET /Site/PodCast?action=edit&restore=diff:1322758537:1322758419:&preview=y HTTP/1.1" 200 8627 "-" "Mozilla/5.0 (Macintosh; Intel Mac OS X 10.15; rv:103.0) Gecko/20100101 Firefox/103.0"
85.25.185.196 - - [14/Nov/2022:02:17:26 +0100] "GET /Site/PodCast?action=edit&restore=diff:1483735482:1483735173:&preview=y HTTP/1.1" 200 8627 "-" "Mozilla/5.0 (Macintosh; Intel Mac OS X 10.15; rv:103.0) Gecko/20100101 Firefox/103.0"
85.25.185.196 - - [14/Nov/2022:02:18:23 +0100] "GET /Texte/Metamorphoses?action=edit&restore=diff:1163052961:1163052941:&preview=y HTTP/1.1" 200 8723 "-" "Mozilla/5.0 (Macintosh; Intel Mac OS X 10.15; rv:103.0) Gecko/20100101 Firefox/103.0"
85.25.185.196 - - [14/Nov/2022:02:19:26 +0100] "GET /Texte/Metamorphoses?action=edit&restore=diff:1163053049:1163052973:&preview=y HTTP/1.1" 200 8723 "-" "Mozilla/5.0 (Macintosh; Intel Mac OS X 10.15; rv:103.0) Gecko/20100101 Firefox/103.0"
85.25.185.196 - - [14/Nov/2022:02:20:17 +0100] "GET /Texte/Metamorphoses?action=edit&restore=diff:1163056267:1163053049:&preview=y HTTP/1.1" 200 8723 "-" "Mozilla/5.0 (Macintosh; Intel Mac OS X 10.15; rv:103.0) Gecko/20100101 Firefox/103.0"
85.25.185.196 - - [14/Nov/2022:02:21:16 +0100] "GET /Texte/Metamorphoses?action=edit&restore=diff:1177682622:1177682423:&preview=y HTTP/1.1" 200 8723 "-" "Mozilla/5.0 (Macintosh; Intel Mac OS X 10.15; rv:103.0) Gecko/20100101 Firefox/103.0"
85.25.185.196 - - [14/Nov/2022:02:21:54 +0100] "GET /Site/PodCast?action=edit&restore=diff:1345304564:1343761854:&preview=y HTTP/1.1" 200 8627 "-" "Mozilla/5.0 (Macintosh; Intel Mac OS X 10.15; rv:103.0) Gecko/20100101 Firefox/103.0"
85.25.185.196 - - [14/Nov/2022:02:22:34 +0100] "GET /Site/PodCast?action=edit&restore=diff:1333640211:1332617796:&preview=y HTTP/1.1" 200 8627 "-" "Mozilla/5.0 (Macintosh; Intel Mac OS X 10.15; rv:103.0) Gecko/20100101 Firefox/103.0"
85.25.185.196 - - [14/Nov/2022:02:23:25 +0100] "GET /Site/PodCast?action=edit&restore=diff:1479117944:1479117767:&preview=y HTTP/1.1" 200 8627 "-" "Mozilla/5.0 (Macintosh; Intel Mac OS X 10.15; rv:103.0) Gecko/20100101 Firefox/103.0"
85.25.185.196 - - [14/Nov/2022:02:24:08 +0100] "GET /Site/PodCast?action=edit&restore=diff:1421784765:1420707159:&preview=y HTTP/1.1" 200 8627 "-" "Mozilla/5.0 (Macintosh; Intel Mac OS X 10.15; rv:103.0) Gecko/20100101 Firefox/103.0"
85.25.185.196 - - [14/Nov/2022:02:25:33 +0100] "GET /Site/PodCast?action=edit&restore=diff:1454701116:1454699579:&preview=y HTTP/1.1" 200 8627 "-" "Mozilla/5.0 (Macintosh; Intel Mac OS X 10.15; rv:103.0) Gecko/20100101 Firefox/103.0"
85.25.185.196 - - [14/Nov/2022:02:26:57 +0100] "GET /Texte/Metamorphoses?action=edit&restore=diff:1163052973:1163052961:&preview=y HTTP/1.1" 200 8723 "-" "Mozilla/5.0 (Macintosh; Intel Mac OS X 10.15; rv:103.0) Gecko/20100101 Firefox/103.0"
85.25.185.196 - - [14/Nov/2022:02:29:36 +0100] "GET /Site/PodCast?action=edit&restore=diff:1519660992:1519586217:&preview=y HTTP/1.1" 200 8627 "-" "Mozilla/5.0 (Macintosh; Intel Mac OS X 10.15; rv:103.0) Gecko/20100101 Firefox/103.0"
85.25.185.196 - - [14/Nov/2022:02:31:28 +0100] "GET /Site/PodCast?action=edit&restore=diff:1373741683:1372237814:&preview=y HTTP/1.1" 200 8627 "-" "Mozilla/5.0 (Macintosh; Intel Mac OS X 10.15; rv:103.0) Gecko/20100101 Firefox/103.0"
85.25.185.196 - - [14/Nov/2022:02:32:52 +0100] "GET /Site/PodCast?action=edit&restore=diff:1434656101:1434654964:&preview=y HTTP/1.1" 200 8627 "-" "Mozilla/5.0 (Macintosh; Intel Mac OS X 10.15; rv:103.0) Gecko/20100101 Firefox/103.0"
85.25.185.196 - - [14/Nov/2022:02:35:26 +0100] "GET /Site/PodCast?action=edit&restore=diff:1408115503:1408114820:&preview=y HTTP/1.1" 200 8627 "-" "Mozilla/5.0 (Macintosh; Intel Mac OS X 10.15; rv:103.0) Gecko/20100101 Firefox/103.0"
194.209.200.2 - - [14/Nov/2022:02:36:06 +0100] "GET /robots.txt HTTP/1.1" 200 - "-" "Mozilla/5.0 (compatible; TMMBot/0.2; +http://www.dslab.ch)/Nutch-1.15"
194.209.200.2 - - [14/Nov/2022:02:36:06 +0100] "GET /Texte/Schrybwys HTTP/1.1" 200 11028 "-" "Mozilla/5.0 (compatible; TMMBot/0.2; +http://www.dslab.ch)/Nutch-1.15"
85.25.185.196 - - [14/Nov/2022:02:36:48 +0100] "GET /Texte/Metamorphoses?action=edit&restore=diff:1177682751:1177682622:&preview=y HTTP/1.1" 200 8723 "-" "Mozilla/5.0 (Macintosh; Intel Mac OS X 10.15; rv:103.0) Gecko/20100101 Firefox/103.0"
194.209.200.2 - - [14/Nov/2022:02:37:04 +0100] "GET /Texte/GDicht HTTP/1.1" 200 8050 "-" "Mozilla/5.0 (compatible; TMMBot/0.2; +http://www.dslab.ch)/Nutch-1.15"
194.209.200.2 - - [14/Nov/2022:02:37:41 +0100] "GET /Texte/Metamorphoses HTTP/1.1" 200 9045 "-" "Mozilla/5.0 (compatible; TMMBot/0.2; +http://www.dslab.ch)/Nutch-1.15"
85.25.185.196 - - [14/Nov/2022:02:38:07 +0100] "GET /Site/PodCast?action=edit&restore=diff:1322758419:1322758369:&preview=y HTTP/1.1" 200 8627 "-" "Mozilla/5.0 (Macintosh; Intel Mac OS X 10.15; rv:103.0) Gecko/20100101 Firefox/103.0"
85.25.185.196 - - [14/Nov/2022:02:40:17 +0100] "GET /Site/PodCast?action=edit&restore=diff:1342518572:1340804286:&preview=y HTTP/1.1" 200 8627 "-" "Mozilla/5.0 (Macintosh; Intel Mac OS X 10.15; rv:103.0) Gecko/20100101 Firefox/103.0"
85.25.185.196 - - [14/Nov/2022:02:45:27 +0100] "GET /Site/PodCast?action=edit&restore=diff:1398959161:1398959105:&preview=y HTTP/1.1" 200 8627 "-" "Mozilla/5.0 (Macintosh; Intel Mac OS X 10.15; rv:103.0) Gecko/20100101 Firefox/103.0"
85.25.185.196 - - [14/Nov/2022:02:47:07 +0100] "GET /Site/PodCast?action=edit&restore=diff:1353776197:1351703168:&preview=y HTTP/1.1" 200 8627 "-" "Mozilla/5.0 (Macintosh; Intel Mac OS X 10.15; rv:103.0) Gecko/20100101 Firefox/103.0"
85.25.185.196 - - [14/Nov/2022:02:50:15 +0100] "GET /Site/PodCast?action=edit&restore=diff:1398105512:1398105404:&preview=y HTTP/1.1" 200 8627 "-" "Mozilla/5.0 (Macintosh; Intel Mac OS X 10.15; rv:103.0) Gecko/20100101 Firefox/103.0"
85.25.185.196 - - [14/Nov/2022:02:51:20 +0100] "GET /Texte/Metamorphoses?action=edit&restore=diff:1177682423:1177682281:&preview=y HTTP/1.1" 200 8723 "-" "Mozilla/5.0 (Macintosh; Intel Mac OS X 10.15; rv:103.0) Gecko/20100101 Firefox/103.0"
157.55.39.171 - - [14/Nov/2022:02:52:13 +0100] "GET /Lydja/Mp3 HTTP/1.1" 200 8011 "-" "Mozilla/5.0 (compatible; bingbot/2.0; +http://www.bing.com/bingbot.htm)"
85.25.185.196 - - [14/Nov/2022:02:52:16 +0100] "GET /Texte/Metamorphoses?action=edit&restore=diff:1177682281:1163119092:&preview=y HTTP/1.1" 200 8723 "-" "Mozilla/5.0 (Macintosh; Intel Mac OS X 10.15; rv:103.0) Gecko/20100101 Firefox/103.0"
66.249.70.207 - - [14/Nov/2022:02:53:52 +0100] "GET /PodCast/IndexPage?action=rss HTTP/1.1" 200 6298 "-" "Mozilla/5.0 (compatible; Googlebot/2.1; +http://www.google.com/bot.html)"
85.25.185.196 - - [14/Nov/2022:02:54:10 +0100] "GET /Texte/Metamorphoses?action=edit&restore=diff:1163056683:1163056267:&preview=y HTTP/1.1" 200 8723 "-" "Mozilla/5.0 (Macintosh; Intel Mac OS X 10.15; rv:103.0) Gecko/20100101 Firefox/103.0"
85.25.185.196 - - [14/Nov/2022:02:54:39 +0100] "GET /Texte/Metamorphoses?action=diff&source=n&minor=y HTTP/1.1" 200 22833 "-" "Mozilla/5.0 (Macintosh; Intel Mac OS X 10.15; rv:103.0) Gecko/20100101 Firefox/103.0"
85.25.185.196 - - [14/Nov/2022:02:55:34 +0100] "GET /Site/PodCast?action=edit&restore=diff:1314902954:1314902893:&preview=y HTTP/1.1" 200 8627 "-" "Mozilla/5.0 (Macintosh; Intel Mac OS X 10.15; rv:103.0) Gecko/20100101 Firefox/103.0"
85.25.185.196 - - [14/Nov/2022:02:56:30 +0100] "GET /Texte/Metamorphoses?action=edit&restore=diff:1163052941:1163052941:&preview=y HTTP/1.1" 200 8723 "-" "Mozilla/5.0 (Macintosh; Intel Mac OS X 10.15; rv:103.0) Gecko/20100101 Firefox/103.0"
85.25.185.196 - - [14/Nov/2022:02:58:08 +0100] "GET /Site/PodCast?action=edit&restore=diff:1318705287:1318705157:&preview=y HTTP/1.1" 200 8627 "-" "Mozilla/5.0 (Macintosh; Intel Mac OS X 10.15; rv:103.0) Gecko/20100101 Firefox/103.0"
85.25.185.196 - - [14/Nov/2022:03:00:06 +0100] "GET /Site/PodCast?action=edit&restore=diff:1379530739:1376765439:&preview=y HTTP/1.1" 200 8627 "-" "Mozilla/5.0 (Macintosh; Intel Mac OS X 10.15; rv:103.0) Gecko/20100101 Firefox/103.0"
85.25.185.196 - - [14/Nov/2022:03:00:50 +0100] "GET /Site/PodCast?action=edit&restore=diff:1487194399:1483735482:&preview=y HTTP/1.1" 200 8627 "-" "Mozilla/5.0 (Macintosh; Intel Mac OS X 10.15; rv:103.0) Gecko/20100101 Firefox/103.0"
85.25.185.196 - - [14/Nov/2022:03:02:17 +0100] "GET /Site/PodCast?action=edit&restore=diff:1391098188:1391098069:&preview=y HTTP/1.1" 200 8627 "-" "Mozilla/5.0 (Macintosh; Intel Mac OS X 10.15; rv:103.0) Gecko/20100101 Firefox/103.0"
85.25.185.196 - - [14/Nov/2022:03:03:26 +0100] "GET /Texte/Metamorphoses?action=edit&restore=diff:1163052941:1163052941:&preview=y HTTP/1.1" 200 8723 "-" "Mozilla/5.0 (Macintosh; Intel Mac OS X 10.15; rv:103.0) Gecko/20100101 Firefox/103.0"
85.25.185.196 - - [14/Nov/2022:03:04:01 +0100] "GET /Texte/Metamorphoses?action=edit&restore=diff:1591952758:1177682932:&preview=y HTTP/1.1" 200 8723 "-" "Mozilla/5.0 (Macintosh; Intel Mac OS X 10.15; rv:103.0) Gecko/20100101 Firefox/103.0"
85.25.185.196 - - [14/Nov/2022:03:05:16 +0100] "GET /Texte/Metamorphoses?action=edit&restore=diff:1163119092:1163056683:&preview=y HTTP/1.1" 200 8723 "-" "Mozilla/5.0 (Macintosh; Intel Mac OS X 10.15; rv:103.0) Gecko/20100101 Firefox/103.0"
85.25.185.196 - - [14/Nov/2022:03:06:40 +0100] "GET /Site/PodCast?action=edit&restore=diff:1472673897:1472564823:&preview=y HTTP/1.1" 200 8627 "-" "Mozilla/5.0 (Macintosh; Intel Mac OS X 10.15; rv:103.0) Gecko/20100101 Firefox/103.0"
85.25.185.196 - - [14/Nov/2022:03:08:49 +0100] "GET /Site/PodCast?action=edit&restore=diff:1351703168:1351702473:&preview=y HTTP/1.1" 200 8627 "-" "Mozilla/5.0 (Macintosh; Intel Mac OS X 10.15; rv:103.0) Gecko/20100101 Firefox/103.0"
157.55.39.171 - - [14/Nov/2022:03:10:25 +0100] "GET /Gast/Podcast?action=upload HTTP/1.1" 403 18 "-" "Mozilla/5.0 (compatible; bingbot/2.0; +http://www.bing.com/bingbot.htm)"
85.25.185.196 - - [14/Nov/2022:03:10:36 +0100] "GET /PodCast/Zwangsabonemang?action=edit HTTP/1.1" 200 8734 "-" "Mozilla/5.0 (Macintosh; Intel Mac OS X 10.15; rv:103.0) Gecko/20100101 Firefox/103.0"
85.25.185.196 - - [14/Nov/2022:03:11:50 +0100] "GET /Site/PodCast?action=edit&restore=diff:1466014493:1462560800:&preview=y HTTP/1.1" 200 8627 "-" "Mozilla/5.0 (Macintosh; Intel Mac OS X 10.15; rv:103.0) Gecko/20100101 Firefox/103.0"
194.209.200.2 - - [14/Nov/2022:03:12:12 +0100] "GET /robots.txt HTTP/1.1" 200 - "-" "Mozilla/5.0 (compatible; TMMBot/0.2; +http://www.dslab.ch)/Nutch-1.15"
194.209.200.2 - - [14/Nov/2022:03:12:12 +0100] "GET /Texte/Schrybwys HTTP/1.1" 200 11028 "-" "Mozilla/5.0 (compatible; TMMBot/0.2; +http://www.dslab.ch)/Nutch-1.15"
85.25.185.196 - - [14/Nov/2022:03:12:35 +0100] "GET /Site/PodCast?action=edit&restore=diff:1283411305:1283113210:&preview=y HTTP/1.1" 200 8627 "-" "Mozilla/5.0 (Macintosh; Intel Mac OS X 10.15; rv:103.0) Gecko/20100101 Firefox/103.0"
194.209.200.2 - - [14/Nov/2022:03:13:10 +0100] "GET /Texte/GDicht HTTP/1.1" 200 8050 "-" "Mozilla/5.0 (compatible; TMMBot/0.2; +http://www.dslab.ch)/Nutch-1.15"
194.209.200.2 - - [14/Nov/2022:03:13:46 +0100] "GET /Texte/Metamorphoses HTTP/1.1" 200 9045 "-" "Mozilla/5.0 (compatible; TMMBot/0.2; +http://www.dslab.ch)/Nutch-1.15"
85.25.185.196 - - [14/Nov/2022:03:13:49 +0100] "GET /Site/PodCast?action=edit&restore=diff:1398106324:1398106292:&preview=y HTTP/1.1" 200 8627 "-" "Mozilla/5.0 (Macintosh; Intel Mac OS X 10.15; rv:103.0) Gecko/20100101 Firefox/103.0"
85.25.185.196 - - [14/Nov/2022:03:16:11 +0100] "GET /PodCast/Zwangsabonemang?action=diff HTTP/1.1" 200 20113 "-" "Mozilla/5.0 (Macintosh; Intel Mac OS X 10.15; rv:103.0) Gecko/20100101 Firefox/103.0"
85.25.185.196 - - [14/Nov/2022:03:18:23 +0100] "GET /PodCast/Ynachte2?action=upload HTTP/1.1" 200 8538 "-" "Mozilla/5.0 (Macintosh; Intel Mac OS X 10.15; rv:103.0) Gecko/20100101 Firefox/103.0"
85.25.185.196 - - [14/Nov/2022:03:20:44 +0100] "GET /Site/PodCast?action=edit&restore=diff:1398106324:1398106292:&preview=y HTTP/1.1" 200 8627 "-" "Mozilla/5.0 (Macintosh; Intel Mac OS X 10.15; rv:103.0) Gecko/20100101 Firefox/103.0"
85.25.185.196 - - [14/Nov/2022:03:21:11 +0100] "GET /PodCast/Ynachte2?action=edit HTTP/1.1" 200 8638 "-" "Mozilla/5.0 (Macintosh; Intel Mac OS X 10.15; rv:103.0) Gecko/20100101 Firefox/103.0"
85.25.185.196 - - [14/Nov/2022:03:21:58 +0100] "GET /Site/PodCast?action=edit&restore=diff:1283112785:1282763070:&preview=y HTTP/1.1" 200 8627 "-" "Mozilla/5.0 (Macintosh; Intel Mac OS X 10.15; rv:103.0) Gecko/20100101 Firefox/103.0"
85.25.185.196 - - [14/Nov/2022:03:23:14 +0100] "GET /PodCast/Ynachte2?action=diff HTTP/1.1" 200 21273 "-" "Mozilla/5.0 (Macintosh; Intel Mac OS X 10.15; rv:103.0) Gecko/20100101 Firefox/103.0"
85.25.185.196 - - [14/Nov/2022:03:27:03 +0100] "GET /Site/PodCast?action=edit&restore=diff:1293038106:1292431917:&preview=y HTTP/1.1" 200 8627 "-" "Mozilla/5.0 (Macintosh; Intel Mac OS X 10.15; rv:103.0) Gecko/20100101 Firefox/103.0"
85.25.185.196 - - [14/Nov/2022:03:30:17 +0100] "GET /PodCast/AbsNov16?action=diff HTTP/1.1" 200 15846 "-" "Mozilla/5.0 (Macintosh; Intel Mac OS X 10.15; rv:103.0) Gecko/20100101 Firefox/103.0"
85.25.185.196 - - [14/Nov/2022:03:30:45 +0100] "GET /PodCast/AbsNov16?action=edit HTTP/1.1" 200 8640 "-" "Mozilla/5.0 (Macintosh; Intel Mac OS X 10.15; rv:103.0) Gecko/20100101 Firefox/103.0"
207.46.13.19 - - [14/Nov/2022:03:33:16 +0100] "GET /Texte/Limericks?action=edit HTTP/1.1" 403 18 "-" "Mozilla/5.0 (compatible; bingbot/2.0; +http://www.bing.com/bingbot.htm)"
85.25.185.196 - - [14/Nov/2022:03:34:26 +0100] "GET /Site/PodCast?action=edit&restore=diff:1363453036:1361294707:&preview=y HTTP/1.1" 200 8627 "-" "Mozilla/5.0 (Macintosh; Intel Mac OS X 10.15; rv:103.0) Gecko/20100101 Firefox/103.0"
85.25.185.196 - - [14/Nov/2022:03:36:41 +0100] "GET /Site/PodCast?action=edit&restore=diff:1474215219:1474214645:&preview=y HTTP/1.1" 200 8627 "-" "Mozilla/5.0 (Macintosh; Intel Mac OS X 10.15; rv:103.0) Gecko/20100101 Firefox/103.0"
85.25.185.196 - - [14/Nov/2022:03:38:00 +0100] "GET /Site/PodCast?action=edit&restore=diff:1454947588:1454947377:&preview=y HTTP/1.1" 200 8627 "-" "Mozilla/5.0 (Macintosh; Intel Mac OS X 10.15; rv:103.0) Gecko/20100101 Firefox/103.0"
40.77.167.46 - - [14/Nov/2022:03:38:28 +0100] "GET /Site/Search?pagename=Site%2FSearch&q=2022 HTTP/1.1" 200 11056 "-" "Mozilla/5.0 (compatible; bingbot/2.0; +http://www.bing.com/bingbot.htm)"
85.25.185.196 - - [14/Nov/2022:03:39:25 +0100] "GET /Site/PodCast?action=edit&restore=diff:1454699533:1454699391:&preview=y HTTP/1.1" 200 8627 "-" "Mozilla/5.0 (Macintosh; Intel Mac OS X 10.15; rv:103.0) Gecko/20100101 Firefox/103.0"
85.25.185.196 - - [14/Nov/2022:03:43:03 +0100] "GET /Site/PodCast?action=edit&restore=diff:1320339008:1318706012:&preview=y HTTP/1.1" 200 8627 "-" "Mozilla/5.0 (Macintosh; Intel Mac OS X 10.15; rv:103.0) Gecko/20100101 Firefox/103.0"
194.209.200.2 - - [14/Nov/2022:03:48:02 +0100] "GET /robots.txt HTTP/1.1" 200 - "-" "Mozilla/5.0 (compatible; TMMBot/0.2; +http://www.dslab.ch)/Nutch-1.15"
194.209.200.2 - - [14/Nov/2022:03:48:02 +0100] "GET /Texte/Schrybwys HTTP/1.1" 200 11028 "-" "Mozilla/5.0 (compatible; TMMBot/0.2; +http://www.dslab.ch)/Nutch-1.15"
85.25.185.196 - - [14/Nov/2022:03:48:57 +0100] "GET /PodCast/AbsNov16?action=upload HTTP/1.1" 200 8540 "-" "Mozilla/5.0 (Macintosh; Intel Mac OS X 10.15; rv:103.0) Gecko/20100101 Firefox/103.0"
194.209.200.2 - - [14/Nov/2022:03:49:00 +0100] "GET /Texte/GDicht HTTP/1.1" 200 8050 "-" "Mozilla/5.0 (compatible; TMMBot/0.2; +http://www.dslab.ch)/Nutch-1.15"
194.209.200.2 - - [14/Nov/2022:03:49:36 +0100] "GET /Texte/Metamorphoses HTTP/1.1" 200 9045 "-" "Mozilla/5.0 (compatible; TMMBot/0.2; +http://www.dslab.ch)/Nutch-1.15"
85.25.185.196 - - [14/Nov/2022:03:49:53 +0100] "GET /Site/PodCast?action=edit&restore=diff:1279901115:1278094742:&preview=y HTTP/1.1" 200 8627 "-" "Mozilla/5.0 (Macintosh; Intel Mac OS X 10.15; rv:103.0) Gecko/20100101 Firefox/103.0"
85.25.185.196 - - [14/Nov/2022:03:51:09 +0100] "GET /PodCast/RSSPodcasts?action=edit&restore=diff:1177572598:1177572569:&preview=y HTTP/1.1" 200 8726 "-" "Mozilla/5.0 (Macintosh; Intel Mac OS X 10.15; rv:103.0) Gecko/20100101 Firefox/103.0"
66.249.70.210 - - [14/Nov/2022:03:53:04 +0100] "GET /PodCast/IndexPage?action=rss HTTP/1.1" 200 6298 "-" "Mozilla/5.0 (compatible; Googlebot/2.1; +http://www.google.com/bot.html)"
85.25.185.196 - - [14/Nov/2022:03:54:04 +0100] "GET /PodCast/RSSPodcasts?action=edit&restore=diff:1178723194:1178723176:&preview=y HTTP/1.1" 200 8726 "-" "Mozilla/5.0 (Macintosh; Intel Mac OS X 10.15; rv:103.0) Gecko/20100101 Firefox/103.0"
85.25.185.196 - - [14/Nov/2022:03:56:03 +0100] "GET /PodCast/RSSPodcasts?action=edit&restore=diff:1177572281:1177572128:&preview=y HTTP/1.1" 200 8726 "-" "Mozilla/5.0 (Macintosh; Intel Mac OS X 10.15; rv:103.0) Gecko/20100101 Firefox/103.0"
85.25.185.196 - - [14/Nov/2022:03:56:36 +0100] "GET /PodCast/RSSPodcasts?action=edit&restore=diff:1177572082:1163083850:&preview=y HTTP/1.1" 200 8726 "-" "Mozilla/5.0 (Macintosh; Intel Mac OS X 10.15; rv:103.0) Gecko/20100101 Firefox/103.0"
85.25.185.196 - - [14/Nov/2022:03:59:36 +0100] "GET /PodCast/RSSPodcasts?action=edit&restore=diff:1177572547:1177572424:&preview=y HTTP/1.1" 200 8726 "-" "Mozilla/5.0 (Macintosh; Intel Mac OS X 10.15; rv:103.0) Gecko/20100101 Firefox/103.0"
85.25.185.196 - - [14/Nov/2022:04:00:44 +0100] "GET /PodCast/RSSPodcasts?action=edit&restore=diff:1177572424:1177572356:&preview=y HTTP/1.1" 200 8726 "-" "Mozilla/5.0 (Macintosh; Intel Mac OS X 10.15; rv:103.0) Gecko/20100101 Firefox/103.0"
85.25.185.196 - - [14/Nov/2022:04:01:49 +0100] "GET /Site/PodCast?action=diff&source=n&minor=y HTTP/1.1" 200 231157 "-" "Mozilla/5.0 (Macintosh; Intel Mac OS X 10.15; rv:103.0) Gecko/20100101 Firefox/103.0"
85.25.185.196 - - [14/Nov/2022:04:05:01 +0100] "GET /Site/PodCast?action=edit&restore=diff:1425920275:1425485987:&preview=y HTTP/1.1" 200 8627 "-" "Mozilla/5.0 (Macintosh; Intel Mac OS X 10.15; rv:103.0) Gecko/20100101 Firefox/103.0"
85.25.185.196 - - [14/Nov/2022:04:06:45 +0100] "GET /PodCast/RSSPodcasts?action=diff&source=n&minor=y HTTP/1.1" 200 24051 "-" "Mozilla/5.0 (Macintosh; Intel Mac OS X 10.15; rv:103.0) Gecko/20100101 Firefox/103.0"
157.55.39.105 - - [14/Nov/2022:04:08:19 +0100] "GET /PodCast/Eereroueff2 HTTP/1.1" 200 17012 "-" "Mozilla/5.0 (compatible; bingbot/2.0; +http://www.bing.com/bingbot.htm)"
85.25.185.196 - - [14/Nov/2022:04:09:06 +0100] "GET /Site/PodCast?action=edit&restore=diff:1372237814:1372237746:&preview=y HTTP/1.1" 200 8627 "-" "Mozilla/5.0 (Macintosh; Intel Mac OS X 10.15; rv:103.0) Gecko/20100101 Firefox/103.0"
3.216.185.164 - - [14/Nov/2022:04:09:36 +0100] "GET /PodCast/IndexPage?action=rss HTTP/1.1" 200 6298 "-" "PocketCasts/1.0 (Pocket Casts Feed Parser; +http://pocketcasts.com/)"
85.25.185.196 - - [14/Nov/2022:04:10:53 +0100] "GET /Site/PodCast?action=edit&restore=diff:1462560734:1461947473:&preview=y HTTP/1.1" 200 8627 "-" "Mozilla/5.0 (Macintosh; Intel Mac OS X 10.15; rv:103.0) Gecko/20100101 Firefox/103.0"
85.25.185.196 - - [14/Nov/2022:04:11:08 +0100] "GET /PodCast/RSSPodcasts?action=edit&restore=diff:1177573059:1177573039:&preview=y HTTP/1.1" 200 8726 "-" "Mozilla/5.0 (Macintosh; Intel Mac OS X 10.15; rv:103.0) Gecko/20100101 Firefox/103.0"
85.25.185.196 - - [14/Nov/2022:04:14:02 +0100] "GET /PodCast/RSSPodcasts?action=edit&restore=diff:1177573201:1177573059:&preview=y HTTP/1.1" 200 8726 "-" "Mozilla/5.0 (Macintosh; Intel Mac OS X 10.15; rv:103.0) Gecko/20100101 Firefox/103.0"
157.55.39.14 - - [14/Nov/2022:04:15:00 +0100] "GET /PodCast/Griechestroom?action=upload HTTP/1.1" 403 18 "-" "Mozilla/5.0 (compatible; bingbot/2.0; +http://www.bing.com/bingbot.htm)"
54.74.130.217 - - [14/Nov/2022:04:20:56 +0100] "GET / HTTP/1.1" 200 15085 "-" "Mozilla/5.0 (Macintosh; Intel Mac OS X 10.15; rv:81.0) Gecko/20100101 Firefox/81.0"
42.236.10.81 - - [14/Nov/2022:04:22:13 +0100] "GET / HTTP/1.1" 200 15085 "http://www.pro-zurituutsch.ch/" "Mozilla/5.0 (Windows NT 6.1; WOW64) AppleWebKit/537.36 (KHTML, like Gecko) Chrome/50.0.2661.102 Safari/537.36; 360Spider"
34.207.208.15 - - [14/Nov/2022:04:22:43 +0100] "GET /PodCast/IndexPage?action=rss HTTP/1.1" 200 6298 "-" "PlayerFM/1.0 Podcast Sync (1 subscribers; url=https://player.fm/series/podcast-2872909)"
17.121.114.67 - - [14/Nov/2022:04:22:59 +0100] "GET /PodCast/Styluebige HTTP/1.1" 200 9354 "-" "Mozilla/5.0 (Macintosh; Intel Mac OS X 10_15_5) AppleWebKit/605.1.15 (KHTML, like Gecko) Version/13.1.1 Safari/605.1.15 (Applebot/0.1; +http://www.apple.com/go/applebot)"
85.25.185.196 - - [14/Nov/2022:04:24:00 +0100] "GET /Site/PodCast?action=edit&restore=diff:1391098887:1391098188:&preview=y HTTP/1.1" 200 8627 "-" "Mozilla/5.0 (Macintosh; Intel Mac OS X 10.15; rv:103.0) Gecko/20100101 Firefox/103.0"
85.25.185.196 - - [14/Nov/2022:04:24:52 +0100] "GET /Site/PodCast?action=edit&restore=diff:1346169519:1346079089:&preview=y HTTP/1.1" 200 8627 "-" "Mozilla/5.0 (Macintosh; Intel Mac OS X 10.15; rv:103.0) Gecko/20100101 Firefox/103.0"
85.25.185.196 - - [14/Nov/2022:04:32:44 +0100] "GET /PodCast/RSSPodcasts?action=edit&restore=diff:1177573243:1177573201:&preview=y HTTP/1.1" 200 8726 "-" "Mozilla/5.0 (Macintosh; Intel Mac OS X 10.15; rv:103.0) Gecko/20100101 Firefox/103.0"
85.25.185.196 - - [14/Nov/2022:04:34:14 +0100] "GET /PodCast/RSSPodcasts?action=edit&restore=diff:1376904428:1376904377:&preview=y HTTP/1.1" 200 8726 "-" "Mozilla/5.0 (Macintosh; Intel Mac OS X 10.15; rv:103.0) Gecko/20100101 Firefox/103.0"
85.25.185.196 - - [14/Nov/2022:04:34:44 +0100] "GET /Site/PodCast?action=edit&restore=diff:1472564383:1472564312:&preview=y HTTP/1.1" 200 8627 "-" "Mozilla/5.0 (Macintosh; Intel Mac OS X 10.15; rv:103.0) Gecko/20100101 Firefox/103.0"
194.209.200.2 - - [14/Nov/2022:04:38:21 +0100] "GET /robots.txt HTTP/1.1" 200 - "-" "Mozilla/5.0 (compatible; TMMBot/0.2; +http://www.dslab.ch)/Nutch-1.15"
194.209.200.2 - - [14/Nov/2022:04:38:21 +0100] "GET /Texte/Schrybwys HTTP/1.1" 200 11028 "-" "Mozilla/5.0 (compatible; TMMBot/0.2; +http://www.dslab.ch)/Nutch-1.15"
85.25.185.196 - - [14/Nov/2022:04:39:09 +0100] "GET /Site/PodCast?action=edit&restore=diff:1320339174:1320339008:&preview=y HTTP/1.1" 200 8627 "-" "Mozilla/5.0 (Macintosh; Intel Mac OS X 10.15; rv:103.0) Gecko/20100101 Firefox/103.0"
194.209.200.2 - - [14/Nov/2022:04:39:18 +0100] "GET /Texte/GDicht HTTP/1.1" 200 8050 "-" "Mozilla/5.0 (compatible; TMMBot/0.2; +http://www.dslab.ch)/Nutch-1.15"
