154.54.249.196 - - [17/Sep/2022:07:11:59 +0200] "GET /Site/KonzRtchroonikVI08 HTTP/1.1" 404 8303 "-" "Mozilla/5.0 (compatible; Barkrowler/0.9; +https://babbar.tech/crawler)"
154.54.249.196 - - [17/Sep/2022:07:12:30 +0200] "GET /Site/Baadstoubegass2?action=print HTTP/1.1" 200 2310 "-" "Mozilla/5.0 (compatible; Barkrowler/0.9; +https://babbar.tech/crawler)"
45.132.187.12 - - [17/Sep/2022:07:12:31 +0200] "GET /PodCast/Limerick1?action=edit HTTP/1.1" 200 8652 "-" "Mozilla/5.0 (Windows NT 10.0; WOW64) AppleWebKit/537.36 (KHTML, like Gecko) Chrome/46.0.2490.71 Safari/537.36"
154.54.249.196 - - [17/Sep/2022:07:13:03 +0200] "GET /Site/Baadstoubegass2?action=upload HTTP/1.1" 200 8593 "-" "Mozilla/5.0 (compatible; Barkrowler/0.9; +https://babbar.tech/crawler)"
193.202.86.42 - - [17/Sep/2022:07:13:25 +0200] "GET /PodCast/Limerick1?action=upload HTTP/1.1" 200 8552 "-" "Mozilla/5.0 (Macintosh; Intel Mac OS X 10_11_0) AppleWebKit/537.36 (KHTML, like Gecko) Chrome/45.0.2454.101 Safari/537.36"
154.54.249.196 - - [17/Sep/2022:07:13:31 +0200] "GET /Site/Baadstoubegass2?action=edit HTTP/1.1" 200 8693 "-" "Mozilla/5.0 (compatible; Barkrowler/0.9; +https://babbar.tech/crawler)"
185.81.145.217 - - [17/Sep/2022:07:13:59 +0200] "GET /PodCast/Limerick1?action=diff HTTP/1.1" 200 11329 "-" "Mozilla/5.0 (X11; Ubuntu; Linux x86_64; rv:41.0) Gecko/20100101 Firefox/41.0"
154.54.249.196 - - [17/Sep/2022:07:14:05 +0200] "GET /Site/Baadstoubegass1?action=print HTTP/1.1" 200 2310 "-" "Mozilla/5.0 (compatible; Barkrowler/0.9; +https://babbar.tech/crawler)"
193.56.67.17 - - [17/Sep/2022:07:14:34 +0200] "GET /PodCast/Chlapf?action=edit HTTP/1.1" 200 8608 "-" "Mozilla/5.0 (Macintosh; Intel Mac OS X 10_11) AppleWebKit/601.1.56 (KHTML, like Gecko) Version/9.0 Safari/601.1.56"
154.54.249.196 - - [17/Sep/2022:07:14:36 +0200] "GET /Site/Baadstoubegass1?action=upload HTTP/1.1" 200 8593 "-" "Mozilla/5.0 (compatible; Barkrowler/0.9; +https://babbar.tech/crawler)"
193.202.15.83 - - [17/Sep/2022:07:15:04 +0200] "GET /PodCast/Chlapf?action=upload HTTP/1.1" 200 8508 "-" "Mozilla/5.0 (Macintosh; Intel Mac OS X 10_10_5) AppleWebKit/601.1.56 (KHTML, like Gecko) Version/9.0 Safari/601.1.56"
154.54.249.196 - - [17/Sep/2022:07:15:10 +0200] "GET /Site/Baadstoubegass1?action=edit HTTP/1.1" 200 8693 "-" "Mozilla/5.0 (compatible; Barkrowler/0.9; +https://babbar.tech/crawler)"
46.161.58.248 - - [17/Sep/2022:07:15:37 +0200] "GET /PodCast/Chlapf?action=diff HTTP/1.1" 200 13419 "-" "Mozilla/5.0 (Windows NT 6.1; WOW64; rv:41.0) Gecko/20100101 Firefox/41.0"
154.54.249.196 - - [17/Sep/2022:07:15:38 +0200] "GET /Site/192HouhsRech1509?action=diff HTTP/1.1" 200 24392 "-" "Mozilla/5.0 (compatible; Barkrowler/0.9; +https://babbar.tech/crawler)"
213.108.3.12 - - [17/Sep/2022:07:16:00 +0200] "GET /PodCast/Povritalia2?action=edit HTTP/1.1" 200 8680 "-" "Mozilla/5.0 (Macintosh; Intel Mac OS X 10_10_5) AppleWebKit/601.1.56 (KHTML, like Gecko) Version/9.0 Safari/601.1.56"
154.54.249.196 - - [17/Sep/2022:07:16:11 +0200] "GET /Site/161Predigerchoor1489?action=print HTTP/1.1" 200 9154 "-" "Mozilla/5.0 (compatible; Barkrowler/0.9; +https://babbar.tech/crawler)"
154.54.249.196 - - [17/Sep/2022:07:16:40 +0200] "GET /Site/161Predigerchoor1489?action=edit HTTP/1.1" 200 8765 "-" "Mozilla/5.0 (compatible; Barkrowler/0.9; +https://babbar.tech/crawler)"
154.54.249.196 - - [17/Sep/2022:07:17:18 +0200] "GET /robots.txt HTTP/1.1" 200 - "-" "Mozilla/5.0 (compatible; Barkrowler/0.9; +https://babbar.tech/crawler)"
85.25.177.139 - - [17/Sep/2022:07:17:30 +0200] "GET /PodCast/REZlangeTage HTTP/1.1" 200 10125 "-" "Mozilla/5.0 (Macintosh; Intel Mac OS X 10.15; rv:103.0) Gecko/20100101 Firefox/103.0"
154.54.249.196 - - [17/Sep/2022:07:17:48 +0200] "GET /Site/151Konschtanz1485?action=diff HTTP/1.1" 200 16908 "-" "Mozilla/5.0 (compatible; Barkrowler/0.9; +https://babbar.tech/crawler)"
154.54.249.196 - - [17/Sep/2022:07:18:22 +0200] "GET /Site/151Konschtanz1485?action=upload HTTP/1.1" 200 8623 "-" "Mozilla/5.0 (compatible; Barkrowler/0.9; +https://babbar.tech/crawler)"
154.54.249.196 - - [17/Sep/2022:07:18:50 +0200] "GET /Site/151Konschtanz1485?action=print HTTP/1.1" 200 7558 "-" "Mozilla/5.0 (compatible; Barkrowler/0.9; +https://babbar.tech/crawler)"
37.44.252.73 - - [17/Sep/2022:07:19:13 +0200] "GET /PodCast/Povritalia2?action=diff HTTP/1.1" 200 16673 "-" "Mozilla/5.0 (Windows NT 6.1; WOW64; rv:41.0) Gecko/20100101 Firefox/41.0"
154.54.249.196 - - [17/Sep/2022:07:19:21 +0200] "GET /Group/Name?action=diff&source=y&minor=n HTTP/1.1" 200 9102 "-" "Mozilla/5.0 (compatible; Barkrowler/0.9; +https://babbar.tech/crawler)"
154.54.249.196 - - [17/Sep/2022:07:19:56 +0200] "GET /Gast/Podcast?action=diff&source=n&minor=y HTTP/1.1" 200 9686 "-" "Mozilla/5.0 (compatible; Barkrowler/0.9; +https://babbar.tech/crawler)"
154.54.249.196 - - [17/Sep/2022:07:20:27 +0200] "GET /Gast/Podcast?action=diff&source=n&minor=n HTTP/1.1" 200 9684 "-" "Mozilla/5.0 (compatible; Barkrowler/0.9; +https://babbar.tech/crawler)"
154.54.249.196 - - [17/Sep/2022:07:20:57 +0200] "GET /Gast/Podcast?action=diff&source=y&minor=y HTTP/1.1" 200 9712 "-" "Mozilla/5.0 (compatible; Barkrowler/0.9; +https://babbar.tech/crawler)"
154.54.249.196 - - [17/Sep/2022:07:21:27 +0200] "GET /Gast/Podcast?action=diff&source=y&minor=n HTTP/1.1" 200 9710 "-" "Mozilla/5.0 (compatible; Barkrowler/0.9; +https://babbar.tech/crawler)"
154.54.249.196 - - [17/Sep/2022:07:21:59 +0200] "GET /AndereSeite/PstLlformoular?action=edit HTTP/1.1" 200 8778 "-" "Mozilla/5.0 (compatible; Barkrowler/0.9; +https://babbar.tech/crawler)"
85.25.177.139 - - [17/Sep/2022:07:22:15 +0200] "GET /PodCast/Sidereuhsli HTTP/1.1" 200 8939 "-" "Mozilla/5.0 (Macintosh; Intel Mac OS X 10.15; rv:103.0) Gecko/20100101 Firefox/103.0"
154.54.249.196 - - [17/Sep/2022:07:22:31 +0200] "GET /AndereSeite/PstLlformoular?action=print HTTP/1.1" 404 2440 "-" "Mozilla/5.0 (compatible; Barkrowler/0.9; +https://babbar.tech/crawler)"
5.181.168.57 - - [17/Sep/2022:07:22:39 +0200] "GET /PodCast/Povritalia1?action=upload HTTP/1.1" 200 8580 "-" "Mozilla/5.0 (Windows NT 10.0; WOW64) AppleWebKit/537.36 (KHTML, like Gecko) Chrome/46.0.2490.71 Safari/537.36"
154.54.249.196 - - [17/Sep/2022:07:23:05 +0200] "GET /AndereSeite/PstLlformoular?action=upload HTTP/1.1" 200 8678 "-" "Mozilla/5.0 (compatible; Barkrowler/0.9; +https://babbar.tech/crawler)"
193.31.126.224 - - [17/Sep/2022:07:23:12 +0200] "GET /PodCast/Povritalia1?action=diff HTTP/1.1" 200 28769 "-" "Mozilla/5.0 (Windows NT 6.1; WOW64) AppleWebKit/537.36 (KHTML, like Gecko) Chrome/45.0.2454.101 Safari/537.36"
154.54.249.196 - - [17/Sep/2022:07:23:36 +0200] "GET /Main/SearchWiki?action=diff&source=n&minor=y HTTP/1.1" 200 9194 "-" "Mozilla/5.0 (compatible; Barkrowler/0.9; +https://babbar.tech/crawler)"
85.239.39.20 - - [17/Sep/2022:07:23:40 +0200] "GET /PodCast/Roman2?action=edit HTTP/1.1" 200 8610 "-" "Mozilla/5.0 (Windows NT 6.3; WOW64) AppleWebKit/537.36 (KHTML, like Gecko) Chrome/45.0.2454.101 Safari/537.36"
154.54.249.196 - - [17/Sep/2022:07:24:12 +0200] "GET /Main/SearchWiki?action=diff&source=y&minor=y HTTP/1.1" 200 9186 "-" "Mozilla/5.0 (compatible; Barkrowler/0.9; +https://babbar.tech/crawler)"
193.56.73.82 - - [17/Sep/2022:07:24:18 +0200] "GET /PodCast/Roman2?action=upload HTTP/1.1" 200 8510 "-" "Mozilla/5.0 (Windows NT 6.1; WOW64; Trident/7.0; rv:11.0) like Gecko"
193.31.126.85 - - [17/Sep/2022:07:24:46 +0200] "GET /PodCast/Roman2?action=diff HTTP/1.1" 200 18749 "-" "Mozilla/5.0 (Windows NT 6.3; WOW64) AppleWebKit/537.36 (KHTML, like Gecko) Chrome/45.0.2454.101 Safari/537.36"
154.54.249.196 - - [17/Sep/2022:07:24:49 +0200] "GET /Main/SearchWiki?action=diff&source=y&minor=n HTTP/1.1" 200 9184 "-" "Mozilla/5.0 (compatible; Barkrowler/0.9; +https://babbar.tech/crawler)"
217.145.226.79 - - [17/Sep/2022:07:25:21 +0200] "GET /Bestellung/Pschtellformoular?action=edit HTTP/1.1" 200 8803 "-" "Mozilla/5.0 (Macintosh; Intel Mac OS X 10_10_5) AppleWebKit/537.36 (KHTML, like Gecko) Chrome/46.0.2490.71 Safari/537.36"
154.54.249.196 - - [17/Sep/2022:07:25:24 +0200] "GET /Main/Blocklist?action=diff&source=y&minor=y HTTP/1.1" 200 9168 "-" "Mozilla/5.0 (compatible; Barkrowler/0.9; +https://babbar.tech/crawler)"
185.61.220.20 - - [17/Sep/2022:07:25:52 +0200] "GET /Bestellung/Pschtellformoular?action=upload HTTP/1.1" 200 8703 "-" "Mozilla/5.0 (Macintosh; Intel Mac OS X 10_10_5) AppleWebKit/537.36 (KHTML, like Gecko) Chrome/46.0.2490.71 Safari/537.36"
154.54.249.196 - - [17/Sep/2022:07:25:53 +0200] "GET /Main/Blocklist?action=diff&source=y&minor=n HTTP/1.1" 200 9166 "-" "Mozilla/5.0 (compatible; Barkrowler/0.9; +https://babbar.tech/crawler)"
154.54.249.196 - - [17/Sep/2022:07:26:24 +0200] "GET /robots.txt HTTP/1.1" 200 - "-" "Mozilla/5.0 (compatible; Barkrowler/0.9; +https://babbar.tech/crawler)"
146.19.91.155 - - [17/Sep/2022:07:26:47 +0200] "GET /Bestellung/Pschtellformoular?action=diff HTTP/1.1" 200 73646 "-" "Mozilla/5.0 (Windows NT 10.0; WOW64) AppleWebKit/537.36 (KHTML, like Gecko) Chrome/46.0.2490.71 Safari/537.36"
154.54.249.196 - - [17/Sep/2022:07:26:54 +0200] "GET /Main/Blocklist?action=diff&source=n&minor=y HTTP/1.1" 200 9176 "-" "Mozilla/5.0 (compatible; Barkrowler/0.9; +https://babbar.tech/crawler)"
154.54.249.196 - - [17/Sep/2022:07:27:25 +0200] "GET /Main/Blocklist?action=diff&source=n&minor=n HTTP/1.1" 200 9174 "-" "Mozilla/5.0 (compatible; Barkrowler/0.9; +https://babbar.tech/crawler)"
154.54.249.196 - - [17/Sep/2022:07:27:59 +0200] "GET /PmWiki/SimultaneousEdits?action=edit HTTP/1.1" 200 8750 "-" "Mozilla/5.0 (compatible; Barkrowler/0.9; +https://babbar.tech/crawler)"
85.25.177.139 - - [17/Sep/2022:07:28:02 +0200] "GET /PodCast/Buecherbrand2 HTTP/1.1" 200 17888 "-" "Mozilla/5.0 (Macintosh; Intel Mac OS X 10.15; rv:103.0) Gecko/20100101 Firefox/103.0"
154.54.249.196 - - [17/Sep/2022:07:28:29 +0200] "GET /PmWiki/SimultaneousEdits?action=print HTTP/1.1" 200 4885 "-" "Mozilla/5.0 (compatible; Barkrowler/0.9; +https://babbar.tech/crawler)"
66.249.76.222 - - [17/Sep/2022:07:28:44 +0200] "GET /PodCast/IndexPage?action=rss HTTP/1.1" 200 6298 "-" "Mozilla/5.0 (compatible; Googlebot/2.1; +http://www.google.com/bot.html)"
154.54.249.196 - - [17/Sep/2022:07:29:00 +0200] "GET /PmWiki/SimultaneousEdits?action=upload HTTP/1.1" 200 8650 "-" "Mozilla/5.0 (compatible; Barkrowler/0.9; +https://babbar.tech/crawler)"
154.54.249.196 - - [17/Sep/2022:07:29:30 +0200] "GET /PmWikiEs/PmWikiEs?action=diff HTTP/1.1" 200 9222 "-" "Mozilla/5.0 (compatible; Barkrowler/0.9; +https://babbar.tech/crawler)"
194.209.200.2 - - [17/Sep/2022:07:29:53 +0200] "GET /robots.txt HTTP/1.1" 200 - "-" "Mozilla/5.0 (compatible; TMMBot/0.2; +http://www.dslab.ch)/Nutch-1.15"
194.209.200.2 - - [17/Sep/2022:07:29:54 +0200] "GET /Texte/Limericks HTTP/1.1" 200 8087 "-" "Mozilla/5.0 (compatible; TMMBot/0.2; +http://www.dslab.ch)/Nutch-1.15"
194.209.200.2 - - [17/Sep/2022:07:29:57 +0200] "GET /Texte/Schrybwys HTTP/1.1" 200 11028 "-" "Mozilla/5.0 (compatible; TMMBot/0.2; +http://www.dslab.ch)/Nutch-1.15"
154.54.249.196 - - [17/Sep/2022:07:29:59 +0200] "GET /PmWikiVi/PmWikiVi?action=upload HTTP/1.1" 200 11492 "-" "Mozilla/5.0 (compatible; Barkrowler/0.9; +https://babbar.tech/crawler)"
5.133.122.202 - - [17/Sep/2022:07:30:07 +0200] "GET /Bestellen/Pschtellformoular?action=upload HTTP/1.1" 200 8689 "-" "Mozilla/5.0 (Windows NT 6.1; WOW64) AppleWebKit/537.36 (KHTML, like Gecko) Chrome/46.0.2490.71 Safari/537.36"
154.54.249.196 - - [17/Sep/2022:07:30:31 +0200] "GET /PmWikiVi/MeoHieuChinh HTTP/1.1" 200 18517 "-" "Mozilla/5.0 (compatible; Barkrowler/0.9; +https://babbar.tech/crawler)"
185.14.194.184 - - [17/Sep/2022:07:30:45 +0200] "GET /Bestellen/Pschtellformoular?action=diff HTTP/1.1" 200 38515 "-" "Mozilla/5.0 (Macintosh; Intel Mac OS X 10_10_5) AppleWebKit/601.1.56 (KHTML, like Gecko) Version/9.0 Safari/601.1.56"
154.54.249.196 - - [17/Sep/2022:07:30:59 +0200] "GET /PmWikiVi/HPThRa?action=edit HTTP/1.1" 200 11564 "-" "Mozilla/5.0 (compatible; Barkrowler/0.9; +https://babbar.tech/crawler)"
141.98.87.240 - - [17/Sep/2022:07:31:28 +0200] "GET /Bestellen/PschtLlformoular?action=upload HTTP/1.1" 200 8677 "-" "Mozilla/5.0 (Windows NT 10.0; WOW64) AppleWebKit/537.36 (KHTML, like Gecko) Chrome/45.0.2454.101 Safari/537.36"
66.249.76.193 - - [17/Sep/2022:07:31:33 +0200] "GET /PodCast/IndexPage?action=rss HTTP/1.1" 200 6298 "-" "Mozilla/5.0 (compatible; Googlebot/2.1; +http://www.google.com/bot.html)"
154.54.249.196 - - [17/Sep/2022:07:31:35 +0200] "GET /PmWikiPt/PmWikiPt?action=edit HTTP/1.1" 200 8655 "-" "Mozilla/5.0 (compatible; Barkrowler/0.9; +https://babbar.tech/crawler)"
45.140.205.241 - - [17/Sep/2022:07:31:58 +0200] "GET /Bestellen/PschtLlformoular?action=print HTTP/1.1" 404 2438 "-" "Mozilla/5.0 (Macintosh; Intel Mac OS X 10_11) AppleWebKit/601.1.56 (KHTML, like Gecko) Version/9.0 Safari/601.1.56"
154.54.249.196 - - [17/Sep/2022:07:32:00 +0200] "GET /PmWikiPt/PmWikiPt?action=upload HTTP/1.1" 200 8555 "-" "Mozilla/5.0 (compatible; Barkrowler/0.9; +https://babbar.tech/crawler)"
154.54.249.196 - - [17/Sep/2022:07:32:33 +0200] "GET /PmWikiPo/PmWikiPo?action=upload HTTP/1.1" 200 8555 "-" "Mozilla/5.0 (compatible; Barkrowler/0.9; +https://babbar.tech/crawler)"
154.54.249.196 - - [17/Sep/2022:07:33:01 +0200] "GET /PmWikiPl/PmWikiPl?action=upload HTTP/1.1" 200 8555 "-" "Mozilla/5.0 (compatible; Barkrowler/0.9; +https://babbar.tech/crawler)"
154.54.249.196 - - [17/Sep/2022:07:33:35 +0200] "GET /PmWikiPtBr/EdicaoBasica HTTP/1.1" 200 23857 "-" "Mozilla/5.0 (compatible; Barkrowler/0.9; +https://babbar.tech/crawler)"
154.54.249.196 - - [17/Sep/2022:07:34:06 +0200] "GET /PmWikiPtBr/OutrasLinguas HTTP/1.1" 200 9981 "-" "Mozilla/5.0 (compatible; Barkrowler/0.9; +https://babbar.tech/crawler)"
154.54.249.196 - - [17/Sep/2022:07:34:35 +0200] "GET /PmWikiPtBr/Colaboradores?action=edit HTTP/1.1" 200 7911 "-" "Mozilla/5.0 (compatible; Barkrowler/0.9; +https://babbar.tech/crawler)"
85.25.177.139 - - [17/Sep/2022:07:34:42 +0200] "GET /Texte/ArsAmatoria?action=upload HTTP/1.1" 200 8551 "-" "Mozilla/5.0 (Macintosh; Intel Mac OS X 10.15; rv:103.0) Gecko/20100101 Firefox/103.0"
154.54.249.196 - - [17/Sep/2022:07:35:10 +0200] "GET /robots.txt HTTP/1.1" 200 - "-" "Mozilla/5.0 (compatible; Barkrowler/0.9; +https://babbar.tech/crawler)"
154.54.249.196 - - [17/Sep/2022:07:35:46 +0200] "GET /PmWikiPtBr/InterMap?action=edit HTTP/1.1" 200 7843 "-" "Mozilla/5.0 (compatible; Barkrowler/0.9; +https://babbar.tech/crawler)"
154.54.249.196 - - [17/Sep/2022:07:36:17 +0200] "GET /PmWikiPtBr/RecentChanges?action=edit HTTP/1.1" 200 7913 "-" "Mozilla/5.0 (compatible; Barkrowler/0.9; +https://babbar.tech/crawler)"
185.61.217.219 - - [17/Sep/2022:07:36:19 +0200] "GET /PodCast/Kinovolch?action=edit HTTP/1.1" 200 8650 "-" "Mozilla/5.0 (Windows NT 10.0; WOW64; rv:41.0) Gecko/20100101 Firefox/41.0"
154.54.249.196 - - [17/Sep/2022:07:36:50 +0200] "GET /PmWikiPtBr/RecentChanges?action=upload HTTP/1.1" 200 7813 "-" "Mozilla/5.0 (compatible; Barkrowler/0.9; +https://babbar.tech/crawler)"
178.20.30.230 - - [17/Sep/2022:07:36:53 +0200] "GET /PodCast/Kinovolch?action=upload HTTP/1.1" 200 8550 "-" "Mozilla/5.0 (Windows NT 6.3; WOW64) AppleWebKit/537.36 (KHTML, like Gecko) Chrome/45.0.2454.101 Safari/537.36"
5.181.171.73 - - [17/Sep/2022:07:37:16 +0200] "GET /PodCast/Kinovolch?action=diff HTTP/1.1" 200 16414 "-" "Mozilla/5.0 (Macintosh; Intel Mac OS X 10_11) AppleWebKit/601.1.56 (KHTML, like Gecko) Version/9.0 Safari/601.1.56"
154.54.249.196 - - [17/Sep/2022:07:37:24 +0200] "GET /PmWikiPtBr/RecentChanges?action=diff HTTP/1.1" 200 8494 "-" "Mozilla/5.0 (compatible; Barkrowler/0.9; +https://babbar.tech/crawler)"
45.148.124.49 - - [17/Sep/2022:07:37:41 +0200] "GET /PodCast/Missbrouhch?action=edit HTTP/1.1" 200 8678 "-" "Mozilla/5.0 (Macintosh; Intel Mac OS X 10_10_5) AppleWebKit/537.36 (KHTML, like Gecko) Chrome/46.0.2490.71 Safari/537.36"
154.54.249.196 - - [17/Sep/2022:07:37:54 +0200] "GET /PmWikiPtBr/RecentChanges?action=print HTTP/1.1" 404 2431 "-" "Mozilla/5.0 (compatible; Barkrowler/0.9; +https://babbar.tech/crawler)"
194.104.128.149 - - [17/Sep/2022:07:38:19 +0200] "GET /PodCast/Missbrouhch?action=upload HTTP/1.1" 200 8578 "-" "Mozilla/5.0 (Windows NT 10.0; WOW64) AppleWebKit/537.36 (KHTML, like Gecko) Chrome/46.0.2490.71 Safari/537.36"
154.54.249.196 - - [17/Sep/2022:07:38:31 +0200] "GET /PmWikiSi/PmWikiSi?action=upload HTTP/1.1" 200 8555 "-" "Mozilla/5.0 (compatible; Barkrowler/0.9; +https://babbar.tech/crawler)"
193.56.73.185 - - [17/Sep/2022:07:38:49 +0200] "GET /PodCast/Missbrouhch?action=diff HTTP/1.1" 200 17590 "-" "Mozilla/5.0 (Windows NT 6.1; WOW64) AppleWebKit/537.36 (KHTML, like Gecko) Chrome/46.0.2490.71 Safari/537.36"
154.54.249.196 - - [17/Sep/2022:07:38:59 +0200] "GET /PmWikiSl/PmWikiSl?action=upload HTTP/1.1" 200 8555 "-" "Mozilla/5.0 (compatible; Barkrowler/0.9; +https://babbar.tech/crawler)"
154.54.249.196 - - [17/Sep/2022:07:39:33 +0200] "GET /PmWikiKr/PmWikiKr?action=print HTTP/1.1" 200 3599 "-" "Mozilla/5.0 (compatible; Barkrowler/0.9; +https://babbar.tech/crawler)"
154.54.249.196 - - [17/Sep/2022:07:39:58 +0200] "GET /PmWikiKr/PmWikiKr?action=upload HTTP/1.1" 200 8555 "-" "Mozilla/5.0 (compatible; Barkrowler/0.9; +https://babbar.tech/crawler)"
154.54.249.196 - - [17/Sep/2022:07:40:36 +0200] "GET /PmWikiKr/PmWikiKr?action=edit HTTP/1.1" 200 8655 "-" "Mozilla/5.0 (compatible; Barkrowler/0.9; +https://babbar.tech/crawler)"
154.54.249.196 - - [17/Sep/2022:07:41:09 +0200] "GET /PmWikiNl/SidebarNl?action=diff HTTP/1.1" 200 7840 "-" "Mozilla/5.0 (compatible; Barkrowler/0.9; +https://babbar.tech/crawler)"
154.54.249.196 - - [17/Sep/2022:07:41:44 +0200] "GET /PmWikiNl/EditQuickReference?action=edit HTTP/1.1" 200 7399 "-" "Mozilla/5.0 (compatible; Barkrowler/0.9; +https://babbar.tech/crawler)"
154.54.249.196 - - [17/Sep/2022:07:42:12 +0200] "GET /PmWikiNl/EditQuickReference?action=print HTTP/1.1" 200 3586 "-" "Mozilla/5.0 (compatible; Barkrowler/0.9; +https://babbar.tech/crawler)"
146.185.201.250 - - [17/Sep/2022:07:42:32 +0200] "GET /Site/Apschlouss?action=upload HTTP/1.1" 200 8521 "-" "Mozilla/5.0 (Macintosh; Intel Mac OS X 10_10_5) AppleWebKit/537.36 (KHTML, like Gecko) Chrome/46.0.2490.71 Safari/537.36"
154.54.249.196 - - [17/Sep/2022:07:42:45 +0200] "GET /PmWikiNl/EditQuickReference?action=upload HTTP/1.1" 200 7299 "-" "Mozilla/5.0 (compatible; Barkrowler/0.9; +https://babbar.tech/crawler)"
45.138.103.218 - - [17/Sep/2022:07:42:51 +0200] "GET /Site/Apschlouss?action=diff HTTP/1.1" 200 10482 "-" "Mozilla/5.0 (Macintosh; Intel Mac OS X 10_10_5) AppleWebKit/601.1.56 (KHTML, like Gecko) Version/9.0 Safari/601.1.56"
154.54.249.196 - - [17/Sep/2022:07:43:14 +0200] "GET /PmWikiNl/PmWikiNl?action=upload HTTP/1.1" 200 7159 "-" "Mozilla/5.0 (compatible; Barkrowler/0.9; +https://babbar.tech/crawler)"
45.80.105.14 - - [17/Sep/2022:07:43:18 +0200] "GET /Site/Verglych?action=edit HTTP/1.1" 200 8593 "-" "Mozilla/5.0 (Windows NT 10.0; WOW64) AppleWebKit/537.36 (KHTML, like Gecko) Chrome/46.0.2490.71 Safari/537.36"
154.54.249.196 - - [17/Sep/2022:07:43:46 +0200] "GET /PmWikiNl/DownloadenEnInstalleren HTTP/1.1" 404 7033 "-" "Mozilla/5.0 (compatible; Barkrowler/0.9; +https://babbar.tech/crawler)"
154.54.249.196 - - [17/Sep/2022:07:44:18 +0200] "GET /robots.txt HTTP/1.1" 200 - "-" "Mozilla/5.0 (compatible; Barkrowler/0.9; +https://babbar.tech/crawler)"
154.54.249.196 - - [17/Sep/2022:07:44:49 +0200] "GET /PmWikiRo/PmWikiRo?action=upload HTTP/1.1" 200 8555 "-" "Mozilla/5.0 (compatible; Barkrowler/0.9; +https://babbar.tech/crawler)"
154.54.249.196 - - [17/Sep/2022:07:45:20 +0200] "GET /PmWikiRu/PmWikiRu?action=upload HTTP/1.1" 200 9103 "-" "Mozilla/5.0 (compatible; Barkrowler/0.9; +https://babbar.tech/crawler)"
85.25.177.139 - - [17/Sep/2022:07:45:40 +0200] "GET /robots.txt HTTP/1.1" 200 - "-" "Mozilla/5.0 (Macintosh; Intel Mac OS X 10.15; rv:103.0) Gecko/20100101 Firefox/103.0"
85.25.177.139 - - [17/Sep/2022:07:45:40 +0200] "GET /Texte/Limericks?action=diff HTTP/1.1" 200 9581 "-" "Mozilla/5.0 (Macintosh; Intel Mac OS X 10.15; rv:103.0) Gecko/20100101 Firefox/103.0"
154.54.249.196 - - [17/Sep/2022:07:45:48 +0200] "GET /PmWikiRu/PmWikiRu?action=print HTTP/1.1" 200 6488 "-" "Mozilla/5.0 (compatible; Barkrowler/0.9; +https://babbar.tech/crawler)"
94.231.217.14 - - [17/Sep/2022:07:46:14 +0200] "GET /Site/Verglych?action=diff HTTP/1.1" 200 10462 "-" "Mozilla/5.0 (Macintosh; Intel Mac OS X 10_10_5) AppleWebKit/537.36 (KHTML, like Gecko) Chrome/46.0.2490.71 Safari/537.36"
154.54.249.196 - - [17/Sep/2022:07:46:23 +0200] "GET /PmWikiRu/PmWikiRu?action=edit HTTP/1.1" 200 9203 "-" "Mozilla/5.0 (compatible; Barkrowler/0.9; +https://babbar.tech/crawler)"
77.243.88.180 - - [17/Sep/2022:07:46:46 +0200] "GET /Site/Lobbiing?action=edit HTTP/1.1" 200 8593 "-" "Mozilla/5.0 (Windows NT 6.1; WOW64) AppleWebKit/537.36 (KHTML, like Gecko) Chrome/45.0.2454.101 Safari/537.36"
154.54.249.196 - - [17/Sep/2022:07:46:48 +0200] "GET /PmWikiRu/PmWikiRu?action=diff HTTP/1.1" 200 9770 "-" "Mozilla/5.0 (compatible; Barkrowler/0.9; +https://babbar.tech/crawler)"
84.54.58.30 - - [17/Sep/2022:07:47:20 +0200] "GET /Site/Lobbiing?action=upload HTTP/1.1" 200 8493 "-" "Mozilla/5.0 (Macintosh; Intel Mac OS X 10_11_0) AppleWebKit/537.36 (KHTML, like Gecko) Chrome/45.0.2454.101 Safari/537.36"
154.54.249.196 - - [17/Sep/2022:07:47:24 +0200] "GET /PmWikiRu/FmtPageName?action=diff HTTP/1.1" 200 9818 "-" "Mozilla/5.0 (compatible; Barkrowler/0.9; +https://babbar.tech/crawler)"
194.104.128.63 - - [17/Sep/2022:07:47:50 +0200] "GET /Site/Lobbiing?action=diff HTTP/1.1" 200 10440 "-" "Mozilla/5.0 (Macintosh; Intel Mac OS X 10_10_5) AppleWebKit/601.1.56 (KHTML, like Gecko) Version/9.0 Safari/601.1.56"
154.54.249.196 - - [17/Sep/2022:07:47:52 +0200] "GET /PmWikiRu/FmtPageName?action=print HTTP/1.1" 404 2413 "-" "Mozilla/5.0 (compatible; Barkrowler/0.9; +https://babbar.tech/crawler)"
154.54.249.196 - - [17/Sep/2022:07:48:26 +0200] "GET /PmWikiRu/UploadQuickReference?action=edit HTTP/1.1" 200 9371 "-" "Mozilla/5.0 (compatible; Barkrowler/0.9; +https://babbar.tech/crawler)"
154.54.249.196 - - [17/Sep/2022:07:48:59 +0200] "GET /PmWikiRu/UploadQuickReference?action=upload HTTP/1.1" 200 9271 "-" "Mozilla/5.0 (compatible; Barkrowler/0.9; +https://babbar.tech/crawler)"
154.54.249.196 - - [17/Sep/2022:07:49:30 +0200] "GET /PmWikiRu/UploadQuickReference?action=print HTTP/1.1" 200 4198 "-" "Mozilla/5.0 (compatible; Barkrowler/0.9; +https://babbar.tech/crawler)"
154.54.249.196 - - [17/Sep/2022:07:50:00 +0200] "GET /PmWikiRu/Skins?skin=monobook HTTP/1.1" 200 25244 "-" "Mozilla/5.0 (compatible; Barkrowler/0.9; +https://babbar.tech/crawler)"
154.54.249.196 - - [17/Sep/2022:07:50:27 +0200] "GET /PmWikiRu/AvailableActions?action=diff HTTP/1.1" 200 9932 "-" "Mozilla/5.0 (compatible; Barkrowler/0.9; +https://babbar.tech/crawler)"
154.54.249.196 - - [17/Sep/2022:07:51:01 +0200] "GET /PmWikiRu/MarkupExpressions?action=edit HTTP/1.1" 200 9327 "-" "Mozilla/5.0 (compatible; Barkrowler/0.9; +https://babbar.tech/crawler)"
154.54.249.196 - - [17/Sep/2022:07:51:26 +0200] "GET /PmWikiRu/UrlApprovals?action=diff HTTP/1.1" 200 9832 "-" "Mozilla/5.0 (compatible; Barkrowler/0.9; +https://babbar.tech/crawler)"
154.54.249.196 - - [17/Sep/2022:07:52:00 +0200] "GET /PmWikiRu/InitialSetupTasks?action=print HTTP/1.1" 200 13510 "-" "Mozilla/5.0 (compatible; Barkrowler/0.9; +https://babbar.tech/crawler)"
154.54.249.196 - - [17/Sep/2022:07:52:25 +0200] "GET /PmWikiRu/EditQuickReference?action=edit HTTP/1.1" 200 9343 "-" "Mozilla/5.0 (compatible; Barkrowler/0.9; +https://babbar.tech/crawler)"
85.25.177.139 - - [17/Sep/2022:07:52:43 +0200] "GET /Texte/Limericks?action=edit HTTP/1.1" 200 8621 "-" "Mozilla/5.0 (Macintosh; Intel Mac OS X 10.15; rv:103.0) Gecko/20100101 Firefox/103.0"
154.54.249.196 - - [17/Sep/2022:07:52:59 +0200] "GET /robots.txt HTTP/1.1" 200 - "-" "Mozilla/5.0 (compatible; Barkrowler/0.9; +https://babbar.tech/crawler)"
154.54.249.196 - - [17/Sep/2022:07:53:29 +0200] "GET /PmWikiRu/EditQuickReference?action=upload HTTP/1.1" 200 9243 "-" "Mozilla/5.0 (compatible; Barkrowler/0.9; +https://babbar.tech/crawler)"
154.54.249.196 - - [17/Sep/2022:07:54:00 +0200] "GET /PmWikiRu/EditQuickReference?action=print HTTP/1.1" 200 6132 "-" "Mozilla/5.0 (compatible; Barkrowler/0.9; +https://babbar.tech/crawler)"
213.232.122.100 - - [17/Sep/2022:07:54:05 +0200] "GET /Site/Traktandelyschte?action=diff HTTP/1.1" 200 10584 "-" "Mozilla/5.0 (Macintosh; Intel Mac OS X 10_10_5) AppleWebKit/601.1.56 (KHTML, like Gecko) Version/9.0 Safari/601.1.56"
85.25.177.139 - - [17/Sep/2022:07:54:09 +0200] "GET /Texte/Limericks?action=print HTTP/1.1" 200 2296 "-" "Mozilla/5.0 (Macintosh; Intel Mac OS X 10.15; rv:103.0) Gecko/20100101 Firefox/103.0"
154.54.249.196 - - [17/Sep/2022:07:54:31 +0200] "GET /PmWikiRu/WikiStyleExamples?action=edit HTTP/1.1" 200 9361 "-" "Mozilla/5.0 (compatible; Barkrowler/0.9; +https://babbar.tech/crawler)"
154.54.249.196 - - [17/Sep/2022:07:54:59 +0200] "GET /PmWikiRu/WikiStyleExamples?action=print HTTP/1.1" 200 15020 "-" "Mozilla/5.0 (compatible; Barkrowler/0.9; +https://babbar.tech/crawler)"
154.54.249.196 - - [17/Sep/2022:07:55:34 +0200] "GET /PmWikiRu/WikiStyleExamples?action=upload HTTP/1.1" 200 9261 "-" "Mozilla/5.0 (compatible; Barkrowler/0.9; +https://babbar.tech/crawler)"
154.54.249.196 - - [17/Sep/2022:07:56:02 +0200] "GET /PmWikiRu/WikiFarmsAdvanced?action=edit HTTP/1.1" 200 9329 "-" "Mozilla/5.0 (compatible; Barkrowler/0.9; +https://babbar.tech/crawler)"
154.54.249.196 - - [17/Sep/2022:07:56:38 +0200] "GET /PmWikiRu/WikiFarmsAdvanced?action=upload HTTP/1.1" 200 9229 "-" "Mozilla/5.0 (compatible; Barkrowler/0.9; +https://babbar.tech/crawler)"
154.54.249.196 - - [17/Sep/2022:07:57:02 +0200] "GET /PmWikiRu/WikiFarmsAdvanced?action=diff HTTP/1.1" 200 9914 "-" "Mozilla/5.0 (compatible; Barkrowler/0.9; +https://babbar.tech/crawler)"
45.148.127.46 - - [17/Sep/2022:07:57:09 +0200] "GET /Site/Ereuffnig?action=upload HTTP/1.1" 200 8507 "-" "Mozilla/5.0 (Windows NT 6.3; WOW64) AppleWebKit/537.36 (KHTML, like Gecko) Chrome/45.0.2454.101 Safari/537.36"
193.202.12.14 - - [17/Sep/2022:07:57:33 +0200] "GET /Site/Ereuffnig?action=diff HTTP/1.1" 200 10395 "-" "Mozilla/5.0 (Windows NT 6.3; WOW64) AppleWebKit/537.36 (KHTML, like Gecko) Chrome/45.0.2454.101 Safari/537.36"
154.54.249.196 - - [17/Sep/2022:07:57:36 +0200] "GET /PmWikiRu/WikiFarmsAdvanced?action=print HTTP/1.1" 404 2437 "-" "Mozilla/5.0 (compatible; Barkrowler/0.9; +https://babbar.tech/crawler)"
154.54.249.196 - - [17/Sep/2022:07:58:02 +0200] "GET /PmWikiRu/WikiGroupMotivation?action=edit HTTP/1.1" 200 9357 "-" "Mozilla/5.0 (compatible; Barkrowler/0.9; +https://babbar.tech/crawler)"
194.209.200.2 - - [17/Sep/2022:07:58:24 +0200] "GET /robots.txt HTTP/1.1" 200 - "-" "Mozilla/5.0 (compatible; TMMBot/0.2; +http://www.dslab.ch)/Nutch-1.15"
194.209.200.2 - - [17/Sep/2022:07:58:24 +0200] "GET /Texte/Limericks HTTP/1.1" 200 8087 "-" "Mozilla/5.0 (compatible; TMMBot/0.2; +http://www.dslab.ch)/Nutch-1.15"
45.148.126.62 - - [17/Sep/2022:07:58:25 +0200] "GET /Site/Voorwort?action=edit HTTP/1.1" 200 8593 "-" "Mozilla/5.0 (Windows NT 6.1; WOW64) AppleWebKit/537.36 (KHTML, like Gecko) Chrome/45.0.2454.101 Safari/537.36"
194.209.200.2 - - [17/Sep/2022:07:58:27 +0200] "GET /Texte/Schrybwys HTTP/1.1" 200 11028 "-" "Mozilla/5.0 (compatible; TMMBot/0.2; +http://www.dslab.ch)/Nutch-1.15"
154.54.249.196 - - [17/Sep/2022:07:58:35 +0200] "GET /PmWikiRu/SearchImprovements?action=print HTTP/1.1" 404 2441 "-" "Mozilla/5.0 (compatible; Barkrowler/0.9; +https://babbar.tech/crawler)"
154.54.249.196 - - [17/Sep/2022:07:59:06 +0200] "GET /PmWikiRu/SearchImprovements?action=upload HTTP/1.1" 200 9241 "-" "Mozilla/5.0 (compatible; Barkrowler/0.9; +https://babbar.tech/crawler)"
194.209.200.2 - - [17/Sep/2022:07:59:10 +0200] "GET /Texte/ArsAmatoria HTTP/1.1" 200 12369 "-" "Mozilla/5.0 (compatible; TMMBot/0.2; +http://www.dslab.ch)/Nutch-1.15"
154.54.249.196 - - [17/Sep/2022:07:59:38 +0200] "GET /PmWikiRu/SearchImprovements?action=edit HTTP/1.1" 200 9341 "-" "Mozilla/5.0 (compatible; Barkrowler/0.9; +https://babbar.tech/crawler)"
154.54.249.196 - - [17/Sep/2022:08:00:07 +0200] "GET /PmWikiRu/ConditionalMarkup?action=print HTTP/1.1" 200 15376 "-" "Mozilla/5.0 (compatible; Barkrowler/0.9; +https://babbar.tech/crawler)"
154.54.249.196 - - [17/Sep/2022:08:00:39 +0200] "GET /PmWikiRu/ConditionalMarkup?action=edit HTTP/1.1" 200 9357 "-" "Mozilla/5.0 (compatible; Barkrowler/0.9; +https://babbar.tech/crawler)"
154.54.249.196 - - [17/Sep/2022:08:01:10 +0200] "GET /PmWikiRu/ConditionalMarkup?action=upload HTTP/1.1" 200 9257 "-" "Mozilla/5.0 (compatible; Barkrowler/0.9; +https://babbar.tech/crawler)"
154.54.249.196 - - [17/Sep/2022:08:01:38 +0200] "GET /robots.txt HTTP/1.1" 200 - "-" "Mozilla/5.0 (compatible; Barkrowler/0.9; +https://babbar.tech/crawler)"
154.54.249.196 - - [17/Sep/2022:08:02:09 +0200] "GET /PmWikiRu/PagelistVariables?action=edit HTTP/1.1" 200 9327 "-" "Mozilla/5.0 (compatible; Barkrowler/0.9; +https://babbar.tech/crawler)"
46.161.57.159 - - [17/Sep/2022:08:02:10 +0200] "GET /Site/Voorwort?action=diff HTTP/1.1" 200 11915 "-" "Mozilla/5.0 (Windows NT 10.0; WOW64) AppleWebKit/537.36 (KHTML, like Gecko) Chrome/45.0.2454.101 Safari/537.36"
154.54.249.196 - - [17/Sep/2022:08:02:37 +0200] "GET /PmWikiRu/PagelistVariables?action=upload HTTP/1.1" 200 9227 "-" "Mozilla/5.0 (compatible; Barkrowler/0.9; +https://babbar.tech/crawler)"
85.25.177.139 - - [17/Sep/2022:08:02:48 +0200] "GET /Admin/AdresseStiftung?action=edit&restore=diff:1185288414:1164358462:minor&preview=y HTTP/1.1" 200 8758 "-" "Mozilla/5.0 (Macintosh; Intel Mac OS X 10.15; rv:103.0) Gecko/20100101 Firefox/103.0"
154.54.249.196 - - [17/Sep/2022:08:03:07 +0200] "GET /PmWikiRu/PagelistVariables?action=print HTTP/1.1" 404 2437 "-" "Mozilla/5.0 (compatible; Barkrowler/0.9; +https://babbar.tech/crawler)"
154.54.249.196 - - [17/Sep/2022:08:03:37 +0200] "GET /PmWikiRu/PagelistVariables?action=diff HTTP/1.1" 200 9912 "-" "Mozilla/5.0 (compatible; Barkrowler/0.9; +https://babbar.tech/crawler)"
154.54.249.196 - - [17/Sep/2022:08:04:06 +0200] "GET /PmWikiRu/PageTextVariables?action=edit HTTP/1.1" 200 9329 "-" "Mozilla/5.0 (compatible; Barkrowler/0.9; +https://babbar.tech/crawler)"
154.54.249.196 - - [17/Sep/2022:08:04:40 +0200] "GET /PmWikiRu/DebugVariables?action=edit HTTP/1.1" 200 9285 "-" "Mozilla/5.0 (compatible; Barkrowler/0.9; +https://babbar.tech/crawler)"
154.54.249.196 - - [17/Sep/2022:08:05:11 +0200] "GET /PmWikiTw/PmWikiTw?action=upload HTTP/1.1" 200 8555 "-" "Mozilla/5.0 (compatible; Barkrowler/0.9; +https://babbar.tech/crawler)"
154.54.249.196 - - [17/Sep/2022:08:05:42 +0200] "GET /PmWikiTw/PmWikiTw?action=print HTTP/1.1" 200 3217 "-" "Mozilla/5.0 (compatible; Barkrowler/0.9; +https://babbar.tech/crawler)"
85.25.177.139 - - [17/Sep/2022:08:06:04 +0200] "GET /Admin/AdresseStiftung?action=edit&restore=diff:1185288593:1185288494:minor&preview=y HTTP/1.1" 200 8758 "-" "Mozilla/5.0 (Macintosh; Intel Mac OS X 10.15; rv:103.0) Gecko/20100101 Firefox/103.0"
154.54.249.196 - - [17/Sep/2022:08:06:12 +0200] "GET /PmWikiTw/PmWikiTw?action=edit HTTP/1.1" 200 8655 "-" "Mozilla/5.0 (compatible; Barkrowler/0.9; +https://babbar.tech/crawler)"
154.54.249.196 - - [17/Sep/2022:08:06:47 +0200] "GET /PmWikiTw/PmWikiTw?action=diff HTTP/1.1" 200 9222 "-" "Mozilla/5.0 (compatible; Barkrowler/0.9; +https://babbar.tech/crawler)"
154.54.249.196 - - [17/Sep/2022:08:07:18 +0200] "GET /PmWikiTr/PmWikiTr?action=edit HTTP/1.1" 200 8655 "-" "Mozilla/5.0 (compatible; Barkrowler/0.9; +https://babbar.tech/crawler)"
154.54.249.196 - - [17/Sep/2022:08:07:52 +0200] "GET /PmWikiTr/PmWikiTr?action=upload HTTP/1.1" 200 8555 "-" "Mozilla/5.0 (compatible; Barkrowler/0.9; +https://babbar.tech/crawler)"
154.54.249.196 - - [17/Sep/2022:08:08:21 +0200] "GET /PmWikiTa/PmWikiTa?action=diff HTTP/1.1" 200 9222 "-" "Mozilla/5.0 (compatible; Barkrowler/0.9; +https://babbar.tech/crawler)"
154.54.249.196 - - [17/Sep/2022:08:08:52 +0200] "GET /PmWikiJa/ViewModes?action=diff HTTP/1.1" 200 9236 "-" "Mozilla/5.0 (compatible; Barkrowler/0.9; +https://babbar.tech/crawler)"
178.20.215.143 - - [17/Sep/2022:08:09:16 +0200] "GET /PodCast/Email?action=diff HTTP/1.1" 200 36089 "-" "Mozilla/5.0 (Windows NT 6.1; WOW64; rv:41.0) Gecko/20100101 Firefox/41.0"
154.54.249.196 - - [17/Sep/2022:08:09:22 +0200] "GET /PmWikiJa/VisitorsLogging?action=edit HTTP/1.1" 200 8751 "-" "Mozilla/5.0 (compatible; Barkrowler/0.9; +https://babbar.tech/crawler)"
85.202.194.251 - - [17/Sep/2022:08:09:47 +0200] "GET /PodCast/Ereuffnig?action=edit HTTP/1.1" 200 8650 "-" "Mozilla/5.0 (Macintosh; Intel Mac OS X 10_10_5) AppleWebKit/537.36 (KHTML, like Gecko) Chrome/46.0.2490.71 Safari/537.36"
154.54.249.196 - - [17/Sep/2022:08:09:53 +0200] "GET /PmWikiJa/VisitorsLogging?action=diff HTTP/1.1" 200 9332 "-" "Mozilla/5.0 (compatible; Barkrowler/0.9; +https://babbar.tech/crawler)"
154.54.249.196 - - [17/Sep/2022:08:10:26 +0200] "GET /robots.txt HTTP/1.1" 200 - "-" "Mozilla/5.0 (compatible; Barkrowler/0.9; +https://babbar.tech/crawler)"
193.203.9.238 - - [17/Sep/2022:08:10:34 +0200] "GET /PodCast/Ereuffnig?action=upload HTTP/1.1" 200 8550 "-" "Mozilla/5.0 (Macintosh; Intel Mac OS X 10_11) AppleWebKit/601.1.56 (KHTML, like Gecko) Version/9.0 Safari/601.1.56"
154.54.249.196 - - [17/Sep/2022:08:10:56 +0200] "GET /PmWikiJa/VisitorsLogging?action=upload HTTP/1.1" 200 8651 "-" "Mozilla/5.0 (compatible; Barkrowler/0.9; +https://babbar.tech/crawler)"
83.97.117.212 - - [17/Sep/2022:08:11:18 +0200] "GET /PodCast/Ereuffnig?action=diff HTTP/1.1" 200 33283 "-" "Mozilla/5.0 (Windows NT 10.0; WOW64; rv:41.0) Gecko/20100101 Firefox/41.0"
154.54.249.196 - - [17/Sep/2022:08:11:25 +0200] "GET /PmWikiJa/VisitorsLogging?action=print HTTP/1.1" 404 2429 "-" "Mozilla/5.0 (compatible; Barkrowler/0.9; +https://babbar.tech/crawler)"
85.25.177.139 - - [17/Sep/2022:08:11:39 +0200] "GET /Admin/AdresseStiftung?action=edit&restore=diff:1619700437:1591952905:&preview=y HTTP/1.1" 200 8753 "-" "Mozilla/5.0 (Macintosh; Intel Mac OS X 10.15; rv:103.0) Gecko/20100101 Firefox/103.0"
77.220.194.36 - - [17/Sep/2022:08:11:50 +0200] "GET /PodCast/Bankett?action=edit HTTP/1.1" 200 8622 "-" "Mozilla/5.0 (Macintosh; Intel Mac OS X 10_11) AppleWebKit/601.1.56 (KHTML, like Gecko) Version/9.0 Safari/601.1.56"
154.54.249.196 - - [17/Sep/2022:08:11:54 +0200] "GET /PmWikiJa/LazyWebLinks?action=edit HTTP/1.1" 200 8711 "-" "Mozilla/5.0 (compatible; Barkrowler/0.9; +https://babbar.tech/crawler)"
146.19.90.177 - - [17/Sep/2022:08:12:09 +0200] "GET /PodCast/Bankett?action=upload HTTP/1.1" 200 8522 "-" "Mozilla/5.0 (Windows NT 6.3; WOW64) AppleWebKit/537.36 (KHTML, like Gecko) Chrome/45.0.2454.101 Safari/537.36"
154.54.249.196 - - [17/Sep/2022:08:12:24 +0200] "GET /PmWikiJa/CountGlyphs?action=print HTTP/1.1" 404 2413 "-" "Mozilla/5.0 (compatible; Barkrowler/0.9; +https://babbar.tech/crawler)"
46.161.61.245 - - [17/Sep/2022:08:12:42 +0200] "GET /PodCast/Bankett?action=diff HTTP/1.1" 200 29029 "-" "Mozilla/5.0 (Windows NT 6.1; WOW64; Trident/7.0; rv:11.0) like Gecko"
157.55.39.183 - - [17/Sep/2022:08:12:44 +0200] "GET /Site/Search?pagename=Site%2FSearch&q= HTTP/1.1" 200 10615 "-" "Mozilla/5.0 (compatible; bingbot/2.0; +http://www.bing.com/bingbot.htm)"
154.54.249.196 - - [17/Sep/2022:08:12:57 +0200] "GET /PmWikiJa/CountGlyphs?action=edit HTTP/1.1" 200 8695 "-" "Mozilla/5.0 (compatible; Barkrowler/0.9; +https://babbar.tech/crawler)"
193.151.190.143 - - [17/Sep/2022:08:13:10 +0200] "GET /PodCast/Traktandelyschte?action=edit HTTP/1.1" 200 8748 "-" "Mozilla/5.0 (Macintosh; Intel Mac OS X 10_11_0) AppleWebKit/537.36 (KHTML, like Gecko) Chrome/45.0.2454.101 Safari/537.36"
154.54.249.196 - - [17/Sep/2022:08:13:24 +0200] "GET /PmWikiJa/PrintingWithStyle?action=edit HTTP/1.1" 200 8781 "-" "Mozilla/5.0 (compatible; Barkrowler/0.9; +https://babbar.tech/crawler)"
147.78.182.69 - - [17/Sep/2022:08:13:44 +0200] "GET /PodCast/Traktandelyschte?action=upload HTTP/1.1" 200 8648 "-" "Mozilla/5.0 (Macintosh; Intel Mac OS X 10_10_5) AppleWebKit/537.36 (KHTML, like Gecko) Chrome/45.0.2454.101 Safari/537.36"
154.54.249.196 - - [17/Sep/2022:08:13:56 +0200] "GET /PmWikiJa/PresenceAwareness?action=edit HTTP/1.1" 200 8779 "-" "Mozilla/5.0 (compatible; Barkrowler/0.9; +https://babbar.tech/crawler)"
85.25.177.139 - - [17/Sep/2022:08:14:04 +0200] "GET /Admin/AdresseStiftung?action=edit&restore=diff:1591952905:1416758598:&preview=y HTTP/1.1" 200 8753 "-" "Mozilla/5.0 (Macintosh; Intel Mac OS X 10.15; rv:103.0) Gecko/20100101 Firefox/103.0"
185.152.93.157 - - [17/Sep/2022:08:14:15 +0200] "GET /PodCast/Traktandelyschte?action=diff HTTP/1.1" 200 36994 "-" "Mozilla/5.0 (Windows NT 6.1; WOW64; Trident/7.0; rv:11.0) like Gecko"
154.54.249.196 - - [17/Sep/2022:08:14:23 +0200] "GET /PmWikiJa/ConditionalExtensions?action=diff HTTP/1.1" 200 9428 "-" "Mozilla/5.0 (compatible; Barkrowler/0.9; +https://babbar.tech/crawler)"
154.54.249.196 - - [17/Sep/2022:08:14:54 +0200] "GET /PmWikiJa/HorizontalVerticalMenu?action=print HTTP/1.1" 404 2457 "-" "Mozilla/5.0 (compatible; Barkrowler/0.9; +https://babbar.tech/crawler)"
154.54.249.196 - - [17/Sep/2022:08:15:22 +0200] "GET /PmWikiJa/HorizontalVerticalMenu?action=edit HTTP/1.1" 200 8851 "-" "Mozilla/5.0 (compatible; Barkrowler/0.9; +https://babbar.tech/crawler)"
154.54.249.196 - - [17/Sep/2022:08:15:52 +0200] "GET /PmWikiJa/HorizontalVerticalMenu?action=upload HTTP/1.1" 200 8751 "-" "Mozilla/5.0 (compatible; Barkrowler/0.9; +https://babbar.tech/crawler)"
154.54.249.196 - - [17/Sep/2022:08:16:23 +0200] "GET /PmWikiJa/ChessMarkup?action=upload HTTP/1.1" 200 8595 "-" "Mozilla/5.0 (compatible; Barkrowler/0.9; +https://babbar.tech/crawler)"
154.54.249.196 - - [17/Sep/2022:08:16:51 +0200] "GET /PmWikiJa/ChangeTimeFormat?action=edit HTTP/1.1" 200 8767 "-" "Mozilla/5.0 (compatible; Barkrowler/0.9; +https://babbar.tech/crawler)"
154.54.249.196 - - [17/Sep/2022:08:17:25 +0200] "GET /PmWikiJa/ChangeTimeFormat?action=diff HTTP/1.1" 200 9350 "-" "Mozilla/5.0 (compatible; Barkrowler/0.9; +https://babbar.tech/crawler)"
154.54.249.196 - - [17/Sep/2022:08:17:51 +0200] "GET /PmWikiJa/ChangeTimeFormat?action=upload HTTP/1.1" 200 8667 "-" "Mozilla/5.0 (compatible; Barkrowler/0.9; +https://babbar.tech/crawler)"
193.202.86.150 - - [17/Sep/2022:08:17:55 +0200] "GET /PodCast/Lobbiing?action=upload HTTP/1.1" 200 8536 "-" "Mozilla/5.0 (Windows NT 6.1; WOW64; rv:41.0) Gecko/20100101 Firefox/41.0"
154.54.249.196 - - [17/Sep/2022:08:18:26 +0200] "GET /PmWikiJa/ChangeTimeFormat?action=print HTTP/1.1" 200 7053 "-" "Mozilla/5.0 (compatible; Barkrowler/0.9; +https://babbar.tech/crawler)"
45.138.103.119 - - [17/Sep/2022:08:18:35 +0200] "GET /PodCast/Lobbiing?action=diff HTTP/1.1" 200 35756 "-" "Mozilla/5.0 (Windows NT 6.1; WOW64) AppleWebKit/537.36 (KHTML, like Gecko) Chrome/45.0.2454.101 Safari/537.36"
154.54.249.196 - - [17/Sep/2022:08:18:55 +0200] "GET /robots.txt HTTP/1.1" 200 - "-" "Mozilla/5.0 (compatible; Barkrowler/0.9; +https://babbar.tech/crawler)"
154.54.249.196 - - [17/Sep/2022:08:19:32 +0200] "GET /PmWikiJa/GroupHomePageChange?action=edit HTTP/1.1" 200 8811 "-" "Mozilla/5.0 (compatible; Barkrowler/0.9; +https://babbar.tech/crawler)"
154.54.249.196 - - [17/Sep/2022:08:20:01 +0200] "GET /PmWikiJa/GroupHomePageChange?action=upload HTTP/1.1" 200 8711 "-" "Mozilla/5.0 (compatible; Barkrowler/0.9; +https://babbar.tech/crawler)"
154.54.249.196 - - [17/Sep/2022:08:20:37 +0200] "GET /PmWikiJa/GroupHomePageChange?action=print HTTP/1.1" 404 2445 "-" "Mozilla/5.0 (compatible; Barkrowler/0.9; +https://babbar.tech/crawler)"
85.25.177.139 - - [17/Sep/2022:08:20:51 +0200] "GET /Admin/AdresseStiftung?action=edit&restore=diff:1164358462:1163035896:&preview=y HTTP/1.1" 200 8753 "-" "Mozilla/5.0 (Macintosh; Intel Mac OS X 10.15; rv:103.0) Gecko/20100101 Firefox/103.0"
154.54.249.196 - - [17/Sep/2022:08:21:07 +0200] "GET /PmWikiJa/GroupHomePageChange?action=diff HTTP/1.1" 200 9400 "-" "Mozilla/5.0 (compatible; Barkrowler/0.9; +https://babbar.tech/crawler)"
154.54.249.196 - - [17/Sep/2022:08:21:34 +0200] "GET /PmWikiJa/CompareFormsRecipes?action=edit HTTP/1.1" 200 8809 "-" "Mozilla/5.0 (compatible; Barkrowler/0.9; +https://babbar.tech/crawler)"
154.54.249.196 - - [17/Sep/2022:08:22:04 +0200] "GET /PmWikiJa/CompareFormsRecipes?action=upload HTTP/1.1" 200 8709 "-" "Mozilla/5.0 (compatible; Barkrowler/0.9; +https://babbar.tech/crawler)"
85.25.177.139 - - [17/Sep/2022:08:22:31 +0200] "GET /Admin/AdresseStiftung?action=diff&source=y&minor=n HTTP/1.1" 200 13475 "-" "Mozilla/5.0 (Macintosh; Intel Mac OS X 10.15; rv:103.0) Gecko/20100101 Firefox/103.0"
154.54.249.196 - - [17/Sep/2022:08:22:32 +0200] "GET /PmWikiJa/CompareFormsRecipes?action=print HTTP/1.1" 404 2445 "-" "Mozilla/5.0 (compatible; Barkrowler/0.9; +https://babbar.tech/crawler)"
154.54.249.196 - - [17/Sep/2022:08:23:05 +0200] "GET /PmWikiJa/CompareFormsRecipes?action=diff HTTP/1.1" 200 9398 "-" "Mozilla/5.0 (compatible; Barkrowler/0.9; +https://babbar.tech/crawler)"
154.54.249.196 - - [17/Sep/2022:08:23:33 +0200] "GET /PmWikiJa/CommentPageLink?action=diff HTTP/1.1" 200 9334 "-" "Mozilla/5.0 (compatible; Barkrowler/0.9; +https://babbar.tech/crawler)"
154.54.249.196 - - [17/Sep/2022:08:24:05 +0200] "GET /PmWikiJa/CommentPageLink?action=print HTTP/1.1" 404 2429 "-" "Mozilla/5.0 (compatible; Barkrowler/0.9; +https://babbar.tech/crawler)"
193.163.92.135 - - [17/Sep/2022:08:24:16 +0200] "GET /PodCast/Voorwort?action=diff HTTP/1.1" 200 27545 "-" "Mozilla/5.0 (Macintosh; Intel Mac OS X 10_10_5) AppleWebKit/601.1.56 (KHTML, like Gecko) Version/9.0 Safari/601.1.56"
154.54.249.196 - - [17/Sep/2022:08:24:32 +0200] "GET /PmWikiJa/CommentPageLink?action=edit HTTP/1.1" 200 8753 "-" "Mozilla/5.0 (compatible; Barkrowler/0.9; +https://babbar.tech/crawler)"
85.25.177.139 - - [17/Sep/2022:08:24:32 +0200] "GET /Admin/AdresseStiftung?action=diff&source=n&minor=y HTTP/1.1" 200 16522 "-" "Mozilla/5.0 (Macintosh; Intel Mac OS X 10.15; rv:103.0) Gecko/20100101 Firefox/103.0"
178.20.28.146 - - [17/Sep/2022:08:24:51 +0200] "GET /PodCast/Konzyl?action=edit HTTP/1.1" 200 8608 "-" "Mozilla/5.0 (Windows NT 6.1; WOW64) AppleWebKit/537.36 (KHTML, like Gecko) Chrome/46.0.2490.71 Safari/537.36"
154.54.249.196 - - [17/Sep/2022:08:25:04 +0200] "GET /PmWikiJa/CommentPageLink?action=upload HTTP/1.1" 200 8653 "-" "Mozilla/5.0 (compatible; Barkrowler/0.9; +https://babbar.tech/crawler)"
194.104.11.165 - - [17/Sep/2022:08:25:19 +0200] "GET /PodCast/Konzyl?action=upload HTTP/1.1" 200 8508 "-" "Mozilla/5.0 (X11; Ubuntu; Linux x86_64; rv:41.0) Gecko/20100101 Firefox/41.0"
154.54.249.196 - - [17/Sep/2022:08:25:36 +0200] "GET /PmWikiJa/CompressedUploads?action=edit HTTP/1.1" 200 8779 "-" "Mozilla/5.0 (compatible; Barkrowler/0.9; +https://babbar.tech/crawler)"
178.20.31.61 - - [17/Sep/2022:08:25:48 +0200] "GET /PodCast/Konzyl?action=diff HTTP/1.1" 200 11232 "-" "Mozilla/5.0 (Windows NT 10.0; WOW64) AppleWebKit/537.36 (KHTML, like Gecko) Chrome/46.0.2490.71 Safari/537.36"
154.54.249.196 - - [17/Sep/2022:08:26:08 +0200] "GET /PmWikiJa/CompressedUploads?action=print HTTP/1.1" 404 2437 "-" "Mozilla/5.0 (compatible; Barkrowler/0.9; +https://babbar.tech/crawler)"
178.20.214.33 - - [17/Sep/2022:08:26:19 +0200] "GET /PodCast/Genesis?action=edit HTTP/1.1" 200 8622 "-" "Mozilla/5.0 (Windows NT 10.0; WOW64) AppleWebKit/537.36 (KHTML, like Gecko) Chrome/46.0.2490.71 Safari/537.36"
193.202.80.119 - - [17/Sep/2022:08:26:39 +0200] "GET /PodCast/Genesis?action=upload HTTP/1.1" 200 8522 "-" "Mozilla/5.0 (Windows NT 6.1; WOW64) AppleWebKit/537.36 (KHTML, like Gecko) Chrome/46.0.2490.71 Safari/537.36"
154.54.249.196 - - [17/Sep/2022:08:26:44 +0200] "GET /PmWikiJa/CompressedPageStore?action=edit HTTP/1.1" 200 8809 "-" "Mozilla/5.0 (compatible; Barkrowler/0.9; +https://babbar.tech/crawler)"
154.54.249.196 - - [17/Sep/2022:08:27:18 +0200] "GET /PmWikiJa/CompressedPageStore?action=upload HTTP/1.1" 200 8709 "-" "Mozilla/5.0 (compatible; Barkrowler/0.9; +https://babbar.tech/crawler)"
154.54.249.196 - - [17/Sep/2022:08:27:52 +0200] "GET /robots.txt HTTP/1.1" 200 - "-" "Mozilla/5.0 (compatible; Barkrowler/0.9; +https://babbar.tech/crawler)"
154.54.249.196 - - [17/Sep/2022:08:28:20 +0200] "GET /PmWikiJa/CompressedPageStore?action=diff HTTP/1.1" 200 9398 "-" "Mozilla/5.0 (compatible; Barkrowler/0.9; +https://babbar.tech/crawler)"
66.249.76.220 - - [17/Sep/2022:08:28:45 +0200] "GET /PodCast/IndexPage?action=rss HTTP/1.1" 200 6298 "-" "Mozilla/5.0 (compatible; Googlebot/2.1; +http://www.google.com/bot.html)"
154.54.249.196 - - [17/Sep/2022:08:28:53 +0200] "GET /PmWikiJa/CompressedPageStore?action=print HTTP/1.1" 404 2445 "-" "Mozilla/5.0 (compatible; Barkrowler/0.9; +https://babbar.tech/crawler)"
194.209.200.2 - - [17/Sep/2022:08:29:11 +0200] "GET /robots.txt HTTP/1.1" 200 - "-" "Mozilla/5.0 (compatible; TMMBot/0.2; +http://www.dslab.ch)/Nutch-1.15"
194.209.200.2 - - [17/Sep/2022:08:29:11 +0200] "GET /Texte/Limericks HTTP/1.1" 200 8087 "-" "Mozilla/5.0 (compatible; TMMBot/0.2; +http://www.dslab.ch)/Nutch-1.15"
194.209.200.2 - - [17/Sep/2022:08:29:15 +0200] "GET /Texte/Schrybwys HTTP/1.1" 200 11028 "-" "Mozilla/5.0 (compatible; TMMBot/0.2; +http://www.dslab.ch)/Nutch-1.15"
154.54.249.196 - - [17/Sep/2022:08:29:20 +0200] "GET /PmWikiJa/ReverseHeadings?action=edit HTTP/1.1" 200 8751 "-" "Mozilla/5.0 (compatible; Barkrowler/0.9; +https://babbar.tech/crawler)"
3.216.185.164 - - [17/Sep/2022:08:29:49 +0200] "GET /PodCast/IndexPage?action=rss HTTP/1.1" 200 6298 "-" "PocketCasts/1.0 (Pocket Casts Feed Parser; +http://pocketcasts.com/)"
154.54.249.196 - - [17/Sep/2022:08:29:51 +0200] "GET /PmWikiJa/ReverseHeadings?action=print HTTP/1.1" 404 2429 "-" "Mozilla/5.0 (compatible; Barkrowler/0.9; +https://babbar.tech/crawler)"
194.209.200.2 - - [17/Sep/2022:08:30:02 +0200] "GET /Texte/ArsAmatoria HTTP/1.1" 200 12369 "-" "Mozilla/5.0 (compatible; TMMBot/0.2; +http://www.dslab.ch)/Nutch-1.15"
77.83.26.52 - - [17/Sep/2022:08:30:06 +0200] "GET /PodCast/KonzylMp3?action=edit HTTP/1.1" 200 8654 "-" "Mozilla/5.0 (Windows NT 6.1; WOW64) AppleWebKit/537.36 (KHTML, like Gecko) Chrome/46.0.2490.71 Safari/537.36"
154.54.249.196 - - [17/Sep/2022:08:30:22 +0200] "GET /PmWikiJa/ReverseHeadings?action=upload HTTP/1.1" 200 8651 "-" "Mozilla/5.0 (compatible; Barkrowler/0.9; +https://babbar.tech/crawler)"
83.142.53.31 - - [17/Sep/2022:08:30:42 +0200] "GET /PodCast/KonzylMp3?action=upload HTTP/1.1" 200 8554 "-" "Mozilla/5.0 (Windows NT 6.1; WOW64; rv:41.0) Gecko/20100101 Firefox/41.0"
154.54.249.196 - - [17/Sep/2022:08:30:51 +0200] "GET /PmWikiJa/RemoveQuestionMark?action=diff HTTP/1.1" 200 9382 "-" "Mozilla/5.0 (compatible; Barkrowler/0.9; +https://babbar.tech/crawler)"
94.158.23.140 - - [17/Sep/2022:08:31:12 +0200] "GET /PodCast/KonzylMp3?action=diff HTTP/1.1" 200 9769 "-" "Mozilla/5.0 (Macintosh; Intel Mac OS X 10_11_0) AppleWebKit/537.36 (KHTML, like Gecko) Chrome/45.0.2454.101 Safari/537.36"
154.54.249.196 - - [17/Sep/2022:08:31:23 +0200] "GET /PmWikiJa/RemoveQuestionMark?action=upload HTTP/1.1" 200 8695 "-" "Mozilla/5.0 (compatible; Barkrowler/0.9; +https://babbar.tech/crawler)"
83.171.227.12 - - [17/Sep/2022:08:31:36 +0200] "GET /Pod/RSSPodcasts?action=upload HTTP/1.1" 200 8523 "-" "Mozilla/5.0 (Windows NT 10.0; WOW64) AppleWebKit/537.36 (KHTML, like Gecko) Chrome/46.0.2490.71 Safari/537.36"
154.54.249.196 - - [17/Sep/2022:08:31:50 +0200] "GET /PmWikiJa/RemoveQuestionMark?action=print HTTP/1.1" 404 2441 "-" "Mozilla/5.0 (compatible; Barkrowler/0.9; +https://babbar.tech/crawler)"
77.220.193.13 - - [17/Sep/2022:08:32:13 +0200] "GET /Pod/RSSPodcasts?action=print HTTP/1.1" 404 2388 "-" "Mozilla/5.0 (Windows NT 10.0; WOW64; rv:41.0) Gecko/20100101 Firefox/41.0"
154.54.249.196 - - [17/Sep/2022:08:32:23 +0200] "GET /PmWikiJa/RemovingHTMLStyles?action=edit HTTP/1.1" 200 8795 "-" "Mozilla/5.0 (compatible; Barkrowler/0.9; +https://babbar.tech/crawler)"
85.25.177.139 - - [17/Sep/2022:08:32:45 +0200] "GET /robots.txt HTTP/1.1" 200 - "-" "Mozilla/5.0 (Macintosh; Intel Mac OS X 10.15; rv:103.0) Gecko/20100101 Firefox/103.0"
85.25.177.139 - - [17/Sep/2022:08:32:45 +0200] "GET /Texte/GDicht?action=print HTTP/1.1" 200 2287 "-" "Mozilla/5.0 (Macintosh; Intel Mac OS X 10.15; rv:103.0) Gecko/20100101 Firefox/103.0"
46.161.57.235 - - [17/Sep/2022:08:32:46 +0200] "GET /Pod/RSSPodcasts?action=diff HTTP/1.1" 200 9186 "-" "Mozilla/5.0 (Windows NT 10.0; WOW64; rv:41.0) Gecko/20100101 Firefox/41.0"
154.54.249.196 - - [17/Sep/2022:08:32:49 +0200] "GET /PmWikiJa/RemovingHTMLStyles?action=print HTTP/1.1" 404 2441 "-" "Mozilla/5.0 (compatible; Barkrowler/0.9; +https://babbar.tech/crawler)"
154.54.249.196 - - [17/Sep/2022:08:33:22 +0200] "GET /PmWikiJa/RemovingLeftContent?action=upload HTTP/1.1" 200 8709 "-" "Mozilla/5.0 (compatible; Barkrowler/0.9; +https://babbar.tech/crawler)"
46.161.57.185 - - [17/Sep/2022:08:33:32 +0200] "GET /Pod/Podcasts?action=edit HTTP/1.1" 200 8579 "-" "Mozilla/5.0 (Windows NT 6.1; WOW64; Trident/7.0; rv:11.0) like Gecko"
154.54.249.196 - - [17/Sep/2022:08:33:52 +0200] "GET /PmWikiJa/RemovingLeftContent?action=print HTTP/1.1" 404 2445 "-" "Mozilla/5.0 (compatible; Barkrowler/0.9; +https://babbar.tech/crawler)"
83.171.224.122 - - [17/Sep/2022:08:34:05 +0200] "GET /Pod/Podcasts?action=upload HTTP/1.1" 200 8479 "-" "Mozilla/5.0 (Windows NT 6.3; WOW64) AppleWebKit/537.36 (KHTML, like Gecko) Chrome/45.0.2454.101 Safari/537.36"
154.54.249.196 - - [17/Sep/2022:08:34:22 +0200] "GET /PmWikiJa/RegularExpressions?action=diff HTTP/1.1" 200 9380 "-" "Mozilla/5.0 (compatible; Barkrowler/0.9; +https://babbar.tech/crawler)"
91.222.236.169 - - [17/Sep/2022:08:34:37 +0200] "GET /Pod/Podcasts?action=diff HTTP/1.1" 200 15256 "-" "Mozilla/5.0 (Macintosh; Intel Mac OS X 10_11_0) AppleWebKit/537.36 (KHTML, like Gecko) Chrome/45.0.2454.101 Safari/537.36"
