194.209.200.2 - - [09/Nov/2022:18:04:52 +0100] "GET /Texte/Metamorphoses HTTP/1.1" 200 9045 "-" "Mozilla/5.0 (compatible; TMMBot/0.2; +http://www.dslab.ch)/Nutch-1.15"
85.25.185.196 - - [09/Nov/2022:18:05:29 +0100] "GET /PodCast/SprAntBea?action=upload HTTP/1.1" 200 8554 "-" "Mozilla/5.0 (Macintosh; Intel Mac OS X 10.15; rv:103.0) Gecko/20100101 Firefox/103.0"
66.249.76.193 - - [09/Nov/2022:18:05:50 +0100] "GET /PodCast/IndexPage?action=rss HTTP/1.1" 200 6298 "-" "Mozilla/5.0 (compatible; Googlebot/2.1; +http://www.google.com/bot.html)"
194.209.200.2 - - [09/Nov/2022:18:06:44 +0100] "GET /Admin/Pro-ZurituutschStatuten HTTP/1.1" 200 9580 "-" "Mozilla/5.0 (compatible; TMMBot/0.2; +http://www.dslab.ch)/Nutch-1.15"
85.25.185.196 - - [09/Nov/2022:18:07:35 +0100] "GET /PodCast/SprAntBea?action=edit HTTP/1.1" 200 8654 "-" "Mozilla/5.0 (Macintosh; Intel Mac OS X 10.15; rv:103.0) Gecko/20100101 Firefox/103.0"
85.25.185.196 - - [09/Nov/2022:18:08:11 +0100] "GET /PodCast/Limerick31?action=diff HTTP/1.1" 200 12008 "-" "Mozilla/5.0 (Macintosh; Intel Mac OS X 10.15; rv:103.0) Gecko/20100101 Firefox/103.0"
85.25.185.196 - - [09/Nov/2022:18:08:54 +0100] "GET /PodCast/MNtsch?action=diff HTTP/1.1" 200 9171 "-" "Mozilla/5.0 (Macintosh; Intel Mac OS X 10.15; rv:103.0) Gecko/20100101 Firefox/103.0"
85.25.185.196 - - [09/Nov/2022:18:09:32 +0100] "GET /PodCast/MNtsch?action=upload HTTP/1.1" 200 8510 "-" "Mozilla/5.0 (Macintosh; Intel Mac OS X 10.15; rv:103.0) Gecko/20100101 Firefox/103.0"
85.25.185.196 - - [09/Nov/2022:18:10:18 +0100] "GET /PodCast/MNtsch?action=print HTTP/1.1" 404 2388 "-" "Mozilla/5.0 (Macintosh; Intel Mac OS X 10.15; rv:103.0) Gecko/20100101 Firefox/103.0"
85.25.185.196 - - [09/Nov/2022:18:11:07 +0100] "GET /PodCast/WMNutzts?action=print HTTP/1.1" 404 2396 "-" "Mozilla/5.0 (Macintosh; Intel Mac OS X 10.15; rv:103.0) Gecko/20100101 Firefox/103.0"
85.25.185.196 - - [09/Nov/2022:18:12:44 +0100] "GET /PodCast/WMNutzts?action=upload HTTP/1.1" 200 8538 "-" "Mozilla/5.0 (Macintosh; Intel Mac OS X 10.15; rv:103.0) Gecko/20100101 Firefox/103.0"
85.25.185.196 - - [09/Nov/2022:18:14:36 +0100] "GET /PodCast/WMNutzts?action=diff HTTP/1.1" 200 9203 "-" "Mozilla/5.0 (Macintosh; Intel Mac OS X 10.15; rv:103.0) Gecko/20100101 Firefox/103.0"
85.25.185.196 - - [09/Nov/2022:18:15:33 +0100] "GET /Site/62Mulhouse1468?action=upload HTTP/1.1" 200 8581 "-" "Mozilla/5.0 (Macintosh; Intel Mac OS X 10.15; rv:103.0) Gecko/20100101 Firefox/103.0"
85.25.185.196 - - [09/Nov/2022:18:16:15 +0100] "GET /PodCast/Patriarch?action=diff HTTP/1.1" 200 28846 "-" "Mozilla/5.0 (Macintosh; Intel Mac OS X 10.15; rv:103.0) Gecko/20100101 Firefox/103.0"
85.25.185.196 - - [09/Nov/2022:18:17:25 +0100] "GET /PodCast/Patriarch?action=print HTTP/1.1" 200 13316 "-" "Mozilla/5.0 (Macintosh; Intel Mac OS X 10.15; rv:103.0) Gecko/20100101 Firefox/103.0"
85.25.185.196 - - [09/Nov/2022:18:18:12 +0100] "GET /PodCast/Patriarch?action=edit HTTP/1.1" 200 8650 "-" "Mozilla/5.0 (Macintosh; Intel Mac OS X 10.15; rv:103.0) Gecko/20100101 Firefox/103.0"
85.25.185.196 - - [09/Nov/2022:18:18:39 +0100] "GET /PodCast/Patriarch?action=upload HTTP/1.1" 200 8550 "-" "Mozilla/5.0 (Macintosh; Intel Mac OS X 10.15; rv:103.0) Gecko/20100101 Firefox/103.0"
85.25.185.196 - - [09/Nov/2022:18:19:13 +0100] "GET /Site/41Fasnacht?action=edit HTTP/1.1" 200 8623 "-" "Mozilla/5.0 (Macintosh; Intel Mac OS X 10.15; rv:103.0) Gecko/20100101 Firefox/103.0"
85.25.185.196 - - [09/Nov/2022:18:20:10 +0100] "GET /Site/41Fasnacht?action=diff HTTP/1.1" 200 11635 "-" "Mozilla/5.0 (Macintosh; Intel Mac OS X 10.15; rv:103.0) Gecko/20100101 Firefox/103.0"
85.25.185.196 - - [09/Nov/2022:18:21:13 +0100] "GET /PodCast/JBJ302?action=print HTTP/1.1" 200 9695 "-" "Mozilla/5.0 (Macintosh; Intel Mac OS X 10.15; rv:103.0) Gecko/20100101 Firefox/103.0"
85.25.185.196 - - [09/Nov/2022:18:22:05 +0100] "GET /PodCast/JBJ302?action=upload HTTP/1.1" 200 8510 "-" "Mozilla/5.0 (Macintosh; Intel Mac OS X 10.15; rv:103.0) Gecko/20100101 Firefox/103.0"
85.25.185.196 - - [09/Nov/2022:18:23:02 +0100] "GET /PodCast/JBJ302?action=edit HTTP/1.1" 200 8610 "-" "Mozilla/5.0 (Macintosh; Intel Mac OS X 10.15; rv:103.0) Gecko/20100101 Firefox/103.0"
85.25.185.196 - - [09/Nov/2022:18:24:48 +0100] "GET /PodCast/JBJ302?action=diff HTTP/1.1" 200 18713 "-" "Mozilla/5.0 (Macintosh; Intel Mac OS X 10.15; rv:103.0) Gecko/20100101 Firefox/103.0"
85.25.185.196 - - [09/Nov/2022:18:26:50 +0100] "GET /Site/41Fasnacht?action=print HTTP/1.1" 200 2528 "-" "Mozilla/5.0 (Macintosh; Intel Mac OS X 10.15; rv:103.0) Gecko/20100101 Firefox/103.0"
85.25.185.196 - - [09/Nov/2022:18:29:11 +0100] "GET /Site/41Fasnacht?action=upload HTTP/1.1" 200 8523 "-" "Mozilla/5.0 (Macintosh; Intel Mac OS X 10.15; rv:103.0) Gecko/20100101 Firefox/103.0"
85.25.185.196 - - [09/Nov/2022:18:31:33 +0100] "GET /PodCast/Poutschology?action=edit HTTP/1.1" 200 8692 "-" "Mozilla/5.0 (Macintosh; Intel Mac OS X 10.15; rv:103.0) Gecko/20100101 Firefox/103.0"
85.25.185.196 - - [09/Nov/2022:18:38:09 +0100] "GET /PodCast/Poutschology?action=upload HTTP/1.1" 200 8592 "-" "Mozilla/5.0 (Macintosh; Intel Mac OS X 10.15; rv:103.0) Gecko/20100101 Firefox/103.0"
85.25.185.196 - - [09/Nov/2022:18:39:14 +0100] "GET /PodCast/Poutschology?action=print HTTP/1.1" 200 8808 "-" "Mozilla/5.0 (Macintosh; Intel Mac OS X 10.15; rv:103.0) Gecko/20100101 Firefox/103.0"
85.25.185.196 - - [09/Nov/2022:18:39:59 +0100] "GET /PodCast/Poutschology?action=diff HTTP/1.1" 200 32288 "-" "Mozilla/5.0 (Macintosh; Intel Mac OS X 10.15; rv:103.0) Gecko/20100101 Firefox/103.0"
194.209.200.2 - - [09/Nov/2022:18:40:06 +0100] "GET /robots.txt HTTP/1.1" 200 - "-" "Mozilla/5.0 (compatible; TMMBot/0.2; +http://www.dslab.ch)/Nutch-1.15"
194.209.200.2 - - [09/Nov/2022:18:40:06 +0100] "GET /Texte/Schrybwys HTTP/1.1" 200 11028 "-" "Mozilla/5.0 (compatible; TMMBot/0.2; +http://www.dslab.ch)/Nutch-1.15"
85.25.185.196 - - [09/Nov/2022:18:40:34 +0100] "GET /Site/Blickestoorff2?action=upload HTTP/1.1" 200 8579 "-" "Mozilla/5.0 (Macintosh; Intel Mac OS X 10.15; rv:103.0) Gecko/20100101 Firefox/103.0"
85.25.185.196 - - [09/Nov/2022:18:41:00 +0100] "GET /PodCast/Demokraty?action=edit HTTP/1.1" 200 8650 "-" "Mozilla/5.0 (Macintosh; Intel Mac OS X 10.15; rv:103.0) Gecko/20100101 Firefox/103.0"
194.209.200.2 - - [09/Nov/2022:18:41:08 +0100] "GET /Texte/GDicht HTTP/1.1" 200 8050 "-" "Mozilla/5.0 (compatible; TMMBot/0.2; +http://www.dslab.ch)/Nutch-1.15"
85.25.185.196 - - [09/Nov/2022:18:41:19 +0100] "GET /PodCast/Demokraty?action=diff HTTP/1.1" 200 15666 "-" "Mozilla/5.0 (Macintosh; Intel Mac OS X 10.15; rv:103.0) Gecko/20100101 Firefox/103.0"
85.25.185.196 - - [09/Nov/2022:18:41:47 +0100] "GET /Site/Blickestoorff2?action=diff HTTP/1.1" 200 22000 "-" "Mozilla/5.0 (Macintosh; Intel Mac OS X 10.15; rv:103.0) Gecko/20100101 Firefox/103.0"
194.209.200.2 - - [09/Nov/2022:18:41:48 +0100] "GET /Texte/Metamorphoses HTTP/1.1" 200 9045 "-" "Mozilla/5.0 (compatible; TMMBot/0.2; +http://www.dslab.ch)/Nutch-1.15"
85.25.185.196 - - [09/Nov/2022:18:42:08 +0100] "GET /Site/Blickestoorff2?action=print HTTP/1.1" 200 12865 "-" "Mozilla/5.0 (Macintosh; Intel Mac OS X 10.15; rv:103.0) Gecko/20100101 Firefox/103.0"
85.25.185.196 - - [09/Nov/2022:18:42:35 +0100] "GET /Site/PodCast?action=edit&restore=diff:1317462362:1316891761:&preview=y HTTP/1.1" 200 8627 "-" "Mozilla/5.0 (Macintosh; Intel Mac OS X 10.15; rv:103.0) Gecko/20100101 Firefox/103.0"
194.209.200.2 - - [09/Nov/2022:18:43:39 +0100] "GET /Admin/Pro-ZurituutschStatuten HTTP/1.1" 200 9580 "-" "Mozilla/5.0 (compatible; TMMBot/0.2; +http://www.dslab.ch)/Nutch-1.15"
85.25.185.196 - - [09/Nov/2022:18:43:44 +0100] "GET /PodCast/Demokraty?action=print HTTP/1.1" 200 7332 "-" "Mozilla/5.0 (Macintosh; Intel Mac OS X 10.15; rv:103.0) Gecko/20100101 Firefox/103.0"
85.25.185.196 - - [09/Nov/2022:18:44:29 +0100] "GET /PodCast/Demokraty?action=upload HTTP/1.1" 200 8550 "-" "Mozilla/5.0 (Macintosh; Intel Mac OS X 10.15; rv:103.0) Gecko/20100101 Firefox/103.0"
85.25.185.196 - - [09/Nov/2022:18:46:45 +0100] "GET /Site/PodCast?action=edit&restore=diff:1314902893:1314902815:&preview=y HTTP/1.1" 200 8627 "-" "Mozilla/5.0 (Macintosh; Intel Mac OS X 10.15; rv:103.0) Gecko/20100101 Firefox/103.0"
85.25.185.196 - - [09/Nov/2022:18:47:21 +0100] "GET /PodCast/Schaidig2?action=diff HTTP/1.1" 200 27704 "-" "Mozilla/5.0 (Macintosh; Intel Mac OS X 10.15; rv:103.0) Gecko/20100101 Firefox/103.0"
85.25.185.196 - - [09/Nov/2022:18:48:07 +0100] "GET /Site/PodCast?action=edit&restore=diff:1321545315:1320954334:&preview=y HTTP/1.1" 200 8627 "-" "Mozilla/5.0 (Macintosh; Intel Mac OS X 10.15; rv:103.0) Gecko/20100101 Firefox/103.0"
85.25.185.196 - - [09/Nov/2022:18:49:15 +0100] "GET /PodCast/Schaidig2?action=edit HTTP/1.1" 200 8652 "-" "Mozilla/5.0 (Macintosh; Intel Mac OS X 10.15; rv:103.0) Gecko/20100101 Firefox/103.0"
85.25.185.196 - - [09/Nov/2022:18:50:29 +0100] "GET /PodCast/Schaidig2?action=print HTTP/1.1" 200 13869 "-" "Mozilla/5.0 (Macintosh; Intel Mac OS X 10.15; rv:103.0) Gecko/20100101 Firefox/103.0"
85.25.185.196 - - [09/Nov/2022:18:51:17 +0100] "GET /PodCast/Schaidig2?action=upload HTTP/1.1" 200 8552 "-" "Mozilla/5.0 (Macintosh; Intel Mac OS X 10.15; rv:103.0) Gecko/20100101 Firefox/103.0"
85.25.185.196 - - [09/Nov/2022:18:58:25 +0100] "GET /Site/PodCast?action=edit&restore=diff:1454699579:1454699533:&preview=y HTTP/1.1" 200 8627 "-" "Mozilla/5.0 (Macintosh; Intel Mac OS X 10.15; rv:103.0) Gecko/20100101 Firefox/103.0"
216.244.66.243 - - [09/Nov/2022:19:02:55 +0100] "GET /robots.txt HTTP/1.1" 200 - "-" "Mozilla/5.0 (compatible; DotBot/1.2; +https://opensiteexplorer.org/dotbot; help@moz.com)"
51.210.53.165 - - [09/Nov/2022:19:03:10 +0100] "GET /wp-login.php HTTP/1.1" 404 278 "-" "Mozilla/5.0 (Windows NT 10.0; Win64; x64; rv:96.0) Gecko/20100101 Firefox/96"
85.25.185.196 - - [09/Nov/2022:19:04:40 +0100] "GET /Site/PodCast?action=edit&restore=diff:1295889164:1295889052:&preview=y HTTP/1.1" 200 8627 "-" "Mozilla/5.0 (Macintosh; Intel Mac OS X 10.15; rv:103.0) Gecko/20100101 Firefox/103.0"
85.25.185.196 - - [09/Nov/2022:19:06:02 +0100] "GET /Site/42Fasnacht1455?action=diff HTTP/1.1" 200 11673 "-" "Mozilla/5.0 (Macintosh; Intel Mac OS X 10.15; rv:103.0) Gecko/20100101 Firefox/103.0"
66.249.76.220 - - [09/Nov/2022:19:06:33 +0100] "GET /PodCast/IndexPage?action=rss HTTP/1.1" 200 6298 "-" "Mozilla/5.0 (compatible; Googlebot/2.1; +http://www.google.com/bot.html)"
85.25.185.196 - - [09/Nov/2022:19:07:05 +0100] "GET /Site/42Fasnacht1455?action=upload HTTP/1.1" 200 8581 "-" "Mozilla/5.0 (Macintosh; Intel Mac OS X 10.15; rv:103.0) Gecko/20100101 Firefox/103.0"
85.25.185.196 - - [09/Nov/2022:19:07:57 +0100] "GET /Site/42Fasnacht1455?action=print HTTP/1.1" 200 2548 "-" "Mozilla/5.0 (Macintosh; Intel Mac OS X 10.15; rv:103.0) Gecko/20100101 Firefox/103.0"
85.25.185.196 - - [09/Nov/2022:19:09:16 +0100] "GET /Site/42Fasnacht1455?action=edit HTTP/1.1" 200 8681 "-" "Mozilla/5.0 (Macintosh; Intel Mac OS X 10.15; rv:103.0) Gecko/20100101 Firefox/103.0"
194.209.200.2 - - [09/Nov/2022:19:15:52 +0100] "GET /robots.txt HTTP/1.1" 200 - "-" "Mozilla/5.0 (compatible; TMMBot/0.2; +http://www.dslab.ch)/Nutch-1.15"
194.209.200.2 - - [09/Nov/2022:19:15:52 +0100] "GET /Texte/Schrybwys HTTP/1.1" 200 11028 "-" "Mozilla/5.0 (compatible; TMMBot/0.2; +http://www.dslab.ch)/Nutch-1.15"
194.209.200.2 - - [09/Nov/2022:19:16:55 +0100] "GET /Texte/GDicht HTTP/1.1" 200 8050 "-" "Mozilla/5.0 (compatible; TMMBot/0.2; +http://www.dslab.ch)/Nutch-1.15"
194.209.200.2 - - [09/Nov/2022:19:17:33 +0100] "GET /Texte/Metamorphoses HTTP/1.1" 200 9045 "-" "Mozilla/5.0 (compatible; TMMBot/0.2; +http://www.dslab.ch)/Nutch-1.15"
85.25.185.196 - - [09/Nov/2022:19:18:35 +0100] "GET /PodCast/Ouhsggwise1?action=edit HTTP/1.1" 200 8680 "-" "Mozilla/5.0 (Macintosh; Intel Mac OS X 10.15; rv:103.0) Gecko/20100101 Firefox/103.0"
194.209.200.2 - - [09/Nov/2022:19:19:24 +0100] "GET /Admin/Pro-ZurituutschStatuten HTTP/1.1" 200 9580 "-" "Mozilla/5.0 (compatible; TMMBot/0.2; +http://www.dslab.ch)/Nutch-1.15"
85.25.185.196 - - [09/Nov/2022:19:20:41 +0100] "GET /Site/PodCast?action=edit&restore=diff:1364919940:1364919836:&preview=y HTTP/1.1" 200 8627 "-" "Mozilla/5.0 (Macintosh; Intel Mac OS X 10.15; rv:103.0) Gecko/20100101 Firefox/103.0"
85.25.185.196 - - [09/Nov/2022:19:21:37 +0100] "GET /Site/PodCast?action=edit&restore=diff:1391098069:1391097239:&preview=y HTTP/1.1" 200 8627 "-" "Mozilla/5.0 (Macintosh; Intel Mac OS X 10.15; rv:103.0) Gecko/20100101 Firefox/103.0"
85.25.185.196 - - [09/Nov/2022:19:23:00 +0100] "GET /PodCast/Ouhsggwise1?action=diff HTTP/1.1" 200 24697 "-" "Mozilla/5.0 (Macintosh; Intel Mac OS X 10.15; rv:103.0) Gecko/20100101 Firefox/103.0"
216.244.66.243 - - [09/Nov/2022:19:23:53 +0100] "GET /Site/WGA2Eergyz HTTP/1.1" 200 17403 "-" "Mozilla/5.0 (compatible; DotBot/1.2; +https://opensiteexplorer.org/dotbot; help@moz.com)"
85.25.185.196 - - [09/Nov/2022:19:24:27 +0100] "GET /PodCast/Ouhsggwise1?action=print HTTP/1.1" 200 15557 "-" "Mozilla/5.0 (Macintosh; Intel Mac OS X 10.15; rv:103.0) Gecko/20100101 Firefox/103.0"
207.46.13.19 - - [09/Nov/2022:19:26:21 +0100] "GET /PodCast/Wortwaarte HTTP/1.1" 200 9483 "-" "Mozilla/5.0 (compatible; bingbot/2.0; +http://www.bing.com/bingbot.htm)"
85.25.185.196 - - [09/Nov/2022:19:27:17 +0100] "GET /PodCast/Ouhsggwise1?action=upload HTTP/1.1" 200 8580 "-" "Mozilla/5.0 (Macintosh; Intel Mac OS X 10.15; rv:103.0) Gecko/20100101 Firefox/103.0"
85.25.185.196 - - [09/Nov/2022:19:28:46 +0100] "GET /Site/PodCast?action=edit&restore=diff:1492788120:1492616508:&preview=y HTTP/1.1" 200 8627 "-" "Mozilla/5.0 (Macintosh; Intel Mac OS X 10.15; rv:103.0) Gecko/20100101 Firefox/103.0"
216.244.66.243 - - [09/Nov/2022:19:29:48 +0100] "GET /PmWikiRu/Links HTTP/1.1" 200 18190 "-" "Mozilla/5.0 (compatible; DotBot/1.2; +https://opensiteexplorer.org/dotbot; help@moz.com)"
85.25.185.196 - - [09/Nov/2022:19:29:59 +0100] "GET /Site/PodCast?action=edit&restore=diff:1402591364:1402590923:&preview=y HTTP/1.1" 200 8627 "-" "Mozilla/5.0 (Macintosh; Intel Mac OS X 10.15; rv:103.0) Gecko/20100101 Firefox/103.0"
85.25.185.196 - - [09/Nov/2022:19:31:32 +0100] "GET /Site/PodCast?action=edit&restore=diff:1331053642:1330102671:&preview=y HTTP/1.1" 200 8627 "-" "Mozilla/5.0 (Macintosh; Intel Mac OS X 10.15; rv:103.0) Gecko/20100101 Firefox/103.0"
85.25.185.196 - - [09/Nov/2022:19:32:28 +0100] "GET /Site/PodCast?action=edit&restore=diff:1591952512:1519813143:&preview=y HTTP/1.1" 200 8627 "-" "Mozilla/5.0 (Macintosh; Intel Mac OS X 10.15; rv:103.0) Gecko/20100101 Firefox/103.0"
85.25.185.196 - - [09/Nov/2022:19:34:02 +0100] "GET /Site/PodCast?action=edit&restore=diff:1314426460:1312144146:&preview=y HTTP/1.1" 200 8627 "-" "Mozilla/5.0 (Macintosh; Intel Mac OS X 10.15; rv:103.0) Gecko/20100101 Firefox/103.0"
85.25.185.196 - - [09/Nov/2022:19:35:05 +0100] "GET /Site/142Taagsatzig1484?action=upload HTTP/1.1" 200 8623 "-" "Mozilla/5.0 (Macintosh; Intel Mac OS X 10.15; rv:103.0) Gecko/20100101 Firefox/103.0"
85.25.185.196 - - [09/Nov/2022:19:36:49 +0100] "GET /Site/142Taagsatzig1484?action=print HTTP/1.1" 200 6819 "-" "Mozilla/5.0 (Macintosh; Intel Mac OS X 10.15; rv:103.0) Gecko/20100101 Firefox/103.0"
85.25.185.196 - - [09/Nov/2022:19:40:04 +0100] "GET /Site/PodCast?action=edit&restore=diff:1427991381:1427123461:&preview=y HTTP/1.1" 200 8627 "-" "Mozilla/5.0 (Macintosh; Intel Mac OS X 10.15; rv:103.0) Gecko/20100101 Firefox/103.0"
85.25.185.196 - - [09/Nov/2022:19:40:48 +0100] "GET /Site/PodCast?action=edit&restore=diff:1305970836:1305970492:&preview=y HTTP/1.1" 200 8627 "-" "Mozilla/5.0 (Macintosh; Intel Mac OS X 10.15; rv:103.0) Gecko/20100101 Firefox/103.0"
85.25.185.196 - - [09/Nov/2022:19:41:23 +0100] "GET /Site/142Taagsatzig1484?action=edit HTTP/1.1" 200 8723 "-" "Mozilla/5.0 (Macintosh; Intel Mac OS X 10.15; rv:103.0) Gecko/20100101 Firefox/103.0"
85.25.185.196 - - [09/Nov/2022:19:43:21 +0100] "GET /Site/142Taagsatzig1484?action=diff HTTP/1.1" 200 17078 "-" "Mozilla/5.0 (Macintosh; Intel Mac OS X 10.15; rv:103.0) Gecko/20100101 Firefox/103.0"
85.25.185.196 - - [09/Nov/2022:19:45:05 +0100] "GET /Site/PodCast?action=edit&restore=diff:1427123461:1425920275:&preview=y HTTP/1.1" 200 8627 "-" "Mozilla/5.0 (Macintosh; Intel Mac OS X 10.15; rv:103.0) Gecko/20100101 Firefox/103.0"
85.25.185.196 - - [09/Nov/2022:19:45:42 +0100] "GET /Site/102Ramft1478?action=diff HTTP/1.1" 200 24819 "-" "Mozilla/5.0 (Macintosh; Intel Mac OS X 10.15; rv:103.0) Gecko/20100101 Firefox/103.0"
85.25.185.196 - - [09/Nov/2022:19:46:27 +0100] "GET /Site/102Ramft1478?action=upload HTTP/1.1" 200 8553 "-" "Mozilla/5.0 (Macintosh; Intel Mac OS X 10.15; rv:103.0) Gecko/20100101 Firefox/103.0"
3.216.185.164 - - [09/Nov/2022:19:47:35 +0100] "GET /PodCast/IndexPage?action=rss HTTP/1.1" 200 6298 "-" "PocketCasts/1.0 (Pocket Casts Feed Parser; +http://pocketcasts.com/)"
85.25.185.196 - - [09/Nov/2022:19:47:36 +0100] "GET /Site/PodCast?action=edit&restore=diff:1489943528:1487194399:&preview=y HTTP/1.1" 200 8627 "-" "Mozilla/5.0 (Macintosh; Intel Mac OS X 10.15; rv:103.0) Gecko/20100101 Firefox/103.0"
85.25.185.196 - - [09/Nov/2022:19:48:12 +0100] "GET /Site/102Ramft1478?action=edit HTTP/1.1" 200 8653 "-" "Mozilla/5.0 (Macintosh; Intel Mac OS X 10.15; rv:103.0) Gecko/20100101 Firefox/103.0"
194.209.200.2 - - [09/Nov/2022:19:50:49 +0100] "GET /robots.txt HTTP/1.1" 200 - "-" "Mozilla/5.0 (compatible; TMMBot/0.2; +http://www.dslab.ch)/Nutch-1.15"
194.209.200.2 - - [09/Nov/2022:19:50:49 +0100] "GET /Texte/Schrybwys HTTP/1.1" 200 11028 "-" "Mozilla/5.0 (compatible; TMMBot/0.2; +http://www.dslab.ch)/Nutch-1.15"
85.25.185.196 - - [09/Nov/2022:19:50:52 +0100] "GET /Site/PodCast?action=edit&restore=diff:1391015164:1391014907:&preview=y HTTP/1.1" 200 8627 "-" "Mozilla/5.0 (Macintosh; Intel Mac OS X 10.15; rv:103.0) Gecko/20100101 Firefox/103.0"
85.25.185.196 - - [09/Nov/2022:19:51:49 +0100] "GET /Site/51Trouttike?action=diff HTTP/1.1" 200 19859 "-" "Mozilla/5.0 (Macintosh; Intel Mac OS X 10.15; rv:103.0) Gecko/20100101 Firefox/103.0"
194.209.200.2 - - [09/Nov/2022:19:51:49 +0100] "GET /Texte/GDicht HTTP/1.1" 200 8050 "-" "Mozilla/5.0 (compatible; TMMBot/0.2; +http://www.dslab.ch)/Nutch-1.15"
194.209.200.2 - - [09/Nov/2022:19:52:29 +0100] "GET /Texte/Metamorphoses HTTP/1.1" 200 9045 "-" "Mozilla/5.0 (compatible; TMMBot/0.2; +http://www.dslab.ch)/Nutch-1.15"
194.209.200.2 - - [09/Nov/2022:19:54:21 +0100] "GET /Admin/Pro-ZurituutschStatuten HTTP/1.1" 200 9580 "-" "Mozilla/5.0 (compatible; TMMBot/0.2; +http://www.dslab.ch)/Nutch-1.15"
85.25.185.196 - - [09/Nov/2022:19:54:45 +0100] "GET /Site/51Trouttike?action=print HTTP/1.1" 200 8006 "-" "Mozilla/5.0 (Macintosh; Intel Mac OS X 10.15; rv:103.0) Gecko/20100101 Firefox/103.0"
85.25.185.196 - - [09/Nov/2022:19:55:47 +0100] "GET /Site/51Trouttike?action=upload HTTP/1.1" 200 8537 "-" "Mozilla/5.0 (Macintosh; Intel Mac OS X 10.15; rv:103.0) Gecko/20100101 Firefox/103.0"
133.18.226.103 - - [09/Nov/2022:19:58:43 +0100] "GET /Texte/Schrybwys HTTP/1.1" 200 11028 "-" "Mozilla/5.0 (Macintosh; Intel Mac OS X 10_10_3) AppleWebKit/537.36 (KHTML, like Gecko) Chrome/42.0.2311.90 Safari/537.36"
133.18.226.103 - - [09/Nov/2022:19:58:55 +0100] "GET /Site/PodCast HTTP/1.1" 200 40934 "-" "Mozilla/5.0 (Macintosh; Intel Mac OS X 10_10_3) AppleWebKit/537.36 (KHTML, like Gecko) Chrome/42.0.2311.90 Safari/537.36"
133.18.226.103 - - [09/Nov/2022:19:59:10 +0100] "GET /PodCast/Ynachte1 HTTP/1.1" 200 15195 "-" "Mozilla/5.0 (Macintosh; Intel Mac OS X 10_10_3) AppleWebKit/537.36 (KHTML, like Gecko) Chrome/42.0.2311.90 Safari/537.36"
133.18.226.103 - - [09/Nov/2022:19:59:25 +0100] "GET /PodCast/JBJInhaltsverzaichnis HTTP/1.1" 200 12203 "-" "Mozilla/5.0 (Macintosh; Intel Mac OS X 10_10_3) AppleWebKit/537.36 (KHTML, like Gecko) Chrome/42.0.2311.90 Safari/537.36"
133.18.226.103 - - [09/Nov/2022:19:59:40 +0100] "GET /PodCast/Eenlichkait HTTP/1.1" 200 12529 "-" "Mozilla/5.0 (Macintosh; Intel Mac OS X 10_10_3) AppleWebKit/537.36 (KHTML, like Gecko) Chrome/42.0.2311.90 Safari/537.36"
133.18.226.103 - - [09/Nov/2022:19:59:55 +0100] "GET /PodCast/RURAkt1TIl4 HTTP/1.1" 200 25270 "-" "Mozilla/5.0 (Macintosh; Intel Mac OS X 10_10_3) AppleWebKit/537.36 (KHTML, like Gecko) Chrome/42.0.2311.90 Safari/537.36"
133.18.226.103 - - [09/Nov/2022:20:00:10 +0100] "GET /PodCast/Wistaria02 HTTP/1.1" 200 16370 "-" "Mozilla/5.0 (Macintosh; Intel Mac OS X 10_10_3) AppleWebKit/537.36 (KHTML, like Gecko) Chrome/42.0.2311.90 Safari/537.36"
133.18.226.103 - - [09/Nov/2022:20:00:25 +0100] "GET /PodCast/JBJ502 HTTP/1.1" 200 21457 "-" "Mozilla/5.0 (Macintosh; Intel Mac OS X 10_10_3) AppleWebKit/537.36 (KHTML, like Gecko) Chrome/42.0.2311.90 Safari/537.36"
133.18.226.103 - - [09/Nov/2022:20:00:40 +0100] "GET /PodCast/JBJKap1 HTTP/1.1" 200 21037 "-" "Mozilla/5.0 (Macintosh; Intel Mac OS X 10_10_3) AppleWebKit/537.36 (KHTML, like Gecko) Chrome/42.0.2311.90 Safari/537.36"
133.18.226.103 - - [09/Nov/2022:20:00:55 +0100] "GET /Texte/Metamorphoses HTTP/1.1" 200 9045 "-" "Mozilla/5.0 (Macintosh; Intel Mac OS X 10_10_3) AppleWebKit/537.36 (KHTML, like Gecko) Chrome/42.0.2311.90 Safari/537.36"
133.18.226.103 - - [09/Nov/2022:20:01:10 +0100] "GET /PodCast/PodCast HTTP/1.1" 200 29790 "-" "Mozilla/5.0 (Macintosh; Intel Mac OS X 10_10_3) AppleWebKit/537.36 (KHTML, like Gecko) Chrome/42.0.2311.90 Safari/537.36"
133.18.226.103 - - [09/Nov/2022:20:01:25 +0100] "GET /PodCast/RezPflInt HTTP/1.1" 200 9633 "-" "Mozilla/5.0 (Macintosh; Intel Mac OS X 10_10_3) AppleWebKit/537.36 (KHTML, like Gecko) Chrome/42.0.2311.90 Safari/537.36"
216.244.66.243 - - [09/Nov/2022:20:01:32 +0100] "GET /robots.txt HTTP/1.1" 200 - "-" "Mozilla/5.0 (compatible; DotBot/1.2; +https://opensiteexplorer.org/dotbot; help@moz.com)"
133.18.226.103 - - [09/Nov/2022:20:01:40 +0100] "GET /Site/WGA3FrejersfuSs?action=edit HTTP/1.1" 200 8697 "-" "Mozilla/5.0 (Macintosh; Intel Mac OS X 10_10_3) AppleWebKit/537.36 (KHTML, like Gecko) Chrome/42.0.2311.90 Safari/537.36"
133.18.226.103 - - [09/Nov/2022:20:01:55 +0100] "GET /PodCast/Gvatterle HTTP/1.1" 200 13975 "-" "Mozilla/5.0 (Macintosh; Intel Mac OS X 10_10_3) AppleWebKit/537.36 (KHTML, like Gecko) Chrome/42.0.2311.90 Safari/537.36"
133.18.226.103 - - [09/Nov/2022:20:02:10 +0100] "GET /PodCast/JBJ201 HTTP/1.1" 200 21992 "-" "Mozilla/5.0 (Macintosh; Intel Mac OS X 10_10_3) AppleWebKit/537.36 (KHTML, like Gecko) Chrome/42.0.2311.90 Safari/537.36"
133.18.226.103 - - [09/Nov/2022:20:02:25 +0100] "GET /Texte/Bitterbeuhsi HTTP/1.1" 200 9255 "-" "Mozilla/5.0 (Macintosh; Intel Mac OS X 10_10_3) AppleWebKit/537.36 (KHTML, like Gecko) Chrome/42.0.2311.90 Safari/537.36"
133.18.226.103 - - [09/Nov/2022:20:02:40 +0100] "GET /PodCast/JBJ602 HTTP/1.1" 200 21033 "-" "Mozilla/5.0 (Macintosh; Intel Mac OS X 10_10_3) AppleWebKit/537.36 (KHTML, like Gecko) Chrome/42.0.2311.90 Safari/537.36"
133.18.226.103 - - [09/Nov/2022:20:02:55 +0100] "GET /PodCast/Ynachte2 HTTP/1.1" 200 18582 "-" "Mozilla/5.0 (Macintosh; Intel Mac OS X 10_10_3) AppleWebKit/537.36 (KHTML, like Gecko) Chrome/42.0.2311.90 Safari/537.36"
133.18.226.103 - - [09/Nov/2022:20:03:10 +0100] "GET /Texte/Roman HTTP/1.1" 200 38741 "-" "Mozilla/5.0 (Macintosh; Intel Mac OS X 10_10_3) AppleWebKit/537.36 (KHTML, like Gecko) Chrome/42.0.2311.90 Safari/537.36"
133.18.226.103 - - [09/Nov/2022:20:03:25 +0100] "GET /PodCast/Wienechtsgschicht HTTP/1.1" 200 12139 "-" "Mozilla/5.0 (Macintosh; Intel Mac OS X 10_10_3) AppleWebKit/537.36 (KHTML, like Gecko) Chrome/42.0.2311.90 Safari/537.36"
133.18.226.103 - - [09/Nov/2022:20:03:40 +0100] "GET /Texte/Limericks HTTP/1.1" 200 8087 "-" "Mozilla/5.0 (Macintosh; Intel Mac OS X 10_10_3) AppleWebKit/537.36 (KHTML, like Gecko) Chrome/42.0.2311.90 Safari/537.36"
133.18.226.103 - - [09/Nov/2022:20:03:55 +0100] "GET /Site/WGA5Herz HTTP/1.1" 200 20138 "-" "Mozilla/5.0 (Macintosh; Intel Mac OS X 10_10_3) AppleWebKit/537.36 (KHTML, like Gecko) Chrome/42.0.2311.90 Safari/537.36"
85.25.185.196 - - [09/Nov/2022:20:04:09 +0100] "GET /Site/51Trouttike?action=upload HTTP/1.1" 200 8537 "-" "Mozilla/5.0 (Macintosh; Intel Mac OS X 10.15; rv:103.0) Gecko/20100101 Firefox/103.0"
133.18.226.103 - - [09/Nov/2022:20:04:10 +0100] "GET /PodCast/JBJ402 HTTP/1.1" 200 20809 "-" "Mozilla/5.0 (Macintosh; Intel Mac OS X 10_10_3) AppleWebKit/537.36 (KHTML, like Gecko) Chrome/42.0.2311.90 Safari/537.36"
133.18.226.103 - - [09/Nov/2022:20:04:25 +0100] "GET /PodCast/Schaidig1 HTTP/1.1" 200 19206 "-" "Mozilla/5.0 (Macintosh; Intel Mac OS X 10_10_3) AppleWebKit/537.36 (KHTML, like Gecko) Chrome/42.0.2311.90 Safari/537.36"
133.18.226.103 - - [09/Nov/2022:20:04:40 +0100] "GET /PodCast/Eereroueff2 HTTP/1.1" 200 17012 "-" "Mozilla/5.0 (Macintosh; Intel Mac OS X 10_10_3) AppleWebKit/537.36 (KHTML, like Gecko) Chrome/42.0.2311.90 Safari/537.36"
133.18.226.103 - - [09/Nov/2022:20:04:55 +0100] "GET /Hilfe/AnleitungTonbeispiele HTTP/1.1" 200 9878 "-" "Mozilla/5.0 (Macintosh; Intel Mac OS X 10_10_3) AppleWebKit/537.36 (KHTML, like Gecko) Chrome/42.0.2311.90 Safari/537.36"
133.18.226.103 - - [09/Nov/2022:20:05:10 +0100] "GET /PodCast/Spraachverglych HTTP/1.1" 200 16146 "-" "Mozilla/5.0 (Macintosh; Intel Mac OS X 10_10_3) AppleWebKit/537.36 (KHTML, like Gecko) Chrome/42.0.2311.90 Safari/537.36"
133.18.226.103 - - [09/Nov/2022:20:05:25 +0100] "GET /PodCast/Resoultat HTTP/1.1" 200 11319 "-" "Mozilla/5.0 (Macintosh; Intel Mac OS X 10_10_3) AppleWebKit/537.36 (KHTML, like Gecko) Chrome/42.0.2311.90 Safari/537.36"
133.18.226.103 - - [09/Nov/2022:20:05:40 +0100] "GET /PodCast/RURAkt2TIl1 HTTP/1.1" 200 24356 "-" "Mozilla/5.0 (Macintosh; Intel Mac OS X 10_10_3) AppleWebKit/537.36 (KHTML, like Gecko) Chrome/42.0.2311.90 Safari/537.36"
85.25.185.196 - - [09/Nov/2022:20:05:43 +0100] "GET /Site/PodCast?action=edit&restore=diff:1428077077:1427991381:&preview=y HTTP/1.1" 200 8627 "-" "Mozilla/5.0 (Macintosh; Intel Mac OS X 10.15; rv:103.0) Gecko/20100101 Firefox/103.0"
133.18.226.103 - - [09/Nov/2022:20:05:55 +0100] "GET /PodCast/JBJ601 HTTP/1.1" 200 22465 "-" "Mozilla/5.0 (Macintosh; Intel Mac OS X 10_10_3) AppleWebKit/537.36 (KHTML, like Gecko) Chrome/42.0.2311.90 Safari/537.36"
133.18.226.103 - - [09/Nov/2022:20:06:10 +0100] "GET /PodCast/Wiewytna HTTP/1.1" 200 11833 "-" "Mozilla/5.0 (Macintosh; Intel Mac OS X 10_10_3) AppleWebKit/537.36 (KHTML, like Gecko) Chrome/42.0.2311.90 Safari/537.36"
133.18.226.103 - - [09/Nov/2022:20:06:25 +0100] "GET /Bestellen/Pschtellf HTTP/1.1" 200 11129 "-" "Mozilla/5.0 (Macintosh; Intel Mac OS X 10_10_3) AppleWebKit/537.36 (KHTML, like Gecko) Chrome/42.0.2311.90 Safari/537.36"
133.18.226.103 - - [09/Nov/2022:20:06:40 +0100] "GET /PodCast/SpruchZ HTTP/1.1" 200 10496 "-" "Mozilla/5.0 (Macintosh; Intel Mac OS X 10_10_3) AppleWebKit/537.36 (KHTML, like Gecko) Chrome/42.0.2311.90 Safari/537.36"
133.18.226.103 - - [09/Nov/2022:20:06:55 +0100] "GET /PodCast/SprAntBea HTTP/1.1" 200 11671 "-" "Mozilla/5.0 (Macintosh; Intel Mac OS X 10_10_3) AppleWebKit/537.36 (KHTML, like Gecko) Chrome/42.0.2311.90 Safari/537.36"
133.18.226.103 - - [09/Nov/2022:20:07:10 +0100] "GET /PodCast/RURAkt2TIl4 HTTP/1.1" 200 23659 "-" "Mozilla/5.0 (Macintosh; Intel Mac OS X 10_10_3) AppleWebKit/537.36 (KHTML, like Gecko) Chrome/42.0.2311.90 Safari/537.36"
85.25.185.196 - - [09/Nov/2022:20:07:15 +0100] "GET /Site/PodCast?action=edit&restore=diff:1367507185:1366311301:&preview=y HTTP/1.1" 200 8627 "-" "Mozilla/5.0 (Macintosh; Intel Mac OS X 10.15; rv:103.0) Gecko/20100101 Firefox/103.0"
133.18.226.103 - - [09/Nov/2022:20:07:25 +0100] "GET /Texte/ZurcherischEnglish HTTP/1.1" 200 8274 "-" "Mozilla/5.0 (Macintosh; Intel Mac OS X 10_10_3) AppleWebKit/537.36 (KHTML, like Gecko) Chrome/42.0.2311.90 Safari/537.36"
133.18.226.103 - - [09/Nov/2022:20:07:40 +0100] "GET /PodCast/Bagdad-Marlboro HTTP/1.1" 200 9714 "-" "Mozilla/5.0 (Macintosh; Intel Mac OS X 10_10_3) AppleWebKit/537.36 (KHTML, like Gecko) Chrome/42.0.2311.90 Safari/537.36"
133.18.226.103 - - [09/Nov/2022:20:07:55 +0100] "GET /PodCast/REZTheLightBetweenOceans HTTP/1.1" 200 10126 "-" "Mozilla/5.0 (Macintosh; Intel Mac OS X 10_10_3) AppleWebKit/537.36 (KHTML, like Gecko) Chrome/42.0.2311.90 Safari/537.36"
133.18.226.103 - - [09/Nov/2022:20:08:10 +0100] "GET /PodCast/JBJ701 HTTP/1.1" 200 19698 "-" "Mozilla/5.0 (Macintosh; Intel Mac OS X 10_10_3) AppleWebKit/537.36 (KHTML, like Gecko) Chrome/42.0.2311.90 Safari/537.36"
133.18.226.103 - - [09/Nov/2022:20:08:25 +0100] "GET /PodCast/Buecherbrand HTTP/1.1" 200 16880 "-" "Mozilla/5.0 (Macintosh; Intel Mac OS X 10_10_3) AppleWebKit/537.36 (KHTML, like Gecko) Chrome/42.0.2311.90 Safari/537.36"
133.18.226.103 - - [09/Nov/2022:20:08:40 +0100] "GET /PodCast/Leerplaan HTTP/1.1" 200 11636 "-" "Mozilla/5.0 (Macintosh; Intel Mac OS X 10_10_3) AppleWebKit/537.36 (KHTML, like Gecko) Chrome/42.0.2311.90 Safari/537.36"
66.249.76.222 - - [09/Nov/2022:20:08:42 +0100] "GET /PodCast/IndexPage?action=rss HTTP/1.1" 200 6298 "-" "Mozilla/5.0 (compatible; Googlebot/2.1; +http://www.google.com/bot.html)"
133.18.226.103 - - [09/Nov/2022:20:08:55 +0100] "GET /PodCast/Ouhsggwise2 HTTP/1.1" 200 20341 "-" "Mozilla/5.0 (Macintosh; Intel Mac OS X 10_10_3) AppleWebKit/537.36 (KHTML, like Gecko) Chrome/42.0.2311.90 Safari/537.36"
133.18.226.103 - - [09/Nov/2022:20:09:10 +0100] "GET /PodCast/REZMockingbird HTTP/1.1" 200 11553 "-" "Mozilla/5.0 (Macintosh; Intel Mac OS X 10_10_3) AppleWebKit/537.36 (KHTML, like Gecko) Chrome/42.0.2311.90 Safari/537.36"
133.18.226.103 - - [09/Nov/2022:20:09:25 +0100] "GET /PodCast/JBJ301 HTTP/1.1" 200 14945 "-" "Mozilla/5.0 (Macintosh; Intel Mac OS X 10_10_3) AppleWebKit/537.36 (KHTML, like Gecko) Chrome/42.0.2311.90 Safari/537.36"
133.18.226.103 - - [09/Nov/2022:20:09:40 +0100] "GET /Admin/Links HTTP/1.1" 200 14193 "-" "Mozilla/5.0 (Macintosh; Intel Mac OS X 10_10_3) AppleWebKit/537.36 (KHTML, like Gecko) Chrome/42.0.2311.90 Safari/537.36"
133.18.226.103 - - [09/Nov/2022:20:09:55 +0100] "GET /PodCast/Buecherbrand2 HTTP/1.1" 200 17888 "-" "Mozilla/5.0 (Macintosh; Intel Mac OS X 10_10_3) AppleWebKit/537.36 (KHTML, like Gecko) Chrome/42.0.2311.90 Safari/537.36"
133.18.226.103 - - [09/Nov/2022:20:10:10 +0100] "GET /Main/Home HTTP/1.1" 200 15085 "-" "Mozilla/5.0 (Macintosh; Intel Mac OS X 10_10_3) AppleWebKit/537.36 (KHTML, like Gecko) Chrome/42.0.2311.90 Safari/537.36"
133.18.226.103 - - [09/Nov/2022:20:10:25 +0100] "GET /PodCast/SprChlaage HTTP/1.1" 200 13697 "-" "Mozilla/5.0 (Macintosh; Intel Mac OS X 10_10_3) AppleWebKit/537.36 (KHTML, like Gecko) Chrome/42.0.2311.90 Safari/537.36"
133.18.226.103 - - [09/Nov/2022:20:10:40 +0100] "GET /Texte/GDicht HTTP/1.1" 200 8050 "-" "Mozilla/5.0 (Macintosh; Intel Mac OS X 10_10_3) AppleWebKit/537.36 (KHTML, like Gecko) Chrome/42.0.2311.90 Safari/537.36"
133.18.226.103 - - [09/Nov/2022:20:10:55 +0100] "GET /Admin/Pro-ZurituutschStatuten HTTP/1.1" 200 9580 "-" "Mozilla/5.0 (Macintosh; Intel Mac OS X 10_10_3) AppleWebKit/537.36 (KHTML, like Gecko) Chrome/42.0.2311.90 Safari/537.36"
85.25.185.196 - - [09/Nov/2022:20:11:03 +0100] "GET /Site/51Trouttike?action=edit HTTP/1.1" 200 8637 "-" "Mozilla/5.0 (Macintosh; Intel Mac OS X 10.15; rv:103.0) Gecko/20100101 Firefox/103.0"
133.18.226.103 - - [09/Nov/2022:20:11:10 +0100] "GET /PodCast/Schlaaffloos2 HTTP/1.1" 200 15361 "-" "Mozilla/5.0 (Macintosh; Intel Mac OS X 10_10_3) AppleWebKit/537.36 (KHTML, like Gecko) Chrome/42.0.2311.90 Safari/537.36"
133.18.226.103 - - [09/Nov/2022:20:11:25 +0100] "GET /PodCast/Hinkeljouged2 HTTP/1.1" 200 19600 "-" "Mozilla/5.0 (Macintosh; Intel Mac OS X 10_10_3) AppleWebKit/537.36 (KHTML, like Gecko) Chrome/42.0.2311.90 Safari/537.36"
133.18.226.103 - - [09/Nov/2022:20:11:40 +0100] "GET /PodCast/Redeleere HTTP/1.1" 200 14206 "-" "Mozilla/5.0 (Macintosh; Intel Mac OS X 10_10_3) AppleWebKit/537.36 (KHTML, like Gecko) Chrome/42.0.2311.90 Safari/537.36"
133.18.226.103 - - [09/Nov/2022:20:11:55 +0100] "GET /PodCast/Schlaaffloos1 HTTP/1.1" 200 15552 "-" "Mozilla/5.0 (Macintosh; Intel Mac OS X 10_10_3) AppleWebKit/537.36 (KHTML, like Gecko) Chrome/42.0.2311.90 Safari/537.36"
133.18.226.103 - - [09/Nov/2022:20:12:10 +0100] "GET /PodCast/Wistaria01 HTTP/1.1" 200 23568 "-" "Mozilla/5.0 (Macintosh; Intel Mac OS X 10_10_3) AppleWebKit/537.36 (KHTML, like Gecko) Chrome/42.0.2311.90 Safari/537.36"
133.18.226.103 - - [09/Nov/2022:20:12:25 +0100] "GET /PodCast/Apvantyv HTTP/1.1" 200 11346 "-" "Mozilla/5.0 (Macintosh; Intel Mac OS X 10_10_3) AppleWebKit/537.36 (KHTML, like Gecko) Chrome/42.0.2311.90 Safari/537.36"
133.18.226.103 - - [09/Nov/2022:20:12:40 +0100] "GET /PodCast/SpruchTampoToummOuhsreedeVerwandt HTTP/1.1" 200 11685 "-" "Mozilla/5.0 (Macintosh; Intel Mac OS X 10_10_3) AppleWebKit/537.36 (KHTML, like Gecko) Chrome/42.0.2311.90 Safari/537.36"
85.25.185.196 - - [09/Nov/2022:20:12:46 +0100] "GET /Site/PodCast?action=edit&restore=diff:1286122854:1285700602:&preview=y HTTP/1.1" 200 8627 "-" "Mozilla/5.0 (Macintosh; Intel Mac OS X 10.15; rv:103.0) Gecko/20100101 Firefox/103.0"
133.18.226.103 - - [09/Nov/2022:20:12:55 +0100] "GET /Gast/Podcast HTTP/1.1" 200 8106 "-" "Mozilla/5.0 (Macintosh; Intel Mac OS X 10_10_3) AppleWebKit/537.36 (KHTML, like Gecko) Chrome/42.0.2311.90 Safari/537.36"
133.18.226.103 - - [09/Nov/2022:20:13:10 +0100] "GET /PodCast/RURAktITail1 HTTP/1.1" 200 19498 "-" "Mozilla/5.0 (Macintosh; Intel Mac OS X 10_10_3) AppleWebKit/537.36 (KHTML, like Gecko) Chrome/42.0.2311.90 Safari/537.36"
133.18.226.103 - - [09/Nov/2022:20:13:25 +0100] "GET /Site/SideBar?action=edit HTTP/1.1" 200 8581 "-" "Mozilla/5.0 (Macintosh; Intel Mac OS X 10_10_3) AppleWebKit/537.36 (KHTML, like Gecko) Chrome/42.0.2311.90 Safari/537.36"
85.25.185.196 - - [09/Nov/2022:20:13:33 +0100] "GET /PodCast/Ouhsschaffig?action=diff HTTP/1.1" 200 14842 "-" "Mozilla/5.0 (Macintosh; Intel Mac OS X 10.15; rv:103.0) Gecko/20100101 Firefox/103.0"
133.18.226.103 - - [09/Nov/2022:20:13:40 +0100] "GET /PodCast/REZlangeTage HTTP/1.1" 200 10125 "-" "Mozilla/5.0 (Macintosh; Intel Mac OS X 10_10_3) AppleWebKit/537.36 (KHTML, like Gecko) Chrome/42.0.2311.90 Safari/537.36"
133.18.226.103 - - [09/Nov/2022:20:13:55 +0100] "GET /PodCast/RURAkt1Tail2 HTTP/1.1" 200 8408 "-" "Mozilla/5.0 (Macintosh; Intel Mac OS X 10_10_3) AppleWebKit/537.36 (KHTML, like Gecko) Chrome/42.0.2311.90 Safari/537.36"
133.18.226.103 - - [09/Nov/2022:20:14:10 +0100] "GET /Admin/AdresseStiftung HTTP/1.1" 200 8453 "-" "Mozilla/5.0 (Macintosh; Intel Mac OS X 10_10_3) AppleWebKit/537.36 (KHTML, like Gecko) Chrome/42.0.2311.90 Safari/537.36"
133.18.226.103 - - [09/Nov/2022:20:14:25 +0100] "GET /PodCast/FrawimSchatte HTTP/1.1" 200 14992 "-" "Mozilla/5.0 (Macintosh; Intel Mac OS X 10_10_3) AppleWebKit/537.36 (KHTML, like Gecko) Chrome/42.0.2311.90 Safari/537.36"
133.18.226.103 - - [09/Nov/2022:20:14:40 +0100] "GET /PodCast/SprForKom HTTP/1.1" 200 8355 "-" "Mozilla/5.0 (Macintosh; Intel Mac OS X 10_10_3) AppleWebKit/537.36 (KHTML, like Gecko) Chrome/42.0.2311.90 Safari/537.36"
3.90.210.80 - - [09/Nov/2022:20:14:47 +0100] "GET /PodCast/IndexPage?action=rss HTTP/1.1" 200 6298 "-" "PlayerFM/1.0 Podcast Sync (1 subscribers; url=https://player.fm/series/podcast-2872909)"
133.18.226.103 - - [09/Nov/2022:20:14:55 +0100] "GET /Texte/Styluebige HTTP/1.1" 200 9998 "-" "Mozilla/5.0 (Macintosh; Intel Mac OS X 10_10_3) AppleWebKit/537.36 (KHTML, like Gecko) Chrome/42.0.2311.90 Safari/537.36"
133.18.226.103 - - [09/Nov/2022:20:15:10 +0100] "GET /PodCast/Integral HTTP/1.1" 200 15584 "-" "Mozilla/5.0 (Macintosh; Intel Mac OS X 10_10_3) AppleWebKit/537.36 (KHTML, like Gecko) Chrome/42.0.2311.90 Safari/537.36"
85.25.185.196 - - [09/Nov/2022:20:15:20 +0100] "GET /Site/PodCast?action=edit&restore=diff:1430857307:1429728782:&preview=y HTTP/1.1" 200 8627 "-" "Mozilla/5.0 (Macintosh; Intel Mac OS X 10.15; rv:103.0) Gecko/20100101 Firefox/103.0"
133.18.226.103 - - [09/Nov/2022:20:15:25 +0100] "GET /PodCast/RURAkt2TIl2 HTTP/1.1" 200 8393 "-" "Mozilla/5.0 (Macintosh; Intel Mac OS X 10_10_3) AppleWebKit/537.36 (KHTML, like Gecko) Chrome/42.0.2311.90 Safari/537.36"
133.18.226.103 - - [09/Nov/2022:20:15:40 +0100] "GET /PodCast/JBJ702 HTTP/1.1" 200 22843 "-" "Mozilla/5.0 (Macintosh; Intel Mac OS X 10_10_3) AppleWebKit/537.36 (KHTML, like Gecko) Chrome/42.0.2311.90 Safari/537.36"
133.18.226.103 - - [09/Nov/2022:20:15:55 +0100] "GET /PodCast/Hafering HTTP/1.1" 200 14273 "-" "Mozilla/5.0 (Macintosh; Intel Mac OS X 10_10_3) AppleWebKit/537.36 (KHTML, like Gecko) Chrome/42.0.2311.90 Safari/537.36"
133.18.226.103 - - [09/Nov/2022:20:16:10 +0100] "GET /PodCast/JBJ501 HTTP/1.1" 200 21897 "-" "Mozilla/5.0 (Macintosh; Intel Mac OS X 10_10_3) AppleWebKit/537.36 (KHTML, like Gecko) Chrome/42.0.2311.90 Safari/537.36"
85.25.185.196 - - [09/Nov/2022:20:16:19 +0100] "GET /PodCast/Ouhsschaffig?action=upload HTTP/1.1" 200 8592 "-" "Mozilla/5.0 (Macintosh; Intel Mac OS X 10.15; rv:103.0) Gecko/20100101 Firefox/103.0"
133.18.226.103 - - [09/Nov/2022:20:16:25 +0100] "GET /PodCast/Rezmebeforeyou HTTP/1.1" 200 10227 "-" "Mozilla/5.0 (Macintosh; Intel Mac OS X 10_10_3) AppleWebKit/537.36 (KHTML, like Gecko) Chrome/42.0.2311.90 Safari/537.36"
133.18.226.103 - - [09/Nov/2022:20:16:40 +0100] "GET /Texte/Gloosse HTTP/1.1" 200 8061 "-" "Mozilla/5.0 (Macintosh; Intel Mac OS X 10_10_3) AppleWebKit/537.36 (KHTML, like Gecko) Chrome/42.0.2311.90 Safari/537.36"
133.18.226.103 - - [09/Nov/2022:20:16:55 +0100] "GET /PodCast/Hinkeljouged1 HTTP/1.1" 200 23519 "-" "Mozilla/5.0 (Macintosh; Intel Mac OS X 10_10_3) AppleWebKit/537.36 (KHTML, like Gecko) Chrome/42.0.2311.90 Safari/537.36"
133.18.226.103 - - [09/Nov/2022:20:17:10 +0100] "GET /PodCast/FHrereid1?action=edit HTTP/1.1" 200 8654 "-" "Mozilla/5.0 (Macintosh; Intel Mac OS X 10_10_3) AppleWebKit/537.36 (KHTML, like Gecko) Chrome/42.0.2311.90 Safari/537.36"
133.18.226.103 - - [09/Nov/2022:20:17:25 +0100] "GET /Site/WGA6Klynikerfaarig HTTP/1.1" 200 15713 "-" "Mozilla/5.0 (Macintosh; Intel Mac OS X 10_10_3) AppleWebKit/537.36 (KHTML, like Gecko) Chrome/42.0.2311.90 Safari/537.36"
133.18.226.103 - - [09/Nov/2022:20:17:40 +0100] "GET /PodCast/JBJ401 HTTP/1.1" 200 20406 "-" "Mozilla/5.0 (Macintosh; Intel Mac OS X 10_10_3) AppleWebKit/537.36 (KHTML, like Gecko) Chrome/42.0.2311.90 Safari/537.36"
133.18.226.103 - - [09/Nov/2022:20:17:55 +0100] "GET /PodCast/RURAkt2TIl3 HTTP/1.1" 200 22871 "-" "Mozilla/5.0 (Macintosh; Intel Mac OS X 10_10_3) AppleWebKit/537.36 (KHTML, like Gecko) Chrome/42.0.2311.90 Safari/537.36"
85.25.185.196 - - [09/Nov/2022:20:17:58 +0100] "GET /Site/PodCast?action=diff&source=y&minor=n HTTP/1.1" 200 219922 "-" "Mozilla/5.0 (Macintosh; Intel Mac OS X 10.15; rv:103.0) Gecko/20100101 Firefox/103.0"
133.18.226.103 - - [09/Nov/2022:20:18:10 +0100] "GET /PodCast/Ouhsggwise1 HTTP/1.1" 200 21392 "-" "Mozilla/5.0 (Macintosh; Intel Mac OS X 10_10_3) AppleWebKit/537.36 (KHTML, like Gecko) Chrome/42.0.2311.90 Safari/537.36"
133.18.226.103 - - [09/Nov/2022:20:18:25 +0100] "GET /PodCast/SprAlAner HTTP/1.1" 200 9962 "-" "Mozilla/5.0 (Macintosh; Intel Mac OS X 10_10_3) AppleWebKit/537.36 (KHTML, like Gecko) Chrome/42.0.2311.90 Safari/537.36"
85.25.185.196 - - [09/Nov/2022:20:18:28 +0100] "GET /Site/PodCast?action=edit&restore=diff:1436281577:1436001346:&preview=y HTTP/1.1" 200 8627 "-" "Mozilla/5.0 (Macintosh; Intel Mac OS X 10.15; rv:103.0) Gecko/20100101 Firefox/103.0"
133.18.226.103 - - [09/Nov/2022:20:18:40 +0100] "GET /PodCast/JBJ302 HTTP/1.1" 200 15480 "-" "Mozilla/5.0 (Macintosh; Intel Mac OS X 10_10_3) AppleWebKit/537.36 (KHTML, like Gecko) Chrome/42.0.2311.90 Safari/537.36"
133.18.226.103 - - [09/Nov/2022:20:18:55 +0100] "GET /PodCast/StroubiZyt2 HTTP/1.1" 200 16782 "-" "Mozilla/5.0 (Macintosh; Intel Mac OS X 10_10_3) AppleWebKit/537.36 (KHTML, like Gecko) Chrome/42.0.2311.90 Safari/537.36"
133.18.226.103 - - [09/Nov/2022:20:19:10 +0100] "GET /PodCast/Eereroueff HTTP/1.1" 200 18747 "-" "Mozilla/5.0 (Macintosh; Intel Mac OS X 10_10_3) AppleWebKit/537.36 (KHTML, like Gecko) Chrome/42.0.2311.90 Safari/537.36"
133.18.226.103 - - [09/Nov/2022:20:19:25 +0100] "GET /PodCast/StroubiZyt1 HTTP/1.1" 200 17947 "-" "Mozilla/5.0 (Macintosh; Intel Mac OS X 10_10_3) AppleWebKit/537.36 (KHTML, like Gecko) Chrome/42.0.2311.90 Safari/537.36"
133.18.226.103 - - [09/Nov/2022:20:19:40 +0100] "GET /PodCast/SprKoulNyd HTTP/1.1" 200 12297 "-" "Mozilla/5.0 (Macintosh; Intel Mac OS X 10_10_3) AppleWebKit/537.36 (KHTML, like Gecko) Chrome/42.0.2311.90 Safari/537.36"
133.18.226.103 - - [09/Nov/2022:20:19:55 +0100] "GET /PodCast/RURAkt1TIl3 HTTP/1.1" 200 22147 "-" "Mozilla/5.0 (Macintosh; Intel Mac OS X 10_10_3) AppleWebKit/537.36 (KHTML, like Gecko) Chrome/42.0.2311.90 Safari/537.36"
133.18.226.103 - - [09/Nov/2022:20:20:10 +0100] "GET /Texte/ArsAmatoria HTTP/1.1" 200 12369 "-" "Mozilla/5.0 (Macintosh; Intel Mac OS X 10_10_3) AppleWebKit/537.36 (KHTML, like Gecko) Chrome/42.0.2311.90 Safari/537.36"
133.18.226.103 - - [09/Nov/2022:20:20:25 +0100] "GET /PodCast/Zugle HTTP/1.1" 200 19132 "-" "Mozilla/5.0 (Macintosh; Intel Mac OS X 10_10_3) AppleWebKit/537.36 (KHTML, like Gecko) Chrome/42.0.2311.90 Safari/537.36"
133.18.226.103 - - [09/Nov/2022:20:20:40 +0100] "GET /PodCast/SprProfSchwzTggs HTTP/1.1" 200 13011 "-" "Mozilla/5.0 (Macintosh; Intel Mac OS X 10_10_3) AppleWebKit/537.36 (KHTML, like Gecko) Chrome/42.0.2311.90 Safari/537.36"
133.18.226.103 - - [09/Nov/2022:20:20:55 +0100] "GET /PodCast/RURAachundigoung HTTP/1.1" 200 9329 "-" "Mozilla/5.0 (Macintosh; Intel Mac OS X 10_10_3) AppleWebKit/537.36 (KHTML, like Gecko) Chrome/42.0.2311.90 Safari/537.36"
85.25.185.196 - - [09/Nov/2022:20:21:02 +0100] "GET /PodCast/Ouhsschaffig?action=print HTTP/1.1" 200 6776 "-" "Mozilla/5.0 (Macintosh; Intel Mac OS X 10.15; rv:103.0) Gecko/20100101 Firefox/103.0"
133.18.226.103 - - [09/Nov/2022:20:21:10 +0100] "GET /PodCast/Zugle2 HTTP/1.1" 200 20425 "-" "Mozilla/5.0 (Macintosh; Intel Mac OS X 10_10_3) AppleWebKit/537.36 (KHTML, like Gecko) Chrome/42.0.2311.90 Safari/537.36"
133.18.226.103 - - [09/Nov/2022:20:21:25 +0100] "GET /Site/WGA4Gglinge HTTP/1.1" 200 18606 "-" "Mozilla/5.0 (Macintosh; Intel Mac OS X 10_10_3) AppleWebKit/537.36 (KHTML, like Gecko) Chrome/42.0.2311.90 Safari/537.36"
133.18.226.103 - - [09/Nov/2022:20:21:41 +0100] "GET /PodCast/FHrereid2?action=edit HTTP/1.1" 200 8654 "-" "Mozilla/5.0 (Macintosh; Intel Mac OS X 10_10_3) AppleWebKit/537.36 (KHTML, like Gecko) Chrome/42.0.2311.90 Safari/537.36"
133.18.226.103 - - [09/Nov/2022:20:21:56 +0100] "GET /PodCast/Schaidig2 HTTP/1.1" 200 19684 "-" "Mozilla/5.0 (Macintosh; Intel Mac OS X 10_10_3) AppleWebKit/537.36 (KHTML, like Gecko) Chrome/42.0.2311.90 Safari/537.36"
133.18.226.103 - - [09/Nov/2022:20:22:11 +0100] "GET /PodCast/RURAkt1TIl5 HTTP/1.1" 200 18957 "-" "Mozilla/5.0 (Macintosh; Intel Mac OS X 10_10_3) AppleWebKit/537.36 (KHTML, like Gecko) Chrome/42.0.2311.90 Safari/537.36"
85.25.185.196 - - [09/Nov/2022:20:22:14 +0100] "GET /Site/PodCast?action=edit&restore=diff:1466014493:1462560800:&preview=y HTTP/1.1" 200 8627 "-" "Mozilla/5.0 (Macintosh; Intel Mac OS X 10.15; rv:103.0) Gecko/20100101 Firefox/103.0"
133.18.226.103 - - [09/Nov/2022:20:22:26 +0100] "GET /PodCast/JBJNaawort HTTP/1.1" 200 17472 "-" "Mozilla/5.0 (Macintosh; Intel Mac OS X 10_10_3) AppleWebKit/537.36 (KHTML, like Gecko) Chrome/42.0.2311.90 Safari/537.36"
133.18.226.103 - - [09/Nov/2022:20:22:41 +0100] "GET /PodCast/Lydja HTTP/1.1" 200 9714 "-" "Mozilla/5.0 (Macintosh; Intel Mac OS X 10_10_3) AppleWebKit/537.36 (KHTML, like Gecko) Chrome/42.0.2311.90 Safari/537.36"
133.18.226.103 - - [09/Nov/2022:20:22:56 +0100] "GET /Texte/Rezension HTTP/1.1" 200 11812 "-" "Mozilla/5.0 (Macintosh; Intel Mac OS X 10_10_3) AppleWebKit/537.36 (KHTML, like Gecko) Chrome/42.0.2311.90 Safari/537.36"
85.25.185.196 - - [09/Nov/2022:20:23:08 +0100] "GET /PodCast/Ouhsschaffig?action=edit HTTP/1.1" 200 8692 "-" "Mozilla/5.0 (Macintosh; Intel Mac OS X 10.15; rv:103.0) Gecko/20100101 Firefox/103.0"
133.18.226.103 - - [09/Nov/2022:20:23:11 +0100] "GET /PodCast/JBJ202 HTTP/1.1" 200 20558 "-" "Mozilla/5.0 (Macintosh; Intel Mac OS X 10_10_3) AppleWebKit/537.36 (KHTML, like Gecko) Chrome/42.0.2311.90 Safari/537.36"
133.18.226.103 - - [09/Nov/2022:20:23:26 +0100] "GET /PodCast/RSSPodcasts HTTP/1.1" 200 8905 "-" "Mozilla/5.0 (Macintosh; Intel Mac OS X 10_10_3) AppleWebKit/537.36 (KHTML, like Gecko) Chrome/42.0.2311.90 Safari/537.36"
85.25.185.196 - - [09/Nov/2022:20:25:57 +0100] "GET /PodCast/Kounschtrandite?action=print HTTP/1.1" 200 7270 "-" "Mozilla/5.0 (Macintosh; Intel Mac OS X 10.15; rv:103.0) Gecko/20100101 Firefox/103.0"
85.25.185.196 - - [09/Nov/2022:20:27:02 +0100] "GET /Site/PodCast?action=edit&restore=diff:1318705287:1318705157:&preview=y HTTP/1.1" 200 8627 "-" "Mozilla/5.0 (Macintosh; Intel Mac OS X 10.15; rv:103.0) Gecko/20100101 Firefox/103.0"
194.209.200.2 - - [09/Nov/2022:20:28:04 +0100] "GET /robots.txt HTTP/1.1" 200 - "-" "Mozilla/5.0 (compatible; TMMBot/0.2; +http://www.dslab.ch)/Nutch-1.15"
194.209.200.2 - - [09/Nov/2022:20:28:04 +0100] "GET /Texte/Schrybwys HTTP/1.1" 200 11028 "-" "Mozilla/5.0 (compatible; TMMBot/0.2; +http://www.dslab.ch)/Nutch-1.15"
85.25.185.196 - - [09/Nov/2022:20:28:19 +0100] "GET /PodCast/Kounschtrandite?action=upload HTTP/1.1" 200 8634 "-" "Mozilla/5.0 (Macintosh; Intel Mac OS X 10.15; rv:103.0) Gecko/20100101 Firefox/103.0"
194.209.200.2 - - [09/Nov/2022:20:29:04 +0100] "GET /Texte/GDicht HTTP/1.1" 200 8050 "-" "Mozilla/5.0 (compatible; TMMBot/0.2; +http://www.dslab.ch)/Nutch-1.15"
194.209.200.2 - - [09/Nov/2022:20:29:43 +0100] "GET /Texte/Metamorphoses HTTP/1.1" 200 9045 "-" "Mozilla/5.0 (compatible; TMMBot/0.2; +http://www.dslab.ch)/Nutch-1.15"
85.25.185.196 - - [09/Nov/2022:20:29:50 +0100] "GET /Site/PodCast?action=edit&restore=diff:1404315952:1404315850:&preview=y HTTP/1.1" 200 8627 "-" "Mozilla/5.0 (Macintosh; Intel Mac OS X 10.15; rv:103.0) Gecko/20100101 Firefox/103.0"
216.244.66.243 - - [09/Nov/2022:20:29:53 +0100] "GET /PodCast/Euirokraty HTTP/1.1" 200 15097 "-" "Mozilla/5.0 (compatible; DotBot/1.2; +https://opensiteexplorer.org/dotbot; help@moz.com)"
216.244.66.243 - - [09/Nov/2022:20:29:58 +0100] "GET /PodCast/SprChlaage HTTP/1.1" 200 13697 "-" "Mozilla/5.0 (compatible; DotBot/1.2; +https://opensiteexplorer.org/dotbot; help@moz.com)"
85.25.185.196 - - [09/Nov/2022:20:30:17 +0100] "GET /Site/PodCast?action=edit&restore=diff:1475920420:1475918664:&preview=y HTTP/1.1" 200 8627 "-" "Mozilla/5.0 (Macintosh; Intel Mac OS X 10.15; rv:103.0) Gecko/20100101 Firefox/103.0"
85.25.185.196 - - [09/Nov/2022:20:31:10 +0100] "GET /Site/PodCast?action=edit&restore=diff:1294243834:1293038106:&preview=y HTTP/1.1" 200 8627 "-" "Mozilla/5.0 (Macintosh; Intel Mac OS X 10.15; rv:103.0) Gecko/20100101 Firefox/103.0"
194.209.200.2 - - [09/Nov/2022:20:31:39 +0100] "GET /Admin/Pro-ZurituutschStatuten HTTP/1.1" 200 9580 "-" "Mozilla/5.0 (compatible; TMMBot/0.2; +http://www.dslab.ch)/Nutch-1.15"
157.55.39.180 - - [09/Nov/2022:20:32:26 +0100] "GET /Hilfe/RealOne HTTP/1.1" 200 10362 "-" "Mozilla/5.0 AppleWebKit/537.36 (KHTML, like Gecko; compatible; bingbot/2.0; +http://www.bing.com/bingbot.htm) Chrome/103.0.5060.134 Safari/537.36"
85.25.185.196 - - [09/Nov/2022:20:32:34 +0100] "GET /PodCast/Kounschtrandite?action=edit HTTP/1.1" 200 8734 "-" "Mozilla/5.0 (Macintosh; Intel Mac OS X 10.15; rv:103.0) Gecko/20100101 Firefox/103.0"
85.25.185.196 - - [09/Nov/2022:20:35:07 +0100] "GET /Site/PodCast?action=edit&restore=diff:1280693490:1280693396:&preview=y HTTP/1.1" 200 8627 "-" "Mozilla/5.0 (Macintosh; Intel Mac OS X 10.15; rv:103.0) Gecko/20100101 Firefox/103.0"
85.25.185.196 - - [09/Nov/2022:20:35:51 +0100] "GET /PodCast/Kounschtrandite?action=diff HTTP/1.1" 200 16402 "-" "Mozilla/5.0 (Macintosh; Intel Mac OS X 10.15; rv:103.0) Gecko/20100101 Firefox/103.0"
62.210.215.119 - - [09/Nov/2022:20:36:36 +0100] "GET /PodCast/IndexPage?action=rss HTTP/1.1" 200 6298 "-" "Mozilla/5.0 (X11; Linux i686) AppleWebKit/537.36 (KHTML, like Gecko) Chrome/30.0.1599.66 Safari/537.36"
85.25.185.196 - - [09/Nov/2022:20:36:52 +0100] "GET /Site/PodCast?action=edit&restore=diff:1280693581:1280693490:&preview=y HTTP/1.1" 200 8627 "-" "Mozilla/5.0 (Macintosh; Intel Mac OS X 10.15; rv:103.0) Gecko/20100101 Firefox/103.0"
85.25.185.196 - - [09/Nov/2022:20:37:42 +0100] "GET /PodCast/Leerplaan?action=upload HTTP/1.1" 200 8550 "-" "Mozilla/5.0 (Macintosh; Intel Mac OS X 10.15; rv:103.0) Gecko/20100101 Firefox/103.0"
85.25.185.196 - - [09/Nov/2022:20:40:26 +0100] "GET /Site/PodCast?action=edit&restore=diff:1391097239:1391015164:&preview=y HTTP/1.1" 200 8627 "-" "Mozilla/5.0 (Macintosh; Intel Mac OS X 10.15; rv:103.0) Gecko/20100101 Firefox/103.0"
216.244.66.243 - - [09/Nov/2022:20:40:59 +0100] "GET /PmWikiDe/WikiWord HTTP/1.1" 200 8745 "-" "Mozilla/5.0 (compatible; DotBot/1.2; +https://opensiteexplorer.org/dotbot; help@moz.com)"
77.75.79.95 - - [09/Nov/2022:20:41:48 +0100] "GET /robots.txt HTTP/1.1" 200 - "-" "Mozilla/5.0 (compatible; SeznamBot/3.2; +http://napoveda.seznam.cz/en/seznambot-intro/)"
77.75.79.95 - - [09/Nov/2022:20:41:48 +0100] "GET / HTTP/1.1" 200 15085 "-" "Mozilla/5.0 (compatible; SeznamBot/3.2; +http://napoveda.seznam.cz/en/seznambot-intro/)"
216.244.66.243 - - [09/Nov/2022:20:42:07 +0100] "GET /PmWikiRu/TableDirectives HTTP/1.1" 200 25080 "-" "Mozilla/5.0 (compatible; DotBot/1.2; +https://opensiteexplorer.org/dotbot; help@moz.com)"
85.25.185.196 - - [09/Nov/2022:20:42:36 +0100] "GET /PodCast/Leerplaan?action=print HTTP/1.1" 200 5823 "-" "Mozilla/5.0 (Macintosh; Intel Mac OS X 10.15; rv:103.0) Gecko/20100101 Firefox/103.0"
216.244.66.243 - - [09/Nov/2022:20:43:05 +0100] "GET /PmWikiFr/WikiStyleExamples HTTP/1.1" 200 19622 "-" "Mozilla/5.0 (compatible; DotBot/1.2; +https://opensiteexplorer.org/dotbot; help@moz.com)"
85.25.185.196 - - [09/Nov/2022:20:47:22 +0100] "GET /PodCast/SpruchZ?action=edit HTTP/1.1" 200 8624 "-" "Mozilla/5.0 (Macintosh; Intel Mac OS X 10.15; rv:103.0) Gecko/20100101 Firefox/103.0"
