85.25.177.139 - - [01/Aug/2022:00:00:25 +0200] "GET /Texte/ZurcherischEnglish?action=upload HTTP/1.1" 403 18 "-" "SEO Scanner/1.2.4 (SEO Crawler; seoscanners.info; info@seoscanners.info)"
194.209.200.2 - - [01/Aug/2022:00:01:05 +0200] "GET /Admin/Pro-ZurituutschStatuten HTTP/1.1" 200 9580 "-" "Mozilla/5.0 (compatible; TMMBot/0.2; +http://www.dslab.ch)/Nutch-1.15"
85.25.177.139 - - [01/Aug/2022:00:02:20 +0200] "GET /Site/151Konschtanz1485?action=diff HTTP/1.1" 403 18 "-" "SEO Scanner/1.2.4 (SEO Crawler; seoscanners.info; info@seoscanners.info)"
85.25.177.139 - - [01/Aug/2022:00:03:07 +0200] "GET /PodCast/Poutschology?action=diff HTTP/1.1" 403 18 "-" "SEO Scanner/1.2.4 (SEO Crawler; seoscanners.info; info@seoscanners.info)"
216.244.66.243 - - [01/Aug/2022:00:03:11 +0200] "GET /robots.txt HTTP/1.1" 200 - "-" "Mozilla/5.0 (compatible; DotBot/1.2; +https://opensiteexplorer.org/dotbot; help@moz.com)"
85.25.177.139 - - [01/Aug/2022:00:04:58 +0200] "GET /PodCast/Poutschology?action=upload HTTP/1.1" 403 18 "-" "SEO Scanner/1.2.4 (SEO Crawler; seoscanners.info; info@seoscanners.info)"
3.216.185.164 - - [01/Aug/2022:00:07:47 +0200] "GET /PodCast/IndexPage?action=rss HTTP/1.1" 200 6298 "-" "PocketCasts/1.0 (Pocket Casts Feed Parser; +http://pocketcasts.com/)"
85.25.177.139 - - [01/Aug/2022:00:08:13 +0200] "GET /PodCast/Poutschology?action=print HTTP/1.1" 403 18 "-" "SEO Scanner/1.2.4 (SEO Crawler; seoscanners.info; info@seoscanners.info)"
85.25.177.139 - - [01/Aug/2022:00:09:05 +0200] "GET /PodCast/Poutschology?action=edit HTTP/1.1" 403 18 "-" "SEO Scanner/1.2.4 (SEO Crawler; seoscanners.info; info@seoscanners.info)"
35.172.111.154 - - [01/Aug/2022:00:09:25 +0200] "GET /PodCast/IndexPage?action=rss HTTP/1.1" 200 6298 "-" "PlayerFM/1.0 Podcast Sync (1 subscribers; url=https://player.fm/series/podcast-2872909)"
89.163.140.178 - - [01/Aug/2022:00:09:43 +0200] "GET / HTTP/1.1" 200 15085 "-" "Mozilla/5.0 (Windows NT 10.0; Win64; x64) AppleWebKit/537.36 (KHTML, like Gecko) Chrome/63.0.3239.132 Safari/537.36"
89.163.140.178 - - [01/Aug/2022:00:09:43 +0200] "GET /wp-includes/wlwmanifest.xml HTTP/1.1" 404 293 "-" "Mozilla/5.0 (Windows NT 10.0; Win64; x64) AppleWebKit/537.36 (KHTML, like Gecko) Chrome/63.0.3239.132 Safari/537.36"
89.163.140.178 - - [01/Aug/2022:00:09:43 +0200] "GET /xmlrpc.php?rsd HTTP/1.1" 404 276 "-" "Mozilla/5.0 (Windows NT 10.0; Win64; x64) AppleWebKit/537.36 (KHTML, like Gecko) Chrome/63.0.3239.132 Safari/537.36"
89.163.140.178 - - [01/Aug/2022:00:09:43 +0200] "GET / HTTP/1.1" 200 15085 "-" "Mozilla/5.0 (Windows NT 10.0; Win64; x64) AppleWebKit/537.36 (KHTML, like Gecko) Chrome/63.0.3239.132 Safari/537.36"
89.163.140.178 - - [01/Aug/2022:00:09:43 +0200] "GET /blog/wp-includes/wlwmanifest.xml HTTP/1.1" 404 298 "-" "Mozilla/5.0 (Windows NT 10.0; Win64; x64) AppleWebKit/537.36 (KHTML, like Gecko) Chrome/63.0.3239.132 Safari/537.36"
89.163.140.178 - - [01/Aug/2022:00:09:43 +0200] "GET /wordpress/wp-includes/wlwmanifest.xml HTTP/1.1" 404 303 "-" "Mozilla/5.0 (Windows NT 10.0; Win64; x64) AppleWebKit/537.36 (KHTML, like Gecko) Chrome/63.0.3239.132 Safari/537.36"
89.163.140.178 - - [01/Aug/2022:00:09:43 +0200] "GET /wp/wp-includes/wlwmanifest.xml HTTP/1.1" 404 296 "-" "Mozilla/5.0 (Windows NT 10.0; Win64; x64) AppleWebKit/537.36 (KHTML, like Gecko) Chrome/63.0.3239.132 Safari/537.36"
89.163.140.178 - - [01/Aug/2022:00:09:43 +0200] "GET /site/wp-includes/wlwmanifest.xml HTTP/1.1" 404 298 "-" "Mozilla/5.0 (Windows NT 10.0; Win64; x64) AppleWebKit/537.36 (KHTML, like Gecko) Chrome/63.0.3239.132 Safari/537.36"
89.163.140.178 - - [01/Aug/2022:00:09:43 +0200] "GET /cms/wp-includes/wlwmanifest.xml HTTP/1.1" 404 297 "-" "Mozilla/5.0 (Windows NT 10.0; Win64; x64) AppleWebKit/537.36 (KHTML, like Gecko) Chrome/63.0.3239.132 Safari/537.36"
85.25.177.139 - - [01/Aug/2022:00:10:17 +0200] "GET /Texte/Roman?action=print HTTP/1.1" 403 18 "-" "SEO Scanner/1.2.4 (SEO Crawler; seoscanners.info; info@seoscanners.info)"
85.25.177.139 - - [01/Aug/2022:00:10:52 +0200] "GET /PodCast/Lydja?action=edit HTTP/1.1" 403 18 "-" "SEO Scanner/1.2.4 (SEO Crawler; seoscanners.info; info@seoscanners.info)"
216.244.66.243 - - [01/Aug/2022:00:13:23 +0200] "GET /PmWiki/WikiStyles HTTP/1.1" 200 33389 "-" "Mozilla/5.0 (compatible; DotBot/1.2; +https://opensiteexplorer.org/dotbot; help@moz.com)"
85.25.177.139 - - [01/Aug/2022:00:13:44 +0200] "GET /Hilfe/Winamp?action=upload HTTP/1.1" 403 18 "-" "SEO Scanner/1.2.4 (SEO Crawler; seoscanners.info; info@seoscanners.info)"
216.244.66.243 - - [01/Aug/2022:00:14:35 +0200] "GET /PmWiki/Troubleshooting HTTP/1.1" 200 29681 "-" "Mozilla/5.0 (compatible; DotBot/1.2; +https://opensiteexplorer.org/dotbot; help@moz.com)"
85.25.177.139 - - [01/Aug/2022:00:15:25 +0200] "GET /PodCast/SprForKom?action=edit HTTP/1.1" 403 18 "-" "SEO Scanner/1.2.4 (SEO Crawler; seoscanners.info; info@seoscanners.info)"
85.25.177.139 - - [01/Aug/2022:00:16:20 +0200] "GET /PodCast/SprForKom?action=diff HTTP/1.1" 403 18 "-" "SEO Scanner/1.2.4 (SEO Crawler; seoscanners.info; info@seoscanners.info)"
85.25.177.139 - - [01/Aug/2022:00:17:02 +0200] "GET /PodCast/SprForKom?action=upload HTTP/1.1" 403 18 "-" "SEO Scanner/1.2.4 (SEO Crawler; seoscanners.info; info@seoscanners.info)"
85.25.177.139 - - [01/Aug/2022:00:18:20 +0200] "GET /Admin/Links?action=diff HTTP/1.1" 403 18 "-" "SEO Scanner/1.2.4 (SEO Crawler; seoscanners.info; info@seoscanners.info)"
185.191.171.18 - - [01/Aug/2022:00:19:00 +0200] "GET /robots.txt HTTP/1.1" 200 - "-" "Mozilla/5.0 (compatible; SemrushBot/7~bl; +http://www.semrush.com/bot.html)"
185.191.171.3 - - [01/Aug/2022:00:19:02 +0200] "GET /Profiles/Schlaefer?action=edit HTTP/1.1" 404 18 "-" "Mozilla/5.0 (compatible; SemrushBot/7~bl; +http://www.semrush.com/bot.html)"
85.25.177.139 - - [01/Aug/2022:00:19:02 +0200] "GET /PodCast/SprForKom?action=print HTTP/1.1" 403 18 "-" "SEO Scanner/1.2.4 (SEO Crawler; seoscanners.info; info@seoscanners.info)"
85.25.177.139 - - [01/Aug/2022:00:20:15 +0200] "GET /Site/21Baadstoube?action=print HTTP/1.1" 403 18 "-" "SEO Scanner/1.2.4 (SEO Crawler; seoscanners.info; info@seoscanners.info)"
85.25.177.139 - - [01/Aug/2022:00:22:03 +0200] "GET /Site/192HouhsRech1509?action=upload HTTP/1.1" 403 18 "-" "SEO Scanner/1.2.4 (SEO Crawler; seoscanners.info; info@seoscanners.info)"
85.25.177.139 - - [01/Aug/2022:00:22:26 +0200] "GET /Hilfe/RealOne?action=diff HTTP/1.1" 403 18 "-" "SEO Scanner/1.2.4 (SEO Crawler; seoscanners.info; info@seoscanners.info)"
85.25.177.139 - - [01/Aug/2022:00:23:16 +0200] "GET /Texte/ArsAmatoria?action=print HTTP/1.1" 403 18 "-" "SEO Scanner/1.2.4 (SEO Crawler; seoscanners.info; info@seoscanners.info)"
85.25.177.139 - - [01/Aug/2022:00:23:36 +0200] "GET /PodCast/JBJKap1?action=diff HTTP/1.1" 403 18 "-" "SEO Scanner/1.2.4 (SEO Crawler; seoscanners.info; info@seoscanners.info)"
85.25.177.139 - - [01/Aug/2022:00:26:03 +0200] "GET /PodCast/Metamorfoose?action=diff HTTP/1.1" 403 18 "-" "SEO Scanner/1.2.4 (SEO Crawler; seoscanners.info; info@seoscanners.info)"
185.191.171.22 - - [01/Aug/2022:00:26:48 +0200] "GET /PmWikiPtBr/EdicaoBasica?action=edit HTTP/1.1" 403 18 "-" "Mozilla/5.0 (compatible; SemrushBot/7~bl; +http://www.semrush.com/bot.html)"
85.25.177.139 - - [01/Aug/2022:00:27:23 +0200] "GET /PodCast/Schaidig1?action=print HTTP/1.1" 403 18 "-" "SEO Scanner/1.2.4 (SEO Crawler; seoscanners.info; info@seoscanners.info)"
85.25.177.139 - - [01/Aug/2022:00:30:22 +0200] "GET /PodCast/Schaidig1?action=upload HTTP/1.1" 403 18 "-" "SEO Scanner/1.2.4 (SEO Crawler; seoscanners.info; info@seoscanners.info)"
85.25.177.139 - - [01/Aug/2022:00:32:43 +0200] "GET /Texte/ArsAmatoria?action=upload HTTP/1.1" 403 18 "-" "SEO Scanner/1.2.4 (SEO Crawler; seoscanners.info; info@seoscanners.info)"
85.25.177.139 - - [01/Aug/2022:00:36:16 +0200] "GET /Admin/AdresseStiftung?action=print HTTP/1.1" 403 18 "-" "SEO Scanner/1.2.4 (SEO Crawler; seoscanners.info; info@seoscanners.info)"
85.25.177.139 - - [01/Aug/2022:00:37:36 +0200] "GET /Admin/AdresseStiftung?action=upload HTTP/1.1" 403 18 "-" "SEO Scanner/1.2.4 (SEO Crawler; seoscanners.info; info@seoscanners.info)"
194.209.200.2 - - [01/Aug/2022:00:37:46 +0200] "GET /robots.txt HTTP/1.1" 200 - "-" "Mozilla/5.0 (compatible; TMMBot/0.2; +http://www.dslab.ch)/Nutch-1.15"
194.209.200.2 - - [01/Aug/2022:00:37:46 +0200] "GET /Texte/ZurcherischEnglish HTTP/1.1" 200 8274 "-" "Mozilla/5.0 (compatible; TMMBot/0.2; +http://www.dslab.ch)/Nutch-1.15"
85.25.177.139 - - [01/Aug/2022:00:39:28 +0200] "GET /Texte/ArsAmatoria?action=diff HTTP/1.1" 403 18 "-" "SEO Scanner/1.2.4 (SEO Crawler; seoscanners.info; info@seoscanners.info)"
194.209.200.2 - - [01/Aug/2022:00:39:39 +0200] "GET /Texte/Schrybwys HTTP/1.1" 200 11028 "-" "Mozilla/5.0 (compatible; TMMBot/0.2; +http://www.dslab.ch)/Nutch-1.15"
194.209.200.2 - - [01/Aug/2022:00:40:29 +0200] "GET /Texte/ArsAmatoria HTTP/1.1" 200 12369 "-" "Mozilla/5.0 (compatible; TMMBot/0.2; +http://www.dslab.ch)/Nutch-1.15"
85.25.177.139 - - [01/Aug/2022:00:41:21 +0200] "GET /Texte/Limericks?action=upload HTTP/1.1" 403 18 "-" "SEO Scanner/1.2.4 (SEO Crawler; seoscanners.info; info@seoscanners.info)"
194.209.200.2 - - [01/Aug/2022:00:42:30 +0200] "GET /Texte/Gloosse HTTP/1.1" 200 8061 "-" "Mozilla/5.0 (compatible; TMMBot/0.2; +http://www.dslab.ch)/Nutch-1.15"
85.25.177.139 - - [01/Aug/2022:00:42:56 +0200] "GET /Site/151Konschtanz1485?action=edit HTTP/1.1" 403 18 "-" "SEO Scanner/1.2.4 (SEO Crawler; seoscanners.info; info@seoscanners.info)"
194.209.200.2 - - [01/Aug/2022:00:43:22 +0200] "GET /Admin/Pro-ZurituutschStatuten HTTP/1.1" 200 9580 "-" "Mozilla/5.0 (compatible; TMMBot/0.2; +http://www.dslab.ch)/Nutch-1.15"
85.25.177.139 - - [01/Aug/2022:00:46:57 +0200] "GET /Texte/Limericks?action=print HTTP/1.1" 403 18 "-" "SEO Scanner/1.2.4 (SEO Crawler; seoscanners.info; info@seoscanners.info)"
85.25.177.139 - - [01/Aug/2022:00:47:47 +0200] "GET /Texte/Limericks?action=diff HTTP/1.1" 403 18 "-" "SEO Scanner/1.2.4 (SEO Crawler; seoscanners.info; info@seoscanners.info)"
85.25.177.139 - - [01/Aug/2022:00:48:41 +0200] "GET /Admin/AdresseStiftung?action=diff HTTP/1.1" 403 18 "-" "SEO Scanner/1.2.4 (SEO Crawler; seoscanners.info; info@seoscanners.info)"
85.25.177.139 - - [01/Aug/2022:00:49:20 +0200] "GET /Site/151Konschtanz1485?action=upload HTTP/1.1" 403 18 "-" "SEO Scanner/1.2.4 (SEO Crawler; seoscanners.info; info@seoscanners.info)"
85.25.177.139 - - [01/Aug/2022:00:50:35 +0200] "GET /Site/192HouhsRech1509?action=print HTTP/1.1" 403 18 "-" "SEO Scanner/1.2.4 (SEO Crawler; seoscanners.info; info@seoscanners.info)"
85.25.177.139 - - [01/Aug/2022:00:51:27 +0200] "GET /PodCast/Metamorfoose?action=upload HTTP/1.1" 403 18 "-" "SEO Scanner/1.2.4 (SEO Crawler; seoscanners.info; info@seoscanners.info)"
85.25.177.139 - - [01/Aug/2022:00:51:59 +0200] "GET /Site/21Baadstoube?action=upload HTTP/1.1" 403 18 "-" "SEO Scanner/1.2.4 (SEO Crawler; seoscanners.info; info@seoscanners.info)"
185.191.171.9 - - [01/Aug/2022:00:52:16 +0200] "GET /PmWikiDe/XLPageCookbook?action=upload HTTP/1.1" 403 18 "-" "Mozilla/5.0 (compatible; SemrushBot/7~bl; +http://www.semrush.com/bot.html)"
85.25.177.139 - - [01/Aug/2022:00:53:17 +0200] "GET /PodCast/Lydja?action=print HTTP/1.1" 403 18 "-" "SEO Scanner/1.2.4 (SEO Crawler; seoscanners.info; info@seoscanners.info)"
216.244.66.243 - - [01/Aug/2022:00:53:19 +0200] "GET /robots.txt HTTP/1.1" 200 - "-" "Mozilla/5.0 (compatible; DotBot/1.2; +https://opensiteexplorer.org/dotbot; help@moz.com)"
85.25.177.139 - - [01/Aug/2022:00:54:26 +0200] "GET /PodCast/Schaidig1?action=edit HTTP/1.1" 403 18 "-" "SEO Scanner/1.2.4 (SEO Crawler; seoscanners.info; info@seoscanners.info)"
85.25.177.139 - - [01/Aug/2022:00:55:15 +0200] "GET /Texte/Gloosse?action=edit HTTP/1.1" 403 18 "-" "SEO Scanner/1.2.4 (SEO Crawler; seoscanners.info; info@seoscanners.info)"
85.25.177.139 - - [01/Aug/2022:00:57:02 +0200] "GET /Site/Leerbouech?action=edit HTTP/1.1" 403 18 "-" "SEO Scanner/1.2.4 (SEO Crawler; seoscanners.info; info@seoscanners.info)"
85.25.177.139 - - [01/Aug/2022:00:57:37 +0200] "GET /Texte/Metamorphoses?action=upload HTTP/1.1" 403 18 "-" "SEO Scanner/1.2.4 (SEO Crawler; seoscanners.info; info@seoscanners.info)"
66.249.76.220 - - [01/Aug/2022:00:58:18 +0200] "GET /PodCast/IndexPage?action=rss HTTP/1.1" 200 6298 "-" "Mozilla/5.0 (compatible; Googlebot/2.1; +http://www.google.com/bot.html)"
85.25.177.139 - - [01/Aug/2022:00:58:26 +0200] "GET /Texte/Styluebige?action=edit HTTP/1.1" 403 18 "-" "SEO Scanner/1.2.4 (SEO Crawler; seoscanners.info; info@seoscanners.info)"
85.25.177.139 - - [01/Aug/2022:00:59:29 +0200] "GET /PodCast/Styluebige?action=edit HTTP/1.1" 403 18 "-" "SEO Scanner/1.2.4 (SEO Crawler; seoscanners.info; info@seoscanners.info)"
185.191.171.6 - - [01/Aug/2022:00:59:49 +0200] "GET /PmWiki/PageTextVariables HTTP/1.1" 200 26102 "-" "Mozilla/5.0 (compatible; SemrushBot/7~bl; +http://www.semrush.com/bot.html)"
85.25.177.139 - - [01/Aug/2022:01:00:44 +0200] "GET /Hilfe/RealOne?action=print HTTP/1.1" 403 18 "-" "SEO Scanner/1.2.4 (SEO Crawler; seoscanners.info; info@seoscanners.info)"
85.25.177.139 - - [01/Aug/2022:01:01:52 +0200] "GET /Hilfe/RealOne?action=upload HTTP/1.1" 403 18 "-" "SEO Scanner/1.2.4 (SEO Crawler; seoscanners.info; info@seoscanners.info)"
85.25.177.139 - - [01/Aug/2022:01:03:09 +0200] "GET /Site/132MIringe1483?action=edit HTTP/1.1" 404 18 "-" "SEO Scanner/1.2.4 (SEO Crawler; seoscanners.info; info@seoscanners.info)"
8.29.198.26 - - [01/Aug/2022:01:03:50 +0200] "GET /PodCast/IndexPage?action=rss HTTP/1.1" 200 6298 "-" "Feedly/1.0 (+http://www.feedly.com/fetcher.html; 3 subscribers; like FeedFetcher-Google)"
85.25.177.139 - - [01/Aug/2022:01:04:32 +0200] "GET /Texte/Styluebige?action=diff HTTP/1.1" 403 18 "-" "SEO Scanner/1.2.4 (SEO Crawler; seoscanners.info; info@seoscanners.info)"
85.25.177.139 - - [01/Aug/2022:01:04:56 +0200] "GET /PodCast/JBJKap1?action=print HTTP/1.1" 403 18 "-" "SEO Scanner/1.2.4 (SEO Crawler; seoscanners.info; info@seoscanners.info)"
216.244.66.243 - - [01/Aug/2022:01:05:27 +0200] "GET /PmWiki/TableDirectives HTTP/1.1" 200 22378 "-" "Mozilla/5.0 (compatible; DotBot/1.2; +https://opensiteexplorer.org/dotbot; help@moz.com)"
85.25.177.139 - - [01/Aug/2022:01:06:06 +0200] "GET /PodCast/PrSidNtewaal?action=diff HTTP/1.1" 403 18 "-" "SEO Scanner/1.2.4 (SEO Crawler; seoscanners.info; info@seoscanners.info)"
216.244.66.243 - - [01/Aug/2022:01:06:47 +0200] "GET /PmWiki/SitePageActions HTTP/1.1" 200 21516 "-" "Mozilla/5.0 (compatible; DotBot/1.2; +https://opensiteexplorer.org/dotbot; help@moz.com)"
85.25.177.139 - - [01/Aug/2022:01:07:37 +0200] "GET /PodCast/Metamorfoose?action=edit HTTP/1.1" 403 18 "-" "SEO Scanner/1.2.4 (SEO Crawler; seoscanners.info; info@seoscanners.info)"
85.25.177.139 - - [01/Aug/2022:01:08:39 +0200] "GET /Texte/Metamorphoses?action=diff HTTP/1.1" 403 18 "-" "SEO Scanner/1.2.4 (SEO Crawler; seoscanners.info; info@seoscanners.info)"
85.25.177.139 - - [01/Aug/2022:01:09:57 +0200] "GET /PodCast/Schaidig1?action=diff HTTP/1.1" 403 18 "-" "SEO Scanner/1.2.4 (SEO Crawler; seoscanners.info; info@seoscanners.info)"
85.25.177.139 - - [01/Aug/2022:01:11:30 +0200] "GET /Texte/Schrybwys?action=print HTTP/1.1" 403 18 "-" "SEO Scanner/1.2.4 (SEO Crawler; seoscanners.info; info@seoscanners.info)"
85.25.177.139 - - [01/Aug/2022:01:13:07 +0200] "GET /PodCast/SprProfSchwzTggs?action=edit HTTP/1.1" 403 18 "-" "SEO Scanner/1.2.4 (SEO Crawler; seoscanners.info; info@seoscanners.info)"
185.191.171.3 - - [01/Aug/2022:01:13:43 +0200] "GET /PmWikiFr/TextFormattingRules HTTP/1.1" 200 24830 "-" "Mozilla/5.0 (compatible; SemrushBot/7~bl; +http://www.semrush.com/bot.html)"
85.25.177.139 - - [01/Aug/2022:01:14:23 +0200] "GET /PodCast/SprProfSchwzTggs?action=diff HTTP/1.1" 403 18 "-" "SEO Scanner/1.2.4 (SEO Crawler; seoscanners.info; info@seoscanners.info)"
85.25.177.139 - - [01/Aug/2022:01:15:05 +0200] "GET /Texte/Bitterbeuhsi?action=diff HTTP/1.1" 403 18 "-" "SEO Scanner/1.2.4 (SEO Crawler; seoscanners.info; info@seoscanners.info)"
194.209.200.2 - - [01/Aug/2022:01:15:35 +0200] "GET /robots.txt HTTP/1.1" 200 - "-" "Mozilla/5.0 (compatible; TMMBot/0.2; +http://www.dslab.ch)/Nutch-1.15"
194.209.200.2 - - [01/Aug/2022:01:15:35 +0200] "GET /Texte/Schrybwys HTTP/1.1" 200 11028 "-" "Mozilla/5.0 (compatible; TMMBot/0.2; +http://www.dslab.ch)/Nutch-1.15"
157.55.39.200 - - [01/Aug/2022:01:15:54 +0200] "GET /robots.txt HTTP/1.1" 200 - "-" "Mozilla/5.0 (compatible; bingbot/2.0; +http://www.bing.com/bingbot.htm)"
40.77.167.53 - - [01/Aug/2022:01:16:03 +0200] "GET /PodCast/Rucktrittstrioumpf?action=edit HTTP/1.1" 403 18 "-" "Mozilla/5.0 (compatible; bingbot/2.0; +http://www.bing.com/bingbot.htm)"
194.209.200.2 - - [01/Aug/2022:01:16:28 +0200] "GET /Texte/ArsAmatoria HTTP/1.1" 200 12369 "-" "Mozilla/5.0 (compatible; TMMBot/0.2; +http://www.dslab.ch)/Nutch-1.15"
114.119.141.232 - - [01/Aug/2022:01:16:47 +0200] "GET /PmWikiPtBr/XLPage?action=print HTTP/1.1" 403 18 "http://www.pro-zurituutsch.ch/PmWikiPtBr/XLPage" "Mozilla/5.0 (Linux; Android 7.0;) AppleWebKit/537.36 (KHTML, like Gecko) Mobile Safari/537.36 (compatible; PetalBot;+https://webmaster.petalsearch.com/site/petalbot)"
85.25.177.139 - - [01/Aug/2022:01:16:49 +0200] "GET /Texte/Bitterbeuhsi?action=print HTTP/1.1" 403 18 "-" "SEO Scanner/1.2.4 (SEO Crawler; seoscanners.info; info@seoscanners.info)"
85.25.177.139 - - [01/Aug/2022:01:17:44 +0200] "GET /Texte/Styluebige?action=print HTTP/1.1" 403 18 "-" "SEO Scanner/1.2.4 (SEO Crawler; seoscanners.info; info@seoscanners.info)"
194.209.200.2 - - [01/Aug/2022:01:18:28 +0200] "GET /Texte/Gloosse HTTP/1.1" 200 8061 "-" "Mozilla/5.0 (compatible; TMMBot/0.2; +http://www.dslab.ch)/Nutch-1.15"
85.25.177.139 - - [01/Aug/2022:01:19:04 +0200] "GET /Site/151Konschtanz1485?action=print HTTP/1.1" 403 18 "-" "SEO Scanner/1.2.4 (SEO Crawler; seoscanners.info; info@seoscanners.info)"
194.209.200.2 - - [01/Aug/2022:01:19:20 +0200] "GET /Admin/Pro-ZurituutschStatuten HTTP/1.1" 200 9580 "-" "Mozilla/5.0 (compatible; TMMBot/0.2; +http://www.dslab.ch)/Nutch-1.15"
85.25.177.139 - - [01/Aug/2022:01:20:21 +0200] "GET /Texte/Metamorphoses?action=edit HTTP/1.1" 403 18 "-" "SEO Scanner/1.2.4 (SEO Crawler; seoscanners.info; info@seoscanners.info)"
85.25.177.139 - - [01/Aug/2022:01:21:16 +0200] "GET /Site/Leerbouech?action=diff HTTP/1.1" 403 18 "-" "SEO Scanner/1.2.4 (SEO Crawler; seoscanners.info; info@seoscanners.info)"
85.25.177.139 - - [01/Aug/2022:01:22:52 +0200] "GET /Texte/Limericks?action=edit HTTP/1.1" 403 18 "-" "SEO Scanner/1.2.4 (SEO Crawler; seoscanners.info; info@seoscanners.info)"
85.25.177.139 - - [01/Aug/2022:01:24:03 +0200] "GET /Admin/AdresseStiftung?action=edit HTTP/1.1" 403 18 "-" "SEO Scanner/1.2.4 (SEO Crawler; seoscanners.info; info@seoscanners.info)"
85.25.177.139 - - [01/Aug/2022:01:25:29 +0200] "GET /PodCast/RURAkt2TIl1?action=print HTTP/1.1" 403 18 "-" "SEO Scanner/1.2.4 (SEO Crawler; seoscanners.info; info@seoscanners.info)"
85.25.177.139 - - [01/Aug/2022:01:26:56 +0200] "GET /Site/WGA6Klynikerfaarig?action=diff HTTP/1.1" 403 18 "-" "SEO Scanner/1.2.4 (SEO Crawler; seoscanners.info; info@seoscanners.info)"
64.124.8.36 - - [01/Aug/2022:01:27:12 +0200] "GET /robots.txt HTTP/1.1" 200 - "-" "Mozilla/5.0 (X11; Linux x86_64) AppleWebKit/537.36 (KHTML, like Gecko) Chrome/61.0.3163.79 Safari/537.36"
64.124.8.36 - - [01/Aug/2022:01:27:12 +0200] "GET /resources/speaker.jpg HTTP/1.1" 404 291 "-" "Mozilla/5.0 (X11; Linux x86_64) AppleWebKit/537.36 (KHTML, like Gecko) Chrome/61.0.3163.79 Safari/537.36"
85.25.177.139 - - [01/Aug/2022:01:28:02 +0200] "GET /PodCast/RURAkt2TIl1?action=upload HTTP/1.1" 403 18 "-" "SEO Scanner/1.2.4 (SEO Crawler; seoscanners.info; info@seoscanners.info)"
85.25.177.139 - - [01/Aug/2022:01:29:38 +0200] "GET /PodCast/Styluebige?action=upload HTTP/1.1" 403 18 "-" "SEO Scanner/1.2.4 (SEO Crawler; seoscanners.info; info@seoscanners.info)"
85.25.177.139 - - [01/Aug/2022:01:30:17 +0200] "GET /Site/Leerbouech?action=print HTTP/1.1" 403 18 "-" "SEO Scanner/1.2.4 (SEO Crawler; seoscanners.info; info@seoscanners.info)"
185.191.171.13 - - [01/Aug/2022:01:30:18 +0200] "GET /robots.txt HTTP/1.1" 200 - "-" "Mozilla/5.0 (compatible; SemrushBot/7~bl; +http://www.semrush.com/bot.html)"
185.191.171.45 - - [01/Aug/2022:01:30:19 +0200] "GET /PmWikiRu/Images HTTP/1.1" 200 25438 "-" "Mozilla/5.0 (compatible; SemrushBot/7~bl; +http://www.semrush.com/bot.html)"
54.36.148.99 - - [01/Aug/2022:01:30:48 +0200] "GET /robots.txt HTTP/1.1" 200 - "-" "Mozilla/5.0 (compatible; AhrefsBot/7.0; +http://ahrefs.com/robot/)"
54.36.148.100 - - [01/Aug/2022:01:30:49 +0200] "GET /Hilfe/RealOne?action=print HTTP/1.1" 403 18 "-" "Mozilla/5.0 (compatible; AhrefsBot/7.0; +http://ahrefs.com/robot/)"
85.25.177.139 - - [01/Aug/2022:01:31:25 +0200] "GET /Site/WGA6Klynikerfaarig?action=upload HTTP/1.1" 403 18 "-" "SEO Scanner/1.2.4 (SEO Crawler; seoscanners.info; info@seoscanners.info)"
114.119.140.71 - - [01/Aug/2022:01:34:05 +0200] "GET /PmWikiFr/XLPage?action=upload HTTP/1.1" 403 18 "http://www.pro-zurituutsch.ch/PmWikiFr/XLPage" "Mozilla/5.0 (Linux; Android 7.0;) AppleWebKit/537.36 (KHTML, like Gecko) Mobile Safari/537.36 (compatible; PetalBot;+https://webmaster.petalsearch.com/site/petalbot)"
85.25.177.139 - - [01/Aug/2022:01:34:26 +0200] "GET /PodCast/RURAkt2TIl1?action=edit HTTP/1.1" 403 18 "-" "SEO Scanner/1.2.4 (SEO Crawler; seoscanners.info; info@seoscanners.info)"
85.25.177.139 - - [01/Aug/2022:01:35:49 +0200] "GET /PodCast/Leerplaan?action=print HTTP/1.1" 403 18 "-" "SEO Scanner/1.2.4 (SEO Crawler; seoscanners.info; info@seoscanners.info)"
85.25.177.139 - - [01/Aug/2022:01:37:30 +0200] "GET /Site/WGA6Klynikerfaarig?action=print HTTP/1.1" 403 18 "-" "SEO Scanner/1.2.4 (SEO Crawler; seoscanners.info; info@seoscanners.info)"
85.25.177.139 - - [01/Aug/2022:01:38:06 +0200] "GET /PodCast/RSSPodcasts?action=diff HTTP/1.1" 403 18 "-" "SEO Scanner/1.2.4 (SEO Crawler; seoscanners.info; info@seoscanners.info)"
128.199.109.135 - - [01/Aug/2022:01:39:26 +0200] "GET /wp-login.php HTTP/1.1" 404 278 "-" "Mozilla/5.0 (Windows NT 10.0; Win64; x64; rv:96.0) Gecko/20100101 Firefox/96"
85.25.177.139 - - [01/Aug/2022:01:40:49 +0200] "GET /PodCast/Leerplaan?action=upload HTTP/1.1" 403 18 "-" "SEO Scanner/1.2.4 (SEO Crawler; seoscanners.info; info@seoscanners.info)"
85.25.177.139 - - [01/Aug/2022:01:41:37 +0200] "GET /Texte/Metamorphoses?action=print HTTP/1.1" 403 18 "-" "SEO Scanner/1.2.4 (SEO Crawler; seoscanners.info; info@seoscanners.info)"
85.25.177.139 - - [01/Aug/2022:01:42:30 +0200] "GET /PodCast/Metamorfoose?action=print HTTP/1.1" 403 18 "-" "SEO Scanner/1.2.4 (SEO Crawler; seoscanners.info; info@seoscanners.info)"
85.25.177.139 - - [01/Aug/2022:01:44:23 +0200] "GET /PodCast/Lydja?action=upload HTTP/1.1" 403 18 "-" "SEO Scanner/1.2.4 (SEO Crawler; seoscanners.info; info@seoscanners.info)"
85.25.177.139 - - [01/Aug/2022:01:46:01 +0200] "GET /Hilfe/AnleitungTonbeispiele?action=print HTTP/1.1" 403 18 "-" "SEO Scanner/1.2.4 (SEO Crawler; seoscanners.info; info@seoscanners.info)"
85.25.177.139 - - [01/Aug/2022:01:47:36 +0200] "GET /PodCast/RSSPodcasts?action=print HTTP/1.1" 403 18 "-" "SEO Scanner/1.2.4 (SEO Crawler; seoscanners.info; info@seoscanners.info)"
34.213.91.79 - - [01/Aug/2022:01:49:03 +0200] "GET /PodCast/Bombe HTTP/1.1" 200 8662 "-" "wiederfreibot/1.0 (+https://www.wiederfrei.ch/crawler.html)"
85.25.177.139 - - [01/Aug/2022:01:49:11 +0200] "GET /Texte/Gloosse?action=upload HTTP/1.1" 403 18 "-" "SEO Scanner/1.2.4 (SEO Crawler; seoscanners.info; info@seoscanners.info)"
185.191.171.40 - - [01/Aug/2022:01:49:51 +0200] "GET /PmWikiDa/PmWikiDa?action=diff HTTP/1.1" 403 18 "-" "Mozilla/5.0 (compatible; SemrushBot/7~bl; +http://www.semrush.com/bot.html)"
85.25.177.139 - - [01/Aug/2022:01:50:13 +0200] "GET /PodCast/RSSPodcasts?action=edit HTTP/1.1" 403 18 "-" "SEO Scanner/1.2.4 (SEO Crawler; seoscanners.info; info@seoscanners.info)"
194.209.200.2 - - [01/Aug/2022:01:50:43 +0200] "GET /robots.txt HTTP/1.1" 200 - "-" "Mozilla/5.0 (compatible; TMMBot/0.2; +http://www.dslab.ch)/Nutch-1.15"
194.209.200.2 - - [01/Aug/2022:01:50:43 +0200] "GET /Texte/Schrybwys HTTP/1.1" 200 11028 "-" "Mozilla/5.0 (compatible; TMMBot/0.2; +http://www.dslab.ch)/Nutch-1.15"
194.209.200.2 - - [01/Aug/2022:01:51:29 +0200] "GET /Texte/ArsAmatoria HTTP/1.1" 200 12369 "-" "Mozilla/5.0 (compatible; TMMBot/0.2; +http://www.dslab.ch)/Nutch-1.15"
85.25.177.139 - - [01/Aug/2022:01:51:47 +0200] "GET /Site/WGA6Klynikerfaarig?action=edit HTTP/1.1" 403 18 "-" "SEO Scanner/1.2.4 (SEO Crawler; seoscanners.info; info@seoscanners.info)"
66.249.76.220 - - [01/Aug/2022:01:52:56 +0200] "GET /PodCast/IndexPage?action=rss HTTP/1.1" 200 6298 "-" "Mozilla/5.0 (compatible; Googlebot/2.1; +http://www.google.com/bot.html)"
194.209.200.2 - - [01/Aug/2022:01:53:21 +0200] "GET /Texte/Gloosse HTTP/1.1" 200 8061 "-" "Mozilla/5.0 (compatible; TMMBot/0.2; +http://www.dslab.ch)/Nutch-1.15"
194.209.200.2 - - [01/Aug/2022:01:54:12 +0200] "GET /Admin/Pro-ZurituutschStatuten HTTP/1.1" 200 9580 "-" "Mozilla/5.0 (compatible; TMMBot/0.2; +http://www.dslab.ch)/Nutch-1.15"
185.191.171.14 - - [01/Aug/2022:01:54:28 +0200] "GET /PmWikiFr/ErrorMessages?action=edit HTTP/1.1" 403 18 "-" "Mozilla/5.0 (compatible; SemrushBot/7~bl; +http://www.semrush.com/bot.html)"
85.25.177.139 - - [01/Aug/2022:01:54:35 +0200] "GET /PodCast/RSSPodcasts?action=upload HTTP/1.1" 403 18 "-" "SEO Scanner/1.2.4 (SEO Crawler; seoscanners.info; info@seoscanners.info)"
85.25.177.139 - - [01/Aug/2022:01:55:43 +0200] "GET /PodCast/JBJKap1?action=edit HTTP/1.1" 403 18 "-" "SEO Scanner/1.2.4 (SEO Crawler; seoscanners.info; info@seoscanners.info)"
85.25.177.139 - - [01/Aug/2022:01:57:08 +0200] "GET /Texte/Gloosse?action=print HTTP/1.1" 403 18 "-" "SEO Scanner/1.2.4 (SEO Crawler; seoscanners.info; info@seoscanners.info)"
85.25.177.139 - - [01/Aug/2022:01:59:50 +0200] "GET /PodCast/Styluebige?action=diff HTTP/1.1" 403 18 "-" "SEO Scanner/1.2.4 (SEO Crawler; seoscanners.info; info@seoscanners.info)"
85.25.177.139 - - [01/Aug/2022:02:00:53 +0200] "GET /PodCast/SprProfSchwzTggs?action=print HTTP/1.1" 403 18 "-" "SEO Scanner/1.2.4 (SEO Crawler; seoscanners.info; info@seoscanners.info)"
54.36.148.82 - - [01/Aug/2022:02:01:14 +0200] "GET / HTTP/1.1" 200 15085 "-" "Mozilla/5.0 (compatible; AhrefsBot/7.0; +http://ahrefs.com/robot/)"
85.25.177.139 - - [01/Aug/2022:02:02:12 +0200] "GET /PodCast/RURAkt2TIl1?action=diff HTTP/1.1" 403 18 "-" "SEO Scanner/1.2.4 (SEO Crawler; seoscanners.info; info@seoscanners.info)"
157.55.39.152 - - [01/Aug/2022:02:03:08 +0200] "GET /PodCast/Gagetail?action=print HTTP/1.1" 403 18 "-" "Mozilla/5.0 (compatible; bingbot/2.0; +http://www.bing.com/bingbot.htm)"
3.216.185.164 - - [01/Aug/2022:02:03:25 +0200] "GET /PodCast/IndexPage?action=rss HTTP/1.1" 200 6298 "-" "PocketCasts/1.0 (Pocket Casts Feed Parser; +http://pocketcasts.com/)"
85.25.177.139 - - [01/Aug/2022:02:03:43 +0200] "GET /PodCast/Poutschology?action=diff HTTP/1.1" 403 18 "-" "SEO Scanner/1.2.4 (SEO Crawler; seoscanners.info; info@seoscanners.info)"
85.25.177.139 - - [01/Aug/2022:02:05:08 +0200] "GET /PodCast/Hafering?action=diff HTTP/1.1" 403 18 "-" "SEO Scanner/1.2.4 (SEO Crawler; seoscanners.info; info@seoscanners.info)"
85.25.177.139 - - [01/Aug/2022:02:06:34 +0200] "GET /PodCast/PrSidNtewaal?action=edit HTTP/1.1" 403 18 "-" "SEO Scanner/1.2.4 (SEO Crawler; seoscanners.info; info@seoscanners.info)"
85.25.177.139 - - [01/Aug/2022:02:08:23 +0200] "GET /PodCast/PrSidNtewaal?action=upload HTTP/1.1" 403 18 "-" "SEO Scanner/1.2.4 (SEO Crawler; seoscanners.info; info@seoscanners.info)"
85.25.177.139 - - [01/Aug/2022:02:09:45 +0200] "GET /PodCast/Hafering?action=edit HTTP/1.1" 403 18 "-" "SEO Scanner/1.2.4 (SEO Crawler; seoscanners.info; info@seoscanners.info)"
85.25.177.139 - - [01/Aug/2022:02:11:33 +0200] "GET /Site/151Konschtanz1485?action=diff HTTP/1.1" 403 18 "-" "SEO Scanner/1.2.4 (SEO Crawler; seoscanners.info; info@seoscanners.info)"
114.119.141.232 - - [01/Aug/2022:02:12:20 +0200] "GET /PmWikiDe/XLPageCookbook?action=diff HTTP/1.1" 403 18 "http://www.pro-zurituutsch.ch/PmWikiDe/XLPageCookbook" "Mozilla/5.0 (Linux; Android 7.0;) AppleWebKit/537.36 (KHTML, like Gecko) Mobile Safari/537.36 (compatible; PetalBot;+https://webmaster.petalsearch.com/site/petalbot)"
85.25.177.139 - - [01/Aug/2022:02:12:52 +0200] "GET /Hilfe/Winamp?action=edit HTTP/1.1" 403 18 "-" "SEO Scanner/1.2.4 (SEO Crawler; seoscanners.info; info@seoscanners.info)"
85.25.177.139 - - [01/Aug/2022:02:13:45 +0200] "GET /Texte/ZurcherischEnglish?action=upload HTTP/1.1" 403 18 "-" "SEO Scanner/1.2.4 (SEO Crawler; seoscanners.info; info@seoscanners.info)"
85.25.177.139 - - [01/Aug/2022:02:14:35 +0200] "GET /PodCast/Poutschology?action=edit HTTP/1.1" 403 18 "-" "SEO Scanner/1.2.4 (SEO Crawler; seoscanners.info; info@seoscanners.info)"
85.25.177.139 - - [01/Aug/2022:02:15:39 +0200] "GET /PodCast/Poutschology?action=upload HTTP/1.1" 403 18 "-" "SEO Scanner/1.2.4 (SEO Crawler; seoscanners.info; info@seoscanners.info)"
185.191.171.4 - - [01/Aug/2022:02:16:00 +0200] "GET /PmWikiFr/CheminDeRecherche?action=diff HTTP/1.1" 403 18 "-" "Mozilla/5.0 (compatible; SemrushBot/7~bl; +http://www.semrush.com/bot.html)"
85.25.177.139 - - [01/Aug/2022:02:17:19 +0200] "GET /PodCast/SprForKom?action=diff HTTP/1.1" 403 18 "-" "SEO Scanner/1.2.4 (SEO Crawler; seoscanners.info; info@seoscanners.info)"
85.25.177.139 - - [01/Aug/2022:02:18:28 +0200] "GET /PodCast/SprForKom?action=upload HTTP/1.1" 403 18 "-" "SEO Scanner/1.2.4 (SEO Crawler; seoscanners.info; info@seoscanners.info)"
168.119.51.163 - - [01/Aug/2022:02:18:42 +0200] "GET /robots.txt HTTP/1.1" 200 - "-" "Mozilla/5.0 (compatible; um-IC/1.0; mailto: techinfo@ubermetrics-technologies.com; Windows NT 6.1; WOW64; rv:40.0) Gecko/20100101 Firefox/40.1"
168.119.51.163 - - [01/Aug/2022:02:18:42 +0200] "GET /PodCast/IndexPage?action=rss HTTP/1.1" 200 6298 "-" "Mozilla/5.0 (compatible; um-IC/1.0; mailto: techinfo@ubermetrics-technologies.com; Windows NT 6.1; WOW64; rv:40.0) Gecko/20100101 Firefox/40.1"
85.25.177.139 - - [01/Aug/2022:02:19:36 +0200] "GET /PodCast/SprForKom?action=edit HTTP/1.1" 403 18 "-" "SEO Scanner/1.2.4 (SEO Crawler; seoscanners.info; info@seoscanners.info)"
85.25.177.139 - - [01/Aug/2022:02:21:18 +0200] "GET /PodCast/SprForKom?action=print HTTP/1.1" 403 18 "-" "SEO Scanner/1.2.4 (SEO Crawler; seoscanners.info; info@seoscanners.info)"
85.25.177.139 - - [01/Aug/2022:02:22:39 +0200] "GET /Site/21Baadstoube?action=print HTTP/1.1" 403 18 "-" "SEO Scanner/1.2.4 (SEO Crawler; seoscanners.info; info@seoscanners.info)"
85.25.177.139 - - [01/Aug/2022:02:24:35 +0200] "GET /Site/192HouhsRech1509?action=upload HTTP/1.1" 403 18 "-" "SEO Scanner/1.2.4 (SEO Crawler; seoscanners.info; info@seoscanners.info)"
185.191.171.21 - - [01/Aug/2022:02:25:53 +0200] "GET /PmWikiIt/CreatingNewPages?action=upload HTTP/1.1" 403 18 "-" "Mozilla/5.0 (compatible; SemrushBot/7~bl; +http://www.semrush.com/bot.html)"
85.25.177.139 - - [01/Aug/2022:02:26:52 +0200] "GET /Texte/ArsAmatoria?action=print HTTP/1.1" 403 18 "-" "SEO Scanner/1.2.4 (SEO Crawler; seoscanners.info; info@seoscanners.info)"
185.191.171.25 - - [01/Aug/2022:02:27:08 +0200] "GET /PmWikiDe/BasicVariables HTTP/1.1" 200 16116 "-" "Mozilla/5.0 (compatible; SemrushBot/7~bl; +http://www.semrush.com/bot.html)"
85.25.177.139 - - [01/Aug/2022:02:27:20 +0200] "GET /PodCast/Lydja?action=edit HTTP/1.1" 403 18 "-" "SEO Scanner/1.2.4 (SEO Crawler; seoscanners.info; info@seoscanners.info)"
85.25.177.139 - - [01/Aug/2022:02:27:51 +0200] "GET /Hilfe/Winamp?action=upload HTTP/1.1" 403 18 "-" "SEO Scanner/1.2.4 (SEO Crawler; seoscanners.info; info@seoscanners.info)"
85.25.177.139 - - [01/Aug/2022:02:30:08 +0200] "GET /PodCast/Hafering?action=print HTTP/1.1" 403 18 "-" "SEO Scanner/1.2.4 (SEO Crawler; seoscanners.info; info@seoscanners.info)"
85.25.177.139 - - [01/Aug/2022:02:30:45 +0200] "GET /Hilfe/Winamp?action=diff HTTP/1.1" 403 18 "-" "SEO Scanner/1.2.4 (SEO Crawler; seoscanners.info; info@seoscanners.info)"
85.25.177.139 - - [01/Aug/2022:02:32:25 +0200] "GET /PodCast/PrSidNtewaal?action=print HTTP/1.1" 403 18 "-" "SEO Scanner/1.2.4 (SEO Crawler; seoscanners.info; info@seoscanners.info)"
85.25.177.139 - - [01/Aug/2022:02:34:11 +0200] "GET /PodCast/Poutschology?action=print HTTP/1.1" 403 18 "-" "SEO Scanner/1.2.4 (SEO Crawler; seoscanners.info; info@seoscanners.info)"
185.191.171.11 - - [01/Aug/2022:02:35:02 +0200] "GET /robots.txt HTTP/1.1" 200 - "-" "Mozilla/5.0 (compatible; SemrushBot/7~bl; +http://www.semrush.com/bot.html)"
185.191.171.40 - - [01/Aug/2022:02:35:02 +0200] "GET /PmWikiIt/SpecialMarkups?action=edit HTTP/1.1" 404 18 "-" "Mozilla/5.0 (compatible; SemrushBot/7~bl; +http://www.semrush.com/bot.html)"
185.191.171.26 - - [01/Aug/2022:02:42:36 +0200] "GET /PmWikiIt/PageHistory?action=edit HTTP/1.1" 404 18 "-" "Mozilla/5.0 (compatible; SemrushBot/7~bl; +http://www.semrush.com/bot.html)"
66.249.76.222 - - [01/Aug/2022:02:44:03 +0200] "GET /PodCast/IndexPage?action=rss HTTP/1.1" 200 6298 "-" "Mozilla/5.0 (compatible; Googlebot/2.1; +http://www.google.com/bot.html)"
194.209.200.2 - - [01/Aug/2022:02:49:26 +0200] "GET /robots.txt HTTP/1.1" 200 - "-" "Mozilla/5.0 (compatible; TMMBot/0.2; +http://www.dslab.ch)/Nutch-1.15"
194.209.200.2 - - [01/Aug/2022:02:49:26 +0200] "GET /Texte/Schrybwys HTTP/1.1" 200 11028 "-" "Mozilla/5.0 (compatible; TMMBot/0.2; +http://www.dslab.ch)/Nutch-1.15"
85.25.177.139 - - [01/Aug/2022:02:50:14 +0200] "GET /Admin/AdresseStiftung?action=diff HTTP/1.1" 403 18 "-" "SEO Scanner/1.2.4 (SEO Crawler; seoscanners.info; info@seoscanners.info)"
185.191.171.5 - - [01/Aug/2022:02:51:38 +0200] "GET /PmWikiDe/GroupHeader?action=diff HTTP/1.1" 403 18 "-" "Mozilla/5.0 (compatible; SemrushBot/7~bl; +http://www.semrush.com/bot.html)"
194.209.200.2 - - [01/Aug/2022:02:52:10 +0200] "GET /Texte/Gloosse HTTP/1.1" 200 8061 "-" "Mozilla/5.0 (compatible; TMMBot/0.2; +http://www.dslab.ch)/Nutch-1.15"
85.25.177.139 - - [01/Aug/2022:02:52:38 +0200] "GET /Site/192HouhsRech1509?action=print HTTP/1.1" 403 18 "-" "SEO Scanner/1.2.4 (SEO Crawler; seoscanners.info; info@seoscanners.info)"
194.209.200.2 - - [01/Aug/2022:02:53:47 +0200] "GET /Texte/Bitterbeuhsi HTTP/1.1" 200 9255 "-" "Mozilla/5.0 (compatible; TMMBot/0.2; +http://www.dslab.ch)/Nutch-1.15"
85.25.177.139 - - [01/Aug/2022:02:53:51 +0200] "GET /Site/21Baadstoube?action=upload HTTP/1.1" 403 18 "-" "SEO Scanner/1.2.4 (SEO Crawler; seoscanners.info; info@seoscanners.info)"
85.25.177.139 - - [01/Aug/2022:02:54:59 +0200] "GET /PodCast/Lydja?action=print HTTP/1.1" 403 18 "-" "SEO Scanner/1.2.4 (SEO Crawler; seoscanners.info; info@seoscanners.info)"
85.25.177.139 - - [01/Aug/2022:02:56:31 +0200] "GET /PodCast/Metamorfoose?action=upload HTTP/1.1" 403 18 "-" "SEO Scanner/1.2.4 (SEO Crawler; seoscanners.info; info@seoscanners.info)"
85.25.177.139 - - [01/Aug/2022:02:57:47 +0200] "GET /Texte/Gloosse?action=edit HTTP/1.1" 403 18 "-" "SEO Scanner/1.2.4 (SEO Crawler; seoscanners.info; info@seoscanners.info)"
85.25.177.139 - - [01/Aug/2022:02:59:06 +0200] "GET /PodCast/Schaidig1?action=edit HTTP/1.1" 403 18 "-" "SEO Scanner/1.2.4 (SEO Crawler; seoscanners.info; info@seoscanners.info)"
85.25.177.139 - - [01/Aug/2022:03:00:01 +0200] "GET /Texte/Styluebige?action=edit HTTP/1.1" 403 18 "-" "SEO Scanner/1.2.4 (SEO Crawler; seoscanners.info; info@seoscanners.info)"
85.25.177.139 - - [01/Aug/2022:03:01:23 +0200] "GET /Texte/Metamorphoses?action=upload HTTP/1.1" 403 18 "-" "SEO Scanner/1.2.4 (SEO Crawler; seoscanners.info; info@seoscanners.info)"
85.25.177.139 - - [01/Aug/2022:03:06:25 +0200] "GET /PodCast/JBJKap1?action=print HTTP/1.1" 403 18 "-" "SEO Scanner/1.2.4 (SEO Crawler; seoscanners.info; info@seoscanners.info)"
185.191.171.10 - - [01/Aug/2022:03:07:26 +0200] "GET /PmWikiFr/ErrorMessages?action=print HTTP/1.1" 403 18 "-" "Mozilla/5.0 (compatible; SemrushBot/7~bl; +http://www.semrush.com/bot.html)"
85.25.177.139 - - [01/Aug/2022:03:07:28 +0200] "GET /PodCast/PrSidNtewaal?action=diff HTTP/1.1" 403 18 "-" "SEO Scanner/1.2.4 (SEO Crawler; seoscanners.info; info@seoscanners.info)"
185.191.171.2 - - [01/Aug/2022:03:08:15 +0200] "GET /PmWikiIt/SimpleTables2?action=edit HTTP/1.1" 404 18 "-" "Mozilla/5.0 (compatible; SemrushBot/7~bl; +http://www.semrush.com/bot.html)"
85.25.177.139 - - [01/Aug/2022:03:09:02 +0200] "GET /PodCast/Metamorfoose?action=edit HTTP/1.1" 403 18 "-" "SEO Scanner/1.2.4 (SEO Crawler; seoscanners.info; info@seoscanners.info)"
185.191.171.1 - - [01/Aug/2022:03:09:22 +0200] "GET /PmWikiFr/MarkupCharacters?action=upload HTTP/1.1" 403 18 "-" "Mozilla/5.0 (compatible; SemrushBot/7~bl; +http://www.semrush.com/bot.html)"
85.25.177.139 - - [01/Aug/2022:03:10:14 +0200] "GET /Texte/Metamorphoses?action=diff HTTP/1.1" 403 18 "-" "SEO Scanner/1.2.4 (SEO Crawler; seoscanners.info; info@seoscanners.info)"
85.25.177.139 - - [01/Aug/2022:03:11:00 +0200] "GET /PodCast/Schaidig1?action=diff HTTP/1.1" 403 18 "-" "SEO Scanner/1.2.4 (SEO Crawler; seoscanners.info; info@seoscanners.info)"
185.191.171.7 - - [01/Aug/2022:03:11:30 +0200] "GET /PmWikiFr/IndexDocumentation HTTP/1.1" 200 16810 "-" "Mozilla/5.0 (compatible; SemrushBot/7~bl; +http://www.semrush.com/bot.html)"
85.25.177.139 - - [01/Aug/2022:03:12:22 +0200] "GET /Texte/Styluebige?action=diff HTTP/1.1" 403 18 "-" "SEO Scanner/1.2.4 (SEO Crawler; seoscanners.info; info@seoscanners.info)"
85.25.177.139 - - [01/Aug/2022:03:18:39 +0200] "GET /Texte/Styluebige?action=print HTTP/1.1" 403 18 "-" "SEO Scanner/1.2.4 (SEO Crawler; seoscanners.info; info@seoscanners.info)"
85.25.177.139 - - [01/Aug/2022:03:20:00 +0200] "GET /Site/151Konschtanz1485?action=print HTTP/1.1" 403 18 "-" "SEO Scanner/1.2.4 (SEO Crawler; seoscanners.info; info@seoscanners.info)"
216.244.66.243 - - [01/Aug/2022:03:25:04 +0200] "GET /robots.txt HTTP/1.1" 200 - "-" "Mozilla/5.0 (compatible; DotBot/1.2; +https://opensiteexplorer.org/dotbot; help@moz.com)"
185.191.171.3 - - [01/Aug/2022:03:28:45 +0200] "GET /PmWikiDe/Internationalisierungen?action=upload HTTP/1.1" 403 18 "-" "Mozilla/5.0 (compatible; SemrushBot/7~bl; +http://www.semrush.com/bot.html)"
85.25.177.139 - - [01/Aug/2022:03:33:36 +0200] "GET /robots.txt HTTP/1.1" 200 - "-" "SEO Scanner/1.2.4 (SEO Crawler; seoscanners.info; info@seoscanners.info)"
85.25.177.139 - - [01/Aug/2022:03:33:36 +0200] "GET /Texte/Metamorphoses?action=edit HTTP/1.1" 403 18 "-" "SEO Scanner/1.2.4 (SEO Crawler; seoscanners.info; info@seoscanners.info)"
85.25.177.139 - - [01/Aug/2022:03:33:47 +0200] "GET /Admin/AdresseStiftung?action=edit HTTP/1.1" 403 18 "-" "SEO Scanner/1.2.4 (SEO Crawler; seoscanners.info; info@seoscanners.info)"
85.25.177.139 - - [01/Aug/2022:03:35:02 +0200] "GET /Texte/Limericks?action=edit HTTP/1.1" 403 18 "-" "SEO Scanner/1.2.4 (SEO Crawler; seoscanners.info; info@seoscanners.info)"
66.249.76.222 - - [01/Aug/2022:03:38:29 +0200] "GET /PodCast/IndexPage?action=rss HTTP/1.1" 200 6298 "-" "Mozilla/5.0 (compatible; Googlebot/2.1; +http://www.google.com/bot.html)"
216.244.66.243 - - [01/Aug/2022:03:39:22 +0200] "GET /PmWiki/Installation HTTP/1.1" 200 22389 "-" "Mozilla/5.0 (compatible; DotBot/1.2; +https://opensiteexplorer.org/dotbot; help@moz.com)"
185.191.171.17 - - [01/Aug/2022:03:43:12 +0200] "GET /robots.txt HTTP/1.1" 200 - "-" "Mozilla/5.0 (compatible; SemrushBot/7~bl; +http://www.semrush.com/bot.html)"
185.191.171.39 - - [01/Aug/2022:03:43:13 +0200] "GET /PmWiki/Glossary HTTP/1.1" 200 16412 "-" "Mozilla/5.0 (compatible; SemrushBot/7~bl; +http://www.semrush.com/bot.html)"
185.191.171.12 - - [01/Aug/2022:03:44:39 +0200] "GET /PmWiki/WikiAdministrator HTTP/1.1" 200 10099 "-" "Mozilla/5.0 (compatible; SemrushBot/7~bl; +http://www.semrush.com/bot.html)"
185.191.171.19 - - [01/Aug/2022:03:44:52 +0200] "GET /PmWikiDe/DeletingPages?action=edit HTTP/1.1" 403 18 "-" "Mozilla/5.0 (compatible; SemrushBot/7~bl; +http://www.semrush.com/bot.html)"
194.209.200.2 - - [01/Aug/2022:03:48:56 +0200] "GET /robots.txt HTTP/1.1" 200 - "-" "Mozilla/5.0 (compatible; TMMBot/0.2; +http://www.dslab.ch)/Nutch-1.15"
194.209.200.2 - - [01/Aug/2022:03:48:56 +0200] "GET /Texte/Schrybwys HTTP/1.1" 200 11028 "-" "Mozilla/5.0 (compatible; TMMBot/0.2; +http://www.dslab.ch)/Nutch-1.15"
194.209.200.2 - - [01/Aug/2022:03:49:44 +0200] "GET /Texte/ArsAmatoria HTTP/1.1" 200 12369 "-" "Mozilla/5.0 (compatible; TMMBot/0.2; +http://www.dslab.ch)/Nutch-1.15"
3.216.185.164 - - [01/Aug/2022:03:51:44 +0200] "GET /PodCast/IndexPage?action=rss HTTP/1.1" 200 6298 "-" "PocketCasts/1.0 (Pocket Casts Feed Parser; +http://pocketcasts.com/)"
194.209.200.2 - - [01/Aug/2022:03:52:42 +0200] "GET /Admin/Pro-ZurituutschStatuten HTTP/1.1" 200 9580 "-" "Mozilla/5.0 (compatible; TMMBot/0.2; +http://www.dslab.ch)/Nutch-1.15"
114.119.141.146 - - [01/Aug/2022:04:01:04 +0200] "GET /PmWikiFr/DeletingPages?action=upload HTTP/1.1" 403 18 "http://www.pro-zurituutsch.ch/PmWikiFr/DeletingPages" "Mozilla/5.0 (Linux; Android 7.0;) AppleWebKit/537.36 (KHTML, like Gecko) Mobile Safari/537.36 (compatible; PetalBot;+https://webmaster.petalsearch.com/site/petalbot)"
114.119.141.133 - - [01/Aug/2022:04:01:26 +0200] "GET /PmWikiFr/PagelistVariables?action=diff HTTP/1.1" 403 18 "http://www.pro-zurituutsch.ch/PmWikiFr/PagelistVariables" "Mozilla/5.0 (Linux; Android 7.0;) AppleWebKit/537.36 (KHTML, like Gecko) Mobile Safari/537.36 (compatible; PetalBot;+https://webmaster.petalsearch.com/site/petalbot)"
185.191.171.22 - - [01/Aug/2022:04:11:40 +0200] "GET /PmWikiIt/InterMap?action=edit HTTP/1.1" 404 18 "-" "Mozilla/5.0 (compatible; SemrushBot/7~bl; +http://www.semrush.com/bot.html)"
157.55.39.171 - - [01/Aug/2022:04:27:28 +0200] "GET /PodCast/Erfruschig?action=diff HTTP/1.1" 403 18 "-" "Mozilla/5.0 (compatible; bingbot/2.0; +http://www.bing.com/bingbot.htm)"
3.219.254.95 - - [01/Aug/2022:04:37:42 +0200] "GET /PodCast/IndexPage?action=rss HTTP/1.1" 200 6298 "-" "PocketCasts/1.0 (Pocket Casts Feed Parser; +http://pocketcasts.com/)"
114.119.140.66 - - [01/Aug/2022:04:43:06 +0200] "GET /PmWikiFr/PageDirectives?action=edit HTTP/1.1" 403 18 "http://www.pro-zurituutsch.ch/PmWikiFr/PageDirectives" "Mozilla/5.0 (Linux; Android 7.0;) AppleWebKit/537.36 (KHTML, like Gecko) Mobile Safari/537.36 (compatible; PetalBot;+https://webmaster.petalsearch.com/site/petalbot)"
66.249.76.193 - - [01/Aug/2022:04:43:26 +0200] "GET /PodCast/IndexPage?action=rss HTTP/1.1" 200 6298 "-" "Mozilla/5.0 (compatible; Googlebot/2.1; +http://www.google.com/bot.html)"
194.209.200.2 - - [01/Aug/2022:04:44:27 +0200] "GET /robots.txt HTTP/1.1" 200 - "-" "Mozilla/5.0 (compatible; TMMBot/0.2; +http://www.dslab.ch)/Nutch-1.15"
194.209.200.2 - - [01/Aug/2022:04:44:27 +0200] "GET /Texte/Schrybwys HTTP/1.1" 200 11028 "-" "Mozilla/5.0 (compatible; TMMBot/0.2; +http://www.dslab.ch)/Nutch-1.15"
194.209.200.2 - - [01/Aug/2022:04:45:17 +0200] "GET /Texte/ArsAmatoria HTTP/1.1" 200 12369 "-" "Mozilla/5.0 (compatible; TMMBot/0.2; +http://www.dslab.ch)/Nutch-1.15"
194.209.200.2 - - [01/Aug/2022:04:47:21 +0200] "GET /Texte/Gloosse HTTP/1.1" 200 8061 "-" "Mozilla/5.0 (compatible; TMMBot/0.2; +http://www.dslab.ch)/Nutch-1.15"
194.209.200.2 - - [01/Aug/2022:04:48:15 +0200] "GET /Admin/Pro-ZurituutschStatuten HTTP/1.1" 200 9580 "-" "Mozilla/5.0 (compatible; TMMBot/0.2; +http://www.dslab.ch)/Nutch-1.15"
114.119.141.146 - - [01/Aug/2022:04:49:00 +0200] "GET /PmWikiFr/PageDirectives?action=upload HTTP/1.1" 403 18 "http://www.pro-zurituutsch.ch/PmWikiFr/PageDirectives" "Mozilla/5.0 (Linux; Android 7.0;) AppleWebKit/537.36 (KHTML, like Gecko) Mobile Safari/537.36 (compatible; PetalBot;+https://webmaster.petalsearch.com/site/petalbot)"
114.119.141.201 - - [01/Aug/2022:04:49:39 +0200] "GET /PmWikiDe/CreatingNewPages?action=print HTTP/1.1" 403 18 "http://www.pro-zurituutsch.ch/PmWikiDe/CreatingNewPages" "Mozilla/5.0 (Linux; Android 7.0;) AppleWebKit/537.36 (KHTML, like Gecko) Mobile Safari/537.36 (compatible; PetalBot;+https://webmaster.petalsearch.com/site/petalbot)"
40.77.167.65 - - [01/Aug/2022:05:06:11 +0200] "GET /Site/Search?pagename=Site%2FSearch&q= HTTP/1.1" 200 10615 "-" "Mozilla/5.0 (compatible; bingbot/2.0; +http://www.bing.com/bingbot.htm)"
199.58.86.206 - - [01/Aug/2022:05:16:09 +0200] "GET /robots.txt HTTP/1.1" 200 - "-" "Mozilla/5.0 (compatible; MJ12bot/v1.4.8; http://mj12bot.com/)"
199.58.86.206 - - [01/Aug/2022:05:16:11 +0200] "GET / HTTP/1.1" 200 15085 "-" "Mozilla/5.0 (compatible; MJ12bot/v1.4.8; http://mj12bot.com/)"
185.191.171.45 - - [01/Aug/2022:05:16:33 +0200] "GET /robots.txt HTTP/1.1" 200 - "-" "Mozilla/5.0 (compatible; SemrushBot/7~bl; +http://www.semrush.com/bot.html)"
185.191.171.8 - - [01/Aug/2022:05:16:34 +0200] "GET /PmWikiDe/BackupAndRestore HTTP/1.1" 200 11570 "-" "Mozilla/5.0 (compatible; SemrushBot/7~bl; +http://www.semrush.com/bot.html)"
185.191.171.36 - - [01/Aug/2022:05:22:25 +0200] "GET /Profiles/Holo?action=edit HTTP/1.1" 404 18 "-" "Mozilla/5.0 (compatible; SemrushBot/7~bl; +http://www.semrush.com/bot.html)"
194.209.200.2 - - [01/Aug/2022:05:33:43 +0200] "GET /robots.txt HTTP/1.1" 200 - "-" "Mozilla/5.0 (compatible; TMMBot/0.2; +http://www.dslab.ch)/Nutch-1.15"
194.209.200.2 - - [01/Aug/2022:05:33:43 +0200] "GET /Texte/Schrybwys HTTP/1.1" 200 11028 "-" "Mozilla/5.0 (compatible; TMMBot/0.2; +http://www.dslab.ch)/Nutch-1.15"
194.209.200.2 - - [01/Aug/2022:05:34:31 +0200] "GET /Texte/ArsAmatoria HTTP/1.1" 200 12369 "-" "Mozilla/5.0 (compatible; TMMBot/0.2; +http://www.dslab.ch)/Nutch-1.15"
3.216.185.164 - - [01/Aug/2022:05:36:16 +0200] "GET /PodCast/IndexPage?action=rss HTTP/1.1" 200 6298 "-" "PocketCasts/1.0 (Pocket Casts Feed Parser; +http://pocketcasts.com/)"
66.249.64.62 - - [01/Aug/2022:05:36:17 +0200] "GET /PodCast/IndexPage?action=rss HTTP/1.1" 200 6298 "-" "Mozilla/5.0 (compatible; Googlebot/2.1; +http://www.google.com/bot.html)"
194.209.200.2 - - [01/Aug/2022:05:36:30 +0200] "GET /Texte/Gloosse HTTP/1.1" 200 8061 "-" "Mozilla/5.0 (compatible; TMMBot/0.2; +http://www.dslab.ch)/Nutch-1.15"
194.209.200.2 - - [01/Aug/2022:05:37:21 +0200] "GET /Admin/Pro-ZurituutschStatuten HTTP/1.1" 200 9580 "-" "Mozilla/5.0 (compatible; TMMBot/0.2; +http://www.dslab.ch)/Nutch-1.15"
194.209.200.2 - - [01/Aug/2022:05:37:45 +0200] "GET /Admin/ZurStiftung HTTP/1.1" 200 10864 "-" "Mozilla/5.0 (compatible; TMMBot/0.2; +http://www.dslab.ch)/Nutch-1.15"
114.119.140.73 - - [01/Aug/2022:05:39:32 +0200] "GET /PmWikiZhCn/XLPage?action=print HTTP/1.1" 403 18 "http://www.pro-zurituutsch.ch/PmWikiZhCn/XLPage" "Mozilla/5.0 (Linux; Android 7.0;) AppleWebKit/537.36 (KHTML, like Gecko) Mobile Safari/537.36 (compatible; PetalBot;+https://webmaster.petalsearch.com/site/petalbot)"
40.77.167.53 - - [01/Aug/2022:05:41:09 +0200] "GET /Site/Search?pagename=Site%2FSearch&q=2022 HTTP/1.1" 200 11056 "-" "Mozilla/5.0 (compatible; bingbot/2.0; +http://www.bing.com/bingbot.htm)"
185.191.171.1 - - [01/Aug/2022:05:44:37 +0200] "GET /PmWikiRu/WikiStyleExamples HTTP/1.1" 200 22616 "-" "Mozilla/5.0 (compatible; SemrushBot/7~bl; +http://www.semrush.com/bot.html)"
157.55.39.171 - - [01/Aug/2022:05:47:05 +0200] "GET /Site/Search?pagename=Site%2FSearch&q=2023 HTTP/1.1" 200 10829 "-" "Mozilla/5.0 (compatible; bingbot/2.0; +http://www.bing.com/bingbot.htm)"
185.191.171.45 - - [01/Aug/2022:05:49:37 +0200] "GET /PmWikiRu/WikiWord?action=edit HTTP/1.1" 403 18 "-" "Mozilla/5.0 (compatible; SemrushBot/7~bl; +http://www.semrush.com/bot.html)"
185.191.171.40 - - [01/Aug/2022:05:57:39 +0200] "GET /PmWikiJa/GuiEdit?action=upload&upname=st4.gif HTTP/1.1" 403 18 "-" "Mozilla/5.0 (compatible; SemrushBot/7~bl; +http://www.semrush.com/bot.html)"
69.160.160.55 - - [01/Aug/2022:06:01:10 +0200] "GET / HTTP/1.1" 200 15085 "http://pro-zurituutsch.ch" "Mozilla/5.0 AppleWebKit/537.36 (KHTML, like Gecko; compatible; Nicecrawler/1.1; +http://www.nicecrawler.com/) Chrome/90.0.4430.97 Safari/537.36"
69.160.160.55 - - [01/Aug/2022:06:01:06 +0200] "GET / HTTP/1.1" 200 15085 "-" "Mozilla/5.0 (X11; Linux x86_64) AppleWebKit/537.36 (KHTML, like Gecko) HeadlessChrome/81.0.4044.92 Safari/537.36"
69.160.160.55 - - [01/Aug/2022:06:01:06 +0200] "GET /pub/skins/pro-zurituutsch/gila.css HTTP/1.1" 200 10186 "http://pro-zurituutsch.ch/" "Mozilla/5.0 (X11; Linux x86_64) AppleWebKit/537.36 (KHTML, like Gecko) HeadlessChrome/81.0.4044.92 Safari/537.36"
69.160.160.55 - - [01/Aug/2022:06:01:06 +0200] "GET /uploads/Main/logo.jpg HTTP/1.1" 200 29066 "http://pro-zurituutsch.ch/" "Mozilla/5.0 (X11; Linux x86_64) AppleWebKit/537.36 (KHTML, like Gecko) HeadlessChrome/81.0.4044.92 Safari/537.36"
69.160.160.55 - - [01/Aug/2022:06:01:07 +0200] "GET /pub/skins/pro-zurituutsch/images/external.png HTTP/1.1" 200 165 "http://www.pro-zurituutsch.ch/pub/skins/pro-zurituutsch/gila.css" "Mozilla/5.0 (X11; Linux x86_64) AppleWebKit/537.36 (KHTML, like Gecko) HeadlessChrome/81.0.4044.92 Safari/537.36"
69.160.160.55 - - [01/Aug/2022:06:01:10 +0200] "GET /PodCast/RSSPodcasts HTTP/1.1" 200 8905 "-" "Mozilla/5.0 (Windows NT 10.0; Win64; x64) AppleWebKit/537.36 (KHTML, like Gecko) Chrome/79.0.3945.130 Safari/537.36"
69.160.160.55 - - [01/Aug/2022:06:01:10 +0200] "GET /Bestellen/Pschtellf HTTP/1.1" 200 11129 "-" "Mozilla/5.0 (Windows NT 10.0; Win64; x64) AppleWebKit/537.36 (KHTML, like Gecko) Chrome/79.0.3945.130 Safari/537.36"
69.160.160.55 - - [01/Aug/2022:06:01:10 +0200] "GET /Admin/AdresseStiftung HTTP/1.1" 200 8453 "-" "Mozilla/5.0 (Windows NT 10.0; Win64; x64) AppleWebKit/537.36 (KHTML, like Gecko) Chrome/79.0.3945.130 Safari/537.36"
69.160.160.55 - - [01/Aug/2022:06:01:10 +0200] "GET /PodCast/RSSPodcasts?action=print HTTP/1.1" 200 3073 "-" "Mozilla/5.0 (Windows NT 10.0; Win64; x64) AppleWebKit/537.36 (KHTML, like Gecko) Chrome/79.0.3945.130 Safari/537.36"
69.160.160.55 - - [01/Aug/2022:06:01:10 +0200] "GET /Bestellen/Pschtellf?action=diff HTTP/1.1" 200 24753 "-" "Mozilla/5.0 (Windows NT 10.0; Win64; x64) AppleWebKit/537.36 (KHTML, like Gecko) Chrome/79.0.3945.130 Safari/537.36"
