194.209.200.2 - - [20/Apr/2022:05:28:19 +0200] "GET /Texte/Styluebige HTTP/1.1" 200 9998 "-" "Mozilla/5.0 (compatible; TMMBot/0.2; +http://www.dslab.ch)/Nutch-1.15"
194.209.200.2 - - [20/Apr/2022:05:28:20 +0200] "GET /Admin/Links HTTP/1.1" 200 14193 "-" "Mozilla/5.0 (compatible; TMMBot/0.2; +http://www.dslab.ch)/Nutch-1.15"
154.54.249.202 - - [20/Apr/2022:05:28:23 +0200] "GET /PmWiki/AuthUser?action=print HTTP/1.1" 200 24791 "-" "Mozilla/5.0 (compatible; Barkrowler/0.9; +https://babbar.tech/crawler)"
154.54.249.202 - - [20/Apr/2022:05:28:38 +0200] "GET /PmWiki/AuthUser?action=edit HTTP/1.1" 200 8624 "-" "Mozilla/5.0 (compatible; Barkrowler/0.9; +https://babbar.tech/crawler)"
154.54.249.202 - - [20/Apr/2022:05:28:53 +0200] "GET /PmWiki/AuthUser?action=diff HTTP/1.1" 200 9187 "-" "Mozilla/5.0 (compatible; Barkrowler/0.9; +https://babbar.tech/crawler)"
154.54.249.202 - - [20/Apr/2022:05:29:08 +0200] "GET /PmWiki/Blocklist?action=diff HTTP/1.1" 200 9201 "-" "Mozilla/5.0 (compatible; Barkrowler/0.9; +https://babbar.tech/crawler)"
154.54.249.202 - - [20/Apr/2022:05:29:23 +0200] "GET /PmWiki/CreatingNewPages HTTP/1.1" 200 13109 "-" "Mozilla/5.0 (compatible; Barkrowler/0.9; +https://babbar.tech/crawler)"
154.54.249.202 - - [20/Apr/2022:05:29:38 +0200] "GET /SiteAdmin/ApprovedUrls HTTP/1.1" 200 8608 "-" "Mozilla/5.0 (compatible; Barkrowler/0.9; +https://babbar.tech/crawler)"
154.54.249.202 - - [20/Apr/2022:05:29:54 +0200] "GET /PodCast/Erfruschig HTTP/1.1" 200 8972 "-" "Mozilla/5.0 (compatible; Barkrowler/0.9; +https://babbar.tech/crawler)"
194.209.200.2 - - [20/Apr/2022:05:29:56 +0200] "GET /Main/Home HTTP/1.1" 200 14638 "-" "Mozilla/5.0 (compatible; TMMBot/0.2; +http://www.dslab.ch)/Nutch-1.15"
154.54.249.202 - - [20/Apr/2022:05:30:09 +0200] "GET /PodCast/JBN01Kap HTTP/1.1" 200 8245 "-" "Mozilla/5.0 (compatible; Barkrowler/0.9; +https://babbar.tech/crawler)"
194.209.200.2 - - [20/Apr/2022:05:30:15 +0200] "GET /Admin/Pro-ZurituutschStatuten HTTP/1.1" 200 9580 "-" "Mozilla/5.0 (compatible; TMMBot/0.2; +http://www.dslab.ch)/Nutch-1.15"
194.209.200.2 - - [20/Apr/2022:05:30:19 +0200] "GET / HTTP/1.1" 200 14638 "-" "Mozilla/5.0 (compatible; TMMBot/0.2; +http://www.dslab.ch)/Nutch-1.15"
154.54.249.202 - - [20/Apr/2022:05:30:25 +0200] "GET /PodCast/JBJKap1 HTTP/1.1" 200 21037 "-" "Mozilla/5.0 (compatible; Barkrowler/0.9; +https://babbar.tech/crawler)"
154.54.249.202 - - [20/Apr/2022:05:30:40 +0200] "GET /PodCast/MNtsch?action=edit HTTP/1.1" 200 8610 "-" "Mozilla/5.0 (compatible; Barkrowler/0.9; +https://babbar.tech/crawler)"
154.54.249.202 - - [20/Apr/2022:05:30:55 +0200] "GET /PodCast/MNtsch?action=upload HTTP/1.1" 200 8510 "-" "Mozilla/5.0 (compatible; Barkrowler/0.9; +https://babbar.tech/crawler)"
194.209.200.2 - - [20/Apr/2022:05:31:01 +0200] "GET /Texte/Bitterbeuhsi HTTP/1.1" 200 9255 "-" "Mozilla/5.0 (compatible; TMMBot/0.2; +http://www.dslab.ch)/Nutch-1.15"
154.54.249.202 - - [20/Apr/2022:05:31:10 +0200] "GET /PodCast/MI2009?action=edit HTTP/1.1" 200 8610 "-" "Mozilla/5.0 (compatible; Barkrowler/0.9; +https://babbar.tech/crawler)"
194.209.200.2 - - [20/Apr/2022:05:31:11 +0200] "GET /Gast/Podcast HTTP/1.1" 200 8106 "-" "Mozilla/5.0 (compatible; TMMBot/0.2; +http://www.dslab.ch)/Nutch-1.15"
154.54.249.202 - - [20/Apr/2022:05:31:25 +0200] "GET /PodCast/MI2009?action=upload HTTP/1.1" 200 8510 "-" "Mozilla/5.0 (compatible; Barkrowler/0.9; +https://babbar.tech/crawler)"
154.54.249.202 - - [20/Apr/2022:05:31:41 +0200] "GET /PodCast/MI2009?action=diff HTTP/1.1" 200 9171 "-" "Mozilla/5.0 (compatible; Barkrowler/0.9; +https://babbar.tech/crawler)"
154.54.249.202 - - [20/Apr/2022:05:31:56 +0200] "GET /PodCast/UberGebuure HTTP/1.1" 200 15628 "-" "Mozilla/5.0 (compatible; Barkrowler/0.9; +https://babbar.tech/crawler)"
154.54.249.202 - - [20/Apr/2022:05:32:11 +0200] "GET /PodCast/FHrereid2 HTTP/1.1" 404 8218 "-" "Mozilla/5.0 (compatible; Barkrowler/0.9; +https://babbar.tech/crawler)"
154.54.249.202 - - [20/Apr/2022:05:32:26 +0200] "GET /PodCast/Ggloge?action=print HTTP/1.1" 200 2295 "-" "Mozilla/5.0 (compatible; Barkrowler/0.9; +https://babbar.tech/crawler)"
154.54.249.202 - - [20/Apr/2022:05:32:41 +0200] "GET /PodCast/Ggloge?action=edit HTTP/1.1" 200 8608 "-" "Mozilla/5.0 (compatible; Barkrowler/0.9; +https://babbar.tech/crawler)"
154.54.249.202 - - [20/Apr/2022:05:32:56 +0200] "GET /PodCast/Gschloumpfts HTTP/1.1" 200 13536 "-" "Mozilla/5.0 (compatible; Barkrowler/0.9; +https://babbar.tech/crawler)"
154.54.249.202 - - [20/Apr/2022:05:33:12 +0200] "GET /PodCast/Lydja?action=edit HTTP/1.1" 200 8594 "-" "Mozilla/5.0 (compatible; Barkrowler/0.9; +https://babbar.tech/crawler)"
154.54.249.202 - - [20/Apr/2022:05:33:27 +0200] "GET /PodCast/Zugle?action=diff HTTP/1.1" 200 22636 "-" "Mozilla/5.0 (compatible; Barkrowler/0.9; +https://babbar.tech/crawler)"
154.54.249.202 - - [20/Apr/2022:05:33:42 +0200] "GET /PodCast/Zrouggtratte HTTP/1.1" 200 12344 "-" "Mozilla/5.0 (compatible; Barkrowler/0.9; +https://babbar.tech/crawler)"
154.54.249.202 - - [20/Apr/2022:05:33:57 +0200] "GET /PodCast/UploadQuickReference HTTP/1.1" 200 16430 "-" "Mozilla/5.0 (compatible; Barkrowler/0.9; +https://babbar.tech/crawler)"
154.54.249.202 - - [20/Apr/2022:05:34:12 +0200] "GET /PodCast/BBi?action=diff HTTP/1.1" 200 9123 "-" "Mozilla/5.0 (compatible; Barkrowler/0.9; +https://babbar.tech/crawler)"
154.54.249.202 - - [20/Apr/2022:05:34:27 +0200] "GET /PodCast/RUR02?action=diff HTTP/1.1" 200 27305 "-" "Mozilla/5.0 (compatible; Barkrowler/0.9; +https://babbar.tech/crawler)"
154.54.249.202 - - [20/Apr/2022:05:34:43 +0200] "GET /PodCast/RUR02?action=print HTTP/1.1" 200 17100 "-" "Mozilla/5.0 (compatible; Barkrowler/0.9; +https://babbar.tech/crawler)"
154.54.249.202 - - [20/Apr/2022:05:34:58 +0200] "GET /PodCast/RUR02?action=edit HTTP/1.1" 200 8596 "-" "Mozilla/5.0 (compatible; Barkrowler/0.9; +https://babbar.tech/crawler)"
154.54.249.202 - - [20/Apr/2022:05:35:13 +0200] "GET /PodCast/RUR02?action=upload HTTP/1.1" 200 8496 "-" "Mozilla/5.0 (compatible; Barkrowler/0.9; +https://babbar.tech/crawler)"
154.54.249.202 - - [20/Apr/2022:05:35:28 +0200] "GET /PodCast/RUR01?action=diff HTTP/1.1" 200 25653 "-" "Mozilla/5.0 (compatible; Barkrowler/0.9; +https://babbar.tech/crawler)"
154.54.249.202 - - [20/Apr/2022:05:35:43 +0200] "GET /PodCast/RUR01?action=upload HTTP/1.1" 200 8496 "-" "Mozilla/5.0 (compatible; Barkrowler/0.9; +https://babbar.tech/crawler)"
154.54.249.202 - - [20/Apr/2022:05:35:58 +0200] "GET /PodCast/RUR01?action=print HTTP/1.1" 200 18664 "-" "Mozilla/5.0 (compatible; Barkrowler/0.9; +https://babbar.tech/crawler)"
154.54.249.202 - - [20/Apr/2022:05:36:13 +0200] "GET /PodCast/RSSPodcasts?action=edit HTTP/1.1" 200 8680 "-" "Mozilla/5.0 (compatible; Barkrowler/0.9; +https://babbar.tech/crawler)"
154.54.249.202 - - [20/Apr/2022:05:36:29 +0200] "GET /PodCast/RSSPodcasts?action=upload HTTP/1.1" 200 8580 "-" "Mozilla/5.0 (compatible; Barkrowler/0.9; +https://babbar.tech/crawler)"
154.54.249.202 - - [20/Apr/2022:05:36:44 +0200] "GET /PodCast/RSSPodcasts?action=print HTTP/1.1" 200 3073 "-" "Mozilla/5.0 (compatible; Barkrowler/0.9; +https://babbar.tech/crawler)"
154.54.249.202 - - [20/Apr/2022:05:36:59 +0200] "GET /PodCast/Chile?action=diff HTTP/1.1" 200 22983 "-" "Mozilla/5.0 (compatible; Barkrowler/0.9; +https://babbar.tech/crawler)"
154.54.249.202 - - [20/Apr/2022:05:37:14 +0200] "GET /PodCast/Schlouss?action=edit HTTP/1.1" 200 8636 "-" "Mozilla/5.0 (compatible; Barkrowler/0.9; +https://babbar.tech/crawler)"
154.54.249.202 - - [20/Apr/2022:05:37:29 +0200] "GET /PodCast/Schlouss?action=print HTTP/1.1" 200 2525 "-" "Mozilla/5.0 (compatible; Barkrowler/0.9; +https://babbar.tech/crawler)"
154.54.249.202 - - [20/Apr/2022:05:37:44 +0200] "GET /PodCast/Schlouss?action=upload HTTP/1.1" 200 8536 "-" "Mozilla/5.0 (compatible; Barkrowler/0.9; +https://babbar.tech/crawler)"
154.54.249.202 - - [20/Apr/2022:05:38:00 +0200] "GET /PodCast/Site191Rech1509 HTTP/1.1" 200 22335 "-" "Mozilla/5.0 (compatible; Barkrowler/0.9; +https://babbar.tech/crawler)"
154.54.249.202 - - [20/Apr/2022:05:38:15 +0200] "GET /PodCast/PodCast?action=diff HTTP/1.1" 200 226628 "-" "Mozilla/5.0 (compatible; Barkrowler/0.9; +https://babbar.tech/crawler)"
154.54.249.202 - - [20/Apr/2022:05:38:30 +0200] "GET /PodCast/Stounkel?action=diff HTTP/1.1" 200 9201 "-" "Mozilla/5.0 (compatible; Barkrowler/0.9; +https://babbar.tech/crawler)"
154.54.249.202 - - [20/Apr/2022:05:38:45 +0200] "GET /PodCast/Stounkel?action=upload HTTP/1.1" 200 8536 "-" "Mozilla/5.0 (compatible; Barkrowler/0.9; +https://babbar.tech/crawler)"
154.54.249.202 - - [20/Apr/2022:05:39:00 +0200] "GET /PodCast/Stolz?action=diff HTTP/1.1" 200 11794 "-" "Mozilla/5.0 (compatible; Barkrowler/0.9; +https://babbar.tech/crawler)"
154.54.249.202 - - [20/Apr/2022:05:39:15 +0200] "GET /PodCast/Stolz?action=upload HTTP/1.1" 200 8494 "-" "Mozilla/5.0 (compatible; Barkrowler/0.9; +https://babbar.tech/crawler)"
154.54.249.202 - - [20/Apr/2022:05:39:31 +0200] "GET /PodCast/Spraachverglych HTTP/1.1" 200 16146 "-" "Mozilla/5.0 (compatible; Barkrowler/0.9; +https://babbar.tech/crawler)"
154.54.249.202 - - [20/Apr/2022:05:39:46 +0200] "GET /PodCast/KonzylMp3 HTTP/1.1" 200 8249 "-" "Mozilla/5.0 (compatible; Barkrowler/0.9; +https://babbar.tech/crawler)"
154.54.249.202 - - [20/Apr/2022:05:40:01 +0200] "GET /PodCast/Sidereuhsli HTTP/1.1" 200 8939 "-" "Mozilla/5.0 (compatible; Barkrowler/0.9; +https://babbar.tech/crawler)"
154.54.249.202 - - [20/Apr/2022:05:40:16 +0200] "GET /PodCast/Redeleere?action=print HTTP/1.1" 200 8393 "-" "Mozilla/5.0 (compatible; Barkrowler/0.9; +https://babbar.tech/crawler)"
154.54.249.202 - - [20/Apr/2022:05:40:31 +0200] "GET /PodCast/Redeleere?action=edit HTTP/1.1" 200 8650 "-" "Mozilla/5.0 (compatible; Barkrowler/0.9; +https://babbar.tech/crawler)"
154.54.249.202 - - [20/Apr/2022:05:40:46 +0200] "GET /PodCast/Integral?action=diff HTTP/1.1" 200 16907 "-" "Mozilla/5.0 (compatible; Barkrowler/0.9; +https://babbar.tech/crawler)"
154.54.249.202 - - [20/Apr/2022:05:41:01 +0200] "GET /PodCast/Boundestaatebound HTTP/1.1" 200 13172 "-" "Mozilla/5.0 (compatible; Barkrowler/0.9; +https://babbar.tech/crawler)"
154.54.249.202 - - [20/Apr/2022:05:41:16 +0200] "GET /PodCast/SprAlAner HTTP/1.1" 200 9962 "-" "Mozilla/5.0 (compatible; Barkrowler/0.9; +https://babbar.tech/crawler)"
154.54.249.202 - - [20/Apr/2022:05:41:31 +0200] "GET /PodCast/SpruchZ?action=print HTTP/1.1" 200 4701 "-" "Mozilla/5.0 (compatible; Barkrowler/0.9; +https://babbar.tech/crawler)"
154.54.249.202 - - [20/Apr/2022:05:41:47 +0200] "GET /PodCast/SpruchZ?action=edit HTTP/1.1" 200 8624 "-" "Mozilla/5.0 (compatible; Barkrowler/0.9; +https://babbar.tech/crawler)"
154.54.249.202 - - [20/Apr/2022:05:42:02 +0200] "GET /PodCast/SprChlaage HTTP/1.1" 200 13697 "-" "Mozilla/5.0 (compatible; Barkrowler/0.9; +https://babbar.tech/crawler)"
185.191.171.7 - - [20/Apr/2022:05:42:14 +0200] "GET /PmWikiDe/ConfigFileLocalization?action=print HTTP/1.1" 403 18 "-" "Mozilla/5.0 (compatible; SemrushBot/7~bl; +http://www.semrush.com/bot.html)"
154.54.249.202 - - [20/Apr/2022:05:42:17 +0200] "GET /PodCast/Bagdad-Marlboro HTTP/1.1" 200 9714 "-" "Mozilla/5.0 (compatible; Barkrowler/0.9; +https://babbar.tech/crawler)"
154.54.249.202 - - [20/Apr/2022:05:42:32 +0200] "GET /PodCast/Roman3?action=edit HTTP/1.1" 200 8610 "-" "Mozilla/5.0 (compatible; Barkrowler/0.9; +https://babbar.tech/crawler)"
154.54.249.202 - - [20/Apr/2022:05:42:47 +0200] "GET /PodCast/Roman3?action=print HTTP/1.1" 200 7992 "-" "Mozilla/5.0 (compatible; Barkrowler/0.9; +https://babbar.tech/crawler)"
154.54.249.202 - - [20/Apr/2022:05:43:02 +0200] "GET /PodCast/Roman3?action=upload HTTP/1.1" 200 8510 "-" "Mozilla/5.0 (compatible; Barkrowler/0.9; +https://babbar.tech/crawler)"
154.54.249.202 - - [20/Apr/2022:05:43:17 +0200] "GET /PodCast/Roman2?action=edit HTTP/1.1" 200 8610 "-" "Mozilla/5.0 (compatible; Barkrowler/0.9; +https://babbar.tech/crawler)"
154.54.249.202 - - [20/Apr/2022:05:43:32 +0200] "GET /PodCast/Roman2?action=print HTTP/1.1" 200 6487 "-" "Mozilla/5.0 (compatible; Barkrowler/0.9; +https://babbar.tech/crawler)"
154.54.249.202 - - [20/Apr/2022:05:43:48 +0200] "GET /PodCast/Roman2?action=upload HTTP/1.1" 200 8510 "-" "Mozilla/5.0 (compatible; Barkrowler/0.9; +https://babbar.tech/crawler)"
154.54.249.202 - - [20/Apr/2022:05:44:03 +0200] "GET /PodCast/Roman1?action=edit HTTP/1.1" 200 8610 "-" "Mozilla/5.0 (compatible; Barkrowler/0.9; +https://babbar.tech/crawler)"
154.54.249.202 - - [20/Apr/2022:05:44:18 +0200] "GET /PodCast/Roman1?action=print HTTP/1.1" 200 6019 "-" "Mozilla/5.0 (compatible; Barkrowler/0.9; +https://babbar.tech/crawler)"
154.54.249.202 - - [20/Apr/2022:05:44:33 +0200] "GET /PodCast/Roman1?action=upload HTTP/1.1" 200 8510 "-" "Mozilla/5.0 (compatible; Barkrowler/0.9; +https://babbar.tech/crawler)"
154.54.249.202 - - [20/Apr/2022:05:44:48 +0200] "GET /PodCast/Hafering?action=diff HTTP/1.1" 200 20663 "-" "Mozilla/5.0 (compatible; Barkrowler/0.9; +https://babbar.tech/crawler)"
154.54.249.202 - - [20/Apr/2022:05:45:03 +0200] "GET /PodCast/Lobbiing?action=print HTTP/1.1" 200 3232 "-" "Mozilla/5.0 (compatible; Barkrowler/0.9; +https://babbar.tech/crawler)"
154.54.249.202 - - [20/Apr/2022:05:45:18 +0200] "GET /PodCast/Lobbiing?action=edit HTTP/1.1" 200 8636 "-" "Mozilla/5.0 (compatible; Barkrowler/0.9; +https://babbar.tech/crawler)"
154.54.249.202 - - [20/Apr/2022:05:45:33 +0200] "GET /PodCast/Resoultat?action=diff HTTP/1.1" 200 15047 "-" "Mozilla/5.0 (compatible; Barkrowler/0.9; +https://babbar.tech/crawler)"
154.54.249.202 - - [20/Apr/2022:05:45:48 +0200] "GET /PodCast/Resoultat?action=upload HTTP/1.1" 200 8550 "-" "Mozilla/5.0 (compatible; Barkrowler/0.9; +https://babbar.tech/crawler)"
154.54.249.202 - - [20/Apr/2022:05:46:03 +0200] "GET /PodCast/Glawbessund HTTP/1.1" 200 22790 "-" "Mozilla/5.0 (compatible; Barkrowler/0.9; +https://babbar.tech/crawler)"
154.54.249.202 - - [20/Apr/2022:05:46:19 +0200] "GET /PodCast/Boschpochrank HTTP/1.1" 200 11394 "-" "Mozilla/5.0 (compatible; Barkrowler/0.9; +https://babbar.tech/crawler)"
154.54.249.202 - - [20/Apr/2022:05:46:34 +0200] "GET /PodCast/Lacheteuhdt HTTP/1.1" 200 8479 "-" "Mozilla/5.0 (compatible; Barkrowler/0.9; +https://babbar.tech/crawler)"
154.54.249.202 - - [20/Apr/2022:05:46:49 +0200] "GET /PodCast/Tagigspricht HTTP/1.1" 200 8153 "-" "Mozilla/5.0 (compatible; Barkrowler/0.9; +https://babbar.tech/crawler)"
66.249.76.193 - - [20/Apr/2022:05:46:57 +0200] "GET /PodCast/IndexPage?action=rss HTTP/1.1" 200 6298 "-" "Mozilla/5.0 (compatible; Googlebot/2.1; +http://www.google.com/bot.html)"
154.54.249.202 - - [20/Apr/2022:05:47:04 +0200] "GET /PodCast/Maitli?action=diff HTTP/1.1" 200 14602 "-" "Mozilla/5.0 (compatible; Barkrowler/0.9; +https://babbar.tech/crawler)"
154.54.249.202 - - [20/Apr/2022:05:47:19 +0200] "GET /PodCast/Scheuhnemischt HTTP/1.1" 200 12454 "-" "Mozilla/5.0 (compatible; Barkrowler/0.9; +https://babbar.tech/crawler)"
154.54.249.202 - - [20/Apr/2022:05:47:34 +0200] "GET /PodCast/Nostalgy?action=edit HTTP/1.1" 200 8636 "-" "Mozilla/5.0 (compatible; Barkrowler/0.9; +https://babbar.tech/crawler)"
154.54.249.202 - - [20/Apr/2022:05:47:49 +0200] "GET /PodCast/Limerick36B HTTP/1.1" 200 8174 "-" "Mozilla/5.0 (compatible; Barkrowler/0.9; +https://babbar.tech/crawler)"
154.54.249.202 - - [20/Apr/2022:05:48:04 +0200] "GET /PodCast/Limerick121314 HTTP/1.1" 200 9449 "-" "Mozilla/5.0 (compatible; Barkrowler/0.9; +https://babbar.tech/crawler)"
114.119.141.146 - - [20/Apr/2022:05:48:14 +0200] "GET /PodCast/Goliat?action=upload HTTP/1.1" 403 18 "-" "Mozilla/5.0 (Linux; Android 7.0;) AppleWebKit/537.36 (KHTML, like Gecko) Mobile Safari/537.36 (compatible; PetalBot;+https://webmaster.petalsearch.com/site/petalbot)"
154.54.249.202 - - [20/Apr/2022:05:48:19 +0200] "GET /PodCast/AntRaat?action=edit HTTP/1.1" 200 8624 "-" "Mozilla/5.0 (compatible; Barkrowler/0.9; +https://babbar.tech/crawler)"
154.54.249.202 - - [20/Apr/2022:05:48:35 +0200] "GET /PodCast/AntRaat?action=upload HTTP/1.1" 200 8524 "-" "Mozilla/5.0 (compatible; Barkrowler/0.9; +https://babbar.tech/crawler)"
154.54.249.202 - - [20/Apr/2022:05:48:50 +0200] "GET /PodCast/StRbe?action=diff HTTP/1.1" 200 10775 "-" "Mozilla/5.0 (compatible; Barkrowler/0.9; +https://babbar.tech/crawler)"
154.54.249.202 - - [20/Apr/2022:05:49:06 +0200] "GET /PodCast/StRbe?action=upload HTTP/1.1" 200 8496 "-" "Mozilla/5.0 (compatible; Barkrowler/0.9; +https://babbar.tech/crawler)"
154.54.249.202 - - [20/Apr/2022:05:49:21 +0200] "GET /PodCast/StRbe?action=print HTTP/1.1" 200 2419 "-" "Mozilla/5.0 (compatible; Barkrowler/0.9; +https://babbar.tech/crawler)"
154.54.249.202 - - [20/Apr/2022:05:49:37 +0200] "GET /PodCast/Fanatiker?action=print HTTP/1.1" 200 3077 "-" "Mozilla/5.0 (compatible; Barkrowler/0.9; +https://babbar.tech/crawler)"
154.54.249.202 - - [20/Apr/2022:05:49:52 +0200] "GET /PodCast/Fanatiker?action=edit HTTP/1.1" 200 8650 "-" "Mozilla/5.0 (compatible; Barkrowler/0.9; +https://babbar.tech/crawler)"
154.54.249.202 - - [20/Apr/2022:05:50:07 +0200] "GET /Profiles/SteveAgl?action=diff HTTP/1.1" 200 9218 "-" "Mozilla/5.0 (compatible; Barkrowler/0.9; +https://babbar.tech/crawler)"
154.54.249.202 - - [20/Apr/2022:05:50:22 +0200] "GET /Profiles/SteveAgl?action=upload HTTP/1.1" 200 8551 "-" "Mozilla/5.0 (compatible; Barkrowler/0.9; +https://babbar.tech/crawler)"
154.54.249.202 - - [20/Apr/2022:05:50:37 +0200] "GET /Cookbook/CSVAction?action=edit HTTP/1.1" 200 8665 "-" "Mozilla/5.0 (compatible; Barkrowler/0.9; +https://babbar.tech/crawler)"
185.191.171.5 - - [20/Apr/2022:05:50:37 +0200] "GET /PmWikiNl/XLPage?action=edit HTTP/1.1" 403 18 "-" "Mozilla/5.0 (compatible; SemrushBot/7~bl; +http://www.semrush.com/bot.html)"
154.54.249.202 - - [20/Apr/2022:05:50:52 +0200] "GET /Cookbook/CSVAction?action=upload HTTP/1.1" 200 8565 "-" "Mozilla/5.0 (compatible; Barkrowler/0.9; +https://babbar.tech/crawler)"
154.54.249.202 - - [20/Apr/2022:05:51:08 +0200] "GET /Cookbook/SiteInformation?action=edit HTTP/1.1" 200 8749 "-" "Mozilla/5.0 (compatible; Barkrowler/0.9; +https://babbar.tech/crawler)"
185.191.171.37 - - [20/Apr/2022:05:51:07 +0200] "GET /PmWiki/MarkupExpressions HTTP/1.1" 200 22650 "-" "Mozilla/5.0 (compatible; SemrushBot/7~bl; +http://www.semrush.com/bot.html)"
154.54.249.202 - - [20/Apr/2022:05:51:23 +0200] "GET /Cookbook/SiteInformation?action=diff HTTP/1.1" 200 9330 "-" "Mozilla/5.0 (compatible; Barkrowler/0.9; +https://babbar.tech/crawler)"
114.119.140.60 - - [20/Apr/2022:05:51:23 +0200] "GET /PmWikiPtBr/XLPage?action=upload HTTP/1.1" 403 18 "-" "Mozilla/5.0 (Linux; Android 7.0;) AppleWebKit/537.36 (KHTML, like Gecko) Mobile Safari/537.36 (compatible; PetalBot;+https://webmaster.petalsearch.com/site/petalbot)"
154.54.249.202 - - [20/Apr/2022:05:51:38 +0200] "GET /Cookbook/SiteInformation?action=upload HTTP/1.1" 200 8649 "-" "Mozilla/5.0 (compatible; Barkrowler/0.9; +https://babbar.tech/crawler)"
154.54.249.202 - - [20/Apr/2022:05:51:53 +0200] "GET /Cookbook/Guestbook?action=upload HTTP/1.1" 200 8563 "-" "Mozilla/5.0 (compatible; Barkrowler/0.9; +https://babbar.tech/crawler)"
154.54.249.202 - - [20/Apr/2022:05:52:08 +0200] "GET /Admin/ZurStiftung?action=edit HTTP/1.1" 200 8651 "-" "Mozilla/5.0 (compatible; Barkrowler/0.9; +https://babbar.tech/crawler)"
154.54.249.202 - - [20/Apr/2022:05:52:23 +0200] "GET /Admin/ZurStiftung?action=upload HTTP/1.1" 200 8551 "-" "Mozilla/5.0 (compatible; Barkrowler/0.9; +https://babbar.tech/crawler)"
154.54.249.202 - - [20/Apr/2022:05:52:38 +0200] "GET /Admin/ZurStiftung?action=print HTTP/1.1" 200 5103 "-" "Mozilla/5.0 (compatible; Barkrowler/0.9; +https://babbar.tech/crawler)"
154.54.249.202 - - [20/Apr/2022:05:52:53 +0200] "GET /Admin/ZurStiftung?action=diff HTTP/1.1" 200 35297 "-" "Mozilla/5.0 (compatible; Barkrowler/0.9; +https://babbar.tech/crawler)"
154.54.249.202 - - [20/Apr/2022:05:53:08 +0200] "GET /Category/PmWikiDesign?action=diff HTTP/1.1" 200 9284 "-" "Mozilla/5.0 (compatible; Barkrowler/0.9; +https://babbar.tech/crawler)"
154.54.249.202 - - [20/Apr/2022:05:53:24 +0200] "GET /Category/PmWikiDesign?action=upload HTTP/1.1" 200 8609 "-" "Mozilla/5.0 (compatible; Barkrowler/0.9; +https://babbar.tech/crawler)"
154.54.249.202 - - [20/Apr/2022:05:53:39 +0200] "GET /Category/PmWikiDesign?action=print HTTP/1.1" 200 2317 "-" "Mozilla/5.0 (compatible; Barkrowler/0.9; +https://babbar.tech/crawler)"
154.54.249.202 - - [20/Apr/2022:05:53:54 +0200] "GET /Category/WikiFarms?action=diff HTTP/1.1" 200 9234 "-" "Mozilla/5.0 (compatible; Barkrowler/0.9; +https://babbar.tech/crawler)"
154.54.249.202 - - [20/Apr/2022:05:54:09 +0200] "GET /Category/DocumentationToDo?action=edit HTTP/1.1" 200 8779 "-" "Mozilla/5.0 (compatible; Barkrowler/0.9; +https://babbar.tech/crawler)"
154.54.249.202 - - [20/Apr/2022:05:54:24 +0200] "GET /Category/DocumentationToDo?action=print HTTP/1.1" 200 2332 "-" "Mozilla/5.0 (compatible; Barkrowler/0.9; +https://babbar.tech/crawler)"
154.54.249.202 - - [20/Apr/2022:05:54:39 +0200] "GET /Category/DocumentationToDo?action=upload HTTP/1.1" 200 8679 "-" "Mozilla/5.0 (compatible; Barkrowler/0.9; +https://babbar.tech/crawler)"
154.54.249.202 - - [20/Apr/2022:05:54:54 +0200] "GET /Vietnamese/HomePage?action=diff HTTP/1.1" 200 9250 "-" "Mozilla/5.0 (compatible; Barkrowler/0.9; +https://babbar.tech/crawler)"
154.54.249.202 - - [20/Apr/2022:05:55:09 +0200] "GET /Site/UploadQuickReference?action=edit HTTP/1.1" 200 8765 "-" "Mozilla/5.0 (compatible; Barkrowler/0.9; +https://babbar.tech/crawler)"
154.54.249.202 - - [20/Apr/2022:05:55:24 +0200] "GET /Site/UploadQuickReference?action=upload HTTP/1.1" 200 8665 "-" "Mozilla/5.0 (compatible; Barkrowler/0.9; +https://babbar.tech/crawler)"
154.54.249.202 - - [20/Apr/2022:05:55:40 +0200] "GET /Site/Verglych?action=upload HTTP/1.1" 200 8493 "-" "Mozilla/5.0 (compatible; Barkrowler/0.9; +https://babbar.tech/crawler)"
154.54.249.202 - - [20/Apr/2022:05:55:55 +0200] "GET /Site/171AmStadelhofe HTTP/1.1" 200 27839 "-" "Mozilla/5.0 (compatible; Barkrowler/0.9; +https://babbar.tech/crawler)"
154.54.249.202 - - [20/Apr/2022:05:56:10 +0200] "GET /Site/191Houhsraech1509 HTTP/1.1" 200 21817 "-" "Mozilla/5.0 (compatible; Barkrowler/0.9; +https://babbar.tech/crawler)"
154.54.249.202 - - [20/Apr/2022:05:56:25 +0200] "GET /Site/191Raech1509?action=print HTTP/1.1" 200 2301 "-" "Mozilla/5.0 (compatible; Barkrowler/0.9; +https://babbar.tech/crawler)"
154.54.249.202 - - [20/Apr/2022:05:56:40 +0200] "GET /Site/191Raech1509?action=edit HTTP/1.1" 200 8653 "-" "Mozilla/5.0 (compatible; Barkrowler/0.9; +https://babbar.tech/crawler)"
154.54.249.202 - - [20/Apr/2022:05:56:55 +0200] "GET /Site/Tessynfaart?action=upload HTTP/1.1" 200 8535 "-" "Mozilla/5.0 (compatible; Barkrowler/0.9; +https://babbar.tech/crawler)"
154.54.249.202 - - [20/Apr/2022:05:57:11 +0200] "GET /Site/Tessynfaart?action=print HTTP/1.1" 200 11049 "-" "Mozilla/5.0 (compatible; Barkrowler/0.9; +https://babbar.tech/crawler)"
154.54.249.202 - - [20/Apr/2022:05:57:26 +0200] "GET /Site/Tessynfaart?action=edit HTTP/1.1" 200 8635 "-" "Mozilla/5.0 (compatible; Barkrowler/0.9; +https://babbar.tech/crawler)"
154.54.249.202 - - [20/Apr/2022:05:57:41 +0200] "GET /Site/Tessynfaart?action=diff HTTP/1.1" 200 24015 "-" "Mozilla/5.0 (compatible; Barkrowler/0.9; +https://babbar.tech/crawler)"
154.54.249.202 - - [20/Apr/2022:05:57:56 +0200] "GET /Site/AllRecentUploads?action=edit HTTP/1.1" 200 8709 "-" "Mozilla/5.0 (compatible; Barkrowler/0.9; +https://babbar.tech/crawler)"
154.54.249.202 - - [20/Apr/2022:05:58:11 +0200] "GET /Site/AllRecentUploads?action=upload HTTP/1.1" 200 8609 "-" "Mozilla/5.0 (compatible; Barkrowler/0.9; +https://babbar.tech/crawler)"
154.54.249.202 - - [20/Apr/2022:05:58:27 +0200] "GET /Site/112Stans1481?action=print HTTP/1.1" 200 11417 "-" "Mozilla/5.0 (compatible; Barkrowler/0.9; +https://babbar.tech/crawler)"
154.54.249.202 - - [20/Apr/2022:05:58:42 +0200] "GET /Site/112Stans1481?action=edit HTTP/1.1" 200 8653 "-" "Mozilla/5.0 (compatible; Barkrowler/0.9; +https://babbar.tech/crawler)"
154.54.249.202 - - [20/Apr/2022:05:58:57 +0200] "GET /Site/112Stans1481?action=upload HTTP/1.1" 200 8553 "-" "Mozilla/5.0 (compatible; Barkrowler/0.9; +https://babbar.tech/crawler)"
154.54.249.202 - - [20/Apr/2022:05:59:12 +0200] "GET /Site/Apschlouss?action=diff HTTP/1.1" 200 10482 "-" "Mozilla/5.0 (compatible; Barkrowler/0.9; +https://babbar.tech/crawler)"
154.54.249.202 - - [20/Apr/2022:05:59:27 +0200] "GET /Site/Glawbessund?action=edit HTTP/1.1" 200 8635 "-" "Mozilla/5.0 (compatible; Barkrowler/0.9; +https://babbar.tech/crawler)"
194.209.200.2 - - [20/Apr/2022:05:59:32 +0200] "GET /robots.txt HTTP/1.1" 200 - "-" "Mozilla/5.0 (compatible; TMMBot/0.2; +http://www.dslab.ch)/Nutch-1.15"
194.209.200.2 - - [20/Apr/2022:05:59:32 +0200] "GET /Texte/Limericks HTTP/1.1" 200 8087 "-" "Mozilla/5.0 (compatible; TMMBot/0.2; +http://www.dslab.ch)/Nutch-1.15"
194.209.200.2 - - [20/Apr/2022:05:59:42 +0200] "GET /Texte/Schrybwys HTTP/1.1" 200 11028 "-" "Mozilla/5.0 (compatible; TMMBot/0.2; +http://www.dslab.ch)/Nutch-1.15"
154.54.249.202 - - [20/Apr/2022:05:59:42 +0200] "GET /Site/22Baadstoubegass HTTP/1.1" 200 18563 "-" "Mozilla/5.0 (compatible; Barkrowler/0.9; +https://babbar.tech/crawler)"
154.54.249.202 - - [20/Apr/2022:05:59:57 +0200] "GET /Site/101Ramft1478?action=edit HTTP/1.1" 200 8653 "-" "Mozilla/5.0 (compatible; Barkrowler/0.9; +https://babbar.tech/crawler)"
185.191.171.14 - - [20/Apr/2022:05:59:59 +0200] "GET /PmWikiIt/PmWikiIt HTTP/1.1" 200 11209 "-" "Mozilla/5.0 (compatible; SemrushBot/7~bl; +http://www.semrush.com/bot.html)"
154.54.249.202 - - [20/Apr/2022:06:00:13 +0200] "GET /Site/101Ramft1478?action=upload HTTP/1.1" 200 8553 "-" "Mozilla/5.0 (compatible; Barkrowler/0.9; +https://babbar.tech/crawler)"
154.54.249.202 - - [20/Apr/2022:06:00:28 +0200] "GET /Site/101Ramft1478?action=print HTTP/1.1" 200 10075 "-" "Mozilla/5.0 (compatible; Barkrowler/0.9; +https://babbar.tech/crawler)"
154.54.249.202 - - [20/Apr/2022:06:00:43 +0200] "GET /Site/101Ramft1478?action=diff HTTP/1.1" 200 19191 "-" "Mozilla/5.0 (compatible; Barkrowler/0.9; +https://babbar.tech/crawler)"
154.54.249.202 - - [20/Apr/2022:06:00:58 +0200] "GET /Site/72Mourte1476?action=print HTTP/1.1" 200 15326 "-" "Mozilla/5.0 (compatible; Barkrowler/0.9; +https://babbar.tech/crawler)"
154.54.249.202 - - [20/Apr/2022:06:01:08 +0200] "GET /Site/72Mourte1476?action=edit HTTP/1.1" 200 8653 "-" "Mozilla/5.0 (compatible; Barkrowler/0.9; +https://babbar.tech/crawler)"
154.54.249.202 - - [20/Apr/2022:06:01:23 +0200] "GET /Site/111Stans1481?action=print HTTP/1.1" 200 8968 "-" "Mozilla/5.0 (compatible; Barkrowler/0.9; +https://babbar.tech/crawler)"
194.209.200.2 - - [20/Apr/2022:06:01:23 +0200] "GET /Texte/GDicht HTTP/1.1" 200 8050 "-" "Mozilla/5.0 (compatible; TMMBot/0.2; +http://www.dslab.ch)/Nutch-1.15"
154.54.249.202 - - [20/Apr/2022:06:01:39 +0200] "GET /Site/111Stans1481?action=edit HTTP/1.1" 200 8653 "-" "Mozilla/5.0 (compatible; Barkrowler/0.9; +https://babbar.tech/crawler)"
154.54.249.202 - - [20/Apr/2022:06:01:54 +0200] "GET /Site/111Stans1481?action=upload HTTP/1.1" 200 8553 "-" "Mozilla/5.0 (compatible; Barkrowler/0.9; +https://babbar.tech/crawler)"
154.54.249.202 - - [20/Apr/2022:06:02:09 +0200] "GET /Site/EditQuickReference?action=edit HTTP/1.1" 200 8737 "-" "Mozilla/5.0 (compatible; Barkrowler/0.9; +https://babbar.tech/crawler)"
194.209.200.2 - - [20/Apr/2022:06:02:11 +0200] "GET /Texte/Styluebige HTTP/1.1" 200 9998 "-" "Mozilla/5.0 (compatible; TMMBot/0.2; +http://www.dslab.ch)/Nutch-1.15"
194.209.200.2 - - [20/Apr/2022:06:02:12 +0200] "GET /Admin/Links HTTP/1.1" 200 14193 "-" "Mozilla/5.0 (compatible; TMMBot/0.2; +http://www.dslab.ch)/Nutch-1.15"
194.209.200.2 - - [20/Apr/2022:06:02:23 +0200] "GET /Texte/Metamorphoses HTTP/1.1" 200 9045 "-" "Mozilla/5.0 (compatible; TMMBot/0.2; +http://www.dslab.ch)/Nutch-1.15"
154.54.249.202 - - [20/Apr/2022:06:02:24 +0200] "GET /Site/EditQuickReference?action=upload HTTP/1.1" 200 8637 "-" "Mozilla/5.0 (compatible; Barkrowler/0.9; +https://babbar.tech/crawler)"
154.54.249.202 - - [20/Apr/2022:06:02:39 +0200] "GET /Site/51Trouttike?action=edit HTTP/1.1" 200 8637 "-" "Mozilla/5.0 (compatible; Barkrowler/0.9; +https://babbar.tech/crawler)"
154.54.249.202 - - [20/Apr/2022:06:02:54 +0200] "GET /Site/51Trouttike?action=diff HTTP/1.1" 200 19859 "-" "Mozilla/5.0 (compatible; Barkrowler/0.9; +https://babbar.tech/crawler)"
154.54.249.202 - - [20/Apr/2022:06:03:09 +0200] "GET /Site/51Trouttike?action=upload HTTP/1.1" 200 8537 "-" "Mozilla/5.0 (compatible; Barkrowler/0.9; +https://babbar.tech/crawler)"
154.54.249.202 - - [20/Apr/2022:06:03:24 +0200] "GET /Site/51Trouttike?action=print HTTP/1.1" 200 8006 "-" "Mozilla/5.0 (compatible; Barkrowler/0.9; +https://babbar.tech/crawler)"
154.54.249.202 - - [20/Apr/2022:06:03:39 +0200] "GET /Site/WGA2Eergyz HTTP/1.1" 200 17403 "-" "Mozilla/5.0 (compatible; Barkrowler/0.9; +https://babbar.tech/crawler)"
154.54.249.202 - - [20/Apr/2022:06:03:55 +0200] "GET /Site/WGA1Begaabig HTTP/1.1" 200 17047 "-" "Mozilla/5.0 (compatible; Barkrowler/0.9; +https://babbar.tech/crawler)"
154.54.249.202 - - [20/Apr/2022:06:04:10 +0200] "GET /Site/WGA0Inhalt?action=edit HTTP/1.1" 200 8625 "-" "Mozilla/5.0 (compatible; Barkrowler/0.9; +https://babbar.tech/crawler)"
154.54.249.202 - - [20/Apr/2022:06:04:25 +0200] "GET /Site/102Ramft1478?action=print HTTP/1.1" 200 11564 "-" "Mozilla/5.0 (compatible; Barkrowler/0.9; +https://babbar.tech/crawler)"
154.54.249.202 - - [20/Apr/2022:06:04:40 +0200] "GET /Site/102Ramft1478?action=edit HTTP/1.1" 200 8653 "-" "Mozilla/5.0 (compatible; Barkrowler/0.9; +https://babbar.tech/crawler)"
154.54.249.202 - - [20/Apr/2022:06:04:55 +0200] "GET /Site/102Ramft1478?action=upload HTTP/1.1" 200 8553 "-" "Mozilla/5.0 (compatible; Barkrowler/0.9; +https://babbar.tech/crawler)"
194.209.200.2 - - [20/Apr/2022:06:05:03 +0200] "GET /Main/Home HTTP/1.1" 200 14638 "-" "Mozilla/5.0 (compatible; TMMBot/0.2; +http://www.dslab.ch)/Nutch-1.15"
154.54.249.202 - - [20/Apr/2022:06:05:11 +0200] "GET /Site/Baadstoubegass2 HTTP/1.1" 200 8158 "-" "Mozilla/5.0 (compatible; Barkrowler/0.9; +https://babbar.tech/crawler)"
154.54.249.202 - - [20/Apr/2022:06:05:26 +0200] "GET /Site/Baadstoubegass1 HTTP/1.1" 200 8158 "-" "Mozilla/5.0 (compatible; Barkrowler/0.9; +https://babbar.tech/crawler)"
154.54.249.202 - - [20/Apr/2022:06:05:41 +0200] "GET /Site/Preferences?setprefs= HTTP/1.1" 200 11217 "-" "Mozilla/5.0 (compatible; Barkrowler/0.9; +https://babbar.tech/crawler)"
154.54.249.202 - - [20/Apr/2022:06:05:56 +0200] "GET /Site/71Mourte1476?action=print HTTP/1.1" 200 11311 "-" "Mozilla/5.0 (compatible; Barkrowler/0.9; +https://babbar.tech/crawler)"
194.209.200.2 - - [20/Apr/2022:06:06:01 +0200] "GET / HTTP/1.1" 200 14638 "-" "Mozilla/5.0 (compatible; TMMBot/0.2; +http://www.dslab.ch)/Nutch-1.15"
154.54.249.202 - - [20/Apr/2022:06:06:11 +0200] "GET /Site/71Mourte1476?action=edit HTTP/1.1" 200 8653 "-" "Mozilla/5.0 (compatible; Barkrowler/0.9; +https://babbar.tech/crawler)"
154.54.249.202 - - [20/Apr/2022:06:06:26 +0200] "GET /Site/62Mulhouse1468?action=edit HTTP/1.1" 200 8681 "-" "Mozilla/5.0 (compatible; Barkrowler/0.9; +https://babbar.tech/crawler)"
154.54.249.202 - - [20/Apr/2022:06:06:41 +0200] "GET /Site/62Mulhouse1468?action=upload HTTP/1.1" 200 8581 "-" "Mozilla/5.0 (compatible; Barkrowler/0.9; +https://babbar.tech/crawler)"
154.54.249.202 - - [20/Apr/2022:06:06:56 +0200] "GET /Site/62Mulhouse1468?action=print HTTP/1.1" 200 10361 "-" "Mozilla/5.0 (compatible; Barkrowler/0.9; +https://babbar.tech/crawler)"
154.54.249.202 - - [20/Apr/2022:06:07:11 +0200] "GET /Site/62Mulhouse1468?action=diff HTTP/1.1" 200 20994 "-" "Mozilla/5.0 (compatible; Barkrowler/0.9; +https://babbar.tech/crawler)"
194.209.200.2 - - [20/Apr/2022:06:07:14 +0200] "GET /Texte/Bitterbeuhsi HTTP/1.1" 200 9255 "-" "Mozilla/5.0 (compatible; TMMBot/0.2; +http://www.dslab.ch)/Nutch-1.15"
154.54.249.202 - - [20/Apr/2022:06:07:27 +0200] "GET /Hilfe/AnleitungTonbeispiele HTTP/1.1" 200 9878 "-" "Mozilla/5.0 (compatible; Barkrowler/0.9; +https://babbar.tech/crawler)"
194.209.200.2 - - [20/Apr/2022:06:07:28 +0200] "GET /Gast/Podcast HTTP/1.1" 200 8106 "-" "Mozilla/5.0 (compatible; TMMBot/0.2; +http://www.dslab.ch)/Nutch-1.15"
154.54.249.202 - - [20/Apr/2022:06:07:42 +0200] "GET /Hilfe/Passwort?action=diff HTTP/1.1" 200 9168 "-" "Mozilla/5.0 (compatible; Barkrowler/0.9; +https://babbar.tech/crawler)"
154.54.249.202 - - [20/Apr/2022:06:07:57 +0200] "GET /Texte/Schrybwys?action=edit HTTP/1.1" 200 8621 "-" "Mozilla/5.0 (compatible; Barkrowler/0.9; +https://babbar.tech/crawler)"
154.54.249.202 - - [20/Apr/2022:06:08:12 +0200] "GET /Texte/Schrybwys?action=upload HTTP/1.1" 200 8521 "-" "Mozilla/5.0 (compatible; Barkrowler/0.9; +https://babbar.tech/crawler)"
154.54.249.202 - - [20/Apr/2022:06:08:27 +0200] "GET /Texte/Schrybwys?action=diff HTTP/1.1" 200 28323 "-" "Mozilla/5.0 (compatible; Barkrowler/0.9; +https://babbar.tech/crawler)"
154.54.249.202 - - [20/Apr/2022:06:08:42 +0200] "GET /Texte/Schrybwys?action=print HTTP/1.1" 200 5237 "-" "Mozilla/5.0 (compatible; Barkrowler/0.9; +https://babbar.tech/crawler)"
154.54.249.202 - - [20/Apr/2022:06:08:57 +0200] "GET /Main/AllRecentChangesShort?action=edit HTTP/1.1" 200 8781 "-" "Mozilla/5.0 (compatible; Barkrowler/0.9; +https://babbar.tech/crawler)"
154.54.249.202 - - [20/Apr/2022:06:09:12 +0200] "GET /Main/AllRecentChangesShort?action=upload HTTP/1.1" 200 8681 "-" "Mozilla/5.0 (compatible; Barkrowler/0.9; +https://babbar.tech/crawler)"
154.54.249.202 - - [20/Apr/2022:06:09:27 +0200] "GET /Main/AllRecentChangesShort?action=diff HTTP/1.1" 200 9366 "-" "Mozilla/5.0 (compatible; Barkrowler/0.9; +https://babbar.tech/crawler)"
154.54.249.202 - - [20/Apr/2022:06:09:43 +0200] "GET /Main/ToutesLesModifs?action=edit HTTP/1.1" 200 8695 "-" "Mozilla/5.0 (compatible; Barkrowler/0.9; +https://babbar.tech/crawler)"
154.54.249.202 - - [20/Apr/2022:06:09:58 +0200] "GET /Main/ToutesLesModifs?action=upload HTTP/1.1" 200 8595 "-" "Mozilla/5.0 (compatible; Barkrowler/0.9; +https://babbar.tech/crawler)"
154.54.249.202 - - [20/Apr/2022:06:10:13 +0200] "GET /uploads/PodCast/Rezmebeforeyou HTTP/1.1" 304 - "-" "Mozilla/5.0 (compatible; Barkrowler/0.9; +https://babbar.tech/crawler)"
154.54.249.202 - - [20/Apr/2022:06:10:28 +0200] "GET /Lydja/Lydja?action=edit HTTP/1.1" 200 8565 "-" "Mozilla/5.0 (compatible; Barkrowler/0.9; +https://babbar.tech/crawler)"
154.54.249.202 - - [20/Apr/2022:06:10:43 +0200] "GET /PmWiki/CustomMarkup?action=print HTTP/1.1" 200 23946 "-" "Mozilla/5.0 (compatible; Barkrowler/0.9; +https://babbar.tech/crawler)"
154.54.249.202 - - [20/Apr/2022:06:10:58 +0200] "GET /PmWiki/CustomMarkup?action=edit HTTP/1.1" 200 8680 "-" "Mozilla/5.0 (compatible; Barkrowler/0.9; +https://babbar.tech/crawler)"
154.54.249.202 - - [20/Apr/2022:06:11:13 +0200] "GET /PmWiki/CustomMarkup?action=upload HTTP/1.1" 200 8580 "-" "Mozilla/5.0 (compatible; Barkrowler/0.9; +https://babbar.tech/crawler)"
154.54.249.202 - - [20/Apr/2022:06:11:28 +0200] "GET /PmWiki/CustomInterMap?action=print HTTP/1.1" 302 194 "-" "Mozilla/5.0 (compatible; Barkrowler/0.9; +https://babbar.tech/crawler)"
154.54.249.202 - - [20/Apr/2022:06:11:43 +0200] "GET /PmWiki/MyNewPage?action=edit HTTP/1.1" 200 8640 "-" "Mozilla/5.0 (compatible; Barkrowler/0.9; +https://babbar.tech/crawler)"
154.54.249.202 - - [20/Apr/2022:06:11:58 +0200] "GET /PmWiki/MyNewPage?action=diff HTTP/1.1" 200 9205 "-" "Mozilla/5.0 (compatible; Barkrowler/0.9; +https://babbar.tech/crawler)"
154.54.249.202 - - [20/Apr/2022:06:12:13 +0200] "GET /PmWiki/MyNewPage?action=upload HTTP/1.1" 200 8540 "-" "Mozilla/5.0 (compatible; Barkrowler/0.9; +https://babbar.tech/crawler)"
154.54.249.202 - - [20/Apr/2022:06:12:29 +0200] "GET /PmWiki/SitePreferences?action=print HTTP/1.1" 200 3752 "-" "Mozilla/5.0 (compatible; Barkrowler/0.9; +https://babbar.tech/crawler)"
114.119.140.87 - - [20/Apr/2022:06:12:41 +0200] "GET /PmWikiDe/XLPage HTTP/1.1" 200 15649 "-" "Mozilla/5.0 (Linux; Android 7.0;) AppleWebKit/537.36 (KHTML, like Gecko) Mobile Safari/537.36 (compatible; PetalBot;+https://webmaster.petalsearch.com/site/petalbot)"
154.54.249.202 - - [20/Apr/2022:06:12:44 +0200] "GET /PmWiki/SitePreferences?action=edit HTTP/1.1" 200 8722 "-" "Mozilla/5.0 (compatible; Barkrowler/0.9; +https://babbar.tech/crawler)"
154.54.249.202 - - [20/Apr/2022:06:12:59 +0200] "GET /PmWiki/LayoutVariables?action=edit HTTP/1.1" 200 8722 "-" "Mozilla/5.0 (compatible; Barkrowler/0.9; +https://babbar.tech/crawler)"
154.54.249.202 - - [20/Apr/2022:06:13:14 +0200] "GET /PmWiki/ContactUs?action=diff HTTP/1.1" 200 9203 "-" "Mozilla/5.0 (compatible; Barkrowler/0.9; +https://babbar.tech/crawler)"
154.54.249.202 - - [20/Apr/2022:06:13:29 +0200] "GET /PmWiki/LinkSchemes?action=edit HTTP/1.1" 200 8666 "-" "Mozilla/5.0 (compatible; Barkrowler/0.9; +https://babbar.tech/crawler)"
154.54.249.202 - - [20/Apr/2022:06:13:44 +0200] "GET /PmWiki/LinkSchemes?action=upload HTTP/1.1" 200 8566 "-" "Mozilla/5.0 (compatible; Barkrowler/0.9; +https://babbar.tech/crawler)"
154.54.249.202 - - [20/Apr/2022:06:13:59 +0200] "GET /PmWiki/GroupAttributes?action=edit HTTP/1.1" 200 8722 "-" "Mozilla/5.0 (compatible; Barkrowler/0.9; +https://babbar.tech/crawler)"
154.54.249.202 - - [20/Apr/2022:06:14:14 +0200] "GET /PmWiki/GroupAttributes?action=upload HTTP/1.1" 200 8622 "-" "Mozilla/5.0 (compatible; Barkrowler/0.9; +https://babbar.tech/crawler)"
154.54.249.202 - - [20/Apr/2022:06:14:30 +0200] "GET /PmWiki/GroupHeaders?action=print HTTP/1.1" 200 7410 "-" "Mozilla/5.0 (compatible; Barkrowler/0.9; +https://babbar.tech/crawler)"
154.54.249.202 - - [20/Apr/2022:06:14:45 +0200] "GET /PmWiki/GroupHeaders?action=edit HTTP/1.1" 200 8712 "-" "Mozilla/5.0 (compatible; Barkrowler/0.9; +https://babbar.tech/crawler)"
154.54.249.202 - - [20/Apr/2022:06:15:00 +0200] "GET /PmWiki/MailingList?action=edit HTTP/1.1" 200 8666 "-" "Mozilla/5.0 (compatible; Barkrowler/0.9; +https://babbar.tech/crawler)"
154.54.249.202 - - [20/Apr/2022:06:15:15 +0200] "GET /PmWiki/MailingList?action=upload HTTP/1.1" 200 8566 "-" "Mozilla/5.0 (compatible; Barkrowler/0.9; +https://babbar.tech/crawler)"
154.54.249.202 - - [20/Apr/2022:06:15:30 +0200] "GET /PmWiki/MailingList?action=diff HTTP/1.1" 200 9235 "-" "Mozilla/5.0 (compatible; Barkrowler/0.9; +https://babbar.tech/crawler)"
154.54.249.202 - - [20/Apr/2022:06:15:45 +0200] "GET /PmWikiEs/PmWikiEs HTTP/1.1" 200 9407 "-" "Mozilla/5.0 (compatible; Barkrowler/0.9; +https://babbar.tech/crawler)"
154.54.249.202 - - [20/Apr/2022:06:16:00 +0200] "GET /PmWikiPtBr/Sandbox HTTP/1.1" 200 9237 "-" "Mozilla/5.0 (compatible; Barkrowler/0.9; +https://babbar.tech/crawler)"
154.54.249.202 - - [20/Apr/2022:06:16:15 +0200] "GET /PmWikiSi/Prevajanja HTTP/1.1" 200 18708 "-" "Mozilla/5.0 (compatible; Barkrowler/0.9; +https://babbar.tech/crawler)"
154.54.249.202 - - [20/Apr/2022:06:16:31 +0200] "GET /PmWikiNl/SidebarNl HTTP/1.1" 200 7647 "-" "Mozilla/5.0 (compatible; Barkrowler/0.9; +https://babbar.tech/crawler)"
185.191.171.6 - - [20/Apr/2022:06:16:38 +0200] "GET /robots.txt HTTP/1.1" 200 - "-" "Mozilla/5.0 (compatible; SemrushBot/7~bl; +http://www.semrush.com/bot.html)"
185.191.171.4 - - [20/Apr/2022:06:16:39 +0200] "GET /PmWikiFr/Menu?action=print HTTP/1.1" 403 18 "-" "Mozilla/5.0 (compatible; SemrushBot/7~bl; +http://www.semrush.com/bot.html)"
154.54.249.202 - - [20/Apr/2022:06:16:46 +0200] "GET /PmWikiNl/WikiZoeken HTTP/1.1" 200 8748 "-" "Mozilla/5.0 (compatible; Barkrowler/0.9; +https://babbar.tech/crawler)"
154.54.249.202 - - [20/Apr/2022:06:17:01 +0200] "GET /PmWikiNl/WikiSandbox HTTP/1.1" 200 6760 "-" "Mozilla/5.0 (compatible; Barkrowler/0.9; +https://babbar.tech/crawler)"
154.54.249.202 - - [20/Apr/2022:06:17:16 +0200] "GET /PmWikiNl/WikiWikiWeb HTTP/1.1" 200 11101 "-" "Mozilla/5.0 (compatible; Barkrowler/0.9; +https://babbar.tech/crawler)"
154.54.249.202 - - [20/Apr/2022:06:17:31 +0200] "GET /PmWikiRu/FAQ?action=diff HTTP/1.1" 200 9696 "-" "Mozilla/5.0 (compatible; Barkrowler/0.9; +https://babbar.tech/crawler)"
154.54.249.202 - - [20/Apr/2022:06:17:46 +0200] "GET /PmWikiRu/FAQ?action=upload HTTP/1.1" 200 9039 "-" "Mozilla/5.0 (compatible; Barkrowler/0.9; +https://babbar.tech/crawler)"
154.54.249.202 - - [20/Apr/2022:06:18:01 +0200] "GET /PmWikiRu/FAQ?action=print HTTP/1.1" 200 12272 "-" "Mozilla/5.0 (compatible; Barkrowler/0.9; +https://babbar.tech/crawler)"
154.54.249.202 - - [20/Apr/2022:06:18:16 +0200] "GET /PmWikiRu/TableDirectives HTTP/1.1" 200 25080 "-" "Mozilla/5.0 (compatible; Barkrowler/0.9; +https://babbar.tech/crawler)"
154.54.249.202 - - [20/Apr/2022:06:18:31 +0200] "GET /PmWikiRu/AvailableActions HTTP/1.1" 200 16563 "-" "Mozilla/5.0 (compatible; Barkrowler/0.9; +https://babbar.tech/crawler)"
154.54.249.202 - - [20/Apr/2022:06:18:47 +0200] "GET /PmWikiRu/Links?action=diff HTTP/1.1" 200 9732 "-" "Mozilla/5.0 (compatible; Barkrowler/0.9; +https://babbar.tech/crawler)"
154.54.249.202 - - [20/Apr/2022:06:19:02 +0200] "GET /PmWikiRu/Links?action=upload HTTP/1.1" 200 9071 "-" "Mozilla/5.0 (compatible; Barkrowler/0.9; +https://babbar.tech/crawler)"
154.54.249.202 - - [20/Apr/2022:06:19:17 +0200] "GET /PmWikiRu/Forms?action=diff HTTP/1.1" 200 9718 "-" "Mozilla/5.0 (compatible; Barkrowler/0.9; +https://babbar.tech/crawler)"
154.54.249.202 - - [20/Apr/2022:06:19:32 +0200] "GET /PmWikiRu/Forms?action=upload HTTP/1.1" 200 9057 "-" "Mozilla/5.0 (compatible; Barkrowler/0.9; +https://babbar.tech/crawler)"
154.54.249.202 - - [20/Apr/2022:06:19:47 +0200] "GET /PmWikiRu/Version?action=diff HTTP/1.1" 200 9750 "-" "Mozilla/5.0 (compatible; Barkrowler/0.9; +https://babbar.tech/crawler)"
154.54.249.202 - - [20/Apr/2022:06:20:02 +0200] "GET /PmWikiRu/Version?action=upload HTTP/1.1" 200 9085 "-" "Mozilla/5.0 (compatible; Barkrowler/0.9; +https://babbar.tech/crawler)"
154.54.249.202 - - [20/Apr/2022:06:20:17 +0200] "GET /PmWikiRu/CustomWikiStyles HTTP/1.1" 200 18297 "-" "Mozilla/5.0 (compatible; Barkrowler/0.9; +https://babbar.tech/crawler)"
154.54.249.202 - - [20/Apr/2022:06:20:32 +0200] "GET /PmWikiRu/CustomInterMap HTTP/1.1" 200 18042 "-" "Mozilla/5.0 (compatible; Barkrowler/0.9; +https://babbar.tech/crawler)"
154.54.249.202 - - [20/Apr/2022:06:20:47 +0200] "GET /PmWikiRu/CustomMarkup HTTP/1.1" 200 31966 "-" "Mozilla/5.0 (compatible; Barkrowler/0.9; +https://babbar.tech/crawler)"
154.54.249.202 - - [20/Apr/2022:06:21:03 +0200] "GET /PmWikiRu/Images?action=diff HTTP/1.1" 200 9766 "-" "Mozilla/5.0 (compatible; Barkrowler/0.9; +https://babbar.tech/crawler)"
154.54.249.202 - - [20/Apr/2022:06:21:18 +0200] "GET /PmWikiRu/Images?action=upload HTTP/1.1" 200 9103 "-" "Mozilla/5.0 (compatible; Barkrowler/0.9; +https://babbar.tech/crawler)"
154.54.249.202 - - [20/Apr/2022:06:21:33 +0200] "GET /PmWikiRu/Images?action=print HTTP/1.1" 200 18002 "-" "Mozilla/5.0 (compatible; Barkrowler/0.9; +https://babbar.tech/crawler)"
154.54.249.202 - - [20/Apr/2022:06:21:48 +0200] "GET /PmWikiRu/WikiSandbox HTTP/1.1" 200 16795 "-" "Mozilla/5.0 (compatible; Barkrowler/0.9; +https://babbar.tech/crawler)"
154.54.249.202 - - [20/Apr/2022:06:22:03 +0200] "GET /PmWikiRu/WikiAdministrator HTTP/1.1" 200 11824 "-" "Mozilla/5.0 (compatible; Barkrowler/0.9; +https://babbar.tech/crawler)"
154.54.249.202 - - [20/Apr/2022:06:22:18 +0200] "GET /PmWikiRu/WikiWikiWeb HTTP/1.1" 200 15674 "-" "Mozilla/5.0 (compatible; Barkrowler/0.9; +https://babbar.tech/crawler)"
154.54.249.202 - - [20/Apr/2022:06:22:34 +0200] "GET /PmWikiRu/Security?action=diff HTTP/1.1" 200 9798 "-" "Mozilla/5.0 (compatible; Barkrowler/0.9; +https://babbar.tech/crawler)"
154.54.249.202 - - [20/Apr/2022:06:22:49 +0200] "GET /PmWikiRu/Security?action=upload HTTP/1.1" 200 9131 "-" "Mozilla/5.0 (compatible; Barkrowler/0.9; +https://babbar.tech/crawler)"
154.54.249.202 - - [20/Apr/2022:06:23:04 +0200] "GET /PmWikiRu/Download?action=diff HTTP/1.1" 200 9782 "-" "Mozilla/5.0 (compatible; Barkrowler/0.9; +https://babbar.tech/crawler)"
154.54.249.202 - - [20/Apr/2022:06:23:19 +0200] "GET /PmWikiRu/LocalCustomizations HTTP/1.1" 200 18169 "-" "Mozilla/5.0 (compatible; Barkrowler/0.9; +https://babbar.tech/crawler)"
154.54.249.202 - - [20/Apr/2022:06:23:35 +0200] "GET /PmWikiRu/Categories?action=print HTTP/1.1" 200 16048 "-" "Mozilla/5.0 (compatible; Barkrowler/0.9; +https://babbar.tech/crawler)"
154.54.249.202 - - [20/Apr/2022:06:23:50 +0200] "GET /PmWikiRu/Categories?action=edit HTTP/1.1" 200 9243 "-" "Mozilla/5.0 (compatible; Barkrowler/0.9; +https://babbar.tech/crawler)"
154.54.249.202 - - [20/Apr/2022:06:24:05 +0200] "GET /PmWikiRu/Site?action=diff HTTP/1.1" 200 9702 "-" "Mozilla/5.0 (compatible; Barkrowler/0.9; +https://babbar.tech/crawler)"
154.54.249.202 - - [20/Apr/2022:06:24:20 +0200] "GET /PmWikiRu/Site?action=upload HTTP/1.1" 200 9043 "-" "Mozilla/5.0 (compatible; Barkrowler/0.9; +https://babbar.tech/crawler)"
154.54.249.202 - - [20/Apr/2022:06:24:35 +0200] "GET /PmWikiRu/PageDirectives HTTP/1.1" 200 14603 "-" "Mozilla/5.0 (compatible; Barkrowler/0.9; +https://babbar.tech/crawler)"
154.54.249.202 - - [20/Apr/2022:06:24:50 +0200] "GET /PmWikiRu/PageVariables HTTP/1.1" 200 15873 "-" "Mozilla/5.0 (compatible; Barkrowler/0.9; +https://babbar.tech/crawler)"
154.54.249.202 - - [20/Apr/2022:06:25:05 +0200] "GET /PmWikiRu/PageFileFormat HTTP/1.1" 200 14710 "-" "Mozilla/5.0 (compatible; Barkrowler/0.9; +https://babbar.tech/crawler)"
114.119.140.60 - - [20/Apr/2022:06:25:17 +0200] "GET /PmWikiRu/WikiPage?action=upload HTTP/1.1" 403 18 "-" "Mozilla/5.0 (Linux; Android 7.0;) AppleWebKit/537.36 (KHTML, like Gecko) Mobile Safari/537.36 (compatible; PetalBot;+https://webmaster.petalsearch.com/site/petalbot)"
154.54.249.202 - - [20/Apr/2022:06:25:20 +0200] "GET /PmWikiRu/BackupAndRestore HTTP/1.1" 200 16109 "-" "Mozilla/5.0 (compatible; Barkrowler/0.9; +https://babbar.tech/crawler)"
154.54.249.202 - - [20/Apr/2022:06:25:36 +0200] "GET /PmWikiRu/UTF-8?action=edit HTTP/1.1" 200 9157 "-" "Mozilla/5.0 (compatible; Barkrowler/0.9; +https://babbar.tech/crawler)"
154.54.249.202 - - [20/Apr/2022:06:25:51 +0200] "GET /PmWikiRu/UTF-8?action=upload HTTP/1.1" 200 9057 "-" "Mozilla/5.0 (compatible; Barkrowler/0.9; +https://babbar.tech/crawler)"
154.54.249.202 - - [20/Apr/2022:06:26:06 +0200] "GET /PmWikiRu/UTF-8?action=diff HTTP/1.1" 200 9718 "-" "Mozilla/5.0 (compatible; Barkrowler/0.9; +https://babbar.tech/crawler)"
154.54.249.202 - - [20/Apr/2022:06:26:21 +0200] "GET /PmWikiRu/DeletingPages HTTP/1.1" 200 12905 "-" "Mozilla/5.0 (compatible; Barkrowler/0.9; +https://babbar.tech/crawler)"
154.54.249.202 - - [20/Apr/2022:06:26:36 +0200] "GET /PmWikiRu/Tables?action=diff HTTP/1.1" 200 9750 "-" "Mozilla/5.0 (compatible; Barkrowler/0.9; +https://babbar.tech/crawler)"
154.54.249.202 - - [20/Apr/2022:06:26:51 +0200] "GET /PmWikiRu/Tables?action=print HTTP/1.1" 200 18322 "-" "Mozilla/5.0 (compatible; Barkrowler/0.9; +https://babbar.tech/crawler)"
154.54.249.202 - - [20/Apr/2022:06:27:06 +0200] "GET /PmWikiRu/Tables?action=edit HTTP/1.1" 200 9187 "-" "Mozilla/5.0 (compatible; Barkrowler/0.9; +https://babbar.tech/crawler)"
154.54.249.202 - - [20/Apr/2022:06:27:22 +0200] "GET /PmWikiRu/Tables?action=upload HTTP/1.1" 200 9087 "-" "Mozilla/5.0 (compatible; Barkrowler/0.9; +https://babbar.tech/crawler)"
154.54.249.202 - - [20/Apr/2022:06:27:37 +0200] "GET /PmWikiRu/IncludeOtherPages HTTP/1.1" 200 17841 "-" "Mozilla/5.0 (compatible; Barkrowler/0.9; +https://babbar.tech/crawler)"
154.54.249.202 - - [20/Apr/2022:06:27:52 +0200] "GET /PmWikiJa/Properties?action=edit HTTP/1.1" 200 8679 "-" "Mozilla/5.0 (compatible; Barkrowler/0.9; +https://babbar.tech/crawler)"
154.54.249.202 - - [20/Apr/2022:06:28:07 +0200] "GET /PmWikiJa/Comments?action=edit HTTP/1.1" 200 8651 "-" "Mozilla/5.0 (compatible; Barkrowler/0.9; +https://babbar.tech/crawler)"
154.54.249.202 - - [20/Apr/2022:06:28:23 +0200] "GET /PmWikiJa/Comments?action=upload HTTP/1.1" 200 8551 "-" "Mozilla/5.0 (compatible; Barkrowler/0.9; +https://babbar.tech/crawler)"
154.54.249.202 - - [20/Apr/2022:06:28:38 +0200] "GET /PmWikiJa/Category?action=edit HTTP/1.1" 200 8651 "-" "Mozilla/5.0 (compatible; Barkrowler/0.9; +https://babbar.tech/crawler)"
154.54.249.202 - - [20/Apr/2022:06:28:53 +0200] "GET /PmWikiJa/Category?action=diff HTTP/1.1" 200 9218 "-" "Mozilla/5.0 (compatible; Barkrowler/0.9; +https://babbar.tech/crawler)"
154.54.249.202 - - [20/Apr/2022:06:29:08 +0200] "GET /PmWikiJa/Category?action=upload HTTP/1.1" 200 8551 "-" "Mozilla/5.0 (compatible; Barkrowler/0.9; +https://babbar.tech/crawler)"
154.54.249.202 - - [20/Apr/2022:06:29:23 +0200] "GET /PmWikiJa/PageList?action=edit HTTP/1.1" 200 8653 "-" "Mozilla/5.0 (compatible; Barkrowler/0.9; +https://babbar.tech/crawler)"
154.54.249.202 - - [20/Apr/2022:06:29:38 +0200] "GET /PmWikiJa/PageList?action=upload HTTP/1.1" 200 8553 "-" "Mozilla/5.0 (compatible; Barkrowler/0.9; +https://babbar.tech/crawler)"
154.54.249.202 - - [20/Apr/2022:06:29:53 +0200] "GET /PmWikiJa/Input?action=edit HTTP/1.1" 200 8609 "-" "Mozilla/5.0 (compatible; Barkrowler/0.9; +https://babbar.tech/crawler)"
154.54.249.202 - - [20/Apr/2022:06:30:09 +0200] "GET /PmWikiJa/Input?action=upload HTTP/1.1" 200 8509 "-" "Mozilla/5.0 (compatible; Barkrowler/0.9; +https://babbar.tech/crawler)"
154.54.249.202 - - [20/Apr/2022:06:30:24 +0200] "GET /PmWikiJa/Flash?action=diff HTTP/1.1" 200 9170 "-" "Mozilla/5.0 (compatible; Barkrowler/0.9; +https://babbar.tech/crawler)"
154.54.249.202 - - [20/Apr/2022:06:30:39 +0200] "GET /PmWikiJa/Flash?action=upload HTTP/1.1" 200 8509 "-" "Mozilla/5.0 (compatible; Barkrowler/0.9; +https://babbar.tech/crawler)"
154.54.249.202 - - [20/Apr/2022:06:30:54 +0200] "GET /PmWikiJa/Quiz?action=diff HTTP/1.1" 200 9154 "-" "Mozilla/5.0 (compatible; Barkrowler/0.9; +https://babbar.tech/crawler)"
154.54.249.202 - - [20/Apr/2022:06:31:09 +0200] "GET /PmWikiJa/Quiz?action=upload HTTP/1.1" 200 8495 "-" "Mozilla/5.0 (compatible; Barkrowler/0.9; +https://babbar.tech/crawler)"
