194.209.200.2 - - [23/Apr/2022:00:02:19 +0200] "GET /robots.txt HTTP/1.1" 200 - "-" "Mozilla/5.0 (compatible; TMMBot/0.2; +http://www.dslab.ch)/Nutch-1.15"
194.209.200.2 - - [23/Apr/2022:00:02:19 +0200] "GET /Texte/ZurcherischEnglish HTTP/1.1" 200 8274 "-" "Mozilla/5.0 (compatible; TMMBot/0.2; +http://www.dslab.ch)/Nutch-1.15"
85.208.98.17 - - [23/Apr/2022:00:02:35 +0200] "GET / HTTP/1.1" 200 14638 "-" "SEMrushBot"
194.209.200.2 - - [23/Apr/2022:00:03:45 +0200] "GET /Admin/Jahresbericht HTTP/1.1" 200 45530 "-" "Mozilla/5.0 (compatible; TMMBot/0.2; +http://www.dslab.ch)/Nutch-1.15"
194.209.200.2 - - [23/Apr/2022:00:04:10 +0200] "GET /Texte/Schrybwys HTTP/1.1" 200 11028 "-" "Mozilla/5.0 (compatible; TMMBot/0.2; +http://www.dslab.ch)/Nutch-1.15"
194.209.200.2 - - [23/Apr/2022:00:04:59 +0200] "GET /Texte/ArsAmatoria HTTP/1.1" 200 12369 "-" "Mozilla/5.0 (compatible; TMMBot/0.2; +http://www.dslab.ch)/Nutch-1.15"
194.209.200.2 - - [23/Apr/2022:00:05:48 +0200] "GET /Admin/Links HTTP/1.1" 200 14193 "-" "Mozilla/5.0 (compatible; TMMBot/0.2; +http://www.dslab.ch)/Nutch-1.15"
194.209.200.2 - - [23/Apr/2022:00:07:33 +0200] "GET /Main/Home HTTP/1.1" 200 14638 "-" "Mozilla/5.0 (compatible; TMMBot/0.2; +http://www.dslab.ch)/Nutch-1.15"
194.209.200.2 - - [23/Apr/2022:00:07:57 +0200] "GET / HTTP/1.1" 200 14638 "-" "Mozilla/5.0 (compatible; TMMBot/0.2; +http://www.dslab.ch)/Nutch-1.15"
194.209.200.2 - - [23/Apr/2022:00:08:18 +0200] "GET /Admin/ZurStiftung HTTP/1.1" 200 10864 "-" "Mozilla/5.0 (compatible; TMMBot/0.2; +http://www.dslab.ch)/Nutch-1.15"
194.209.200.2 - - [23/Apr/2022:00:08:43 +0200] "GET /Texte/Bitterbeuhsi HTTP/1.1" 200 9255 "-" "Mozilla/5.0 (compatible; TMMBot/0.2; +http://www.dslab.ch)/Nutch-1.15"
194.209.200.2 - - [23/Apr/2022:00:08:54 +0200] "GET /Gast/Podcast HTTP/1.1" 200 8106 "-" "Mozilla/5.0 (compatible; TMMBot/0.2; +http://www.dslab.ch)/Nutch-1.15"
185.191.171.8 - - [23/Apr/2022:00:10:37 +0200] "GET /robots.txt HTTP/1.1" 200 - "-" "Mozilla/5.0 (compatible; SemrushBot/7~bl; +http://www.semrush.com/bot.html)"
185.191.171.1 - - [23/Apr/2022:00:10:37 +0200] "GET /PmWikiIt/AuthorTracking?action=edit HTTP/1.1" 404 18 "-" "Mozilla/5.0 (compatible; SemrushBot/7~bl; +http://www.semrush.com/bot.html)"
114.119.141.139 - - [23/Apr/2022:00:13:37 +0200] "GET /PmWikiEl/XLPage?action=print HTTP/1.1" 403 18 "-" "Mozilla/5.0 (Linux; Android 7.0;) AppleWebKit/537.36 (KHTML, like Gecko) Mobile Safari/537.36 (compatible; PetalBot;+https://webmaster.petalsearch.com/site/petalbot)"
114.119.129.198 - - [23/Apr/2022:00:14:29 +0200] "GET /PmWikiRu/IncludeOtherPages?action=edit HTTP/1.1" 403 18 "-" "Mozilla/5.0 (Linux; Android 7.0;) AppleWebKit/537.36 (KHTML, like Gecko) Mobile Safari/537.36 (compatible; PetalBot;+https://webmaster.petalsearch.com/site/petalbot)"
54.36.149.46 - - [23/Apr/2022:00:15:42 +0200] "GET / HTTP/1.1" 200 14638 "-" "Mozilla/5.0 (compatible; AhrefsBot/7.0; +http://ahrefs.com/robot/)"
114.119.141.133 - - [23/Apr/2022:00:17:21 +0200] "GET /Site/PageListTemplates?action=diff&source=y&minor=n HTTP/1.1" 403 18 "-" "Mozilla/5.0 (Linux; Android 7.0;) AppleWebKit/537.36 (KHTML, like Gecko) Mobile Safari/537.36 (compatible; PetalBot;+https://webmaster.petalsearch.com/site/petalbot)"
114.119.141.191 - - [23/Apr/2022:00:17:47 +0200] "GET /PmWikiDe/DeletingPages?action=print HTTP/1.1" 403 18 "-" "Mozilla/5.0 (Linux; Android 7.0;) AppleWebKit/537.36 (KHTML, like Gecko) Mobile Safari/537.36 (compatible; PetalBot;+https://webmaster.petalsearch.com/site/petalbot)"
185.191.171.35 - - [23/Apr/2022:00:19:46 +0200] "GET /Profiles/Juf?action=edit HTTP/1.1" 404 18 "-" "Mozilla/5.0 (compatible; SemrushBot/7~bl; +http://www.semrush.com/bot.html)"
168.119.51.163 - - [23/Apr/2022:00:22:51 +0200] "GET /robots.txt HTTP/1.1" 200 - "-" "Mozilla/5.0 (compatible; um-IC/1.0; mailto: techinfo@ubermetrics-technologies.com; Windows NT 6.1; WOW64; rv:40.0) Gecko/20100101 Firefox/40.1"
168.119.51.163 - - [23/Apr/2022:00:22:51 +0200] "GET /PodCast/IndexPage?action=rss HTTP/1.1" 200 6298 "-" "Mozilla/5.0 (compatible; um-IC/1.0; mailto: techinfo@ubermetrics-technologies.com; Windows NT 6.1; WOW64; rv:40.0) Gecko/20100101 Firefox/40.1"
114.119.141.168 - - [23/Apr/2022:00:24:09 +0200] "GET /PmWikiDe/XLPageCookbook?action=print HTTP/1.1" 403 18 "-" "Mozilla/5.0 (Linux; Android 7.0;) AppleWebKit/537.36 (KHTML, like Gecko) Mobile Safari/537.36 (compatible; PetalBot;+https://webmaster.petalsearch.com/site/petalbot)"
66.249.76.193 - - [23/Apr/2022:00:25:45 +0200] "GET /PodCast/IndexPage?action=rss HTTP/1.1" 200 6298 "-" "Mozilla/5.0 (compatible; Googlebot/2.1; +http://www.google.com/bot.html)"
185.191.171.40 - - [23/Apr/2022:00:34:41 +0200] "GET /PmWikiRu/PageVariables HTTP/1.1" 200 15873 "-" "Mozilla/5.0 (compatible; SemrushBot/7~bl; +http://www.semrush.com/bot.html)"
114.119.141.173 - - [23/Apr/2022:00:37:07 +0200] "GET /PmWikiFr/PageHistory?action=diff HTTP/1.1" 403 18 "-" "Mozilla/5.0 (Linux; Android 7.0;) AppleWebKit/537.36 (KHTML, like Gecko) Mobile Safari/537.36 (compatible; PetalBot;+https://webmaster.petalsearch.com/site/petalbot)"
120.33.219.207 - - [23/Apr/2022:00:40:25 +0200] "HEAD /public/Fckeditor/editor/ HTTP/1.1" 404 - "http://www.baidu.com/" "Mozilla/5.0 (compatible; Baiduspider-render/2.0; +http://www.baidu.com/search/spider.html)"
194.209.200.2 - - [23/Apr/2022:00:45:40 +0200] "GET /robots.txt HTTP/1.1" 200 - "-" "Mozilla/5.0 (compatible; TMMBot/0.2; +http://www.dslab.ch)/Nutch-1.15"
194.209.200.2 - - [23/Apr/2022:00:45:40 +0200] "GET /Texte/ZurcherischEnglish HTTP/1.1" 200 8274 "-" "Mozilla/5.0 (compatible; TMMBot/0.2; +http://www.dslab.ch)/Nutch-1.15"
194.209.200.2 - - [23/Apr/2022:00:47:01 +0200] "GET /Admin/Jahresbericht HTTP/1.1" 200 45530 "-" "Mozilla/5.0 (compatible; TMMBot/0.2; +http://www.dslab.ch)/Nutch-1.15"
194.209.200.2 - - [23/Apr/2022:00:47:26 +0200] "GET /Texte/Schrybwys HTTP/1.1" 200 11028 "-" "Mozilla/5.0 (compatible; TMMBot/0.2; +http://www.dslab.ch)/Nutch-1.15"
194.209.200.2 - - [23/Apr/2022:00:48:11 +0200] "GET /Texte/ArsAmatoria HTTP/1.1" 200 12369 "-" "Mozilla/5.0 (compatible; TMMBot/0.2; +http://www.dslab.ch)/Nutch-1.15"
194.209.200.2 - - [23/Apr/2022:00:48:56 +0200] "GET /Admin/Links HTTP/1.1" 200 14193 "-" "Mozilla/5.0 (compatible; TMMBot/0.2; +http://www.dslab.ch)/Nutch-1.15"
185.191.171.21 - - [23/Apr/2022:00:50:46 +0200] "GET /PmWikiDe/PageListExplained?action=edit HTTP/1.1" 404 18 "-" "Mozilla/5.0 (compatible; SemrushBot/7~bl; +http://www.semrush.com/bot.html)"
194.209.200.2 - - [23/Apr/2022:00:50:59 +0200] "GET / HTTP/1.1" 200 14638 "-" "Mozilla/5.0 (compatible; TMMBot/0.2; +http://www.dslab.ch)/Nutch-1.15"
194.209.200.2 - - [23/Apr/2022:00:51:43 +0200] "GET /Texte/Bitterbeuhsi HTTP/1.1" 200 9255 "-" "Mozilla/5.0 (compatible; TMMBot/0.2; +http://www.dslab.ch)/Nutch-1.15"
194.209.200.2 - - [23/Apr/2022:00:52:21 +0200] "GET /Hilfe/AnleitungTonbeispiele HTTP/1.1" 200 9878 "-" "Mozilla/5.0 (compatible; TMMBot/0.2; +http://www.dslab.ch)/Nutch-1.15"
185.191.171.45 - - [23/Apr/2022:00:53:09 +0200] "GET /PmWikiRu/WikiWord?action=diff HTTP/1.1" 403 18 "-" "Mozilla/5.0 (compatible; SemrushBot/7~bl; +http://www.semrush.com/bot.html)"
185.191.171.45 - - [23/Apr/2022:01:12:45 +0200] "GET /robots.txt HTTP/1.1" 200 - "-" "Mozilla/5.0 (compatible; SemrushBot/7~bl; +http://www.semrush.com/bot.html)"
185.191.171.11 - - [23/Apr/2022:01:12:45 +0200] "GET /PmWikiDe/Troubleshooting?action=edit HTTP/1.1" 404 18 "-" "Mozilla/5.0 (compatible; SemrushBot/7~bl; +http://www.semrush.com/bot.html)"
185.191.171.40 - - [23/Apr/2022:01:16:12 +0200] "GET /PmWikiIt/LayoutAdvanced?action=edit HTTP/1.1" 404 18 "-" "Mozilla/5.0 (compatible; SemrushBot/7~bl; +http://www.semrush.com/bot.html)"
66.249.76.222 - - [23/Apr/2022:01:22:23 +0200] "GET /PodCast/IndexPage?action=rss HTTP/1.1" 200 6298 "-" "Mozilla/5.0 (compatible; Googlebot/2.1; +http://www.google.com/bot.html)"
114.119.134.123 - - [23/Apr/2022:01:27:33 +0200] "GET /PmWikiFr/IncludeOtherPages HTTP/1.1" 200 14792 "-" "Mozilla/5.0 (Linux; Android 7.0;) AppleWebKit/537.36 (KHTML, like Gecko) Mobile Safari/537.36 (compatible; PetalBot;+https://webmaster.petalsearch.com/site/petalbot)"
3.216.185.164 - - [23/Apr/2022:01:29:23 +0200] "GET /PodCast/IndexPage?action=rss HTTP/1.1" 200 6298 "-" "PocketCasts/1.0 (Pocket Casts Feed Parser; +http://pocketcasts.com/)"
185.191.171.34 - - [23/Apr/2022:01:33:48 +0200] "GET /PmWikiDe/CustomMarkup?action=upload HTTP/1.1" 403 18 "-" "Mozilla/5.0 (compatible; SemrushBot/7~bl; +http://www.semrush.com/bot.html)"
114.119.140.99 - - [23/Apr/2022:01:33:56 +0200] "GET /PmWikiFr/TestTom HTTP/1.1" 200 47119 "-" "Mozilla/5.0 (Linux; Android 7.0;) AppleWebKit/537.36 (KHTML, like Gecko) Mobile Safari/537.36 (compatible; PetalBot;+https://webmaster.petalsearch.com/site/petalbot)"
185.191.171.23 - - [23/Apr/2022:01:48:00 +0200] "GET /PmWikiNl/SidebarNl HTTP/1.1" 200 7647 "-" "Mozilla/5.0 (compatible; SemrushBot/7~bl; +http://www.semrush.com/bot.html)"
185.191.171.45 - - [23/Apr/2022:01:48:59 +0200] "GET /PmWikiIt/PmWikiIt?action=edit HTTP/1.1" 403 18 "-" "Mozilla/5.0 (compatible; SemrushBot/7~bl; +http://www.semrush.com/bot.html)"
185.191.171.42 - - [23/Apr/2022:01:51:55 +0200] "GET /PmWikiRu/DeletingPages?action=print HTTP/1.1" 403 18 "-" "Mozilla/5.0 (compatible; SemrushBot/7~bl; +http://www.semrush.com/bot.html)"
54.36.149.86 - - [23/Apr/2022:01:54:03 +0200] "GET /robots.txt HTTP/1.1" 200 - "-" "Mozilla/5.0 (compatible; AhrefsBot/7.0; +http://ahrefs.com/robot/)"
194.209.200.2 - - [23/Apr/2022:01:57:24 +0200] "GET /robots.txt HTTP/1.1" 200 - "-" "Mozilla/5.0 (compatible; TMMBot/0.2; +http://www.dslab.ch)/Nutch-1.15"
194.209.200.2 - - [23/Apr/2022:01:57:24 +0200] "GET /Admin/Jahresbericht HTTP/1.1" 200 45530 "-" "Mozilla/5.0 (compatible; TMMBot/0.2; +http://www.dslab.ch)/Nutch-1.15"
194.209.200.2 - - [23/Apr/2022:01:58:35 +0200] "GET /Texte/ArsAmatoria HTTP/1.1" 200 12369 "-" "Mozilla/5.0 (compatible; TMMBot/0.2; +http://www.dslab.ch)/Nutch-1.15"
194.209.200.2 - - [23/Apr/2022:01:59:19 +0200] "GET /Admin/Links HTTP/1.1" 200 14193 "-" "Mozilla/5.0 (compatible; TMMBot/0.2; +http://www.dslab.ch)/Nutch-1.15"
194.209.200.2 - - [23/Apr/2022:02:01:09 +0200] "GET /Main/Home HTTP/1.1" 200 14638 "-" "Mozilla/5.0 (compatible; TMMBot/0.2; +http://www.dslab.ch)/Nutch-1.15"
194.209.200.2 - - [23/Apr/2022:02:01:34 +0200] "GET / HTTP/1.1" 200 14638 "-" "Mozilla/5.0 (compatible; TMMBot/0.2; +http://www.dslab.ch)/Nutch-1.15"
194.209.200.2 - - [23/Apr/2022:02:02:23 +0200] "GET /Texte/Bitterbeuhsi HTTP/1.1" 200 9255 "-" "Mozilla/5.0 (compatible; TMMBot/0.2; +http://www.dslab.ch)/Nutch-1.15"
194.209.200.2 - - [23/Apr/2022:02:02:36 +0200] "GET /Gast/Podcast HTTP/1.1" 200 8106 "-" "Mozilla/5.0 (compatible; TMMBot/0.2; +http://www.dslab.ch)/Nutch-1.15"
120.33.219.207 - - [23/Apr/2022:02:04:33 +0200] "HEAD /fckeditor/editor/ HTTP/1.1" 404 - "http://www.baidu.com/" "Mozilla/5.0 (compatible; Baiduspider-render/2.0; +http://www.baidu.com/search/spider.html)"
185.191.171.2 - - [23/Apr/2022:02:09:51 +0200] "GET /PmWikiFr/PmWiki HTTP/1.1" 302 190 "-" "Mozilla/5.0 (compatible; SemrushBot/7~bl; +http://www.semrush.com/bot.html)"
185.191.171.26 - - [23/Apr/2022:02:09:53 +0200] "GET /PmWikiFr/PmWikiFr?from=PmWikiFr.PmWiki HTTP/1.1" 200 14878 "-" "Mozilla/5.0 (compatible; SemrushBot/7~bl; +http://www.semrush.com/bot.html)"
114.119.141.217 - - [23/Apr/2022:02:10:59 +0200] "GET /PmWikiRu/DeletingPages HTTP/1.1" 200 12905 "-" "Mozilla/5.0 (Linux; Android 7.0;) AppleWebKit/537.36 (KHTML, like Gecko) Mobile Safari/537.36 (compatible; PetalBot;+https://webmaster.petalsearch.com/site/petalbot)"
185.191.171.14 - - [23/Apr/2022:02:11:31 +0200] "GET /Admin/Pro-ZurituutschStatuten HTTP/1.1" 200 9580 "-" "Mozilla/5.0 (compatible; SemrushBot/7~bl; +http://www.semrush.com/bot.html)"
173.231.60.197 - - [23/Apr/2022:02:11:59 +0200] "GET /robots.txt HTTP/1.1" 200 - "-" "Mozilla/5.0 (compatible; Adsbot/3.1; +https://seostar.co/robot/)"
173.231.60.197 - - [23/Apr/2022:02:12:06 +0200] "GET / HTTP/1.1" 200 14638 "-" "Mozilla/5.0 (compatible; Adsbot/3.1; +https://seostar.co/robot/)"
173.231.60.197 - - [23/Apr/2022:02:12:12 +0200] "GET /Main/Home?action=diff HTTP/1.1" 403 18 "http://www.pro-zurituutsch.ch/" "Mozilla/5.0 (compatible; Adsbot/3.1; +https://seostar.co/robot/)"
173.231.60.197 - - [23/Apr/2022:02:12:18 +0200] "GET /Main/Home?action=edit HTTP/1.1" 403 18 "http://www.pro-zurituutsch.ch/" "Mozilla/5.0 (compatible; Adsbot/3.1; +https://seostar.co/robot/)"
173.231.60.197 - - [23/Apr/2022:02:12:24 +0200] "GET /Main/Home?action=print HTTP/1.1" 403 18 "http://www.pro-zurituutsch.ch/" "Mozilla/5.0 (compatible; Adsbot/3.1; +https://seostar.co/robot/)"
173.231.60.197 - - [23/Apr/2022:02:12:30 +0200] "GET /Main/Home?action=upload HTTP/1.1" 403 18 "http://www.pro-zurituutsch.ch/" "Mozilla/5.0 (compatible; Adsbot/3.1; +https://seostar.co/robot/)"
173.231.60.197 - - [23/Apr/2022:02:12:38 +0200] "GET /Admin/Links HTTP/1.1" 200 14193 "http://www.pro-zurituutsch.ch/" "Mozilla/5.0 (compatible; Adsbot/3.1; +https://seostar.co/robot/)"
173.231.60.197 - - [23/Apr/2022:02:13:12 +0200] "GET /Texte/Roman HTTP/1.1" 200 38741 "http://www.pro-zurituutsch.ch/" "Mozilla/5.0 (compatible; Adsbot/3.1; +https://seostar.co/robot/)"
173.231.60.197 - - [23/Apr/2022:02:13:18 +0200] "GET /Gast/Podcast HTTP/1.1" 200 8106 "http://www.pro-zurituutsch.ch/" "Mozilla/5.0 (compatible; Adsbot/3.1; +https://seostar.co/robot/)"
173.231.60.197 - - [23/Apr/2022:02:13:24 +0200] "GET /Texte/GDicht HTTP/1.1" 200 8050 "http://www.pro-zurituutsch.ch/" "Mozilla/5.0 (compatible; Adsbot/3.1; +https://seostar.co/robot/)"
173.231.60.197 - - [23/Apr/2022:02:13:30 +0200] "GET /Texte/Gloosse HTTP/1.1" 200 8061 "http://www.pro-zurituutsch.ch/" "Mozilla/5.0 (compatible; Adsbot/3.1; +https://seostar.co/robot/)"
173.231.60.197 - - [23/Apr/2022:02:13:36 +0200] "GET /Texte/Limericks HTTP/1.1" 200 8087 "http://www.pro-zurituutsch.ch/" "Mozilla/5.0 (compatible; Adsbot/3.1; +https://seostar.co/robot/)"
173.231.60.197 - - [23/Apr/2022:02:13:43 +0200] "GET /Texte/Rezension HTTP/1.1" 200 11812 "http://www.pro-zurituutsch.ch/" "Mozilla/5.0 (compatible; Adsbot/3.1; +https://seostar.co/robot/)"
173.231.60.197 - - [23/Apr/2022:02:13:49 +0200] "GET /Texte/Schrybwys HTTP/1.1" 200 11028 "http://www.pro-zurituutsch.ch/" "Mozilla/5.0 (compatible; Adsbot/3.1; +https://seostar.co/robot/)"
185.191.171.19 - - [23/Apr/2022:02:13:51 +0200] "GET /robots.txt HTTP/1.1" 200 - "-" "Mozilla/5.0 (compatible; SemrushBot/7~bl; +http://www.semrush.com/bot.html)"
185.191.171.39 - - [23/Apr/2022:02:13:51 +0200] "GET /PmWikiFr/FichierDeConfiguration?action=diff HTTP/1.1" 403 18 "-" "Mozilla/5.0 (compatible; SemrushBot/7~bl; +http://www.semrush.com/bot.html)"
173.231.60.197 - - [23/Apr/2022:02:13:55 +0200] "GET /Texte/Styluebige HTTP/1.1" 200 9998 "http://www.pro-zurituutsch.ch/" "Mozilla/5.0 (compatible; Adsbot/3.1; +https://seostar.co/robot/)"
173.231.60.197 - - [23/Apr/2022:02:14:01 +0200] "GET /Admin/ZurStiftung HTTP/1.1" 200 10864 "http://www.pro-zurituutsch.ch/" "Mozilla/5.0 (compatible; Adsbot/3.1; +https://seostar.co/robot/)"
173.231.60.197 - - [23/Apr/2022:02:14:08 +0200] "GET /Texte/ArsAmatoria HTTP/1.1" 200 12369 "http://www.pro-zurituutsch.ch/" "Mozilla/5.0 (compatible; Adsbot/3.1; +https://seostar.co/robot/)"
173.231.60.197 - - [23/Apr/2022:02:14:13 +0200] "GET /Texte/Bitterbeuhsi HTTP/1.1" 200 9255 "http://www.pro-zurituutsch.ch/" "Mozilla/5.0 (compatible; Adsbot/3.1; +https://seostar.co/robot/)"
173.231.60.197 - - [23/Apr/2022:02:14:19 +0200] "GET /PodCast/RSSPodcasts HTTP/1.1" 200 8905 "http://www.pro-zurituutsch.ch/" "Mozilla/5.0 (compatible; Adsbot/3.1; +https://seostar.co/robot/)"
173.231.60.197 - - [23/Apr/2022:02:14:26 +0200] "GET /Texte/Metamorphoses HTTP/1.1" 200 9045 "http://www.pro-zurituutsch.ch/" "Mozilla/5.0 (compatible; Adsbot/3.1; +https://seostar.co/robot/)"
173.231.60.197 - - [23/Apr/2022:02:14:33 +0200] "GET /Admin/AdresseStiftung HTTP/1.1" 200 8453 "http://www.pro-zurituutsch.ch/" "Mozilla/5.0 (compatible; Adsbot/3.1; +https://seostar.co/robot/)"
185.191.171.21 - - [23/Apr/2022:02:14:39 +0200] "GET /PmWikiDe/WikiTrails?action=diff HTTP/1.1" 403 18 "-" "Mozilla/5.0 (compatible; SemrushBot/7~bl; +http://www.semrush.com/bot.html)"
173.231.60.197 - - [23/Apr/2022:02:14:39 +0200] "GET /Texte/ZurcherischEnglish HTTP/1.1" 200 8274 "http://www.pro-zurituutsch.ch/" "Mozilla/5.0 (compatible; Adsbot/3.1; +https://seostar.co/robot/)"
173.231.60.197 - - [23/Apr/2022:02:14:45 +0200] "GET /Hilfe/AnleitungTonbeispiele HTTP/1.1" 200 9878 "http://www.pro-zurituutsch.ch/" "Mozilla/5.0 (compatible; Adsbot/3.1; +https://seostar.co/robot/)"
173.231.60.197 - - [23/Apr/2022:02:14:51 +0200] "GET /Admin/Pro-ZurituutschStatuten HTTP/1.1" 200 9580 "http://www.pro-zurituutsch.ch/" "Mozilla/5.0 (compatible; Adsbot/3.1; +https://seostar.co/robot/)"
173.231.60.197 - - [23/Apr/2022:02:14:57 +0200] "GET /Main/Home HTTP/1.1" 200 14638 "http://www.pro-zurituutsch.ch/" "Mozilla/5.0 (compatible; Adsbot/3.1; +https://seostar.co/robot/)"
173.231.60.197 - - [23/Apr/2022:02:15:04 +0200] "GET /Admin/Links?action=diff HTTP/1.1" 403 18 "http://www.pro-zurituutsch.ch/" "Mozilla/5.0 (compatible; Adsbot/3.1; +https://seostar.co/robot/)"
173.231.60.197 - - [23/Apr/2022:02:15:10 +0200] "GET /Admin/Links?action=edit HTTP/1.1" 403 18 "http://www.pro-zurituutsch.ch/" "Mozilla/5.0 (compatible; Adsbot/3.1; +https://seostar.co/robot/)"
173.231.60.197 - - [23/Apr/2022:02:15:16 +0200] "GET /Admin/Links?action=print HTTP/1.1" 403 18 "http://www.pro-zurituutsch.ch/" "Mozilla/5.0 (compatible; Adsbot/3.1; +https://seostar.co/robot/)"
173.231.60.197 - - [23/Apr/2022:02:15:22 +0200] "GET /Admin/Links?action=upload HTTP/1.1" 403 18 "http://www.pro-zurituutsch.ch/" "Mozilla/5.0 (compatible; Adsbot/3.1; +https://seostar.co/robot/)"
173.231.60.197 - - [23/Apr/2022:02:15:28 +0200] "GET /Texte/Roman?action=diff HTTP/1.1" 403 18 "http://www.pro-zurituutsch.ch/" "Mozilla/5.0 (compatible; Adsbot/3.1; +https://seostar.co/robot/)"
173.231.60.197 - - [23/Apr/2022:02:15:35 +0200] "GET /Texte/Roman?action=edit HTTP/1.1" 403 18 "http://www.pro-zurituutsch.ch/" "Mozilla/5.0 (compatible; Adsbot/3.1; +https://seostar.co/robot/)"
173.231.60.197 - - [23/Apr/2022:02:15:41 +0200] "GET /Texte/Roman?action=print HTTP/1.1" 403 18 "http://www.pro-zurituutsch.ch/" "Mozilla/5.0 (compatible; Adsbot/3.1; +https://seostar.co/robot/)"
173.231.60.197 - - [23/Apr/2022:02:15:48 +0200] "GET /Texte/Roman?action=upload HTTP/1.1" 403 18 "http://www.pro-zurituutsch.ch/" "Mozilla/5.0 (compatible; Adsbot/3.1; +https://seostar.co/robot/)"
173.231.60.197 - - [23/Apr/2022:02:15:57 +0200] "GET /Gast/Podcast?action=diff HTTP/1.1" 403 18 "http://www.pro-zurituutsch.ch/" "Mozilla/5.0 (compatible; Adsbot/3.1; +https://seostar.co/robot/)"
173.231.60.197 - - [23/Apr/2022:02:16:04 +0200] "GET /Gast/Podcast?action=edit HTTP/1.1" 403 18 "http://www.pro-zurituutsch.ch/" "Mozilla/5.0 (compatible; Adsbot/3.1; +https://seostar.co/robot/)"
173.231.60.197 - - [23/Apr/2022:02:16:10 +0200] "GET /Gast/Podcast?action=print HTTP/1.1" 403 18 "http://www.pro-zurituutsch.ch/" "Mozilla/5.0 (compatible; Adsbot/3.1; +https://seostar.co/robot/)"
173.231.60.197 - - [23/Apr/2022:02:16:16 +0200] "GET /Gast/Podcast?action=upload HTTP/1.1" 403 18 "http://www.pro-zurituutsch.ch/" "Mozilla/5.0 (compatible; Adsbot/3.1; +https://seostar.co/robot/)"
173.231.60.197 - - [23/Apr/2022:02:16:21 +0200] "GET /Hilfe/Winamp HTTP/1.1" 200 9314 "http://www.pro-zurituutsch.ch/" "Mozilla/5.0 (compatible; Adsbot/3.1; +https://seostar.co/robot/)"
173.231.60.197 - - [23/Apr/2022:02:16:41 +0200] "GET /Texte/GDicht?action=diff HTTP/1.1" 403 18 "http://www.pro-zurituutsch.ch/" "Mozilla/5.0 (compatible; Adsbot/3.1; +https://seostar.co/robot/)"
173.231.60.197 - - [23/Apr/2022:02:16:46 +0200] "GET /Texte/GDicht?action=edit HTTP/1.1" 403 18 "http://www.pro-zurituutsch.ch/" "Mozilla/5.0 (compatible; Adsbot/3.1; +https://seostar.co/robot/)"
173.231.60.197 - - [23/Apr/2022:02:16:51 +0200] "GET /Texte/GDicht?action=print HTTP/1.1" 403 18 "http://www.pro-zurituutsch.ch/" "Mozilla/5.0 (compatible; Adsbot/3.1; +https://seostar.co/robot/)"
173.231.60.197 - - [23/Apr/2022:02:16:57 +0200] "GET /Texte/GDicht?action=upload HTTP/1.1" 403 18 "http://www.pro-zurituutsch.ch/" "Mozilla/5.0 (compatible; Adsbot/3.1; +https://seostar.co/robot/)"
173.231.60.197 - - [23/Apr/2022:02:17:03 +0200] "GET /Hilfe/RealOne HTTP/1.1" 200 10362 "http://www.pro-zurituutsch.ch/" "Mozilla/5.0 (compatible; Adsbot/3.1; +https://seostar.co/robot/)"
173.231.60.197 - - [23/Apr/2022:02:17:15 +0200] "GET /Texte/Gloosse?action=diff HTTP/1.1" 403 18 "http://www.pro-zurituutsch.ch/" "Mozilla/5.0 (compatible; Adsbot/3.1; +https://seostar.co/robot/)"
173.231.60.197 - - [23/Apr/2022:02:17:22 +0200] "GET /Texte/Gloosse?action=edit HTTP/1.1" 403 18 "http://www.pro-zurituutsch.ch/" "Mozilla/5.0 (compatible; Adsbot/3.1; +https://seostar.co/robot/)"
173.231.60.197 - - [23/Apr/2022:02:17:28 +0200] "GET /Texte/Gloosse?action=print HTTP/1.1" 403 18 "http://www.pro-zurituutsch.ch/" "Mozilla/5.0 (compatible; Adsbot/3.1; +https://seostar.co/robot/)"
173.231.60.197 - - [23/Apr/2022:02:17:34 +0200] "GET /Texte/Gloosse?action=upload HTTP/1.1" 403 18 "http://www.pro-zurituutsch.ch/" "Mozilla/5.0 (compatible; Adsbot/3.1; +https://seostar.co/robot/)"
173.231.60.197 - - [23/Apr/2022:02:17:40 +0200] "GET /Hilfe/Quicktime HTTP/1.1" 200 9103 "http://www.pro-zurituutsch.ch/" "Mozilla/5.0 (compatible; Adsbot/3.1; +https://seostar.co/robot/)"
173.231.60.197 - - [23/Apr/2022:02:17:46 +0200] "GET /Texte/Limericks?action=diff HTTP/1.1" 403 18 "http://www.pro-zurituutsch.ch/" "Mozilla/5.0 (compatible; Adsbot/3.1; +https://seostar.co/robot/)"
173.231.60.197 - - [23/Apr/2022:02:17:52 +0200] "GET /Texte/Limericks?action=edit HTTP/1.1" 403 18 "http://www.pro-zurituutsch.ch/" "Mozilla/5.0 (compatible; Adsbot/3.1; +https://seostar.co/robot/)"
173.231.60.197 - - [23/Apr/2022:02:18:01 +0200] "GET /Texte/Limericks?action=print HTTP/1.1" 403 18 "http://www.pro-zurituutsch.ch/" "Mozilla/5.0 (compatible; Adsbot/3.1; +https://seostar.co/robot/)"
173.231.60.197 - - [23/Apr/2022:02:18:07 +0200] "GET /Texte/Limericks?action=upload HTTP/1.1" 403 18 "http://www.pro-zurituutsch.ch/" "Mozilla/5.0 (compatible; Adsbot/3.1; +https://seostar.co/robot/)"
173.231.60.197 - - [23/Apr/2022:02:18:13 +0200] "GET /Texte/Rezension?action=diff HTTP/1.1" 403 18 "http://www.pro-zurituutsch.ch/" "Mozilla/5.0 (compatible; Adsbot/3.1; +https://seostar.co/robot/)"
173.231.60.197 - - [23/Apr/2022:02:18:22 +0200] "GET /Texte/Rezension?action=edit HTTP/1.1" 403 18 "http://www.pro-zurituutsch.ch/" "Mozilla/5.0 (compatible; Adsbot/3.1; +https://seostar.co/robot/)"
173.231.60.197 - - [23/Apr/2022:02:18:27 +0200] "GET /Texte/Rezension?action=print HTTP/1.1" 403 18 "http://www.pro-zurituutsch.ch/" "Mozilla/5.0 (compatible; Adsbot/3.1; +https://seostar.co/robot/)"
173.231.60.197 - - [23/Apr/2022:02:18:33 +0200] "GET /Texte/Rezension?action=upload HTTP/1.1" 403 18 "http://www.pro-zurituutsch.ch/" "Mozilla/5.0 (compatible; Adsbot/3.1; +https://seostar.co/robot/)"
173.231.60.197 - - [23/Apr/2022:02:18:40 +0200] "GET /Texte/Schrybwys?action=diff HTTP/1.1" 403 18 "http://www.pro-zurituutsch.ch/" "Mozilla/5.0 (compatible; Adsbot/3.1; +https://seostar.co/robot/)"
173.231.60.197 - - [23/Apr/2022:02:18:45 +0200] "GET /Texte/Schrybwys?action=edit HTTP/1.1" 403 18 "http://www.pro-zurituutsch.ch/" "Mozilla/5.0 (compatible; Adsbot/3.1; +https://seostar.co/robot/)"
173.231.60.197 - - [23/Apr/2022:02:18:51 +0200] "GET /Texte/Schrybwys?action=print HTTP/1.1" 403 18 "http://www.pro-zurituutsch.ch/" "Mozilla/5.0 (compatible; Adsbot/3.1; +https://seostar.co/robot/)"
173.231.60.197 - - [23/Apr/2022:02:18:59 +0200] "GET /Texte/Schrybwys?action=upload HTTP/1.1" 403 18 "http://www.pro-zurituutsch.ch/" "Mozilla/5.0 (compatible; Adsbot/3.1; +https://seostar.co/robot/)"
173.231.60.197 - - [23/Apr/2022:02:19:05 +0200] "GET /Texte/Styluebige?action=diff HTTP/1.1" 403 18 "http://www.pro-zurituutsch.ch/" "Mozilla/5.0 (compatible; Adsbot/3.1; +https://seostar.co/robot/)"
173.231.60.197 - - [23/Apr/2022:02:19:12 +0200] "GET /Texte/Styluebige?action=edit HTTP/1.1" 403 18 "http://www.pro-zurituutsch.ch/" "Mozilla/5.0 (compatible; Adsbot/3.1; +https://seostar.co/robot/)"
173.231.60.197 - - [23/Apr/2022:02:19:19 +0200] "GET /Texte/Styluebige?action=print HTTP/1.1" 403 18 "http://www.pro-zurituutsch.ch/" "Mozilla/5.0 (compatible; Adsbot/3.1; +https://seostar.co/robot/)"
173.231.60.197 - - [23/Apr/2022:02:19:25 +0200] "GET /Texte/Styluebige?action=upload HTTP/1.1" 403 18 "http://www.pro-zurituutsch.ch/" "Mozilla/5.0 (compatible; Adsbot/3.1; +https://seostar.co/robot/)"
173.231.60.197 - - [23/Apr/2022:02:19:31 +0200] "GET /Admin/ZurStiftung?action=diff HTTP/1.1" 403 18 "http://www.pro-zurituutsch.ch/" "Mozilla/5.0 (compatible; Adsbot/3.1; +https://seostar.co/robot/)"
173.231.60.197 - - [23/Apr/2022:02:19:37 +0200] "GET /Admin/ZurStiftung?action=edit HTTP/1.1" 403 18 "http://www.pro-zurituutsch.ch/" "Mozilla/5.0 (compatible; Adsbot/3.1; +https://seostar.co/robot/)"
173.231.60.197 - - [23/Apr/2022:02:19:43 +0200] "GET /Admin/ZurStiftung?action=print HTTP/1.1" 403 18 "http://www.pro-zurituutsch.ch/" "Mozilla/5.0 (compatible; Adsbot/3.1; +https://seostar.co/robot/)"
173.231.60.197 - - [23/Apr/2022:02:19:49 +0200] "GET /Admin/ZurStiftung?action=upload HTTP/1.1" 403 18 "http://www.pro-zurituutsch.ch/" "Mozilla/5.0 (compatible; Adsbot/3.1; +https://seostar.co/robot/)"
173.231.60.197 - - [23/Apr/2022:02:19:56 +0200] "GET /Texte/ArsAmatoria?action=diff HTTP/1.1" 403 18 "http://www.pro-zurituutsch.ch/" "Mozilla/5.0 (compatible; Adsbot/3.1; +https://seostar.co/robot/)"
173.231.60.197 - - [23/Apr/2022:02:20:01 +0200] "GET /Texte/ArsAmatoria?action=edit HTTP/1.1" 403 18 "http://www.pro-zurituutsch.ch/" "Mozilla/5.0 (compatible; Adsbot/3.1; +https://seostar.co/robot/)"
173.231.60.197 - - [23/Apr/2022:02:20:07 +0200] "GET /Texte/ArsAmatoria?action=print HTTP/1.1" 403 18 "http://www.pro-zurituutsch.ch/" "Mozilla/5.0 (compatible; Adsbot/3.1; +https://seostar.co/robot/)"
173.231.60.197 - - [23/Apr/2022:02:20:14 +0200] "GET /Texte/ArsAmatoria?action=upload HTTP/1.1" 403 18 "http://www.pro-zurituutsch.ch/" "Mozilla/5.0 (compatible; Adsbot/3.1; +https://seostar.co/robot/)"
173.231.60.197 - - [23/Apr/2022:02:20:20 +0200] "GET /Texte/Bitterbeuhsi?action=diff HTTP/1.1" 403 18 "http://www.pro-zurituutsch.ch/" "Mozilla/5.0 (compatible; Adsbot/3.1; +https://seostar.co/robot/)"
173.231.60.197 - - [23/Apr/2022:02:20:25 +0200] "GET /Texte/Bitterbeuhsi?action=edit HTTP/1.1" 403 18 "http://www.pro-zurituutsch.ch/" "Mozilla/5.0 (compatible; Adsbot/3.1; +https://seostar.co/robot/)"
173.231.60.197 - - [23/Apr/2022:02:20:31 +0200] "GET /Texte/Bitterbeuhsi?action=print HTTP/1.1" 403 18 "http://www.pro-zurituutsch.ch/" "Mozilla/5.0 (compatible; Adsbot/3.1; +https://seostar.co/robot/)"
173.231.60.197 - - [23/Apr/2022:02:20:37 +0200] "GET /Texte/Bitterbeuhsi?action=upload HTTP/1.1" 403 18 "http://www.pro-zurituutsch.ch/" "Mozilla/5.0 (compatible; Adsbot/3.1; +https://seostar.co/robot/)"
173.231.60.197 - - [23/Apr/2022:02:20:44 +0200] "GET /PodCast/RSSPodcasts?action=diff HTTP/1.1" 403 18 "http://www.pro-zurituutsch.ch/" "Mozilla/5.0 (compatible; Adsbot/3.1; +https://seostar.co/robot/)"
173.231.60.197 - - [23/Apr/2022:02:20:49 +0200] "GET /PodCast/RSSPodcasts?action=edit HTTP/1.1" 403 18 "http://www.pro-zurituutsch.ch/" "Mozilla/5.0 (compatible; Adsbot/3.1; +https://seostar.co/robot/)"
173.231.60.197 - - [23/Apr/2022:02:20:55 +0200] "GET /PodCast/RSSPodcasts?action=print HTTP/1.1" 403 18 "http://www.pro-zurituutsch.ch/" "Mozilla/5.0 (compatible; Adsbot/3.1; +https://seostar.co/robot/)"
173.231.60.197 - - [23/Apr/2022:02:21:02 +0200] "GET /PodCast/RSSPodcasts?action=upload HTTP/1.1" 403 18 "http://www.pro-zurituutsch.ch/" "Mozilla/5.0 (compatible; Adsbot/3.1; +https://seostar.co/robot/)"
173.231.60.197 - - [23/Apr/2022:02:21:08 +0200] "GET /Texte/Metamorphoses?action=diff HTTP/1.1" 403 18 "http://www.pro-zurituutsch.ch/" "Mozilla/5.0 (compatible; Adsbot/3.1; +https://seostar.co/robot/)"
173.231.60.197 - - [23/Apr/2022:02:21:14 +0200] "GET /Texte/Metamorphoses?action=edit HTTP/1.1" 403 18 "http://www.pro-zurituutsch.ch/" "Mozilla/5.0 (compatible; Adsbot/3.1; +https://seostar.co/robot/)"
173.231.60.197 - - [23/Apr/2022:02:21:20 +0200] "GET /Texte/Metamorphoses?action=print HTTP/1.1" 403 18 "http://www.pro-zurituutsch.ch/" "Mozilla/5.0 (compatible; Adsbot/3.1; +https://seostar.co/robot/)"
173.231.60.197 - - [23/Apr/2022:02:21:26 +0200] "GET /Texte/Metamorphoses?action=upload HTTP/1.1" 403 18 "http://www.pro-zurituutsch.ch/" "Mozilla/5.0 (compatible; Adsbot/3.1; +https://seostar.co/robot/)"
173.231.60.197 - - [23/Apr/2022:02:21:32 +0200] "GET /Admin/AdresseStiftung?action=diff HTTP/1.1" 403 18 "http://www.pro-zurituutsch.ch/" "Mozilla/5.0 (compatible; Adsbot/3.1; +https://seostar.co/robot/)"
173.231.60.197 - - [23/Apr/2022:02:21:38 +0200] "GET /Admin/AdresseStiftung?action=edit HTTP/1.1" 403 18 "http://www.pro-zurituutsch.ch/" "Mozilla/5.0 (compatible; Adsbot/3.1; +https://seostar.co/robot/)"
173.231.60.197 - - [23/Apr/2022:02:21:44 +0200] "GET /Admin/AdresseStiftung?action=print HTTP/1.1" 403 18 "http://www.pro-zurituutsch.ch/" "Mozilla/5.0 (compatible; Adsbot/3.1; +https://seostar.co/robot/)"
173.231.60.197 - - [23/Apr/2022:02:21:50 +0200] "GET /Admin/AdresseStiftung?action=upload HTTP/1.1" 403 18 "http://www.pro-zurituutsch.ch/" "Mozilla/5.0 (compatible; Adsbot/3.1; +https://seostar.co/robot/)"
173.231.60.197 - - [23/Apr/2022:02:21:56 +0200] "GET /Texte/ZurcherischEnglish?action=diff HTTP/1.1" 403 18 "http://www.pro-zurituutsch.ch/" "Mozilla/5.0 (compatible; Adsbot/3.1; +https://seostar.co/robot/)"
173.231.60.197 - - [23/Apr/2022:02:22:02 +0200] "GET /Texte/ZurcherischEnglish?action=edit HTTP/1.1" 403 18 "http://www.pro-zurituutsch.ch/" "Mozilla/5.0 (compatible; Adsbot/3.1; +https://seostar.co/robot/)"
173.231.60.197 - - [23/Apr/2022:02:22:08 +0200] "GET /Texte/ZurcherischEnglish?action=print HTTP/1.1" 403 18 "http://www.pro-zurituutsch.ch/" "Mozilla/5.0 (compatible; Adsbot/3.1; +https://seostar.co/robot/)"
173.231.60.197 - - [23/Apr/2022:02:22:14 +0200] "GET /Texte/ZurcherischEnglish?action=upload HTTP/1.1" 403 18 "http://www.pro-zurituutsch.ch/" "Mozilla/5.0 (compatible; Adsbot/3.1; +https://seostar.co/robot/)"
173.231.60.197 - - [23/Apr/2022:02:22:21 +0200] "GET /Hilfe/AnleitungTonbeispiele?action=diff HTTP/1.1" 403 18 "http://www.pro-zurituutsch.ch/" "Mozilla/5.0 (compatible; Adsbot/3.1; +https://seostar.co/robot/)"
173.231.60.197 - - [23/Apr/2022:02:22:26 +0200] "GET /Hilfe/AnleitungTonbeispiele?action=edit HTTP/1.1" 403 18 "http://www.pro-zurituutsch.ch/" "Mozilla/5.0 (compatible; Adsbot/3.1; +https://seostar.co/robot/)"
173.231.60.197 - - [23/Apr/2022:02:22:32 +0200] "GET /Hilfe/AnleitungTonbeispiele?action=print HTTP/1.1" 403 18 "http://www.pro-zurituutsch.ch/" "Mozilla/5.0 (compatible; Adsbot/3.1; +https://seostar.co/robot/)"
173.231.60.197 - - [23/Apr/2022:02:22:38 +0200] "GET /Hilfe/AnleitungTonbeispiele?action=upload HTTP/1.1" 403 18 "http://www.pro-zurituutsch.ch/" "Mozilla/5.0 (compatible; Adsbot/3.1; +https://seostar.co/robot/)"
173.231.60.197 - - [23/Apr/2022:02:22:44 +0200] "GET /Admin/Pro-ZurituutschStatuten?action=diff HTTP/1.1" 403 18 "http://www.pro-zurituutsch.ch/" "Mozilla/5.0 (compatible; Adsbot/3.1; +https://seostar.co/robot/)"
173.231.60.197 - - [23/Apr/2022:02:22:50 +0200] "GET /Admin/Pro-ZurituutschStatuten?action=edit HTTP/1.1" 403 18 "http://www.pro-zurituutsch.ch/" "Mozilla/5.0 (compatible; Adsbot/3.1; +https://seostar.co/robot/)"
173.231.60.197 - - [23/Apr/2022:02:22:56 +0200] "GET /Admin/Pro-ZurituutschStatuten?action=print HTTP/1.1" 403 18 "http://www.pro-zurituutsch.ch/" "Mozilla/5.0 (compatible; Adsbot/3.1; +https://seostar.co/robot/)"
185.191.171.45 - - [23/Apr/2022:02:22:59 +0200] "GET /Profiles/NerijusKrukauskas?action=edit HTTP/1.1" 404 18 "-" "Mozilla/5.0 (compatible; SemrushBot/7~bl; +http://www.semrush.com/bot.html)"
173.231.60.197 - - [23/Apr/2022:02:23:02 +0200] "GET /Admin/Pro-ZurituutschStatuten?action=upload HTTP/1.1" 403 18 "http://www.pro-zurituutsch.ch/" "Mozilla/5.0 (compatible; Adsbot/3.1; +https://seostar.co/robot/)"
173.231.60.197 - - [23/Apr/2022:02:23:08 +0200] "GET /Hilfe/Winamp?action=diff HTTP/1.1" 403 18 "http://www.pro-zurituutsch.ch/" "Mozilla/5.0 (compatible; Adsbot/3.1; +https://seostar.co/robot/)"
66.249.76.220 - - [23/Apr/2022:02:27:44 +0200] "GET /PodCast/IndexPage?action=rss HTTP/1.1" 200 6298 "-" "Mozilla/5.0 (compatible; Googlebot/2.1; +http://www.google.com/bot.html)"
185.191.171.26 - - [23/Apr/2022:02:35:55 +0200] "GET /PmWiki/I18nVariables HTTP/1.1" 200 12244 "-" "Mozilla/5.0 (compatible; SemrushBot/7~bl; +http://www.semrush.com/bot.html)"
185.191.171.40 - - [23/Apr/2022:02:36:52 +0200] "GET /PmWikiNl/ListeAllerSeiten?action=upload HTTP/1.1" 403 18 "-" "Mozilla/5.0 (compatible; SemrushBot/7~bl; +http://www.semrush.com/bot.html)"
185.191.171.26 - - [23/Apr/2022:02:41:48 +0200] "GET /PmWiki/XLPageTemplate?action=edit HTTP/1.1" 404 18 "-" "Mozilla/5.0 (compatible; SemrushBot/7~bl; +http://www.semrush.com/bot.html)"
194.209.200.2 - - [23/Apr/2022:02:44:13 +0200] "GET /robots.txt HTTP/1.1" 200 - "-" "Mozilla/5.0 (compatible; TMMBot/0.2; +http://www.dslab.ch)/Nutch-1.15"
194.209.200.2 - - [23/Apr/2022:02:44:13 +0200] "GET /Admin/Jahresbericht HTTP/1.1" 200 45530 "-" "Mozilla/5.0 (compatible; TMMBot/0.2; +http://www.dslab.ch)/Nutch-1.15"
194.209.200.2 - - [23/Apr/2022:02:46:20 +0200] "GET /Texte/ArsAmatoria HTTP/1.1" 200 12369 "-" "Mozilla/5.0 (compatible; TMMBot/0.2; +http://www.dslab.ch)/Nutch-1.15"
194.209.200.2 - - [23/Apr/2022:02:47:40 +0200] "GET /Admin/Links HTTP/1.1" 200 14193 "-" "Mozilla/5.0 (compatible; TMMBot/0.2; +http://www.dslab.ch)/Nutch-1.15"
194.209.200.2 - - [23/Apr/2022:02:50:26 +0200] "GET /Main/Home HTTP/1.1" 200 14638 "-" "Mozilla/5.0 (compatible; TMMBot/0.2; +http://www.dslab.ch)/Nutch-1.15"
194.209.200.2 - - [23/Apr/2022:02:51:11 +0200] "GET / HTTP/1.1" 200 14638 "-" "Mozilla/5.0 (compatible; TMMBot/0.2; +http://www.dslab.ch)/Nutch-1.15"
194.209.200.2 - - [23/Apr/2022:02:52:14 +0200] "GET /Texte/Bitterbeuhsi HTTP/1.1" 200 9255 "-" "Mozilla/5.0 (compatible; TMMBot/0.2; +http://www.dslab.ch)/Nutch-1.15"
185.191.171.40 - - [23/Apr/2022:02:54:32 +0200] "GET /PmWikiFr/PagelistTemplateSamples?action=edit HTTP/1.1" 404 18 "-" "Mozilla/5.0 (compatible; SemrushBot/7~bl; +http://www.semrush.com/bot.html)"
185.191.171.42 - - [23/Apr/2022:03:05:46 +0200] "GET /PmWikiFr/PatrickMichaud?action=print HTTP/1.1" 403 18 "-" "Mozilla/5.0 (compatible; SemrushBot/7~bl; +http://www.semrush.com/bot.html)"
66.249.76.196 - - [23/Apr/2022:03:20:08 +0200] "GET /PodCast/IndexPage?action=rss HTTP/1.1" 200 6298 "-" "Mozilla/5.0 (compatible; Googlebot/2.1; +http://www.google.com/bot.html)"
185.191.171.36 - - [23/Apr/2022:03:22:34 +0200] "GET /robots.txt HTTP/1.1" 200 - "-" "Mozilla/5.0 (compatible; SemrushBot/7~bl; +http://www.semrush.com/bot.html)"
185.191.171.34 - - [23/Apr/2022:03:22:35 +0200] "GET /PmWikiFr/PagelistVariables?action=upload HTTP/1.1" 403 18 "-" "Mozilla/5.0 (compatible; SemrushBot/7~bl; +http://www.semrush.com/bot.html)"
185.191.171.12 - - [23/Apr/2022:03:26:47 +0200] "GET /PmWikiRu/WikiGroup HTTP/1.1" 200 20064 "-" "Mozilla/5.0 (compatible; SemrushBot/7~bl; +http://www.semrush.com/bot.html)"
185.191.171.40 - - [23/Apr/2022:03:29:47 +0200] "GET /PmWikiDe/ErweitertesLayout?action=diff HTTP/1.1" 403 18 "-" "Mozilla/5.0 (compatible; SemrushBot/7~bl; +http://www.semrush.com/bot.html)"
120.33.219.207 - - [23/Apr/2022:03:30:55 +0200] "HEAD /admin/fckeditor/editor/ HTTP/1.1" 404 - "http://www.baidu.com/" "Mozilla/5.0 (compatible; Baiduspider-render/2.0; +http://www.baidu.com/search/spider.html)"
207.46.13.155 - - [23/Apr/2022:03:32:38 +0200] "GET /PmWiki/Skins HTTP/1.1" 200 22575 "-" "Mozilla/5.0 (compatible; bingbot/2.0; +http://www.bing.com/bingbot.htm)"
185.191.171.3 - - [23/Apr/2022:03:35:55 +0200] "GET /PmWikiNl/WikiZoeken?action=upload HTTP/1.1" 403 18 "-" "Mozilla/5.0 (compatible; SemrushBot/7~bl; +http://www.semrush.com/bot.html)"
185.191.171.6 - - [23/Apr/2022:03:36:51 +0200] "GET /PmWiki/ReleaseNotes HTTP/1.1" 200 114146 "-" "Mozilla/5.0 (compatible; SemrushBot/7~bl; +http://www.semrush.com/bot.html)"
194.209.200.2 - - [23/Apr/2022:03:42:56 +0200] "GET /robots.txt HTTP/1.1" 200 - "-" "Mozilla/5.0 (compatible; TMMBot/0.2; +http://www.dslab.ch)/Nutch-1.15"
194.209.200.2 - - [23/Apr/2022:03:42:56 +0200] "GET /Texte/Schrybwys HTTP/1.1" 200 11028 "-" "Mozilla/5.0 (compatible; TMMBot/0.2; +http://www.dslab.ch)/Nutch-1.15"
194.209.200.2 - - [23/Apr/2022:03:43:45 +0200] "GET /Texte/ArsAmatoria HTTP/1.1" 200 12369 "-" "Mozilla/5.0 (compatible; TMMBot/0.2; +http://www.dslab.ch)/Nutch-1.15"
194.209.200.2 - - [23/Apr/2022:03:44:31 +0200] "GET /Admin/Links HTTP/1.1" 200 14193 "-" "Mozilla/5.0 (compatible; TMMBot/0.2; +http://www.dslab.ch)/Nutch-1.15"
194.209.200.2 - - [23/Apr/2022:03:46:16 +0200] "GET /Main/Home HTTP/1.1" 200 14638 "-" "Mozilla/5.0 (compatible; TMMBot/0.2; +http://www.dslab.ch)/Nutch-1.15"
194.209.200.2 - - [23/Apr/2022:03:46:38 +0200] "GET / HTTP/1.1" 200 14638 "-" "Mozilla/5.0 (compatible; TMMBot/0.2; +http://www.dslab.ch)/Nutch-1.15"
194.209.200.2 - - [23/Apr/2022:03:47:24 +0200] "GET /Texte/Bitterbeuhsi HTTP/1.1" 200 9255 "-" "Mozilla/5.0 (compatible; TMMBot/0.2; +http://www.dslab.ch)/Nutch-1.15"
194.209.200.2 - - [23/Apr/2022:03:47:35 +0200] "GET /Gast/Podcast HTTP/1.1" 200 8106 "-" "Mozilla/5.0 (compatible; TMMBot/0.2; +http://www.dslab.ch)/Nutch-1.15"
185.191.171.38 - - [23/Apr/2022:03:54:07 +0200] "GET /PmWikiFr/AuthorTracking?action=diff HTTP/1.1" 403 18 "-" "Mozilla/5.0 (compatible; SemrushBot/7~bl; +http://www.semrush.com/bot.html)"
185.191.171.10 - - [23/Apr/2022:04:00:34 +0200] "GET /PmWikiDe/ListLocal HTTP/1.1" 200 38028 "-" "Mozilla/5.0 (compatible; SemrushBot/7~bl; +http://www.semrush.com/bot.html)"
185.191.171.44 - - [23/Apr/2022:04:00:56 +0200] "GET /PmWikiNl/XLPage?action=upload HTTP/1.1" 403 18 "-" "Mozilla/5.0 (compatible; SemrushBot/7~bl; +http://www.semrush.com/bot.html)"
94.130.216.182 - - [23/Apr/2022:04:01:54 +0200] "GET /robots.txt HTTP/1.1" 200 - "-" "Mozilla/5.0 (compatible; BLEXBot/1.0; +http://webmeup-crawler.com/)"
94.130.216.182 - - [23/Apr/2022:04:01:55 +0200] "GET /sitemap.xml HTTP/1.1" 404 277 "-" "Mozilla/5.0 (compatible; BLEXBot/1.0; +http://webmeup-crawler.com/)"
94.130.216.182 - - [23/Apr/2022:04:02:54 +0200] "GET /sitemap.xml HTTP/1.1" 404 281 "-" "Mozilla/5.0 (compatible; BLEXBot/1.0; +http://webmeup-crawler.com/)"
94.130.216.182 - - [23/Apr/2022:04:02:56 +0200] "GET /Admin/AdresseStiftung HTTP/1.1" 200 8453 "-" "Mozilla/5.0 (compatible; BLEXBot/1.0; +http://webmeup-crawler.com/)"
94.130.216.182 - - [23/Apr/2022:04:03:55 +0200] "GET /Admin/Links HTTP/1.1" 200 14193 "-" "Mozilla/5.0 (compatible; BLEXBot/1.0; +http://webmeup-crawler.com/)"
94.130.216.182 - - [23/Apr/2022:04:05:24 +0200] "GET /Admin/Pro-ZurituutschStatuten HTTP/1.1" 200 9580 "-" "Mozilla/5.0 (compatible; BLEXBot/1.0; +http://webmeup-crawler.com/)"
185.191.171.25 - - [23/Apr/2022:04:07:10 +0200] "GET /PmWikiLt/XLPage?action=print HTTP/1.1" 403 18 "-" "Mozilla/5.0 (compatible; SemrushBot/7~bl; +http://www.semrush.com/bot.html)"
94.130.216.182 - - [23/Apr/2022:04:07:54 +0200] "GET /robots.txt HTTP/1.1" 200 - "-" "Mozilla/5.0 (compatible; BLEXBot/1.0; +http://webmeup-crawler.com/)"
94.130.216.182 - - [23/Apr/2022:04:07:54 +0200] "GET /Admin/ZurStiftung HTTP/1.1" 200 10864 "-" "Mozilla/5.0 (compatible; BLEXBot/1.0; +http://webmeup-crawler.com/)"
94.130.216.182 - - [23/Apr/2022:04:08:24 +0200] "GET /Gast/Podcast HTTP/1.1" 200 8106 "-" "Mozilla/5.0 (compatible; BLEXBot/1.0; +http://webmeup-crawler.com/)"
185.191.171.38 - - [23/Apr/2022:04:08:29 +0200] "GET /PmWikiIt/PasswordsAdmin?action=edit HTTP/1.1" 404 18 "-" "Mozilla/5.0 (compatible; SemrushBot/7~bl; +http://www.semrush.com/bot.html)"
94.130.216.182 - - [23/Apr/2022:04:08:54 +0200] "GET /Hilfe/AnleitungTonbeispiele HTTP/1.1" 200 9878 "-" "Mozilla/5.0 (compatible; BLEXBot/1.0; +http://webmeup-crawler.com/)"
94.130.216.182 - - [23/Apr/2022:04:10:55 +0200] "GET /robots.txt HTTP/1.1" 200 - "-" "Mozilla/5.0 (compatible; BLEXBot/1.0; +http://webmeup-crawler.com/)"
94.130.216.182 - - [23/Apr/2022:04:10:55 +0200] "GET /Main/Home HTTP/1.1" 200 14638 "-" "Mozilla/5.0 (compatible; BLEXBot/1.0; +http://webmeup-crawler.com/)"
94.130.216.182 - - [23/Apr/2022:04:12:55 +0200] "GET /robots.txt HTTP/1.1" 200 - "-" "Mozilla/5.0 (compatible; BLEXBot/1.0; +http://webmeup-crawler.com/)"
94.130.216.182 - - [23/Apr/2022:04:12:55 +0200] "GET /Main/Home?action=diff HTTP/1.1" 403 18 "-" "Mozilla/5.0 (compatible; BLEXBot/1.0; +http://webmeup-crawler.com/)"
94.130.216.182 - - [23/Apr/2022:04:13:25 +0200] "GET /Main/Home?action=edit HTTP/1.1" 403 18 "-" "Mozilla/5.0 (compatible; BLEXBot/1.0; +http://webmeup-crawler.com/)"
66.249.76.193 - - [23/Apr/2022:04:13:49 +0200] "GET /PodCast/IndexPage?action=rss HTTP/1.1" 200 6298 "-" "Mozilla/5.0 (compatible; Googlebot/2.1; +http://www.google.com/bot.html)"
94.130.216.182 - - [23/Apr/2022:04:14:26 +0200] "GET /Main/Home?action=print HTTP/1.1" 403 18 "-" "Mozilla/5.0 (compatible; BLEXBot/1.0; +http://webmeup-crawler.com/)"
94.130.216.182 - - [23/Apr/2022:04:15:26 +0200] "GET /Main/Home?action=upload HTTP/1.1" 403 18 "-" "Mozilla/5.0 (compatible; BLEXBot/1.0; +http://webmeup-crawler.com/)"
94.130.216.182 - - [23/Apr/2022:04:15:28 +0200] "GET /PodCast/IndexPage?action=rss HTTP/1.1" 200 6298 "-" "Mozilla/5.0 (compatible; BLEXBot/1.0; +http://webmeup-crawler.com/)"
94.130.216.182 - - [23/Apr/2022:04:15:57 +0200] "GET /PodCast/RSSPodcasts HTTP/1.1" 200 8905 "-" "Mozilla/5.0 (compatible; BLEXBot/1.0; +http://webmeup-crawler.com/)"
94.130.216.182 - - [23/Apr/2022:04:16:27 +0200] "GET /Site/PodCast HTTP/1.1" 200 40934 "-" "Mozilla/5.0 (compatible; BLEXBot/1.0; +http://webmeup-crawler.com/)"
94.130.216.182 - - [23/Apr/2022:04:17:27 +0200] "GET /Texte/ArsAmatoria HTTP/1.1" 200 12369 "-" "Mozilla/5.0 (compatible; BLEXBot/1.0; +http://webmeup-crawler.com/)"
94.130.216.182 - - [23/Apr/2022:04:17:28 +0200] "GET /Texte/Bitterbeuhsi HTTP/1.1" 200 9255 "-" "Mozilla/5.0 (compatible; BLEXBot/1.0; +http://webmeup-crawler.com/)"
216.244.66.243 - - [23/Apr/2022:04:19:12 +0200] "GET /robots.txt HTTP/1.1" 200 - "-" "Mozilla/5.0 (compatible; DotBot/1.2; +https://opensiteexplorer.org/dotbot; help@moz.com)"
94.130.216.182 - - [23/Apr/2022:04:19:28 +0200] "GET /Texte/GDicht HTTP/1.1" 200 8050 "-" "Mozilla/5.0 (compatible; BLEXBot/1.0; +http://webmeup-crawler.com/)"
94.130.216.182 - - [23/Apr/2022:04:20:27 +0200] "GET /Texte/Gloosse HTTP/1.1" 200 8061 "-" "Mozilla/5.0 (compatible; BLEXBot/1.0; +http://webmeup-crawler.com/)"
94.130.216.182 - - [23/Apr/2022:04:21:27 +0200] "GET /Texte/Limericks HTTP/1.1" 200 8087 "-" "Mozilla/5.0 (compatible; BLEXBot/1.0; +http://webmeup-crawler.com/)"
94.130.216.182 - - [23/Apr/2022:04:22:57 +0200] "GET /robots.txt HTTP/1.1" 200 - "-" "Mozilla/5.0 (compatible; BLEXBot/1.0; +http://webmeup-crawler.com/)"
94.130.216.182 - - [23/Apr/2022:04:22:57 +0200] "GET /Texte/Metamorphoses HTTP/1.1" 200 9045 "-" "Mozilla/5.0 (compatible; BLEXBot/1.0; +http://webmeup-crawler.com/)"
194.209.200.2 - - [23/Apr/2022:04:23:05 +0200] "GET /robots.txt HTTP/1.1" 200 - "-" "Mozilla/5.0 (compatible; TMMBot/0.2; +http://www.dslab.ch)/Nutch-1.15"
194.209.200.2 - - [23/Apr/2022:04:23:05 +0200] "GET /Texte/Styluebige HTTP/1.1" 200 9998 "-" "Mozilla/5.0 (compatible; TMMBot/0.2; +http://www.dslab.ch)/Nutch-1.15"
194.209.200.2 - - [23/Apr/2022:04:23:07 +0200] "GET /Admin/Links HTTP/1.1" 200 14193 "-" "Mozilla/5.0 (compatible; TMMBot/0.2; +http://www.dslab.ch)/Nutch-1.15"
94.130.216.182 - - [23/Apr/2022:04:23:34 +0200] "GET /Texte/Rezension HTTP/1.1" 200 11812 "-" "Mozilla/5.0 (compatible; BLEXBot/1.0; +http://webmeup-crawler.com/)"
194.209.200.2 - - [23/Apr/2022:04:24:57 +0200] "GET /Main/Home HTTP/1.1" 200 14638 "-" "Mozilla/5.0 (compatible; TMMBot/0.2; +http://www.dslab.ch)/Nutch-1.15"
194.209.200.2 - - [23/Apr/2022:04:25:25 +0200] "GET / HTTP/1.1" 200 14638 "-" "Mozilla/5.0 (compatible; TMMBot/0.2; +http://www.dslab.ch)/Nutch-1.15"
94.130.216.182 - - [23/Apr/2022:04:25:29 +0200] "GET /Texte/Roman HTTP/1.1" 200 38741 "-" "Mozilla/5.0 (compatible; BLEXBot/1.0; +http://webmeup-crawler.com/)"
94.130.216.182 - - [23/Apr/2022:04:25:59 +0200] "GET /Texte/Schrybwys HTTP/1.1" 200 11028 "-" "Mozilla/5.0 (compatible; BLEXBot/1.0; +http://webmeup-crawler.com/)"
194.209.200.2 - - [23/Apr/2022:04:26:14 +0200] "GET /Texte/Bitterbeuhsi HTTP/1.1" 200 9255 "-" "Mozilla/5.0 (compatible; TMMBot/0.2; +http://www.dslab.ch)/Nutch-1.15"
94.130.216.182 - - [23/Apr/2022:04:26:59 +0200] "GET /Texte/Styluebige HTTP/1.1" 200 9998 "-" "Mozilla/5.0 (compatible; BLEXBot/1.0; +http://webmeup-crawler.com/)"
94.130.216.182 - - [23/Apr/2022:04:27:58 +0200] "GET /Texte/ZurcherischEnglish HTTP/1.1" 200 8274 "-" "Mozilla/5.0 (compatible; BLEXBot/1.0; +http://webmeup-crawler.com/)"
185.191.171.43 - - [23/Apr/2022:04:28:59 +0200] "GET /robots.txt HTTP/1.1" 200 - "-" "Mozilla/5.0 (compatible; SemrushBot/7~bl; +http://www.semrush.com/bot.html)"
185.191.171.45 - - [23/Apr/2022:04:28:59 +0200] "GET /PmWikiFr/AcceptPathInfo?action=print HTTP/1.1" 403 18 "-" "Mozilla/5.0 (compatible; SemrushBot/7~bl; +http://www.semrush.com/bot.html)"
216.244.66.243 - - [23/Apr/2022:04:30:42 +0200] "GET /Texte/GDicht?action=edit HTTP/1.1" 403 18 "-" "Mozilla/5.0 (compatible; DotBot/1.2; +https://opensiteexplorer.org/dotbot; help@moz.com)"
185.191.171.45 - - [23/Apr/2022:04:43:37 +0200] "GET /PmWikiCs/TextFormattingRules?action=upload HTTP/1.1" 403 18 "-" "Mozilla/5.0 (compatible; SemrushBot/7~bl; +http://www.semrush.com/bot.html)"
185.191.171.43 - - [23/Apr/2022:04:44:21 +0200] "GET /PmWikiDe/WikiTrails HTTP/1.1" 200 12015 "-" "Mozilla/5.0 (compatible; SemrushBot/7~bl; +http://www.semrush.com/bot.html)"
120.33.219.207 - - [23/Apr/2022:05:00:01 +0200] "HEAD /FCKeditor/editor/ HTTP/1.1" 404 - "http://www.baidu.com/" "Mozilla/5.0 (compatible; Baiduspider-render/2.0; +http://www.baidu.com/search/spider.html)"
194.209.200.2 - - [23/Apr/2022:05:00:56 +0200] "GET /robots.txt HTTP/1.1" 200 - "-" "Mozilla/5.0 (compatible; TMMBot/0.2; +http://www.dslab.ch)/Nutch-1.15"
194.209.200.2 - - [23/Apr/2022:05:00:56 +0200] "GET /Texte/Schrybwys HTTP/1.1" 200 11028 "-" "Mozilla/5.0 (compatible; TMMBot/0.2; +http://www.dslab.ch)/Nutch-1.15"
194.209.200.2 - - [23/Apr/2022:05:01:46 +0200] "GET /Texte/ArsAmatoria HTTP/1.1" 200 12369 "-" "Mozilla/5.0 (compatible; TMMBot/0.2; +http://www.dslab.ch)/Nutch-1.15"
185.191.171.42 - - [23/Apr/2022:05:02:20 +0200] "GET /PmWikiDe/Variables?action=edit HTTP/1.1" 403 18 "-" "Mozilla/5.0 (compatible; SemrushBot/7~bl; +http://www.semrush.com/bot.html)"
194.209.200.2 - - [23/Apr/2022:05:02:27 +0200] "GET /Texte/Styluebige HTTP/1.1" 200 9998 "-" "Mozilla/5.0 (compatible; TMMBot/0.2; +http://www.dslab.ch)/Nutch-1.15"
194.209.200.2 - - [23/Apr/2022:05:02:30 +0200] "GET /Admin/Links HTTP/1.1" 200 14193 "-" "Mozilla/5.0 (compatible; TMMBot/0.2; +http://www.dslab.ch)/Nutch-1.15"
185.191.171.25 - - [23/Apr/2022:05:04:15 +0200] "GET /PmWikiFr/FAQ?action=edit HTTP/1.1" 404 18 "-" "Mozilla/5.0 (compatible; SemrushBot/7~bl; +http://www.semrush.com/bot.html)"
194.209.200.2 - - [23/Apr/2022:05:04:35 +0200] "GET / HTTP/1.1" 200 14638 "-" "Mozilla/5.0 (compatible; TMMBot/0.2; +http://www.dslab.ch)/Nutch-1.15"
194.209.200.2 - - [23/Apr/2022:05:05:21 +0200] "GET /Texte/Bitterbeuhsi HTTP/1.1" 200 9255 "-" "Mozilla/5.0 (compatible; TMMBot/0.2; +http://www.dslab.ch)/Nutch-1.15"
66.249.76.220 - - [23/Apr/2022:05:08:07 +0200] "GET /PodCast/IndexPage?action=rss HTTP/1.1" 200 6298 "-" "Mozilla/5.0 (compatible; Googlebot/2.1; +http://www.google.com/bot.html)"
185.191.171.12 - - [23/Apr/2022:05:08:42 +0200] "GET /PmWikiDe/Variables?action=diff HTTP/1.1" 403 18 "-" "Mozilla/5.0 (compatible; SemrushBot/7~bl; +http://www.semrush.com/bot.html)"
188.34.179.182 - - [23/Apr/2022:05:09:48 +0200] "GET / HTTP/1.1" 200 14638 "-" "page-preview-tool Mozilla/5.0 (Windows NT 10.0; Win64; x64) AppleWebKit/537.36 (KHTML, like Gecko) Chrome/80.0.3987.132 Safari/537.36"
185.191.171.11 - - [23/Apr/2022:05:15:00 +0200] "GET /PmWikiRu/WikiWord?action=upload HTTP/1.1" 403 18 "-" "Mozilla/5.0 (compatible; SemrushBot/7~bl; +http://www.semrush.com/bot.html)"
185.191.171.9 - - [23/Apr/2022:05:28:35 +0200] "GET /PmWikiFr/MarkupCharacters HTTP/1.1" 200 47353 "-" "Mozilla/5.0 (compatible; SemrushBot/7~bl; +http://www.semrush.com/bot.html)"
194.209.200.2 - - [23/Apr/2022:05:32:43 +0200] "GET /robots.txt HTTP/1.1" 200 - "-" "Mozilla/5.0 (compatible; TMMBot/0.2; +http://www.dslab.ch)/Nutch-1.15"
194.209.200.2 - - [23/Apr/2022:05:32:43 +0200] "GET /Texte/Schrybwys HTTP/1.1" 200 11028 "-" "Mozilla/5.0 (compatible; TMMBot/0.2; +http://www.dslab.ch)/Nutch-1.15"
194.209.200.2 - - [23/Apr/2022:05:34:05 +0200] "GET /Texte/Styluebige HTTP/1.1" 200 9998 "-" "Mozilla/5.0 (compatible; TMMBot/0.2; +http://www.dslab.ch)/Nutch-1.15"
194.209.200.2 - - [23/Apr/2022:05:34:07 +0200] "GET /Admin/Links HTTP/1.1" 200 14193 "-" "Mozilla/5.0 (compatible; TMMBot/0.2; +http://www.dslab.ch)/Nutch-1.15"
194.209.200.2 - - [23/Apr/2022:05:36:08 +0200] "GET / HTTP/1.1" 200 14638 "-" "Mozilla/5.0 (compatible; TMMBot/0.2; +http://www.dslab.ch)/Nutch-1.15"
194.209.200.2 - - [23/Apr/2022:05:36:50 +0200] "GET /Texte/Bitterbeuhsi HTTP/1.1" 200 9255 "-" "Mozilla/5.0 (compatible; TMMBot/0.2; +http://www.dslab.ch)/Nutch-1.15"
5.188.210.21 - - [23/Apr/2022:05:37:00 +0200] "GET /PmWikiRu/FlatFileAdvantages HTTP/1.0" 200 15215 "http://www.pro-zurituutsch.ch/PmWikiRu/FlatFileAdvantages" "Mozilla/5.0 (Windows NT 6.2; Win64; x64) AppleWebKit/537.36 (KHTML, like Gecko) Chrome/90.0.4430.93 Safari/537.36"
