154.54.249.202 - - [23/Jan/2022:09:00:00 +0100] "GET /PodCast/Rutlirapport?action=edit&restore=diff:1179926064:1179925994:&preview=y HTTP/1.1" 200 8738 "-" "Mozilla/5.0 (compatible; Barkrowler/0.9; +https://babbar.tech/crawler)"
154.54.249.202 - - [23/Jan/2022:09:00:15 +0100] "GET /Bestellen/Pschtellf?action=edit&restore=diff:1185289853:1185288327:&preview=y HTTP/1.1" 200 8723 "-" "Mozilla/5.0 (compatible; Barkrowler/0.9; +https://babbar.tech/crawler)"
154.54.249.202 - - [23/Jan/2022:09:00:30 +0100] "GET /Bestellen/Pschtellf?action=edit&restore=diff:1179764478:1179728785:&preview=y HTTP/1.1" 200 8723 "-" "Mozilla/5.0 (compatible; Barkrowler/0.9; +https://babbar.tech/crawler)"
154.54.249.202 - - [23/Jan/2022:09:00:45 +0100] "GET /Admin/ZurStiftung?action=edit&restore=diff:1591952964:1163056565:&preview=y HTTP/1.1" 200 8697 "-" "Mozilla/5.0 (compatible; Barkrowler/0.9; +https://babbar.tech/crawler)"
154.54.249.202 - - [23/Jan/2022:09:01:01 +0100] "GET /Admin/Jahresbericht?action=edit&restore=diff:1185289948:1185289856:minor&preview=y HTTP/1.1" 200 8728 "-" "Mozilla/5.0 (compatible; Barkrowler/0.9; +https://babbar.tech/crawler)"
154.54.249.202 - - [23/Jan/2022:09:01:16 +0100] "GET /Site/112Stans1481?action=edit&restore=diff:1253286349:1253285701:&preview=y HTTP/1.1" 200 8699 "-" "Mozilla/5.0 (compatible; Barkrowler/0.9; +https://babbar.tech/crawler)"
154.54.249.202 - - [23/Jan/2022:09:01:31 +0100] "GET /Site/Etnastara?action=edit&restore=diff:1201270486:1201270341:&preview=y HTTP/1.1" 200 8653 "-" "Mozilla/5.0 (compatible; Barkrowler/0.9; +https://babbar.tech/crawler)"
154.54.249.202 - - [23/Jan/2022:09:01:46 +0100] "GET /Site/72Mourte1476?action=edit&restore=diff:1247429187:1247428378:&preview=y HTTP/1.1" 200 8699 "-" "Mozilla/5.0 (compatible; Barkrowler/0.9; +https://babbar.tech/crawler)"
154.54.249.202 - - [23/Jan/2022:09:02:01 +0100] "GET /Site/72Mourte1476?action=edit&restore=diff:1247429397:1247429187:&preview=y HTTP/1.1" 200 8699 "-" "Mozilla/5.0 (compatible; Barkrowler/0.9; +https://babbar.tech/crawler)"
194.209.200.2 - - [23/Jan/2022:09:02:09 +0100] "GET /Texte/Bitterbeuhsi HTTP/1.1" 200 9255 "-" "Mozilla/5.0 (compatible; TMMBot/0.2; +http://www.dslab.ch)/Nutch-1.15"
154.54.249.202 - - [23/Jan/2022:09:02:16 +0100] "GET /Site/61Sanggale1465?action=edit&restore=diff:1244748439:1244748439:&preview=y HTTP/1.1" 200 8727 "-" "Mozilla/5.0 (compatible; Barkrowler/0.9; +https://babbar.tech/crawler)"
154.54.249.202 - - [23/Jan/2022:09:02:31 +0100] "GET /Site/61Sanggale1465?action=edit&restore=diff:1244749908:1244749184:&preview=y HTTP/1.1" 200 8727 "-" "Mozilla/5.0 (compatible; Barkrowler/0.9; +https://babbar.tech/crawler)"
154.54.249.202 - - [23/Jan/2022:09:02:46 +0100] "GET /Site/61Sanggale1465?action=edit&restore=diff:1245600063:1244749908:&preview=y HTTP/1.1" 200 8727 "-" "Mozilla/5.0 (compatible; Barkrowler/0.9; +https://babbar.tech/crawler)"
154.54.249.202 - - [23/Jan/2022:09:03:01 +0100] "GET /Site/Blickestoorff?action=edit&restore=diff:1233519646:1232659528:&preview=y HTTP/1.1" 200 8709 "-" "Mozilla/5.0 (compatible; Barkrowler/0.9; +https://babbar.tech/crawler)"
154.54.249.202 - - [23/Jan/2022:09:03:16 +0100] "GET /Site/Blickestoorff?action=edit&restore=diff:1231623601:1231623522:&preview=y HTTP/1.1" 200 8709 "-" "Mozilla/5.0 (compatible; Barkrowler/0.9; +https://babbar.tech/crawler)"
154.54.249.202 - - [23/Jan/2022:09:03:32 +0100] "GET /Site/Blickestoorff?action=edit&restore=diff:1231623522:1231623323:&preview=y HTTP/1.1" 200 8709 "-" "Mozilla/5.0 (compatible; Barkrowler/0.9; +https://babbar.tech/crawler)"
154.54.249.202 - - [23/Jan/2022:09:03:47 +0100] "GET /Site/Blickestoorff?action=edit&restore=diff:1231623767:1231623677:&preview=y HTTP/1.1" 200 8709 "-" "Mozilla/5.0 (compatible; Barkrowler/0.9; +https://babbar.tech/crawler)"
154.54.249.202 - - [23/Jan/2022:09:04:02 +0100] "GET /Site/Blickestoorff?action=edit&restore=diff:1231623323:1231623136:&preview=y HTTP/1.1" 200 8709 "-" "Mozilla/5.0 (compatible; Barkrowler/0.9; +https://babbar.tech/crawler)"
154.54.249.202 - - [23/Jan/2022:09:04:17 +0100] "GET /Site/Blickestoorff?action=edit&restore=diff:1231623897:1231623786:&preview=y HTTP/1.1" 200 8709 "-" "Mozilla/5.0 (compatible; Barkrowler/0.9; +https://babbar.tech/crawler)"
154.54.249.202 - - [23/Jan/2022:09:04:32 +0100] "GET /Site/Blickestoorff?action=edit&restore=diff:1231623786:1231623767:&preview=y HTTP/1.1" 200 8709 "-" "Mozilla/5.0 (compatible; Barkrowler/0.9; +https://babbar.tech/crawler)"
154.54.249.202 - - [23/Jan/2022:09:04:47 +0100] "GET /Site/42Fasnacht1455?action=edit&restore=diff:1240219584:1240218431:&preview=y HTTP/1.1" 200 8727 "-" "Mozilla/5.0 (compatible; Barkrowler/0.9; +https://babbar.tech/crawler)"
154.54.249.202 - - [23/Jan/2022:09:05:02 +0100] "GET /Site/42Fasnacht1455?action=edit&restore=diff:1241514149:1241513918:&preview=y HTTP/1.1" 200 8727 "-" "Mozilla/5.0 (compatible; Barkrowler/0.9; +https://babbar.tech/crawler)"
154.54.249.202 - - [23/Jan/2022:09:05:18 +0100] "GET /Site/21Baadstoube?action=edit&restore=diff:1234556981:1234556268:&preview=y HTTP/1.1" 200 8697 "-" "Mozilla/5.0 (compatible; Barkrowler/0.9; +https://babbar.tech/crawler)"
154.54.249.202 - - [23/Jan/2022:09:05:33 +0100] "GET /Site/21Baadstoube?action=edit&restore=diff:1234557105:1234556981:&preview=y HTTP/1.1" 200 8697 "-" "Mozilla/5.0 (compatible; Barkrowler/0.9; +https://babbar.tech/crawler)"
154.54.249.202 - - [23/Jan/2022:09:05:48 +0100] "GET /Site/21Baadstoube?action=edit&restore=diff:1234556268:1234556268:&preview=y HTTP/1.1" 200 8697 "-" "Mozilla/5.0 (compatible; Barkrowler/0.9; +https://babbar.tech/crawler)"
154.54.249.202 - - [23/Jan/2022:09:06:03 +0100] "GET /Site/WGA0Inhalt?action=edit&restore=diff:1282557839:1282557839:&preview=y HTTP/1.1" 200 8671 "-" "Mozilla/5.0 (compatible; Barkrowler/0.9; +https://babbar.tech/crawler)"
154.54.249.202 - - [23/Jan/2022:09:06:19 +0100] "GET /Site/WGA0Inhalt?action=edit&restore=diff:1282557912:1282557839:&preview=y HTTP/1.1" 200 8671 "-" "Mozilla/5.0 (compatible; Barkrowler/0.9; +https://babbar.tech/crawler)"
154.54.249.202 - - [23/Jan/2022:09:06:34 +0100] "GET /Site/WGA5Herz?action=edit&restore=diff:1290681496:1290681382:&preview=y HTTP/1.1" 200 8643 "-" "Mozilla/5.0 (compatible; Barkrowler/0.9; +https://babbar.tech/crawler)"
154.54.249.202 - - [23/Jan/2022:09:06:49 +0100] "GET /Site/WGA5Herz?action=edit&restore=diff:1290680600:1290680600:&preview=y HTTP/1.1" 200 8643 "-" "Mozilla/5.0 (compatible; Barkrowler/0.9; +https://babbar.tech/crawler)"
154.54.249.202 - - [23/Jan/2022:09:07:04 +0100] "GET /Site/WGA5Herz?action=edit&restore=diff:1292432412:1291233333:&preview=y HTTP/1.1" 200 8643 "-" "Mozilla/5.0 (compatible; Barkrowler/0.9; +https://babbar.tech/crawler)"
154.54.249.202 - - [23/Jan/2022:09:07:19 +0100] "GET /Site/71Mourte1476?action=edit&restore=diff:1246625911:1246625847:&preview=y HTTP/1.1" 200 8699 "-" "Mozilla/5.0 (compatible; Barkrowler/0.9; +https://babbar.tech/crawler)"
154.54.249.202 - - [23/Jan/2022:09:07:34 +0100] "GET /Site/71Mourte1476?action=edit&restore=diff:1246625188:1246625188:&preview=y HTTP/1.1" 200 8699 "-" "Mozilla/5.0 (compatible; Barkrowler/0.9; +https://babbar.tech/crawler)"
154.54.249.202 - - [23/Jan/2022:09:07:49 +0100] "GET /Site/71Mourte1476?action=edit&restore=diff:1246625847:1246625188:&preview=y HTTP/1.1" 200 8699 "-" "Mozilla/5.0 (compatible; Barkrowler/0.9; +https://babbar.tech/crawler)"
154.54.249.202 - - [23/Jan/2022:09:08:04 +0100] "GET /Site/71Mourte1476?action=edit&restore=diff:1247429360:1247320937:&preview=y HTTP/1.1" 200 8699 "-" "Mozilla/5.0 (compatible; Barkrowler/0.9; +https://babbar.tech/crawler)"
154.54.249.202 - - [23/Jan/2022:09:08:19 +0100] "GET /Texte/ArsAmatoria?action=edit&restore=diff:1163056076:1163055958:&preview=y HTTP/1.1" 200 8697 "-" "Mozilla/5.0 (compatible; Barkrowler/0.9; +https://babbar.tech/crawler)"
154.54.249.202 - - [23/Jan/2022:09:08:35 +0100] "GET /Texte/ArsAmatoria?action=edit&restore=diff:1179764729:1178907460:&preview=y HTTP/1.1" 200 8697 "-" "Mozilla/5.0 (compatible; Barkrowler/0.9; +https://babbar.tech/crawler)"
154.54.249.202 - - [23/Jan/2022:09:08:50 +0100] "GET /Texte/ArsAmatoria?action=edit&restore=diff:1177684026:1175714025:&preview=y HTTP/1.1" 200 8697 "-" "Mozilla/5.0 (compatible; Barkrowler/0.9; +https://babbar.tech/crawler)"
154.54.249.202 - - [23/Jan/2022:09:09:05 +0100] "GET /Texte/ArsAmatoria?action=edit&restore=diff:1178907460:1177684430:&preview=y HTTP/1.1" 200 8697 "-" "Mozilla/5.0 (compatible; Barkrowler/0.9; +https://babbar.tech/crawler)"
154.54.249.202 - - [23/Jan/2022:09:09:20 +0100] "GET /Texte/ArsAmatoria?action=edit&restore=diff:1163119246:1163056822:&preview=y HTTP/1.1" 200 8697 "-" "Mozilla/5.0 (compatible; Barkrowler/0.9; +https://babbar.tech/crawler)"
154.54.249.202 - - [23/Jan/2022:09:09:35 +0100] "GET /Texte/ArsAmatoria?action=edit&restore=diff:1163055471:1163055417:&preview=y HTTP/1.1" 200 8697 "-" "Mozilla/5.0 (compatible; Barkrowler/0.9; +https://babbar.tech/crawler)"
154.54.249.202 - - [23/Jan/2022:09:09:50 +0100] "GET /Texte/ArsAmatoria?action=edit&restore=diff:1163055916:1163055884:&preview=y HTTP/1.1" 200 8697 "-" "Mozilla/5.0 (compatible; Barkrowler/0.9; +https://babbar.tech/crawler)"
154.54.249.202 - - [23/Jan/2022:09:10:05 +0100] "GET /Texte/ArsAmatoria?action=edit&restore=diff:1163055958:1163055916:&preview=y HTTP/1.1" 200 8697 "-" "Mozilla/5.0 (compatible; Barkrowler/0.9; +https://babbar.tech/crawler)"
185.191.171.25 - - [23/Jan/2022:09:10:15 +0100] "GET /robots.txt HTTP/1.1" 200 - "-" "Mozilla/5.0 (compatible; SemrushBot/7~bl; +http://www.semrush.com/bot.html)"
185.191.171.2 - - [23/Jan/2022:09:10:15 +0100] "GET /PmWikiFr/A?action=search&fmt=title&q=link%3DPmWikiFr.FlatFileAdvantages HTTP/1.1" 404 18 "-" "Mozilla/5.0 (compatible; SemrushBot/7~bl; +http://www.semrush.com/bot.html)"
154.54.249.202 - - [23/Jan/2022:09:10:21 +0100] "GET /Texte/ArsAmatoria?action=edit&restore=diff:1163055578:1163055471:&preview=y HTTP/1.1" 200 8697 "-" "Mozilla/5.0 (compatible; Barkrowler/0.9; +https://babbar.tech/crawler)"
154.54.249.202 - - [23/Jan/2022:09:10:36 +0100] "GET /Texte/ArsAmatoria?action=edit&restore=diff:1163055690:1163055654:&preview=y HTTP/1.1" 200 8697 "-" "Mozilla/5.0 (compatible; Barkrowler/0.9; +https://babbar.tech/crawler)"
154.54.249.202 - - [23/Jan/2022:09:10:51 +0100] "GET /Texte/Styluebige?action=edit&restore=diff:1179764522:1178907591:&preview=y HTTP/1.1" 200 8681 "-" "Mozilla/5.0 (compatible; Barkrowler/0.9; +https://babbar.tech/crawler)"
154.54.249.202 - - [23/Jan/2022:09:11:06 +0100] "GET /Texte/Styluebige?action=edit&restore=diff:1163119022:1163118975:&preview=y HTTP/1.1" 200 8681 "-" "Mozilla/5.0 (compatible; Barkrowler/0.9; +https://babbar.tech/crawler)"
154.54.249.202 - - [23/Jan/2022:09:11:21 +0100] "GET /Texte/Styluebige?action=edit&restore=diff:1163118914:1163118852:&preview=y HTTP/1.1" 200 8681 "-" "Mozilla/5.0 (compatible; Barkrowler/0.9; +https://babbar.tech/crawler)"
154.54.249.202 - - [23/Jan/2022:09:11:36 +0100] "GET /Texte/Styluebige?action=edit&restore=diff:1163038052:1163038026:&preview=y HTTP/1.1" 200 8681 "-" "Mozilla/5.0 (compatible; Barkrowler/0.9; +https://babbar.tech/crawler)"
154.54.249.202 - - [23/Jan/2022:09:11:51 +0100] "GET /Texte/Styluebige?action=edit&restore=diff:1163038156:1163038073:&preview=y HTTP/1.1" 200 8681 "-" "Mozilla/5.0 (compatible; Barkrowler/0.9; +https://babbar.tech/crawler)"
154.54.249.202 - - [23/Jan/2022:09:12:06 +0100] "GET /Texte/Styluebige?action=edit&restore=diff:1163038073:1163038052:&preview=y HTTP/1.1" 200 8681 "-" "Mozilla/5.0 (compatible; Barkrowler/0.9; +https://babbar.tech/crawler)"
154.54.249.202 - - [23/Jan/2022:09:12:22 +0100] "GET /Texte/Styluebige?action=edit&restore=diff:1163038026:1163037997:&preview=y HTTP/1.1" 200 8681 "-" "Mozilla/5.0 (compatible; Barkrowler/0.9; +https://babbar.tech/crawler)"
154.54.249.202 - - [23/Jan/2022:09:12:37 +0100] "GET /Texte/Styluebige?action=edit&restore=diff:1178723668:1177685651:&preview=y HTTP/1.1" 200 8681 "-" "Mozilla/5.0 (compatible; Barkrowler/0.9; +https://babbar.tech/crawler)"
154.54.249.202 - - [23/Jan/2022:09:12:52 +0100] "GET /Texte/Styluebige?action=edit&restore=diff:1178723863:1178723817:&preview=y HTTP/1.1" 200 8681 "-" "Mozilla/5.0 (compatible; Barkrowler/0.9; +https://babbar.tech/crawler)"
154.54.249.202 - - [23/Jan/2022:09:13:07 +0100] "GET /PodCast/JBJ201?action=edit&restore=diff:1398959485:1398959208:&preview=y HTTP/1.1" 200 8656 "-" "Mozilla/5.0 (compatible; Barkrowler/0.9; +https://babbar.tech/crawler)"
154.54.249.202 - - [23/Jan/2022:09:13:22 +0100] "GET /PodCast/JBJ201?action=edit&restore=diff:1398959208:1398959208:&preview=y HTTP/1.1" 200 8656 "-" "Mozilla/5.0 (compatible; Barkrowler/0.9; +https://babbar.tech/crawler)"
154.54.249.202 - - [23/Jan/2022:09:13:37 +0100] "GET /PodCast/JBJ601?action=edit&restore=diff:1417721471:1417721447:&preview=y HTTP/1.1" 200 8656 "-" "Mozilla/5.0 (compatible; Barkrowler/0.9; +https://babbar.tech/crawler)"
154.54.249.202 - - [23/Jan/2022:09:13:52 +0100] "GET /PodCast/JBJ601?action=edit&restore=diff:1417721542:1417721471:&preview=y HTTP/1.1" 200 8656 "-" "Mozilla/5.0 (compatible; Barkrowler/0.9; +https://babbar.tech/crawler)"
154.54.249.202 - - [23/Jan/2022:09:14:08 +0100] "GET /PodCast/JBJ602?action=edit&restore=diff:1421785180:1420301284:&preview=y HTTP/1.1" 200 8656 "-" "Mozilla/5.0 (compatible; Barkrowler/0.9; +https://babbar.tech/crawler)"
154.54.249.202 - - [23/Jan/2022:09:14:23 +0100] "GET /PodCast/JBJ602?action=edit&restore=diff:1420300562:1420300562:&preview=y HTTP/1.1" 200 8656 "-" "Mozilla/5.0 (compatible; Barkrowler/0.9; +https://babbar.tech/crawler)"
154.54.249.202 - - [23/Jan/2022:09:14:38 +0100] "GET /PodCast/JBJ502?action=edit&restore=diff:1414950046:1414949681:&preview=y HTTP/1.1" 200 8656 "-" "Mozilla/5.0 (compatible; Barkrowler/0.9; +https://babbar.tech/crawler)"
154.54.249.202 - - [23/Jan/2022:09:14:53 +0100] "GET /PodCast/JBJ502?action=edit&restore=diff:1414949681:1414949681:&preview=y HTTP/1.1" 200 8656 "-" "Mozilla/5.0 (compatible; Barkrowler/0.9; +https://babbar.tech/crawler)"
154.54.249.202 - - [23/Jan/2022:09:15:08 +0100] "GET /PodCast/JBJ702?action=edit&restore=diff:1427991657:1425486595:&preview=y HTTP/1.1" 200 8656 "-" "Mozilla/5.0 (compatible; Barkrowler/0.9; +https://babbar.tech/crawler)"
154.54.249.202 - - [23/Jan/2022:09:15:23 +0100] "GET /PodCast/JBJ702?action=edit&restore=diff:1425486029:1425486029:&preview=y HTTP/1.1" 200 8656 "-" "Mozilla/5.0 (compatible; Barkrowler/0.9; +https://babbar.tech/crawler)"
154.54.249.202 - - [23/Jan/2022:09:15:38 +0100] "GET /PodCast/JBJ402?action=edit&restore=diff:1409496409:1409496124:&preview=y HTTP/1.1" 200 8656 "-" "Mozilla/5.0 (compatible; Barkrowler/0.9; +https://babbar.tech/crawler)"
154.54.249.202 - - [23/Jan/2022:09:15:53 +0100] "GET /PodCast/JBJ402?action=edit&restore=diff:1412362108:1409496409:&preview=y HTTP/1.1" 200 8656 "-" "Mozilla/5.0 (compatible; Barkrowler/0.9; +https://babbar.tech/crawler)"
154.54.249.202 - - [23/Jan/2022:09:16:08 +0100] "GET /PodCast/JBJ501?action=edit&restore=diff:1414950085:1412362136:&preview=y HTTP/1.1" 200 8656 "-" "Mozilla/5.0 (compatible; Barkrowler/0.9; +https://babbar.tech/crawler)"
154.54.249.202 - - [23/Jan/2022:09:16:24 +0100] "GET /PodCast/JBJ501?action=edit&restore=diff:1412277635:1412277323:&preview=y HTTP/1.1" 200 8656 "-" "Mozilla/5.0 (compatible; Barkrowler/0.9; +https://babbar.tech/crawler)"
154.54.249.202 - - [23/Jan/2022:09:16:39 +0100] "GET /PodCast/JBJ501?action=edit&restore=diff:1412276960:1412276960:&preview=y HTTP/1.1" 200 8656 "-" "Mozilla/5.0 (compatible; Barkrowler/0.9; +https://babbar.tech/crawler)"
154.54.249.202 - - [23/Jan/2022:09:16:54 +0100] "GET /PodCast/JBJ501?action=edit&restore=diff:1412362136:1412353434:&preview=y HTTP/1.1" 200 8656 "-" "Mozilla/5.0 (compatible; Barkrowler/0.9; +https://babbar.tech/crawler)"
154.54.249.202 - - [23/Jan/2022:09:17:09 +0100] "GET /PodCast/JBJ501?action=edit&restore=diff:1412353434:1412277635:&preview=y HTTP/1.1" 200 8656 "-" "Mozilla/5.0 (compatible; Barkrowler/0.9; +https://babbar.tech/crawler)"
154.54.249.202 - - [23/Jan/2022:09:17:24 +0100] "GET /PodCast/SprAntBea?action=edit&restore=diff:1470996153:1470995876:&preview=y HTTP/1.1" 200 8700 "-" "Mozilla/5.0 (compatible; Barkrowler/0.9; +https://babbar.tech/crawler)"
154.54.249.202 - - [23/Jan/2022:09:17:39 +0100] "GET /PodCast/Wistaria01?action=edit&restore=diff:1501357751:1501357751:&preview=y HTTP/1.1" 200 8712 "-" "Mozilla/5.0 (compatible; Barkrowler/0.9; +https://babbar.tech/crawler)"
154.54.249.202 - - [23/Jan/2022:09:17:55 +0100] "GET /PodCast/Gramatik?action=edit&restore=diff:1164353895:1164353895:&preview=y HTTP/1.1" 200 8682 "-" "Mozilla/5.0 (compatible; Barkrowler/0.9; +https://babbar.tech/crawler)"
154.54.249.202 - - [23/Jan/2022:09:18:10 +0100] "GET /Admin/AdresseStiftung?action=edit&restore=diff:1619700437:1591952905:&preview=y HTTP/1.1" 200 8753 "-" "Mozilla/5.0 (compatible; Barkrowler/0.9; +https://babbar.tech/crawler)"
154.54.249.202 - - [23/Jan/2022:09:18:25 +0100] "GET /Texte/Bitterbeuhsi?action=edit&restore=diff:1178724704:1178724636:&preview=y HTTP/1.1" 200 8709 "-" "Mozilla/5.0 (compatible; Barkrowler/0.9; +https://babbar.tech/crawler)"
154.54.249.202 - - [23/Jan/2022:09:18:40 +0100] "GET /PodCast/Limerick678?action=edit&restore=diff:1196369128:1196369053:&preview=y HTTP/1.1" 200 8726 "-" "Mozilla/5.0 (compatible; Barkrowler/0.9; +https://babbar.tech/crawler)"
154.54.249.202 - - [23/Jan/2022:09:18:55 +0100] "GET /PodCast/Limerick121314?action=edit&restore=diff:1203281193:1203280944:&preview=y HTTP/1.1" 200 8768 "-" "Mozilla/5.0 (compatible; Barkrowler/0.9; +https://babbar.tech/crawler)"
154.54.249.202 - - [23/Jan/2022:09:19:10 +0100] "GET /Admin/AdresseStiftung?action=edit&restore=diff:1185288593:1185288494:minor&preview=y HTTP/1.1" 200 8758 "-" "Mozilla/5.0 (compatible; Barkrowler/0.9; +https://babbar.tech/crawler)"
154.54.249.202 - - [23/Jan/2022:09:19:25 +0100] "GET /Site/191Houhsraech1509?action=edit&restore=diff:1272876225:1272875929:&preview=y HTTP/1.1" 200 8769 "-" "Mozilla/5.0 (compatible; Barkrowler/0.9; +https://babbar.tech/crawler)"
66.249.72.158 - - [23/Jan/2022:09:19:29 +0100] "GET /PodCast/IndexPage?action=rss HTTP/1.1" 200 6298 "-" "Mozilla/5.0 (compatible; Googlebot/2.1; +http://www.google.com/bot.html)"
154.54.249.202 - - [23/Jan/2022:09:19:41 +0100] "GET /Hilfe/AnleitungTonbeispiele?action=edit&restore=diff:1163037365:1163037365:&preview=y HTTP/1.1" 200 8837 "-" "Mozilla/5.0 (compatible; Barkrowler/0.9; +https://babbar.tech/crawler)"
154.54.249.202 - - [23/Jan/2022:09:19:56 +0100] "GET /Hilfe/AnleitungTonbeispiele?action=edit&restore=diff:1163037395:1163037365:&preview=y HTTP/1.1" 200 8837 "-" "Mozilla/5.0 (compatible; Barkrowler/0.9; +https://babbar.tech/crawler)"
154.54.249.202 - - [23/Jan/2022:09:20:11 +0100] "GET /Texte/Bitterbeuhsi?action=edit&restore=diff:1591952722:1179764670:&preview=y HTTP/1.1" 200 8709 "-" "Mozilla/5.0 (compatible; Barkrowler/0.9; +https://babbar.tech/crawler)"
154.54.249.202 - - [23/Jan/2022:09:20:26 +0100] "GET /PodCast/Waalanalutisch?action=edit&restore=diff:1193935444:1193935319:&preview=y HTTP/1.1" 200 8766 "-" "Mozilla/5.0 (compatible; Barkrowler/0.9; +https://babbar.tech/crawler)"
154.54.249.202 - - [23/Jan/2022:09:20:41 +0100] "GET /Bestellen/Pschtellformoular?action=edit&restore=diff:1178725351:1178724966:&preview=y HTTP/1.1" 200 8835 "-" "Mozilla/5.0 (compatible; Barkrowler/0.9; +https://babbar.tech/crawler)"
194.209.200.2 - - [23/Jan/2022:09:20:50 +0100] "GET /robots.txt HTTP/1.1" 200 - "-" "Mozilla/5.0 (compatible; TMMBot/0.2; +http://www.dslab.ch)/Nutch-1.15"
194.209.200.2 - - [23/Jan/2022:09:20:50 +0100] "GET /Texte/Rezension HTTP/1.1" 200 11812 "-" "Mozilla/5.0 (compatible; TMMBot/0.2; +http://www.dslab.ch)/Nutch-1.15"
154.54.249.202 - - [23/Jan/2022:09:20:56 +0100] "GET /Bestellen/Pschtellformoular?action=edit&restore=diff:1178724966:1178724966:&preview=y HTTP/1.1" 200 8835 "-" "Mozilla/5.0 (compatible; Barkrowler/0.9; +https://babbar.tech/crawler)"
154.54.249.202 - - [23/Jan/2022:09:21:11 +0100] "GET /Bestellen/Pschtellformoular?action=edit&restore=diff:1178993398:1178993225:&preview=y HTTP/1.1" 200 8835 "-" "Mozilla/5.0 (compatible; Barkrowler/0.9; +https://babbar.tech/crawler)"
154.54.249.202 - - [23/Jan/2022:09:21:26 +0100] "GET /Bestellen/Pschtellformoular?action=edit&restore=diff:1178995052:1178995005:&preview=y HTTP/1.1" 200 8835 "-" "Mozilla/5.0 (compatible; Barkrowler/0.9; +https://babbar.tech/crawler)"
154.54.249.202 - - [23/Jan/2022:09:21:41 +0100] "GET /Bestellen/Pschtellformoular?action=edit&restore=diff:1178993225:1178725474:&preview=y HTTP/1.1" 200 8835 "-" "Mozilla/5.0 (compatible; Barkrowler/0.9; +https://babbar.tech/crawler)"
154.54.249.202 - - [23/Jan/2022:09:21:56 +0100] "GET /Bestellen/Pschtellformoular?action=edit&restore=diff:1178994407:1178994302:&preview=y HTTP/1.1" 200 8835 "-" "Mozilla/5.0 (compatible; Barkrowler/0.9; +https://babbar.tech/crawler)"
154.54.249.202 - - [23/Jan/2022:09:22:12 +0100] "GET /Bestellen/Pschtellformoular?action=edit&restore=diff:1178993898:1178993398:&preview=y HTTP/1.1" 200 8835 "-" "Mozilla/5.0 (compatible; Barkrowler/0.9; +https://babbar.tech/crawler)"
154.54.249.202 - - [23/Jan/2022:09:22:27 +0100] "GET /Site/191Houhsraech1509?action=edit&restore=diff:1273330060:1272876726:&preview=y HTTP/1.1" 200 8769 "-" "Mozilla/5.0 (compatible; Barkrowler/0.9; +https://babbar.tech/crawler)"
194.209.200.2 - - [23/Jan/2022:09:22:30 +0100] "GET /Admin/Jahresbericht HTTP/1.1" 200 45530 "-" "Mozilla/5.0 (compatible; TMMBot/0.2; +http://www.dslab.ch)/Nutch-1.15"
154.54.249.202 - - [23/Jan/2022:09:22:42 +0100] "GET /PodCast/StroubiZyt1?action=edit&restore=diff:1333640763:1333640307:&preview=y HTTP/1.1" 200 8728 "-" "Mozilla/5.0 (compatible; Barkrowler/0.9; +https://babbar.tech/crawler)"
194.209.200.2 - - [23/Jan/2022:09:22:51 +0100] "GET /Texte/Schrybwys HTTP/1.1" 200 11028 "-" "Mozilla/5.0 (compatible; TMMBot/0.2; +http://www.dslab.ch)/Nutch-1.15"
154.54.249.202 - - [23/Jan/2022:09:22:57 +0100] "GET /PodCast/StroubiZyt1?action=edit&restore=diff:1333640307:1333640307:&preview=y HTTP/1.1" 200 8728 "-" "Mozilla/5.0 (compatible; Barkrowler/0.9; +https://babbar.tech/crawler)"
194.209.200.2 - - [23/Jan/2022:09:23:44 +0100] "GET /Texte/GDicht HTTP/1.1" 200 8050 "-" "Mozilla/5.0 (compatible; TMMBot/0.2; +http://www.dslab.ch)/Nutch-1.15"
194.209.200.2 - - [23/Jan/2022:09:24:09 +0100] "GET /Texte/Styluebige HTTP/1.1" 200 9998 "-" "Mozilla/5.0 (compatible; TMMBot/0.2; +http://www.dslab.ch)/Nutch-1.15"
194.209.200.2 - - [23/Jan/2022:09:24:09 +0100] "GET /Admin/Links HTTP/1.1" 200 14193 "-" "Mozilla/5.0 (compatible; TMMBot/0.2; +http://www.dslab.ch)/Nutch-1.15"
66.249.72.158 - - [23/Jan/2022:09:25:39 +0100] "GET /Texte/Schrybwys HTTP/1.1" 200 11028 "-" "Mozilla/5.0 (Linux; Android 6.0.1; Nexus 5X Build/MMB29P) AppleWebKit/537.36 (KHTML, like Gecko) Chrome/97.0.4692.71 Mobile Safari/537.36 (compatible; Googlebot/2.1; +http://www.google.com/bot.html)"
194.209.200.2 - - [23/Jan/2022:09:26:39 +0100] "GET /Texte/Bitterbeuhsi HTTP/1.1" 200 9255 "-" "Mozilla/5.0 (compatible; TMMBot/0.2; +http://www.dslab.ch)/Nutch-1.15"
66.249.72.129 - - [23/Jan/2022:09:36:49 +0100] "GET / HTTP/1.1" 200 14638 "-" "Mozilla/5.0 (Linux; Android 6.0.1; Nexus 5X Build/MMB29P) AppleWebKit/537.36 (KHTML, like Gecko) Chrome/97.0.4692.71 Mobile Safari/537.36 (compatible; Googlebot/2.1; +http://www.google.com/bot.html)"
168.119.51.163 - - [23/Jan/2022:09:41:09 +0100] "GET /robots.txt HTTP/1.1" 200 - "-" "Mozilla/5.0 (compatible; um-IC/1.0; mailto: techinfo@ubermetrics-technologies.com; Windows NT 6.1; WOW64; rv:40.0) Gecko/20100101 Firefox/40.1"
168.119.51.163 - - [23/Jan/2022:09:41:10 +0100] "GET /PodCast/IndexPage?action=rss HTTP/1.1" 200 6298 "-" "Mozilla/5.0 (compatible; um-IC/1.0; mailto: techinfo@ubermetrics-technologies.com; Windows NT 6.1; WOW64; rv:40.0) Gecko/20100101 Firefox/40.1"
194.209.200.2 - - [23/Jan/2022:09:48:59 +0100] "GET /robots.txt HTTP/1.1" 200 - "-" "Mozilla/5.0 (compatible; TMMBot/0.2; +http://www.dslab.ch)/Nutch-1.15"
194.209.200.2 - - [23/Jan/2022:09:48:59 +0100] "GET /Texte/Rezension HTTP/1.1" 200 11812 "-" "Mozilla/5.0 (compatible; TMMBot/0.2; +http://www.dslab.ch)/Nutch-1.15"
194.209.200.2 - - [23/Jan/2022:09:50:40 +0100] "GET /Admin/Jahresbericht HTTP/1.1" 200 45530 "-" "Mozilla/5.0 (compatible; TMMBot/0.2; +http://www.dslab.ch)/Nutch-1.15"
194.209.200.2 - - [23/Jan/2022:09:51:01 +0100] "GET /Texte/Schrybwys HTTP/1.1" 200 11028 "-" "Mozilla/5.0 (compatible; TMMBot/0.2; +http://www.dslab.ch)/Nutch-1.15"
194.209.200.2 - - [23/Jan/2022:09:51:55 +0100] "GET /Texte/GDicht HTTP/1.1" 200 8050 "-" "Mozilla/5.0 (compatible; TMMBot/0.2; +http://www.dslab.ch)/Nutch-1.15"
194.209.200.2 - - [23/Jan/2022:09:52:19 +0100] "GET /Texte/Styluebige HTTP/1.1" 200 9998 "-" "Mozilla/5.0 (compatible; TMMBot/0.2; +http://www.dslab.ch)/Nutch-1.15"
194.209.200.2 - - [23/Jan/2022:09:52:20 +0100] "GET /Admin/Links HTTP/1.1" 200 14193 "-" "Mozilla/5.0 (compatible; TMMBot/0.2; +http://www.dslab.ch)/Nutch-1.15"
194.209.200.2 - - [23/Jan/2022:09:54:49 +0100] "GET /Texte/Bitterbeuhsi HTTP/1.1" 200 9255 "-" "Mozilla/5.0 (compatible; TMMBot/0.2; +http://www.dslab.ch)/Nutch-1.15"
194.209.200.2 - - [23/Jan/2022:09:55:24 +0100] "GET /Hilfe/AnleitungTonbeispiele HTTP/1.1" 200 9878 "-" "Mozilla/5.0 (compatible; TMMBot/0.2; +http://www.dslab.ch)/Nutch-1.15"
31.10.158.119 - - [23/Jan/2022:09:56:25 +0100] "GET / HTTP/1.1" 200 14638 "-" "Mozilla/5.0 (Windows NT 10.0; Win64; x64) AppleWebKit/537.36 (KHTML, like Gecko) Chrome/97.0.4692.99 Safari/537.36 Edg/97.0.1072.69"
31.10.158.119 - - [23/Jan/2022:09:56:25 +0100] "GET /pub/skins/pro-zurituutsch/gila.css HTTP/1.1" 200 10186 "http://www.pro-zurituutsch.ch/" "Mozilla/5.0 (Windows NT 10.0; Win64; x64) AppleWebKit/537.36 (KHTML, like Gecko) Chrome/97.0.4692.99 Safari/537.36 Edg/97.0.1072.69"
31.10.158.119 - - [23/Jan/2022:09:56:25 +0100] "GET /uploads/Main/logo.jpg HTTP/1.1" 200 29066 "http://www.pro-zurituutsch.ch/" "Mozilla/5.0 (Windows NT 10.0; Win64; x64) AppleWebKit/537.36 (KHTML, like Gecko) Chrome/97.0.4692.99 Safari/537.36 Edg/97.0.1072.69"
31.10.158.119 - - [23/Jan/2022:09:56:25 +0100] "GET /pub/skins/pro-zurituutsch/images/external.png HTTP/1.1" 200 165 "http://www.pro-zurituutsch.ch/pub/skins/pro-zurituutsch/gila.css" "Mozilla/5.0 (Windows NT 10.0; Win64; x64) AppleWebKit/537.36 (KHTML, like Gecko) Chrome/97.0.4692.99 Safari/537.36 Edg/97.0.1072.69"
31.10.158.119 - - [23/Jan/2022:09:56:26 +0100] "GET /pub/skins/pro-zurituutsch/images/favicon.ico HTTP/1.1" 200 1406 "http://www.pro-zurituutsch.ch/" "Mozilla/5.0 (Windows NT 10.0; Win64; x64) AppleWebKit/537.36 (KHTML, like Gecko) Chrome/97.0.4692.99 Safari/537.36 Edg/97.0.1072.69"
31.10.158.119 - - [23/Jan/2022:09:57:16 +0100] "GET /Texte/Schrybwys HTTP/1.1" 200 11028 "http://www.pro-zurituutsch.ch/" "Mozilla/5.0 (Windows NT 10.0; Win64; x64) AppleWebKit/537.36 (KHTML, like Gecko) Chrome/97.0.4692.99 Safari/537.36 Edg/97.0.1072.69"
31.10.158.119 - - [23/Jan/2022:09:57:16 +0100] "GET /uploads/Texte/ZurSchreibweise.jpg HTTP/1.1" 200 90748 "http://www.pro-zurituutsch.ch/Texte/Schrybwys" "Mozilla/5.0 (Windows NT 10.0; Win64; x64) AppleWebKit/537.36 (KHTML, like Gecko) Chrome/97.0.4692.99 Safari/537.36 Edg/97.0.1072.69"
31.10.158.119 - - [23/Jan/2022:09:57:36 +0100] "GET /PodCast/PodCast HTTP/1.1" 200 29790 "http://www.pro-zurituutsch.ch/Texte/Schrybwys" "Mozilla/5.0 (Windows NT 10.0; Win64; x64) AppleWebKit/537.36 (KHTML, like Gecko) Chrome/97.0.4692.99 Safari/537.36 Edg/97.0.1072.69"
31.10.158.119 - - [23/Jan/2022:09:57:41 +0100] "GET /PodCast/151Konschtanz1485?action=edit HTTP/1.1" 200 8766 "http://www.pro-zurituutsch.ch/PodCast/PodCast" "Mozilla/5.0 (Windows NT 10.0; Win64; x64) AppleWebKit/537.36 (KHTML, like Gecko) Chrome/97.0.4692.99 Safari/537.36 Edg/97.0.1072.69"
31.10.158.119 - - [23/Jan/2022:09:57:41 +0100] "GET /pub/guiedit/guiedit.js HTTP/1.1" 200 2679 "http://www.pro-zurituutsch.ch/PodCast/151Konschtanz1485?action=edit" "Mozilla/5.0 (Windows NT 10.0; Win64; x64) AppleWebKit/537.36 (KHTML, like Gecko) Chrome/97.0.4692.99 Safari/537.36 Edg/97.0.1072.69"
31.10.158.119 - - [23/Jan/2022:09:57:44 +0100] "GET /PodCast/PodCast HTTP/1.1" 200 29790 "http://www.pro-zurituutsch.ch/Texte/Schrybwys" "Mozilla/5.0 (Windows NT 10.0; Win64; x64) AppleWebKit/537.36 (KHTML, like Gecko) Chrome/97.0.4692.99 Safari/537.36 Edg/97.0.1072.69"
31.10.158.119 - - [23/Jan/2022:09:58:10 +0100] "GET /PodCast/Frueligsschwyge HTTP/1.1" 200 10289 "http://www.pro-zurituutsch.ch/PodCast/PodCast" "Mozilla/5.0 (Windows NT 10.0; Win64; x64) AppleWebKit/537.36 (KHTML, like Gecko) Chrome/97.0.4692.99 Safari/537.36 Edg/97.0.1072.69"
31.10.158.119 - - [23/Jan/2022:09:58:10 +0100] "GET /uploads/Texte/Speaker.jpg HTTP/1.1" 200 1016 "http://www.pro-zurituutsch.ch/PodCast/Frueligsschwyge" "Mozilla/5.0 (Windows NT 10.0; Win64; x64) AppleWebKit/537.36 (KHTML, like Gecko) Chrome/97.0.4692.99 Safari/537.36 Edg/97.0.1072.69"
31.10.158.119 - - [23/Jan/2022:09:58:10 +0100] "GET /pub/skins/pro-zurituutsch/images/attachment.png HTTP/1.1" 200 184 "http://www.pro-zurituutsch.ch/pub/skins/pro-zurituutsch/gila.css" "Mozilla/5.0 (Windows NT 10.0; Win64; x64) AppleWebKit/537.36 (KHTML, like Gecko) Chrome/97.0.4692.99 Safari/537.36 Edg/97.0.1072.69"
31.10.158.119 - - [23/Jan/2022:09:58:13 +0100] "GET /uploads/PodCast/Frueligsschwyge.mp3 HTTP/1.1" 200 2174449 "http://www.pro-zurituutsch.ch/PodCast/Frueligsschwyge" "Mozilla/5.0 (Windows NT 10.0; Win64; x64) AppleWebKit/537.36 (KHTML, like Gecko) Chrome/97.0.4692.99 Safari/537.36 Edg/97.0.1072.69"
31.10.158.119 - - [23/Jan/2022:09:58:14 +0100] "GET /uploads/PodCast/Frueligsschwyge.mp3 HTTP/1.1" 206 2174449 "http://www.pro-zurituutsch.ch/uploads/PodCast/Frueligsschwyge.mp3" "Mozilla/5.0 (Windows NT 10.0; Win64; x64) AppleWebKit/537.36 (KHTML, like Gecko) Chrome/97.0.4692.99 Safari/537.36 Edg/97.0.1072.69"
31.10.158.119 - - [23/Jan/2022:09:58:25 +0100] "GET /PodCast/Frueligsschwyge HTTP/1.1" 200 10289 "http://www.pro-zurituutsch.ch/PodCast/PodCast" "Mozilla/5.0 (Windows NT 10.0; Win64; x64) AppleWebKit/537.36 (KHTML, like Gecko) Chrome/97.0.4692.99 Safari/537.36 Edg/97.0.1072.69"
31.10.158.119 - - [23/Jan/2022:09:59:24 +0100] "GET /PodCast/PodCast HTTP/1.1" 200 29790 "http://www.pro-zurituutsch.ch/Texte/Schrybwys" "Mozilla/5.0 (Windows NT 10.0; Win64; x64) AppleWebKit/537.36 (KHTML, like Gecko) Chrome/97.0.4692.99 Safari/537.36 Edg/97.0.1072.69"
20.109.241.81 - - [23/Jan/2022:10:05:41 +0100] "GET /PodCast/Wistaria02 HTTP/1.1" 200 16370 "-" "python-requests/2.26.0"
20.109.241.81 - - [23/Jan/2022:10:05:42 +0100] "GET /PodCast/Wistaria02 HTTP/1.1" 200 16370 "-" "Mozilla/5.0 (X11; Linux x86_64) AppleWebKit/537.36 (KHTML, like Gecko) HeadlessChrome/88.0.4298.0 Safari/537.36"
20.109.241.81 - - [23/Jan/2022:10:05:42 +0100] "GET /pub/skins/pro-zurituutsch/gila.css HTTP/1.1" 200 10186 "http://www.pro-zurituutsch.ch/PodCast/Wistaria02" "Mozilla/5.0 (X11; Linux x86_64) AppleWebKit/537.36 (KHTML, like Gecko) HeadlessChrome/88.0.4298.0 Safari/537.36"
20.109.241.81 - - [23/Jan/2022:10:05:42 +0100] "GET /uploads/Texte/Speaker.jpg HTTP/1.1" 200 1016 "http://www.pro-zurituutsch.ch/PodCast/Wistaria02" "Mozilla/5.0 (X11; Linux x86_64) AppleWebKit/537.36 (KHTML, like Gecko) HeadlessChrome/88.0.4298.0 Safari/537.36"
20.109.241.81 - - [23/Jan/2022:10:05:42 +0100] "GET /pub/skins/pro-zurituutsch/images/attachment.png HTTP/1.1" 200 184 "http://www.pro-zurituutsch.ch/pub/skins/pro-zurituutsch/gila.css" "Mozilla/5.0 (X11; Linux x86_64) AppleWebKit/537.36 (KHTML, like Gecko) HeadlessChrome/88.0.4298.0 Safari/537.36"
20.109.241.81 - - [23/Jan/2022:10:05:42 +0100] "GET /pub/skins/pro-zurituutsch/images/external.png HTTP/1.1" 200 165 "http://www.pro-zurituutsch.ch/pub/skins/pro-zurituutsch/gila.css" "Mozilla/5.0 (X11; Linux x86_64) AppleWebKit/537.36 (KHTML, like Gecko) HeadlessChrome/88.0.4298.0 Safari/537.36"
185.191.171.8 - - [23/Jan/2022:10:07:29 +0100] "GET /PmWiki/Skins HTTP/1.1" 200 22575 "-" "Mozilla/5.0 (compatible; SemrushBot/7~bl; +http://www.semrush.com/bot.html)"
185.191.171.12 - - [23/Jan/2022:10:08:11 +0100] "GET /PmWikiFr/A?action=search&fmt=title&q=link%3DPmWikiFr.GoodStyle HTTP/1.1" 404 18 "-" "Mozilla/5.0 (compatible; SemrushBot/7~bl; +http://www.semrush.com/bot.html)"
194.209.200.2 - - [23/Jan/2022:10:13:48 +0100] "GET /robots.txt HTTP/1.1" 200 - "-" "Mozilla/5.0 (compatible; TMMBot/0.2; +http://www.dslab.ch)/Nutch-1.15"
194.209.200.2 - - [23/Jan/2022:10:13:48 +0100] "GET /Texte/Rezension HTTP/1.1" 200 11812 "-" "Mozilla/5.0 (compatible; TMMBot/0.2; +http://www.dslab.ch)/Nutch-1.15"
194.209.200.2 - - [23/Jan/2022:10:14:22 +0100] "GET /Texte/ZurcherischEnglish HTTP/1.1" 200 8274 "-" "Mozilla/5.0 (compatible; TMMBot/0.2; +http://www.dslab.ch)/Nutch-1.15"
194.209.200.2 - - [23/Jan/2022:10:15:40 +0100] "GET /Admin/Jahresbericht HTTP/1.1" 200 45530 "-" "Mozilla/5.0 (compatible; TMMBot/0.2; +http://www.dslab.ch)/Nutch-1.15"
194.209.200.2 - - [23/Jan/2022:10:16:02 +0100] "GET /Texte/Schrybwys HTTP/1.1" 200 11028 "-" "Mozilla/5.0 (compatible; TMMBot/0.2; +http://www.dslab.ch)/Nutch-1.15"
194.209.200.2 - - [23/Jan/2022:10:16:59 +0100] "GET /Texte/GDicht HTTP/1.1" 200 8050 "-" "Mozilla/5.0 (compatible; TMMBot/0.2; +http://www.dslab.ch)/Nutch-1.15"
194.209.200.2 - - [23/Jan/2022:10:17:25 +0100] "GET /Texte/Styluebige HTTP/1.1" 200 9998 "-" "Mozilla/5.0 (compatible; TMMBot/0.2; +http://www.dslab.ch)/Nutch-1.15"
194.209.200.2 - - [23/Jan/2022:10:17:27 +0100] "GET /Admin/Links HTTP/1.1" 200 14193 "-" "Mozilla/5.0 (compatible; TMMBot/0.2; +http://www.dslab.ch)/Nutch-1.15"
194.209.200.2 - - [23/Jan/2022:10:20:06 +0100] "GET /Texte/Bitterbeuhsi HTTP/1.1" 200 9255 "-" "Mozilla/5.0 (compatible; TMMBot/0.2; +http://www.dslab.ch)/Nutch-1.15"
66.249.72.156 - - [23/Jan/2022:10:24:12 +0100] "GET /PodCast/IndexPage?action=rss HTTP/1.1" 200 6298 "-" "Mozilla/5.0 (compatible; Googlebot/2.1; +http://www.google.com/bot.html)"
62.210.215.119 - - [23/Jan/2022:10:24:26 +0100] "GET /PodCast/IndexPage?action=rss HTTP/1.1" 200 6298 "-" "Mozilla/5.0 (X11; Linux i686) AppleWebKit/537.36 (KHTML, like Gecko) Chrome/30.0.1599.66 Safari/537.36"
185.191.171.16 - - [23/Jan/2022:10:28:09 +0100] "GET /robots.txt HTTP/1.1" 200 - "-" "Mozilla/5.0 (compatible; SemrushBot/7~bl; +http://www.semrush.com/bot.html)"
185.191.171.24 - - [23/Jan/2022:10:28:10 +0100] "GET /PmWikiFr/InterMap HTTP/1.1" 200 12430 "-" "Mozilla/5.0 (compatible; SemrushBot/7~bl; +http://www.semrush.com/bot.html)"
199.127.56.236 - - [23/Jan/2022:10:30:41 +0100] "GET / HTTP/1.1" 200 14638 "-" "Mozilla/5.0 (Windows NT 10.0; Win64; x64) AppleWebKit/537.36 (KHTML, like Gecko) Chrome/96.0.4664.93 Safari/537.36"
199.127.56.236 - - [23/Jan/2022:10:30:41 +0100] "GET /pub/skins/pro-zurituutsch/gila.css HTTP/1.1" 200 10186 "http://pro-zurituutsch.ch/" "Mozilla/5.0 (Windows NT 10.0; Win64; x64) AppleWebKit/537.36 (KHTML, like Gecko) Chrome/96.0.4664.93 Safari/537.36"
199.127.56.236 - - [23/Jan/2022:10:30:41 +0100] "GET /uploads/Main/logo.jpg HTTP/1.1" 200 29066 "http://pro-zurituutsch.ch/" "Mozilla/5.0 (Windows NT 10.0; Win64; x64) AppleWebKit/537.36 (KHTML, like Gecko) Chrome/96.0.4664.93 Safari/537.36"
199.127.56.236 - - [23/Jan/2022:10:30:42 +0100] "GET /pub/skins/pro-zurituutsch/images/external.png HTTP/1.1" 200 165 "http://www.pro-zurituutsch.ch/pub/skins/pro-zurituutsch/gila.css" "Mozilla/5.0 (Windows NT 10.0; Win64; x64) AppleWebKit/537.36 (KHTML, like Gecko) Chrome/96.0.4664.93 Safari/537.36"
114.119.156.95 - - [23/Jan/2022:10:37:22 +0100] "GET /robots.txt HTTP/1.1" 200 - "-" "Mozilla/5.0 (Linux; Android 7.0;) AppleWebKit/537.36 (KHTML, like Gecko) Mobile Safari/537.36 (compatible; PetalBot;+https://webmaster.petalsearch.com/site/petalbot)"
194.209.200.2 - - [23/Jan/2022:10:41:12 +0100] "GET /robots.txt HTTP/1.1" 200 - "-" "Mozilla/5.0 (compatible; TMMBot/0.2; +http://www.dslab.ch)/Nutch-1.15"
194.209.200.2 - - [23/Jan/2022:10:41:12 +0100] "GET /Texte/Rezension HTTP/1.1" 200 11812 "-" "Mozilla/5.0 (compatible; TMMBot/0.2; +http://www.dslab.ch)/Nutch-1.15"
194.209.200.2 - - [23/Jan/2022:10:41:41 +0100] "GET /Texte/ZurcherischEnglish HTTP/1.1" 200 8274 "-" "Mozilla/5.0 (compatible; TMMBot/0.2; +http://www.dslab.ch)/Nutch-1.15"
194.209.200.2 - - [23/Jan/2022:10:42:54 +0100] "GET /Admin/Jahresbericht HTTP/1.1" 200 45530 "-" "Mozilla/5.0 (compatible; TMMBot/0.2; +http://www.dslab.ch)/Nutch-1.15"
194.209.200.2 - - [23/Jan/2022:10:44:08 +0100] "GET /Texte/GDicht HTTP/1.1" 200 8050 "-" "Mozilla/5.0 (compatible; TMMBot/0.2; +http://www.dslab.ch)/Nutch-1.15"
194.209.200.2 - - [23/Jan/2022:10:44:33 +0100] "GET /Texte/Styluebige HTTP/1.1" 200 9998 "-" "Mozilla/5.0 (compatible; TMMBot/0.2; +http://www.dslab.ch)/Nutch-1.15"
194.209.200.2 - - [23/Jan/2022:10:44:34 +0100] "GET /Admin/Links HTTP/1.1" 200 14193 "-" "Mozilla/5.0 (compatible; TMMBot/0.2; +http://www.dslab.ch)/Nutch-1.15"
194.209.200.2 - - [23/Jan/2022:10:47:07 +0100] "GET /Texte/Bitterbeuhsi HTTP/1.1" 200 9255 "-" "Mozilla/5.0 (compatible; TMMBot/0.2; +http://www.dslab.ch)/Nutch-1.15"
185.191.171.35 - - [23/Jan/2022:11:02:47 +0100] "GET /PmWikiFr/WikiTrails HTTP/1.1" 200 12663 "-" "Mozilla/5.0 (compatible; SemrushBot/7~bl; +http://www.semrush.com/bot.html)"
194.209.200.2 - - [23/Jan/2022:11:06:50 +0100] "GET /robots.txt HTTP/1.1" 200 - "-" "Mozilla/5.0 (compatible; TMMBot/0.2; +http://www.dslab.ch)/Nutch-1.15"
194.209.200.2 - - [23/Jan/2022:11:06:50 +0100] "GET /Texte/Rezension HTTP/1.1" 200 11812 "-" "Mozilla/5.0 (compatible; TMMBot/0.2; +http://www.dslab.ch)/Nutch-1.15"
194.209.200.2 - - [23/Jan/2022:11:07:21 +0100] "GET /Texte/ZurcherischEnglish HTTP/1.1" 200 8274 "-" "Mozilla/5.0 (compatible; TMMBot/0.2; +http://www.dslab.ch)/Nutch-1.15"
54.36.148.175 - - [23/Jan/2022:11:08:03 +0100] "GET /Admin/Links HTTP/1.1" 200 14193 "-" "Mozilla/5.0 (compatible; AhrefsBot/7.0; +http://ahrefs.com/robot/)"
194.209.200.2 - - [23/Jan/2022:11:08:44 +0100] "GET /Admin/Jahresbericht HTTP/1.1" 200 45530 "-" "Mozilla/5.0 (compatible; TMMBot/0.2; +http://www.dslab.ch)/Nutch-1.15"
194.209.200.2 - - [23/Jan/2022:11:10:07 +0100] "GET /Texte/GDicht HTTP/1.1" 200 8050 "-" "Mozilla/5.0 (compatible; TMMBot/0.2; +http://www.dslab.ch)/Nutch-1.15"
194.209.200.2 - - [23/Jan/2022:11:10:35 +0100] "GET /Texte/Styluebige HTTP/1.1" 200 9998 "-" "Mozilla/5.0 (compatible; TMMBot/0.2; +http://www.dslab.ch)/Nutch-1.15"
194.209.200.2 - - [23/Jan/2022:11:10:37 +0100] "GET /Admin/Links HTTP/1.1" 200 14193 "-" "Mozilla/5.0 (compatible; TMMBot/0.2; +http://www.dslab.ch)/Nutch-1.15"
114.119.141.116 - - [23/Jan/2022:11:10:43 +0100] "GET /PmWikiCs/XLPage?action=upload HTTP/1.1" 403 18 "-" "Mozilla/5.0 (Linux; Android 7.0;) AppleWebKit/537.36 (KHTML, like Gecko) Mobile Safari/537.36 (compatible; PetalBot;+https://webmaster.petalsearch.com/site/petalbot)"
194.209.200.2 - - [23/Jan/2022:11:11:47 +0100] "GET /Texte/Gloosse HTTP/1.1" 200 8061 "-" "Mozilla/5.0 (compatible; TMMBot/0.2; +http://www.dslab.ch)/Nutch-1.15"
95.163.255.82 - - [23/Jan/2022:11:13:01 +0100] "GET /robots.txt HTTP/1.0" 200 - "-" "Mozilla/5.0 (compatible; Linux x86_64; Mail.RU_Bot/2.0; +http://go.mail.ru/help/robots)"
95.163.255.88 - - [23/Jan/2022:11:13:09 +0100] "GET /PmWikiRu/CustomMarkup HTTP/1.1" 200 31966 "-" "Mozilla/5.0 (compatible; Linux x86_64; Mail.RU_Bot/2.0; +http://go.mail.ru/help/robots)"
194.209.200.2 - - [23/Jan/2022:11:13:25 +0100] "GET /Texte/Bitterbeuhsi HTTP/1.1" 200 9255 "-" "Mozilla/5.0 (compatible; TMMBot/0.2; +http://www.dslab.ch)/Nutch-1.15"
66.249.72.158 - - [23/Jan/2022:11:24:08 +0100] "GET /PodCast/IndexPage?action=rss HTTP/1.1" 200 6298 "-" "Mozilla/5.0 (compatible; Googlebot/2.1; +http://www.google.com/bot.html)"
114.119.145.237 - - [23/Jan/2022:11:33:51 +0100] "GET /Admin/Pro-ZurituutschStatuten HTTP/1.1" 200 9580 "-" "Mozilla/5.0 (Linux; Android 7.0;) AppleWebKit/537.36 (KHTML, like Gecko) Mobile Safari/537.36 (compatible; PetalBot;+https://webmaster.petalsearch.com/site/petalbot)"
185.191.171.7 - - [23/Jan/2022:11:34:18 +0100] "GET /robots.txt HTTP/1.1" 200 - "-" "Mozilla/5.0 (compatible; SemrushBot/7~bl; +http://www.semrush.com/bot.html)"
185.191.171.24 - - [23/Jan/2022:11:34:18 +0100] "GET /PmWikiRu/PasswordsAdmin HTTP/1.1" 200 29039 "-" "Mozilla/5.0 (compatible; SemrushBot/7~bl; +http://www.semrush.com/bot.html)"
54.36.148.68 - - [23/Jan/2022:11:38:31 +0100] "GET /Texte/Roman HTTP/1.1" 200 38741 "-" "Mozilla/5.0 (compatible; AhrefsBot/7.0; +http://ahrefs.com/robot/)"
194.209.200.2 - - [23/Jan/2022:11:40:57 +0100] "GET /robots.txt HTTP/1.1" 200 - "-" "Mozilla/5.0 (compatible; TMMBot/0.2; +http://www.dslab.ch)/Nutch-1.15"
194.209.200.2 - - [23/Jan/2022:11:40:57 +0100] "GET /Texte/Rezension HTTP/1.1" 200 11812 "-" "Mozilla/5.0 (compatible; TMMBot/0.2; +http://www.dslab.ch)/Nutch-1.15"
194.209.200.2 - - [23/Jan/2022:11:41:26 +0100] "GET /Texte/ZurcherischEnglish HTTP/1.1" 200 8274 "-" "Mozilla/5.0 (compatible; TMMBot/0.2; +http://www.dslab.ch)/Nutch-1.15"
194.209.200.2 - - [23/Jan/2022:11:43:42 +0100] "GET /Texte/ArsAmatoria HTTP/1.1" 200 12369 "-" "Mozilla/5.0 (compatible; TMMBot/0.2; +http://www.dslab.ch)/Nutch-1.15"
194.209.200.2 - - [23/Jan/2022:11:43:54 +0100] "GET /Texte/GDicht HTTP/1.1" 200 8050 "-" "Mozilla/5.0 (compatible; TMMBot/0.2; +http://www.dslab.ch)/Nutch-1.15"
194.209.200.2 - - [23/Jan/2022:11:44:20 +0100] "GET /Texte/Styluebige HTTP/1.1" 200 9998 "-" "Mozilla/5.0 (compatible; TMMBot/0.2; +http://www.dslab.ch)/Nutch-1.15"
194.209.200.2 - - [23/Jan/2022:11:44:22 +0100] "GET /Admin/Links HTTP/1.1" 200 14193 "-" "Mozilla/5.0 (compatible; TMMBot/0.2; +http://www.dslab.ch)/Nutch-1.15"
194.209.200.2 - - [23/Jan/2022:11:46:56 +0100] "GET /Texte/Bitterbeuhsi HTTP/1.1" 200 9255 "-" "Mozilla/5.0 (compatible; TMMBot/0.2; +http://www.dslab.ch)/Nutch-1.15"
108.62.24.149 - - [23/Jan/2022:11:59:36 +0100] "GET /Texte/Rezension HTTP/1.1" 200 11812 "http://www.pro-zurituutsch.ch" "Mozilla/5.0 (Windows NT 10.0; Win64; x64) AppleWebKit/537.36 (KHTML, like Gecko) Chrome/62.0.3202.94 Safari/537.36"
114.119.145.216 - - [23/Jan/2022:11:59:58 +0100] "GET /PmWikiIt/CreatingNewPages?action=upload HTTP/1.1" 403 18 "-" "Mozilla/5.0 (Linux; Android 7.0;) AppleWebKit/537.36 (KHTML, like Gecko) Mobile Safari/537.36 (compatible; PetalBot;+https://webmaster.petalsearch.com/site/petalbot)"
114.119.145.193 - - [23/Jan/2022:12:04:38 +0100] "GET /PmWikiEl/XLPage?action=upload HTTP/1.1" 403 18 "-" "Mozilla/5.0 (Linux; Android 7.0;) AppleWebKit/537.36 (KHTML, like Gecko) Mobile Safari/537.36 (compatible; PetalBot;+https://webmaster.petalsearch.com/site/petalbot)"
216.244.66.243 - - [23/Jan/2022:12:09:55 +0100] "GET /robots.txt HTTP/1.1" 200 - "-" "Mozilla/5.0 (compatible; DotBot/1.2; +https://opensiteexplorer.org/dotbot; help@moz.com)"
54.36.149.75 - - [23/Jan/2022:12:18:25 +0100] "GET / HTTP/1.1" 200 14638 "-" "Mozilla/5.0 (compatible; AhrefsBot/7.0; +http://ahrefs.com/robot/)"
216.244.66.243 - - [23/Jan/2022:12:18:46 +0100] "GET /PmWikiRu/WikiSandbox HTTP/1.1" 200 16795 "-" "Mozilla/5.0 (compatible; DotBot/1.2; +https://opensiteexplorer.org/dotbot; help@moz.com)"
216.244.66.243 - - [23/Jan/2022:12:19:00 +0100] "GET /PodCast/Begriffbegryffe HTTP/1.1" 200 9885 "-" "Mozilla/5.0 (compatible; DotBot/1.2; +https://opensiteexplorer.org/dotbot; help@moz.com)"
216.244.66.243 - - [23/Jan/2022:12:19:28 +0100] "GET /PodCast/SprProfSchwzTggs HTTP/1.1" 200 13011 "-" "Mozilla/5.0 (compatible; DotBot/1.2; +https://opensiteexplorer.org/dotbot; help@moz.com)"
66.249.66.214 - - [23/Jan/2022:12:22:21 +0100] "GET /PodCast/IndexPage?action=rss HTTP/1.1" 200 6298 "-" "Mozilla/5.0 (compatible; Googlebot/2.1; +http://www.google.com/bot.html)"
194.209.200.2 - - [23/Jan/2022:12:24:33 +0100] "GET /robots.txt HTTP/1.1" 200 - "-" "Mozilla/5.0 (compatible; TMMBot/0.2; +http://www.dslab.ch)/Nutch-1.15"
194.209.200.2 - - [23/Jan/2022:12:24:33 +0100] "GET /Texte/Rezension HTTP/1.1" 200 11812 "-" "Mozilla/5.0 (compatible; TMMBot/0.2; +http://www.dslab.ch)/Nutch-1.15"
194.209.200.2 - - [23/Jan/2022:12:25:07 +0100] "GET /Texte/ZurcherischEnglish HTTP/1.1" 200 8274 "-" "Mozilla/5.0 (compatible; TMMBot/0.2; +http://www.dslab.ch)/Nutch-1.15"
194.209.200.2 - - [23/Jan/2022:12:26:53 +0100] "GET /Texte/Schrybwys HTTP/1.1" 200 11028 "-" "Mozilla/5.0 (compatible; TMMBot/0.2; +http://www.dslab.ch)/Nutch-1.15"
194.209.200.2 - - [23/Jan/2022:12:27:39 +0100] "GET /Texte/ArsAmatoria HTTP/1.1" 200 12369 "-" "Mozilla/5.0 (compatible; TMMBot/0.2; +http://www.dslab.ch)/Nutch-1.15"
194.209.200.2 - - [23/Jan/2022:12:27:53 +0100] "GET /Texte/GDicht HTTP/1.1" 200 8050 "-" "Mozilla/5.0 (compatible; TMMBot/0.2; +http://www.dslab.ch)/Nutch-1.15"
194.209.200.2 - - [23/Jan/2022:12:28:20 +0100] "GET /Texte/Styluebige HTTP/1.1" 200 9998 "-" "Mozilla/5.0 (compatible; TMMBot/0.2; +http://www.dslab.ch)/Nutch-1.15"
194.209.200.2 - - [23/Jan/2022:12:28:23 +0100] "GET /Admin/Links HTTP/1.1" 200 14193 "-" "Mozilla/5.0 (compatible; TMMBot/0.2; +http://www.dslab.ch)/Nutch-1.15"
194.209.200.2 - - [23/Jan/2022:12:30:47 +0100] "GET /Admin/ZurStiftung HTTP/1.1" 200 10864 "-" "Mozilla/5.0 (compatible; TMMBot/0.2; +http://www.dslab.ch)/Nutch-1.15"
194.209.200.2 - - [23/Jan/2022:12:31:12 +0100] "GET /Texte/Bitterbeuhsi HTTP/1.1" 200 9255 "-" "Mozilla/5.0 (compatible; TMMBot/0.2; +http://www.dslab.ch)/Nutch-1.15"
185.191.171.16 - - [23/Jan/2022:12:34:33 +0100] "GET /robots.txt HTTP/1.1" 200 - "-" "Mozilla/5.0 (compatible; SemrushBot/7~bl; +http://www.semrush.com/bot.html)"
185.191.171.7 - - [23/Jan/2022:12:34:42 +0100] "GET /PmWikiRu/PmWikiRu HTTP/1.1" 200 13623 "-" "Mozilla/5.0 (compatible; SemrushBot/7~bl; +http://www.semrush.com/bot.html)"
185.191.171.10 - - [23/Jan/2022:12:34:44 +0100] "GET /PmWikiDe/DeletingPages?action=upload HTTP/1.1" 403 18 "-" "Mozilla/5.0 (compatible; SemrushBot/7~bl; +http://www.semrush.com/bot.html)"
114.119.145.79 - - [23/Jan/2022:12:35:09 +0100] "GET /PmWikiPtBr/XLPage?action=diff HTTP/1.1" 403 18 "-" "Mozilla/5.0 (Linux; Android 7.0;) AppleWebKit/537.36 (KHTML, like Gecko) Mobile Safari/537.36 (compatible; PetalBot;+https://webmaster.petalsearch.com/site/petalbot)"
114.119.145.22 - - [23/Jan/2022:12:36:30 +0100] "GET /PmWikiFr/CreatingNewPages?action=print HTTP/1.1" 403 18 "-" "Mozilla/5.0 (Linux; Android 7.0;) AppleWebKit/537.36 (KHTML, like Gecko) Mobile Safari/537.36 (compatible; PetalBot;+https://webmaster.petalsearch.com/site/petalbot)"
185.191.171.43 - - [23/Jan/2022:12:46:24 +0100] "GET /Texte/Rezension?action=print HTTP/1.1" 403 18 "-" "Mozilla/5.0 (compatible; SemrushBot/7~bl; +http://www.semrush.com/bot.html)"
87.251.85.227 - - [23/Jan/2022:12:55:31 +0100] "GET /meta.php HTTP/1.1" 404 274 "http://pro-zurituutsch.ch/meta.php" "Mozilla/4.0 (compatible; MSIE 6.0; Windows NT 5.1; SV1)"
194.209.200.2 - - [23/Jan/2022:12:57:00 +0100] "GET /robots.txt HTTP/1.1" 200 - "-" "Mozilla/5.0 (compatible; TMMBot/0.2; +http://www.dslab.ch)/Nutch-1.15"
194.209.200.2 - - [23/Jan/2022:12:57:00 +0100] "GET /Texte/Rezension HTTP/1.1" 200 11812 "-" "Mozilla/5.0 (compatible; TMMBot/0.2; +http://www.dslab.ch)/Nutch-1.15"
194.209.200.2 - - [23/Jan/2022:12:57:45 +0100] "GET /Texte/ZurcherischEnglish HTTP/1.1" 200 8274 "-" "Mozilla/5.0 (compatible; TMMBot/0.2; +http://www.dslab.ch)/Nutch-1.15"
194.209.200.2 - - [23/Jan/2022:13:01:25 +0100] "GET /Texte/GDicht HTTP/1.1" 200 8050 "-" "Mozilla/5.0 (compatible; TMMBot/0.2; +http://www.dslab.ch)/Nutch-1.15"
185.210.137.7 - - [23/Jan/2022:13:01:41 +0100] "GET / HTTP/1.1" 200 14638 "-" "Mozilla/3.0 (WinNT; I)"
106.11.155.81 - - [23/Jan/2022:13:01:46 +0100] "GET / HTTP/1.1" 200 14638 "-" "Mozilla/5.0 (iPhone; CPU iPhone OS 10_3 like Mac OS X) AppleWebKit/602.1.50 (KHTML, like Gecko) CriOS/56.0.2924.75 Mobile/14E5239e YisouSpider/5.0 Safari/602.1"
106.11.158.70 - - [23/Jan/2022:13:01:47 +0100] "GET /pub/skins/pro-zurituutsch/gila.css HTTP/1.1" 200 10186 "http://www.pro-zurituutsch.ch/" "Mozilla/5.0 (iPhone; CPU iPhone OS 10_3 like Mac OS X) AppleWebKit/602.1.50 (KHTML, like Gecko) CriOS/56.0.2924.75 Mobile/14E5239e YisouSpider/5.0 Safari/602.1"
194.209.200.2 - - [23/Jan/2022:13:02:28 +0100] "GET /Texte/Styluebige HTTP/1.1" 200 9998 "-" "Mozilla/5.0 (compatible; TMMBot/0.2; +http://www.dslab.ch)/Nutch-1.15"
194.209.200.2 - - [23/Jan/2022:13:02:33 +0100] "GET /Admin/Links HTTP/1.1" 200 14193 "-" "Mozilla/5.0 (compatible; TMMBot/0.2; +http://www.dslab.ch)/Nutch-1.15"
194.209.200.2 - - [23/Jan/2022:13:07:58 +0100] "GET /Admin/ZurStiftung HTTP/1.1" 200 10864 "-" "Mozilla/5.0 (compatible; TMMBot/0.2; +http://www.dslab.ch)/Nutch-1.15"
194.209.200.2 - - [23/Jan/2022:13:08:49 +0100] "GET /Texte/Bitterbeuhsi HTTP/1.1" 200 9255 "-" "Mozilla/5.0 (compatible; TMMBot/0.2; +http://www.dslab.ch)/Nutch-1.15"
188.34.164.89 - - [23/Jan/2022:13:10:08 +0100] "GET / HTTP/1.1" 200 14638 "-" "page-preview-tool Mozilla/5.0 (Windows NT 10.0; Win64; x64) AppleWebKit/537.36 (KHTML, like Gecko) Chrome/80.0.3987.132 Safari/537.36"
194.209.200.2 - - [23/Jan/2022:13:10:21 +0100] "GET /Hilfe/AnleitungTonbeispiele HTTP/1.1" 200 9878 "-" "Mozilla/5.0 (compatible; TMMBot/0.2; +http://www.dslab.ch)/Nutch-1.15"
51.68.111.184 - - [23/Jan/2022:13:10:27 +0100] "GET /robots.txt HTTP/1.1" 200 - "-" "Mozilla/5.0 (Windows NT 10.0; WOW64) AppleWebKit/537.36 (KHTML, like Gecko) Chrome/49.0.2623.75 Safari/537.36 OPR/36.0.2130.32"
51.68.111.184 - - [23/Jan/2022:13:10:27 +0100] "GET / HTTP/1.1" 200 14638 "-" "Mozilla/5.0 (Windows NT 10.0; WOW64) AppleWebKit/537.36 (KHTML, like Gecko) Chrome/49.0.2623.75 Safari/537.36 OPR/36.0.2130.32"
51.68.111.184 - - [23/Jan/2022:13:10:27 +0100] "GET /xmlrpc.php?rsd HTTP/1.1" 404 276 "-" "Mozilla/5.0 (Windows NT 10.0; WOW64) AppleWebKit/537.36 (KHTML, like Gecko) Chrome/49.0.2623.75 Safari/537.36 OPR/36.0.2130.32"
