135.181.138.8 - - [10/Dec/2022:14:08:31 +0100] "GET /PodCast/Patriarch?action=print HTTP/1.1" 403 18 "http://www.pro-zurituutsch.ch/PodCast/Patriarch" "Mozilla/5.0 (compatible; SeekportBot; +https://bot.seekport.com)"
135.181.138.8 - - [10/Dec/2022:14:08:32 +0100] "GET /PodCast/Patriarch?action=diff HTTP/1.1" 403 18 "http://www.pro-zurituutsch.ch/PodCast/Patriarch" "Mozilla/5.0 (compatible; SeekportBot; +https://bot.seekport.com)"
135.181.138.8 - - [10/Dec/2022:14:08:33 +0100] "GET /PodCast/Chile?action=edit HTTP/1.1" 403 18 "http://www.pro-zurituutsch.ch/PodCast/Chile" "Mozilla/5.0 (compatible; SeekportBot; +https://bot.seekport.com)"
135.181.138.8 - - [10/Dec/2022:14:08:34 +0100] "GET /PodCast/Chile?action=upload HTTP/1.1" 403 18 "http://www.pro-zurituutsch.ch/PodCast/Chile" "Mozilla/5.0 (compatible; SeekportBot; +https://bot.seekport.com)"
135.181.138.8 - - [10/Dec/2022:14:08:35 +0100] "GET /PodCast/Chile?action=print HTTP/1.1" 403 18 "http://www.pro-zurituutsch.ch/PodCast/Chile" "Mozilla/5.0 (compatible; SeekportBot; +https://bot.seekport.com)"
135.181.138.8 - - [10/Dec/2022:14:08:36 +0100] "GET /PodCast/Chile?action=diff HTTP/1.1" 403 18 "http://www.pro-zurituutsch.ch/PodCast/Chile" "Mozilla/5.0 (compatible; SeekportBot; +https://bot.seekport.com)"
135.181.138.8 - - [10/Dec/2022:14:08:37 +0100] "GET /PodCast/Rassewaan?action=edit HTTP/1.1" 403 18 "http://www.pro-zurituutsch.ch/PodCast/Rassewaan" "Mozilla/5.0 (compatible; SeekportBot; +https://bot.seekport.com)"
135.181.138.8 - - [10/Dec/2022:14:08:38 +0100] "GET /PodCast/Rassewaan?action=upload HTTP/1.1" 403 18 "http://www.pro-zurituutsch.ch/PodCast/Rassewaan" "Mozilla/5.0 (compatible; SeekportBot; +https://bot.seekport.com)"
135.181.138.8 - - [10/Dec/2022:14:08:39 +0100] "GET /PodCast/Rassewaan?action=print HTTP/1.1" 403 18 "http://www.pro-zurituutsch.ch/PodCast/Rassewaan" "Mozilla/5.0 (compatible; SeekportBot; +https://bot.seekport.com)"
135.181.138.8 - - [10/Dec/2022:14:08:40 +0100] "GET /PodCast/Rassewaan?action=diff HTTP/1.1" 403 18 "http://www.pro-zurituutsch.ch/PodCast/Rassewaan" "Mozilla/5.0 (compatible; SeekportBot; +https://bot.seekport.com)"
135.181.138.8 - - [10/Dec/2022:14:08:41 +0100] "GET /PodCast/Glawbessund?action=edit HTTP/1.1" 403 18 "http://www.pro-zurituutsch.ch/PodCast/Glawbessund" "Mozilla/5.0 (compatible; SeekportBot; +https://bot.seekport.com)"
135.181.138.8 - - [10/Dec/2022:14:08:42 +0100] "GET /PodCast/Begriffbegryffe?action=edit HTTP/1.1" 403 18 "http://www.pro-zurituutsch.ch/PodCast/Begriffbegryffe" "Mozilla/5.0 (compatible; SeekportBot; +https://bot.seekport.com)"
135.181.138.8 - - [10/Dec/2022:14:08:43 +0100] "GET /PodCast/Begriffbegryffe?action=upload HTTP/1.1" 403 18 "http://www.pro-zurituutsch.ch/PodCast/Begriffbegryffe" "Mozilla/5.0 (compatible; SeekportBot; +https://bot.seekport.com)"
135.181.138.8 - - [10/Dec/2022:14:08:43 +0100] "GET /PodCast/Glawbessund?action=upload HTTP/1.1" 403 18 "http://www.pro-zurituutsch.ch/PodCast/Glawbessund" "Mozilla/5.0 (compatible; SeekportBot; +https://bot.seekport.com)"
135.181.138.8 - - [10/Dec/2022:14:08:45 +0100] "GET /PodCast/Glawbessund?action=print HTTP/1.1" 403 18 "http://www.pro-zurituutsch.ch/PodCast/Glawbessund" "Mozilla/5.0 (compatible; SeekportBot; +https://bot.seekport.com)"
135.181.138.8 - - [10/Dec/2022:14:08:46 +0100] "GET /PodCast/Glawbessund?action=diff HTTP/1.1" 403 18 "http://www.pro-zurituutsch.ch/PodCast/Glawbessund" "Mozilla/5.0 (compatible; SeekportBot; +https://bot.seekport.com)"
135.181.138.8 - - [10/Dec/2022:14:08:47 +0100] "GET /PodCast/Begriffbegryffe?action=print HTTP/1.1" 403 18 "http://www.pro-zurituutsch.ch/PodCast/Begriffbegryffe" "Mozilla/5.0 (compatible; SeekportBot; +https://bot.seekport.com)"
135.181.138.8 - - [10/Dec/2022:14:08:48 +0100] "GET /PodCast/Begriffbegryffe?action=diff HTTP/1.1" 403 18 "http://www.pro-zurituutsch.ch/PodCast/Begriffbegryffe" "Mozilla/5.0 (compatible; SeekportBot; +https://bot.seekport.com)"
135.181.138.8 - - [10/Dec/2022:14:08:49 +0100] "GET /PodCast/Gramatik?action=edit HTTP/1.1" 403 18 "http://www.pro-zurituutsch.ch/PodCast/Gramatik" "Mozilla/5.0 (compatible; SeekportBot; +https://bot.seekport.com)"
135.181.138.8 - - [10/Dec/2022:14:08:50 +0100] "GET /PodCast/Gramatik?action=upload HTTP/1.1" 403 18 "http://www.pro-zurituutsch.ch/PodCast/Gramatik" "Mozilla/5.0 (compatible; SeekportBot; +https://bot.seekport.com)"
135.181.138.8 - - [10/Dec/2022:14:08:50 +0100] "GET /PodCast/Gramatik?action=print HTTP/1.1" 403 18 "http://www.pro-zurituutsch.ch/PodCast/Gramatik" "Mozilla/5.0 (compatible; SeekportBot; +https://bot.seekport.com)"
135.181.138.8 - - [10/Dec/2022:14:08:51 +0100] "GET /PodCast/Gramatik?action=diff HTTP/1.1" 403 18 "http://www.pro-zurituutsch.ch/PodCast/Gramatik" "Mozilla/5.0 (compatible; SeekportBot; +https://bot.seekport.com)"
135.181.138.8 - - [10/Dec/2022:14:08:52 +0100] "GET /PodCast/Styluebige?action=edit HTTP/1.1" 403 18 "http://www.pro-zurituutsch.ch/PodCast/Styluebige" "Mozilla/5.0 (compatible; SeekportBot; +https://bot.seekport.com)"
135.181.138.8 - - [10/Dec/2022:14:08:54 +0100] "GET /PodCast/Styluebige?action=upload HTTP/1.1" 403 18 "http://www.pro-zurituutsch.ch/PodCast/Styluebige" "Mozilla/5.0 (compatible; SeekportBot; +https://bot.seekport.com)"
135.181.138.8 - - [10/Dec/2022:14:08:54 +0100] "GET /PodCast/Styluebige?action=print HTTP/1.1" 403 18 "http://www.pro-zurituutsch.ch/PodCast/Styluebige" "Mozilla/5.0 (compatible; SeekportBot; +https://bot.seekport.com)"
135.181.138.8 - - [10/Dec/2022:14:08:55 +0100] "GET /PodCast/Styluebige?action=diff HTTP/1.1" 403 18 "http://www.pro-zurituutsch.ch/PodCast/Styluebige" "Mozilla/5.0 (compatible; SeekportBot; +https://bot.seekport.com)"
135.181.138.8 - - [10/Dec/2022:14:08:57 +0100] "GET /PodCast/Liebhaber1?action=edit HTTP/1.1" 403 18 "http://www.pro-zurituutsch.ch/PodCast/Liebhaber1" "Mozilla/5.0 (compatible; SeekportBot; +https://bot.seekport.com)"
135.181.138.8 - - [10/Dec/2022:14:08:57 +0100] "GET /PodCast/Liebhaber1?action=upload HTTP/1.1" 403 18 "http://www.pro-zurituutsch.ch/PodCast/Liebhaber1" "Mozilla/5.0 (compatible; SeekportBot; +https://bot.seekport.com)"
135.181.138.8 - - [10/Dec/2022:14:08:58 +0100] "GET /PodCast/Liebhaber1?action=print HTTP/1.1" 403 18 "http://www.pro-zurituutsch.ch/PodCast/Liebhaber1" "Mozilla/5.0 (compatible; SeekportBot; +https://bot.seekport.com)"
135.181.138.8 - - [10/Dec/2022:14:08:59 +0100] "GET /PodCast/Liebhaber1?action=diff HTTP/1.1" 403 18 "http://www.pro-zurituutsch.ch/PodCast/Liebhaber1" "Mozilla/5.0 (compatible; SeekportBot; +https://bot.seekport.com)"
135.181.138.8 - - [10/Dec/2022:14:09:00 +0100] "GET /PodCast/Liebhaber2?action=edit HTTP/1.1" 403 18 "http://www.pro-zurituutsch.ch/PodCast/Liebhaber2" "Mozilla/5.0 (compatible; SeekportBot; +https://bot.seekport.com)"
135.181.138.8 - - [10/Dec/2022:14:09:01 +0100] "GET /PodCast/Liebhaber2?action=upload HTTP/1.1" 403 18 "http://www.pro-zurituutsch.ch/PodCast/Liebhaber2" "Mozilla/5.0 (compatible; SeekportBot; +https://bot.seekport.com)"
135.181.138.8 - - [10/Dec/2022:14:09:02 +0100] "GET /PodCast/Liebhaber2?action=print HTTP/1.1" 403 18 "http://www.pro-zurituutsch.ch/PodCast/Liebhaber2" "Mozilla/5.0 (compatible; SeekportBot; +https://bot.seekport.com)"
135.181.138.8 - - [10/Dec/2022:14:09:03 +0100] "GET /PodCast/Liebhaber2?action=diff HTTP/1.1" 403 18 "http://www.pro-zurituutsch.ch/PodCast/Liebhaber2" "Mozilla/5.0 (compatible; SeekportBot; +https://bot.seekport.com)"
135.181.138.8 - - [10/Dec/2022:14:09:04 +0100] "GET /PodCast/Maitli?action=edit HTTP/1.1" 403 18 "http://www.pro-zurituutsch.ch/PodCast/Maitli" "Mozilla/5.0 (compatible; SeekportBot; +https://bot.seekport.com)"
135.181.138.8 - - [10/Dec/2022:14:09:05 +0100] "GET /PodCast/Maitli?action=upload HTTP/1.1" 403 18 "http://www.pro-zurituutsch.ch/PodCast/Maitli" "Mozilla/5.0 (compatible; SeekportBot; +https://bot.seekport.com)"
135.181.138.8 - - [10/Dec/2022:14:09:06 +0100] "GET /PodCast/Maitli?action=print HTTP/1.1" 403 18 "http://www.pro-zurituutsch.ch/PodCast/Maitli" "Mozilla/5.0 (compatible; SeekportBot; +https://bot.seekport.com)"
135.181.138.8 - - [10/Dec/2022:14:09:07 +0100] "GET /PodCast/Maitli?action=diff HTTP/1.1" 403 18 "http://www.pro-zurituutsch.ch/PodCast/Maitli" "Mozilla/5.0 (compatible; SeekportBot; +https://bot.seekport.com)"
135.181.138.8 - - [10/Dec/2022:14:09:08 +0100] "GET /PodCast/Amor?action=edit HTTP/1.1" 403 18 "http://www.pro-zurituutsch.ch/PodCast/Amor" "Mozilla/5.0 (compatible; SeekportBot; +https://bot.seekport.com)"
135.181.138.8 - - [10/Dec/2022:14:09:09 +0100] "GET /PodCast/Amor?action=upload HTTP/1.1" 403 18 "http://www.pro-zurituutsch.ch/PodCast/Amor" "Mozilla/5.0 (compatible; SeekportBot; +https://bot.seekport.com)"
135.181.138.8 - - [10/Dec/2022:14:09:10 +0100] "GET /PodCast/Amor?action=print HTTP/1.1" 403 18 "http://www.pro-zurituutsch.ch/PodCast/Amor" "Mozilla/5.0 (compatible; SeekportBot; +https://bot.seekport.com)"
135.181.138.8 - - [10/Dec/2022:14:09:11 +0100] "GET /PodCast/Amor?action=diff HTTP/1.1" 403 18 "http://www.pro-zurituutsch.ch/PodCast/Amor" "Mozilla/5.0 (compatible; SeekportBot; +https://bot.seekport.com)"
135.181.138.8 - - [10/Dec/2022:14:09:12 +0100] "GET /PodCast/Metamorfoose?action=edit HTTP/1.1" 403 18 "http://www.pro-zurituutsch.ch/PodCast/Metamorfoose" "Mozilla/5.0 (compatible; SeekportBot; +https://bot.seekport.com)"
135.181.138.8 - - [10/Dec/2022:14:09:13 +0100] "GET /PodCast/Metamorfoose?action=upload HTTP/1.1" 403 18 "http://www.pro-zurituutsch.ch/PodCast/Metamorfoose" "Mozilla/5.0 (compatible; SeekportBot; +https://bot.seekport.com)"
135.181.138.8 - - [10/Dec/2022:14:09:14 +0100] "GET /PodCast/Metamorfoose?action=print HTTP/1.1" 403 18 "http://www.pro-zurituutsch.ch/PodCast/Metamorfoose" "Mozilla/5.0 (compatible; SeekportBot; +https://bot.seekport.com)"
135.181.138.8 - - [10/Dec/2022:14:09:15 +0100] "GET /PodCast/Metamorfoose?action=diff HTTP/1.1" 403 18 "http://www.pro-zurituutsch.ch/PodCast/Metamorfoose" "Mozilla/5.0 (compatible; SeekportBot; +https://bot.seekport.com)"
135.181.138.8 - - [10/Dec/2022:14:09:16 +0100] "GET /PodCast/Antiikiundanderigschichte?action=edit HTTP/1.1" 403 18 "http://www.pro-zurituutsch.ch/PodCast/Antiikiundanderigschichte" "Mozilla/5.0 (compatible; SeekportBot; +https://bot.seekport.com)"
135.181.138.8 - - [10/Dec/2022:14:09:17 +0100] "GET /PodCast/Antiikiundanderigschichte?action=upload HTTP/1.1" 403 18 "http://www.pro-zurituutsch.ch/PodCast/Antiikiundanderigschichte" "Mozilla/5.0 (compatible; SeekportBot; +https://bot.seekport.com)"
135.181.138.8 - - [10/Dec/2022:14:09:18 +0100] "GET /PodCast/Antiikiundanderigschichte?action=print HTTP/1.1" 403 18 "http://www.pro-zurituutsch.ch/PodCast/Antiikiundanderigschichte" "Mozilla/5.0 (compatible; SeekportBot; +https://bot.seekport.com)"
135.181.138.8 - - [10/Dec/2022:14:09:19 +0100] "GET /PodCast/Antiikiundanderigschichte?action=diff HTTP/1.1" 403 18 "http://www.pro-zurituutsch.ch/PodCast/Antiikiundanderigschichte" "Mozilla/5.0 (compatible; SeekportBot; +https://bot.seekport.com)"
135.181.138.8 - - [10/Dec/2022:14:09:19 +0100] "GET /PodCast/Antyki?action=edit HTTP/1.1" 403 18 "http://www.pro-zurituutsch.ch/PodCast/Antyki" "Mozilla/5.0 (compatible; SeekportBot; +https://bot.seekport.com)"
135.181.138.8 - - [10/Dec/2022:14:09:20 +0100] "GET /PodCast/Antyki?action=upload HTTP/1.1" 403 18 "http://www.pro-zurituutsch.ch/PodCast/Antyki" "Mozilla/5.0 (compatible; SeekportBot; +https://bot.seekport.com)"
135.181.138.8 - - [10/Dec/2022:14:09:21 +0100] "GET /PodCast/Antyki?action=print HTTP/1.1" 403 18 "http://www.pro-zurituutsch.ch/PodCast/Antyki" "Mozilla/5.0 (compatible; SeekportBot; +https://bot.seekport.com)"
135.181.138.8 - - [10/Dec/2022:14:09:22 +0100] "GET /PodCast/Antyki?action=diff HTTP/1.1" 403 18 "http://www.pro-zurituutsch.ch/PodCast/Antyki" "Mozilla/5.0 (compatible; SeekportBot; +https://bot.seekport.com)"
135.181.138.8 - - [10/Dec/2022:14:09:23 +0100] "GET /PodCast/Roman1?action=edit HTTP/1.1" 403 18 "http://www.pro-zurituutsch.ch/PodCast/Roman1" "Mozilla/5.0 (compatible; SeekportBot; +https://bot.seekport.com)"
135.181.138.8 - - [10/Dec/2022:14:09:24 +0100] "GET /PodCast/Roman1?action=upload HTTP/1.1" 403 18 "http://www.pro-zurituutsch.ch/PodCast/Roman1" "Mozilla/5.0 (compatible; SeekportBot; +https://bot.seekport.com)"
135.181.138.8 - - [10/Dec/2022:14:09:26 +0100] "GET /PodCast/Roman1?action=print HTTP/1.1" 403 18 "http://www.pro-zurituutsch.ch/PodCast/Roman1" "Mozilla/5.0 (compatible; SeekportBot; +https://bot.seekport.com)"
135.181.138.8 - - [10/Dec/2022:14:09:26 +0100] "GET /PodCast/Roman1?action=diff HTTP/1.1" 403 18 "http://www.pro-zurituutsch.ch/PodCast/Roman1" "Mozilla/5.0 (compatible; SeekportBot; +https://bot.seekport.com)"
135.181.138.8 - - [10/Dec/2022:14:09:27 +0100] "GET /Bestellen/Pschtellformoular HTTP/1.1" 200 10113 "http://www.pro-zurituutsch.ch/Bestellen.Pschtellformoular" "Mozilla/5.0 (compatible; SeekportBot; +https://bot.seekport.com)"
135.181.138.8 - - [10/Dec/2022:14:09:28 +0100] "GET /Bestellen/Pschtellformoular?action=edit HTTP/1.1" 403 18 "http://www.pro-zurituutsch.ch/Bestellen.Pschtellformoular" "Mozilla/5.0 (compatible; SeekportBot; +https://bot.seekport.com)"
135.181.138.8 - - [10/Dec/2022:14:09:28 +0100] "GET /Bestellen/Pschtellformoular?action=upload HTTP/1.1" 403 18 "http://www.pro-zurituutsch.ch/Bestellen.Pschtellformoular" "Mozilla/5.0 (compatible; SeekportBot; +https://bot.seekport.com)"
135.181.138.8 - - [10/Dec/2022:14:09:30 +0100] "GET /Bestellen/Pschtellformoular?action=print HTTP/1.1" 403 18 "http://www.pro-zurituutsch.ch/Bestellen.Pschtellformoular" "Mozilla/5.0 (compatible; SeekportBot; +https://bot.seekport.com)"
135.181.138.8 - - [10/Dec/2022:14:09:30 +0100] "GET /Bestellen/Pschtellformoular?action=diff HTTP/1.1" 403 18 "http://www.pro-zurituutsch.ch/Bestellen.Pschtellformoular" "Mozilla/5.0 (compatible; SeekportBot; +https://bot.seekport.com)"
135.181.138.8 - - [10/Dec/2022:14:09:32 +0100] "GET /Hilfe/Winamp?action=edit HTTP/1.1" 403 18 "http://www.pro-zurituutsch.ch/Hilfe/Winamp" "Mozilla/5.0 (compatible; SeekportBot; +https://bot.seekport.com)"
135.181.138.8 - - [10/Dec/2022:14:09:33 +0100] "GET /Hilfe/Winamp?action=upload HTTP/1.1" 403 18 "http://www.pro-zurituutsch.ch/Hilfe/Winamp" "Mozilla/5.0 (compatible; SeekportBot; +https://bot.seekport.com)"
135.181.138.8 - - [10/Dec/2022:14:09:34 +0100] "GET /Hilfe/Winamp?action=print HTTP/1.1" 403 18 "http://www.pro-zurituutsch.ch/Hilfe/Winamp" "Mozilla/5.0 (compatible; SeekportBot; +https://bot.seekport.com)"
135.181.138.8 - - [10/Dec/2022:14:09:35 +0100] "GET /Hilfe/Winamp?action=diff HTTP/1.1" 403 18 "http://www.pro-zurituutsch.ch/Hilfe/Winamp" "Mozilla/5.0 (compatible; SeekportBot; +https://bot.seekport.com)"
135.181.138.8 - - [10/Dec/2022:14:09:36 +0100] "GET /Hilfe/RealOne?action=edit HTTP/1.1" 403 18 "http://www.pro-zurituutsch.ch/Hilfe/RealOne" "Mozilla/5.0 (compatible; SeekportBot; +https://bot.seekport.com)"
135.181.138.8 - - [10/Dec/2022:14:09:37 +0100] "GET /Hilfe/RealOne?action=upload HTTP/1.1" 403 18 "http://www.pro-zurituutsch.ch/Hilfe/RealOne" "Mozilla/5.0 (compatible; SeekportBot; +https://bot.seekport.com)"
135.181.138.8 - - [10/Dec/2022:14:09:38 +0100] "GET /Hilfe/RealOne?action=print HTTP/1.1" 403 18 "http://www.pro-zurituutsch.ch/Hilfe/RealOne" "Mozilla/5.0 (compatible; SeekportBot; +https://bot.seekport.com)"
135.181.138.8 - - [10/Dec/2022:14:09:39 +0100] "GET /Hilfe/RealOne?action=diff HTTP/1.1" 403 18 "http://www.pro-zurituutsch.ch/Hilfe/RealOne" "Mozilla/5.0 (compatible; SeekportBot; +https://bot.seekport.com)"
135.181.138.8 - - [10/Dec/2022:14:09:40 +0100] "GET /Hilfe/Passwort?action=edit HTTP/1.1" 404 18 "http://www.pro-zurituutsch.ch/Hilfe/RealOne" "Mozilla/5.0 (compatible; SeekportBot; +https://bot.seekport.com)"
135.181.138.8 - - [10/Dec/2022:14:09:41 +0100] "GET /Hilfe/Quicktime?action=edit HTTP/1.1" 403 18 "http://www.pro-zurituutsch.ch/Hilfe/Quicktime" "Mozilla/5.0 (compatible; SeekportBot; +https://bot.seekport.com)"
135.181.138.8 - - [10/Dec/2022:14:09:41 +0100] "GET /Hilfe/Quicktime?action=upload HTTP/1.1" 403 18 "http://www.pro-zurituutsch.ch/Hilfe/Quicktime" "Mozilla/5.0 (compatible; SeekportBot; +https://bot.seekport.com)"
135.181.138.8 - - [10/Dec/2022:14:09:42 +0100] "GET /Hilfe/Quicktime?action=print HTTP/1.1" 403 18 "http://www.pro-zurituutsch.ch/Hilfe/Quicktime" "Mozilla/5.0 (compatible; SeekportBot; +https://bot.seekport.com)"
135.181.138.8 - - [10/Dec/2022:14:09:43 +0100] "GET /Hilfe/Quicktime?action=diff HTTP/1.1" 403 18 "http://www.pro-zurituutsch.ch/Hilfe/Quicktime" "Mozilla/5.0 (compatible; SeekportBot; +https://bot.seekport.com)"
135.181.138.8 - - [10/Dec/2022:14:09:44 +0100] "GET /Tessynfaart/Tessynfaart?action=edit HTTP/1.1" 403 18 "http://www.pro-zurituutsch.ch/Tessynfaart/Tessynfaart" "Mozilla/5.0 (compatible; SeekportBot; +https://bot.seekport.com)"
135.181.138.8 - - [10/Dec/2022:14:09:45 +0100] "GET /Tessynfaart/Tessynfaart?action=upload HTTP/1.1" 403 18 "http://www.pro-zurituutsch.ch/Tessynfaart/Tessynfaart" "Mozilla/5.0 (compatible; SeekportBot; +https://bot.seekport.com)"
85.25.185.196 - - [10/Dec/2022:14:09:45 +0100] "GET /PodCast/REZTheLightBetweenOceans?action=print HTTP/1.1" 200 4155 "-" "Mozilla/5.0 (Macintosh; Intel Mac OS X 10.15; rv:103.0) Gecko/20100101 Firefox/103.0"
135.181.138.8 - - [10/Dec/2022:14:09:46 +0100] "GET /Tessynfaart/Tessynfaart?action=print HTTP/1.1" 403 18 "http://www.pro-zurituutsch.ch/Tessynfaart/Tessynfaart" "Mozilla/5.0 (compatible; SeekportBot; +https://bot.seekport.com)"
135.181.138.8 - - [10/Dec/2022:14:09:48 +0100] "GET /Tessynfaart/Tessynfaart?action=diff HTTP/1.1" 403 18 "http://www.pro-zurituutsch.ch/Tessynfaart/Tessynfaart" "Mozilla/5.0 (compatible; SeekportBot; +https://bot.seekport.com)"
135.181.138.8 - - [10/Dec/2022:14:09:48 +0100] "GET /Tessynfaart/Tessynfaart?action=upload&upname=Tessynfaart.mp3 HTTP/1.1" 403 18 "http://www.pro-zurituutsch.ch/Tessynfaart/Tessynfaart" "Mozilla/5.0 (compatible; SeekportBot; +https://bot.seekport.com)"
135.181.138.8 - - [10/Dec/2022:14:09:49 +0100] "GET /PodCast/BanquiQuali?action=edit HTTP/1.1" 403 18 "http://www.pro-zurituutsch.ch/PodCast/BanquiQuali" "Mozilla/5.0 (compatible; SeekportBot; +https://bot.seekport.com)"
135.181.138.8 - - [10/Dec/2022:14:09:50 +0100] "GET /PodCast/BanquiQuali?action=upload HTTP/1.1" 403 18 "http://www.pro-zurituutsch.ch/PodCast/BanquiQuali" "Mozilla/5.0 (compatible; SeekportBot; +https://bot.seekport.com)"
135.181.138.8 - - [10/Dec/2022:14:09:51 +0100] "GET /PodCast/BanquiQuali?action=print HTTP/1.1" 403 18 "http://www.pro-zurituutsch.ch/PodCast/BanquiQuali" "Mozilla/5.0 (compatible; SeekportBot; +https://bot.seekport.com)"
135.181.138.8 - - [10/Dec/2022:14:09:52 +0100] "GET /PodCast/BanquiQuali?action=diff HTTP/1.1" 403 18 "http://www.pro-zurituutsch.ch/PodCast/BanquiQuali" "Mozilla/5.0 (compatible; SeekportBot; +https://bot.seekport.com)"
135.181.138.8 - - [10/Dec/2022:14:09:53 +0100] "GET /PodCast/Stolz?action=edit HTTP/1.1" 403 18 "http://www.pro-zurituutsch.ch/PodCast/Stolz" "Mozilla/5.0 (compatible; SeekportBot; +https://bot.seekport.com)"
135.181.138.8 - - [10/Dec/2022:14:09:54 +0100] "GET /PodCast/Stolz?action=upload HTTP/1.1" 403 18 "http://www.pro-zurituutsch.ch/PodCast/Stolz" "Mozilla/5.0 (compatible; SeekportBot; +https://bot.seekport.com)"
135.181.138.8 - - [10/Dec/2022:14:09:55 +0100] "GET /PodCast/Stolz?action=print HTTP/1.1" 403 18 "http://www.pro-zurituutsch.ch/PodCast/Stolz" "Mozilla/5.0 (compatible; SeekportBot; +https://bot.seekport.com)"
135.181.138.8 - - [10/Dec/2022:14:09:56 +0100] "GET /PodCast/Stolz?action=diff HTTP/1.1" 403 18 "http://www.pro-zurituutsch.ch/PodCast/Stolz" "Mozilla/5.0 (compatible; SeekportBot; +https://bot.seekport.com)"
135.181.138.8 - - [10/Dec/2022:14:09:57 +0100] "GET /PodCast/Goliat?action=edit HTTP/1.1" 403 18 "http://www.pro-zurituutsch.ch/PodCast/Goliat" "Mozilla/5.0 (compatible; SeekportBot; +https://bot.seekport.com)"
135.181.138.8 - - [10/Dec/2022:14:09:58 +0100] "GET /PodCast/Goliat?action=upload HTTP/1.1" 403 18 "http://www.pro-zurituutsch.ch/PodCast/Goliat" "Mozilla/5.0 (compatible; SeekportBot; +https://bot.seekport.com)"
135.181.138.8 - - [10/Dec/2022:14:09:59 +0100] "GET /PodCast/Goliat?action=print HTTP/1.1" 403 18 "http://www.pro-zurituutsch.ch/PodCast/Goliat" "Mozilla/5.0 (compatible; SeekportBot; +https://bot.seekport.com)"
135.181.138.8 - - [10/Dec/2022:14:09:59 +0100] "GET /PodCast/Goliat?action=diff HTTP/1.1" 403 18 "http://www.pro-zurituutsch.ch/PodCast/Goliat" "Mozilla/5.0 (compatible; SeekportBot; +https://bot.seekport.com)"
135.181.138.8 - - [10/Dec/2022:14:10:01 +0100] "GET /PodCast/Finanzsischteem?action=edit HTTP/1.1" 403 18 "http://www.pro-zurituutsch.ch/PodCast/Finanzsischteem" "Mozilla/5.0 (compatible; SeekportBot; +https://bot.seekport.com)"
135.181.138.8 - - [10/Dec/2022:14:10:02 +0100] "GET /PodCast/Finanzsischteem?action=upload HTTP/1.1" 403 18 "http://www.pro-zurituutsch.ch/PodCast/Finanzsischteem" "Mozilla/5.0 (compatible; SeekportBot; +https://bot.seekport.com)"
135.181.138.8 - - [10/Dec/2022:14:10:02 +0100] "GET /PodCast/Finanzsischteem?action=print HTTP/1.1" 403 18 "http://www.pro-zurituutsch.ch/PodCast/Finanzsischteem" "Mozilla/5.0 (compatible; SeekportBot; +https://bot.seekport.com)"
135.181.138.8 - - [10/Dec/2022:14:10:03 +0100] "GET /PodCast/Finanzsischteem?action=diff HTTP/1.1" 403 18 "http://www.pro-zurituutsch.ch/PodCast/Finanzsischteem" "Mozilla/5.0 (compatible; SeekportBot; +https://bot.seekport.com)"
135.181.138.8 - - [10/Dec/2022:14:10:04 +0100] "GET /PodCast/Ggloge?action=edit HTTP/1.1" 403 18 "http://www.pro-zurituutsch.ch/PodCast/Ggloge" "Mozilla/5.0 (compatible; SeekportBot; +https://bot.seekport.com)"
135.181.138.8 - - [10/Dec/2022:14:10:05 +0100] "GET /PodCast/Ggloge?action=upload HTTP/1.1" 403 18 "http://www.pro-zurituutsch.ch/PodCast/Ggloge" "Mozilla/5.0 (compatible; SeekportBot; +https://bot.seekport.com)"
135.181.138.8 - - [10/Dec/2022:14:10:06 +0100] "GET /PodCast/Ggloge?action=print HTTP/1.1" 403 18 "http://www.pro-zurituutsch.ch/PodCast/Ggloge" "Mozilla/5.0 (compatible; SeekportBot; +https://bot.seekport.com)"
135.181.138.8 - - [10/Dec/2022:14:10:07 +0100] "GET /PodCast/Ggloge?action=diff HTTP/1.1" 403 18 "http://www.pro-zurituutsch.ch/PodCast/Ggloge" "Mozilla/5.0 (compatible; SeekportBot; +https://bot.seekport.com)"
135.181.138.8 - - [10/Dec/2022:14:10:08 +0100] "GET /PodCast/Propagandakraty?action=edit HTTP/1.1" 403 18 "http://www.pro-zurituutsch.ch/PodCast/Propagandakraty" "Mozilla/5.0 (compatible; SeekportBot; +https://bot.seekport.com)"
135.181.138.8 - - [10/Dec/2022:14:10:09 +0100] "GET /PodCast/Propagandakraty?action=upload HTTP/1.1" 403 18 "http://www.pro-zurituutsch.ch/PodCast/Propagandakraty" "Mozilla/5.0 (compatible; SeekportBot; +https://bot.seekport.com)"
135.181.138.8 - - [10/Dec/2022:14:10:10 +0100] "GET /PodCast/Propagandakraty?action=print HTTP/1.1" 403 18 "http://www.pro-zurituutsch.ch/PodCast/Propagandakraty" "Mozilla/5.0 (compatible; SeekportBot; +https://bot.seekport.com)"
135.181.138.8 - - [10/Dec/2022:14:10:11 +0100] "GET /PodCast/Propagandakraty?action=diff HTTP/1.1" 403 18 "http://www.pro-zurituutsch.ch/PodCast/Propagandakraty" "Mozilla/5.0 (compatible; SeekportBot; +https://bot.seekport.com)"
135.181.138.8 - - [10/Dec/2022:14:10:12 +0100] "GET /PodCast/700Buezerleuh?action=edit HTTP/1.1" 403 18 "http://www.pro-zurituutsch.ch/PodCast/700Buezerleuh" "Mozilla/5.0 (compatible; SeekportBot; +https://bot.seekport.com)"
135.181.138.8 - - [10/Dec/2022:14:10:13 +0100] "GET /PodCast/700Buezerleuh?action=upload HTTP/1.1" 403 18 "http://www.pro-zurituutsch.ch/PodCast/700Buezerleuh" "Mozilla/5.0 (compatible; SeekportBot; +https://bot.seekport.com)"
64.124.8.26 - - [10/Dec/2022:14:10:13 +0100] "GET /robots.txt HTTP/1.1" 200 - "-" "Mozilla/5.0 (X11; Linux x86_64) AppleWebKit/537.36 (KHTML, like Gecko) Chrome/61.0.3163.79 Safari/537.36"
64.124.8.26 - - [10/Dec/2022:14:10:13 +0100] "GET /Hilfe/RealOne HTTP/1.1" 200 10362 "-" "Mozilla/5.0 (X11; Linux x86_64) AppleWebKit/537.36 (KHTML, like Gecko) Chrome/61.0.3163.79 Safari/537.36"
135.181.138.8 - - [10/Dec/2022:14:10:14 +0100] "GET /PodCast/700Buezerleuh?action=print HTTP/1.1" 403 18 "http://www.pro-zurituutsch.ch/PodCast/700Buezerleuh" "Mozilla/5.0 (compatible; SeekportBot; +https://bot.seekport.com)"
135.181.138.8 - - [10/Dec/2022:14:10:15 +0100] "GET /PodCast/700Buezerleuh?action=diff HTTP/1.1" 403 18 "http://www.pro-zurituutsch.ch/PodCast/700Buezerleuh" "Mozilla/5.0 (compatible; SeekportBot; +https://bot.seekport.com)"
135.181.138.8 - - [10/Dec/2022:14:10:16 +0100] "GET /PodCast/Doping?action=edit HTTP/1.1" 403 18 "http://www.pro-zurituutsch.ch/PodCast/Doping" "Mozilla/5.0 (compatible; SeekportBot; +https://bot.seekport.com)"
135.181.138.8 - - [10/Dec/2022:14:10:17 +0100] "GET /PodCast/Doping?action=upload HTTP/1.1" 403 18 "http://www.pro-zurituutsch.ch/PodCast/Doping" "Mozilla/5.0 (compatible; SeekportBot; +https://bot.seekport.com)"
135.181.138.8 - - [10/Dec/2022:14:10:18 +0100] "GET /PodCast/Doping?action=print HTTP/1.1" 403 18 "http://www.pro-zurituutsch.ch/PodCast/Doping" "Mozilla/5.0 (compatible; SeekportBot; +https://bot.seekport.com)"
135.181.138.8 - - [10/Dec/2022:14:10:19 +0100] "GET /PodCast/Doping?action=diff HTTP/1.1" 403 18 "http://www.pro-zurituutsch.ch/PodCast/Doping" "Mozilla/5.0 (compatible; SeekportBot; +https://bot.seekport.com)"
135.181.138.8 - - [10/Dec/2022:14:10:20 +0100] "GET /PodCast/Voorwort?action=edit HTTP/1.1" 403 18 "http://www.pro-zurituutsch.ch/PodCast/Voorwort" "Mozilla/5.0 (compatible; SeekportBot; +https://bot.seekport.com)"
135.181.138.8 - - [10/Dec/2022:14:10:21 +0100] "GET /PodCast/Voorwort?action=upload HTTP/1.1" 403 18 "http://www.pro-zurituutsch.ch/PodCast/Voorwort" "Mozilla/5.0 (compatible; SeekportBot; +https://bot.seekport.com)"
135.181.138.8 - - [10/Dec/2022:14:10:22 +0100] "GET /PodCast/Voorwort?action=print HTTP/1.1" 403 18 "http://www.pro-zurituutsch.ch/PodCast/Voorwort" "Mozilla/5.0 (compatible; SeekportBot; +https://bot.seekport.com)"
135.181.138.8 - - [10/Dec/2022:14:10:23 +0100] "GET /PodCast/Voorwort?action=diff HTTP/1.1" 403 18 "http://www.pro-zurituutsch.ch/PodCast/Voorwort" "Mozilla/5.0 (compatible; SeekportBot; +https://bot.seekport.com)"
135.181.138.8 - - [10/Dec/2022:14:10:24 +0100] "GET /pub/pschtellform.php HTTP/1.1" 302 - "http://www.pro-zurituutsch.ch/PodCast/Voorwort" "Mozilla/5.0 (compatible; SeekportBot; +https://bot.seekport.com)"
135.181.138.8 - - [10/Dec/2022:14:10:25 +0100] "GET /PodCast/Email?action=edit HTTP/1.1" 403 18 "http://www.pro-zurituutsch.ch/PodCast/Email" "Mozilla/5.0 (compatible; SeekportBot; +https://bot.seekport.com)"
135.181.138.8 - - [10/Dec/2022:14:10:26 +0100] "GET /PodCast/Email?action=upload HTTP/1.1" 403 18 "http://www.pro-zurituutsch.ch/PodCast/Email" "Mozilla/5.0 (compatible; SeekportBot; +https://bot.seekport.com)"
135.181.138.8 - - [10/Dec/2022:14:10:27 +0100] "GET /PodCast/Email?action=print HTTP/1.1" 403 18 "http://www.pro-zurituutsch.ch/PodCast/Email" "Mozilla/5.0 (compatible; SeekportBot; +https://bot.seekport.com)"
135.181.138.8 - - [10/Dec/2022:14:10:28 +0100] "GET /PodCast/Email?action=diff HTTP/1.1" 403 18 "http://www.pro-zurituutsch.ch/PodCast/Email" "Mozilla/5.0 (compatible; SeekportBot; +https://bot.seekport.com)"
135.181.138.8 - - [10/Dec/2022:14:10:29 +0100] "GET /PodCast/Ereuffnig?action=edit HTTP/1.1" 403 18 "http://www.pro-zurituutsch.ch/PodCast/Ereuffnig" "Mozilla/5.0 (compatible; SeekportBot; +https://bot.seekport.com)"
135.181.138.8 - - [10/Dec/2022:14:10:30 +0100] "GET /PodCast/Ereuffnig?action=upload HTTP/1.1" 403 18 "http://www.pro-zurituutsch.ch/PodCast/Ereuffnig" "Mozilla/5.0 (compatible; SeekportBot; +https://bot.seekport.com)"
135.181.138.8 - - [10/Dec/2022:14:10:31 +0100] "GET /PodCast/Ereuffnig?action=print HTTP/1.1" 403 18 "http://www.pro-zurituutsch.ch/PodCast/Ereuffnig" "Mozilla/5.0 (compatible; SeekportBot; +https://bot.seekport.com)"
135.181.138.8 - - [10/Dec/2022:14:10:32 +0100] "GET /PodCast/Ereuffnig?action=diff HTTP/1.1" 403 18 "http://www.pro-zurituutsch.ch/PodCast/Ereuffnig" "Mozilla/5.0 (compatible; SeekportBot; +https://bot.seekport.com)"
135.181.138.8 - - [10/Dec/2022:14:10:33 +0100] "GET /PodCast/Bankett?action=edit HTTP/1.1" 403 18 "http://www.pro-zurituutsch.ch/PodCast/Bankett" "Mozilla/5.0 (compatible; SeekportBot; +https://bot.seekport.com)"
135.181.138.8 - - [10/Dec/2022:14:10:34 +0100] "GET /PodCast/Bankett?action=upload HTTP/1.1" 403 18 "http://www.pro-zurituutsch.ch/PodCast/Bankett" "Mozilla/5.0 (compatible; SeekportBot; +https://bot.seekport.com)"
135.181.138.8 - - [10/Dec/2022:14:10:35 +0100] "GET /PodCast/Bankett?action=print HTTP/1.1" 403 18 "http://www.pro-zurituutsch.ch/PodCast/Bankett" "Mozilla/5.0 (compatible; SeekportBot; +https://bot.seekport.com)"
135.181.138.8 - - [10/Dec/2022:14:10:36 +0100] "GET /PodCast/Bankett?action=diff HTTP/1.1" 403 18 "http://www.pro-zurituutsch.ch/PodCast/Bankett" "Mozilla/5.0 (compatible; SeekportBot; +https://bot.seekport.com)"
135.181.138.8 - - [10/Dec/2022:14:10:37 +0100] "GET /PodCast/Traktandelyschte?action=edit HTTP/1.1" 403 18 "http://www.pro-zurituutsch.ch/PodCast/Traktandelyschte" "Mozilla/5.0 (compatible; SeekportBot; +https://bot.seekport.com)"
135.181.138.8 - - [10/Dec/2022:14:10:38 +0100] "GET /PodCast/Traktandelyschte?action=upload HTTP/1.1" 403 18 "http://www.pro-zurituutsch.ch/PodCast/Traktandelyschte" "Mozilla/5.0 (compatible; SeekportBot; +https://bot.seekport.com)"
135.181.138.8 - - [10/Dec/2022:14:10:39 +0100] "GET /PodCast/Traktandelyschte?action=print HTTP/1.1" 403 18 "http://www.pro-zurituutsch.ch/PodCast/Traktandelyschte" "Mozilla/5.0 (compatible; SeekportBot; +https://bot.seekport.com)"
135.181.138.8 - - [10/Dec/2022:14:10:40 +0100] "GET /PodCast/Traktandelyschte?action=diff HTTP/1.1" 403 18 "http://www.pro-zurituutsch.ch/PodCast/Traktandelyschte" "Mozilla/5.0 (compatible; SeekportBot; +https://bot.seekport.com)"
135.181.138.8 - - [10/Dec/2022:14:10:41 +0100] "GET /PodCast/Lobbiing?action=edit HTTP/1.1" 403 18 "http://www.pro-zurituutsch.ch/PodCast/Lobbiing" "Mozilla/5.0 (compatible; SeekportBot; +https://bot.seekport.com)"
135.181.138.8 - - [10/Dec/2022:14:10:42 +0100] "GET /PodCast/Lobbiing?action=upload HTTP/1.1" 403 18 "http://www.pro-zurituutsch.ch/PodCast/Lobbiing" "Mozilla/5.0 (compatible; SeekportBot; +https://bot.seekport.com)"
135.181.138.8 - - [10/Dec/2022:14:10:44 +0100] "GET /PodCast/Lobbiing?action=print HTTP/1.1" 403 18 "http://www.pro-zurituutsch.ch/PodCast/Lobbiing" "Mozilla/5.0 (compatible; SeekportBot; +https://bot.seekport.com)"
135.181.138.8 - - [10/Dec/2022:14:10:45 +0100] "GET /PodCast/Lobbiing?action=diff HTTP/1.1" 403 18 "http://www.pro-zurituutsch.ch/PodCast/Lobbiing" "Mozilla/5.0 (compatible; SeekportBot; +https://bot.seekport.com)"
135.181.138.8 - - [10/Dec/2022:14:10:45 +0100] "GET /PodCast/Verglych?action=edit HTTP/1.1" 403 18 "http://www.pro-zurituutsch.ch/PodCast/Verglych" "Mozilla/5.0 (compatible; SeekportBot; +https://bot.seekport.com)"
135.181.138.8 - - [10/Dec/2022:14:10:46 +0100] "GET /PodCast/Verglych?action=upload HTTP/1.1" 403 18 "http://www.pro-zurituutsch.ch/PodCast/Verglych" "Mozilla/5.0 (compatible; SeekportBot; +https://bot.seekport.com)"
135.181.138.8 - - [10/Dec/2022:14:10:47 +0100] "GET /PodCast/Verglych?action=print HTTP/1.1" 403 18 "http://www.pro-zurituutsch.ch/PodCast/Verglych" "Mozilla/5.0 (compatible; SeekportBot; +https://bot.seekport.com)"
135.181.138.8 - - [10/Dec/2022:14:10:48 +0100] "GET /PodCast/Verglych?action=diff HTTP/1.1" 403 18 "http://www.pro-zurituutsch.ch/PodCast/Verglych" "Mozilla/5.0 (compatible; SeekportBot; +https://bot.seekport.com)"
135.181.138.8 - - [10/Dec/2022:14:10:49 +0100] "GET /PodCast/Apschlouss?action=edit HTTP/1.1" 403 18 "http://www.pro-zurituutsch.ch/PodCast/Apschlouss" "Mozilla/5.0 (compatible; SeekportBot; +https://bot.seekport.com)"
135.181.138.8 - - [10/Dec/2022:14:10:50 +0100] "GET /PodCast/Apschlouss?action=upload HTTP/1.1" 403 18 "http://www.pro-zurituutsch.ch/PodCast/Apschlouss" "Mozilla/5.0 (compatible; SeekportBot; +https://bot.seekport.com)"
135.181.138.8 - - [10/Dec/2022:14:10:51 +0100] "GET /PodCast/Apschlouss?action=print HTTP/1.1" 403 18 "http://www.pro-zurituutsch.ch/PodCast/Apschlouss" "Mozilla/5.0 (compatible; SeekportBot; +https://bot.seekport.com)"
135.181.138.8 - - [10/Dec/2022:14:10:52 +0100] "GET /PodCast/Apschlouss?action=diff HTTP/1.1" 403 18 "http://www.pro-zurituutsch.ch/PodCast/Apschlouss" "Mozilla/5.0 (compatible; SeekportBot; +https://bot.seekport.com)"
85.25.185.196 - - [10/Dec/2022:14:10:53 +0100] "GET /PodCast/SonTt1?action=print HTTP/1.1" 404 2388 "-" "Mozilla/5.0 (Macintosh; Intel Mac OS X 10.15; rv:103.0) Gecko/20100101 Firefox/103.0"
135.181.138.8 - - [10/Dec/2022:14:10:53 +0100] "GET /PodCast/Tagigspricht?action=edit HTTP/1.1" 403 18 "http://www.pro-zurituutsch.ch/PodCast/Tagigspricht" "Mozilla/5.0 (compatible; SeekportBot; +https://bot.seekport.com)"
135.181.138.8 - - [10/Dec/2022:14:10:54 +0100] "GET /PodCast/Tagigspricht?action=upload HTTP/1.1" 403 18 "http://www.pro-zurituutsch.ch/PodCast/Tagigspricht" "Mozilla/5.0 (compatible; SeekportBot; +https://bot.seekport.com)"
135.181.138.8 - - [10/Dec/2022:14:10:55 +0100] "GET /PodCast/Tagigspricht?action=print HTTP/1.1" 403 18 "http://www.pro-zurituutsch.ch/PodCast/Tagigspricht" "Mozilla/5.0 (compatible; SeekportBot; +https://bot.seekport.com)"
135.181.138.8 - - [10/Dec/2022:14:10:56 +0100] "GET /PodCast/Tagigspricht?action=diff HTTP/1.1" 403 18 "http://www.pro-zurituutsch.ch/PodCast/Tagigspricht" "Mozilla/5.0 (compatible; SeekportBot; +https://bot.seekport.com)"
135.181.138.8 - - [10/Dec/2022:14:10:57 +0100] "GET /PodCast/Missbrouhch?action=edit HTTP/1.1" 403 18 "http://www.pro-zurituutsch.ch/PodCast/Missbrouhch" "Mozilla/5.0 (compatible; SeekportBot; +https://bot.seekport.com)"
135.181.138.8 - - [10/Dec/2022:14:10:58 +0100] "GET /PodCast/Missbrouhch?action=upload HTTP/1.1" 403 18 "http://www.pro-zurituutsch.ch/PodCast/Missbrouhch" "Mozilla/5.0 (compatible; SeekportBot; +https://bot.seekport.com)"
135.181.138.8 - - [10/Dec/2022:14:10:59 +0100] "GET /PodCast/Missbrouhch?action=print HTTP/1.1" 403 18 "http://www.pro-zurituutsch.ch/PodCast/Missbrouhch" "Mozilla/5.0 (compatible; SeekportBot; +https://bot.seekport.com)"
135.181.138.8 - - [10/Dec/2022:14:11:00 +0100] "GET /PodCast/Missbrouhch?action=diff HTTP/1.1" 403 18 "http://www.pro-zurituutsch.ch/PodCast/Missbrouhch" "Mozilla/5.0 (compatible; SeekportBot; +https://bot.seekport.com)"
135.181.138.8 - - [10/Dec/2022:14:11:00 +0100] "GET /PodCast/Bachtelberg?action=edit HTTP/1.1" 403 18 "http://www.pro-zurituutsch.ch/PodCast/Bachtelberg" "Mozilla/5.0 (compatible; SeekportBot; +https://bot.seekport.com)"
135.181.138.8 - - [10/Dec/2022:14:11:01 +0100] "GET /PodCast/Bachtelberg?action=upload HTTP/1.1" 403 18 "http://www.pro-zurituutsch.ch/PodCast/Bachtelberg" "Mozilla/5.0 (compatible; SeekportBot; +https://bot.seekport.com)"
135.181.138.8 - - [10/Dec/2022:14:11:02 +0100] "GET /PodCast/Bachtelberg?action=print HTTP/1.1" 403 18 "http://www.pro-zurituutsch.ch/PodCast/Bachtelberg" "Mozilla/5.0 (compatible; SeekportBot; +https://bot.seekport.com)"
135.181.138.8 - - [10/Dec/2022:14:11:03 +0100] "GET /PodCast/Bachtelberg?action=diff HTTP/1.1" 403 18 "http://www.pro-zurituutsch.ch/PodCast/Bachtelberg" "Mozilla/5.0 (compatible; SeekportBot; +https://bot.seekport.com)"
135.181.138.8 - - [10/Dec/2022:14:11:04 +0100] "GET /Bestellung/Pschtellformoular HTTP/1.1" 200 11189 "http://www.pro-zurituutsch.ch/pub/pschtellform.php" "Mozilla/5.0 (compatible; SeekportBot; +https://bot.seekport.com)"
135.181.138.8 - - [10/Dec/2022:14:11:05 +0100] "GET /Bestellung/Pschtellformoular?action=edit HTTP/1.1" 403 18 "http://www.pro-zurituutsch.ch/Bestellung/Pschtellformoular" "Mozilla/5.0 (compatible; SeekportBot; +https://bot.seekport.com)"
135.181.138.8 - - [10/Dec/2022:14:11:06 +0100] "GET /Bestellung/Pschtellformoular?action=upload HTTP/1.1" 403 18 "http://www.pro-zurituutsch.ch/Bestellung/Pschtellformoular" "Mozilla/5.0 (compatible; SeekportBot; +https://bot.seekport.com)"
135.181.138.8 - - [10/Dec/2022:14:11:07 +0100] "GET /Bestellung/Pschtellformoular?action=print HTTP/1.1" 403 18 "http://www.pro-zurituutsch.ch/Bestellung/Pschtellformoular" "Mozilla/5.0 (compatible; SeekportBot; +https://bot.seekport.com)"
135.181.138.8 - - [10/Dec/2022:14:11:08 +0100] "GET /Bestellung/Pschtellformoular?action=diff HTTP/1.1" 403 18 "http://www.pro-zurituutsch.ch/Bestellung/Pschtellformoular" "Mozilla/5.0 (compatible; SeekportBot; +https://bot.seekport.com)"
85.25.185.196 - - [10/Dec/2022:14:13:03 +0100] "GET /PodCast/UberGebuure?action=print HTTP/1.1" 200 9793 "-" "Mozilla/5.0 (Macintosh; Intel Mac OS X 10.15; rv:103.0) Gecko/20100101 Firefox/103.0"
85.25.185.196 - - [10/Dec/2022:14:15:59 +0100] "GET /PodCast/Falschmaldig?action=print HTTP/1.1" 200 5248 "-" "Mozilla/5.0 (Macintosh; Intel Mac OS X 10.15; rv:103.0) Gecko/20100101 Firefox/103.0"
85.25.185.196 - - [10/Dec/2022:14:20:25 +0100] "GET /Site/151Konschtanz1485?action=print HTTP/1.1" 200 7558 "-" "Mozilla/5.0 (Macintosh; Intel Mac OS X 10.15; rv:103.0) Gecko/20100101 Firefox/103.0"
194.209.200.2 - - [10/Dec/2022:14:23:55 +0100] "GET /robots.txt HTTP/1.1" 200 - "-" "Mozilla/5.0 (compatible; TMMBot/0.2; +http://www.dslab.ch)/Nutch-1.15"
194.209.200.2 - - [10/Dec/2022:14:23:55 +0100] "GET /Admin/Jahresbericht HTTP/1.1" 200 45530 "-" "Mozilla/5.0 (compatible; TMMBot/0.2; +http://www.dslab.ch)/Nutch-1.15"
194.209.200.2 - - [10/Dec/2022:14:24:19 +0100] "GET /Texte/Schrybwys HTTP/1.1" 200 11028 "-" "Mozilla/5.0 (compatible; TMMBot/0.2; +http://www.dslab.ch)/Nutch-1.15"
85.25.185.196 - - [10/Dec/2022:14:24:23 +0100] "GET /Site/Bebi?action=print HTTP/1.1" 200 7388 "-" "Mozilla/5.0 (Macintosh; Intel Mac OS X 10.15; rv:103.0) Gecko/20100101 Firefox/103.0"
194.209.200.2 - - [10/Dec/2022:14:25:19 +0100] "GET /Texte/GDicht HTTP/1.1" 200 8050 "-" "Mozilla/5.0 (compatible; TMMBot/0.2; +http://www.dslab.ch)/Nutch-1.15"
157.55.39.194 - - [10/Dec/2022:14:27:41 +0100] "GET / HTTP/1.1" 200 15085 "-" "Mozilla/5.0 (compatible; bingbot/2.0; +http://www.bing.com/bingbot.htm)"
85.25.185.196 - - [10/Dec/2022:14:27:42 +0100] "GET /Site/111Stans1481?action=edit HTTP/1.1" 200 8653 "-" "Mozilla/5.0 (Macintosh; Intel Mac OS X 10.15; rv:103.0) Gecko/20100101 Firefox/103.0"
85.25.185.196 - - [10/Dec/2022:14:28:51 +0100] "GET /PodCast/Apvantyv?action=print HTTP/1.1" 200 5543 "-" "Mozilla/5.0 (Macintosh; Intel Mac OS X 10.15; rv:103.0) Gecko/20100101 Firefox/103.0"
64.124.8.26 - - [10/Dec/2022:14:30:56 +0100] "GET /Admin/ZurStiftung HTTP/1.1" 200 10864 "-" "Mozilla/5.0 (X11; Linux x86_64) AppleWebKit/537.36 (KHTML, like Gecko) Chrome/61.0.3163.79 Safari/537.36"
85.25.185.196 - - [10/Dec/2022:14:32:01 +0100] "GET /PodCast/Griechestroom?action=print HTTP/1.1" 200 6555 "-" "Mozilla/5.0 (Macintosh; Intel Mac OS X 10.15; rv:103.0) Gecko/20100101 Firefox/103.0"
85.25.185.196 - - [10/Dec/2022:14:34:29 +0100] "GET /PodCast/SpruchZ?action=diff HTTP/1.1" 200 17628 "-" "Mozilla/5.0 (Macintosh; Intel Mac OS X 10.15; rv:103.0) Gecko/20100101 Firefox/103.0"
85.25.185.196 - - [10/Dec/2022:14:36:43 +0100] "GET /PodCast/Wandermaasse?action=print HTTP/1.1" 200 5166 "-" "Mozilla/5.0 (Macintosh; Intel Mac OS X 10.15; rv:103.0) Gecko/20100101 Firefox/103.0"
216.244.66.243 - - [10/Dec/2022:14:38:24 +0100] "GET /robots.txt HTTP/1.1" 200 - "-" "Mozilla/5.0 (compatible; DotBot/1.2; +https://opensiteexplorer.org/dotbot; help@moz.com)"
66.249.76.222 - - [10/Dec/2022:14:39:02 +0100] "GET /PodCast/IndexPage?action=rss HTTP/1.1" 200 6298 "-" "Mozilla/5.0 (compatible; Googlebot/2.1; +http://www.google.com/bot.html)"
85.25.185.196 - - [10/Dec/2022:14:39:05 +0100] "GET /PodCast/SpruchZ?action=edit HTTP/1.1" 200 8624 "-" "Mozilla/5.0 (Macintosh; Intel Mac OS X 10.15; rv:103.0) Gecko/20100101 Firefox/103.0"
62.210.215.119 - - [10/Dec/2022:14:40:29 +0100] "GET /PodCast/IndexPage?action=rss HTTP/1.1" 200 6298 "-" "Mozilla/5.0 (X11; Linux i686) AppleWebKit/537.36 (KHTML, like Gecko) Chrome/30.0.1599.66 Safari/537.36"
85.25.185.196 - - [10/Dec/2022:14:40:35 +0100] "GET /PodCast/SpruchZ?action=upload HTTP/1.1" 200 8524 "-" "Mozilla/5.0 (Macintosh; Intel Mac OS X 10.15; rv:103.0) Gecko/20100101 Firefox/103.0"
85.25.185.196 - - [10/Dec/2022:14:44:11 +0100] "GET /Site/WGA4Gglinge?action=print HTTP/1.1" 200 12793 "-" "Mozilla/5.0 (Macintosh; Intel Mac OS X 10.15; rv:103.0) Gecko/20100101 Firefox/103.0"
85.25.185.196 - - [10/Dec/2022:14:45:59 +0100] "GET /PodCast/Boundeswaal?action=print HTTP/1.1" 200 7084 "-" "Mozilla/5.0 (Macintosh; Intel Mac OS X 10.15; rv:103.0) Gecko/20100101 Firefox/103.0"
51.159.37.236 - - [10/Dec/2022:14:46:15 +0100] "GET /wp-admin/ HTTP/1.1" 404 275 "-" "Mozilla/5.0 (Windows NT 10.0; Win64; x64) AppleWebKit/537.36 (KHTML, like Gecko) Chrome/108.0.0.0 Safari/537.36"
85.25.185.196 - - [10/Dec/2022:14:48:35 +0100] "GET /PodCast/Fallgroueb?action=print HTTP/1.1" 200 7004 "-" "Mozilla/5.0 (Macintosh; Intel Mac OS X 10.15; rv:103.0) Gecko/20100101 Firefox/103.0"
216.244.66.243 - - [10/Dec/2022:14:49:29 +0100] "GET /PodCast/FrawimSchatte HTTP/1.1" 200 14992 "-" "Mozilla/5.0 (compatible; DotBot/1.2; +https://opensiteexplorer.org/dotbot; help@moz.com)"
216.244.66.243 - - [10/Dec/2022:14:49:34 +0100] "GET /PodCast/Limerick29 HTTP/1.1" 200 8812 "-" "Mozilla/5.0 (compatible; DotBot/1.2; +https://opensiteexplorer.org/dotbot; help@moz.com)"
3.216.185.164 - - [10/Dec/2022:14:52:48 +0100] "GET /PodCast/IndexPage?action=rss HTTP/1.1" 200 6298 "-" "PocketCasts/1.0 (Pocket Casts Feed Parser; +http://pocketcasts.com/)"
85.25.185.196 - - [10/Dec/2022:14:53:19 +0100] "GET /PodCast/Glawbessund?action=diff HTTP/1.1" 200 51337 "-" "Mozilla/5.0 (Macintosh; Intel Mac OS X 10.15; rv:103.0) Gecko/20100101 Firefox/103.0"
85.25.185.196 - - [10/Dec/2022:14:53:46 +0100] "GET /PodCast/Metamorfoose?action=print HTTP/1.1" 200 3741 "-" "Mozilla/5.0 (Macintosh; Intel Mac OS X 10.15; rv:103.0) Gecko/20100101 Firefox/103.0"
192.0.101.216 - - [10/Dec/2022:14:54:29 +0100] "GET /uploads/Texte/ZurSchreibweise.jpg HTTP/1.1" 200 90748 "-" "Photon/1.0"
85.25.185.196 - - [10/Dec/2022:14:54:35 +0100] "GET /PodCast/Glawbessund?action=edit HTTP/1.1" 200 8678 "-" "Mozilla/5.0 (Macintosh; Intel Mac OS X 10.15; rv:103.0) Gecko/20100101 Firefox/103.0"
85.25.185.196 - - [10/Dec/2022:14:56:08 +0100] "GET /PodCast/Chile?action=print HTTP/1.1" 200 9339 "-" "Mozilla/5.0 (Macintosh; Intel Mac OS X 10.15; rv:103.0) Gecko/20100101 Firefox/103.0"
216.244.66.243 - - [10/Dec/2022:14:56:15 +0100] "GET /PmWikiRu/XLPage HTTP/1.1" 200 19493 "-" "Mozilla/5.0 (compatible; DotBot/1.2; +https://opensiteexplorer.org/dotbot; help@moz.com)"
194.209.200.2 - - [10/Dec/2022:14:56:37 +0100] "GET /robots.txt HTTP/1.1" 200 - "-" "Mozilla/5.0 (compatible; TMMBot/0.2; +http://www.dslab.ch)/Nutch-1.15"
194.209.200.2 - - [10/Dec/2022:14:56:37 +0100] "GET /Admin/Jahresbericht HTTP/1.1" 200 45530 "-" "Mozilla/5.0 (compatible; TMMBot/0.2; +http://www.dslab.ch)/Nutch-1.15"
194.209.200.2 - - [10/Dec/2022:14:56:59 +0100] "GET /Texte/Schrybwys HTTP/1.1" 200 11028 "-" "Mozilla/5.0 (compatible; TMMBot/0.2; +http://www.dslab.ch)/Nutch-1.15"
85.25.185.196 - - [10/Dec/2022:14:57:41 +0100] "GET /PodCast/Fanatiker?action=print HTTP/1.1" 200 3077 "-" "Mozilla/5.0 (Macintosh; Intel Mac OS X 10.15; rv:103.0) Gecko/20100101 Firefox/103.0"
194.209.200.2 - - [10/Dec/2022:14:57:58 +0100] "GET /Texte/GDicht HTTP/1.1" 200 8050 "-" "Mozilla/5.0 (compatible; TMMBot/0.2; +http://www.dslab.ch)/Nutch-1.15"
66.249.76.222 - - [10/Dec/2022:15:00:26 +0100] "GET / HTTP/1.1" 200 15085 "-" "Mozilla/5.0 (Linux; Android 6.0.1; Nexus 5X Build/MMB29P) AppleWebKit/537.36 (KHTML, like Gecko) Chrome/107.0.5304.115 Mobile Safari/537.36 (compatible; Googlebot/2.1; +http://www.google.com/bot.html)"
66.249.66.204 - - [10/Dec/2022:15:00:30 +0100] "GET /pub/skins/pro-zurituutsch/gila.css HTTP/1.1" 200 10186 "http://www.pro-zurituutsch.ch/" "Mozilla/5.0 (Linux; Android 6.0.1; Nexus 5X Build/MMB29P) AppleWebKit/537.36 (KHTML, like Gecko) Chrome/107.0.5304.115 Mobile Safari/537.36 (compatible; Googlebot/2.1; +http://www.google.com/bot.html)"
85.25.185.196 - - [10/Dec/2022:15:00:40 +0100] "GET /PodCast/Glawbessund?action=upload HTTP/1.1" 200 8578 "-" "Mozilla/5.0 (Macintosh; Intel Mac OS X 10.15; rv:103.0) Gecko/20100101 Firefox/103.0"
85.25.185.196 - - [10/Dec/2022:15:01:54 +0100] "GET /PodCast/JBJ502?action=print HTTP/1.1" 200 15672 "-" "Mozilla/5.0 (Macintosh; Intel Mac OS X 10.15; rv:103.0) Gecko/20100101 Firefox/103.0"
85.25.185.196 - - [10/Dec/2022:15:05:24 +0100] "GET /Site/43Fasnacht?action=print HTTP/1.1" 200 2528 "-" "Mozilla/5.0 (Macintosh; Intel Mac OS X 10.15; rv:103.0) Gecko/20100101 Firefox/103.0"
85.25.185.196 - - [10/Dec/2022:15:08:22 +0100] "GET /PodCast/RURAkt1TIl4?action=print HTTP/1.1" 200 19427 "-" "Mozilla/5.0 (Macintosh; Intel Mac OS X 10.15; rv:103.0) Gecko/20100101 Firefox/103.0"
85.25.185.196 - - [10/Dec/2022:15:10:43 +0100] "GET /Site/162Predigerchoor1489?action=print HTTP/1.1" 200 10035 "-" "Mozilla/5.0 (Macintosh; Intel Mac OS X 10.15; rv:103.0) Gecko/20100101 Firefox/103.0"
85.25.185.196 - - [10/Dec/2022:15:12:38 +0100] "GET /PodCast/Buecherbrand?action=print HTTP/1.1" 200 11037 "-" "Mozilla/5.0 (Macintosh; Intel Mac OS X 10.15; rv:103.0) Gecko/20100101 Firefox/103.0"
85.25.185.196 - - [10/Dec/2022:15:15:11 +0100] "GET /Site/Bebi?action=diff HTTP/1.1" 200 19372 "-" "Mozilla/5.0 (Macintosh; Intel Mac OS X 10.15; rv:103.0) Gecko/20100101 Firefox/103.0"
85.25.185.196 - - [10/Dec/2022:15:16:51 +0100] "GET /PodCast/Frueligsschwyge?action=print HTTP/1.1" 200 4416 "-" "Mozilla/5.0 (Macintosh; Intel Mac OS X 10.15; rv:103.0) Gecko/20100101 Firefox/103.0"
85.25.185.196 - - [10/Dec/2022:15:21:30 +0100] "GET /PodCast/UberGebuure?action=diff HTTP/1.1" 200 18304 "-" "Mozilla/5.0 (Macintosh; Intel Mac OS X 10.15; rv:103.0) Gecko/20100101 Firefox/103.0"
85.25.185.196 - - [10/Dec/2022:15:24:18 +0100] "GET /PodCast/Stuurchrieg?action=print HTTP/1.1" 200 6428 "-" "Mozilla/5.0 (Macintosh; Intel Mac OS X 10.15; rv:103.0) Gecko/20100101 Firefox/103.0"
3.219.254.95 - - [10/Dec/2022:15:25:35 +0100] "GET /PodCast/IndexPage?action=rss HTTP/1.1" 200 6298 "-" "PocketCasts/1.0 (Pocket Casts Feed Parser; +http://pocketcasts.com/)"
85.25.185.196 - - [10/Dec/2022:15:26:54 +0100] "GET /PodCast/UberGebuure?action=edit HTTP/1.1" 200 8680 "-" "Mozilla/5.0 (Macintosh; Intel Mac OS X 10.15; rv:103.0) Gecko/20100101 Firefox/103.0"
85.25.185.196 - - [10/Dec/2022:15:28:15 +0100] "GET /Site/Bebi?action=upload HTTP/1.1" 200 8437 "-" "Mozilla/5.0 (Macintosh; Intel Mac OS X 10.15; rv:103.0) Gecko/20100101 Firefox/103.0"
85.25.185.196 - - [10/Dec/2022:15:31:37 +0100] "GET /PodCast/Hinkeljouged2?action=print HTTP/1.1" 200 13745 "-" "Mozilla/5.0 (Macintosh; Intel Mac OS X 10.15; rv:103.0) Gecko/20100101 Firefox/103.0"
66.249.76.220 - - [10/Dec/2022:15:32:28 +0100] "GET /PodCast/IndexPage?action=rss HTTP/1.1" 200 6298 "-" "Mozilla/5.0 (compatible; Googlebot/2.1; +http://www.google.com/bot.html)"
85.25.185.196 - - [10/Dec/2022:15:33:18 +0100] "GET /Site/Bebi?action=edit HTTP/1.1" 200 8537 "-" "Mozilla/5.0 (Macintosh; Intel Mac OS X 10.15; rv:103.0) Gecko/20100101 Firefox/103.0"
85.25.185.196 - - [10/Dec/2022:15:35:30 +0100] "GET /Site/WGA6Klynikerfaarig?action=print HTTP/1.1" 200 9830 "-" "Mozilla/5.0 (Macintosh; Intel Mac OS X 10.15; rv:103.0) Gecko/20100101 Firefox/103.0"
95.163.255.82 - - [10/Dec/2022:15:38:04 +0100] "GET /robots.txt HTTP/1.0" 200 - "-" "Mozilla/5.0 (compatible; Linux x86_64; Mail.RU_Bot/2.0; +https://help.mail.ru/webmaster/indexing/robots)"
95.163.255.82 - - [10/Dec/2022:15:38:05 +0100] "GET /PmWikiRu/WikiWord HTTP/1.1" 200 14194 "-" "Mozilla/5.0 (compatible; Linux x86_64; Mail.RU_Bot/2.0; +https://help.mail.ru/webmaster/indexing/robots)"
85.25.185.196 - - [10/Dec/2022:15:38:10 +0100] "GET /PodCast/STounkel?action=print HTTP/1.1" 200 3695 "-" "Mozilla/5.0 (Macintosh; Intel Mac OS X 10.15; rv:103.0) Gecko/20100101 Firefox/103.0"
85.25.185.196 - - [10/Dec/2022:15:38:30 +0100] "GET /PodCast/UberGebuure?action=upload HTTP/1.1" 200 8580 "-" "Mozilla/5.0 (Macintosh; Intel Mac OS X 10.15; rv:103.0) Gecko/20100101 Firefox/103.0"
85.25.185.196 - - [10/Dec/2022:15:43:52 +0100] "GET /PodCast/Limerick36B?action=print HTTP/1.1" 200 2340 "-" "Mozilla/5.0 (Macintosh; Intel Mac OS X 10.15; rv:103.0) Gecko/20100101 Firefox/103.0"
85.25.185.196 - - [10/Dec/2022:15:45:10 +0100] "GET /PodCast/Sterbe?action=diff HTTP/1.1" 200 11255 "-" "Mozilla/5.0 (Macintosh; Intel Mac OS X 10.15; rv:103.0) Gecko/20100101 Firefox/103.0"
207.46.13.111 - - [10/Dec/2022:15:47:16 +0100] "GET /PodCast/WGA1Begaabig?action=edit HTTP/1.1" 404 18 "-" "Mozilla/5.0 AppleWebKit/537.36 (KHTML, like Gecko; compatible; bingbot/2.0; +http://www.bing.com/bingbot.htm) Chrome/103.0.5060.134 Safari/537.36"
216.244.66.243 - - [10/Dec/2022:15:47:29 +0100] "GET /robots.txt HTTP/1.1" 200 - "-" "Mozilla/5.0 (compatible; DotBot/1.2; +https://opensiteexplorer.org/dotbot; help@moz.com)"
85.25.185.196 - - [10/Dec/2022:15:49:49 +0100] "GET /PodCast/Sterbe?action=upload HTTP/1.1" 200 8508 "-" "Mozilla/5.0 (Macintosh; Intel Mac OS X 10.15; rv:103.0) Gecko/20100101 Firefox/103.0"
194.209.200.2 - - [10/Dec/2022:15:51:51 +0100] "GET /robots.txt HTTP/1.1" 200 - "-" "Mozilla/5.0 (compatible; TMMBot/0.2; +http://www.dslab.ch)/Nutch-1.15"
194.209.200.2 - - [10/Dec/2022:15:51:51 +0100] "GET /Admin/Jahresbericht HTTP/1.1" 200 45530 "-" "Mozilla/5.0 (compatible; TMMBot/0.2; +http://www.dslab.ch)/Nutch-1.15"
194.209.200.2 - - [10/Dec/2022:15:52:19 +0100] "GET /Texte/Schrybwys HTTP/1.1" 200 11028 "-" "Mozilla/5.0 (compatible; TMMBot/0.2; +http://www.dslab.ch)/Nutch-1.15"
85.25.185.196 - - [10/Dec/2022:15:52:19 +0100] "GET /PodCast/Resoultat?action=upload HTTP/1.1" 200 8550 "-" "Mozilla/5.0 (Macintosh; Intel Mac OS X 10.15; rv:103.0) Gecko/20100101 Firefox/103.0"
