85.25.185.196 - - [10/Dec/2022:04:01:18 +0100] "GET /PodCast/Sounegsang?action=edit&restore=diff:1308477896:1308477896:&preview=y HTTP/1.1" 200 8710 "-" "Mozilla/5.0 (Macintosh; Intel Mac OS X 10.15; rv:103.0) Gecko/20100101 Firefox/103.0"
185.191.171.33 - - [10/Dec/2022:04:01:41 +0100] "GET /PmWikiFr/SautsDeLigne HTTP/1.1" 200 11518 "-" "Mozilla/5.0 (compatible; SemrushBot/7~bl; +http://www.semrush.com/bot.html)"
64.124.8.52 - - [10/Dec/2022:04:01:49 +0100] "GET /Site/WGA2Eergyz HTTP/1.1" 200 17403 "-" "Mozilla/5.0 (X11; Linux x86_64) AppleWebKit/537.36 (KHTML, like Gecko) Chrome/61.0.3163.79 Safari/537.36"
85.25.185.196 - - [10/Dec/2022:04:04:37 +0100] "GET /PodCast/Sounegsang?action=edit&restore=diff:1308478462:1308478346:&preview=y HTTP/1.1" 200 8710 "-" "Mozilla/5.0 (Macintosh; Intel Mac OS X 10.15; rv:103.0) Gecko/20100101 Firefox/103.0"
85.25.185.196 - - [10/Dec/2022:04:06:06 +0100] "GET /Texte/Metamorphoses?action=edit&restore=diff:1163052973:1163052961:&preview=y HTTP/1.1" 200 8723 "-" "Mozilla/5.0 (Macintosh; Intel Mac OS X 10.15; rv:103.0) Gecko/20100101 Firefox/103.0"
85.25.185.196 - - [10/Dec/2022:04:07:41 +0100] "GET /Texte/Metamorphoses?action=edit&restore=diff:1177682932:1177682751:&preview=y HTTP/1.1" 200 8723 "-" "Mozilla/5.0 (Macintosh; Intel Mac OS X 10.15; rv:103.0) Gecko/20100101 Firefox/103.0"
157.55.39.110 - - [10/Dec/2022:04:08:37 +0100] "GET /PodCast/Hafering?action=edit HTTP/1.1" 403 18 "-" "Mozilla/5.0 (compatible; bingbot/2.0; +http://www.bing.com/bingbot.htm)"
185.191.171.9 - - [10/Dec/2022:04:09:02 +0100] "GET /Hilfe/Quicktime HTTP/1.1" 200 9103 "-" "Mozilla/5.0 (compatible; SemrushBot/7~bl; +http://www.semrush.com/bot.html)"
85.25.185.196 - - [10/Dec/2022:04:09:05 +0100] "GET /Texte/Metamorphoses?action=edit&restore=diff:1177682751:1177682622:&preview=y HTTP/1.1" 200 8723 "-" "Mozilla/5.0 (Macintosh; Intel Mac OS X 10.15; rv:103.0) Gecko/20100101 Firefox/103.0"
85.25.185.196 - - [10/Dec/2022:04:10:18 +0100] "GET /Texte/Metamorphoses?action=edit&restore=diff:1177682622:1177682423:&preview=y HTTP/1.1" 200 8723 "-" "Mozilla/5.0 (Macintosh; Intel Mac OS X 10.15; rv:103.0) Gecko/20100101 Firefox/103.0"
85.25.185.196 - - [10/Dec/2022:04:11:43 +0100] "GET /Texte/Metamorphoses?action=diff&source=n&minor=y HTTP/1.1" 200 22833 "-" "Mozilla/5.0 (Macintosh; Intel Mac OS X 10.15; rv:103.0) Gecko/20100101 Firefox/103.0"
85.25.185.196 - - [10/Dec/2022:04:13:04 +0100] "GET /Texte/Metamorphoses?action=diff&source=y&minor=n HTTP/1.1" 200 22807 "-" "Mozilla/5.0 (Macintosh; Intel Mac OS X 10.15; rv:103.0) Gecko/20100101 Firefox/103.0"
85.25.185.196 - - [10/Dec/2022:04:14:45 +0100] "GET /Texte/Metamorphoses?action=edit&restore=diff:1163052961:1163052941:&preview=y HTTP/1.1" 200 8723 "-" "Mozilla/5.0 (Macintosh; Intel Mac OS X 10.15; rv:103.0) Gecko/20100101 Firefox/103.0"
85.25.185.196 - - [10/Dec/2022:04:15:55 +0100] "GET /PodCast/Poutschology?action=edit&restore=diff:1472497609:1472497356:&preview=y HTTP/1.1" 200 8738 "-" "Mozilla/5.0 (Macintosh; Intel Mac OS X 10.15; rv:103.0) Gecko/20100101 Firefox/103.0"
64.124.8.52 - - [10/Dec/2022:04:19:56 +0100] "GET /PodCast/Maassestaab HTTP/1.1" 200 15762 "-" "Mozilla/5.0 (X11; Linux x86_64) AppleWebKit/537.36 (KHTML, like Gecko) Chrome/61.0.3163.79 Safari/537.36"
85.25.185.196 - - [10/Dec/2022:04:20:28 +0100] "GET /PodCast/Poutschology?action=edit&restore=diff:1472497154:1472496987:&preview=y HTTP/1.1" 200 8738 "-" "Mozilla/5.0 (Macintosh; Intel Mac OS X 10.15; rv:103.0) Gecko/20100101 Firefox/103.0"
64.124.8.38 - - [10/Dec/2022:04:21:14 +0100] "GET /robots.txt HTTP/1.1" 200 - "-" "Mozilla/5.0 (X11; Linux x86_64) AppleWebKit/537.36 (KHTML, like Gecko) Chrome/61.0.3163.79 Safari/537.36"
64.124.8.38 - - [10/Dec/2022:04:21:14 +0100] "GET /PodCast/Lacheteuhdt HTTP/1.1" 200 8479 "-" "Mozilla/5.0 (X11; Linux x86_64) AppleWebKit/537.36 (KHTML, like Gecko) Chrome/61.0.3163.79 Safari/537.36"
85.25.185.196 - - [10/Dec/2022:04:21:56 +0100] "GET /PodCast/Poutschology?action=edit&restore=diff:1472497889:1472497609:&preview=y HTTP/1.1" 200 8738 "-" "Mozilla/5.0 (Macintosh; Intel Mac OS X 10.15; rv:103.0) Gecko/20100101 Firefox/103.0"
85.25.185.196 - - [10/Dec/2022:04:23:00 +0100] "GET /PodCast/Lacheteuhdt?action=edit&restore=diff:1426351282:1425920465:&preview=y HTTP/1.1" 200 8724 "-" "Mozilla/5.0 (Macintosh; Intel Mac OS X 10.15; rv:103.0) Gecko/20100101 Firefox/103.0"
64.124.8.52 - - [10/Dec/2022:04:23:29 +0100] "GET /Site/182Room1500 HTTP/1.1" 200 24427 "-" "Mozilla/5.0 (X11; Linux x86_64) AppleWebKit/537.36 (KHTML, like Gecko) Chrome/61.0.3163.79 Safari/537.36"
85.25.185.196 - - [10/Dec/2022:04:24:49 +0100] "GET /PodCast/Lacheteuhdt?action=edit&restore=diff:1425920395:1425920317:&preview=y HTTP/1.1" 200 8724 "-" "Mozilla/5.0 (Macintosh; Intel Mac OS X 10.15; rv:103.0) Gecko/20100101 Firefox/103.0"
85.25.185.196 - - [10/Dec/2022:04:27:32 +0100] "GET /PodCast/Poutschology?action=edit&restore=diff:1472498058:1472497889:&preview=y HTTP/1.1" 200 8738 "-" "Mozilla/5.0 (Macintosh; Intel Mac OS X 10.15; rv:103.0) Gecko/20100101 Firefox/103.0"
185.191.171.18 - - [10/Dec/2022:04:28:49 +0100] "GET /PmWikiDe/WikiGroup HTTP/1.1" 200 16138 "-" "Mozilla/5.0 (compatible; SemrushBot/7~bl; +http://www.semrush.com/bot.html)"
85.25.185.196 - - [10/Dec/2022:04:29:12 +0100] "GET /PodCast/Poutschology?action=edit&restore=diff:1472673845:1472565376:&preview=y HTTP/1.1" 200 8738 "-" "Mozilla/5.0 (Macintosh; Intel Mac OS X 10.15; rv:103.0) Gecko/20100101 Firefox/103.0"
194.209.200.2 - - [10/Dec/2022:04:31:21 +0100] "GET /robots.txt HTTP/1.1" 200 - "-" "Mozilla/5.0 (compatible; TMMBot/0.2; +http://www.dslab.ch)/Nutch-1.15"
194.209.200.2 - - [10/Dec/2022:04:31:21 +0100] "GET /Texte/Schrybwys HTTP/1.1" 200 11028 "-" "Mozilla/5.0 (compatible; TMMBot/0.2; +http://www.dslab.ch)/Nutch-1.15"
194.209.200.2 - - [10/Dec/2022:04:32:20 +0100] "GET /Texte/GDicht HTTP/1.1" 200 8050 "-" "Mozilla/5.0 (compatible; TMMBot/0.2; +http://www.dslab.ch)/Nutch-1.15"
85.25.185.196 - - [10/Dec/2022:04:33:11 +0100] "GET /PodCast/Poutschology?action=edit&restore=diff:1478254680:1472673965:&preview=y HTTP/1.1" 200 8738 "-" "Mozilla/5.0 (Macintosh; Intel Mac OS X 10.15; rv:103.0) Gecko/20100101 Firefox/103.0"
194.209.200.2 - - [10/Dec/2022:04:33:54 +0100] "GET /Texte/Gloosse HTTP/1.1" 200 8061 "-" "Mozilla/5.0 (compatible; TMMBot/0.2; +http://www.dslab.ch)/Nutch-1.15"
194.209.200.2 - - [10/Dec/2022:04:34:39 +0100] "GET /Admin/Pro-ZurituutschStatuten HTTP/1.1" 200 9580 "-" "Mozilla/5.0 (compatible; TMMBot/0.2; +http://www.dslab.ch)/Nutch-1.15"
85.25.185.196 - - [10/Dec/2022:04:34:59 +0100] "GET /PodCast/Poutschology?action=edit&restore=diff:1472565376:1472565180:&preview=y HTTP/1.1" 200 8738 "-" "Mozilla/5.0 (Macintosh; Intel Mac OS X 10.15; rv:103.0) Gecko/20100101 Firefox/103.0"
85.25.185.196 - - [10/Dec/2022:04:36:02 +0100] "GET /PodCast/Poutschology?action=diff&source=y&minor=n HTTP/1.1" 200 32286 "-" "Mozilla/5.0 (Macintosh; Intel Mac OS X 10.15; rv:103.0) Gecko/20100101 Firefox/103.0"
85.25.185.196 - - [10/Dec/2022:04:37:10 +0100] "GET /PodCast/Poutschology?action=diff&source=n&minor=y HTTP/1.1" 200 34213 "-" "Mozilla/5.0 (Macintosh; Intel Mac OS X 10.15; rv:103.0) Gecko/20100101 Firefox/103.0"
85.25.185.196 - - [10/Dec/2022:04:38:05 +0100] "GET /PodCast/Poutschology?action=edit&restore=diff:1472565180:1472498058:&preview=y HTTP/1.1" 200 8738 "-" "Mozilla/5.0 (Macintosh; Intel Mac OS X 10.15; rv:103.0) Gecko/20100101 Firefox/103.0"
66.249.76.222 - - [10/Dec/2022:04:39:55 +0100] "GET /PodCast/IndexPage?action=rss HTTP/1.1" 200 6298 "-" "Mozilla/5.0 (compatible; Googlebot/2.1; +http://www.google.com/bot.html)"
85.25.185.196 - - [10/Dec/2022:04:40:06 +0100] "GET /PodCast/Poutschology?action=edit&restore=diff:1472673965:1472673845:&preview=y HTTP/1.1" 200 8738 "-" "Mozilla/5.0 (Macintosh; Intel Mac OS X 10.15; rv:103.0) Gecko/20100101 Firefox/103.0"
85.25.185.196 - - [10/Dec/2022:04:41:41 +0100] "GET /PodCast/Poutschology?action=edit&restore=diff:1472496987:1472496554:&preview=y HTTP/1.1" 200 8738 "-" "Mozilla/5.0 (Macintosh; Intel Mac OS X 10.15; rv:103.0) Gecko/20100101 Firefox/103.0"
157.55.39.105 - - [10/Dec/2022:04:42:41 +0100] "GET /PodCast/PodCast HTTP/1.1" 200 29790 "-" "Mozilla/5.0 AppleWebKit/537.36 (KHTML, like Gecko; compatible; bingbot/2.0; +http://www.bing.com/bingbot.htm) Chrome/103.0.5060.134 Safari/537.36"
64.124.8.38 - - [10/Dec/2022:04:42:58 +0100] "GET /PodCast/Limerick27 HTTP/1.1" 200 8704 "-" "Mozilla/5.0 (X11; Linux x86_64) AppleWebKit/537.36 (KHTML, like Gecko) Chrome/61.0.3163.79 Safari/537.36"
207.46.13.190 - - [10/Dec/2022:04:43:12 +0100] "GET /pub/skins/pro-zurituutsch/gila.css HTTP/1.1" 200 10186 "-" "Mozilla/5.0 (compatible; bingbot/2.0; +http://www.bing.com/bingbot.htm)"
85.25.185.196 - - [10/Dec/2022:04:44:59 +0100] "GET /PodCast/Poutschology?action=edit&restore=diff:1472496554:1472496554:&preview=y HTTP/1.1" 200 8738 "-" "Mozilla/5.0 (Macintosh; Intel Mac OS X 10.15; rv:103.0) Gecko/20100101 Firefox/103.0"
157.55.39.194 - - [10/Dec/2022:04:45:07 +0100] "GET /PodCast/Stuurchrieg?action=print HTTP/1.1" 403 18 "-" "Mozilla/5.0 AppleWebKit/537.36 (KHTML, like Gecko; compatible; bingbot/2.0; +http://www.bing.com/bingbot.htm) Chrome/103.0.5060.134 Safari/537.36"
85.25.185.196 - - [10/Dec/2022:04:46:34 +0100] "GET /PodCast/Poutschology?action=edit&restore=diff:1472497356:1472497154:&preview=y HTTP/1.1" 200 8738 "-" "Mozilla/5.0 (Macintosh; Intel Mac OS X 10.15; rv:103.0) Gecko/20100101 Firefox/103.0"
85.25.185.196 - - [10/Dec/2022:04:48:14 +0100] "GET /Site HTTP/1.1" 302 161 "-" "Mozilla/5.0 (Macintosh; Intel Mac OS X 10.15; rv:103.0) Gecko/20100101 Firefox/103.0"
85.25.185.196 - - [10/Dec/2022:04:49:51 +0100] "GET /PodCast/Fallgroueb?action=upload HTTP/1.1" 200 8564 "-" "Mozilla/5.0 (Macintosh; Intel Mac OS X 10.15; rv:103.0) Gecko/20100101 Firefox/103.0"
85.25.185.196 - - [10/Dec/2022:04:51:38 +0100] "GET /PodCast/Leerplaan?action=diff HTTP/1.1" 200 14627 "-" "Mozilla/5.0 (Macintosh; Intel Mac OS X 10.15; rv:103.0) Gecko/20100101 Firefox/103.0"
85.25.185.196 - - [10/Dec/2022:04:53:48 +0100] "GET /PodCast/Fallgroueb?action=edit HTTP/1.1" 200 8664 "-" "Mozilla/5.0 (Macintosh; Intel Mac OS X 10.15; rv:103.0) Gecko/20100101 Firefox/103.0"
85.25.185.196 - - [10/Dec/2022:04:55:55 +0100] "GET /PodCast/Leerplaan?action=edit HTTP/1.1" 200 8650 "-" "Mozilla/5.0 (Macintosh; Intel Mac OS X 10.15; rv:103.0) Gecko/20100101 Firefox/103.0"
85.25.185.196 - - [10/Dec/2022:04:56:49 +0100] "GET /PodCast/Ouhsschaffig?action=print HTTP/1.1" 200 6776 "-" "Mozilla/5.0 (Macintosh; Intel Mac OS X 10.15; rv:103.0) Gecko/20100101 Firefox/103.0"
85.25.185.196 - - [10/Dec/2022:04:59:05 +0100] "GET /PodCast/Chile?action=diff HTTP/1.1" 200 22983 "-" "Mozilla/5.0 (Macintosh; Intel Mac OS X 10.15; rv:103.0) Gecko/20100101 Firefox/103.0"
85.25.185.196 - - [10/Dec/2022:05:01:03 +0100] "GET /PodCast/Chile?action=edit HTTP/1.1" 200 8594 "-" "Mozilla/5.0 (Macintosh; Intel Mac OS X 10.15; rv:103.0) Gecko/20100101 Firefox/103.0"
185.191.171.22 - - [10/Dec/2022:05:02:26 +0100] "GET /robots.txt HTTP/1.1" 200 - "-" "Mozilla/5.0 (compatible; SemrushBot/7~bl; +http://www.semrush.com/bot.html)"
185.191.171.24 - - [10/Dec/2022:05:02:26 +0100] "GET /PmWikiFr/Images HTTP/1.1" 200 22078 "-" "Mozilla/5.0 (compatible; SemrushBot/7~bl; +http://www.semrush.com/bot.html)"
85.25.185.196 - - [10/Dec/2022:05:02:56 +0100] "GET /Site/142Taagsatzig1484?action=upload HTTP/1.1" 200 8623 "-" "Mozilla/5.0 (Macintosh; Intel Mac OS X 10.15; rv:103.0) Gecko/20100101 Firefox/103.0"
85.25.185.196 - - [10/Dec/2022:05:04:32 +0100] "GET /PodCast/Chile?action=upload HTTP/1.1" 200 8494 "-" "Mozilla/5.0 (Macintosh; Intel Mac OS X 10.15; rv:103.0) Gecko/20100101 Firefox/103.0"
185.191.171.21 - - [10/Dec/2022:05:05:41 +0100] "GET /PmWikiFr/Download HTTP/1.1" 200 10964 "-" "Mozilla/5.0 (compatible; SemrushBot/7~bl; +http://www.semrush.com/bot.html)"
85.25.185.196 - - [10/Dec/2022:05:05:57 +0100] "GET /PodCast/JBJ701?action=edit HTTP/1.1" 200 8610 "-" "Mozilla/5.0 (Macintosh; Intel Mac OS X 10.15; rv:103.0) Gecko/20100101 Firefox/103.0"
194.209.200.2 - - [10/Dec/2022:05:06:04 +0100] "GET /robots.txt HTTP/1.1" 200 - "-" "Mozilla/5.0 (compatible; TMMBot/0.2; +http://www.dslab.ch)/Nutch-1.15"
194.209.200.2 - - [10/Dec/2022:05:06:04 +0100] "GET /Texte/Schrybwys HTTP/1.1" 200 11028 "-" "Mozilla/5.0 (compatible; TMMBot/0.2; +http://www.dslab.ch)/Nutch-1.15"
54.163.49.212 - - [10/Dec/2022:05:06:34 +0100] "GET /PodCast/IndexPage?action=rss HTTP/1.1" 200 6298 "-" "PlayerFM/1.0 Podcast Sync (1 subscribers; url=https://player.fm/series/podcast-2872909)"
194.209.200.2 - - [10/Dec/2022:05:07:03 +0100] "GET /Texte/GDicht HTTP/1.1" 200 8050 "-" "Mozilla/5.0 (compatible; TMMBot/0.2; +http://www.dslab.ch)/Nutch-1.15"
85.25.185.196 - - [10/Dec/2022:05:07:43 +0100] "GET /PodCast/JBJ701?action=upload HTTP/1.1" 200 8510 "-" "Mozilla/5.0 (Macintosh; Intel Mac OS X 10.15; rv:103.0) Gecko/20100101 Firefox/103.0"
3.216.185.164 - - [10/Dec/2022:05:08:23 +0100] "GET /PodCast/IndexPage?action=rss HTTP/1.1" 200 6298 "-" "PocketCasts/1.0 (Pocket Casts Feed Parser; +http://pocketcasts.com/)"
194.209.200.2 - - [10/Dec/2022:05:08:44 +0100] "GET /Texte/Gloosse HTTP/1.1" 200 8061 "-" "Mozilla/5.0 (compatible; TMMBot/0.2; +http://www.dslab.ch)/Nutch-1.15"
194.209.200.2 - - [10/Dec/2022:05:09:34 +0100] "GET /Admin/Pro-ZurituutschStatuten HTTP/1.1" 200 9580 "-" "Mozilla/5.0 (compatible; TMMBot/0.2; +http://www.dslab.ch)/Nutch-1.15"
85.25.185.196 - - [10/Dec/2022:05:09:58 +0100] "GET /PodCast/JBJ701?action=diff HTTP/1.1" 200 23051 "-" "Mozilla/5.0 (Macintosh; Intel Mac OS X 10.15; rv:103.0) Gecko/20100101 Firefox/103.0"
85.25.185.196 - - [10/Dec/2022:05:11:12 +0100] "GET /Site/121Sitkouscht1482?action=diff HTTP/1.1" 200 17801 "-" "Mozilla/5.0 (Macintosh; Intel Mac OS X 10.15; rv:103.0) Gecko/20100101 Firefox/103.0"
34.213.91.79 - - [10/Dec/2022:05:12:22 +0100] "GET /PodCast/Limerick27 HTTP/1.1" 200 8704 "-" "wiederfreibot/1.0 (+https://www.wiederfrei.ch/crawler.html)"
85.25.185.196 - - [10/Dec/2022:05:12:43 +0100] "GET /Site/142Taagsatzig1484?action=print HTTP/1.1" 200 6819 "-" "Mozilla/5.0 (Macintosh; Intel Mac OS X 10.15; rv:103.0) Gecko/20100101 Firefox/103.0"
44.211.171.22 - - [10/Dec/2022:05:13:05 +0100] "GET /PodCast/IndexPage?action=rss HTTP/1.1" 200 6298 "https://www.google.com/" "Mozilla/5.0 (Macintosh; Intel Mac OS X 10_14_6) AppleWebKit/537.36 (KHTML, like Gecko) Chrome/80.0.3987.149 Safari/537.36"
85.25.185.196 - - [10/Dec/2022:05:13:30 +0100] "GET /PodCast/JBJKap1?action=upload HTTP/1.1" 200 8526 "-" "Mozilla/5.0 (Macintosh; Intel Mac OS X 10.15; rv:103.0) Gecko/20100101 Firefox/103.0"
85.25.185.196 - - [10/Dec/2022:05:15:01 +0100] "GET /PodCast/Stuurchrieg?action=diff HTTP/1.1" 200 14968 "-" "Mozilla/5.0 (Macintosh; Intel Mac OS X 10.15; rv:103.0) Gecko/20100101 Firefox/103.0"
85.25.185.196 - - [10/Dec/2022:05:16:32 +0100] "GET /PodCast/Leerplaan?action=print HTTP/1.1" 200 5823 "-" "Mozilla/5.0 (Macintosh; Intel Mac OS X 10.15; rv:103.0) Gecko/20100101 Firefox/103.0"
85.25.185.196 - - [10/Dec/2022:05:18:18 +0100] "GET /PodCast/Stuurchrieg?action=upload HTTP/1.1" 200 8578 "-" "Mozilla/5.0 (Macintosh; Intel Mac OS X 10.15; rv:103.0) Gecko/20100101 Firefox/103.0"
85.25.185.196 - - [10/Dec/2022:05:19:12 +0100] "GET /PodCast/Leerplaan?action=upload HTTP/1.1" 200 8550 "-" "Mozilla/5.0 (Macintosh; Intel Mac OS X 10.15; rv:103.0) Gecko/20100101 Firefox/103.0"
85.25.185.196 - - [10/Dec/2022:05:19:23 +0100] "GET /PodCast/Stuurchrieg?action=edit HTTP/1.1" 200 8678 "-" "Mozilla/5.0 (Macintosh; Intel Mac OS X 10.15; rv:103.0) Gecko/20100101 Firefox/103.0"
85.25.185.196 - - [10/Dec/2022:05:20:00 +0100] "GET /PodCast/Ouhsschaffig?action=upload HTTP/1.1" 200 8592 "-" "Mozilla/5.0 (Macintosh; Intel Mac OS X 10.15; rv:103.0) Gecko/20100101 Firefox/103.0"
157.55.39.110 - - [10/Dec/2022:05:21:14 +0100] "GET /PodCast/Bankett?action=print HTTP/1.1" 403 18 "-" "Mozilla/5.0 AppleWebKit/537.36 (KHTML, like Gecko; compatible; bingbot/2.0; +http://www.bing.com/bingbot.htm) Chrome/103.0.5060.134 Safari/537.36"
85.25.185.196 - - [10/Dec/2022:05:22:24 +0100] "GET /PodCast/Ouhsschaffig?action=edit HTTP/1.1" 200 8692 "-" "Mozilla/5.0 (Macintosh; Intel Mac OS X 10.15; rv:103.0) Gecko/20100101 Firefox/103.0"
157.55.39.194 - - [10/Dec/2022:05:23:11 +0100] "GET /PodCast/132MIringe1483?action=edit HTTP/1.1" 404 18 "-" "Mozilla/5.0 (compatible; bingbot/2.0; +http://www.bing.com/bingbot.htm)"
85.25.185.196 - - [10/Dec/2022:05:25:41 +0100] "GET /PodCast/Ouhsschaffig?action=diff HTTP/1.1" 200 14842 "-" "Mozilla/5.0 (Macintosh; Intel Mac OS X 10.15; rv:103.0) Gecko/20100101 Firefox/103.0"
85.25.185.196 - - [10/Dec/2022:05:29:21 +0100] "GET /PodCast/Styluebige?action=upload HTTP/1.1" 200 8564 "-" "Mozilla/5.0 (Macintosh; Intel Mac OS X 10.15; rv:103.0) Gecko/20100101 Firefox/103.0"
157.55.39.105 - - [10/Dec/2022:05:29:25 +0100] "GET /Site/Search?pagename=Site%2FSearch&q=2023 HTTP/1.1" 200 10829 "-" "Mozilla/5.0 (compatible; bingbot/2.0; +http://www.bing.com/bingbot.htm)"
157.55.39.105 - - [10/Dec/2022:05:29:26 +0100] "GET /PodCast/Erdegluck?action=diff HTTP/1.1" 403 18 "-" "Mozilla/5.0 (compatible; bingbot/2.0; +http://www.bing.com/bingbot.htm)"
85.25.185.196 - - [10/Dec/2022:05:31:20 +0100] "GET /PodCast/Styluebige?action=diff HTTP/1.1" 200 21171 "-" "Mozilla/5.0 (Macintosh; Intel Mac OS X 10.15; rv:103.0) Gecko/20100101 Firefox/103.0"
85.25.185.196 - - [10/Dec/2022:05:32:44 +0100] "GET /PodCast/Styluebige?action=edit HTTP/1.1" 200 8664 "-" "Mozilla/5.0 (Macintosh; Intel Mac OS X 10.15; rv:103.0) Gecko/20100101 Firefox/103.0"
85.25.185.196 - - [10/Dec/2022:05:34:45 +0100] "GET /PodCast/FHrereid2?action=upload HTTP/1.1" 200 8554 "-" "Mozilla/5.0 (Macintosh; Intel Mac OS X 10.15; rv:103.0) Gecko/20100101 Firefox/103.0"
85.25.185.196 - - [10/Dec/2022:05:35:53 +0100] "GET /PodCast/FHrereid2?action=diff HTTP/1.1" 200 9221 "-" "Mozilla/5.0 (Macintosh; Intel Mac OS X 10.15; rv:103.0) Gecko/20100101 Firefox/103.0"
85.25.185.196 - - [10/Dec/2022:05:37:48 +0100] "GET /Texte/Gloosse?action=diff&source=n&minor=n HTTP/1.1" 200 9553 "-" "Mozilla/5.0 (Macintosh; Intel Mac OS X 10.15; rv:103.0) Gecko/20100101 Firefox/103.0"
66.249.76.220 - - [10/Dec/2022:05:37:53 +0100] "GET /PodCast/IndexPage?action=rss HTTP/1.1" 200 6298 "-" "Mozilla/5.0 (compatible; Googlebot/2.1; +http://www.google.com/bot.html)"
85.25.185.196 - - [10/Dec/2022:05:39:28 +0100] "GET /Texte/Gloosse?action=diff&source=y&minor=y HTTP/1.1" 200 9547 "-" "Mozilla/5.0 (Macintosh; Intel Mac OS X 10.15; rv:103.0) Gecko/20100101 Firefox/103.0"
85.25.185.196 - - [10/Dec/2022:05:42:29 +0100] "GET /PodCast/Zwangsabonemang?action=diff HTTP/1.1" 200 20113 "-" "Mozilla/5.0 (Macintosh; Intel Mac OS X 10.15; rv:103.0) Gecko/20100101 Firefox/103.0"
185.191.171.10 - - [10/Dec/2022:05:43:54 +0100] "GET /PmWikiFr/FlatFileAdvantages HTTP/1.1" 200 12421 "-" "Mozilla/5.0 (compatible; SemrushBot/7~bl; +http://www.semrush.com/bot.html)"
85.25.185.196 - - [10/Dec/2022:05:43:57 +0100] "GET /PodCast/Zwangsabonemang?action=upload HTTP/1.1" 200 8634 "-" "Mozilla/5.0 (Macintosh; Intel Mac OS X 10.15; rv:103.0) Gecko/20100101 Firefox/103.0"
185.191.171.23 - - [10/Dec/2022:05:44:36 +0100] "GET /PmWikiDe/WikiStyles HTTP/1.1" 200 18079 "-" "Mozilla/5.0 (compatible; SemrushBot/7~bl; +http://www.semrush.com/bot.html)"
85.25.185.196 - - [10/Dec/2022:05:45:29 +0100] "GET /PodCast/Zwangsabonemang?action=print HTTP/1.1" 200 9134 "-" "Mozilla/5.0 (Macintosh; Intel Mac OS X 10.15; rv:103.0) Gecko/20100101 Firefox/103.0"
85.25.185.196 - - [10/Dec/2022:05:47:23 +0100] "GET /PodCast/Zwangsabonemang?action=edit HTTP/1.1" 200 8734 "-" "Mozilla/5.0 (Macintosh; Intel Mac OS X 10.15; rv:103.0) Gecko/20100101 Firefox/103.0"
157.55.39.110 - - [10/Dec/2022:05:48:36 +0100] "GET /PodCast/Euirokraty?action=print HTTP/1.1" 403 18 "-" "Mozilla/5.0 (compatible; bingbot/2.0; +http://www.bing.com/bingbot.htm)"
194.209.200.2 - - [10/Dec/2022:05:49:31 +0100] "GET /robots.txt HTTP/1.1" 200 - "-" "Mozilla/5.0 (compatible; TMMBot/0.2; +http://www.dslab.ch)/Nutch-1.15"
194.209.200.2 - - [10/Dec/2022:05:49:31 +0100] "GET /Admin/Jahresbericht HTTP/1.1" 200 45530 "-" "Mozilla/5.0 (compatible; TMMBot/0.2; +http://www.dslab.ch)/Nutch-1.15"
85.25.185.196 - - [10/Dec/2022:05:49:32 +0100] "GET /Texte/Schrybwys?action=diff&source=n&minor=n HTTP/1.1" 200 26976 "-" "Mozilla/5.0 (Macintosh; Intel Mac OS X 10.15; rv:103.0) Gecko/20100101 Firefox/103.0"
194.209.200.2 - - [10/Dec/2022:05:49:56 +0100] "GET /Texte/Schrybwys HTTP/1.1" 200 11028 "-" "Mozilla/5.0 (compatible; TMMBot/0.2; +http://www.dslab.ch)/Nutch-1.15"
194.209.200.2 - - [10/Dec/2022:05:51:01 +0100] "GET /Texte/GDicht HTTP/1.1" 200 8050 "-" "Mozilla/5.0 (compatible; TMMBot/0.2; +http://www.dslab.ch)/Nutch-1.15"
85.25.185.196 - - [10/Dec/2022:05:51:21 +0100] "GET /PodCast/Limerick35?action=edit HTTP/1.1" 200 8666 "-" "Mozilla/5.0 (Macintosh; Intel Mac OS X 10.15; rv:103.0) Gecko/20100101 Firefox/103.0"
85.25.185.196 - - [10/Dec/2022:05:53:02 +0100] "GET /PodCast/JBJKap1?action=diff HTTP/1.1" 200 30711 "-" "Mozilla/5.0 (Macintosh; Intel Mac OS X 10.15; rv:103.0) Gecko/20100101 Firefox/103.0"
194.209.200.2 - - [10/Dec/2022:05:53:37 +0100] "GET /Admin/Pro-ZurituutschStatuten HTTP/1.1" 200 9580 "-" "Mozilla/5.0 (compatible; TMMBot/0.2; +http://www.dslab.ch)/Nutch-1.15"
85.25.185.196 - - [10/Dec/2022:05:53:56 +0100] "GET /PodCast/FrawimSchatte?action=diff HTTP/1.1" 200 29263 "-" "Mozilla/5.0 (Macintosh; Intel Mac OS X 10.15; rv:103.0) Gecko/20100101 Firefox/103.0"
85.25.185.196 - - [10/Dec/2022:05:57:10 +0100] "GET /PodCast/Puzzle?action=upload HTTP/1.1" 200 8508 "-" "Mozilla/5.0 (Macintosh; Intel Mac OS X 10.15; rv:103.0) Gecko/20100101 Firefox/103.0"
85.25.185.196 - - [10/Dec/2022:05:58:12 +0100] "GET /Site/152Konschtanz1485?action=diff HTTP/1.1" 200 25667 "-" "Mozilla/5.0 (Macintosh; Intel Mac OS X 10.15; rv:103.0) Gecko/20100101 Firefox/103.0"
85.25.185.196 - - [10/Dec/2022:06:00:44 +0100] "GET /Site/152Konschtanz1485?action=upload HTTP/1.1" 200 8623 "-" "Mozilla/5.0 (Macintosh; Intel Mac OS X 10.15; rv:103.0) Gecko/20100101 Firefox/103.0"
85.25.185.196 - - [10/Dec/2022:06:02:33 +0100] "GET /PodCast/Puzzle?action=diff HTTP/1.1" 200 17545 "-" "Mozilla/5.0 (Macintosh; Intel Mac OS X 10.15; rv:103.0) Gecko/20100101 Firefox/103.0"
85.25.185.196 - - [10/Dec/2022:06:03:18 +0100] "GET /PodCast/JBJKap1?action=edit HTTP/1.1" 200 8626 "-" "Mozilla/5.0 (Macintosh; Intel Mac OS X 10.15; rv:103.0) Gecko/20100101 Firefox/103.0"
114.119.151.75 - - [10/Dec/2022:06:03:58 +0100] "GET /robots.txt HTTP/1.1" 200 - "-" "Mozilla/5.0 (compatible;PetalBot;+https://webmaster.petalsearch.com/site/petalbot)"
85.25.185.196 - - [10/Dec/2022:06:03:59 +0100] "GET /PodCast/Puzzle?action=print HTTP/1.1" 200 4650 "-" "Mozilla/5.0 (Macintosh; Intel Mac OS X 10.15; rv:103.0) Gecko/20100101 Firefox/103.0"
85.25.185.196 - - [10/Dec/2022:06:07:24 +0100] "GET /PodCast/Falschmaldig?action=diff HTTP/1.1" 200 13726 "-" "Mozilla/5.0 (Macintosh; Intel Mac OS X 10.15; rv:103.0) Gecko/20100101 Firefox/103.0"
185.191.171.6 - - [10/Dec/2022:06:08:33 +0100] "GET /robots.txt HTTP/1.1" 200 - "-" "Mozilla/5.0 (compatible; SemrushBot/7~bl; +http://www.semrush.com/bot.html)"
185.191.171.26 - - [10/Dec/2022:06:08:33 +0100] "GET /PmWikiIt/TextFormattingRules HTTP/1.1" 200 17704 "-" "Mozilla/5.0 (compatible; SemrushBot/7~bl; +http://www.semrush.com/bot.html)"
85.25.185.196 - - [10/Dec/2022:06:09:28 +0100] "GET /PodCast/Falschmaldig?action=upload HTTP/1.1" 200 8592 "-" "Mozilla/5.0 (Macintosh; Intel Mac OS X 10.15; rv:103.0) Gecko/20100101 Firefox/103.0"
85.25.185.196 - - [10/Dec/2022:06:10:09 +0100] "GET /PodCast/Puzzle?action=edit HTTP/1.1" 200 8608 "-" "Mozilla/5.0 (Macintosh; Intel Mac OS X 10.15; rv:103.0) Gecko/20100101 Firefox/103.0"
62.210.215.119 - - [10/Dec/2022:06:11:24 +0100] "GET /PodCast/IndexPage?action=rss HTTP/1.1" 200 6298 "-" "Mozilla/5.0 (X11; Linux i686) AppleWebKit/537.36 (KHTML, like Gecko) Chrome/30.0.1599.66 Safari/537.36"
85.25.185.196 - - [10/Dec/2022:06:13:57 +0100] "GET /PodCast/Falschmaldig?action=edit HTTP/1.1" 200 8692 "-" "Mozilla/5.0 (Macintosh; Intel Mac OS X 10.15; rv:103.0) Gecko/20100101 Firefox/103.0"
85.25.185.196 - - [10/Dec/2022:06:15:32 +0100] "GET /PodCast/Erfruschig?action=print HTTP/1.1" 200 3149 "-" "Mozilla/5.0 (Macintosh; Intel Mac OS X 10.15; rv:103.0) Gecko/20100101 Firefox/103.0"
85.25.185.196 - - [10/Dec/2022:06:17:28 +0100] "GET /PodCast/Erfruschig?action=upload HTTP/1.1" 200 8564 "-" "Mozilla/5.0 (Macintosh; Intel Mac OS X 10.15; rv:103.0) Gecko/20100101 Firefox/103.0"
85.25.185.196 - - [10/Dec/2022:06:20:54 +0100] "GET /PodCast/Erfruschig?action=diff HTTP/1.1" 200 11108 "-" "Mozilla/5.0 (Macintosh; Intel Mac OS X 10.15; rv:103.0) Gecko/20100101 Firefox/103.0"
85.25.185.196 - - [10/Dec/2022:06:21:52 +0100] "GET /PodCast/Erfruschig?action=edit HTTP/1.1" 200 8664 "-" "Mozilla/5.0 (Macintosh; Intel Mac OS X 10.15; rv:103.0) Gecko/20100101 Firefox/103.0"
85.25.185.196 - - [10/Dec/2022:06:24:09 +0100] "GET /PodCast/Lydja?action=edit HTTP/1.1" 200 8594 "-" "Mozilla/5.0 (Macintosh; Intel Mac OS X 10.15; rv:103.0) Gecko/20100101 Firefox/103.0"
85.25.185.196 - - [10/Dec/2022:06:25:46 +0100] "GET /PodCast/Zugle?action=upload HTTP/1.1" 200 8494 "-" "Mozilla/5.0 (Macintosh; Intel Mac OS X 10.15; rv:103.0) Gecko/20100101 Firefox/103.0"
207.46.13.190 - - [10/Dec/2022:06:27:08 +0100] "GET /Texte/ZurcherischEnglish?action=diff HTTP/1.1" 403 18 "-" "Mozilla/5.0 AppleWebKit/537.36 (KHTML, like Gecko; compatible; bingbot/2.0; +http://www.bing.com/bingbot.htm) Chrome/103.0.5060.134 Safari/537.36"
194.209.200.2 - - [10/Dec/2022:06:27:22 +0100] "GET /robots.txt HTTP/1.1" 200 - "-" "Mozilla/5.0 (compatible; TMMBot/0.2; +http://www.dslab.ch)/Nutch-1.15"
194.209.200.2 - - [10/Dec/2022:06:27:22 +0100] "GET /Admin/Jahresbericht HTTP/1.1" 200 45530 "-" "Mozilla/5.0 (compatible; TMMBot/0.2; +http://www.dslab.ch)/Nutch-1.15"
194.209.200.2 - - [10/Dec/2022:06:27:48 +0100] "GET /Texte/Schrybwys HTTP/1.1" 200 11028 "-" "Mozilla/5.0 (compatible; TMMBot/0.2; +http://www.dslab.ch)/Nutch-1.15"
85.25.185.196 - - [10/Dec/2022:06:27:48 +0100] "GET /PodCast/Lydja?action=upload HTTP/1.1" 200 8494 "-" "Mozilla/5.0 (Macintosh; Intel Mac OS X 10.15; rv:103.0) Gecko/20100101 Firefox/103.0"
194.209.200.2 - - [10/Dec/2022:06:28:57 +0100] "GET /Texte/GDicht HTTP/1.1" 200 8050 "-" "Mozilla/5.0 (compatible; TMMBot/0.2; +http://www.dslab.ch)/Nutch-1.15"
85.25.185.196 - - [10/Dec/2022:06:29:21 +0100] "GET /PodCast/Zugle?action=edit HTTP/1.1" 200 8594 "-" "Mozilla/5.0 (Macintosh; Intel Mac OS X 10.15; rv:103.0) Gecko/20100101 Firefox/103.0"
85.25.185.196 - - [10/Dec/2022:06:31:07 +0100] "GET /PodCast/Lydja?action=print HTTP/1.1" 200 3941 "-" "Mozilla/5.0 (Macintosh; Intel Mac OS X 10.15; rv:103.0) Gecko/20100101 Firefox/103.0"
85.25.185.196 - - [10/Dec/2022:06:31:52 +0100] "GET /PodCast/Lydja?action=diff HTTP/1.1" 200 21591 "-" "Mozilla/5.0 (Macintosh; Intel Mac OS X 10.15; rv:103.0) Gecko/20100101 Firefox/103.0"
185.191.171.22 - - [10/Dec/2022:06:32:33 +0100] "GET /PmWikiDe/DeletingPages HTTP/1.1" 200 8100 "-" "Mozilla/5.0 (compatible; SemrushBot/7~bl; +http://www.semrush.com/bot.html)"
85.25.185.196 - - [10/Dec/2022:06:33:43 +0100] "GET /PodCast/Ynachte2?action=edit HTTP/1.1" 200 8638 "-" "Mozilla/5.0 (Macintosh; Intel Mac OS X 10.15; rv:103.0) Gecko/20100101 Firefox/103.0"
185.191.171.13 - - [10/Dec/2022:06:34:34 +0100] "GET /PmWikiRu/Skins?skin=light HTTP/1.1" 200 25244 "-" "Mozilla/5.0 (compatible; SemrushBot/7~bl; +http://www.semrush.com/bot.html)"
85.25.185.196 - - [10/Dec/2022:06:34:59 +0100] "GET /PodCast/Ynachte2?action=print HTTP/1.1" 200 12777 "-" "Mozilla/5.0 (Macintosh; Intel Mac OS X 10.15; rv:103.0) Gecko/20100101 Firefox/103.0"
85.25.185.196 - - [10/Dec/2022:06:35:59 +0100] "GET /PodCast/Ynachte2?action=upload HTTP/1.1" 200 8538 "-" "Mozilla/5.0 (Macintosh; Intel Mac OS X 10.15; rv:103.0) Gecko/20100101 Firefox/103.0"
85.25.185.196 - - [10/Dec/2022:06:37:51 +0100] "GET /PodCast/Zugle?action=diff HTTP/1.1" 200 22636 "-" "Mozilla/5.0 (Macintosh; Intel Mac OS X 10.15; rv:103.0) Gecko/20100101 Firefox/103.0"
85.25.185.196 - - [10/Dec/2022:06:38:59 +0100] "GET /PodCast/Ynachte2?action=diff HTTP/1.1" 200 21273 "-" "Mozilla/5.0 (Macintosh; Intel Mac OS X 10.15; rv:103.0) Gecko/20100101 Firefox/103.0"
85.25.185.196 - - [10/Dec/2022:06:40:09 +0100] "GET /PodCast/Buecherbrand2?action=edit HTTP/1.1" 200 8708 "-" "Mozilla/5.0 (Macintosh; Intel Mac OS X 10.15; rv:103.0) Gecko/20100101 Firefox/103.0"
85.25.185.196 - - [10/Dec/2022:06:41:06 +0100] "GET /PodCast/Patriarch?action=upload HTTP/1.1" 200 8550 "-" "Mozilla/5.0 (Macintosh; Intel Mac OS X 10.15; rv:103.0) Gecko/20100101 Firefox/103.0"
3.216.185.164 - - [10/Dec/2022:06:42:51 +0100] "GET /PodCast/IndexPage?action=rss HTTP/1.1" 200 6298 "-" "PocketCasts/1.0 (Pocket Casts Feed Parser; +http://pocketcasts.com/)"
85.25.185.196 - - [10/Dec/2022:06:43:15 +0100] "GET /Site/182Room1500?action=diff HTTP/1.1" 200 43596 "-" "Mozilla/5.0 (Macintosh; Intel Mac OS X 10.15; rv:103.0) Gecko/20100101 Firefox/103.0"
85.25.185.196 - - [10/Dec/2022:06:44:57 +0100] "GET /PodCast/WMNutzts?action=upload HTTP/1.1" 200 8538 "-" "Mozilla/5.0 (Macintosh; Intel Mac OS X 10.15; rv:103.0) Gecko/20100101 Firefox/103.0"
66.249.76.220 - - [10/Dec/2022:06:46:10 +0100] "GET /PodCast/IndexPage?action=rss HTTP/1.1" 200 6298 "-" "Mozilla/5.0 (compatible; Googlebot/2.1; +http://www.google.com/bot.html)"
85.25.185.196 - - [10/Dec/2022:06:46:24 +0100] "GET /PodCast/WMNutzts?action=print HTTP/1.1" 404 2396 "-" "Mozilla/5.0 (Macintosh; Intel Mac OS X 10.15; rv:103.0) Gecko/20100101 Firefox/103.0"
85.25.185.196 - - [10/Dec/2022:06:47:10 +0100] "GET /Site/182Room1500?action=upload HTTP/1.1" 200 8539 "-" "Mozilla/5.0 (Macintosh; Intel Mac OS X 10.15; rv:103.0) Gecko/20100101 Firefox/103.0"
85.25.185.196 - - [10/Dec/2022:06:49:11 +0100] "GET /Site/182Room1500?action=edit HTTP/1.1" 200 8639 "-" "Mozilla/5.0 (Macintosh; Intel Mac OS X 10.15; rv:103.0) Gecko/20100101 Firefox/103.0"
207.46.13.111 - - [10/Dec/2022:06:49:11 +0100] "GET /PodCast/Email?action=edit HTTP/1.1" 403 18 "-" "Mozilla/5.0 (compatible; bingbot/2.0; +http://www.bing.com/bingbot.htm)"
85.25.185.196 - - [10/Dec/2022:06:50:33 +0100] "GET /PodCast/RezPflInt?action=diff HTTP/1.1" 200 12411 "-" "Mozilla/5.0 (Macintosh; Intel Mac OS X 10.15; rv:103.0) Gecko/20100101 Firefox/103.0"
185.191.171.4 - - [10/Dec/2022:06:52:02 +0100] "GET /PmWikiRu/References HTTP/1.1" 200 12191 "-" "Mozilla/5.0 (compatible; SemrushBot/7~bl; +http://www.semrush.com/bot.html)"
85.25.185.196 - - [10/Dec/2022:06:54:07 +0100] "GET /Site/200Quellen?action=upload HTTP/1.1" 200 8523 "-" "Mozilla/5.0 (Macintosh; Intel Mac OS X 10.15; rv:103.0) Gecko/20100101 Firefox/103.0"
85.25.185.196 - - [10/Dec/2022:06:57:54 +0100] "GET /PodCast/Maitli?action=edit HTTP/1.1" 200 8608 "-" "Mozilla/5.0 (Macintosh; Intel Mac OS X 10.15; rv:103.0) Gecko/20100101 Firefox/103.0"
85.25.185.196 - - [10/Dec/2022:06:59:03 +0100] "GET /PodCast/Buecherbrand2?action=upload HTTP/1.1" 200 8608 "-" "Mozilla/5.0 (Macintosh; Intel Mac OS X 10.15; rv:103.0) Gecko/20100101 Firefox/103.0"
85.25.185.196 - - [10/Dec/2022:07:01:48 +0100] "GET /PodCast/Maitli?action=print HTTP/1.1" 200 3961 "-" "Mozilla/5.0 (Macintosh; Intel Mac OS X 10.15; rv:103.0) Gecko/20100101 Firefox/103.0"
85.25.185.196 - - [10/Dec/2022:07:03:45 +0100] "GET /PodCast/Buecherbrand2?action=diff HTTP/1.1" 200 20998 "-" "Mozilla/5.0 (Macintosh; Intel Mac OS X 10.15; rv:103.0) Gecko/20100101 Firefox/103.0"
194.209.200.2 - - [10/Dec/2022:07:04:50 +0100] "GET /robots.txt HTTP/1.1" 200 - "-" "Mozilla/5.0 (compatible; TMMBot/0.2; +http://www.dslab.ch)/Nutch-1.15"
194.209.200.2 - - [10/Dec/2022:07:04:50 +0100] "GET /Admin/Jahresbericht HTTP/1.1" 200 45530 "-" "Mozilla/5.0 (compatible; TMMBot/0.2; +http://www.dslab.ch)/Nutch-1.15"
85.25.185.196 - - [10/Dec/2022:07:05:07 +0100] "GET /Site/200Quellen?action=edit HTTP/1.1" 200 8623 "-" "Mozilla/5.0 (Macintosh; Intel Mac OS X 10.15; rv:103.0) Gecko/20100101 Firefox/103.0"
194.209.200.2 - - [10/Dec/2022:07:05:14 +0100] "GET /Texte/Schrybwys HTTP/1.1" 200 11028 "-" "Mozilla/5.0 (compatible; TMMBot/0.2; +http://www.dslab.ch)/Nutch-1.15"
194.209.200.2 - - [10/Dec/2022:07:06:13 +0100] "GET /Texte/GDicht HTTP/1.1" 200 8050 "-" "Mozilla/5.0 (compatible; TMMBot/0.2; +http://www.dslab.ch)/Nutch-1.15"
194.209.200.2 - - [10/Dec/2022:07:06:50 +0100] "GET /Texte/Metamorphoses HTTP/1.1" 200 9045 "-" "Mozilla/5.0 (compatible; TMMBot/0.2; +http://www.dslab.ch)/Nutch-1.15"
85.25.185.196 - - [10/Dec/2022:07:06:54 +0100] "GET /PodCast/Maitli?action=diff HTTP/1.1" 200 14602 "-" "Mozilla/5.0 (Macintosh; Intel Mac OS X 10.15; rv:103.0) Gecko/20100101 Firefox/103.0"
194.209.200.2 - - [10/Dec/2022:07:08:38 +0100] "GET /Admin/Pro-ZurituutschStatuten HTTP/1.1" 200 9580 "-" "Mozilla/5.0 (compatible; TMMBot/0.2; +http://www.dslab.ch)/Nutch-1.15"
185.191.171.6 - - [10/Dec/2022:07:08:45 +0100] "GET /robots.txt HTTP/1.1" 200 - "-" "Mozilla/5.0 (compatible; SemrushBot/7~bl; +http://www.semrush.com/bot.html)"
185.191.171.5 - - [10/Dec/2022:07:08:46 +0100] "GET /Admin/Links HTTP/1.1" 200 14193 "-" "Mozilla/5.0 (compatible; SemrushBot/7~bl; +http://www.semrush.com/bot.html)"
85.25.185.196 - - [10/Dec/2022:07:08:51 +0100] "GET /PodCast/RezPflInt?action=upload HTTP/1.1" 200 8554 "-" "Mozilla/5.0 (Macintosh; Intel Mac OS X 10.15; rv:103.0) Gecko/20100101 Firefox/103.0"
157.55.39.110 - - [10/Dec/2022:07:09:20 +0100] "GET /PodCast/Sbysst?action=upload HTTP/1.1" 403 18 "-" "Mozilla/5.0 AppleWebKit/537.36 (KHTML, like Gecko; compatible; bingbot/2.0; +http://www.bing.com/bingbot.htm) Chrome/103.0.5060.134 Safari/537.36"
217.113.194.100 - - [10/Dec/2022:07:10:14 +0100] "GET /robots.txt HTTP/1.1" 200 - "-" "Mozilla/5.0 (compatible; Barkrowler/0.9; +https://babbar.tech/crawler)"
217.113.194.97 - - [10/Dec/2022:07:10:29 +0100] "GET /PmWikiIt/AvailableActions?action=edit HTTP/1.1" 200 8765 "-" "Mozilla/5.0 (compatible; Barkrowler/0.9; +https://babbar.tech/crawler)"
85.25.185.196 - - [10/Dec/2022:07:10:42 +0100] "GET /PodCast/RezPflInt?action=print HTTP/1.1" 200 3816 "-" "Mozilla/5.0 (Macintosh; Intel Mac OS X 10.15; rv:103.0) Gecko/20100101 Firefox/103.0"
217.113.194.81 - - [10/Dec/2022:07:10:44 +0100] "GET /PmWikiPtBr/RicardoWeidlich?action=upload HTTP/1.1" 200 7841 "-" "Mozilla/5.0 (compatible; Barkrowler/0.9; +https://babbar.tech/crawler)"
217.113.194.96 - - [10/Dec/2022:07:10:59 +0100] "GET /PmWikiFr/MakeLink?action=diff&source=y&minor=y HTTP/1.1" 200 9600 "-" "Mozilla/5.0 (compatible; Barkrowler/0.9; +https://babbar.tech/crawler)"
217.113.194.103 - - [10/Dec/2022:07:11:16 +0100] "GET /PodCast/LtPstLlformoularLt?action=upload HTTP/1.1" 200 8682 "-" "Mozilla/5.0 (compatible; Barkrowler/0.9; +https://babbar.tech/crawler)"
217.113.194.99 - - [10/Dec/2022:07:11:31 +0100] "GET /PmWikiNl/BasicEditing?action=diff&source=y&minor=n HTTP/1.1" 200 7886 "-" "Mozilla/5.0 (compatible; Barkrowler/0.9; +https://babbar.tech/crawler)"
217.113.194.76 - - [10/Dec/2022:07:11:46 +0100] "GET /PmWikiDe/Passwords?action=diff&source=n&minor=y HTTP/1.1" 200 7699 "-" "Mozilla/5.0 (compatible; Barkrowler/0.9; +https://babbar.tech/crawler)"
217.113.194.77 - - [10/Dec/2022:07:12:01 +0100] "GET /PmWikiFr/SkinTemplates?action=diff&source=n&minor=n HTTP/1.1" 200 9692 "-" "Mozilla/5.0 (compatible; Barkrowler/0.9; +https://babbar.tech/crawler)"
185.191.171.37 - - [10/Dec/2022:07:12:03 +0100] "GET /PmWikiFr/NatureDunWiki HTTP/1.1" 200 10066 "-" "Mozilla/5.0 (compatible; SemrushBot/7~bl; +http://www.semrush.com/bot.html)"
217.113.194.118 - - [10/Dec/2022:07:12:16 +0100] "GET /PmWiki/MarkupExpressions?action=diff&source=y&minor=n HTTP/1.1" 200 9329 "-" "Mozilla/5.0 (compatible; Barkrowler/0.9; +https://babbar.tech/crawler)"
185.191.171.10 - - [10/Dec/2022:07:12:34 +0100] "GET /PmWikiFr/PathVariables HTTP/1.1" 200 19426 "-" "Mozilla/5.0 (compatible; SemrushBot/7~bl; +http://www.semrush.com/bot.html)"
217.113.194.115 - - [10/Dec/2022:07:12:35 +0100] "GET /PmWiki/CreatingNewPages?action=diff&source=n&minor=n HTTP/1.1" 200 9323 "-" "Mozilla/5.0 (compatible; Barkrowler/0.9; +https://babbar.tech/crawler)"
217.113.194.97 - - [10/Dec/2022:07:12:50 +0100] "GET /PmWiki/CreatingNewPages?action=diff&source=y&minor=y HTTP/1.1" 200 9317 "-" "Mozilla/5.0 (compatible; Barkrowler/0.9; +https://babbar.tech/crawler)"
217.113.194.119 - - [10/Dec/2022:07:13:05 +0100] "GET /PodCast/Boundestaatebound?action=diff&source=n&minor=n HTTP/1.1" 200 18851 "-" "Mozilla/5.0 (compatible; Barkrowler/0.9; +https://babbar.tech/crawler)"
217.113.194.108 - - [10/Dec/2022:07:13:20 +0100] "GET /PmWikiRu/WikiSandbox?action=diff&source=y&minor=n HTTP/1.1" 200 9826 "-" "Mozilla/5.0 (compatible; Barkrowler/0.9; +https://babbar.tech/crawler)"
217.113.194.112 - - [10/Dec/2022:07:13:35 +0100] "GET /PmWikiFr/SkinTemplates?action=diff&source=y&minor=y HTTP/1.1" 200 9686 "-" "Mozilla/5.0 (compatible; Barkrowler/0.9; +https://babbar.tech/crawler)"
85.25.185.196 - - [10/Dec/2022:07:13:43 +0100] "GET /PodCast/RezPflInt?action=edit HTTP/1.1" 200 8654 "-" "Mozilla/5.0 (Macintosh; Intel Mac OS X 10.15; rv:103.0) Gecko/20100101 Firefox/103.0"
217.113.194.117 - - [10/Dec/2022:07:13:51 +0100] "GET /PodCast/Boundestaatebound?action=diff&source=y&minor=y HTTP/1.1" 200 18295 "-" "Mozilla/5.0 (compatible; Barkrowler/0.9; +https://babbar.tech/crawler)"
217.113.194.109 - - [10/Dec/2022:07:14:06 +0100] "GET /RUR01/01Akt1Tail1?action=diff&source=n&minor=y HTTP/1.1" 200 9233 "-" "Mozilla/5.0 (compatible; Barkrowler/0.9; +https://babbar.tech/crawler)"
217.113.194.116 - - [10/Dec/2022:07:14:21 +0100] "GET /PmWikiVi/DongGopTienChoPm?action=diff&source=y&minor=n HTTP/1.1" 200 12289 "-" "Mozilla/5.0 (compatible; Barkrowler/0.9; +https://babbar.tech/crawler)"
217.113.194.93 - - [10/Dec/2022:07:14:36 +0100] "GET /PmWikiVi/DongGopTienChoPm?action=diff&source=n&minor=y HTTP/1.1" 200 12299 "-" "Mozilla/5.0 (compatible; Barkrowler/0.9; +https://babbar.tech/crawler)"
85.25.185.196 - - [10/Dec/2022:07:16:33 +0100] "GET /Site/200Quellen?action=diff HTTP/1.1" 200 23494 "-" "Mozilla/5.0 (Macintosh; Intel Mac OS X 10.15; rv:103.0) Gecko/20100101 Firefox/103.0"
85.25.185.196 - - [10/Dec/2022:07:17:42 +0100] "GET /Site/42Fasnacht1455?action=diff HTTP/1.1" 200 11673 "-" "Mozilla/5.0 (Macintosh; Intel Mac OS X 10.15; rv:103.0) Gecko/20100101 Firefox/103.0"
85.25.185.196 - - [10/Dec/2022:07:20:40 +0100] "GET /PodCast/Redeleere?action=diff HTTP/1.1" 200 16730 "-" "Mozilla/5.0 (Macintosh; Intel Mac OS X 10.15; rv:103.0) Gecko/20100101 Firefox/103.0"
85.25.185.196 - - [10/Dec/2022:07:21:57 +0100] "GET /Site/42Fasnacht1455?action=upload HTTP/1.1" 200 8581 "-" "Mozilla/5.0 (Macintosh; Intel Mac OS X 10.15; rv:103.0) Gecko/20100101 Firefox/103.0"
85.25.185.196 - - [10/Dec/2022:07:23:06 +0100] "GET /Site/42Fasnacht1455?action=print HTTP/1.1" 200 2548 "-" "Mozilla/5.0 (Macintosh; Intel Mac OS X 10.15; rv:103.0) Gecko/20100101 Firefox/103.0"
157.55.39.194 - - [10/Dec/2022:07:24:07 +0100] "GET /PodCast/SprAlAner HTTP/1.1" 200 9962 "-" "Mozilla/5.0 AppleWebKit/537.36 (KHTML, like Gecko; compatible; bingbot/2.0; +http://www.bing.com/bingbot.htm) Chrome/103.0.5060.134 Safari/537.36"
85.25.185.196 - - [10/Dec/2022:07:24:56 +0100] "GET /Site/42Fasnacht1455?action=edit HTTP/1.1" 200 8681 "-" "Mozilla/5.0 (Macintosh; Intel Mac OS X 10.15; rv:103.0) Gecko/20100101 Firefox/103.0"
54.163.49.212 - - [10/Dec/2022:07:25:07 +0100] "GET /PodCast/IndexPage?action=rss HTTP/1.1" 200 6298 "-" "PlayerFM/1.0 Podcast Sync (1 subscribers; url=https://player.fm/series/podcast-2872909)"
85.25.185.196 - - [10/Dec/2022:07:26:10 +0100] "GET /PodCast/Kounschtrandite?action=print HTTP/1.1" 200 7270 "-" "Mozilla/5.0 (Macintosh; Intel Mac OS X 10.15; rv:103.0) Gecko/20100101 Firefox/103.0"
85.25.185.196 - - [10/Dec/2022:07:28:10 +0100] "GET /PodCast/Kounschtrandite?action=upload HTTP/1.1" 200 8634 "-" "Mozilla/5.0 (Macintosh; Intel Mac OS X 10.15; rv:103.0) Gecko/20100101 Firefox/103.0"
85.25.185.196 - - [10/Dec/2022:07:29:56 +0100] "GET /PodCast/Redeleere?action=upload HTTP/1.1" 200 8550 "-" "Mozilla/5.0 (Macintosh; Intel Mac OS X 10.15; rv:103.0) Gecko/20100101 Firefox/103.0"
85.25.185.196 - - [10/Dec/2022:07:30:39 +0100] "GET /PodCast/Kounschtrandite?action=diff HTTP/1.1" 200 16402 "-" "Mozilla/5.0 (Macintosh; Intel Mac OS X 10.15; rv:103.0) Gecko/20100101 Firefox/103.0"
85.25.185.196 - - [10/Dec/2022:07:31:01 +0100] "GET /PodCast/Reschpakt?action=upload HTTP/1.1" 200 8550 "-" "Mozilla/5.0 (Macintosh; Intel Mac OS X 10.15; rv:103.0) Gecko/20100101 Firefox/103.0"
85.25.185.196 - - [10/Dec/2022:07:32:02 +0100] "GET /PodCast/Gagetail?action=edit HTTP/1.1" 200 8636 "-" "Mozilla/5.0 (Macintosh; Intel Mac OS X 10.15; rv:103.0) Gecko/20100101 Firefox/103.0"
85.25.185.196 - - [10/Dec/2022:07:32:41 +0100] "GET /PodCast/Reschpakt?action=diff HTTP/1.1" 200 15183 "-" "Mozilla/5.0 (Macintosh; Intel Mac OS X 10.15; rv:103.0) Gecko/20100101 Firefox/103.0"
85.25.185.196 - - [10/Dec/2022:07:33:42 +0100] "GET /PodCast/Gagetail?action=upload HTTP/1.1" 200 8536 "-" "Mozilla/5.0 (Macintosh; Intel Mac OS X 10.15; rv:103.0) Gecko/20100101 Firefox/103.0"
85.25.185.196 - - [10/Dec/2022:07:37:00 +0100] "GET /Site/162Predigerchoor1489?action=diff HTTP/1.1" 200 19634 "-" "Mozilla/5.0 (Macintosh; Intel Mac OS X 10.15; rv:103.0) Gecko/20100101 Firefox/103.0"
85.25.185.196 - - [10/Dec/2022:07:37:57 +0100] "GET /Site/112Stans1481?action=edit HTTP/1.1" 200 8653 "-" "Mozilla/5.0 (Macintosh; Intel Mac OS X 10.15; rv:103.0) Gecko/20100101 Firefox/103.0"
185.191.171.7 - - [10/Dec/2022:07:40:09 +0100] "GET / HTTP/1.1" 200 15085 "-" "Mozilla/5.0 (compatible; SemrushBot/7~bl; +http://www.semrush.com/bot.html)"
194.209.200.2 - - [10/Dec/2022:07:40:53 +0100] "GET /robots.txt HTTP/1.1" 200 - "-" "Mozilla/5.0 (compatible; TMMBot/0.2; +http://www.dslab.ch)/Nutch-1.15"
194.209.200.2 - - [10/Dec/2022:07:40:53 +0100] "GET /Admin/Jahresbericht HTTP/1.1" 200 45530 "-" "Mozilla/5.0 (compatible; TMMBot/0.2; +http://www.dslab.ch)/Nutch-1.15"
114.119.135.133 - - [10/Dec/2022:07:41:01 +0100] "GET /PodCast/JBJNaawort?action=edit&restore=diff:1451493631:1442415865:&preview=y HTTP/1.1" 403 18 "http://www.pro-zurituutsch.ch/PodCast/JBJNaawort?action=diff&source=n&minor=y" "Mozilla/5.0 (Linux; Android 7.0;) AppleWebKit/537.36 (KHTML, like Gecko) Mobile Safari/537.36 (compatible; PetalBot;+https://webmaster.petalsearch.com/site/petalbot)"
194.209.200.2 - - [10/Dec/2022:07:41:16 +0100] "GET /Texte/Schrybwys HTTP/1.1" 200 11028 "-" "Mozilla/5.0 (compatible; TMMBot/0.2; +http://www.dslab.ch)/Nutch-1.15"
85.25.185.196 - - [10/Dec/2022:07:41:45 +0100] "GET /PodCast/Limerick35?action=print HTTP/1.1" 200 2443 "-" "Mozilla/5.0 (Macintosh; Intel Mac OS X 10.15; rv:103.0) Gecko/20100101 Firefox/103.0"
194.209.200.2 - - [10/Dec/2022:07:42:11 +0100] "GET /Texte/GDicht HTTP/1.1" 200 8050 "-" "Mozilla/5.0 (compatible; TMMBot/0.2; +http://www.dslab.ch)/Nutch-1.15"
66.249.66.208 - - [10/Dec/2022:07:44:25 +0100] "GET /PodCast/IndexPage?action=rss HTTP/1.1" 200 6298 "-" "Mozilla/5.0 (compatible; Googlebot/2.1; +http://www.google.com/bot.html)"
85.25.185.196 - - [10/Dec/2022:07:44:28 +0100] "GET /Site/162Predigerchoor1489?action=edit HTTP/1.1" 200 8765 "-" "Mozilla/5.0 (Macintosh; Intel Mac OS X 10.15; rv:103.0) Gecko/20100101 Firefox/103.0"
194.209.200.2 - - [10/Dec/2022:07:44:29 +0100] "GET /Admin/Pro-ZurituutschStatuten HTTP/1.1" 200 9580 "-" "Mozilla/5.0 (compatible; TMMBot/0.2; +http://www.dslab.ch)/Nutch-1.15"
85.25.185.196 - - [10/Dec/2022:07:45:46 +0100] "GET /PodCast/Limerick35?action=upload HTTP/1.1" 200 8566 "-" "Mozilla/5.0 (Macintosh; Intel Mac OS X 10.15; rv:103.0) Gecko/20100101 Firefox/103.0"
85.25.185.196 - - [10/Dec/2022:07:47:30 +0100] "GET /Site/162Predigerchoor1489?action=upload HTTP/1.1" 200 8665 "-" "Mozilla/5.0 (Macintosh; Intel Mac OS X 10.15; rv:103.0) Gecko/20100101 Firefox/103.0"
85.25.185.196 - - [10/Dec/2022:07:50:04 +0100] "GET /PodCast/Limerick35?action=diff HTTP/1.1" 200 11280 "-" "Mozilla/5.0 (Macintosh; Intel Mac OS X 10.15; rv:103.0) Gecko/20100101 Firefox/103.0"
85.25.185.196 - - [10/Dec/2022:07:51:13 +0100] "GET /PodCast/Freuidechrafft?action=edit HTTP/1.1" 200 8720 "-" "Mozilla/5.0 (Macintosh; Intel Mac OS X 10.15; rv:103.0) Gecko/20100101 Firefox/103.0"
85.25.185.196 - - [10/Dec/2022:07:53:20 +0100] "GET /PodCast/Freuidechrafft?action=print HTTP/1.1" 200 11162 "-" "Mozilla/5.0 (Macintosh; Intel Mac OS X 10.15; rv:103.0) Gecko/20100101 Firefox/103.0"
85.25.185.196 - - [10/Dec/2022:07:54:44 +0100] "GET /PodCast/Freuidechrafft?action=upload HTTP/1.1" 200 8620 "-" "Mozilla/5.0 (Macintosh; Intel Mac OS X 10.15; rv:103.0) Gecko/20100101 Firefox/103.0"
85.25.185.196 - - [10/Dec/2022:07:55:23 +0100] "GET /PodCast/Freuidechrafft?action=diff HTTP/1.1" 200 18874 "-" "Mozilla/5.0 (Macintosh; Intel Mac OS X 10.15; rv:103.0) Gecko/20100101 Firefox/103.0"
207.46.13.14 - - [10/Dec/2022:07:57:33 +0100] "GET /Site/Search?pagename=Site%2FSearch&q=2022 HTTP/1.1" 200 11056 "-" "Mozilla/5.0 (compatible; bingbot/2.0; +http://www.bing.com/bingbot.htm)"
85.25.185.196 - - [10/Dec/2022:07:58:03 +0100] "GET /PodCast/Limerick36B?action=diff HTTP/1.1" 200 9812 "-" "Mozilla/5.0 (Macintosh; Intel Mac OS X 10.15; rv:103.0) Gecko/20100101 Firefox/103.0"
85.25.185.196 - - [10/Dec/2022:08:00:48 +0100] "GET /PodCast/Limerick36B?action=edit HTTP/1.1" 200 8682 "-" "Mozilla/5.0 (Macintosh; Intel Mac OS X 10.15; rv:103.0) Gecko/20100101 Firefox/103.0"
85.25.185.196 - - [10/Dec/2022:08:03:23 +0100] "GET /PodCast/Limerick36B?action=upload HTTP/1.1" 200 8582 "-" "Mozilla/5.0 (Macintosh; Intel Mac OS X 10.15; rv:103.0) Gecko/20100101 Firefox/103.0"
185.191.171.13 - - [10/Dec/2022:08:03:59 +0100] "GET /PmWikiDe/Upgrades HTTP/1.1" 200 10552 "-" "Mozilla/5.0 (compatible; SemrushBot/7~bl; +http://www.semrush.com/bot.html)"
168.119.51.163 - - [10/Dec/2022:08:04:44 +0100] "GET /robots.txt HTTP/1.1" 200 - "-" "Mozilla/5.0 (compatible; um-IC/1.0; mailto: techinfo@ubermetrics-technologies.com; Windows NT 6.1; WOW64; rv:40.0) Gecko/20100101 Firefox/40.1"
168.119.51.163 - - [10/Dec/2022:08:04:44 +0100] "GET /PodCast/IndexPage?action=rss HTTP/1.1" 200 6298 "-" "Mozilla/5.0 (compatible; um-IC/1.0; mailto: techinfo@ubermetrics-technologies.com; Windows NT 6.1; WOW64; rv:40.0) Gecko/20100101 Firefox/40.1"
85.25.185.196 - - [10/Dec/2022:08:05:45 +0100] "GET /PodCast/Redeleere?action=edit HTTP/1.1" 200 8650 "-" "Mozilla/5.0 (Macintosh; Intel Mac OS X 10.15; rv:103.0) Gecko/20100101 Firefox/103.0"
185.191.171.12 - - [10/Dec/2022:08:06:46 +0100] "GET /PmWikiRu/WikiStyleExamples HTTP/1.1" 200 22616 "-" "Mozilla/5.0 (compatible; SemrushBot/7~bl; +http://www.semrush.com/bot.html)"
85.25.185.196 - - [10/Dec/2022:08:07:02 +0100] "GET /PodCast/MNtsch?action=diff HTTP/1.1" 200 9171 "-" "Mozilla/5.0 (Macintosh; Intel Mac OS X 10.15; rv:103.0) Gecko/20100101 Firefox/103.0"
85.25.185.196 - - [10/Dec/2022:08:08:39 +0100] "GET /PodCast/MNtsch?action=upload HTTP/1.1" 200 8510 "-" "Mozilla/5.0 (Macintosh; Intel Mac OS X 10.15; rv:103.0) Gecko/20100101 Firefox/103.0"
85.25.185.196 - - [10/Dec/2022:08:10:24 +0100] "GET /Site/Leerbouech?action=diff HTTP/1.1" 200 15695 "-" "Mozilla/5.0 (Macintosh; Intel Mac OS X 10.15; rv:103.0) Gecko/20100101 Firefox/103.0"
85.25.185.196 - - [10/Dec/2022:08:11:44 +0100] "GET /PodCast/MNtsch?action=print HTTP/1.1" 404 2388 "-" "Mozilla/5.0 (Macintosh; Intel Mac OS X 10.15; rv:103.0) Gecko/20100101 Firefox/103.0"
185.191.171.2 - - [10/Dec/2022:08:12:11 +0100] "GET /robots.txt HTTP/1.1" 200 - "-" "Mozilla/5.0 (compatible; SemrushBot/7~bl; +http://www.semrush.com/bot.html)"
185.191.171.44 - - [10/Dec/2022:08:12:12 +0100] "GET /PmWikiFr/GroupHeaders HTTP/1.1" 200 11415 "-" "Mozilla/5.0 (compatible; SemrushBot/7~bl; +http://www.semrush.com/bot.html)"
37.120.221.85 - - [10/Dec/2022:08:13:14 +0100] "GET /Texte/Rezension HTTP/1.1" 200 11812 "http://www.pro-zurituutsch.ch" "Mozilla/5.0 (Windows NT 10.0; Win64; x64) AppleWebKit/537.36 (KHTML, like Gecko) Chrome/62.0.3202.94 Safari/537.36"
85.25.185.196 - - [10/Dec/2022:08:13:26 +0100] "GET /PodCast/RURAkt2TIl4?action=diff HTTP/1.1" 200 33714 "-" "Mozilla/5.0 (Macintosh; Intel Mac OS X 10.15; rv:103.0) Gecko/20100101 Firefox/103.0"
85.25.185.196 - - [10/Dec/2022:08:14:15 +0100] "GET /PodCast/RURAkt2TIl4?action=edit HTTP/1.1" 200 8688 "-" "Mozilla/5.0 (Macintosh; Intel Mac OS X 10.15; rv:103.0) Gecko/20100101 Firefox/103.0"
194.209.200.2 - - [10/Dec/2022:08:15:31 +0100] "GET /robots.txt HTTP/1.1" 200 - "-" "Mozilla/5.0 (compatible; TMMBot/0.2; +http://www.dslab.ch)/Nutch-1.15"
194.209.200.2 - - [10/Dec/2022:08:15:31 +0100] "GET /Admin/Jahresbericht HTTP/1.1" 200 45530 "-" "Mozilla/5.0 (compatible; TMMBot/0.2; +http://www.dslab.ch)/Nutch-1.15"
85.25.185.196 - - [10/Dec/2022:08:15:50 +0100] "GET /PodCast/RURAkt2TIl4?action=print HTTP/1.1" 200 17816 "-" "Mozilla/5.0 (Macintosh; Intel Mac OS X 10.15; rv:103.0) Gecko/20100101 Firefox/103.0"
194.209.200.2 - - [10/Dec/2022:08:15:54 +0100] "GET /Texte/Schrybwys HTTP/1.1" 200 11028 "-" "Mozilla/5.0 (compatible; TMMBot/0.2; +http://www.dslab.ch)/Nutch-1.15"
85.25.185.196 - - [10/Dec/2022:08:16:40 +0100] "GET /Site/Leerbouech?action=upload HTTP/1.1" 200 8521 "-" "Mozilla/5.0 (Macintosh; Intel Mac OS X 10.15; rv:103.0) Gecko/20100101 Firefox/103.0"
194.209.200.2 - - [10/Dec/2022:08:16:50 +0100] "GET /Texte/GDicht HTTP/1.1" 200 8050 "-" "Mozilla/5.0 (compatible; TMMBot/0.2; +http://www.dslab.ch)/Nutch-1.15"
85.25.185.196 - - [10/Dec/2022:08:18:12 +0100] "GET /Site/Leerbouech?action=edit HTTP/1.1" 200 8621 "-" "Mozilla/5.0 (Macintosh; Intel Mac OS X 10.15; rv:103.0) Gecko/20100101 Firefox/103.0"
194.209.200.2 - - [10/Dec/2022:08:19:12 +0100] "GET /Admin/Pro-ZurituutschStatuten HTTP/1.1" 200 9580 "-" "Mozilla/5.0 (compatible; TMMBot/0.2; +http://www.dslab.ch)/Nutch-1.15"
