85.25.185.196 - - [10/Dec/2022:15:53:15 +0100] "GET /PodCast/STounkel?action=edit HTTP/1.1" 200 8638 "-" "Mozilla/5.0 (Macintosh; Intel Mac OS X 10.15; rv:103.0) Gecko/20100101 Firefox/103.0"
194.209.200.2 - - [10/Dec/2022:15:53:25 +0100] "GET /Texte/GDicht HTTP/1.1" 200 8050 "-" "Mozilla/5.0 (compatible; TMMBot/0.2; +http://www.dslab.ch)/Nutch-1.15"
64.124.8.26 - - [10/Dec/2022:15:53:50 +0100] "GET /robots.txt HTTP/1.1" 200 - "-" "Mozilla/5.0 (X11; Linux x86_64) AppleWebKit/537.36 (KHTML, like Gecko) Chrome/61.0.3163.79 Safari/537.36"
64.124.8.26 - - [10/Dec/2022:15:53:50 +0100] "GET /PodCast/RURAkt2TIl1 HTTP/1.1" 200 24356 "-" "Mozilla/5.0 (X11; Linux x86_64) AppleWebKit/537.36 (KHTML, like Gecko) Chrome/61.0.3163.79 Safari/537.36"
194.209.200.2 - - [10/Dec/2022:15:54:06 +0100] "GET /Texte/Metamorphoses HTTP/1.1" 200 9045 "-" "Mozilla/5.0 (compatible; TMMBot/0.2; +http://www.dslab.ch)/Nutch-1.15"
85.25.185.196 - - [10/Dec/2022:15:57:16 +0100] "GET /PodCast/Resoultat?action=diff HTTP/1.1" 200 15047 "-" "Mozilla/5.0 (Macintosh; Intel Mac OS X 10.15; rv:103.0) Gecko/20100101 Firefox/103.0"
216.244.66.243 - - [10/Dec/2022:15:58:12 +0100] "GET /PodCast/Amor HTTP/1.1" 200 9825 "-" "Mozilla/5.0 (compatible; DotBot/1.2; +https://opensiteexplorer.org/dotbot; help@moz.com)"
85.25.185.196 - - [10/Dec/2022:15:58:14 +0100] "GET /PodCast/Buecherbrand2?action=print HTTP/1.1" 200 12033 "-" "Mozilla/5.0 (Macintosh; Intel Mac OS X 10.15; rv:103.0) Gecko/20100101 Firefox/103.0"
216.244.66.243 - - [10/Dec/2022:15:58:17 +0100] "GET /PodCast/Puzzle HTTP/1.1" 200 10433 "-" "Mozilla/5.0 (compatible; DotBot/1.2; +https://opensiteexplorer.org/dotbot; help@moz.com)"
216.244.66.243 - - [10/Dec/2022:15:58:39 +0100] "GET /PodCast/Apschlouss HTTP/1.1" 200 9058 "-" "Mozilla/5.0 (compatible; DotBot/1.2; +https://opensiteexplorer.org/dotbot; help@moz.com)"
85.25.185.196 - - [10/Dec/2022:16:00:49 +0100] "GET /PodCast/RURAktITail1?action=print HTTP/1.1" 200 13647 "-" "Mozilla/5.0 (Macintosh; Intel Mac OS X 10.15; rv:103.0) Gecko/20100101 Firefox/103.0"
216.244.66.243 - - [10/Dec/2022:16:00:52 +0100] "GET /PmWikiDe/Internationalizations HTTP/1.1" 200 6900 "-" "Mozilla/5.0 (compatible; DotBot/1.2; +https://opensiteexplorer.org/dotbot; help@moz.com)"
85.25.185.196 - - [10/Dec/2022:16:04:34 +0100] "GET /PodCast/Schlaaffloos2?action=print HTTP/1.1" 200 9506 "-" "Mozilla/5.0 (Macintosh; Intel Mac OS X 10.15; rv:103.0) Gecko/20100101 Firefox/103.0"
85.25.185.196 - - [10/Dec/2022:16:07:01 +0100] "GET /PodCast/Resoultat?action=edit HTTP/1.1" 200 8650 "-" "Mozilla/5.0 (Macintosh; Intel Mac OS X 10.15; rv:103.0) Gecko/20100101 Firefox/103.0"
85.25.185.196 - - [10/Dec/2022:16:10:12 +0100] "GET /PodCast/Limerick30?action=print HTTP/1.1" 200 2884 "-" "Mozilla/5.0 (Macintosh; Intel Mac OS X 10.15; rv:103.0) Gecko/20100101 Firefox/103.0"
85.25.185.196 - - [10/Dec/2022:16:11:43 +0100] "GET /Site/171AmStadelhofe?action=print HTTP/1.1" 200 21986 "-" "Mozilla/5.0 (Macintosh; Intel Mac OS X 10.15; rv:103.0) Gecko/20100101 Firefox/103.0"
85.25.185.196 - - [10/Dec/2022:16:13:11 +0100] "GET /Site/22Baadstoubegass?action=print HTTP/1.1" 200 12702 "-" "Mozilla/5.0 (Macintosh; Intel Mac OS X 10.15; rv:103.0) Gecko/20100101 Firefox/103.0"
64.124.8.26 - - [10/Dec/2022:16:13:53 +0100] "GET /PodCast/JBJ402 HTTP/1.1" 200 20809 "-" "Mozilla/5.0 (X11; Linux x86_64) AppleWebKit/537.36 (KHTML, like Gecko) Chrome/61.0.3163.79 Safari/537.36"
185.191.171.33 - - [10/Dec/2022:16:15:45 +0100] "GET /robots.txt HTTP/1.1" 200 - "-" "Mozilla/5.0 (compatible; SemrushBot/7~bl; +http://www.semrush.com/bot.html)"
185.191.171.17 - - [10/Dec/2022:16:15:46 +0100] "GET /PmWikiFr/Categories HTTP/1.1" 200 18044 "-" "Mozilla/5.0 (compatible; SemrushBot/7~bl; +http://www.semrush.com/bot.html)"
85.25.185.196 - - [10/Dec/2022:16:15:55 +0100] "GET /PodCast/Glawbessund?action=print HTTP/1.1" 200 16957 "-" "Mozilla/5.0 (Macintosh; Intel Mac OS X 10.15; rv:103.0) Gecko/20100101 Firefox/103.0"
34.65.57.89 - - [10/Dec/2022:16:16:05 +0100] "GET /robots.txt HTTP/1.1" 200 - "-" "Mozilla/5.0 (compatible; localsearch-web/2.0; +http://www.localsearch.ch/en/legal-notice)"
34.65.57.89 - - [10/Dec/2022:16:16:05 +0100] "GET /robots.txt HTTP/1.1" 200 - "-" "Mozilla/5.0 (compatible; localsearch-web/2.0; +http://www.localsearch.ch/en/legal-notice)"
34.65.57.89 - - [10/Dec/2022:16:16:05 +0100] "GET /Bestellen.Pschtellformoular HTTP/1.1" 200 10113 "-" "Mozilla/5.0 (compatible; localsearch-web/2.0; +http://www.localsearch.ch/en/legal-notice)"
85.25.185.196 - - [10/Dec/2022:16:17:19 +0100] "GET /PodCast/Maassestaab?action=print HTTP/1.1" 200 9929 "-" "Mozilla/5.0 (Macintosh; Intel Mac OS X 10.15; rv:103.0) Gecko/20100101 Firefox/103.0"
85.25.185.196 - - [10/Dec/2022:16:19:27 +0100] "GET /PodCast/Gottesliebe?action=diff HTTP/1.1" 200 26391 "-" "Mozilla/5.0 (Macintosh; Intel Mac OS X 10.15; rv:103.0) Gecko/20100101 Firefox/103.0"
85.25.185.196 - - [10/Dec/2022:16:21:08 +0100] "GET /PodCast/RURAkt2TIl1?action=print HTTP/1.1" 200 18513 "-" "Mozilla/5.0 (Macintosh; Intel Mac OS X 10.15; rv:103.0) Gecko/20100101 Firefox/103.0"
85.25.185.196 - - [10/Dec/2022:16:21:38 +0100] "GET /Site/WGA3FrejersfuSs?action=upload HTTP/1.1" 200 8597 "-" "Mozilla/5.0 (Macintosh; Intel Mac OS X 10.15; rv:103.0) Gecko/20100101 Firefox/103.0"
85.25.185.196 - - [10/Dec/2022:16:22:39 +0100] "GET /PodCast/Gschyder?action=diff HTTP/1.1" 200 14226 "-" "Mozilla/5.0 (Macintosh; Intel Mac OS X 10.15; rv:103.0) Gecko/20100101 Firefox/103.0"
85.25.185.196 - - [10/Dec/2022:16:23:36 +0100] "GET /PodCast/SprForKom?action=print HTTP/1.1" 200 2538 "-" "Mozilla/5.0 (Macintosh; Intel Mac OS X 10.15; rv:103.0) Gecko/20100101 Firefox/103.0"
157.55.39.105 - - [10/Dec/2022:16:26:27 +0100] "GET /PodCast/JBJKap1?action=upload HTTP/1.1" 403 18 "-" "Mozilla/5.0 (compatible; bingbot/2.0; +http://www.bing.com/bingbot.htm)"
194.209.200.2 - - [10/Dec/2022:16:27:28 +0100] "GET /robots.txt HTTP/1.1" 200 - "-" "Mozilla/5.0 (compatible; TMMBot/0.2; +http://www.dslab.ch)/Nutch-1.15"
194.209.200.2 - - [10/Dec/2022:16:27:28 +0100] "GET /Admin/Jahresbericht HTTP/1.1" 200 45530 "-" "Mozilla/5.0 (compatible; TMMBot/0.2; +http://www.dslab.ch)/Nutch-1.15"
194.209.200.2 - - [10/Dec/2022:16:27:51 +0100] "GET /Texte/Schrybwys HTTP/1.1" 200 11028 "-" "Mozilla/5.0 (compatible; TMMBot/0.2; +http://www.dslab.ch)/Nutch-1.15"
85.25.185.196 - - [10/Dec/2022:16:28:36 +0100] "GET /PodCast/Gschyder?action=upload HTTP/1.1" 200 8536 "-" "Mozilla/5.0 (Macintosh; Intel Mac OS X 10.15; rv:103.0) Gecko/20100101 Firefox/103.0"
194.209.200.2 - - [10/Dec/2022:16:28:49 +0100] "GET /Texte/GDicht HTTP/1.1" 200 8050 "-" "Mozilla/5.0 (compatible; TMMBot/0.2; +http://www.dslab.ch)/Nutch-1.15"
66.249.66.204 - - [10/Dec/2022:16:28:54 +0100] "GET /PodCast/IndexPage?action=rss HTTP/1.1" 200 6298 "-" "Mozilla/5.0 (compatible; Googlebot/2.1; +http://www.google.com/bot.html)"
3.216.185.164 - - [10/Dec/2022:16:29:49 +0100] "GET /PodCast/IndexPage?action=rss HTTP/1.1" 200 6298 "-" "PocketCasts/1.0 (Pocket Casts Feed Parser; +http://pocketcasts.com/)"
185.191.171.25 - - [10/Dec/2022:16:30:56 +0100] "GET /PmWikiCs/TextFormattingRules HTTP/1.1" 200 18392 "-" "Mozilla/5.0 (compatible; SemrushBot/7~bl; +http://www.semrush.com/bot.html)"
85.25.185.196 - - [10/Dec/2022:16:31:38 +0100] "GET /PodCast/Waffeschoutz11?action=print HTTP/1.1" 200 10357 "-" "Mozilla/5.0 (Macintosh; Intel Mac OS X 10.15; rv:103.0) Gecko/20100101 Firefox/103.0"
85.25.185.196 - - [10/Dec/2022:16:33:03 +0100] "GET /PodCast/Gschyder?action=edit HTTP/1.1" 200 8636 "-" "Mozilla/5.0 (Macintosh; Intel Mac OS X 10.15; rv:103.0) Gecko/20100101 Firefox/103.0"
64.124.8.34 - - [10/Dec/2022:16:33:28 +0100] "GET /robots.txt HTTP/1.1" 200 - "-" "Mozilla/5.0 (X11; Linux x86_64) AppleWebKit/537.36 (KHTML, like Gecko) Chrome/61.0.3163.79 Safari/537.36"
64.124.8.34 - - [10/Dec/2022:16:33:29 +0100] "GET /PodCast/Kounschtrandite HTTP/1.1" 200 13143 "-" "Mozilla/5.0 (X11; Linux x86_64) AppleWebKit/537.36 (KHTML, like Gecko) Chrome/61.0.3163.79 Safari/537.36"
85.25.185.196 - - [10/Dec/2022:16:37:33 +0100] "GET /PodCast/STounkel?action=upload HTTP/1.1" 200 8538 "-" "Mozilla/5.0 (Macintosh; Intel Mac OS X 10.15; rv:103.0) Gecko/20100101 Firefox/103.0"
185.191.171.2 - - [10/Dec/2022:16:39:13 +0100] "GET /PmWikiDe/MailingLists HTTP/1.1" 200 10910 "-" "Mozilla/5.0 (compatible; SemrushBot/7~bl; +http://www.semrush.com/bot.html)"
54.163.49.212 - - [10/Dec/2022:16:39:18 +0100] "GET /PodCast/IndexPage?action=rss HTTP/1.1" 200 6298 "-" "PlayerFM/1.0 Podcast Sync (1 subscribers; url=https://player.fm/series/podcast-2872909)"
85.25.185.196 - - [10/Dec/2022:16:41:09 +0100] "GET /PodCast/Sterbe?action=print HTTP/1.1" 200 2523 "-" "Mozilla/5.0 (Macintosh; Intel Mac OS X 10.15; rv:103.0) Gecko/20100101 Firefox/103.0"
85.25.185.196 - - [10/Dec/2022:16:46:50 +0100] "GET /PodCast/STounkel?action=diff HTTP/1.1" 200 12590 "-" "Mozilla/5.0 (Macintosh; Intel Mac OS X 10.15; rv:103.0) Gecko/20100101 Firefox/103.0"
85.25.185.196 - - [10/Dec/2022:16:48:26 +0100] "GET /PodCast/RootiLinje?action=print HTTP/1.1" 200 7110 "-" "Mozilla/5.0 (Macintosh; Intel Mac OS X 10.15; rv:103.0) Gecko/20100101 Firefox/103.0"
85.25.185.196 - - [10/Dec/2022:16:52:38 +0100] "GET /Site/101Ramft1478?action=print HTTP/1.1" 200 10075 "-" "Mozilla/5.0 (Macintosh; Intel Mac OS X 10.15; rv:103.0) Gecko/20100101 Firefox/103.0"
85.25.185.196 - - [10/Dec/2022:16:53:27 +0100] "GET /PodCast/Begriffbegryffe?action=print HTTP/1.1" 200 4012 "-" "Mozilla/5.0 (Macintosh; Intel Mac OS X 10.15; rv:103.0) Gecko/20100101 Firefox/103.0"
194.38.20.161 - - [10/Dec/2022:16:55:09 +0100] "GET /elfinder/src/connectors/php/connector.php HTTP/1.1" 404 307 "-" "ALittle Client"
85.25.185.196 - - [10/Dec/2022:16:56:27 +0100] "GET /PodCast/Limerick27?action=print HTTP/1.1" 200 2879 "-" "Mozilla/5.0 (Macintosh; Intel Mac OS X 10.15; rv:103.0) Gecko/20100101 Firefox/103.0"
85.25.185.196 - - [10/Dec/2022:16:59:19 +0100] "GET /Site/41Fasnacht?action=edit HTTP/1.1" 200 8623 "-" "Mozilla/5.0 (Macintosh; Intel Mac OS X 10.15; rv:103.0) Gecko/20100101 Firefox/103.0"
85.25.185.196 - - [10/Dec/2022:17:00:38 +0100] "GET /PodCast/StRbe?action=upload HTTP/1.1" 200 8496 "-" "Mozilla/5.0 (Macintosh; Intel Mac OS X 10.15; rv:103.0) Gecko/20100101 Firefox/103.0"
157.55.39.105 - - [10/Dec/2022:17:01:19 +0100] "GET /Texte/Metamorphoses?action=upload HTTP/1.1" 403 18 "-" "Mozilla/5.0 AppleWebKit/537.36 (KHTML, like Gecko; compatible; bingbot/2.0; +http://www.bing.com/bingbot.htm) Chrome/103.0.5060.134 Safari/537.36"
194.209.200.2 - - [10/Dec/2022:17:02:27 +0100] "GET /robots.txt HTTP/1.1" 200 - "-" "Mozilla/5.0 (compatible; TMMBot/0.2; +http://www.dslab.ch)/Nutch-1.15"
194.209.200.2 - - [10/Dec/2022:17:02:27 +0100] "GET /Admin/Jahresbericht HTTP/1.1" 200 45530 "-" "Mozilla/5.0 (compatible; TMMBot/0.2; +http://www.dslab.ch)/Nutch-1.15"
194.209.200.2 - - [10/Dec/2022:17:02:50 +0100] "GET /Texte/Schrybwys HTTP/1.1" 200 11028 "-" "Mozilla/5.0 (compatible; TMMBot/0.2; +http://www.dslab.ch)/Nutch-1.15"
194.209.200.2 - - [10/Dec/2022:17:03:48 +0100] "GET /Texte/GDicht HTTP/1.1" 200 8050 "-" "Mozilla/5.0 (compatible; TMMBot/0.2; +http://www.dslab.ch)/Nutch-1.15"
194.209.200.2 - - [10/Dec/2022:17:04:25 +0100] "GET /Texte/Metamorphoses HTTP/1.1" 200 9045 "-" "Mozilla/5.0 (compatible; TMMBot/0.2; +http://www.dslab.ch)/Nutch-1.15"
85.25.185.196 - - [10/Dec/2022:17:05:21 +0100] "GET /PodCast/JBJ201?action=print HTTP/1.1" 200 16207 "-" "Mozilla/5.0 (Macintosh; Intel Mac OS X 10.15; rv:103.0) Gecko/20100101 Firefox/103.0"
85.25.185.196 - - [10/Dec/2022:17:06:21 +0100] "GET /Site/41Fasnacht?action=diff HTTP/1.1" 200 11635 "-" "Mozilla/5.0 (Macintosh; Intel Mac OS X 10.15; rv:103.0) Gecko/20100101 Firefox/103.0"
157.55.39.194 - - [10/Dec/2022:17:07:06 +0100] "GET /PodCast/DreiChunge HTTP/1.1" 200 10224 "-" "Mozilla/5.0 (compatible; bingbot/2.0; +http://www.bing.com/bingbot.htm)"
157.55.39.105 - - [10/Dec/2022:17:07:39 +0100] "GET /PodCast/Email?action=print HTTP/1.1" 403 18 "-" "Mozilla/5.0 (compatible; bingbot/2.0; +http://www.bing.com/bingbot.htm)"
85.25.185.196 - - [10/Dec/2022:17:08:01 +0100] "GET /PodCast/Ouhsggwise2?action=print HTTP/1.1" 200 14506 "-" "Mozilla/5.0 (Macintosh; Intel Mac OS X 10.15; rv:103.0) Gecko/20100101 Firefox/103.0"
85.25.185.196 - - [10/Dec/2022:17:13:08 +0100] "GET /Site/41Fasnacht?action=upload HTTP/1.1" 200 8523 "-" "Mozilla/5.0 (Macintosh; Intel Mac OS X 10.15; rv:103.0) Gecko/20100101 Firefox/103.0"
34.213.91.79 - - [10/Dec/2022:17:16:48 +0100] "GET /PodCast/SprKoulNyd HTTP/1.1" 200 12297 "-" "wiederfreibot/1.0 (+https://www.wiederfrei.ch/crawler.html)"
85.25.185.196 - - [10/Dec/2022:17:16:56 +0100] "GET /PodCast/Zugle2?action=print HTTP/1.1" 200 14640 "-" "Mozilla/5.0 (Macintosh; Intel Mac OS X 10.15; rv:103.0) Gecko/20100101 Firefox/103.0"
8.29.198.26 - - [10/Dec/2022:17:19:48 +0100] "GET /PodCast/IndexPage?action=rss HTTP/1.1" 200 6298 "-" "Feedly/1.0 (+http://www.feedly.com/fetcher.html; 3 subscribers; like FeedFetcher-Google)"
85.25.185.196 - - [10/Dec/2022:17:20:57 +0100] "GET /PodCast/StRbe?action=edit HTTP/1.1" 200 8596 "-" "Mozilla/5.0 (Macintosh; Intel Mac OS X 10.15; rv:103.0) Gecko/20100101 Firefox/103.0"
85.25.185.196 - - [10/Dec/2022:17:21:30 +0100] "GET /PodCast/JBJKap1?action=print HTTP/1.1" 200 15240 "-" "Mozilla/5.0 (Macintosh; Intel Mac OS X 10.15; rv:103.0) Gecko/20100101 Firefox/103.0"
185.191.171.26 - - [10/Dec/2022:17:23:09 +0100] "GET /robots.txt HTTP/1.1" 200 - "-" "Mozilla/5.0 (compatible; SemrushBot/7~bl; +http://www.semrush.com/bot.html)"
185.191.171.15 - - [10/Dec/2022:17:23:09 +0100] "GET /PmWikiPtBr/RegrasFormatacaoTexto HTTP/1.1" 200 17463 "-" "Mozilla/5.0 (compatible; SemrushBot/7~bl; +http://www.semrush.com/bot.html)"
85.25.185.196 - - [10/Dec/2022:17:24:58 +0100] "GET /PodCast/Zrouggtratte?action=upload HTTP/1.1" 200 8592 "-" "Mozilla/5.0 (Macintosh; Intel Mac OS X 10.15; rv:103.0) Gecko/20100101 Firefox/103.0"
66.249.76.220 - - [10/Dec/2022:17:26:27 +0100] "GET /PodCast/IndexPage?action=rss HTTP/1.1" 200 6298 "-" "Mozilla/5.0 (compatible; Googlebot/2.1; +http://www.google.com/bot.html)"
85.25.185.196 - - [10/Dec/2022:17:28:56 +0100] "GET /PodCast/Zrouggtratte?action=diff HTTP/1.1" 200 14891 "-" "Mozilla/5.0 (Macintosh; Intel Mac OS X 10.15; rv:103.0) Gecko/20100101 Firefox/103.0"
85.25.185.196 - - [10/Dec/2022:17:30:29 +0100] "GET /Site/121Sitkouscht1482?action=print HTTP/1.1" 200 8145 "-" "Mozilla/5.0 (Macintosh; Intel Mac OS X 10.15; rv:103.0) Gecko/20100101 Firefox/103.0"
216.244.66.243 - - [10/Dec/2022:17:33:00 +0100] "GET /robots.txt HTTP/1.1" 200 - "-" "Mozilla/5.0 (compatible; DotBot/1.2; +https://opensiteexplorer.org/dotbot; help@moz.com)"
85.25.185.196 - - [10/Dec/2022:17:33:16 +0100] "GET /PodCast/Zrouggtratte?action=edit HTTP/1.1" 200 8692 "-" "Mozilla/5.0 (Macintosh; Intel Mac OS X 10.15; rv:103.0) Gecko/20100101 Firefox/103.0"
85.25.185.196 - - [10/Dec/2022:17:37:07 +0100] "GET /PodCast/Erinerig?action=print HTTP/1.1" 200 2923 "-" "Mozilla/5.0 (Macintosh; Intel Mac OS X 10.15; rv:103.0) Gecko/20100101 Firefox/103.0"
20.106.214.56 - - [10/Dec/2022:17:39:21 +0100] "GET /.env HTTP/1.1" 404 264 "-" "Mozilla/5.0 (X11; Linux x86_64; rv:83.0) Gecko/20100101 Firefox/83.0"
20.106.214.56 - - [10/Dec/2022:17:39:21 +0100] "POST / HTTP/1.1" 200 15085 "-" "Mozilla/5.0 (X11; Linux x86_64; rv:83.0) Gecko/20100101 Firefox/83.0"
62.210.215.119 - - [10/Dec/2022:17:39:30 +0100] "GET /PodCast/IndexPage?action=rss HTTP/1.1" 200 6298 "-" "Mozilla/5.0 (X11; Linux i686) AppleWebKit/537.36 (KHTML, like Gecko) Chrome/30.0.1599.66 Safari/537.36"
185.191.171.37 - - [10/Dec/2022:17:40:42 +0100] "GET /Hilfe/RealOne HTTP/1.1" 200 10362 "-" "Mozilla/5.0 (compatible; SemrushBot/7~bl; +http://www.semrush.com/bot.html)"
85.25.185.196 - - [10/Dec/2022:17:40:57 +0100] "GET /PodCast/Limerick33?action=edit HTTP/1.1" 200 8666 "-" "Mozilla/5.0 (Macintosh; Intel Mac OS X 10.15; rv:103.0) Gecko/20100101 Firefox/103.0"
216.244.66.243 - - [10/Dec/2022:17:43:24 +0100] "GET /PmWikiNl/ListeAllerSeiten HTTP/1.1" 200 8279 "-" "Mozilla/5.0 (compatible; DotBot/1.2; +https://opensiteexplorer.org/dotbot; help@moz.com)"
85.25.185.196 - - [10/Dec/2022:17:43:57 +0100] "GET /PodCast/Resoultat?action=print HTTP/1.1" 200 5506 "-" "Mozilla/5.0 (Macintosh; Intel Mac OS X 10.15; rv:103.0) Gecko/20100101 Firefox/103.0"
85.25.185.196 - - [10/Dec/2022:17:44:56 +0100] "GET /PodCast/RURAkt2TIl1?action=edit HTTP/1.1" 200 8688 "-" "Mozilla/5.0 (Macintosh; Intel Mac OS X 10.15; rv:103.0) Gecko/20100101 Firefox/103.0"
85.25.185.196 - - [10/Dec/2022:17:47:49 +0100] "GET /PodCast/DreiChunge?action=print HTTP/1.1" 200 4399 "-" "Mozilla/5.0 (Macintosh; Intel Mac OS X 10.15; rv:103.0) Gecko/20100101 Firefox/103.0"
85.25.185.196 - - [10/Dec/2022:17:50:43 +0100] "GET /PodCast/Sbysst?action=print HTTP/1.1" 200 11620 "-" "Mozilla/5.0 (Macintosh; Intel Mac OS X 10.15; rv:103.0) Gecko/20100101 Firefox/103.0"
85.25.185.196 - - [10/Dec/2022:17:52:36 +0100] "GET /PodCast/JBJ701?action=print HTTP/1.1" 200 13913 "-" "Mozilla/5.0 (Macintosh; Intel Mac OS X 10.15; rv:103.0) Gecko/20100101 Firefox/103.0"
185.191.171.10 - - [10/Dec/2022:17:54:20 +0100] "GET /PmWikiRu/SimultaneousEdits HTTP/1.1" 200 14733 "-" "Mozilla/5.0 (compatible; SemrushBot/7~bl; +http://www.semrush.com/bot.html)"
194.209.200.2 - - [10/Dec/2022:17:55:40 +0100] "GET /robots.txt HTTP/1.1" 200 - "-" "Mozilla/5.0 (compatible; TMMBot/0.2; +http://www.dslab.ch)/Nutch-1.15"
194.209.200.2 - - [10/Dec/2022:17:55:40 +0100] "GET /Admin/Jahresbericht HTTP/1.1" 200 45530 "-" "Mozilla/5.0 (compatible; TMMBot/0.2; +http://www.dslab.ch)/Nutch-1.15"
194.209.200.2 - - [10/Dec/2022:17:56:03 +0100] "GET /Texte/Schrybwys HTTP/1.1" 200 11028 "-" "Mozilla/5.0 (compatible; TMMBot/0.2; +http://www.dslab.ch)/Nutch-1.15"
85.25.185.196 - - [10/Dec/2022:17:56:55 +0100] "GET /Site/WGA2Eergyz?action=print HTTP/1.1" 200 11600 "-" "Mozilla/5.0 (Macintosh; Intel Mac OS X 10.15; rv:103.0) Gecko/20100101 Firefox/103.0"
194.209.200.2 - - [10/Dec/2022:17:57:02 +0100] "GET /Texte/GDicht HTTP/1.1" 200 8050 "-" "Mozilla/5.0 (compatible; TMMBot/0.2; +http://www.dslab.ch)/Nutch-1.15"
85.25.185.196 - - [10/Dec/2022:17:58:28 +0100] "GET /PodCast/REZTheLightBetweenOceans?action=edit HTTP/1.1" 200 8868 "-" "Mozilla/5.0 (Macintosh; Intel Mac OS X 10.15; rv:103.0) Gecko/20100101 Firefox/103.0"
185.191.171.12 - - [10/Dec/2022:17:59:01 +0100] "GET /PmWikiFr/EditVariables HTTP/1.1" 200 14986 "-" "Mozilla/5.0 (compatible; SemrushBot/7~bl; +http://www.semrush.com/bot.html)"
85.25.185.196 - - [10/Dec/2022:18:01:11 +0100] "GET /Site/61Sanggale1465?action=print HTTP/1.1" 200 12758 "-" "Mozilla/5.0 (Macintosh; Intel Mac OS X 10.15; rv:103.0) Gecko/20100101 Firefox/103.0"
3.216.185.164 - - [10/Dec/2022:18:01:39 +0100] "GET /PodCast/IndexPage?action=rss HTTP/1.1" 200 6298 "-" "PocketCasts/1.0 (Pocket Casts Feed Parser; +http://pocketcasts.com/)"
85.25.185.196 - - [10/Dec/2022:18:01:54 +0100] "GET /PodCast/Limerick121314?action=print HTTP/1.1" 200 3584 "-" "Mozilla/5.0 (Macintosh; Intel Mac OS X 10.15; rv:103.0) Gecko/20100101 Firefox/103.0"
85.25.185.196 - - [10/Dec/2022:18:05:27 +0100] "GET /PodCast/Schlaaffloos1?action=print HTTP/1.1" 200 9697 "-" "Mozilla/5.0 (Macintosh; Intel Mac OS X 10.15; rv:103.0) Gecko/20100101 Firefox/103.0"
85.25.185.196 - - [10/Dec/2022:18:08:47 +0100] "GET /PodCast/REZTheLightBetweenOceans?action=diff HTTP/1.1" 200 15267 "-" "Mozilla/5.0 (Macintosh; Intel Mac OS X 10.15; rv:103.0) Gecko/20100101 Firefox/103.0"
85.25.185.196 - - [10/Dec/2022:18:11:25 +0100] "GET /PodCast/RURAkt2TIl3?action=print HTTP/1.1" 200 17028 "-" "Mozilla/5.0 (Macintosh; Intel Mac OS X 10.15; rv:103.0) Gecko/20100101 Firefox/103.0"
185.191.171.37 - - [10/Dec/2022:18:11:54 +0100] "GET /PmWikiFr/WikiWikiWeb HTTP/1.1" 200 13751 "-" "Mozilla/5.0 (compatible; SemrushBot/7~bl; +http://www.semrush.com/bot.html)"
85.25.185.196 - - [10/Dec/2022:18:13:10 +0100] "GET /PodCast/Schaidig1?action=print HTTP/1.1" 200 13391 "-" "Mozilla/5.0 (Macintosh; Intel Mac OS X 10.15; rv:103.0) Gecko/20100101 Firefox/103.0"
85.25.185.196 - - [10/Dec/2022:18:14:05 +0100] "GET /Site/Leerbouech?action=print HTTP/1.1" 200 4956 "-" "Mozilla/5.0 (Macintosh; Intel Mac OS X 10.15; rv:103.0) Gecko/20100101 Firefox/103.0"
85.25.185.196 - - [10/Dec/2022:18:17:23 +0100] "GET /Site/200Quellen?action=print HTTP/1.1" 200 8216 "-" "Mozilla/5.0 (Macintosh; Intel Mac OS X 10.15; rv:103.0) Gecko/20100101 Firefox/103.0"
216.244.66.243 - - [10/Dec/2022:18:18:51 +0100] "GET /robots.txt HTTP/1.1" 200 - "-" "Mozilla/5.0 (compatible; DotBot/1.2; +https://opensiteexplorer.org/dotbot; help@moz.com)"
85.25.185.196 - - [10/Dec/2022:18:19:02 +0100] "GET /PodCast/REZTheLightBetweenOceans?action=upload HTTP/1.1" 200 8768 "-" "Mozilla/5.0 (Macintosh; Intel Mac OS X 10.15; rv:103.0) Gecko/20100101 Firefox/103.0"
66.249.76.220 - - [10/Dec/2022:18:19:03 +0100] "GET /PodCast/IndexPage?action=rss HTTP/1.1" 200 6298 "-" "Mozilla/5.0 (compatible; Googlebot/2.1; +http://www.google.com/bot.html)"
85.25.185.196 - - [10/Dec/2022:18:21:07 +0100] "GET /Site/WGA1Begaabig?action=print HTTP/1.1" 200 11224 "-" "Mozilla/5.0 (Macintosh; Intel Mac OS X 10.15; rv:103.0) Gecko/20100101 Firefox/103.0"
85.25.185.196 - - [10/Dec/2022:18:25:05 +0100] "GET /Site/101Ramft1478?action=edit HTTP/1.1" 200 8653 "-" "Mozilla/5.0 (Macintosh; Intel Mac OS X 10.15; rv:103.0) Gecko/20100101 Firefox/103.0"
85.25.185.196 - - [10/Dec/2022:18:26:35 +0100] "GET /PodCast/Amor?action=print HTTP/1.1" 200 4062 "-" "Mozilla/5.0 (Macintosh; Intel Mac OS X 10.15; rv:103.0) Gecko/20100101 Firefox/103.0"
216.244.66.243 - - [10/Dec/2022:18:28:09 +0100] "GET /PodCast/Ouhsggwise1 HTTP/1.1" 200 21392 "-" "Mozilla/5.0 (compatible; DotBot/1.2; +https://opensiteexplorer.org/dotbot; help@moz.com)"
85.25.185.196 - - [10/Dec/2022:18:29:09 +0100] "GET /PodCast/PodCastJissai?action=print HTTP/1.1" 200 8710 "-" "Mozilla/5.0 (Macintosh; Intel Mac OS X 10.15; rv:103.0) Gecko/20100101 Firefox/103.0"
85.25.185.196 - - [10/Dec/2022:18:31:41 +0100] "GET /Site/182Room1500?action=print HTTP/1.1" 200 18614 "-" "Mozilla/5.0 (Macintosh; Intel Mac OS X 10.15; rv:103.0) Gecko/20100101 Firefox/103.0"
194.209.200.2 - - [10/Dec/2022:18:32:14 +0100] "GET /robots.txt HTTP/1.1" 200 - "-" "Mozilla/5.0 (compatible; TMMBot/0.2; +http://www.dslab.ch)/Nutch-1.15"
194.209.200.2 - - [10/Dec/2022:18:32:14 +0100] "GET /Admin/Jahresbericht HTTP/1.1" 200 45530 "-" "Mozilla/5.0 (compatible; TMMBot/0.2; +http://www.dslab.ch)/Nutch-1.15"
185.191.171.22 - - [10/Dec/2022:18:32:25 +0100] "GET /robots.txt HTTP/1.1" 200 - "-" "Mozilla/5.0 (compatible; SemrushBot/7~bl; +http://www.semrush.com/bot.html)"
185.191.171.37 - - [10/Dec/2022:18:32:25 +0100] "GET /PmWikiFr/TextFormattingRules HTTP/1.1" 200 24830 "-" "Mozilla/5.0 (compatible; SemrushBot/7~bl; +http://www.semrush.com/bot.html)"
194.209.200.2 - - [10/Dec/2022:18:32:36 +0100] "GET /Texte/Schrybwys HTTP/1.1" 200 11028 "-" "Mozilla/5.0 (compatible; TMMBot/0.2; +http://www.dslab.ch)/Nutch-1.15"
194.209.200.2 - - [10/Dec/2022:18:33:34 +0100] "GET /Texte/GDicht HTTP/1.1" 200 8050 "-" "Mozilla/5.0 (compatible; TMMBot/0.2; +http://www.dslab.ch)/Nutch-1.15"
85.25.185.196 - - [10/Dec/2022:18:33:39 +0100] "GET /PodCast/Reschpakt?action=print HTTP/1.1" 200 7878 "-" "Mozilla/5.0 (Macintosh; Intel Mac OS X 10.15; rv:103.0) Gecko/20100101 Firefox/103.0"
85.25.185.196 - - [10/Dec/2022:18:33:55 +0100] "GET /Site/101Ramft1478?action=diff HTTP/1.1" 200 19191 "-" "Mozilla/5.0 (Macintosh; Intel Mac OS X 10.15; rv:103.0) Gecko/20100101 Firefox/103.0"
194.209.200.2 - - [10/Dec/2022:18:34:10 +0100] "GET /Texte/Metamorphoses HTTP/1.1" 200 9045 "-" "Mozilla/5.0 (compatible; TMMBot/0.2; +http://www.dslab.ch)/Nutch-1.15"
85.25.185.196 - - [10/Dec/2022:18:34:31 +0100] "GET /Site/101Ramft1478?action=upload HTTP/1.1" 200 8553 "-" "Mozilla/5.0 (Macintosh; Intel Mac OS X 10.15; rv:103.0) Gecko/20100101 Firefox/103.0"
85.25.185.196 - - [10/Dec/2022:18:35:15 +0100] "GET /PodCast/Limerick33?action=upload HTTP/1.1" 200 8566 "-" "Mozilla/5.0 (Macintosh; Intel Mac OS X 10.15; rv:103.0) Gecko/20100101 Firefox/103.0"
85.25.185.196 - - [10/Dec/2022:18:36:46 +0100] "GET /PodCast/Limerick33?action=diff HTTP/1.1" 200 12774 "-" "Mozilla/5.0 (Macintosh; Intel Mac OS X 10.15; rv:103.0) Gecko/20100101 Firefox/103.0"
64.124.8.44 - - [10/Dec/2022:18:37:22 +0100] "GET /robots.txt HTTP/1.1" 200 - "-" "Mozilla/5.0 (X11; Linux x86_64) AppleWebKit/537.36 (KHTML, like Gecko) Chrome/61.0.3163.79 Safari/537.36"
64.124.8.44 - - [10/Dec/2022:18:37:22 +0100] "GET /Admin/Links HTTP/1.1" 200 14193 "-" "Mozilla/5.0 (X11; Linux x86_64) AppleWebKit/537.36 (KHTML, like Gecko) Chrome/61.0.3163.79 Safari/537.36"
85.25.185.196 - - [10/Dec/2022:18:39:29 +0100] "GET /PodCast/Wienechtsgschicht?action=upload HTTP/1.1" 200 8662 "-" "Mozilla/5.0 (Macintosh; Intel Mac OS X 10.15; rv:103.0) Gecko/20100101 Firefox/103.0"
66.249.76.193 - - [10/Dec/2022:18:40:16 +0100] "GET /Main/Home HTTP/1.1" 200 15085 "-" "Mozilla/5.0 (Linux; Android 6.0.1; Nexus 5X Build/MMB29P) AppleWebKit/537.36 (KHTML, like Gecko) Chrome/107.0.5304.115 Mobile Safari/537.36 (compatible; Googlebot/2.1; +http://www.google.com/bot.html)"
85.25.185.196 - - [10/Dec/2022:18:45:25 +0100] "GET /Site/Abderhalde0Inhalt?action=print HTTP/1.1" 200 2563 "-" "Mozilla/5.0 (Macintosh; Intel Mac OS X 10.15; rv:103.0) Gecko/20100101 Firefox/103.0"
64.124.8.28 - - [10/Dec/2022:18:48:57 +0100] "GET /robots.txt HTTP/1.1" 200 - "-" "Mozilla/5.0 (X11; Linux x86_64) AppleWebKit/537.36 (KHTML, like Gecko) Chrome/61.0.3163.79 Safari/537.36"
64.124.8.28 - - [10/Dec/2022:18:48:57 +0100] "GET /PodCast/JBJ502 HTTP/1.1" 200 21457 "-" "Mozilla/5.0 (X11; Linux x86_64) AppleWebKit/537.36 (KHTML, like Gecko) Chrome/61.0.3163.79 Safari/537.36"
85.25.185.196 - - [10/Dec/2022:18:49:22 +0100] "GET /PodCast/Wienechtsgschicht?action=diff HTTP/1.1" 200 17369 "-" "Mozilla/5.0 (Macintosh; Intel Mac OS X 10.15; rv:103.0) Gecko/20100101 Firefox/103.0"
85.25.185.196 - - [10/Dec/2022:18:49:51 +0100] "GET /Site/63Frawmeuischter1470?action=print HTTP/1.1" 200 6494 "-" "Mozilla/5.0 (Macintosh; Intel Mac OS X 10.15; rv:103.0) Gecko/20100101 Firefox/103.0"
85.25.185.196 - - [10/Dec/2022:18:52:07 +0100] "GET /PodCast/JBJ302?action=print HTTP/1.1" 200 9695 "-" "Mozilla/5.0 (Macintosh; Intel Mac OS X 10.15; rv:103.0) Gecko/20100101 Firefox/103.0"
185.191.171.20 - - [10/Dec/2022:18:54:14 +0100] "GET /PmWikiZhCn/PmWikiZhCn HTTP/1.1" 200 32188 "-" "Mozilla/5.0 (compatible; SemrushBot/7~bl; +http://www.semrush.com/bot.html)"
85.25.185.196 - - [10/Dec/2022:18:54:33 +0100] "GET /PodCast/Gottesliebe?action=print HTTP/1.1" 200 7623 "-" "Mozilla/5.0 (Macintosh; Intel Mac OS X 10.15; rv:103.0) Gecko/20100101 Firefox/103.0"
85.25.185.196 - - [10/Dec/2022:18:55:35 +0100] "GET /PodCast/RURAachundigoung?action=print HTTP/1.1" 200 3444 "-" "Mozilla/5.0 (Macintosh; Intel Mac OS X 10.15; rv:103.0) Gecko/20100101 Firefox/103.0"
109.237.98.53 - - [10/Dec/2022:18:57:44 +0100] "GET /.env HTTP/1.1" 404 264 "-" "Mozilla/5.0 (X11; Linux x86_64) AppleWebKit/537.36 (KHTML, like Gecko) Chrome/81.0.4044.129 Safari/537.36"
85.25.185.196 - - [10/Dec/2022:18:57:55 +0100] "GET /PodCast/Antyki?action=print HTTP/1.1" 200 2523 "-" "Mozilla/5.0 (Macintosh; Intel Mac OS X 10.15; rv:103.0) Gecko/20100101 Firefox/103.0"
85.25.185.196 - - [10/Dec/2022:19:00:31 +0100] "GET /PodCast/Wienechtsgschicht?action=edit HTTP/1.1" 200 8762 "-" "Mozilla/5.0 (Macintosh; Intel Mac OS X 10.15; rv:103.0) Gecko/20100101 Firefox/103.0"
85.25.185.196 - - [10/Dec/2022:19:02:43 +0100] "GET /Site/161Predigerchoor1489?action=print HTTP/1.1" 200 9154 "-" "Mozilla/5.0 (Macintosh; Intel Mac OS X 10.15; rv:103.0) Gecko/20100101 Firefox/103.0"
114.119.158.196 - - [10/Dec/2022:19:04:15 +0100] "GET /PmWikiFr/WikiStructure HTTP/1.1" 200 11931 "http://www.pro-zurituutsch.ch/PmWikiFr/EtatDeLaTraduction" "Mozilla/5.0 (Linux; Android 7.0;) AppleWebKit/537.36 (KHTML, like Gecko) Mobile Safari/537.36 (compatible; PetalBot;+https://webmaster.petalsearch.com/site/petalbot)"
85.25.185.196 - - [10/Dec/2022:19:04:54 +0100] "GET /PodCast/Eereroueff?action=print HTTP/1.1" 200 12924 "-" "Mozilla/5.0 (Macintosh; Intel Mac OS X 10.15; rv:103.0) Gecko/20100101 Firefox/103.0"
85.25.185.196 - - [10/Dec/2022:19:06:28 +0100] "GET /PodCast/Demokraty?action=edit HTTP/1.1" 200 8650 "-" "Mozilla/5.0 (Macintosh; Intel Mac OS X 10.15; rv:103.0) Gecko/20100101 Firefox/103.0"
168.119.51.163 - - [10/Dec/2022:19:07:06 +0100] "GET /robots.txt HTTP/1.1" 200 - "-" "Mozilla/5.0 (compatible; um-IC/1.0; mailto: techinfo@ubermetrics-technologies.com; Windows NT 6.1; WOW64; rv:40.0) Gecko/20100101 Firefox/40.1"
168.119.51.163 - - [10/Dec/2022:19:07:06 +0100] "GET /PodCast/IndexPage?action=rss HTTP/1.1" 200 6298 "-" "Mozilla/5.0 (compatible; um-IC/1.0; mailto: techinfo@ubermetrics-technologies.com; Windows NT 6.1; WOW64; rv:40.0) Gecko/20100101 Firefox/40.1"
85.25.185.196 - - [10/Dec/2022:19:08:40 +0100] "GET /PodCast/Demokraty?action=upload HTTP/1.1" 200 8550 "-" "Mozilla/5.0 (Macintosh; Intel Mac OS X 10.15; rv:103.0) Gecko/20100101 Firefox/103.0"
85.25.185.196 - - [10/Dec/2022:19:09:39 +0100] "GET /PodCast/Demokraty?action=diff HTTP/1.1" 200 15666 "-" "Mozilla/5.0 (Macintosh; Intel Mac OS X 10.15; rv:103.0) Gecko/20100101 Firefox/103.0"
85.25.185.196 - - [10/Dec/2022:19:12:44 +0100] "GET /PodCast/StRbe?action=diff HTTP/1.1" 200 10775 "-" "Mozilla/5.0 (Macintosh; Intel Mac OS X 10.15; rv:103.0) Gecko/20100101 Firefox/103.0"
85.25.185.196 - - [10/Dec/2022:19:14:15 +0100] "GET /PodCast/AnkNdigung?action=edit HTTP/1.1" 200 8666 "-" "Mozilla/5.0 (Macintosh; Intel Mac OS X 10.15; rv:103.0) Gecko/20100101 Firefox/103.0"
66.249.76.222 - - [10/Dec/2022:19:14:37 +0100] "GET /PodCast/IndexPage?action=rss HTTP/1.1" 200 6298 "-" "Mozilla/5.0 (compatible; Googlebot/2.1; +http://www.google.com/bot.html)"
85.25.185.196 - - [10/Dec/2022:19:15:32 +0100] "GET /Site/102Ramft1478?action=print HTTP/1.1" 200 11564 "-" "Mozilla/5.0 (Macintosh; Intel Mac OS X 10.15; rv:103.0) Gecko/20100101 Firefox/103.0"
185.191.171.2 - - [10/Dec/2022:19:15:34 +0100] "GET /PmWikiPtBr/PmWikiPtBr HTTP/1.1" 200 11136 "-" "Mozilla/5.0 (compatible; SemrushBot/7~bl; +http://www.semrush.com/bot.html)"
85.25.185.196 - - [10/Dec/2022:19:16:45 +0100] "GET /Site/41Fasnacht?action=print HTTP/1.1" 200 2528 "-" "Mozilla/5.0 (Macintosh; Intel Mac OS X 10.15; rv:103.0) Gecko/20100101 Firefox/103.0"
85.25.185.196 - - [10/Dec/2022:19:18:15 +0100] "GET /Site/102Ramft1478?action=edit HTTP/1.1" 200 8653 "-" "Mozilla/5.0 (Macintosh; Intel Mac OS X 10.15; rv:103.0) Gecko/20100101 Firefox/103.0"
85.25.185.196 - - [10/Dec/2022:19:18:29 +0100] "GET /PodCast/RURAkt1TIl5?action=print HTTP/1.1" 200 13114 "-" "Mozilla/5.0 (Macintosh; Intel Mac OS X 10.15; rv:103.0) Gecko/20100101 Firefox/103.0"
85.25.185.196 - - [10/Dec/2022:19:19:01 +0100] "GET /PodCast/Zrouggtratte?action=print HTTP/1.1" 200 6501 "-" "Mozilla/5.0 (Macintosh; Intel Mac OS X 10.15; rv:103.0) Gecko/20100101 Firefox/103.0"
194.209.200.2 - - [10/Dec/2022:19:19:17 +0100] "GET /robots.txt HTTP/1.1" 200 - "-" "Mozilla/5.0 (compatible; TMMBot/0.2; +http://www.dslab.ch)/Nutch-1.15"
194.209.200.2 - - [10/Dec/2022:19:19:17 +0100] "GET /Admin/Jahresbericht HTTP/1.1" 200 45530 "-" "Mozilla/5.0 (compatible; TMMBot/0.2; +http://www.dslab.ch)/Nutch-1.15"
194.209.200.2 - - [10/Dec/2022:19:19:40 +0100] "GET /Texte/Schrybwys HTTP/1.1" 200 11028 "-" "Mozilla/5.0 (compatible; TMMBot/0.2; +http://www.dslab.ch)/Nutch-1.15"
54.162.244.62 - - [10/Dec/2022:19:19:48 +0100] "GET /PodCast/IndexPage?action=rss HTTP/1.1" 200 6298 "https://www.google.com/" "Mozilla/5.0 (Windows NT 10.0; Win64; x64; rv:75.0) Gecko/20100101 Firefox/75.0"
85.25.185.196 - - [10/Dec/2022:19:20:04 +0100] "GET /Site/102Ramft1478?action=diff HTTP/1.1" 200 24819 "-" "Mozilla/5.0 (Macintosh; Intel Mac OS X 10.15; rv:103.0) Gecko/20100101 Firefox/103.0"
185.191.171.35 - - [10/Dec/2022:19:20:10 +0100] "GET /PmWikiFr/LinkVariables HTTP/1.1" 200 15601 "-" "Mozilla/5.0 (compatible; SemrushBot/7~bl; +http://www.semrush.com/bot.html)"
194.209.200.2 - - [10/Dec/2022:19:20:40 +0100] "GET /Texte/GDicht HTTP/1.1" 200 8050 "-" "Mozilla/5.0 (compatible; TMMBot/0.2; +http://www.dslab.ch)/Nutch-1.15"
85.25.185.196 - - [10/Dec/2022:19:21:26 +0100] "GET /Site/102Ramft1478?action=upload HTTP/1.1" 200 8553 "-" "Mozilla/5.0 (Macintosh; Intel Mac OS X 10.15; rv:103.0) Gecko/20100101 Firefox/103.0"
85.25.185.196 - - [10/Dec/2022:19:25:08 +0100] "GET /PodCast/StRbe?action=print HTTP/1.1" 200 2419 "-" "Mozilla/5.0 (Macintosh; Intel Mac OS X 10.15; rv:103.0) Gecko/20100101 Firefox/103.0"
85.25.185.196 - - [10/Dec/2022:19:26:02 +0100] "GET /PodCast/Zwangsnaarig?action=print HTTP/1.1" 200 7235 "-" "Mozilla/5.0 (Macintosh; Intel Mac OS X 10.15; rv:103.0) Gecko/20100101 Firefox/103.0"
85.25.185.196 - - [10/Dec/2022:19:28:20 +0100] "GET /PodCast/Demokraty?action=print HTTP/1.1" 200 7332 "-" "Mozilla/5.0 (Macintosh; Intel Mac OS X 10.15; rv:103.0) Gecko/20100101 Firefox/103.0"
85.25.185.196 - - [10/Dec/2022:19:30:12 +0100] "GET /PodCast/Spraachverglych?action=print HTTP/1.1" 200 10273 "-" "Mozilla/5.0 (Macintosh; Intel Mac OS X 10.15; rv:103.0) Gecko/20100101 Firefox/103.0"
185.191.171.18 - - [10/Dec/2022:19:30:42 +0100] "GET /PmWikiFr/MarkupCharacters HTTP/1.1" 200 47353 "-" "Mozilla/5.0 (compatible; SemrushBot/7~bl; +http://www.semrush.com/bot.html)"
3.216.185.164 - - [10/Dec/2022:19:32:26 +0100] "GET /PodCast/IndexPage?action=rss HTTP/1.1" 200 6298 "-" "PocketCasts/1.0 (Pocket Casts Feed Parser; +http://pocketcasts.com/)"
147.78.47.249 - - [10/Dec/2022:19:32:29 +0100] "GET /_ignition/health-check/ HTTP/1.1" 302 173 "-" "Mozilla/5.0 (Windows NT 10.0; Win64; x64) AppleWebKit/537.36 (KHTML, like Gecko) Chrome/105.0.0.0 Safari/537.36"
147.78.47.249 - - [10/Dec/2022:19:32:29 +0100] "GET /Ignition/Health-check HTTP/1.1" 404 8269 "http://pro-zurituutsch.ch/_ignition/health-check/" "Mozilla/5.0 (Windows NT 10.0; Win64; x64) AppleWebKit/537.36 (KHTML, like Gecko) Chrome/105.0.0.0 Safari/537.36"
147.78.47.249 - - [10/Dec/2022:19:32:31 +0100] "GET /public/_ignition/health-check/ HTTP/1.1" 404 296 "-" "Mozilla/5.0 (Windows NT 10.0; Win64; x64) AppleWebKit/537.36 (KHTML, like Gecko) Chrome/105.0.0.0 Safari/537.36"
147.78.47.249 - - [10/Dec/2022:19:32:33 +0100] "GET /wp-includes/wlwmanifest.xml HTTP/1.1" 404 293 "-" "Mozilla/5.0 (Windows NT 10.0; Win64; x64) AppleWebKit/537.36 (KHTML, like Gecko) Chrome/105.0.0.0 Safari/537.36"
85.25.185.196 - - [10/Dec/2022:19:33:19 +0100] "GET /PodCast/Gvatterle?action=print HTTP/1.1" 200 8162 "-" "Mozilla/5.0 (Macintosh; Intel Mac OS X 10.15; rv:103.0) Gecko/20100101 Firefox/103.0"
157.55.39.105 - - [10/Dec/2022:19:35:05 +0100] "GET /PodCast/Missbrouhch?action=edit HTTP/1.1" 403 18 "-" "Mozilla/5.0 (compatible; bingbot/2.0; +http://www.bing.com/bingbot.htm)"
85.25.185.196 - - [10/Dec/2022:19:36:33 +0100] "GET /PodCast/Rucktrittstrioumpf?action=upload HTTP/1.1" 200 8676 "-" "Mozilla/5.0 (Macintosh; Intel Mac OS X 10.15; rv:103.0) Gecko/20100101 Firefox/103.0"
185.191.171.15 - - [10/Dec/2022:19:37:03 +0100] "GET /robots.txt HTTP/1.1" 200 - "-" "Mozilla/5.0 (compatible; SemrushBot/7~bl; +http://www.semrush.com/bot.html)"
185.191.171.36 - - [10/Dec/2022:19:37:03 +0100] "GET /PmWikiFr/EditQuickReference HTTP/1.1" 200 11709 "-" "Mozilla/5.0 (compatible; SemrushBot/7~bl; +http://www.semrush.com/bot.html)"
85.25.185.196 - - [10/Dec/2022:19:37:45 +0100] "GET /PodCast/Rucktrittstrioumpf?action=edit HTTP/1.1" 200 8776 "-" "Mozilla/5.0 (Macintosh; Intel Mac OS X 10.15; rv:103.0) Gecko/20100101 Firefox/103.0"
85.25.185.196 - - [10/Dec/2022:19:40:03 +0100] "GET /PodCast/Haiweeturgg?action=print HTTP/1.1" 200 5670 "-" "Mozilla/5.0 (Macintosh; Intel Mac OS X 10.15; rv:103.0) Gecko/20100101 Firefox/103.0"
185.191.171.23 - - [10/Dec/2022:19:40:18 +0100] "GET /PmWikiFr/BacASable HTTP/1.1" 200 10612 "-" "Mozilla/5.0 (compatible; SemrushBot/7~bl; +http://www.semrush.com/bot.html)"
157.55.39.105 - - [10/Dec/2022:19:41:48 +0100] "GET /PodCast/182Room1500?action=edit HTTP/1.1" 404 18 "-" "Mozilla/5.0 AppleWebKit/537.36 (KHTML, like Gecko; compatible; bingbot/2.0; +http://www.bing.com/bingbot.htm) Chrome/103.0.5060.134 Safari/537.36"
85.25.185.196 - - [10/Dec/2022:19:42:25 +0100] "GET /PodCast/Wistaria01?action=edit HTTP/1.1" 200 8666 "-" "Mozilla/5.0 (Macintosh; Intel Mac OS X 10.15; rv:103.0) Gecko/20100101 Firefox/103.0"
85.25.185.196 - - [10/Dec/2022:19:44:40 +0100] "GET /PodCast/JBJ602?action=print HTTP/1.1" 200 15248 "-" "Mozilla/5.0 (Macintosh; Intel Mac OS X 10.15; rv:103.0) Gecko/20100101 Firefox/103.0"
185.191.171.8 - - [10/Dec/2022:19:45:33 +0100] "GET /PmWikiRu/Requirements HTTP/1.1" 200 11673 "-" "Mozilla/5.0 (compatible; SemrushBot/7~bl; +http://www.semrush.com/bot.html)"
85.25.185.196 - - [10/Dec/2022:19:45:56 +0100] "GET /PodCast/Wiewytna?action=print HTTP/1.1" 200 6030 "-" "Mozilla/5.0 (Macintosh; Intel Mac OS X 10.15; rv:103.0) Gecko/20100101 Firefox/103.0"
85.25.185.196 - - [10/Dec/2022:19:49:10 +0100] "GET /PodCast/Wistaria01?action=upload HTTP/1.1" 200 8566 "-" "Mozilla/5.0 (Macintosh; Intel Mac OS X 10.15; rv:103.0) Gecko/20100101 Firefox/103.0"
185.191.171.16 - - [10/Dec/2022:19:49:17 +0100] "GET /PmWikiFr/CustomWikiStyles HTTP/1.1" 200 16880 "-" "Mozilla/5.0 (compatible; SemrushBot/7~bl; +http://www.semrush.com/bot.html)"
85.25.185.196 - - [10/Dec/2022:19:50:11 +0100] "GET /PodCast/Erdegluck?action=print HTTP/1.1" 200 10914 "-" "Mozilla/5.0 (Macintosh; Intel Mac OS X 10.15; rv:103.0) Gecko/20100101 Firefox/103.0"
85.25.185.196 - - [10/Dec/2022:19:52:46 +0100] "GET /PodCast/REZMockingbird?action=print HTTP/1.1" 200 5688 "-" "Mozilla/5.0 (Macintosh; Intel Mac OS X 10.15; rv:103.0) Gecko/20100101 Firefox/103.0"
85.25.185.196 - - [10/Dec/2022:19:53:38 +0100] "GET /PodCast/RURAkt2TIl1?action=diff HTTP/1.1" 200 26124 "-" "Mozilla/5.0 (Macintosh; Intel Mac OS X 10.15; rv:103.0) Gecko/20100101 Firefox/103.0"
85.25.185.196 - - [10/Dec/2022:19:55:54 +0100] "GET /PodCast/Bagdad-Marlboro?action=print HTTP/1.1" 200 3841 "-" "Mozilla/5.0 (Macintosh; Intel Mac OS X 10.15; rv:103.0) Gecko/20100101 Firefox/103.0"
85.25.185.196 - - [10/Dec/2022:19:57:42 +0100] "GET /PodCast/Liebhaber2?action=print HTTP/1.1" 200 4061 "-" "Mozilla/5.0 (Macintosh; Intel Mac OS X 10.15; rv:103.0) Gecko/20100101 Firefox/103.0"
194.209.200.2 - - [10/Dec/2022:19:58:51 +0100] "GET /robots.txt HTTP/1.1" 200 - "-" "Mozilla/5.0 (compatible; TMMBot/0.2; +http://www.dslab.ch)/Nutch-1.15"
194.209.200.2 - - [10/Dec/2022:19:58:51 +0100] "GET /Admin/Jahresbericht HTTP/1.1" 200 45530 "-" "Mozilla/5.0 (compatible; TMMBot/0.2; +http://www.dslab.ch)/Nutch-1.15"
194.209.200.2 - - [10/Dec/2022:19:59:13 +0100] "GET /Texte/Schrybwys HTTP/1.1" 200 11028 "-" "Mozilla/5.0 (compatible; TMMBot/0.2; +http://www.dslab.ch)/Nutch-1.15"
85.25.185.196 - - [10/Dec/2022:19:59:31 +0100] "GET /PodCast/Rucktrittstrioumpf?action=diff HTTP/1.1" 200 18052 "-" "Mozilla/5.0 (Macintosh; Intel Mac OS X 10.15; rv:103.0) Gecko/20100101 Firefox/103.0"
194.209.200.2 - - [10/Dec/2022:20:00:10 +0100] "GET /Texte/GDicht HTTP/1.1" 200 8050 "-" "Mozilla/5.0 (compatible; TMMBot/0.2; +http://www.dslab.ch)/Nutch-1.15"
194.209.200.2 - - [10/Dec/2022:20:00:48 +0100] "GET /Texte/Metamorphoses HTTP/1.1" 200 9045 "-" "Mozilla/5.0 (compatible; TMMBot/0.2; +http://www.dslab.ch)/Nutch-1.15"
185.191.171.21 - - [10/Dec/2022:20:04:38 +0100] "GET /PmWikiFr/CustomMarkup HTTP/1.1" 200 21441 "-" "Mozilla/5.0 (compatible; SemrushBot/7~bl; +http://www.semrush.com/bot.html)"
85.25.185.196 - - [10/Dec/2022:20:04:51 +0100] "GET /Site/21Baadstoube?action=print HTTP/1.1" 200 12065 "-" "Mozilla/5.0 (Macintosh; Intel Mac OS X 10.15; rv:103.0) Gecko/20100101 Firefox/103.0"
85.25.185.196 - - [10/Dec/2022:20:09:54 +0100] "GET /PodCast/Scheffwachsel?action=print HTTP/1.1" 200 6704 "-" "Mozilla/5.0 (Macintosh; Intel Mac OS X 10.15; rv:103.0) Gecko/20100101 Firefox/103.0"
85.25.185.196 - - [10/Dec/2022:20:10:23 +0100] "GET /PodCast/SprForKom?action=edit HTTP/1.1" 200 8654 "-" "Mozilla/5.0 (Macintosh; Intel Mac OS X 10.15; rv:103.0) Gecko/20100101 Firefox/103.0"
157.55.39.194 - - [10/Dec/2022:20:11:05 +0100] "GET /PodCast/SprAntBea?action=print HTTP/1.1" 403 18 "-" "Mozilla/5.0 AppleWebKit/537.36 (KHTML, like Gecko; compatible; bingbot/2.0; +http://www.bing.com/bingbot.htm) Chrome/103.0.5060.134 Safari/537.36"
157.55.39.105 - - [10/Dec/2022:20:11:10 +0100] "GET /Admin/Links?action=print HTTP/1.1" 403 18 "-" "Mozilla/5.0 AppleWebKit/537.36 (KHTML, like Gecko; compatible; bingbot/2.0; +http://www.bing.com/bingbot.htm) Chrome/103.0.5060.134 Safari/537.36"
185.191.171.33 - - [10/Dec/2022:20:11:28 +0100] "GET /PmWikiRu/Images HTTP/1.1" 200 25438 "-" "Mozilla/5.0 (compatible; SemrushBot/7~bl; +http://www.semrush.com/bot.html)"
85.25.185.196 - - [10/Dec/2022:20:11:57 +0100] "GET /PodCast/JBJ201?action=upload HTTP/1.1" 200 8510 "-" "Mozilla/5.0 (Macintosh; Intel Mac OS X 10.15; rv:103.0) Gecko/20100101 Firefox/103.0"
85.25.185.196 - - [10/Dec/2022:20:16:38 +0100] "GET /Site/WGA1Begaabig?action=diff HTTP/1.1" 200 21241 "-" "Mozilla/5.0 (Macintosh; Intel Mac OS X 10.15; rv:103.0) Gecko/20100101 Firefox/103.0"
66.249.66.204 - - [10/Dec/2022:20:17:43 +0100] "GET /PodCast/IndexPage?action=rss HTTP/1.1" 200 6298 "-" "Mozilla/5.0 (compatible; Googlebot/2.1; +http://www.google.com/bot.html)"
85.25.185.196 - - [10/Dec/2022:20:17:43 +0100] "GET /Site/WGA1Begaabig?action=edit HTTP/1.1" 200 8653 "-" "Mozilla/5.0 (Macintosh; Intel Mac OS X 10.15; rv:103.0) Gecko/20100101 Firefox/103.0"
85.25.185.196 - - [10/Dec/2022:20:19:44 +0100] "GET /PodCast/Schaidig2?action=print HTTP/1.1" 200 13869 "-" "Mozilla/5.0 (Macintosh; Intel Mac OS X 10.15; rv:103.0) Gecko/20100101 Firefox/103.0"
54.36.148.108 - - [10/Dec/2022:20:20:34 +0100] "GET / HTTP/1.1" 200 15085 "-" "Mozilla/5.0 (compatible; AhrefsBot/7.0; +http://ahrefs.com/robot/)"
85.25.185.196 - - [10/Dec/2022:20:21:56 +0100] "GET /PodCast/RURAkt1Tail2?action=print HTTP/1.1" 200 2557 "-" "Mozilla/5.0 (Macintosh; Intel Mac OS X 10.15; rv:103.0) Gecko/20100101 Firefox/103.0"
85.25.185.196 - - [10/Dec/2022:20:25:11 +0100] "GET /Site/WGA1Begaabig?action=upload HTTP/1.1" 200 8553 "-" "Mozilla/5.0 (Macintosh; Intel Mac OS X 10.15; rv:103.0) Gecko/20100101 Firefox/103.0"
85.25.185.196 - - [10/Dec/2022:20:28:11 +0100] "GET /PodCast/Hinkeljouged2?action=upload HTTP/1.1" 200 8608 "-" "Mozilla/5.0 (Macintosh; Intel Mac OS X 10.15; rv:103.0) Gecko/20100101 Firefox/103.0"
85.25.185.196 - - [10/Dec/2022:20:29:35 +0100] "GET /PodCast/Hinkeljouged2?action=edit HTTP/1.1" 200 8708 "-" "Mozilla/5.0 (Macintosh; Intel Mac OS X 10.15; rv:103.0) Gecko/20100101 Firefox/103.0"
207.46.13.111 - - [10/Dec/2022:20:30:15 +0100] "GET /PodCast/Sounegsang?action=upload HTTP/1.1" 403 18 "-" "Mozilla/5.0 (compatible; bingbot/2.0; +http://www.bing.com/bingbot.htm)"
85.25.185.196 - - [10/Dec/2022:20:30:26 +0100] "GET /Site/Blickestoorff?action=print HTTP/1.1" 200 12928 "-" "Mozilla/5.0 (Macintosh; Intel Mac OS X 10.15; rv:103.0) Gecko/20100101 Firefox/103.0"
185.231.115.174 - - [10/Dec/2022:20:33:57 +0100] "GET /wp-login.php HTTP/1.1" 404 278 "-" "Mozilla/5.0 (Windows NT 10.0; Win64; x64; rv:96.0) Gecko/20100101 Firefox/96"
85.25.185.196 - - [10/Dec/2022:20:34:11 +0100] "GET /PodCast/Hinkeljouged2?action=diff HTTP/1.1" 200 22574 "-" "Mozilla/5.0 (Macintosh; Intel Mac OS X 10.15; rv:103.0) Gecko/20100101 Firefox/103.0"
194.209.200.2 - - [10/Dec/2022:20:35:08 +0100] "GET /robots.txt HTTP/1.1" 200 - "-" "Mozilla/5.0 (compatible; TMMBot/0.2; +http://www.dslab.ch)/Nutch-1.15"
194.209.200.2 - - [10/Dec/2022:20:35:08 +0100] "GET /Admin/Jahresbericht HTTP/1.1" 200 45530 "-" "Mozilla/5.0 (compatible; TMMBot/0.2; +http://www.dslab.ch)/Nutch-1.15"
194.209.200.2 - - [10/Dec/2022:20:35:31 +0100] "GET /Texte/Schrybwys HTTP/1.1" 200 11028 "-" "Mozilla/5.0 (compatible; TMMBot/0.2; +http://www.dslab.ch)/Nutch-1.15"
85.25.185.196 - - [10/Dec/2022:20:35:34 +0100] "GET /PodCast/Limerick33?action=print HTTP/1.1" 200 3064 "-" "Mozilla/5.0 (Macintosh; Intel Mac OS X 10.15; rv:103.0) Gecko/20100101 Firefox/103.0"
194.209.200.2 - - [10/Dec/2022:20:36:30 +0100] "GET /Texte/GDicht HTTP/1.1" 200 8050 "-" "Mozilla/5.0 (compatible; TMMBot/0.2; +http://www.dslab.ch)/Nutch-1.15"
85.25.185.196 - - [10/Dec/2022:20:38:00 +0100] "GET /PodCast/Euirokraty?action=upload HTTP/1.1" 200 8564 "-" "Mozilla/5.0 (Macintosh; Intel Mac OS X 10.15; rv:103.0) Gecko/20100101 Firefox/103.0"
85.25.185.196 - - [10/Dec/2022:20:39:16 +0100] "GET /Site/51Trouttike?action=print HTTP/1.1" 200 8006 "-" "Mozilla/5.0 (Macintosh; Intel Mac OS X 10.15; rv:103.0) Gecko/20100101 Firefox/103.0"
185.191.171.2 - - [10/Dec/2022:20:40:31 +0100] "GET /robots.txt HTTP/1.1" 200 - "-" "Mozilla/5.0 (compatible; SemrushBot/7~bl; +http://www.semrush.com/bot.html)"
185.191.171.1 - - [10/Dec/2022:20:40:32 +0100] "GET /PmWikiFr/SitePages HTTP/1.1" 200 12965 "-" "Mozilla/5.0 (compatible; SemrushBot/7~bl; +http://www.semrush.com/bot.html)"
85.25.185.196 - - [10/Dec/2022:20:40:44 +0100] "GET /PodCast/Verlaine?action=print HTTP/1.1" 200 3577 "-" "Mozilla/5.0 (Macintosh; Intel Mac OS X 10.15; rv:103.0) Gecko/20100101 Firefox/103.0"
85.25.185.196 - - [10/Dec/2022:20:42:42 +0100] "GET /Site/72Mourte1476?action=print HTTP/1.1" 200 15326 "-" "Mozilla/5.0 (Macintosh; Intel Mac OS X 10.15; rv:103.0) Gecko/20100101 Firefox/103.0"
85.25.185.196 - - [10/Dec/2022:20:43:41 +0100] "GET /PodCast/Ynachte1?action=print HTTP/1.1" 200 9390 "-" "Mozilla/5.0 (Macintosh; Intel Mac OS X 10.15; rv:103.0) Gecko/20100101 Firefox/103.0"
185.191.171.43 - - [10/Dec/2022:20:44:11 +0100] "GET /PmWikiFr/ListLocal HTTP/1.1" 200 40415 "-" "Mozilla/5.0 (compatible; SemrushBot/7~bl; +http://www.semrush.com/bot.html)"
185.191.171.7 - - [10/Dec/2022:20:44:49 +0100] "GET /PmWikiDe/SpezielleInstallationen HTTP/1.1" 200 11385 "-" "Mozilla/5.0 (compatible; SemrushBot/7~bl; +http://www.semrush.com/bot.html)"
85.25.185.196 - - [10/Dec/2022:20:46:41 +0100] "GET /PodCast/Redeleere?action=print HTTP/1.1" 200 8393 "-" "Mozilla/5.0 (Macintosh; Intel Mac OS X 10.15; rv:103.0) Gecko/20100101 Firefox/103.0"
85.25.185.196 - - [10/Dec/2022:20:47:30 +0100] "GET /PodCast/Euirokraty?action=diff HTTP/1.1" 200 17200 "-" "Mozilla/5.0 (Macintosh; Intel Mac OS X 10.15; rv:103.0) Gecko/20100101 Firefox/103.0"
85.25.185.196 - - [10/Dec/2022:20:48:06 +0100] "GET /PodCast/SpruchTampoToummOuhsreedeVerwandt?action=print HTTP/1.1" 200 5624 "-" "Mozilla/5.0 (Macintosh; Intel Mac OS X 10.15; rv:103.0) Gecko/20100101 Firefox/103.0"
114.119.129.25 - - [10/Dec/2022:20:48:40 +0100] "GET /Texte/Metamorphoses?action=diff&source=y&minor=n HTTP/1.1" 403 18 "http://www.pro-zurituutsch.ch/Texte/Metamorphoses?action=diff&source=y&minor=y" "Mozilla/5.0 (Linux; Android 7.0;) AppleWebKit/537.36 (KHTML, like Gecko) Mobile Safari/537.36 (compatible; PetalBot;+https://webmaster.petalsearch.com/site/petalbot)"
85.25.185.196 - - [10/Dec/2022:20:49:21 +0100] "GET /PodCast/Erinerig?action=edit HTTP/1.1" 200 8636 "-" "Mozilla/5.0 (Macintosh; Intel Mac OS X 10.15; rv:103.0) Gecko/20100101 Firefox/103.0"
157.55.39.110 - - [10/Dec/2022:20:51:40 +0100] "GET /PodCast/131MIringe1483?action=edit HTTP/1.1" 404 18 "-" "Mozilla/5.0 AppleWebKit/537.36 (KHTML, like Gecko; compatible; bingbot/2.0; +http://www.bing.com/bingbot.htm) Chrome/103.0.5060.134 Safari/537.36"
157.55.39.194 - - [10/Dec/2022:20:52:20 +0100] "GET /Texte/ArsAmatoria?action=upload HTTP/1.1" 403 18 "-" "Mozilla/5.0 (compatible; bingbot/2.0; +http://www.bing.com/bingbot.htm)"
85.25.185.196 - - [10/Dec/2022:20:53:20 +0100] "GET /PodCast/Erinerig?action=diff HTTP/1.1" 200 12239 "-" "Mozilla/5.0 (Macintosh; Intel Mac OS X 10.15; rv:103.0) Gecko/20100101 Firefox/103.0"
85.25.185.196 - - [10/Dec/2022:20:54:16 +0100] "GET /PodCast/Apsourdistan2?action=print HTTP/1.1" 200 5133 "-" "Mozilla/5.0 (Macintosh; Intel Mac OS X 10.15; rv:103.0) Gecko/20100101 Firefox/103.0"
85.25.185.196 - - [10/Dec/2022:20:59:31 +0100] "GET /PodCast/Erinerig?action=upload HTTP/1.1" 200 8536 "-" "Mozilla/5.0 (Macintosh; Intel Mac OS X 10.15; rv:103.0) Gecko/20100101 Firefox/103.0"
85.25.185.196 - - [10/Dec/2022:21:00:03 +0100] "GET /PodCast/Euirokraty?action=edit HTTP/1.1" 200 8664 "-" "Mozilla/5.0 (Macintosh; Intel Mac OS X 10.15; rv:103.0) Gecko/20100101 Firefox/103.0"
85.25.185.196 - - [10/Dec/2022:21:03:50 +0100] "GET /PodCast/Wistaria01?action=diff HTTP/1.1" 200 30371 "-" "Mozilla/5.0 (Macintosh; Intel Mac OS X 10.15; rv:103.0) Gecko/20100101 Firefox/103.0"
64.124.8.32 - - [10/Dec/2022:21:04:09 +0100] "GET /robots.txt HTTP/1.1" 200 - "-" "Mozilla/5.0 (X11; Linux x86_64) AppleWebKit/537.36 (KHTML, like Gecko) Chrome/61.0.3163.79 Safari/537.36"
64.124.8.32 - - [10/Dec/2022:21:04:09 +0100] "GET /PodCast/Gramatik HTTP/1.1" 200 23244 "-" "Mozilla/5.0 (X11; Linux x86_64) AppleWebKit/537.36 (KHTML, like Gecko) Chrome/61.0.3163.79 Safari/537.36"
85.25.185.196 - - [10/Dec/2022:21:05:17 +0100] "GET /PodCast/JBJ401?action=print HTTP/1.1" 200 14621 "-" "Mozilla/5.0 (Macintosh; Intel Mac OS X 10.15; rv:103.0) Gecko/20100101 Firefox/103.0"
185.191.171.13 - - [10/Dec/2022:21:05:29 +0100] "GET /PmWikiRu/WikiWord HTTP/1.1" 200 14194 "-" "Mozilla/5.0 (compatible; SemrushBot/7~bl; +http://www.semrush.com/bot.html)"
85.25.185.196 - - [10/Dec/2022:21:07:30 +0100] "GET /Site/111Stans1481?action=print HTTP/1.1" 200 8968 "-" "Mozilla/5.0 (Macintosh; Intel Mac OS X 10.15; rv:103.0) Gecko/20100101 Firefox/103.0"
3.216.185.164 - - [10/Dec/2022:21:08:11 +0100] "GET /PodCast/IndexPage?action=rss HTTP/1.1" 200 6298 "-" "PocketCasts/1.0 (Pocket Casts Feed Parser; +http://pocketcasts.com/)"
62.210.215.119 - - [10/Dec/2022:21:08:33 +0100] "GET /PodCast/IndexPage?action=rss HTTP/1.1" 200 6298 "-" "Mozilla/5.0 (X11; Linux i686) AppleWebKit/537.36 (KHTML, like Gecko) Chrome/30.0.1599.66 Safari/537.36"
