194.209.200.2 - - [26/Oct/2022:12:34:53 +0200] "GET /Texte/Schrybwys HTTP/1.1" 200 11028 "-" "Mozilla/5.0 (compatible; TMMBot/0.2; +http://www.dslab.ch)/Nutch-1.15"
194.209.200.2 - - [26/Oct/2022:12:35:41 +0200] "GET /Texte/ArsAmatoria HTTP/1.1" 200 12369 "-" "Mozilla/5.0 (compatible; TMMBot/0.2; +http://www.dslab.ch)/Nutch-1.15"
194.209.200.2 - - [26/Oct/2022:12:35:54 +0200] "GET /Texte/GDicht HTTP/1.1" 200 8050 "-" "Mozilla/5.0 (compatible; TMMBot/0.2; +http://www.dslab.ch)/Nutch-1.15"
85.25.177.139 - - [26/Oct/2022:12:39:19 +0200] "GET /robots.txt HTTP/1.1" 200 - "-" "Mozilla/5.0 (Macintosh; Intel Mac OS X 10.15; rv:103.0) Gecko/20100101 Firefox/103.0"
85.25.177.139 - - [26/Oct/2022:12:39:19 +0200] "GET /Texte/Roman HTTP/1.1" 200 38741 "-" "Mozilla/5.0 (Macintosh; Intel Mac OS X 10.15; rv:103.0) Gecko/20100101 Firefox/103.0"
85.25.177.139 - - [26/Oct/2022:12:55:42 +0200] "GET /robots.txt HTTP/1.1" 200 - "-" "Mozilla/5.0 (Macintosh; Intel Mac OS X 10.15; rv:103.0) Gecko/20100101 Firefox/103.0"
85.25.177.139 - - [26/Oct/2022:12:55:42 +0200] "GET /Texte/Roman HTTP/1.1" 200 38741 "-" "Mozilla/5.0 (Macintosh; Intel Mac OS X 10.15; rv:103.0) Gecko/20100101 Firefox/103.0"
85.25.177.139 - - [26/Oct/2022:13:03:25 +0200] "GET /robots.txt HTTP/1.1" 200 - "-" "Mozilla/5.0 (Macintosh; Intel Mac OS X 10.15; rv:103.0) Gecko/20100101 Firefox/103.0"
85.25.177.139 - - [26/Oct/2022:13:03:25 +0200] "GET /Main/Home?action=diff HTTP/1.1" 200 43491 "-" "Mozilla/5.0 (Macintosh; Intel Mac OS X 10.15; rv:103.0) Gecko/20100101 Firefox/103.0"
66.249.76.222 - - [26/Oct/2022:13:04:16 +0200] "GET /PodCast/IndexPage?action=rss HTTP/1.1" 200 6298 "-" "Mozilla/5.0 (compatible; Googlebot/2.1; +http://www.google.com/bot.html)"
85.25.177.139 - - [26/Oct/2022:13:06:15 +0200] "GET /sitemap.xml HTTP/1.1" 404 281 "-" "Mozilla/5.0 (Macintosh; Intel Mac OS X 10.15; rv:103.0) Gecko/20100101 Firefox/103.0"
194.209.200.2 - - [26/Oct/2022:13:08:28 +0200] "GET /robots.txt HTTP/1.1" 200 - "-" "Mozilla/5.0 (compatible; TMMBot/0.2; +http://www.dslab.ch)/Nutch-1.15"
194.209.200.2 - - [26/Oct/2022:13:08:28 +0200] "GET /Admin/Jahresbericht HTTP/1.1" 200 45530 "-" "Mozilla/5.0 (compatible; TMMBot/0.2; +http://www.dslab.ch)/Nutch-1.15"
85.25.177.139 - - [26/Oct/2022:13:08:35 +0200] "GET /PodCast/RSSPodcasts?action=diff HTTP/1.1" 200 25500 "-" "Mozilla/5.0 (Macintosh; Intel Mac OS X 10.15; rv:103.0) Gecko/20100101 Firefox/103.0"
194.209.200.2 - - [26/Oct/2022:13:08:50 +0200] "GET /Texte/Limericks HTTP/1.1" 200 8087 "-" "Mozilla/5.0 (compatible; TMMBot/0.2; +http://www.dslab.ch)/Nutch-1.15"
194.209.200.2 - - [26/Oct/2022:13:08:55 +0200] "GET /Texte/Schrybwys HTTP/1.1" 200 11028 "-" "Mozilla/5.0 (compatible; TMMBot/0.2; +http://www.dslab.ch)/Nutch-1.15"
194.209.200.2 - - [26/Oct/2022:13:10:08 +0200] "GET /Texte/GDicht HTTP/1.1" 200 8050 "-" "Mozilla/5.0 (compatible; TMMBot/0.2; +http://www.dslab.ch)/Nutch-1.15"
66.249.76.193 - - [26/Oct/2022:13:10:19 +0200] "GET /PodCast/IndexPage?action=rss HTTP/1.1" 200 6298 "-" "Mozilla/5.0 (compatible; Googlebot/2.1; +http://www.google.com/bot.html)"
85.25.177.139 - - [26/Oct/2022:13:14:14 +0200] "GET /robots.txt HTTP/1.1" 200 - "-" "Mozilla/5.0 (Macintosh; Intel Mac OS X 10.15; rv:103.0) Gecko/20100101 Firefox/103.0"
85.25.177.139 - - [26/Oct/2022:13:14:14 +0200] "GET /PodCast/RSSPodcasts?action=edit HTTP/1.1" 200 8680 "-" "Mozilla/5.0 (Macintosh; Intel Mac OS X 10.15; rv:103.0) Gecko/20100101 Firefox/103.0"
40.77.167.83 - - [26/Oct/2022:13:18:49 +0200] "GET /Site/Search?pagename=Site%2FSearch&q=2022 HTTP/1.1" 200 11056 "-" "Mozilla/5.0 (compatible; bingbot/2.0; +http://www.bing.com/bingbot.htm)"
85.25.177.139 - - [26/Oct/2022:13:19:36 +0200] "GET /robots.txt HTTP/1.1" 200 - "-" "Mozilla/5.0 (Macintosh; Intel Mac OS X 10.15; rv:103.0) Gecko/20100101 Firefox/103.0"
85.25.177.139 - - [26/Oct/2022:13:19:36 +0200] "GET /PodCast/RSSPodcasts?action=upload HTTP/1.1" 200 8580 "-" "Mozilla/5.0 (Macintosh; Intel Mac OS X 10.15; rv:103.0) Gecko/20100101 Firefox/103.0"
42.236.10.72 - - [26/Oct/2022:13:24:28 +0200] "GET / HTTP/1.1" 200 15085 "http://www.pro-zurituutsch.ch/" "Mozilla/5.0 (Windows NT 6.1; WOW64) AppleWebKit/537.36 (KHTML, like Gecko) Chrome/50.0.2661.102 Safari/537.36; 360Spider"
85.25.177.139 - - [26/Oct/2022:13:26:15 +0200] "GET /robots.txt HTTP/1.1" 200 - "-" "Mozilla/5.0 (Macintosh; Intel Mac OS X 10.15; rv:103.0) Gecko/20100101 Firefox/103.0"
85.25.177.139 - - [26/Oct/2022:13:26:15 +0200] "GET /PodCast/RSSPodcasts?action=print HTTP/1.1" 200 3073 "-" "Mozilla/5.0 (Macintosh; Intel Mac OS X 10.15; rv:103.0) Gecko/20100101 Firefox/103.0"
85.25.177.139 - - [26/Oct/2022:13:29:27 +0200] "GET /Texte/Metamorphoses?action=edit HTTP/1.1" 200 8677 "-" "Mozilla/5.0 (Macintosh; Intel Mac OS X 10.15; rv:103.0) Gecko/20100101 Firefox/103.0"
85.25.177.139 - - [26/Oct/2022:13:35:39 +0200] "GET /robots.txt HTTP/1.1" 200 - "-" "Mozilla/5.0 (Macintosh; Intel Mac OS X 10.15; rv:103.0) Gecko/20100101 Firefox/103.0"
85.25.177.139 - - [26/Oct/2022:13:35:39 +0200] "GET /Texte/Metamorphoses?action=diff HTTP/1.1" 200 22809 "-" "Mozilla/5.0 (Macintosh; Intel Mac OS X 10.15; rv:103.0) Gecko/20100101 Firefox/103.0"
8.29.198.25 - - [26/Oct/2022:13:38:32 +0200] "GET /PodCast/IndexPage?action=rss HTTP/1.1" 200 6298 "-" "Feedly/1.0 (+http://www.feedly.com/fetcher.html; 3 subscribers; like FeedFetcher-Google)"
85.25.177.139 - - [26/Oct/2022:13:40:47 +0200] "GET /robots.txt HTTP/1.1" 200 - "-" "Mozilla/5.0 (Macintosh; Intel Mac OS X 10.15; rv:103.0) Gecko/20100101 Firefox/103.0"
85.25.177.139 - - [26/Oct/2022:13:40:47 +0200] "GET /Texte/Metamorphoses?action=print HTTP/1.1" 200 3227 "-" "Mozilla/5.0 (Macintosh; Intel Mac OS X 10.15; rv:103.0) Gecko/20100101 Firefox/103.0"
85.25.177.139 - - [26/Oct/2022:13:45:40 +0200] "GET /robots.txt HTTP/1.1" 200 - "-" "Mozilla/5.0 (Macintosh; Intel Mac OS X 10.15; rv:103.0) Gecko/20100101 Firefox/103.0"
85.25.177.139 - - [26/Oct/2022:13:45:40 +0200] "GET /Texte/Metamorphoses?action=upload HTTP/1.1" 200 8577 "-" "Mozilla/5.0 (Macintosh; Intel Mac OS X 10.15; rv:103.0) Gecko/20100101 Firefox/103.0"
194.209.200.2 - - [26/Oct/2022:13:46:04 +0200] "GET /robots.txt HTTP/1.1" 200 - "-" "Mozilla/5.0 (compatible; TMMBot/0.2; +http://www.dslab.ch)/Nutch-1.15"
194.209.200.2 - - [26/Oct/2022:13:46:04 +0200] "GET /Admin/Jahresbericht HTTP/1.1" 200 45530 "-" "Mozilla/5.0 (compatible; TMMBot/0.2; +http://www.dslab.ch)/Nutch-1.15"
194.209.200.2 - - [26/Oct/2022:13:46:26 +0200] "GET /Texte/Limericks HTTP/1.1" 200 8087 "-" "Mozilla/5.0 (compatible; TMMBot/0.2; +http://www.dslab.ch)/Nutch-1.15"
194.209.200.2 - - [26/Oct/2022:13:46:30 +0200] "GET /Texte/Schrybwys HTTP/1.1" 200 11028 "-" "Mozilla/5.0 (compatible; TMMBot/0.2; +http://www.dslab.ch)/Nutch-1.15"
194.209.200.2 - - [26/Oct/2022:13:47:19 +0200] "GET /Texte/ArsAmatoria HTTP/1.1" 200 12369 "-" "Mozilla/5.0 (compatible; TMMBot/0.2; +http://www.dslab.ch)/Nutch-1.15"
194.209.200.2 - - [26/Oct/2022:13:47:34 +0200] "GET /Texte/GDicht HTTP/1.1" 200 8050 "-" "Mozilla/5.0 (compatible; TMMBot/0.2; +http://www.dslab.ch)/Nutch-1.15"
194.209.200.2 - - [26/Oct/2022:13:48:04 +0200] "GET /Texte/Styluebige HTTP/1.1" 200 9998 "-" "Mozilla/5.0 (compatible; TMMBot/0.2; +http://www.dslab.ch)/Nutch-1.15"
85.25.177.139 - - [26/Oct/2022:13:50:28 +0200] "GET /Texte/Styluebige?action=print HTTP/1.1" 200 4223 "-" "Mozilla/5.0 (Macintosh; Intel Mac OS X 10.15; rv:103.0) Gecko/20100101 Firefox/103.0"
85.25.177.139 - - [26/Oct/2022:13:54:10 +0200] "GET /Texte/Styluebige?action=diff HTTP/1.1" 200 34048 "-" "Mozilla/5.0 (Macintosh; Intel Mac OS X 10.15; rv:103.0) Gecko/20100101 Firefox/103.0"
85.25.177.139 - - [26/Oct/2022:13:56:32 +0200] "GET /Texte/Styluebige?action=upload HTTP/1.1" 200 8535 "-" "Mozilla/5.0 (Macintosh; Intel Mac OS X 10.15; rv:103.0) Gecko/20100101 Firefox/103.0"
3.216.185.164 - - [26/Oct/2022:14:01:54 +0200] "GET /PodCast/IndexPage?action=rss HTTP/1.1" 200 6298 "-" "PocketCasts/1.0 (Pocket Casts Feed Parser; +http://pocketcasts.com/)"
54.36.148.210 - - [26/Oct/2022:14:03:01 +0200] "GET /PodCast/RSSPodcasts?action=edit HTTP/1.1" 403 18 "-" "Mozilla/5.0 (compatible; AhrefsBot/7.0; +http://ahrefs.com/robot/)"
66.249.66.206 - - [26/Oct/2022:14:03:50 +0200] "GET /PodCast/IndexPage?action=rss HTTP/1.1" 200 6298 "-" "Mozilla/5.0 (compatible; Googlebot/2.1; +http://www.google.com/bot.html)"
66.249.76.222 - - [26/Oct/2022:14:04:16 +0200] "GET /PodCast/IndexPage?action=rss HTTP/1.1" 200 6298 "-" "Mozilla/5.0 (compatible; Googlebot/2.1; +http://www.google.com/bot.html)"
85.25.177.139 - - [26/Oct/2022:14:06:29 +0200] "GET /robots.txt HTTP/1.1" 200 - "-" "Mozilla/5.0 (Macintosh; Intel Mac OS X 10.15; rv:103.0) Gecko/20100101 Firefox/103.0"
85.25.177.139 - - [26/Oct/2022:14:06:30 +0200] "GET /Texte/Limericks?action=diff HTTP/1.1" 200 9581 "-" "Mozilla/5.0 (Macintosh; Intel Mac OS X 10.15; rv:103.0) Gecko/20100101 Firefox/103.0"
54.36.148.17 - - [26/Oct/2022:14:09:21 +0200] "GET /PodCast/RSSPodcasts?action=print HTTP/1.1" 403 18 "-" "Mozilla/5.0 (compatible; AhrefsBot/7.0; +http://ahrefs.com/robot/)"
207.46.13.151 - - [26/Oct/2022:14:10:10 +0200] "GET /Site/Search?pagename=Site%2FSearch&q=2023 HTTP/1.1" 200 10829 "-" "Mozilla/5.0 AppleWebKit/537.36 (KHTML, like Gecko; compatible; bingbot/2.0; +http://www.bing.com/bingbot.htm) Chrome/103.0.5060.134 Safari/537.36"
168.119.51.163 - - [26/Oct/2022:14:12:47 +0200] "GET /robots.txt HTTP/1.1" 200 - "-" "Mozilla/5.0 (compatible; um-IC/1.0; mailto: techinfo@ubermetrics-technologies.com; Windows NT 6.1; WOW64; rv:40.0) Gecko/20100101 Firefox/40.1"
168.119.51.163 - - [26/Oct/2022:14:12:48 +0200] "GET /PodCast/IndexPage?action=rss HTTP/1.1" 200 6298 "-" "Mozilla/5.0 (compatible; um-IC/1.0; mailto: techinfo@ubermetrics-technologies.com; Windows NT 6.1; WOW64; rv:40.0) Gecko/20100101 Firefox/40.1"
85.25.177.139 - - [26/Oct/2022:14:14:28 +0200] "GET /robots.txt HTTP/1.1" 200 - "-" "Mozilla/5.0 (Macintosh; Intel Mac OS X 10.15; rv:103.0) Gecko/20100101 Firefox/103.0"
85.25.177.139 - - [26/Oct/2022:14:14:28 +0200] "GET /Texte/Limericks?action=print HTTP/1.1" 200 2296 "-" "Mozilla/5.0 (Macintosh; Intel Mac OS X 10.15; rv:103.0) Gecko/20100101 Firefox/103.0"
54.36.148.149 - - [26/Oct/2022:14:15:31 +0200] "GET /PodCast/RSSPodcasts?action=upload HTTP/1.1" 403 18 "-" "Mozilla/5.0 (compatible; AhrefsBot/7.0; +http://ahrefs.com/robot/)"
194.209.200.2 - - [26/Oct/2022:14:21:45 +0200] "GET /robots.txt HTTP/1.1" 200 - "-" "Mozilla/5.0 (compatible; TMMBot/0.2; +http://www.dslab.ch)/Nutch-1.15"
194.209.200.2 - - [26/Oct/2022:14:21:45 +0200] "GET /Admin/Jahresbericht HTTP/1.1" 200 45530 "-" "Mozilla/5.0 (compatible; TMMBot/0.2; +http://www.dslab.ch)/Nutch-1.15"
194.209.200.2 - - [26/Oct/2022:14:22:06 +0200] "GET /Texte/Limericks HTTP/1.1" 200 8087 "-" "Mozilla/5.0 (compatible; TMMBot/0.2; +http://www.dslab.ch)/Nutch-1.15"
194.209.200.2 - - [26/Oct/2022:14:22:10 +0200] "GET /Texte/Schrybwys HTTP/1.1" 200 11028 "-" "Mozilla/5.0 (compatible; TMMBot/0.2; +http://www.dslab.ch)/Nutch-1.15"
85.25.177.139 - - [26/Oct/2022:14:22:30 +0200] "GET /robots.txt HTTP/1.1" 200 - "-" "Mozilla/5.0 (Macintosh; Intel Mac OS X 10.15; rv:103.0) Gecko/20100101 Firefox/103.0"
85.25.177.139 - - [26/Oct/2022:14:22:30 +0200] "GET /Admin/Links?action=diff HTTP/1.1" 200 24486 "-" "Mozilla/5.0 (Macintosh; Intel Mac OS X 10.15; rv:103.0) Gecko/20100101 Firefox/103.0"
194.209.200.2 - - [26/Oct/2022:14:23:01 +0200] "GET /Texte/ArsAmatoria HTTP/1.1" 200 12369 "-" "Mozilla/5.0 (compatible; TMMBot/0.2; +http://www.dslab.ch)/Nutch-1.15"
194.209.200.2 - - [26/Oct/2022:14:23:16 +0200] "GET /Texte/GDicht HTTP/1.1" 200 8050 "-" "Mozilla/5.0 (compatible; TMMBot/0.2; +http://www.dslab.ch)/Nutch-1.15"
85.25.177.139 - - [26/Oct/2022:14:26:54 +0200] "GET /Admin/Links?action=print HTTP/1.1" 200 8442 "-" "Mozilla/5.0 (Macintosh; Intel Mac OS X 10.15; rv:103.0) Gecko/20100101 Firefox/103.0"
3.219.254.95 - - [26/Oct/2022:14:33:35 +0200] "GET /PodCast/IndexPage?action=rss HTTP/1.1" 200 6298 "-" "PocketCasts/1.0 (Pocket Casts Feed Parser; +http://pocketcasts.com/)"
85.25.177.139 - - [26/Oct/2022:14:34:54 +0200] "GET /robots.txt HTTP/1.1" 200 - "-" "Mozilla/5.0 (Macintosh; Intel Mac OS X 10.15; rv:103.0) Gecko/20100101 Firefox/103.0"
85.25.177.139 - - [26/Oct/2022:14:34:54 +0200] "GET /Admin/Links?action=edit HTTP/1.1" 200 8565 "-" "Mozilla/5.0 (Macintosh; Intel Mac OS X 10.15; rv:103.0) Gecko/20100101 Firefox/103.0"
85.25.177.139 - - [26/Oct/2022:14:45:17 +0200] "GET /robots.txt HTTP/1.1" 200 - "-" "Mozilla/5.0 (Macintosh; Intel Mac OS X 10.15; rv:103.0) Gecko/20100101 Firefox/103.0"
85.25.177.139 - - [26/Oct/2022:14:45:17 +0200] "GET /Admin/Links?action=upload HTTP/1.1" 200 8465 "-" "Mozilla/5.0 (Macintosh; Intel Mac OS X 10.15; rv:103.0) Gecko/20100101 Firefox/103.0"
194.209.200.2 - - [26/Oct/2022:14:54:20 +0200] "GET /robots.txt HTTP/1.1" 200 - "-" "Mozilla/5.0 (compatible; TMMBot/0.2; +http://www.dslab.ch)/Nutch-1.15"
194.209.200.2 - - [26/Oct/2022:14:54:20 +0200] "GET /Admin/Jahresbericht HTTP/1.1" 200 45530 "-" "Mozilla/5.0 (compatible; TMMBot/0.2; +http://www.dslab.ch)/Nutch-1.15"
194.209.200.2 - - [26/Oct/2022:14:54:42 +0200] "GET /Texte/Limericks HTTP/1.1" 200 8087 "-" "Mozilla/5.0 (compatible; TMMBot/0.2; +http://www.dslab.ch)/Nutch-1.15"
194.209.200.2 - - [26/Oct/2022:14:54:47 +0200] "GET /Texte/Schrybwys HTTP/1.1" 200 11028 "-" "Mozilla/5.0 (compatible; TMMBot/0.2; +http://www.dslab.ch)/Nutch-1.15"
194.209.200.2 - - [26/Oct/2022:14:55:33 +0200] "GET /Texte/ArsAmatoria HTTP/1.1" 200 12369 "-" "Mozilla/5.0 (compatible; TMMBot/0.2; +http://www.dslab.ch)/Nutch-1.15"
194.209.200.2 - - [26/Oct/2022:14:55:46 +0200] "GET /Texte/GDicht HTTP/1.1" 200 8050 "-" "Mozilla/5.0 (compatible; TMMBot/0.2; +http://www.dslab.ch)/Nutch-1.15"
194.209.200.2 - - [26/Oct/2022:14:56:25 +0200] "GET /Texte/Metamorphoses HTTP/1.1" 200 9045 "-" "Mozilla/5.0 (compatible; TMMBot/0.2; +http://www.dslab.ch)/Nutch-1.15"
85.25.177.139 - - [26/Oct/2022:14:57:41 +0200] "GET /robots.txt HTTP/1.1" 200 - "-" "Mozilla/5.0 (Macintosh; Intel Mac OS X 10.15; rv:103.0) Gecko/20100101 Firefox/103.0"
85.25.177.139 - - [26/Oct/2022:14:57:41 +0200] "GET /Admin/ZurStiftung?action=diff HTTP/1.1" 200 35297 "-" "Mozilla/5.0 (Macintosh; Intel Mac OS X 10.15; rv:103.0) Gecko/20100101 Firefox/103.0"
66.249.76.220 - - [26/Oct/2022:15:01:16 +0200] "GET /PodCast/IndexPage?action=rss HTTP/1.1" 200 6298 "-" "Mozilla/5.0 (compatible; Googlebot/2.1; +http://www.google.com/bot.html)"
85.25.177.139 - - [26/Oct/2022:15:01:56 +0200] "GET /Admin/ZurStiftung?action=upload HTTP/1.1" 200 8551 "-" "Mozilla/5.0 (Macintosh; Intel Mac OS X 10.15; rv:103.0) Gecko/20100101 Firefox/103.0"
85.25.177.139 - - [26/Oct/2022:15:09:51 +0200] "GET /robots.txt HTTP/1.1" 200 - "-" "Mozilla/5.0 (Macintosh; Intel Mac OS X 10.15; rv:103.0) Gecko/20100101 Firefox/103.0"
85.25.177.139 - - [26/Oct/2022:15:09:52 +0200] "GET /Admin/ZurStiftung?action=edit HTTP/1.1" 200 8651 "-" "Mozilla/5.0 (Macintosh; Intel Mac OS X 10.15; rv:103.0) Gecko/20100101 Firefox/103.0"
54.36.149.1 - - [26/Oct/2022:15:13:48 +0200] "GET /PodCast/RSSPodcasts?action=diff HTTP/1.1" 403 18 "-" "Mozilla/5.0 (compatible; AhrefsBot/7.0; +http://ahrefs.com/robot/)"
40.77.167.74 - - [26/Oct/2022:15:17:04 +0200] "GET /PodCast/Gottesliebe?action=diff HTTP/1.1" 403 18 "-" "Mozilla/5.0 AppleWebKit/537.36 (KHTML, like Gecko; compatible; bingbot/2.0; +http://www.bing.com/bingbot.htm) Chrome/103.0.5060.134 Safari/537.36"
194.209.200.2 - - [26/Oct/2022:15:28:13 +0200] "GET /robots.txt HTTP/1.1" 200 - "-" "Mozilla/5.0 (compatible; TMMBot/0.2; +http://www.dslab.ch)/Nutch-1.15"
194.209.200.2 - - [26/Oct/2022:15:28:13 +0200] "GET /Admin/Jahresbericht HTTP/1.1" 200 45530 "-" "Mozilla/5.0 (compatible; TMMBot/0.2; +http://www.dslab.ch)/Nutch-1.15"
194.209.200.2 - - [26/Oct/2022:15:28:36 +0200] "GET /Texte/Limericks HTTP/1.1" 200 8087 "-" "Mozilla/5.0 (compatible; TMMBot/0.2; +http://www.dslab.ch)/Nutch-1.15"
194.209.200.2 - - [26/Oct/2022:15:28:43 +0200] "GET /Texte/Schrybwys HTTP/1.1" 200 11028 "-" "Mozilla/5.0 (compatible; TMMBot/0.2; +http://www.dslab.ch)/Nutch-1.15"
194.209.200.2 - - [26/Oct/2022:15:29:29 +0200] "GET /Texte/ArsAmatoria HTTP/1.1" 200 12369 "-" "Mozilla/5.0 (compatible; TMMBot/0.2; +http://www.dslab.ch)/Nutch-1.15"
194.209.200.2 - - [26/Oct/2022:15:29:42 +0200] "GET /Texte/GDicht HTTP/1.1" 200 8050 "-" "Mozilla/5.0 (compatible; TMMBot/0.2; +http://www.dslab.ch)/Nutch-1.15"
194.209.200.2 - - [26/Oct/2022:15:30:22 +0200] "GET /Texte/Metamorphoses HTTP/1.1" 200 9045 "-" "Mozilla/5.0 (compatible; TMMBot/0.2; +http://www.dslab.ch)/Nutch-1.15"
85.25.177.139 - - [26/Oct/2022:15:31:05 +0200] "GET /robots.txt HTTP/1.1" 200 - "-" "Mozilla/5.0 (Macintosh; Intel Mac OS X 10.15; rv:103.0) Gecko/20100101 Firefox/103.0"
85.25.177.139 - - [26/Oct/2022:15:31:05 +0200] "GET /Texte/ZurcherischEnglish?action=diff&source=y&minor=n HTTP/1.1" 200 9925 "-" "Mozilla/5.0 (Macintosh; Intel Mac OS X 10.15; rv:103.0) Gecko/20100101 Firefox/103.0"
85.25.177.139 - - [26/Oct/2022:15:34:59 +0200] "GET /Texte/ZurcherischEnglish?action=diff&source=n&minor=y HTTP/1.1" 200 9905 "-" "Mozilla/5.0 (Macintosh; Intel Mac OS X 10.15; rv:103.0) Gecko/20100101 Firefox/103.0"
85.25.177.139 - - [26/Oct/2022:15:38:04 +0200] "GET /Texte/ZurcherischEnglish?action=edit&restore=diff:1163053118:1163053118:&preview=y HTTP/1.1" 200 8795 "-" "Mozilla/5.0 (Macintosh; Intel Mac OS X 10.15; rv:103.0) Gecko/20100101 Firefox/103.0"
85.25.177.139 - - [26/Oct/2022:15:40:35 +0200] "GET /Admin/Pro-ZurituutschStatuten?action=upload HTTP/1.1" 200 8719 "-" "Mozilla/5.0 (Macintosh; Intel Mac OS X 10.15; rv:103.0) Gecko/20100101 Firefox/103.0"
85.25.177.139 - - [26/Oct/2022:15:43:45 +0200] "GET /robots.txt HTTP/1.1" 200 - "-" "Mozilla/5.0 (Macintosh; Intel Mac OS X 10.15; rv:103.0) Gecko/20100101 Firefox/103.0"
85.25.177.139 - - [26/Oct/2022:15:43:45 +0200] "GET /Admin/Pro-ZurituutschStatuten?action=diff HTTP/1.1" 200 14834 "-" "Mozilla/5.0 (Macintosh; Intel Mac OS X 10.15; rv:103.0) Gecko/20100101 Firefox/103.0"
3.216.185.164 - - [26/Oct/2022:15:44:36 +0200] "GET /PodCast/IndexPage?action=rss HTTP/1.1" 200 6298 "-" "PocketCasts/1.0 (Pocket Casts Feed Parser; +http://pocketcasts.com/)"
85.25.177.139 - - [26/Oct/2022:15:46:59 +0200] "GET /robots.txt HTTP/1.1" 200 - "-" "Mozilla/5.0 (Macintosh; Intel Mac OS X 10.15; rv:103.0) Gecko/20100101 Firefox/103.0"
85.25.177.139 - - [26/Oct/2022:15:46:59 +0200] "GET /Admin/Pro-ZurituutschStatuten?action=edit HTTP/1.1" 200 8819 "-" "Mozilla/5.0 (Macintosh; Intel Mac OS X 10.15; rv:103.0) Gecko/20100101 Firefox/103.0"
66.249.66.206 - - [26/Oct/2022:15:59:49 +0200] "GET /PodCast/IndexPage?action=rss HTTP/1.1" 200 6298 "-" "Mozilla/5.0 (compatible; Googlebot/2.1; +http://www.google.com/bot.html)"
194.209.200.2 - - [26/Oct/2022:16:03:01 +0200] "GET /robots.txt HTTP/1.1" 200 - "-" "Mozilla/5.0 (compatible; TMMBot/0.2; +http://www.dslab.ch)/Nutch-1.15"
194.209.200.2 - - [26/Oct/2022:16:03:01 +0200] "GET /Admin/Jahresbericht HTTP/1.1" 200 45530 "-" "Mozilla/5.0 (compatible; TMMBot/0.2; +http://www.dslab.ch)/Nutch-1.15"
194.209.200.2 - - [26/Oct/2022:16:03:28 +0200] "GET /Texte/Limericks HTTP/1.1" 200 8087 "-" "Mozilla/5.0 (compatible; TMMBot/0.2; +http://www.dslab.ch)/Nutch-1.15"
194.209.200.2 - - [26/Oct/2022:16:03:35 +0200] "GET /Texte/Schrybwys HTTP/1.1" 200 11028 "-" "Mozilla/5.0 (compatible; TMMBot/0.2; +http://www.dslab.ch)/Nutch-1.15"
194.209.200.2 - - [26/Oct/2022:16:05:20 +0200] "GET /Texte/GDicht HTTP/1.1" 200 8050 "-" "Mozilla/5.0 (compatible; TMMBot/0.2; +http://www.dslab.ch)/Nutch-1.15"
216.244.66.243 - - [26/Oct/2022:16:06:03 +0200] "GET /robots.txt HTTP/1.1" 200 - "-" "Mozilla/5.0 (compatible; DotBot/1.2; +https://opensiteexplorer.org/dotbot; help@moz.com)"
85.25.177.139 - - [26/Oct/2022:16:15:14 +0200] "GET /robots.txt HTTP/1.1" 200 - "-" "Mozilla/5.0 (Macintosh; Intel Mac OS X 10.15; rv:103.0) Gecko/20100101 Firefox/103.0"
85.25.177.139 - - [26/Oct/2022:16:15:14 +0200] "GET /Admin/Pro-ZurituutschStatuten?action=print HTTP/1.1" 200 3673 "-" "Mozilla/5.0 (Macintosh; Intel Mac OS X 10.15; rv:103.0) Gecko/20100101 Firefox/103.0"
85.25.177.139 - - [26/Oct/2022:16:17:35 +0200] "GET /Texte/Rezension?action=edit HTTP/1.1" 200 8621 "-" "Mozilla/5.0 (Macintosh; Intel Mac OS X 10.15; rv:103.0) Gecko/20100101 Firefox/103.0"
85.25.177.139 - - [26/Oct/2022:16:18:24 +0200] "GET /Texte/Rezension?action=print HTTP/1.1" 200 6021 "-" "Mozilla/5.0 (Macintosh; Intel Mac OS X 10.15; rv:103.0) Gecko/20100101 Firefox/103.0"
216.244.66.243 - - [26/Oct/2022:16:23:40 +0200] "GET /PodCast/Buecherbrand HTTP/1.1" 200 16880 "-" "Mozilla/5.0 (compatible; DotBot/1.2; +https://opensiteexplorer.org/dotbot; help@moz.com)"
85.25.177.139 - - [26/Oct/2022:16:24:47 +0200] "GET /robots.txt HTTP/1.1" 200 - "-" "Mozilla/5.0 (Macintosh; Intel Mac OS X 10.15; rv:103.0) Gecko/20100101 Firefox/103.0"
85.25.177.139 - - [26/Oct/2022:16:24:47 +0200] "GET /Texte/Rezension?action=diff HTTP/1.1" 200 19660 "-" "Mozilla/5.0 (Macintosh; Intel Mac OS X 10.15; rv:103.0) Gecko/20100101 Firefox/103.0"
64.124.8.36 - - [26/Oct/2022:16:26:29 +0200] "GET /robots.txt HTTP/1.1" 200 - "-" "Mozilla/5.0 (X11; Linux x86_64) AppleWebKit/537.36 (KHTML, like Gecko) Chrome/61.0.3163.79 Safari/537.36"
64.124.8.36 - - [26/Oct/2022:16:26:29 +0200] "GET / HTTP/1.1" 200 15085 "-" "Mozilla/5.0 (X11; Linux x86_64) AppleWebKit/537.36 (KHTML, like Gecko) Chrome/61.0.3163.79 Safari/537.36"
85.25.177.139 - - [26/Oct/2022:16:27:04 +0200] "GET /Texte/Rezension?action=upload HTTP/1.1" 200 8521 "-" "Mozilla/5.0 (Macintosh; Intel Mac OS X 10.15; rv:103.0) Gecko/20100101 Firefox/103.0"
85.25.177.139 - - [26/Oct/2022:16:29:34 +0200] "GET /Gast/Podcast?action=print HTTP/1.1" 200 2344 "-" "Mozilla/5.0 (Macintosh; Intel Mac OS X 10.15; rv:103.0) Gecko/20100101 Firefox/103.0"
216.244.66.243 - - [26/Oct/2022:16:30:08 +0200] "GET /PmWikiPtBr/Sandbox?from=PmWikiPtBr.SandBox HTTP/1.1" 200 9382 "-" "Mozilla/5.0 (compatible; DotBot/1.2; +https://opensiteexplorer.org/dotbot; help@moz.com)"
101.67.29.114 - - [26/Oct/2022:16:31:09 +0200] "GET / HTTP/1.1" 200 15085 "-" "Mozilla/5.0 (iPhone; CPU iPhone OS 10_3 like Mac OS X) AppleWebKit/602.1.50 (KHTML, like Gecko) CriOS/56.0.2924.75 Mobile/14E5239e YisouSpider/5.0 Safari/602.1"
60.188.9.88 - - [26/Oct/2022:16:31:10 +0200] "GET /pub/skins/pro-zurituutsch/gila.css HTTP/1.1" 200 10186 "http://www.pro-zurituutsch.ch/" "Mozilla/5.0 (iPhone; CPU iPhone OS 10_3 like Mac OS X) AppleWebKit/602.1.50 (KHTML, like Gecko) CriOS/56.0.2924.75 Mobile/14E5239e YisouSpider/5.0 Safari/602.1"
194.209.200.2 - - [26/Oct/2022:16:38:33 +0200] "GET /robots.txt HTTP/1.1" 200 - "-" "Mozilla/5.0 (compatible; TMMBot/0.2; +http://www.dslab.ch)/Nutch-1.15"
194.209.200.2 - - [26/Oct/2022:16:38:33 +0200] "GET /Admin/Jahresbericht HTTP/1.1" 200 45530 "-" "Mozilla/5.0 (compatible; TMMBot/0.2; +http://www.dslab.ch)/Nutch-1.15"
194.209.200.2 - - [26/Oct/2022:16:38:55 +0200] "GET /Texte/Limericks HTTP/1.1" 200 8087 "-" "Mozilla/5.0 (compatible; TMMBot/0.2; +http://www.dslab.ch)/Nutch-1.15"
194.209.200.2 - - [26/Oct/2022:16:38:59 +0200] "GET /Texte/Schrybwys HTTP/1.1" 200 11028 "-" "Mozilla/5.0 (compatible; TMMBot/0.2; +http://www.dslab.ch)/Nutch-1.15"
194.209.200.2 - - [26/Oct/2022:16:40:07 +0200] "GET /Texte/GDicht HTTP/1.1" 200 8050 "-" "Mozilla/5.0 (compatible; TMMBot/0.2; +http://www.dslab.ch)/Nutch-1.15"
54.36.149.18 - - [26/Oct/2022:16:50:46 +0200] "GET /Texte/ArsAmatoria?action=diff HTTP/1.1" 403 18 "-" "Mozilla/5.0 (compatible; AhrefsBot/7.0; +http://ahrefs.com/robot/)"
66.249.76.193 - - [26/Oct/2022:16:59:42 +0200] "GET /PodCast/IndexPage?action=rss HTTP/1.1" 200 6298 "-" "Mozilla/5.0 (compatible; Googlebot/2.1; +http://www.google.com/bot.html)"
161.156.29.33 - - [26/Oct/2022:17:07:48 +0200] "GET /robots.txt HTTP/1.1" 200 - "-" "Mozilla/5.0 (compatible; oBot/2.3.1; http://www.xforce-security.com/crawler/)"
161.156.29.33 - - [26/Oct/2022:17:07:48 +0200] "GET / HTTP/1.1" 200 15085 "-" "Mozilla/5.0 (compatible; oBot/2.3.1; http://www.xforce-security.com/crawler/)"
161.156.29.33 - - [26/Oct/2022:17:07:48 +0200] "GET /robots.txt HTTP/1.1" 200 - "-" "Mozilla/5.0 (compatible; oBot/2.3.1; http://www.xforce-security.com/crawler/)"
161.156.29.33 - - [26/Oct/2022:17:07:48 +0200] "GET / HTTP/1.1" 200 15085 "-" "Mozilla/5.0 (compatible; oBot/2.3.1; http://www.xforce-security.com/crawler/)"
216.244.66.243 - - [26/Oct/2022:17:08:23 +0200] "GET /robots.txt HTTP/1.1" 200 - "-" "Mozilla/5.0 (compatible; DotBot/1.2; +https://opensiteexplorer.org/dotbot; help@moz.com)"
85.25.177.139 - - [26/Oct/2022:17:11:47 +0200] "GET /robots.txt HTTP/1.1" 200 - "-" "Mozilla/5.0 (Macintosh; Intel Mac OS X 10.15; rv:103.0) Gecko/20100101 Firefox/103.0"
85.25.177.139 - - [26/Oct/2022:17:11:47 +0200] "GET /Texte HTTP/1.1" 404 8123 "-" "Mozilla/5.0 (Macintosh; Intel Mac OS X 10.15; rv:103.0) Gecko/20100101 Firefox/103.0"
85.25.177.139 - - [26/Oct/2022:17:12:43 +0200] "GET /PodCast/DryzaateFebrouar2011 HTTP/1.1" 200 8321 "-" "Mozilla/5.0 (Macintosh; Intel Mac OS X 10.15; rv:103.0) Gecko/20100101 Firefox/103.0"
194.209.200.2 - - [26/Oct/2022:17:13:54 +0200] "GET /robots.txt HTTP/1.1" 200 - "-" "Mozilla/5.0 (compatible; TMMBot/0.2; +http://www.dslab.ch)/Nutch-1.15"
194.209.200.2 - - [26/Oct/2022:17:13:54 +0200] "GET /Admin/Jahresbericht HTTP/1.1" 200 45530 "-" "Mozilla/5.0 (compatible; TMMBot/0.2; +http://www.dslab.ch)/Nutch-1.15"
85.25.177.139 - - [26/Oct/2022:17:13:54 +0200] "GET /PodCast/Sterbe HTTP/1.1" 200 8306 "-" "Mozilla/5.0 (Macintosh; Intel Mac OS X 10.15; rv:103.0) Gecko/20100101 Firefox/103.0"
194.209.200.2 - - [26/Oct/2022:17:14:14 +0200] "GET /Texte/Limericks HTTP/1.1" 200 8087 "-" "Mozilla/5.0 (compatible; TMMBot/0.2; +http://www.dslab.ch)/Nutch-1.15"
194.209.200.2 - - [26/Oct/2022:17:14:19 +0200] "GET /Texte/Schrybwys HTTP/1.1" 200 11028 "-" "Mozilla/5.0 (compatible; TMMBot/0.2; +http://www.dslab.ch)/Nutch-1.15"
194.209.200.2 - - [26/Oct/2022:17:15:25 +0200] "GET /Texte/GDicht HTTP/1.1" 200 8050 "-" "Mozilla/5.0 (compatible; TMMBot/0.2; +http://www.dslab.ch)/Nutch-1.15"
216.244.66.243 - - [26/Oct/2022:17:22:57 +0200] "GET /PmWikiDe/PmWikiDe HTTP/1.1" 200 11423 "-" "Mozilla/5.0 (compatible; DotBot/1.2; +https://opensiteexplorer.org/dotbot; help@moz.com)"
85.25.177.139 - - [26/Oct/2022:17:23:01 +0200] "GET /robots.txt HTTP/1.1" 200 - "-" "Mozilla/5.0 (Macintosh; Intel Mac OS X 10.15; rv:103.0) Gecko/20100101 Firefox/103.0"
85.25.177.139 - - [26/Oct/2022:17:23:01 +0200] "GET /PodCast/Wistaria01 HTTP/1.1" 200 23568 "-" "Mozilla/5.0 (Macintosh; Intel Mac OS X 10.15; rv:103.0) Gecko/20100101 Firefox/103.0"
3.216.185.164 - - [26/Oct/2022:17:29:44 +0200] "GET /PodCast/IndexPage?action=rss HTTP/1.1" 200 6298 "-" "PocketCasts/1.0 (Pocket Casts Feed Parser; +http://pocketcasts.com/)"
18.209.32.45 - - [26/Oct/2022:17:30:47 +0200] "GET /PodCast/IndexPage?action=rss HTTP/1.1" 200 6298 "https://www.google.com/" "Mozilla/5.0 (X11; Linux x86_64) AppleWebKit/537.36 (KHTML, like Gecko) Ubuntu Chromium/80.0.3987.87 Chrome/80.0.3987.87 Safari/537.36"
194.209.200.2 - - [26/Oct/2022:17:50:58 +0200] "GET /robots.txt HTTP/1.1" 200 - "-" "Mozilla/5.0 (compatible; TMMBot/0.2; +http://www.dslab.ch)/Nutch-1.15"
194.209.200.2 - - [26/Oct/2022:17:50:58 +0200] "GET /Admin/Jahresbericht HTTP/1.1" 200 45530 "-" "Mozilla/5.0 (compatible; TMMBot/0.2; +http://www.dslab.ch)/Nutch-1.15"
194.209.200.2 - - [26/Oct/2022:17:51:17 +0200] "GET /Texte/Limericks HTTP/1.1" 200 8087 "-" "Mozilla/5.0 (compatible; TMMBot/0.2; +http://www.dslab.ch)/Nutch-1.15"
194.209.200.2 - - [26/Oct/2022:17:51:21 +0200] "GET /Texte/Schrybwys HTTP/1.1" 200 11028 "-" "Mozilla/5.0 (compatible; TMMBot/0.2; +http://www.dslab.ch)/Nutch-1.15"
194.209.200.2 - - [26/Oct/2022:17:52:08 +0200] "GET /Texte/ArsAmatoria HTTP/1.1" 200 12369 "-" "Mozilla/5.0 (compatible; TMMBot/0.2; +http://www.dslab.ch)/Nutch-1.15"
194.209.200.2 - - [26/Oct/2022:17:52:22 +0200] "GET /Texte/GDicht HTTP/1.1" 200 8050 "-" "Mozilla/5.0 (compatible; TMMBot/0.2; +http://www.dslab.ch)/Nutch-1.15"
85.25.177.139 - - [26/Oct/2022:17:53:53 +0200] "GET /robots.txt HTTP/1.1" 200 - "-" "Mozilla/5.0 (Macintosh; Intel Mac OS X 10.15; rv:103.0) Gecko/20100101 Firefox/103.0"
85.25.177.139 - - [26/Oct/2022:17:53:53 +0200] "GET /Site/Bebi HTTP/1.1" 200 13127 "-" "Mozilla/5.0 (Macintosh; Intel Mac OS X 10.15; rv:103.0) Gecko/20100101 Firefox/103.0"
85.25.177.139 - - [26/Oct/2022:17:55:43 +0200] "GET /PodCast/Erinerig HTTP/1.1" 200 8726 "-" "Mozilla/5.0 (Macintosh; Intel Mac OS X 10.15; rv:103.0) Gecko/20100101 Firefox/103.0"
85.25.177.139 - - [26/Oct/2022:17:59:02 +0200] "GET /robots.txt HTTP/1.1" 200 - "-" "Mozilla/5.0 (Macintosh; Intel Mac OS X 10.15; rv:103.0) Gecko/20100101 Firefox/103.0"
85.25.177.139 - - [26/Oct/2022:17:59:02 +0200] "GET /PodCast/RURAkt1TIl5 HTTP/1.1" 200 18957 "-" "Mozilla/5.0 (Macintosh; Intel Mac OS X 10.15; rv:103.0) Gecko/20100101 Firefox/103.0"
85.25.177.139 - - [26/Oct/2022:17:59:47 +0200] "GET /PodCast/RURAkt2TIl1 HTTP/1.1" 200 24356 "-" "Mozilla/5.0 (Macintosh; Intel Mac OS X 10.15; rv:103.0) Gecko/20100101 Firefox/103.0"
66.249.76.193 - - [26/Oct/2022:18:01:48 +0200] "GET /PodCast/IndexPage?action=rss HTTP/1.1" 200 6298 "-" "Mozilla/5.0 (compatible; Googlebot/2.1; +http://www.google.com/bot.html)"
85.25.177.139 - - [26/Oct/2022:18:03:49 +0200] "GET /robots.txt HTTP/1.1" 200 - "-" "Mozilla/5.0 (Macintosh; Intel Mac OS X 10.15; rv:103.0) Gecko/20100101 Firefox/103.0"
85.25.177.139 - - [26/Oct/2022:18:03:49 +0200] "GET /PodCast/REZTheLightBetweenOceans HTTP/1.1" 200 10126 "-" "Mozilla/5.0 (Macintosh; Intel Mac OS X 10.15; rv:103.0) Gecko/20100101 Firefox/103.0"
207.46.13.151 - - [26/Oct/2022:18:12:52 +0200] "GET /PodCast/Erdegluck?action=diff HTTP/1.1" 403 18 "-" "Mozilla/5.0 AppleWebKit/537.36 (KHTML, like Gecko; compatible; bingbot/2.0; +http://www.bing.com/bingbot.htm) Chrome/103.0.5060.134 Safari/537.36"
85.25.177.139 - - [26/Oct/2022:18:17:18 +0200] "GET /robots.txt HTTP/1.1" 200 - "-" "Mozilla/5.0 (Macintosh; Intel Mac OS X 10.15; rv:103.0) Gecko/20100101 Firefox/103.0"
85.25.177.139 - - [26/Oct/2022:18:17:18 +0200] "GET /PodCast/Gschyder HTTP/1.1" 200 11945 "-" "Mozilla/5.0 (Macintosh; Intel Mac OS X 10.15; rv:103.0) Gecko/20100101 Firefox/103.0"
34.207.208.15 - - [26/Oct/2022:18:23:55 +0200] "GET /PodCast/IndexPage?action=rss HTTP/1.1" 200 6298 "-" "PlayerFM/1.0 Podcast Sync (1 subscribers; url=https://player.fm/series/podcast-2872909)"
46.101.9.216 - - [26/Oct/2022:18:24:12 +0200] "GET / HTTP/1.1" 200 15085 "-" "Mozilla/5.0 (Windows NT 6.0) AppleWebKit/537.36 (KHTML, like Gecko) Chrome/34.0.1847.116 Safari/537.36"
46.101.9.216 - - [26/Oct/2022:18:24:12 +0200] "GET /Main/Home HTTP/1.1" 200 15085 "-" "Mozilla/5.0 (Windows NT 6.0) AppleWebKit/537.36 (KHTML, like Gecko) Chrome/34.0.1847.116 Safari/537.36"
46.101.9.216 - - [26/Oct/2022:18:24:13 +0200] "GET /Main/Home?action=diff HTTP/1.1" 200 43491 "-" "Mozilla/5.0 (Windows NT 6.0) AppleWebKit/537.36 (KHTML, like Gecko) Chrome/34.0.1847.116 Safari/537.36"
46.101.9.216 - - [26/Oct/2022:18:24:14 +0200] "GET /Site/SideBar?action=edit HTTP/1.1" 200 8581 "-" "Mozilla/5.0 (Windows NT 6.0) AppleWebKit/537.36 (KHTML, like Gecko) Chrome/34.0.1847.116 Safari/537.36"
46.101.9.216 - - [26/Oct/2022:18:24:14 +0200] "GET /Main/Home?action=edit HTTP/1.1" 200 8537 "-" "Mozilla/5.0 (Windows NT 6.0) AppleWebKit/537.36 (KHTML, like Gecko) Chrome/34.0.1847.116 Safari/537.36"
46.101.9.216 - - [26/Oct/2022:18:24:15 +0200] "GET /Main/Home?action=print HTTP/1.1" 200 9353 "-" "Mozilla/5.0 (Windows NT 6.0) AppleWebKit/537.36 (KHTML, like Gecko) Chrome/34.0.1847.116 Safari/537.36"
46.101.9.216 - - [26/Oct/2022:18:24:15 +0200] "GET /Main/Home?action=upload HTTP/1.1" 200 8437 "-" "Mozilla/5.0 (Windows NT 6.0) AppleWebKit/537.36 (KHTML, like Gecko) Chrome/34.0.1847.116 Safari/537.36"
85.25.177.139 - - [26/Oct/2022:18:25:13 +0200] "GET /robots.txt HTTP/1.1" 200 - "-" "Mozilla/5.0 (Macintosh; Intel Mac OS X 10.15; rv:103.0) Gecko/20100101 Firefox/103.0"
85.25.177.139 - - [26/Oct/2022:18:25:13 +0200] "GET /PodCast/Waffeschoutz11 HTTP/1.1" 200 16222 "-" "Mozilla/5.0 (Macintosh; Intel Mac OS X 10.15; rv:103.0) Gecko/20100101 Firefox/103.0"
194.209.200.2 - - [26/Oct/2022:18:26:41 +0200] "GET /robots.txt HTTP/1.1" 200 - "-" "Mozilla/5.0 (compatible; TMMBot/0.2; +http://www.dslab.ch)/Nutch-1.15"
194.209.200.2 - - [26/Oct/2022:18:26:41 +0200] "GET /Admin/Jahresbericht HTTP/1.1" 200 45530 "-" "Mozilla/5.0 (compatible; TMMBot/0.2; +http://www.dslab.ch)/Nutch-1.15"
194.209.200.2 - - [26/Oct/2022:18:27:00 +0200] "GET /Texte/Limericks HTTP/1.1" 200 8087 "-" "Mozilla/5.0 (compatible; TMMBot/0.2; +http://www.dslab.ch)/Nutch-1.15"
194.209.200.2 - - [26/Oct/2022:18:27:04 +0200] "GET /Texte/Schrybwys HTTP/1.1" 200 11028 "-" "Mozilla/5.0 (compatible; TMMBot/0.2; +http://www.dslab.ch)/Nutch-1.15"
194.209.200.2 - - [26/Oct/2022:18:27:50 +0200] "GET /Texte/ArsAmatoria HTTP/1.1" 200 12369 "-" "Mozilla/5.0 (compatible; TMMBot/0.2; +http://www.dslab.ch)/Nutch-1.15"
194.209.200.2 - - [26/Oct/2022:18:28:06 +0200] "GET /Texte/GDicht HTTP/1.1" 200 8050 "-" "Mozilla/5.0 (compatible; TMMBot/0.2; +http://www.dslab.ch)/Nutch-1.15"
194.209.200.2 - - [26/Oct/2022:18:28:45 +0200] "GET /Texte/Metamorphoses HTTP/1.1" 200 9045 "-" "Mozilla/5.0 (compatible; TMMBot/0.2; +http://www.dslab.ch)/Nutch-1.15"
85.25.177.139 - - [26/Oct/2022:18:34:24 +0200] "GET /robots.txt HTTP/1.1" 200 - "-" "Mozilla/5.0 (Macintosh; Intel Mac OS X 10.15; rv:103.0) Gecko/20100101 Firefox/103.0"
85.25.177.139 - - [26/Oct/2022:18:34:26 +0200] "GET /Site/101Ramft1478 HTTP/1.1" 200 15898 "-" "Mozilla/5.0 (Macintosh; Intel Mac OS X 10.15; rv:103.0) Gecko/20100101 Firefox/103.0"
85.25.177.139 - - [26/Oct/2022:18:35:06 +0200] "GET /PodCast/SpruchZ HTTP/1.1" 200 10496 "-" "Mozilla/5.0 (Macintosh; Intel Mac OS X 10.15; rv:103.0) Gecko/20100101 Firefox/103.0"
216.131.104.167 - - [26/Oct/2022:18:37:05 +0200] "GET /Texte/Rezension HTTP/1.1" 200 11812 "http://www.pro-zurituutsch.ch" "Mozilla/5.0 (Windows NT 10.0; Win64; x64) AppleWebKit/537.36 (KHTML, like Gecko) Chrome/62.0.3202.94 Safari/537.36"
85.25.177.139 - - [26/Oct/2022:18:40:16 +0200] "GET /robots.txt HTTP/1.1" 200 - "-" "Mozilla/5.0 (Macintosh; Intel Mac OS X 10.15; rv:103.0) Gecko/20100101 Firefox/103.0"
85.25.177.139 - - [26/Oct/2022:18:40:16 +0200] "GET /PodCast/JBJ201 HTTP/1.1" 200 21992 "-" "Mozilla/5.0 (Macintosh; Intel Mac OS X 10.15; rv:103.0) Gecko/20100101 Firefox/103.0"
85.25.177.139 - - [26/Oct/2022:18:44:52 +0200] "GET /robots.txt HTTP/1.1" 200 - "-" "Mozilla/5.0 (Macintosh; Intel Mac OS X 10.15; rv:103.0) Gecko/20100101 Firefox/103.0"
85.25.177.139 - - [26/Oct/2022:18:44:52 +0200] "GET /PodCast/Gottesliebe HTTP/1.1" 200 13456 "-" "Mozilla/5.0 (Macintosh; Intel Mac OS X 10.15; rv:103.0) Gecko/20100101 Firefox/103.0"
85.25.177.139 - - [26/Oct/2022:18:50:32 +0200] "GET /robots.txt HTTP/1.1" 200 - "-" "Mozilla/5.0 (Macintosh; Intel Mac OS X 10.15; rv:103.0) Gecko/20100101 Firefox/103.0"
85.25.177.139 - - [26/Oct/2022:18:50:32 +0200] "GET /PodCast/SprChlaage HTTP/1.1" 200 13697 "-" "Mozilla/5.0 (Macintosh; Intel Mac OS X 10.15; rv:103.0) Gecko/20100101 Firefox/103.0"
147.78.47.249 - - [26/Oct/2022:18:52:38 +0200] "GET /_ignition/health-check/ HTTP/1.1" 302 173 "-" "Mozilla/5.0 (Windows NT 10.0; Win64; x64) AppleWebKit/537.36 (KHTML, like Gecko) Chrome/105.0.0.0 Safari/537.36"
147.78.47.249 - - [26/Oct/2022:18:52:38 +0200] "GET /Ignition/Health-check HTTP/1.1" 404 8269 "http://pro-zurituutsch.ch/_ignition/health-check/" "Mozilla/5.0 (Windows NT 10.0; Win64; x64) AppleWebKit/537.36 (KHTML, like Gecko) Chrome/105.0.0.0 Safari/537.36"
147.78.47.249 - - [26/Oct/2022:18:52:40 +0200] "GET /public/_ignition/health-check/ HTTP/1.1" 404 296 "-" "Mozilla/5.0 (Windows NT 10.0; Win64; x64) AppleWebKit/537.36 (KHTML, like Gecko) Chrome/105.0.0.0 Safari/537.36"
147.78.47.249 - - [26/Oct/2022:18:52:42 +0200] "GET /wp-includes/wlwmanifest.xml HTTP/1.1" 404 293 "-" "Mozilla/5.0 (Windows NT 10.0; Win64; x64) AppleWebKit/537.36 (KHTML, like Gecko) Chrome/105.0.0.0 Safari/537.36"
85.25.177.139 - - [26/Oct/2022:18:56:58 +0200] "GET /robots.txt HTTP/1.1" 200 - "-" "Mozilla/5.0 (Macintosh; Intel Mac OS X 10.15; rv:103.0) Gecko/20100101 Firefox/103.0"
85.25.177.139 - - [26/Oct/2022:18:56:58 +0200] "GET /Site/31Meuischtergass HTTP/1.1" 200 18979 "-" "Mozilla/5.0 (Macintosh; Intel Mac OS X 10.15; rv:103.0) Gecko/20100101 Firefox/103.0"
66.249.76.193 - - [26/Oct/2022:18:58:48 +0200] "GET /PodCast/IndexPage?action=rss HTTP/1.1" 200 6298 "-" "Mozilla/5.0 (compatible; Googlebot/2.1; +http://www.google.com/bot.html)"
194.209.200.2 - - [26/Oct/2022:19:01:08 +0200] "GET /robots.txt HTTP/1.1" 200 - "-" "Mozilla/5.0 (compatible; TMMBot/0.2; +http://www.dslab.ch)/Nutch-1.15"
194.209.200.2 - - [26/Oct/2022:19:01:08 +0200] "GET /Admin/Jahresbericht HTTP/1.1" 200 45530 "-" "Mozilla/5.0 (compatible; TMMBot/0.2; +http://www.dslab.ch)/Nutch-1.15"
194.209.200.2 - - [26/Oct/2022:19:01:28 +0200] "GET /Texte/Limericks HTTP/1.1" 200 8087 "-" "Mozilla/5.0 (compatible; TMMBot/0.2; +http://www.dslab.ch)/Nutch-1.15"
194.209.200.2 - - [26/Oct/2022:19:01:32 +0200] "GET /Texte/Schrybwys HTTP/1.1" 200 11028 "-" "Mozilla/5.0 (compatible; TMMBot/0.2; +http://www.dslab.ch)/Nutch-1.15"
194.209.200.2 - - [26/Oct/2022:19:02:24 +0200] "GET /Texte/ArsAmatoria HTTP/1.1" 200 12369 "-" "Mozilla/5.0 (compatible; TMMBot/0.2; +http://www.dslab.ch)/Nutch-1.15"
194.209.200.2 - - [26/Oct/2022:19:02:39 +0200] "GET /Texte/GDicht HTTP/1.1" 200 8050 "-" "Mozilla/5.0 (compatible; TMMBot/0.2; +http://www.dslab.ch)/Nutch-1.15"
114.119.154.65 - - [26/Oct/2022:19:06:38 +0200] "GET /robots.txt HTTP/1.1" 200 - "-" "Mozilla/5.0 (compatible;PetalBot;+https://webmaster.petalsearch.com/site/petalbot)"
3.216.185.164 - - [26/Oct/2022:19:06:58 +0200] "GET /PodCast/IndexPage?action=rss HTTP/1.1" 200 6298 "-" "PocketCasts/1.0 (Pocket Casts Feed Parser; +http://pocketcasts.com/)"
94.130.57.82 - - [26/Oct/2022:19:29:26 +0200] "GET /wp-content/plugins/iwp-client/readme.txt HTTP/1.1" 404 310 "https://www.google.com" "Mozilla/5.0 (Linux; Android 12; SM-S906N Build/QP1A.190711.020; wv) AppleWebKit/537.36 (KHTML, like Gecko) Version/4.0 Chrome/105.0.0.0 Mobile Safari/537.36"
94.130.57.82 - - [26/Oct/2022:19:29:45 +0200] "GET /wp-content/plugins/wp-time-capsule/readme.txt HTTP/1.1" 404 315 "https://www.google.com" "Mozilla/5.0 (Linux; Android 12; SM-S906N Build/QP1A.190711.020; wv) AppleWebKit/537.36 (KHTML, like Gecko) Version/4.0 Chrome/105.0.0.0 Mobile Safari/537.36"
94.130.57.82 - - [26/Oct/2022:19:30:01 +0200] "GET /wp-content/plugins/themegrill-demo-importer/readme.txt HTTP/1.1" 404 324 "https://www.google.com" "Mozilla/5.0 (Linux; Android 11; ONEPLUS A6013) AppleWebKit/537.36 (KHTML, like Gecko) Chrome/105.0.0.0 Mobile Safari/537.36"
94.130.57.82 - - [26/Oct/2022:19:30:21 +0200] "GET /wp-content/plugins/advanced-import/readme.txt HTTP/1.1" 404 315 "https://www.google.com" "Mozilla/5.0 (Macintosh; Intel Mac OS X 10_14_6) AppleWebKit/537.36 (KHTML, like Gecko) Chrome/104.0.0.0 Safari/537.36"
94.130.57.82 - - [26/Oct/2022:19:30:38 +0200] "GET /wp-content/plugins/woocommerce-jetpack/readme.txt HTTP/1.1" 404 319 "https://www.google.com" "Mozilla/5.0 (iPhone14,3; U; CPU iPhone OS 15_0 like Mac OS X) AppleWebKit/602.1.50 (KHTML, like Gecko) Version/10.0 Mobile/19A346 Safari/602.1"
94.130.57.82 - - [26/Oct/2022:19:30:58 +0200] "GET /wp-content/plugins/emails-verification-for-woocommerce/readme.txt HTTP/1.1" 404 335 "https://www.google.com" "Mozilla/5.0 (iPhone14,3; U; CPU iPhone OS 15_0 like Mac OS X) AppleWebKit/602.1.50 (KHTML, like Gecko) Version/10.0 Mobile/19A346 Safari/602.1"
94.130.57.82 - - [26/Oct/2022:19:31:16 +0200] "GET /wp-content/plugins/woocommerce-upload-files/js/wcuf-admin-menu.js HTTP/1.1" 404 335 "https://www.google.com" "Mozilla/5.0 (Linux; Android 12; SM-S906N Build/QP1A.190711.020; wv) AppleWebKit/537.36 (KHTML, like Gecko) Version/4.0 Chrome/105.0.0.0 Mobile Safari/537.36"
94.130.57.82 - - [26/Oct/2022:19:31:33 +0200] "GET /wp-content/plugins/wp-user-extra-fields/js/wpuef-configurator.js HTTP/1.1" 404 334 "https://www.google.com" "Mozilla/5.0 (Linux; Android 12; SM-S906N Build/QP1A.190711.020; wv) AppleWebKit/537.36 (KHTML, like Gecko) Version/4.0 Chrome/105.0.0.0 Mobile Safari/537.36"
94.130.57.82 - - [26/Oct/2022:19:31:49 +0200] "GET /wp-content/plugins/wp-automatic/changelog HTTP/1.1" 404 311 "https://www.google.com" "Mozilla/5.0 (iPhone14,3; U; CPU iPhone OS 15_0 like Mac OS X) AppleWebKit/602.1.50 (KHTML, like Gecko) Version/10.0 Mobile/19A346 Safari/602.1"
94.130.57.82 - - [26/Oct/2022:19:32:04 +0200] "GET /wp-content/plugins/wp-automatic/css/wp-automatic.css HTTP/1.1" 404 322 "https://www.google.com" "Mozilla/5.0 (Linux; Android 11; ONEPLUS A6013) AppleWebKit/537.36 (KHTML, like Gecko) Chrome/105.0.0.0 Mobile Safari/537.36"
94.130.57.82 - - [26/Oct/2022:19:32:22 +0200] "GET /wp-content/plugins/capability-manager-enhanced/readme.txt HTTP/1.1" 404 327 "https://www.google.com" "Mozilla/5.0 (Windows NT 10.0; Win64; x64) AppleWebKit/537.36 (KHTML, like Gecko) Chrome/104.0.0.0 Safari/537.36"
94.130.57.82 - - [26/Oct/2022:19:32:39 +0200] "GET /wp-content/plugins/capabilities-pro/readme.txt HTTP/1.1" 404 316 "https://www.google.com" "Mozilla/5.0 (iPhone14,3; U; CPU iPhone OS 15_0 like Mac OS X) AppleWebKit/602.1.50 (KHTML, like Gecko) Version/10.0 Mobile/19A346 Safari/602.1"
85.25.177.139 - - [26/Oct/2022:19:32:52 +0200] "GET /robots.txt HTTP/1.1" 200 - "-" "Mozilla/5.0 (Macintosh; Intel Mac OS X 10.15; rv:103.0) Gecko/20100101 Firefox/103.0"
85.25.177.139 - - [26/Oct/2022:19:32:52 +0200] "GET /Site/WGA5Herz HTTP/1.1" 200 20138 "-" "Mozilla/5.0 (Macintosh; Intel Mac OS X 10.15; rv:103.0) Gecko/20100101 Firefox/103.0"
94.130.57.82 - - [26/Oct/2022:19:32:55 +0200] "GET /wp-content/plugins/wp-pinterest-automatic/changelog HTTP/1.1" 404 321 "https://www.google.com" "Mozilla/5.0 (Linux; Android 11; ONEPLUS A6013) AppleWebKit/537.36 (KHTML, like Gecko) Chrome/105.0.0.0 Mobile Safari/537.36"
94.130.57.82 - - [26/Oct/2022:19:33:12 +0200] "GET /wp-content/plugins/ulisting/readme.txt HTTP/1.1" 404 308 "https://www.google.com" "Mozilla/5.0 (Linux; Android 11; Lenovo YT-J706X) AppleWebKit/537.36 (KHTML, like Gecko) Chrome/104.0.0.0 Safari/537.36"
94.130.57.82 - - [26/Oct/2022:19:33:29 +0200] "GET /wp-content/plugins/image-hover-effects-ultimate/readme.txt HTTP/1.1" 404 328 "https://www.google.com" "Mozilla/5.0 (iPhone14,3; U; CPU iPhone OS 15_0 like Mac OS X) AppleWebKit/602.1.50 (KHTML, like Gecko) Version/10.0 Mobile/19A346 Safari/602.1"
94.130.57.82 - - [26/Oct/2022:19:33:48 +0200] "GET /wp-content/plugins/ait-csv-import-export/changelog.txt HTTP/1.1" 404 324 "https://www.google.com" "Mozilla/5.0 (iPhone14,3; U; CPU iPhone OS 15_0 like Mac OS X) AppleWebKit/602.1.50 (KHTML, like Gecko) Version/10.0 Mobile/19A346 Safari/602.1"
94.130.57.82 - - [26/Oct/2022:19:34:04 +0200] "GET /wp-content/plugins/angwp/__%20UPDATES.txt HTTP/1.1" 404 309 "https://www.google.com" "Mozilla/5.0 (iPhone14,3; U; CPU iPhone OS 15_0 like Mac OS X) AppleWebKit/602.1.50 (KHTML, like Gecko) Version/10.0 Mobile/19A346 Safari/602.1"
94.130.57.82 - - [26/Oct/2022:19:34:20 +0200] "GET /wp-content/plugins/e-signature/page-template/default/style.css HTTP/1.1" 404 332 "https://www.google.com" "Mozilla/5.0 (Linux; Android 11; ONEPLUS A6013) AppleWebKit/537.36 (KHTML, like Gecko) Chrome/105.0.0.0 Mobile Safari/537.36"
168.119.51.163 - - [26/Oct/2022:19:34:25 +0200] "GET /robots.txt HTTP/1.1" 200 - "-" "Mozilla/5.0 (compatible; um-IC/1.0; mailto: techinfo@ubermetrics-technologies.com; Windows NT 6.1; WOW64; rv:40.0) Gecko/20100101 Firefox/40.1"
168.119.51.163 - - [26/Oct/2022:19:34:25 +0200] "GET /PodCast/IndexPage?action=rss HTTP/1.1" 200 6298 "-" "Mozilla/5.0 (compatible; um-IC/1.0; mailto: techinfo@ubermetrics-technologies.com; Windows NT 6.1; WOW64; rv:40.0) Gecko/20100101 Firefox/40.1"
94.130.57.82 - - [26/Oct/2022:19:34:37 +0200] "GET /wp-content/plugins/superstorefinder-wp/css/ssf-wp-admin.css HTTP/1.1" 404 329 "https://www.google.com" "Mozilla/5.0 (Macintosh; Intel Mac OS X 10_14_6) AppleWebKit/537.36 (KHTML, like Gecko) Chrome/104.0.0.0 Safari/537.36"
94.130.57.82 - - [26/Oct/2022:19:34:52 +0200] "GET /wp-content/plugins/super-interactive-maps/css/sim-wp-admin.css HTTP/1.1" 404 332 "https://www.google.com" "Mozilla/5.0 (iPhone14,3; U; CPU iPhone OS 15_0 like Mac OS X) AppleWebKit/602.1.50 (KHTML, like Gecko) Version/10.0 Mobile/19A346 Safari/602.1"
94.130.57.82 - - [26/Oct/2022:19:35:09 +0200] "GET /wp-content/plugins/superlogoshowcase-wp/css/sls-wp-admin.css HTTP/1.1" 404 330 "https://www.google.com" "Mozilla/5.0 (iPhone14,3; U; CPU iPhone OS 15_0 like Mac OS X) AppleWebKit/602.1.50 (KHTML, like Gecko) Version/10.0 Mobile/19A346 Safari/602.1"
94.130.57.82 - - [26/Oct/2022:19:35:27 +0200] "GET /wp-content/plugins/mstore-api/readme.txt HTTP/1.1" 404 310 "https://www.google.com" "Mozilla/5.0 (iPhone14,3; U; CPU iPhone OS 15_0 like Mac OS X) AppleWebKit/602.1.50 (KHTML, like Gecko) Version/10.0 Mobile/19A346 Safari/602.1"
94.130.57.82 - - [26/Oct/2022:19:35:44 +0200] "GET /wp-content/plugins/dzs-zoomsounds/admin/admin.css HTTP/1.1" 404 319 "https://www.google.com" "Mozilla/5.0 (Windows NT 10.0; Win64; x64) AppleWebKit/537.36 (KHTML, like Gecko) Chrome/104.0.0.0 Safari/537.36"
94.130.57.82 - - [26/Oct/2022:19:36:03 +0200] "GET /wp-content/plugins/shortcode-addons/readme.txt HTTP/1.1" 404 316 "https://www.google.com" "Mozilla/5.0 (Linux; Android 12; SM-S906N Build/QP1A.190711.020; wv) AppleWebKit/537.36 (KHTML, like Gecko) Version/4.0 Chrome/105.0.0.0 Mobile Safari/537.36"
94.130.57.82 - - [26/Oct/2022:19:36:24 +0200] "GET /wp-content/plugins/vc-tabs/readme.txt HTTP/1.1" 404 307 "https://www.google.com" "Mozilla/5.0 (Linux; Android 12; SM-S906N Build/QP1A.190711.020; wv) AppleWebKit/537.36 (KHTML, like Gecko) Version/4.0 Chrome/105.0.0.0 Mobile Safari/537.36"
94.130.57.82 - - [26/Oct/2022:19:36:41 +0200] "GET /wp-content/plugins/wp-file-manager/readme.txt HTTP/1.1" 404 315 "https://www.google.com" "Mozilla/5.0 (Macintosh; Intel Mac OS X 10_14_6) AppleWebKit/537.36 (KHTML, like Gecko) Chrome/104.0.0.0 Safari/537.36"
94.130.57.82 - - [26/Oct/2022:19:36:57 +0200] "GET /wp-content/plugins/masterstudy-lms-learning-management-system/readme.txt HTTP/1.1" 404 342 "https://www.google.com" "Mozilla/5.0 (Macintosh; Intel Mac OS X 10_14_6) AppleWebKit/537.36 (KHTML, like Gecko) Chrome/104.0.0.0 Safari/537.36"
85.25.177.139 - - [26/Oct/2022:19:37:07 +0200] "GET /robots.txt HTTP/1.1" 200 - "-" "Mozilla/5.0 (Macintosh; Intel Mac OS X 10.15; rv:103.0) Gecko/20100101 Firefox/103.0"
85.25.177.139 - - [26/Oct/2022:19:37:07 +0200] "GET /Site/171AmStadelhofe HTTP/1.1" 200 27839 "-" "Mozilla/5.0 (Macintosh; Intel Mac OS X 10.15; rv:103.0) Gecko/20100101 Firefox/103.0"
94.130.57.82 - - [26/Oct/2022:19:37:15 +0200] "GET /wp-content/plugins/mapsvg-lite-interactive-vector-maps/gm_download.php?file=/wp-config.php HTTP/1.1" 404 340 "https://www.google.com" "Mozilla/5.0 (iPhone14,3; U; CPU iPhone OS 15_0 like Mac OS X) AppleWebKit/602.1.50 (KHTML, like Gecko) Version/10.0 Mobile/19A346 Safari/602.1"
94.130.57.82 - - [26/Oct/2022:19:37:34 +0200] "GET /wp-content/plugins/mapsvg/gm_download.php?file=/wp-config.php HTTP/1.1" 404 311 "https://www.google.com" "Mozilla/5.0 (Linux; Android 11; Lenovo YT-J706X) AppleWebKit/537.36 (KHTML, like Gecko) Chrome/104.0.0.0 Safari/537.36"
94.130.57.82 - - [26/Oct/2022:19:37:51 +0200] "GET /wp-admin/admin-ajax.php?action=duplicator_download&file=../wp-config.php HTTP/1.1" 404 293 "https://www.google.com" "Mozilla/5.0 (Linux; Android 12; SM-S906N Build/QP1A.190711.020; wv) AppleWebKit/537.36 (KHTML, like Gecko) Version/4.0 Chrome/105.0.0.0 Mobile Safari/537.36"
194.209.200.2 - - [26/Oct/2022:19:37:59 +0200] "GET /robots.txt HTTP/1.1" 200 - "-" "Mozilla/5.0 (compatible; TMMBot/0.2; +http://www.dslab.ch)/Nutch-1.15"
194.209.200.2 - - [26/Oct/2022:19:37:59 +0200] "GET /Admin/Jahresbericht HTTP/1.1" 200 45530 "-" "Mozilla/5.0 (compatible; TMMBot/0.2; +http://www.dslab.ch)/Nutch-1.15"
94.130.57.82 - - [26/Oct/2022:19:38:09 +0200] "GET /wp-admin/admin-ajax.php?action=revslider_show_image&img=../wp-config.php HTTP/1.1" 404 293 "https://www.google.com" "Mozilla/5.0 (Linux; Android 12; SM-S906N Build/QP1A.190711.020; wv) AppleWebKit/537.36 (KHTML, like Gecko) Version/4.0 Chrome/105.0.0.0 Mobile Safari/537.36"
194.209.200.2 - - [26/Oct/2022:19:38:18 +0200] "GET /Texte/Limericks HTTP/1.1" 200 8087 "-" "Mozilla/5.0 (compatible; TMMBot/0.2; +http://www.dslab.ch)/Nutch-1.15"
194.209.200.2 - - [26/Oct/2022:19:38:22 +0200] "GET /Texte/Schrybwys HTTP/1.1" 200 11028 "-" "Mozilla/5.0 (compatible; TMMBot/0.2; +http://www.dslab.ch)/Nutch-1.15"
94.130.57.82 - - [26/Oct/2022:19:38:29 +0200] "GET /wp-content/plugins/cherry-plugin/admin/import-export/download-content.php?file=../../../../../wp-config.php HTTP/1.1" 404 343 "https://www.google.com" "Mozilla/5.0 (Linux; Android 11; Lenovo YT-J706X) AppleWebKit/537.36 (KHTML, like Gecko) Chrome/104.0.0.0 Safari/537.36"
94.130.57.82 - - [26/Oct/2022:19:38:47 +0200] "GET /wp-admin/admin-ajax.php?action=handle_downloads&alg_wc_pif_download_file=../../../../../wp-config.php HTTP/1.1" 404 293 "https://www.google.com" "Mozilla/5.0 (iPhone14,3; U; CPU iPhone OS 15_0 like Mac OS X) AppleWebKit/602.1.50 (KHTML, like Gecko) Version/10.0 Mobile/19A346 Safari/602.1"
94.130.57.82 - - [26/Oct/2022:19:39:03 +0200] "GET /wp-content/plugins/wp-ecommerce-shop-styling/includes/download.php?filename=../../../../wp-config.php HTTP/1.1" 404 336 "https://www.google.com" "Mozilla/5.0 (Linux; Android 12; SM-S906N Build/QP1A.190711.020; wv) AppleWebKit/537.36 (KHTML, like Gecko) Version/4.0 Chrome/105.0.0.0 Mobile Safari/537.36"
