85.25.185.196 - - [12/Dec/2022:15:52:08 +0100] "GET /PodCast/Limerick29?action=diff&source=y&minor=n HTTP/1.1" 200 13597 "-" "Mozilla/5.0 (Macintosh; Intel Mac OS X 10.15; rv:103.0) Gecko/20100101 Firefox/103.0"
40.77.167.79 - - [12/Dec/2022:15:52:30 +0100] "GET /Site/Search?pagename=Site%2FSearch&q=2023 HTTP/1.1" 200 10829 "-" "Mozilla/5.0 AppleWebKit/537.36 (KHTML, like Gecko; compatible; bingbot/2.0; +http://www.bing.com/bingbot.htm) Chrome/103.0.5060.134 Safari/537.36"
85.25.185.196 - - [12/Dec/2022:15:53:50 +0100] "GET /PodCast/Limerick29?action=edit&restore=diff:1425229104:1425229021:&preview=y HTTP/1.1" 200 8712 "-" "Mozilla/5.0 (Macintosh; Intel Mac OS X 10.15; rv:103.0) Gecko/20100101 Firefox/103.0"
66.249.66.204 - - [12/Dec/2022:15:56:50 +0100] "GET /PodCast/IndexPage?action=rss HTTP/1.1" 200 6298 "-" "Mozilla/5.0 (compatible; Googlebot/2.1; +http://www.google.com/bot.html)"
85.25.185.196 - - [12/Dec/2022:15:57:01 +0100] "GET /PodCast/Schlaaffloos1?action=edit&restore=diff:1320339448:1320339448:&preview=y HTTP/1.1" 200 8754 "-" "Mozilla/5.0 (Macintosh; Intel Mac OS X 10.15; rv:103.0) Gecko/20100101 Firefox/103.0"
18.237.126.250 - - [12/Dec/2022:15:59:06 +0100] "GET /favicon.ico HTTP/1.1" 200 1406 "-" "Mozilla/5.0 (X11; Linux x86_64) AppleWebKit/537.36 (KHTML, like Gecko) Chrome/83.0.4103.97 Safari/537.36"
85.25.185.196 - - [12/Dec/2022:15:59:38 +0100] "GET /PodCast/Boni2?action=edit&restore=diff:1339516831:1339516741:&preview=y HTTP/1.1" 200 8642 "-" "Mozilla/5.0 (Macintosh; Intel Mac OS X 10.15; rv:103.0) Gecko/20100101 Firefox/103.0"
207.46.13.111 - - [12/Dec/2022:16:01:07 +0100] "GET /PmWiki/Skins HTTP/1.1" 200 22575 "-" "Mozilla/5.0 AppleWebKit/537.36 (KHTML, like Gecko; compatible; bingbot/2.0; +http://www.bing.com/bingbot.htm) Chrome/103.0.5060.134 Safari/537.36"
85.25.185.196 - - [12/Dec/2022:16:01:37 +0100] "GET /PodCast/Boni2?action=diff&source=y&minor=n HTTP/1.1" 200 15292 "-" "Mozilla/5.0 (Macintosh; Intel Mac OS X 10.15; rv:103.0) Gecko/20100101 Firefox/103.0"
85.25.185.196 - - [12/Dec/2022:16:05:43 +0100] "GET /PodCast/Boni2?action=edit&restore=diff:1339516623:1339516623:&preview=y HTTP/1.1" 200 8642 "-" "Mozilla/5.0 (Macintosh; Intel Mac OS X 10.15; rv:103.0) Gecko/20100101 Firefox/103.0"
85.25.185.196 - - [12/Dec/2022:16:08:07 +0100] "GET /PodCast/Schlaaffloos1?action=diff&source=n&minor=y HTTP/1.1" 200 19287 "-" "Mozilla/5.0 (Macintosh; Intel Mac OS X 10.15; rv:103.0) Gecko/20100101 Firefox/103.0"
85.25.185.196 - - [12/Dec/2022:16:10:17 +0100] "GET /PodCast/Schlaaffloos1?action=edit&restore=diff:1447019590:1320340034:&preview=y HTTP/1.1" 200 8754 "-" "Mozilla/5.0 (Macintosh; Intel Mac OS X 10.15; rv:103.0) Gecko/20100101 Firefox/103.0"
3.216.185.164 - - [12/Dec/2022:16:10:44 +0100] "GET /PodCast/IndexPage?action=rss HTTP/1.1" 200 6298 "-" "PocketCasts/1.0 (Pocket Casts Feed Parser; +http://pocketcasts.com/)"
17.121.113.140 - - [12/Dec/2022:16:11:04 +0100] "GET /robots.txt HTTP/1.1" 200 - "-" "Mozilla/5.0 (Macintosh; Intel Mac OS X 10_15_5) AppleWebKit/605.1.15 (KHTML, like Gecko) Version/13.1.1 Safari/605.1.15 (Applebot/0.1; +http://www.apple.com/go/applebot)"
17.121.113.140 - - [12/Dec/2022:16:11:05 +0100] "GET / HTTP/1.1" 200 15085 "-" "Mozilla/5.0 (Macintosh; Intel Mac OS X 10_15_5) AppleWebKit/605.1.15 (KHTML, like Gecko) Version/13.1.1 Safari/605.1.15 (Applebot/0.1; +http://www.apple.com/go/applebot)"
85.1.217.244 - - [12/Dec/2022:16:12:21 +0100] "GET / HTTP/1.1" 200 15085 "-" "Mozilla/5.0 (Windows NT 10.0; Win64; x64) AppleWebKit/537.36 (KHTML, like Gecko) Chrome/108.0.0.0 Safari/537.36 Edg/108.0.1462.46"
85.1.217.244 - - [12/Dec/2022:16:12:21 +0100] "GET /pub/skins/pro-zurituutsch/gila.css HTTP/1.1" 200 10186 "http://www.pro-zurituutsch.ch/" "Mozilla/5.0 (Windows NT 10.0; Win64; x64) AppleWebKit/537.36 (KHTML, like Gecko) Chrome/108.0.0.0 Safari/537.36 Edg/108.0.1462.46"
85.1.217.244 - - [12/Dec/2022:16:12:21 +0100] "GET /uploads/Main/logo.jpg HTTP/1.1" 200 29066 "http://www.pro-zurituutsch.ch/" "Mozilla/5.0 (Windows NT 10.0; Win64; x64) AppleWebKit/537.36 (KHTML, like Gecko) Chrome/108.0.0.0 Safari/537.36 Edg/108.0.1462.46"
85.1.217.244 - - [12/Dec/2022:16:12:21 +0100] "GET /pub/skins/pro-zurituutsch/images/external.png HTTP/1.1" 200 165 "http://www.pro-zurituutsch.ch/pub/skins/pro-zurituutsch/gila.css" "Mozilla/5.0 (Windows NT 10.0; Win64; x64) AppleWebKit/537.36 (KHTML, like Gecko) Chrome/108.0.0.0 Safari/537.36 Edg/108.0.1462.46"
85.1.217.244 - - [12/Dec/2022:16:12:21 +0100] "GET /pub/skins/pro-zurituutsch/images/favicon.ico HTTP/1.1" 200 1406 "http://www.pro-zurituutsch.ch/" "Mozilla/5.0 (Windows NT 10.0; Win64; x64) AppleWebKit/537.36 (KHTML, like Gecko) Chrome/108.0.0.0 Safari/537.36 Edg/108.0.1462.46"
85.1.217.244 - - [12/Dec/2022:16:12:43 +0100] "GET /Texte/Schrybwys HTTP/1.1" 200 11028 "http://www.pro-zurituutsch.ch/" "Mozilla/5.0 (Windows NT 10.0; Win64; x64) AppleWebKit/537.36 (KHTML, like Gecko) Chrome/108.0.0.0 Safari/537.36 Edg/108.0.1462.46"
85.1.217.244 - - [12/Dec/2022:16:12:43 +0100] "GET /uploads/Texte/ZurSchreibweise.jpg HTTP/1.1" 200 90748 "http://www.pro-zurituutsch.ch/Texte/Schrybwys" "Mozilla/5.0 (Windows NT 10.0; Win64; x64) AppleWebKit/537.36 (KHTML, like Gecko) Chrome/108.0.0.0 Safari/537.36 Edg/108.0.1462.46"
85.1.217.244 - - [12/Dec/2022:16:12:53 +0100] "GET /Texte/ArsAmatoria HTTP/1.1" 200 12369 "http://www.pro-zurituutsch.ch/Texte/Schrybwys" "Mozilla/5.0 (Windows NT 10.0; Win64; x64) AppleWebKit/537.36 (KHTML, like Gecko) Chrome/108.0.0.0 Safari/537.36 Edg/108.0.1462.46"
85.1.217.244 - - [12/Dec/2022:16:12:53 +0100] "GET /uploads/Texte/Speaker.jpg HTTP/1.1" 200 1016 "http://www.pro-zurituutsch.ch/Texte/ArsAmatoria" "Mozilla/5.0 (Windows NT 10.0; Win64; x64) AppleWebKit/537.36 (KHTML, like Gecko) Chrome/108.0.0.0 Safari/537.36 Edg/108.0.1462.46"
85.1.217.244 - - [12/Dec/2022:16:12:53 +0100] "GET /uploads/Texte/neu_4.jpg HTTP/1.1" 200 24851 "http://www.pro-zurituutsch.ch/Texte/ArsAmatoria" "Mozilla/5.0 (Windows NT 10.0; Win64; x64) AppleWebKit/537.36 (KHTML, like Gecko) Chrome/108.0.0.0 Safari/537.36 Edg/108.0.1462.46"
85.1.217.244 - - [12/Dec/2022:16:12:53 +0100] "GET /uploads/Texte/ars2.jpg HTTP/1.1" 200 22694 "http://www.pro-zurituutsch.ch/Texte/ArsAmatoria" "Mozilla/5.0 (Windows NT 10.0; Win64; x64) AppleWebKit/537.36 (KHTML, like Gecko) Chrome/108.0.0.0 Safari/537.36 Edg/108.0.1462.46"
85.1.217.244 - - [12/Dec/2022:16:12:53 +0100] "GET /uploads/Texte/ars1.jpg HTTP/1.1" 200 22233 "http://www.pro-zurituutsch.ch/Texte/ArsAmatoria" "Mozilla/5.0 (Windows NT 10.0; Win64; x64) AppleWebKit/537.36 (KHTML, like Gecko) Chrome/108.0.0.0 Safari/537.36 Edg/108.0.1462.46"
85.1.217.244 - - [12/Dec/2022:16:12:53 +0100] "GET /uploads/Texte/neu_3.jpg HTTP/1.1" 200 22003 "http://www.pro-zurituutsch.ch/Texte/ArsAmatoria" "Mozilla/5.0 (Windows NT 10.0; Win64; x64) AppleWebKit/537.36 (KHTML, like Gecko) Chrome/108.0.0.0 Safari/537.36 Edg/108.0.1462.46"
85.1.217.244 - - [12/Dec/2022:16:12:58 +0100] "GET /uploads/PodCast/Liebhaber1.mp3 HTTP/1.1" 200 161525 "http://www.pro-zurituutsch.ch/Texte/ArsAmatoria" "Mozilla/5.0 (Windows NT 10.0; Win64; x64) AppleWebKit/537.36 (KHTML, like Gecko) Chrome/108.0.0.0 Safari/537.36 Edg/108.0.1462.46"
85.1.217.244 - - [12/Dec/2022:16:13:29 +0100] "GET /Hilfe/AnleitungTonbeispiele HTTP/1.1" 200 9878 "http://www.pro-zurituutsch.ch/Texte/ArsAmatoria" "Mozilla/5.0 (Windows NT 10.0; Win64; x64) AppleWebKit/537.36 (KHTML, like Gecko) Chrome/108.0.0.0 Safari/537.36 Edg/108.0.1462.46"
85.1.217.244 - - [12/Dec/2022:16:13:32 +0100] "GET /Texte/ArsAmatoria HTTP/1.1" 200 12369 "http://www.pro-zurituutsch.ch/Texte/Schrybwys" "Mozilla/5.0 (Windows NT 10.0; Win64; x64) AppleWebKit/537.36 (KHTML, like Gecko) Chrome/108.0.0.0 Safari/537.36 Edg/108.0.1462.46"
216.244.66.243 - - [12/Dec/2022:16:13:44 +0100] "GET /robots.txt HTTP/1.1" 200 - "-" "Mozilla/5.0 (compatible; DotBot/1.2; +https://opensiteexplorer.org/dotbot; help@moz.com)"
85.1.217.244 - - [12/Dec/2022:16:14:19 +0100] "GET /Texte/Styluebige HTTP/1.1" 200 9998 "http://www.pro-zurituutsch.ch/Texte/ArsAmatoria" "Mozilla/5.0 (Windows NT 10.0; Win64; x64) AppleWebKit/537.36 (KHTML, like Gecko) Chrome/108.0.0.0 Safari/537.36 Edg/108.0.1462.46"
85.1.217.244 - - [12/Dec/2022:16:14:19 +0100] "GET /resources/speaker.jpg HTTP/1.1" 404 291 "http://www.pro-zurituutsch.ch/Texte/Styluebige" "Mozilla/5.0 (Windows NT 10.0; Win64; x64) AppleWebKit/537.36 (KHTML, like Gecko) Chrome/108.0.0.0 Safari/537.36 Edg/108.0.1462.46"
85.1.217.244 - - [12/Dec/2022:16:14:24 +0100] "GET /Texte/Roman HTTP/1.1" 200 38741 "http://www.pro-zurituutsch.ch/Texte/Styluebige" "Mozilla/5.0 (Windows NT 10.0; Win64; x64) AppleWebKit/537.36 (KHTML, like Gecko) Chrome/108.0.0.0 Safari/537.36 Edg/108.0.1462.46"
85.1.217.244 - - [12/Dec/2022:16:15:38 +0100] "GET /Texte/Styluebige HTTP/1.1" 200 9998 "http://www.pro-zurituutsch.ch/Texte/ArsAmatoria" "Mozilla/5.0 (Windows NT 10.0; Win64; x64) AppleWebKit/537.36 (KHTML, like Gecko) Chrome/108.0.0.0 Safari/537.36 Edg/108.0.1462.46"
85.1.217.244 - - [12/Dec/2022:16:15:40 +0100] "GET /uploads/PodCast/Styluebige.mp3 HTTP/1.1" 200 246292 "http://www.pro-zurituutsch.ch/Texte/Styluebige" "Mozilla/5.0 (Windows NT 10.0; Win64; x64) AppleWebKit/537.36 (KHTML, like Gecko) Chrome/108.0.0.0 Safari/537.36 Edg/108.0.1462.46"
85.1.217.244 - - [12/Dec/2022:16:15:41 +0100] "GET /uploads/PodCast/Styluebige.mp3 HTTP/1.1" 206 246292 "http://www.pro-zurituutsch.ch/uploads/PodCast/Styluebige.mp3" "Mozilla/5.0 (Windows NT 10.0; Win64; x64) AppleWebKit/537.36 (KHTML, like Gecko) Chrome/108.0.0.0 Safari/537.36 Edg/108.0.1462.46"
85.25.185.196 - - [12/Dec/2022:16:15:46 +0100] "GET /robots.txt HTTP/1.1" 200 - "-" "Mozilla/5.0 (Macintosh; Intel Mac OS X 10.15; rv:103.0) Gecko/20100101 Firefox/103.0"
85.25.185.196 - - [12/Dec/2022:16:15:46 +0100] "GET /PodCast/Schlaaffloos1?action=diff&source=y&minor=n HTTP/1.1" 200 18756 "-" "Mozilla/5.0 (Macintosh; Intel Mac OS X 10.15; rv:103.0) Gecko/20100101 Firefox/103.0"
85.1.217.244 - - [12/Dec/2022:16:15:47 +0100] "GET /Texte/Styluebige HTTP/1.1" 200 9998 "http://www.pro-zurituutsch.ch/Texte/ArsAmatoria" "Mozilla/5.0 (Windows NT 10.0; Win64; x64) AppleWebKit/537.36 (KHTML, like Gecko) Chrome/108.0.0.0 Safari/537.36 Edg/108.0.1462.46"
85.1.217.244 - - [12/Dec/2022:16:15:52 +0100] "GET /Texte/Rezension HTTP/1.1" 200 11812 "http://www.pro-zurituutsch.ch/Texte/Styluebige" "Mozilla/5.0 (Windows NT 10.0; Win64; x64) AppleWebKit/537.36 (KHTML, like Gecko) Chrome/108.0.0.0 Safari/537.36 Edg/108.0.1462.46"
85.1.217.244 - - [12/Dec/2022:16:15:59 +0100] "GET /Texte/Styluebige HTTP/1.1" 200 9998 "http://www.pro-zurituutsch.ch/Texte/Rezension" "Mozilla/5.0 (Windows NT 10.0; Win64; x64) AppleWebKit/537.36 (KHTML, like Gecko) Chrome/108.0.0.0 Safari/537.36 Edg/108.0.1462.46"
85.1.217.244 - - [12/Dec/2022:16:15:59 +0100] "GET /resources/speaker.jpg HTTP/1.1" 404 291 "http://www.pro-zurituutsch.ch/Texte/Styluebige" "Mozilla/5.0 (Windows NT 10.0; Win64; x64) AppleWebKit/537.36 (KHTML, like Gecko) Chrome/108.0.0.0 Safari/537.36 Edg/108.0.1462.46"
85.1.217.244 - - [12/Dec/2022:16:16:05 +0100] "GET /Texte/Styluebige HTTP/1.1" 200 9998 "http://www.pro-zurituutsch.ch/Texte/Rezension" "Mozilla/5.0 (Windows NT 10.0; Win64; x64) AppleWebKit/537.36 (KHTML, like Gecko) Chrome/108.0.0.0 Safari/537.36 Edg/108.0.1462.46"
85.1.217.244 - - [12/Dec/2022:16:16:07 +0100] "GET /Texte/Roman HTTP/1.1" 200 38741 "http://www.pro-zurituutsch.ch/Texte/Styluebige" "Mozilla/5.0 (Windows NT 10.0; Win64; x64) AppleWebKit/537.36 (KHTML, like Gecko) Chrome/108.0.0.0 Safari/537.36 Edg/108.0.1462.46"
85.1.217.244 - - [12/Dec/2022:16:17:36 +0100] "GET /Texte/Bitterbeuhsi HTTP/1.1" 200 9255 "http://www.pro-zurituutsch.ch/Texte/Roman" "Mozilla/5.0 (Windows NT 10.0; Win64; x64) AppleWebKit/537.36 (KHTML, like Gecko) Chrome/108.0.0.0 Safari/537.36 Edg/108.0.1462.46"
85.1.217.244 - - [12/Dec/2022:16:17:41 +0100] "GET /Texte/ArsAmatoria HTTP/1.1" 200 12369 "http://www.pro-zurituutsch.ch/Texte/Bitterbeuhsi" "Mozilla/5.0 (Windows NT 10.0; Win64; x64) AppleWebKit/537.36 (KHTML, like Gecko) Chrome/108.0.0.0 Safari/537.36 Edg/108.0.1462.46"
85.1.217.244 - - [12/Dec/2022:16:17:43 +0100] "GET /Texte/Metamorphoses HTTP/1.1" 200 9045 "http://www.pro-zurituutsch.ch/Texte/ArsAmatoria" "Mozilla/5.0 (Windows NT 10.0; Win64; x64) AppleWebKit/537.36 (KHTML, like Gecko) Chrome/108.0.0.0 Safari/537.36 Edg/108.0.1462.46"
85.1.217.244 - - [12/Dec/2022:16:17:43 +0100] "GET /uploads/Texte/arcimboldo.jpg HTTP/1.1" 200 27199 "http://www.pro-zurituutsch.ch/Texte/Metamorphoses" "Mozilla/5.0 (Windows NT 10.0; Win64; x64) AppleWebKit/537.36 (KHTML, like Gecko) Chrome/108.0.0.0 Safari/537.36 Edg/108.0.1462.46"
85.1.217.244 - - [12/Dec/2022:16:17:49 +0100] "GET /Texte/ZurcherischEnglish HTTP/1.1" 200 8274 "http://www.pro-zurituutsch.ch/Texte/Metamorphoses" "Mozilla/5.0 (Windows NT 10.0; Win64; x64) AppleWebKit/537.36 (KHTML, like Gecko) Chrome/108.0.0.0 Safari/537.36 Edg/108.0.1462.46"
85.1.217.244 - - [12/Dec/2022:16:17:52 +0100] "GET /Texte/Rezension HTTP/1.1" 200 11812 "http://www.pro-zurituutsch.ch/Texte/ZurcherischEnglish" "Mozilla/5.0 (Windows NT 10.0; Win64; x64) AppleWebKit/537.36 (KHTML, like Gecko) Chrome/108.0.0.0 Safari/537.36 Edg/108.0.1462.46"
85.1.217.244 - - [12/Dec/2022:16:17:58 +0100] "GET /Texte/Limericks HTTP/1.1" 200 8087 "http://www.pro-zurituutsch.ch/Texte/Rezension" "Mozilla/5.0 (Windows NT 10.0; Win64; x64) AppleWebKit/537.36 (KHTML, like Gecko) Chrome/108.0.0.0 Safari/537.36 Edg/108.0.1462.46"
85.1.217.244 - - [12/Dec/2022:16:17:59 +0100] "GET /Texte/GDicht HTTP/1.1" 200 8050 "http://www.pro-zurituutsch.ch/Texte/Limericks" "Mozilla/5.0 (Windows NT 10.0; Win64; x64) AppleWebKit/537.36 (KHTML, like Gecko) Chrome/108.0.0.0 Safari/537.36 Edg/108.0.1462.46"
85.1.217.244 - - [12/Dec/2022:16:18:02 +0100] "GET /Texte/GDicht HTTP/1.1" 200 8050 "http://www.pro-zurituutsch.ch/Texte/GDicht" "Mozilla/5.0 (Windows NT 10.0; Win64; x64) AppleWebKit/537.36 (KHTML, like Gecko) Chrome/108.0.0.0 Safari/537.36 Edg/108.0.1462.46"
85.1.217.244 - - [12/Dec/2022:16:18:04 +0100] "GET /Texte/Gloosse HTTP/1.1" 200 8061 "http://www.pro-zurituutsch.ch/Texte/GDicht" "Mozilla/5.0 (Windows NT 10.0; Win64; x64) AppleWebKit/537.36 (KHTML, like Gecko) Chrome/108.0.0.0 Safari/537.36 Edg/108.0.1462.46"
85.1.217.244 - - [12/Dec/2022:16:18:07 +0100] "GET /Gast/Podcast HTTP/1.1" 200 8106 "http://www.pro-zurituutsch.ch/Texte/Gloosse" "Mozilla/5.0 (Windows NT 10.0; Win64; x64) AppleWebKit/537.36 (KHTML, like Gecko) Chrome/108.0.0.0 Safari/537.36 Edg/108.0.1462.46"
85.1.217.244 - - [12/Dec/2022:16:18:11 +0100] "GET /Admin/Pro-ZurituutschStatuten HTTP/1.1" 200 9580 "http://www.pro-zurituutsch.ch/Gast/Podcast" "Mozilla/5.0 (Windows NT 10.0; Win64; x64) AppleWebKit/537.36 (KHTML, like Gecko) Chrome/108.0.0.0 Safari/537.36 Edg/108.0.1462.46"
85.1.217.244 - - [12/Dec/2022:16:18:15 +0100] "GET /PodCast/RSSPodcasts HTTP/1.1" 200 8905 "http://www.pro-zurituutsch.ch/Admin/Pro-ZurituutschStatuten" "Mozilla/5.0 (Windows NT 10.0; Win64; x64) AppleWebKit/537.36 (KHTML, like Gecko) Chrome/108.0.0.0 Safari/537.36 Edg/108.0.1462.46"
85.1.217.244 - - [12/Dec/2022:16:18:18 +0100] "GET /Site/PodCast HTTP/1.1" 200 40934 "http://www.pro-zurituutsch.ch/PodCast/RSSPodcasts" "Mozilla/5.0 (Windows NT 10.0; Win64; x64) AppleWebKit/537.36 (KHTML, like Gecko) Chrome/108.0.0.0 Safari/537.36 Edg/108.0.1462.46"
85.25.185.196 - - [12/Dec/2022:16:18:19 +0100] "GET /PodCast/Schlaaffloos1?action=edit&restore=diff:1320339947:1320339448:&preview=y HTTP/1.1" 200 8754 "-" "Mozilla/5.0 (Macintosh; Intel Mac OS X 10.15; rv:103.0) Gecko/20100101 Firefox/103.0"
85.1.217.244 - - [12/Dec/2022:16:18:35 +0100] "GET /PodCast/JBJ702 HTTP/1.1" 200 22843 "http://www.pro-zurituutsch.ch/Site/PodCast" "Mozilla/5.0 (Windows NT 10.0; Win64; x64) AppleWebKit/537.36 (KHTML, like Gecko) Chrome/108.0.0.0 Safari/537.36 Edg/108.0.1462.46"
85.1.217.244 - - [12/Dec/2022:16:18:35 +0100] "GET /pub/skins/pro-zurituutsch/images/attachment.png HTTP/1.1" 200 184 "http://www.pro-zurituutsch.ch/pub/skins/pro-zurituutsch/gila.css" "Mozilla/5.0 (Windows NT 10.0; Win64; x64) AppleWebKit/537.36 (KHTML, like Gecko) Chrome/108.0.0.0 Safari/537.36 Edg/108.0.1462.46"
85.1.217.244 - - [12/Dec/2022:16:18:40 +0100] "GET /Site/PodCast HTTP/1.1" 200 40934 "http://www.pro-zurituutsch.ch/PodCast/RSSPodcasts" "Mozilla/5.0 (Windows NT 10.0; Win64; x64) AppleWebKit/537.36 (KHTML, like Gecko) Chrome/108.0.0.0 Safari/537.36 Edg/108.0.1462.46"
85.1.217.244 - - [12/Dec/2022:16:18:54 +0100] "GET /PodCast/RURAkt2TIl4 HTTP/1.1" 200 23659 "http://www.pro-zurituutsch.ch/Site/PodCast" "Mozilla/5.0 (Windows NT 10.0; Win64; x64) AppleWebKit/537.36 (KHTML, like Gecko) Chrome/108.0.0.0 Safari/537.36 Edg/108.0.1462.46"
85.1.217.244 - - [12/Dec/2022:16:19:00 +0100] "GET /Site/PodCast HTTP/1.1" 200 40934 "http://www.pro-zurituutsch.ch/PodCast/RSSPodcasts" "Mozilla/5.0 (Windows NT 10.0; Win64; x64) AppleWebKit/537.36 (KHTML, like Gecko) Chrome/108.0.0.0 Safari/537.36 Edg/108.0.1462.46"
85.1.217.244 - - [12/Dec/2022:16:19:04 +0100] "GET /PodCast/FrawimSchatte HTTP/1.1" 200 14992 "http://www.pro-zurituutsch.ch/Site/PodCast" "Mozilla/5.0 (Windows NT 10.0; Win64; x64) AppleWebKit/537.36 (KHTML, like Gecko) Chrome/108.0.0.0 Safari/537.36 Edg/108.0.1462.46"
85.1.217.244 - - [12/Dec/2022:16:19:20 +0100] "GET /Site/PodCast HTTP/1.1" 200 40934 "http://www.pro-zurituutsch.ch/PodCast/RSSPodcasts" "Mozilla/5.0 (Windows NT 10.0; Win64; x64) AppleWebKit/537.36 (KHTML, like Gecko) Chrome/108.0.0.0 Safari/537.36 Edg/108.0.1462.46"
85.1.217.244 - - [12/Dec/2022:16:19:24 +0100] "GET /PodCast/Buecherbrand2 HTTP/1.1" 200 17888 "http://www.pro-zurituutsch.ch/Site/PodCast" "Mozilla/5.0 (Windows NT 10.0; Win64; x64) AppleWebKit/537.36 (KHTML, like Gecko) Chrome/108.0.0.0 Safari/537.36 Edg/108.0.1462.46"
85.1.217.244 - - [12/Dec/2022:16:19:27 +0100] "GET /Site/PodCast HTTP/1.1" 200 40934 "http://www.pro-zurituutsch.ch/PodCast/RSSPodcasts" "Mozilla/5.0 (Windows NT 10.0; Win64; x64) AppleWebKit/537.36 (KHTML, like Gecko) Chrome/108.0.0.0 Safari/537.36 Edg/108.0.1462.46"
85.1.217.244 - - [12/Dec/2022:16:19:50 +0100] "GET /Site/PodCast HTTP/1.1" 200 40934 "-" "Mozilla/5.0 (Windows NT 10.0; Win64; x64) AppleWebKit/537.36 (KHTML, like Gecko) Chrome/108.0.0.0 Safari/537.36"
85.1.217.244 - - [12/Dec/2022:16:19:50 +0100] "GET /pub/skins/pro-zurituutsch/gila.css HTTP/1.1" 200 10186 "http://www.pro-zurituutsch.ch/Site/PodCast" "Mozilla/5.0 (Windows NT 10.0; Win64; x64) AppleWebKit/537.36 (KHTML, like Gecko) Chrome/108.0.0.0 Safari/537.36"
85.1.217.244 - - [12/Dec/2022:16:19:50 +0100] "GET /pub/skins/pro-zurituutsch/images/external.png HTTP/1.1" 200 165 "http://www.pro-zurituutsch.ch/pub/skins/pro-zurituutsch/gila.css" "Mozilla/5.0 (Windows NT 10.0; Win64; x64) AppleWebKit/537.36 (KHTML, like Gecko) Chrome/108.0.0.0 Safari/537.36"
85.1.217.244 - - [12/Dec/2022:16:19:50 +0100] "GET /pub/skins/pro-zurituutsch/images/favicon.ico HTTP/1.1" 200 1406 "http://www.pro-zurituutsch.ch/Site/PodCast" "Mozilla/5.0 (Windows NT 10.0; Win64; x64) AppleWebKit/537.36 (KHTML, like Gecko) Chrome/108.0.0.0 Safari/537.36"
85.25.185.196 - - [12/Dec/2022:16:20:08 +0100] "GET /PodCast/Schlaaffloos1?action=edit&restore=diff:1320340034:1320339947:&preview=y HTTP/1.1" 200 8754 "-" "Mozilla/5.0 (Macintosh; Intel Mac OS X 10.15; rv:103.0) Gecko/20100101 Firefox/103.0"
85.25.185.196 - - [12/Dec/2022:16:22:16 +0100] "GET /PodCast/Chouechetailet?action=edit&restore=diff:1328817198:1328816969:&preview=y HTTP/1.1" 200 8766 "-" "Mozilla/5.0 (Macintosh; Intel Mac OS X 10.15; rv:103.0) Gecko/20100101 Firefox/103.0"
85.1.217.244 - - [12/Dec/2022:16:22:53 +0100] "GET /PodCast/Spraachverglych HTTP/1.1" 200 16146 "http://www.pro-zurituutsch.ch/Site/PodCast" "Mozilla/5.0 (Windows NT 10.0; Win64; x64) AppleWebKit/537.36 (KHTML, like Gecko) Chrome/108.0.0.0 Safari/537.36 Edg/108.0.1462.46"
85.1.217.244 - - [12/Dec/2022:16:23:36 +0100] "GET /PodCast/Spraachverglych HTTP/1.1" 200 16146 "-" "Mozilla/5.0 (Windows NT 10.0; Win64; x64) AppleWebKit/537.36 (KHTML, like Gecko) Chrome/108.0.0.0 Safari/537.36"
85.1.217.244 - - [12/Dec/2022:16:23:36 +0100] "GET /uploads/Texte/Speaker.jpg HTTP/1.1" 200 1016 "http://www.pro-zurituutsch.ch/PodCast/Spraachverglych" "Mozilla/5.0 (Windows NT 10.0; Win64; x64) AppleWebKit/537.36 (KHTML, like Gecko) Chrome/108.0.0.0 Safari/537.36"
85.1.217.244 - - [12/Dec/2022:16:23:36 +0100] "GET /pub/skins/pro-zurituutsch/images/attachment.png HTTP/1.1" 200 184 "http://www.pro-zurituutsch.ch/pub/skins/pro-zurituutsch/gila.css" "Mozilla/5.0 (Windows NT 10.0; Win64; x64) AppleWebKit/537.36 (KHTML, like Gecko) Chrome/108.0.0.0 Safari/537.36"
85.1.217.244 - - [12/Dec/2022:16:23:54 +0100] "GET /Texte/Roman HTTP/1.1" 200 38741 "http://www.pro-zurituutsch.ch/PodCast/Spraachverglych" "Mozilla/5.0 (Windows NT 10.0; Win64; x64) AppleWebKit/537.36 (KHTML, like Gecko) Chrome/108.0.0.0 Safari/537.36"
85.1.217.244 - - [12/Dec/2022:16:24:01 +0100] "GET /Admin/Links HTTP/1.1" 200 14193 "http://www.pro-zurituutsch.ch/Texte/Roman" "Mozilla/5.0 (Windows NT 10.0; Win64; x64) AppleWebKit/537.36 (KHTML, like Gecko) Chrome/108.0.0.0 Safari/537.36"
85.1.217.244 - - [12/Dec/2022:16:24:06 +0100] "GET /Texte/Gloosse HTTP/1.1" 200 8061 "http://www.pro-zurituutsch.ch/Admin/Links" "Mozilla/5.0 (Windows NT 10.0; Win64; x64) AppleWebKit/537.36 (KHTML, like Gecko) Chrome/108.0.0.0 Safari/537.36"
85.1.217.244 - - [12/Dec/2022:16:24:07 +0100] "GET /Texte/GDicht HTTP/1.1" 200 8050 "http://www.pro-zurituutsch.ch/Texte/Gloosse" "Mozilla/5.0 (Windows NT 10.0; Win64; x64) AppleWebKit/537.36 (KHTML, like Gecko) Chrome/108.0.0.0 Safari/537.36"
85.1.217.244 - - [12/Dec/2022:16:24:08 +0100] "GET /Texte/Limericks HTTP/1.1" 200 8087 "http://www.pro-zurituutsch.ch/Texte/GDicht" "Mozilla/5.0 (Windows NT 10.0; Win64; x64) AppleWebKit/537.36 (KHTML, like Gecko) Chrome/108.0.0.0 Safari/537.36"
85.1.217.244 - - [12/Dec/2022:16:24:09 +0100] "GET /Texte/Rezension HTTP/1.1" 200 11812 "http://www.pro-zurituutsch.ch/Texte/Limericks" "Mozilla/5.0 (Windows NT 10.0; Win64; x64) AppleWebKit/537.36 (KHTML, like Gecko) Chrome/108.0.0.0 Safari/537.36"
85.1.217.244 - - [12/Dec/2022:16:24:12 +0100] "GET /Texte/Metamorphoses HTTP/1.1" 200 9045 "http://www.pro-zurituutsch.ch/Texte/Rezension" "Mozilla/5.0 (Windows NT 10.0; Win64; x64) AppleWebKit/537.36 (KHTML, like Gecko) Chrome/108.0.0.0 Safari/537.36"
85.1.217.244 - - [12/Dec/2022:16:24:12 +0100] "GET /uploads/Texte/arcimboldo.jpg HTTP/1.1" 200 27199 "http://www.pro-zurituutsch.ch/Texte/Metamorphoses" "Mozilla/5.0 (Windows NT 10.0; Win64; x64) AppleWebKit/537.36 (KHTML, like Gecko) Chrome/108.0.0.0 Safari/537.36"
85.1.217.244 - - [12/Dec/2022:16:24:14 +0100] "GET /Texte/ArsAmatoria HTTP/1.1" 200 12369 "http://www.pro-zurituutsch.ch/Texte/Metamorphoses" "Mozilla/5.0 (Windows NT 10.0; Win64; x64) AppleWebKit/537.36 (KHTML, like Gecko) Chrome/108.0.0.0 Safari/537.36"
85.1.217.244 - - [12/Dec/2022:16:24:14 +0100] "GET /uploads/Texte/neu_4.jpg HTTP/1.1" 200 24851 "http://www.pro-zurituutsch.ch/Texte/ArsAmatoria" "Mozilla/5.0 (Windows NT 10.0; Win64; x64) AppleWebKit/537.36 (KHTML, like Gecko) Chrome/108.0.0.0 Safari/537.36"
85.1.217.244 - - [12/Dec/2022:16:24:14 +0100] "GET /uploads/Texte/ars2.jpg HTTP/1.1" 200 22694 "http://www.pro-zurituutsch.ch/Texte/ArsAmatoria" "Mozilla/5.0 (Windows NT 10.0; Win64; x64) AppleWebKit/537.36 (KHTML, like Gecko) Chrome/108.0.0.0 Safari/537.36"
85.1.217.244 - - [12/Dec/2022:16:24:14 +0100] "GET /uploads/Texte/ars1.jpg HTTP/1.1" 200 22233 "http://www.pro-zurituutsch.ch/Texte/ArsAmatoria" "Mozilla/5.0 (Windows NT 10.0; Win64; x64) AppleWebKit/537.36 (KHTML, like Gecko) Chrome/108.0.0.0 Safari/537.36"
85.1.217.244 - - [12/Dec/2022:16:24:14 +0100] "GET /uploads/Texte/neu_3.jpg HTTP/1.1" 200 22003 "http://www.pro-zurituutsch.ch/Texte/ArsAmatoria" "Mozilla/5.0 (Windows NT 10.0; Win64; x64) AppleWebKit/537.36 (KHTML, like Gecko) Chrome/108.0.0.0 Safari/537.36"
85.1.217.244 - - [12/Dec/2022:16:24:15 +0100] "GET /Texte/Bitterbeuhsi HTTP/1.1" 200 9255 "http://www.pro-zurituutsch.ch/Texte/ArsAmatoria" "Mozilla/5.0 (Windows NT 10.0; Win64; x64) AppleWebKit/537.36 (KHTML, like Gecko) Chrome/108.0.0.0 Safari/537.36"
85.1.217.244 - - [12/Dec/2022:16:24:18 +0100] "GET /Texte/Styluebige HTTP/1.1" 200 9998 "http://www.pro-zurituutsch.ch/Texte/Bitterbeuhsi" "Mozilla/5.0 (Windows NT 10.0; Win64; x64) AppleWebKit/537.36 (KHTML, like Gecko) Chrome/108.0.0.0 Safari/537.36"
85.1.217.244 - - [12/Dec/2022:16:24:19 +0100] "GET /resources/speaker.jpg HTTP/1.1" 404 291 "http://www.pro-zurituutsch.ch/Texte/Styluebige" "Mozilla/5.0 (Windows NT 10.0; Win64; x64) AppleWebKit/537.36 (KHTML, like Gecko) Chrome/108.0.0.0 Safari/537.36"
85.1.217.244 - - [12/Dec/2022:16:24:21 +0100] "GET /Texte/Roman HTTP/1.1" 200 38741 "http://www.pro-zurituutsch.ch/Texte/Styluebige" "Mozilla/5.0 (Windows NT 10.0; Win64; x64) AppleWebKit/537.36 (KHTML, like Gecko) Chrome/108.0.0.0 Safari/537.36"
85.1.217.244 - - [12/Dec/2022:16:24:42 +0100] "GET /Site/PodCast HTTP/1.1" 200 40934 "http://www.pro-zurituutsch.ch/PodCast/RSSPodcasts" "Mozilla/5.0 (Windows NT 10.0; Win64; x64) AppleWebKit/537.36 (KHTML, like Gecko) Chrome/108.0.0.0 Safari/537.36 Edg/108.0.1462.46"
85.1.217.244 - - [12/Dec/2022:16:25:15 +0100] "GET /Gast/Podcast HTTP/1.1" 200 8106 "http://www.pro-zurituutsch.ch/Texte/Roman" "Mozilla/5.0 (Windows NT 10.0; Win64; x64) AppleWebKit/537.36 (KHTML, like Gecko) Chrome/108.0.0.0 Safari/537.36"
85.1.217.244 - - [12/Dec/2022:16:25:19 +0100] "GET /Gast/Podcast HTTP/1.1" 200 8106 "http://www.pro-zurituutsch.ch/Gast/Podcast" "Mozilla/5.0 (Windows NT 10.0; Win64; x64) AppleWebKit/537.36 (KHTML, like Gecko) Chrome/108.0.0.0 Safari/537.36"
85.25.185.196 - - [12/Dec/2022:16:25:46 +0100] "GET /PodCast/Chouechetailet?action=diff&source=y&minor=n HTTP/1.1" 200 16587 "-" "Mozilla/5.0 (Macintosh; Intel Mac OS X 10.15; rv:103.0) Gecko/20100101 Firefox/103.0"
85.1.217.244 - - [12/Dec/2022:16:26:04 +0100] "GET /Site/PodCast HTTP/1.1" 200 40934 "-" "Mozilla/5.0 (Windows NT 10.0; Win64; x64) AppleWebKit/537.36 (KHTML, like Gecko) Chrome/108.0.0.0 Safari/537.36"
85.1.217.244 - - [12/Dec/2022:16:26:31 +0100] "GET /Site/PodCast HTTP/1.1" 200 40934 "-" "Mozilla/5.0 (Windows NT 10.0; Win64; x64) AppleWebKit/537.36 (KHTML, like Gecko) Chrome/108.0.0.0 Safari/537.36"
85.25.185.196 - - [12/Dec/2022:16:27:03 +0100] "GET /PodCast/Chouechetailet?action=diff&source=n&minor=y HTTP/1.1" 200 17421 "-" "Mozilla/5.0 (Macintosh; Intel Mac OS X 10.15; rv:103.0) Gecko/20100101 Firefox/103.0"
85.25.185.196 - - [12/Dec/2022:16:30:00 +0100] "GET /PodCast/Chouechetailet?action=edit&restore=diff:1328817295:1328817198:&preview=y HTTP/1.1" 200 8766 "-" "Mozilla/5.0 (Macintosh; Intel Mac OS X 10.15; rv:103.0) Gecko/20100101 Firefox/103.0"
216.244.66.243 - - [12/Dec/2022:16:30:13 +0100] "GET /PmWikiDe/Wikigrundlagen HTTP/1.1" 200 11803 "-" "Mozilla/5.0 (compatible; DotBot/1.2; +https://opensiteexplorer.org/dotbot; help@moz.com)"
216.244.66.243 - - [12/Dec/2022:16:30:18 +0100] "GET /PmWikiFr/DiminutionBandePassante HTTP/1.1" 200 11913 "-" "Mozilla/5.0 (compatible; DotBot/1.2; +https://opensiteexplorer.org/dotbot; help@moz.com)"
85.25.185.196 - - [12/Dec/2022:16:32:39 +0100] "GET /PodCast/Chouechetailet?action=edit&restore=diff:1328816969:1328816969:&preview=y HTTP/1.1" 200 8766 "-" "Mozilla/5.0 (Macintosh; Intel Mac OS X 10.15; rv:103.0) Gecko/20100101 Firefox/103.0"
85.25.185.196 - - [12/Dec/2022:16:34:41 +0100] "GET /PodCast/Fanatiker?action=edit&restore=diff:1347560703:1347560681:&preview=y HTTP/1.1" 200 8696 "-" "Mozilla/5.0 (Macintosh; Intel Mac OS X 10.15; rv:103.0) Gecko/20100101 Firefox/103.0"
85.25.185.196 - - [12/Dec/2022:16:37:49 +0100] "GET /PodCast/Boni2?action=diff&source=n&minor=y HTTP/1.1" 200 16490 "-" "Mozilla/5.0 (Macintosh; Intel Mac OS X 10.15; rv:103.0) Gecko/20100101 Firefox/103.0"
85.25.185.196 - - [12/Dec/2022:16:40:29 +0100] "GET /PodCast/Boni2?action=edit&restore=diff:1339516741:1339516623:&preview=y HTTP/1.1" 200 8642 "-" "Mozilla/5.0 (Macintosh; Intel Mac OS X 10.15; rv:103.0) Gecko/20100101 Firefox/103.0"
85.25.185.196 - - [12/Dec/2022:16:42:16 +0100] "GET /PodCast/Fanatiker?action=edit&restore=diff:1347560791:1347560703:&preview=y HTTP/1.1" 200 8696 "-" "Mozilla/5.0 (Macintosh; Intel Mac OS X 10.15; rv:103.0) Gecko/20100101 Firefox/103.0"
194.209.200.2 - - [12/Dec/2022:16:43:01 +0100] "GET /robots.txt HTTP/1.1" 200 - "-" "Mozilla/5.0 (compatible; TMMBot/0.2; +http://www.dslab.ch)/Nutch-1.15"
194.209.200.2 - - [12/Dec/2022:16:43:01 +0100] "GET /Admin/Jahresbericht HTTP/1.1" 200 45530 "-" "Mozilla/5.0 (compatible; TMMBot/0.2; +http://www.dslab.ch)/Nutch-1.15"
207.46.13.111 - - [12/Dec/2022:16:43:01 +0100] "GET /PodCast/Schnabelwouchs HTTP/1.1" 200 9934 "-" "Mozilla/5.0 AppleWebKit/537.36 (KHTML, like Gecko; compatible; bingbot/2.0; +http://www.bing.com/bingbot.htm) Chrome/103.0.5060.134 Safari/537.36"
207.46.13.14 - - [12/Dec/2022:16:43:18 +0100] "GET /JissIBNJoussouff4/01?action=edit HTTP/1.1" 404 18 "-" "Mozilla/5.0 AppleWebKit/537.36 (KHTML, like Gecko; compatible; bingbot/2.0; +http://www.bing.com/bingbot.htm) Chrome/103.0.5060.134 Safari/537.36"
194.209.200.2 - - [12/Dec/2022:16:43:49 +0100] "GET /Texte/Schrybwys HTTP/1.1" 200 11028 "-" "Mozilla/5.0 (compatible; TMMBot/0.2; +http://www.dslab.ch)/Nutch-1.15"
194.209.200.2 - - [12/Dec/2022:16:45:41 +0100] "GET /Texte/GDicht HTTP/1.1" 200 8050 "-" "Mozilla/5.0 (compatible; TMMBot/0.2; +http://www.dslab.ch)/Nutch-1.15"
85.25.185.196 - - [12/Dec/2022:16:45:46 +0100] "GET /PodCast/Fanatiker?action=edit&restore=diff:1347560681:1347560332:&preview=y HTTP/1.1" 200 8696 "-" "Mozilla/5.0 (Macintosh; Intel Mac OS X 10.15; rv:103.0) Gecko/20100101 Firefox/103.0"
85.25.185.196 - - [12/Dec/2022:16:48:21 +0100] "GET /PodCast/Fanatiker?action=diff&source=y&minor=n HTTP/1.1" 200 12411 "-" "Mozilla/5.0 (Macintosh; Intel Mac OS X 10.15; rv:103.0) Gecko/20100101 Firefox/103.0"
194.209.200.2 - - [12/Dec/2022:16:50:04 +0100] "GET /Admin/Pro-ZurituutschStatuten HTTP/1.1" 200 9580 "-" "Mozilla/5.0 (compatible; TMMBot/0.2; +http://www.dslab.ch)/Nutch-1.15"
85.25.185.196 - - [12/Dec/2022:16:50:21 +0100] "GET /PodCast/Limerick29?action=edit&restore=diff:1425229021:1425228978:&preview=y HTTP/1.1" 200 8712 "-" "Mozilla/5.0 (Macintosh; Intel Mac OS X 10.15; rv:103.0) Gecko/20100101 Firefox/103.0"
69.16.157.156 - - [12/Dec/2022:16:52:31 +0100] "GET /Texte/Rezension HTTP/1.1" 200 11812 "http://www.pro-zurituutsch.ch" "Mozilla/5.0 (Windows NT 10.0; Win64; x64) AppleWebKit/537.36 (KHTML, like Gecko) Chrome/62.0.3202.94 Safari/537.36"
85.25.185.196 - - [12/Dec/2022:16:53:08 +0100] "GET /PodCast/Limerick29?action=edit&restore=diff:1425229249:1425229104:&preview=y HTTP/1.1" 200 8712 "-" "Mozilla/5.0 (Macintosh; Intel Mac OS X 10.15; rv:103.0) Gecko/20100101 Firefox/103.0"
85.25.185.196 - - [12/Dec/2022:16:54:15 +0100] "GET /PodCast/Limerick29?action=diff&source=n&minor=y HTTP/1.1" 200 13818 "-" "Mozilla/5.0 (Macintosh; Intel Mac OS X 10.15; rv:103.0) Gecko/20100101 Firefox/103.0"
66.249.66.206 - - [12/Dec/2022:16:57:34 +0100] "GET /PodCast/IndexPage?action=rss HTTP/1.1" 200 6298 "-" "Mozilla/5.0 (compatible; Googlebot/2.1; +http://www.google.com/bot.html)"
85.25.185.196 - - [12/Dec/2022:16:59:34 +0100] "GET /PodCast/Limerick29?action=edit&restore=diff:1442428820:1425229249:&preview=y HTTP/1.1" 200 8712 "-" "Mozilla/5.0 (Macintosh; Intel Mac OS X 10.15; rv:103.0) Gecko/20100101 Firefox/103.0"
85.25.185.196 - - [12/Dec/2022:16:59:42 +0100] "GET /PodCast/Fanatiker?action=diff&source=n&minor=y HTTP/1.1" 200 12443 "-" "Mozilla/5.0 (Macintosh; Intel Mac OS X 10.15; rv:103.0) Gecko/20100101 Firefox/103.0"
85.25.185.196 - - [12/Dec/2022:17:00:48 +0100] "GET /PodCast/Fanatiker?action=edit&restore=diff:1347560332:1347560332:&preview=y HTTP/1.1" 200 8696 "-" "Mozilla/5.0 (Macintosh; Intel Mac OS X 10.15; rv:103.0) Gecko/20100101 Firefox/103.0"
216.244.66.243 - - [12/Dec/2022:17:02:07 +0100] "GET /robots.txt HTTP/1.1" 200 - "-" "Mozilla/5.0 (compatible; DotBot/1.2; +https://opensiteexplorer.org/dotbot; help@moz.com)"
85.25.185.196 - - [12/Dec/2022:17:02:23 +0100] "GET /PodCast/Limerick29?action=edit&restore=diff:1425228703:1425228703:&preview=y HTTP/1.1" 200 8712 "-" "Mozilla/5.0 (Macintosh; Intel Mac OS X 10.15; rv:103.0) Gecko/20100101 Firefox/103.0"
85.25.185.196 - - [12/Dec/2022:17:03:58 +0100] "GET /Site/WGA3FrejersfuSs?action=diff&source=y&minor=n HTTP/1.1" 200 9268 "-" "Mozilla/5.0 (Macintosh; Intel Mac OS X 10.15; rv:103.0) Gecko/20100101 Firefox/103.0"
85.25.185.196 - - [12/Dec/2022:17:07:51 +0100] "GET /PodCast/Parys070115?action=diff&source=n&minor=n HTTP/1.1" 200 11846 "-" "Mozilla/5.0 (Macintosh; Intel Mac OS X 10.15; rv:103.0) Gecko/20100101 Firefox/103.0"
85.25.185.196 - - [12/Dec/2022:17:09:50 +0100] "GET /PodCast/Parys070115?action=diff&source=y&minor=y HTTP/1.1" 200 11704 "-" "Mozilla/5.0 (Macintosh; Intel Mac OS X 10.15; rv:103.0) Gecko/20100101 Firefox/103.0"
85.25.185.196 - - [12/Dec/2022:17:12:25 +0100] "GET /Site/WGA3FrejersfuSs?action=diff&source=n&minor=y HTTP/1.1" 200 9278 "-" "Mozilla/5.0 (Macintosh; Intel Mac OS X 10.15; rv:103.0) Gecko/20100101 Firefox/103.0"
85.25.185.196 - - [12/Dec/2022:17:14:51 +0100] "GET /Site/WGA3FrejersfuSs?action=print HTTP/1.1" 404 2409 "-" "Mozilla/5.0 (Macintosh; Intel Mac OS X 10.15; rv:103.0) Gecko/20100101 Firefox/103.0"
85.25.185.196 - - [12/Dec/2022:17:17:03 +0100] "GET /PodCast/SprAlAner?action=diff&source=n&minor=n HTTP/1.1" 200 17030 "-" "Mozilla/5.0 (Macintosh; Intel Mac OS X 10.15; rv:103.0) Gecko/20100101 Firefox/103.0"
216.244.66.243 - - [12/Dec/2022:17:18:10 +0100] "GET /PmWikiDe/PageHistory HTTP/1.1" 200 8791 "-" "Mozilla/5.0 (compatible; DotBot/1.2; +https://opensiteexplorer.org/dotbot; help@moz.com)"
85.25.185.196 - - [12/Dec/2022:17:20:48 +0100] "GET /PodCast/SprAlAner?action=diff&source=y&minor=y HTTP/1.1" 200 16619 "-" "Mozilla/5.0 (Macintosh; Intel Mac OS X 10.15; rv:103.0) Gecko/20100101 Firefox/103.0"
85.25.185.196 - - [12/Dec/2022:17:22:30 +0100] "GET /PodCast/Lydja?action=edit&restore=diff:1314427205:1314427100:&preview=y HTTP/1.1" 200 8640 "-" "Mozilla/5.0 (Macintosh; Intel Mac OS X 10.15; rv:103.0) Gecko/20100101 Firefox/103.0"
18.192.65.28 - - [12/Dec/2022:17:25:17 +0100] "GET /.git/config HTTP/1.1" 404 264 "-" "Mozilla/5.0 (Macintosh; Intel Mac OS X 10.15; rv:77.0) Gecko/20100101 Firefox/77.0"
85.25.185.196 - - [12/Dec/2022:17:25:40 +0100] "GET /PodCast/Quaalewaal?action=edit&restore=diff:1278095032:1278095007:&preview=y HTTP/1.1" 200 8710 "-" "Mozilla/5.0 (Macintosh; Intel Mac OS X 10.15; rv:103.0) Gecko/20100101 Firefox/103.0"
85.25.185.196 - - [12/Dec/2022:17:28:19 +0100] "GET /PodCast/Lydja?action=edit&restore=diff:1350227928:1348495830:&preview=y HTTP/1.1" 200 8640 "-" "Mozilla/5.0 (Macintosh; Intel Mac OS X 10.15; rv:103.0) Gecko/20100101 Firefox/103.0"
85.25.185.196 - - [12/Dec/2022:17:29:51 +0100] "GET /PodCast/Lydja?action=edit&restore=diff:1353776615:1350918885:&preview=y HTTP/1.1" 200 8640 "-" "Mozilla/5.0 (Macintosh; Intel Mac OS X 10.15; rv:103.0) Gecko/20100101 Firefox/103.0"
157.55.39.52 - - [12/Dec/2022:17:33:13 +0100] "GET /Texte/Schrybwys HTTP/1.1" 200 11028 "-" "Mozilla/5.0 (compatible; bingbot/2.0; +http://www.bing.com/bingbot.htm)"
85.25.185.196 - - [12/Dec/2022:17:33:34 +0100] "GET /PodCast/Lydja?action=edit&restore=diff:1391098655:1391098213:&preview=y HTTP/1.1" 200 8640 "-" "Mozilla/5.0 (Macintosh; Intel Mac OS X 10.15; rv:103.0) Gecko/20100101 Firefox/103.0"
207.46.13.190 - - [12/Dec/2022:17:33:39 +0100] "GET /pub/skins/pro-zurituutsch/gila.css HTTP/1.1" 200 10186 "-" "Mozilla/5.0 (compatible; bingbot/2.0; +http://www.bing.com/bingbot.htm)"
8.29.198.25 - - [12/Dec/2022:17:33:49 +0100] "GET /PodCast/IndexPage?action=rss HTTP/1.1" 200 6298 "-" "Feedly/1.0 (+http://www.feedly.com/fetcher.html; 3 subscribers; like FeedFetcher-Google)"
85.25.185.196 - - [12/Dec/2022:17:35:08 +0100] "GET /PodCast/Lydja?action=edit&restore=diff:1346169982:1346079021:&preview=y HTTP/1.1" 200 8640 "-" "Mozilla/5.0 (Macintosh; Intel Mac OS X 10.15; rv:103.0) Gecko/20100101 Firefox/103.0"
85.25.185.196 - - [12/Dec/2022:17:37:51 +0100] "GET /PodCast/Lydja?action=edit&restore=diff:1350918885:1350227928:&preview=y HTTP/1.1" 200 8640 "-" "Mozilla/5.0 (Macintosh; Intel Mac OS X 10.15; rv:103.0) Gecko/20100101 Firefox/103.0"
85.25.185.196 - - [12/Dec/2022:17:40:38 +0100] "GET /PodCast/Lydja?action=edit&restore=diff:1393003062:1391099013:&preview=y HTTP/1.1" 200 8640 "-" "Mozilla/5.0 (Macintosh; Intel Mac OS X 10.15; rv:103.0) Gecko/20100101 Firefox/103.0"
85.25.185.196 - - [12/Dec/2022:17:42:34 +0100] "GET /PodCast/Quaalewaal?action=edit&restore=diff:1278093673:1278093673:&preview=y HTTP/1.1" 200 8710 "-" "Mozilla/5.0 (Macintosh; Intel Mac OS X 10.15; rv:103.0) Gecko/20100101 Firefox/103.0"
85.25.185.196 - - [12/Dec/2022:17:43:09 +0100] "GET /PodCast/Lydja?action=edit&restore=diff:1346079021:1339516794:&preview=y HTTP/1.1" 200 8640 "-" "Mozilla/5.0 (Macintosh; Intel Mac OS X 10.15; rv:103.0) Gecko/20100101 Firefox/103.0"
85.25.185.196 - - [12/Dec/2022:17:43:49 +0100] "GET /PodCast/Quaalewaal?action=diff&source=n&minor=y HTTP/1.1" 200 14276 "-" "Mozilla/5.0 (Macintosh; Intel Mac OS X 10.15; rv:103.0) Gecko/20100101 Firefox/103.0"
85.25.185.196 - - [12/Dec/2022:17:44:25 +0100] "GET /PodCast/Lydja?action=edit&restore=diff:1359562397:1355943708:&preview=y HTTP/1.1" 200 8640 "-" "Mozilla/5.0 (Macintosh; Intel Mac OS X 10.15; rv:103.0) Gecko/20100101 Firefox/103.0"
185.181.60.12 - - [12/Dec/2022:17:44:36 +0100] "GET / HTTP/1.1" 200 15085 "-" "Mozilla/5.0 (Windows NT 10.0; Win64; x64) AppleWebKit/537.36 (KHTML, like Gecko) Chrome/91.0.4472.114 Safari/537.36 Edg/91.0.864.54"
85.25.185.196 - - [12/Dec/2022:17:45:36 +0100] "GET /PodCast/Lydja?action=edit&restore=diff:1391098213:1364920524:&preview=y HTTP/1.1" 200 8640 "-" "Mozilla/5.0 (Macintosh; Intel Mac OS X 10.15; rv:103.0) Gecko/20100101 Firefox/103.0"
5.181.168.115 - - [12/Dec/2022:17:46:57 +0100] "GET /de/gcc/search/zone/drugs/search_query/Movicol+Chocolat/search_type/st_oddb HTTP/1.0" 404 344 "http://www.pro-zurituutsch.ch/de/gcc/search/zone/drugs/search_query/Movicol+Chocolat/search_type/st_oddb" "Mozilla/5.0 (Windows NT 6.1; ) AppleWebKit/537.36 (KHTML, like Gecko) Chrome/90.0.4430.85 Safari/537.36"
5.181.168.115 - - [12/Dec/2022:17:46:57 +0100] "GET / HTTP/1.0" 200 15085 "http://www.pro-zurituutsch.ch/" "Mozilla/5.0 (Windows NT 6.1; ) AppleWebKit/537.36 (KHTML, like Gecko) Chrome/90.0.4430.85 Safari/537.36"
85.25.185.196 - - [12/Dec/2022:17:47:57 +0100] "GET /PodCast/Lydja?action=edit&restore=diff:1355943708:1355943521:&preview=y HTTP/1.1" 200 8640 "-" "Mozilla/5.0 (Macintosh; Intel Mac OS X 10.15; rv:103.0) Gecko/20100101 Firefox/103.0"
85.25.185.196 - - [12/Dec/2022:17:50:04 +0100] "GET /PodCast/Lydja?action=edit&restore=diff:1317463397:1314903672:&preview=y HTTP/1.1" 200 8640 "-" "Mozilla/5.0 (Macintosh; Intel Mac OS X 10.15; rv:103.0) Gecko/20100101 Firefox/103.0"
147.78.47.249 - - [12/Dec/2022:17:50:39 +0100] "GET /_ignition/health-check/ HTTP/1.1" 302 173 "-" "Mozilla/5.0 (Windows NT 10.0; Win64; x64) AppleWebKit/537.36 (KHTML, like Gecko) Chrome/105.0.0.0 Safari/537.36"
147.78.47.249 - - [12/Dec/2022:17:50:39 +0100] "GET /Ignition/Health-check HTTP/1.1" 404 8269 "http://pro-zurituutsch.ch/_ignition/health-check/" "Mozilla/5.0 (Windows NT 10.0; Win64; x64) AppleWebKit/537.36 (KHTML, like Gecko) Chrome/105.0.0.0 Safari/537.36"
147.78.47.249 - - [12/Dec/2022:17:50:41 +0100] "GET /public/_ignition/health-check/ HTTP/1.1" 404 296 "-" "Mozilla/5.0 (Windows NT 10.0; Win64; x64) AppleWebKit/537.36 (KHTML, like Gecko) Chrome/105.0.0.0 Safari/537.36"
147.78.47.249 - - [12/Dec/2022:17:50:43 +0100] "GET /wp-includes/wlwmanifest.xml HTTP/1.1" 404 293 "-" "Mozilla/5.0 (Windows NT 10.0; Win64; x64) AppleWebKit/537.36 (KHTML, like Gecko) Chrome/105.0.0.0 Safari/537.36"
194.209.200.2 - - [12/Dec/2022:17:52:25 +0100] "GET /robots.txt HTTP/1.1" 200 - "-" "Mozilla/5.0 (compatible; TMMBot/0.2; +http://www.dslab.ch)/Nutch-1.15"
194.209.200.2 - - [12/Dec/2022:17:52:25 +0100] "GET /Admin/Jahresbericht HTTP/1.1" 200 45530 "-" "Mozilla/5.0 (compatible; TMMBot/0.2; +http://www.dslab.ch)/Nutch-1.15"
194.209.200.2 - - [12/Dec/2022:17:52:51 +0100] "GET /Texte/Schrybwys HTTP/1.1" 200 11028 "-" "Mozilla/5.0 (compatible; TMMBot/0.2; +http://www.dslab.ch)/Nutch-1.15"
85.25.185.196 - - [12/Dec/2022:17:53:43 +0100] "GET /PodCast/Lydja?action=edit&restore=diff:1395677577:1393003062:&preview=y HTTP/1.1" 200 8640 "-" "Mozilla/5.0 (Macintosh; Intel Mac OS X 10.15; rv:103.0) Gecko/20100101 Firefox/103.0"
194.209.200.2 - - [12/Dec/2022:17:53:55 +0100] "GET /Texte/GDicht HTTP/1.1" 200 8050 "-" "Mozilla/5.0 (compatible; TMMBot/0.2; +http://www.dslab.ch)/Nutch-1.15"
85.25.185.196 - - [12/Dec/2022:17:54:51 +0100] "GET /PodCast/Quaalewaal?action=diff&source=y&minor=n HTTP/1.1" 200 14338 "-" "Mozilla/5.0 (Macintosh; Intel Mac OS X 10.15; rv:103.0) Gecko/20100101 Firefox/103.0"
194.209.200.2 - - [12/Dec/2022:17:56:40 +0100] "GET /Admin/Pro-ZurituutschStatuten HTTP/1.1" 200 9580 "-" "Mozilla/5.0 (compatible; TMMBot/0.2; +http://www.dslab.ch)/Nutch-1.15"
207.46.13.111 - - [12/Dec/2022:17:57:18 +0100] "GET /PodCast/WGA1Begaabig?action=edit HTTP/1.1" 404 18 "-" "Mozilla/5.0 AppleWebKit/537.36 (KHTML, like Gecko; compatible; bingbot/2.0; +http://www.bing.com/bingbot.htm) Chrome/103.0.5060.134 Safari/537.36"
85.25.185.196 - - [12/Dec/2022:17:58:08 +0100] "GET /PodCast/Lydja?action=edit&restore=diff:1339516794:1317463397:&preview=y HTTP/1.1" 200 8640 "-" "Mozilla/5.0 (Macintosh; Intel Mac OS X 10.15; rv:103.0) Gecko/20100101 Firefox/103.0"
85.25.185.196 - - [12/Dec/2022:17:59:48 +0100] "GET /PodCast/Quaalewaal?action=edit&restore=diff:1278095007:1278094821:&preview=y HTTP/1.1" 200 8710 "-" "Mozilla/5.0 (Macintosh; Intel Mac OS X 10.15; rv:103.0) Gecko/20100101 Firefox/103.0"
66.249.66.206 - - [12/Dec/2022:18:02:54 +0100] "GET /PodCast/IndexPage?action=rss HTTP/1.1" 200 6298 "-" "Mozilla/5.0 (compatible; Googlebot/2.1; +http://www.google.com/bot.html)"
85.25.185.196 - - [12/Dec/2022:18:03:17 +0100] "GET /PodCast/Lydja?action=edit&restore=diff:1348495427:1346169982:&preview=y HTTP/1.1" 200 8640 "-" "Mozilla/5.0 (Macintosh; Intel Mac OS X 10.15; rv:103.0) Gecko/20100101 Firefox/103.0"
3.216.185.164 - - [12/Dec/2022:18:03:56 +0100] "GET /PodCast/IndexPage?action=rss HTTP/1.1" 200 6298 "-" "PocketCasts/1.0 (Pocket Casts Feed Parser; +http://pocketcasts.com/)"
193.56.73.145 - - [12/Dec/2022:18:04:56 +0100] "GET /de/gcc/search/zone/drugs/search_query/Movicol+Chocolat/search_type/st_oddb HTTP/1.0" 404 344 "http://www.pro-zurituutsch.ch/de/gcc/search/zone/drugs/search_query/Movicol+Chocolat/search_type/st_oddb" "Mozilla/5.0 (Windows NT 6.1; WOW64) AppleWebKit/537.36 (KHTML, like Gecko) Chrome/90.0.4430.85 Safari/537.36"
213.232.120.144 - - [12/Dec/2022:18:05:12 +0100] "GET / HTTP/1.0" 200 15085 "http://www.pro-zurituutsch.ch/" "Mozilla/5.0 (Windows NT 6.1; WOW64) AppleWebKit/537.36 (KHTML, like Gecko) Chrome/90.0.4430.85 Safari/537.36"
85.25.185.196 - - [12/Dec/2022:18:06:09 +0100] "GET /PodCast/Quaalewaal?action=edit&restore=diff:1278095053:1278095032:&preview=y HTTP/1.1" 200 8710 "-" "Mozilla/5.0 (Macintosh; Intel Mac OS X 10.15; rv:103.0) Gecko/20100101 Firefox/103.0"
85.25.185.196 - - [12/Dec/2022:18:11:18 +0100] "GET /PodCast/Lydja?action=diff&source=n&minor=y HTTP/1.1" 200 22061 "-" "Mozilla/5.0 (Macintosh; Intel Mac OS X 10.15; rv:103.0) Gecko/20100101 Firefox/103.0"
34.214.53.203 - - [12/Dec/2022:18:13:57 +0100] "GET /PodCast/Styluebige HTTP/1.1" 200 9354 "-" "wiederfreibot/1.0 (+https://www.wiederfrei.ch/crawler.html)"
85.25.185.196 - - [12/Dec/2022:18:14:05 +0100] "GET /PodCast/Lydja?action=edit&restore=diff:1425229217:1395677577:&preview=y HTTP/1.1" 200 8640 "-" "Mozilla/5.0 (Macintosh; Intel Mac OS X 10.15; rv:103.0) Gecko/20100101 Firefox/103.0"
85.25.185.196 - - [12/Dec/2022:18:16:37 +0100] "GET /PodCast/Lydja?action=diff&source=y&minor=n HTTP/1.1" 200 21589 "-" "Mozilla/5.0 (Macintosh; Intel Mac OS X 10.15; rv:103.0) Gecko/20100101 Firefox/103.0"
85.25.185.196 - - [12/Dec/2022:18:18:21 +0100] "GET /PodCast/Lydja?action=edit&restore=diff:1447019615:1425229217:&preview=y HTTP/1.1" 200 8640 "-" "Mozilla/5.0 (Macintosh; Intel Mac OS X 10.15; rv:103.0) Gecko/20100101 Firefox/103.0"
54.36.148.201 - - [12/Dec/2022:18:21:02 +0100] "GET /robots.txt HTTP/1.1" 200 - "-" "Mozilla/5.0 (compatible; AhrefsBot/7.0; +http://ahrefs.com/robot/)"
54.36.148.127 - - [12/Dec/2022:18:21:03 +0100] "GET /Site/PodCast HTTP/1.1" 200 40934 "-" "Mozilla/5.0 (compatible; AhrefsBot/7.0; +http://ahrefs.com/robot/)"
3.219.254.95 - - [12/Dec/2022:18:21:20 +0100] "GET /PodCast/IndexPage?action=rss HTTP/1.1" 200 6298 "-" "PocketCasts/1.0 (Pocket Casts Feed Parser; +http://pocketcasts.com/)"
85.25.185.196 - - [12/Dec/2022:18:22:05 +0100] "GET /PodCast/Lydja?action=edit&restore=diff:1391099013:1391098655:&preview=y HTTP/1.1" 200 8640 "-" "Mozilla/5.0 (Macintosh; Intel Mac OS X 10.15; rv:103.0) Gecko/20100101 Firefox/103.0"
85.25.185.196 - - [12/Dec/2022:18:24:00 +0100] "GET /PodCast/Lydja?action=edit&restore=diff:1314426644:1314426644:&preview=y HTTP/1.1" 200 8640 "-" "Mozilla/5.0 (Macintosh; Intel Mac OS X 10.15; rv:103.0) Gecko/20100101 Firefox/103.0"
85.25.185.196 - - [12/Dec/2022:18:26:30 +0100] "GET /PodCast/Lydja?action=edit&restore=diff:1348495830:1348495427:&preview=y HTTP/1.1" 200 8640 "-" "Mozilla/5.0 (Macintosh; Intel Mac OS X 10.15; rv:103.0) Gecko/20100101 Firefox/103.0"
85.25.185.196 - - [12/Dec/2022:18:29:17 +0100] "GET /PodCast/Lydja?action=edit&restore=diff:1348495830:1348495427:&preview=y HTTP/1.1" 200 8640 "-" "Mozilla/5.0 (Macintosh; Intel Mac OS X 10.15; rv:103.0) Gecko/20100101 Firefox/103.0"
85.25.185.196 - - [12/Dec/2022:18:29:46 +0100] "GET /PodCast/Lydja?action=edit&restore=diff:1314427100:1314427030:&preview=y HTTP/1.1" 200 8640 "-" "Mozilla/5.0 (Macintosh; Intel Mac OS X 10.15; rv:103.0) Gecko/20100101 Firefox/103.0"
85.25.185.196 - - [12/Dec/2022:18:30:39 +0100] "GET /PodCast/JBJ702?action=diff&source=y&minor=y HTTP/1.1" 200 26659 "-" "Mozilla/5.0 (Macintosh; Intel Mac OS X 10.15; rv:103.0) Gecko/20100101 Firefox/103.0"
194.209.200.2 - - [12/Dec/2022:18:31:26 +0100] "GET /robots.txt HTTP/1.1" 200 - "-" "Mozilla/5.0 (compatible; TMMBot/0.2; +http://www.dslab.ch)/Nutch-1.15"
194.209.200.2 - - [12/Dec/2022:18:31:26 +0100] "GET /Admin/Jahresbericht HTTP/1.1" 200 45530 "-" "Mozilla/5.0 (compatible; TMMBot/0.2; +http://www.dslab.ch)/Nutch-1.15"
194.209.200.2 - - [12/Dec/2022:18:31:50 +0100] "GET /Texte/Schrybwys HTTP/1.1" 200 11028 "-" "Mozilla/5.0 (compatible; TMMBot/0.2; +http://www.dslab.ch)/Nutch-1.15"
40.77.167.79 - - [12/Dec/2022:18:32:36 +0100] "GET /PodCast/JBJKap1?action=upload HTTP/1.1" 403 18 "-" "Mozilla/5.0 (compatible; bingbot/2.0; +http://www.bing.com/bingbot.htm)"
194.209.200.2 - - [12/Dec/2022:18:32:54 +0100] "GET /Texte/GDicht HTTP/1.1" 200 8050 "-" "Mozilla/5.0 (compatible; TMMBot/0.2; +http://www.dslab.ch)/Nutch-1.15"
85.25.185.196 - - [12/Dec/2022:18:33:47 +0100] "GET /PodCast/Lydja?action=edit&restore=diff:1361295021:1359562397:&preview=y HTTP/1.1" 200 8640 "-" "Mozilla/5.0 (Macintosh; Intel Mac OS X 10.15; rv:103.0) Gecko/20100101 Firefox/103.0"
85.25.185.196 - - [12/Dec/2022:18:34:33 +0100] "GET /PodCast/JBJ702?action=diff&source=n&minor=n HTTP/1.1" 200 27505 "-" "Mozilla/5.0 (Macintosh; Intel Mac OS X 10.15; rv:103.0) Gecko/20100101 Firefox/103.0"
194.209.200.2 - - [12/Dec/2022:18:35:34 +0100] "GET /Admin/Pro-ZurituutschStatuten HTTP/1.1" 200 9580 "-" "Mozilla/5.0 (compatible; TMMBot/0.2; +http://www.dslab.ch)/Nutch-1.15"
85.25.185.196 - - [12/Dec/2022:18:38:36 +0100] "GET /PodCast/Lydja?action=edit&restore=diff:1364920524:1361295021:&preview=y HTTP/1.1" 200 8640 "-" "Mozilla/5.0 (Macintosh; Intel Mac OS X 10.15; rv:103.0) Gecko/20100101 Firefox/103.0"
85.25.185.196 - - [12/Dec/2022:18:42:15 +0100] "GET /PodCast/Quaalewaal?action=edit&restore=diff:1278095148:1278095053:&preview=y HTTP/1.1" 200 8710 "-" "Mozilla/5.0 (Macintosh; Intel Mac OS X 10.15; rv:103.0) Gecko/20100101 Firefox/103.0"
85.25.185.196 - - [12/Dec/2022:18:46:06 +0100] "GET /PodCast/Lydja?action=edit&restore=diff:1355943521:1353776615:&preview=y HTTP/1.1" 200 8640 "-" "Mozilla/5.0 (Macintosh; Intel Mac OS X 10.15; rv:103.0) Gecko/20100101 Firefox/103.0"
95.163.255.82 - - [12/Dec/2022:18:47:12 +0100] "GET /robots.txt HTTP/1.0" 200 - "-" "Mozilla/5.0 (compatible; Linux x86_64; Mail.RU_Bot/2.0; +https://help.mail.ru/webmaster/indexing/robots)"
95.163.255.88 - - [12/Dec/2022:18:47:13 +0100] "GET / HTTP/1.1" 200 15085 "-" "Mozilla/5.0 (compatible; Linux x86_64; Mail.RU_Bot/2.0; +https://help.mail.ru/webmaster/indexing/robots)"
85.25.185.196 - - [12/Dec/2022:18:47:46 +0100] "GET /PodCast/Quaalewaal?action=edit&restore=diff:1278094786:1278093673:&preview=y HTTP/1.1" 200 8710 "-" "Mozilla/5.0 (Macintosh; Intel Mac OS X 10.15; rv:103.0) Gecko/20100101 Firefox/103.0"
207.46.13.14 - - [12/Dec/2022:18:49:47 +0100] "GET /PodCast/102Ramft1478?action=edit HTTP/1.1" 404 18 "-" "Mozilla/5.0 (compatible; bingbot/2.0; +http://www.bing.com/bingbot.htm)"
85.25.185.196 - - [12/Dec/2022:18:50:32 +0100] "GET /PodCast/Quaalewaal?action=edit&restore=diff:1278094821:1278094786:&preview=y HTTP/1.1" 200 8710 "-" "Mozilla/5.0 (Macintosh; Intel Mac OS X 10.15; rv:103.0) Gecko/20100101 Firefox/103.0"
85.25.185.196 - - [12/Dec/2022:18:53:53 +0100] "GET /PodCast/Lydja?action=edit&restore=diff:1314427030:1314426644:&preview=y HTTP/1.1" 200 8640 "-" "Mozilla/5.0 (Macintosh; Intel Mac OS X 10.15; rv:103.0) Gecko/20100101 Firefox/103.0"
85.25.185.196 - - [12/Dec/2022:18:54:45 +0100] "GET /Site/182Room1500?action=edit&restore=diff:1273332013:1272875788:&preview=y HTTP/1.1" 200 8685 "-" "Mozilla/5.0 (Macintosh; Intel Mac OS X 10.15; rv:103.0) Gecko/20100101 Firefox/103.0"
