194.209.200.2 - - [08/Nov/2022:04:38:39 +0100] "GET /Texte/Schrybwys HTTP/1.1" 200 11028 "-" "Mozilla/5.0 (compatible; TMMBot/0.2; +http://www.dslab.ch)/Nutch-1.15"
194.209.200.2 - - [08/Nov/2022:04:39:34 +0100] "GET /Texte/GDicht HTTP/1.1" 200 8050 "-" "Mozilla/5.0 (compatible; TMMBot/0.2; +http://www.dslab.ch)/Nutch-1.15"
85.25.177.219 - - [08/Nov/2022:04:39:37 +0100] "GET /Main/Home?action=edit&restore=diff:1615669070:1615669051:&preview=y HTTP/1.1" 200 8583 "-" "Mozilla/5.0 (Macintosh; Intel Mac OS X 10.15; rv:103.0) Gecko/20100101 Firefox/103.0"
85.25.177.219 - - [08/Nov/2022:04:40:07 +0100] "GET /Main/Home?action=edit&restore=diff:1454699649:1454699332:&preview=y HTTP/1.1" 200 8583 "-" "Mozilla/5.0 (Macintosh; Intel Mac OS X 10.15; rv:103.0) Gecko/20100101 Firefox/103.0"
194.209.200.2 - - [08/Nov/2022:04:40:08 +0100] "GET /Texte/Metamorphoses HTTP/1.1" 200 9045 "-" "Mozilla/5.0 (compatible; TMMBot/0.2; +http://www.dslab.ch)/Nutch-1.15"
85.25.177.219 - - [08/Nov/2022:04:49:05 +0100] "GET /Main/Home?action=edit&restore=diff:1454699649:1454699332:&preview=y HTTP/1.1" 200 8583 "-" "Mozilla/5.0 (Macintosh; Intel Mac OS X 10.15; rv:103.0) Gecko/20100101 Firefox/103.0"
216.244.66.243 - - [08/Nov/2022:04:49:28 +0100] "GET /robots.txt HTTP/1.1" 200 - "-" "Mozilla/5.0 (compatible; DotBot/1.2; +https://opensiteexplorer.org/dotbot; help@moz.com)"
85.25.177.219 - - [08/Nov/2022:04:53:22 +0100] "GET /Main/Home?action=edit&restore=diff:1472746864:1456682157:&preview=y HTTP/1.1" 200 8583 "-" "Mozilla/5.0 (Macintosh; Intel Mac OS X 10.15; rv:103.0) Gecko/20100101 Firefox/103.0"
85.25.177.219 - - [08/Nov/2022:04:57:29 +0100] "GET /Main/Home?action=edit&restore=diff:1615668888:1615668822:&preview=y HTTP/1.1" 200 8583 "-" "Mozilla/5.0 (Macintosh; Intel Mac OS X 10.15; rv:103.0) Gecko/20100101 Firefox/103.0"
85.25.177.219 - - [08/Nov/2022:05:01:23 +0100] "GET /Main/Home?action=edit&restore=diff:1615668949:1615668924:&preview=y HTTP/1.1" 200 8583 "-" "Mozilla/5.0 (Macintosh; Intel Mac OS X 10.15; rv:103.0) Gecko/20100101 Firefox/103.0"
154.3.251.212 - - [08/Nov/2022:05:05:09 +0100] "GET /Texte/Rezension HTTP/1.1" 200 11812 "http://www.pro-zurituutsch.ch" "Mozilla/5.0 (Windows NT 10.0; Win64; x64) AppleWebKit/537.36 (KHTML, like Gecko) Chrome/62.0.3202.94 Safari/537.36"
85.25.177.219 - - [08/Nov/2022:05:09:12 +0100] "GET /Main/Home?action=edit&restore=diff:1615668822:1591952422:&preview=y HTTP/1.1" 200 8583 "-" "Mozilla/5.0 (Macintosh; Intel Mac OS X 10.15; rv:103.0) Gecko/20100101 Firefox/103.0"
85.25.177.219 - - [08/Nov/2022:05:10:03 +0100] "GET /Main/Home?action=edit&restore=diff:1472746904:1472746864:&preview=y HTTP/1.1" 200 8583 "-" "Mozilla/5.0 (Macintosh; Intel Mac OS X 10.15; rv:103.0) Gecko/20100101 Firefox/103.0"
3.252.107.152 - - [08/Nov/2022:05:13:06 +0100] "GET / HTTP/1.1" 200 15085 "-" "Mozilla/5.0 (Macintosh; Intel Mac OS X 10.15; rv:81.0) Gecko/20100101 Firefox/81.0"
216.244.66.243 - - [08/Nov/2022:05:13:59 +0100] "GET /PodCast/DryzaateFebrouar2011 HTTP/1.1" 200 8321 "-" "Mozilla/5.0 (compatible; DotBot/1.2; +https://opensiteexplorer.org/dotbot; help@moz.com)"
194.209.200.2 - - [08/Nov/2022:05:16:26 +0100] "GET /robots.txt HTTP/1.1" 200 - "-" "Mozilla/5.0 (compatible; TMMBot/0.2; +http://www.dslab.ch)/Nutch-1.15"
194.209.200.2 - - [08/Nov/2022:05:16:26 +0100] "GET /Admin/Jahresbericht HTTP/1.1" 200 45530 "-" "Mozilla/5.0 (compatible; TMMBot/0.2; +http://www.dslab.ch)/Nutch-1.15"
194.209.200.2 - - [08/Nov/2022:05:16:50 +0100] "GET /Texte/Schrybwys HTTP/1.1" 200 11028 "-" "Mozilla/5.0 (compatible; TMMBot/0.2; +http://www.dslab.ch)/Nutch-1.15"
85.25.177.219 - - [08/Nov/2022:05:17:19 +0100] "GET /Main/Home?action=edit&restore=diff:1656357829:1615670311:&preview=y HTTP/1.1" 200 8583 "-" "Mozilla/5.0 (Macintosh; Intel Mac OS X 10.15; rv:103.0) Gecko/20100101 Firefox/103.0"
194.209.200.2 - - [08/Nov/2022:05:17:47 +0100] "GET /Texte/GDicht HTTP/1.1" 200 8050 "-" "Mozilla/5.0 (compatible; TMMBot/0.2; +http://www.dslab.ch)/Nutch-1.15"
194.209.200.2 - - [08/Nov/2022:05:18:23 +0100] "GET /Texte/Metamorphoses HTTP/1.1" 200 9045 "-" "Mozilla/5.0 (compatible; TMMBot/0.2; +http://www.dslab.ch)/Nutch-1.15"
85.25.177.219 - - [08/Nov/2022:05:18:35 +0100] "GET /Main/Home?action=edit&restore=diff:1615668924:1615668888:&preview=y HTTP/1.1" 200 8583 "-" "Mozilla/5.0 (Macintosh; Intel Mac OS X 10.15; rv:103.0) Gecko/20100101 Firefox/103.0"
85.25.177.219 - - [08/Nov/2022:05:25:24 +0100] "GET /Main/Home?action=edit&restore=diff:1456682013:1454699649:&preview=y HTTP/1.1" 200 8583 "-" "Mozilla/5.0 (Macintosh; Intel Mac OS X 10.15; rv:103.0) Gecko/20100101 Firefox/103.0"
114.119.140.60 - - [08/Nov/2022:05:28:25 +0100] "GET /PmWiki/FilePermissions?action=edit HTTP/1.1" 403 18 "http://www.pro-zurituutsch.ch/PmWiki/FilePermissions" "Mozilla/5.0 (Linux; Android 7.0;) AppleWebKit/537.36 (KHTML, like Gecko) Mobile Safari/537.36 (compatible; PetalBot;+https://webmaster.petalsearch.com/site/petalbot)"
66.249.76.220 - - [08/Nov/2022:05:28:29 +0100] "GET /PodCast/IndexPage?action=rss HTTP/1.1" 200 6298 "-" "Mozilla/5.0 (compatible; Googlebot/2.1; +http://www.google.com/bot.html)"
85.25.177.219 - - [08/Nov/2022:05:28:58 +0100] "GET /Main/Home?action=edit&restore=diff:1615669102:1615669070:&preview=y HTTP/1.1" 200 8583 "-" "Mozilla/5.0 (Macintosh; Intel Mac OS X 10.15; rv:103.0) Gecko/20100101 Firefox/103.0"
85.25.177.219 - - [08/Nov/2022:05:33:27 +0100] "GET /Main/Home?action=edit&restore=diff:1591952422:1591952350:&preview=y HTTP/1.1" 200 8583 "-" "Mozilla/5.0 (Macintosh; Intel Mac OS X 10.15; rv:103.0) Gecko/20100101 Firefox/103.0"
85.25.177.219 - - [08/Nov/2022:05:37:17 +0100] "GET /Main/Home?action=edit&restore=diff:1416758465:1363367084:&preview=y HTTP/1.1" 200 8583 "-" "Mozilla/5.0 (Macintosh; Intel Mac OS X 10.15; rv:103.0) Gecko/20100101 Firefox/103.0"
85.25.177.219 - - [08/Nov/2022:05:41:07 +0100] "GET /Main/Home?action=edit&restore=diff:1615669567:1615669442:&preview=y HTTP/1.1" 200 8583 "-" "Mozilla/5.0 (Macintosh; Intel Mac OS X 10.15; rv:103.0) Gecko/20100101 Firefox/103.0"
85.25.177.219 - - [08/Nov/2022:05:45:23 +0100] "GET /Main/Home?action=edit&restore=diff:1615669442:1615669255:&preview=y HTTP/1.1" 200 8583 "-" "Mozilla/5.0 (Macintosh; Intel Mac OS X 10.15; rv:103.0) Gecko/20100101 Firefox/103.0"
3.216.185.164 - - [08/Nov/2022:05:49:06 +0100] "GET /PodCast/IndexPage?action=rss HTTP/1.1" 200 6298 "-" "PocketCasts/1.0 (Pocket Casts Feed Parser; +http://pocketcasts.com/)"
85.25.177.219 - - [08/Nov/2022:05:49:30 +0100] "GET /Main/Home?action=edit&restore=diff:1454699332:1447605227:&preview=y HTTP/1.1" 200 8583 "-" "Mozilla/5.0 (Macintosh; Intel Mac OS X 10.15; rv:103.0) Gecko/20100101 Firefox/103.0"
194.209.200.2 - - [08/Nov/2022:05:51:10 +0100] "GET /robots.txt HTTP/1.1" 200 - "-" "Mozilla/5.0 (compatible; TMMBot/0.2; +http://www.dslab.ch)/Nutch-1.15"
194.209.200.2 - - [08/Nov/2022:05:51:10 +0100] "GET /Admin/Jahresbericht HTTP/1.1" 200 45530 "-" "Mozilla/5.0 (compatible; TMMBot/0.2; +http://www.dslab.ch)/Nutch-1.15"
194.209.200.2 - - [08/Nov/2022:05:51:32 +0100] "GET /Texte/Schrybwys HTTP/1.1" 200 11028 "-" "Mozilla/5.0 (compatible; TMMBot/0.2; +http://www.dslab.ch)/Nutch-1.15"
194.209.200.2 - - [08/Nov/2022:05:52:28 +0100] "GET /Texte/GDicht HTTP/1.1" 200 8050 "-" "Mozilla/5.0 (compatible; TMMBot/0.2; +http://www.dslab.ch)/Nutch-1.15"
194.209.200.2 - - [08/Nov/2022:05:53:02 +0100] "GET /Texte/Metamorphoses HTTP/1.1" 200 9045 "-" "Mozilla/5.0 (compatible; TMMBot/0.2; +http://www.dslab.ch)/Nutch-1.15"
85.25.177.219 - - [08/Nov/2022:05:57:10 +0100] "GET /Main/Home?action=edit&restore=diff:1363367004:1363366975:&preview=y HTTP/1.1" 200 8583 "-" "Mozilla/5.0 (Macintosh; Intel Mac OS X 10.15; rv:103.0) Gecko/20100101 Firefox/103.0"
85.25.177.219 - - [08/Nov/2022:06:01:20 +0100] "GET /Main/Home?action=edit&restore=diff:1615669051:1615669033:&preview=y HTTP/1.1" 200 8583 "-" "Mozilla/5.0 (Macintosh; Intel Mac OS X 10.15; rv:103.0) Gecko/20100101 Firefox/103.0"
216.244.66.243 - - [08/Nov/2022:06:03:56 +0100] "GET /robots.txt HTTP/1.1" 200 - "-" "Mozilla/5.0 (compatible; DotBot/1.2; +https://opensiteexplorer.org/dotbot; help@moz.com)"
85.25.177.219 - - [08/Nov/2022:06:05:18 +0100] "GET /Main/Home?action=diff&source=y&minor=n HTTP/1.1" 200 43489 "-" "Mozilla/5.0 (Macintosh; Intel Mac OS X 10.15; rv:103.0) Gecko/20100101 Firefox/103.0"
85.25.177.219 - - [08/Nov/2022:06:13:11 +0100] "GET /Main/Home?action=edit&restore=diff:1615670311:1615669764:&preview=y HTTP/1.1" 200 8583 "-" "Mozilla/5.0 (Macintosh; Intel Mac OS X 10.15; rv:103.0) Gecko/20100101 Firefox/103.0"
114.119.140.60 - - [08/Nov/2022:06:13:20 +0100] "GET /PmWiki/Search?action=upload HTTP/1.1" 403 18 "http://www.pro-zurituutsch.ch/PmWiki/Search" "Mozilla/5.0 (Linux; Android 7.0;) AppleWebKit/537.36 (KHTML, like Gecko) Mobile Safari/537.36 (compatible; PetalBot;+https://webmaster.petalsearch.com/site/petalbot)"
85.25.177.219 - - [08/Nov/2022:06:17:02 +0100] "GET /Main/Home?action=edit&restore=diff:1615669117:1615669102:&preview=y HTTP/1.1" 200 8583 "-" "Mozilla/5.0 (Macintosh; Intel Mac OS X 10.15; rv:103.0) Gecko/20100101 Firefox/103.0"
85.25.177.219 - - [08/Nov/2022:06:21:07 +0100] "GET /Main/Home?action=diff&source=n&minor=y HTTP/1.1" 200 41412 "-" "Mozilla/5.0 (Macintosh; Intel Mac OS X 10.15; rv:103.0) Gecko/20100101 Firefox/103.0"
194.209.200.2 - - [08/Nov/2022:06:23:11 +0100] "GET /robots.txt HTTP/1.1" 200 - "-" "Mozilla/5.0 (compatible; TMMBot/0.2; +http://www.dslab.ch)/Nutch-1.15"
194.209.200.2 - - [08/Nov/2022:06:23:11 +0100] "GET /Admin/Jahresbericht HTTP/1.1" 200 45530 "-" "Mozilla/5.0 (compatible; TMMBot/0.2; +http://www.dslab.ch)/Nutch-1.15"
194.209.200.2 - - [08/Nov/2022:06:23:33 +0100] "GET /Texte/Schrybwys HTTP/1.1" 200 11028 "-" "Mozilla/5.0 (compatible; TMMBot/0.2; +http://www.dslab.ch)/Nutch-1.15"
194.209.200.2 - - [08/Nov/2022:06:24:28 +0100] "GET /Texte/GDicht HTTP/1.1" 200 8050 "-" "Mozilla/5.0 (compatible; TMMBot/0.2; +http://www.dslab.ch)/Nutch-1.15"
85.25.177.219 - - [08/Nov/2022:06:24:57 +0100] "GET /Main/Home?action=edit&restore=diff:1447605227:1416758465:&preview=y HTTP/1.1" 200 8583 "-" "Mozilla/5.0 (Macintosh; Intel Mac OS X 10.15; rv:103.0) Gecko/20100101 Firefox/103.0"
194.209.200.2 - - [08/Nov/2022:06:25:04 +0100] "GET /Texte/Metamorphoses HTTP/1.1" 200 9045 "-" "Mozilla/5.0 (compatible; TMMBot/0.2; +http://www.dslab.ch)/Nutch-1.15"
216.244.66.243 - - [08/Nov/2022:06:26:43 +0100] "GET /PmWiki/GroupHeaders HTTP/1.1" 200 14901 "-" "Mozilla/5.0 (compatible; DotBot/1.2; +https://opensiteexplorer.org/dotbot; help@moz.com)"
216.244.66.243 - - [08/Nov/2022:06:26:48 +0100] "GET /PmWiki/PageDirectives HTTP/1.1" 200 20238 "-" "Mozilla/5.0 (compatible; DotBot/1.2; +https://opensiteexplorer.org/dotbot; help@moz.com)"
85.25.177.219 - - [08/Nov/2022:06:28:55 +0100] "GET /Main/Home?action=edit&restore=diff:1615669239:1615669117:&preview=y HTTP/1.1" 200 8583 "-" "Mozilla/5.0 (Macintosh; Intel Mac OS X 10.15; rv:103.0) Gecko/20100101 Firefox/103.0"
66.249.76.193 - - [08/Nov/2022:06:29:22 +0100] "GET /PodCast/IndexPage?action=rss HTTP/1.1" 200 6298 "-" "Mozilla/5.0 (compatible; Googlebot/2.1; +http://www.google.com/bot.html)"
85.25.177.219 - - [08/Nov/2022:06:29:35 +0100] "GET /Main/Home?action=edit&restore=diff:1615669711:1615669567:&preview=y HTTP/1.1" 200 8583 "-" "Mozilla/5.0 (Macintosh; Intel Mac OS X 10.15; rv:103.0) Gecko/20100101 Firefox/103.0"
114.119.141.206 - - [08/Nov/2022:06:33:26 +0100] "GET /Site/SideBar?action=edit HTTP/1.1" 403 18 "http://www.pro-zurituutsch.ch/Category/Maintenance" "Mozilla/5.0 (Linux; Android 7.0;) AppleWebKit/537.36 (KHTML, like Gecko) Mobile Safari/537.36 (compatible; PetalBot;+https://webmaster.petalsearch.com/site/petalbot)"
85.25.177.219 - - [08/Nov/2022:06:36:58 +0100] "GET /Main/Home?action=edit&restore=diff:1363366975:1336978339:&preview=y HTTP/1.1" 200 8583 "-" "Mozilla/5.0 (Macintosh; Intel Mac OS X 10.15; rv:103.0) Gecko/20100101 Firefox/103.0"
85.25.177.219 - - [08/Nov/2022:06:38:34 +0100] "GET /Main/Home?action=edit&restore=diff:1615668991:1615668949:&preview=y HTTP/1.1" 200 8583 "-" "Mozilla/5.0 (Macintosh; Intel Mac OS X 10.15; rv:103.0) Gecko/20100101 Firefox/103.0"
157.55.39.103 - - [08/Nov/2022:06:42:01 +0100] "GET /PodCast/Wortwaarte HTTP/1.1" 200 9483 "-" "Mozilla/5.0 AppleWebKit/537.36 (KHTML, like Gecko; compatible; bingbot/2.0; +http://www.bing.com/bingbot.htm) Chrome/103.0.5060.134 Safari/537.36"
85.25.177.219 - - [08/Nov/2022:06:44:57 +0100] "GET /Main/Home?action=edit&restore=diff:1615669764:1615669711:&preview=y HTTP/1.1" 200 8583 "-" "Mozilla/5.0 (Macintosh; Intel Mac OS X 10.15; rv:103.0) Gecko/20100101 Firefox/103.0"
85.25.177.219 - - [08/Nov/2022:06:45:49 +0100] "GET /Main/Home?action=edit&restore=diff:1363367028:1363367004:&preview=y HTTP/1.1" 200 8583 "-" "Mozilla/5.0 (Macintosh; Intel Mac OS X 10.15; rv:103.0) Gecko/20100101 Firefox/103.0"
85.25.177.219 - - [08/Nov/2022:06:49:19 +0100] "GET /Main/Home?action=edit&restore=diff:1363367084:1363367028:&preview=y HTTP/1.1" 200 8583 "-" "Mozilla/5.0 (Macintosh; Intel Mac OS X 10.15; rv:103.0) Gecko/20100101 Firefox/103.0"
85.25.177.219 - - [08/Nov/2022:06:53:25 +0100] "GET /PodCast/UberGebuure?action=edit HTTP/1.1" 200 8680 "-" "Mozilla/5.0 (Macintosh; Intel Mac OS X 10.15; rv:103.0) Gecko/20100101 Firefox/103.0"
85.25.177.219 - - [08/Nov/2022:06:57:04 +0100] "GET /PodCast/UberGebuure?action=diff HTTP/1.1" 200 18304 "-" "Mozilla/5.0 (Macintosh; Intel Mac OS X 10.15; rv:103.0) Gecko/20100101 Firefox/103.0"
194.209.200.2 - - [08/Nov/2022:06:57:08 +0100] "GET /robots.txt HTTP/1.1" 200 - "-" "Mozilla/5.0 (compatible; TMMBot/0.2; +http://www.dslab.ch)/Nutch-1.15"
194.209.200.2 - - [08/Nov/2022:06:57:08 +0100] "GET /Admin/Jahresbericht HTTP/1.1" 200 45530 "-" "Mozilla/5.0 (compatible; TMMBot/0.2; +http://www.dslab.ch)/Nutch-1.15"
216.244.66.243 - - [08/Nov/2022:06:57:27 +0100] "GET /robots.txt HTTP/1.1" 200 - "-" "Mozilla/5.0 (compatible; DotBot/1.2; +https://opensiteexplorer.org/dotbot; help@moz.com)"
194.209.200.2 - - [08/Nov/2022:06:57:35 +0100] "GET /Texte/Schrybwys HTTP/1.1" 200 11028 "-" "Mozilla/5.0 (compatible; TMMBot/0.2; +http://www.dslab.ch)/Nutch-1.15"
194.209.200.2 - - [08/Nov/2022:06:58:42 +0100] "GET /Texte/GDicht HTTP/1.1" 200 8050 "-" "Mozilla/5.0 (compatible; TMMBot/0.2; +http://www.dslab.ch)/Nutch-1.15"
85.25.177.219 - - [08/Nov/2022:07:01:20 +0100] "GET /PodCast/UberGebuure?action=print HTTP/1.1" 200 9793 "-" "Mozilla/5.0 (Macintosh; Intel Mac OS X 10.15; rv:103.0) Gecko/20100101 Firefox/103.0"
85.25.177.219 - - [08/Nov/2022:07:04:58 +0100] "GET /PodCast/UberGebuure?action=upload HTTP/1.1" 200 8580 "-" "Mozilla/5.0 (Macintosh; Intel Mac OS X 10.15; rv:103.0) Gecko/20100101 Firefox/103.0"
114.119.141.168 - - [08/Nov/2022:07:16:04 +0100] "GET /PmWiki/PmWikiPhilosophy?action=print HTTP/1.1" 403 18 "http://www.pro-zurituutsch.ch/PmWiki/PmWikiPhilosophy" "Mozilla/5.0 (Linux; Android 7.0;) AppleWebKit/537.36 (KHTML, like Gecko) Mobile Safari/537.36 (compatible; PetalBot;+https://webmaster.petalsearch.com/site/petalbot)"
85.25.177.219 - - [08/Nov/2022:07:17:19 +0100] "GET /PodCast/UberGebuure?action=upload HTTP/1.1" 200 8580 "-" "Mozilla/5.0 (Macintosh; Intel Mac OS X 10.15; rv:103.0) Gecko/20100101 Firefox/103.0"
3.216.185.164 - - [08/Nov/2022:07:21:16 +0100] "GET /PodCast/IndexPage?action=rss HTTP/1.1" 200 6298 "-" "PocketCasts/1.0 (Pocket Casts Feed Parser; +http://pocketcasts.com/)"
62.210.215.119 - - [08/Nov/2022:07:21:20 +0100] "GET /PodCast/IndexPage?action=rss HTTP/1.1" 200 6298 "-" "Mozilla/5.0 (X11; Linux i686) AppleWebKit/537.36 (KHTML, like Gecko) Chrome/30.0.1599.66 Safari/537.36"
216.244.66.243 - - [08/Nov/2022:07:24:53 +0100] "GET /PmWikiRu/InterMap HTTP/1.1" 200 13291 "-" "Mozilla/5.0 (compatible; DotBot/1.2; +https://opensiteexplorer.org/dotbot; help@moz.com)"
85.25.177.219 - - [08/Nov/2022:07:29:05 +0100] "GET /PodCast/UberGebuure?action=upload HTTP/1.1" 200 8580 "-" "Mozilla/5.0 (Macintosh; Intel Mac OS X 10.15; rv:103.0) Gecko/20100101 Firefox/103.0"
66.249.77.158 - - [08/Nov/2022:07:29:55 +0100] "GET /PodCast/IndexPage?action=rss HTTP/1.1" 200 6298 "-" "Mozilla/5.0 (compatible; Googlebot/2.1; +http://www.google.com/bot.html)"
185.191.171.21 - - [08/Nov/2022:07:32:50 +0100] "GET /robots.txt HTTP/1.1" 200 - "-" "Mozilla/5.0 (compatible; SemrushBot/7~bl; +http://www.semrush.com/bot.html)"
185.191.171.42 - - [08/Nov/2022:07:32:50 +0100] "GET /PmWikiRu/WikiFarms HTTP/1.1" 200 24988 "-" "Mozilla/5.0 (compatible; SemrushBot/7~bl; +http://www.semrush.com/bot.html)"
194.209.200.2 - - [08/Nov/2022:07:41:03 +0100] "GET /robots.txt HTTP/1.1" 200 - "-" "Mozilla/5.0 (compatible; TMMBot/0.2; +http://www.dslab.ch)/Nutch-1.15"
194.209.200.2 - - [08/Nov/2022:07:41:03 +0100] "GET /Admin/Jahresbericht HTTP/1.1" 200 45530 "-" "Mozilla/5.0 (compatible; TMMBot/0.2; +http://www.dslab.ch)/Nutch-1.15"
85.25.177.219 - - [08/Nov/2022:07:41:30 +0100] "GET /PodCast/UberGebuure?action=upload HTTP/1.1" 200 8580 "-" "Mozilla/5.0 (Macintosh; Intel Mac OS X 10.15; rv:103.0) Gecko/20100101 Firefox/103.0"
194.209.200.2 - - [08/Nov/2022:07:41:31 +0100] "GET /Texte/Schrybwys HTTP/1.1" 200 11028 "-" "Mozilla/5.0 (compatible; TMMBot/0.2; +http://www.dslab.ch)/Nutch-1.15"
194.209.200.2 - - [08/Nov/2022:07:42:37 +0100] "GET /Texte/GDicht HTTP/1.1" 200 8050 "-" "Mozilla/5.0 (compatible; TMMBot/0.2; +http://www.dslab.ch)/Nutch-1.15"
194.209.200.2 - - [08/Nov/2022:07:43:17 +0100] "GET /Texte/Metamorphoses HTTP/1.1" 200 9045 "-" "Mozilla/5.0 (compatible; TMMBot/0.2; +http://www.dslab.ch)/Nutch-1.15"
216.244.66.243 - - [08/Nov/2022:07:50:21 +0100] "GET /robots.txt HTTP/1.1" 200 - "-" "Mozilla/5.0 (compatible; DotBot/1.2; +https://opensiteexplorer.org/dotbot; help@moz.com)"
85.25.177.219 - - [08/Nov/2022:07:51:13 +0100] "GET /PodCast/UberGebuure?action=upload HTTP/1.1" 200 8580 "-" "Mozilla/5.0 (Macintosh; Intel Mac OS X 10.15; rv:103.0) Gecko/20100101 Firefox/103.0"
185.191.171.6 - - [08/Nov/2022:07:59:36 +0100] "GET /PmWikiRu/InitialSetupTasks HTTP/1.1" 200 21048 "-" "Mozilla/5.0 (compatible; SemrushBot/7~bl; +http://www.semrush.com/bot.html)"
85.25.177.219 - - [08/Nov/2022:08:01:56 +0100] "GET /PodCast/UberGebuure?action=upload HTTP/1.1" 200 8580 "-" "Mozilla/5.0 (Macintosh; Intel Mac OS X 10.15; rv:103.0) Gecko/20100101 Firefox/103.0"
65.108.6.34 - - [08/Nov/2022:08:07:12 +0100] "GET /robots.txt HTTP/1.1" 200 - "-" "Mozilla/5.0 (compatible; SEOkicks; +https://www.seokicks.de/robot.html)"
65.108.6.34 - - [08/Nov/2022:08:07:13 +0100] "GET / HTTP/1.1" 200 15085 "-" "Mozilla/5.0 (compatible; SEOkicks; +https://www.seokicks.de/robot.html)"
65.108.6.34 - - [08/Nov/2022:08:07:15 +0100] "GET /GNU/Emacs HTTP/1.1" 404 8101 "http://www.pro-zurituutsch.ch/" "Mozilla/5.0 (compatible; SEOkicks; +https://www.seokicks.de/robot.html)"
65.108.6.34 - - [08/Nov/2022:08:07:16 +0100] "GET /PodCast/IndexPage?action=rss HTTP/1.1" 200 6298 "http://www.pro-zurituutsch.ch/" "Mozilla/5.0 (compatible; SEOkicks; +https://www.seokicks.de/robot.html)"
65.108.6.34 - - [08/Nov/2022:08:07:17 +0100] "GET /PodCast/IndexPage HTTP/1.1" 200 32587 "http://www.pro-zurituutsch.ch/PodCast/IndexPage?action=rss" "Mozilla/5.0 (compatible; SEOkicks; +https://www.seokicks.de/robot.html)"
65.108.6.34 - - [08/Nov/2022:08:07:18 +0100] "GET /PodCast/PodCast.IndexPage HTTP/1.1" 404 264 "http://www.pro-zurituutsch.ch/PodCast/IndexPage?action=rss" "Mozilla/5.0 (compatible; SEOkicks; +https://www.seokicks.de/robot.html)"
65.108.6.34 - - [08/Nov/2022:08:07:20 +0100] "GET /PodCast/Wistaria02 HTTP/1.1" 200 16370 "http://www.pro-zurituutsch.ch/PodCast/IndexPage?action=rss" "Mozilla/5.0 (compatible; SEOkicks; +https://www.seokicks.de/robot.html)"
65.108.6.34 - - [08/Nov/2022:08:07:21 +0100] "GET /PodCast/Wistaria01 HTTP/1.1" 200 23568 "http://www.pro-zurituutsch.ch/PodCast/IndexPage?action=rss" "Mozilla/5.0 (compatible; SEOkicks; +https://www.seokicks.de/robot.html)"
65.108.6.34 - - [08/Nov/2022:08:07:22 +0100] "GET /PodCast/Apvantyv HTTP/1.1" 200 11346 "http://www.pro-zurituutsch.ch/PodCast/IndexPage?action=rss" "Mozilla/5.0 (compatible; SEOkicks; +https://www.seokicks.de/robot.html)"
65.108.6.34 - - [08/Nov/2022:08:07:24 +0100] "GET /PodCast/Limerick35 HTTP/1.1" 200 8268 "http://www.pro-zurituutsch.ch/PodCast/IndexPage?action=rss" "Mozilla/5.0 (compatible; SEOkicks; +https://www.seokicks.de/robot.html)"
85.25.177.219 - - [08/Nov/2022:08:08:57 +0100] "GET /PodCast/UberGebuure?action=upload HTTP/1.1" 200 8580 "-" "Mozilla/5.0 (Macintosh; Intel Mac OS X 10.15; rv:103.0) Gecko/20100101 Firefox/103.0"
209.209.9.152 - - [08/Nov/2022:08:10:30 +0100] "GET /Gast/Podcast HTTP/1.0" 200 8106 "-" "Mozilla/4.0 (compatible; MSIE 7.0; Windows NT 5.1; .NET CLR 3.0.31002)"
85.25.177.219 - - [08/Nov/2022:08:10:44 +0100] "GET /Site/142Taagsatzig1484?action=diff HTTP/1.1" 200 17078 "-" "Mozilla/5.0 (Macintosh; Intel Mac OS X 10.15; rv:103.0) Gecko/20100101 Firefox/103.0"
85.25.177.219 - - [08/Nov/2022:08:11:51 +0100] "GET /Site/142Taagsatzig1484?action=edit HTTP/1.1" 200 8723 "-" "Mozilla/5.0 (Macintosh; Intel Mac OS X 10.15; rv:103.0) Gecko/20100101 Firefox/103.0"
85.25.177.219 - - [08/Nov/2022:08:12:28 +0100] "GET /PodCast/Gschyder?action=upload HTTP/1.1" 200 8536 "-" "Mozilla/5.0 (Macintosh; Intel Mac OS X 10.15; rv:103.0) Gecko/20100101 Firefox/103.0"
85.25.177.219 - - [08/Nov/2022:08:13:26 +0100] "GET /PodCast/Gschyder?action=diff HTTP/1.1" 200 14226 "-" "Mozilla/5.0 (Macintosh; Intel Mac OS X 10.15; rv:103.0) Gecko/20100101 Firefox/103.0"
185.191.171.43 - - [08/Nov/2022:08:13:28 +0100] "GET /PmWikiFr/Skins HTTP/1.1" 200 20480 "-" "Mozilla/5.0 (compatible; SemrushBot/7~bl; +http://www.semrush.com/bot.html)"
216.244.66.243 - - [08/Nov/2022:08:14:40 +0100] "GET /PodCast/Zrouggtratte HTTP/1.1" 200 12344 "-" "Mozilla/5.0 (compatible; DotBot/1.2; +https://opensiteexplorer.org/dotbot; help@moz.com)"
216.244.66.243 - - [08/Nov/2022:08:14:47 +0100] "GET /Site/WGA1Begaabig HTTP/1.1" 200 17047 "-" "Mozilla/5.0 (compatible; DotBot/1.2; +https://opensiteexplorer.org/dotbot; help@moz.com)"
194.209.200.2 - - [08/Nov/2022:08:15:13 +0100] "GET /robots.txt HTTP/1.1" 200 - "-" "Mozilla/5.0 (compatible; TMMBot/0.2; +http://www.dslab.ch)/Nutch-1.15"
194.209.200.2 - - [08/Nov/2022:08:15:13 +0100] "GET /Admin/Jahresbericht HTTP/1.1" 200 45530 "-" "Mozilla/5.0 (compatible; TMMBot/0.2; +http://www.dslab.ch)/Nutch-1.15"
216.244.66.243 - - [08/Nov/2022:08:15:31 +0100] "GET /PodCast/RURAkt1TIl5 HTTP/1.1" 200 18957 "-" "Mozilla/5.0 (compatible; DotBot/1.2; +https://opensiteexplorer.org/dotbot; help@moz.com)"
194.209.200.2 - - [08/Nov/2022:08:15:43 +0100] "GET /Texte/Schrybwys HTTP/1.1" 200 11028 "-" "Mozilla/5.0 (compatible; TMMBot/0.2; +http://www.dslab.ch)/Nutch-1.15"
194.209.200.2 - - [08/Nov/2022:08:16:54 +0100] "GET /Texte/GDicht HTTP/1.1" 200 8050 "-" "Mozilla/5.0 (compatible; TMMBot/0.2; +http://www.dslab.ch)/Nutch-1.15"
194.209.200.2 - - [08/Nov/2022:08:17:47 +0100] "GET /Texte/Metamorphoses HTTP/1.1" 200 9045 "-" "Mozilla/5.0 (compatible; TMMBot/0.2; +http://www.dslab.ch)/Nutch-1.15"
85.25.177.219 - - [08/Nov/2022:08:17:59 +0100] "GET /PodCast/Gschyder?action=edit HTTP/1.1" 200 8636 "-" "Mozilla/5.0 (Macintosh; Intel Mac OS X 10.15; rv:103.0) Gecko/20100101 Firefox/103.0"
85.25.177.219 - - [08/Nov/2022:08:19:03 +0100] "GET /PodCast/Gschyder?action=print HTTP/1.1" 200 6142 "-" "Mozilla/5.0 (Macintosh; Intel Mac OS X 10.15; rv:103.0) Gecko/20100101 Firefox/103.0"
85.25.177.219 - - [08/Nov/2022:08:20:10 +0100] "GET /PodCast/Gagetail?action=upload HTTP/1.1" 200 8536 "-" "Mozilla/5.0 (Macintosh; Intel Mac OS X 10.15; rv:103.0) Gecko/20100101 Firefox/103.0"
85.25.177.219 - - [08/Nov/2022:08:21:28 +0100] "GET /PodCast/Gagetail?action=edit HTTP/1.1" 200 8636 "-" "Mozilla/5.0 (Macintosh; Intel Mac OS X 10.15; rv:103.0) Gecko/20100101 Firefox/103.0"
85.25.177.219 - - [08/Nov/2022:08:23:36 +0100] "GET /PodCast/Gagetail?action=print HTTP/1.1" 200 2885 "-" "Mozilla/5.0 (Macintosh; Intel Mac OS X 10.15; rv:103.0) Gecko/20100101 Firefox/103.0"
85.25.177.219 - - [08/Nov/2022:08:24:20 +0100] "GET /PodCast/Gagetail?action=diff HTTP/1.1" 200 12765 "-" "Mozilla/5.0 (Macintosh; Intel Mac OS X 10.15; rv:103.0) Gecko/20100101 Firefox/103.0"
85.25.177.219 - - [08/Nov/2022:08:26:16 +0100] "GET /sitemap.xml HTTP/1.1" 404 281 "-" "Mozilla/5.0 (Macintosh; Intel Mac OS X 10.15; rv:103.0) Gecko/20100101 Firefox/103.0"
85.25.177.219 - - [08/Nov/2022:08:28:15 +0100] "GET /PodCast/WMNutzts?action=diff HTTP/1.1" 200 9203 "-" "Mozilla/5.0 (Macintosh; Intel Mac OS X 10.15; rv:103.0) Gecko/20100101 Firefox/103.0"
66.249.77.129 - - [08/Nov/2022:08:33:14 +0100] "GET /PodCast/IndexPage?action=rss HTTP/1.1" 200 6298 "-" "Mozilla/5.0 (compatible; Googlebot/2.1; +http://www.google.com/bot.html)"
85.25.177.219 - - [08/Nov/2022:08:36:12 +0100] "GET /PodCast/WMNutzts?action=diff HTTP/1.1" 200 9203 "-" "Mozilla/5.0 (Macintosh; Intel Mac OS X 10.15; rv:103.0) Gecko/20100101 Firefox/103.0"
85.25.177.219 - - [08/Nov/2022:08:37:46 +0100] "GET /PodCast/WMNutzts?action=print HTTP/1.1" 404 2396 "-" "Mozilla/5.0 (Macintosh; Intel Mac OS X 10.15; rv:103.0) Gecko/20100101 Firefox/103.0"
108.62.187.198 - - [08/Nov/2022:08:39:10 +0100] "GET /Texte/Rezension HTTP/1.1" 200 11812 "http://www.pro-zurituutsch.ch" "Mozilla/5.0 (Windows NT 10.0; Win64; x64) AppleWebKit/537.36 (KHTML, like Gecko) Chrome/62.0.3202.94 Safari/537.36"
85.25.177.219 - - [08/Nov/2022:08:40:15 +0100] "GET /PodCast/WMNutzts?action=upload HTTP/1.1" 200 8538 "-" "Mozilla/5.0 (Macintosh; Intel Mac OS X 10.15; rv:103.0) Gecko/20100101 Firefox/103.0"
85.25.177.219 - - [08/Nov/2022:08:41:18 +0100] "GET /PodCast/Sterbe?action=diff HTTP/1.1" 200 11255 "-" "Mozilla/5.0 (Macintosh; Intel Mac OS X 10.15; rv:103.0) Gecko/20100101 Firefox/103.0"
85.25.177.219 - - [08/Nov/2022:08:42:35 +0100] "GET /PodCast/Sterbe?action=print HTTP/1.1" 200 2523 "-" "Mozilla/5.0 (Macintosh; Intel Mac OS X 10.15; rv:103.0) Gecko/20100101 Firefox/103.0"
85.25.177.219 - - [08/Nov/2022:08:44:11 +0100] "GET /PodCast/Sterbe?action=edit HTTP/1.1" 200 8608 "-" "Mozilla/5.0 (Macintosh; Intel Mac OS X 10.15; rv:103.0) Gecko/20100101 Firefox/103.0"
85.25.177.219 - - [08/Nov/2022:08:45:22 +0100] "GET /Site/62Mulhouse1468?action=edit HTTP/1.1" 200 8681 "-" "Mozilla/5.0 (Macintosh; Intel Mac OS X 10.15; rv:103.0) Gecko/20100101 Firefox/103.0"
85.25.177.219 - - [08/Nov/2022:08:48:49 +0100] "GET /Site/62Mulhouse1468?action=upload HTTP/1.1" 200 8581 "-" "Mozilla/5.0 (Macintosh; Intel Mac OS X 10.15; rv:103.0) Gecko/20100101 Firefox/103.0"
85.25.177.219 - - [08/Nov/2022:08:51:11 +0100] "GET /PodCast/Gramatik?action=diff HTTP/1.1" 200 25864 "-" "Mozilla/5.0 (Macintosh; Intel Mac OS X 10.15; rv:103.0) Gecko/20100101 Firefox/103.0"
85.25.177.219 - - [08/Nov/2022:08:52:31 +0100] "GET /PodCast/Gramatik?action=edit HTTP/1.1" 200 8636 "-" "Mozilla/5.0 (Macintosh; Intel Mac OS X 10.15; rv:103.0) Gecko/20100101 Firefox/103.0"
85.25.177.219 - - [08/Nov/2022:08:54:09 +0100] "GET /PodCast/Gramatik?action=upload HTTP/1.1" 200 8536 "-" "Mozilla/5.0 (Macintosh; Intel Mac OS X 10.15; rv:103.0) Gecko/20100101 Firefox/103.0"
85.25.177.219 - - [08/Nov/2022:08:55:57 +0100] "GET /Texte/Schrybwys?action=edit&restore=diff:1163036745:1163036745:&preview=y HTTP/1.1" 200 8667 "-" "Mozilla/5.0 (Macintosh; Intel Mac OS X 10.15; rv:103.0) Gecko/20100101 Firefox/103.0"
65.108.6.34 - - [08/Nov/2022:08:56:11 +0100] "GET /PodCast/Limerick34 HTTP/1.1" 200 8268 "http://www.pro-zurituutsch.ch/PodCast/IndexPage?action=rss" "Mozilla/5.0 (compatible; SEOkicks; +https://www.seokicks.de/robot.html)"
65.108.6.34 - - [08/Nov/2022:08:56:12 +0100] "GET /PodCast/UberGebuure HTTP/1.1" 200 15628 "http://www.pro-zurituutsch.ch/PodCast/IndexPage?action=rss" "Mozilla/5.0 (compatible; SEOkicks; +https://www.seokicks.de/robot.html)"
65.108.6.34 - - [08/Nov/2022:08:56:13 +0100] "GET /PodCast/Apsourdistan2 HTTP/1.1" 200 10988 "http://www.pro-zurituutsch.ch/PodCast/IndexPage?action=rss" "Mozilla/5.0 (compatible; SEOkicks; +https://www.seokicks.de/robot.html)"
65.108.6.34 - - [08/Nov/2022:08:56:14 +0100] "GET /PodCast/Limerick33 HTTP/1.1" 200 8889 "http://www.pro-zurituutsch.ch/PodCast/IndexPage?action=rss" "Mozilla/5.0 (compatible; SEOkicks; +https://www.seokicks.de/robot.html)"
65.108.6.34 - - [08/Nov/2022:08:56:15 +0100] "GET /PodCast/Falschmaldig HTTP/1.1" 200 11091 "http://www.pro-zurituutsch.ch/PodCast/IndexPage?action=rss" "Mozilla/5.0 (compatible; SEOkicks; +https://www.seokicks.de/robot.html)"
65.108.6.34 - - [08/Nov/2022:08:56:17 +0100] "GET /PodCast/AbsNov16 HTTP/1.1" 200 12438 "http://www.pro-zurituutsch.ch/PodCast/IndexPage?action=rss" "Mozilla/5.0 (compatible; SEOkicks; +https://www.seokicks.de/robot.html)"
65.108.6.34 - - [08/Nov/2022:08:56:18 +0100] "GET /Main/Home HTTP/1.1" 200 15085 "http://www.pro-zurituutsch.ch/" "Mozilla/5.0 (compatible; SEOkicks; +https://www.seokicks.de/robot.html)"
65.108.6.34 - - [08/Nov/2022:08:56:19 +0100] "GET /Main/GNU/Emacs HTTP/1.1" 404 264 "http://www.pro-zurituutsch.ch/Main/Home" "Mozilla/5.0 (compatible; SEOkicks; +https://www.seokicks.de/robot.html)"
65.108.6.34 - - [08/Nov/2022:08:56:20 +0100] "GET /Site/PodCast HTTP/1.1" 200 40934 "http://www.pro-zurituutsch.ch/" "Mozilla/5.0 (compatible; SEOkicks; +https://www.seokicks.de/robot.html)"
65.108.6.34 - - [08/Nov/2022:08:56:22 +0100] "GET /Site/GNU/Emacs HTTP/1.1" 404 264 "http://www.pro-zurituutsch.ch/Site/PodCast" "Mozilla/5.0 (compatible; SEOkicks; +https://www.seokicks.de/robot.html)"
65.108.6.34 - - [08/Nov/2022:08:56:23 +0100] "GET /PodCast/RSSPodcasts HTTP/1.1" 200 8905 "http://www.pro-zurituutsch.ch/" "Mozilla/5.0 (compatible; SEOkicks; +https://www.seokicks.de/robot.html)"
194.209.200.2 - - [08/Nov/2022:08:56:39 +0100] "GET /robots.txt HTTP/1.1" 200 - "-" "Mozilla/5.0 (compatible; TMMBot/0.2; +http://www.dslab.ch)/Nutch-1.15"
194.209.200.2 - - [08/Nov/2022:08:56:39 +0100] "GET /Admin/Jahresbericht HTTP/1.1" 200 45530 "-" "Mozilla/5.0 (compatible; TMMBot/0.2; +http://www.dslab.ch)/Nutch-1.15"
85.25.177.219 - - [08/Nov/2022:08:56:52 +0100] "GET /Site/161Predigerchoor1489?action=edit HTTP/1.1" 200 8765 "-" "Mozilla/5.0 (Macintosh; Intel Mac OS X 10.15; rv:103.0) Gecko/20100101 Firefox/103.0"
194.209.200.2 - - [08/Nov/2022:08:57:05 +0100] "GET /Texte/Schrybwys HTTP/1.1" 200 11028 "-" "Mozilla/5.0 (compatible; TMMBot/0.2; +http://www.dslab.ch)/Nutch-1.15"
194.209.200.2 - - [08/Nov/2022:08:57:54 +0100] "GET /Texte/ArsAmatoria HTTP/1.1" 200 12369 "-" "Mozilla/5.0 (compatible; TMMBot/0.2; +http://www.dslab.ch)/Nutch-1.15"
194.209.200.2 - - [08/Nov/2022:08:58:08 +0100] "GET /Texte/GDicht HTTP/1.1" 200 8050 "-" "Mozilla/5.0 (compatible; TMMBot/0.2; +http://www.dslab.ch)/Nutch-1.15"
85.25.177.219 - - [08/Nov/2022:08:58:09 +0100] "GET /Texte/Schrybwys?action=diff&source=y&minor=n HTTP/1.1" 200 28321 "-" "Mozilla/5.0 (Macintosh; Intel Mac OS X 10.15; rv:103.0) Gecko/20100101 Firefox/103.0"
85.25.177.219 - - [08/Nov/2022:08:59:32 +0100] "GET /Site/161Predigerchoor1489?action=diff HTTP/1.1" 200 18310 "-" "Mozilla/5.0 (Macintosh; Intel Mac OS X 10.15; rv:103.0) Gecko/20100101 Firefox/103.0"
3.216.185.164 - - [08/Nov/2022:08:59:55 +0100] "GET /PodCast/IndexPage?action=rss HTTP/1.1" 200 6298 "-" "PocketCasts/1.0 (Pocket Casts Feed Parser; +http://pocketcasts.com/)"
85.25.177.219 - - [08/Nov/2022:09:00:27 +0100] "GET /Site/161Predigerchoor1489?action=upload HTTP/1.1" 200 8665 "-" "Mozilla/5.0 (Macintosh; Intel Mac OS X 10.15; rv:103.0) Gecko/20100101 Firefox/103.0"
85.25.177.219 - - [08/Nov/2022:09:02:18 +0100] "GET /Site/141TaagsatzigIV1484?action=edit HTTP/1.1" 200 8753 "-" "Mozilla/5.0 (Macintosh; Intel Mac OS X 10.15; rv:103.0) Gecko/20100101 Firefox/103.0"
85.25.177.219 - - [08/Nov/2022:09:03:46 +0100] "GET /Texte/Schrybwys?action=edit&restore=diff:1178724104:1177686222:&preview=y HTTP/1.1" 200 8667 "-" "Mozilla/5.0 (Macintosh; Intel Mac OS X 10.15; rv:103.0) Gecko/20100101 Firefox/103.0"
85.25.177.219 - - [08/Nov/2022:09:05:46 +0100] "GET /Texte/Schrybwys?action=diff&source=n&minor=y HTTP/1.1" 200 26978 "-" "Mozilla/5.0 (Macintosh; Intel Mac OS X 10.15; rv:103.0) Gecko/20100101 Firefox/103.0"
85.25.177.219 - - [08/Nov/2022:09:07:52 +0100] "GET /Texte/Schrybwys?action=edit&restore=diff:1591952703:1178724381:&preview=y HTTP/1.1" 200 8667 "-" "Mozilla/5.0 (Macintosh; Intel Mac OS X 10.15; rv:103.0) Gecko/20100101 Firefox/103.0"
168.119.51.163 - - [08/Nov/2022:09:08:25 +0100] "GET /robots.txt HTTP/1.1" 200 - "-" "Mozilla/5.0 (compatible; um-IC/1.0; mailto: techinfo@ubermetrics-technologies.com; Windows NT 6.1; WOW64; rv:40.0) Gecko/20100101 Firefox/40.1"
168.119.51.163 - - [08/Nov/2022:09:08:25 +0100] "GET /PodCast/IndexPage?action=rss HTTP/1.1" 200 6298 "-" "Mozilla/5.0 (compatible; um-IC/1.0; mailto: techinfo@ubermetrics-technologies.com; Windows NT 6.1; WOW64; rv:40.0) Gecko/20100101 Firefox/40.1"
216.244.66.243 - - [08/Nov/2022:09:09:03 +0100] "GET /robots.txt HTTP/1.1" 200 - "-" "Mozilla/5.0 (compatible; DotBot/1.2; +https://opensiteexplorer.org/dotbot; help@moz.com)"
85.25.177.219 - - [08/Nov/2022:09:09:39 +0100] "GET /Texte/Schrybwys?action=edit&restore=diff:1163036782:1163036745:&preview=y HTTP/1.1" 200 8667 "-" "Mozilla/5.0 (Macintosh; Intel Mac OS X 10.15; rv:103.0) Gecko/20100101 Firefox/103.0"
85.25.177.219 - - [08/Nov/2022:09:10:33 +0100] "GET /Site/141TaagsatzigIV1484?action=edit HTTP/1.1" 200 8753 "-" "Mozilla/5.0 (Macintosh; Intel Mac OS X 10.15; rv:103.0) Gecko/20100101 Firefox/103.0"
85.25.177.219 - - [08/Nov/2022:09:12:01 +0100] "GET /Texte/Schrybwys?action=edit&restore=diff:1177686222:1163037260:&preview=y HTTP/1.1" 200 8667 "-" "Mozilla/5.0 (Macintosh; Intel Mac OS X 10.15; rv:103.0) Gecko/20100101 Firefox/103.0"
40.77.167.99 - - [08/Nov/2022:09:12:05 +0100] "GET /robots.txt HTTP/1.1" 200 - "-" "Mozilla/5.0 AppleWebKit/537.36 (KHTML, like Gecko; compatible; bingbot/2.0; +http://www.bing.com/bingbot.htm) Chrome/103.0.5060.134 Safari/537.36"
157.55.39.103 - - [08/Nov/2022:09:12:08 +0100] "GET /PodCast/Schaidig2?action=upload HTTP/1.1" 403 18 "-" "Mozilla/5.0 AppleWebKit/537.36 (KHTML, like Gecko; compatible; bingbot/2.0; +http://www.bing.com/bingbot.htm) Chrome/103.0.5060.134 Safari/537.36"
85.25.177.219 - - [08/Nov/2022:09:12:50 +0100] "GET /Site/141TaagsatzigIV1484?action=diff HTTP/1.1" 200 25699 "-" "Mozilla/5.0 (Macintosh; Intel Mac OS X 10.15; rv:103.0) Gecko/20100101 Firefox/103.0"
23.19.101.129 - - [08/Nov/2022:09:14:37 +0100] "GET /Texte/Rezension HTTP/1.1" 200 11812 "http://www.pro-zurituutsch.ch" "Mozilla/5.0 (Windows NT 10.0; Win64; x64) AppleWebKit/537.36 (KHTML, like Gecko) Chrome/62.0.3202.94 Safari/537.36"
85.25.177.219 - - [08/Nov/2022:09:14:53 +0100] "GET /Site/141TaagsatzigIV1484?action=upload HTTP/1.1" 200 8653 "-" "Mozilla/5.0 (Macintosh; Intel Mac OS X 10.15; rv:103.0) Gecko/20100101 Firefox/103.0"
85.25.177.219 - - [08/Nov/2022:09:15:54 +0100] "GET /Texte/Schrybwys?action=edit&restore=diff:1163037163:1163036928:&preview=y HTTP/1.1" 200 8667 "-" "Mozilla/5.0 (Macintosh; Intel Mac OS X 10.15; rv:103.0) Gecko/20100101 Firefox/103.0"
85.25.177.219 - - [08/Nov/2022:09:18:46 +0100] "GET /PodCast/RURAachundigoung?action=upload HTTP/1.1" 200 8650 "-" "Mozilla/5.0 (Macintosh; Intel Mac OS X 10.15; rv:103.0) Gecko/20100101 Firefox/103.0"
85.25.177.219 - - [08/Nov/2022:09:20:19 +0100] "GET /Site/132MIringe1483?action=upload HTTP/1.1" 200 8583 "-" "Mozilla/5.0 (Macintosh; Intel Mac OS X 10.15; rv:103.0) Gecko/20100101 Firefox/103.0"
85.25.177.219 - - [08/Nov/2022:09:21:19 +0100] "GET /Texte/Schrybwys?action=edit&restore=diff:1178724179:1178724104:&preview=y HTTP/1.1" 200 8667 "-" "Mozilla/5.0 (Macintosh; Intel Mac OS X 10.15; rv:103.0) Gecko/20100101 Firefox/103.0"
85.25.177.219 - - [08/Nov/2022:09:22:12 +0100] "GET /Texte/Schrybwys?action=edit&restore=diff:1178724339:1178724179:&preview=y HTTP/1.1" 200 8667 "-" "Mozilla/5.0 (Macintosh; Intel Mac OS X 10.15; rv:103.0) Gecko/20100101 Firefox/103.0"
216.244.66.243 - - [08/Nov/2022:09:22:39 +0100] "GET /PmWiki/BasicVariables HTTP/1.1" 200 33583 "-" "Mozilla/5.0 (compatible; DotBot/1.2; +https://opensiteexplorer.org/dotbot; help@moz.com)"
85.25.177.219 - - [08/Nov/2022:09:23:02 +0100] "GET /Texte/Schrybwys?action=edit&restore=diff:1163036928:1163036782:&preview=y HTTP/1.1" 200 8667 "-" "Mozilla/5.0 (Macintosh; Intel Mac OS X 10.15; rv:103.0) Gecko/20100101 Firefox/103.0"
216.244.66.243 - - [08/Nov/2022:09:23:45 +0100] "GET /PmWiki/BasicEditing HTTP/1.1" 200 32302 "-" "Mozilla/5.0 (compatible; DotBot/1.2; +https://opensiteexplorer.org/dotbot; help@moz.com)"
85.25.177.219 - - [08/Nov/2022:09:24:46 +0100] "GET /Texte/ZurcherischEnglish?action=edit&restore=diff:1163053118:1163053118:&preview=y HTTP/1.1" 200 8795 "-" "Mozilla/5.0 (Macintosh; Intel Mac OS X 10.15; rv:103.0) Gecko/20100101 Firefox/103.0"
85.25.177.219 - - [08/Nov/2022:09:26:07 +0100] "GET /Site/132MIringe1483?action=print HTTP/1.1" 404 2405 "-" "Mozilla/5.0 (Macintosh; Intel Mac OS X 10.15; rv:103.0) Gecko/20100101 Firefox/103.0"
23.110.169.96 - - [08/Nov/2022:09:28:18 +0100] "GET / HTTP/1.1" 200 15085 "-" "Mozilla/5.0 (Macintosh; Intel Mac OS X 12_5) AppleWebKit/537.36 (KHTML, like Gecko) Chrome/103.0.0.0 Safari/537.36 OPR/89.0.4447.51"
51.89.130.241 - - [08/Nov/2022:09:28:19 +0100] "GET /Site/PodCast HTTP/1.1" 200 40934 "http://pro-zurituutsch.ch" "Mozilla/5.0 (Macintosh; Intel Mac OS X 12_5) AppleWebKit/537.36 (KHTML, like Gecko) Chrome/103.0.0.0 Safari/537.36 OPR/89.0.4447.51"
51.89.130.241 - - [08/Nov/2022:09:28:20 +0100] "GET /pub/skins/pro-zurituutsch/images/favicon.ico HTTP/1.1" 200 1406 "http://pro-zurituutsch.ch" "Mozilla/5.0 (Macintosh; Intel Mac OS X 12_5) AppleWebKit/537.36 (KHTML, like Gecko) Chrome/103.0.0.0 Safari/537.36 OPR/89.0.4447.51"
51.89.130.241 - - [08/Nov/2022:09:28:20 +0100] "GET /PodCast/RSSPodcasts HTTP/1.1" 200 8905 "http://pro-zurituutsch.ch" "Mozilla/5.0 (Macintosh; Intel Mac OS X 12_5) AppleWebKit/537.36 (KHTML, like Gecko) Chrome/103.0.0.0 Safari/537.36 OPR/89.0.4447.51"
51.89.130.241 - - [08/Nov/2022:09:28:21 +0100] "GET /Site/Search HTTP/1.1" 200 10556 "http://pro-zurituutsch.ch" "Mozilla/5.0 (Macintosh; Intel Mac OS X 12_5) AppleWebKit/537.36 (KHTML, like Gecko) Chrome/103.0.0.0 Safari/537.36 OPR/89.0.4447.51"
51.89.130.241 - - [08/Nov/2022:09:28:21 +0100] "GET /Texte/Roman HTTP/1.1" 200 38741 "http://pro-zurituutsch.ch" "Mozilla/5.0 (Macintosh; Intel Mac OS X 12_5) AppleWebKit/537.36 (KHTML, like Gecko) Chrome/103.0.0.0 Safari/537.36 OPR/89.0.4447.51"
51.89.130.241 - - [08/Nov/2022:09:28:22 +0100] "GET /PodCast/IndexPage?action=rss HTTP/1.1" 200 6298 "http://pro-zurituutsch.ch" "Mozilla/5.0 (Macintosh; Intel Mac OS X 12_5) AppleWebKit/537.36 (KHTML, like Gecko) Chrome/103.0.0.0 Safari/537.36 OPR/89.0.4447.51"
51.89.130.241 - - [08/Nov/2022:09:28:23 +0100] "GET /Texte/Styluebige HTTP/1.1" 200 9998 "http://pro-zurituutsch.ch" "Mozilla/5.0 (Macintosh; Intel Mac OS X 12_5) AppleWebKit/537.36 (KHTML, like Gecko) Chrome/103.0.0.0 Safari/537.36 OPR/89.0.4447.51"
51.89.130.241 - - [08/Nov/2022:09:28:23 +0100] "GET /Main/Home?action=diff HTTP/1.1" 200 43491 "http://pro-zurituutsch.ch" "Mozilla/5.0 (Macintosh; Intel Mac OS X 12_5) AppleWebKit/537.36 (KHTML, like Gecko) Chrome/103.0.0.0 Safari/537.36 OPR/89.0.4447.51"
51.89.130.241 - - [08/Nov/2022:09:28:24 +0100] "GET /Texte/Schrybwys HTTP/1.1" 200 11028 "http://pro-zurituutsch.ch" "Mozilla/5.0 (Macintosh; Intel Mac OS X 12_5) AppleWebKit/537.36 (KHTML, like Gecko) Chrome/103.0.0.0 Safari/537.36 OPR/89.0.4447.51"
51.89.130.241 - - [08/Nov/2022:09:28:25 +0100] "GET /Main/Home?action=print HTTP/1.1" 200 9353 "http://pro-zurituutsch.ch" "Mozilla/5.0 (Macintosh; Intel Mac OS X 12_5) AppleWebKit/537.36 (KHTML, like Gecko) Chrome/103.0.0.0 Safari/537.36 OPR/89.0.4447.51"
51.89.130.241 - - [08/Nov/2022:09:28:25 +0100] "GET /Texte/Bitterbeuhsi HTTP/1.1" 200 9255 "http://pro-zurituutsch.ch" "Mozilla/5.0 (Macintosh; Intel Mac OS X 12_5) AppleWebKit/537.36 (KHTML, like Gecko) Chrome/103.0.0.0 Safari/537.36 OPR/89.0.4447.51"
51.89.130.241 - - [08/Nov/2022:09:28:26 +0100] "GET /Main/Home?action=upload HTTP/1.1" 200 8437 "http://pro-zurituutsch.ch" "Mozilla/5.0 (Macintosh; Intel Mac OS X 12_5) AppleWebKit/537.36 (KHTML, like Gecko) Chrome/103.0.0.0 Safari/537.36 OPR/89.0.4447.51"
51.89.130.241 - - [08/Nov/2022:09:28:26 +0100] "GET /Texte/ArsAmatoria HTTP/1.1" 200 12369 "http://pro-zurituutsch.ch" "Mozilla/5.0 (Macintosh; Intel Mac OS X 12_5) AppleWebKit/537.36 (KHTML, like Gecko) Chrome/103.0.0.0 Safari/537.36 OPR/89.0.4447.51"
51.89.130.241 - - [08/Nov/2022:09:28:27 +0100] "GET /Site/SideBar?action=edit HTTP/1.1" 200 8581 "http://pro-zurituutsch.ch" "Mozilla/5.0 (Macintosh; Intel Mac OS X 12_5) AppleWebKit/537.36 (KHTML, like Gecko) Chrome/103.0.0.0 Safari/537.36 OPR/89.0.4447.51"
51.89.130.241 - - [08/Nov/2022:09:28:27 +0100] "GET /Texte/Metamorphoses HTTP/1.1" 200 9045 "http://pro-zurituutsch.ch" "Mozilla/5.0 (Macintosh; Intel Mac OS X 12_5) AppleWebKit/537.36 (KHTML, like Gecko) Chrome/103.0.0.0 Safari/537.36 OPR/89.0.4447.51"
51.89.130.241 - - [08/Nov/2022:09:28:28 +0100] "GET /Main/Home?action=edit HTTP/1.1" 200 8537 "http://pro-zurituutsch.ch" "Mozilla/5.0 (Macintosh; Intel Mac OS X 12_5) AppleWebKit/537.36 (KHTML, like Gecko) Chrome/103.0.0.0 Safari/537.36 OPR/89.0.4447.51"
51.89.130.241 - - [08/Nov/2022:09:28:28 +0100] "GET /Texte/ZurcherischEnglish HTTP/1.1" 200 8274 "http://pro-zurituutsch.ch" "Mozilla/5.0 (Macintosh; Intel Mac OS X 12_5) AppleWebKit/537.36 (KHTML, like Gecko) Chrome/103.0.0.0 Safari/537.36 OPR/89.0.4447.51"
51.89.130.241 - - [08/Nov/2022:09:28:29 +0100] "GET /Main/Home HTTP/1.1" 200 15085 "http://pro-zurituutsch.ch" "Mozilla/5.0 (Macintosh; Intel Mac OS X 12_5) AppleWebKit/537.36 (KHTML, like Gecko) Chrome/103.0.0.0 Safari/537.36 OPR/89.0.4447.51"
51.89.130.241 - - [08/Nov/2022:09:28:29 +0100] "GET /Texte/Rezension HTTP/1.1" 200 11812 "http://pro-zurituutsch.ch" "Mozilla/5.0 (Macintosh; Intel Mac OS X 12_5) AppleWebKit/537.36 (KHTML, like Gecko) Chrome/103.0.0.0 Safari/537.36 OPR/89.0.4447.51"
51.89.130.241 - - [08/Nov/2022:09:28:30 +0100] "GET /Main HTTP/1.1" 302 161 "http://pro-zurituutsch.ch" "Mozilla/5.0 (Macintosh; Intel Mac OS X 12_5) AppleWebKit/537.36 (KHTML, like Gecko) Chrome/103.0.0.0 Safari/537.36 OPR/89.0.4447.51"
85.25.177.219 - - [08/Nov/2022:09:28:30 +0100] "GET /Texte/ZurcherischEnglish?action=diff&source=n&minor=y HTTP/1.1" 200 9905 "-" "Mozilla/5.0 (Macintosh; Intel Mac OS X 10.15; rv:103.0) Gecko/20100101 Firefox/103.0"
51.89.130.241 - - [08/Nov/2022:09:28:30 +0100] "GET /Main/Home HTTP/1.1" 200 15085 "http://www.pro-zurituutsch.ch/Main" "Mozilla/5.0 (Macintosh; Intel Mac OS X 12_5) AppleWebKit/537.36 (KHTML, like Gecko) Chrome/103.0.0.0 Safari/537.36 OPR/89.0.4447.51"
51.89.130.241 - - [08/Nov/2022:09:28:31 +0100] "GET /Texte/Limericks HTTP/1.1" 200 8087 "http://pro-zurituutsch.ch" "Mozilla/5.0 (Macintosh; Intel Mac OS X 12_5) AppleWebKit/537.36 (KHTML, like Gecko) Chrome/103.0.0.0 Safari/537.36 OPR/89.0.4447.51"
51.89.130.241 - - [08/Nov/2022:09:28:32 +0100] "GET /Hilfe/AnleitungTonbeispiele HTTP/1.1" 200 9878 "http://pro-zurituutsch.ch" "Mozilla/5.0 (Macintosh; Intel Mac OS X 12_5) AppleWebKit/537.36 (KHTML, like Gecko) Chrome/103.0.0.0 Safari/537.36 OPR/89.0.4447.51"
51.89.130.241 - - [08/Nov/2022:09:28:32 +0100] "GET /Texte/GDicht HTTP/1.1" 200 8050 "http://pro-zurituutsch.ch" "Mozilla/5.0 (Macintosh; Intel Mac OS X 12_5) AppleWebKit/537.36 (KHTML, like Gecko) Chrome/103.0.0.0 Safari/537.36 OPR/89.0.4447.51"
51.89.130.241 - - [08/Nov/2022:09:28:33 +0100] "GET /Admin/Links HTTP/1.1" 200 14193 "http://pro-zurituutsch.ch" "Mozilla/5.0 (Macintosh; Intel Mac OS X 12_5) AppleWebKit/537.36 (KHTML, like Gecko) Chrome/103.0.0.0 Safari/537.36 OPR/89.0.4447.51"
51.89.130.241 - - [08/Nov/2022:09:28:33 +0100] "GET /Texte/Gloosse HTTP/1.1" 200 8061 "http://pro-zurituutsch.ch" "Mozilla/5.0 (Macintosh; Intel Mac OS X 12_5) AppleWebKit/537.36 (KHTML, like Gecko) Chrome/103.0.0.0 Safari/537.36 OPR/89.0.4447.51"
51.89.130.241 - - [08/Nov/2022:09:28:34 +0100] "GET /Admin/ZurStiftung HTTP/1.1" 200 10864 "http://pro-zurituutsch.ch" "Mozilla/5.0 (Macintosh; Intel Mac OS X 12_5) AppleWebKit/537.36 (KHTML, like Gecko) Chrome/103.0.0.0 Safari/537.36 OPR/89.0.4447.51"
51.89.130.241 - - [08/Nov/2022:09:28:34 +0100] "GET /Gast/Podcast HTTP/1.1" 200 8106 "http://pro-zurituutsch.ch" "Mozilla/5.0 (Macintosh; Intel Mac OS X 12_5) AppleWebKit/537.36 (KHTML, like Gecko) Chrome/103.0.0.0 Safari/537.36 OPR/89.0.4447.51"
51.89.130.241 - - [08/Nov/2022:09:28:35 +0100] "GET /Admin/AdresseStiftung HTTP/1.1" 200 8453 "http://pro-zurituutsch.ch" "Mozilla/5.0 (Macintosh; Intel Mac OS X 12_5) AppleWebKit/537.36 (KHTML, like Gecko) Chrome/103.0.0.0 Safari/537.36 OPR/89.0.4447.51"
51.89.130.241 - - [08/Nov/2022:09:28:35 +0100] "GET /Bestellen/Pschtellf HTTP/1.1" 200 11129 "http://pro-zurituutsch.ch" "Mozilla/5.0 (Macintosh; Intel Mac OS X 12_5) AppleWebKit/537.36 (KHTML, like Gecko) Chrome/103.0.0.0 Safari/537.36 OPR/89.0.4447.51"
85.25.177.219 - - [08/Nov/2022:09:28:35 +0100] "GET /Site/132MIringe1483?action=diff HTTP/1.1" 200 9254 "-" "Mozilla/5.0 (Macintosh; Intel Mac OS X 10.15; rv:103.0) Gecko/20100101 Firefox/103.0"
51.89.130.241 - - [08/Nov/2022:09:28:36 +0100] "GET /Admin/Pro-ZurituutschStatuten HTTP/1.1" 200 9580 "http://pro-zurituutsch.ch" "Mozilla/5.0 (Macintosh; Intel Mac OS X 12_5) AppleWebKit/537.36 (KHTML, like Gecko) Chrome/103.0.0.0 Safari/537.36 OPR/89.0.4447.51"
85.25.177.219 - - [08/Nov/2022:09:29:01 +0100] "GET /PodCast/Redeleere?action=print HTTP/1.1" 200 8393 "-" "Mozilla/5.0 (Macintosh; Intel Mac OS X 10.15; rv:103.0) Gecko/20100101 Firefox/103.0"
85.25.177.219 - - [08/Nov/2022:09:29:34 +0100] "GET /Texte/ZurcherischEnglish?action=diff&source=y&minor=n HTTP/1.1" 200 9925 "-" "Mozilla/5.0 (Macintosh; Intel Mac OS X 10.15; rv:103.0) Gecko/20100101 Firefox/103.0"
85.25.177.219 - - [08/Nov/2022:09:31:16 +0100] "GET /Texte/Rezension?action=upload HTTP/1.1" 200 8521 "-" "Mozilla/5.0 (Macintosh; Intel Mac OS X 10.15; rv:103.0) Gecko/20100101 Firefox/103.0"
85.25.177.219 - - [08/Nov/2022:09:32:57 +0100] "GET /PodCast/Redeleere?action=edit HTTP/1.1" 200 8650 "-" "Mozilla/5.0 (Macintosh; Intel Mac OS X 10.15; rv:103.0) Gecko/20100101 Firefox/103.0"
185.191.171.4 - - [08/Nov/2022:09:34:17 +0100] "GET /robots.txt HTTP/1.1" 200 - "-" "Mozilla/5.0 (compatible; SemrushBot/7~bl; +http://www.semrush.com/bot.html)"
185.191.171.26 - - [08/Nov/2022:09:34:17 +0100] "GET /PmWikiFr/WikiFarms HTTP/1.1" 200 19985 "-" "Mozilla/5.0 (compatible; SemrushBot/7~bl; +http://www.semrush.com/bot.html)"
85.25.177.219 - - [08/Nov/2022:09:35:35 +0100] "GET /PodCast/Spraachverglych?action=edit HTTP/1.1" 200 8734 "-" "Mozilla/5.0 (Macintosh; Intel Mac OS X 10.15; rv:103.0) Gecko/20100101 Firefox/103.0"
85.25.177.219 - - [08/Nov/2022:09:37:03 +0100] "GET /PodCast/Zugle?action=diff HTTP/1.1" 200 22636 "-" "Mozilla/5.0 (Macintosh; Intel Mac OS X 10.15; rv:103.0) Gecko/20100101 Firefox/103.0"
66.249.77.129 - - [08/Nov/2022:09:38:07 +0100] "GET /robots.txt HTTP/1.1" 200 - "-" "Mozilla/5.0 (compatible; Googlebot/2.1; +http://www.google.com/bot.html)"
66.249.76.222 - - [08/Nov/2022:09:38:07 +0100] "GET /PodCast/IndexPage?action=rss HTTP/1.1" 200 6298 "-" "Mozilla/5.0 (compatible; Googlebot/2.1; +http://www.google.com/bot.html)"
85.25.177.219 - - [08/Nov/2022:09:38:42 +0100] "GET /PodCast/Zugle?action=edit HTTP/1.1" 200 8594 "-" "Mozilla/5.0 (Macintosh; Intel Mac OS X 10.15; rv:103.0) Gecko/20100101 Firefox/103.0"
85.25.177.219 - - [08/Nov/2022:09:39:51 +0100] "GET /PodCast/Spraachverglych?action=upload HTTP/1.1" 200 8634 "-" "Mozilla/5.0 (Macintosh; Intel Mac OS X 10.15; rv:103.0) Gecko/20100101 Firefox/103.0"
85.25.177.219 - - [08/Nov/2022:09:41:38 +0100] "GET /PodCast/Spraachverglych?action=diff HTTP/1.1" 200 23243 "-" "Mozilla/5.0 (Macintosh; Intel Mac OS X 10.15; rv:103.0) Gecko/20100101 Firefox/103.0"
85.25.177.219 - - [08/Nov/2022:09:44:06 +0100] "GET /PodCast/Zugle?action=upload HTTP/1.1" 200 8494 "-" "Mozilla/5.0 (Macintosh; Intel Mac OS X 10.15; rv:103.0) Gecko/20100101 Firefox/103.0"
85.25.177.219 - - [08/Nov/2022:09:44:52 +0100] "GET /PodCast/RURAachundigoung?action=diff HTTP/1.1" 200 11677 "-" "Mozilla/5.0 (Macintosh; Intel Mac OS X 10.15; rv:103.0) Gecko/20100101 Firefox/103.0"
85.25.177.219 - - [08/Nov/2022:09:46:46 +0100] "GET /PodCast/RURAachundigoung?action=edit HTTP/1.1" 200 8750 "-" "Mozilla/5.0 (Macintosh; Intel Mac OS X 10.15; rv:103.0) Gecko/20100101 Firefox/103.0"
194.209.200.2 - - [08/Nov/2022:09:46:56 +0100] "GET /robots.txt HTTP/1.1" 200 - "-" "Mozilla/5.0 (compatible; TMMBot/0.2; +http://www.dslab.ch)/Nutch-1.15"
194.209.200.2 - - [08/Nov/2022:09:46:57 +0100] "GET /Admin/Jahresbericht HTTP/1.1" 200 45530 "-" "Mozilla/5.0 (compatible; TMMBot/0.2; +http://www.dslab.ch)/Nutch-1.15"
194.209.200.2 - - [08/Nov/2022:09:47:28 +0100] "GET /Texte/Schrybwys HTTP/1.1" 200 11028 "-" "Mozilla/5.0 (compatible; TMMBot/0.2; +http://www.dslab.ch)/Nutch-1.15"
85.25.177.219 - - [08/Nov/2022:09:48:31 +0100] "GET /Site/31Meuischtergass?action=upload HTTP/1.1" 200 8607 "-" "Mozilla/5.0 (Macintosh; Intel Mac OS X 10.15; rv:103.0) Gecko/20100101 Firefox/103.0"
194.209.200.2 - - [08/Nov/2022:09:48:49 +0100] "GET /Texte/GDicht HTTP/1.1" 200 8050 "-" "Mozilla/5.0 (compatible; TMMBot/0.2; +http://www.dslab.ch)/Nutch-1.15"
85.25.177.219 - - [08/Nov/2022:09:50:29 +0100] "GET /PodCast/Gvatterle?action=diff HTTP/1.1" 200 17859 "-" "Mozilla/5.0 (Macintosh; Intel Mac OS X 10.15; rv:103.0) Gecko/20100101 Firefox/103.0"
65.108.6.34 - - [08/Nov/2022:09:51:02 +0100] "GET /Texte/Roman HTTP/1.1" 200 38741 "http://www.pro-zurituutsch.ch/" "Mozilla/5.0 (compatible; SEOkicks; +https://www.seokicks.de/robot.html)"
65.108.6.34 - - [08/Nov/2022:09:51:03 +0100] "GET /Texte/GNU/Emacs HTTP/1.1" 404 264 "http://www.pro-zurituutsch.ch/Texte/Roman" "Mozilla/5.0 (compatible; SEOkicks; +https://www.seokicks.de/robot.html)"
