194.209.200.2 - - [07/Nov/2022:00:00:43 +0100] "GET /robots.txt HTTP/1.1" 200 - "-" "Mozilla/5.0 (compatible; TMMBot/0.2; +http://www.dslab.ch)/Nutch-1.15"
194.209.200.2 - - [07/Nov/2022:00:00:43 +0100] "GET /Admin/Jahresbericht HTTP/1.1" 200 45530 "-" "Mozilla/5.0 (compatible; TMMBot/0.2; +http://www.dslab.ch)/Nutch-1.15"
194.209.200.2 - - [07/Nov/2022:00:01:08 +0100] "GET /Texte/Schrybwys HTTP/1.1" 200 11028 "-" "Mozilla/5.0 (compatible; TMMBot/0.2; +http://www.dslab.ch)/Nutch-1.15"
194.209.200.2 - - [07/Nov/2022:00:02:13 +0100] "GET /Texte/GDicht HTTP/1.1" 200 8050 "-" "Mozilla/5.0 (compatible; TMMBot/0.2; +http://www.dslab.ch)/Nutch-1.15"
194.209.200.2 - - [07/Nov/2022:00:02:52 +0100] "GET /Texte/Metamorphoses HTTP/1.1" 200 9045 "-" "Mozilla/5.0 (compatible; TMMBot/0.2; +http://www.dslab.ch)/Nutch-1.15"
85.25.177.139 - - [07/Nov/2022:00:04:00 +0100] "GET /Hilfe/AnleitungTonbeispiele?action=edit HTTP/1.1" 200 8791 "-" "Mozilla/5.0 (Macintosh; Intel Mac OS X 10.15; rv:103.0) Gecko/20100101 Firefox/103.0"
85.25.177.139 - - [07/Nov/2022:00:06:19 +0100] "GET /PodCast/JBJ301?action=diff HTTP/1.1" 200 48541 "-" "Mozilla/5.0 (Macintosh; Intel Mac OS X 10.15; rv:103.0) Gecko/20100101 Firefox/103.0"
85.25.177.139 - - [07/Nov/2022:00:07:33 +0100] "GET /PodCast/JBJ301?action=print HTTP/1.1" 200 9160 "-" "Mozilla/5.0 (Macintosh; Intel Mac OS X 10.15; rv:103.0) Gecko/20100101 Firefox/103.0"
85.25.177.139 - - [07/Nov/2022:00:09:18 +0100] "GET /PodCast/Schlaaffloos1?action=edit HTTP/1.1" 200 8708 "-" "Mozilla/5.0 (Macintosh; Intel Mac OS X 10.15; rv:103.0) Gecko/20100101 Firefox/103.0"
85.25.177.139 - - [07/Nov/2022:00:10:35 +0100] "GET /PodCast/Schlaaffloos1?action=print HTTP/1.1" 200 9697 "-" "Mozilla/5.0 (Macintosh; Intel Mac OS X 10.15; rv:103.0) Gecko/20100101 Firefox/103.0"
85.25.177.139 - - [07/Nov/2022:00:11:57 +0100] "GET /PodCast/Schlaaffloos1?action=diff HTTP/1.1" 200 18758 "-" "Mozilla/5.0 (Macintosh; Intel Mac OS X 10.15; rv:103.0) Gecko/20100101 Firefox/103.0"
216.244.66.243 - - [07/Nov/2022:00:13:52 +0100] "GET /robots.txt HTTP/1.1" 200 - "-" "Mozilla/5.0 (compatible; DotBot/1.2; +https://opensiteexplorer.org/dotbot; help@moz.com)"
85.25.177.139 - - [07/Nov/2022:00:16:52 +0100] "GET /PodCast/Schlaaffloos1?action=upload HTTP/1.1" 200 8608 "-" "Mozilla/5.0 (Macintosh; Intel Mac OS X 10.15; rv:103.0) Gecko/20100101 Firefox/103.0"
85.25.177.139 - - [07/Nov/2022:00:17:42 +0100] "GET /PodCast/Limerick121314?action=diff HTTP/1.1" 200 13065 "-" "Mozilla/5.0 (Macintosh; Intel Mac OS X 10.15; rv:103.0) Gecko/20100101 Firefox/103.0"
85.25.177.139 - - [07/Nov/2022:00:18:49 +0100] "GET /PodCast/Limerick121314?action=print HTTP/1.1" 200 3584 "-" "Mozilla/5.0 (Macintosh; Intel Mac OS X 10.15; rv:103.0) Gecko/20100101 Firefox/103.0"
85.25.177.139 - - [07/Nov/2022:00:20:01 +0100] "GET /PodCast/Limerick121314?action=edit HTTP/1.1" 200 8722 "-" "Mozilla/5.0 (Macintosh; Intel Mac OS X 10.15; rv:103.0) Gecko/20100101 Firefox/103.0"
85.25.177.139 - - [07/Nov/2022:00:21:26 +0100] "GET /PodCast/Zugle2?action=edit HTTP/1.1" 200 8610 "-" "Mozilla/5.0 (Macintosh; Intel Mac OS X 10.15; rv:103.0) Gecko/20100101 Firefox/103.0"
85.25.177.139 - - [07/Nov/2022:00:21:57 +0100] "GET /PodCast/Liebhaber2?action=upload HTTP/1.1" 200 8566 "-" "Mozilla/5.0 (Macintosh; Intel Mac OS X 10.15; rv:103.0) Gecko/20100101 Firefox/103.0"
85.25.177.139 - - [07/Nov/2022:00:23:18 +0100] "GET /PodCast/Zugle2?action=print HTTP/1.1" 200 14640 "-" "Mozilla/5.0 (Macintosh; Intel Mac OS X 10.15; rv:103.0) Gecko/20100101 Firefox/103.0"
85.25.177.139 - - [07/Nov/2022:00:24:22 +0100] "GET /PodCast/Liebhaber2?action=print HTTP/1.1" 200 4061 "-" "Mozilla/5.0 (Macintosh; Intel Mac OS X 10.15; rv:103.0) Gecko/20100101 Firefox/103.0"
85.25.177.139 - - [07/Nov/2022:00:25:46 +0100] "GET /PodCast/Liebhaber2?action=diff HTTP/1.1" 200 15930 "-" "Mozilla/5.0 (Macintosh; Intel Mac OS X 10.15; rv:103.0) Gecko/20100101 Firefox/103.0"
85.25.177.139 - - [07/Nov/2022:00:26:51 +0100] "GET /Site/32Meuischtergass?action=upload HTTP/1.1" 200 8607 "-" "Mozilla/5.0 (Macintosh; Intel Mac OS X 10.15; rv:103.0) Gecko/20100101 Firefox/103.0"
85.25.177.139 - - [07/Nov/2022:00:27:45 +0100] "GET /Site/32Meuischtergass?action=edit HTTP/1.1" 200 8707 "-" "Mozilla/5.0 (Macintosh; Intel Mac OS X 10.15; rv:103.0) Gecko/20100101 Firefox/103.0"
85.25.177.139 - - [07/Nov/2022:00:28:25 +0100] "GET /Site/32Meuischtergass?action=print HTTP/1.1" 200 15957 "-" "Mozilla/5.0 (Macintosh; Intel Mac OS X 10.15; rv:103.0) Gecko/20100101 Firefox/103.0"
66.249.76.222 - - [07/Nov/2022:00:28:32 +0100] "GET /PodCast/IndexPage?action=rss HTTP/1.1" 200 6298 "-" "Mozilla/5.0 (compatible; Googlebot/2.1; +http://www.google.com/bot.html)"
85.25.177.139 - - [07/Nov/2022:00:30:16 +0100] "GET /PodCast/Liebhaber2?action=edit HTTP/1.1" 200 8666 "-" "Mozilla/5.0 (Macintosh; Intel Mac OS X 10.15; rv:103.0) Gecko/20100101 Firefox/103.0"
85.25.177.139 - - [07/Nov/2022:00:31:13 +0100] "GET /PodCast/Sbysst?action=diff HTTP/1.1" 200 19560 "-" "Mozilla/5.0 (Macintosh; Intel Mac OS X 10.15; rv:103.0) Gecko/20100101 Firefox/103.0"
85.25.177.139 - - [07/Nov/2022:00:32:05 +0100] "GET /Site/32Meuischtergass?action=diff HTTP/1.1" 200 26808 "-" "Mozilla/5.0 (Macintosh; Intel Mac OS X 10.15; rv:103.0) Gecko/20100101 Firefox/103.0"
85.25.177.139 - - [07/Nov/2022:00:33:08 +0100] "GET /PodCast/Sbysst?action=upload HTTP/1.1" 200 8508 "-" "Mozilla/5.0 (Macintosh; Intel Mac OS X 10.15; rv:103.0) Gecko/20100101 Firefox/103.0"
85.25.177.139 - - [07/Nov/2022:00:34:21 +0100] "GET /PodCast/Zugle2?action=diff HTTP/1.1" 200 34369 "-" "Mozilla/5.0 (Macintosh; Intel Mac OS X 10.15; rv:103.0) Gecko/20100101 Firefox/103.0"
85.25.177.139 - - [07/Nov/2022:00:35:04 +0100] "GET /PodCast/Sbysst?action=print HTTP/1.1" 200 11620 "-" "Mozilla/5.0 (Macintosh; Intel Mac OS X 10.15; rv:103.0) Gecko/20100101 Firefox/103.0"
216.244.66.243 - - [07/Nov/2022:00:35:07 +0100] "GET /PmWikiHu/Forum HTTP/1.1" 200 9817 "-" "Mozilla/5.0 (compatible; DotBot/1.2; +https://opensiteexplorer.org/dotbot; help@moz.com)"
85.25.177.139 - - [07/Nov/2022:00:36:39 +0100] "GET /PodCast/Sbysst?action=edit HTTP/1.1" 200 8608 "-" "Mozilla/5.0 (Macintosh; Intel Mac OS X 10.15; rv:103.0) Gecko/20100101 Firefox/103.0"
85.25.177.139 - - [07/Nov/2022:00:38:39 +0100] "GET /PodCast/Quaalewaal?action=edit HTTP/1.1" 200 8664 "-" "Mozilla/5.0 (Macintosh; Intel Mac OS X 10.15; rv:103.0) Gecko/20100101 Firefox/103.0"
85.25.177.139 - - [07/Nov/2022:00:40:18 +0100] "GET /PodCast/Quaalewaal?action=upload HTTP/1.1" 200 8564 "-" "Mozilla/5.0 (Macintosh; Intel Mac OS X 10.15; rv:103.0) Gecko/20100101 Firefox/103.0"
85.25.177.139 - - [07/Nov/2022:00:41:25 +0100] "GET /PodCast/Quaalewaal?action=print HTTP/1.1" 200 3116 "-" "Mozilla/5.0 (Macintosh; Intel Mac OS X 10.15; rv:103.0) Gecko/20100101 Firefox/103.0"
85.25.177.139 - - [07/Nov/2022:00:42:03 +0100] "GET /PodCast/Quaalewaal?action=diff HTTP/1.1" 200 14340 "-" "Mozilla/5.0 (Macintosh; Intel Mac OS X 10.15; rv:103.0) Gecko/20100101 Firefox/103.0"
85.25.177.139 - - [07/Nov/2022:00:42:49 +0100] "GET /PodCast/JBJNaawort?action=upload HTTP/1.1" 200 8566 "-" "Mozilla/5.0 (Macintosh; Intel Mac OS X 10.15; rv:103.0) Gecko/20100101 Firefox/103.0"
95.129.40.133 - - [07/Nov/2022:00:43:16 +0100] "GET /xleet.php HTTP/1.1" 404 275 "-" "-"
95.129.40.133 - - [07/Nov/2022:00:43:16 +0100] "GET /jindex.php HTTP/1.1" 404 276 "-" "Mozilla/5.0 (Linux; Android 7.1.1; Nokia 2) AppleWebKit/537.36 (KHTML, like Gecko) Chrome/71.0.3578.83 Mobile Safari/537.36"
95.129.40.133 - - [07/Nov/2022:00:43:16 +0100] "GET /sh3llx.php HTTP/1.1" 404 276 "-" "Mozilla/5.0 (iPhone; CPU iPhone OS 14_6 like Mac OS X) AppleWebKit/605.1.15 (KHTML, like Gecko) CriOS/91.0.4472.80 Mobile/15E148 Safari/604.1"
95.129.40.133 - - [07/Nov/2022:00:43:16 +0100] "GET /admin.php HTTP/1.1" 404 275 "-" "Mozilla/5.0 (Windows NT 10.0; Win64; x64) AppleWebKit/537.36 (KHTML, like Gecko) Chrome/91.0.4472.77 Safari/537.36"
95.129.40.133 - - [07/Nov/2022:00:43:16 +0100] "GET /xltavrat.php HTTP/1.1" 404 278 "-" "Mozilla/5.0 (iPhone; CPU iPhone OS 13_6_1 like Mac OS X) AppleWebKit/605.1.15 (KHTML, like Gecko) Version/13.1.2 Mobile/15E148 Safari/604.1"
95.129.40.133 - - [07/Nov/2022:00:43:16 +0100] "GET /wp-content/plugins/freedom/sonarxleetxd.php HTTP/1.1" 404 309 "-" "Mozilla/5.0 (Linux; Android 7.0; Moto G (4)) AppleWebKit/537.36 (KHTML, like Gecko) Chrome/84.0.4143.7 Mobile Safari/537.36 Chrome-Lighthouse"
95.129.40.133 - - [07/Nov/2022:00:43:16 +0100] "GET /xleetshell.php HTTP/1.1" 404 280 "-" "Mozilla/5.0 (Windows NT 10.0; WOW64; rv:45.0) Gecko/20100101 Firefox/45.0"
95.129.40.133 - - [07/Nov/2022:00:43:16 +0100] "GET /sonarxleetxd.php HTTP/1.1" 404 282 "-" "-"
95.129.40.133 - - [07/Nov/2022:00:43:16 +0100] "GET /wp-content/plugins/rafda/xleet.php HTTP/1.1" 404 300 "-" "Mozilla/5.0 (Windows NT 10.0; Win64; x64; rv:89.0) Gecko/20100101 Firefox/89.0"
95.129.40.133 - - [07/Nov/2022:00:43:16 +0100] "GET /vendor/phpunit/phpunit/src/Util/PHP/xleet.php HTTP/1.1" 404 311 "-" "Mozilla/5.0 (iPhone; CPU iPhone OS 14_4_1 like Mac OS X) AppleWebKit/605.1.15 (KHTML, like Gecko) Version/14.0.3 Mobile/15E148 Safari/604.1"
95.129.40.133 - - [07/Nov/2022:00:43:16 +0100] "GET /catalog/view/xleet.php HTTP/1.1" 404 288 "-" "Mozilla/5.0 (Linux; Android 9.0; Pixel 2 XL Build/PPP4.180612.004; Windows 10 Mobile) AppleWebKit/537.36 (KHTML, like Gecko) Chrome/71.0.3552.0 Mobile Safari/537.36"
95.129.40.133 - - [07/Nov/2022:00:43:16 +0100] "GET /xleetmailer.php HTTP/1.1" 404 281 "-" "Mozilla/5.0 (iPhone; CPU iPhone OS 13_6 like Mac OS X) AppleWebKit/605.1.15 (KHTML, like Gecko) Version/13.1.2 Mobile/15E148 Safari/604.1"
95.129.40.133 - - [07/Nov/2022:00:43:16 +0100] "GET /xlshell.php HTTP/1.1" 404 277 "-" "Mozilla/5.0 (Windows NT 10.0; Win64; x64) AppleWebKit/537.36 (KHTML, like Gecko) Chrome/84.0.4147.135 Safari/537.36"
95.129.40.133 - - [07/Nov/2022:00:43:16 +0100] "GET /smx.php HTTP/1.1" 404 273 "-" "Mozilla/5.0 (Linux; Android 11; SM-A705FN) AppleWebKit/537.36 (KHTML, like Gecko) Chrome/89.0.4389.105 Mobile Safari/537.36 OPR/63.3.3216.58675"
95.129.40.133 - - [07/Nov/2022:00:43:16 +0100] "GET /.xleet.php HTTP/1.1" 404 264 "-" "Mozilla/5.0 (Windows NT 10.0; Win64; x64) AppleWebKit/537.36 (KHTML, like Gecko) Chrome/83.0.4103.97 Safari/537.36"
95.129.40.133 - - [07/Nov/2022:00:43:16 +0100] "GET /orvx-shell.php HTTP/1.1" 404 280 "-" "Mozilla/5.0 (iPad; CPU OS 14_2 like Mac OS X) AppleWebKit/605.1.15 (KHTML, like Gecko) CriOS/87.0.4280.77 Mobile/15E148 Safari/604.1"
95.129.40.133 - - [07/Nov/2022:00:43:16 +0100] "GET /orvx.php HTTP/1.1" 404 274 "-" "Mozilla/5.0 (Windows NT 5.1) AppleWebKit/537.36 (KHTML, like Gecko) Chrome/69.0.3497.81 Safari/537.36 Maxthon/5.3.8.2000"
95.129.40.133 - - [07/Nov/2022:00:43:16 +0100] "GET /xl.php HTTP/1.1" 404 272 "-" "Mozilla/5.0 (Windows NT 10.0; Win64; x64; rv:84.0) Gecko/20100101 Firefox/84.0"
95.129.40.133 - - [07/Nov/2022:00:43:16 +0100] "GET /lufi.php HTTP/1.1" 404 274 "-" "Mozilla/5.0 (iPad; CPU OS 12_4_8 like Mac OS X) AppleWebKit/605.1.15 (KHTML, like Gecko) Version/12.1.2 Mobile/15E148 Safari/604.1"
95.129.40.133 - - [07/Nov/2022:00:43:16 +0100] "GET /lufix.php HTTP/1.1" 404 275 "-" "Mozilla/5.0 (Windows NT 10.0; Win64; x64) AppleWebKit/537.36 (KHTML, like Gecko) Chrome/89.0.4389.114 Safari/537.36"
95.129.40.133 - - [07/Nov/2022:00:43:16 +0100] "GET /xlet.php HTTP/1.1" 404 274 "-" "Mozilla/5.0 (iPhone; CPU iPhone OS 11_0 like Mac OS X) AppleWebKit/604.1.38 (KHTML, like Gecko) Version/11.0 Mobile/15A372 Safari/604.1"
95.129.40.133 - - [07/Nov/2022:00:43:16 +0100] "GET /xleet-shell.php HTTP/1.1" 404 281 "-" "Mozilla/5.0 (Windows NT 10.0; Win64; x64) AppleWebKit/537.36 (KHTML, like Gecko) Chrome/86.0.4240.75 Safari/537.36"
95.129.40.133 - - [07/Nov/2022:00:43:16 +0100] "GET /zerox.php HTTP/1.1" 404 275 "-" "Mozilla/5.0 (iPhone; CPU iPhone OS 13_7 like Mac OS X) AppleWebKit/605.1.15 (KHTML, like Gecko) Version/13.1.2 Mobile/15E148 Safari/604.1"
95.129.40.133 - - [07/Nov/2022:00:43:16 +0100] "GET /locale.php HTTP/1.1" 404 276 "-" "Mozilla/5.0 (Windows NT 6.1; Win64; x64; rv:47.0) Gecko/20100101 Firefox/62.0"
95.129.40.133 - - [07/Nov/2022:00:43:17 +0100] "GET /takeout.php HTTP/1.1" 404 277 "-" "Mozilla/5.0 (Windows NT 6.1; Win64; x64) AppleWebKit/537.36 (KHTML, like Gecko) Chrome/87.0.4280.88 Safari/537.36"
95.129.40.133 - - [07/Nov/2022:00:43:17 +0100] "GET /wp-content/plugins/ubh/xleet.php HTTP/1.1" 404 298 "-" "Mozilla/5.0 (Windows NT 10.0; Win64; x64) AppleWebKit/537.36 (KHTML, like Gecko) Chrome/92.0.4515.159 Safari/537.36"
95.129.40.133 - - [07/Nov/2022:00:43:17 +0100] "GET /wp-content/plugins/upds/xleet.php HTTP/1.1" 404 299 "-" "Mozilla/5.0 (Windows NT 10.0; Win64; x64) AppleWebKit/537.36 (KHTML, like Gecko) Chrome/84.0.4147.135 Safari/537.36"
95.129.40.133 - - [07/Nov/2022:00:43:17 +0100] "GET /wp-content/plugins/sid/xleet.php HTTP/1.1" 404 298 "-" "Mozilla/5.0 (Windows NT 10.0; Win64; x64) AppleWebKit/537.36 (KHTML, like Gecko) Chrome/91.0.4472.124 Safari/537.36"
95.129.40.133 - - [07/Nov/2022:00:43:18 +0100] "GET /shell.php HTTP/1.1" 404 275 "-" "Mozilla/5.0 (Windows NT 10.0; Win64; x64) AppleWebKit/537.36 (KHTML, like Gecko) Chrome/91.0.4472.124 Safari/537.36"
95.129.40.133 - - [07/Nov/2022:00:43:18 +0100] "GET /payout.php HTTP/1.1" 404 276 "-" "Mozilla/5.0 (Linux; arm_64; Android 8.0.0; ZE520KL) AppleWebKit/537.36 (KHTML, like Gecko) Chrome/88.0.4324.182 YaBrowser/21.2.0.223.00 SA/3 Mobile Safari/537.36"
85.25.177.139 - - [07/Nov/2022:00:44:27 +0100] "GET /PodCast/Zugle2?action=upload HTTP/1.1" 200 8510 "-" "Mozilla/5.0 (Macintosh; Intel Mac OS X 10.15; rv:103.0) Gecko/20100101 Firefox/103.0"
85.25.177.139 - - [07/Nov/2022:00:45:02 +0100] "GET /PodCast/JBJNaawort?action=edit HTTP/1.1" 200 8666 "-" "Mozilla/5.0 (Macintosh; Intel Mac OS X 10.15; rv:103.0) Gecko/20100101 Firefox/103.0"
85.25.177.139 - - [07/Nov/2022:00:45:55 +0100] "GET /PodCast/JBJNaawort?action=diff HTTP/1.1" 200 24976 "-" "Mozilla/5.0 (Macintosh; Intel Mac OS X 10.15; rv:103.0) Gecko/20100101 Firefox/103.0"
85.25.177.139 - - [07/Nov/2022:00:46:44 +0100] "GET /PodCast/JBJNaawort?action=print HTTP/1.1" 200 11647 "-" "Mozilla/5.0 (Macintosh; Intel Mac OS X 10.15; rv:103.0) Gecko/20100101 Firefox/103.0"
85.25.177.139 - - [07/Nov/2022:00:47:47 +0100] "GET /PodCast/Verlaine?action=diff HTTP/1.1" 200 13286 "-" "Mozilla/5.0 (Macintosh; Intel Mac OS X 10.15; rv:103.0) Gecko/20100101 Firefox/103.0"
85.25.177.139 - - [07/Nov/2022:00:51:10 +0100] "GET /PodCast/Verlaine?action=print HTTP/1.1" 200 3577 "-" "Mozilla/5.0 (Macintosh; Intel Mac OS X 10.15; rv:103.0) Gecko/20100101 Firefox/103.0"
194.209.200.2 - - [07/Nov/2022:00:51:24 +0100] "GET /robots.txt HTTP/1.1" 200 - "-" "Mozilla/5.0 (compatible; TMMBot/0.2; +http://www.dslab.ch)/Nutch-1.15"
194.209.200.2 - - [07/Nov/2022:00:51:24 +0100] "GET /Admin/Jahresbericht HTTP/1.1" 200 45530 "-" "Mozilla/5.0 (compatible; TMMBot/0.2; +http://www.dslab.ch)/Nutch-1.15"
194.209.200.2 - - [07/Nov/2022:00:51:47 +0100] "GET /Texte/Schrybwys HTTP/1.1" 200 11028 "-" "Mozilla/5.0 (compatible; TMMBot/0.2; +http://www.dslab.ch)/Nutch-1.15"
194.209.200.2 - - [07/Nov/2022:00:52:45 +0100] "GET /Texte/GDicht HTTP/1.1" 200 8050 "-" "Mozilla/5.0 (compatible; TMMBot/0.2; +http://www.dslab.ch)/Nutch-1.15"
194.209.200.2 - - [07/Nov/2022:00:53:21 +0100] "GET /Texte/Metamorphoses HTTP/1.1" 200 9045 "-" "Mozilla/5.0 (compatible; TMMBot/0.2; +http://www.dslab.ch)/Nutch-1.15"
85.25.177.139 - - [07/Nov/2022:00:55:07 +0100] "GET /Site/121Sitkouscht1482?action=print HTTP/1.1" 200 8145 "-" "Mozilla/5.0 (Macintosh; Intel Mac OS X 10.15; rv:103.0) Gecko/20100101 Firefox/103.0"
216.244.66.243 - - [07/Nov/2022:01:10:28 +0100] "GET /PmWikiHu/Forum HTTP/1.1" 200 9817 "-" "Mozilla/5.0 (compatible; DotBot/1.2; +https://opensiteexplorer.org/dotbot; help@moz.com)"
85.25.177.139 - - [07/Nov/2022:01:11:50 +0100] "GET /PodCast/DryzaateFebrouar2011?action=edit HTTP/1.1" 200 8808 "-" "Mozilla/5.0 (Macintosh; Intel Mac OS X 10.15; rv:103.0) Gecko/20100101 Firefox/103.0"
85.25.177.139 - - [07/Nov/2022:01:13:03 +0100] "GET /PodCast/JBJ401?action=print HTTP/1.1" 200 14621 "-" "Mozilla/5.0 (Macintosh; Intel Mac OS X 10.15; rv:103.0) Gecko/20100101 Firefox/103.0"
85.25.177.139 - - [07/Nov/2022:01:14:29 +0100] "GET /PodCast/JBJ401?action=upload HTTP/1.1" 200 8510 "-" "Mozilla/5.0 (Macintosh; Intel Mac OS X 10.15; rv:103.0) Gecko/20100101 Firefox/103.0"
85.25.177.139 - - [07/Nov/2022:01:15:16 +0100] "GET /PodCast/JBJ401?action=edit HTTP/1.1" 200 8610 "-" "Mozilla/5.0 (Macintosh; Intel Mac OS X 10.15; rv:103.0) Gecko/20100101 Firefox/103.0"
85.25.177.139 - - [07/Nov/2022:01:16:26 +0100] "GET /PodCast/MNtsch?action=upload HTTP/1.1" 200 8510 "-" "Mozilla/5.0 (Macintosh; Intel Mac OS X 10.15; rv:103.0) Gecko/20100101 Firefox/103.0"
85.25.177.139 - - [07/Nov/2022:01:21:05 +0100] "GET /PodCast/DryzaateFebrouar2011?action=edit HTTP/1.1" 200 8808 "-" "Mozilla/5.0 (Macintosh; Intel Mac OS X 10.15; rv:103.0) Gecko/20100101 Firefox/103.0"
66.249.76.193 - - [07/Nov/2022:01:22:02 +0100] "GET /PodCast/IndexPage?action=rss HTTP/1.1" 200 6298 "-" "Mozilla/5.0 (compatible; Googlebot/2.1; +http://www.google.com/bot.html)"
85.25.177.139 - - [07/Nov/2022:01:23:20 +0100] "GET /PodCast/DryzaateFebrouar2011?action=diff HTTP/1.1" 200 11242 "-" "Mozilla/5.0 (Macintosh; Intel Mac OS X 10.15; rv:103.0) Gecko/20100101 Firefox/103.0"
85.25.177.139 - - [07/Nov/2022:01:24:38 +0100] "GET /PodCast/MNtsch?action=diff HTTP/1.1" 200 9171 "-" "Mozilla/5.0 (Macintosh; Intel Mac OS X 10.15; rv:103.0) Gecko/20100101 Firefox/103.0"
85.25.177.139 - - [07/Nov/2022:01:25:44 +0100] "GET /PodCast/DryzaateFebrouar2011?action=print HTTP/1.1" 200 2397 "-" "Mozilla/5.0 (Macintosh; Intel Mac OS X 10.15; rv:103.0) Gecko/20100101 Firefox/103.0"
85.25.177.139 - - [07/Nov/2022:01:26:32 +0100] "GET /PodCast/DryzaateFebrouar2011?action=upload HTTP/1.1" 200 8708 "-" "Mozilla/5.0 (Macintosh; Intel Mac OS X 10.15; rv:103.0) Gecko/20100101 Firefox/103.0"
85.25.177.139 - - [07/Nov/2022:01:27:10 +0100] "GET /PodCast/JBJ701?action=diff HTTP/1.1" 200 23051 "-" "Mozilla/5.0 (Macintosh; Intel Mac OS X 10.15; rv:103.0) Gecko/20100101 Firefox/103.0"
85.25.177.139 - - [07/Nov/2022:01:28:31 +0100] "GET /PodCast/JBJ701?action=edit HTTP/1.1" 200 8610 "-" "Mozilla/5.0 (Macintosh; Intel Mac OS X 10.15; rv:103.0) Gecko/20100101 Firefox/103.0"
85.25.177.139 - - [07/Nov/2022:01:29:19 +0100] "GET /PodCast/JBJ701?action=print HTTP/1.1" 200 13913 "-" "Mozilla/5.0 (Macintosh; Intel Mac OS X 10.15; rv:103.0) Gecko/20100101 Firefox/103.0"
85.25.177.139 - - [07/Nov/2022:01:31:19 +0100] "GET /PodCast/JBJ701?action=upload HTTP/1.1" 200 8510 "-" "Mozilla/5.0 (Macintosh; Intel Mac OS X 10.15; rv:103.0) Gecko/20100101 Firefox/103.0"
85.25.177.139 - - [07/Nov/2022:01:32:17 +0100] "GET /PodCast/Hinkeljouged2?action=print HTTP/1.1" 200 13745 "-" "Mozilla/5.0 (Macintosh; Intel Mac OS X 10.15; rv:103.0) Gecko/20100101 Firefox/103.0"
85.25.177.139 - - [07/Nov/2022:01:34:31 +0100] "GET /Gast/Podcast?action=edit&restore=diff:1336978961:1336978806:&preview=y HTTP/1.1" 200 8625 "-" "Mozilla/5.0 (Macintosh; Intel Mac OS X 10.15; rv:103.0) Gecko/20100101 Firefox/103.0"
85.25.177.139 - - [07/Nov/2022:01:35:08 +0100] "GET /Gast/Podcast?action=diff&source=n&minor=y HTTP/1.1" 200 9686 "-" "Mozilla/5.0 (Macintosh; Intel Mac OS X 10.15; rv:103.0) Gecko/20100101 Firefox/103.0"
85.25.177.139 - - [07/Nov/2022:01:36:51 +0100] "GET /PodCast/Hinkeljouged2?action=diff HTTP/1.1" 200 22574 "-" "Mozilla/5.0 (Macintosh; Intel Mac OS X 10.15; rv:103.0) Gecko/20100101 Firefox/103.0"
85.25.177.139 - - [07/Nov/2022:01:37:57 +0100] "GET /Gast/Podcast?action=diff&source=y&minor=n HTTP/1.1" 200 9710 "-" "Mozilla/5.0 (Macintosh; Intel Mac OS X 10.15; rv:103.0) Gecko/20100101 Firefox/103.0"
85.25.177.139 - - [07/Nov/2022:01:39:04 +0100] "GET /Site/62Mulhouse1468?action=print HTTP/1.1" 200 10361 "-" "Mozilla/5.0 (Macintosh; Intel Mac OS X 10.15; rv:103.0) Gecko/20100101 Firefox/103.0"
85.25.177.139 - - [07/Nov/2022:01:40:11 +0100] "GET /Site/62Mulhouse1468?action=diff HTTP/1.1" 200 20994 "-" "Mozilla/5.0 (Macintosh; Intel Mac OS X 10.15; rv:103.0) Gecko/20100101 Firefox/103.0"
3.216.185.164 - - [07/Nov/2022:01:41:11 +0100] "GET /PodCast/IndexPage?action=rss HTTP/1.1" 200 6298 "-" "PocketCasts/1.0 (Pocket Casts Feed Parser; +http://pocketcasts.com/)"
85.25.177.139 - - [07/Nov/2022:01:41:39 +0100] "GET /PodCast/Hinkeljouged2?action=edit HTTP/1.1" 200 8708 "-" "Mozilla/5.0 (Macintosh; Intel Mac OS X 10.15; rv:103.0) Gecko/20100101 Firefox/103.0"
85.25.177.139 - - [07/Nov/2022:01:42:30 +0100] "GET /Site/Bebi?action=print HTTP/1.1" 200 7388 "-" "Mozilla/5.0 (Macintosh; Intel Mac OS X 10.15; rv:103.0) Gecko/20100101 Firefox/103.0"
85.25.177.139 - - [07/Nov/2022:01:43:06 +0100] "GET /Site/Bebi?action=upload HTTP/1.1" 200 8437 "-" "Mozilla/5.0 (Macintosh; Intel Mac OS X 10.15; rv:103.0) Gecko/20100101 Firefox/103.0"
85.25.177.139 - - [07/Nov/2022:01:44:14 +0100] "GET /Site/Bebi?action=edit HTTP/1.1" 200 8537 "-" "Mozilla/5.0 (Macintosh; Intel Mac OS X 10.15; rv:103.0) Gecko/20100101 Firefox/103.0"
85.25.177.139 - - [07/Nov/2022:01:47:00 +0100] "GET /PodCast/JBJ302?action=edit HTTP/1.1" 200 8610 "-" "Mozilla/5.0 (Macintosh; Intel Mac OS X 10.15; rv:103.0) Gecko/20100101 Firefox/103.0"
216.244.66.243 - - [07/Nov/2022:01:47:04 +0100] "GET /PmWikiHu/Forum HTTP/1.1" 200 9817 "-" "Mozilla/5.0 (compatible; DotBot/1.2; +https://opensiteexplorer.org/dotbot; help@moz.com)"
85.25.177.139 - - [07/Nov/2022:01:48:55 +0100] "GET /Site/Bebi?action=diff HTTP/1.1" 200 19372 "-" "Mozilla/5.0 (Macintosh; Intel Mac OS X 10.15; rv:103.0) Gecko/20100101 Firefox/103.0"
85.25.177.139 - - [07/Nov/2022:01:50:32 +0100] "GET /PodCast/Waffeschoutz11?action=upload HTTP/1.1" 200 8622 "-" "Mozilla/5.0 (Macintosh; Intel Mac OS X 10.15; rv:103.0) Gecko/20100101 Firefox/103.0"
194.209.200.2 - - [07/Nov/2022:01:50:59 +0100] "GET /robots.txt HTTP/1.1" 200 - "-" "Mozilla/5.0 (compatible; TMMBot/0.2; +http://www.dslab.ch)/Nutch-1.15"
194.209.200.2 - - [07/Nov/2022:01:50:59 +0100] "GET /Admin/Jahresbericht HTTP/1.1" 200 45530 "-" "Mozilla/5.0 (compatible; TMMBot/0.2; +http://www.dslab.ch)/Nutch-1.15"
194.209.200.2 - - [07/Nov/2022:01:51:23 +0100] "GET /Texte/Schrybwys HTTP/1.1" 200 11028 "-" "Mozilla/5.0 (compatible; TMMBot/0.2; +http://www.dslab.ch)/Nutch-1.15"
85.25.177.139 - - [07/Nov/2022:01:51:26 +0100] "GET /PodCast/Waffeschoutz11?action=diff HTTP/1.1" 200 19155 "-" "Mozilla/5.0 (Macintosh; Intel Mac OS X 10.15; rv:103.0) Gecko/20100101 Firefox/103.0"
194.209.200.2 - - [07/Nov/2022:01:52:21 +0100] "GET /Texte/GDicht HTTP/1.1" 200 8050 "-" "Mozilla/5.0 (compatible; TMMBot/0.2; +http://www.dslab.ch)/Nutch-1.15"
85.25.177.139 - - [07/Nov/2022:01:52:32 +0100] "GET /PodCast/JBJ302?action=print HTTP/1.1" 200 9695 "-" "Mozilla/5.0 (Macintosh; Intel Mac OS X 10.15; rv:103.0) Gecko/20100101 Firefox/103.0"
85.25.177.139 - - [07/Nov/2022:01:53:32 +0100] "GET /PodCast/Waffeschoutz11?action=edit HTTP/1.1" 200 8722 "-" "Mozilla/5.0 (Macintosh; Intel Mac OS X 10.15; rv:103.0) Gecko/20100101 Firefox/103.0"
85.25.177.139 - - [07/Nov/2022:01:54:38 +0100] "GET /PodCast/Waffeschoutz11?action=print HTTP/1.1" 200 10357 "-" "Mozilla/5.0 (Macintosh; Intel Mac OS X 10.15; rv:103.0) Gecko/20100101 Firefox/103.0"
85.25.177.139 - - [07/Nov/2022:01:55:59 +0100] "GET /Site/Leerbouech?action=diff HTTP/1.1" 200 15695 "-" "Mozilla/5.0 (Macintosh; Intel Mac OS X 10.15; rv:103.0) Gecko/20100101 Firefox/103.0"
85.25.177.139 - - [07/Nov/2022:01:57:20 +0100] "GET /PodCast/JBJ302?action=upload HTTP/1.1" 200 8510 "-" "Mozilla/5.0 (Macintosh; Intel Mac OS X 10.15; rv:103.0) Gecko/20100101 Firefox/103.0"
85.25.177.139 - - [07/Nov/2022:01:58:22 +0100] "GET /Site/Leerbouech?action=upload HTTP/1.1" 200 8521 "-" "Mozilla/5.0 (Macintosh; Intel Mac OS X 10.15; rv:103.0) Gecko/20100101 Firefox/103.0"
85.25.177.139 - - [07/Nov/2022:01:59:15 +0100] "GET /Site/Leerbouech?action=print HTTP/1.1" 200 4956 "-" "Mozilla/5.0 (Macintosh; Intel Mac OS X 10.15; rv:103.0) Gecko/20100101 Firefox/103.0"
85.25.177.139 - - [07/Nov/2022:02:00:13 +0100] "GET /Site/Leerbouech?action=edit HTTP/1.1" 200 8621 "-" "Mozilla/5.0 (Macintosh; Intel Mac OS X 10.15; rv:103.0) Gecko/20100101 Firefox/103.0"
85.25.177.139 - - [07/Nov/2022:02:00:56 +0100] "GET /PodCast/Apsourdistan2?action=diff HTTP/1.1" 200 13519 "-" "Mozilla/5.0 (Macintosh; Intel Mac OS X 10.15; rv:103.0) Gecko/20100101 Firefox/103.0"
85.25.177.139 - - [07/Nov/2022:02:02:01 +0100] "GET /robots.txt HTTP/1.1" 200 - "-" "Mozilla/5.0 (Macintosh; Intel Mac OS X 10.15; rv:103.0) Gecko/20100101 Firefox/103.0"
85.25.177.139 - - [07/Nov/2022:02:02:01 +0100] "GET /PodCast/Nostalgy?action=diff HTTP/1.1" 200 13036 "-" "Mozilla/5.0 (Macintosh; Intel Mac OS X 10.15; rv:103.0) Gecko/20100101 Firefox/103.0"
85.25.177.139 - - [07/Nov/2022:02:03:14 +0100] "GET /PodCast/Apsourdistan2?action=print HTTP/1.1" 200 5133 "-" "Mozilla/5.0 (Macintosh; Intel Mac OS X 10.15; rv:103.0) Gecko/20100101 Firefox/103.0"
85.25.177.139 - - [07/Nov/2022:02:04:27 +0100] "GET /PodCast/Apsourdistan2?action=edit HTTP/1.1" 200 8708 "-" "Mozilla/5.0 (Macintosh; Intel Mac OS X 10.15; rv:103.0) Gecko/20100101 Firefox/103.0"
85.25.177.139 - - [07/Nov/2022:02:05:21 +0100] "GET /PodCast/Nostalgy?action=edit HTTP/1.1" 200 8636 "-" "Mozilla/5.0 (Macintosh; Intel Mac OS X 10.15; rv:103.0) Gecko/20100101 Firefox/103.0"
85.25.177.139 - - [07/Nov/2022:02:06:28 +0100] "GET /PodCast/Nostalgy?action=upload HTTP/1.1" 200 8536 "-" "Mozilla/5.0 (Macintosh; Intel Mac OS X 10.15; rv:103.0) Gecko/20100101 Firefox/103.0"
85.25.177.139 - - [07/Nov/2022:02:07:39 +0100] "GET /PodCast/Nostalgy?action=print HTTP/1.1" 200 3020 "-" "Mozilla/5.0 (Macintosh; Intel Mac OS X 10.15; rv:103.0) Gecko/20100101 Firefox/103.0"
85.25.177.139 - - [07/Nov/2022:02:08:57 +0100] "GET /PodCast/Schaidig1?action=upload HTTP/1.1" 200 8552 "-" "Mozilla/5.0 (Macintosh; Intel Mac OS X 10.15; rv:103.0) Gecko/20100101 Firefox/103.0"
85.25.177.139 - - [07/Nov/2022:02:09:42 +0100] "GET /PodCast/RezPflInt?action=edit HTTP/1.1" 200 8654 "-" "Mozilla/5.0 (Macintosh; Intel Mac OS X 10.15; rv:103.0) Gecko/20100101 Firefox/103.0"
85.25.177.139 - - [07/Nov/2022:02:10:10 +0100] "GET /Site/42Fasnacht1455?action=diff HTTP/1.1" 200 11673 "-" "Mozilla/5.0 (Macintosh; Intel Mac OS X 10.15; rv:103.0) Gecko/20100101 Firefox/103.0"
85.25.177.139 - - [07/Nov/2022:02:10:36 +0100] "GET /Site/42Fasnacht1455?action=edit HTTP/1.1" 200 8681 "-" "Mozilla/5.0 (Macintosh; Intel Mac OS X 10.15; rv:103.0) Gecko/20100101 Firefox/103.0"
85.25.177.139 - - [07/Nov/2022:02:11:34 +0100] "GET /Site/WGA6Klynikerfaarig?action=diff HTTP/1.1" 200 19952 "-" "Mozilla/5.0 (Macintosh; Intel Mac OS X 10.15; rv:103.0) Gecko/20100101 Firefox/103.0"
85.25.177.139 - - [07/Nov/2022:02:12:48 +0100] "GET /Site/WGA6Klynikerfaarig?action=edit HTTP/1.1" 200 8737 "-" "Mozilla/5.0 (Macintosh; Intel Mac OS X 10.15; rv:103.0) Gecko/20100101 Firefox/103.0"
85.25.177.139 - - [07/Nov/2022:02:14:28 +0100] "GET /PodCast/RURAkt1TIl4?action=diff HTTP/1.1" 200 27266 "-" "Mozilla/5.0 (Macintosh; Intel Mac OS X 10.15; rv:103.0) Gecko/20100101 Firefox/103.0"
85.25.177.139 - - [07/Nov/2022:02:15:39 +0100] "GET /PodCast/RURAkt1TIl4?action=upload HTTP/1.1" 200 8588 "-" "Mozilla/5.0 (Macintosh; Intel Mac OS X 10.15; rv:103.0) Gecko/20100101 Firefox/103.0"
66.249.76.220 - - [07/Nov/2022:02:16:34 +0100] "GET /PodCast/IndexPage?action=rss HTTP/1.1" 200 6298 "-" "Mozilla/5.0 (compatible; Googlebot/2.1; +http://www.google.com/bot.html)"
85.25.177.139 - - [07/Nov/2022:02:17:12 +0100] "GET /Site/200Quellen?action=edit HTTP/1.1" 200 8623 "-" "Mozilla/5.0 (Macintosh; Intel Mac OS X 10.15; rv:103.0) Gecko/20100101 Firefox/103.0"
85.25.177.139 - - [07/Nov/2022:02:17:57 +0100] "GET /PodCast/RURAkt1TIl4?action=edit HTTP/1.1" 200 8688 "-" "Mozilla/5.0 (Macintosh; Intel Mac OS X 10.15; rv:103.0) Gecko/20100101 Firefox/103.0"
162.55.85.227 - - [07/Nov/2022:02:18:05 +0100] "GET /robots.txt HTTP/1.1" 200 - "-" "Mozilla/5.0 (compatible; BLEXBot/1.0; +http://webmeup-crawler.com/)"
162.55.85.227 - - [07/Nov/2022:02:18:06 +0100] "GET /sitemap HTTP/1.1" 404 273 "-" "Mozilla/5.0 (compatible; BLEXBot/1.0; +http://webmeup-crawler.com/)"
162.55.85.227 - - [07/Nov/2022:02:18:10 +0100] "GET /robots.txt HTTP/1.1" 200 - "-" "Mozilla/5.0 (compatible; BLEXBot/1.0; +http://webmeup-crawler.com/)"
162.55.85.227 - - [07/Nov/2022:02:18:13 +0100] "GET /sitemap HTTP/1.1" 404 277 "-" "Mozilla/5.0 (compatible; BLEXBot/1.0; +http://webmeup-crawler.com/)"
162.55.85.227 - - [07/Nov/2022:02:18:16 +0100] "GET /sitemap.txt HTTP/1.1" 404 277 "-" "Mozilla/5.0 (compatible; BLEXBot/1.0; +http://webmeup-crawler.com/)"
162.55.85.227 - - [07/Nov/2022:02:18:21 +0100] "GET /sitemap.txt HTTP/1.1" 404 281 "-" "Mozilla/5.0 (compatible; BLEXBot/1.0; +http://webmeup-crawler.com/)"
162.55.85.227 - - [07/Nov/2022:02:18:24 +0100] "GET /Hilfe/Passwort?action=edit HTTP/1.1" 404 18 "-" "Mozilla/5.0 (compatible; BLEXBot/1.0; +http://webmeup-crawler.com/)"
85.25.177.139 - - [07/Nov/2022:02:18:25 +0100] "GET /Site/200Quellen?action=diff HTTP/1.1" 200 23494 "-" "Mozilla/5.0 (Macintosh; Intel Mac OS X 10.15; rv:103.0) Gecko/20100101 Firefox/103.0"
162.55.85.227 - - [07/Nov/2022:02:18:36 +0100] "GET /Hilfe/Quicktime?action=diff HTTP/1.1" 403 18 "-" "Mozilla/5.0 (compatible; BLEXBot/1.0; +http://webmeup-crawler.com/)"
162.55.85.227 - - [07/Nov/2022:02:18:40 +0100] "GET /Hilfe/Quicktime?action=edit HTTP/1.1" 403 18 "-" "Mozilla/5.0 (compatible; BLEXBot/1.0; +http://webmeup-crawler.com/)"
162.55.85.227 - - [07/Nov/2022:02:18:43 +0100] "GET /Hilfe/Quicktime?action=print HTTP/1.1" 403 18 "-" "Mozilla/5.0 (compatible; BLEXBot/1.0; +http://webmeup-crawler.com/)"
162.55.85.227 - - [07/Nov/2022:02:18:47 +0100] "GET /Hilfe/Quicktime?action=upload HTTP/1.1" 403 18 "-" "Mozilla/5.0 (compatible; BLEXBot/1.0; +http://webmeup-crawler.com/)"
162.55.85.227 - - [07/Nov/2022:02:18:50 +0100] "GET /Hilfe/RealOne?action=diff HTTP/1.1" 403 18 "-" "Mozilla/5.0 (compatible; BLEXBot/1.0; +http://webmeup-crawler.com/)"
162.55.85.227 - - [07/Nov/2022:02:18:53 +0100] "GET /Hilfe/RealOne?action=edit HTTP/1.1" 403 18 "-" "Mozilla/5.0 (compatible; BLEXBot/1.0; +http://webmeup-crawler.com/)"
162.55.85.227 - - [07/Nov/2022:02:18:55 +0100] "GET /Hilfe/RealOne?action=print HTTP/1.1" 403 18 "-" "Mozilla/5.0 (compatible; BLEXBot/1.0; +http://webmeup-crawler.com/)"
162.55.85.227 - - [07/Nov/2022:02:19:03 +0100] "GET /Hilfe/RealOne?action=upload HTTP/1.1" 403 18 "-" "Mozilla/5.0 (compatible; BLEXBot/1.0; +http://webmeup-crawler.com/)"
162.55.85.227 - - [07/Nov/2022:02:19:06 +0100] "GET /Hilfe/Winamp?action=diff HTTP/1.1" 403 18 "-" "Mozilla/5.0 (compatible; BLEXBot/1.0; +http://webmeup-crawler.com/)"
162.55.85.227 - - [07/Nov/2022:02:19:15 +0100] "GET /Hilfe/Winamp?action=edit HTTP/1.1" 403 18 "-" "Mozilla/5.0 (compatible; BLEXBot/1.0; +http://webmeup-crawler.com/)"
162.55.85.227 - - [07/Nov/2022:02:19:19 +0100] "GET /Hilfe/Winamp?action=print HTTP/1.1" 403 18 "-" "Mozilla/5.0 (compatible; BLEXBot/1.0; +http://webmeup-crawler.com/)"
162.55.85.227 - - [07/Nov/2022:02:19:24 +0100] "GET /Hilfe/Winamp?action=upload HTTP/1.1" 403 18 "-" "Mozilla/5.0 (compatible; BLEXBot/1.0; +http://webmeup-crawler.com/)"
162.55.85.227 - - [07/Nov/2022:02:19:27 +0100] "GET /Main/Home?action=diff HTTP/1.1" 403 18 "-" "Mozilla/5.0 (compatible; BLEXBot/1.0; +http://webmeup-crawler.com/)"
85.25.177.139 - - [07/Nov/2022:02:19:33 +0100] "GET /Site/200Quellen?action=print HTTP/1.1" 200 8216 "-" "Mozilla/5.0 (Macintosh; Intel Mac OS X 10.15; rv:103.0) Gecko/20100101 Firefox/103.0"
162.55.85.227 - - [07/Nov/2022:02:19:35 +0100] "GET /Main/Home?action=edit HTTP/1.1" 403 18 "-" "Mozilla/5.0 (compatible; BLEXBot/1.0; +http://webmeup-crawler.com/)"
162.55.85.227 - - [07/Nov/2022:02:19:40 +0100] "GET /Main/Home?action=print HTTP/1.1" 403 18 "-" "Mozilla/5.0 (compatible; BLEXBot/1.0; +http://webmeup-crawler.com/)"
162.55.85.227 - - [07/Nov/2022:02:19:43 +0100] "GET /Main/Home?action=upload HTTP/1.1" 403 18 "-" "Mozilla/5.0 (compatible; BLEXBot/1.0; +http://webmeup-crawler.com/)"
85.25.177.139 - - [07/Nov/2022:02:20:38 +0100] "GET /Site/200Quellen?action=upload HTTP/1.1" 200 8523 "-" "Mozilla/5.0 (Macintosh; Intel Mac OS X 10.15; rv:103.0) Gecko/20100101 Firefox/103.0"
85.25.177.139 - - [07/Nov/2022:02:21:19 +0100] "GET /Site/WGA6Klynikerfaarig?action=print HTTP/1.1" 200 9830 "-" "Mozilla/5.0 (Macintosh; Intel Mac OS X 10.15; rv:103.0) Gecko/20100101 Firefox/103.0"
85.25.177.139 - - [07/Nov/2022:02:22:40 +0100] "GET /Site/WGA6Klynikerfaarig?action=upload HTTP/1.1" 200 8637 "-" "Mozilla/5.0 (Macintosh; Intel Mac OS X 10.15; rv:103.0) Gecko/20100101 Firefox/103.0"
85.25.177.139 - - [07/Nov/2022:02:23:41 +0100] "GET /PodCast/Scheuhnemischt?action=upload HTTP/1.1" 200 8620 "-" "Mozilla/5.0 (Macintosh; Intel Mac OS X 10.15; rv:103.0) Gecko/20100101 Firefox/103.0"
216.244.66.243 - - [07/Nov/2022:02:24:58 +0100] "GET /PmWikiHu/Forum HTTP/1.1" 200 9817 "-" "Mozilla/5.0 (compatible; DotBot/1.2; +https://opensiteexplorer.org/dotbot; help@moz.com)"
85.25.177.139 - - [07/Nov/2022:02:25:10 +0100] "GET /PodCast/Scheuhnemischt?action=print HTTP/1.1" 200 6591 "-" "Mozilla/5.0 (Macintosh; Intel Mac OS X 10.15; rv:103.0) Gecko/20100101 Firefox/103.0"
85.25.177.139 - - [07/Nov/2022:02:26:04 +0100] "GET /PodCast/Scheuhnemischt?action=diff HTTP/1.1" 200 14931 "-" "Mozilla/5.0 (Macintosh; Intel Mac OS X 10.15; rv:103.0) Gecko/20100101 Firefox/103.0"
85.25.177.139 - - [07/Nov/2022:02:27:15 +0100] "GET /PodCast/Scheuhnemischt?action=edit HTTP/1.1" 200 8720 "-" "Mozilla/5.0 (Macintosh; Intel Mac OS X 10.15; rv:103.0) Gecko/20100101 Firefox/103.0"
85.25.177.139 - - [07/Nov/2022:02:27:52 +0100] "GET /Site/182Room1500?action=edit HTTP/1.1" 200 8639 "-" "Mozilla/5.0 (Macintosh; Intel Mac OS X 10.15; rv:103.0) Gecko/20100101 Firefox/103.0"
85.25.177.139 - - [07/Nov/2022:02:28:28 +0100] "GET /PodCast/Eidsprofulaxe?action=edit HTTP/1.1" 200 8706 "-" "Mozilla/5.0 (Macintosh; Intel Mac OS X 10.15; rv:103.0) Gecko/20100101 Firefox/103.0"
85.25.177.139 - - [07/Nov/2022:02:30:34 +0100] "GET /PodCast/StroubiZyt2?action=edit HTTP/1.1" 200 8682 "-" "Mozilla/5.0 (Macintosh; Intel Mac OS X 10.15; rv:103.0) Gecko/20100101 Firefox/103.0"
85.25.177.139 - - [07/Nov/2022:02:32:05 +0100] "GET /Site/182Room1500?action=upload HTTP/1.1" 200 8539 "-" "Mozilla/5.0 (Macintosh; Intel Mac OS X 10.15; rv:103.0) Gecko/20100101 Firefox/103.0"
194.209.200.2 - - [07/Nov/2022:02:32:12 +0100] "GET /robots.txt HTTP/1.1" 200 - "-" "Mozilla/5.0 (compatible; TMMBot/0.2; +http://www.dslab.ch)/Nutch-1.15"
194.209.200.2 - - [07/Nov/2022:02:32:12 +0100] "GET /Admin/Jahresbericht HTTP/1.1" 200 45530 "-" "Mozilla/5.0 (compatible; TMMBot/0.2; +http://www.dslab.ch)/Nutch-1.15"
194.209.200.2 - - [07/Nov/2022:02:32:37 +0100] "GET /Texte/Schrybwys HTTP/1.1" 200 11028 "-" "Mozilla/5.0 (compatible; TMMBot/0.2; +http://www.dslab.ch)/Nutch-1.15"
85.25.177.139 - - [07/Nov/2022:02:33:27 +0100] "GET /Site/182Room1500?action=diff HTTP/1.1" 200 43596 "-" "Mozilla/5.0 (Macintosh; Intel Mac OS X 10.15; rv:103.0) Gecko/20100101 Firefox/103.0"
194.209.200.2 - - [07/Nov/2022:02:33:40 +0100] "GET /Texte/GDicht HTTP/1.1" 200 8050 "-" "Mozilla/5.0 (compatible; TMMBot/0.2; +http://www.dslab.ch)/Nutch-1.15"
85.25.177.139 - - [07/Nov/2022:02:35:30 +0100] "GET /Site/182Room1500?action=print HTTP/1.1" 200 18614 "-" "Mozilla/5.0 (Macintosh; Intel Mac OS X 10.15; rv:103.0) Gecko/20100101 Firefox/103.0"
85.25.177.139 - - [07/Nov/2022:02:38:31 +0100] "GET /PodCast/Eidsprofulaxe?action=diff HTTP/1.1" 200 12938 "-" "Mozilla/5.0 (Macintosh; Intel Mac OS X 10.15; rv:103.0) Gecko/20100101 Firefox/103.0"
85.25.177.139 - - [07/Nov/2022:02:39:15 +0100] "GET /PodCast/Eidsprofulaxe?action=upload HTTP/1.1" 200 8606 "-" "Mozilla/5.0 (Macintosh; Intel Mac OS X 10.15; rv:103.0) Gecko/20100101 Firefox/103.0"
85.25.177.139 - - [07/Nov/2022:02:42:28 +0100] "GET /PodCast/RURAkt1TIl4?action=print HTTP/1.1" 200 19427 "-" "Mozilla/5.0 (Macintosh; Intel Mac OS X 10.15; rv:103.0) Gecko/20100101 Firefox/103.0"
85.25.177.139 - - [07/Nov/2022:02:43:27 +0100] "GET /PodCast/StroubiZyt1?action=print HTTP/1.1" 200 12110 "-" "Mozilla/5.0 (Macintosh; Intel Mac OS X 10.15; rv:103.0) Gecko/20100101 Firefox/103.0"
92.220.10.100 - - [07/Nov/2022:02:43:47 +0100] "GET /robots.txt HTTP/1.1" 200 - "-" "Mozilla/5.0 (compatible; MJ12bot/v1.4.8; http://mj12bot.com/)"
92.220.10.100 - - [07/Nov/2022:02:43:49 +0100] "GET /PodCast/Apsourdistan2 HTTP/1.1" 200 10988 "-" "Mozilla/5.0 (compatible; MJ12bot/v1.4.8; http://mj12bot.com/)"
92.220.10.100 - - [07/Nov/2022:02:43:50 +0100] "GET /PodCast/Apsourdistan2?action=diff HTTP/1.1" 403 18 "-" "Mozilla/5.0 (compatible; MJ12bot/v1.4.8; http://mj12bot.com/)"
92.220.10.100 - - [07/Nov/2022:02:43:52 +0100] "GET /PodCast/Apsourdistan2?action=edit HTTP/1.1" 403 18 "-" "Mozilla/5.0 (compatible; MJ12bot/v1.4.8; http://mj12bot.com/)"
92.220.10.100 - - [07/Nov/2022:02:43:53 +0100] "GET /PodCast/Apsourdistan2?action=print HTTP/1.1" 403 18 "-" "Mozilla/5.0 (compatible; MJ12bot/v1.4.8; http://mj12bot.com/)"
92.220.10.100 - - [07/Nov/2022:02:43:55 +0100] "GET /PodCast/Apsourdistan2?action=upload HTTP/1.1" 403 18 "-" "Mozilla/5.0 (compatible; MJ12bot/v1.4.8; http://mj12bot.com/)"
92.220.10.100 - - [07/Nov/2022:02:43:56 +0100] "GET /PodCast/DryzaateFebrouar2011 HTTP/1.1" 200 8321 "-" "Mozilla/5.0 (compatible; MJ12bot/v1.4.8; http://mj12bot.com/)"
92.220.10.100 - - [07/Nov/2022:02:43:58 +0100] "GET /PodCast/DryzaateFebrouar2011?action=diff HTTP/1.1" 403 18 "-" "Mozilla/5.0 (compatible; MJ12bot/v1.4.8; http://mj12bot.com/)"
92.220.10.100 - - [07/Nov/2022:02:43:59 +0100] "GET /PodCast/DryzaateFebrouar2011?action=edit HTTP/1.1" 403 18 "-" "Mozilla/5.0 (compatible; MJ12bot/v1.4.8; http://mj12bot.com/)"
92.220.10.100 - - [07/Nov/2022:02:44:01 +0100] "GET /PodCast/DryzaateFebrouar2011?action=print HTTP/1.1" 403 18 "-" "Mozilla/5.0 (compatible; MJ12bot/v1.4.8; http://mj12bot.com/)"
92.220.10.100 - - [07/Nov/2022:02:44:03 +0100] "GET /PodCast/DryzaateFebrouar2011?action=upload HTTP/1.1" 403 18 "-" "Mozilla/5.0 (compatible; MJ12bot/v1.4.8; http://mj12bot.com/)"
85.25.177.139 - - [07/Nov/2022:02:44:04 +0100] "GET /PodCast/Eidsprofulaxe?action=print HTTP/1.1" 200 2833 "-" "Mozilla/5.0 (Macintosh; Intel Mac OS X 10.15; rv:103.0) Gecko/20100101 Firefox/103.0"
92.220.10.100 - - [07/Nov/2022:02:44:04 +0100] "GET /PodCast/IndexPage?action=rss HTTP/1.1" 200 6298 "-" "Mozilla/5.0 (compatible; MJ12bot/v1.4.8; http://mj12bot.com/)"
92.220.10.100 - - [07/Nov/2022:02:44:05 +0100] "GET /PodCast/JBJ702 HTTP/1.1" 200 22843 "-" "Mozilla/5.0 (compatible; MJ12bot/v1.4.8; http://mj12bot.com/)"
92.220.10.100 - - [07/Nov/2022:02:44:07 +0100] "GET /PodCast/JBJ702?action=diff HTTP/1.1" 403 18 "-" "Mozilla/5.0 (compatible; MJ12bot/v1.4.8; http://mj12bot.com/)"
92.220.10.100 - - [07/Nov/2022:02:44:08 +0100] "GET /PodCast/JBJ702?action=edit HTTP/1.1" 403 18 "-" "Mozilla/5.0 (compatible; MJ12bot/v1.4.8; http://mj12bot.com/)"
92.220.10.100 - - [07/Nov/2022:02:44:10 +0100] "GET /PodCast/JBJ702?action=print HTTP/1.1" 403 18 "-" "Mozilla/5.0 (compatible; MJ12bot/v1.4.8; http://mj12bot.com/)"
92.220.10.100 - - [07/Nov/2022:02:44:11 +0100] "GET /PodCast/JBJ702?action=upload HTTP/1.1" 403 18 "-" "Mozilla/5.0 (compatible; MJ12bot/v1.4.8; http://mj12bot.com/)"
92.220.10.100 - - [07/Nov/2022:02:44:13 +0100] "GET /PodCast/JBJInhaltsverzaichnis HTTP/1.1" 200 12203 "-" "Mozilla/5.0 (compatible; MJ12bot/v1.4.8; http://mj12bot.com/)"
92.220.10.100 - - [07/Nov/2022:02:44:14 +0100] "GET /PodCast/JBJInhaltsverzaichnis?action=diff HTTP/1.1" 403 18 "-" "Mozilla/5.0 (compatible; MJ12bot/v1.4.8; http://mj12bot.com/)"
92.220.10.100 - - [07/Nov/2022:02:44:16 +0100] "GET /PodCast/JBJInhaltsverzaichnis?action=edit HTTP/1.1" 403 18 "-" "Mozilla/5.0 (compatible; MJ12bot/v1.4.8; http://mj12bot.com/)"
92.220.10.100 - - [07/Nov/2022:02:44:17 +0100] "GET /PodCast/JBJInhaltsverzaichnis?action=print HTTP/1.1" 403 18 "-" "Mozilla/5.0 (compatible; MJ12bot/v1.4.8; http://mj12bot.com/)"
92.220.10.100 - - [07/Nov/2022:02:44:19 +0100] "GET /PodCast/JBJInhaltsverzaichnis?action=upload HTTP/1.1" 403 18 "-" "Mozilla/5.0 (compatible; MJ12bot/v1.4.8; http://mj12bot.com/)"
92.220.10.100 - - [07/Nov/2022:02:44:21 +0100] "GET /PodCast/JBJKap1 HTTP/1.1" 200 21037 "-" "Mozilla/5.0 (compatible; MJ12bot/v1.4.8; http://mj12bot.com/)"
92.220.10.100 - - [07/Nov/2022:02:44:22 +0100] "GET /PodCast/JBJKap1?action=diff HTTP/1.1" 403 18 "-" "Mozilla/5.0 (compatible; MJ12bot/v1.4.8; http://mj12bot.com/)"
92.220.10.100 - - [07/Nov/2022:02:44:24 +0100] "GET /PodCast/JBJKap1?action=edit HTTP/1.1" 403 18 "-" "Mozilla/5.0 (compatible; MJ12bot/v1.4.8; http://mj12bot.com/)"
92.220.10.100 - - [07/Nov/2022:02:44:25 +0100] "GET /PodCast/JBJKap1?action=print HTTP/1.1" 403 18 "-" "Mozilla/5.0 (compatible; MJ12bot/v1.4.8; http://mj12bot.com/)"
92.220.10.100 - - [07/Nov/2022:02:44:27 +0100] "GET /PodCast/JBJKap1?action=upload HTTP/1.1" 403 18 "-" "Mozilla/5.0 (compatible; MJ12bot/v1.4.8; http://mj12bot.com/)"
92.220.10.100 - - [07/Nov/2022:02:44:28 +0100] "GET /PodCast/JBJNaawort HTTP/1.1" 200 17472 "-" "Mozilla/5.0 (compatible; MJ12bot/v1.4.8; http://mj12bot.com/)"
92.220.10.100 - - [07/Nov/2022:02:44:30 +0100] "GET /PodCast/JBJNaawort?action=diff HTTP/1.1" 403 18 "-" "Mozilla/5.0 (compatible; MJ12bot/v1.4.8; http://mj12bot.com/)"
92.220.10.100 - - [07/Nov/2022:02:44:31 +0100] "GET /PodCast/JBJNaawort?action=edit HTTP/1.1" 403 18 "-" "Mozilla/5.0 (compatible; MJ12bot/v1.4.8; http://mj12bot.com/)"
92.220.10.100 - - [07/Nov/2022:02:44:33 +0100] "GET /PodCast/JBJNaawort?action=print HTTP/1.1" 403 18 "-" "Mozilla/5.0 (compatible; MJ12bot/v1.4.8; http://mj12bot.com/)"
92.220.10.100 - - [07/Nov/2022:02:44:34 +0100] "GET /PodCast/JBJNaawort?action=upload HTTP/1.1" 403 18 "-" "Mozilla/5.0 (compatible; MJ12bot/v1.4.8; http://mj12bot.com/)"
92.220.10.100 - - [07/Nov/2022:02:44:36 +0100] "GET /PodCast/Kounschtrandite HTTP/1.1" 200 13143 "-" "Mozilla/5.0 (compatible; MJ12bot/v1.4.8; http://mj12bot.com/)"
92.220.10.100 - - [07/Nov/2022:02:44:37 +0100] "GET /PodCast/Kounschtrandite?action=diff HTTP/1.1" 403 18 "-" "Mozilla/5.0 (compatible; MJ12bot/v1.4.8; http://mj12bot.com/)"
92.220.10.100 - - [07/Nov/2022:02:44:39 +0100] "GET /PodCast/Kounschtrandite?action=edit HTTP/1.1" 403 18 "-" "Mozilla/5.0 (compatible; MJ12bot/v1.4.8; http://mj12bot.com/)"
92.220.10.100 - - [07/Nov/2022:02:44:40 +0100] "GET /PodCast/Kounschtrandite?action=print HTTP/1.1" 403 18 "-" "Mozilla/5.0 (compatible; MJ12bot/v1.4.8; http://mj12bot.com/)"
92.220.10.100 - - [07/Nov/2022:02:44:42 +0100] "GET /PodCast/Kounschtrandite?action=upload HTTP/1.1" 403 18 "-" "Mozilla/5.0 (compatible; MJ12bot/v1.4.8; http://mj12bot.com/)"
92.220.10.100 - - [07/Nov/2022:02:44:43 +0100] "GET /PodCast/Lacheteuhdt HTTP/1.1" 200 8479 "-" "Mozilla/5.0 (compatible; MJ12bot/v1.4.8; http://mj12bot.com/)"
92.220.10.100 - - [07/Nov/2022:02:44:45 +0100] "GET /PodCast/Lacheteuhdt?action=diff HTTP/1.1" 403 18 "-" "Mozilla/5.0 (compatible; MJ12bot/v1.4.8; http://mj12bot.com/)"
92.220.10.100 - - [07/Nov/2022:02:44:46 +0100] "GET /PodCast/Lacheteuhdt?action=edit HTTP/1.1" 403 18 "-" "Mozilla/5.0 (compatible; MJ12bot/v1.4.8; http://mj12bot.com/)"
92.220.10.100 - - [07/Nov/2022:02:44:48 +0100] "GET /PodCast/Lacheteuhdt?action=print HTTP/1.1" 403 18 "-" "Mozilla/5.0 (compatible; MJ12bot/v1.4.8; http://mj12bot.com/)"
92.220.10.100 - - [07/Nov/2022:02:44:49 +0100] "GET /PodCast/Lacheteuhdt?action=upload HTTP/1.1" 403 18 "-" "Mozilla/5.0 (compatible; MJ12bot/v1.4.8; http://mj12bot.com/)"
92.220.10.100 - - [07/Nov/2022:02:44:51 +0100] "GET /PodCast/Leerplaan HTTP/1.1" 200 11636 "-" "Mozilla/5.0 (compatible; MJ12bot/v1.4.8; http://mj12bot.com/)"
92.220.10.100 - - [07/Nov/2022:02:44:53 +0100] "GET /PodCast/Leerplaan?action=diff HTTP/1.1" 403 18 "-" "Mozilla/5.0 (compatible; MJ12bot/v1.4.8; http://mj12bot.com/)"
92.220.10.100 - - [07/Nov/2022:02:44:54 +0100] "GET /PodCast/Leerplaan?action=edit HTTP/1.1" 403 18 "-" "Mozilla/5.0 (compatible; MJ12bot/v1.4.8; http://mj12bot.com/)"
92.220.10.100 - - [07/Nov/2022:02:44:55 +0100] "GET /PodCast/Leerplaan?action=print HTTP/1.1" 403 18 "-" "Mozilla/5.0 (compatible; MJ12bot/v1.4.8; http://mj12bot.com/)"
92.220.10.100 - - [07/Nov/2022:02:44:57 +0100] "GET /PodCast/Leerplaan?action=upload HTTP/1.1" 403 18 "-" "Mozilla/5.0 (compatible; MJ12bot/v1.4.8; http://mj12bot.com/)"
92.220.10.100 - - [07/Nov/2022:02:44:58 +0100] "GET /PodCast/Liebhaber1 HTTP/1.1" 200 9854 "-" "Mozilla/5.0 (compatible; MJ12bot/v1.4.8; http://mj12bot.com/)"
92.220.10.100 - - [07/Nov/2022:02:45:00 +0100] "GET /PodCast/Liebhaber1?action=diff HTTP/1.1" 403 18 "-" "Mozilla/5.0 (compatible; MJ12bot/v1.4.8; http://mj12bot.com/)"
92.220.10.100 - - [07/Nov/2022:02:45:01 +0100] "GET /PodCast/Liebhaber1?action=print HTTP/1.1" 403 18 "-" "Mozilla/5.0 (compatible; MJ12bot/v1.4.8; http://mj12bot.com/)"
92.220.10.100 - - [07/Nov/2022:02:45:03 +0100] "GET /PodCast/Liebhaber1?action=upload HTTP/1.1" 403 18 "-" "Mozilla/5.0 (compatible; MJ12bot/v1.4.8; http://mj12bot.com/)"
92.220.10.100 - - [07/Nov/2022:02:45:04 +0100] "GET /PodCast/Limerick36B HTTP/1.1" 200 8174 "-" "Mozilla/5.0 (compatible; MJ12bot/v1.4.8; http://mj12bot.com/)"
92.220.10.100 - - [07/Nov/2022:02:45:06 +0100] "GET /PodCast/Limerick36B?action=diff HTTP/1.1" 403 18 "-" "Mozilla/5.0 (compatible; MJ12bot/v1.4.8; http://mj12bot.com/)"
92.220.10.100 - - [07/Nov/2022:02:45:07 +0100] "GET /PodCast/Limerick36B?action=edit HTTP/1.1" 403 18 "-" "Mozilla/5.0 (compatible; MJ12bot/v1.4.8; http://mj12bot.com/)"
92.220.10.100 - - [07/Nov/2022:02:45:09 +0100] "GET /PodCast/Limerick36B?action=print HTTP/1.1" 403 18 "-" "Mozilla/5.0 (compatible; MJ12bot/v1.4.8; http://mj12bot.com/)"
92.220.10.100 - - [07/Nov/2022:02:45:10 +0100] "GET /PodCast/Limerick36B?action=upload HTTP/1.1" 403 18 "-" "Mozilla/5.0 (compatible; MJ12bot/v1.4.8; http://mj12bot.com/)"
92.220.10.100 - - [07/Nov/2022:02:45:12 +0100] "GET /PodCast/Lydja HTTP/1.1" 200 9714 "-" "Mozilla/5.0 (compatible; MJ12bot/v1.4.8; http://mj12bot.com/)"
92.220.10.100 - - [07/Nov/2022:02:45:13 +0100] "GET /PodCast/Lydja?action=diff HTTP/1.1" 403 18 "-" "Mozilla/5.0 (compatible; MJ12bot/v1.4.8; http://mj12bot.com/)"
92.220.10.100 - - [07/Nov/2022:02:45:15 +0100] "GET /PodCast/Lydja?action=edit HTTP/1.1" 403 18 "-" "Mozilla/5.0 (compatible; MJ12bot/v1.4.8; http://mj12bot.com/)"
92.220.10.100 - - [07/Nov/2022:02:45:16 +0100] "GET /PodCast/Lydja?action=print HTTP/1.1" 403 18 "-" "Mozilla/5.0 (compatible; MJ12bot/v1.4.8; http://mj12bot.com/)"
92.220.10.100 - - [07/Nov/2022:02:45:18 +0100] "GET /PodCast/Lydja?action=upload HTTP/1.1" 403 18 "-" "Mozilla/5.0 (compatible; MJ12bot/v1.4.8; http://mj12bot.com/)"
92.220.10.100 - - [07/Nov/2022:02:45:20 +0100] "GET /PodCast/PrSidNtewaal HTTP/1.1" 200 8763 "-" "Mozilla/5.0 (compatible; MJ12bot/v1.4.8; http://mj12bot.com/)"
92.220.10.100 - - [07/Nov/2022:02:45:21 +0100] "GET /PodCast/PrSidNtewaal?action=diff HTTP/1.1" 403 18 "-" "Mozilla/5.0 (compatible; MJ12bot/v1.4.8; http://mj12bot.com/)"
92.220.10.100 - - [07/Nov/2022:02:45:23 +0100] "GET /PodCast/PrSidNtewaal?action=edit HTTP/1.1" 403 18 "-" "Mozilla/5.0 (compatible; MJ12bot/v1.4.8; http://mj12bot.com/)"
92.220.10.100 - - [07/Nov/2022:02:45:24 +0100] "GET /PodCast/PrSidNtewaal?action=print HTTP/1.1" 403 18 "-" "Mozilla/5.0 (compatible; MJ12bot/v1.4.8; http://mj12bot.com/)"
92.220.10.100 - - [07/Nov/2022:02:45:26 +0100] "GET /PodCast/PrSidNtewaal?action=upload HTTP/1.1" 403 18 "-" "Mozilla/5.0 (compatible; MJ12bot/v1.4.8; http://mj12bot.com/)"
92.220.10.100 - - [07/Nov/2022:02:45:27 +0100] "GET /PodCast/Prometheus HTTP/1.1" 200 12520 "-" "Mozilla/5.0 (compatible; MJ12bot/v1.4.8; http://mj12bot.com/)"
92.220.10.100 - - [07/Nov/2022:02:45:29 +0100] "GET /PodCast/Prometheus?action=diff HTTP/1.1" 403 18 "-" "Mozilla/5.0 (compatible; MJ12bot/v1.4.8; http://mj12bot.com/)"
92.220.10.100 - - [07/Nov/2022:02:45:30 +0100] "GET /PodCast/Prometheus?action=edit HTTP/1.1" 403 18 "-" "Mozilla/5.0 (compatible; MJ12bot/v1.4.8; http://mj12bot.com/)"
92.220.10.100 - - [07/Nov/2022:02:45:32 +0100] "GET /PodCast/Prometheus?action=print HTTP/1.1" 403 18 "-" "Mozilla/5.0 (compatible; MJ12bot/v1.4.8; http://mj12bot.com/)"
92.220.10.100 - - [07/Nov/2022:02:45:33 +0100] "GET /PodCast/Prometheus?action=upload HTTP/1.1" 403 18 "-" "Mozilla/5.0 (compatible; MJ12bot/v1.4.8; http://mj12bot.com/)"
92.220.10.100 - - [07/Nov/2022:02:45:35 +0100] "GET /PodCast/Quaalewaal HTTP/1.1" 200 8939 "-" "Mozilla/5.0 (compatible; MJ12bot/v1.4.8; http://mj12bot.com/)"
92.220.10.100 - - [07/Nov/2022:02:45:36 +0100] "GET /PodCast/Quaalewaal?action=diff HTTP/1.1" 403 18 "-" "Mozilla/5.0 (compatible; MJ12bot/v1.4.8; http://mj12bot.com/)"
92.220.10.100 - - [07/Nov/2022:02:45:38 +0100] "GET /PodCast/Quaalewaal?action=edit HTTP/1.1" 403 18 "-" "Mozilla/5.0 (compatible; MJ12bot/v1.4.8; http://mj12bot.com/)"
92.220.10.100 - - [07/Nov/2022:02:45:40 +0100] "GET /PodCast/Quaalewaal?action=print HTTP/1.1" 403 18 "-" "Mozilla/5.0 (compatible; MJ12bot/v1.4.8; http://mj12bot.com/)"
92.220.10.100 - - [07/Nov/2022:02:45:41 +0100] "GET /PodCast/Quaalewaal?action=upload HTTP/1.1" 403 18 "-" "Mozilla/5.0 (compatible; MJ12bot/v1.4.8; http://mj12bot.com/)"
92.220.10.100 - - [07/Nov/2022:02:45:43 +0100] "GET /PodCast/REZTheLightBetweenOceans HTTP/1.1" 200 10126 "-" "Mozilla/5.0 (compatible; MJ12bot/v1.4.8; http://mj12bot.com/)"
92.220.10.100 - - [07/Nov/2022:02:45:44 +0100] "GET /PodCast/REZTheLightBetweenOceans?action=diff HTTP/1.1" 403 18 "-" "Mozilla/5.0 (compatible; MJ12bot/v1.4.8; http://mj12bot.com/)"
92.220.10.100 - - [07/Nov/2022:02:45:46 +0100] "GET /PodCast/REZTheLightBetweenOceans?action=edit HTTP/1.1" 403 18 "-" "Mozilla/5.0 (compatible; MJ12bot/v1.4.8; http://mj12bot.com/)"
