154.54.249.195 - - [14/Aug/2022:06:11:16 +0200] "GET /PmWiki/SkinTemplates?action=diff&source=y&minor=n HTTP/1.1" 200 9265 "-" "Mozilla/5.0 (compatible; Barkrowler/0.9; +https://babbar.tech/crawler)"
154.54.249.195 - - [14/Aug/2022:06:11:31 +0200] "GET /PmWiki/UploadVariables?action=diff&source=y&minor=n HTTP/1.1" 200 9297 "-" "Mozilla/5.0 (compatible; Barkrowler/0.9; +https://babbar.tech/crawler)"
194.209.200.2 - - [14/Aug/2022:06:11:36 +0200] "GET /Texte/Styluebige HTTP/1.1" 200 9998 "-" "Mozilla/5.0 (compatible; TMMBot/0.2; +http://www.dslab.ch)/Nutch-1.15"
154.54.249.195 - - [14/Aug/2022:06:11:46 +0200] "GET /PmWiki/EnablePathInfoInLayoutVariables?action=edit HTTP/1.1" 200 8954 "-" "Mozilla/5.0 (compatible; Barkrowler/0.9; +https://babbar.tech/crawler)"
154.54.249.195 - - [14/Aug/2022:06:12:01 +0200] "GET /PmWiki/EnablePathInfoInLayoutVariables?action=diff HTTP/1.1" 200 9563 "-" "Mozilla/5.0 (compatible; Barkrowler/0.9; +https://babbar.tech/crawler)"
154.54.249.195 - - [14/Aug/2022:06:12:16 +0200] "GET /PmWiki/EnablePathInfoInLayoutVariables?action=print HTTP/1.1" 404 2483 "-" "Mozilla/5.0 (compatible; Barkrowler/0.9; +https://babbar.tech/crawler)"
154.54.249.195 - - [14/Aug/2022:06:12:32 +0200] "GET /PmWiki/PathVariables?action=diff&source=y&minor=y HTTP/1.1" 200 9267 "-" "Mozilla/5.0 (compatible; Barkrowler/0.9; +https://babbar.tech/crawler)"
154.54.249.195 - - [14/Aug/2022:06:12:47 +0200] "GET /PmWikiFr/UpgradingFromPmWiki1?action=diff HTTP/1.1" 200 9798 "-" "Mozilla/5.0 (compatible; Barkrowler/0.9; +https://babbar.tech/crawler)"
194.209.200.2 - - [14/Aug/2022:06:12:47 +0200] "GET /Texte/Gloosse HTTP/1.1" 200 8061 "-" "Mozilla/5.0 (compatible; TMMBot/0.2; +http://www.dslab.ch)/Nutch-1.15"
154.54.249.195 - - [14/Aug/2022:06:13:02 +0200] "GET /PmWikiFr/XLPage?action=diff&source=y&minor=y HTTP/1.1" 200 9568 "-" "Mozilla/5.0 (compatible; Barkrowler/0.9; +https://babbar.tech/crawler)"
154.54.249.195 - - [14/Aug/2022:06:13:17 +0200] "GET /PmWikiFr/WikiStyles?action=diff&source=y&minor=y HTTP/1.1" 200 9632 "-" "Mozilla/5.0 (compatible; Barkrowler/0.9; +https://babbar.tech/crawler)"
154.54.249.195 - - [14/Aug/2022:06:13:32 +0200] "GET /PmWikiFr/WikiWords?action=diff&source=y&minor=y HTTP/1.1" 200 9616 "-" "Mozilla/5.0 (compatible; Barkrowler/0.9; +https://babbar.tech/crawler)"
194.209.200.2 - - [14/Aug/2022:06:13:36 +0200] "GET /Admin/Pro-ZurituutschStatuten HTTP/1.1" 200 9580 "-" "Mozilla/5.0 (compatible; TMMBot/0.2; +http://www.dslab.ch)/Nutch-1.15"
154.54.249.195 - - [14/Aug/2022:06:13:48 +0200] "GET /robots.txt HTTP/1.1" 200 - "-" "Mozilla/5.0 (compatible; Barkrowler/0.9; +https://babbar.tech/crawler)"
154.54.249.195 - - [14/Aug/2022:06:14:03 +0200] "GET /PmWikiFr/PmWiki?action=diff&source=y&minor=y HTTP/1.1" 200 9568 "-" "Mozilla/5.0 (compatible; Barkrowler/0.9; +https://babbar.tech/crawler)"
154.54.249.195 - - [14/Aug/2022:06:14:18 +0200] "GET /PmWikiFr/RefCount?action=diff&source=y&minor=y HTTP/1.1" 200 9622 "-" "Mozilla/5.0 (compatible; Barkrowler/0.9; +https://babbar.tech/crawler)"
154.54.249.195 - - [14/Aug/2022:06:14:34 +0200] "GET /PmWikiFr/WebFeeds?action=diff&source=y&minor=n HTTP/1.1" 200 9598 "-" "Mozilla/5.0 (compatible; Barkrowler/0.9; +https://babbar.tech/crawler)"
154.54.249.195 - - [14/Aug/2022:06:14:51 +0200] "GET /PmWikiFr/StylesWiki?action=diff&source=y&minor=y HTTP/1.1" 200 9632 "-" "Mozilla/5.0 (compatible; Barkrowler/0.9; +https://babbar.tech/crawler)"
154.54.249.195 - - [14/Aug/2022:06:15:06 +0200] "GET /PmWikiFr/Audiences?action=diff&source=y&minor=y HTTP/1.1" 200 9614 "-" "Mozilla/5.0 (compatible; Barkrowler/0.9; +https://babbar.tech/crawler)"
185.191.171.6 - - [14/Aug/2022:06:15:08 +0200] "GET /PmWikiFr/SkinTemplates HTTP/1.1" 200 18218 "-" "Mozilla/5.0 (compatible; SemrushBot/7~bl; +http://www.semrush.com/bot.html)"
154.54.249.195 - - [14/Aug/2022:06:15:21 +0200] "GET /PmWikiFr/Terminologie?action=diff&source=y&minor=y HTTP/1.1" 200 9662 "-" "Mozilla/5.0 (compatible; Barkrowler/0.9; +https://babbar.tech/crawler)"
185.191.171.14 - - [14/Aug/2022:06:15:24 +0200] "GET /PmWikiFr/IndexDocAdmin?action=upload HTTP/1.1" 403 18 "-" "Mozilla/5.0 (compatible; SemrushBot/7~bl; +http://www.semrush.com/bot.html)"
154.54.249.195 - - [14/Aug/2022:06:15:37 +0200] "GET /PmWikiFr/DocModules?action=diff&source=y&minor=y HTTP/1.1" 200 9632 "-" "Mozilla/5.0 (compatible; Barkrowler/0.9; +https://babbar.tech/crawler)"
154.54.249.195 - - [14/Aug/2022:06:15:52 +0200] "GET /PmWikiFr/DocModules?action=diff&source=y&minor=n HTTP/1.1" 200 9630 "-" "Mozilla/5.0 (compatible; Barkrowler/0.9; +https://babbar.tech/crawler)"
154.54.249.195 - - [14/Aug/2022:06:16:08 +0200] "GET /PmWikiFr/Recherche?action=diff&source=y&minor=y HTTP/1.1" 200 9614 "-" "Mozilla/5.0 (compatible; Barkrowler/0.9; +https://babbar.tech/crawler)"
154.54.249.195 - - [14/Aug/2022:06:16:23 +0200] "GET /PmWikiFr/ChangeLog?action=diff&source=y&minor=y HTTP/1.1" 200 9616 "-" "Mozilla/5.0 (compatible; Barkrowler/0.9; +https://babbar.tech/crawler)"
154.54.249.195 - - [14/Aug/2022:06:16:38 +0200] "GET /PmWikiFr/GroupesWiki?action=diff&source=y&minor=y HTTP/1.1" 200 9648 "-" "Mozilla/5.0 (compatible; Barkrowler/0.9; +https://babbar.tech/crawler)"
154.54.249.195 - - [14/Aug/2022:06:16:54 +0200] "GET /PmWikiFr/DesignNotes?action=diff&source=y&minor=y HTTP/1.1" 200 9686 "-" "Mozilla/5.0 (compatible; Barkrowler/0.9; +https://babbar.tech/crawler)"
154.54.249.195 - - [14/Aug/2022:06:17:15 +0200] "GET /PmWikiFr/LayoutBasics?action=diff&source=y&minor=y HTTP/1.1" 200 9690 "-" "Mozilla/5.0 (compatible; Barkrowler/0.9; +https://babbar.tech/crawler)"
154.54.249.195 - - [14/Aug/2022:06:17:30 +0200] "GET /PmWikiFr/AccessKeys?action=diff&source=y&minor=y HTTP/1.1" 200 9632 "-" "Mozilla/5.0 (compatible; Barkrowler/0.9; +https://babbar.tech/crawler)"
154.54.249.195 - - [14/Aug/2022:06:17:45 +0200] "GET /PmWikiFr/Skins?action=diff&source=y&minor=y HTTP/1.1" 200 9552 "-" "Mozilla/5.0 (compatible; Barkrowler/0.9; +https://babbar.tech/crawler)"
154.54.249.195 - - [14/Aug/2022:06:18:01 +0200] "GET /PmWikiFr/AuthorTracking?action=diff&source=y&minor=y HTTP/1.1" 200 9694 "-" "Mozilla/5.0 (compatible; Barkrowler/0.9; +https://babbar.tech/crawler)"
154.54.249.195 - - [14/Aug/2022:06:18:16 +0200] "GET /robots.txt HTTP/1.1" 200 - "-" "Mozilla/5.0 (compatible; Barkrowler/0.9; +https://babbar.tech/crawler)"
154.54.249.195 - - [14/Aug/2022:06:18:31 +0200] "GET /PmWikiFr/Functions?action=diff&source=y&minor=y HTTP/1.1" 200 9614 "-" "Mozilla/5.0 (compatible; Barkrowler/0.9; +https://babbar.tech/crawler)"
154.54.249.195 - - [14/Aug/2022:06:18:47 +0200] "GET /PmWikiFr/Functions?action=diff&source=y&minor=n HTTP/1.1" 200 9612 "-" "Mozilla/5.0 (compatible; Barkrowler/0.9; +https://babbar.tech/crawler)"
154.54.249.195 - - [14/Aug/2022:06:19:02 +0200] "GET /PmWikiFr/ReleaseNotes?action=diff&source=y&minor=y HTTP/1.1" 200 9672 "-" "Mozilla/5.0 (compatible; Barkrowler/0.9; +https://babbar.tech/crawler)"
154.54.249.195 - - [14/Aug/2022:06:19:19 +0200] "GET /PmWikiFr/Passwords?action=diff&source=y&minor=y HTTP/1.1" 200 9622 "-" "Mozilla/5.0 (compatible; Barkrowler/0.9; +https://babbar.tech/crawler)"
154.54.249.195 - - [14/Aug/2022:06:19:34 +0200] "GET /PmWikiFr/ModificationDeLaMiseEnPage?action=edit HTTP/1.1" 200 9293 "-" "Mozilla/5.0 (compatible; Barkrowler/0.9; +https://babbar.tech/crawler)"
154.54.249.195 - - [14/Aug/2022:06:19:49 +0200] "GET /PmWiki/GoodStyle?action=diff&source=y&minor=y HTTP/1.1" 200 9203 "-" "Mozilla/5.0 (compatible; Barkrowler/0.9; +https://babbar.tech/crawler)"
154.54.249.195 - - [14/Aug/2022:06:20:05 +0200] "GET /PmWikiIt/AuthorTracking?action=diff&source=y&minor=y HTTP/1.1" 200 9316 "-" "Mozilla/5.0 (compatible; Barkrowler/0.9; +https://babbar.tech/crawler)"
154.54.249.195 - - [14/Aug/2022:06:20:20 +0200] "GET /PmWikiIt/WikiTrails?action=diff&source=y&minor=y HTTP/1.1" 200 9252 "-" "Mozilla/5.0 (compatible; Barkrowler/0.9; +https://babbar.tech/crawler)"
154.54.249.195 - - [14/Aug/2022:06:20:35 +0200] "GET /PmWikiIt/BasicEditing?action=diff&source=y&minor=y HTTP/1.1" 200 9284 "-" "Mozilla/5.0 (compatible; Barkrowler/0.9; +https://babbar.tech/crawler)"
154.54.249.195 - - [14/Aug/2022:06:20:51 +0200] "GET /PodCast/JBJ601?action=diff&source=y&minor=y HTTP/1.1" 200 31909 "-" "Mozilla/5.0 (compatible; Barkrowler/0.9; +https://babbar.tech/crawler)"
154.54.249.195 - - [14/Aug/2022:06:21:08 +0200] "GET /PodCast/REZipesciNonChiudonoGliocchi HTTP/1.1" 200 9469 "-" "Mozilla/5.0 (compatible; Barkrowler/0.9; +https://babbar.tech/crawler)"
154.54.249.195 - - [14/Aug/2022:06:21:23 +0200] "GET /PodCast/Boundeswaal?action=diff&source=n&minor=y HTTP/1.1" 200 16263 "-" "Mozilla/5.0 (compatible; Barkrowler/0.9; +https://babbar.tech/crawler)"
154.54.249.195 - - [14/Aug/2022:06:21:42 +0200] "GET /PodCast/Boundeswaal?action=diff&source=y&minor=n HTTP/1.1" 200 15245 "-" "Mozilla/5.0 (compatible; Barkrowler/0.9; +https://babbar.tech/crawler)"
154.54.249.195 - - [14/Aug/2022:06:21:57 +0200] "GET /PodCast/SprAntBea?action=diff&source=y&minor=y HTTP/1.1" 200 15149 "-" "Mozilla/5.0 (compatible; Barkrowler/0.9; +https://babbar.tech/crawler)"
114.119.140.87 - - [14/Aug/2022:06:22:05 +0200] "GET /PmWikiRu/IncludeOtherPages?action=upload HTTP/1.1" 403 18 "http://www.pro-zurituutsch.ch/PmWikiRu/IncludeOtherPages" "Mozilla/5.0 (Linux; Android 7.0;) AppleWebKit/537.36 (KHTML, like Gecko) Mobile Safari/537.36 (compatible; PetalBot;+https://webmaster.petalsearch.com/site/petalbot)"
154.54.249.195 - - [14/Aug/2022:06:22:16 +0200] "GET /PodCast/SprAllerhand?action=diff&source=y&minor=y HTTP/1.1" 200 9267 "-" "Mozilla/5.0 (compatible; Barkrowler/0.9; +https://babbar.tech/crawler)"
154.54.249.195 - - [14/Aug/2022:06:22:32 +0200] "GET /PodCast/Limerick31?action=diff&source=y&minor=y HTTP/1.1" 200 12008 "-" "Mozilla/5.0 (compatible; Barkrowler/0.9; +https://babbar.tech/crawler)"
154.54.249.195 - - [14/Aug/2022:06:22:47 +0200] "GET /robots.txt HTTP/1.1" 200 - "-" "Mozilla/5.0 (compatible; Barkrowler/0.9; +https://babbar.tech/crawler)"
154.54.249.195 - - [14/Aug/2022:06:23:02 +0200] "GET /PodCast/Limerick30?action=diff&source=y&minor=y HTTP/1.1" 200 12047 "-" "Mozilla/5.0 (compatible; Barkrowler/0.9; +https://babbar.tech/crawler)"
154.54.249.195 - - [14/Aug/2022:06:23:17 +0200] "GET /PodCast/Limerick34?action=diff&source=n&minor=y HTTP/1.1" 200 9878 "-" "Mozilla/5.0 (compatible; Barkrowler/0.9; +https://babbar.tech/crawler)"
154.54.249.195 - - [14/Aug/2022:06:23:34 +0200] "GET /PodCast/Limerick34?action=diff&source=y&minor=n HTTP/1.1" 200 9791 "-" "Mozilla/5.0 (compatible; Barkrowler/0.9; +https://babbar.tech/crawler)"
154.54.249.195 - - [14/Aug/2022:06:23:50 +0200] "GET /PodCast/Limerick29?action=diff&source=y&minor=y HTTP/1.1" 200 13599 "-" "Mozilla/5.0 (compatible; Barkrowler/0.9; +https://babbar.tech/crawler)"
154.54.249.195 - - [14/Aug/2022:06:24:08 +0200] "GET /Profiles/AlfredDupond?action=diff&source=y&minor=y HTTP/1.1" 200 9282 "-" "Mozilla/5.0 (compatible; Barkrowler/0.9; +https://babbar.tech/crawler)"
154.54.249.195 - - [14/Aug/2022:06:24:24 +0200] "GET /Profiles/DidierLebrun?action=diff&source=y&minor=n HTTP/1.1" 200 9280 "-" "Mozilla/5.0 (compatible; Barkrowler/0.9; +https://babbar.tech/crawler)"
154.54.249.195 - - [14/Aug/2022:06:24:41 +0200] "GET /PmWiki/MailingLists?action=diff&source=n&minor=y HTTP/1.1" 200 9259 "-" "Mozilla/5.0 (compatible; Barkrowler/0.9; +https://babbar.tech/crawler)"
154.54.249.195 - - [14/Aug/2022:06:24:56 +0200] "GET /PmWiki/MailingLists?action=diff&source=y&minor=n HTTP/1.1" 200 9249 "-" "Mozilla/5.0 (compatible; Barkrowler/0.9; +https://babbar.tech/crawler)"
154.54.249.195 - - [14/Aug/2022:06:25:12 +0200] "GET /PmWikiPtBr/FAQ?action=diff&source=y&minor=n HTTP/1.1" 200 8330 "-" "Mozilla/5.0 (compatible; Barkrowler/0.9; +https://babbar.tech/crawler)"
114.119.147.129 - - [14/Aug/2022:06:25:23 +0200] "GET /robots.txt HTTP/1.1" 200 - "-" "Mozilla/5.0 (compatible;PetalBot;+https://webmaster.petalsearch.com/site/petalbot)"
154.54.249.195 - - [14/Aug/2022:06:25:27 +0200] "GET /PmWikiRu/WikiGroup?from=PmWikiRu.WikiGroups HTTP/1.1" 200 20211 "-" "Mozilla/5.0 (compatible; Barkrowler/0.9; +https://babbar.tech/crawler)"
154.54.249.195 - - [14/Aug/2022:06:25:42 +0200] "GET /PmWikiRu/DocumentationIndex?action=diff&source=n&minor=y HTTP/1.1" 200 9946 "-" "Mozilla/5.0 (compatible; Barkrowler/0.9; +https://babbar.tech/crawler)"
154.54.249.195 - - [14/Aug/2022:06:25:57 +0200] "GET /PmWikiRu/PageLists?action=diff&source=y&minor=n HTTP/1.1" 200 9816 "-" "Mozilla/5.0 (compatible; Barkrowler/0.9; +https://babbar.tech/crawler)"
154.54.249.195 - - [14/Aug/2022:06:26:19 +0200] "GET /PmWikiJa/RequireAuthor?action=diff&source=n&minor=y HTTP/1.1" 200 9308 "-" "Mozilla/5.0 (compatible; Barkrowler/0.9; +https://babbar.tech/crawler)"
154.54.249.195 - - [14/Aug/2022:06:26:34 +0200] "GET /PmWikiJa/ToDo?action=diff&source=n&minor=y HTTP/1.1" 200 9164 "-" "Mozilla/5.0 (compatible; Barkrowler/0.9; +https://babbar.tech/crawler)"
154.54.249.195 - - [14/Aug/2022:06:26:49 +0200] "GET /PmWikiJa/MyPmWiki?action=diff&source=n&minor=y HTTP/1.1" 200 9230 "-" "Mozilla/5.0 (compatible; Barkrowler/0.9; +https://babbar.tech/crawler)"
154.54.249.195 - - [14/Aug/2022:06:27:05 +0200] "GET /PmWikiDe/CustomInterMap?action=diff&source=n&minor=y HTTP/1.1" 200 7783 "-" "Mozilla/5.0 (compatible; Barkrowler/0.9; +https://babbar.tech/crawler)"
154.54.249.195 - - [14/Aug/2022:06:27:20 +0200] "GET /robots.txt HTTP/1.1" 200 - "-" "Mozilla/5.0 (compatible; Barkrowler/0.9; +https://babbar.tech/crawler)"
154.54.249.195 - - [14/Aug/2022:06:27:35 +0200] "GET /PmWikiDe/Wikigrundlagen?action=diff&source=n&minor=y HTTP/1.1" 200 7777 "-" "Mozilla/5.0 (compatible; Barkrowler/0.9; +https://babbar.tech/crawler)"
154.54.249.195 - - [14/Aug/2022:06:27:50 +0200] "GET /PmWikiHu/LinkekHivatkozasok?action=edit HTTP/1.1" 200 8793 "-" "Mozilla/5.0 (compatible; Barkrowler/0.9; +https://babbar.tech/crawler)"
154.54.249.195 - - [14/Aug/2022:06:28:07 +0200] "GET /PmWikiDe/Wikigrundlagen?action=diff&source=y&minor=n HTTP/1.1" 200 7767 "-" "Mozilla/5.0 (compatible; Barkrowler/0.9; +https://babbar.tech/crawler)"
154.54.249.195 - - [14/Aug/2022:06:28:22 +0200] "GET /PmWikiHu/LinkekHivatkozasok?action=print HTTP/1.1" 200 7836 "-" "Mozilla/5.0 (compatible; Barkrowler/0.9; +https://babbar.tech/crawler)"
154.54.249.195 - - [14/Aug/2022:06:28:37 +0200] "GET /PmWikiZhCn/PmWikiZhCn?action=diff HTTP/1.1" 200 11650 "-" "Mozilla/5.0 (compatible; Barkrowler/0.9; +https://babbar.tech/crawler)"
154.54.249.195 - - [14/Aug/2022:06:28:52 +0200] "GET /PmWikiVi/NangCapTuPmWiki1?action=edit HTTP/1.1" 200 11710 "-" "Mozilla/5.0 (compatible; Barkrowler/0.9; +https://babbar.tech/crawler)"
154.54.249.195 - - [14/Aug/2022:06:29:08 +0200] "GET /PmWikiSi/PageNotFound?action=diff&source=y&minor=n HTTP/1.1" 200 9284 "-" "Mozilla/5.0 (compatible; Barkrowler/0.9; +https://babbar.tech/crawler)"
154.54.249.195 - - [14/Aug/2022:06:29:24 +0200] "GET /PmWikiNl/BasicEditing?action=diff&source=n&minor=y HTTP/1.1" 200 7896 "-" "Mozilla/5.0 (compatible; Barkrowler/0.9; +https://babbar.tech/crawler)"
3.219.254.95 - - [14/Aug/2022:06:29:34 +0200] "GET /PodCast/IndexPage?action=rss HTTP/1.1" 200 6298 "-" "PocketCasts/1.0 (Pocket Casts Feed Parser; +http://pocketcasts.com/)"
154.54.249.195 - - [14/Aug/2022:06:29:39 +0200] "GET /PmWikiRu/Requirements?action=diff&source=n&minor=y HTTP/1.1" 200 9854 "-" "Mozilla/5.0 (compatible; Barkrowler/0.9; +https://babbar.tech/crawler)"
154.54.249.195 - - [14/Aug/2022:06:29:54 +0200] "GET /PmWikiRu/Requirements?action=diff&source=y&minor=n HTTP/1.1" 200 9844 "-" "Mozilla/5.0 (compatible; Barkrowler/0.9; +https://babbar.tech/crawler)"
154.54.249.195 - - [14/Aug/2022:06:30:09 +0200] "GET /PmWikiDe/SimpleTables?action=diff&source=y&minor=n HTTP/1.1" 200 7745 "-" "Mozilla/5.0 (compatible; Barkrowler/0.9; +https://babbar.tech/crawler)"
154.54.249.195 - - [14/Aug/2022:06:30:25 +0200] "GET /PmWikiDe/GroupHeaders?action=diff&source=n&minor=y HTTP/1.1" 200 7763 "-" "Mozilla/5.0 (compatible; Barkrowler/0.9; +https://babbar.tech/crawler)"
154.54.249.195 - - [14/Aug/2022:06:30:40 +0200] "GET /PmWikiDe/Passwords?action=diff&source=n&minor=y HTTP/1.1" 200 7699 "-" "Mozilla/5.0 (compatible; Barkrowler/0.9; +https://babbar.tech/crawler)"
116.202.246.181 - - [14/Aug/2022:06:30:40 +0200] "GET /robots.txt HTTP/1.1" 200 - "-" "Mozilla/5.0 (compatible; BLEXBot/1.0; +http://webmeup-crawler.com/"
116.202.246.181 - - [14/Aug/2022:06:30:40 +0200] "GET /Admin/AdresseStiftung?action=diff HTTP/1.1" 403 18 "-" "Mozilla/5.0 (compatible; BLEXBot/1.0; +http://webmeup-crawler.com/"
154.54.249.195 - - [14/Aug/2022:06:30:55 +0200] "GET /PmWikiDe/Passwords?action=diff&source=y&minor=n HTTP/1.1" 200 7689 "-" "Mozilla/5.0 (compatible; Barkrowler/0.9; +https://babbar.tech/crawler)"
116.202.246.181 - - [14/Aug/2022:06:31:04 +0200] "GET /Admin/AdresseStiftung?action=edit HTTP/1.1" 403 18 "-" "Mozilla/5.0 (compatible; BLEXBot/1.0; +http://webmeup-crawler.com/"
154.54.249.195 - - [14/Aug/2022:06:31:11 +0200] "GET /PmWikiDe/PageNotFound?action=diff&source=y&minor=n HTTP/1.1" 200 7751 "-" "Mozilla/5.0 (compatible; Barkrowler/0.9; +https://babbar.tech/crawler)"
116.202.246.181 - - [14/Aug/2022:06:31:17 +0200] "GET /Admin/AdresseStiftung?action=print HTTP/1.1" 403 18 "-" "Mozilla/5.0 (compatible; BLEXBot/1.0; +http://webmeup-crawler.com/"
154.54.249.195 - - [14/Aug/2022:06:31:30 +0200] "GET /PmWikiDe/PageNotFound?action=diff&source=n&minor=y HTTP/1.1" 200 7761 "-" "Mozilla/5.0 (compatible; Barkrowler/0.9; +https://babbar.tech/crawler)"
116.202.246.181 - - [14/Aug/2022:06:31:32 +0200] "GET /Admin/AdresseStiftung?action=upload HTTP/1.1" 403 18 "-" "Mozilla/5.0 (compatible; BLEXBot/1.0; +http://webmeup-crawler.com/"
116.202.246.181 - - [14/Aug/2022:06:31:44 +0200] "GET /Admin/Links?action=diff HTTP/1.1" 403 18 "-" "Mozilla/5.0 (compatible; BLEXBot/1.0; +http://webmeup-crawler.com/"
154.54.249.195 - - [14/Aug/2022:06:31:47 +0200] "GET /robots.txt HTTP/1.1" 200 - "-" "Mozilla/5.0 (compatible; Barkrowler/0.9; +https://babbar.tech/crawler)"
116.202.246.181 - - [14/Aug/2022:06:31:59 +0200] "GET /Admin/Links?action=edit HTTP/1.1" 403 18 "-" "Mozilla/5.0 (compatible; BLEXBot/1.0; +http://webmeup-crawler.com/"
154.54.249.195 - - [14/Aug/2022:06:32:02 +0200] "GET /PmWikiDe/PageDirectives?action=diff&source=n&minor=y HTTP/1.1" 200 7781 "-" "Mozilla/5.0 (compatible; Barkrowler/0.9; +https://babbar.tech/crawler)"
116.202.246.181 - - [14/Aug/2022:06:32:16 +0200] "GET /Admin/Links?action=print HTTP/1.1" 403 18 "-" "Mozilla/5.0 (compatible; BLEXBot/1.0; +http://webmeup-crawler.com/"
154.54.249.195 - - [14/Aug/2022:06:32:19 +0200] "GET /PmWikiDe/PageFileFormat?action=diff&source=n&minor=y HTTP/1.1" 200 7781 "-" "Mozilla/5.0 (compatible; Barkrowler/0.9; +https://babbar.tech/crawler)"
116.202.246.181 - - [14/Aug/2022:06:32:31 +0200] "GET /Admin/Links?action=upload HTTP/1.1" 403 18 "-" "Mozilla/5.0 (compatible; BLEXBot/1.0; +http://webmeup-crawler.com/"
154.54.249.195 - - [14/Aug/2022:06:32:35 +0200] "GET /PmWikiDe/SitePreferences?action=diff&source=n&minor=y HTTP/1.1" 200 7795 "-" "Mozilla/5.0 (compatible; Barkrowler/0.9; +https://babbar.tech/crawler)"
116.202.246.181 - - [14/Aug/2022:06:32:47 +0200] "GET /Admin/Pro-ZurituutschStatuten?action=diff HTTP/1.1" 403 18 "-" "Mozilla/5.0 (compatible; BLEXBot/1.0; +http://webmeup-crawler.com/"
154.54.249.195 - - [14/Aug/2022:06:32:51 +0200] "GET /PmWikiDe/SitePreferences?action=diff&source=y&minor=n HTTP/1.1" 200 7785 "-" "Mozilla/5.0 (compatible; Barkrowler/0.9; +https://babbar.tech/crawler)"
116.202.246.181 - - [14/Aug/2022:06:33:02 +0200] "GET /Admin/Pro-ZurituutschStatuten?action=edit HTTP/1.1" 403 18 "-" "Mozilla/5.0 (compatible; BLEXBot/1.0; +http://webmeup-crawler.com/"
154.54.249.195 - - [14/Aug/2022:06:33:07 +0200] "GET /PmWiki/PageListTemplates?action=diff&source=y&minor=n HTTP/1.1" 200 9331 "-" "Mozilla/5.0 (compatible; Barkrowler/0.9; +https://babbar.tech/crawler)"
116.202.246.181 - - [14/Aug/2022:06:33:14 +0200] "GET /Admin/Pro-ZurituutschStatuten?action=print HTTP/1.1" 403 18 "-" "Mozilla/5.0 (compatible; BLEXBot/1.0; +http://webmeup-crawler.com/"
154.54.249.195 - - [14/Aug/2022:06:33:22 +0200] "GET /PmWiki/SearchImprovements?action=diff&source=n&minor=n HTTP/1.1" 200 9353 "-" "Mozilla/5.0 (compatible; Barkrowler/0.9; +https://babbar.tech/crawler)"
116.202.246.181 - - [14/Aug/2022:06:33:31 +0200] "GET /Admin/Pro-ZurituutschStatuten?action=upload HTTP/1.1" 403 18 "-" "Mozilla/5.0 (compatible; BLEXBot/1.0; +http://webmeup-crawler.com/"
154.54.249.195 - - [14/Aug/2022:06:33:37 +0200] "GET /PmWiki/PatrickMichaud?action=diff&source=y&minor=n HTTP/1.1" 200 9281 "-" "Mozilla/5.0 (compatible; Barkrowler/0.9; +https://babbar.tech/crawler)"
116.202.246.181 - - [14/Aug/2022:06:33:44 +0200] "GET /Admin/ZurStiftung?action=diff HTTP/1.1" 403 18 "-" "Mozilla/5.0 (compatible; BLEXBot/1.0; +http://webmeup-crawler.com/"
154.54.249.195 - - [14/Aug/2022:06:33:54 +0200] "GET /PmWikiFr/IndexDocumentation?action=diff&source=y&minor=n HTTP/1.1" 200 9758 "-" "Mozilla/5.0 (compatible; Barkrowler/0.9; +https://babbar.tech/crawler)"
116.202.246.181 - - [14/Aug/2022:06:33:56 +0200] "GET /Admin/ZurStiftung?action=edit HTTP/1.1" 403 18 "-" "Mozilla/5.0 (compatible; BLEXBot/1.0; +http://webmeup-crawler.com/"
116.202.246.181 - - [14/Aug/2022:06:34:08 +0200] "GET /Admin/ZurStiftung?action=print HTTP/1.1" 403 18 "-" "Mozilla/5.0 (compatible; BLEXBot/1.0; +http://webmeup-crawler.com/"
154.54.249.195 - - [14/Aug/2022:06:34:09 +0200] "GET /PmWikiFr/WikiWikiWeb?action=diff&source=n&minor=y HTTP/1.1" 200 9658 "-" "Mozilla/5.0 (compatible; Barkrowler/0.9; +https://babbar.tech/crawler)"
116.202.246.181 - - [14/Aug/2022:06:34:19 +0200] "GET /Admin/ZurStiftung?action=upload HTTP/1.1" 403 18 "-" "Mozilla/5.0 (compatible; BLEXBot/1.0; +http://webmeup-crawler.com/"
154.54.249.195 - - [14/Aug/2022:06:34:24 +0200] "GET /PmWikiFr/WikiStructure?action=diff&source=n&minor=y HTTP/1.1" 200 9688 "-" "Mozilla/5.0 (compatible; Barkrowler/0.9; +https://babbar.tech/crawler)"
116.202.246.181 - - [14/Aug/2022:06:34:34 +0200] "GET /Gast/Podcast?action=diff HTTP/1.1" 403 18 "-" "Mozilla/5.0 (compatible; BLEXBot/1.0; +http://webmeup-crawler.com/"
154.54.249.195 - - [14/Aug/2022:06:34:40 +0200] "GET /PmWikiFr/WikiSandbox?action=diff&source=n&minor=y HTTP/1.1" 200 9656 "-" "Mozilla/5.0 (compatible; Barkrowler/0.9; +https://babbar.tech/crawler)"
116.202.246.181 - - [14/Aug/2022:06:34:47 +0200] "GET /Gast/Podcast?action=edit HTTP/1.1" 403 18 "-" "Mozilla/5.0 (compatible; BLEXBot/1.0; +http://webmeup-crawler.com/"
154.54.249.195 - - [14/Aug/2022:06:34:56 +0200] "GET /PmWikiFr/WikiSandbox?action=diff&source=y&minor=n HTTP/1.1" 200 9646 "-" "Mozilla/5.0 (compatible; Barkrowler/0.9; +https://babbar.tech/crawler)"
114.119.141.118 - - [14/Aug/2022:06:34:58 +0200] "GET /PmWikiFr/PagelistVariables?action=print HTTP/1.1" 403 18 "http://www.pro-zurituutsch.ch/PmWikiFr/PagelistVariables" "Mozilla/5.0 (Linux; Android 7.0;) AppleWebKit/537.36 (KHTML, like Gecko) Mobile Safari/537.36 (compatible; PetalBot;+https://webmaster.petalsearch.com/site/petalbot)"
116.202.246.181 - - [14/Aug/2022:06:35:00 +0200] "GET /Gast/Podcast?action=print HTTP/1.1" 403 18 "-" "Mozilla/5.0 (compatible; BLEXBot/1.0; +http://webmeup-crawler.com/"
116.202.246.181 - - [14/Aug/2022:06:35:11 +0200] "GET /Gast/Podcast?action=upload HTTP/1.1" 403 18 "-" "Mozilla/5.0 (compatible; BLEXBot/1.0; +http://webmeup-crawler.com/"
154.54.249.195 - - [14/Aug/2022:06:35:11 +0200] "GET /PmWikiFr/WikiFarms?action=diff&source=n&minor=n HTTP/1.1" 200 9624 "-" "Mozilla/5.0 (compatible; Barkrowler/0.9; +https://babbar.tech/crawler)"
116.202.246.181 - - [14/Aug/2022:06:35:24 +0200] "GET /Hilfe/AnleitungTonbeispiele?action=diff HTTP/1.1" 403 18 "-" "Mozilla/5.0 (compatible; BLEXBot/1.0; +http://webmeup-crawler.com/"
154.54.249.195 - - [14/Aug/2022:06:35:26 +0200] "GET /PmWikiFr/LocalCustomizations?action=diff&source=n&minor=y HTTP/1.1" 200 9784 "-" "Mozilla/5.0 (compatible; Barkrowler/0.9; +https://babbar.tech/crawler)"
116.202.246.181 - - [14/Aug/2022:06:35:35 +0200] "GET /Hilfe/AnleitungTonbeispiele?action=edit HTTP/1.1" 403 18 "-" "Mozilla/5.0 (compatible; BLEXBot/1.0; +http://webmeup-crawler.com/"
154.54.249.195 - - [14/Aug/2022:06:35:43 +0200] "GET /PmWikiFr/GroupHeaders?action=diff&source=n&minor=y HTTP/1.1" 200 9680 "-" "Mozilla/5.0 (compatible; Barkrowler/0.9; +https://babbar.tech/crawler)"
116.202.246.181 - - [14/Aug/2022:06:35:54 +0200] "GET /robots.txt HTTP/1.1" 304 - "-" "Mozilla/5.0 (compatible; BLEXBot/1.0; +http://webmeup-crawler.com/"
116.202.246.181 - - [14/Aug/2022:06:35:54 +0200] "GET /robots.txt HTTP/1.1" 304 - "-" "Mozilla/5.0 (compatible; BLEXBot/1.0; +http://webmeup-crawler.com/"
116.202.246.181 - - [14/Aug/2022:06:35:54 +0200] "GET /Hilfe/AnleitungTonbeispiele?action=print HTTP/1.1" 403 18 "-" "Mozilla/5.0 (compatible; BLEXBot/1.0; +http://webmeup-crawler.com/"
154.54.249.195 - - [14/Aug/2022:06:35:59 +0200] "GET /PmWikiFr/IncludeOtherPages?action=diff&source=n&minor=y HTTP/1.1" 200 9760 "-" "Mozilla/5.0 (compatible; Barkrowler/0.9; +https://babbar.tech/crawler)"
116.202.246.181 - - [14/Aug/2022:06:36:09 +0200] "GET /Hilfe/AnleitungTonbeispiele?action=upload HTTP/1.1" 403 18 "-" "Mozilla/5.0 (compatible; BLEXBot/1.0; +http://webmeup-crawler.com/"
154.54.249.195 - - [14/Aug/2022:06:36:14 +0200] "GET /robots.txt HTTP/1.1" 200 - "-" "Mozilla/5.0 (compatible; Barkrowler/0.9; +https://babbar.tech/crawler)"
116.202.246.181 - - [14/Aug/2022:06:36:21 +0200] "GET /Hilfe/Quicktime HTTP/1.1" 200 9103 "-" "Mozilla/5.0 (compatible; BLEXBot/1.0; +http://webmeup-crawler.com/"
154.54.249.195 - - [14/Aug/2022:06:36:30 +0200] "GET /PmWikiFr/LayoutVariables?action=diff&source=n&minor=n HTTP/1.1" 200 9736 "-" "Mozilla/5.0 (compatible; Barkrowler/0.9; +https://babbar.tech/crawler)"
116.202.246.181 - - [14/Aug/2022:06:36:34 +0200] "GET /Hilfe/RealOne HTTP/1.1" 200 10362 "-" "Mozilla/5.0 (compatible; BLEXBot/1.0; +http://webmeup-crawler.com/"
154.54.249.195 - - [14/Aug/2022:06:36:45 +0200] "GET /PmWikiFr/SkinTemplates?action=diff&source=n&minor=n HTTP/1.1" 200 9692 "-" "Mozilla/5.0 (compatible; Barkrowler/0.9; +https://babbar.tech/crawler)"
116.202.246.181 - - [14/Aug/2022:06:36:45 +0200] "GET /Hilfe/Winamp HTTP/1.1" 200 9314 "-" "Mozilla/5.0 (compatible; BLEXBot/1.0; +http://webmeup-crawler.com/"
154.54.249.195 - - [14/Aug/2022:06:37:03 +0200] "GET /PmWikiFr/PathVariables?action=diff&source=n&minor=y HTTP/1.1" 200 9708 "-" "Mozilla/5.0 (compatible; Barkrowler/0.9; +https://babbar.tech/crawler)"
116.202.246.181 - - [14/Aug/2022:06:37:03 +0200] "GET /Main/Home?action=diff HTTP/1.1" 403 18 "-" "Mozilla/5.0 (compatible; BLEXBot/1.0; +http://webmeup-crawler.com/"
116.202.246.181 - - [14/Aug/2022:06:37:17 +0200] "GET /Main/Home?action=edit HTTP/1.1" 403 18 "-" "Mozilla/5.0 (compatible; BLEXBot/1.0; +http://webmeup-crawler.com/"
154.54.249.195 - - [14/Aug/2022:06:37:18 +0200] "GET /PmWikiFr/OtherVariables?action=diff&source=n&minor=y HTTP/1.1" 200 9706 "-" "Mozilla/5.0 (compatible; Barkrowler/0.9; +https://babbar.tech/crawler)"
154.54.249.195 - - [14/Aug/2022:06:37:33 +0200] "GET /PmWikiFr/CustomMarkup?action=diff&source=n&minor=n HTTP/1.1" 200 9688 "-" "Mozilla/5.0 (compatible; Barkrowler/0.9; +https://babbar.tech/crawler)"
116.202.246.181 - - [14/Aug/2022:06:37:34 +0200] "GET /Main/Home?action=print HTTP/1.1" 403 18 "-" "Mozilla/5.0 (compatible; BLEXBot/1.0; +http://webmeup-crawler.com/"
116.202.246.181 - - [14/Aug/2022:06:37:46 +0200] "GET /Main/Home?action=upload HTTP/1.1" 403 18 "-" "Mozilla/5.0 (compatible; BLEXBot/1.0; +http://webmeup-crawler.com/"
154.54.249.195 - - [14/Aug/2022:06:37:49 +0200] "GET /PmWikiFr/CustomMarkup?action=diff&source=y&minor=y HTTP/1.1" 200 9682 "-" "Mozilla/5.0 (compatible; Barkrowler/0.9; +https://babbar.tech/crawler)"
116.202.246.181 - - [14/Aug/2022:06:38:01 +0200] "GET /PodCast/RSSPodcasts?action=diff HTTP/1.1" 403 18 "-" "Mozilla/5.0 (compatible; BLEXBot/1.0; +http://webmeup-crawler.com/"
154.54.249.195 - - [14/Aug/2022:06:38:05 +0200] "GET /PmWiki/BackupAndRestore?action=diff&source=n&minor=y HTTP/1.1" 200 9325 "-" "Mozilla/5.0 (compatible; Barkrowler/0.9; +https://babbar.tech/crawler)"
116.202.246.181 - - [14/Aug/2022:06:38:15 +0200] "GET /PodCast/RSSPodcasts?action=edit HTTP/1.1" 403 18 "-" "Mozilla/5.0 (compatible; BLEXBot/1.0; +http://webmeup-crawler.com/"
185.191.171.26 - - [14/Aug/2022:06:38:21 +0200] "GET /robots.txt HTTP/1.1" 200 - "-" "Mozilla/5.0 (compatible; SemrushBot/7~bl; +http://www.semrush.com/bot.html)"
185.191.171.22 - - [14/Aug/2022:06:38:23 +0200] "GET /PmWikiDe/CustomInterMap?action=upload HTTP/1.1" 403 18 "-" "Mozilla/5.0 (compatible; SemrushBot/7~bl; +http://www.semrush.com/bot.html)"
154.54.249.195 - - [14/Aug/2022:06:38:24 +0200] "GET /PmWiki/MarkupExpressions?action=diff&source=n&minor=y HTTP/1.1" 200 9339 "-" "Mozilla/5.0 (compatible; Barkrowler/0.9; +https://babbar.tech/crawler)"
116.202.246.181 - - [14/Aug/2022:06:38:27 +0200] "GET /PodCast/RSSPodcasts?action=print HTTP/1.1" 403 18 "-" "Mozilla/5.0 (compatible; BLEXBot/1.0; +http://webmeup-crawler.com/"
154.54.249.195 - - [14/Aug/2022:06:38:39 +0200] "GET /PmWiki/MarkupExpressions?action=diff&source=y&minor=y HTTP/1.1" 200 9331 "-" "Mozilla/5.0 (compatible; Barkrowler/0.9; +https://babbar.tech/crawler)"
116.202.246.181 - - [14/Aug/2022:06:38:40 +0200] "GET /PodCast/RSSPodcasts?action=upload HTTP/1.1" 403 18 "-" "Mozilla/5.0 (compatible; BLEXBot/1.0; +http://webmeup-crawler.com/"
154.54.249.195 - - [14/Aug/2022:06:38:56 +0200] "GET /PmWikiIt/WikiWikiWeb?action=diff&source=y&minor=n HTTP/1.1" 200 9268 "-" "Mozilla/5.0 (compatible; Barkrowler/0.9; +https://babbar.tech/crawler)"
116.202.246.181 - - [14/Aug/2022:06:38:58 +0200] "GET /Texte/ArsAmatoria?action=diff HTTP/1.1" 403 18 "-" "Mozilla/5.0 (compatible; BLEXBot/1.0; +http://webmeup-crawler.com/"
116.202.246.181 - - [14/Aug/2022:06:39:10 +0200] "GET /Texte/ArsAmatoria?action=edit HTTP/1.1" 403 18 "-" "Mozilla/5.0 (compatible; BLEXBot/1.0; +http://webmeup-crawler.com/"
154.54.249.195 - - [14/Aug/2022:06:39:12 +0200] "GET /PmWikiIt/IndiceDocumentazione?action=diff&source=n&minor=y HTTP/1.1" 200 9420 "-" "Mozilla/5.0 (compatible; Barkrowler/0.9; +https://babbar.tech/crawler)"
116.202.246.181 - - [14/Aug/2022:06:39:26 +0200] "GET /Texte/ArsAmatoria?action=print HTTP/1.1" 403 18 "-" "Mozilla/5.0 (compatible; BLEXBot/1.0; +http://webmeup-crawler.com/"
154.54.249.195 - - [14/Aug/2022:06:39:31 +0200] "GET /PmWikiIt/IndiceDocumentazione?action=diff&source=y&minor=n HTTP/1.1" 200 9410 "-" "Mozilla/5.0 (compatible; Barkrowler/0.9; +https://babbar.tech/crawler)"
194.209.200.2 - - [14/Aug/2022:06:39:32 +0200] "GET /robots.txt HTTP/1.1" 200 - "-" "Mozilla/5.0 (compatible; TMMBot/0.2; +http://www.dslab.ch)/Nutch-1.15"
194.209.200.2 - - [14/Aug/2022:06:39:32 +0200] "GET /Admin/AdresseStiftung HTTP/1.1" 200 8453 "-" "Mozilla/5.0 (compatible; TMMBot/0.2; +http://www.dslab.ch)/Nutch-1.15"
116.202.246.181 - - [14/Aug/2022:06:39:39 +0200] "GET /Texte/ArsAmatoria?action=upload HTTP/1.1" 403 18 "-" "Mozilla/5.0 (compatible; BLEXBot/1.0; +http://webmeup-crawler.com/"
154.54.249.195 - - [14/Aug/2022:06:39:46 +0200] "GET /PmWikiIt/ModificheDaPmWiki1?action=edit HTTP/1.1" 200 8799 "-" "Mozilla/5.0 (compatible; Barkrowler/0.9; +https://babbar.tech/crawler)"
116.202.246.181 - - [14/Aug/2022:06:39:53 +0200] "GET /Texte/Bitterbeuhsi?action=diff HTTP/1.1" 403 18 "-" "Mozilla/5.0 (compatible; BLEXBot/1.0; +http://webmeup-crawler.com/"
154.54.249.195 - - [14/Aug/2022:06:40:01 +0200] "GET /PmWikiIt/MotiviPerUnaNuovaVersione?action=edit HTTP/1.1" 200 8897 "-" "Mozilla/5.0 (compatible; Barkrowler/0.9; +https://babbar.tech/crawler)"
116.202.246.181 - - [14/Aug/2022:06:40:06 +0200] "GET /Texte/Bitterbeuhsi?action=edit HTTP/1.1" 403 18 "-" "Mozilla/5.0 (compatible; BLEXBot/1.0; +http://webmeup-crawler.com/"
154.54.249.195 - - [14/Aug/2022:06:40:16 +0200] "GET /PmWiki/CreatingNewPages?action=diff&source=n&minor=n HTTP/1.1" 200 9323 "-" "Mozilla/5.0 (compatible; Barkrowler/0.9; +https://babbar.tech/crawler)"
116.202.246.181 - - [14/Aug/2022:06:40:21 +0200] "GET /Texte/Bitterbeuhsi?action=print HTTP/1.1" 403 18 "-" "Mozilla/5.0 (compatible; BLEXBot/1.0; +http://webmeup-crawler.com/"
154.54.249.195 - - [14/Aug/2022:06:40:32 +0200] "GET /PmWiki/CreatingNewPages?action=diff&source=y&minor=y HTTP/1.1" 200 9317 "-" "Mozilla/5.0 (compatible; Barkrowler/0.9; +https://babbar.tech/crawler)"
116.202.246.181 - - [14/Aug/2022:06:40:34 +0200] "GET /Texte/Bitterbeuhsi?action=upload HTTP/1.1" 403 18 "-" "Mozilla/5.0 (compatible; BLEXBot/1.0; +http://webmeup-crawler.com/"
154.54.249.195 - - [14/Aug/2022:06:40:47 +0200] "GET /robots.txt HTTP/1.1" 200 - "-" "Mozilla/5.0 (compatible; Barkrowler/0.9; +https://babbar.tech/crawler)"
116.202.246.181 - - [14/Aug/2022:06:40:48 +0200] "GET /Texte/GDicht?action=diff HTTP/1.1" 403 18 "-" "Mozilla/5.0 (compatible; BLEXBot/1.0; +http://webmeup-crawler.com/"
116.202.246.181 - - [14/Aug/2022:06:41:01 +0200] "GET /robots.txt HTTP/1.1" 304 - "-" "Mozilla/5.0 (compatible; BLEXBot/1.0; +http://webmeup-crawler.com/"
116.202.246.181 - - [14/Aug/2022:06:41:01 +0200] "GET /robots.txt HTTP/1.1" 304 - "-" "Mozilla/5.0 (compatible; BLEXBot/1.0; +http://webmeup-crawler.com/"
116.202.246.181 - - [14/Aug/2022:06:41:01 +0200] "GET /Texte/GDicht?action=edit HTTP/1.1" 403 18 "-" "Mozilla/5.0 (compatible; BLEXBot/1.0; +http://webmeup-crawler.com/"
154.54.249.195 - - [14/Aug/2022:06:41:02 +0200] "GET /Blickestoorff/2?action=diff&source=y&minor=y HTTP/1.1" 200 22736 "-" "Mozilla/5.0 (compatible; Barkrowler/0.9; +https://babbar.tech/crawler)"
116.202.246.181 - - [14/Aug/2022:06:41:15 +0200] "GET /Texte/GDicht?action=print HTTP/1.1" 403 18 "-" "Mozilla/5.0 (compatible; BLEXBot/1.0; +http://webmeup-crawler.com/"
154.54.249.195 - - [14/Aug/2022:06:41:17 +0200] "GET /Blickestoorff/2?action=diff&source=n&minor=n HTTP/1.1" 200 23397 "-" "Mozilla/5.0 (compatible; Barkrowler/0.9; +https://babbar.tech/crawler)"
116.202.246.181 - - [14/Aug/2022:06:41:28 +0200] "GET /Texte/GDicht?action=upload HTTP/1.1" 403 18 "-" "Mozilla/5.0 (compatible; BLEXBot/1.0; +http://webmeup-crawler.com/"
154.54.249.195 - - [14/Aug/2022:06:41:33 +0200] "GET /PodCast/JBN01Kap?action=diff&source=y&minor=n HTTP/1.1" 200 10507 "-" "Mozilla/5.0 (compatible; Barkrowler/0.9; +https://babbar.tech/crawler)"
116.202.246.181 - - [14/Aug/2022:06:41:41 +0200] "GET /Texte/Gloosse?action=diff HTTP/1.1" 403 18 "-" "Mozilla/5.0 (compatible; BLEXBot/1.0; +http://webmeup-crawler.com/"
154.54.249.195 - - [14/Aug/2022:06:41:48 +0200] "GET /PodCast/JBJ501?action=upload&upname=JBJ501 HTTP/1.1" 200 8524 "-" "Mozilla/5.0 (compatible; Barkrowler/0.9; +https://babbar.tech/crawler)"
116.202.246.181 - - [14/Aug/2022:06:41:54 +0200] "GET /Texte/Gloosse?action=edit HTTP/1.1" 403 18 "-" "Mozilla/5.0 (compatible; BLEXBot/1.0; +http://webmeup-crawler.com/"
154.54.249.195 - - [14/Aug/2022:06:42:04 +0200] "GET /PodCast/UberGebuure?action=diff&source=y&minor=n HTTP/1.1" 200 18302 "-" "Mozilla/5.0 (compatible; Barkrowler/0.9; +https://babbar.tech/crawler)"
116.202.246.181 - - [14/Aug/2022:06:42:07 +0200] "GET /Texte/Gloosse?action=print HTTP/1.1" 403 18 "-" "Mozilla/5.0 (compatible; BLEXBot/1.0; +http://webmeup-crawler.com/"
154.54.249.195 - - [14/Aug/2022:06:42:19 +0200] "GET /PodCast/Gschloumpfts?action=diff&source=n&minor=y HTTP/1.1" 200 17908 "-" "Mozilla/5.0 (compatible; Barkrowler/0.9; +https://babbar.tech/crawler)"
116.202.246.181 - - [14/Aug/2022:06:42:20 +0200] "GET /Texte/Gloosse?action=upload HTTP/1.1" 403 18 "-" "Mozilla/5.0 (compatible; BLEXBot/1.0; +http://webmeup-crawler.com/"
116.202.246.181 - - [14/Aug/2022:06:42:33 +0200] "GET /Texte/Limericks?action=diff HTTP/1.1" 403 18 "-" "Mozilla/5.0 (compatible; BLEXBot/1.0; +http://webmeup-crawler.com/"
154.54.249.195 - - [14/Aug/2022:06:42:35 +0200] "GET /PodCast/Gschloumpfts?action=diff&source=y&minor=n HTTP/1.1" 200 16829 "-" "Mozilla/5.0 (compatible; Barkrowler/0.9; +https://babbar.tech/crawler)"
116.202.246.181 - - [14/Aug/2022:06:42:45 +0200] "GET /Texte/Limericks?action=edit HTTP/1.1" 403 18 "-" "Mozilla/5.0 (compatible; BLEXBot/1.0; +http://webmeup-crawler.com/"
154.54.249.195 - - [14/Aug/2022:06:42:50 +0200] "GET /PodCast/REZTheLightBetweenOceans?action=diff HTTP/1.1" 200 15267 "-" "Mozilla/5.0 (compatible; Barkrowler/0.9; +https://babbar.tech/crawler)"
116.202.246.181 - - [14/Aug/2022:06:43:00 +0200] "GET /Texte/Limericks?action=print HTTP/1.1" 403 18 "-" "Mozilla/5.0 (compatible; BLEXBot/1.0; +http://webmeup-crawler.com/"
154.54.249.195 - - [14/Aug/2022:06:43:05 +0200] "GET /PodCast/KonzylMp3?action=diff&source=n&minor=y HTTP/1.1" 200 9850 "-" "Mozilla/5.0 (compatible; Barkrowler/0.9; +https://babbar.tech/crawler)"
194.209.200.2 - - [14/Aug/2022:06:43:06 +0200] "GET /Texte/Styluebige HTTP/1.1" 200 9998 "-" "Mozilla/5.0 (compatible; TMMBot/0.2; +http://www.dslab.ch)/Nutch-1.15"
194.209.200.2 - - [14/Aug/2022:06:43:16 +0200] "GET /Texte/Metamorphoses HTTP/1.1" 200 9045 "-" "Mozilla/5.0 (compatible; TMMBot/0.2; +http://www.dslab.ch)/Nutch-1.15"
116.202.246.181 - - [14/Aug/2022:06:43:17 +0200] "GET /Texte/Limericks?action=upload HTTP/1.1" 403 18 "-" "Mozilla/5.0 (compatible; BLEXBot/1.0; +http://webmeup-crawler.com/"
154.54.249.195 - - [14/Aug/2022:06:43:22 +0200] "GET /PodCast/Boundestaatebound?action=diff&source=n&minor=n HTTP/1.1" 200 18851 "-" "Mozilla/5.0 (compatible; Barkrowler/0.9; +https://babbar.tech/crawler)"
116.202.246.181 - - [14/Aug/2022:06:43:32 +0200] "GET /Texte/Metamorphoses?action=diff HTTP/1.1" 403 18 "-" "Mozilla/5.0 (compatible; BLEXBot/1.0; +http://webmeup-crawler.com/"
154.54.249.195 - - [14/Aug/2022:06:43:38 +0200] "GET /PodCast/Gramatik?action=diff&source=n&minor=n HTTP/1.1" 200 26432 "-" "Mozilla/5.0 (compatible; Barkrowler/0.9; +https://babbar.tech/crawler)"
116.202.246.181 - - [14/Aug/2022:06:43:47 +0200] "GET /Texte/Metamorphoses?action=edit HTTP/1.1" 403 18 "-" "Mozilla/5.0 (compatible; BLEXBot/1.0; +http://webmeup-crawler.com/"
154.54.249.195 - - [14/Aug/2022:06:43:53 +0200] "GET /PodCast/Scheffwachsel?action=diff&source=n&minor=n HTTP/1.1" 200 17532 "-" "Mozilla/5.0 (compatible; Barkrowler/0.9; +https://babbar.tech/crawler)"
116.202.246.181 - - [14/Aug/2022:06:44:01 +0200] "GET /Texte/Metamorphoses?action=print HTTP/1.1" 403 18 "-" "Mozilla/5.0 (compatible; BLEXBot/1.0; +http://webmeup-crawler.com/"
154.54.249.195 - - [14/Aug/2022:06:44:08 +0200] "GET /PodCast/Limerick121314?action=diff&source=n&minor=n HTTP/1.1" 200 13854 "-" "Mozilla/5.0 (compatible; Barkrowler/0.9; +https://babbar.tech/crawler)"
116.202.246.181 - - [14/Aug/2022:06:44:13 +0200] "GET /Texte/Metamorphoses?action=upload HTTP/1.1" 403 18 "-" "Mozilla/5.0 (compatible; BLEXBot/1.0; +http://webmeup-crawler.com/"
194.209.200.2 - - [14/Aug/2022:06:44:15 +0200] "GET /Texte/Gloosse HTTP/1.1" 200 8061 "-" "Mozilla/5.0 (compatible; TMMBot/0.2; +http://www.dslab.ch)/Nutch-1.15"
154.54.249.195 - - [14/Aug/2022:06:44:25 +0200] "GET /PodCast/Limerick121314?action=diff&source=y&minor=y HTTP/1.1" 200 13065 "-" "Mozilla/5.0 (compatible; Barkrowler/0.9; +https://babbar.tech/crawler)"
116.202.246.181 - - [14/Aug/2022:06:44:28 +0200] "GET /Texte/Rezension?action=diff HTTP/1.1" 403 18 "-" "Mozilla/5.0 (compatible; BLEXBot/1.0; +http://webmeup-crawler.com/"
154.54.249.195 - - [14/Aug/2022:06:44:40 +0200] "GET /Site/22Baadstoubegass?action=diff&source=n&minor=y HTTP/1.1" 200 22066 "-" "Mozilla/5.0 (compatible; Barkrowler/0.9; +https://babbar.tech/crawler)"
116.202.246.181 - - [14/Aug/2022:06:44:42 +0200] "GET /Texte/Rezension?action=edit HTTP/1.1" 403 18 "-" "Mozilla/5.0 (compatible; BLEXBot/1.0; +http://webmeup-crawler.com/"
154.54.249.195 - - [14/Aug/2022:06:44:55 +0200] "GET /Site/22Baadstoubegass?action=diff&source=y&minor=n HTTP/1.1" 200 21829 "-" "Mozilla/5.0 (compatible; Barkrowler/0.9; +https://babbar.tech/crawler)"
116.202.246.181 - - [14/Aug/2022:06:44:57 +0200] "GET /Texte/Rezension?action=print HTTP/1.1" 403 18 "-" "Mozilla/5.0 (compatible; BLEXBot/1.0; +http://webmeup-crawler.com/"
194.209.200.2 - - [14/Aug/2022:06:45:04 +0200] "GET /Admin/Pro-ZurituutschStatuten HTTP/1.1" 200 9580 "-" "Mozilla/5.0 (compatible; TMMBot/0.2; +http://www.dslab.ch)/Nutch-1.15"
116.202.246.181 - - [14/Aug/2022:06:45:10 +0200] "GET /Texte/Rezension?action=upload HTTP/1.1" 403 18 "-" "Mozilla/5.0 (compatible; BLEXBot/1.0; +http://webmeup-crawler.com/"
154.54.249.195 - - [14/Aug/2022:06:45:10 +0200] "GET /robots.txt HTTP/1.1" 200 - "-" "Mozilla/5.0 (compatible; Barkrowler/0.9; +https://babbar.tech/crawler)"
154.54.249.195 - - [14/Aug/2022:06:45:26 +0200] "GET /Site/111Stans1481?action=upload&upname=111Stans1481 HTTP/1.1" 200 8573 "-" "Mozilla/5.0 (compatible; Barkrowler/0.9; +https://babbar.tech/crawler)"
116.202.246.181 - - [14/Aug/2022:06:45:26 +0200] "GET /Texte/Roman?action=diff HTTP/1.1" 403 18 "-" "Mozilla/5.0 (compatible; BLEXBot/1.0; +http://webmeup-crawler.com/"
116.202.246.181 - - [14/Aug/2022:06:45:39 +0200] "GET /Texte/Roman?action=edit HTTP/1.1" 403 18 "-" "Mozilla/5.0 (compatible; BLEXBot/1.0; +http://webmeup-crawler.com/"
154.54.249.195 - - [14/Aug/2022:06:45:45 +0200] "GET /Site/WGA2Eergyz?action=diff&source=n&minor=y HTTP/1.1" 200 21491 "-" "Mozilla/5.0 (compatible; Barkrowler/0.9; +https://babbar.tech/crawler)"
116.202.246.181 - - [14/Aug/2022:06:45:52 +0200] "GET /Texte/Roman?action=print HTTP/1.1" 403 18 "-" "Mozilla/5.0 (compatible; BLEXBot/1.0; +http://webmeup-crawler.com/"
154.54.249.195 - - [14/Aug/2022:06:46:00 +0200] "GET /Site/WGA1Begaabig?action=diff&source=n&minor=y HTTP/1.1" 200 21574 "-" "Mozilla/5.0 (compatible; Barkrowler/0.9; +https://babbar.tech/crawler)"
116.202.246.181 - - [14/Aug/2022:06:46:09 +0200] "GET /robots.txt HTTP/1.1" 304 - "-" "Mozilla/5.0 (compatible; BLEXBot/1.0; +http://webmeup-crawler.com/"
116.202.246.181 - - [14/Aug/2022:06:46:09 +0200] "GET /robots.txt HTTP/1.1" 304 - "-" "Mozilla/5.0 (compatible; BLEXBot/1.0; +http://webmeup-crawler.com/"
116.202.246.181 - - [14/Aug/2022:06:46:09 +0200] "GET /Texte/Roman?action=upload HTTP/1.1" 403 18 "-" "Mozilla/5.0 (compatible; BLEXBot/1.0; +http://webmeup-crawler.com/"
154.54.249.195 - - [14/Aug/2022:06:46:16 +0200] "GET /Site/WGA1Begaabig?action=diff&source=y&minor=n HTTP/1.1" 200 21239 "-" "Mozilla/5.0 (compatible; Barkrowler/0.9; +https://babbar.tech/crawler)"
116.202.246.181 - - [14/Aug/2022:06:46:20 +0200] "GET /Texte/Schrybwys?action=diff HTTP/1.1" 403 18 "-" "Mozilla/5.0 (compatible; BLEXBot/1.0; +http://webmeup-crawler.com/"
154.54.249.195 - - [14/Aug/2022:06:46:31 +0200] "GET /Site/142Taagsatzig1484?action=diff&source=n&minor=y HTTP/1.1" 200 17471 "-" "Mozilla/5.0 (compatible; Barkrowler/0.9; +https://babbar.tech/crawler)"
116.202.246.181 - - [14/Aug/2022:06:46:32 +0200] "GET /Texte/Schrybwys?action=edit HTTP/1.1" 403 18 "-" "Mozilla/5.0 (compatible; BLEXBot/1.0; +http://webmeup-crawler.com/"
116.202.246.181 - - [14/Aug/2022:06:46:44 +0200] "GET /Texte/Schrybwys?action=print HTTP/1.1" 403 18 "-" "Mozilla/5.0 (compatible; BLEXBot/1.0; +http://webmeup-crawler.com/"
154.54.249.195 - - [14/Aug/2022:06:46:46 +0200] "GET /PmWikiVi/WikiStructure?action=diff&source=y&minor=n HTTP/1.1" 200 12235 "-" "Mozilla/5.0 (compatible; Barkrowler/0.9; +https://babbar.tech/crawler)"
116.202.246.181 - - [14/Aug/2022:06:46:59 +0200] "GET /Texte/Schrybwys?action=upload HTTP/1.1" 403 18 "-" "Mozilla/5.0 (compatible; BLEXBot/1.0; +http://webmeup-crawler.com/"
154.54.249.195 - - [14/Aug/2022:06:47:01 +0200] "GET /PmWikiPtBr/Sandbox?action=diff&source=n&minor=y HTTP/1.1" 200 8404 "-" "Mozilla/5.0 (compatible; Barkrowler/0.9; +https://babbar.tech/crawler)"
116.202.246.181 - - [14/Aug/2022:06:47:13 +0200] "GET /Texte/Styluebige?action=diff HTTP/1.1" 403 18 "-" "Mozilla/5.0 (compatible; BLEXBot/1.0; +http://webmeup-crawler.com/"
154.54.249.195 - - [14/Aug/2022:06:47:18 +0200] "GET /PmWikiSi/Prevajanja?action=diff&source=n&minor=y HTTP/1.1" 200 9258 "-" "Mozilla/5.0 (compatible; Barkrowler/0.9; +https://babbar.tech/crawler)"
116.202.246.181 - - [14/Aug/2022:06:47:27 +0200] "GET /Texte/Styluebige?action=edit HTTP/1.1" 403 18 "-" "Mozilla/5.0 (compatible; BLEXBot/1.0; +http://webmeup-crawler.com/"
154.54.249.195 - - [14/Aug/2022:06:47:35 +0200] "GET /PmWikiRu/UploadVariables?action=diff&source=n&minor=n HTTP/1.1" 200 9886 "-" "Mozilla/5.0 (compatible; Barkrowler/0.9; +https://babbar.tech/crawler)"
154.54.249.195 - - [14/Aug/2022:06:47:50 +0200] "GET /PmWikiRu/TableDirectives?action=diff&source=y&minor=n HTTP/1.1" 200 9908 "-" "Mozilla/5.0 (compatible; Barkrowler/0.9; +https://babbar.tech/crawler)"
116.202.246.181 - - [14/Aug/2022:06:47:53 +0200] "GET /Texte/Styluebige?action=print HTTP/1.1" 403 18 "-" "Mozilla/5.0 (compatible; BLEXBot/1.0; +http://webmeup-crawler.com/"
116.202.246.181 - - [14/Aug/2022:06:48:04 +0200] "GET /Texte/Styluebige?action=upload HTTP/1.1" 403 18 "-" "Mozilla/5.0 (compatible; BLEXBot/1.0; +http://webmeup-crawler.com/"
154.54.249.195 - - [14/Aug/2022:06:48:05 +0200] "GET /PmWikiRu/EditVariables?action=diff&source=n&minor=y HTTP/1.1" 200 9856 "-" "Mozilla/5.0 (compatible; Barkrowler/0.9; +https://babbar.tech/crawler)"
116.202.246.181 - - [14/Aug/2022:06:48:16 +0200] "GET /Texte/ZurcherischEnglish?action=diff HTTP/1.1" 403 18 "-" "Mozilla/5.0 (compatible; BLEXBot/1.0; +http://webmeup-crawler.com/"
154.54.249.195 - - [14/Aug/2022:06:48:20 +0200] "GET /PmWikiRu/CustomMarkup?action=diff&source=n&minor=y HTTP/1.1" 200 9892 "-" "Mozilla/5.0 (compatible; Barkrowler/0.9; +https://babbar.tech/crawler)"
116.202.246.181 - - [14/Aug/2022:06:48:27 +0200] "GET /Texte/ZurcherischEnglish?action=edit HTTP/1.1" 403 18 "-" "Mozilla/5.0 (compatible; BLEXBot/1.0; +http://webmeup-crawler.com/"
154.54.249.195 - - [14/Aug/2022:06:48:37 +0200] "GET /PmWikiRu/WikiStructure?action=diff&source=n&minor=y HTTP/1.1" 200 9878 "-" "Mozilla/5.0 (compatible; Barkrowler/0.9; +https://babbar.tech/crawler)"
116.202.246.181 - - [14/Aug/2022:06:48:43 +0200] "GET /Texte/ZurcherischEnglish?action=print HTTP/1.1" 403 18 "-" "Mozilla/5.0 (compatible; BLEXBot/1.0; +http://webmeup-crawler.com/"
154.54.249.195 - - [14/Aug/2022:06:48:52 +0200] "GET /PmWikiRu/WikiSandbox?action=diff&source=n&minor=y HTTP/1.1" 200 9836 "-" "Mozilla/5.0 (compatible; Barkrowler/0.9; +https://babbar.tech/crawler)"
116.202.246.181 - - [14/Aug/2022:06:48:56 +0200] "GET /Texte/ZurcherischEnglish?action=upload HTTP/1.1" 403 18 "-" "Mozilla/5.0 (compatible; BLEXBot/1.0; +http://webmeup-crawler.com/"
154.54.249.195 - - [14/Aug/2022:06:49:09 +0200] "GET /PmWikiRu/WikiFarms?action=diff&source=n&minor=y HTTP/1.1" 200 9808 "-" "Mozilla/5.0 (compatible; Barkrowler/0.9; +https://babbar.tech/crawler)"
154.54.249.195 - - [14/Aug/2022:06:49:25 +0200] "GET /PmWikiRu/WikiWikiWeb?action=diff&source=n&minor=y HTTP/1.1" 200 9826 "-" "Mozilla/5.0 (compatible; Barkrowler/0.9; +https://babbar.tech/crawler)"
154.54.249.195 - - [14/Aug/2022:06:49:41 +0200] "GET /robots.txt HTTP/1.1" 200 - "-" "Mozilla/5.0 (compatible; Barkrowler/0.9; +https://babbar.tech/crawler)"
154.54.249.195 - - [14/Aug/2022:06:49:56 +0200] "GET /PmWikiRu/LocalCustomizations?action=diff&source=n&minor=y HTTP/1.1" 200 9982 "-" "Mozilla/5.0 (compatible; Barkrowler/0.9; +https://babbar.tech/crawler)"
154.54.249.195 - - [14/Aug/2022:06:50:11 +0200] "GET /PmWikiRu/PageDirectives?action=diff&source=n&minor=y HTTP/1.1" 200 9912 "-" "Mozilla/5.0 (compatible; Barkrowler/0.9; +https://babbar.tech/crawler)"
154.54.249.195 - - [14/Aug/2022:06:50:26 +0200] "GET /PmWikiRu/PageVariables?action=diff&source=n&minor=y HTTP/1.1" 200 9902 "-" "Mozilla/5.0 (compatible; Barkrowler/0.9; +https://babbar.tech/crawler)"
154.54.249.195 - - [14/Aug/2022:06:50:42 +0200] "GET /PmWikiRu/PageVariables?action=diff&source=y&minor=n HTTP/1.1" 200 9892 "-" "Mozilla/5.0 (compatible; Barkrowler/0.9; +https://babbar.tech/crawler)"
154.54.249.195 - - [14/Aug/2022:06:50:57 +0200] "GET /PmWikiRu/IncludeOtherPages?action=diff&source=n&minor=y HTTP/1.1" 200 9968 "-" "Mozilla/5.0 (compatible; Barkrowler/0.9; +https://babbar.tech/crawler)"
154.54.249.195 - - [14/Aug/2022:06:51:12 +0200] "GET /PmWikiJa/AllGroupHeader?action=diff&source=n&minor=y HTTP/1.1" 200 9326 "-" "Mozilla/5.0 (compatible; Barkrowler/0.9; +https://babbar.tech/crawler)"
154.54.249.195 - - [14/Aug/2022:06:51:28 +0200] "GET /PmWikiDe/UploadVariables?action=diff&source=y&minor=n HTTP/1.1" 200 7807 "-" "Mozilla/5.0 (compatible; Barkrowler/0.9; +https://babbar.tech/crawler)"
154.54.249.195 - - [14/Aug/2022:06:51:43 +0200] "GET /PmWikiDe/WikiAdministrator?action=diff&source=y&minor=n HTTP/1.1" 200 7827 "-" "Mozilla/5.0 (compatible; Barkrowler/0.9; +https://babbar.tech/crawler)"
154.54.249.195 - - [14/Aug/2022:06:51:59 +0200] "GET /PmWikiHu/TipsForEditing?action=diff&source=n&minor=y HTTP/1.1" 200 9326 "-" "Mozilla/5.0 (compatible; Barkrowler/0.9; +https://babbar.tech/crawler)"
154.54.249.195 - - [14/Aug/2022:06:52:14 +0200] "GET /PmWikiHu/CustomWikiStyles?action=diff&source=n&minor=y HTTP/1.1" 200 9358 "-" "Mozilla/5.0 (compatible; Barkrowler/0.9; +https://babbar.tech/crawler)"
154.54.249.195 - - [14/Aug/2022:06:52:30 +0200] "GET /PmWikiHu/LinkekHivatkozasok?action=upload HTTP/1.1" 200 8693 "-" "Mozilla/5.0 (compatible; Barkrowler/0.9; +https://babbar.tech/crawler)"
154.54.249.195 - - [14/Aug/2022:06:52:46 +0200] "GET /PmWikiZhCn/SideBar?action=diff&source=n&minor=y HTTP/1.1" 200 11606 "-" "Mozilla/5.0 (compatible; Barkrowler/0.9; +https://babbar.tech/crawler)"
154.54.249.195 - - [14/Aug/2022:06:53:01 +0200] "GET /PmWikiVi/TapTinCauHinhVietHoa?action=edit HTTP/1.1" 200 11782 "-" "Mozilla/5.0 (compatible; Barkrowler/0.9; +https://babbar.tech/crawler)"
154.54.249.195 - - [14/Aug/2022:06:53:17 +0200] "GET /PmWikiVi/ChuThichPhatHanh?action=upload HTTP/1.1" 200 11606 "-" "Mozilla/5.0 (compatible; Barkrowler/0.9; +https://babbar.tech/crawler)"
