194.209.200.2 - - [27/Apr/2022:09:11:51 +0200] "GET /Texte/GDicht HTTP/1.1" 200 8050 "-" "Mozilla/5.0 (compatible; TMMBot/0.2; +http://www.dslab.ch)/Nutch-1.15"
194.209.200.2 - - [27/Apr/2022:09:12:19 +0200] "GET /Admin/Links HTTP/1.1" 200 14193 "-" "Mozilla/5.0 (compatible; TMMBot/0.2; +http://www.dslab.ch)/Nutch-1.15"
194.209.200.2 - - [27/Apr/2022:09:12:31 +0200] "GET /Site/PodCast HTTP/1.1" 200 40934 "-" "Mozilla/5.0 (compatible; TMMBot/0.2; +http://www.dslab.ch)/Nutch-1.15"
194.209.200.2 - - [27/Apr/2022:09:13:28 +0200] "GET /Texte/Gloosse HTTP/1.1" 200 8061 "-" "Mozilla/5.0 (compatible; TMMBot/0.2; +http://www.dslab.ch)/Nutch-1.15"
194.209.200.2 - - [27/Apr/2022:09:14:17 +0200] "GET /Admin/Pro-ZurituutschStatuten HTTP/1.1" 200 9580 "-" "Mozilla/5.0 (compatible; TMMBot/0.2; +http://www.dslab.ch)/Nutch-1.15"
194.209.200.2 - - [27/Apr/2022:09:14:20 +0200] "GET / HTTP/1.1" 200 14638 "-" "Mozilla/5.0 (compatible; TMMBot/0.2; +http://www.dslab.ch)/Nutch-1.15"
194.209.200.2 - - [27/Apr/2022:09:15:03 +0200] "GET /Texte/Bitterbeuhsi HTTP/1.1" 200 9255 "-" "Mozilla/5.0 (compatible; TMMBot/0.2; +http://www.dslab.ch)/Nutch-1.15"
194.209.200.2 - - [27/Apr/2022:09:15:15 +0200] "GET /Gast/Podcast HTTP/1.1" 200 8106 "-" "Mozilla/5.0 (compatible; TMMBot/0.2; +http://www.dslab.ch)/Nutch-1.15"
66.249.66.206 - - [27/Apr/2022:09:16:17 +0200] "GET /PodCast/IndexPage?action=rss HTTP/1.1" 200 6298 "-" "Mozilla/5.0 (compatible; Googlebot/2.1; +http://www.google.com/bot.html)"
185.191.171.1 - - [27/Apr/2022:09:17:26 +0200] "GET /PmWikiFr/PmWikiPhilosophy?action=upload HTTP/1.1" 403 18 "-" "Mozilla/5.0 (compatible; SemrushBot/7~bl; +http://www.semrush.com/bot.html)"
213.55.243.17 - - [27/Apr/2022:09:18:53 +0200] "GET / HTTP/1.1" 200 14638 "https://www.google.com/" "Mozilla/5.0 (Macintosh; Intel Mac OS X 10.15; rv:99.0) Gecko/20100101 Firefox/99.0"
213.55.243.17 - - [27/Apr/2022:09:18:53 +0200] "GET /pub/skins/pro-zurituutsch/gila.css HTTP/1.1" 200 10186 "http://www.pro-zurituutsch.ch/" "Mozilla/5.0 (Macintosh; Intel Mac OS X 10.15; rv:99.0) Gecko/20100101 Firefox/99.0"
213.55.243.17 - - [27/Apr/2022:09:18:53 +0200] "GET /uploads/Main/logo.jpg HTTP/1.1" 200 29066 "http://www.pro-zurituutsch.ch/" "Mozilla/5.0 (Macintosh; Intel Mac OS X 10.15; rv:99.0) Gecko/20100101 Firefox/99.0"
213.55.243.17 - - [27/Apr/2022:09:18:53 +0200] "GET /pub/skins/pro-zurituutsch/images/external.png HTTP/1.1" 200 165 "http://www.pro-zurituutsch.ch/pub/skins/pro-zurituutsch/gila.css" "Mozilla/5.0 (Macintosh; Intel Mac OS X 10.15; rv:99.0) Gecko/20100101 Firefox/99.0"
213.55.243.17 - - [27/Apr/2022:09:18:53 +0200] "GET /pub/skins/pro-zurituutsch/images/favicon.ico HTTP/1.1" 200 1406 "http://www.pro-zurituutsch.ch/" "Mozilla/5.0 (Macintosh; Intel Mac OS X 10.15; rv:99.0) Gecko/20100101 Firefox/99.0"
213.55.243.17 - - [27/Apr/2022:09:18:56 +0200] "GET /Texte/Roman HTTP/1.1" 200 38741 "http://www.pro-zurituutsch.ch/" "Mozilla/5.0 (Macintosh; Intel Mac OS X 10.15; rv:99.0) Gecko/20100101 Firefox/99.0"
213.55.243.17 - - [27/Apr/2022:09:19:04 +0200] "GET /Texte/Metamorphoses HTTP/1.1" 200 9045 "http://www.pro-zurituutsch.ch/Texte/Roman" "Mozilla/5.0 (Macintosh; Intel Mac OS X 10.15; rv:99.0) Gecko/20100101 Firefox/99.0"
213.55.243.17 - - [27/Apr/2022:09:19:04 +0200] "GET /uploads/Texte/arcimboldo.jpg HTTP/1.1" 200 27199 "http://www.pro-zurituutsch.ch/Texte/Metamorphoses" "Mozilla/5.0 (Macintosh; Intel Mac OS X 10.15; rv:99.0) Gecko/20100101 Firefox/99.0"
213.55.243.17 - - [27/Apr/2022:09:19:04 +0200] "GET /uploads/Texte/Speaker.jpg HTTP/1.1" 200 1016 "http://www.pro-zurituutsch.ch/Texte/Metamorphoses" "Mozilla/5.0 (Macintosh; Intel Mac OS X 10.15; rv:99.0) Gecko/20100101 Firefox/99.0"
213.55.243.17 - - [27/Apr/2022:09:19:07 +0200] "GET /Texte/Bitterbeuhsi HTTP/1.1" 200 9255 "http://www.pro-zurituutsch.ch/Texte/Metamorphoses" "Mozilla/5.0 (Macintosh; Intel Mac OS X 10.15; rv:99.0) Gecko/20100101 Firefox/99.0"
213.55.243.17 - - [27/Apr/2022:09:19:14 +0200] "GET /Texte/Metamorphoses HTTP/1.1" 200 9045 "http://www.pro-zurituutsch.ch/Texte/Roman" "Mozilla/5.0 (Macintosh; Intel Mac OS X 10.15; rv:99.0) Gecko/20100101 Firefox/99.0"
213.55.243.17 - - [27/Apr/2022:09:19:17 +0200] "GET /Texte/Roman HTTP/1.1" 200 38741 "http://www.pro-zurituutsch.ch/Texte/Metamorphoses" "Mozilla/5.0 (Macintosh; Intel Mac OS X 10.15; rv:99.0) Gecko/20100101 Firefox/99.0"
213.55.243.17 - - [27/Apr/2022:09:19:32 +0200] "GET /Texte/Metamorphoses HTTP/1.1" 200 9045 "http://www.pro-zurituutsch.ch/Texte/Roman" "Mozilla/5.0 (Macintosh; Intel Mac OS X 10.15; rv:99.0) Gecko/20100101 Firefox/99.0"
213.55.243.17 - - [27/Apr/2022:09:19:34 +0200] "GET /Texte/ZurcherischEnglish HTTP/1.1" 200 8274 "http://www.pro-zurituutsch.ch/Texte/Metamorphoses" "Mozilla/5.0 (Macintosh; Intel Mac OS X 10.15; rv:99.0) Gecko/20100101 Firefox/99.0"
213.55.243.17 - - [27/Apr/2022:09:19:37 +0200] "GET /Texte/Limericks HTTP/1.1" 200 8087 "http://www.pro-zurituutsch.ch/Texte/ZurcherischEnglish" "Mozilla/5.0 (Macintosh; Intel Mac OS X 10.15; rv:99.0) Gecko/20100101 Firefox/99.0"
213.55.243.17 - - [27/Apr/2022:09:19:40 +0200] "GET /Texte/ZurcherischEnglish HTTP/1.1" 200 8274 "http://www.pro-zurituutsch.ch/Texte/Metamorphoses" "Mozilla/5.0 (Macintosh; Intel Mac OS X 10.15; rv:99.0) Gecko/20100101 Firefox/99.0"
213.55.243.17 - - [27/Apr/2022:09:19:41 +0200] "GET /Texte/Metamorphoses HTTP/1.1" 200 9045 "http://www.pro-zurituutsch.ch/Texte/Roman" "Mozilla/5.0 (Macintosh; Intel Mac OS X 10.15; rv:99.0) Gecko/20100101 Firefox/99.0"
213.55.243.17 - - [27/Apr/2022:09:19:42 +0200] "GET /Texte/Roman HTTP/1.1" 200 38741 "http://www.pro-zurituutsch.ch/" "Mozilla/5.0 (Macintosh; Intel Mac OS X 10.15; rv:99.0) Gecko/20100101 Firefox/99.0"
213.55.243.17 - - [27/Apr/2022:09:19:43 +0200] "GET / HTTP/1.1" 200 14638 "https://www.google.com/" "Mozilla/5.0 (Macintosh; Intel Mac OS X 10.15; rv:99.0) Gecko/20100101 Firefox/99.0"
51.75.241.40 - - [27/Apr/2022:09:26:13 +0200] "GET /robots.txt HTTP/1.1" 200 - "-" "INETDEX-BOT/1.5 (Mozilla/5.0; https://inetdex.com/; info at inetdex dot com)"
51.75.241.40 - - [27/Apr/2022:09:26:13 +0200] "GET / HTTP/1.1" 200 14638 "-" "INETDEX-BOT/1.5 (Mozilla/5.0; https://inetdex.com/; info at inetdex dot com)"
185.191.171.1 - - [27/Apr/2022:09:29:53 +0200] "GET /PmWiki/XLPageCookbookTemplate?action=edit HTTP/1.1" 404 18 "-" "Mozilla/5.0 (compatible; SemrushBot/7~bl; +http://www.semrush.com/bot.html)"
65.108.0.150 - - [27/Apr/2022:09:30:28 +0200] "GET /Texte/Schrybwys?action=print HTTP/1.1" 403 18 "http://www.pro-zurituutsch.ch/Texte/Schrybwys" "Mozilla/5.0 (compatible; SEOkicks; +https://www.seokicks.de/robot.html)"
65.108.0.150 - - [27/Apr/2022:09:30:29 +0200] "GET /Texte/Schrybwys?action=diff HTTP/1.1" 403 18 "http://www.pro-zurituutsch.ch/Texte/Schrybwys" "Mozilla/5.0 (compatible; SEOkicks; +https://www.seokicks.de/robot.html)"
65.108.0.150 - - [27/Apr/2022:09:30:30 +0200] "GET /PodCast/PodCast HTTP/1.1" 200 29790 "http://www.pro-zurituutsch.ch/Texte/Schrybwys" "Mozilla/5.0 (compatible; SEOkicks; +https://www.seokicks.de/robot.html)"
65.108.0.150 - - [27/Apr/2022:09:30:32 +0200] "GET /Texte/Bitterbeuhsi?action=edit HTTP/1.1" 403 18 "http://www.pro-zurituutsch.ch/Texte/Bitterbeuhsi" "Mozilla/5.0 (compatible; SEOkicks; +https://www.seokicks.de/robot.html)"
65.108.0.150 - - [27/Apr/2022:09:30:33 +0200] "GET /Texte/Bitterbeuhsi?action=upload HTTP/1.1" 403 18 "http://www.pro-zurituutsch.ch/Texte/Bitterbeuhsi" "Mozilla/5.0 (compatible; SEOkicks; +https://www.seokicks.de/robot.html)"
65.108.0.150 - - [27/Apr/2022:09:30:34 +0200] "GET /Texte/Bitterbeuhsi?action=print HTTP/1.1" 403 18 "http://www.pro-zurituutsch.ch/Texte/Bitterbeuhsi" "Mozilla/5.0 (compatible; SEOkicks; +https://www.seokicks.de/robot.html)"
65.108.0.150 - - [27/Apr/2022:09:30:35 +0200] "GET /Texte/Bitterbeuhsi?action=diff HTTP/1.1" 403 18 "http://www.pro-zurituutsch.ch/Texte/Bitterbeuhsi" "Mozilla/5.0 (compatible; SEOkicks; +https://www.seokicks.de/robot.html)"
65.108.0.150 - - [27/Apr/2022:09:30:36 +0200] "GET /Bestellen.Pschtellformoular HTTP/1.1" 200 10113 "http://www.pro-zurituutsch.ch/Texte/Bitterbeuhsi" "Mozilla/5.0 (compatible; SEOkicks; +https://www.seokicks.de/robot.html)"
65.108.0.150 - - [27/Apr/2022:09:30:37 +0200] "GET /Texte/ArsAmatoria?action=edit HTTP/1.1" 403 18 "http://www.pro-zurituutsch.ch/Texte/ArsAmatoria" "Mozilla/5.0 (compatible; SEOkicks; +https://www.seokicks.de/robot.html)"
65.108.0.150 - - [27/Apr/2022:09:30:39 +0200] "GET /Texte/ArsAmatoria?action=upload HTTP/1.1" 403 18 "http://www.pro-zurituutsch.ch/Texte/ArsAmatoria" "Mozilla/5.0 (compatible; SEOkicks; +https://www.seokicks.de/robot.html)"
65.108.0.150 - - [27/Apr/2022:09:30:40 +0200] "GET /Texte/ArsAmatoria?action=print HTTP/1.1" 403 18 "http://www.pro-zurituutsch.ch/Texte/ArsAmatoria" "Mozilla/5.0 (compatible; SEOkicks; +https://www.seokicks.de/robot.html)"
194.209.200.2 - - [27/Apr/2022:09:40:41 +0200] "GET /robots.txt HTTP/1.1" 200 - "-" "Mozilla/5.0 (compatible; TMMBot/0.2; +http://www.dslab.ch)/Nutch-1.15"
194.209.200.2 - - [27/Apr/2022:09:40:41 +0200] "GET /Texte/ZurcherischEnglish HTTP/1.1" 200 8274 "-" "Mozilla/5.0 (compatible; TMMBot/0.2; +http://www.dslab.ch)/Nutch-1.15"
194.209.200.2 - - [27/Apr/2022:09:42:10 +0200] "GET /Admin/Jahresbericht HTTP/1.1" 200 45530 "-" "Mozilla/5.0 (compatible; TMMBot/0.2; +http://www.dslab.ch)/Nutch-1.15"
194.209.200.2 - - [27/Apr/2022:09:42:31 +0200] "GET /Texte/Limericks HTTP/1.1" 200 8087 "-" "Mozilla/5.0 (compatible; TMMBot/0.2; +http://www.dslab.ch)/Nutch-1.15"
185.191.171.42 - - [27/Apr/2022:09:42:31 +0200] "GET /robots.txt HTTP/1.1" 200 - "-" "Mozilla/5.0 (compatible; SemrushBot/7~bl; +http://www.semrush.com/bot.html)"
185.191.171.1 - - [27/Apr/2022:09:42:31 +0200] "GET /PmWikiDe/ErzeugungNeuerSeiten?action=diff HTTP/1.1" 403 18 "-" "Mozilla/5.0 (compatible; SemrushBot/7~bl; +http://www.semrush.com/bot.html)"
194.209.200.2 - - [27/Apr/2022:09:43:38 +0200] "GET /Texte/GDicht HTTP/1.1" 200 8050 "-" "Mozilla/5.0 (compatible; TMMBot/0.2; +http://www.dslab.ch)/Nutch-1.15"
194.209.200.2 - - [27/Apr/2022:09:44:07 +0200] "GET /Admin/Links HTTP/1.1" 200 14193 "-" "Mozilla/5.0 (compatible; TMMBot/0.2; +http://www.dslab.ch)/Nutch-1.15"
194.209.200.2 - - [27/Apr/2022:09:44:20 +0200] "GET /Site/PodCast HTTP/1.1" 200 40934 "-" "Mozilla/5.0 (compatible; TMMBot/0.2; +http://www.dslab.ch)/Nutch-1.15"
194.209.200.2 - - [27/Apr/2022:09:45:20 +0200] "GET /Texte/Gloosse HTTP/1.1" 200 8061 "-" "Mozilla/5.0 (compatible; TMMBot/0.2; +http://www.dslab.ch)/Nutch-1.15"
194.209.200.2 - - [27/Apr/2022:09:45:50 +0200] "GET /Main/Home HTTP/1.1" 200 14638 "-" "Mozilla/5.0 (compatible; TMMBot/0.2; +http://www.dslab.ch)/Nutch-1.15"
194.209.200.2 - - [27/Apr/2022:09:46:11 +0200] "GET /Admin/Pro-ZurituutschStatuten HTTP/1.1" 200 9580 "-" "Mozilla/5.0 (compatible; TMMBot/0.2; +http://www.dslab.ch)/Nutch-1.15"
194.209.200.2 - - [27/Apr/2022:09:46:15 +0200] "GET / HTTP/1.1" 200 14638 "-" "Mozilla/5.0 (compatible; TMMBot/0.2; +http://www.dslab.ch)/Nutch-1.15"
194.209.200.2 - - [27/Apr/2022:09:46:59 +0200] "GET /Texte/Bitterbeuhsi HTTP/1.1" 200 9255 "-" "Mozilla/5.0 (compatible; TMMBot/0.2; +http://www.dslab.ch)/Nutch-1.15"
194.209.200.2 - - [27/Apr/2022:09:47:10 +0200] "GET /Gast/Podcast HTTP/1.1" 200 8106 "-" "Mozilla/5.0 (compatible; TMMBot/0.2; +http://www.dslab.ch)/Nutch-1.15"
194.209.200.2 - - [27/Apr/2022:09:47:37 +0200] "GET /Hilfe/AnleitungTonbeispiele HTTP/1.1" 200 9878 "-" "Mozilla/5.0 (compatible; TMMBot/0.2; +http://www.dslab.ch)/Nutch-1.15"
168.119.51.163 - - [27/Apr/2022:09:49:10 +0200] "GET /robots.txt HTTP/1.1" 200 - "-" "Mozilla/5.0 (compatible; um-IC/1.0; mailto: techinfo@ubermetrics-technologies.com; Windows NT 6.1; WOW64; rv:40.0) Gecko/20100101 Firefox/40.1"
168.119.51.163 - - [27/Apr/2022:09:49:10 +0200] "GET /PodCast/IndexPage?action=rss HTTP/1.1" 200 6298 "-" "Mozilla/5.0 (compatible; um-IC/1.0; mailto: techinfo@ubermetrics-technologies.com; Windows NT 6.1; WOW64; rv:40.0) Gecko/20100101 Firefox/40.1"
185.191.171.12 - - [27/Apr/2022:09:51:46 +0200] "GET /PmWikiIt/WikiWikiWeb HTTP/1.1" 200 16238 "-" "Mozilla/5.0 (compatible; SemrushBot/7~bl; +http://www.semrush.com/bot.html)"
66.249.66.208 - - [27/Apr/2022:09:56:26 +0200] "GET /PodCast/Site191Rech1509 HTTP/1.1" 200 22335 "-" "Mozilla/5.0 (compatible; Googlebot/2.1; +http://www.google.com/bot.html)"
65.108.0.150 - - [27/Apr/2022:09:57:19 +0200] "GET /Texte/ArsAmatoria?action=diff HTTP/1.1" 403 18 "http://www.pro-zurituutsch.ch/Texte/ArsAmatoria" "Mozilla/5.0 (compatible; SEOkicks; +https://www.seokicks.de/robot.html)"
65.108.0.150 - - [27/Apr/2022:09:57:20 +0200] "GET /Texte/Metamorphoses?action=edit HTTP/1.1" 403 18 "http://www.pro-zurituutsch.ch/Texte/Metamorphoses" "Mozilla/5.0 (compatible; SEOkicks; +https://www.seokicks.de/robot.html)"
65.108.0.150 - - [27/Apr/2022:09:57:21 +0200] "GET /Texte/Metamorphoses?action=upload HTTP/1.1" 403 18 "http://www.pro-zurituutsch.ch/Texte/Metamorphoses" "Mozilla/5.0 (compatible; SEOkicks; +https://www.seokicks.de/robot.html)"
65.108.0.150 - - [27/Apr/2022:09:57:22 +0200] "GET /Texte/Metamorphoses?action=print HTTP/1.1" 403 18 "http://www.pro-zurituutsch.ch/Texte/Metamorphoses" "Mozilla/5.0 (compatible; SEOkicks; +https://www.seokicks.de/robot.html)"
65.108.0.150 - - [27/Apr/2022:09:57:23 +0200] "GET /Texte/Metamorphoses?action=diff HTTP/1.1" 403 18 "http://www.pro-zurituutsch.ch/Texte/Metamorphoses" "Mozilla/5.0 (compatible; SEOkicks; +https://www.seokicks.de/robot.html)"
65.108.0.150 - - [27/Apr/2022:09:57:25 +0200] "GET /Texte/ZurcherischEnglish?action=edit HTTP/1.1" 403 18 "http://www.pro-zurituutsch.ch/Texte/ZurcherischEnglish" "Mozilla/5.0 (compatible; SEOkicks; +https://www.seokicks.de/robot.html)"
65.108.0.150 - - [27/Apr/2022:09:57:26 +0200] "GET /Texte/ZurcherischEnglish?action=upload HTTP/1.1" 403 18 "http://www.pro-zurituutsch.ch/Texte/ZurcherischEnglish" "Mozilla/5.0 (compatible; SEOkicks; +https://www.seokicks.de/robot.html)"
65.108.0.150 - - [27/Apr/2022:09:57:27 +0200] "GET /Texte/ZurcherischEnglish?action=print HTTP/1.1" 403 18 "http://www.pro-zurituutsch.ch/Texte/ZurcherischEnglish" "Mozilla/5.0 (compatible; SEOkicks; +https://www.seokicks.de/robot.html)"
65.108.0.150 - - [27/Apr/2022:09:57:28 +0200] "GET /Texte/ZurcherischEnglish?action=diff HTTP/1.1" 403 18 "http://www.pro-zurituutsch.ch/Texte/ZurcherischEnglish" "Mozilla/5.0 (compatible; SEOkicks; +https://www.seokicks.de/robot.html)"
65.108.0.150 - - [27/Apr/2022:09:57:29 +0200] "GET /Texte/Rezension?action=edit HTTP/1.1" 403 18 "http://www.pro-zurituutsch.ch/Texte/Rezension" "Mozilla/5.0 (compatible; SEOkicks; +https://www.seokicks.de/robot.html)"
65.108.0.150 - - [27/Apr/2022:09:57:30 +0200] "GET /Texte/Rezension?action=upload HTTP/1.1" 403 18 "http://www.pro-zurituutsch.ch/Texte/Rezension" "Mozilla/5.0 (compatible; SEOkicks; +https://www.seokicks.de/robot.html)"
185.191.171.16 - - [27/Apr/2022:09:58:48 +0200] "GET /PmWiki/ContactUs HTTP/1.1" 200 9533 "-" "Mozilla/5.0 (compatible; SemrushBot/7~bl; +http://www.semrush.com/bot.html)"
185.191.171.37 - - [27/Apr/2022:10:05:03 +0200] "GET /PmWikiRu/PageHistory?action=upload HTTP/1.1" 403 18 "-" "Mozilla/5.0 (compatible; SemrushBot/7~bl; +http://www.semrush.com/bot.html)"
20.193.128.179 - - [27/Apr/2022:10:06:01 +0200] "GET /.env HTTP/1.1" 404 264 "-" "Mozilla/5.0 (Macintosh; Intel Mac OS X 10.15; rv:77.0) Gecko/20100101 Firefox/77.0"
185.191.171.37 - - [27/Apr/2022:10:11:07 +0200] "GET /PmWikiRu/PmWikiPhilosophy?action=print HTTP/1.1" 403 18 "-" "Mozilla/5.0 (compatible; SemrushBot/7~bl; +http://www.semrush.com/bot.html)"
194.209.200.2 - - [27/Apr/2022:10:13:08 +0200] "GET /robots.txt HTTP/1.1" 200 - "-" "Mozilla/5.0 (compatible; TMMBot/0.2; +http://www.dslab.ch)/Nutch-1.15"
194.209.200.2 - - [27/Apr/2022:10:13:08 +0200] "GET /Texte/ZurcherischEnglish HTTP/1.1" 200 8274 "-" "Mozilla/5.0 (compatible; TMMBot/0.2; +http://www.dslab.ch)/Nutch-1.15"
194.209.200.2 - - [27/Apr/2022:10:14:35 +0200] "GET /Admin/Jahresbericht HTTP/1.1" 200 45530 "-" "Mozilla/5.0 (compatible; TMMBot/0.2; +http://www.dslab.ch)/Nutch-1.15"
194.209.200.2 - - [27/Apr/2022:10:14:56 +0200] "GET /Texte/Limericks HTTP/1.1" 200 8087 "-" "Mozilla/5.0 (compatible; TMMBot/0.2; +http://www.dslab.ch)/Nutch-1.15"
194.209.200.2 - - [27/Apr/2022:10:15:48 +0200] "GET /Texte/ArsAmatoria HTTP/1.1" 200 12369 "-" "Mozilla/5.0 (compatible; TMMBot/0.2; +http://www.dslab.ch)/Nutch-1.15"
194.209.200.2 - - [27/Apr/2022:10:16:02 +0200] "GET /Texte/GDicht HTTP/1.1" 200 8050 "-" "Mozilla/5.0 (compatible; TMMBot/0.2; +http://www.dslab.ch)/Nutch-1.15"
194.209.200.2 - - [27/Apr/2022:10:16:33 +0200] "GET /Admin/Links HTTP/1.1" 200 14193 "-" "Mozilla/5.0 (compatible; TMMBot/0.2; +http://www.dslab.ch)/Nutch-1.15"
194.209.200.2 - - [27/Apr/2022:10:16:46 +0200] "GET /Site/PodCast HTTP/1.1" 200 40934 "-" "Mozilla/5.0 (compatible; TMMBot/0.2; +http://www.dslab.ch)/Nutch-1.15"
194.209.200.2 - - [27/Apr/2022:10:17:42 +0200] "GET /Texte/Gloosse HTTP/1.1" 200 8061 "-" "Mozilla/5.0 (compatible; TMMBot/0.2; +http://www.dslab.ch)/Nutch-1.15"
194.209.200.2 - - [27/Apr/2022:10:18:32 +0200] "GET /Admin/Pro-ZurituutschStatuten HTTP/1.1" 200 9580 "-" "Mozilla/5.0 (compatible; TMMBot/0.2; +http://www.dslab.ch)/Nutch-1.15"
194.209.200.2 - - [27/Apr/2022:10:18:36 +0200] "GET / HTTP/1.1" 200 14638 "-" "Mozilla/5.0 (compatible; TMMBot/0.2; +http://www.dslab.ch)/Nutch-1.15"
194.209.200.2 - - [27/Apr/2022:10:19:21 +0200] "GET /Texte/Bitterbeuhsi HTTP/1.1" 200 9255 "-" "Mozilla/5.0 (compatible; TMMBot/0.2; +http://www.dslab.ch)/Nutch-1.15"
194.209.200.2 - - [27/Apr/2022:10:19:31 +0200] "GET /Gast/Podcast HTTP/1.1" 200 8106 "-" "Mozilla/5.0 (compatible; TMMBot/0.2; +http://www.dslab.ch)/Nutch-1.15"
194.209.200.2 - - [27/Apr/2022:10:20:01 +0200] "GET /Hilfe/AnleitungTonbeispiele HTTP/1.1" 200 9878 "-" "Mozilla/5.0 (compatible; TMMBot/0.2; +http://www.dslab.ch)/Nutch-1.15"
65.108.0.150 - - [27/Apr/2022:10:21:54 +0200] "GET /Texte/Rezension?action=print HTTP/1.1" 403 18 "http://www.pro-zurituutsch.ch/Texte/Rezension" "Mozilla/5.0 (compatible; SEOkicks; +https://www.seokicks.de/robot.html)"
65.108.0.150 - - [27/Apr/2022:10:21:55 +0200] "GET /Texte/Rezension?action=diff HTTP/1.1" 403 18 "http://www.pro-zurituutsch.ch/Texte/Rezension" "Mozilla/5.0 (compatible; SEOkicks; +https://www.seokicks.de/robot.html)"
65.108.0.150 - - [27/Apr/2022:10:21:56 +0200] "GET /Texte/Limericks?action=edit HTTP/1.1" 403 18 "http://www.pro-zurituutsch.ch/Texte/Limericks" "Mozilla/5.0 (compatible; SEOkicks; +https://www.seokicks.de/robot.html)"
65.108.0.150 - - [27/Apr/2022:10:21:57 +0200] "GET /Texte/Limericks?action=upload HTTP/1.1" 403 18 "http://www.pro-zurituutsch.ch/Texte/Limericks" "Mozilla/5.0 (compatible; SEOkicks; +https://www.seokicks.de/robot.html)"
65.108.0.150 - - [27/Apr/2022:10:21:58 +0200] "GET /Texte/Limericks?action=print HTTP/1.1" 403 18 "http://www.pro-zurituutsch.ch/Texte/Limericks" "Mozilla/5.0 (compatible; SEOkicks; +https://www.seokicks.de/robot.html)"
65.108.0.150 - - [27/Apr/2022:10:21:59 +0200] "GET /Texte/Limericks?action=diff HTTP/1.1" 403 18 "http://www.pro-zurituutsch.ch/Texte/Limericks" "Mozilla/5.0 (compatible; SEOkicks; +https://www.seokicks.de/robot.html)"
65.108.0.150 - - [27/Apr/2022:10:22:01 +0200] "GET /Texte/GDicht?action=edit HTTP/1.1" 403 18 "http://www.pro-zurituutsch.ch/Texte/GDicht" "Mozilla/5.0 (compatible; SEOkicks; +https://www.seokicks.de/robot.html)"
65.108.0.150 - - [27/Apr/2022:10:22:02 +0200] "GET /Texte/GDicht?action=upload HTTP/1.1" 403 18 "http://www.pro-zurituutsch.ch/Texte/GDicht" "Mozilla/5.0 (compatible; SEOkicks; +https://www.seokicks.de/robot.html)"
65.108.0.150 - - [27/Apr/2022:10:22:03 +0200] "GET /Texte/GDicht?action=print HTTP/1.1" 403 18 "http://www.pro-zurituutsch.ch/Texte/GDicht" "Mozilla/5.0 (compatible; SEOkicks; +https://www.seokicks.de/robot.html)"
65.108.0.150 - - [27/Apr/2022:10:22:04 +0200] "GET /Texte/GDicht?action=diff HTTP/1.1" 403 18 "http://www.pro-zurituutsch.ch/Texte/GDicht" "Mozilla/5.0 (compatible; SEOkicks; +https://www.seokicks.de/robot.html)"
65.108.0.150 - - [27/Apr/2022:10:22:05 +0200] "GET /Texte/Gloosse?action=edit HTTP/1.1" 403 18 "http://www.pro-zurituutsch.ch/Texte/Gloosse" "Mozilla/5.0 (compatible; SEOkicks; +https://www.seokicks.de/robot.html)"
66.249.66.206 - - [27/Apr/2022:10:22:25 +0200] "GET /PodCast/IndexPage?action=rss HTTP/1.1" 200 6298 "-" "Mozilla/5.0 (compatible; Googlebot/2.1; +http://www.google.com/bot.html)"
185.191.171.41 - - [27/Apr/2022:10:43:33 +0200] "GET /robots.txt HTTP/1.1" 200 - "-" "Mozilla/5.0 (compatible; SemrushBot/7~bl; +http://www.semrush.com/bot.html)"
185.191.171.14 - - [27/Apr/2022:10:43:34 +0200] "GET /PmWikiDe/Internationalisierungen?action=print HTTP/1.1" 403 18 "-" "Mozilla/5.0 (compatible; SemrushBot/7~bl; +http://www.semrush.com/bot.html)"
185.191.171.17 - - [27/Apr/2022:10:44:21 +0200] "GET /PmWikiRu/A?action=search&fmt=title&q=link%3DPmWikiRu.PageLists HTTP/1.1" 404 18 "-" "Mozilla/5.0 (compatible; SemrushBot/7~bl; +http://www.semrush.com/bot.html)"
194.209.200.2 - - [27/Apr/2022:10:44:21 +0200] "GET /robots.txt HTTP/1.1" 200 - "-" "Mozilla/5.0 (compatible; TMMBot/0.2; +http://www.dslab.ch)/Nutch-1.15"
194.209.200.2 - - [27/Apr/2022:10:44:21 +0200] "GET /Admin/AdresseStiftung HTTP/1.1" 200 8453 "-" "Mozilla/5.0 (compatible; TMMBot/0.2; +http://www.dslab.ch)/Nutch-1.15"
65.108.0.150 - - [27/Apr/2022:10:44:40 +0200] "GET /Texte/Gloosse?action=upload HTTP/1.1" 403 18 "http://www.pro-zurituutsch.ch/Texte/Gloosse" "Mozilla/5.0 (compatible; SEOkicks; +https://www.seokicks.de/robot.html)"
194.209.200.2 - - [27/Apr/2022:10:45:00 +0200] "GET /Texte/ZurcherischEnglish HTTP/1.1" 200 8274 "-" "Mozilla/5.0 (compatible; TMMBot/0.2; +http://www.dslab.ch)/Nutch-1.15"
216.244.66.243 - - [27/Apr/2022:10:46:19 +0200] "GET /robots.txt HTTP/1.1" 200 - "-" "Mozilla/5.0 (compatible; DotBot/1.2; +https://opensiteexplorer.org/dotbot; help@moz.com)"
194.209.200.2 - - [27/Apr/2022:10:46:49 +0200] "GET /Admin/Jahresbericht HTTP/1.1" 200 45530 "-" "Mozilla/5.0 (compatible; TMMBot/0.2; +http://www.dslab.ch)/Nutch-1.15"
194.209.200.2 - - [27/Apr/2022:10:47:23 +0200] "GET /Texte/Limericks HTTP/1.1" 200 8087 "-" "Mozilla/5.0 (compatible; TMMBot/0.2; +http://www.dslab.ch)/Nutch-1.15"
194.209.200.2 - - [27/Apr/2022:10:49:23 +0200] "GET /Texte/GDicht HTTP/1.1" 200 8050 "-" "Mozilla/5.0 (compatible; TMMBot/0.2; +http://www.dslab.ch)/Nutch-1.15"
66.249.66.206 - - [27/Apr/2022:10:49:51 +0200] "GET /Texte/Schrybwys HTTP/1.1" 200 11028 "-" "Mozilla/5.0 (compatible; Googlebot/2.1; +http://www.google.com/bot.html)"
194.209.200.2 - - [27/Apr/2022:10:50:00 +0200] "GET /Admin/Links HTTP/1.1" 200 14193 "-" "Mozilla/5.0 (compatible; TMMBot/0.2; +http://www.dslab.ch)/Nutch-1.15"
194.209.200.2 - - [27/Apr/2022:10:50:20 +0200] "GET /Site/PodCast HTTP/1.1" 200 40934 "-" "Mozilla/5.0 (compatible; TMMBot/0.2; +http://www.dslab.ch)/Nutch-1.15"
185.191.171.17 - - [27/Apr/2022:10:50:26 +0200] "GET /PmWikiFr/DesignNotes?action=upload HTTP/1.1" 403 18 "-" "Mozilla/5.0 (compatible; SemrushBot/7~bl; +http://www.semrush.com/bot.html)"
194.209.200.2 - - [27/Apr/2022:10:51:54 +0200] "GET /Texte/Gloosse HTTP/1.1" 200 8061 "-" "Mozilla/5.0 (compatible; TMMBot/0.2; +http://www.dslab.ch)/Nutch-1.15"
194.209.200.2 - - [27/Apr/2022:10:53:07 +0200] "GET /Admin/Pro-ZurituutschStatuten HTTP/1.1" 200 9580 "-" "Mozilla/5.0 (compatible; TMMBot/0.2; +http://www.dslab.ch)/Nutch-1.15"
194.209.200.2 - - [27/Apr/2022:10:53:12 +0200] "GET / HTTP/1.1" 200 14638 "-" "Mozilla/5.0 (compatible; TMMBot/0.2; +http://www.dslab.ch)/Nutch-1.15"
194.209.200.2 - - [27/Apr/2022:10:54:28 +0200] "GET /Texte/Bitterbeuhsi HTTP/1.1" 200 9255 "-" "Mozilla/5.0 (compatible; TMMBot/0.2; +http://www.dslab.ch)/Nutch-1.15"
194.209.200.2 - - [27/Apr/2022:10:54:44 +0200] "GET /Gast/Podcast HTTP/1.1" 200 8106 "-" "Mozilla/5.0 (compatible; TMMBot/0.2; +http://www.dslab.ch)/Nutch-1.15"
194.209.200.2 - - [27/Apr/2022:10:55:29 +0200] "GET /Hilfe/AnleitungTonbeispiele HTTP/1.1" 200 9878 "-" "Mozilla/5.0 (compatible; TMMBot/0.2; +http://www.dslab.ch)/Nutch-1.15"
216.244.66.243 - - [27/Apr/2022:10:57:05 +0200] "GET /PmWikiRu/WikiSandbox HTTP/1.1" 200 16795 "-" "Mozilla/5.0 (compatible; DotBot/1.2; +https://opensiteexplorer.org/dotbot; help@moz.com)"
216.244.66.243 - - [27/Apr/2022:10:57:31 +0200] "GET /PodCast/Begriffbegryffe HTTP/1.1" 200 9885 "-" "Mozilla/5.0 (compatible; DotBot/1.2; +https://opensiteexplorer.org/dotbot; help@moz.com)"
216.244.66.243 - - [27/Apr/2022:10:58:00 +0200] "GET /PodCast/SprProfSchwzTggs HTTP/1.1" 200 13011 "-" "Mozilla/5.0 (compatible; DotBot/1.2; +https://opensiteexplorer.org/dotbot; help@moz.com)"
185.191.171.40 - - [27/Apr/2022:10:58:04 +0200] "GET /PmWikiPtBr/Sandbox HTTP/1.1" 200 9237 "-" "Mozilla/5.0 (compatible; SemrushBot/7~bl; +http://www.semrush.com/bot.html)"
185.191.171.3 - - [27/Apr/2022:11:07:22 +0200] "GET /PmWikiDe/ErzeugungNeuerSeiten?action=upload HTTP/1.1" 403 18 "-" "Mozilla/5.0 (compatible; SemrushBot/7~bl; +http://www.semrush.com/bot.html)"
66.249.66.206 - - [27/Apr/2022:11:14:52 +0200] "GET /PodCast/IndexPage?action=rss HTTP/1.1" 200 6298 "-" "Mozilla/5.0 (compatible; Googlebot/2.1; +http://www.google.com/bot.html)"
185.191.171.11 - - [27/Apr/2022:11:26:55 +0200] "GET /PmWikiDe/TextFormattingRules?action=print HTTP/1.1" 403 18 "-" "Mozilla/5.0 (compatible; SemrushBot/7~bl; +http://www.semrush.com/bot.html)"
194.209.200.2 - - [27/Apr/2022:11:30:20 +0200] "GET /robots.txt HTTP/1.1" 200 - "-" "Mozilla/5.0 (compatible; TMMBot/0.2; +http://www.dslab.ch)/Nutch-1.15"
194.209.200.2 - - [27/Apr/2022:11:30:20 +0200] "GET /Texte/ZurcherischEnglish HTTP/1.1" 200 8274 "-" "Mozilla/5.0 (compatible; TMMBot/0.2; +http://www.dslab.ch)/Nutch-1.15"
194.209.200.2 - - [27/Apr/2022:11:32:31 +0200] "GET /Texte/Limericks HTTP/1.1" 200 8087 "-" "Mozilla/5.0 (compatible; TMMBot/0.2; +http://www.dslab.ch)/Nutch-1.15"
194.209.200.2 - - [27/Apr/2022:11:32:35 +0200] "GET /Texte/Schrybwys HTTP/1.1" 200 11028 "-" "Mozilla/5.0 (compatible; TMMBot/0.2; +http://www.dslab.ch)/Nutch-1.15"
194.209.200.2 - - [27/Apr/2022:11:33:44 +0200] "GET /Texte/GDicht HTTP/1.1" 200 8050 "-" "Mozilla/5.0 (compatible; TMMBot/0.2; +http://www.dslab.ch)/Nutch-1.15"
194.209.200.2 - - [27/Apr/2022:11:34:24 +0200] "GET /Admin/Links HTTP/1.1" 200 14193 "-" "Mozilla/5.0 (compatible; TMMBot/0.2; +http://www.dslab.ch)/Nutch-1.15"
194.209.200.2 - - [27/Apr/2022:11:34:39 +0200] "GET /Site/PodCast HTTP/1.1" 200 40934 "-" "Mozilla/5.0 (compatible; TMMBot/0.2; +http://www.dslab.ch)/Nutch-1.15"
194.209.200.2 - - [27/Apr/2022:11:35:53 +0200] "GET /Texte/Gloosse HTTP/1.1" 200 8061 "-" "Mozilla/5.0 (compatible; TMMBot/0.2; +http://www.dslab.ch)/Nutch-1.15"
194.209.200.2 - - [27/Apr/2022:11:36:55 +0200] "GET /Admin/Pro-ZurituutschStatuten HTTP/1.1" 200 9580 "-" "Mozilla/5.0 (compatible; TMMBot/0.2; +http://www.dslab.ch)/Nutch-1.15"
194.209.200.2 - - [27/Apr/2022:11:37:00 +0200] "GET / HTTP/1.1" 200 14638 "-" "Mozilla/5.0 (compatible; TMMBot/0.2; +http://www.dslab.ch)/Nutch-1.15"
194.209.200.2 - - [27/Apr/2022:11:38:10 +0200] "GET /Texte/Bitterbeuhsi HTTP/1.1" 200 9255 "-" "Mozilla/5.0 (compatible; TMMBot/0.2; +http://www.dslab.ch)/Nutch-1.15"
185.191.171.13 - - [27/Apr/2022:11:38:19 +0200] "GET /PmWikiDe/Glossar?action=print HTTP/1.1" 403 18 "-" "Mozilla/5.0 (compatible; SemrushBot/7~bl; +http://www.semrush.com/bot.html)"
194.209.200.2 - - [27/Apr/2022:11:38:23 +0200] "GET /Gast/Podcast HTTP/1.1" 200 8106 "-" "Mozilla/5.0 (compatible; TMMBot/0.2; +http://www.dslab.ch)/Nutch-1.15"
185.191.171.17 - - [27/Apr/2022:11:45:41 +0200] "GET /robots.txt HTTP/1.1" 200 - "-" "Mozilla/5.0 (compatible; SemrushBot/7~bl; +http://www.semrush.com/bot.html)"
185.191.171.38 - - [27/Apr/2022:11:45:41 +0200] "GET /PmWikiPtBr/IndexMestreMarcacoes?action=edit HTTP/1.1" 404 18 "-" "Mozilla/5.0 (compatible; SemrushBot/7~bl; +http://www.semrush.com/bot.html)"
185.191.171.14 - - [27/Apr/2022:11:49:00 +0200] "GET /PmWikiIt/PaginaProva?action=print HTTP/1.1" 403 18 "-" "Mozilla/5.0 (compatible; SemrushBot/7~bl; +http://www.semrush.com/bot.html)"
185.191.171.44 - - [27/Apr/2022:11:51:46 +0200] "GET /PmWikiPtBr/RecentChanges?action=edit HTTP/1.1" 404 18 "-" "Mozilla/5.0 (compatible; SemrushBot/7~bl; +http://www.semrush.com/bot.html)"
185.191.171.14 - - [27/Apr/2022:11:55:28 +0200] "GET /PmWikiDe/SimultaneousEdits?action=edit HTTP/1.1" 403 18 "-" "Mozilla/5.0 (compatible; SemrushBot/7~bl; +http://www.semrush.com/bot.html)"
194.209.200.2 - - [27/Apr/2022:12:04:18 +0200] "GET /robots.txt HTTP/1.1" 200 - "-" "Mozilla/5.0 (compatible; TMMBot/0.2; +http://www.dslab.ch)/Nutch-1.15"
194.209.200.2 - - [27/Apr/2022:12:04:18 +0200] "GET /Texte/ZurcherischEnglish HTTP/1.1" 200 8274 "-" "Mozilla/5.0 (compatible; TMMBot/0.2; +http://www.dslab.ch)/Nutch-1.15"
185.191.171.6 - - [27/Apr/2022:12:05:01 +0200] "GET /PmWikiFr/HierarchicalGroups?action=edit HTTP/1.1" 404 18 "-" "Mozilla/5.0 (compatible; SemrushBot/7~bl; +http://www.semrush.com/bot.html)"
194.209.200.2 - - [27/Apr/2022:12:05:41 +0200] "GET /Admin/Jahresbericht HTTP/1.1" 200 45530 "-" "Mozilla/5.0 (compatible; TMMBot/0.2; +http://www.dslab.ch)/Nutch-1.15"
194.209.200.2 - - [27/Apr/2022:12:06:01 +0200] "GET /Texte/Limericks HTTP/1.1" 200 8087 "-" "Mozilla/5.0 (compatible; TMMBot/0.2; +http://www.dslab.ch)/Nutch-1.15"
194.209.200.2 - - [27/Apr/2022:12:07:07 +0200] "GET /Texte/GDicht HTTP/1.1" 200 8050 "-" "Mozilla/5.0 (compatible; TMMBot/0.2; +http://www.dslab.ch)/Nutch-1.15"
194.209.200.2 - - [27/Apr/2022:12:07:36 +0200] "GET /Admin/Links HTTP/1.1" 200 14193 "-" "Mozilla/5.0 (compatible; TMMBot/0.2; +http://www.dslab.ch)/Nutch-1.15"
194.209.200.2 - - [27/Apr/2022:12:07:49 +0200] "GET /Site/PodCast HTTP/1.1" 200 40934 "-" "Mozilla/5.0 (compatible; TMMBot/0.2; +http://www.dslab.ch)/Nutch-1.15"
194.209.200.2 - - [27/Apr/2022:12:08:47 +0200] "GET /Texte/Gloosse HTTP/1.1" 200 8061 "-" "Mozilla/5.0 (compatible; TMMBot/0.2; +http://www.dslab.ch)/Nutch-1.15"
185.191.171.26 - - [27/Apr/2022:12:09:01 +0200] "GET /PmWikiRu/Download?action=edit HTTP/1.1" 403 18 "-" "Mozilla/5.0 (compatible; SemrushBot/7~bl; +http://www.semrush.com/bot.html)"
194.209.200.2 - - [27/Apr/2022:12:09:36 +0200] "GET /Admin/Pro-ZurituutschStatuten HTTP/1.1" 200 9580 "-" "Mozilla/5.0 (compatible; TMMBot/0.2; +http://www.dslab.ch)/Nutch-1.15"
194.209.200.2 - - [27/Apr/2022:12:09:40 +0200] "GET / HTTP/1.1" 200 14638 "-" "Mozilla/5.0 (compatible; TMMBot/0.2; +http://www.dslab.ch)/Nutch-1.15"
194.209.200.2 - - [27/Apr/2022:12:10:26 +0200] "GET /Texte/Bitterbeuhsi HTTP/1.1" 200 9255 "-" "Mozilla/5.0 (compatible; TMMBot/0.2; +http://www.dslab.ch)/Nutch-1.15"
194.209.200.2 - - [27/Apr/2022:12:10:36 +0200] "GET /Gast/Podcast HTTP/1.1" 200 8106 "-" "Mozilla/5.0 (compatible; TMMBot/0.2; +http://www.dslab.ch)/Nutch-1.15"
66.249.66.208 - - [27/Apr/2022:12:17:07 +0200] "GET /PodCast/IndexPage?action=rss HTTP/1.1" 200 6298 "-" "Mozilla/5.0 (compatible; Googlebot/2.1; +http://www.google.com/bot.html)"
45.133.1.13 - - [27/Apr/2022:12:23:18 +0200] "GET / HTTP/1.1" 200 14638 "-" "Mozilla/5.0 (Windows NT 10.0; Win64; x64) AppleWebKit/537.36 (KHTML, like Gecko) Chrome/95.0.4638.69 Safari/537.36"
45.133.1.13 - - [27/Apr/2022:12:23:18 +0200] "GET / HTTP/1.1" 200 14638 "-" "Mozilla/5.0 (Windows NT 10.0; Win64; x64) AppleWebKit/537.36 (KHTML, like Gecko) Chrome/95.0.4638.69 Safari/537.36"
45.133.1.13 - - [27/Apr/2022:12:23:18 +0200] "GET /feed/ HTTP/1.1" 404 271 "-" "Mozilla/5.0 (Windows NT 10.0; Win64; x64) AppleWebKit/537.36 (KHTML, like Gecko) Chrome/95.0.4638.69 Safari/537.36"
45.133.1.13 - - [27/Apr/2022:12:23:18 +0200] "GET /xmlrpc.php?rsd HTTP/1.1" 404 276 "-" "Mozilla/5.0 (Windows NT 10.0; Win64; x64) AppleWebKit/537.36 (KHTML, like Gecko) Chrome/95.0.4638.69 Safari/537.36"
45.133.1.13 - - [27/Apr/2022:12:23:19 +0200] "GET /blog/wp-includes/wlwmanifest.xml HTTP/1.1" 404 298 "-" "Mozilla/5.0 (Windows NT 10.0; Win64; x64) AppleWebKit/537.36 (KHTML, like Gecko) Chrome/95.0.4638.69 Safari/537.36"
45.133.1.13 - - [27/Apr/2022:12:23:19 +0200] "GET /web/wp-includes/wlwmanifest.xml HTTP/1.1" 404 297 "-" "Mozilla/5.0 (Windows NT 10.0; Win64; x64) AppleWebKit/537.36 (KHTML, like Gecko) Chrome/95.0.4638.69 Safari/537.36"
45.133.1.13 - - [27/Apr/2022:12:23:19 +0200] "GET /wordpress/wp-includes/wlwmanifest.xml HTTP/1.1" 404 303 "-" "Mozilla/5.0 (Windows NT 10.0; Win64; x64) AppleWebKit/537.36 (KHTML, like Gecko) Chrome/95.0.4638.69 Safari/537.36"
45.133.1.13 - - [27/Apr/2022:12:23:19 +0200] "GET /wp/wp-includes/wlwmanifest.xml HTTP/1.1" 404 296 "-" "Mozilla/5.0 (Windows NT 10.0; Win64; x64) AppleWebKit/537.36 (KHTML, like Gecko) Chrome/95.0.4638.69 Safari/537.36"
45.133.1.13 - - [27/Apr/2022:12:23:19 +0200] "GET /2020/wp-includes/wlwmanifest.xml HTTP/1.1" 404 264 "-" "Mozilla/5.0 (Windows NT 10.0; Win64; x64) AppleWebKit/537.36 (KHTML, like Gecko) Chrome/95.0.4638.69 Safari/537.36"
45.133.1.13 - - [27/Apr/2022:12:23:19 +0200] "GET /2019/wp-includes/wlwmanifest.xml HTTP/1.1" 404 264 "-" "Mozilla/5.0 (Windows NT 10.0; Win64; x64) AppleWebKit/537.36 (KHTML, like Gecko) Chrome/95.0.4638.69 Safari/537.36"
45.133.1.13 - - [27/Apr/2022:12:23:19 +0200] "GET /2021/wp-includes/wlwmanifest.xml HTTP/1.1" 404 264 "-" "Mozilla/5.0 (Windows NT 10.0; Win64; x64) AppleWebKit/537.36 (KHTML, like Gecko) Chrome/95.0.4638.69 Safari/537.36"
45.133.1.13 - - [27/Apr/2022:12:23:19 +0200] "GET /shop/wp-includes/wlwmanifest.xml HTTP/1.1" 404 298 "-" "Mozilla/5.0 (Windows NT 10.0; Win64; x64) AppleWebKit/537.36 (KHTML, like Gecko) Chrome/95.0.4638.69 Safari/537.36"
45.133.1.13 - - [27/Apr/2022:12:23:19 +0200] "GET /wp1/wp-includes/wlwmanifest.xml HTTP/1.1" 404 297 "-" "Mozilla/5.0 (Windows NT 10.0; Win64; x64) AppleWebKit/537.36 (KHTML, like Gecko) Chrome/95.0.4638.69 Safari/537.36"
45.133.1.13 - - [27/Apr/2022:12:23:19 +0200] "GET /test/wp-includes/wlwmanifest.xml HTTP/1.1" 404 298 "-" "Mozilla/5.0 (Windows NT 10.0; Win64; x64) AppleWebKit/537.36 (KHTML, like Gecko) Chrome/95.0.4638.69 Safari/537.36"
45.133.1.13 - - [27/Apr/2022:12:23:19 +0200] "GET /site/wp-includes/wlwmanifest.xml HTTP/1.1" 404 298 "-" "Mozilla/5.0 (Windows NT 10.0; Win64; x64) AppleWebKit/537.36 (KHTML, like Gecko) Chrome/95.0.4638.69 Safari/537.36"
45.133.1.13 - - [27/Apr/2022:12:23:19 +0200] "GET /cms/wp-includes/wlwmanifest.xml HTTP/1.1" 404 297 "-" "Mozilla/5.0 (Windows NT 10.0; Win64; x64) AppleWebKit/537.36 (KHTML, like Gecko) Chrome/95.0.4638.69 Safari/537.36"
114.119.140.70 - - [27/Apr/2022:12:33:57 +0200] "GET /PmWikiFr/Search HTTP/1.1" 200 11056 "-" "Mozilla/5.0 (Linux; Android 7.0;) AppleWebKit/537.36 (KHTML, like Gecko) Mobile Safari/537.36 (compatible; PetalBot;+https://webmaster.petalsearch.com/site/petalbot)"
216.244.66.243 - - [27/Apr/2022:12:36:28 +0200] "GET /robots.txt HTTP/1.1" 200 - "-" "Mozilla/5.0 (compatible; DotBot/1.2; +https://opensiteexplorer.org/dotbot; help@moz.com)"
185.191.171.10 - - [27/Apr/2022:12:41:12 +0200] "GET /PmWikiFr/PmWikiPhilosophy?action=edit HTTP/1.1" 403 18 "-" "Mozilla/5.0 (compatible; SemrushBot/7~bl; +http://www.semrush.com/bot.html)"
194.209.200.2 - - [27/Apr/2022:12:43:04 +0200] "GET /robots.txt HTTP/1.1" 200 - "-" "Mozilla/5.0 (compatible; TMMBot/0.2; +http://www.dslab.ch)/Nutch-1.15"
194.209.200.2 - - [27/Apr/2022:12:43:04 +0200] "GET /Texte/ZurcherischEnglish HTTP/1.1" 200 8274 "-" "Mozilla/5.0 (compatible; TMMBot/0.2; +http://www.dslab.ch)/Nutch-1.15"
54.36.148.228 - - [27/Apr/2022:12:43:45 +0200] "GET / HTTP/1.1" 200 14638 "-" "Mozilla/5.0 (compatible; AhrefsBot/7.0; +http://ahrefs.com/robot/)"
185.191.171.34 - - [27/Apr/2022:12:44:11 +0200] "GET /PmWikiDe/Forms?action=print HTTP/1.1" 403 18 "-" "Mozilla/5.0 (compatible; SemrushBot/7~bl; +http://www.semrush.com/bot.html)"
194.209.200.2 - - [27/Apr/2022:12:44:20 +0200] "GET /Admin/Jahresbericht HTTP/1.1" 200 45530 "-" "Mozilla/5.0 (compatible; TMMBot/0.2; +http://www.dslab.ch)/Nutch-1.15"
194.209.200.2 - - [27/Apr/2022:12:44:41 +0200] "GET /Texte/Schrybwys HTTP/1.1" 200 11028 "-" "Mozilla/5.0 (compatible; TMMBot/0.2; +http://www.dslab.ch)/Nutch-1.15"
194.209.200.2 - - [27/Apr/2022:12:45:26 +0200] "GET /Texte/ArsAmatoria HTTP/1.1" 200 12369 "-" "Mozilla/5.0 (compatible; TMMBot/0.2; +http://www.dslab.ch)/Nutch-1.15"
194.209.200.2 - - [27/Apr/2022:12:45:38 +0200] "GET /Texte/GDicht HTTP/1.1" 200 8050 "-" "Mozilla/5.0 (compatible; TMMBot/0.2; +http://www.dslab.ch)/Nutch-1.15"
194.209.200.2 - - [27/Apr/2022:12:46:07 +0200] "GET /Admin/Links HTTP/1.1" 200 14193 "-" "Mozilla/5.0 (compatible; TMMBot/0.2; +http://www.dslab.ch)/Nutch-1.15"
194.209.200.2 - - [27/Apr/2022:12:46:18 +0200] "GET /Site/PodCast HTTP/1.1" 200 40934 "-" "Mozilla/5.0 (compatible; TMMBot/0.2; +http://www.dslab.ch)/Nutch-1.15"
194.209.200.2 - - [27/Apr/2022:12:47:12 +0200] "GET /Texte/Gloosse HTTP/1.1" 200 8061 "-" "Mozilla/5.0 (compatible; TMMBot/0.2; +http://www.dslab.ch)/Nutch-1.15"
194.209.200.2 - - [27/Apr/2022:12:47:59 +0200] "GET /Admin/Pro-ZurituutschStatuten HTTP/1.1" 200 9580 "-" "Mozilla/5.0 (compatible; TMMBot/0.2; +http://www.dslab.ch)/Nutch-1.15"
194.209.200.2 - - [27/Apr/2022:12:48:03 +0200] "GET / HTTP/1.1" 200 14638 "-" "Mozilla/5.0 (compatible; TMMBot/0.2; +http://www.dslab.ch)/Nutch-1.15"
194.209.200.2 - - [27/Apr/2022:12:48:44 +0200] "GET /Texte/Bitterbeuhsi HTTP/1.1" 200 9255 "-" "Mozilla/5.0 (compatible; TMMBot/0.2; +http://www.dslab.ch)/Nutch-1.15"
194.209.200.2 - - [27/Apr/2022:12:48:53 +0200] "GET /Gast/Podcast HTTP/1.1" 200 8106 "-" "Mozilla/5.0 (compatible; TMMBot/0.2; +http://www.dslab.ch)/Nutch-1.15"
216.244.66.243 - - [27/Apr/2022:12:48:57 +0200] "GET /PmWikiFr/ReleaseNotes HTTP/1.1" 200 108181 "-" "Mozilla/5.0 (compatible; DotBot/1.2; +https://opensiteexplorer.org/dotbot; help@moz.com)"
62.197.136.40 - - [27/Apr/2022:12:50:23 +0200] "GET /.env HTTP/1.1" 404 264 "-" "Mozilla/5.0 (X11; Linux x86_64) AppleWebKit/537.36 (KHTML, like Gecko) Chrome/81.0.4044.129 Safari/537.36"
62.197.136.40 - - [27/Apr/2022:12:50:23 +0200] "POST / HTTP/1.1" 200 14638 "-" "Mozilla/5.0 (X11; Linux x86_64) AppleWebKit/537.36 (KHTML, like Gecko) Chrome/81.0.4044.129 Safari/537.36"
62.197.136.40 - - [27/Apr/2022:12:50:23 +0200] "GET /.env HTTP/1.1" 404 264 "-" "Mozilla/5.0 (X11; Linux x86_64) AppleWebKit/537.36 (KHTML, like Gecko) Chrome/81.0.4044.129 Safari/537.36"
62.197.136.40 - - [27/Apr/2022:12:50:23 +0200] "POST / HTTP/1.1" 200 14638 "-" "Mozilla/5.0 (X11; Linux x86_64) AppleWebKit/537.36 (KHTML, like Gecko) Chrome/81.0.4044.129 Safari/537.36"
216.244.66.243 - - [27/Apr/2022:12:50:47 +0200] "GET /PmWikiRu/WikiWikiWeb HTTP/1.1" 200 15674 "-" "Mozilla/5.0 (compatible; DotBot/1.2; +https://opensiteexplorer.org/dotbot; help@moz.com)"
185.191.171.13 - - [27/Apr/2022:12:54:03 +0200] "GET /robots.txt HTTP/1.1" 200 - "-" "Mozilla/5.0 (compatible; SemrushBot/7~bl; +http://www.semrush.com/bot.html)"
185.191.171.35 - - [27/Apr/2022:12:54:03 +0200] "GET /PmWikiPtBr/OutrasLinguas HTTP/1.1" 200 9981 "-" "Mozilla/5.0 (compatible; SemrushBot/7~bl; +http://www.semrush.com/bot.html)"
185.191.171.13 - - [27/Apr/2022:12:59:37 +0200] "GET /PmWikiDe/Contributors?action=print HTTP/1.1" 403 18 "-" "Mozilla/5.0 (compatible; SemrushBot/7~bl; +http://www.semrush.com/bot.html)"
185.191.171.13 - - [27/Apr/2022:13:00:04 +0200] "GET /PmWiki/AuthorTracking?action=edit HTTP/1.1" 404 18 "-" "Mozilla/5.0 (compatible; SemrushBot/7~bl; +http://www.semrush.com/bot.html)"
185.191.171.45 - - [27/Apr/2022:13:04:37 +0200] "GET /PmWikiDe/AdministratorPasswRter?action=edit HTTP/1.1" 404 18 "-" "Mozilla/5.0 (compatible; SemrushBot/7~bl; +http://www.semrush.com/bot.html)"
194.209.200.2 - - [27/Apr/2022:13:15:50 +0200] "GET /robots.txt HTTP/1.1" 200 - "-" "Mozilla/5.0 (compatible; TMMBot/0.2; +http://www.dslab.ch)/Nutch-1.15"
194.209.200.2 - - [27/Apr/2022:13:15:50 +0200] "GET /Texte/ZurcherischEnglish HTTP/1.1" 200 8274 "-" "Mozilla/5.0 (compatible; TMMBot/0.2; +http://www.dslab.ch)/Nutch-1.15"
194.209.200.2 - - [27/Apr/2022:13:17:18 +0200] "GET /Admin/Jahresbericht HTTP/1.1" 200 45530 "-" "Mozilla/5.0 (compatible; TMMBot/0.2; +http://www.dslab.ch)/Nutch-1.15"
194.209.200.2 - - [27/Apr/2022:13:17:42 +0200] "GET /Texte/Schrybwys HTTP/1.1" 200 11028 "-" "Mozilla/5.0 (compatible; TMMBot/0.2; +http://www.dslab.ch)/Nutch-1.15"
194.209.200.2 - - [27/Apr/2022:13:18:27 +0200] "GET /Texte/ArsAmatoria HTTP/1.1" 200 12369 "-" "Mozilla/5.0 (compatible; TMMBot/0.2; +http://www.dslab.ch)/Nutch-1.15"
194.209.200.2 - - [27/Apr/2022:13:18:42 +0200] "GET /Texte/GDicht HTTP/1.1" 200 8050 "-" "Mozilla/5.0 (compatible; TMMBot/0.2; +http://www.dslab.ch)/Nutch-1.15"
194.209.200.2 - - [27/Apr/2022:13:19:14 +0200] "GET /Admin/Links HTTP/1.1" 200 14193 "-" "Mozilla/5.0 (compatible; TMMBot/0.2; +http://www.dslab.ch)/Nutch-1.15"
194.209.200.2 - - [27/Apr/2022:13:19:28 +0200] "GET /Site/PodCast HTTP/1.1" 200 40934 "-" "Mozilla/5.0 (compatible; TMMBot/0.2; +http://www.dslab.ch)/Nutch-1.15"
194.209.200.2 - - [27/Apr/2022:13:20:29 +0200] "GET /Texte/Gloosse HTTP/1.1" 200 8061 "-" "Mozilla/5.0 (compatible; TMMBot/0.2; +http://www.dslab.ch)/Nutch-1.15"
194.209.200.2 - - [27/Apr/2022:13:20:58 +0200] "GET /Main/Home HTTP/1.1" 200 14638 "-" "Mozilla/5.0 (compatible; TMMBot/0.2; +http://www.dslab.ch)/Nutch-1.15"
194.209.200.2 - - [27/Apr/2022:13:21:18 +0200] "GET /Admin/Pro-ZurituutschStatuten HTTP/1.1" 200 9580 "-" "Mozilla/5.0 (compatible; TMMBot/0.2; +http://www.dslab.ch)/Nutch-1.15"
194.209.200.2 - - [27/Apr/2022:13:21:23 +0200] "GET / HTTP/1.1" 200 14638 "-" "Mozilla/5.0 (compatible; TMMBot/0.2; +http://www.dslab.ch)/Nutch-1.15"
66.249.66.208 - - [27/Apr/2022:13:21:25 +0200] "GET /PodCast/IndexPage?action=rss HTTP/1.1" 200 6298 "-" "Mozilla/5.0 (compatible; Googlebot/2.1; +http://www.google.com/bot.html)"
194.209.200.2 - - [27/Apr/2022:13:22:07 +0200] "GET /Texte/Bitterbeuhsi HTTP/1.1" 200 9255 "-" "Mozilla/5.0 (compatible; TMMBot/0.2; +http://www.dslab.ch)/Nutch-1.15"
194.209.200.2 - - [27/Apr/2022:13:22:17 +0200] "GET /Gast/Podcast HTTP/1.1" 200 8106 "-" "Mozilla/5.0 (compatible; TMMBot/0.2; +http://www.dslab.ch)/Nutch-1.15"
207.46.13.160 - - [27/Apr/2022:13:24:31 +0200] "GET /PmWiki/Skins HTTP/1.1" 200 22575 "-" "Mozilla/5.0 (compatible; bingbot/2.0; +http://www.bing.com/bingbot.htm)"
185.191.171.26 - - [27/Apr/2022:13:29:16 +0200] "GET /PmWikiRu/CustomInterMap?action=print HTTP/1.1" 403 18 "-" "Mozilla/5.0 (compatible; SemrushBot/7~bl; +http://www.semrush.com/bot.html)"
216.244.66.243 - - [27/Apr/2022:13:32:31 +0200] "GET /robots.txt HTTP/1.1" 200 - "-" "Mozilla/5.0 (compatible; DotBot/1.2; +https://opensiteexplorer.org/dotbot; help@moz.com)"
185.191.171.33 - - [27/Apr/2022:13:32:56 +0200] "GET /PmWikiIt/ConsigliPerLaModifica?action=upload HTTP/1.1" 403 18 "-" "Mozilla/5.0 (compatible; SemrushBot/7~bl; +http://www.semrush.com/bot.html)"
185.191.171.43 - - [27/Apr/2022:13:36:11 +0200] "GET /PmWikiRu/LocalCustomizations HTTP/1.1" 200 18169 "-" "Mozilla/5.0 (compatible; SemrushBot/7~bl; +http://www.semrush.com/bot.html)"
185.191.171.36 - - [27/Apr/2022:13:40:11 +0200] "GET /PmWikiFr/SearchImprovements?action=edit HTTP/1.1" 404 18 "-" "Mozilla/5.0 (compatible; SemrushBot/7~bl; +http://www.semrush.com/bot.html)"
216.244.66.243 - - [27/Apr/2022:13:45:39 +0200] "GET /PodCast/Erinerig HTTP/1.1" 200 8726 "-" "Mozilla/5.0 (compatible; DotBot/1.2; +https://opensiteexplorer.org/dotbot; help@moz.com)"
216.244.66.243 - - [27/Apr/2022:13:45:45 +0200] "GET /PodCast/Fanatiker HTTP/1.1" 200 8890 "-" "Mozilla/5.0 (compatible; DotBot/1.2; +https://opensiteexplorer.org/dotbot; help@moz.com)"
142.132.143.108 - - [27/Apr/2022:13:46:46 +0200] "GET /robots.txt HTTP/1.1" 200 - "-" "Mozilla/5.0 (compatible; DataForSeoBot/1.0; +https://dataforseo.com/dataforseo-bot)"
142.132.143.108 - - [27/Apr/2022:13:46:47 +0200] "GET / HTTP/1.1" 200 14638 "-" "Mozilla/5.0 (compatible; DataForSeoBot/1.0; +https://dataforseo.com/dataforseo-bot)"
194.209.200.2 - - [27/Apr/2022:13:56:02 +0200] "GET /robots.txt HTTP/1.1" 200 - "-" "Mozilla/5.0 (compatible; TMMBot/0.2; +http://www.dslab.ch)/Nutch-1.15"
194.209.200.2 - - [27/Apr/2022:13:56:02 +0200] "GET /Texte/ZurcherischEnglish HTTP/1.1" 200 8274 "-" "Mozilla/5.0 (compatible; TMMBot/0.2; +http://www.dslab.ch)/Nutch-1.15"
194.209.200.2 - - [27/Apr/2022:13:57:23 +0200] "GET /Admin/Jahresbericht HTTP/1.1" 200 45530 "-" "Mozilla/5.0 (compatible; TMMBot/0.2; +http://www.dslab.ch)/Nutch-1.15"
194.209.200.2 - - [27/Apr/2022:13:57:46 +0200] "GET /Texte/Schrybwys HTTP/1.1" 200 11028 "-" "Mozilla/5.0 (compatible; TMMBot/0.2; +http://www.dslab.ch)/Nutch-1.15"
194.209.200.2 - - [27/Apr/2022:13:58:45 +0200] "GET /Texte/GDicht HTTP/1.1" 200 8050 "-" "Mozilla/5.0 (compatible; TMMBot/0.2; +http://www.dslab.ch)/Nutch-1.15"
194.209.200.2 - - [27/Apr/2022:13:59:14 +0200] "GET /Admin/Links HTTP/1.1" 200 14193 "-" "Mozilla/5.0 (compatible; TMMBot/0.2; +http://www.dslab.ch)/Nutch-1.15"
194.209.200.2 - - [27/Apr/2022:13:59:25 +0200] "GET /Site/PodCast HTTP/1.1" 200 40934 "-" "Mozilla/5.0 (compatible; TMMBot/0.2; +http://www.dslab.ch)/Nutch-1.15"
185.191.171.33 - - [27/Apr/2022:14:00:05 +0200] "GET /robots.txt HTTP/1.1" 200 - "-" "Mozilla/5.0 (compatible; SemrushBot/7~bl; +http://www.semrush.com/bot.html)"
185.191.171.38 - - [27/Apr/2022:14:00:05 +0200] "GET /PmWikiDe/SkinTemplates?action=edit HTTP/1.1" 404 18 "-" "Mozilla/5.0 (compatible; SemrushBot/7~bl; +http://www.semrush.com/bot.html)"
194.209.200.2 - - [27/Apr/2022:14:00:26 +0200] "GET /Texte/Gloosse HTTP/1.1" 200 8061 "-" "Mozilla/5.0 (compatible; TMMBot/0.2; +http://www.dslab.ch)/Nutch-1.15"
194.209.200.2 - - [27/Apr/2022:14:01:13 +0200] "GET /Admin/Pro-ZurituutschStatuten HTTP/1.1" 200 9580 "-" "Mozilla/5.0 (compatible; TMMBot/0.2; +http://www.dslab.ch)/Nutch-1.15"
194.209.200.2 - - [27/Apr/2022:14:01:17 +0200] "GET / HTTP/1.1" 200 14638 "-" "Mozilla/5.0 (compatible; TMMBot/0.2; +http://www.dslab.ch)/Nutch-1.15"
194.209.200.2 - - [27/Apr/2022:14:01:59 +0200] "GET /Texte/Bitterbeuhsi HTTP/1.1" 200 9255 "-" "Mozilla/5.0 (compatible; TMMBot/0.2; +http://www.dslab.ch)/Nutch-1.15"
194.209.200.2 - - [27/Apr/2022:14:02:09 +0200] "GET /Gast/Podcast HTTP/1.1" 200 8106 "-" "Mozilla/5.0 (compatible; TMMBot/0.2; +http://www.dslab.ch)/Nutch-1.15"
185.191.171.1 - - [27/Apr/2022:14:03:37 +0200] "GET /PmWikiRu/WikiGroup?action=print HTTP/1.1" 403 18 "-" "Mozilla/5.0 (compatible; SemrushBot/7~bl; +http://www.semrush.com/bot.html)"
3.219.254.95 - - [27/Apr/2022:14:08:04 +0200] "GET /PodCast/IndexPage?action=rss HTTP/1.1" 200 6298 "-" "PocketCasts/1.0 (Pocket Casts Feed Parser; +http://pocketcasts.com/)"
185.191.171.44 - - [27/Apr/2022:14:13:09 +0200] "GET /PmWikiRu/PmWikiPhilosophy?action=upload HTTP/1.1" 403 18 "-" "Mozilla/5.0 (compatible; SemrushBot/7~bl; +http://www.semrush.com/bot.html)"
66.249.66.208 - - [27/Apr/2022:14:13:32 +0200] "GET /PodCast/IndexPage?action=rss HTTP/1.1" 200 6298 "-" "Mozilla/5.0 (compatible; Googlebot/2.1; +http://www.google.com/bot.html)"
185.191.171.24 - - [27/Apr/2022:14:13:34 +0200] "GET /PmWikiFr/BacASable?action=diff HTTP/1.1" 403 18 "-" "Mozilla/5.0 (compatible; SemrushBot/7~bl; +http://www.semrush.com/bot.html)"
185.191.171.5 - - [27/Apr/2022:14:14:35 +0200] "GET /PmWikiSl/PmWikiSl HTTP/1.1" 200 9010 "-" "Mozilla/5.0 (compatible; SemrushBot/7~bl; +http://www.semrush.com/bot.html)"
185.191.171.40 - - [27/Apr/2022:14:19:20 +0200] "GET /Profiles/Profiles?action=edit HTTP/1.1" 404 18 "-" "Mozilla/5.0 (compatible; SemrushBot/7~bl; +http://www.semrush.com/bot.html)"
185.191.171.35 - - [27/Apr/2022:14:23:57 +0200] "GET /PmWikiPtBr/PmWikiPtBr?action=edit HTTP/1.1" 403 18 "-" "Mozilla/5.0 (compatible; SemrushBot/7~bl; +http://www.semrush.com/bot.html)"
185.191.171.20 - - [27/Apr/2022:14:25:40 +0200] "GET /PmWikiFr/MarkupMasterIndex HTTP/1.1" 200 21531 "-" "Mozilla/5.0 (compatible; SemrushBot/7~bl; +http://www.semrush.com/bot.html)"
185.191.171.36 - - [27/Apr/2022:14:26:54 +0200] "GET /PmWikiVi/QuyTacDinhDangChu?action=edit HTTP/1.1" 403 18 "-" "Mozilla/5.0 (compatible; SemrushBot/7~bl; +http://www.semrush.com/bot.html)"
3.216.185.164 - - [27/Apr/2022:14:33:57 +0200] "GET /PodCast/IndexPage?action=rss HTTP/1.1" 200 6298 "-" "PocketCasts/1.0 (Pocket Casts Feed Parser; +http://pocketcasts.com/)"
194.209.200.2 - - [27/Apr/2022:14:37:19 +0200] "GET /robots.txt HTTP/1.1" 200 - "-" "Mozilla/5.0 (compatible; TMMBot/0.2; +http://www.dslab.ch)/Nutch-1.15"
194.209.200.2 - - [27/Apr/2022:14:37:19 +0200] "GET /Texte/ZurcherischEnglish HTTP/1.1" 200 8274 "-" "Mozilla/5.0 (compatible; TMMBot/0.2; +http://www.dslab.ch)/Nutch-1.15"
194.209.200.2 - - [27/Apr/2022:14:38:36 +0200] "GET /Admin/Jahresbericht HTTP/1.1" 200 45530 "-" "Mozilla/5.0 (compatible; TMMBot/0.2; +http://www.dslab.ch)/Nutch-1.15"
194.209.200.2 - - [27/Apr/2022:14:38:57 +0200] "GET /Texte/Schrybwys HTTP/1.1" 200 11028 "-" "Mozilla/5.0 (compatible; TMMBot/0.2; +http://www.dslab.ch)/Nutch-1.15"
45.56.103.4 - - [27/Apr/2022:14:39:25 +0200] "GET /PodCast/IndexPage?action=rss HTTP/1.1" 200 6298 "-" "PlayerFM/1.0 Podcast Sync (1 subscribers; url=https://player.fm/series/podcast-2872909)"
194.209.200.2 - - [27/Apr/2022:14:39:42 +0200] "GET /Texte/ArsAmatoria HTTP/1.1" 200 12369 "-" "Mozilla/5.0 (compatible; TMMBot/0.2; +http://www.dslab.ch)/Nutch-1.15"
185.191.171.11 - - [27/Apr/2022:14:39:52 +0200] "GET /PmWikiDe/Skins?action=diff HTTP/1.1" 403 18 "-" "Mozilla/5.0 (compatible; SemrushBot/7~bl; +http://www.semrush.com/bot.html)"
194.209.200.2 - - [27/Apr/2022:14:39:55 +0200] "GET /Texte/GDicht HTTP/1.1" 200 8050 "-" "Mozilla/5.0 (compatible; TMMBot/0.2; +http://www.dslab.ch)/Nutch-1.15"
94.130.140.159 - - [27/Apr/2022:14:39:58 +0200] "GET / HTTP/1.1" 200 14638 "-" "-"
94.130.140.159 - - [27/Apr/2022:14:40:08 +0200] "GET / HTTP/1.1" 200 14638 "-" "-"
94.130.140.159 - - [27/Apr/2022:14:40:18 +0200] "GET / HTTP/1.1" 200 14638 "-" "-"
