194.209.200.2 - - [27/Apr/2022:00:15:12 +0200] "GET /robots.txt HTTP/1.1" 200 - "-" "Mozilla/5.0 (compatible; TMMBot/0.2; +http://www.dslab.ch)/Nutch-1.15"
194.209.200.2 - - [27/Apr/2022:00:15:12 +0200] "GET /Texte/ZurcherischEnglish HTTP/1.1" 200 8274 "-" "Mozilla/5.0 (compatible; TMMBot/0.2; +http://www.dslab.ch)/Nutch-1.15"
66.249.66.208 - - [27/Apr/2022:00:15:31 +0200] "GET /PodCast/IndexPage?action=rss HTTP/1.1" 200 6298 "-" "Mozilla/5.0 (compatible; Googlebot/2.1; +http://www.google.com/bot.html)"
194.209.200.2 - - [27/Apr/2022:00:16:51 +0200] "GET /Texte/Limericks HTTP/1.1" 200 8087 "-" "Mozilla/5.0 (compatible; TMMBot/0.2; +http://www.dslab.ch)/Nutch-1.15"
185.191.171.23 - - [27/Apr/2022:00:17:40 +0200] "GET /robots.txt HTTP/1.1" 200 - "-" "Mozilla/5.0 (compatible; SemrushBot/7~bl; +http://www.semrush.com/bot.html)"
185.191.171.15 - - [27/Apr/2022:00:17:40 +0200] "GET /PmWikiDe/ErzeugungNeuerSeiten?action=edit HTTP/1.1" 403 18 "-" "Mozilla/5.0 (compatible; SemrushBot/7~bl; +http://www.semrush.com/bot.html)"
194.209.200.2 - - [27/Apr/2022:00:17:48 +0200] "GET /Texte/ArsAmatoria HTTP/1.1" 200 12369 "-" "Mozilla/5.0 (compatible; TMMBot/0.2; +http://www.dslab.ch)/Nutch-1.15"
194.209.200.2 - - [27/Apr/2022:00:18:02 +0200] "GET /Texte/GDicht HTTP/1.1" 200 8050 "-" "Mozilla/5.0 (compatible; TMMBot/0.2; +http://www.dslab.ch)/Nutch-1.15"
194.209.200.2 - - [27/Apr/2022:00:18:31 +0200] "GET /Admin/Links HTTP/1.1" 200 14193 "-" "Mozilla/5.0 (compatible; TMMBot/0.2; +http://www.dslab.ch)/Nutch-1.15"
194.209.200.2 - - [27/Apr/2022:00:18:42 +0200] "GET /Site/PodCast HTTP/1.1" 200 40934 "-" "Mozilla/5.0 (compatible; TMMBot/0.2; +http://www.dslab.ch)/Nutch-1.15"
194.209.200.2 - - [27/Apr/2022:00:20:10 +0200] "GET /Main/Home HTTP/1.1" 200 14638 "-" "Mozilla/5.0 (compatible; TMMBot/0.2; +http://www.dslab.ch)/Nutch-1.15"
194.209.200.2 - - [27/Apr/2022:00:20:29 +0200] "GET /Admin/Pro-ZurituutschStatuten HTTP/1.1" 200 9580 "-" "Mozilla/5.0 (compatible; TMMBot/0.2; +http://www.dslab.ch)/Nutch-1.15"
194.209.200.2 - - [27/Apr/2022:00:20:33 +0200] "GET / HTTP/1.1" 200 14638 "-" "Mozilla/5.0 (compatible; TMMBot/0.2; +http://www.dslab.ch)/Nutch-1.15"
194.209.200.2 - - [27/Apr/2022:00:21:16 +0200] "GET /Texte/Bitterbeuhsi HTTP/1.1" 200 9255 "-" "Mozilla/5.0 (compatible; TMMBot/0.2; +http://www.dslab.ch)/Nutch-1.15"
194.209.200.2 - - [27/Apr/2022:00:21:27 +0200] "GET /Gast/Podcast HTTP/1.1" 200 8106 "-" "Mozilla/5.0 (compatible; TMMBot/0.2; +http://www.dslab.ch)/Nutch-1.15"
216.244.66.243 - - [27/Apr/2022:00:22:13 +0200] "GET /robots.txt HTTP/1.1" 200 - "-" "Mozilla/5.0 (compatible; DotBot/1.2; +https://opensiteexplorer.org/dotbot; help@moz.com)"
66.249.92.208 - - [27/Apr/2022:00:29:00 +0200] "GET /PodCast/IndexPage?action=rss HTTP/1.1" 200 6298 "-" "FeedFetcher-Google; (+http://www.google.com/feedfetcher.html)"
185.191.171.38 - - [27/Apr/2022:00:31:38 +0200] "GET /PmWikiIt/PaginaProva HTTP/1.1" 200 8530 "-" "Mozilla/5.0 (compatible; SemrushBot/7~bl; +http://www.semrush.com/bot.html)"
185.191.171.44 - - [27/Apr/2022:00:32:29 +0200] "GET /PmWikiDe/AvailableActions?action=edit HTTP/1.1" 403 18 "-" "Mozilla/5.0 (compatible; SemrushBot/7~bl; +http://www.semrush.com/bot.html)"
185.191.171.33 - - [27/Apr/2022:00:34:32 +0200] "GET /PmWiki/PmWikiPhilosophy HTTP/1.1" 200 14665 "-" "Mozilla/5.0 (compatible; SemrushBot/7~bl; +http://www.semrush.com/bot.html)"
185.191.171.2 - - [27/Apr/2022:00:35:50 +0200] "GET /PmWiki/PageLocking?action=edit HTTP/1.1" 404 18 "-" "Mozilla/5.0 (compatible; SemrushBot/7~bl; +http://www.semrush.com/bot.html)"
216.244.66.243 - - [27/Apr/2022:00:40:52 +0200] "GET /PmWikiFr/PageVariables HTTP/1.1" 200 13835 "-" "Mozilla/5.0 (compatible; DotBot/1.2; +https://opensiteexplorer.org/dotbot; help@moz.com)"
185.191.171.6 - - [27/Apr/2022:00:44:09 +0200] "GET /PmWikiFr/Categories?action=edit HTTP/1.1" 403 18 "-" "Mozilla/5.0 (compatible; SemrushBot/7~bl; +http://www.semrush.com/bot.html)"
185.191.171.7 - - [27/Apr/2022:00:45:31 +0200] "GET /PmWikiDe/TextFormattingRules?action=diff HTTP/1.1" 403 18 "-" "Mozilla/5.0 (compatible; SemrushBot/7~bl; +http://www.semrush.com/bot.html)"
185.191.171.6 - - [27/Apr/2022:00:48:04 +0200] "GET /PmWiki/FilePermissions HTTP/1.1" 200 17116 "-" "Mozilla/5.0 (compatible; SemrushBot/7~bl; +http://www.semrush.com/bot.html)"
154.54.249.16 - - [27/Apr/2022:00:49:44 +0200] "GET /robots.txt HTTP/1.1" 200 - "-" "Mozilla/5.0 (compatible; Barkrowler/0.9; +https://babbar.tech/crawler)"
154.54.249.16 - - [27/Apr/2022:00:50:11 +0200] "GET / HTTP/1.1" 200 14638 "-" "Mozilla/5.0 (compatible; Barkrowler/0.9; +https://babbar.tech/crawler)"
185.191.171.40 - - [27/Apr/2022:00:50:24 +0200] "GET /PmWikiDe/Search?action=upload HTTP/1.1" 403 18 "-" "Mozilla/5.0 (compatible; SemrushBot/7~bl; +http://www.semrush.com/bot.html)"
154.54.249.16 - - [27/Apr/2022:00:50:42 +0200] "GET /robots.txt HTTP/1.1" 200 - "-" "Mozilla/5.0 (compatible; Barkrowler/0.9; +https://babbar.tech/crawler)"
154.54.249.16 - - [27/Apr/2022:00:51:12 +0200] "GET /Admin/Links HTTP/1.1" 200 14193 "-" "Mozilla/5.0 (compatible; Barkrowler/0.9; +https://babbar.tech/crawler)"
62.138.3.52 - - [27/Apr/2022:00:51:14 +0200] "GET /uploads/Texte/Speaker.jpg HTTP/1.1" 200 1016 "-" "Mozilla/5.0 (compatible; adscanner/)/1.0 (Mozilla/5.0 (compatible; seoscanners.net/1.0; +spider@seoscanners.net); http://seoscanners.net; spider@seoscanners.net)"
154.54.249.16 - - [27/Apr/2022:00:51:49 +0200] "GET /Texte/GDicht HTTP/1.1" 200 8050 "-" "Mozilla/5.0 (compatible; Barkrowler/0.9; +https://babbar.tech/crawler)"
154.54.249.16 - - [27/Apr/2022:00:52:15 +0200] "GET /Admin/ZurStiftung HTTP/1.1" 200 10864 "-" "Mozilla/5.0 (compatible; Barkrowler/0.9; +https://babbar.tech/crawler)"
154.54.249.16 - - [27/Apr/2022:00:52:48 +0200] "GET /Texte/ArsAmatoria HTTP/1.1" 200 12369 "-" "Mozilla/5.0 (compatible; Barkrowler/0.9; +https://babbar.tech/crawler)"
154.54.249.16 - - [27/Apr/2022:00:53:18 +0200] "GET /Admin/AdresseStiftung HTTP/1.1" 200 8453 "-" "Mozilla/5.0 (compatible; Barkrowler/0.9; +https://babbar.tech/crawler)"
154.54.249.16 - - [27/Apr/2022:00:53:47 +0200] "GET /Texte/ZurcherischEnglish HTTP/1.1" 200 8274 "-" "Mozilla/5.0 (compatible; Barkrowler/0.9; +https://babbar.tech/crawler)"
154.54.249.16 - - [27/Apr/2022:00:54:18 +0200] "GET /Admin/AdresseStiftung?action=print HTTP/1.1" 200 2600 "-" "Mozilla/5.0 (compatible; Barkrowler/0.9; +https://babbar.tech/crawler)"
194.209.200.2 - - [27/Apr/2022:00:55:07 +0200] "GET /robots.txt HTTP/1.1" 200 - "-" "Mozilla/5.0 (compatible; TMMBot/0.2; +http://www.dslab.ch)/Nutch-1.15"
194.209.200.2 - - [27/Apr/2022:00:55:07 +0200] "GET /Texte/ZurcherischEnglish HTTP/1.1" 200 8274 "-" "Mozilla/5.0 (compatible; TMMBot/0.2; +http://www.dslab.ch)/Nutch-1.15"
194.209.200.2 - - [27/Apr/2022:00:57:10 +0200] "GET /Texte/Limericks HTTP/1.1" 200 8087 "-" "Mozilla/5.0 (compatible; TMMBot/0.2; +http://www.dslab.ch)/Nutch-1.15"
194.209.200.2 - - [27/Apr/2022:00:58:11 +0200] "GET /Texte/ArsAmatoria HTTP/1.1" 200 12369 "-" "Mozilla/5.0 (compatible; TMMBot/0.2; +http://www.dslab.ch)/Nutch-1.15"
194.209.200.2 - - [27/Apr/2022:00:58:28 +0200] "GET /Texte/GDicht HTTP/1.1" 200 8050 "-" "Mozilla/5.0 (compatible; TMMBot/0.2; +http://www.dslab.ch)/Nutch-1.15"
194.209.200.2 - - [27/Apr/2022:00:59:06 +0200] "GET /Admin/Links HTTP/1.1" 200 14193 "-" "Mozilla/5.0 (compatible; TMMBot/0.2; +http://www.dslab.ch)/Nutch-1.15"
194.209.200.2 - - [27/Apr/2022:00:59:28 +0200] "GET /Site/PodCast HTTP/1.1" 200 40934 "-" "Mozilla/5.0 (compatible; TMMBot/0.2; +http://www.dslab.ch)/Nutch-1.15"
194.209.200.2 - - [27/Apr/2022:01:01:04 +0200] "GET /Texte/Gloosse HTTP/1.1" 200 8061 "-" "Mozilla/5.0 (compatible; TMMBot/0.2; +http://www.dslab.ch)/Nutch-1.15"
194.209.200.2 - - [27/Apr/2022:01:02:08 +0200] "GET /Admin/Pro-ZurituutschStatuten HTTP/1.1" 200 9580 "-" "Mozilla/5.0 (compatible; TMMBot/0.2; +http://www.dslab.ch)/Nutch-1.15"
194.209.200.2 - - [27/Apr/2022:01:02:13 +0200] "GET / HTTP/1.1" 200 14638 "-" "Mozilla/5.0 (compatible; TMMBot/0.2; +http://www.dslab.ch)/Nutch-1.15"
188.34.178.39 - - [27/Apr/2022:01:03:07 +0200] "GET / HTTP/1.1" 200 14638 "-" "page-preview-tool Mozilla/5.0 (Windows NT 10.0; Win64; x64) AppleWebKit/537.36 (KHTML, like Gecko) Chrome/80.0.3987.132 Safari/537.36"
194.209.200.2 - - [27/Apr/2022:01:03:20 +0200] "GET /Texte/Bitterbeuhsi HTTP/1.1" 200 9255 "-" "Mozilla/5.0 (compatible; TMMBot/0.2; +http://www.dslab.ch)/Nutch-1.15"
194.209.200.2 - - [27/Apr/2022:01:03:36 +0200] "GET /Gast/Podcast HTTP/1.1" 200 8106 "-" "Mozilla/5.0 (compatible; TMMBot/0.2; +http://www.dslab.ch)/Nutch-1.15"
54.36.148.210 - - [27/Apr/2022:01:07:35 +0200] "GET /robots.txt HTTP/1.1" 200 - "-" "Mozilla/5.0 (compatible; AhrefsBot/7.0; +http://ahrefs.com/robot/)"
54.36.149.97 - - [27/Apr/2022:01:07:36 +0200] "GET /Admin/Links HTTP/1.1" 200 14193 "-" "Mozilla/5.0 (compatible; AhrefsBot/7.0; +http://ahrefs.com/robot/)"
185.191.171.24 - - [27/Apr/2022:01:16:24 +0200] "GET /PmWiki/GroupHeaders HTTP/1.1" 200 14901 "-" "Mozilla/5.0 (compatible; SemrushBot/7~bl; +http://www.semrush.com/bot.html)"
185.191.171.20 - - [27/Apr/2022:01:20:32 +0200] "GET /robots.txt HTTP/1.1" 200 - "-" "Mozilla/5.0 (compatible; SemrushBot/7~bl; +http://www.semrush.com/bot.html)"
185.191.171.40 - - [27/Apr/2022:01:20:32 +0200] "GET /PmWikiFr/A?action=search&fmt=title&q=link%3DPmWikiFr.Audiences HTTP/1.1" 404 18 "-" "Mozilla/5.0 (compatible; SemrushBot/7~bl; +http://www.semrush.com/bot.html)"
66.249.66.204 - - [27/Apr/2022:01:20:40 +0200] "GET /PodCast/IndexPage?action=rss HTTP/1.1" 200 6298 "-" "Mozilla/5.0 (compatible; Googlebot/2.1; +http://www.google.com/bot.html)"
34.65.57.89 - - [27/Apr/2022:01:23:14 +0200] "GET /robots.txt HTTP/1.1" 200 - "-" "Mozilla/5.0 (compatible; localsearch-web/2.0; +http://www.localsearch.ch/en/legal-notice)"
34.65.57.89 - - [27/Apr/2022:01:23:14 +0200] "GET /robots.txt HTTP/1.1" 200 - "-" "Mozilla/5.0 (compatible; localsearch-web/2.0; +http://www.localsearch.ch/en/legal-notice)"
34.65.57.89 - - [27/Apr/2022:01:23:14 +0200] "GET /Admin/www.mundartforum.ch HTTP/1.1" 404 264 "-" "Mozilla/5.0 (compatible; localsearch-web/2.0; +http://www.localsearch.ch/en/legal-notice)"
34.65.57.89 - - [27/Apr/2022:01:23:24 +0200] "GET /Admin/www.stimmen.uzh.ch/ HTTP/1.1" 404 264 "-" "Mozilla/5.0 (compatible; localsearch-web/2.0; +http://www.localsearch.ch/en/legal-notice)"
34.65.57.89 - - [27/Apr/2022:01:23:34 +0200] "GET /Admin/www.zeitschriftschweizerdeutsch.ch/ HTTP/1.1" 404 264 "-" "Mozilla/5.0 (compatible; localsearch-web/2.0; +http://www.localsearch.ch/en/legal-notice)"
216.244.66.243 - - [27/Apr/2022:01:25:25 +0200] "GET /robots.txt HTTP/1.1" 200 - "-" "Mozilla/5.0 (compatible; DotBot/1.2; +https://opensiteexplorer.org/dotbot; help@moz.com)"
185.191.171.8 - - [27/Apr/2022:01:28:02 +0200] "GET /PmWikiFr/InitialSetupTasks HTTP/1.1" 200 13334 "-" "Mozilla/5.0 (compatible; SemrushBot/7~bl; +http://www.semrush.com/bot.html)"
194.209.200.2 - - [27/Apr/2022:01:29:27 +0200] "GET /robots.txt HTTP/1.1" 200 - "-" "Mozilla/5.0 (compatible; TMMBot/0.2; +http://www.dslab.ch)/Nutch-1.15"
194.209.200.2 - - [27/Apr/2022:01:29:27 +0200] "GET /Texte/ZurcherischEnglish HTTP/1.1" 200 8274 "-" "Mozilla/5.0 (compatible; TMMBot/0.2; +http://www.dslab.ch)/Nutch-1.15"
17.121.115.98 - - [27/Apr/2022:01:29:35 +0200] "GET /robots.txt HTTP/1.1" 200 - "-" "Mozilla/5.0 (Macintosh; Intel Mac OS X 10_15_5) AppleWebKit/605.1.15 (KHTML, like Gecko) Version/13.1.1 Safari/605.1.15 (Applebot/0.1; +http://www.apple.com/go/applebot)"
17.121.115.98 - - [27/Apr/2022:01:29:36 +0200] "GET /Admin/AdresseStiftung HTTP/1.1" 200 8453 "-" "Mozilla/5.0 (Macintosh; Intel Mac OS X 10_15_5) AppleWebKit/605.1.15 (KHTML, like Gecko) Version/13.1.1 Safari/605.1.15 (Applebot/0.1; +http://www.apple.com/go/applebot)"
3.216.185.164 - - [27/Apr/2022:01:29:54 +0200] "GET /PodCast/IndexPage?action=rss HTTP/1.1" 200 6298 "-" "PocketCasts/1.0 (Pocket Casts Feed Parser; +http://pocketcasts.com/)"
194.209.200.2 - - [27/Apr/2022:01:31:05 +0200] "GET /Texte/Limericks HTTP/1.1" 200 8087 "-" "Mozilla/5.0 (compatible; TMMBot/0.2; +http://www.dslab.ch)/Nutch-1.15"
194.209.200.2 - - [27/Apr/2022:01:32:07 +0200] "GET /Texte/GDicht HTTP/1.1" 200 8050 "-" "Mozilla/5.0 (compatible; TMMBot/0.2; +http://www.dslab.ch)/Nutch-1.15"
194.209.200.2 - - [27/Apr/2022:01:32:35 +0200] "GET /Admin/Links HTTP/1.1" 200 14193 "-" "Mozilla/5.0 (compatible; TMMBot/0.2; +http://www.dslab.ch)/Nutch-1.15"
194.209.200.2 - - [27/Apr/2022:01:32:47 +0200] "GET /Site/PodCast HTTP/1.1" 200 40934 "-" "Mozilla/5.0 (compatible; TMMBot/0.2; +http://www.dslab.ch)/Nutch-1.15"
194.209.200.2 - - [27/Apr/2022:01:33:43 +0200] "GET /Texte/Gloosse HTTP/1.1" 200 8061 "-" "Mozilla/5.0 (compatible; TMMBot/0.2; +http://www.dslab.ch)/Nutch-1.15"
194.209.200.2 - - [27/Apr/2022:01:34:11 +0200] "GET /Main/Home HTTP/1.1" 200 14638 "-" "Mozilla/5.0 (compatible; TMMBot/0.2; +http://www.dslab.ch)/Nutch-1.15"
194.209.200.2 - - [27/Apr/2022:01:34:30 +0200] "GET /Admin/Pro-ZurituutschStatuten HTTP/1.1" 200 9580 "-" "Mozilla/5.0 (compatible; TMMBot/0.2; +http://www.dslab.ch)/Nutch-1.15"
194.209.200.2 - - [27/Apr/2022:01:34:34 +0200] "GET / HTTP/1.1" 200 14638 "-" "Mozilla/5.0 (compatible; TMMBot/0.2; +http://www.dslab.ch)/Nutch-1.15"
194.209.200.2 - - [27/Apr/2022:01:35:16 +0200] "GET /Texte/Bitterbeuhsi HTTP/1.1" 200 9255 "-" "Mozilla/5.0 (compatible; TMMBot/0.2; +http://www.dslab.ch)/Nutch-1.15"
194.209.200.2 - - [27/Apr/2022:01:35:26 +0200] "GET /Gast/Podcast HTTP/1.1" 200 8106 "-" "Mozilla/5.0 (compatible; TMMBot/0.2; +http://www.dslab.ch)/Nutch-1.15"
216.244.66.243 - - [27/Apr/2022:01:38:51 +0200] "GET /PodCast/Ouhsschaffig HTTP/1.1" 200 12619 "-" "Mozilla/5.0 (compatible; DotBot/1.2; +https://opensiteexplorer.org/dotbot; help@moz.com)"
216.244.66.243 - - [27/Apr/2022:01:42:05 +0200] "GET /PmWikiFr/GroupHeaders HTTP/1.1" 200 11415 "-" "Mozilla/5.0 (compatible; DotBot/1.2; +https://opensiteexplorer.org/dotbot; help@moz.com)"
173.231.60.197 - - [27/Apr/2022:01:48:50 +0200] "GET / HTTP/1.1" 200 14638 "-" "Mozilla/5.0 (compatible; Adsbot/3.1; +https://seostar.co/robot/)"
173.231.60.197 - - [27/Apr/2022:01:48:56 +0200] "GET /Main/Home?action=diff HTTP/1.1" 403 18 "http://www.pro-zurituutsch.ch/" "Mozilla/5.0 (compatible; Adsbot/3.1; +https://seostar.co/robot/)"
173.231.60.197 - - [27/Apr/2022:01:49:02 +0200] "GET /Main/Home?action=edit HTTP/1.1" 403 18 "http://www.pro-zurituutsch.ch/" "Mozilla/5.0 (compatible; Adsbot/3.1; +https://seostar.co/robot/)"
173.231.60.197 - - [27/Apr/2022:01:49:08 +0200] "GET /Main/Home?action=print HTTP/1.1" 403 18 "http://www.pro-zurituutsch.ch/" "Mozilla/5.0 (compatible; Adsbot/3.1; +https://seostar.co/robot/)"
173.231.60.197 - - [27/Apr/2022:01:49:13 +0200] "GET /Main/Home?action=upload HTTP/1.1" 403 18 "http://www.pro-zurituutsch.ch/" "Mozilla/5.0 (compatible; Adsbot/3.1; +https://seostar.co/robot/)"
173.231.60.197 - - [27/Apr/2022:01:49:19 +0200] "GET /Admin/Links HTTP/1.1" 200 14193 "http://www.pro-zurituutsch.ch/" "Mozilla/5.0 (compatible; Adsbot/3.1; +https://seostar.co/robot/)"
173.231.60.197 - - [27/Apr/2022:01:49:34 +0200] "GET /Texte/Roman HTTP/1.1" 200 38741 "http://www.pro-zurituutsch.ch/" "Mozilla/5.0 (compatible; Adsbot/3.1; +https://seostar.co/robot/)"
173.231.60.197 - - [27/Apr/2022:01:49:43 +0200] "GET /Gast/Podcast HTTP/1.1" 200 8106 "http://www.pro-zurituutsch.ch/" "Mozilla/5.0 (compatible; Adsbot/3.1; +https://seostar.co/robot/)"
173.231.60.197 - - [27/Apr/2022:01:49:50 +0200] "GET /Texte/GDicht HTTP/1.1" 200 8050 "http://www.pro-zurituutsch.ch/" "Mozilla/5.0 (compatible; Adsbot/3.1; +https://seostar.co/robot/)"
173.231.60.197 - - [27/Apr/2022:01:49:56 +0200] "GET /Texte/Gloosse HTTP/1.1" 200 8061 "http://www.pro-zurituutsch.ch/" "Mozilla/5.0 (compatible; Adsbot/3.1; +https://seostar.co/robot/)"
173.231.60.197 - - [27/Apr/2022:01:50:02 +0200] "GET /Texte/Limericks HTTP/1.1" 200 8087 "http://www.pro-zurituutsch.ch/" "Mozilla/5.0 (compatible; Adsbot/3.1; +https://seostar.co/robot/)"
173.231.60.197 - - [27/Apr/2022:01:50:10 +0200] "GET /Texte/Rezension HTTP/1.1" 200 11812 "http://www.pro-zurituutsch.ch/" "Mozilla/5.0 (compatible; Adsbot/3.1; +https://seostar.co/robot/)"
173.231.60.197 - - [27/Apr/2022:01:50:15 +0200] "GET /Texte/Schrybwys HTTP/1.1" 200 11028 "http://www.pro-zurituutsch.ch/" "Mozilla/5.0 (compatible; Adsbot/3.1; +https://seostar.co/robot/)"
173.231.60.197 - - [27/Apr/2022:01:50:24 +0200] "GET /Texte/Styluebige HTTP/1.1" 200 9998 "http://www.pro-zurituutsch.ch/" "Mozilla/5.0 (compatible; Adsbot/3.1; +https://seostar.co/robot/)"
173.231.60.197 - - [27/Apr/2022:01:50:29 +0200] "GET /Admin/ZurStiftung HTTP/1.1" 200 10864 "http://www.pro-zurituutsch.ch/" "Mozilla/5.0 (compatible; Adsbot/3.1; +https://seostar.co/robot/)"
173.231.60.197 - - [27/Apr/2022:01:50:35 +0200] "GET /Texte/ArsAmatoria HTTP/1.1" 200 12369 "http://www.pro-zurituutsch.ch/" "Mozilla/5.0 (compatible; Adsbot/3.1; +https://seostar.co/robot/)"
173.231.60.197 - - [27/Apr/2022:01:50:41 +0200] "GET /Texte/Bitterbeuhsi HTTP/1.1" 200 9255 "http://www.pro-zurituutsch.ch/" "Mozilla/5.0 (compatible; Adsbot/3.1; +https://seostar.co/robot/)"
173.231.60.197 - - [27/Apr/2022:01:50:47 +0200] "GET /PodCast/RSSPodcasts HTTP/1.1" 200 8905 "http://www.pro-zurituutsch.ch/" "Mozilla/5.0 (compatible; Adsbot/3.1; +https://seostar.co/robot/)"
173.231.60.197 - - [27/Apr/2022:01:50:56 +0200] "GET /Texte/Metamorphoses HTTP/1.1" 200 9045 "http://www.pro-zurituutsch.ch/" "Mozilla/5.0 (compatible; Adsbot/3.1; +https://seostar.co/robot/)"
173.231.60.197 - - [27/Apr/2022:01:51:01 +0200] "GET /Admin/AdresseStiftung HTTP/1.1" 200 8453 "http://www.pro-zurituutsch.ch/" "Mozilla/5.0 (compatible; Adsbot/3.1; +https://seostar.co/robot/)"
173.231.60.197 - - [27/Apr/2022:01:51:07 +0200] "GET /Texte/ZurcherischEnglish HTTP/1.1" 200 8274 "http://www.pro-zurituutsch.ch/" "Mozilla/5.0 (compatible; Adsbot/3.1; +https://seostar.co/robot/)"
173.231.60.197 - - [27/Apr/2022:01:51:14 +0200] "GET /Hilfe/AnleitungTonbeispiele HTTP/1.1" 200 9878 "http://www.pro-zurituutsch.ch/" "Mozilla/5.0 (compatible; Adsbot/3.1; +https://seostar.co/robot/)"
173.231.60.197 - - [27/Apr/2022:01:51:20 +0200] "GET /Admin/Pro-ZurituutschStatuten HTTP/1.1" 200 9580 "http://www.pro-zurituutsch.ch/" "Mozilla/5.0 (compatible; Adsbot/3.1; +https://seostar.co/robot/)"
173.231.60.197 - - [27/Apr/2022:01:51:28 +0200] "GET /Main/Home HTTP/1.1" 200 14638 "http://www.pro-zurituutsch.ch/" "Mozilla/5.0 (compatible; Adsbot/3.1; +https://seostar.co/robot/)"
173.231.60.197 - - [27/Apr/2022:01:51:35 +0200] "GET /Admin/Links?action=diff HTTP/1.1" 403 18 "http://www.pro-zurituutsch.ch/" "Mozilla/5.0 (compatible; Adsbot/3.1; +https://seostar.co/robot/)"
173.231.60.197 - - [27/Apr/2022:01:51:44 +0200] "GET /Admin/Links?action=edit HTTP/1.1" 403 18 "http://www.pro-zurituutsch.ch/" "Mozilla/5.0 (compatible; Adsbot/3.1; +https://seostar.co/robot/)"
173.231.60.197 - - [27/Apr/2022:01:51:51 +0200] "GET /Admin/Links?action=print HTTP/1.1" 403 18 "http://www.pro-zurituutsch.ch/" "Mozilla/5.0 (compatible; Adsbot/3.1; +https://seostar.co/robot/)"
173.231.60.197 - - [27/Apr/2022:01:51:59 +0200] "GET /Admin/Links?action=upload HTTP/1.1" 403 18 "http://www.pro-zurituutsch.ch/" "Mozilla/5.0 (compatible; Adsbot/3.1; +https://seostar.co/robot/)"
173.231.60.197 - - [27/Apr/2022:01:52:07 +0200] "GET /Texte/Roman?action=diff HTTP/1.1" 403 18 "http://www.pro-zurituutsch.ch/" "Mozilla/5.0 (compatible; Adsbot/3.1; +https://seostar.co/robot/)"
173.231.60.197 - - [27/Apr/2022:01:52:13 +0200] "GET /Texte/Roman?action=edit HTTP/1.1" 403 18 "http://www.pro-zurituutsch.ch/" "Mozilla/5.0 (compatible; Adsbot/3.1; +https://seostar.co/robot/)"
173.231.60.197 - - [27/Apr/2022:01:52:19 +0200] "GET /Texte/Roman?action=print HTTP/1.1" 403 18 "http://www.pro-zurituutsch.ch/" "Mozilla/5.0 (compatible; Adsbot/3.1; +https://seostar.co/robot/)"
173.231.60.197 - - [27/Apr/2022:01:52:26 +0200] "GET /Texte/Roman?action=upload HTTP/1.1" 403 18 "http://www.pro-zurituutsch.ch/" "Mozilla/5.0 (compatible; Adsbot/3.1; +https://seostar.co/robot/)"
173.231.60.197 - - [27/Apr/2022:01:52:32 +0200] "GET /Gast/Podcast?action=diff HTTP/1.1" 403 18 "http://www.pro-zurituutsch.ch/" "Mozilla/5.0 (compatible; Adsbot/3.1; +https://seostar.co/robot/)"
173.231.60.197 - - [27/Apr/2022:01:52:41 +0200] "GET /Gast/Podcast?action=edit HTTP/1.1" 403 18 "http://www.pro-zurituutsch.ch/" "Mozilla/5.0 (compatible; Adsbot/3.1; +https://seostar.co/robot/)"
173.231.60.197 - - [27/Apr/2022:01:52:47 +0200] "GET /Gast/Podcast?action=print HTTP/1.1" 403 18 "http://www.pro-zurituutsch.ch/" "Mozilla/5.0 (compatible; Adsbot/3.1; +https://seostar.co/robot/)"
173.231.60.197 - - [27/Apr/2022:01:52:52 +0200] "GET /Gast/Podcast?action=upload HTTP/1.1" 403 18 "http://www.pro-zurituutsch.ch/" "Mozilla/5.0 (compatible; Adsbot/3.1; +https://seostar.co/robot/)"
198.235.24.133 - - [27/Apr/2022:01:52:55 +0200] "GET / HTTP/1.1" 200 14638 "-" "Expanse, a Palo Alto Networks company, searches across the global IPv4 space multiple times per day to identify customers&#39; presences on the Internet. If you would like to be excluded from our scans, please send IP addresses/domains to: scaninfo@paloaltonetworks.com"
173.231.60.197 - - [27/Apr/2022:01:53:00 +0200] "GET /Hilfe/Winamp HTTP/1.1" 200 9314 "http://www.pro-zurituutsch.ch/" "Mozilla/5.0 (compatible; Adsbot/3.1; +https://seostar.co/robot/)"
173.231.60.197 - - [27/Apr/2022:01:53:10 +0200] "GET /Texte/GDicht?action=diff HTTP/1.1" 403 18 "http://www.pro-zurituutsch.ch/" "Mozilla/5.0 (compatible; Adsbot/3.1; +https://seostar.co/robot/)"
173.231.60.197 - - [27/Apr/2022:01:53:15 +0200] "GET /Texte/GDicht?action=edit HTTP/1.1" 403 18 "http://www.pro-zurituutsch.ch/" "Mozilla/5.0 (compatible; Adsbot/3.1; +https://seostar.co/robot/)"
173.231.60.197 - - [27/Apr/2022:01:53:21 +0200] "GET /Texte/GDicht?action=print HTTP/1.1" 403 18 "http://www.pro-zurituutsch.ch/" "Mozilla/5.0 (compatible; Adsbot/3.1; +https://seostar.co/robot/)"
173.231.60.197 - - [27/Apr/2022:01:53:27 +0200] "GET /Texte/GDicht?action=upload HTTP/1.1" 403 18 "http://www.pro-zurituutsch.ch/" "Mozilla/5.0 (compatible; Adsbot/3.1; +https://seostar.co/robot/)"
173.231.60.197 - - [27/Apr/2022:01:53:33 +0200] "GET /Hilfe/RealOne HTTP/1.1" 200 10362 "http://www.pro-zurituutsch.ch/" "Mozilla/5.0 (compatible; Adsbot/3.1; +https://seostar.co/robot/)"
173.231.60.197 - - [27/Apr/2022:01:53:44 +0200] "GET /Texte/Gloosse?action=diff HTTP/1.1" 403 18 "http://www.pro-zurituutsch.ch/" "Mozilla/5.0 (compatible; Adsbot/3.1; +https://seostar.co/robot/)"
173.231.60.197 - - [27/Apr/2022:01:53:50 +0200] "GET /Texte/Gloosse?action=edit HTTP/1.1" 403 18 "http://www.pro-zurituutsch.ch/" "Mozilla/5.0 (compatible; Adsbot/3.1; +https://seostar.co/robot/)"
173.231.60.197 - - [27/Apr/2022:01:53:56 +0200] "GET /Texte/Gloosse?action=print HTTP/1.1" 403 18 "http://www.pro-zurituutsch.ch/" "Mozilla/5.0 (compatible; Adsbot/3.1; +https://seostar.co/robot/)"
173.231.60.197 - - [27/Apr/2022:01:54:05 +0200] "GET /Texte/Gloosse?action=upload HTTP/1.1" 403 18 "http://www.pro-zurituutsch.ch/" "Mozilla/5.0 (compatible; Adsbot/3.1; +https://seostar.co/robot/)"
173.231.60.197 - - [27/Apr/2022:01:54:10 +0200] "GET /Hilfe/Quicktime HTTP/1.1" 200 9103 "http://www.pro-zurituutsch.ch/" "Mozilla/5.0 (compatible; Adsbot/3.1; +https://seostar.co/robot/)"
173.231.60.197 - - [27/Apr/2022:01:54:20 +0200] "GET /Texte/Limericks?action=diff HTTP/1.1" 403 18 "http://www.pro-zurituutsch.ch/" "Mozilla/5.0 (compatible; Adsbot/3.1; +https://seostar.co/robot/)"
173.231.60.197 - - [27/Apr/2022:01:54:26 +0200] "GET /Texte/Limericks?action=edit HTTP/1.1" 403 18 "http://www.pro-zurituutsch.ch/" "Mozilla/5.0 (compatible; Adsbot/3.1; +https://seostar.co/robot/)"
173.231.60.197 - - [27/Apr/2022:01:54:32 +0200] "GET /Texte/Limericks?action=print HTTP/1.1" 403 18 "http://www.pro-zurituutsch.ch/" "Mozilla/5.0 (compatible; Adsbot/3.1; +https://seostar.co/robot/)"
173.231.60.197 - - [27/Apr/2022:01:54:38 +0200] "GET /Texte/Limericks?action=upload HTTP/1.1" 403 18 "http://www.pro-zurituutsch.ch/" "Mozilla/5.0 (compatible; Adsbot/3.1; +https://seostar.co/robot/)"
173.231.60.197 - - [27/Apr/2022:01:54:44 +0200] "GET /Texte/Rezension?action=diff HTTP/1.1" 403 18 "http://www.pro-zurituutsch.ch/" "Mozilla/5.0 (compatible; Adsbot/3.1; +https://seostar.co/robot/)"
173.231.60.197 - - [27/Apr/2022:01:54:50 +0200] "GET /Texte/Rezension?action=edit HTTP/1.1" 403 18 "http://www.pro-zurituutsch.ch/" "Mozilla/5.0 (compatible; Adsbot/3.1; +https://seostar.co/robot/)"
173.231.60.197 - - [27/Apr/2022:01:55:01 +0200] "GET /Texte/Rezension?action=print HTTP/1.1" 403 18 "http://www.pro-zurituutsch.ch/" "Mozilla/5.0 (compatible; Adsbot/3.1; +https://seostar.co/robot/)"
173.231.60.197 - - [27/Apr/2022:01:55:07 +0200] "GET /Texte/Rezension?action=upload HTTP/1.1" 403 18 "http://www.pro-zurituutsch.ch/" "Mozilla/5.0 (compatible; Adsbot/3.1; +https://seostar.co/robot/)"
173.231.60.197 - - [27/Apr/2022:01:55:13 +0200] "GET /Texte/Schrybwys?action=diff HTTP/1.1" 403 18 "http://www.pro-zurituutsch.ch/" "Mozilla/5.0 (compatible; Adsbot/3.1; +https://seostar.co/robot/)"
173.231.60.197 - - [27/Apr/2022:01:55:19 +0200] "GET /Texte/Schrybwys?action=edit HTTP/1.1" 403 18 "http://www.pro-zurituutsch.ch/" "Mozilla/5.0 (compatible; Adsbot/3.1; +https://seostar.co/robot/)"
173.231.60.197 - - [27/Apr/2022:01:55:25 +0200] "GET /Texte/Schrybwys?action=print HTTP/1.1" 403 18 "http://www.pro-zurituutsch.ch/" "Mozilla/5.0 (compatible; Adsbot/3.1; +https://seostar.co/robot/)"
173.231.60.197 - - [27/Apr/2022:01:55:31 +0200] "GET /Texte/Schrybwys?action=upload HTTP/1.1" 403 18 "http://www.pro-zurituutsch.ch/" "Mozilla/5.0 (compatible; Adsbot/3.1; +https://seostar.co/robot/)"
173.231.60.197 - - [27/Apr/2022:01:55:37 +0200] "GET /Texte/Styluebige?action=diff HTTP/1.1" 403 18 "http://www.pro-zurituutsch.ch/" "Mozilla/5.0 (compatible; Adsbot/3.1; +https://seostar.co/robot/)"
173.231.60.197 - - [27/Apr/2022:01:55:46 +0200] "GET /Texte/Styluebige?action=edit HTTP/1.1" 403 18 "http://www.pro-zurituutsch.ch/" "Mozilla/5.0 (compatible; Adsbot/3.1; +https://seostar.co/robot/)"
173.231.60.197 - - [27/Apr/2022:01:55:54 +0200] "GET /Texte/Styluebige?action=print HTTP/1.1" 403 18 "http://www.pro-zurituutsch.ch/" "Mozilla/5.0 (compatible; Adsbot/3.1; +https://seostar.co/robot/)"
173.231.60.197 - - [27/Apr/2022:01:56:02 +0200] "GET /Texte/Styluebige?action=upload HTTP/1.1" 403 18 "http://www.pro-zurituutsch.ch/" "Mozilla/5.0 (compatible; Adsbot/3.1; +https://seostar.co/robot/)"
173.231.60.197 - - [27/Apr/2022:01:56:11 +0200] "GET /Admin/ZurStiftung?action=diff HTTP/1.1" 403 18 "http://www.pro-zurituutsch.ch/" "Mozilla/5.0 (compatible; Adsbot/3.1; +https://seostar.co/robot/)"
173.231.60.197 - - [27/Apr/2022:01:56:18 +0200] "GET /Admin/ZurStiftung?action=edit HTTP/1.1" 403 18 "http://www.pro-zurituutsch.ch/" "Mozilla/5.0 (compatible; Adsbot/3.1; +https://seostar.co/robot/)"
173.231.60.197 - - [27/Apr/2022:01:56:25 +0200] "GET /Admin/ZurStiftung?action=print HTTP/1.1" 403 18 "http://www.pro-zurituutsch.ch/" "Mozilla/5.0 (compatible; Adsbot/3.1; +https://seostar.co/robot/)"
173.231.60.197 - - [27/Apr/2022:01:56:31 +0200] "GET /Admin/ZurStiftung?action=upload HTTP/1.1" 403 18 "http://www.pro-zurituutsch.ch/" "Mozilla/5.0 (compatible; Adsbot/3.1; +https://seostar.co/robot/)"
173.231.60.197 - - [27/Apr/2022:01:56:37 +0200] "GET /Texte/ArsAmatoria?action=diff HTTP/1.1" 403 18 "http://www.pro-zurituutsch.ch/" "Mozilla/5.0 (compatible; Adsbot/3.1; +https://seostar.co/robot/)"
173.231.60.197 - - [27/Apr/2022:01:56:42 +0200] "GET /Texte/ArsAmatoria?action=edit HTTP/1.1" 403 18 "http://www.pro-zurituutsch.ch/" "Mozilla/5.0 (compatible; Adsbot/3.1; +https://seostar.co/robot/)"
173.231.60.197 - - [27/Apr/2022:01:56:48 +0200] "GET /Texte/ArsAmatoria?action=print HTTP/1.1" 403 18 "http://www.pro-zurituutsch.ch/" "Mozilla/5.0 (compatible; Adsbot/3.1; +https://seostar.co/robot/)"
173.231.60.197 - - [27/Apr/2022:01:56:59 +0200] "GET /Texte/ArsAmatoria?action=upload HTTP/1.1" 403 18 "http://www.pro-zurituutsch.ch/" "Mozilla/5.0 (compatible; Adsbot/3.1; +https://seostar.co/robot/)"
173.231.60.197 - - [27/Apr/2022:01:57:05 +0200] "GET /Texte/Bitterbeuhsi?action=diff HTTP/1.1" 403 18 "http://www.pro-zurituutsch.ch/" "Mozilla/5.0 (compatible; Adsbot/3.1; +https://seostar.co/robot/)"
173.231.60.197 - - [27/Apr/2022:01:57:12 +0200] "GET /Texte/Bitterbeuhsi?action=edit HTTP/1.1" 403 18 "http://www.pro-zurituutsch.ch/" "Mozilla/5.0 (compatible; Adsbot/3.1; +https://seostar.co/robot/)"
173.231.60.197 - - [27/Apr/2022:01:57:18 +0200] "GET /Texte/Bitterbeuhsi?action=print HTTP/1.1" 403 18 "http://www.pro-zurituutsch.ch/" "Mozilla/5.0 (compatible; Adsbot/3.1; +https://seostar.co/robot/)"
173.231.60.197 - - [27/Apr/2022:01:57:23 +0200] "GET /Texte/Bitterbeuhsi?action=upload HTTP/1.1" 403 18 "http://www.pro-zurituutsch.ch/" "Mozilla/5.0 (compatible; Adsbot/3.1; +https://seostar.co/robot/)"
173.231.60.197 - - [27/Apr/2022:01:57:30 +0200] "GET /PodCast/RSSPodcasts?action=diff HTTP/1.1" 403 18 "http://www.pro-zurituutsch.ch/" "Mozilla/5.0 (compatible; Adsbot/3.1; +https://seostar.co/robot/)"
173.231.60.197 - - [27/Apr/2022:01:57:35 +0200] "GET /PodCast/RSSPodcasts?action=edit HTTP/1.1" 403 18 "http://www.pro-zurituutsch.ch/" "Mozilla/5.0 (compatible; Adsbot/3.1; +https://seostar.co/robot/)"
173.231.60.197 - - [27/Apr/2022:01:57:42 +0200] "GET /PodCast/RSSPodcasts?action=print HTTP/1.1" 403 18 "http://www.pro-zurituutsch.ch/" "Mozilla/5.0 (compatible; Adsbot/3.1; +https://seostar.co/robot/)"
173.231.60.197 - - [27/Apr/2022:01:57:47 +0200] "GET /PodCast/RSSPodcasts?action=upload HTTP/1.1" 403 18 "http://www.pro-zurituutsch.ch/" "Mozilla/5.0 (compatible; Adsbot/3.1; +https://seostar.co/robot/)"
173.231.60.197 - - [27/Apr/2022:01:57:53 +0200] "GET /Texte/Metamorphoses?action=diff HTTP/1.1" 403 18 "http://www.pro-zurituutsch.ch/" "Mozilla/5.0 (compatible; Adsbot/3.1; +https://seostar.co/robot/)"
173.231.60.197 - - [27/Apr/2022:01:57:58 +0200] "GET /Texte/Metamorphoses?action=edit HTTP/1.1" 403 18 "http://www.pro-zurituutsch.ch/" "Mozilla/5.0 (compatible; Adsbot/3.1; +https://seostar.co/robot/)"
173.231.60.197 - - [27/Apr/2022:01:58:05 +0200] "GET /Texte/Metamorphoses?action=print HTTP/1.1" 403 18 "http://www.pro-zurituutsch.ch/" "Mozilla/5.0 (compatible; Adsbot/3.1; +https://seostar.co/robot/)"
173.231.60.197 - - [27/Apr/2022:01:58:10 +0200] "GET /Texte/Metamorphoses?action=upload HTTP/1.1" 403 18 "http://www.pro-zurituutsch.ch/" "Mozilla/5.0 (compatible; Adsbot/3.1; +https://seostar.co/robot/)"
173.231.60.197 - - [27/Apr/2022:01:58:16 +0200] "GET /Admin/AdresseStiftung?action=diff HTTP/1.1" 403 18 "http://www.pro-zurituutsch.ch/" "Mozilla/5.0 (compatible; Adsbot/3.1; +https://seostar.co/robot/)"
173.231.60.197 - - [27/Apr/2022:01:58:22 +0200] "GET /Admin/AdresseStiftung?action=edit HTTP/1.1" 403 18 "http://www.pro-zurituutsch.ch/" "Mozilla/5.0 (compatible; Adsbot/3.1; +https://seostar.co/robot/)"
173.231.60.197 - - [27/Apr/2022:01:58:28 +0200] "GET /Admin/AdresseStiftung?action=print HTTP/1.1" 403 18 "http://www.pro-zurituutsch.ch/" "Mozilla/5.0 (compatible; Adsbot/3.1; +https://seostar.co/robot/)"
173.231.60.197 - - [27/Apr/2022:01:58:34 +0200] "GET /Admin/AdresseStiftung?action=upload HTTP/1.1" 403 18 "http://www.pro-zurituutsch.ch/" "Mozilla/5.0 (compatible; Adsbot/3.1; +https://seostar.co/robot/)"
173.231.60.197 - - [27/Apr/2022:01:58:40 +0200] "GET /Texte/ZurcherischEnglish?action=diff HTTP/1.1" 403 18 "http://www.pro-zurituutsch.ch/" "Mozilla/5.0 (compatible; Adsbot/3.1; +https://seostar.co/robot/)"
173.231.60.197 - - [27/Apr/2022:01:58:46 +0200] "GET /Texte/ZurcherischEnglish?action=edit HTTP/1.1" 403 18 "http://www.pro-zurituutsch.ch/" "Mozilla/5.0 (compatible; Adsbot/3.1; +https://seostar.co/robot/)"
173.231.60.197 - - [27/Apr/2022:01:58:52 +0200] "GET /Texte/ZurcherischEnglish?action=print HTTP/1.1" 403 18 "http://www.pro-zurituutsch.ch/" "Mozilla/5.0 (compatible; Adsbot/3.1; +https://seostar.co/robot/)"
173.231.60.197 - - [27/Apr/2022:01:58:57 +0200] "GET /Texte/ZurcherischEnglish?action=upload HTTP/1.1" 403 18 "http://www.pro-zurituutsch.ch/" "Mozilla/5.0 (compatible; Adsbot/3.1; +https://seostar.co/robot/)"
173.231.60.197 - - [27/Apr/2022:01:59:03 +0200] "GET /Hilfe/AnleitungTonbeispiele?action=diff HTTP/1.1" 403 18 "http://www.pro-zurituutsch.ch/" "Mozilla/5.0 (compatible; Adsbot/3.1; +https://seostar.co/robot/)"
173.231.60.197 - - [27/Apr/2022:01:59:09 +0200] "GET /Hilfe/AnleitungTonbeispiele?action=edit HTTP/1.1" 403 18 "http://www.pro-zurituutsch.ch/" "Mozilla/5.0 (compatible; Adsbot/3.1; +https://seostar.co/robot/)"
173.231.60.197 - - [27/Apr/2022:01:59:14 +0200] "GET /Hilfe/AnleitungTonbeispiele?action=print HTTP/1.1" 403 18 "http://www.pro-zurituutsch.ch/" "Mozilla/5.0 (compatible; Adsbot/3.1; +https://seostar.co/robot/)"
173.231.60.197 - - [27/Apr/2022:01:59:21 +0200] "GET /Hilfe/AnleitungTonbeispiele?action=upload HTTP/1.1" 403 18 "http://www.pro-zurituutsch.ch/" "Mozilla/5.0 (compatible; Adsbot/3.1; +https://seostar.co/robot/)"
173.231.60.197 - - [27/Apr/2022:01:59:28 +0200] "GET /Admin/Pro-ZurituutschStatuten?action=diff HTTP/1.1" 403 18 "http://www.pro-zurituutsch.ch/" "Mozilla/5.0 (compatible; Adsbot/3.1; +https://seostar.co/robot/)"
173.231.60.197 - - [27/Apr/2022:01:59:33 +0200] "GET /Admin/Pro-ZurituutschStatuten?action=edit HTTP/1.1" 403 18 "http://www.pro-zurituutsch.ch/" "Mozilla/5.0 (compatible; Adsbot/3.1; +https://seostar.co/robot/)"
173.231.60.197 - - [27/Apr/2022:01:59:44 +0200] "GET /Admin/Pro-ZurituutschStatuten?action=print HTTP/1.1" 403 18 "http://www.pro-zurituutsch.ch/" "Mozilla/5.0 (compatible; Adsbot/3.1; +https://seostar.co/robot/)"
173.231.60.197 - - [27/Apr/2022:01:59:50 +0200] "GET /Admin/Pro-ZurituutschStatuten?action=upload HTTP/1.1" 403 18 "http://www.pro-zurituutsch.ch/" "Mozilla/5.0 (compatible; Adsbot/3.1; +https://seostar.co/robot/)"
173.231.60.197 - - [27/Apr/2022:01:59:56 +0200] "GET /Hilfe/Winamp?action=diff HTTP/1.1" 403 18 "http://www.pro-zurituutsch.ch/" "Mozilla/5.0 (compatible; Adsbot/3.1; +https://seostar.co/robot/)"
3.219.254.95 - - [27/Apr/2022:02:00:02 +0200] "GET /PodCast/IndexPage?action=rss HTTP/1.1" 200 6298 "-" "PocketCasts/1.0 (Pocket Casts Feed Parser; +http://pocketcasts.com/)"
185.191.171.4 - - [27/Apr/2022:02:02:32 +0200] "GET /PmWiki/DesignNotes HTTP/1.1" 200 13315 "-" "Mozilla/5.0 (compatible; SemrushBot/7~bl; +http://www.semrush.com/bot.html)"
194.209.200.2 - - [27/Apr/2022:02:03:27 +0200] "GET /robots.txt HTTP/1.1" 200 - "-" "Mozilla/5.0 (compatible; TMMBot/0.2; +http://www.dslab.ch)/Nutch-1.15"
194.209.200.2 - - [27/Apr/2022:02:03:27 +0200] "GET /Texte/ZurcherischEnglish HTTP/1.1" 200 8274 "-" "Mozilla/5.0 (compatible; TMMBot/0.2; +http://www.dslab.ch)/Nutch-1.15"
194.209.200.2 - - [27/Apr/2022:02:05:07 +0200] "GET /Texte/Schrybwys HTTP/1.1" 200 11028 "-" "Mozilla/5.0 (compatible; TMMBot/0.2; +http://www.dslab.ch)/Nutch-1.15"
194.209.200.2 - - [27/Apr/2022:02:06:03 +0200] "GET /Texte/GDicht HTTP/1.1" 200 8050 "-" "Mozilla/5.0 (compatible; TMMBot/0.2; +http://www.dslab.ch)/Nutch-1.15"
194.209.200.2 - - [27/Apr/2022:02:06:31 +0200] "GET /Admin/Links HTTP/1.1" 200 14193 "-" "Mozilla/5.0 (compatible; TMMBot/0.2; +http://www.dslab.ch)/Nutch-1.15"
194.209.200.2 - - [27/Apr/2022:02:06:43 +0200] "GET /Site/PodCast HTTP/1.1" 200 40934 "-" "Mozilla/5.0 (compatible; TMMBot/0.2; +http://www.dslab.ch)/Nutch-1.15"
194.209.200.2 - - [27/Apr/2022:02:07:37 +0200] "GET /Texte/Gloosse HTTP/1.1" 200 8061 "-" "Mozilla/5.0 (compatible; TMMBot/0.2; +http://www.dslab.ch)/Nutch-1.15"
194.209.200.2 - - [27/Apr/2022:02:08:07 +0200] "GET /Main/Home HTTP/1.1" 200 14638 "-" "Mozilla/5.0 (compatible; TMMBot/0.2; +http://www.dslab.ch)/Nutch-1.15"
194.209.200.2 - - [27/Apr/2022:02:08:26 +0200] "GET /Admin/Pro-ZurituutschStatuten HTTP/1.1" 200 9580 "-" "Mozilla/5.0 (compatible; TMMBot/0.2; +http://www.dslab.ch)/Nutch-1.15"
194.209.200.2 - - [27/Apr/2022:02:08:31 +0200] "GET / HTTP/1.1" 200 14638 "-" "Mozilla/5.0 (compatible; TMMBot/0.2; +http://www.dslab.ch)/Nutch-1.15"
194.209.200.2 - - [27/Apr/2022:02:09:13 +0200] "GET /Texte/Bitterbeuhsi HTTP/1.1" 200 9255 "-" "Mozilla/5.0 (compatible; TMMBot/0.2; +http://www.dslab.ch)/Nutch-1.15"
194.209.200.2 - - [27/Apr/2022:02:09:23 +0200] "GET /Gast/Podcast HTTP/1.1" 200 8106 "-" "Mozilla/5.0 (compatible; TMMBot/0.2; +http://www.dslab.ch)/Nutch-1.15"
20.108.174.12 - - [27/Apr/2022:02:18:20 +0200] "GET /.env HTTP/1.1" 404 264 "-" "Mozilla/5.0 (X11; Linux x86_64) AppleWebKit/537.36 (KHTML, like Gecko) Chrome/81.0.4044.129 Safari/537.36"
20.108.174.12 - - [27/Apr/2022:02:18:24 +0200] "POST / HTTP/1.1" 200 14638 "-" "Mozilla/5.0 (X11; Linux x86_64) AppleWebKit/537.36 (KHTML, like Gecko) Chrome/81.0.4044.129 Safari/537.36"
185.191.171.33 - - [27/Apr/2022:02:18:47 +0200] "GET /PmWikiNl/SidebarNl?action=print HTTP/1.1" 403 18 "-" "Mozilla/5.0 (compatible; SemrushBot/7~bl; +http://www.semrush.com/bot.html)"
185.191.171.3 - - [27/Apr/2022:02:18:58 +0200] "GET /Admin/ZurStiftung?action=print HTTP/1.1" 403 18 "-" "Mozilla/5.0 (compatible; SemrushBot/7~bl; +http://www.semrush.com/bot.html)"
216.244.66.243 - - [27/Apr/2022:02:21:15 +0200] "GET /robots.txt HTTP/1.1" 200 - "-" "Mozilla/5.0 (compatible; DotBot/1.2; +https://opensiteexplorer.org/dotbot; help@moz.com)"
185.191.171.19 - - [27/Apr/2022:02:23:27 +0200] "GET /robots.txt HTTP/1.1" 200 - "-" "Mozilla/5.0 (compatible; SemrushBot/7~bl; +http://www.semrush.com/bot.html)"
185.191.171.23 - - [27/Apr/2022:02:23:28 +0200] "GET /PmWikiFr/Audiences?action=upload HTTP/1.1" 403 18 "-" "Mozilla/5.0 (compatible; SemrushBot/7~bl; +http://www.semrush.com/bot.html)"
66.249.66.204 - - [27/Apr/2022:02:23:33 +0200] "GET /PodCast/IndexPage?action=rss HTTP/1.1" 200 6298 "-" "Mozilla/5.0 (compatible; Googlebot/2.1; +http://www.google.com/bot.html)"
185.191.171.12 - - [27/Apr/2022:02:24:02 +0200] "GET /PmWikiFr/PmWikiFr?action=edit HTTP/1.1" 403 18 "-" "Mozilla/5.0 (compatible; SemrushBot/7~bl; +http://www.semrush.com/bot.html)"
216.244.66.243 - - [27/Apr/2022:02:34:34 +0200] "GET /PodCast/Integral HTTP/1.1" 200 15584 "-" "Mozilla/5.0 (compatible; DotBot/1.2; +https://opensiteexplorer.org/dotbot; help@moz.com)"
185.191.171.11 - - [27/Apr/2022:02:35:52 +0200] "GET /PmWikiFr/PmWikiFr?action=search&fmt=title&q=PmWikiFr%2F HTTP/1.1" 403 18 "-" "Mozilla/5.0 (compatible; SemrushBot/7~bl; +http://www.semrush.com/bot.html)"
194.209.200.2 - - [27/Apr/2022:02:45:38 +0200] "GET /robots.txt HTTP/1.1" 200 - "-" "Mozilla/5.0 (compatible; TMMBot/0.2; +http://www.dslab.ch)/Nutch-1.15"
194.209.200.2 - - [27/Apr/2022:02:45:38 +0200] "GET /Texte/ZurcherischEnglish HTTP/1.1" 200 8274 "-" "Mozilla/5.0 (compatible; TMMBot/0.2; +http://www.dslab.ch)/Nutch-1.15"
194.209.200.2 - - [27/Apr/2022:02:46:53 +0200] "GET /Admin/Jahresbericht HTTP/1.1" 200 45530 "-" "Mozilla/5.0 (compatible; TMMBot/0.2; +http://www.dslab.ch)/Nutch-1.15"
194.209.200.2 - - [27/Apr/2022:02:47:16 +0200] "GET /Texte/Schrybwys HTTP/1.1" 200 11028 "-" "Mozilla/5.0 (compatible; TMMBot/0.2; +http://www.dslab.ch)/Nutch-1.15"
194.209.200.2 - - [27/Apr/2022:02:48:12 +0200] "GET /Texte/GDicht HTTP/1.1" 200 8050 "-" "Mozilla/5.0 (compatible; TMMBot/0.2; +http://www.dslab.ch)/Nutch-1.15"
194.209.200.2 - - [27/Apr/2022:02:48:39 +0200] "GET /Admin/Links HTTP/1.1" 200 14193 "-" "Mozilla/5.0 (compatible; TMMBot/0.2; +http://www.dslab.ch)/Nutch-1.15"
194.209.200.2 - - [27/Apr/2022:02:48:50 +0200] "GET /Site/PodCast HTTP/1.1" 200 40934 "-" "Mozilla/5.0 (compatible; TMMBot/0.2; +http://www.dslab.ch)/Nutch-1.15"
194.209.200.2 - - [27/Apr/2022:02:49:44 +0200] "GET /Texte/Gloosse HTTP/1.1" 200 8061 "-" "Mozilla/5.0 (compatible; TMMBot/0.2; +http://www.dslab.ch)/Nutch-1.15"
194.209.200.2 - - [27/Apr/2022:02:50:32 +0200] "GET /Admin/Pro-ZurituutschStatuten HTTP/1.1" 200 9580 "-" "Mozilla/5.0 (compatible; TMMBot/0.2; +http://www.dslab.ch)/Nutch-1.15"
194.209.200.2 - - [27/Apr/2022:02:50:35 +0200] "GET / HTTP/1.1" 200 14638 "-" "Mozilla/5.0 (compatible; TMMBot/0.2; +http://www.dslab.ch)/Nutch-1.15"
194.209.200.2 - - [27/Apr/2022:02:51:17 +0200] "GET /Texte/Bitterbeuhsi HTTP/1.1" 200 9255 "-" "Mozilla/5.0 (compatible; TMMBot/0.2; +http://www.dslab.ch)/Nutch-1.15"
194.209.200.2 - - [27/Apr/2022:02:51:26 +0200] "GET /Gast/Podcast HTTP/1.1" 200 8106 "-" "Mozilla/5.0 (compatible; TMMBot/0.2; +http://www.dslab.ch)/Nutch-1.15"
185.191.171.23 - - [27/Apr/2022:02:55:54 +0200] "GET /PmWiki/MailingList?action=edit HTTP/1.1" 404 18 "-" "Mozilla/5.0 (compatible; SemrushBot/7~bl; +http://www.semrush.com/bot.html)"
5.188.210.21 - - [27/Apr/2022:02:56:54 +0200] "GET /PmWikiRu/FlatFileAdvantages HTTP/1.0" 200 15215 "http://www.pro-zurituutsch.ch/PmWikiRu/FlatFileAdvantages" "Mozilla/5.0 (Windows NT 6.1) AppleWebKit/537.36 (KHTML, like Gecko) Chrome/90.0.4430.85 Safari/537.36"
216.244.66.243 - - [27/Apr/2022:03:16:06 +0200] "GET /robots.txt HTTP/1.1" 200 - "-" "Mozilla/5.0 (compatible; DotBot/1.2; +https://opensiteexplorer.org/dotbot; help@moz.com)"
66.249.66.208 - - [27/Apr/2022:03:19:59 +0200] "GET /PodCast/IndexPage?action=rss HTTP/1.1" 200 6298 "-" "Mozilla/5.0 (compatible; Googlebot/2.1; +http://www.google.com/bot.html)"
185.191.171.14 - - [27/Apr/2022:03:20:49 +0200] "GET /PmWikiPtBr/EdicaoBasica?action=edit HTTP/1.1" 403 18 "-" "Mozilla/5.0 (compatible; SemrushBot/7~bl; +http://www.semrush.com/bot.html)"
185.191.171.16 - - [27/Apr/2022:03:22:40 +0200] "GET /PmWikiDe/Categories?action=upload HTTP/1.1" 403 18 "-" "Mozilla/5.0 (compatible; SemrushBot/7~bl; +http://www.semrush.com/bot.html)"
194.209.200.2 - - [27/Apr/2022:03:24:06 +0200] "GET /robots.txt HTTP/1.1" 200 - "-" "Mozilla/5.0 (compatible; TMMBot/0.2; +http://www.dslab.ch)/Nutch-1.15"
194.209.200.2 - - [27/Apr/2022:03:24:06 +0200] "GET /Texte/ZurcherischEnglish HTTP/1.1" 200 8274 "-" "Mozilla/5.0 (compatible; TMMBot/0.2; +http://www.dslab.ch)/Nutch-1.15"
194.209.200.2 - - [27/Apr/2022:03:25:26 +0200] "GET /Admin/Jahresbericht HTTP/1.1" 200 45530 "-" "Mozilla/5.0 (compatible; TMMBot/0.2; +http://www.dslab.ch)/Nutch-1.15"
194.209.200.2 - - [27/Apr/2022:03:25:48 +0200] "GET /Texte/Schrybwys HTTP/1.1" 200 11028 "-" "Mozilla/5.0 (compatible; TMMBot/0.2; +http://www.dslab.ch)/Nutch-1.15"
185.191.171.10 - - [27/Apr/2022:03:26:34 +0200] "GET /robots.txt HTTP/1.1" 200 - "-" "Mozilla/5.0 (compatible; SemrushBot/7~bl; +http://www.semrush.com/bot.html)"
185.191.171.4 - - [27/Apr/2022:03:26:35 +0200] "GET /PmWikiDe/Internationalizations HTTP/1.1" 200 6900 "-" "Mozilla/5.0 (compatible; SemrushBot/7~bl; +http://www.semrush.com/bot.html)"
194.209.200.2 - - [27/Apr/2022:03:26:49 +0200] "GET /Texte/GDicht HTTP/1.1" 200 8050 "-" "Mozilla/5.0 (compatible; TMMBot/0.2; +http://www.dslab.ch)/Nutch-1.15"
194.209.200.2 - - [27/Apr/2022:03:27:20 +0200] "GET /Admin/Links HTTP/1.1" 200 14193 "-" "Mozilla/5.0 (compatible; TMMBot/0.2; +http://www.dslab.ch)/Nutch-1.15"
194.209.200.2 - - [27/Apr/2022:03:27:31 +0200] "GET /Site/PodCast HTTP/1.1" 200 40934 "-" "Mozilla/5.0 (compatible; TMMBot/0.2; +http://www.dslab.ch)/Nutch-1.15"
194.209.200.2 - - [27/Apr/2022:03:28:29 +0200] "GET /Texte/Gloosse HTTP/1.1" 200 8061 "-" "Mozilla/5.0 (compatible; TMMBot/0.2; +http://www.dslab.ch)/Nutch-1.15"
194.209.200.2 - - [27/Apr/2022:03:28:59 +0200] "GET /Main/Home HTTP/1.1" 200 14638 "-" "Mozilla/5.0 (compatible; TMMBot/0.2; +http://www.dslab.ch)/Nutch-1.15"
194.209.200.2 - - [27/Apr/2022:03:29:18 +0200] "GET /Admin/Pro-ZurituutschStatuten HTTP/1.1" 200 9580 "-" "Mozilla/5.0 (compatible; TMMBot/0.2; +http://www.dslab.ch)/Nutch-1.15"
194.209.200.2 - - [27/Apr/2022:03:29:23 +0200] "GET / HTTP/1.1" 200 14638 "-" "Mozilla/5.0 (compatible; TMMBot/0.2; +http://www.dslab.ch)/Nutch-1.15"
216.244.66.243 - - [27/Apr/2022:03:29:45 +0200] "GET /PodCast/JBJ402 HTTP/1.1" 200 20809 "-" "Mozilla/5.0 (compatible; DotBot/1.2; +https://opensiteexplorer.org/dotbot; help@moz.com)"
194.209.200.2 - - [27/Apr/2022:03:30:07 +0200] "GET /Texte/Bitterbeuhsi HTTP/1.1" 200 9255 "-" "Mozilla/5.0 (compatible; TMMBot/0.2; +http://www.dslab.ch)/Nutch-1.15"
194.209.200.2 - - [27/Apr/2022:03:30:18 +0200] "GET /Gast/Podcast HTTP/1.1" 200 8106 "-" "Mozilla/5.0 (compatible; TMMBot/0.2; +http://www.dslab.ch)/Nutch-1.15"
216.244.66.243 - - [27/Apr/2022:03:33:48 +0200] "GET /PodCast/Roman2 HTTP/1.1" 200 12272 "-" "Mozilla/5.0 (compatible; DotBot/1.2; +https://opensiteexplorer.org/dotbot; help@moz.com)"
185.191.171.15 - - [27/Apr/2022:03:37:46 +0200] "GET /PmWikiFr/A?action=search&fmt=title&q=link%3DPmWikiFr.MarkupCharacters HTTP/1.1" 404 18 "-" "Mozilla/5.0 (compatible; SemrushBot/7~bl; +http://www.semrush.com/bot.html)"
185.191.171.6 - - [27/Apr/2022:03:38:30 +0200] "GET /Admin/Links?action=upload HTTP/1.1" 403 18 "-" "Mozilla/5.0 (compatible; SemrushBot/7~bl; +http://www.semrush.com/bot.html)"
62.182.157.250 - - [27/Apr/2022:03:41:50 +0200] "GET / HTTP/1.1" 200 14638 "-" "Mozilla/5.0 (Windows NT 10.0; Win64; x64; rv:94.0) Gecko/20100101 Firefox/94.0"
185.191.171.6 - - [27/Apr/2022:03:41:51 +0200] "GET /PmWikiFr/MarkupCharacters?action=upload&upname=Filename.ext HTTP/1.1" 403 18 "-" "Mozilla/5.0 (compatible; SemrushBot/7~bl; +http://www.semrush.com/bot.html)"
157.55.39.25 - - [27/Apr/2022:03:50:09 +0200] "GET /PodCast/Wistaria01 HTTP/1.1" 200 23568 "-" "Mozilla/5.0 (compatible; bingbot/2.0; +http://www.bing.com/bingbot.htm)"
185.191.171.44 - - [27/Apr/2022:03:56:42 +0200] "GET /PmWikiRu/WikiSandbox HTTP/1.1" 200 16795 "-" "Mozilla/5.0 (compatible; SemrushBot/7~bl; +http://www.semrush.com/bot.html)"
194.209.200.2 - - [27/Apr/2022:03:56:57 +0200] "GET /robots.txt HTTP/1.1" 200 - "-" "Mozilla/5.0 (compatible; TMMBot/0.2; +http://www.dslab.ch)/Nutch-1.15"
194.209.200.2 - - [27/Apr/2022:03:56:57 +0200] "GET /Texte/ZurcherischEnglish HTTP/1.1" 200 8274 "-" "Mozilla/5.0 (compatible; TMMBot/0.2; +http://www.dslab.ch)/Nutch-1.15"
194.209.200.2 - - [27/Apr/2022:03:58:20 +0200] "GET /Admin/Jahresbericht HTTP/1.1" 200 45530 "-" "Mozilla/5.0 (compatible; TMMBot/0.2; +http://www.dslab.ch)/Nutch-1.15"
194.209.200.2 - - [27/Apr/2022:03:58:43 +0200] "GET /Texte/Schrybwys HTTP/1.1" 200 11028 "-" "Mozilla/5.0 (compatible; TMMBot/0.2; +http://www.dslab.ch)/Nutch-1.15"
194.209.200.2 - - [27/Apr/2022:03:59:44 +0200] "GET /Texte/GDicht HTTP/1.1" 200 8050 "-" "Mozilla/5.0 (compatible; TMMBot/0.2; +http://www.dslab.ch)/Nutch-1.15"
194.209.200.2 - - [27/Apr/2022:04:00:12 +0200] "GET /Admin/Links HTTP/1.1" 200 14193 "-" "Mozilla/5.0 (compatible; TMMBot/0.2; +http://www.dslab.ch)/Nutch-1.15"
194.209.200.2 - - [27/Apr/2022:04:00:25 +0200] "GET /Site/PodCast HTTP/1.1" 200 40934 "-" "Mozilla/5.0 (compatible; TMMBot/0.2; +http://www.dslab.ch)/Nutch-1.15"
194.209.200.2 - - [27/Apr/2022:04:01:27 +0200] "GET /Texte/Gloosse HTTP/1.1" 200 8061 "-" "Mozilla/5.0 (compatible; TMMBot/0.2; +http://www.dslab.ch)/Nutch-1.15"
194.209.200.2 - - [27/Apr/2022:04:01:56 +0200] "GET /Main/Home HTTP/1.1" 200 14638 "-" "Mozilla/5.0 (compatible; TMMBot/0.2; +http://www.dslab.ch)/Nutch-1.15"
194.209.200.2 - - [27/Apr/2022:04:02:16 +0200] "GET /Admin/Pro-ZurituutschStatuten HTTP/1.1" 200 9580 "-" "Mozilla/5.0 (compatible; TMMBot/0.2; +http://www.dslab.ch)/Nutch-1.15"
194.209.200.2 - - [27/Apr/2022:04:02:20 +0200] "GET / HTTP/1.1" 200 14638 "-" "Mozilla/5.0 (compatible; TMMBot/0.2; +http://www.dslab.ch)/Nutch-1.15"
194.209.200.2 - - [27/Apr/2022:04:03:03 +0200] "GET /Texte/Bitterbeuhsi HTTP/1.1" 200 9255 "-" "Mozilla/5.0 (compatible; TMMBot/0.2; +http://www.dslab.ch)/Nutch-1.15"
194.209.200.2 - - [27/Apr/2022:04:03:14 +0200] "GET /Gast/Podcast HTTP/1.1" 200 8106 "-" "Mozilla/5.0 (compatible; TMMBot/0.2; +http://www.dslab.ch)/Nutch-1.15"
185.191.171.7 - - [27/Apr/2022:04:04:21 +0200] "GET /PmWikiDe/BackupAndRestore?action=print HTTP/1.1" 403 18 "-" "Mozilla/5.0 (compatible; SemrushBot/7~bl; +http://www.semrush.com/bot.html)"
168.119.51.163 - - [27/Apr/2022:04:06:54 +0200] "GET /robots.txt HTTP/1.1" 200 - "-" "Mozilla/5.0 (compatible; um-IC/1.0; mailto: techinfo@ubermetrics-technologies.com; Windows NT 6.1; WOW64; rv:40.0) Gecko/20100101 Firefox/40.1"
168.119.51.163 - - [27/Apr/2022:04:06:54 +0200] "GET /PodCast/IndexPage?action=rss HTTP/1.1" 200 6298 "-" "Mozilla/5.0 (compatible; um-IC/1.0; mailto: techinfo@ubermetrics-technologies.com; Windows NT 6.1; WOW64; rv:40.0) Gecko/20100101 Firefox/40.1"
185.191.171.43 - - [27/Apr/2022:04:09:59 +0200] "GET /PmWikiIt/ConsigliPerLaModifica?action=diff HTTP/1.1" 403 18 "-" "Mozilla/5.0 (compatible; SemrushBot/7~bl; +http://www.semrush.com/bot.html)"
157.55.39.187 - - [27/Apr/2022:04:11:19 +0200] "GET /Texte/ArsAmatoria HTTP/1.1" 200 12369 "-" "Mozilla/5.0 (compatible; bingbot/2.0; +http://www.bing.com/bingbot.htm)"
216.244.66.243 - - [27/Apr/2022:04:13:34 +0200] "GET /robots.txt HTTP/1.1" 200 - "-" "Mozilla/5.0 (compatible; DotBot/1.2; +https://opensiteexplorer.org/dotbot; help@moz.com)"
66.249.66.204 - - [27/Apr/2022:04:16:44 +0200] "GET /PodCast/IndexPage?action=rss HTTP/1.1" 200 6298 "-" "Mozilla/5.0 (compatible; Googlebot/2.1; +http://www.google.com/bot.html)"
216.244.66.243 - - [27/Apr/2022:04:27:45 +0200] "GET /PodCast/Prometheus HTTP/1.1" 200 12520 "-" "Mozilla/5.0 (compatible; DotBot/1.2; +https://opensiteexplorer.org/dotbot; help@moz.com)"
216.244.66.243 - - [27/Apr/2022:04:29:54 +0200] "GET /PmWikiNl/Basisbeginselen HTTP/1.1" 200 24495 "-" "Mozilla/5.0 (compatible; DotBot/1.2; +https://opensiteexplorer.org/dotbot; help@moz.com)"
194.209.200.2 - - [27/Apr/2022:04:31:31 +0200] "GET /robots.txt HTTP/1.1" 200 - "-" "Mozilla/5.0 (compatible; TMMBot/0.2; +http://www.dslab.ch)/Nutch-1.15"
194.209.200.2 - - [27/Apr/2022:04:31:31 +0200] "GET /Texte/ZurcherischEnglish HTTP/1.1" 200 8274 "-" "Mozilla/5.0 (compatible; TMMBot/0.2; +http://www.dslab.ch)/Nutch-1.15"
