85.25.177.139 - - [05/Oct/2022:21:49:17 +0200] "GET /PodCast/22Baadstoubegass?action=print HTTP/1.1" 404 2428 "-" "Mozilla/5.0 (Macintosh; Intel Mac OS X 10.15; rv:103.0) Gecko/20100101 Firefox/103.0"
85.25.177.139 - - [05/Oct/2022:21:50:39 +0200] "GET /PodCast/Gagetail?action=diff&source=n&minor=n HTTP/1.1" 200 12968 "-" "Mozilla/5.0 (Macintosh; Intel Mac OS X 10.15; rv:103.0) Gecko/20100101 Firefox/103.0"
85.25.177.139 - - [05/Oct/2022:21:51:06 +0200] "GET /PmWiki/SkinTemplates HTTP/1.1" 200 28363 "-" "Mozilla/5.0 (Macintosh; Intel Mac OS X 10.15; rv:103.0) Gecko/20100101 Firefox/103.0"
85.25.177.139 - - [05/Oct/2022:21:52:11 +0200] "GET /PodCast/Gagetail?action=edit&restore=diff:1177756301:1177755233:&preview=y HTTP/1.1" 200 8682 "-" "Mozilla/5.0 (Macintosh; Intel Mac OS X 10.15; rv:103.0) Gecko/20100101 Firefox/103.0"
85.25.177.139 - - [05/Oct/2022:21:52:39 +0200] "GET /PmWiki/DocumentationIndex HTTP/1.1" 200 26304 "-" "Mozilla/5.0 (Macintosh; Intel Mac OS X 10.15; rv:103.0) Gecko/20100101 Firefox/103.0"
85.25.177.139 - - [05/Oct/2022:21:54:18 +0200] "GET /PmWiki/Skins?action=print HTTP/1.1" 200 15148 "-" "Mozilla/5.0 (Macintosh; Intel Mac OS X 10.15; rv:103.0) Gecko/20100101 Firefox/103.0"
85.25.177.139 - - [05/Oct/2022:21:55:13 +0200] "GET /PodCast/Gagetail?action=diff&source=y&minor=y HTTP/1.1" 200 12765 "-" "Mozilla/5.0 (Macintosh; Intel Mac OS X 10.15; rv:103.0) Gecko/20100101 Firefox/103.0"
85.25.177.139 - - [05/Oct/2022:21:55:30 +0200] "GET /Site/PageNotFound?action=print HTTP/1.1" 200 2632 "-" "Mozilla/5.0 (Macintosh; Intel Mac OS X 10.15; rv:103.0) Gecko/20100101 Firefox/103.0"
85.25.177.139 - - [05/Oct/2022:21:56:32 +0200] "GET /PodCast/Gagetail?action=edit&restore=diff:1234558165:1177918452:&preview=y HTTP/1.1" 200 8682 "-" "Mozilla/5.0 (Macintosh; Intel Mac OS X 10.15; rv:103.0) Gecko/20100101 Firefox/103.0"
85.25.177.139 - - [05/Oct/2022:21:56:59 +0200] "GET /Site/PageNotFound?action=diff HTTP/1.1" 200 9220 "-" "Mozilla/5.0 (Macintosh; Intel Mac OS X 10.15; rv:103.0) Gecko/20100101 Firefox/103.0"
85.25.177.139 - - [05/Oct/2022:21:58:05 +0200] "GET /PodCast/171AmStadelhofe?action=diff&source=y&minor=y HTTP/1.1" 200 9317 "-" "Mozilla/5.0 (Macintosh; Intel Mac OS X 10.15; rv:103.0) Gecko/20100101 Firefox/103.0"
85.25.177.139 - - [05/Oct/2022:21:58:28 +0200] "GET /Site/PageNotFound?action=upload HTTP/1.1" 200 8553 "-" "Mozilla/5.0 (Macintosh; Intel Mac OS X 10.15; rv:103.0) Gecko/20100101 Firefox/103.0"
85.25.177.139 - - [05/Oct/2022:21:59:12 +0200] "GET /PodCast/171AmStadelhofe?action=diff&source=n&minor=n HTTP/1.1" 200 9323 "-" "Mozilla/5.0 (Macintosh; Intel Mac OS X 10.15; rv:103.0) Gecko/20100101 Firefox/103.0"
85.25.177.139 - - [05/Oct/2022:22:00:44 +0200] "GET /Site/123Sitkouscht1482?action=edit&restore=diff:1256236124:1256235995:&preview=y HTTP/1.1" 200 8769 "-" "Mozilla/5.0 (Macintosh; Intel Mac OS X 10.15; rv:103.0) Gecko/20100101 Firefox/103.0"
85.25.177.139 - - [05/Oct/2022:22:01:43 +0200] "GET /PmWikiDe/TextFormattingRules HTTP/1.1" 200 21902 "-" "Mozilla/5.0 (Macintosh; Intel Mac OS X 10.15; rv:103.0) Gecko/20100101 Firefox/103.0"
85.25.177.139 - - [05/Oct/2022:22:02:24 +0200] "GET /PschtLlformoular/PschtLlformoular?action=print HTTP/1.1" 404 2473 "-" "Mozilla/5.0 (Macintosh; Intel Mac OS X 10.15; rv:103.0) Gecko/20100101 Firefox/103.0"
85.25.177.139 - - [05/Oct/2022:22:03:30 +0200] "GET /PmWikiDe/SimpleTables HTTP/1.1" 200 21037 "-" "Mozilla/5.0 (Macintosh; Intel Mac OS X 10.15; rv:103.0) Gecko/20100101 Firefox/103.0"
85.25.177.139 - - [05/Oct/2022:22:04:13 +0200] "GET /PmWiki/WikiAdministrator HTTP/1.1" 200 10099 "-" "Mozilla/5.0 (Macintosh; Intel Mac OS X 10.15; rv:103.0) Gecko/20100101 Firefox/103.0"
194.209.200.2 - - [05/Oct/2022:22:04:40 +0200] "GET /robots.txt HTTP/1.1" 200 - "-" "Mozilla/5.0 (compatible; TMMBot/0.2; +http://www.dslab.ch)/Nutch-1.15"
194.209.200.2 - - [05/Oct/2022:22:04:40 +0200] "GET /Texte/Limericks HTTP/1.1" 200 8087 "-" "Mozilla/5.0 (compatible; TMMBot/0.2; +http://www.dslab.ch)/Nutch-1.15"
194.209.200.2 - - [05/Oct/2022:22:04:44 +0200] "GET /Texte/Schrybwys HTTP/1.1" 200 11028 "-" "Mozilla/5.0 (compatible; TMMBot/0.2; +http://www.dslab.ch)/Nutch-1.15"
194.209.200.2 - - [05/Oct/2022:22:05:35 +0200] "GET /Texte/ArsAmatoria HTTP/1.1" 200 12369 "-" "Mozilla/5.0 (compatible; TMMBot/0.2; +http://www.dslab.ch)/Nutch-1.15"
85.25.177.139 - - [05/Oct/2022:22:05:37 +0200] "GET /PmWiki/Uploads?action=upload&upname=file.doc HTTP/1.1" 200 8524 "-" "Mozilla/5.0 (Macintosh; Intel Mac OS X 10.15; rv:103.0) Gecko/20100101 Firefox/103.0"
85.25.177.139 - - [05/Oct/2022:22:06:03 +0200] "GET /Site/EditForm?action=diff HTTP/1.1" 200 9154 "-" "Mozilla/5.0 (Macintosh; Intel Mac OS X 10.15; rv:103.0) Gecko/20100101 Firefox/103.0"
194.209.200.2 - - [05/Oct/2022:22:06:32 +0200] "GET /Texte/Metamorphoses HTTP/1.1" 200 9045 "-" "Mozilla/5.0 (compatible; TMMBot/0.2; +http://www.dslab.ch)/Nutch-1.15"
85.25.177.139 - - [05/Oct/2022:22:07:00 +0200] "GET /PmWiki/Images HTTP/1.1" 200 36431 "-" "Mozilla/5.0 (Macintosh; Intel Mac OS X 10.15; rv:103.0) Gecko/20100101 Firefox/103.0"
85.25.177.139 - - [05/Oct/2022:22:07:59 +0200] "GET /PmWikiDe/BasicEditing HTTP/1.1" 200 21793 "-" "Mozilla/5.0 (Macintosh; Intel Mac OS X 10.15; rv:103.0) Gecko/20100101 Firefox/103.0"
194.209.200.2 - - [05/Oct/2022:22:08:36 +0200] "GET /Admin/Pro-ZurituutschStatuten HTTP/1.1" 200 9580 "-" "Mozilla/5.0 (compatible; TMMBot/0.2; +http://www.dslab.ch)/Nutch-1.15"
85.25.177.139 - - [05/Oct/2022:22:09:28 +0200] "GET /PmWikiDe/TableDirectives HTTP/1.1" 200 20063 "-" "Mozilla/5.0 (Macintosh; Intel Mac OS X 10.15; rv:103.0) Gecko/20100101 Firefox/103.0"
85.25.177.139 - - [05/Oct/2022:22:09:57 +0200] "GET /Site/PageActions HTTP/1.1" 200 8927 "-" "Mozilla/5.0 (Macintosh; Intel Mac OS X 10.15; rv:103.0) Gecko/20100101 Firefox/103.0"
85.25.177.139 - - [05/Oct/2022:22:11:27 +0200] "GET /PmWiki/PmWiki HTTP/1.1" 200 11917 "-" "Mozilla/5.0 (Macintosh; Intel Mac OS X 10.15; rv:103.0) Gecko/20100101 Firefox/103.0"
85.25.177.139 - - [05/Oct/2022:22:12:58 +0200] "GET /PodCast/WGA2Eergyz?action=print HTTP/1.1" 404 2404 "-" "Mozilla/5.0 (Macintosh; Intel Mac OS X 10.15; rv:103.0) Gecko/20100101 Firefox/103.0"
85.25.177.139 - - [05/Oct/2022:22:14:13 +0200] "GET /Category/Spam?action=print HTTP/1.1" 200 2293 "-" "Mozilla/5.0 (Macintosh; Intel Mac OS X 10.15; rv:103.0) Gecko/20100101 Firefox/103.0"
85.25.177.139 - - [05/Oct/2022:22:14:37 +0200] "GET /PodCast/22Baadstoubegass?action=diff&source=y&minor=y HTTP/1.1" 200 9331 "-" "Mozilla/5.0 (Macintosh; Intel Mac OS X 10.15; rv:103.0) Gecko/20100101 Firefox/103.0"
85.25.177.139 - - [05/Oct/2022:22:15:37 +0200] "GET /Category/Spam?action=diff HTTP/1.1" 200 9152 "-" "Mozilla/5.0 (Macintosh; Intel Mac OS X 10.15; rv:103.0) Gecko/20100101 Firefox/103.0"
85.25.177.139 - - [05/Oct/2022:22:16:02 +0200] "GET /PodCast/22Baadstoubegass?action=diff&source=n&minor=n HTTP/1.1" 200 9337 "-" "Mozilla/5.0 (Macintosh; Intel Mac OS X 10.15; rv:103.0) Gecko/20100101 Firefox/103.0"
85.25.177.139 - - [05/Oct/2022:22:17:27 +0200] "GET /Category/Spam?action=upload HTTP/1.1" 200 8493 "-" "Mozilla/5.0 (Macintosh; Intel Mac OS X 10.15; rv:103.0) Gecko/20100101 Firefox/103.0"
85.25.177.139 - - [05/Oct/2022:22:17:52 +0200] "GET /PschtLlformoular/PschtLlformoular?action=upload HTTP/1.1" 200 8776 "-" "Mozilla/5.0 (Macintosh; Intel Mac OS X 10.15; rv:103.0) Gecko/20100101 Firefox/103.0"
85.25.177.139 - - [05/Oct/2022:22:19:17 +0200] "GET /PschtLlformoular/PschtLlformoular?action=diff&source=n&minor=n HTTP/1.1" 200 9481 "-" "Mozilla/5.0 (Macintosh; Intel Mac OS X 10.15; rv:103.0) Gecko/20100101 Firefox/103.0"
85.25.177.139 - - [05/Oct/2022:22:19:44 +0200] "GET /Category/Spam?action=edit HTTP/1.1" 200 8593 "-" "Mozilla/5.0 (Macintosh; Intel Mac OS X 10.15; rv:103.0) Gecko/20100101 Firefox/103.0"
85.25.177.139 - - [05/Oct/2022:22:20:59 +0200] "GET /PmWiki/Passwords?action=diff HTTP/1.1" 200 9201 "-" "Mozilla/5.0 (Macintosh; Intel Mac OS X 10.15; rv:103.0) Gecko/20100101 Firefox/103.0"
85.25.177.139 - - [05/Oct/2022:22:21:56 +0200] "GET /PschtLlformoular/PschtLlformoular?action=diff&source=y&minor=y HTTP/1.1" 200 9475 "-" "Mozilla/5.0 (Macintosh; Intel Mac OS X 10.15; rv:103.0) Gecko/20100101 Firefox/103.0"
157.143.8.174 - - [05/Oct/2022:22:22:20 +0200] "GET / HTTP/1.1" 200 15085 "https://www.google.com/" "Mozilla/5.0 (Linux; Android 8.1.0; SM-T830) AppleWebKit/537.36 (KHTML, like Gecko) Chrome/106.0.0.0 Safari/537.36"
157.143.8.174 - - [05/Oct/2022:22:22:21 +0200] "GET /pub/skins/pro-zurituutsch/gila.css HTTP/1.1" 200 10186 "http://www.pro-zurituutsch.ch/" "Mozilla/5.0 (Linux; Android 8.1.0; SM-T830) AppleWebKit/537.36 (KHTML, like Gecko) Chrome/106.0.0.0 Safari/537.36"
85.25.177.139 - - [05/Oct/2022:22:22:24 +0200] "GET /PmWiki/Search HTTP/1.1" 200 14204 "-" "Mozilla/5.0 (Macintosh; Intel Mac OS X 10.15; rv:103.0) Gecko/20100101 Firefox/103.0"
157.143.8.174 - - [05/Oct/2022:22:22:26 +0200] "GET / HTTP/1.1" 200 15085 "https://www.google.com/" "Mozilla/5.0 (Linux; Android 8.1.0; SM-T830) AppleWebKit/537.36 (KHTML, like Gecko) Chrome/106.0.0.0 Safari/537.36"
157.143.8.174 - - [05/Oct/2022:22:22:26 +0200] "GET /uploads/Main/logo.jpg HTTP/1.1" 200 29066 "http://www.pro-zurituutsch.ch/" "Mozilla/5.0 (Linux; Android 8.1.0; SM-T830) AppleWebKit/537.36 (KHTML, like Gecko) Chrome/106.0.0.0 Safari/537.36"
157.143.8.174 - - [05/Oct/2022:22:22:26 +0200] "GET /pub/skins/pro-zurituutsch/images/external.png HTTP/1.1" 200 165 "http://www.pro-zurituutsch.ch/pub/skins/pro-zurituutsch/gila.css" "Mozilla/5.0 (Linux; Android 8.1.0; SM-T830) AppleWebKit/537.36 (KHTML, like Gecko) Chrome/106.0.0.0 Safari/537.36"
157.143.8.174 - - [05/Oct/2022:22:22:27 +0200] "GET /pub/skins/pro-zurituutsch/images/favicon.ico HTTP/1.1" 200 1406 "http://www.pro-zurituutsch.ch/" "Mozilla/5.0 (Linux; Android 8.1.0; SM-T830) AppleWebKit/537.36 (KHTML, like Gecko) Chrome/106.0.0.0 Safari/537.36"
157.143.8.174 - - [05/Oct/2022:22:23:17 +0200] "GET / HTTP/1.1" 200 15085 "https://www.google.com/" "Mozilla/5.0 (Linux; Android 8.1.0; SM-T830) AppleWebKit/537.36 (KHTML, like Gecko) Chrome/106.0.0.0 Safari/537.36"
85.25.177.139 - - [05/Oct/2022:22:23:26 +0200] "GET /PodCast/Leerbouech?action=print HTTP/1.1" 404 2404 "-" "Mozilla/5.0 (Macintosh; Intel Mac OS X 10.15; rv:103.0) Gecko/20100101 Firefox/103.0"
157.143.8.174 - - [05/Oct/2022:22:23:40 +0200] "GET /Gast/Podcast HTTP/1.1" 200 8106 "http://www.pro-zurituutsch.ch/" "Mozilla/5.0 (Linux; Android 8.1.0; SM-T830) AppleWebKit/537.36 (KHTML, like Gecko) Chrome/106.0.0.0 Safari/537.36"
157.143.8.174 - - [05/Oct/2022:22:23:51 +0200] "GET /Site/PodCast HTTP/1.1" 200 40934 "http://www.pro-zurituutsch.ch/Gast/Podcast" "Mozilla/5.0 (Linux; Android 8.1.0; SM-T830) AppleWebKit/537.36 (KHTML, like Gecko) Chrome/106.0.0.0 Safari/537.36"
157.143.8.174 - - [05/Oct/2022:22:24:14 +0200] "GET /PodCast/PodCast HTTP/1.1" 200 29790 "http://www.pro-zurituutsch.ch/Site/PodCast" "Mozilla/5.0 (Linux; Android 8.1.0; SM-T830) AppleWebKit/537.36 (KHTML, like Gecko) Chrome/106.0.0.0 Safari/537.36"
157.143.8.174 - - [05/Oct/2022:22:24:43 +0200] "GET /PodCast/PodCast HTTP/1.1" 200 29790 "http://www.pro-zurituutsch.ch/PodCast/PodCast" "Mozilla/5.0 (Linux; Android 8.1.0; SM-T830) AppleWebKit/537.36 (KHTML, like Gecko) Chrome/106.0.0.0 Safari/537.36"
85.25.177.139 - - [05/Oct/2022:22:25:00 +0200] "GET /PmWiki/SitePreferences HTTP/1.1" 200 11153 "-" "Mozilla/5.0 (Macintosh; Intel Mac OS X 10.15; rv:103.0) Gecko/20100101 Firefox/103.0"
85.25.177.139 - - [05/Oct/2022:22:25:51 +0200] "GET /PodCast/Styluebige?action=edit&restore=diff:1163401389:1163080609:&preview=y HTTP/1.1" 200 8710 "-" "Mozilla/5.0 (Macintosh; Intel Mac OS X 10.15; rv:103.0) Gecko/20100101 Firefox/103.0"
85.25.177.139 - - [05/Oct/2022:22:26:25 +0200] "GET /PmWiki/AvailableActions?action=edit HTTP/1.1" 200 8736 "-" "Mozilla/5.0 (Macintosh; Intel Mac OS X 10.15; rv:103.0) Gecko/20100101 Firefox/103.0"
85.25.177.139 - - [05/Oct/2022:22:27:34 +0200] "GET /PodCast/Styluebige?action=edit&restore=diff:1163065232:1163064631:&preview=y HTTP/1.1" 200 8710 "-" "Mozilla/5.0 (Macintosh; Intel Mac OS X 10.15; rv:103.0) Gecko/20100101 Firefox/103.0"
157.143.8.174 - - [05/Oct/2022:22:28:02 +0200] "GET /PodCast/PodCast HTTP/1.1" 200 29790 "-" "Mozilla/5.0 (Linux; Android 8.1.0; SM-T830) AppleWebKit/537.36 (KHTML, like Gecko) Chrome/106.0.0.0 Safari/537.36"
85.25.177.139 - - [05/Oct/2022:22:28:03 +0200] "GET /PmWiki/SecurityVariables HTTP/1.1" 200 15696 "-" "Mozilla/5.0 (Macintosh; Intel Mac OS X 10.15; rv:103.0) Gecko/20100101 Firefox/103.0"
85.25.177.139 - - [05/Oct/2022:22:29:23 +0200] "GET /PodCast/Styluebige?action=edit&restore=diff:1163065359:1163065260:&preview=y HTTP/1.1" 200 8710 "-" "Mozilla/5.0 (Macintosh; Intel Mac OS X 10.15; rv:103.0) Gecko/20100101 Firefox/103.0"
85.25.177.139 - - [05/Oct/2022:22:29:42 +0200] "GET /Cookbook/CSVAction?action=edit HTTP/1.1" 200 8665 "-" "Mozilla/5.0 (Macintosh; Intel Mac OS X 10.15; rv:103.0) Gecko/20100101 Firefox/103.0"
85.25.177.139 - - [05/Oct/2022:22:31:05 +0200] "GET /PodCast/Styluebige?action=diff&source=n&minor=n HTTP/1.1" 200 22598 "-" "Mozilla/5.0 (Macintosh; Intel Mac OS X 10.15; rv:103.0) Gecko/20100101 Firefox/103.0"
85.25.177.139 - - [05/Oct/2022:22:31:28 +0200] "GET /PmWiki/RefCount HTTP/1.1" 200 11857 "-" "Mozilla/5.0 (Macintosh; Intel Mac OS X 10.15; rv:103.0) Gecko/20100101 Firefox/103.0"
66.249.76.222 - - [05/Oct/2022:22:32:06 +0200] "GET /PodCast/IndexPage?action=rss HTTP/1.1" 200 6298 "-" "Mozilla/5.0 (compatible; Googlebot/2.1; +http://www.google.com/bot.html)"
85.25.177.139 - - [05/Oct/2022:22:32:56 +0200] "GET /PmWiki/PageHistory HTTP/1.1" 200 15129 "-" "Mozilla/5.0 (Macintosh; Intel Mac OS X 10.15; rv:103.0) Gecko/20100101 Firefox/103.0"
85.25.177.139 - - [05/Oct/2022:22:33:54 +0200] "GET /PodCast/171AmStadelhofe?action=print HTTP/1.1" 404 2424 "-" "Mozilla/5.0 (Macintosh; Intel Mac OS X 10.15; rv:103.0) Gecko/20100101 Firefox/103.0"
85.25.177.139 - - [05/Oct/2022:22:35:00 +0200] "GET /PodCast/Bebi?action=print HTTP/1.1" 404 2380 "-" "Mozilla/5.0 (Macintosh; Intel Mac OS X 10.15; rv:103.0) Gecko/20100101 Firefox/103.0"
85.25.177.139 - - [05/Oct/2022:22:35:28 +0200] "GET /PodCast/21Baadstoube?action=print HTTP/1.1" 404 2412 "-" "Mozilla/5.0 (Macintosh; Intel Mac OS X 10.15; rv:103.0) Gecko/20100101 Firefox/103.0"
85.25.177.139 - - [05/Oct/2022:22:36:40 +0200] "GET /PodCast/71Mourte1476?action=diff&source=n&minor=n HTTP/1.1" 200 9275 "-" "Mozilla/5.0 (Macintosh; Intel Mac OS X 10.15; rv:103.0) Gecko/20100101 Firefox/103.0"
85.25.177.139 - - [05/Oct/2022:22:37:06 +0200] "GET /PodCast/71Mourte1476?action=diff&source=y&minor=y HTTP/1.1" 200 9269 "-" "Mozilla/5.0 (Macintosh; Intel Mac OS X 10.15; rv:103.0) Gecko/20100101 Firefox/103.0"
85.25.177.139 - - [05/Oct/2022:22:38:51 +0200] "GET /robots.txt HTTP/1.1" 200 - "-" "Mozilla/5.0 (Macintosh; Intel Mac OS X 10.15; rv:103.0) Gecko/20100101 Firefox/103.0"
85.25.177.139 - - [05/Oct/2022:22:38:51 +0200] "GET /SiteAdmin/AuthList?action=edit HTTP/1.1" 200 8666 "-" "Mozilla/5.0 (Macintosh; Intel Mac OS X 10.15; rv:103.0) Gecko/20100101 Firefox/103.0"
85.25.177.139 - - [05/Oct/2022:22:40:14 +0200] "GET /SiteAdmin/AuthList?action=diff HTTP/1.1" 200 9310 "-" "Mozilla/5.0 (Macintosh; Intel Mac OS X 10.15; rv:103.0) Gecko/20100101 Firefox/103.0"
85.25.177.139 - - [05/Oct/2022:22:40:41 +0200] "GET /SiteAdmin/AuthList?action=upload HTTP/1.1" 200 8566 "-" "Mozilla/5.0 (Macintosh; Intel Mac OS X 10.15; rv:103.0) Gecko/20100101 Firefox/103.0"
85.25.177.139 - - [05/Oct/2022:22:42:02 +0200] "GET /SiteAdmin/AuthList?action=print HTTP/1.1" 200 2741 "-" "Mozilla/5.0 (Macintosh; Intel Mac OS X 10.15; rv:103.0) Gecko/20100101 Firefox/103.0"
66.249.76.220 - - [05/Oct/2022:22:42:07 +0200] "GET /PodCast/IndexPage?action=rss HTTP/1.1" 200 6298 "-" "Mozilla/5.0 (compatible; Googlebot/2.1; +http://www.google.com/bot.html)"
194.209.200.2 - - [05/Oct/2022:22:42:11 +0200] "GET /robots.txt HTTP/1.1" 200 - "-" "Mozilla/5.0 (compatible; TMMBot/0.2; +http://www.dslab.ch)/Nutch-1.15"
194.209.200.2 - - [05/Oct/2022:22:42:11 +0200] "GET /Texte/Limericks HTTP/1.1" 200 8087 "-" "Mozilla/5.0 (compatible; TMMBot/0.2; +http://www.dslab.ch)/Nutch-1.15"
194.209.200.2 - - [05/Oct/2022:22:42:18 +0200] "GET /Texte/Schrybwys HTTP/1.1" 200 11028 "-" "Mozilla/5.0 (compatible; TMMBot/0.2; +http://www.dslab.ch)/Nutch-1.15"
85.25.177.139 - - [05/Oct/2022:22:43:34 +0200] "GET /PodCast/21Baadstoube?action=diff&source=y&minor=y HTTP/1.1" 200 9267 "-" "Mozilla/5.0 (Macintosh; Intel Mac OS X 10.15; rv:103.0) Gecko/20100101 Firefox/103.0"
85.25.177.139 - - [05/Oct/2022:22:44:28 +0200] "GET /PodCast/21Baadstoube?action=diff&source=n&minor=n HTTP/1.1" 200 9273 "-" "Mozilla/5.0 (Macintosh; Intel Mac OS X 10.15; rv:103.0) Gecko/20100101 Firefox/103.0"
194.209.200.2 - - [05/Oct/2022:22:45:07 +0200] "GET /Texte/Metamorphoses HTTP/1.1" 200 9045 "-" "Mozilla/5.0 (compatible; TMMBot/0.2; +http://www.dslab.ch)/Nutch-1.15"
85.25.177.139 - - [05/Oct/2022:22:45:20 +0200] "GET /PmWiki/SpecialPages?action=diff HTTP/1.1" 200 9251 "-" "Mozilla/5.0 (Macintosh; Intel Mac OS X 10.15; rv:103.0) Gecko/20100101 Firefox/103.0"
85.25.177.139 - - [05/Oct/2022:22:46:24 +0200] "GET /PmWiki/SpecialPages?action=upload HTTP/1.1" 200 8580 "-" "Mozilla/5.0 (Macintosh; Intel Mac OS X 10.15; rv:103.0) Gecko/20100101 Firefox/103.0"
85.25.177.139 - - [05/Oct/2022:22:47:48 +0200] "GET /PmWiki/SpecialPages?action=print HTTP/1.1" 404 2407 "-" "Mozilla/5.0 (Macintosh; Intel Mac OS X 10.15; rv:103.0) Gecko/20100101 Firefox/103.0"
194.209.200.2 - - [05/Oct/2022:22:48:21 +0200] "GET /Admin/Pro-ZurituutschStatuten HTTP/1.1" 200 9580 "-" "Mozilla/5.0 (compatible; TMMBot/0.2; +http://www.dslab.ch)/Nutch-1.15"
85.25.177.139 - - [05/Oct/2022:22:49:30 +0200] "GET /PodCast/Styluebige?action=diff&source=y&minor=y HTTP/1.1" 200 21171 "-" "Mozilla/5.0 (Macintosh; Intel Mac OS X 10.15; rv:103.0) Gecko/20100101 Firefox/103.0"
194.209.200.2 - - [05/Oct/2022:22:50:38 +0200] "GET /Hilfe/AnleitungTonbeispiele HTTP/1.1" 200 9878 "-" "Mozilla/5.0 (compatible; TMMBot/0.2; +http://www.dslab.ch)/Nutch-1.15"
85.25.177.139 - - [05/Oct/2022:22:50:46 +0200] "GET /PodCast/Styluebige?action=edit&restore=diff:1177677766:1177677495:&preview=y HTTP/1.1" 200 8710 "-" "Mozilla/5.0 (Macintosh; Intel Mac OS X 10.15; rv:103.0) Gecko/20100101 Firefox/103.0"
85.25.177.139 - - [05/Oct/2022:22:52:29 +0200] "GET /PodCast/Styluebige?action=edit&restore=diff:1163080609:1163080586:&preview=y HTTP/1.1" 200 8710 "-" "Mozilla/5.0 (Macintosh; Intel Mac OS X 10.15; rv:103.0) Gecko/20100101 Firefox/103.0"
85.25.177.139 - - [05/Oct/2022:22:53:51 +0200] "GET /Site/123Sitkouscht1482?action=diff&source=y&minor=n HTTP/1.1" 200 20043 "-" "Mozilla/5.0 (Macintosh; Intel Mac OS X 10.15; rv:103.0) Gecko/20100101 Firefox/103.0"
85.25.177.139 - - [05/Oct/2022:22:55:25 +0200] "GET /PodCast/71Mourte1476?action=print HTTP/1.1" 404 2412 "-" "Mozilla/5.0 (Macintosh; Intel Mac OS X 10.15; rv:103.0) Gecko/20100101 Firefox/103.0"
85.25.177.139 - - [05/Oct/2022:22:55:50 +0200] "GET /Site/AuthForm?action=diff&source=n&minor=y HTTP/1.1" 200 9162 "-" "Mozilla/5.0 (Macintosh; Intel Mac OS X 10.15; rv:103.0) Gecko/20100101 Firefox/103.0"
85.25.177.139 - - [05/Oct/2022:22:57:25 +0200] "GET /PodCast/Goliat?action=diff&source=y&minor=y HTTP/1.1" 200 17965 "-" "Mozilla/5.0 (Macintosh; Intel Mac OS X 10.15; rv:103.0) Gecko/20100101 Firefox/103.0"
85.25.177.139 - - [05/Oct/2022:22:57:52 +0200] "GET /PmWiki/WikiStyles?action=diff HTTP/1.1" 200 9219 "-" "Mozilla/5.0 (Macintosh; Intel Mac OS X 10.15; rv:103.0) Gecko/20100101 Firefox/103.0"
85.25.177.139 - - [05/Oct/2022:22:58:52 +0200] "GET /PodCast/Goliat?action=diff&source=n&minor=n HTTP/1.1" 200 18719 "-" "Mozilla/5.0 (Macintosh; Intel Mac OS X 10.15; rv:103.0) Gecko/20100101 Firefox/103.0"
85.25.177.139 - - [05/Oct/2022:22:59:31 +0200] "GET /PmWiki/WikiStyles?action=print HTTP/1.1" 200 25935 "-" "Mozilla/5.0 (Macintosh; Intel Mac OS X 10.15; rv:103.0) Gecko/20100101 Firefox/103.0"
85.25.177.139 - - [05/Oct/2022:23:00:51 +0200] "GET /PmWiki/CustomWikiStyles HTTP/1.1" 200 19796 "-" "Mozilla/5.0 (Macintosh; Intel Mac OS X 10.15; rv:103.0) Gecko/20100101 Firefox/103.0"
85.25.177.139 - - [05/Oct/2022:23:01:57 +0200] "GET /PodCast/Wiewytna?action=edit&restore=diff:1302447448:1302447448:&preview=y HTTP/1.1" 200 8682 "-" "Mozilla/5.0 (Macintosh; Intel Mac OS X 10.15; rv:103.0) Gecko/20100101 Firefox/103.0"
85.25.177.139 - - [05/Oct/2022:23:02:54 +0200] "GET /PmWiki/WikiStyleExamples HTTP/1.1" 200 21767 "-" "Mozilla/5.0 (Macintosh; Intel Mac OS X 10.15; rv:103.0) Gecko/20100101 Firefox/103.0"
85.25.177.139 - - [05/Oct/2022:23:03:51 +0200] "GET /PodCast/Rassewaan?action=diff&source=n&minor=n HTTP/1.1" 200 14865 "-" "Mozilla/5.0 (Macintosh; Intel Mac OS X 10.15; rv:103.0) Gecko/20100101 Firefox/103.0"
85.25.177.139 - - [05/Oct/2022:23:04:19 +0200] "GET /SiteAdmin/SiteAdmin?action=diff HTTP/1.1" 200 9342 "-" "Mozilla/5.0 (Macintosh; Intel Mac OS X 10.15; rv:103.0) Gecko/20100101 Firefox/103.0"
85.25.177.139 - - [05/Oct/2022:23:05:18 +0200] "GET /PodCast/Rassewaan?action=diff&source=y&minor=y HTTP/1.1" 200 14107 "-" "Mozilla/5.0 (Macintosh; Intel Mac OS X 10.15; rv:103.0) Gecko/20100101 Firefox/103.0"
85.25.177.139 - - [05/Oct/2022:23:06:15 +0200] "GET /PmWiki/GroupHeaders?action=diff&source=n&minor=y HTTP/1.1" 200 9291 "-" "Mozilla/5.0 (Macintosh; Intel Mac OS X 10.15; rv:103.0) Gecko/20100101 Firefox/103.0"
85.25.177.139 - - [05/Oct/2022:23:06:58 +0200] "GET /PodCast/Rassewaan?action=edit&restore=diff:1262279058:1262279058:&preview=y HTTP/1.1" 200 8696 "-" "Mozilla/5.0 (Macintosh; Intel Mac OS X 10.15; rv:103.0) Gecko/20100101 Firefox/103.0"
85.25.177.139 - - [05/Oct/2022:23:08:37 +0200] "GET /PmWiki/IncludeOtherPages?action=edit HTTP/1.1" 200 8752 "-" "Mozilla/5.0 (Macintosh; Intel Mac OS X 10.15; rv:103.0) Gecko/20100101 Firefox/103.0"
85.25.177.139 - - [05/Oct/2022:23:10:10 +0200] "GET /PmWiki/Links?action=print HTTP/1.1" 200 30825 "-" "Mozilla/5.0 (Macintosh; Intel Mac OS X 10.15; rv:103.0) Gecko/20100101 Firefox/103.0"
85.25.177.139 - - [05/Oct/2022:23:10:37 +0200] "GET /Site/PageListTemplates HTTP/1.1" 200 23784 "-" "Mozilla/5.0 (Macintosh; Intel Mac OS X 10.15; rv:103.0) Gecko/20100101 Firefox/103.0"
85.25.177.139 - - [05/Oct/2022:23:11:25 +0200] "GET /PmWiki/InterMap?action=print HTTP/1.1" 200 12564 "-" "Mozilla/5.0 (Macintosh; Intel Mac OS X 10.15; rv:103.0) Gecko/20100101 Firefox/103.0"
85.25.177.139 - - [05/Oct/2022:23:11:56 +0200] "GET /PmWiki/PagelistVariables HTTP/1.1" 200 17472 "-" "Mozilla/5.0 (Macintosh; Intel Mac OS X 10.15; rv:103.0) Gecko/20100101 Firefox/103.0"
85.25.177.139 - - [05/Oct/2022:23:13:32 +0200] "GET /PmWiki/DocumentationIndex?action=print HTTP/1.1" 200 20964 "-" "Mozilla/5.0 (Macintosh; Intel Mac OS X 10.15; rv:103.0) Gecko/20100101 Firefox/103.0"
85.25.177.139 - - [05/Oct/2022:23:13:57 +0200] "GET /PmWiki/IncludeOtherPages?action=print HTTP/1.1" 200 23966 "-" "Mozilla/5.0 (Macintosh; Intel Mac OS X 10.15; rv:103.0) Gecko/20100101 Firefox/103.0"
85.25.177.139 - - [05/Oct/2022:23:15:16 +0200] "GET /PmWiki/WikiSandbox?action=print HTTP/1.1" 302 192 "-" "Mozilla/5.0 (Macintosh; Intel Mac OS X 10.15; rv:103.0) Gecko/20100101 Firefox/103.0"
85.25.177.139 - - [05/Oct/2022:23:15:50 +0200] "GET /Main/WikiSandbox?action=edit HTTP/1.1" 200 8637 "-" "Mozilla/5.0 (Macintosh; Intel Mac OS X 10.15; rv:103.0) Gecko/20100101 Firefox/103.0"
3.216.185.164 - - [05/Oct/2022:23:16:57 +0200] "GET /PodCast/IndexPage?action=rss HTTP/1.1" 200 6298 "-" "PocketCasts/1.0 (Pocket Casts Feed Parser; +http://pocketcasts.com/)"
85.25.177.139 - - [05/Oct/2022:23:17:08 +0200] "GET /PmWiki/Tables?action=print HTTP/1.1" 200 19437 "-" "Mozilla/5.0 (Macintosh; Intel Mac OS X 10.15; rv:103.0) Gecko/20100101 Firefox/103.0"
85.25.177.139 - - [05/Oct/2022:23:17:32 +0200] "GET /Cookbook/Cookbook?action=diff HTTP/1.1" 200 9216 "-" "Mozilla/5.0 (Macintosh; Intel Mac OS X 10.15; rv:103.0) Gecko/20100101 Firefox/103.0"
85.25.177.139 - - [05/Oct/2022:23:19:03 +0200] "GET /PmWiki/TextFormattingRules?action=print HTTP/1.1" 200 25283 "-" "Mozilla/5.0 (Macintosh; Intel Mac OS X 10.15; rv:103.0) Gecko/20100101 Firefox/103.0"
85.25.177.139 - - [05/Oct/2022:23:19:51 +0200] "GET /Cookbook/Cookbook?action=print HTTP/1.1" 404 2401 "-" "Mozilla/5.0 (Macintosh; Intel Mac OS X 10.15; rv:103.0) Gecko/20100101 Firefox/103.0"
85.25.177.139 - - [05/Oct/2022:23:21:11 +0200] "GET /PmWiki/Audiences?action=print HTTP/1.1" 200 6515 "-" "Mozilla/5.0 (Macintosh; Intel Mac OS X 10.15; rv:103.0) Gecko/20100101 Firefox/103.0"
85.25.177.139 - - [05/Oct/2022:23:21:44 +0200] "GET /Cookbook/Cookbook?action=upload HTTP/1.1" 200 8549 "-" "Mozilla/5.0 (Macintosh; Intel Mac OS X 10.15; rv:103.0) Gecko/20100101 Firefox/103.0"
194.209.200.2 - - [05/Oct/2022:23:22:57 +0200] "GET /robots.txt HTTP/1.1" 200 - "-" "Mozilla/5.0 (compatible; TMMBot/0.2; +http://www.dslab.ch)/Nutch-1.15"
194.209.200.2 - - [05/Oct/2022:23:22:57 +0200] "GET /Texte/Limericks HTTP/1.1" 200 8087 "-" "Mozilla/5.0 (compatible; TMMBot/0.2; +http://www.dslab.ch)/Nutch-1.15"
194.209.200.2 - - [05/Oct/2022:23:23:01 +0200] "GET /Texte/Schrybwys HTTP/1.1" 200 11028 "-" "Mozilla/5.0 (compatible; TMMBot/0.2; +http://www.dslab.ch)/Nutch-1.15"
85.25.177.139 - - [05/Oct/2022:23:23:07 +0200] "GET /PmWiki HTTP/1.1" 302 165 "-" "Mozilla/5.0 (Macintosh; Intel Mac OS X 10.15; rv:103.0) Gecko/20100101 Firefox/103.0"
85.25.177.139 - - [05/Oct/2022:23:23:30 +0200] "GET /PmWiki/BasicVariables HTTP/1.1" 200 33583 "-" "Mozilla/5.0 (Macintosh; Intel Mac OS X 10.15; rv:103.0) Gecko/20100101 Firefox/103.0"
194.209.200.2 - - [05/Oct/2022:23:23:53 +0200] "GET /Texte/ArsAmatoria HTTP/1.1" 200 12369 "-" "Mozilla/5.0 (compatible; TMMBot/0.2; +http://www.dslab.ch)/Nutch-1.15"
85.25.177.139 - - [05/Oct/2022:23:24:45 +0200] "GET /PmWiki/UploadVariables HTTP/1.1" 200 24052 "-" "Mozilla/5.0 (Macintosh; Intel Mac OS X 10.15; rv:103.0) Gecko/20100101 Firefox/103.0"
85.25.177.139 - - [05/Oct/2022:23:25:08 +0200] "GET /PmWiki/TableDirectives?action=print HTTP/1.1" 200 14906 "-" "Mozilla/5.0 (Macintosh; Intel Mac OS X 10.15; rv:103.0) Gecko/20100101 Firefox/103.0"
194.209.200.2 - - [05/Oct/2022:23:25:49 +0200] "GET /Texte/Gloosse HTTP/1.1" 200 8061 "-" "Mozilla/5.0 (compatible; TMMBot/0.2; +http://www.dslab.ch)/Nutch-1.15"
85.25.177.139 - - [05/Oct/2022:23:26:16 +0200] "GET /PmWiki/PageDirectives?action=print HTTP/1.1" 200 12825 "-" "Mozilla/5.0 (Macintosh; Intel Mac OS X 10.15; rv:103.0) Gecko/20100101 Firefox/103.0"
85.25.177.139 - - [05/Oct/2022:23:26:41 +0200] "GET /PmWiki/Images?action=print HTTP/1.1" 200 29159 "-" "Mozilla/5.0 (Macintosh; Intel Mac OS X 10.15; rv:103.0) Gecko/20100101 Firefox/103.0"
194.209.200.2 - - [05/Oct/2022:23:26:44 +0200] "GET /Admin/Pro-ZurituutschStatuten HTTP/1.1" 200 9580 "-" "Mozilla/5.0 (compatible; TMMBot/0.2; +http://www.dslab.ch)/Nutch-1.15"
85.25.177.139 - - [05/Oct/2022:23:27:52 +0200] "GET /PmWiki/WikiTrails HTTP/1.1" 200 26175 "-" "Mozilla/5.0 (Macintosh; Intel Mac OS X 10.15; rv:103.0) Gecko/20100101 Firefox/103.0"
85.25.177.139 - - [05/Oct/2022:23:28:19 +0200] "GET /PmWiki/WikiWikiWeb?action=print HTTP/1.1" 200 6607 "-" "Mozilla/5.0 (Macintosh; Intel Mac OS X 10.15; rv:103.0) Gecko/20100101 Firefox/103.0"
85.25.177.139 - - [05/Oct/2022:23:29:14 +0200] "GET /PmWiki/PageLists HTTP/1.1" 200 42846 "-" "Mozilla/5.0 (Macintosh; Intel Mac OS X 10.15; rv:103.0) Gecko/20100101 Firefox/103.0"
85.25.177.139 - - [05/Oct/2022:23:29:35 +0200] "GET /PmWiki/PmWikiPhilosophy?action=print HTTP/1.1" 200 7238 "-" "Mozilla/5.0 (Macintosh; Intel Mac OS X 10.15; rv:103.0) Gecko/20100101 Firefox/103.0"
66.249.64.190 - - [05/Oct/2022:23:30:10 +0200] "GET /PodCast/IndexPage?action=rss HTTP/1.1" 200 6298 "-" "Mozilla/5.0 (compatible; Googlebot/2.1; +http://www.google.com/bot.html)"
85.25.177.139 - - [05/Oct/2022:23:30:53 +0200] "GET /PmWiki/WikiWikiWeb HTTP/1.1" 200 13019 "-" "Mozilla/5.0 (Macintosh; Intel Mac OS X 10.15; rv:103.0) Gecko/20100101 Firefox/103.0"
85.25.177.139 - - [05/Oct/2022:23:32:33 +0200] "GET /PmWiki/MarkupMasterIndex?action=print HTTP/1.1" 200 29147 "-" "Mozilla/5.0 (Macintosh; Intel Mac OS X 10.15; rv:103.0) Gecko/20100101 Firefox/103.0"
85.25.177.139 - - [05/Oct/2022:23:33:27 +0200] "GET /PmWiki/NonexistentPages?action=edit HTTP/1.1" 200 8736 "-" "Mozilla/5.0 (Macintosh; Intel Mac OS X 10.15; rv:103.0) Gecko/20100101 Firefox/103.0"
85.25.177.139 - - [05/Oct/2022:23:34:28 +0200] "GET /PmWiki/WikiTrails?action=print HTTP/1.1" 200 19362 "-" "Mozilla/5.0 (Macintosh; Intel Mac OS X 10.15; rv:103.0) Gecko/20100101 Firefox/103.0"
85.25.177.139 - - [05/Oct/2022:23:35:12 +0200] "GET /PmWiki/WikiSandbox HTTP/1.1" 302 192 "-" "Mozilla/5.0 (Macintosh; Intel Mac OS X 10.15; rv:103.0) Gecko/20100101 Firefox/103.0"
185.210.219.198 - - [05/Oct/2022:23:35:26 +0200] "GET / HTTP/1.1" 200 15085 "-" "Mozilla/5.0 (Linux; Android 11; SAMSUNG SM-A515F) AppleWebKit/537.36 (KHTML, like Gecko) SamsungBrowser/14.0 Chrome/87.0.4280.141 Mobile Safari/537.36"
85.25.177.139 - - [05/Oct/2022:23:36:30 +0200] "GET /PmWiki/Internationalizations?action=print HTTP/1.1" 200 15918 "-" "Mozilla/5.0 (Macintosh; Intel Mac OS X 10.15; rv:103.0) Gecko/20100101 Firefox/103.0"
85.25.177.139 - - [05/Oct/2022:23:36:56 +0200] "GET /Main/WikiSandbox?action=print HTTP/1.1" 200 2546 "-" "Mozilla/5.0 (Macintosh; Intel Mac OS X 10.15; rv:103.0) Gecko/20100101 Firefox/103.0"
85.25.177.139 - - [05/Oct/2022:23:37:51 +0200] "GET /PmWiki/UTF-8 HTTP/1.1" 200 12601 "-" "Mozilla/5.0 (Macintosh; Intel Mac OS X 10.15; rv:103.0) Gecko/20100101 Firefox/103.0"
85.25.177.139 - - [05/Oct/2022:23:39:18 +0200] "GET /PmWiki/I18nVariables HTTP/1.1" 200 12244 "-" "Mozilla/5.0 (Macintosh; Intel Mac OS X 10.15; rv:103.0) Gecko/20100101 Firefox/103.0"
95.163.255.87 - - [05/Oct/2022:23:40:27 +0200] "GET /robots.txt HTTP/1.0" 200 - "-" "Mozilla/5.0 (compatible; Linux x86_64; Mail.RU_Bot/2.0; +https://help.mail.ru/webmaster/indexing/robots)"
95.163.255.89 - - [05/Oct/2022:23:40:28 +0200] "GET /sitemap.xml HTTP/1.1" 404 277 "-" "Mozilla/5.0 (compatible; Linux x86_64; Mail.RU_Bot/2.0; +https://help.mail.ru/webmaster/indexing/robots)"
85.25.177.139 - - [05/Oct/2022:23:41:01 +0200] "GET /PmWiki/LocalCustomizations HTTP/1.1" 200 23713 "-" "Mozilla/5.0 (Macintosh; Intel Mac OS X 10.15; rv:103.0) Gecko/20100101 Firefox/103.0"
66.249.76.193 - - [05/Oct/2022:23:42:07 +0200] "GET /robots.txt HTTP/1.1" 200 - "-" "Mozilla/5.0 (compatible; Googlebot/2.1; +http://www.google.com/bot.html)"
66.249.76.220 - - [05/Oct/2022:23:42:07 +0200] "GET /PodCast/IndexPage?action=rss HTTP/1.1" 200 6298 "-" "Mozilla/5.0 (compatible; Googlebot/2.1; +http://www.google.com/bot.html)"
85.25.177.139 - - [05/Oct/2022:23:42:53 +0200] "GET /PmWiki/SpecialCharacters?action=print HTTP/1.1" 200 5066 "-" "Mozilla/5.0 (Macintosh; Intel Mac OS X 10.15; rv:103.0) Gecko/20100101 Firefox/103.0"
85.25.177.139 - - [05/Oct/2022:23:43:46 +0200] "GET /PmWiki/SitePageActions?action=upload HTTP/1.1" 200 8624 "-" "Mozilla/5.0 (Macintosh; Intel Mac OS X 10.15; rv:103.0) Gecko/20100101 Firefox/103.0"
85.25.177.139 - - [05/Oct/2022:23:44:37 +0200] "GET /PmWiki/WikiGroup?action=print HTTP/1.1" 200 17625 "-" "Mozilla/5.0 (Macintosh; Intel Mac OS X 10.15; rv:103.0) Gecko/20100101 Firefox/103.0"
85.25.177.139 - - [05/Oct/2022:23:45:41 +0200] "GET /PmWiki/SitePageActions?action=diff HTTP/1.1" 200 9301 "-" "Mozilla/5.0 (Macintosh; Intel Mac OS X 10.15; rv:103.0) Gecko/20100101 Firefox/103.0"
85.25.177.139 - - [05/Oct/2022:23:46:14 +0200] "GET /PmWiki/Variables HTTP/1.1" 200 61817 "-" "Mozilla/5.0 (Macintosh; Intel Mac OS X 10.15; rv:103.0) Gecko/20100101 Firefox/103.0"
85.25.177.139 - - [05/Oct/2022:23:47:07 +0200] "GET /PmWiki/ConditionalMarkup?action=print HTTP/1.1" 200 19200 "-" "Mozilla/5.0 (Macintosh; Intel Mac OS X 10.15; rv:103.0) Gecko/20100101 Firefox/103.0"
85.25.177.139 - - [05/Oct/2022:23:48:33 +0200] "GET /PmWiki/LayoutVariables?action=diff HTTP/1.1" 200 9299 "-" "Mozilla/5.0 (Macintosh; Intel Mac OS X 10.15; rv:103.0) Gecko/20100101 Firefox/103.0"
85.25.177.139 - - [05/Oct/2022:23:48:57 +0200] "GET /PmWiki/Security?action=print HTTP/1.1" 200 17707 "-" "Mozilla/5.0 (Macintosh; Intel Mac OS X 10.15; rv:103.0) Gecko/20100101 Firefox/103.0"
85.25.177.139 - - [05/Oct/2022:23:50:38 +0200] "GET /PmWiki/PmWiki?action=print HTTP/1.1" 200 5569 "-" "Mozilla/5.0 (Macintosh; Intel Mac OS X 10.15; rv:103.0) Gecko/20100101 Firefox/103.0"
85.25.177.139 - - [05/Oct/2022:23:51:16 +0200] "GET /PmWiki/PathVariables HTTP/1.1" 200 24179 "-" "Mozilla/5.0 (Macintosh; Intel Mac OS X 10.15; rv:103.0) Gecko/20100101 Firefox/103.0"
85.25.177.139 - - [05/Oct/2022:23:52:13 +0200] "GET /PodCast/BanquiQuali?action=diff&source=y&minor=y HTTP/1.1" 200 15410 "-" "Mozilla/5.0 (Macintosh; Intel Mac OS X 10.15; rv:103.0) Gecko/20100101 Firefox/103.0"
85.25.177.139 - - [05/Oct/2022:23:53:05 +0200] "GET /PmWiki/LinkVariables HTTP/1.1" 200 20853 "-" "Mozilla/5.0 (Macintosh; Intel Mac OS X 10.15; rv:103.0) Gecko/20100101 Firefox/103.0"
85.25.177.139 - - [05/Oct/2022:23:54:19 +0200] "GET /PodCast/BanquiQuali?action=edit&restore=diff:1359562170:1359562070:&preview=y HTTP/1.1" 200 8726 "-" "Mozilla/5.0 (Macintosh; Intel Mac OS X 10.15; rv:103.0) Gecko/20100101 Firefox/103.0"
85.25.177.139 - - [05/Oct/2022:23:55:18 +0200] "GET /PmWiki/LayoutVariables?action=print HTTP/1.1" 200 34389 "-" "Mozilla/5.0 (Macintosh; Intel Mac OS X 10.15; rv:103.0) Gecko/20100101 Firefox/103.0"
194.209.200.2 - - [05/Oct/2022:23:56:31 +0200] "GET /robots.txt HTTP/1.1" 200 - "-" "Mozilla/5.0 (compatible; TMMBot/0.2; +http://www.dslab.ch)/Nutch-1.15"
194.209.200.2 - - [05/Oct/2022:23:56:31 +0200] "GET /Texte/Limericks HTTP/1.1" 200 8087 "-" "Mozilla/5.0 (compatible; TMMBot/0.2; +http://www.dslab.ch)/Nutch-1.15"
85.25.177.139 - - [05/Oct/2022:23:56:32 +0200] "GET /PodCast/BanquiQuali?action=edit&restore=diff:1359562070:1359562070:&preview=y HTTP/1.1" 200 8726 "-" "Mozilla/5.0 (Macintosh; Intel Mac OS X 10.15; rv:103.0) Gecko/20100101 Firefox/103.0"
194.209.200.2 - - [05/Oct/2022:23:56:34 +0200] "GET /Texte/Schrybwys HTTP/1.1" 200 11028 "-" "Mozilla/5.0 (compatible; TMMBot/0.2; +http://www.dslab.ch)/Nutch-1.15"
194.209.200.2 - - [05/Oct/2022:23:57:15 +0200] "GET /Texte/ArsAmatoria HTTP/1.1" 200 12369 "-" "Mozilla/5.0 (compatible; TMMBot/0.2; +http://www.dslab.ch)/Nutch-1.15"
85.25.177.139 - - [05/Oct/2022:23:57:57 +0200] "GET /PmWiki/Drafts HTTP/1.1" 200 11363 "-" "Mozilla/5.0 (Macintosh; Intel Mac OS X 10.15; rv:103.0) Gecko/20100101 Firefox/103.0"
85.25.177.139 - - [05/Oct/2022:23:58:21 +0200] "GET /SiteAdmin HTTP/1.1" 302 171 "-" "Mozilla/5.0 (Macintosh; Intel Mac OS X 10.15; rv:103.0) Gecko/20100101 Firefox/103.0"
194.209.200.2 - - [05/Oct/2022:23:58:59 +0200] "GET /Texte/Gloosse HTTP/1.1" 200 8061 "-" "Mozilla/5.0 (compatible; TMMBot/0.2; +http://www.dslab.ch)/Nutch-1.15"
85.25.177.139 - - [05/Oct/2022:23:59:28 +0200] "GET /PmWiki/DeletingPages HTTP/1.1" 200 13818 "-" "Mozilla/5.0 (Macintosh; Intel Mac OS X 10.15; rv:103.0) Gecko/20100101 Firefox/103.0"
194.209.200.2 - - [05/Oct/2022:23:59:46 +0200] "GET /Admin/Pro-ZurituutschStatuten HTTP/1.1" 200 9580 "-" "Mozilla/5.0 (compatible; TMMBot/0.2; +http://www.dslab.ch)/Nutch-1.15"
