89.187.180.46 - - [08/Mar/2022:06:34:51 +0100] "GET /Site/PodCast HTTP/1.1" 200 40934 "http://www.pro-zurituutsch.ch/Site/PodCast" "Mozilla/5.0 (Windows NT 10.0; Win64; x64; rv:97.0) Gecko/20100101 Firefox/97.0"
185.191.171.36 - - [08/Mar/2022:06:35:04 +0100] "GET /Admin/ZurStiftung?action=upload HTTP/1.1" 403 18 "-" "Mozilla/5.0 (compatible; SemrushBot/7~bl; +http://www.semrush.com/bot.html)"
89.187.180.46 - - [08/Mar/2022:06:35:13 +0100] "GET /PodCast/RSSPodcasts HTTP/1.1" 200 8905 "http://www.pro-zurituutsch.ch/Site/PodCast" "Mozilla/5.0 (Windows NT 10.0; Win64; x64; rv:97.0) Gecko/20100101 Firefox/97.0"
89.187.180.46 - - [08/Mar/2022:06:35:13 +0100] "GET /PodCast/RSSPodcasts HTTP/1.1" 200 8905 "http://www.pro-zurituutsch.ch/Site/PodCast" "Mozilla/5.0 (Windows NT 10.0; Win64; x64; rv:97.0) Gecko/20100101 Firefox/97.0"
89.187.180.46 - - [08/Mar/2022:06:35:16 +0100] "GET /Texte/Roman HTTP/1.1" 200 38741 "http://www.pro-zurituutsch.ch/PodCast/RSSPodcasts" "Mozilla/5.0 (Windows NT 10.0; Win64; x64; rv:97.0) Gecko/20100101 Firefox/97.0"
89.187.180.46 - - [08/Mar/2022:06:35:24 +0100] "GET /Texte/Styluebige HTTP/1.1" 200 9998 "http://www.pro-zurituutsch.ch/Texte/Roman" "Mozilla/5.0 (Windows NT 10.0; Win64; x64; rv:97.0) Gecko/20100101 Firefox/97.0"
89.187.180.46 - - [08/Mar/2022:06:35:25 +0100] "GET /resources/speaker.jpg HTTP/1.1" 404 291 "http://www.pro-zurituutsch.ch/Texte/Styluebige" "Mozilla/5.0 (Windows NT 10.0; Win64; x64; rv:97.0) Gecko/20100101 Firefox/97.0"
89.187.180.46 - - [08/Mar/2022:06:35:25 +0100] "GET /Texte/Styluebige HTTP/1.1" 200 9998 "http://www.pro-zurituutsch.ch/Texte/Styluebige" "Mozilla/5.0 (Windows NT 10.0; Win64; x64; rv:97.0) Gecko/20100101 Firefox/97.0"
89.187.180.46 - - [08/Mar/2022:06:35:25 +0100] "GET /resources/speaker.jpg HTTP/1.1" 404 291 "http://www.pro-zurituutsch.ch/Texte/Styluebige" "Mozilla/5.0 (Windows NT 10.0; Win64; x64; rv:97.0) Gecko/20100101 Firefox/97.0"
89.187.180.46 - - [08/Mar/2022:06:35:28 +0100] "GET /Texte/Schrybwys HTTP/1.1" 200 11028 "http://www.pro-zurituutsch.ch/Texte/Styluebige" "Mozilla/5.0 (Windows NT 10.0; Win64; x64; rv:97.0) Gecko/20100101 Firefox/97.0"
89.187.180.46 - - [08/Mar/2022:06:35:29 +0100] "GET /uploads/Texte/ZurSchreibweise.jpg HTTP/1.1" 200 90748 "http://www.pro-zurituutsch.ch/Texte/Schrybwys" "Mozilla/5.0 (Windows NT 10.0; Win64; x64; rv:97.0) Gecko/20100101 Firefox/97.0"
89.187.180.46 - - [08/Mar/2022:06:35:37 +0100] "GET /Texte/Bitterbeuhsi HTTP/1.1" 200 9255 "http://www.pro-zurituutsch.ch/Texte/Schrybwys" "Mozilla/5.0 (Windows NT 10.0; Win64; x64; rv:97.0) Gecko/20100101 Firefox/97.0"
89.187.180.46 - - [08/Mar/2022:06:35:41 +0100] "GET /Texte/ArsAmatoria HTTP/1.1" 200 12369 "http://www.pro-zurituutsch.ch/Texte/Bitterbeuhsi" "Mozilla/5.0 (Windows NT 10.0; Win64; x64; rv:97.0) Gecko/20100101 Firefox/97.0"
89.187.180.46 - - [08/Mar/2022:06:35:41 +0100] "GET /Texte/ArsAmatoria HTTP/1.1" 200 12369 "http://www.pro-zurituutsch.ch/Texte/Bitterbeuhsi" "Mozilla/5.0 (Windows NT 10.0; Win64; x64; rv:97.0) Gecko/20100101 Firefox/97.0"
89.187.180.46 - - [08/Mar/2022:06:35:41 +0100] "GET /uploads/Texte/Speaker.jpg HTTP/1.1" 200 1016 "http://www.pro-zurituutsch.ch/Texte/ArsAmatoria" "Mozilla/5.0 (Windows NT 10.0; Win64; x64; rv:97.0) Gecko/20100101 Firefox/97.0"
89.187.180.46 - - [08/Mar/2022:06:35:41 +0100] "GET /uploads/Texte/ars2.jpg HTTP/1.1" 200 22694 "http://www.pro-zurituutsch.ch/Texte/ArsAmatoria" "Mozilla/5.0 (Windows NT 10.0; Win64; x64; rv:97.0) Gecko/20100101 Firefox/97.0"
89.187.180.46 - - [08/Mar/2022:06:35:41 +0100] "GET /uploads/Texte/neu_4.jpg HTTP/1.1" 200 24851 "http://www.pro-zurituutsch.ch/Texte/ArsAmatoria" "Mozilla/5.0 (Windows NT 10.0; Win64; x64; rv:97.0) Gecko/20100101 Firefox/97.0"
89.187.180.46 - - [08/Mar/2022:06:35:41 +0100] "GET /uploads/Texte/ars1.jpg HTTP/1.1" 200 22233 "http://www.pro-zurituutsch.ch/Texte/ArsAmatoria" "Mozilla/5.0 (Windows NT 10.0; Win64; x64; rv:97.0) Gecko/20100101 Firefox/97.0"
89.187.180.46 - - [08/Mar/2022:06:35:41 +0100] "GET /uploads/Texte/neu_3.jpg HTTP/1.1" 200 22003 "http://www.pro-zurituutsch.ch/Texte/ArsAmatoria" "Mozilla/5.0 (Windows NT 10.0; Win64; x64; rv:97.0) Gecko/20100101 Firefox/97.0"
89.187.180.46 - - [08/Mar/2022:06:35:54 +0100] "GET /Texte/ZurcherischEnglish HTTP/1.1" 200 8274 "http://www.pro-zurituutsch.ch/Texte/ArsAmatoria" "Mozilla/5.0 (Windows NT 10.0; Win64; x64; rv:97.0) Gecko/20100101 Firefox/97.0"
89.187.180.46 - - [08/Mar/2022:06:35:58 +0100] "GET /Texte/Rezension HTTP/1.1" 200 11812 "http://www.pro-zurituutsch.ch/Texte/ZurcherischEnglish" "Mozilla/5.0 (Windows NT 10.0; Win64; x64; rv:97.0) Gecko/20100101 Firefox/97.0"
89.187.180.46 - - [08/Mar/2022:06:36:01 +0100] "GET /Texte/Limericks HTTP/1.1" 200 8087 "http://www.pro-zurituutsch.ch/Texte/Rezension" "Mozilla/5.0 (Windows NT 10.0; Win64; x64; rv:97.0) Gecko/20100101 Firefox/97.0"
89.187.180.46 - - [08/Mar/2022:06:36:04 +0100] "GET /Texte/GDicht HTTP/1.1" 200 8050 "http://www.pro-zurituutsch.ch/Texte/Limericks" "Mozilla/5.0 (Windows NT 10.0; Win64; x64; rv:97.0) Gecko/20100101 Firefox/97.0"
89.187.180.46 - - [08/Mar/2022:06:36:06 +0100] "GET /Texte/Gloosse HTTP/1.1" 200 8061 "http://www.pro-zurituutsch.ch/Texte/GDicht" "Mozilla/5.0 (Windows NT 10.0; Win64; x64; rv:97.0) Gecko/20100101 Firefox/97.0"
89.187.180.46 - - [08/Mar/2022:06:36:08 +0100] "GET /Gast/Podcast HTTP/1.1" 200 8106 "http://www.pro-zurituutsch.ch/Texte/Gloosse" "Mozilla/5.0 (Windows NT 10.0; Win64; x64; rv:97.0) Gecko/20100101 Firefox/97.0"
89.187.180.46 - - [08/Mar/2022:06:36:08 +0100] "GET /Gast/Podcast HTTP/1.1" 200 8106 "http://www.pro-zurituutsch.ch/Texte/Gloosse" "Mozilla/5.0 (Windows NT 10.0; Win64; x64; rv:97.0) Gecko/20100101 Firefox/97.0"
89.187.180.46 - - [08/Mar/2022:06:36:13 +0100] "GET /Bestellen/Pschtellf HTTP/1.1" 200 11220 "http://www.pro-zurituutsch.ch/Gast/Podcast" "Mozilla/5.0 (Windows NT 10.0; Win64; x64; rv:97.0) Gecko/20100101 Firefox/97.0"
89.187.180.46 - - [08/Mar/2022:06:36:28 +0100] "GET /Admin/Pro-ZurituutschStatuten HTTP/1.1" 200 9580 "http://www.pro-zurituutsch.ch/Bestellen/Pschtellf" "Mozilla/5.0 (Windows NT 10.0; Win64; x64; rv:97.0) Gecko/20100101 Firefox/97.0"
89.187.180.46 - - [08/Mar/2022:06:36:28 +0100] "GET /Admin/Pro-ZurituutschStatuten HTTP/1.1" 200 9580 "http://www.pro-zurituutsch.ch/Bestellen/Pschtellf" "Mozilla/5.0 (Windows NT 10.0; Win64; x64; rv:97.0) Gecko/20100101 Firefox/97.0"
89.187.180.46 - - [08/Mar/2022:06:36:36 +0100] "GET /Admin/Pro-ZurituutschStatuten HTTP/1.1" 200 9580 "http://www.pro-zurituutsch.ch/Admin/Pro-ZurituutschStatuten" "Mozilla/5.0 (Windows NT 10.0; Win64; x64; rv:97.0) Gecko/20100101 Firefox/97.0"
89.187.180.46 - - [08/Mar/2022:06:36:45 +0100] "GET /Admin/AdresseStiftung HTTP/1.1" 200 8453 "http://www.pro-zurituutsch.ch/Admin/Pro-ZurituutschStatuten" "Mozilla/5.0 (Windows NT 10.0; Win64; x64; rv:97.0) Gecko/20100101 Firefox/97.0"
89.187.180.46 - - [08/Mar/2022:06:36:56 +0100] "GET /Admin/ZurStiftung HTTP/1.1" 200 10864 "http://www.pro-zurituutsch.ch/Admin/AdresseStiftung" "Mozilla/5.0 (Windows NT 10.0; Win64; x64; rv:97.0) Gecko/20100101 Firefox/97.0"
89.187.180.46 - - [08/Mar/2022:06:36:56 +0100] "GET /Admin/ZurStiftung HTTP/1.1" 200 10864 "http://www.pro-zurituutsch.ch/Admin/AdresseStiftung" "Mozilla/5.0 (Windows NT 10.0; Win64; x64; rv:97.0) Gecko/20100101 Firefox/97.0"
89.187.180.46 - - [08/Mar/2022:06:36:59 +0100] "GET /Hilfe/AnleitungTonbeispiele HTTP/1.1" 200 9878 "http://www.pro-zurituutsch.ch/Admin/ZurStiftung" "Mozilla/5.0 (Windows NT 10.0; Win64; x64; rv:97.0) Gecko/20100101 Firefox/97.0"
89.187.180.46 - - [08/Mar/2022:06:36:59 +0100] "GET /Hilfe/AnleitungTonbeispiele HTTP/1.1" 200 9878 "http://www.pro-zurituutsch.ch/Admin/ZurStiftung" "Mozilla/5.0 (Windows NT 10.0; Win64; x64; rv:97.0) Gecko/20100101 Firefox/97.0"
89.187.180.46 - - [08/Mar/2022:06:37:16 +0100] "GET /Hilfe/AnleitungTonbeispiele HTTP/1.1" 200 9878 "http://www.pro-zurituutsch.ch/Hilfe/AnleitungTonbeispiele" "Mozilla/5.0 (Windows NT 10.0; Win64; x64; rv:97.0) Gecko/20100101 Firefox/97.0"
89.187.180.46 - - [08/Mar/2022:06:37:16 +0100] "GET /Hilfe/AnleitungTonbeispiele HTTP/1.1" 200 9878 "http://www.pro-zurituutsch.ch/Hilfe/AnleitungTonbeispiele" "Mozilla/5.0 (Windows NT 10.0; Win64; x64; rv:97.0) Gecko/20100101 Firefox/97.0"
89.187.180.46 - - [08/Mar/2022:06:37:23 +0100] "GET /Site/PodCast HTTP/1.1" 200 40934 "http://www.pro-zurituutsch.ch/Hilfe/AnleitungTonbeispiele" "Mozilla/5.0 (Windows NT 10.0; Win64; x64; rv:97.0) Gecko/20100101 Firefox/97.0"
89.187.180.46 - - [08/Mar/2022:06:37:47 +0100] "GET /PodCast/SprAntBea HTTP/1.1" 200 11671 "http://www.pro-zurituutsch.ch/Site/PodCast" "Mozilla/5.0 (Windows NT 10.0; Win64; x64; rv:97.0) Gecko/20100101 Firefox/97.0"
89.187.180.46 - - [08/Mar/2022:06:37:48 +0100] "GET /pub/skins/pro-zurituutsch/images/attachment.png HTTP/1.1" 200 184 "http://www.pro-zurituutsch.ch/pub/skins/pro-zurituutsch/gila.css" "Mozilla/5.0 (Windows NT 10.0; Win64; x64; rv:97.0) Gecko/20100101 Firefox/97.0"
89.187.180.46 - - [08/Mar/2022:06:37:58 +0100] "GET /Site/PodCast HTTP/1.1" 200 40934 "http://www.pro-zurituutsch.ch/Hilfe/AnleitungTonbeispiele" "Mozilla/5.0 (Windows NT 10.0; Win64; x64; rv:97.0) Gecko/20100101 Firefox/97.0"
89.187.180.46 - - [08/Mar/2022:06:38:01 +0100] "GET /PodCast/SprAlAner HTTP/1.1" 200 9962 "http://www.pro-zurituutsch.ch/Site/PodCast" "Mozilla/5.0 (Windows NT 10.0; Win64; x64; rv:97.0) Gecko/20100101 Firefox/97.0"
89.187.180.46 - - [08/Mar/2022:06:38:01 +0100] "GET /PodCast/SprAlAner HTTP/1.1" 200 9962 "http://www.pro-zurituutsch.ch/Site/PodCast" "Mozilla/5.0 (Windows NT 10.0; Win64; x64; rv:97.0) Gecko/20100101 Firefox/97.0"
89.187.180.46 - - [08/Mar/2022:06:38:05 +0100] "GET /Site/PodCast HTTP/1.1" 200 40934 "http://www.pro-zurituutsch.ch/Hilfe/AnleitungTonbeispiele" "Mozilla/5.0 (Windows NT 10.0; Win64; x64; rv:97.0) Gecko/20100101 Firefox/97.0"
89.187.180.46 - - [08/Mar/2022:06:38:56 +0100] "GET /PodCast/REZTheLightBetweenOceans HTTP/1.1" 200 10126 "http://www.pro-zurituutsch.ch/Site/PodCast" "Mozilla/5.0 (Windows NT 10.0; Win64; x64; rv:97.0) Gecko/20100101 Firefox/97.0"
89.187.180.46 - - [08/Mar/2022:06:38:56 +0100] "GET /PodCast/REZTheLightBetweenOceans HTTP/1.1" 200 10126 "http://www.pro-zurituutsch.ch/Site/PodCast" "Mozilla/5.0 (Windows NT 10.0; Win64; x64; rv:97.0) Gecko/20100101 Firefox/97.0"
185.191.171.5 - - [08/Mar/2022:06:39:05 +0100] "GET /PmWikiHu/SzovegFormazasiSzabalyok HTTP/1.1" 200 18091 "-" "Mozilla/5.0 (compatible; SemrushBot/7~bl; +http://www.semrush.com/bot.html)"
89.187.180.46 - - [08/Mar/2022:06:39:08 +0100] "GET /uploads/PodCast/rezOceanLight.mp3 HTTP/1.1" 200 3460858 "http://www.pro-zurituutsch.ch/PodCast/REZTheLightBetweenOceans" "Mozilla/5.0 (Windows NT 10.0; Win64; x64; rv:97.0) Gecko/20100101 Firefox/97.0"
89.187.180.46 - - [08/Mar/2022:06:39:09 +0100] "GET /favicon.ico HTTP/1.1" 200 1406 "http://www.pro-zurituutsch.ch/uploads/PodCast/rezOceanLight.mp3" "Mozilla/5.0 (Windows NT 10.0; Win64; x64; rv:97.0) Gecko/20100101 Firefox/97.0"
89.187.180.46 - - [08/Mar/2022:06:39:19 +0100] "GET /PodCast/REZTheLightBetweenOceans HTTP/1.1" 200 10126 "http://www.pro-zurituutsch.ch/Site/PodCast" "Mozilla/5.0 (Windows NT 10.0; Win64; x64; rv:97.0) Gecko/20100101 Firefox/97.0"
89.187.180.46 - - [08/Mar/2022:06:39:27 +0100] "GET /Site/PodCast HTTP/1.1" 200 40934 "http://www.pro-zurituutsch.ch/Hilfe/AnleitungTonbeispiele" "Mozilla/5.0 (Windows NT 10.0; Win64; x64; rv:97.0) Gecko/20100101 Firefox/97.0"
89.187.180.46 - - [08/Mar/2022:06:39:39 +0100] "GET /PodCast/RURAachundigoung HTTP/1.1" 200 9329 "http://www.pro-zurituutsch.ch/Site/PodCast" "Mozilla/5.0 (Windows NT 10.0; Win64; x64; rv:97.0) Gecko/20100101 Firefox/97.0"
89.187.180.46 - - [08/Mar/2022:06:40:11 +0100] "GET /uploads/PodCast/RURAachundigoung.mp3 HTTP/1.1" 200 1786060 "http://www.pro-zurituutsch.ch/PodCast/RURAachundigoung" "Mozilla/5.0 (Windows NT 10.0; Win64; x64; rv:97.0) Gecko/20100101 Firefox/97.0"
89.187.180.46 - - [08/Mar/2022:06:40:43 +0100] "GET /PodCast/RURAachundigoung HTTP/1.1" 200 9329 "http://www.pro-zurituutsch.ch/Site/PodCast" "Mozilla/5.0 (Windows NT 10.0; Win64; x64; rv:97.0) Gecko/20100101 Firefox/97.0"
89.187.180.46 - - [08/Mar/2022:06:40:48 +0100] "GET /Site/PodCast HTTP/1.1" 200 40934 "http://www.pro-zurituutsch.ch/Hilfe/AnleitungTonbeispiele" "Mozilla/5.0 (Windows NT 10.0; Win64; x64; rv:97.0) Gecko/20100101 Firefox/97.0"
89.187.180.46 - - [08/Mar/2022:06:40:53 +0100] "GET /PodCast/RURAkt2TIl4 HTTP/1.1" 200 23659 "http://www.pro-zurituutsch.ch/Site/PodCast" "Mozilla/5.0 (Windows NT 10.0; Win64; x64; rv:97.0) Gecko/20100101 Firefox/97.0"
89.187.180.46 - - [08/Mar/2022:06:40:53 +0100] "GET /PodCast/RURAkt2TIl4 HTTP/1.1" 200 23659 "http://www.pro-zurituutsch.ch/Site/PodCast" "Mozilla/5.0 (Windows NT 10.0; Win64; x64; rv:97.0) Gecko/20100101 Firefox/97.0"
89.187.180.46 - - [08/Mar/2022:06:41:28 +0100] "GET /PodCast/RURAkt2TIl4 HTTP/1.1" 200 23659 "-" "Mozilla/5.0 (Windows NT 10.0; Win64; x64; rv:97.0) Gecko/20100101 Firefox/97.0"
89.187.180.46 - - [08/Mar/2022:06:41:30 +0100] "GET /uploads/PodCast/RaffynisUnivrsalroboterAkt2Tail4.mp3 HTTP/1.1" 200 25548783 "http://www.pro-zurituutsch.ch/PodCast/RURAkt2TIl4" "Mozilla/5.0 (Windows NT 10.0; Win64; x64; rv:97.0) Gecko/20100101 Firefox/97.0"
66.249.66.222 - - [08/Mar/2022:06:42:59 +0100] "GET /PodCast/IndexPage?action=rss HTTP/1.1" 200 6298 "-" "Mozilla/5.0 (compatible; Googlebot/2.1; +http://www.google.com/bot.html)"
89.187.180.46 - - [08/Mar/2022:06:43:30 +0100] "GET /Site/PodCast HTTP/1.1" 200 40934 "http://www.pro-zurituutsch.ch/Hilfe/AnleitungTonbeispiele" "Mozilla/5.0 (Windows NT 10.0; Win64; x64; rv:97.0) Gecko/20100101 Firefox/97.0"
89.187.180.46 - - [08/Mar/2022:06:43:45 +0100] "GET /PodCast/Spraachverglych HTTP/1.1" 200 16146 "http://www.pro-zurituutsch.ch/Site/PodCast" "Mozilla/5.0 (Windows NT 10.0; Win64; x64; rv:97.0) Gecko/20100101 Firefox/97.0"
89.187.180.46 - - [08/Mar/2022:06:44:00 +0100] "GET /PodCast/Spraachverglych HTTP/1.1" 200 16146 "-" "Mozilla/5.0 (Windows NT 10.0; Win64; x64; rv:97.0) Gecko/20100101 Firefox/97.0"
89.187.180.46 - - [08/Mar/2022:06:44:02 +0100] "GET /uploads/PodCast/Spraachverglych.mp3 HTTP/1.1" 200 11541621 "http://www.pro-zurituutsch.ch/PodCast/Spraachverglych" "Mozilla/5.0 (Windows NT 10.0; Win64; x64; rv:97.0) Gecko/20100101 Firefox/97.0"
185.191.171.11 - - [08/Mar/2022:06:44:21 +0100] "GET /PmWikiDe/Glossar?action=edit HTTP/1.1" 403 18 "-" "Mozilla/5.0 (compatible; SemrushBot/7~bl; +http://www.semrush.com/bot.html)"
89.187.180.46 - - [08/Mar/2022:06:46:17 +0100] "GET /Site/PodCast HTTP/1.1" 200 40934 "http://www.pro-zurituutsch.ch/Hilfe/AnleitungTonbeispiele" "Mozilla/5.0 (Windows NT 10.0; Win64; x64; rv:97.0) Gecko/20100101 Firefox/97.0"
89.187.180.46 - - [08/Mar/2022:06:46:22 +0100] "GET /Hilfe/AnleitungTonbeispiele HTTP/1.1" 200 9878 "http://www.pro-zurituutsch.ch/Hilfe/AnleitungTonbeispiele" "Mozilla/5.0 (Windows NT 10.0; Win64; x64; rv:97.0) Gecko/20100101 Firefox/97.0"
89.187.180.46 - - [08/Mar/2022:06:46:23 +0100] "GET /Admin/ZurStiftung HTTP/1.1" 200 10864 "http://www.pro-zurituutsch.ch/Admin/AdresseStiftung" "Mozilla/5.0 (Windows NT 10.0; Win64; x64; rv:97.0) Gecko/20100101 Firefox/97.0"
89.187.180.46 - - [08/Mar/2022:06:46:26 +0100] "GET /Admin/AdresseStiftung HTTP/1.1" 200 8453 "http://www.pro-zurituutsch.ch/Admin/Pro-ZurituutschStatuten" "Mozilla/5.0 (Windows NT 10.0; Win64; x64; rv:97.0) Gecko/20100101 Firefox/97.0"
89.187.180.46 - - [08/Mar/2022:06:46:28 +0100] "GET /Admin/Pro-ZurituutschStatuten HTTP/1.1" 200 9580 "http://www.pro-zurituutsch.ch/Admin/Pro-ZurituutschStatuten" "Mozilla/5.0 (Windows NT 10.0; Win64; x64; rv:97.0) Gecko/20100101 Firefox/97.0"
89.187.180.46 - - [08/Mar/2022:06:46:31 +0100] "GET /Bestellen/Pschtellf HTTP/1.1" 200 11220 "http://www.pro-zurituutsch.ch/Gast/Podcast" "Mozilla/5.0 (Windows NT 10.0; Win64; x64; rv:97.0) Gecko/20100101 Firefox/97.0"
89.187.180.46 - - [08/Mar/2022:06:46:34 +0100] "GET /Gast/Podcast HTTP/1.1" 200 8106 "http://www.pro-zurituutsch.ch/Texte/Gloosse" "Mozilla/5.0 (Windows NT 10.0; Win64; x64; rv:97.0) Gecko/20100101 Firefox/97.0"
89.187.180.46 - - [08/Mar/2022:06:46:36 +0100] "GET /Texte/Gloosse HTTP/1.1" 200 8061 "http://www.pro-zurituutsch.ch/Texte/GDicht" "Mozilla/5.0 (Windows NT 10.0; Win64; x64; rv:97.0) Gecko/20100101 Firefox/97.0"
89.187.180.46 - - [08/Mar/2022:06:46:37 +0100] "GET /Texte/GDicht HTTP/1.1" 200 8050 "http://www.pro-zurituutsch.ch/Texte/Limericks" "Mozilla/5.0 (Windows NT 10.0; Win64; x64; rv:97.0) Gecko/20100101 Firefox/97.0"
89.187.180.46 - - [08/Mar/2022:06:46:38 +0100] "GET /Texte/Limericks HTTP/1.1" 200 8087 "http://www.pro-zurituutsch.ch/Texte/Rezension" "Mozilla/5.0 (Windows NT 10.0; Win64; x64; rv:97.0) Gecko/20100101 Firefox/97.0"
89.187.180.46 - - [08/Mar/2022:06:46:40 +0100] "GET /Texte/Rezension HTTP/1.1" 200 11812 "http://www.pro-zurituutsch.ch/Texte/ZurcherischEnglish" "Mozilla/5.0 (Windows NT 10.0; Win64; x64; rv:97.0) Gecko/20100101 Firefox/97.0"
89.187.180.46 - - [08/Mar/2022:06:46:41 +0100] "GET /Texte/ZurcherischEnglish HTTP/1.1" 200 8274 "http://www.pro-zurituutsch.ch/Texte/ArsAmatoria" "Mozilla/5.0 (Windows NT 10.0; Win64; x64; rv:97.0) Gecko/20100101 Firefox/97.0"
89.187.180.46 - - [08/Mar/2022:06:46:42 +0100] "GET /Texte/ArsAmatoria HTTP/1.1" 200 12369 "http://www.pro-zurituutsch.ch/Texte/Bitterbeuhsi" "Mozilla/5.0 (Windows NT 10.0; Win64; x64; rv:97.0) Gecko/20100101 Firefox/97.0"
89.187.180.46 - - [08/Mar/2022:06:46:43 +0100] "GET /Texte/Bitterbeuhsi HTTP/1.1" 200 9255 "http://www.pro-zurituutsch.ch/Texte/Schrybwys" "Mozilla/5.0 (Windows NT 10.0; Win64; x64; rv:97.0) Gecko/20100101 Firefox/97.0"
89.187.180.46 - - [08/Mar/2022:06:46:44 +0100] "GET /Texte/Schrybwys HTTP/1.1" 200 11028 "http://www.pro-zurituutsch.ch/Texte/Styluebige" "Mozilla/5.0 (Windows NT 10.0; Win64; x64; rv:97.0) Gecko/20100101 Firefox/97.0"
89.187.180.46 - - [08/Mar/2022:06:46:45 +0100] "GET /Texte/Styluebige HTTP/1.1" 200 9998 "http://www.pro-zurituutsch.ch/Texte/Styluebige" "Mozilla/5.0 (Windows NT 10.0; Win64; x64; rv:97.0) Gecko/20100101 Firefox/97.0"
89.187.180.46 - - [08/Mar/2022:06:46:46 +0100] "GET /Texte/Roman HTTP/1.1" 200 38741 "http://www.pro-zurituutsch.ch/PodCast/RSSPodcasts" "Mozilla/5.0 (Windows NT 10.0; Win64; x64; rv:97.0) Gecko/20100101 Firefox/97.0"
89.187.180.46 - - [08/Mar/2022:06:46:47 +0100] "GET /PodCast/RSSPodcasts HTTP/1.1" 200 8905 "http://www.pro-zurituutsch.ch/Site/PodCast" "Mozilla/5.0 (Windows NT 10.0; Win64; x64; rv:97.0) Gecko/20100101 Firefox/97.0"
89.187.180.46 - - [08/Mar/2022:06:46:48 +0100] "GET /Site/PodCast HTTP/1.1" 200 40934 "http://www.pro-zurituutsch.ch/Site/PodCast" "Mozilla/5.0 (Windows NT 10.0; Win64; x64; rv:97.0) Gecko/20100101 Firefox/97.0"
89.187.180.46 - - [08/Mar/2022:06:46:49 +0100] "GET / HTTP/1.1" 200 14638 "-" "Mozilla/5.0 (Windows NT 10.0; Win64; x64; rv:97.0) Gecko/20100101 Firefox/97.0"
185.191.171.44 - - [08/Mar/2022:06:47:26 +0100] "GET /PmWikiHu/WikiWikiWeb?action=edit HTTP/1.1" 404 18 "-" "Mozilla/5.0 (compatible; SemrushBot/7~bl; +http://www.semrush.com/bot.html)"
213.136.71.25 - - [08/Mar/2022:06:49:19 +0100] "GET / HTTP/1.1" 200 14638 "-" "Mozilla/5.0 (Windows NT 6.3; WOW64) AppleWebKit/537.36 (KHTML, like Gecko) Chrome/40.0.2214.115 Safari/537.36"
194.209.200.2 - - [08/Mar/2022:06:52:33 +0100] "GET /robots.txt HTTP/1.1" 200 - "-" "Mozilla/5.0 (compatible; TMMBot/0.2; +http://www.dslab.ch)/Nutch-1.15"
194.209.200.2 - - [08/Mar/2022:06:52:33 +0100] "GET /Texte/Rezension HTTP/1.1" 200 11812 "-" "Mozilla/5.0 (compatible; TMMBot/0.2; +http://www.dslab.ch)/Nutch-1.15"
194.209.200.2 - - [08/Mar/2022:06:54:37 +0100] "GET /Texte/Schrybwys HTTP/1.1" 200 11028 "-" "Mozilla/5.0 (compatible; TMMBot/0.2; +http://www.dslab.ch)/Nutch-1.15"
194.209.200.2 - - [08/Mar/2022:06:55:59 +0100] "GET /Admin/Links HTTP/1.1" 200 14193 "-" "Mozilla/5.0 (compatible; TMMBot/0.2; +http://www.dslab.ch)/Nutch-1.15"
194.209.200.2 - - [08/Mar/2022:06:56:07 +0100] "GET /Texte/Metamorphoses HTTP/1.1" 200 9045 "-" "Mozilla/5.0 (compatible; TMMBot/0.2; +http://www.dslab.ch)/Nutch-1.15"
194.209.200.2 - - [08/Mar/2022:06:57:47 +0100] "GET /Admin/Pro-ZurituutschStatuten HTTP/1.1" 200 9580 "-" "Mozilla/5.0 (compatible; TMMBot/0.2; +http://www.dslab.ch)/Nutch-1.15"
194.209.200.2 - - [08/Mar/2022:06:58:40 +0100] "GET /Gast/Podcast HTTP/1.1" 200 8106 "-" "Mozilla/5.0 (compatible; TMMBot/0.2; +http://www.dslab.ch)/Nutch-1.15"
213.136.71.25 - - [08/Mar/2022:07:00:06 +0100] "GET /Texte/Metamorphoses HTTP/1.1" 200 9045 "-" "Mozilla/5.0 (Windows NT 6.3; WOW64) AppleWebKit/537.36 (KHTML, like Gecko) Chrome/40.0.2214.115 Safari/537.36"
213.136.71.25 - - [08/Mar/2022:07:02:57 +0100] "GET /Bestellen/Pschtellf HTTP/1.1" 200 11220 "-" "Mozilla/5.0 (Windows NT 6.3; WOW64) AppleWebKit/537.36 (KHTML, like Gecko) Chrome/40.0.2214.115 Safari/537.36"
213.136.71.25 - - [08/Mar/2022:07:05:06 +0100] "GET /Admin/AdresseStiftung HTTP/1.1" 200 8453 "-" "Mozilla/5.0 (Windows NT 6.3; WOW64) AppleWebKit/537.36 (KHTML, like Gecko) Chrome/40.0.2214.115 Safari/537.36"
213.136.71.25 - - [08/Mar/2022:07:06:09 +0100] "GET /Main/Home HTTP/1.1" 200 14638 "-" "Mozilla/5.0 (Windows NT 6.3; WOW64) AppleWebKit/537.36 (KHTML, like Gecko) Chrome/40.0.2214.115 Safari/537.36"
89.187.180.46 - - [08/Mar/2022:07:08:19 +0100] "GET /PodCast/Spraachverglych HTTP/1.1" 200 16146 "-" "Mozilla/5.0 (Windows NT 10.0; Win64; x64; rv:97.0) Gecko/20100101 Firefox/97.0"
89.187.180.46 - - [08/Mar/2022:07:08:20 +0100] "GET /pub/skins/pro-zurituutsch/gila.css HTTP/1.1" 200 10186 "http://www.pro-zurituutsch.ch/PodCast/Spraachverglych" "Mozilla/5.0 (Windows NT 10.0; Win64; x64; rv:97.0) Gecko/20100101 Firefox/97.0"
89.187.180.46 - - [08/Mar/2022:07:08:20 +0100] "GET /uploads/Texte/Speaker.jpg HTTP/1.1" 200 1016 "http://www.pro-zurituutsch.ch/PodCast/Spraachverglych" "Mozilla/5.0 (Windows NT 10.0; Win64; x64; rv:97.0) Gecko/20100101 Firefox/97.0"
89.187.180.46 - - [08/Mar/2022:07:08:20 +0100] "GET /pub/skins/pro-zurituutsch/images/external.png HTTP/1.1" 200 165 "http://www.pro-zurituutsch.ch/pub/skins/pro-zurituutsch/gila.css" "Mozilla/5.0 (Windows NT 10.0; Win64; x64; rv:97.0) Gecko/20100101 Firefox/97.0"
89.187.180.46 - - [08/Mar/2022:07:08:20 +0100] "GET /pub/skins/pro-zurituutsch/images/attachment.png HTTP/1.1" 200 184 "http://www.pro-zurituutsch.ch/pub/skins/pro-zurituutsch/gila.css" "Mozilla/5.0 (Windows NT 10.0; Win64; x64; rv:97.0) Gecko/20100101 Firefox/97.0"
89.187.180.46 - - [08/Mar/2022:07:08:21 +0100] "GET /Site/PodCast HTTP/1.1" 200 40934 "-" "Mozilla/5.0 (Windows NT 10.0; Win64; x64; rv:97.0) Gecko/20100101 Firefox/97.0"
89.187.180.46 - - [08/Mar/2022:07:08:22 +0100] "GET / HTTP/1.1" 200 14638 "-" "Mozilla/5.0 (Windows NT 10.0; Win64; x64; rv:97.0) Gecko/20100101 Firefox/97.0"
89.187.180.46 - - [08/Mar/2022:07:08:22 +0100] "GET /uploads/Main/logo.jpg HTTP/1.1" 200 29066 "http://www.pro-zurituutsch.ch/" "Mozilla/5.0 (Windows NT 10.0; Win64; x64; rv:97.0) Gecko/20100101 Firefox/97.0"
89.187.180.46 - - [08/Mar/2022:07:09:31 +0100] "GET /PodCast/Spraachverglych HTTP/1.1" 200 16146 "-" "Mozilla/5.0 (Windows NT 10.0; Win64; x64; rv:97.0) Gecko/20100101 Firefox/97.0"
89.187.180.46 - - [08/Mar/2022:07:09:31 +0100] "GET /pub/skins/pro-zurituutsch/gila.css HTTP/1.1" 200 10186 "http://www.pro-zurituutsch.ch/PodCast/Spraachverglych" "Mozilla/5.0 (Windows NT 10.0; Win64; x64; rv:97.0) Gecko/20100101 Firefox/97.0"
89.187.180.46 - - [08/Mar/2022:07:09:31 +0100] "GET /uploads/Texte/Speaker.jpg HTTP/1.1" 200 1016 "http://www.pro-zurituutsch.ch/PodCast/Spraachverglych" "Mozilla/5.0 (Windows NT 10.0; Win64; x64; rv:97.0) Gecko/20100101 Firefox/97.0"
89.187.180.46 - - [08/Mar/2022:07:09:31 +0100] "GET /pub/skins/pro-zurituutsch/images/external.png HTTP/1.1" 200 165 "http://www.pro-zurituutsch.ch/pub/skins/pro-zurituutsch/gila.css" "Mozilla/5.0 (Windows NT 10.0; Win64; x64; rv:97.0) Gecko/20100101 Firefox/97.0"
89.187.180.46 - - [08/Mar/2022:07:09:31 +0100] "GET /pub/skins/pro-zurituutsch/images/attachment.png HTTP/1.1" 200 184 "http://www.pro-zurituutsch.ch/pub/skins/pro-zurituutsch/gila.css" "Mozilla/5.0 (Windows NT 10.0; Win64; x64; rv:97.0) Gecko/20100101 Firefox/97.0"
89.187.180.46 - - [08/Mar/2022:07:10:07 +0100] "GET /Site/PodCast HTTP/1.1" 200 40934 "-" "Mozilla/5.0 (Windows NT 10.0; Win64; x64; rv:97.0) Gecko/20100101 Firefox/97.0"
89.187.180.46 - - [08/Mar/2022:07:10:09 +0100] "GET /PodCast/Spraachverglych HTTP/1.1" 200 16146 "-" "Mozilla/5.0 (Windows NT 10.0; Win64; x64; rv:97.0) Gecko/20100101 Firefox/97.0"
194.209.200.2 - - [08/Mar/2022:07:24:22 +0100] "GET /robots.txt HTTP/1.1" 200 - "-" "Mozilla/5.0 (compatible; TMMBot/0.2; +http://www.dslab.ch)/Nutch-1.15"
194.209.200.2 - - [08/Mar/2022:07:24:22 +0100] "GET /Texte/Rezension HTTP/1.1" 200 11812 "-" "Mozilla/5.0 (compatible; TMMBot/0.2; +http://www.dslab.ch)/Nutch-1.15"
194.209.200.2 - - [08/Mar/2022:07:24:56 +0100] "GET /Texte/ZurcherischEnglish HTTP/1.1" 200 8274 "-" "Mozilla/5.0 (compatible; TMMBot/0.2; +http://www.dslab.ch)/Nutch-1.15"
194.209.200.2 - - [08/Mar/2022:07:26:37 +0100] "GET /Texte/Limericks HTTP/1.1" 200 8087 "-" "Mozilla/5.0 (compatible; TMMBot/0.2; +http://www.dslab.ch)/Nutch-1.15"
194.209.200.2 - - [08/Mar/2022:07:26:41 +0100] "GET /Texte/Schrybwys HTTP/1.1" 200 11028 "-" "Mozilla/5.0 (compatible; TMMBot/0.2; +http://www.dslab.ch)/Nutch-1.15"
3.219.254.95 - - [08/Mar/2022:07:27:43 +0100] "GET /PodCast/IndexPage?action=rss HTTP/1.1" 200 6298 "-" "PocketCasts/1.0 (Pocket Casts Feed Parser; +http://pocketcasts.com/)"
194.209.200.2 - - [08/Mar/2022:07:28:09 +0100] "GET /Admin/Links HTTP/1.1" 200 14193 "-" "Mozilla/5.0 (compatible; TMMBot/0.2; +http://www.dslab.ch)/Nutch-1.15"
194.209.200.2 - - [08/Mar/2022:07:28:17 +0100] "GET /Texte/Metamorphoses HTTP/1.1" 200 9045 "-" "Mozilla/5.0 (compatible; TMMBot/0.2; +http://www.dslab.ch)/Nutch-1.15"
194.209.200.2 - - [08/Mar/2022:07:30:13 +0100] "GET /Admin/Pro-ZurituutschStatuten HTTP/1.1" 200 9580 "-" "Mozilla/5.0 (compatible; TMMBot/0.2; +http://www.dslab.ch)/Nutch-1.15"
194.209.200.2 - - [08/Mar/2022:07:31:16 +0100] "GET /Gast/Podcast HTTP/1.1" 200 8106 "-" "Mozilla/5.0 (compatible; TMMBot/0.2; +http://www.dslab.ch)/Nutch-1.15"
185.191.171.3 - - [08/Mar/2022:07:32:51 +0100] "GET /robots.txt HTTP/1.1" 200 - "-" "Mozilla/5.0 (compatible; SemrushBot/7~bl; +http://www.semrush.com/bot.html)"
185.191.171.9 - - [08/Mar/2022:07:32:53 +0100] "GET /PmWikiRu/UTF-8?action=edit HTTP/1.1" 404 18 "-" "Mozilla/5.0 (compatible; SemrushBot/7~bl; +http://www.semrush.com/bot.html)"
5.9.61.101 - - [08/Mar/2022:07:34:37 +0100] "GET /robots.txt HTTP/1.1" 200 - "-" "Mozilla/5.0 (compatible; MJ12bot/v1.4.8; http://mj12bot.com/)"
5.9.61.101 - - [08/Mar/2022:07:34:40 +0100] "GET /Site/SideBar?action=edit HTTP/1.1" 403 18 "-" "Mozilla/5.0 (compatible; MJ12bot/v1.4.8; http://mj12bot.com/)"
66.249.66.193 - - [08/Mar/2022:07:40:49 +0100] "GET /PodCast/IndexPage?action=rss HTTP/1.1" 200 6298 "-" "Mozilla/5.0 (compatible; Googlebot/2.1; +http://www.google.com/bot.html)"
168.119.51.163 - - [08/Mar/2022:07:41:28 +0100] "GET /robots.txt HTTP/1.1" 200 - "-" "Mozilla/5.0 (compatible; um-IC/1.0; mailto: techinfo@ubermetrics-technologies.com; Windows NT 6.1; WOW64; rv:40.0) Gecko/20100101 Firefox/40.1"
168.119.51.163 - - [08/Mar/2022:07:41:28 +0100] "GET /PodCast/IndexPage?action=rss HTTP/1.1" 200 6298 "-" "Mozilla/5.0 (compatible; um-IC/1.0; mailto: techinfo@ubermetrics-technologies.com; Windows NT 6.1; WOW64; rv:40.0) Gecko/20100101 Firefox/40.1"
185.191.171.45 - - [08/Mar/2022:07:49:15 +0100] "GET /PmWikiFr/Recherche?q=PmWikiFr%2F%3Ffmt%3Ddictindex HTTP/1.1" 200 11404 "-" "Mozilla/5.0 (compatible; SemrushBot/7~bl; +http://www.semrush.com/bot.html)"
194.209.200.2 - - [08/Mar/2022:07:49:28 +0100] "GET /robots.txt HTTP/1.1" 200 - "-" "Mozilla/5.0 (compatible; TMMBot/0.2; +http://www.dslab.ch)/Nutch-1.15"
194.209.200.2 - - [08/Mar/2022:07:49:28 +0100] "GET /Texte/Rezension HTTP/1.1" 200 11812 "-" "Mozilla/5.0 (compatible; TMMBot/0.2; +http://www.dslab.ch)/Nutch-1.15"
194.209.200.2 - - [08/Mar/2022:07:49:57 +0100] "GET /Texte/ZurcherischEnglish HTTP/1.1" 200 8274 "-" "Mozilla/5.0 (compatible; TMMBot/0.2; +http://www.dslab.ch)/Nutch-1.15"
194.209.200.2 - - [08/Mar/2022:07:51:32 +0100] "GET /Texte/Schrybwys HTTP/1.1" 200 11028 "-" "Mozilla/5.0 (compatible; TMMBot/0.2; +http://www.dslab.ch)/Nutch-1.15"
194.209.200.2 - - [08/Mar/2022:07:52:13 +0100] "GET /Texte/ArsAmatoria HTTP/1.1" 200 12369 "-" "Mozilla/5.0 (compatible; TMMBot/0.2; +http://www.dslab.ch)/Nutch-1.15"
194.209.200.2 - - [08/Mar/2022:07:52:52 +0100] "GET /Admin/Links HTTP/1.1" 200 14193 "-" "Mozilla/5.0 (compatible; TMMBot/0.2; +http://www.dslab.ch)/Nutch-1.15"
194.209.200.2 - - [08/Mar/2022:07:53:00 +0100] "GET /Texte/Metamorphoses HTTP/1.1" 200 9045 "-" "Mozilla/5.0 (compatible; TMMBot/0.2; +http://www.dslab.ch)/Nutch-1.15"
194.209.200.2 - - [08/Mar/2022:07:54:39 +0100] "GET /Admin/Pro-ZurituutschStatuten HTTP/1.1" 200 9580 "-" "Mozilla/5.0 (compatible; TMMBot/0.2; +http://www.dslab.ch)/Nutch-1.15"
185.191.171.7 - - [08/Mar/2022:07:55:16 +0100] "GET /PmWikiNl/WikiSandbox?action=upload HTTP/1.1" 403 18 "-" "Mozilla/5.0 (compatible; SemrushBot/7~bl; +http://www.semrush.com/bot.html)"
194.209.200.2 - - [08/Mar/2022:07:55:30 +0100] "GET /Gast/Podcast HTTP/1.1" 200 8106 "-" "Mozilla/5.0 (compatible; TMMBot/0.2; +http://www.dslab.ch)/Nutch-1.15"
216.244.66.243 - - [08/Mar/2022:07:58:30 +0100] "GET /robots.txt HTTP/1.1" 200 - "-" "Mozilla/5.0 (compatible; DotBot/1.2; +https://opensiteexplorer.org/dotbot; help@moz.com)"
66.249.66.193 - - [08/Mar/2022:08:04:39 +0100] "GET /Admin/Pro-ZurituutschStatuten HTTP/1.1" 200 9580 "-" "Mozilla/5.0 (Linux; Android 6.0.1; Nexus 5X Build/MMB29P) AppleWebKit/537.36 (KHTML, like Gecko) Chrome/98.0.4758.102 Mobile Safari/537.36 (compatible; Googlebot/2.1; +http://www.google.com/bot.html)"
185.191.171.7 - - [08/Mar/2022:08:06:09 +0100] "GET /PmWikiFr/BasicEditing?action=edit HTTP/1.1" 403 18 "-" "Mozilla/5.0 (compatible; SemrushBot/7~bl; +http://www.semrush.com/bot.html)"
216.244.66.243 - - [08/Mar/2022:08:08:45 +0100] "GET /PmWikiZhCn/EditQuickReference HTTP/1.1" 200 13970 "-" "Mozilla/5.0 (compatible; DotBot/1.2; +https://opensiteexplorer.org/dotbot; help@moz.com)"
185.191.171.15 - - [08/Mar/2022:08:14:32 +0100] "GET /PmWikiEs/PmWikiEs?action=edit HTTP/1.1" 403 18 "-" "Mozilla/5.0 (compatible; SemrushBot/7~bl; +http://www.semrush.com/bot.html)"
194.209.200.2 - - [08/Mar/2022:08:17:28 +0100] "GET /robots.txt HTTP/1.1" 200 - "-" "Mozilla/5.0 (compatible; TMMBot/0.2; +http://www.dslab.ch)/Nutch-1.15"
194.209.200.2 - - [08/Mar/2022:08:17:28 +0100] "GET /Texte/Rezension HTTP/1.1" 200 11812 "-" "Mozilla/5.0 (compatible; TMMBot/0.2; +http://www.dslab.ch)/Nutch-1.15"
194.209.200.2 - - [08/Mar/2022:08:17:58 +0100] "GET /Texte/ZurcherischEnglish HTTP/1.1" 200 8274 "-" "Mozilla/5.0 (compatible; TMMBot/0.2; +http://www.dslab.ch)/Nutch-1.15"
194.209.200.2 - - [08/Mar/2022:08:19:31 +0100] "GET /Texte/Limericks HTTP/1.1" 200 8087 "-" "Mozilla/5.0 (compatible; TMMBot/0.2; +http://www.dslab.ch)/Nutch-1.15"
194.209.200.2 - - [08/Mar/2022:08:19:36 +0100] "GET /Texte/Schrybwys HTTP/1.1" 200 11028 "-" "Mozilla/5.0 (compatible; TMMBot/0.2; +http://www.dslab.ch)/Nutch-1.15"
54.36.148.118 - - [08/Mar/2022:08:20:06 +0100] "GET /robots.txt HTTP/1.1" 200 - "-" "Mozilla/5.0 (compatible; AhrefsBot/7.0; +http://ahrefs.com/robot/)"
54.36.148.80 - - [08/Mar/2022:08:20:07 +0100] "GET / HTTP/1.1" 200 14638 "-" "Mozilla/5.0 (compatible; AhrefsBot/7.0; +http://ahrefs.com/robot/)"
194.209.200.2 - - [08/Mar/2022:08:20:59 +0100] "GET /Admin/Links HTTP/1.1" 200 14193 "-" "Mozilla/5.0 (compatible; TMMBot/0.2; +http://www.dslab.ch)/Nutch-1.15"
194.209.200.2 - - [08/Mar/2022:08:21:06 +0100] "GET /Texte/Metamorphoses HTTP/1.1" 200 9045 "-" "Mozilla/5.0 (compatible; TMMBot/0.2; +http://www.dslab.ch)/Nutch-1.15"
185.191.171.14 - - [08/Mar/2022:08:22:00 +0100] "GET /PmWiki/UTF-8 HTTP/1.1" 200 12601 "-" "Mozilla/5.0 (compatible; SemrushBot/7~bl; +http://www.semrush.com/bot.html)"
194.209.200.2 - - [08/Mar/2022:08:22:51 +0100] "GET /Admin/Pro-ZurituutschStatuten HTTP/1.1" 200 9580 "-" "Mozilla/5.0 (compatible; TMMBot/0.2; +http://www.dslab.ch)/Nutch-1.15"
185.191.171.34 - - [08/Mar/2022:08:22:55 +0100] "GET /Texte/Styluebige?action=diff HTTP/1.1" 403 18 "-" "Mozilla/5.0 (compatible; SemrushBot/7~bl; +http://www.semrush.com/bot.html)"
194.209.200.2 - - [08/Mar/2022:08:23:50 +0100] "GET /Gast/Podcast HTTP/1.1" 200 8106 "-" "Mozilla/5.0 (compatible; TMMBot/0.2; +http://www.dslab.ch)/Nutch-1.15"
3.216.185.164 - - [08/Mar/2022:08:24:45 +0100] "GET /PodCast/IndexPage?action=rss HTTP/1.1" 200 6298 "-" "PocketCasts/1.0 (Pocket Casts Feed Parser; +http://pocketcasts.com/)"
45.56.103.4 - - [08/Mar/2022:08:27:57 +0100] "GET /PodCast/IndexPage?action=rss HTTP/1.1" 200 6298 "-" "PlayerFM/1.0 Podcast Sync (1 subscribers; url=https://player.fm/series/podcast-2872909)"
185.191.171.15 - - [08/Mar/2022:08:42:02 +0100] "GET /robots.txt HTTP/1.1" 200 - "-" "Mozilla/5.0 (compatible; SemrushBot/7~bl; +http://www.semrush.com/bot.html)"
185.191.171.35 - - [08/Mar/2022:08:42:02 +0100] "GET /PmWikiNl/SideBar HTTP/1.1" 200 7752 "-" "Mozilla/5.0 (compatible; SemrushBot/7~bl; +http://www.semrush.com/bot.html)"
216.244.66.243 - - [08/Mar/2022:08:44:55 +0100] "GET /robots.txt HTTP/1.1" 200 - "-" "Mozilla/5.0 (compatible; DotBot/1.2; +https://opensiteexplorer.org/dotbot; help@moz.com)"
66.249.66.220 - - [08/Mar/2022:08:47:50 +0100] "GET /PodCast/IndexPage?action=rss HTTP/1.1" 200 6298 "-" "Mozilla/5.0 (compatible; Googlebot/2.1; +http://www.google.com/bot.html)"
62.210.215.119 - - [08/Mar/2022:08:49:51 +0100] "GET /PodCast/IndexPage?action=rss HTTP/1.1" 200 6298 "-" "Mozilla/5.0 (X11; Linux i686) AppleWebKit/537.36 (KHTML, like Gecko) Chrome/30.0.1599.66 Safari/537.36"
216.244.66.243 - - [08/Mar/2022:08:52:02 +0100] "GET /PodCast/Limerick121314 HTTP/1.1" 200 9449 "-" "Mozilla/5.0 (compatible; DotBot/1.2; +https://opensiteexplorer.org/dotbot; help@moz.com)"
185.191.171.44 - - [08/Mar/2022:09:01:07 +0100] "GET /PmWikiNl/Basisbeginselen HTTP/1.1" 200 24495 "-" "Mozilla/5.0 (compatible; SemrushBot/7~bl; +http://www.semrush.com/bot.html)"
194.209.200.2 - - [08/Mar/2022:09:04:25 +0100] "GET /robots.txt HTTP/1.1" 200 - "-" "Mozilla/5.0 (compatible; TMMBot/0.2; +http://www.dslab.ch)/Nutch-1.15"
194.209.200.2 - - [08/Mar/2022:09:04:25 +0100] "GET /Texte/Rezension HTTP/1.1" 200 11812 "-" "Mozilla/5.0 (compatible; TMMBot/0.2; +http://www.dslab.ch)/Nutch-1.15"
194.209.200.2 - - [08/Mar/2022:09:04:59 +0100] "GET /Texte/ZurcherischEnglish HTTP/1.1" 200 8274 "-" "Mozilla/5.0 (compatible; TMMBot/0.2; +http://www.dslab.ch)/Nutch-1.15"
114.119.141.232 - - [08/Mar/2022:09:06:38 +0100] "GET /PmWikiRu/PageVariables?action=edit HTTP/1.1" 403 18 "-" "Mozilla/5.0 (Linux; Android 7.0;) AppleWebKit/537.36 (KHTML, like Gecko) Mobile Safari/537.36 (compatible; PetalBot;+https://webmaster.petalsearch.com/site/petalbot)"
194.209.200.2 - - [08/Mar/2022:09:06:42 +0100] "GET /Texte/Limericks HTTP/1.1" 200 8087 "-" "Mozilla/5.0 (compatible; TMMBot/0.2; +http://www.dslab.ch)/Nutch-1.15"
194.209.200.2 - - [08/Mar/2022:09:06:47 +0100] "GET /Texte/Schrybwys HTTP/1.1" 200 11028 "-" "Mozilla/5.0 (compatible; TMMBot/0.2; +http://www.dslab.ch)/Nutch-1.15"
194.209.200.2 - - [08/Mar/2022:09:07:34 +0100] "GET /Texte/ArsAmatoria HTTP/1.1" 200 12369 "-" "Mozilla/5.0 (compatible; TMMBot/0.2; +http://www.dslab.ch)/Nutch-1.15"
194.209.200.2 - - [08/Mar/2022:09:08:18 +0100] "GET /Admin/Links HTTP/1.1" 200 14193 "-" "Mozilla/5.0 (compatible; TMMBot/0.2; +http://www.dslab.ch)/Nutch-1.15"
194.209.200.2 - - [08/Mar/2022:09:08:27 +0100] "GET /Texte/Metamorphoses HTTP/1.1" 200 9045 "-" "Mozilla/5.0 (compatible; TMMBot/0.2; +http://www.dslab.ch)/Nutch-1.15"
194.209.200.2 - - [08/Mar/2022:09:10:21 +0100] "GET /Admin/Pro-ZurituutschStatuten HTTP/1.1" 200 9580 "-" "Mozilla/5.0 (compatible; TMMBot/0.2; +http://www.dslab.ch)/Nutch-1.15"
185.191.171.4 - - [08/Mar/2022:09:10:27 +0100] "GET /Texte/Metamorphoses?action=upload HTTP/1.1" 403 18 "-" "Mozilla/5.0 (compatible; SemrushBot/7~bl; +http://www.semrush.com/bot.html)"
194.209.200.2 - - [08/Mar/2022:09:11:20 +0100] "GET /Gast/Podcast HTTP/1.1" 200 8106 "-" "Mozilla/5.0 (compatible; TMMBot/0.2; +http://www.dslab.ch)/Nutch-1.15"
185.191.171.10 - - [08/Mar/2022:09:12:49 +0100] "GET /Admin/ZurStiftung?action=diff HTTP/1.1" 403 18 "-" "Mozilla/5.0 (compatible; SemrushBot/7~bl; +http://www.semrush.com/bot.html)"
114.119.141.178 - - [08/Mar/2022:09:30:32 +0100] "GET /Site/62Mulhouse1468?action=diff HTTP/1.1" 403 18 "-" "Mozilla/5.0 (Linux; Android 7.0;) AppleWebKit/537.36 (KHTML, like Gecko) Mobile Safari/537.36 (compatible; PetalBot;+https://webmaster.petalsearch.com/site/petalbot)"
185.191.171.11 - - [08/Mar/2022:09:32:07 +0100] "GET /PmWikiFr/NatureDunWiki HTTP/1.1" 200 10066 "-" "Mozilla/5.0 (compatible; SemrushBot/7~bl; +http://www.semrush.com/bot.html)"
185.191.171.17 - - [08/Mar/2022:09:32:55 +0100] "GET /PmWikiFr/EffacerHistorique HTTP/1.1" 200 11909 "-" "Mozilla/5.0 (compatible; SemrushBot/7~bl; +http://www.semrush.com/bot.html)"
185.191.171.26 - - [08/Mar/2022:09:34:06 +0100] "GET /PmWikiRu/FAQ?action=print HTTP/1.1" 403 18 "-" "Mozilla/5.0 (compatible; SemrushBot/7~bl; +http://www.semrush.com/bot.html)"
66.249.66.222 - - [08/Mar/2022:09:38:59 +0100] "GET /PodCast/IndexPage?action=rss HTTP/1.1" 200 6298 "-" "Mozilla/5.0 (compatible; Googlebot/2.1; +http://www.google.com/bot.html)"
194.209.200.2 - - [08/Mar/2022:09:39:25 +0100] "GET /robots.txt HTTP/1.1" 200 - "-" "Mozilla/5.0 (compatible; TMMBot/0.2; +http://www.dslab.ch)/Nutch-1.15"
194.209.200.2 - - [08/Mar/2022:09:39:25 +0100] "GET /Texte/Rezension HTTP/1.1" 200 11812 "-" "Mozilla/5.0 (compatible; TMMBot/0.2; +http://www.dslab.ch)/Nutch-1.15"
34.96.130.4 - - [08/Mar/2022:09:40:31 +0100] "GET / HTTP/1.1" 200 14638 "-" "Expanse, a Palo Alto Networks company, searches across the global IPv4 space multiple times per day to identify customers&#39; presences on the Internet. If you would like to be excluded from our scans, please send IP addresses/domains to: scaninfo@paloaltonetworks.com"
194.209.200.2 - - [08/Mar/2022:09:41:34 +0100] "GET /Texte/Limericks HTTP/1.1" 200 8087 "-" "Mozilla/5.0 (compatible; TMMBot/0.2; +http://www.dslab.ch)/Nutch-1.15"
194.209.200.2 - - [08/Mar/2022:09:41:37 +0100] "GET /Texte/Schrybwys HTTP/1.1" 200 11028 "-" "Mozilla/5.0 (compatible; TMMBot/0.2; +http://www.dslab.ch)/Nutch-1.15"
194.209.200.2 - - [08/Mar/2022:09:42:23 +0100] "GET /Texte/ArsAmatoria HTTP/1.1" 200 12369 "-" "Mozilla/5.0 (compatible; TMMBot/0.2; +http://www.dslab.ch)/Nutch-1.15"
194.209.200.2 - - [08/Mar/2022:09:43:06 +0100] "GET /Admin/Links HTTP/1.1" 200 14193 "-" "Mozilla/5.0 (compatible; TMMBot/0.2; +http://www.dslab.ch)/Nutch-1.15"
194.209.200.2 - - [08/Mar/2022:09:43:14 +0100] "GET /Texte/Metamorphoses HTTP/1.1" 200 9045 "-" "Mozilla/5.0 (compatible; TMMBot/0.2; +http://www.dslab.ch)/Nutch-1.15"
194.209.200.2 - - [08/Mar/2022:09:45:05 +0100] "GET /Admin/Pro-ZurituutschStatuten HTTP/1.1" 200 9580 "-" "Mozilla/5.0 (compatible; TMMBot/0.2; +http://www.dslab.ch)/Nutch-1.15"
194.209.200.2 - - [08/Mar/2022:09:46:05 +0100] "GET /Gast/Podcast HTTP/1.1" 200 8106 "-" "Mozilla/5.0 (compatible; TMMBot/0.2; +http://www.dslab.ch)/Nutch-1.15"
185.191.171.8 - - [08/Mar/2022:09:49:43 +0100] "GET /robots.txt HTTP/1.1" 200 - "-" "Mozilla/5.0 (compatible; SemrushBot/7~bl; +http://www.semrush.com/bot.html)"
185.191.171.36 - - [08/Mar/2022:09:49:43 +0100] "GET /PmWikiFr/UrlApprovals?action=diff HTTP/1.1" 403 18 "-" "Mozilla/5.0 (compatible; SemrushBot/7~bl; +http://www.semrush.com/bot.html)"
185.191.171.17 - - [08/Mar/2022:09:50:50 +0100] "GET /Category/Layout HTTP/1.1" 200 8681 "-" "Mozilla/5.0 (compatible; SemrushBot/7~bl; +http://www.semrush.com/bot.html)"
194.230.148.157 - - [08/Mar/2022:10:00:04 +0100] "GET / HTTP/1.1" 200 14638 "-" "Mozilla/5.0 (Android 11; Mobile; rv:97.0) Gecko/97.0 Firefox/97.0"
194.230.148.157 - - [08/Mar/2022:10:00:04 +0100] "GET /pub/skins/pro-zurituutsch/gila.css HTTP/1.1" 200 10186 "http://pro-zurituutsch.ch/" "Mozilla/5.0 (Android 11; Mobile; rv:97.0) Gecko/97.0 Firefox/97.0"
194.230.148.157 - - [08/Mar/2022:10:00:04 +0100] "GET /uploads/Main/logo.jpg HTTP/1.1" 200 29066 "http://pro-zurituutsch.ch/" "Mozilla/5.0 (Android 11; Mobile; rv:97.0) Gecko/97.0 Firefox/97.0"
194.230.148.157 - - [08/Mar/2022:10:00:04 +0100] "GET /pub/skins/pro-zurituutsch/images/external.png HTTP/1.1" 200 165 "http://www.pro-zurituutsch.ch/pub/skins/pro-zurituutsch/gila.css" "Mozilla/5.0 (Android 11; Mobile; rv:97.0) Gecko/97.0 Firefox/97.0"
194.230.148.157 - - [08/Mar/2022:10:00:26 +0100] "GET / HTTP/1.1" 200 14638 "-" "Mozilla/5.0 (Android 11; Mobile; rv:97.0) Gecko/97.0 Firefox/97.0"
194.230.148.157 - - [08/Mar/2022:10:00:26 +0100] "GET /pub/skins/pro-zurituutsch/gila.css HTTP/1.1" 200 10186 "http://pro-zurituutsch.ch/" "Mozilla/5.0 (Android 11; Mobile; rv:97.0) Gecko/97.0 Firefox/97.0"
194.230.148.157 - - [08/Mar/2022:10:00:26 +0100] "GET /uploads/Main/logo.jpg HTTP/1.1" 200 29066 "http://pro-zurituutsch.ch/" "Mozilla/5.0 (Android 11; Mobile; rv:97.0) Gecko/97.0 Firefox/97.0"
194.230.148.157 - - [08/Mar/2022:10:00:27 +0100] "GET /pub/skins/pro-zurituutsch/images/external.png HTTP/1.1" 200 165 "http://www.pro-zurituutsch.ch/pub/skins/pro-zurituutsch/gila.css" "Mozilla/5.0 (Android 11; Mobile; rv:97.0) Gecko/97.0 Firefox/97.0"
194.230.148.157 - - [08/Mar/2022:10:01:43 +0100] "GET /Texte/Metamorphoses HTTP/1.1" 200 9045 "http://pro-zurituutsch.ch/" "Mozilla/5.0 (Android 11; Mobile; rv:97.0) Gecko/97.0 Firefox/97.0"
194.230.148.157 - - [08/Mar/2022:10:01:43 +0100] "GET /pub/skins/pro-zurituutsch/gila.css HTTP/1.1" 200 10186 "http://www.pro-zurituutsch.ch/Texte/Metamorphoses" "Mozilla/5.0 (Android 11; Mobile; rv:97.0) Gecko/97.0 Firefox/97.0"
194.230.148.157 - - [08/Mar/2022:10:01:43 +0100] "GET /uploads/Texte/arcimboldo.jpg HTTP/1.1" 200 27199 "http://www.pro-zurituutsch.ch/Texte/Metamorphoses" "Mozilla/5.0 (Android 11; Mobile; rv:97.0) Gecko/97.0 Firefox/97.0"
194.230.148.157 - - [08/Mar/2022:10:01:43 +0100] "GET /uploads/Texte/Speaker.jpg HTTP/1.1" 200 1016 "http://www.pro-zurituutsch.ch/Texte/Metamorphoses" "Mozilla/5.0 (Android 11; Mobile; rv:97.0) Gecko/97.0 Firefox/97.0"
194.230.148.157 - - [08/Mar/2022:10:01:49 +0100] "GET /Texte/Styluebige HTTP/1.1" 200 9998 "http://www.pro-zurituutsch.ch/Texte/Metamorphoses" "Mozilla/5.0 (Android 11; Mobile; rv:97.0) Gecko/97.0 Firefox/97.0"
194.230.148.157 - - [08/Mar/2022:10:01:49 +0100] "GET /resources/speaker.jpg HTTP/1.1" 404 291 "http://www.pro-zurituutsch.ch/Texte/Styluebige" "Mozilla/5.0 (Android 11; Mobile; rv:97.0) Gecko/97.0 Firefox/97.0"
194.209.200.2 - - [08/Mar/2022:10:06:18 +0100] "GET /robots.txt HTTP/1.1" 200 - "-" "Mozilla/5.0 (compatible; TMMBot/0.2; +http://www.dslab.ch)/Nutch-1.15"
194.209.200.2 - - [08/Mar/2022:10:06:18 +0100] "GET /Texte/Rezension HTTP/1.1" 200 11812 "-" "Mozilla/5.0 (compatible; TMMBot/0.2; +http://www.dslab.ch)/Nutch-1.15"
194.209.200.2 - - [08/Mar/2022:10:09:11 +0100] "GET /Texte/Limericks HTTP/1.1" 200 8087 "-" "Mozilla/5.0 (compatible; TMMBot/0.2; +http://www.dslab.ch)/Nutch-1.15"
194.209.200.2 - - [08/Mar/2022:10:09:15 +0100] "GET /Texte/Schrybwys HTTP/1.1" 200 11028 "-" "Mozilla/5.0 (compatible; TMMBot/0.2; +http://www.dslab.ch)/Nutch-1.15"
185.191.171.5 - - [08/Mar/2022:10:10:41 +0100] "GET /PmWikiFr/IndexDocAdmin?action=upload HTTP/1.1" 403 18 "-" "Mozilla/5.0 (compatible; SemrushBot/7~bl; +http://www.semrush.com/bot.html)"
194.209.200.2 - - [08/Mar/2022:10:10:55 +0100] "GET /Admin/Links HTTP/1.1" 200 14193 "-" "Mozilla/5.0 (compatible; TMMBot/0.2; +http://www.dslab.ch)/Nutch-1.15"
194.209.200.2 - - [08/Mar/2022:10:11:06 +0100] "GET /Texte/Metamorphoses HTTP/1.1" 200 9045 "-" "Mozilla/5.0 (compatible; TMMBot/0.2; +http://www.dslab.ch)/Nutch-1.15"
194.209.200.2 - - [08/Mar/2022:10:15:08 +0100] "GET /Gast/Podcast HTTP/1.1" 200 8106 "-" "Mozilla/5.0 (compatible; TMMBot/0.2; +http://www.dslab.ch)/Nutch-1.15"
185.191.171.4 - - [08/Mar/2022:10:17:02 +0100] "GET /Texte/Metamorphoses?action=print HTTP/1.1" 403 18 "-" "Mozilla/5.0 (compatible; SemrushBot/7~bl; +http://www.semrush.com/bot.html)"
216.244.66.243 - - [08/Mar/2022:10:21:09 +0100] "GET /robots.txt HTTP/1.1" 200 - "-" "Mozilla/5.0 (compatible; DotBot/1.2; +https://opensiteexplorer.org/dotbot; help@moz.com)"
3.216.185.164 - - [08/Mar/2022:10:22:39 +0100] "GET /PodCast/IndexPage?action=rss HTTP/1.1" 200 6298 "-" "PocketCasts/1.0 (Pocket Casts Feed Parser; +http://pocketcasts.com/)"
92.205.10.243 - - [08/Mar/2022:10:23:32 +0100] "GET /wordpress/ HTTP/1.1" 404 276 "-" "-"
216.244.66.243 - - [08/Mar/2022:10:27:59 +0100] "GET /Tessynfaart/Tessynfaart HTTP/1.1" 200 8456 "-" "Mozilla/5.0 (compatible; DotBot/1.2; +https://opensiteexplorer.org/dotbot; help@moz.com)"
194.209.200.2 - - [08/Mar/2022:10:36:09 +0100] "GET /robots.txt HTTP/1.1" 200 - "-" "Mozilla/5.0 (compatible; TMMBot/0.2; +http://www.dslab.ch)/Nutch-1.15"
194.209.200.2 - - [08/Mar/2022:10:36:09 +0100] "GET /Texte/Rezension HTTP/1.1" 200 11812 "-" "Mozilla/5.0 (compatible; TMMBot/0.2; +http://www.dslab.ch)/Nutch-1.15"
194.209.200.2 - - [08/Mar/2022:10:36:44 +0100] "GET /Texte/ZurcherischEnglish HTTP/1.1" 200 8274 "-" "Mozilla/5.0 (compatible; TMMBot/0.2; +http://www.dslab.ch)/Nutch-1.15"
185.191.171.24 - - [08/Mar/2022:10:37:36 +0100] "GET /PmWikiIt/BasicEditing?action=upload HTTP/1.1" 403 18 "-" "Mozilla/5.0 (compatible; SemrushBot/7~bl; +http://www.semrush.com/bot.html)"
66.249.66.222 - - [08/Mar/2022:10:37:58 +0100] "GET /PodCast/IndexPage?action=rss HTTP/1.1" 200 6298 "-" "Mozilla/5.0 (compatible; Googlebot/2.1; +http://www.google.com/bot.html)"
194.209.200.2 - - [08/Mar/2022:10:38:34 +0100] "GET /Texte/Schrybwys HTTP/1.1" 200 11028 "-" "Mozilla/5.0 (compatible; TMMBot/0.2; +http://www.dslab.ch)/Nutch-1.15"
194.209.200.2 - - [08/Mar/2022:10:40:02 +0100] "GET /Admin/Links HTTP/1.1" 200 14193 "-" "Mozilla/5.0 (compatible; TMMBot/0.2; +http://www.dslab.ch)/Nutch-1.15"
194.209.200.2 - - [08/Mar/2022:10:40:12 +0100] "GET /Texte/Metamorphoses HTTP/1.1" 200 9045 "-" "Mozilla/5.0 (compatible; TMMBot/0.2; +http://www.dslab.ch)/Nutch-1.15"
194.209.200.2 - - [08/Mar/2022:10:43:04 +0100] "GET /Gast/Podcast HTTP/1.1" 200 8106 "-" "Mozilla/5.0 (compatible; TMMBot/0.2; +http://www.dslab.ch)/Nutch-1.15"
185.191.171.7 - - [08/Mar/2022:10:59:40 +0100] "GET /robots.txt HTTP/1.1" 200 - "-" "Mozilla/5.0 (compatible; SemrushBot/7~bl; +http://www.semrush.com/bot.html)"
185.191.171.19 - - [08/Mar/2022:10:59:40 +0100] "GET /PmWikiPtBr/WikiSandbox HTTP/1.1" 200 7362 "-" "Mozilla/5.0 (compatible; SemrushBot/7~bl; +http://www.semrush.com/bot.html)"
194.209.200.2 - - [08/Mar/2022:11:02:42 +0100] "GET /robots.txt HTTP/1.1" 200 - "-" "Mozilla/5.0 (compatible; TMMBot/0.2; +http://www.dslab.ch)/Nutch-1.15"
194.209.200.2 - - [08/Mar/2022:11:02:42 +0100] "GET /Texte/Rezension HTTP/1.1" 200 11812 "-" "Mozilla/5.0 (compatible; TMMBot/0.2; +http://www.dslab.ch)/Nutch-1.15"
194.209.200.2 - - [08/Mar/2022:11:03:13 +0100] "GET /Texte/ZurcherischEnglish HTTP/1.1" 200 8274 "-" "Mozilla/5.0 (compatible; TMMBot/0.2; +http://www.dslab.ch)/Nutch-1.15"
194.209.200.2 - - [08/Mar/2022:11:04:52 +0100] "GET /Texte/Schrybwys HTTP/1.1" 200 11028 "-" "Mozilla/5.0 (compatible; TMMBot/0.2; +http://www.dslab.ch)/Nutch-1.15"
194.209.200.2 - - [08/Mar/2022:11:05:35 +0100] "GET /Texte/ArsAmatoria HTTP/1.1" 200 12369 "-" "Mozilla/5.0 (compatible; TMMBot/0.2; +http://www.dslab.ch)/Nutch-1.15"
194.209.200.2 - - [08/Mar/2022:11:06:16 +0100] "GET /Admin/Links HTTP/1.1" 200 14193 "-" "Mozilla/5.0 (compatible; TMMBot/0.2; +http://www.dslab.ch)/Nutch-1.15"
194.209.200.2 - - [08/Mar/2022:11:06:24 +0100] "GET /Texte/Metamorphoses HTTP/1.1" 200 9045 "-" "Mozilla/5.0 (compatible; TMMBot/0.2; +http://www.dslab.ch)/Nutch-1.15"
194.209.200.2 - - [08/Mar/2022:11:09:04 +0100] "GET /Gast/Podcast HTTP/1.1" 200 8106 "-" "Mozilla/5.0 (compatible; TMMBot/0.2; +http://www.dslab.ch)/Nutch-1.15"
194.209.200.2 - - [08/Mar/2022:11:09:31 +0100] "GET /Hilfe/AnleitungTonbeispiele HTTP/1.1" 200 9878 "-" "Mozilla/5.0 (compatible; TMMBot/0.2; +http://www.dslab.ch)/Nutch-1.15"
216.244.66.243 - - [08/Mar/2022:11:10:08 +0100] "GET /robots.txt HTTP/1.1" 200 - "-" "Mozilla/5.0 (compatible; DotBot/1.2; +https://opensiteexplorer.org/dotbot; help@moz.com)"
185.191.171.9 - - [08/Mar/2022:11:11:38 +0100] "GET /PmWikiDe/PageHistory?action=diff HTTP/1.1" 403 18 "-" "Mozilla/5.0 (compatible; SemrushBot/7~bl; +http://www.semrush.com/bot.html)"
114.119.140.99 - - [08/Mar/2022:11:18:06 +0100] "GET /PmWikiSi/PageNotFound?action=edit HTTP/1.1" 403 18 "-" "Mozilla/5.0 (Linux; Android 7.0;) AppleWebKit/537.36 (KHTML, like Gecko) Mobile Safari/537.36 (compatible; PetalBot;+https://webmaster.petalsearch.com/site/petalbot)"
216.244.66.243 - - [08/Mar/2022:11:19:27 +0100] "GET /PmWikiFr/Search HTTP/1.1" 200 11056 "-" "Mozilla/5.0 (compatible; DotBot/1.2; +https://opensiteexplorer.org/dotbot; help@moz.com)"
185.191.171.8 - - [08/Mar/2022:11:19:28 +0100] "GET /PmWikiDe/PatrickMichaud?action=print HTTP/1.1" 403 18 "-" "Mozilla/5.0 (compatible; SemrushBot/7~bl; +http://www.semrush.com/bot.html)"
185.191.171.1 - - [08/Mar/2022:11:25:10 +0100] "GET /PmWikiFr/MailPosts?action=print HTTP/1.1" 403 18 "-" "Mozilla/5.0 (compatible; SemrushBot/7~bl; +http://www.semrush.com/bot.html)"
185.191.171.33 - - [08/Mar/2022:11:28:20 +0100] "GET /PmWikiCs/ProhledatWiki?action=edit HTTP/1.1" 403 18 "-" "Mozilla/5.0 (compatible; SemrushBot/7~bl; +http://www.semrush.com/bot.html)"
194.209.200.2 - - [08/Mar/2022:11:33:08 +0100] "GET /robots.txt HTTP/1.1" 200 - "-" "Mozilla/5.0 (compatible; TMMBot/0.2; +http://www.dslab.ch)/Nutch-1.15"
194.209.200.2 - - [08/Mar/2022:11:33:08 +0100] "GET /Texte/Rezension HTTP/1.1" 200 11812 "-" "Mozilla/5.0 (compatible; TMMBot/0.2; +http://www.dslab.ch)/Nutch-1.15"
