185.191.171.37 - - [02/Sep/2022:04:16:27 +0200] "GET /PmWikiFr/Recherche?q=PmWikiFr%2F%3Ffmt%3Ddictindex HTTP/1.1" 200 11404 "-" "Mozilla/5.0 (compatible; SemrushBot/7~bl; +http://www.semrush.com/bot.html)"
185.191.171.22 - - [02/Sep/2022:04:16:52 +0200] "GET /PmWikiVi/SideBar?action=edit HTTP/1.1" 403 18 "-" "Mozilla/5.0 (compatible; SemrushBot/7~bl; +http://www.semrush.com/bot.html)"
85.25.177.139 - - [02/Sep/2022:04:17:27 +0200] "GET /Texte/Styluebige?action=edit&restore=diff:1591952614:1179764522:&preview=y HTTP/1.1" 200 8681 "-" "Mozilla/5.0 (Macintosh; Intel Mac OS X 10.15; rv:103.0) Gecko/20100101 Firefox/103.0"
85.25.177.139 - - [02/Sep/2022:04:19:16 +0200] "GET /Texte/AnleitungTonbeispiele?action=edit HTTP/1.1" 200 8791 "-" "Mozilla/5.0 (Macintosh; Intel Mac OS X 10.15; rv:103.0) Gecko/20100101 Firefox/103.0"
85.25.177.139 - - [02/Sep/2022:04:22:16 +0200] "GET /Texte/Roman?action=edit&restore=diff:1179764445:1179764354:&preview=y HTTP/1.1" 200 8611 "-" "Mozilla/5.0 (Macintosh; Intel Mac OS X 10.15; rv:103.0) Gecko/20100101 Firefox/103.0"
85.25.177.139 - - [02/Sep/2022:04:23:07 +0200] "GET /Texte/Styluebige?action=diff&source=n&minor=n HTTP/1.1" 200 34222 "-" "Mozilla/5.0 (Macintosh; Intel Mac OS X 10.15; rv:103.0) Gecko/20100101 Firefox/103.0"
85.25.177.139 - - [02/Sep/2022:04:24:30 +0200] "GET /Texte/Styluebige?action=edit&restore=diff:1179764522:1178907591:&preview=y HTTP/1.1" 200 8681 "-" "Mozilla/5.0 (Macintosh; Intel Mac OS X 10.15; rv:103.0) Gecko/20100101 Firefox/103.0"
85.25.177.139 - - [02/Sep/2022:04:26:28 +0200] "GET /Admin/Links?action=edit&restore=diff:1418663009:1418662856:&preview=y HTTP/1.1" 200 8611 "-" "Mozilla/5.0 (Macintosh; Intel Mac OS X 10.15; rv:103.0) Gecko/20100101 Firefox/103.0"
85.25.177.139 - - [02/Sep/2022:04:28:01 +0200] "GET /Admin/Links?action=edit&restore=diff:1458752239:1447604686:&preview=y HTTP/1.1" 200 8611 "-" "Mozilla/5.0 (Macintosh; Intel Mac OS X 10.15; rv:103.0) Gecko/20100101 Firefox/103.0"
85.25.177.139 - - [02/Sep/2022:04:28:49 +0200] "GET /Texte/Roman?action=edit&restore=diff:1163035602:1163035552:&preview=y HTTP/1.1" 200 8611 "-" "Mozilla/5.0 (Macintosh; Intel Mac OS X 10.15; rv:103.0) Gecko/20100101 Firefox/103.0"
85.25.177.139 - - [02/Sep/2022:04:30:22 +0200] "GET /Admin/Links?action=edit&restore=diff:1458752316:1458752287:&preview=y HTTP/1.1" 200 8611 "-" "Mozilla/5.0 (Macintosh; Intel Mac OS X 10.15; rv:103.0) Gecko/20100101 Firefox/103.0"
85.25.177.139 - - [02/Sep/2022:04:31:45 +0200] "GET /Admin/Links?action=diff&source=n&minor=y HTTP/1.1" 200 22755 "-" "Mozilla/5.0 (Macintosh; Intel Mac OS X 10.15; rv:103.0) Gecko/20100101 Firefox/103.0"
185.191.171.43 - - [02/Sep/2022:04:31:56 +0200] "GET /PmWikiRu/Internationalizations?action=print HTTP/1.1" 403 18 "-" "Mozilla/5.0 (compatible; SemrushBot/7~bl; +http://www.semrush.com/bot.html)"
194.209.200.2 - - [02/Sep/2022:04:32:09 +0200] "GET /robots.txt HTTP/1.1" 200 - "-" "Mozilla/5.0 (compatible; TMMBot/0.2; +http://www.dslab.ch)/Nutch-1.15"
194.209.200.2 - - [02/Sep/2022:04:32:09 +0200] "GET /Texte/Rezension HTTP/1.1" 200 11812 "-" "Mozilla/5.0 (compatible; TMMBot/0.2; +http://www.dslab.ch)/Nutch-1.15"
85.25.177.139 - - [02/Sep/2022:04:32:25 +0200] "GET /Texte/Roman?action=edit&restore=diff:1163035648:1163035602:&preview=y HTTP/1.1" 200 8611 "-" "Mozilla/5.0 (Macintosh; Intel Mac OS X 10.15; rv:103.0) Gecko/20100101 Firefox/103.0"
85.25.177.139 - - [02/Sep/2022:04:33:36 +0200] "GET /Admin/Links?action=edit&restore=diff:1418662856:1361974943:&preview=y HTTP/1.1" 200 8611 "-" "Mozilla/5.0 (Macintosh; Intel Mac OS X 10.15; rv:103.0) Gecko/20100101 Firefox/103.0"
194.209.200.2 - - [02/Sep/2022:04:34:24 +0200] "GET /Admin/Jahresbericht HTTP/1.1" 200 45530 "-" "Mozilla/5.0 (compatible; TMMBot/0.2; +http://www.dslab.ch)/Nutch-1.15"
194.209.200.2 - - [02/Sep/2022:04:34:44 +0200] "GET /Texte/Limericks HTTP/1.1" 200 8087 "-" "Mozilla/5.0 (compatible; TMMBot/0.2; +http://www.dslab.ch)/Nutch-1.15"
194.209.200.2 - - [02/Sep/2022:04:34:49 +0200] "GET /Texte/Schrybwys HTTP/1.1" 200 11028 "-" "Mozilla/5.0 (compatible; TMMBot/0.2; +http://www.dslab.ch)/Nutch-1.15"
85.25.177.139 - - [02/Sep/2022:04:35:02 +0200] "GET /Texte/Roman?action=edit&restore=diff:1179236325:1179236030:&preview=y HTTP/1.1" 200 8611 "-" "Mozilla/5.0 (Macintosh; Intel Mac OS X 10.15; rv:103.0) Gecko/20100101 Firefox/103.0"
194.209.200.2 - - [02/Sep/2022:04:35:37 +0200] "GET /Texte/ArsAmatoria HTTP/1.1" 200 12369 "-" "Mozilla/5.0 (compatible; TMMBot/0.2; +http://www.dslab.ch)/Nutch-1.15"
85.25.177.139 - - [02/Sep/2022:04:35:38 +0200] "GET /Admin/Links?action=edit&restore=diff:1340380424:1340380402:&preview=y HTTP/1.1" 200 8611 "-" "Mozilla/5.0 (Macintosh; Intel Mac OS X 10.15; rv:103.0) Gecko/20100101 Firefox/103.0"
194.209.200.2 - - [02/Sep/2022:04:35:52 +0200] "GET /Texte/GDicht HTTP/1.1" 200 8050 "-" "Mozilla/5.0 (compatible; TMMBot/0.2; +http://www.dslab.ch)/Nutch-1.15"
85.25.177.139 - - [02/Sep/2022:04:37:05 +0200] "GET /Admin/Links?action=edit&restore=diff:1447604629:1418663009:&preview=y HTTP/1.1" 200 8611 "-" "Mozilla/5.0 (Macintosh; Intel Mac OS X 10.15; rv:103.0) Gecko/20100101 Firefox/103.0"
194.209.200.2 - - [02/Sep/2022:04:37:39 +0200] "GET /Texte/Gloosse HTTP/1.1" 200 8061 "-" "Mozilla/5.0 (compatible; TMMBot/0.2; +http://www.dslab.ch)/Nutch-1.15"
85.25.177.139 - - [02/Sep/2022:04:37:46 +0200] "GET /Texte/Roman?action=edit&restore=diff:1231002356:1231002311:&preview=y HTTP/1.1" 200 8611 "-" "Mozilla/5.0 (Macintosh; Intel Mac OS X 10.15; rv:103.0) Gecko/20100101 Firefox/103.0"
85.25.177.139 - - [02/Sep/2022:04:38:57 +0200] "GET /Admin/Links?action=edit&restore=diff:1231706772:1231706746:&preview=y HTTP/1.1" 200 8611 "-" "Mozilla/5.0 (Macintosh; Intel Mac OS X 10.15; rv:103.0) Gecko/20100101 Firefox/103.0"
85.25.177.139 - - [02/Sep/2022:04:40:18 +0200] "GET /Admin/Links?action=edit&restore=diff:1340380386:1329585246:minor&preview=y HTTP/1.1" 200 8616 "-" "Mozilla/5.0 (Macintosh; Intel Mac OS X 10.15; rv:103.0) Gecko/20100101 Firefox/103.0"
85.25.177.139 - - [02/Sep/2022:04:41:11 +0200] "GET /Admin/Links?action=edit&restore=diff:1340380402:1340380386:&preview=y HTTP/1.1" 200 8611 "-" "Mozilla/5.0 (Macintosh; Intel Mac OS X 10.15; rv:103.0) Gecko/20100101 Firefox/103.0"
85.25.177.139 - - [02/Sep/2022:04:41:58 +0200] "GET /Texte/Roman?action=edit&restore=diff:1231002477:1231002356:&preview=y HTTP/1.1" 200 8611 "-" "Mozilla/5.0 (Macintosh; Intel Mac OS X 10.15; rv:103.0) Gecko/20100101 Firefox/103.0"
85.25.177.139 - - [02/Sep/2022:04:42:43 +0200] "GET /Admin/Links?action=edit&restore=diff:1361974943:1360601748:&preview=y HTTP/1.1" 200 8611 "-" "Mozilla/5.0 (Macintosh; Intel Mac OS X 10.15; rv:103.0) Gecko/20100101 Firefox/103.0"
85.25.177.139 - - [02/Sep/2022:04:43:36 +0200] "GET /Texte/Roman?action=edit&restore=diff:1179235988:1179235412:&preview=y HTTP/1.1" 200 8611 "-" "Mozilla/5.0 (Macintosh; Intel Mac OS X 10.15; rv:103.0) Gecko/20100101 Firefox/103.0"
85.25.177.139 - - [02/Sep/2022:04:44:41 +0200] "GET /Hilfe HTTP/1.1" 404 8123 "-" "Mozilla/5.0 (Macintosh; Intel Mac OS X 10.15; rv:103.0) Gecko/20100101 Firefox/103.0"
85.25.177.139 - - [02/Sep/2022:04:46:11 +0200] "GET /Texte/Roman?action=edit&restore=diff:1163035078:1163035010:&preview=y HTTP/1.1" 200 8611 "-" "Mozilla/5.0 (Macintosh; Intel Mac OS X 10.15; rv:103.0) Gecko/20100101 Firefox/103.0"
85.25.177.139 - - [02/Sep/2022:04:47:45 +0200] "GET /Texte/Roman?action=edit&restore=diff:1163035512:1163035465:&preview=y HTTP/1.1" 200 8611 "-" "Mozilla/5.0 (Macintosh; Intel Mac OS X 10.15; rv:103.0) Gecko/20100101 Firefox/103.0"
85.25.177.139 - - [02/Sep/2022:04:49:00 +0200] "GET /Texte/Roman?action=edit&restore=diff:1231002211:1231002076:&preview=y HTTP/1.1" 200 8611 "-" "Mozilla/5.0 (Macintosh; Intel Mac OS X 10.15; rv:103.0) Gecko/20100101 Firefox/103.0"
185.191.171.14 - - [02/Sep/2022:04:50:34 +0200] "GET /PmWikiJa/EditTemplates?action=print HTTP/1.1" 403 18 "-" "Mozilla/5.0 (compatible; SemrushBot/7~bl; +http://www.semrush.com/bot.html)"
85.25.177.139 - - [02/Sep/2022:04:51:51 +0200] "GET /Texte/Roman?action=edit&restore=diff:1231001605:1231001370:&preview=y HTTP/1.1" 200 8611 "-" "Mozilla/5.0 (Macintosh; Intel Mac OS X 10.15; rv:103.0) Gecko/20100101 Firefox/103.0"
85.25.177.139 - - [02/Sep/2022:04:53:32 +0200] "GET /Texte/Gloosse?action=edit HTTP/1.1" 200 8593 "-" "Mozilla/5.0 (Macintosh; Intel Mac OS X 10.15; rv:103.0) Gecko/20100101 Firefox/103.0"
85.25.177.139 - - [02/Sep/2022:04:54:46 +0200] "GET /Texte/Gloosse?action=diff&source=n&minor=y HTTP/1.1" 200 9555 "-" "Mozilla/5.0 (Macintosh; Intel Mac OS X 10.15; rv:103.0) Gecko/20100101 Firefox/103.0"
185.191.171.24 - - [02/Sep/2022:04:55:45 +0200] "GET /PmWikiRu/Categories?action=edit HTTP/1.1" 403 18 "-" "Mozilla/5.0 (compatible; SemrushBot/7~bl; +http://www.semrush.com/bot.html)"
85.25.177.139 - - [02/Sep/2022:04:56:29 +0200] "GET /Texte/Gloosse?action=diff&source=y&minor=n HTTP/1.1" 200 9545 "-" "Mozilla/5.0 (Macintosh; Intel Mac OS X 10.15; rv:103.0) Gecko/20100101 Firefox/103.0"
64.64.102.181 - - [02/Sep/2022:04:57:38 +0200] "GET /Texte/ArsAmatoria HTTP/1.1" 200 12369 "-" "Mozilla/5.0 (Windows NT 10.0; WOW64) AppleWebKit/537.36 (KHTML, like Gecko) Chrome/77.0.3865.120 Safari/537.36"
85.25.177.139 - - [02/Sep/2022:04:58:02 +0200] "GET /PodCast/JBJ602?action=diff&source=y&minor=n HTTP/1.1" 200 24304 "-" "Mozilla/5.0 (Macintosh; Intel Mac OS X 10.15; rv:103.0) Gecko/20100101 Firefox/103.0"
216.244.66.243 - - [02/Sep/2022:04:58:21 +0200] "GET /robots.txt HTTP/1.1" 200 - "-" "Mozilla/5.0 (compatible; DotBot/1.2; +https://opensiteexplorer.org/dotbot; help@moz.com)"
85.25.177.139 - - [02/Sep/2022:04:59:29 +0200] "GET /PodCast/JBJ602?action=edit&restore=diff:1421785180:1420301284:&preview=y HTTP/1.1" 200 8656 "-" "Mozilla/5.0 (Macintosh; Intel Mac OS X 10.15; rv:103.0) Gecko/20100101 Firefox/103.0"
66.249.76.241 - - [02/Sep/2022:05:00:04 +0200] "GET /PodCast/IndexPage?action=rss HTTP/1.1" 200 6298 "-" "Mozilla/5.0 (compatible; Googlebot/2.1; +http://www.google.com/bot.html)"
85.25.177.139 - - [02/Sep/2022:05:00:36 +0200] "GET /PodCast/JBJ602?action=edit&restore=diff:1422905672:1421785180:&preview=y HTTP/1.1" 200 8656 "-" "Mozilla/5.0 (Macintosh; Intel Mac OS X 10.15; rv:103.0) Gecko/20100101 Firefox/103.0"
85.25.177.139 - - [02/Sep/2022:05:01:37 +0200] "GET /PodCast/Limerick27?action=upload HTTP/1.1" 200 8566 "-" "Mozilla/5.0 (Macintosh; Intel Mac OS X 10.15; rv:103.0) Gecko/20100101 Firefox/103.0"
85.25.177.139 - - [02/Sep/2022:05:03:01 +0200] "GET /PodCast/Limerick27?action=edit&restore=diff:1401433025:1401432817:&preview=y HTTP/1.1" 200 8712 "-" "Mozilla/5.0 (Macintosh; Intel Mac OS X 10.15; rv:103.0) Gecko/20100101 Firefox/103.0"
85.25.177.139 - - [02/Sep/2022:05:04:05 +0200] "GET /PodCast/Limerick27?action=diff&source=n&minor=y HTTP/1.1" 200 13644 "-" "Mozilla/5.0 (Macintosh; Intel Mac OS X 10.15; rv:103.0) Gecko/20100101 Firefox/103.0"
194.209.200.2 - - [02/Sep/2022:05:04:58 +0200] "GET /robots.txt HTTP/1.1" 200 - "-" "Mozilla/5.0 (compatible; TMMBot/0.2; +http://www.dslab.ch)/Nutch-1.15"
194.209.200.2 - - [02/Sep/2022:05:04:58 +0200] "GET /Texte/Rezension HTTP/1.1" 200 11812 "-" "Mozilla/5.0 (compatible; TMMBot/0.2; +http://www.dslab.ch)/Nutch-1.15"
85.25.177.139 - - [02/Sep/2022:05:05:42 +0200] "GET /PodCast/Limerick27?action=edit&restore=diff:1401433264:1401433074:&preview=y HTTP/1.1" 200 8712 "-" "Mozilla/5.0 (Macintosh; Intel Mac OS X 10.15; rv:103.0) Gecko/20100101 Firefox/103.0"
194.209.200.2 - - [02/Sep/2022:05:06:56 +0200] "GET /Admin/Jahresbericht HTTP/1.1" 200 45530 "-" "Mozilla/5.0 (compatible; TMMBot/0.2; +http://www.dslab.ch)/Nutch-1.15"
85.25.177.139 - - [02/Sep/2022:05:06:57 +0200] "GET /PodCast/Limerick27?action=diff&source=y&minor=n HTTP/1.1" 200 13464 "-" "Mozilla/5.0 (Macintosh; Intel Mac OS X 10.15; rv:103.0) Gecko/20100101 Firefox/103.0"
194.209.200.2 - - [02/Sep/2022:05:07:16 +0200] "GET /Texte/Limericks HTTP/1.1" 200 8087 "-" "Mozilla/5.0 (compatible; TMMBot/0.2; +http://www.dslab.ch)/Nutch-1.15"
194.209.200.2 - - [02/Sep/2022:05:07:20 +0200] "GET /Texte/Schrybwys HTTP/1.1" 200 11028 "-" "Mozilla/5.0 (compatible; TMMBot/0.2; +http://www.dslab.ch)/Nutch-1.15"
194.209.200.2 - - [02/Sep/2022:05:08:06 +0200] "GET /Texte/ArsAmatoria HTTP/1.1" 200 12369 "-" "Mozilla/5.0 (compatible; TMMBot/0.2; +http://www.dslab.ch)/Nutch-1.15"
194.209.200.2 - - [02/Sep/2022:05:08:19 +0200] "GET /Texte/GDicht HTTP/1.1" 200 8050 "-" "Mozilla/5.0 (compatible; TMMBot/0.2; +http://www.dslab.ch)/Nutch-1.15"
85.25.177.139 - - [02/Sep/2022:05:08:25 +0200] "GET /PodCast/Limerick27?action=edit&restore=diff:1401433329:1401433264:&preview=y HTTP/1.1" 200 8712 "-" "Mozilla/5.0 (Macintosh; Intel Mac OS X 10.15; rv:103.0) Gecko/20100101 Firefox/103.0"
85.25.177.139 - - [02/Sep/2022:05:10:07 +0200] "GET /PodCast/Limerick27?action=edit&restore=diff:1401432817:1401432817:&preview=y HTTP/1.1" 200 8712 "-" "Mozilla/5.0 (Macintosh; Intel Mac OS X 10.15; rv:103.0) Gecko/20100101 Firefox/103.0"
85.25.177.139 - - [02/Sep/2022:05:11:38 +0200] "GET /Texte/GDicht?action=diff&source=y&minor=y HTTP/1.1" 200 9534 "-" "Mozilla/5.0 (Macintosh; Intel Mac OS X 10.15; rv:103.0) Gecko/20100101 Firefox/103.0"
85.25.177.139 - - [02/Sep/2022:05:12:43 +0200] "GET /Texte/ArsAmatoria?action=edit&restore=diff:1177684251:1177684026:&preview=y HTTP/1.1" 200 8697 "-" "Mozilla/5.0 (Macintosh; Intel Mac OS X 10.15; rv:103.0) Gecko/20100101 Firefox/103.0"
85.25.177.139 - - [02/Sep/2022:05:14:19 +0200] "GET /Texte/ArsAmatoria?action=edit&restore=diff:1163055471:1163055417:&preview=y HTTP/1.1" 200 8697 "-" "Mozilla/5.0 (Macintosh; Intel Mac OS X 10.15; rv:103.0) Gecko/20100101 Firefox/103.0"
85.25.177.139 - - [02/Sep/2022:05:15:50 +0200] "GET /Texte/ArsAmatoria?action=edit&restore=diff:1163056760:1163056202:&preview=y HTTP/1.1" 200 8697 "-" "Mozilla/5.0 (Macintosh; Intel Mac OS X 10.15; rv:103.0) Gecko/20100101 Firefox/103.0"
85.25.177.139 - - [02/Sep/2022:05:17:10 +0200] "GET /Texte/ArsAmatoria?action=edit&restore=diff:1163055654:1163055578:&preview=y HTTP/1.1" 200 8697 "-" "Mozilla/5.0 (Macintosh; Intel Mac OS X 10.15; rv:103.0) Gecko/20100101 Firefox/103.0"
85.25.177.139 - - [02/Sep/2022:05:18:23 +0200] "GET /Texte/ArsAmatoria?action=diff&source=n&minor=n HTTP/1.1" 200 42478 "-" "Mozilla/5.0 (Macintosh; Intel Mac OS X 10.15; rv:103.0) Gecko/20100101 Firefox/103.0"
62.138.3.52 - - [02/Sep/2022:05:18:38 +0200] "GET /uploads/Texte/speaker.jpg HTTP/1.1" 200 24851 "-" "SEO Scanner/1.2.4 (SEO Crawler; seoscanners.info; info@seoscanners.info)"
216.244.66.243 - - [02/Sep/2022:05:18:47 +0200] "GET /uploads/PodCast/Aafang HTTP/1.1" 200 27593051 "-" "Mozilla/5.0 (compatible; DotBot/1.2; +https://opensiteexplorer.org/dotbot; help@moz.com)"
85.25.177.139 - - [02/Sep/2022:05:20:03 +0200] "GET /Texte/Bitterbeuhsi?action=edit&restore=diff:1163057251:1163038336:&preview=y HTTP/1.1" 200 8709 "-" "Mozilla/5.0 (Macintosh; Intel Mac OS X 10.15; rv:103.0) Gecko/20100101 Firefox/103.0"
85.25.177.139 - - [02/Sep/2022:05:21:09 +0200] "GET /Texte/Bitterbeuhsi?action=diff&source=y&minor=y HTTP/1.1" 200 22494 "-" "Mozilla/5.0 (Macintosh; Intel Mac OS X 10.15; rv:103.0) Gecko/20100101 Firefox/103.0"
168.119.51.163 - - [02/Sep/2022:05:22:08 +0200] "GET /robots.txt HTTP/1.1" 200 - "-" "Mozilla/5.0 (compatible; um-IC/1.0; mailto: techinfo@ubermetrics-technologies.com; Windows NT 6.1; WOW64; rv:40.0) Gecko/20100101 Firefox/40.1"
168.119.51.163 - - [02/Sep/2022:05:22:08 +0200] "GET /PodCast/IndexPage?action=rss HTTP/1.1" 200 6298 "-" "Mozilla/5.0 (compatible; um-IC/1.0; mailto: techinfo@ubermetrics-technologies.com; Windows NT 6.1; WOW64; rv:40.0) Gecko/20100101 Firefox/40.1"
85.25.177.139 - - [02/Sep/2022:05:22:26 +0200] "GET /Texte/Bitterbeuhsi?action=edit&restore=diff:1177686638:1177686513:&preview=y HTTP/1.1" 200 8709 "-" "Mozilla/5.0 (Macintosh; Intel Mac OS X 10.15; rv:103.0) Gecko/20100101 Firefox/103.0"
85.25.177.139 - - [02/Sep/2022:05:23:42 +0200] "GET /Texte/Bitterbeuhsi?action=edit&restore=diff:1177686513:1163119722:&preview=y HTTP/1.1" 200 8709 "-" "Mozilla/5.0 (Macintosh; Intel Mac OS X 10.15; rv:103.0) Gecko/20100101 Firefox/103.0"
85.25.177.139 - - [02/Sep/2022:05:25:07 +0200] "GET /Admin/Pro-ZurituutschStatuten?action=edit&restore=diff:1447605653:1163053511:&preview=y HTTP/1.1" 200 8865 "-" "Mozilla/5.0 (Macintosh; Intel Mac OS X 10.15; rv:103.0) Gecko/20100101 Firefox/103.0"
85.25.177.139 - - [02/Sep/2022:05:26:29 +0200] "GET /Admin/Pro-ZurituutschStatuten?action=diff&source=n&minor=y HTTP/1.1" 200 14728 "-" "Mozilla/5.0 (Macintosh; Intel Mac OS X 10.15; rv:103.0) Gecko/20100101 Firefox/103.0"
85.25.177.139 - - [02/Sep/2022:05:28:00 +0200] "GET /Admin/Pro-ZurituutschStatuten?action=edit&restore=diff:1163053511:1163035856:&preview=y HTTP/1.1" 200 8865 "-" "Mozilla/5.0 (Macintosh; Intel Mac OS X 10.15; rv:103.0) Gecko/20100101 Firefox/103.0"
85.25.177.139 - - [02/Sep/2022:05:29:41 +0200] "GET /Admin/Pro-ZurituutschStatuten?action=edit&restore=diff:1447605697:1447605653:&preview=y HTTP/1.1" 200 8865 "-" "Mozilla/5.0 (Macintosh; Intel Mac OS X 10.15; rv:103.0) Gecko/20100101 Firefox/103.0"
85.25.177.139 - - [02/Sep/2022:05:31:17 +0200] "GET /Admin/Pro-ZurituutschStatuten?action=edit&restore=diff:1163035856:1163035856:&preview=y HTTP/1.1" 200 8865 "-" "Mozilla/5.0 (Macintosh; Intel Mac OS X 10.15; rv:103.0) Gecko/20100101 Firefox/103.0"
85.25.177.139 - - [02/Sep/2022:05:32:52 +0200] "GET /Admin/Pro-ZurituutschStatuten?action=upload HTTP/1.1" 200 8719 "-" "Mozilla/5.0 (Macintosh; Intel Mac OS X 10.15; rv:103.0) Gecko/20100101 Firefox/103.0"
85.25.177.139 - - [02/Sep/2022:05:34:22 +0200] "GET /Hilfe/AnleitungTonbeispiele?action=diff&source=n&minor=n HTTP/1.1" 200 14409 "-" "Mozilla/5.0 (Macintosh; Intel Mac OS X 10.15; rv:103.0) Gecko/20100101 Firefox/103.0"
85.25.177.139 - - [02/Sep/2022:05:35:55 +0200] "GET /Hilfe/Winamp?action=print HTTP/1.1" 200 3553 "-" "Mozilla/5.0 (Macintosh; Intel Mac OS X 10.15; rv:103.0) Gecko/20100101 Firefox/103.0"
85.25.177.139 - - [02/Sep/2022:05:37:06 +0200] "GET /Hilfe/Winamp?action=diff HTTP/1.1" 200 12192 "-" "Mozilla/5.0 (Macintosh; Intel Mac OS X 10.15; rv:103.0) Gecko/20100101 Firefox/103.0"
194.209.200.2 - - [02/Sep/2022:05:38:06 +0200] "GET /robots.txt HTTP/1.1" 200 - "-" "Mozilla/5.0 (compatible; TMMBot/0.2; +http://www.dslab.ch)/Nutch-1.15"
194.209.200.2 - - [02/Sep/2022:05:38:06 +0200] "GET /Texte/Rezension HTTP/1.1" 200 11812 "-" "Mozilla/5.0 (compatible; TMMBot/0.2; +http://www.dslab.ch)/Nutch-1.15"
85.25.177.139 - - [02/Sep/2022:05:38:42 +0200] "GET /Hilfe/Winamp?action=edit HTTP/1.1" 200 8579 "-" "Mozilla/5.0 (Macintosh; Intel Mac OS X 10.15; rv:103.0) Gecko/20100101 Firefox/103.0"
194.209.200.2 - - [02/Sep/2022:05:40:05 +0200] "GET /Admin/Jahresbericht HTTP/1.1" 200 45530 "-" "Mozilla/5.0 (compatible; TMMBot/0.2; +http://www.dslab.ch)/Nutch-1.15"
85.25.177.139 - - [02/Sep/2022:05:40:06 +0200] "GET /PodCast/Chile?action=edit HTTP/1.1" 200 8594 "-" "Mozilla/5.0 (Macintosh; Intel Mac OS X 10.15; rv:103.0) Gecko/20100101 Firefox/103.0"
194.209.200.2 - - [02/Sep/2022:05:40:25 +0200] "GET /Texte/Limericks HTTP/1.1" 200 8087 "-" "Mozilla/5.0 (compatible; TMMBot/0.2; +http://www.dslab.ch)/Nutch-1.15"
194.209.200.2 - - [02/Sep/2022:05:40:30 +0200] "GET /Texte/Schrybwys HTTP/1.1" 200 11028 "-" "Mozilla/5.0 (compatible; TMMBot/0.2; +http://www.dslab.ch)/Nutch-1.15"
194.209.200.2 - - [02/Sep/2022:05:41:15 +0200] "GET /Texte/ArsAmatoria HTTP/1.1" 200 12369 "-" "Mozilla/5.0 (compatible; TMMBot/0.2; +http://www.dslab.ch)/Nutch-1.15"
194.209.200.2 - - [02/Sep/2022:05:41:28 +0200] "GET /Texte/GDicht HTTP/1.1" 200 8050 "-" "Mozilla/5.0 (compatible; TMMBot/0.2; +http://www.dslab.ch)/Nutch-1.15"
85.25.177.139 - - [02/Sep/2022:05:41:48 +0200] "GET /PodCast/Schlaaffloos2?action=print HTTP/1.1" 200 9506 "-" "Mozilla/5.0 (Macintosh; Intel Mac OS X 10.15; rv:103.0) Gecko/20100101 Firefox/103.0"
85.25.177.139 - - [02/Sep/2022:05:43:14 +0200] "GET /PodCast/Liebhaber2?action=edit&restore=diff:1163401335:1163118605:&preview=y HTTP/1.1" 200 8712 "-" "Mozilla/5.0 (Macintosh; Intel Mac OS X 10.15; rv:103.0) Gecko/20100101 Firefox/103.0"
216.244.66.243 - - [02/Sep/2022:05:44:13 +0200] "GET /robots.txt HTTP/1.1" 200 - "-" "Mozilla/5.0 (compatible; DotBot/1.2; +https://opensiteexplorer.org/dotbot; help@moz.com)"
85.25.177.139 - - [02/Sep/2022:05:44:40 +0200] "GET /PodCast/Liebhaber2?action=diff&source=n&minor=y HTTP/1.1" 200 16564 "-" "Mozilla/5.0 (Macintosh; Intel Mac OS X 10.15; rv:103.0) Gecko/20100101 Firefox/103.0"
85.25.177.139 - - [02/Sep/2022:05:46:32 +0200] "GET /PodCast/Liebhaber2?action=diff&source=y&minor=n HTTP/1.1" 200 15928 "-" "Mozilla/5.0 (Macintosh; Intel Mac OS X 10.15; rv:103.0) Gecko/20100101 Firefox/103.0"
85.25.177.139 - - [02/Sep/2022:05:48:16 +0200] "GET /PodCast/Liebhaber2?action=edit&restore=diff:1163064860:1163064860:&preview=y HTTP/1.1" 200 8712 "-" "Mozilla/5.0 (Macintosh; Intel Mac OS X 10.15; rv:103.0) Gecko/20100101 Firefox/103.0"
66.249.76.241 - - [02/Sep/2022:05:49:48 +0200] "GET /PodCast/StroubiZyt2 HTTP/1.1" 200 16782 "-" "Mozilla/5.0 (compatible; Googlebot/2.1; +http://www.google.com/bot.html)"
85.25.177.139 - - [02/Sep/2022:05:50:02 +0200] "GET /PodCast/Chile?action=diff&source=n&minor=y HTTP/1.1" 200 22388 "-" "Mozilla/5.0 (Macintosh; Intel Mac OS X 10.15; rv:103.0) Gecko/20100101 Firefox/103.0"
185.191.171.44 - - [02/Sep/2022:05:50:02 +0200] "GET /robots.txt HTTP/1.1" 200 - "-" "Mozilla/5.0 (compatible; SemrushBot/7~bl; +http://www.semrush.com/bot.html)"
185.191.171.8 - - [02/Sep/2022:05:50:03 +0200] "GET /PmWikiDe/WikiStyleExamples?action=diff HTTP/1.1" 403 18 "-" "Mozilla/5.0 (compatible; SemrushBot/7~bl; +http://www.semrush.com/bot.html)"
85.25.177.139 - - [02/Sep/2022:05:51:42 +0200] "GET /PodCast/Chile?action=edit&restore=diff:1271080063:1271067101:&preview=y HTTP/1.1" 200 8640 "-" "Mozilla/5.0 (Macintosh; Intel Mac OS X 10.15; rv:103.0) Gecko/20100101 Firefox/103.0"
66.249.76.243 - - [02/Sep/2022:05:52:27 +0200] "GET /PodCast/IndexPage?action=rss HTTP/1.1" 200 6298 "-" "Mozilla/5.0 (compatible; Googlebot/2.1; +http://www.google.com/bot.html)"
85.25.177.139 - - [02/Sep/2022:05:53:21 +0200] "GET /PodCast/Chile?action=edit&restore=diff:1271067101:1271067101:&preview=y HTTP/1.1" 200 8640 "-" "Mozilla/5.0 (Macintosh; Intel Mac OS X 10.15; rv:103.0) Gecko/20100101 Firefox/103.0"
85.25.177.139 - - [02/Sep/2022:05:54:44 +0200] "GET /Site/32Meuischtergass?action=print HTTP/1.1" 200 15957 "-" "Mozilla/5.0 (Macintosh; Intel Mac OS X 10.15; rv:103.0) Gecko/20100101 Firefox/103.0"
114.119.141.2 - - [02/Sep/2022:05:55:35 +0200] "GET /PmWiki/PageTextVariables?action=upload HTTP/1.1" 403 18 "http://www.pro-zurituutsch.ch/PmWiki/PageTextVariables?action=diff&source=y&minor=n" "Mozilla/5.0 (Linux; Android 7.0;) AppleWebKit/537.36 (KHTML, like Gecko) Mobile Safari/537.36 (compatible; PetalBot;+https://webmaster.petalsearch.com/site/petalbot)"
185.191.171.3 - - [02/Sep/2022:05:55:39 +0200] "GET /PmWikiVi/TinhNang?action=diff HTTP/1.1" 403 18 "-" "Mozilla/5.0 (compatible; SemrushBot/7~bl; +http://www.semrush.com/bot.html)"
85.25.177.139 - - [02/Sep/2022:05:55:52 +0200] "GET /Site/32Meuischtergass?action=upload HTTP/1.1" 200 8607 "-" "Mozilla/5.0 (Macintosh; Intel Mac OS X 10.15; rv:103.0) Gecko/20100101 Firefox/103.0"
85.25.177.139 - - [02/Sep/2022:05:57:09 +0200] "GET /Site/32Meuischtergass?action=edit HTTP/1.1" 200 8707 "-" "Mozilla/5.0 (Macintosh; Intel Mac OS X 10.15; rv:103.0) Gecko/20100101 Firefox/103.0"
85.25.177.139 - - [02/Sep/2022:05:58:35 +0200] "GET /PodCast/Liebhaber2?action=edit HTTP/1.1" 200 8666 "-" "Mozilla/5.0 (Macintosh; Intel Mac OS X 10.15; rv:103.0) Gecko/20100101 Firefox/103.0"
85.25.177.139 - - [02/Sep/2022:06:00:03 +0200] "GET /Site/123Sitkouscht1482?action=diff HTTP/1.1" 200 20045 "-" "Mozilla/5.0 (Macintosh; Intel Mac OS X 10.15; rv:103.0) Gecko/20100101 Firefox/103.0"
85.25.177.139 - - [02/Sep/2022:06:01:31 +0200] "GET /PodCast/Roman3?action=edit&restore=diff:1179131098:1179131007:&preview=y HTTP/1.1" 200 8656 "-" "Mozilla/5.0 (Macintosh; Intel Mac OS X 10.15; rv:103.0) Gecko/20100101 Firefox/103.0"
85.25.177.139 - - [02/Sep/2022:06:02:56 +0200] "GET /PodCast/Roman3?action=edit&restore=diff:1179130627:1179129722:&preview=y HTTP/1.1" 200 8656 "-" "Mozilla/5.0 (Macintosh; Intel Mac OS X 10.15; rv:103.0) Gecko/20100101 Firefox/103.0"
85.25.177.139 - - [02/Sep/2022:06:04:27 +0200] "GET /PodCast/Roman3?action=edit&restore=diff:1179128932:1179128932:&preview=y HTTP/1.1" 200 8656 "-" "Mozilla/5.0 (Macintosh; Intel Mac OS X 10.15; rv:103.0) Gecko/20100101 Firefox/103.0"
85.25.177.139 - - [02/Sep/2022:06:05:46 +0200] "GET /PodCast/Roman3?action=edit&restore=diff:1179129722:1179128932:&preview=y HTTP/1.1" 200 8656 "-" "Mozilla/5.0 (Macintosh; Intel Mac OS X 10.15; rv:103.0) Gecko/20100101 Firefox/103.0"
216.244.66.243 - - [02/Sep/2022:06:06:30 +0200] "GET /uploads/Podcast/Styluebige.mp3 HTTP/1.1" 200 246292 "-" "Mozilla/5.0 (compatible; DotBot/1.2; +https://opensiteexplorer.org/dotbot; help@moz.com)"
85.25.177.139 - - [02/Sep/2022:06:07:12 +0200] "GET /PodCast/RURAkt2TIl3?action=diff&source=n&minor=y HTTP/1.1" 200 29819 "-" "Mozilla/5.0 (Macintosh; Intel Mac OS X 10.15; rv:103.0) Gecko/20100101 Firefox/103.0"
185.191.171.22 - - [02/Sep/2022:06:07:39 +0200] "GET /PmWikiDe/PmWikiPhilosophy?action=print HTTP/1.1" 403 18 "-" "Mozilla/5.0 (compatible; SemrushBot/7~bl; +http://www.semrush.com/bot.html)"
85.25.177.139 - - [02/Sep/2022:06:08:43 +0200] "GET /PodCast/RURAkt2TIl3?action=edit&restore=diff:1375287056:1375286776:&preview=y HTTP/1.1" 200 8734 "-" "Mozilla/5.0 (Macintosh; Intel Mac OS X 10.15; rv:103.0) Gecko/20100101 Firefox/103.0"
85.25.177.139 - - [02/Sep/2022:06:10:07 +0200] "GET /PodCast/RURAkt2TIl3?action=edit&restore=diff:1376766357:1376763787:&preview=y HTTP/1.1" 200 8734 "-" "Mozilla/5.0 (Macintosh; Intel Mac OS X 10.15; rv:103.0) Gecko/20100101 Firefox/103.0"
194.209.200.2 - - [02/Sep/2022:06:10:08 +0200] "GET /robots.txt HTTP/1.1" 200 - "-" "Mozilla/5.0 (compatible; TMMBot/0.2; +http://www.dslab.ch)/Nutch-1.15"
194.209.200.2 - - [02/Sep/2022:06:10:08 +0200] "GET /Texte/Rezension HTTP/1.1" 200 11812 "-" "Mozilla/5.0 (compatible; TMMBot/0.2; +http://www.dslab.ch)/Nutch-1.15"
85.25.177.139 - - [02/Sep/2022:06:11:27 +0200] "GET /PodCast/RURAkt2TIl3?action=edit&restore=diff:1375287141:1375287056:&preview=y HTTP/1.1" 200 8734 "-" "Mozilla/5.0 (Macintosh; Intel Mac OS X 10.15; rv:103.0) Gecko/20100101 Firefox/103.0"
194.209.200.2 - - [02/Sep/2022:06:12:24 +0200] "GET /Admin/Jahresbericht HTTP/1.1" 200 45530 "-" "Mozilla/5.0 (compatible; TMMBot/0.2; +http://www.dslab.ch)/Nutch-1.15"
194.209.200.2 - - [02/Sep/2022:06:12:46 +0200] "GET /Texte/Limericks HTTP/1.1" 200 8087 "-" "Mozilla/5.0 (compatible; TMMBot/0.2; +http://www.dslab.ch)/Nutch-1.15"
194.209.200.2 - - [02/Sep/2022:06:12:50 +0200] "GET /Texte/Schrybwys HTTP/1.1" 200 11028 "-" "Mozilla/5.0 (compatible; TMMBot/0.2; +http://www.dslab.ch)/Nutch-1.15"
85.25.177.139 - - [02/Sep/2022:06:13:15 +0200] "GET /Texte/Metamorphoses?action=edit&restore=diff:1163056267:1163053049:&preview=y HTTP/1.1" 200 8723 "-" "Mozilla/5.0 (Macintosh; Intel Mac OS X 10.15; rv:103.0) Gecko/20100101 Firefox/103.0"
194.209.200.2 - - [02/Sep/2022:06:13:45 +0200] "GET /Texte/ArsAmatoria HTTP/1.1" 200 12369 "-" "Mozilla/5.0 (compatible; TMMBot/0.2; +http://www.dslab.ch)/Nutch-1.15"
85.25.177.139 - - [02/Sep/2022:06:14:49 +0200] "GET /Texte/Metamorphoses?action=edit&restore=diff:1163052941:1163052941:&preview=y HTTP/1.1" 200 8723 "-" "Mozilla/5.0 (Macintosh; Intel Mac OS X 10.15; rv:103.0) Gecko/20100101 Firefox/103.0"
194.209.200.2 - - [02/Sep/2022:06:14:49 +0200] "GET /Texte/Metamorphoses HTTP/1.1" 200 9045 "-" "Mozilla/5.0 (compatible; TMMBot/0.2; +http://www.dslab.ch)/Nutch-1.15"
85.25.177.139 - - [02/Sep/2022:06:16:05 +0200] "GET /Texte/Metamorphoses?action=edit&restore=diff:1591952758:1177682932:&preview=y HTTP/1.1" 200 8723 "-" "Mozilla/5.0 (Macintosh; Intel Mac OS X 10.15; rv:103.0) Gecko/20100101 Firefox/103.0"
85.25.177.139 - - [02/Sep/2022:06:17:19 +0200] "GET /Texte/Metamorphoses?action=edit&restore=diff:1163053049:1163052973:&preview=y HTTP/1.1" 200 8723 "-" "Mozilla/5.0 (Macintosh; Intel Mac OS X 10.15; rv:103.0) Gecko/20100101 Firefox/103.0"
85.25.177.139 - - [02/Sep/2022:06:18:45 +0200] "GET /Texte/Metamorphoses?action=edit&restore=diff:1177682423:1177682281:&preview=y HTTP/1.1" 200 8723 "-" "Mozilla/5.0 (Macintosh; Intel Mac OS X 10.15; rv:103.0) Gecko/20100101 Firefox/103.0"
85.25.177.139 - - [02/Sep/2022:06:19:57 +0200] "GET /Texte/Metamorphoses?action=edit&restore=diff:1177682622:1177682423:&preview=y HTTP/1.1" 200 8723 "-" "Mozilla/5.0 (Macintosh; Intel Mac OS X 10.15; rv:103.0) Gecko/20100101 Firefox/103.0"
85.25.177.139 - - [02/Sep/2022:06:21:20 +0200] "GET /Texte/Metamorphoses?action=edit&restore=diff:1163052973:1163052961:&preview=y HTTP/1.1" 200 8723 "-" "Mozilla/5.0 (Macintosh; Intel Mac OS X 10.15; rv:103.0) Gecko/20100101 Firefox/103.0"
185.191.171.34 - - [02/Sep/2022:06:21:27 +0200] "GET /PmWiki/Troubleshooting HTTP/1.1" 200 29681 "-" "Mozilla/5.0 (compatible; SemrushBot/7~bl; +http://www.semrush.com/bot.html)"
85.25.177.139 - - [02/Sep/2022:06:22:39 +0200] "GET /Admin HTTP/1.1" 404 8123 "-" "Mozilla/5.0 (Macintosh; Intel Mac OS X 10.15; rv:103.0) Gecko/20100101 Firefox/103.0"
85.25.177.139 - - [02/Sep/2022:06:24:02 +0200] "GET /Texte/Limericks?action=edit&restore=diff:1357847046:1357847046:&preview=y HTTP/1.1" 200 8667 "-" "Mozilla/5.0 (Macintosh; Intel Mac OS X 10.15; rv:103.0) Gecko/20100101 Firefox/103.0"
85.25.177.139 - - [02/Sep/2022:06:25:05 +0200] "GET /Texte/Limericks?action=diff&source=y&minor=n HTTP/1.1" 200 9579 "-" "Mozilla/5.0 (Macintosh; Intel Mac OS X 10.15; rv:103.0) Gecko/20100101 Firefox/103.0"
85.25.177.139 - - [02/Sep/2022:06:26:28 +0200] "GET /Texte/Limericks?action=diff&source=n&minor=y HTTP/1.1" 200 9589 "-" "Mozilla/5.0 (Macintosh; Intel Mac OS X 10.15; rv:103.0) Gecko/20100101 Firefox/103.0"
85.25.177.139 - - [02/Sep/2022:06:28:10 +0200] "GET /Admin/AdresseStiftung?action=edit&restore=diff:1416758598:1185288593:&preview=y HTTP/1.1" 200 8753 "-" "Mozilla/5.0 (Macintosh; Intel Mac OS X 10.15; rv:103.0) Gecko/20100101 Firefox/103.0"
85.25.177.139 - - [02/Sep/2022:06:29:50 +0200] "GET /Admin/AdresseStiftung?action=edit&restore=diff:1164358462:1163035896:&preview=y HTTP/1.1" 200 8753 "-" "Mozilla/5.0 (Macintosh; Intel Mac OS X 10.15; rv:103.0) Gecko/20100101 Firefox/103.0"
85.25.177.139 - - [02/Sep/2022:06:31:23 +0200] "GET /Admin/AdresseStiftung?action=diff&source=n&minor=y HTTP/1.1" 200 16522 "-" "Mozilla/5.0 (Macintosh; Intel Mac OS X 10.15; rv:103.0) Gecko/20100101 Firefox/103.0"
85.25.177.139 - - [02/Sep/2022:06:32:49 +0200] "GET /Admin/AdresseStiftung?action=diff&source=y&minor=n HTTP/1.1" 200 13475 "-" "Mozilla/5.0 (Macintosh; Intel Mac OS X 10.15; rv:103.0) Gecko/20100101 Firefox/103.0"
85.25.177.139 - - [02/Sep/2022:06:34:17 +0200] "GET /Admin/AdresseStiftung?action=edit&restore=diff:1619700437:1591952905:&preview=y HTTP/1.1" 200 8753 "-" "Mozilla/5.0 (Macintosh; Intel Mac OS X 10.15; rv:103.0) Gecko/20100101 Firefox/103.0"
85.25.177.139 - - [02/Sep/2022:06:35:37 +0200] "GET /Admin/AdresseStiftung?action=edit&restore=diff:1591952905:1416758598:&preview=y HTTP/1.1" 200 8753 "-" "Mozilla/5.0 (Macintosh; Intel Mac OS X 10.15; rv:103.0) Gecko/20100101 Firefox/103.0"
54.234.118.247 - - [02/Sep/2022:06:36:30 +0200] "GET /PodCast/IndexPage?action=rss HTTP/1.1" 200 6298 "-" "PlayerFM/1.0 Podcast Sync (1 subscribers; url=https://player.fm/series/podcast-2872909)"
85.25.177.139 - - [02/Sep/2022:06:37:10 +0200] "GET /Admin/AdresseStiftung?action=edit&restore=diff:1163035896:1163035896:&preview=y HTTP/1.1" 200 8753 "-" "Mozilla/5.0 (Macintosh; Intel Mac OS X 10.15; rv:103.0) Gecko/20100101 Firefox/103.0"
85.25.177.139 - - [02/Sep/2022:06:38:29 +0200] "GET /Admin/AdresseStiftung?action=edit&restore=diff:1185288593:1185288494:minor&preview=y HTTP/1.1" 200 8758 "-" "Mozilla/5.0 (Macintosh; Intel Mac OS X 10.15; rv:103.0) Gecko/20100101 Firefox/103.0"
85.25.177.139 - - [02/Sep/2022:06:39:50 +0200] "GET /Admin/AdresseStiftung?action=edit&restore=diff:1185288494:1185288414:minor&preview=y HTTP/1.1" 200 8758 "-" "Mozilla/5.0 (Macintosh; Intel Mac OS X 10.15; rv:103.0) Gecko/20100101 Firefox/103.0"
85.25.177.139 - - [02/Sep/2022:06:41:03 +0200] "GET /Texte/Rezension?action=edit&restore=diff:1230138295:1178907025:&preview=y HTTP/1.1" 200 8667 "-" "Mozilla/5.0 (Macintosh; Intel Mac OS X 10.15; rv:103.0) Gecko/20100101 Firefox/103.0"
85.25.177.139 - - [02/Sep/2022:06:42:38 +0200] "GET /Texte/Rezension?action=diff&source=y&minor=n HTTP/1.1" 200 19658 "-" "Mozilla/5.0 (Macintosh; Intel Mac OS X 10.15; rv:103.0) Gecko/20100101 Firefox/103.0"
216.244.66.243 - - [02/Sep/2022:06:43:54 +0200] "GET /robots.txt HTTP/1.1" 200 - "-" "Mozilla/5.0 (compatible; DotBot/1.2; +https://opensiteexplorer.org/dotbot; help@moz.com)"
85.25.177.139 - - [02/Sep/2022:06:44:03 +0200] "GET /Texte/Rezension?action=edit&restore=diff:1177686993:1163056397:&preview=y HTTP/1.1" 200 8667 "-" "Mozilla/5.0 (Macintosh; Intel Mac OS X 10.15; rv:103.0) Gecko/20100101 Firefox/103.0"
194.209.200.2 - - [02/Sep/2022:06:44:51 +0200] "GET /robots.txt HTTP/1.1" 200 - "-" "Mozilla/5.0 (compatible; TMMBot/0.2; +http://www.dslab.ch)/Nutch-1.15"
194.209.200.2 - - [02/Sep/2022:06:44:51 +0200] "GET /Texte/Rezension HTTP/1.1" 200 11812 "-" "Mozilla/5.0 (compatible; TMMBot/0.2; +http://www.dslab.ch)/Nutch-1.15"
62.210.215.119 - - [02/Sep/2022:06:45:13 +0200] "GET /PodCast/IndexPage?action=rss HTTP/1.1" 200 6298 "-" "Mozilla/5.0 (X11; Linux i686) AppleWebKit/537.36 (KHTML, like Gecko) Chrome/30.0.1599.66 Safari/537.36"
85.25.177.139 - - [02/Sep/2022:06:45:49 +0200] "GET /Texte/Rezension?action=edit&restore=diff:1591952779:1230138295:&preview=y HTTP/1.1" 200 8667 "-" "Mozilla/5.0 (Macintosh; Intel Mac OS X 10.15; rv:103.0) Gecko/20100101 Firefox/103.0"
194.209.200.2 - - [02/Sep/2022:06:46:42 +0200] "GET /Admin/Jahresbericht HTTP/1.1" 200 45530 "-" "Mozilla/5.0 (compatible; TMMBot/0.2; +http://www.dslab.ch)/Nutch-1.15"
194.209.200.2 - - [02/Sep/2022:06:47:02 +0200] "GET /Texte/Limericks HTTP/1.1" 200 8087 "-" "Mozilla/5.0 (compatible; TMMBot/0.2; +http://www.dslab.ch)/Nutch-1.15"
194.209.200.2 - - [02/Sep/2022:06:47:06 +0200] "GET /Texte/Schrybwys HTTP/1.1" 200 11028 "-" "Mozilla/5.0 (compatible; TMMBot/0.2; +http://www.dslab.ch)/Nutch-1.15"
85.25.177.139 - - [02/Sep/2022:06:47:22 +0200] "GET /PodCast/Buecherbrand?action=upload HTTP/1.1" 200 8592 "-" "Mozilla/5.0 (Macintosh; Intel Mac OS X 10.15; rv:103.0) Gecko/20100101 Firefox/103.0"
194.209.200.2 - - [02/Sep/2022:06:48:02 +0200] "GET /Texte/GDicht HTTP/1.1" 200 8050 "-" "Mozilla/5.0 (compatible; TMMBot/0.2; +http://www.dslab.ch)/Nutch-1.15"
85.25.177.139 - - [02/Sep/2022:06:48:42 +0200] "GET /PodCast/Buecherbrand?action=print HTTP/1.1" 200 11037 "-" "Mozilla/5.0 (Macintosh; Intel Mac OS X 10.15; rv:103.0) Gecko/20100101 Firefox/103.0"
85.25.177.139 - - [02/Sep/2022:06:50:07 +0200] "GET /PodCast/Buecherbrand?action=edit HTTP/1.1" 200 8692 "-" "Mozilla/5.0 (Macintosh; Intel Mac OS X 10.15; rv:103.0) Gecko/20100101 Firefox/103.0"
85.25.177.139 - - [02/Sep/2022:06:51:30 +0200] "GET /Site/62Mulhouse1468?action=diff HTTP/1.1" 200 20994 "-" "Mozilla/5.0 (Macintosh; Intel Mac OS X 10.15; rv:103.0) Gecko/20100101 Firefox/103.0"
54.36.148.72 - - [02/Sep/2022:06:52:06 +0200] "GET /PmWikiPo HTTP/1.1" 302 169 "-" "Mozilla/5.0 (compatible; AhrefsBot/7.0; +http://ahrefs.com/robot/)"
54.36.149.0 - - [02/Sep/2022:06:52:28 +0200] "GET /Main/Home HTTP/1.1" 200 15085 "-" "Mozilla/5.0 (compatible; AhrefsBot/7.0; +http://ahrefs.com/robot/)"
85.25.177.139 - - [02/Sep/2022:06:53:01 +0200] "GET /Site/62Mulhouse1468?action=print HTTP/1.1" 200 10361 "-" "Mozilla/5.0 (Macintosh; Intel Mac OS X 10.15; rv:103.0) Gecko/20100101 Firefox/103.0"
85.25.177.139 - - [02/Sep/2022:06:54:33 +0200] "GET /Site/62Mulhouse1468?action=edit HTTP/1.1" 200 8681 "-" "Mozilla/5.0 (Macintosh; Intel Mac OS X 10.15; rv:103.0) Gecko/20100101 Firefox/103.0"
85.25.177.139 - - [02/Sep/2022:06:56:18 +0200] "GET /Site/62Mulhouse1468?action=upload HTTP/1.1" 200 8581 "-" "Mozilla/5.0 (Macintosh; Intel Mac OS X 10.15; rv:103.0) Gecko/20100101 Firefox/103.0"
66.249.76.243 - - [02/Sep/2022:06:57:26 +0200] "GET /PodCast/IndexPage?action=rss HTTP/1.1" 200 6298 "-" "Mozilla/5.0 (compatible; Googlebot/2.1; +http://www.google.com/bot.html)"
85.25.177.139 - - [02/Sep/2022:06:58:13 +0200] "GET /PodCast/RURAkt1TIl5?action=edit&restore=diff:1371287697:1371287697:&preview=y HTTP/1.1" 200 8734 "-" "Mozilla/5.0 (Macintosh; Intel Mac OS X 10.15; rv:103.0) Gecko/20100101 Firefox/103.0"
54.36.149.38 - - [02/Sep/2022:06:58:41 +0200] "GET /Texte/Rezension HTTP/1.1" 200 11812 "-" "Mozilla/5.0 (compatible; AhrefsBot/7.0; +http://ahrefs.com/robot/)"
85.25.177.139 - - [02/Sep/2022:06:59:33 +0200] "GET /Hilfe/Quicktime?action=upload HTTP/1.1" 200 8521 "-" "Mozilla/5.0 (Macintosh; Intel Mac OS X 10.15; rv:103.0) Gecko/20100101 Firefox/103.0"
85.25.177.139 - - [02/Sep/2022:07:00:30 +0200] "GET /Hilfe/Quicktime?action=print HTTP/1.1" 200 3312 "-" "Mozilla/5.0 (Macintosh; Intel Mac OS X 10.15; rv:103.0) Gecko/20100101 Firefox/103.0"
54.36.148.129 - - [02/Sep/2022:07:01:45 +0200] "GET /Gast/Podcast HTTP/1.1" 200 8106 "-" "Mozilla/5.0 (compatible; AhrefsBot/7.0; +http://ahrefs.com/robot/)"
85.25.177.139 - - [02/Sep/2022:07:01:58 +0200] "GET /Hilfe/Quicktime?action=diff HTTP/1.1" 200 11115 "-" "Mozilla/5.0 (Macintosh; Intel Mac OS X 10.15; rv:103.0) Gecko/20100101 Firefox/103.0"
85.25.177.139 - - [02/Sep/2022:07:03:26 +0200] "GET /Hilfe/Quicktime?action=edit HTTP/1.1" 200 8621 "-" "Mozilla/5.0 (Macintosh; Intel Mac OS X 10.15; rv:103.0) Gecko/20100101 Firefox/103.0"
85.25.177.139 - - [02/Sep/2022:07:05:01 +0200] "GET /Texte/Schrybwys?action=edit&restore=diff:1591952703:1178724381:&preview=y HTTP/1.1" 200 8667 "-" "Mozilla/5.0 (Macintosh; Intel Mac OS X 10.15; rv:103.0) Gecko/20100101 Firefox/103.0"
54.36.149.29 - - [02/Sep/2022:07:05:18 +0200] "GET /Texte/ZurcherischEnglish HTTP/1.1" 200 8274 "-" "Mozilla/5.0 (compatible; AhrefsBot/7.0; +http://ahrefs.com/robot/)"
216.244.66.243 - - [02/Sep/2022:07:05:14 +0200] "GET /uploads/PodCast/Apschlouss.mp3 HTTP/1.1" 200 26284838 "-" "Mozilla/5.0 (compatible; DotBot/1.2; +https://opensiteexplorer.org/dotbot; help@moz.com)"
85.25.177.139 - - [02/Sep/2022:07:06:24 +0200] "GET /Texte/Schrybwys?action=edit&restore=diff:1163036745:1163036745:&preview=y HTTP/1.1" 200 8667 "-" "Mozilla/5.0 (Macintosh; Intel Mac OS X 10.15; rv:103.0) Gecko/20100101 Firefox/103.0"
85.25.177.139 - - [02/Sep/2022:07:07:47 +0200] "GET /Texte/Schrybwys?action=edit&restore=diff:1163036782:1163036745:&preview=y HTTP/1.1" 200 8667 "-" "Mozilla/5.0 (Macintosh; Intel Mac OS X 10.15; rv:103.0) Gecko/20100101 Firefox/103.0"
85.25.177.139 - - [02/Sep/2022:07:09:00 +0200] "GET /Texte/Schrybwys?action=edit&restore=diff:1163037163:1163036928:&preview=y HTTP/1.1" 200 8667 "-" "Mozilla/5.0 (Macintosh; Intel Mac OS X 10.15; rv:103.0) Gecko/20100101 Firefox/103.0"
85.25.177.139 - - [02/Sep/2022:07:10:22 +0200] "GET /Texte/Schrybwys?action=edit&restore=diff:1178724339:1178724179:&preview=y HTTP/1.1" 200 8667 "-" "Mozilla/5.0 (Macintosh; Intel Mac OS X 10.15; rv:103.0) Gecko/20100101 Firefox/103.0"
85.25.177.139 - - [02/Sep/2022:07:11:44 +0200] "GET /Admin/ZurStiftung?action=edit HTTP/1.1" 200 8651 "-" "Mozilla/5.0 (Macintosh; Intel Mac OS X 10.15; rv:103.0) Gecko/20100101 Firefox/103.0"
85.25.177.139 - - [02/Sep/2022:07:13:12 +0200] "GET /Admin/ZurStiftung?action=upload HTTP/1.1" 200 8551 "-" "Mozilla/5.0 (Macintosh; Intel Mac OS X 10.15; rv:103.0) Gecko/20100101 Firefox/103.0"
85.25.177.139 - - [02/Sep/2022:07:14:46 +0200] "GET /Admin/ZurStiftung?action=diff HTTP/1.1" 200 35297 "-" "Mozilla/5.0 (Macintosh; Intel Mac OS X 10.15; rv:103.0) Gecko/20100101 Firefox/103.0"
85.25.177.139 - - [02/Sep/2022:07:16:11 +0200] "GET /Admin/ZurStiftung?action=print HTTP/1.1" 200 5103 "-" "Mozilla/5.0 (Macintosh; Intel Mac OS X 10.15; rv:103.0) Gecko/20100101 Firefox/103.0"
85.25.177.139 - - [02/Sep/2022:07:17:30 +0200] "GET /PodCast/Schlaaffloos2?action=edit&restore=diff:1321545845:1321545742:&preview=y HTTP/1.1" 200 8754 "-" "Mozilla/5.0 (Macintosh; Intel Mac OS X 10.15; rv:103.0) Gecko/20100101 Firefox/103.0"
194.209.200.2 - - [02/Sep/2022:07:18:25 +0200] "GET /robots.txt HTTP/1.1" 200 - "-" "Mozilla/5.0 (compatible; TMMBot/0.2; +http://www.dslab.ch)/Nutch-1.15"
194.209.200.2 - - [02/Sep/2022:07:18:25 +0200] "GET /Texte/Rezension HTTP/1.1" 200 11812 "-" "Mozilla/5.0 (compatible; TMMBot/0.2; +http://www.dslab.ch)/Nutch-1.15"
194.38.20.161 - - [02/Sep/2022:07:18:28 +0200] "GET /plugins/file-uploader/server/php/index.php?file=tf2rghf.jpg HTTP/1.1" 404 308 "-" "ALittle Client"
85.25.177.139 - - [02/Sep/2022:07:19:08 +0200] "GET /PodCast/Schlaaffloos2?action=edit&restore=diff:1321545363:1321545363:&preview=y HTTP/1.1" 200 8754 "-" "Mozilla/5.0 (Macintosh; Intel Mac OS X 10.15; rv:103.0) Gecko/20100101 Firefox/103.0"
85.25.177.139 - - [02/Sep/2022:07:20:15 +0200] "GET /PodCast/Schlaaffloos2?action=diff&source=y&minor=n HTTP/1.1" 200 18816 "-" "Mozilla/5.0 (Macintosh; Intel Mac OS X 10.15; rv:103.0) Gecko/20100101 Firefox/103.0"
194.209.200.2 - - [02/Sep/2022:07:20:33 +0200] "GET /Admin/Jahresbericht HTTP/1.1" 200 45530 "-" "Mozilla/5.0 (compatible; TMMBot/0.2; +http://www.dslab.ch)/Nutch-1.15"
194.209.200.2 - - [02/Sep/2022:07:20:55 +0200] "GET /Texte/Limericks HTTP/1.1" 200 8087 "-" "Mozilla/5.0 (compatible; TMMBot/0.2; +http://www.dslab.ch)/Nutch-1.15"
194.209.200.2 - - [02/Sep/2022:07:20:59 +0200] "GET /Texte/Schrybwys HTTP/1.1" 200 11028 "-" "Mozilla/5.0 (compatible; TMMBot/0.2; +http://www.dslab.ch)/Nutch-1.15"
185.191.171.4 - - [02/Sep/2022:07:21:08 +0200] "GET /robots.txt HTTP/1.1" 200 - "-" "Mozilla/5.0 (compatible; SemrushBot/7~bl; +http://www.semrush.com/bot.html)"
185.191.171.40 - - [02/Sep/2022:07:21:08 +0200] "GET /PmWikiDe/CustomWikiStyles?action=edit HTTP/1.1" 404 18 "-" "Mozilla/5.0 (compatible; SemrushBot/7~bl; +http://www.semrush.com/bot.html)"
85.25.177.139 - - [02/Sep/2022:07:21:25 +0200] "GET /PodCast/Schlaaffloos2?action=diff&source=n&minor=y HTTP/1.1" 200 19134 "-" "Mozilla/5.0 (Macintosh; Intel Mac OS X 10.15; rv:103.0) Gecko/20100101 Firefox/103.0"
194.209.200.2 - - [02/Sep/2022:07:22:01 +0200] "GET /Texte/GDicht HTTP/1.1" 200 8050 "-" "Mozilla/5.0 (compatible; TMMBot/0.2; +http://www.dslab.ch)/Nutch-1.15"
85.25.177.139 - - [02/Sep/2022:07:22:59 +0200] "GET /PodCast/Schlaaffloos2?action=edit&restore=diff:1321545742:1321545480:&preview=y HTTP/1.1" 200 8754 "-" "Mozilla/5.0 (Macintosh; Intel Mac OS X 10.15; rv:103.0) Gecko/20100101 Firefox/103.0"
85.25.177.139 - - [02/Sep/2022:07:24:45 +0200] "GET /PodCast/Schlaaffloos2?action=edit&restore=diff:1321545480:1321545363:&preview=y HTTP/1.1" 200 8754 "-" "Mozilla/5.0 (Macintosh; Intel Mac OS X 10.15; rv:103.0) Gecko/20100101 Firefox/103.0"
185.191.171.14 - - [02/Sep/2022:07:25:41 +0200] "GET /Hilfe/AnleitungTonbeispiele HTTP/1.1" 200 9878 "-" "Mozilla/5.0 (compatible; SemrushBot/7~bl; +http://www.semrush.com/bot.html)"
85.25.177.139 - - [02/Sep/2022:07:26:12 +0200] "GET /PodCast/JBJ302?action=diff&source=n&minor=y HTTP/1.1" 200 19112 "-" "Mozilla/5.0 (Macintosh; Intel Mac OS X 10.15; rv:103.0) Gecko/20100101 Firefox/103.0"
85.25.177.139 - - [02/Sep/2022:07:27:40 +0200] "GET /PodCast/JBJ302?action=edit&restore=diff:1406908280:1406908187:&preview=y HTTP/1.1" 200 8656 "-" "Mozilla/5.0 (Macintosh; Intel Mac OS X 10.15; rv:103.0) Gecko/20100101 Firefox/103.0"
85.25.177.139 - - [02/Sep/2022:07:28:59 +0200] "GET /PodCast/JBJ302?action=edit&restore=diff:1409496383:1406908280:&preview=y HTTP/1.1" 200 8656 "-" "Mozilla/5.0 (Macintosh; Intel Mac OS X 10.15; rv:103.0) Gecko/20100101 Firefox/103.0"
85.25.177.139 - - [02/Sep/2022:07:30:41 +0200] "GET /Site/191Houhsraech1509?action=upload HTTP/1.1" 200 8623 "-" "Mozilla/5.0 (Macintosh; Intel Mac OS X 10.15; rv:103.0) Gecko/20100101 Firefox/103.0"
85.25.177.139 - - [02/Sep/2022:07:31:36 +0200] "GET /Hilfe/Passwort?action=upload HTTP/1.1" 200 8507 "-" "Mozilla/5.0 (Macintosh; Intel Mac OS X 10.15; rv:103.0) Gecko/20100101 Firefox/103.0"
85.25.177.139 - - [02/Sep/2022:07:33:01 +0200] "GET /PodCast/RootiLinje?action=edit&restore=diff:1379531017:1379530928:&preview=y HTTP/1.1" 200 8712 "-" "Mozilla/5.0 (Macintosh; Intel Mac OS X 10.15; rv:103.0) Gecko/20100101 Firefox/103.0"
85.25.177.139 - - [02/Sep/2022:07:33:25 +0200] "GET /PodCast/SprProfSchwzTggs?action=edit&restore=diff:1457453853:1457453748:&preview=y HTTP/1.1" 200 8800 "-" "Mozilla/5.0 (Macintosh; Intel Mac OS X 10.15; rv:103.0) Gecko/20100101 Firefox/103.0"
85.25.177.139 - - [02/Sep/2022:07:34:23 +0200] "GET /PodCast/RootiLinje?action=diff&source=y&minor=n HTTP/1.1" 200 21331 "-" "Mozilla/5.0 (Macintosh; Intel Mac OS X 10.15; rv:103.0) Gecko/20100101 Firefox/103.0"
85.25.177.139 - - [02/Sep/2022:07:35:35 +0200] "GET /PodCast/SprProfSchwzTggs?action=diff&source=n&minor=n HTTP/1.1" 200 26537 "-" "Mozilla/5.0 (Macintosh; Intel Mac OS X 10.15; rv:103.0) Gecko/20100101 Firefox/103.0"
85.25.177.139 - - [02/Sep/2022:07:36:13 +0200] "GET /PodCast/RootiLinje?action=edit&restore=diff:1379530928:1379530787:&preview=y HTTP/1.1" 200 8712 "-" "Mozilla/5.0 (Macintosh; Intel Mac OS X 10.15; rv:103.0) Gecko/20100101 Firefox/103.0"
85.25.177.139 - - [02/Sep/2022:07:36:43 +0200] "GET /PodCast/SprProfSchwzTggs?action=edit&restore=diff:1461166938:1457542035:&preview=y HTTP/1.1" 200 8800 "-" "Mozilla/5.0 (Macintosh; Intel Mac OS X 10.15; rv:103.0) Gecko/20100101 Firefox/103.0"
85.25.177.139 - - [02/Sep/2022:07:37:43 +0200] "GET /PodCast/RootiLinje?action=edit&restore=diff:1379530787:1379530787:&preview=y HTTP/1.1" 200 8712 "-" "Mozilla/5.0 (Macintosh; Intel Mac OS X 10.15; rv:103.0) Gecko/20100101 Firefox/103.0"
85.25.177.139 - - [02/Sep/2022:07:38:51 +0200] "GET /robots.txt HTTP/1.1" 200 - "-" "Mozilla/5.0 (Macintosh; Intel Mac OS X 10.15; rv:103.0) Gecko/20100101 Firefox/103.0"
85.25.177.139 - - [02/Sep/2022:07:38:51 +0200] "GET /PodCast/DreiChunge?action=diff&source=y&minor=y HTTP/1.1" 200 12792 "-" "Mozilla/5.0 (Macintosh; Intel Mac OS X 10.15; rv:103.0) Gecko/20100101 Firefox/103.0"
85.25.177.139 - - [02/Sep/2022:07:39:11 +0200] "GET /PodCast/SprProfSchwzTggs?action=edit&restore=diff:1457453748:1457453686:&preview=y HTTP/1.1" 200 8800 "-" "Mozilla/5.0 (Macintosh; Intel Mac OS X 10.15; rv:103.0) Gecko/20100101 Firefox/103.0"
185.191.171.12 - - [02/Sep/2022:07:39:24 +0200] "GET /PmWikiRu/A?action=search&fmt=title&q=link%3DPmWikiRu.GroupHeader HTTP/1.1" 404 18 "-" "Mozilla/5.0 (compatible; SemrushBot/7~bl; +http://www.semrush.com/bot.html)"
85.25.177.139 - - [02/Sep/2022:07:39:32 +0200] "GET /Texte/ZurcherischEnglish?action=diff&source=n&minor=n HTTP/1.1" 200 9903 "-" "Mozilla/5.0 (Macintosh; Intel Mac OS X 10.15; rv:103.0) Gecko/20100101 Firefox/103.0"
185.191.171.11 - - [02/Sep/2022:07:39:41 +0200] "GET /PmWikiNl/PmWikiNl HTTP/1.1" 200 9623 "-" "Mozilla/5.0 (compatible; SemrushBot/7~bl; +http://www.semrush.com/bot.html)"
85.25.177.139 - - [02/Sep/2022:07:40:10 +0200] "GET /Texte/ZurcherischEnglish?action=diff&source=y&minor=y HTTP/1.1" 200 9927 "-" "Mozilla/5.0 (Macintosh; Intel Mac OS X 10.15; rv:103.0) Gecko/20100101 Firefox/103.0"
85.25.177.139 - - [02/Sep/2022:07:40:40 +0200] "GET /PodCast/DreiChunge?action=edit&restore=diff:1388998711:1388998711:&preview=y HTTP/1.1" 200 8712 "-" "Mozilla/5.0 (Macintosh; Intel Mac OS X 10.15; rv:103.0) Gecko/20100101 Firefox/103.0"
85.25.177.139 - - [02/Sep/2022:07:41:11 +0200] "GET /PodCast/DreiChunge?action=diff&source=n&minor=n HTTP/1.1" 200 12789 "-" "Mozilla/5.0 (Macintosh; Intel Mac OS X 10.15; rv:103.0) Gecko/20100101 Firefox/103.0"
85.25.177.139 - - [02/Sep/2022:07:41:36 +0200] "GET /PodCast/RURAkt1TIl5?action=edit&restore=diff:1372238609:1371288419:&preview=y HTTP/1.1" 200 8734 "-" "Mozilla/5.0 (Macintosh; Intel Mac OS X 10.15; rv:103.0) Gecko/20100101 Firefox/103.0"
85.25.177.139 - - [02/Sep/2022:07:42:05 +0200] "GET /Site/191Houhsraech1509?action=diff&source=y&minor=y HTTP/1.1" 200 37538 "-" "Mozilla/5.0 (Macintosh; Intel Mac OS X 10.15; rv:103.0) Gecko/20100101 Firefox/103.0"
85.25.177.139 - - [02/Sep/2022:07:42:26 +0200] "GET /Hilfe/RealOne?action=diff HTTP/1.1" 200 16372 "-" "Mozilla/5.0 (Macintosh; Intel Mac OS X 10.15; rv:103.0) Gecko/20100101 Firefox/103.0"
85.25.177.139 - - [02/Sep/2022:07:42:58 +0200] "GET /Site/191Houhsraech1509?action=diff&source=n&minor=n HTTP/1.1" 200 36395 "-" "Mozilla/5.0 (Macintosh; Intel Mac OS X 10.15; rv:103.0) Gecko/20100101 Firefox/103.0"
85.25.177.139 - - [02/Sep/2022:07:43:25 +0200] "GET /Site/Abderhalde0Inhalt?action=diff&source=y&minor=y HTTP/1.1" 200 11051 "-" "Mozilla/5.0 (Macintosh; Intel Mac OS X 10.15; rv:103.0) Gecko/20100101 Firefox/103.0"
85.25.177.139 - - [02/Sep/2022:07:43:51 +0200] "GET /PodCast/Rassewaan HTTP/1.1" 200 11016 "-" "Mozilla/5.0 (Macintosh; Intel Mac OS X 10.15; rv:103.0) Gecko/20100101 Firefox/103.0"
85.25.177.139 - - [02/Sep/2022:07:44:18 +0200] "GET /PodCast/Limerick911 HTTP/1.1" 200 9383 "-" "Mozilla/5.0 (Macintosh; Intel Mac OS X 10.15; rv:103.0) Gecko/20100101 Firefox/103.0"
85.25.177.139 - - [02/Sep/2022:07:45:02 +0200] "GET /PodCast/WGA2Eergyz?action=edit HTTP/1.1" 200 8668 "-" "Mozilla/5.0 (Macintosh; Intel Mac OS X 10.15; rv:103.0) Gecko/20100101 Firefox/103.0"
85.25.177.139 - - [02/Sep/2022:07:45:36 +0200] "GET /PodCast/Amaisehugel HTTP/1.1" 200 10785 "-" "Mozilla/5.0 (Macintosh; Intel Mac OS X 10.15; rv:103.0) Gecko/20100101 Firefox/103.0"
85.25.177.139 - - [02/Sep/2022:07:46:43 +0200] "GET /PodCast/Missbrouhch HTTP/1.1" 200 15166 "-" "Mozilla/5.0 (Macintosh; Intel Mac OS X 10.15; rv:103.0) Gecko/20100101 Firefox/103.0"
