85.25.177.219 - - [29/Mar/2022:06:37:43 +0200] "GET /Admin/AdresseStiftung?action=upload HTTP/1.1" 200 8607 "-" "Mozilla/5.0 (X11; Linux x86_64; rv:81.0) Gecko/20100101 Firefox/81.0"
85.25.177.219 - - [29/Mar/2022:06:39:15 +0200] "GET /Hilfe/AnleitungTonbeispiele?action=upload HTTP/1.1" 200 8691 "-" "Mozilla/5.0 (X11; Linux x86_64; rv:81.0) Gecko/20100101 Firefox/81.0"
85.25.177.219 - - [29/Mar/2022:06:43:06 +0200] "GET /Hilfe/AnleitungTonbeispiele?action=diff HTTP/1.1" 200 13229 "-" "Mozilla/5.0 (X11; Linux x86_64; rv:81.0) Gecko/20100101 Firefox/81.0"
85.25.177.219 - - [29/Mar/2022:06:44:40 +0200] "GET /Hilfe/AnleitungTonbeispiele?action=print HTTP/1.1" 200 4056 "-" "Mozilla/5.0 (X11; Linux x86_64; rv:81.0) Gecko/20100101 Firefox/81.0"
85.25.177.219 - - [29/Mar/2022:06:48:50 +0200] "GET /Hilfe/RealOne HTTP/1.1" 200 10362 "-" "Mozilla/5.0 (X11; Linux x86_64; rv:81.0) Gecko/20100101 Firefox/81.0"
85.25.177.219 - - [29/Mar/2022:06:50:31 +0200] "GET /Admin/ZurStiftung?action=diff HTTP/1.1" 200 35297 "-" "Mozilla/5.0 (X11; Linux x86_64; rv:81.0) Gecko/20100101 Firefox/81.0"
194.209.200.2 - - [29/Mar/2022:06:51:32 +0200] "GET /robots.txt HTTP/1.1" 200 - "-" "Mozilla/5.0 (compatible; TMMBot/0.2; +http://www.dslab.ch)/Nutch-1.15"
194.209.200.2 - - [29/Mar/2022:06:51:32 +0200] "GET / HTTP/1.1" 200 14638 "-" "Mozilla/5.0 (compatible; TMMBot/0.2; +http://www.dslab.ch)/Nutch-1.15"
85.25.177.219 - - [29/Mar/2022:06:51:57 +0200] "GET /Admin/ZurStiftung?action=upload HTTP/1.1" 200 8551 "-" "Mozilla/5.0 (X11; Linux x86_64; rv:81.0) Gecko/20100101 Firefox/81.0"
85.25.177.219 - - [29/Mar/2022:06:53:10 +0200] "GET /Admin/ZurStiftung?action=print HTTP/1.1" 200 5103 "-" "Mozilla/5.0 (X11; Linux x86_64; rv:81.0) Gecko/20100101 Firefox/81.0"
194.209.200.2 - - [29/Mar/2022:06:53:44 +0200] "GET /robots.txt HTTP/1.1" 200 - "-" "Mozilla/5.0 (compatible; TMMBot/0.2; +http://www.dslab.ch)/Nutch-1.15"
194.209.200.2 - - [29/Mar/2022:06:53:44 +0200] "GET /Texte/ZurcherischEnglish HTTP/1.1" 200 8274 "-" "Mozilla/5.0 (compatible; TMMBot/0.2; +http://www.dslab.ch)/Nutch-1.15"
194.209.200.2 - - [29/Mar/2022:06:55:08 +0200] "GET /Admin/Jahresbericht HTTP/1.1" 200 45530 "-" "Mozilla/5.0 (compatible; TMMBot/0.2; +http://www.dslab.ch)/Nutch-1.15"
85.25.177.219 - - [29/Mar/2022:06:55:35 +0200] "GET /Admin/ZurStiftung?action=edit HTTP/1.1" 200 8651 "-" "Mozilla/5.0 (X11; Linux x86_64; rv:81.0) Gecko/20100101 Firefox/81.0"
194.209.200.2 - - [29/Mar/2022:06:56:12 +0200] "GET /Texte/ArsAmatoria HTTP/1.1" 200 12369 "-" "Mozilla/5.0 (compatible; TMMBot/0.2; +http://www.dslab.ch)/Nutch-1.15"
194.209.200.2 - - [29/Mar/2022:06:56:25 +0200] "GET /Texte/GDicht HTTP/1.1" 200 8050 "-" "Mozilla/5.0 (compatible; TMMBot/0.2; +http://www.dslab.ch)/Nutch-1.15"
194.209.200.2 - - [29/Mar/2022:06:56:52 +0200] "GET /Admin/Links HTTP/1.1" 200 14193 "-" "Mozilla/5.0 (compatible; TMMBot/0.2; +http://www.dslab.ch)/Nutch-1.15"
194.209.200.2 - - [29/Mar/2022:06:57:00 +0200] "GET /Texte/Metamorphoses HTTP/1.1" 200 9045 "-" "Mozilla/5.0 (compatible; TMMBot/0.2; +http://www.dslab.ch)/Nutch-1.15"
85.25.177.219 - - [29/Mar/2022:06:57:16 +0200] "GET /Admin/AdresseStiftung?action=print HTTP/1.1" 200 2600 "-" "Mozilla/5.0 (X11; Linux x86_64; rv:81.0) Gecko/20100101 Firefox/81.0"
194.209.200.2 - - [29/Mar/2022:06:59:38 +0200] "GET /Gast/Podcast HTTP/1.1" 200 8106 "-" "Mozilla/5.0 (compatible; TMMBot/0.2; +http://www.dslab.ch)/Nutch-1.15"
194.209.200.2 - - [29/Mar/2022:07:00:05 +0200] "GET /Hilfe/AnleitungTonbeispiele HTTP/1.1" 200 9878 "-" "Mozilla/5.0 (compatible; TMMBot/0.2; +http://www.dslab.ch)/Nutch-1.15"
85.25.177.219 - - [29/Mar/2022:07:02:43 +0200] "GET /Texte/Styluebige?action=upload HTTP/1.1" 200 8535 "-" "Mozilla/5.0 (X11; Linux x86_64; rv:81.0) Gecko/20100101 Firefox/81.0"
85.25.177.219 - - [29/Mar/2022:07:04:15 +0200] "GET /Texte/Styluebige?action=print HTTP/1.1" 200 4223 "-" "Mozilla/5.0 (X11; Linux x86_64; rv:81.0) Gecko/20100101 Firefox/81.0"
85.25.177.219 - - [29/Mar/2022:07:08:35 +0200] "GET /Texte/Styluebige?action=edit HTTP/1.1" 200 8635 "-" "Mozilla/5.0 (X11; Linux x86_64; rv:81.0) Gecko/20100101 Firefox/81.0"
85.25.177.219 - - [29/Mar/2022:07:10:52 +0200] "GET /Hilfe/RealOne?action=diff HTTP/1.1" 200 16372 "-" "Mozilla/5.0 (X11; Linux x86_64; rv:81.0) Gecko/20100101 Firefox/81.0"
194.209.200.2 - - [29/Mar/2022:07:11:52 +0200] "GET /robots.txt HTTP/1.1" 200 - "-" "Mozilla/5.0 (compatible; TMMBot/0.2; +http://www.dslab.ch)/Nutch-1.15"
194.209.200.2 - - [29/Mar/2022:07:11:52 +0200] "GET / HTTP/1.1" 200 14638 "-" "Mozilla/5.0 (compatible; TMMBot/0.2; +http://www.dslab.ch)/Nutch-1.15"
185.191.171.9 - - [29/Mar/2022:07:12:15 +0200] "GET /robots.txt HTTP/1.1" 200 - "-" "Mozilla/5.0 (compatible; SemrushBot/7~bl; +http://www.semrush.com/bot.html)"
185.191.171.40 - - [29/Mar/2022:07:12:16 +0200] "GET /PmWikiDe/Categories HTTP/1.1" 200 6626 "-" "Mozilla/5.0 (compatible; SemrushBot/7~bl; +http://www.semrush.com/bot.html)"
185.191.171.11 - - [29/Mar/2022:07:12:32 +0200] "GET /PmWikiFr/WikiStructure?action=diff HTTP/1.1" 403 18 "-" "Mozilla/5.0 (compatible; SemrushBot/7~bl; +http://www.semrush.com/bot.html)"
85.25.177.219 - - [29/Mar/2022:07:12:33 +0200] "GET /Hilfe/RealOne?action=edit HTTP/1.1" 200 8595 "-" "Mozilla/5.0 (X11; Linux x86_64; rv:81.0) Gecko/20100101 Firefox/81.0"
85.25.177.219 - - [29/Mar/2022:07:14:16 +0200] "GET /Hilfe/RealOne?action=upload HTTP/1.1" 200 8495 "-" "Mozilla/5.0 (X11; Linux x86_64; rv:81.0) Gecko/20100101 Firefox/81.0"
85.25.177.219 - - [29/Mar/2022:07:16:30 +0200] "GET /Hilfe/RealOne?action=print HTTP/1.1" 200 4719 "-" "Mozilla/5.0 (X11; Linux x86_64; rv:81.0) Gecko/20100101 Firefox/81.0"
54.36.149.44 - - [29/Mar/2022:07:18:53 +0200] "GET / HTTP/1.1" 200 14638 "-" "Mozilla/5.0 (compatible; AhrefsBot/7.0; +http://ahrefs.com/robot/)"
154.54.249.202 - - [29/Mar/2022:07:21:05 +0200] "GET /robots.txt HTTP/1.1" 200 - "-" "Mozilla/5.0 (compatible; Barkrowler/0.9; +https://babbar.tech/crawler)"
154.54.249.202 - - [29/Mar/2022:07:21:20 +0200] "GET / HTTP/1.1" 200 14638 "-" "Mozilla/5.0 (compatible; Barkrowler/0.9; +https://babbar.tech/crawler)"
154.54.249.202 - - [29/Mar/2022:07:21:35 +0200] "GET /Site HTTP/1.1" 302 161 "-" "Mozilla/5.0 (compatible; Barkrowler/0.9; +https://babbar.tech/crawler)"
85.25.177.219 - - [29/Mar/2022:07:21:46 +0200] "GET /Hilfe/Passwort?action=edit HTTP/1.1" 200 8607 "-" "Mozilla/5.0 (X11; Linux x86_64; rv:81.0) Gecko/20100101 Firefox/81.0"
154.54.249.202 - - [29/Mar/2022:07:21:50 +0200] "GET /Podcast HTTP/1.1" 404 8177 "-" "Mozilla/5.0 (compatible; Barkrowler/0.9; +https://babbar.tech/crawler)"
154.54.249.202 - - [29/Mar/2022:07:22:05 +0200] "GET /Pod HTTP/1.1" 404 8069 "-" "Mozilla/5.0 (compatible; Barkrowler/0.9; +https://babbar.tech/crawler)"
154.54.249.202 - - [29/Mar/2022:07:22:21 +0200] "GET /Admin HTTP/1.1" 404 8123 "-" "Mozilla/5.0 (compatible; Barkrowler/0.9; +https://babbar.tech/crawler)"
154.54.249.202 - - [29/Mar/2022:07:22:36 +0200] "GET /Main HTTP/1.1" 302 161 "-" "Mozilla/5.0 (compatible; Barkrowler/0.9; +https://babbar.tech/crawler)"
154.54.249.202 - - [29/Mar/2022:07:22:51 +0200] "GET /Category HTTP/1.1" 200 8720 "-" "Mozilla/5.0 (compatible; Barkrowler/0.9; +https://babbar.tech/crawler)"
154.54.249.202 - - [29/Mar/2022:07:23:06 +0200] "GET /Upload HTTP/1.1" 302 165 "-" "Mozilla/5.0 (compatible; Barkrowler/0.9; +https://babbar.tech/crawler)"
154.54.249.202 - - [29/Mar/2022:07:23:21 +0200] "GET /Texte HTTP/1.1" 404 8123 "-" "Mozilla/5.0 (compatible; Barkrowler/0.9; +https://babbar.tech/crawler)"
154.54.249.202 - - [29/Mar/2022:07:23:36 +0200] "GET /Gast HTTP/1.1" 404 8096 "-" "Mozilla/5.0 (compatible; Barkrowler/0.9; +https://babbar.tech/crawler)"
154.54.249.202 - - [29/Mar/2022:07:23:51 +0200] "GET /Main/Home HTTP/1.1" 200 14638 "-" "Mozilla/5.0 (compatible; Barkrowler/0.9; +https://babbar.tech/crawler)"
154.54.249.202 - - [29/Mar/2022:07:24:06 +0200] "GET /Main/HomePage HTTP/1.1" 200 9141 "-" "Mozilla/5.0 (compatible; Barkrowler/0.9; +https://babbar.tech/crawler)"
154.54.249.202 - - [29/Mar/2022:07:24:21 +0200] "GET /?action=print HTTP/1.1" 200 8906 "-" "Mozilla/5.0 (compatible; Barkrowler/0.9; +https://babbar.tech/crawler)"
194.209.200.2 - - [29/Mar/2022:07:24:29 +0200] "GET /robots.txt HTTP/1.1" 200 - "-" "Mozilla/5.0 (compatible; TMMBot/0.2; +http://www.dslab.ch)/Nutch-1.15"
194.209.200.2 - - [29/Mar/2022:07:24:29 +0200] "GET /Texte/ZurcherischEnglish HTTP/1.1" 200 8274 "-" "Mozilla/5.0 (compatible; TMMBot/0.2; +http://www.dslab.ch)/Nutch-1.15"
154.54.249.202 - - [29/Mar/2022:07:24:36 +0200] "GET /?action=edit HTTP/1.1" 200 8528 "-" "Mozilla/5.0 (compatible; Barkrowler/0.9; +https://babbar.tech/crawler)"
154.54.249.202 - - [29/Mar/2022:07:24:52 +0200] "GET /SiteAdmin HTTP/1.1" 302 171 "-" "Mozilla/5.0 (compatible; Barkrowler/0.9; +https://babbar.tech/crawler)"
154.54.249.202 - - [29/Mar/2022:07:25:07 +0200] "GET /Bestellen HTTP/1.1" 404 8231 "-" "Mozilla/5.0 (compatible; Barkrowler/0.9; +https://babbar.tech/crawler)"
154.54.249.202 - - [29/Mar/2022:07:25:22 +0200] "GET /Site/Email HTTP/1.1" 200 8900 "-" "Mozilla/5.0 (compatible; Barkrowler/0.9; +https://babbar.tech/crawler)"
154.54.249.202 - - [29/Mar/2022:07:25:37 +0200] "GET /Site/Search HTTP/1.1" 200 10556 "-" "Mozilla/5.0 (compatible; Barkrowler/0.9; +https://babbar.tech/crawler)"
154.54.249.202 - - [29/Mar/2022:07:25:52 +0200] "GET /Site/Site HTTP/1.1" 200 13680 "-" "Mozilla/5.0 (compatible; Barkrowler/0.9; +https://babbar.tech/crawler)"
154.54.249.202 - - [29/Mar/2022:07:26:08 +0200] "GET /Hilfe HTTP/1.1" 404 8123 "-" "Mozilla/5.0 (compatible; Barkrowler/0.9; +https://babbar.tech/crawler)"
154.54.249.202 - - [29/Mar/2022:07:26:23 +0200] "GET /Main/Homepage HTTP/1.1" 404 8157 "-" "Mozilla/5.0 (compatible; Barkrowler/0.9; +https://babbar.tech/crawler)"
54.36.148.7 - - [29/Mar/2022:07:26:27 +0200] "GET /robots.txt HTTP/1.1" 200 - "-" "Mozilla/5.0 (compatible; AhrefsBot/7.0; +http://ahrefs.com/robot/)"
54.36.148.51 - - [29/Mar/2022:07:26:29 +0200] "GET / HTTP/1.1" 200 14638 "-" "Mozilla/5.0 (compatible; AhrefsBot/7.0; +http://ahrefs.com/robot/)"
154.54.249.202 - - [29/Mar/2022:07:26:38 +0200] "GET /PmWiki HTTP/1.1" 302 165 "-" "Mozilla/5.0 (compatible; Barkrowler/0.9; +https://babbar.tech/crawler)"
154.54.249.202 - - [29/Mar/2022:07:26:53 +0200] "GET /PodCast HTTP/1.1" 302 167 "-" "Mozilla/5.0 (compatible; Barkrowler/0.9; +https://babbar.tech/crawler)"
194.209.200.2 - - [29/Mar/2022:07:26:57 +0200] "GET /Texte/GDicht HTTP/1.1" 200 8050 "-" "Mozilla/5.0 (compatible; TMMBot/0.2; +http://www.dslab.ch)/Nutch-1.15"
154.54.249.202 - - [29/Mar/2022:07:27:08 +0200] "GET /Admin/Links HTTP/1.1" 200 14193 "-" "Mozilla/5.0 (compatible; Barkrowler/0.9; +https://babbar.tech/crawler)"
194.209.200.2 - - [29/Mar/2022:07:27:22 +0200] "GET /Admin/Links HTTP/1.1" 200 14193 "-" "Mozilla/5.0 (compatible; TMMBot/0.2; +http://www.dslab.ch)/Nutch-1.15"
154.54.249.202 - - [29/Mar/2022:07:27:23 +0200] "GET /Category/Layout HTTP/1.1" 200 8681 "-" "Mozilla/5.0 (compatible; Barkrowler/0.9; +https://babbar.tech/crawler)"
194.209.200.2 - - [29/Mar/2022:07:27:29 +0200] "GET /Texte/Metamorphoses HTTP/1.1" 200 9045 "-" "Mozilla/5.0 (compatible; TMMBot/0.2; +http://www.dslab.ch)/Nutch-1.15"
154.54.249.202 - - [29/Mar/2022:07:27:39 +0200] "GET /Gast/Podcast HTTP/1.1" 200 8106 "-" "Mozilla/5.0 (compatible; Barkrowler/0.9; +https://babbar.tech/crawler)"
154.54.249.202 - - [29/Mar/2022:07:27:54 +0200] "GET /Main/SearchWiki HTTP/1.1" 404 8187 "-" "Mozilla/5.0 (compatible; Barkrowler/0.9; +https://babbar.tech/crawler)"
154.54.249.202 - - [29/Mar/2022:07:28:09 +0200] "GET /Main/Blocklist HTTP/1.1" 404 8171 "-" "Mozilla/5.0 (compatible; Barkrowler/0.9; +https://babbar.tech/crawler)"
154.54.249.202 - - [29/Mar/2022:07:28:25 +0200] "GET /Lydja HTTP/1.1" 404 8123 "-" "Mozilla/5.0 (compatible; Barkrowler/0.9; +https://babbar.tech/crawler)"
154.54.249.202 - - [29/Mar/2022:07:28:40 +0200] "GET /Podcast/IndexPage HTTP/1.1" 200 8115 "-" "Mozilla/5.0 (compatible; Barkrowler/0.9; +https://babbar.tech/crawler)"
154.54.249.202 - - [29/Mar/2022:07:28:56 +0200] "GET /Pod/Podcasts HTTP/1.1" 200 10798 "-" "Mozilla/5.0 (compatible; Barkrowler/0.9; +https://babbar.tech/crawler)"
154.54.249.202 - - [29/Mar/2022:07:29:11 +0200] "GET /Profiles/Pico HTTP/1.1" 404 8157 "-" "Mozilla/5.0 (compatible; Barkrowler/0.9; +https://babbar.tech/crawler)"
66.249.70.97 - - [29/Mar/2022:07:29:23 +0200] "GET /robots.txt HTTP/1.1" 200 - "-" "Mozilla/5.0 (compatible; Googlebot/2.1; +http://www.google.com/bot.html)"
66.249.70.124 - - [29/Mar/2022:07:29:23 +0200] "GET /PodCast/IndexPage?action=rss HTTP/1.1" 200 6298 "-" "Mozilla/5.0 (compatible; Googlebot/2.1; +http://www.google.com/bot.html)"
154.54.249.202 - - [29/Mar/2022:07:29:26 +0200] "GET /Profiles/Holo HTTP/1.1" 404 8157 "-" "Mozilla/5.0 (compatible; Barkrowler/0.9; +https://babbar.tech/crawler)"
154.54.249.202 - - [29/Mar/2022:07:29:41 +0200] "GET /Profiles/Jose HTTP/1.1" 404 8157 "-" "Mozilla/5.0 (compatible; Barkrowler/0.9; +https://babbar.tech/crawler)"
154.54.249.202 - - [29/Mar/2022:07:29:56 +0200] "GET /Profiles/Pm HTTP/1.1" 404 8129 "-" "Mozilla/5.0 (compatible; Barkrowler/0.9; +https://babbar.tech/crawler)"
194.209.200.2 - - [29/Mar/2022:07:30:01 +0200] "GET /Gast/Podcast HTTP/1.1" 200 8106 "-" "Mozilla/5.0 (compatible; TMMBot/0.2; +http://www.dslab.ch)/Nutch-1.15"
154.54.249.202 - - [29/Mar/2022:07:30:11 +0200] "GET /Category/Category HTTP/1.1" 200 8720 "-" "Mozilla/5.0 (compatible; Barkrowler/0.9; +https://babbar.tech/crawler)"
154.54.249.202 - - [29/Mar/2022:07:30:26 +0200] "GET /Category/Spam HTTP/1.1" 200 8164 "-" "Mozilla/5.0 (compatible; Barkrowler/0.9; +https://babbar.tech/crawler)"
194.209.200.2 - - [29/Mar/2022:07:30:28 +0200] "GET /Hilfe/AnleitungTonbeispiele HTTP/1.1" 200 9878 "-" "Mozilla/5.0 (compatible; TMMBot/0.2; +http://www.dslab.ch)/Nutch-1.15"
54.36.148.33 - - [29/Mar/2022:07:30:31 +0200] "GET /Hilfe/Quicktime HTTP/1.1" 200 9103 "-" "Mozilla/5.0 (compatible; AhrefsBot/7.0; +http://ahrefs.com/robot/)"
154.54.249.202 - - [29/Mar/2022:07:30:42 +0200] "GET /Category/Security HTTP/1.1" 200 8216 "-" "Mozilla/5.0 (compatible; Barkrowler/0.9; +https://babbar.tech/crawler)"
154.54.249.202 - - [29/Mar/2022:07:30:57 +0200] "GET /Upload/Upload HTTP/1.1" 200 8214 "-" "Mozilla/5.0 (compatible; Barkrowler/0.9; +https://babbar.tech/crawler)"
154.54.249.202 - - [29/Mar/2022:07:31:12 +0200] "GET /Site/Bebi HTTP/1.1" 200 13127 "-" "Mozilla/5.0 (compatible; Barkrowler/0.9; +https://babbar.tech/crawler)"
154.54.249.202 - - [29/Mar/2022:07:31:27 +0200] "GET /Site/InterMap HTTP/1.1" 404 8159 "-" "Mozilla/5.0 (compatible; Barkrowler/0.9; +https://babbar.tech/crawler)"
154.54.249.202 - - [29/Mar/2022:07:31:42 +0200] "GET /Site/Bankett HTTP/1.1" 200 8984 "-" "Mozilla/5.0 (compatible; Barkrowler/0.9; +https://babbar.tech/crawler)"
154.54.249.202 - - [29/Mar/2022:07:31:57 +0200] "GET /Site/AuthUser HTTP/1.1" 302 189 "-" "Mozilla/5.0 (compatible; Barkrowler/0.9; +https://babbar.tech/crawler)"
154.54.249.202 - - [29/Mar/2022:07:32:13 +0200] "GET /Site/AuthForm HTTP/1.1" 200 8321 "-" "Mozilla/5.0 (compatible; Barkrowler/0.9; +https://babbar.tech/crawler)"
154.54.249.202 - - [29/Mar/2022:07:32:28 +0200] "GET /Site/IndexPage HTTP/1.1" 200 8080 "-" "Mozilla/5.0 (compatible; Barkrowler/0.9; +https://babbar.tech/crawler)"
154.54.249.202 - - [29/Mar/2022:07:32:43 +0200] "GET /Site/SideBar HTTP/1.1" 200 10494 "-" "Mozilla/5.0 (compatible; Barkrowler/0.9; +https://babbar.tech/crawler)"
154.54.249.202 - - [29/Mar/2022:07:32:58 +0200] "GET /Site/EditForm HTTP/1.1" 200 12177 "-" "Mozilla/5.0 (compatible; Barkrowler/0.9; +https://babbar.tech/crawler)"
154.54.249.202 - - [29/Mar/2022:07:33:13 +0200] "GET /Site/FullName HTTP/1.1" 404 8159 "-" "Mozilla/5.0 (compatible; Barkrowler/0.9; +https://babbar.tech/crawler)"
154.54.249.202 - - [29/Mar/2022:07:33:28 +0200] "GET /Site/BBi HTTP/1.1" 404 8089 "-" "Mozilla/5.0 (compatible; Barkrowler/0.9; +https://babbar.tech/crawler)"
154.54.249.202 - - [29/Mar/2022:07:33:44 +0200] "GET /Site/Preferences HTTP/1.1" 200 11217 "-" "Mozilla/5.0 (compatible; Barkrowler/0.9; +https://babbar.tech/crawler)"
154.54.249.202 - - [29/Mar/2022:07:33:59 +0200] "GET /Texte/Roman HTTP/1.1" 200 38741 "-" "Mozilla/5.0 (compatible; Barkrowler/0.9; +https://babbar.tech/crawler)"
154.54.249.202 - - [29/Mar/2022:07:34:14 +0200] "GET /PmWiki/Search HTTP/1.1" 200 14204 "-" "Mozilla/5.0 (compatible; Barkrowler/0.9; +https://babbar.tech/crawler)"
154.54.249.202 - - [29/Mar/2022:07:34:29 +0200] "GET /PmWikiIt HTTP/1.1" 302 169 "-" "Mozilla/5.0 (compatible; Barkrowler/0.9; +https://babbar.tech/crawler)"
154.54.249.202 - - [29/Mar/2022:07:34:45 +0200] "GET /SiteAdmin/Status HTTP/1.1" 200 8522 "-" "Mozilla/5.0 (compatible; Barkrowler/0.9; +https://babbar.tech/crawler)"
154.54.249.202 - - [29/Mar/2022:07:35:00 +0200] "GET /PodCast/Email HTTP/1.1" 200 10291 "-" "Mozilla/5.0 (compatible; Barkrowler/0.9; +https://babbar.tech/crawler)"
154.54.249.202 - - [29/Mar/2022:07:35:16 +0200] "GET /PodCast/Puzzle HTTP/1.1" 200 10433 "-" "Mozilla/5.0 (compatible; Barkrowler/0.9; +https://babbar.tech/crawler)"
154.54.249.202 - - [29/Mar/2022:07:35:31 +0200] "GET /Profiles/Morsma HTTP/1.1" 404 8185 "-" "Mozilla/5.0 (compatible; Barkrowler/0.9; +https://babbar.tech/crawler)"
154.54.249.202 - - [29/Mar/2022:07:35:46 +0200] "GET /Profiles/Author HTTP/1.1" 404 8185 "-" "Mozilla/5.0 (compatible; Barkrowler/0.9; +https://babbar.tech/crawler)"
154.54.249.202 - - [29/Mar/2022:07:36:01 +0200] "GET /Profiles/Profiles HTTP/1.1" 404 8213 "-" "Mozilla/5.0 (compatible; Barkrowler/0.9; +https://babbar.tech/crawler)"
154.54.249.202 - - [29/Mar/2022:07:36:16 +0200] "GET /Profiles/Gigen HTTP/1.1" 404 8171 "-" "Mozilla/5.0 (compatible; Barkrowler/0.9; +https://babbar.tech/crawler)"
154.54.249.202 - - [29/Mar/2022:07:36:31 +0200] "GET /Profiles/Jmi HTTP/1.1" 404 8143 "-" "Mozilla/5.0 (compatible; Barkrowler/0.9; +https://babbar.tech/crawler)"
154.54.249.202 - - [29/Mar/2022:07:36:46 +0200] "GET /Profiles/Uli HTTP/1.1" 404 8143 "-" "Mozilla/5.0 (compatible; Barkrowler/0.9; +https://babbar.tech/crawler)"
154.54.249.202 - - [29/Mar/2022:07:37:01 +0200] "GET /Profiles/Ugo HTTP/1.1" 404 8143 "-" "Mozilla/5.0 (compatible; Barkrowler/0.9; +https://babbar.tech/crawler)"
154.54.249.202 - - [29/Mar/2022:07:37:17 +0200] "GET /Profiles/Egide HTTP/1.1" 404 8171 "-" "Mozilla/5.0 (compatible; Barkrowler/0.9; +https://babbar.tech/crawler)"
154.54.249.202 - - [29/Mar/2022:07:37:32 +0200] "GET /Cookbook/Forum HTTP/1.1" 404 8171 "-" "Mozilla/5.0 (compatible; Barkrowler/0.9; +https://babbar.tech/crawler)"
154.54.249.202 - - [29/Mar/2022:07:37:47 +0200] "GET /Category/GroupFooter HTTP/1.1" 200 8786 "-" "Mozilla/5.0 (compatible; Barkrowler/0.9; +https://babbar.tech/crawler)"
154.54.249.202 - - [29/Mar/2022:07:38:02 +0200] "GET /Site/PageActions HTTP/1.1" 200 8927 "-" "Mozilla/5.0 (compatible; Barkrowler/0.9; +https://babbar.tech/crawler)"
85.64.60.138 - - [29/Mar/2022:07:38:06 +0200] "GET / HTTP/1.1" 200 14638 "-" "Mozilla/5.0 (iPhone; CPU iPhone OS 14_8_1 like Mac OS X) AppleWebKit/605.1.15 (KHTML, like Gecko) Version/14.1.2 Mobile/15E148 Safari/604.1"
154.54.249.202 - - [29/Mar/2022:07:38:18 +0200] "GET /Site/LocalTemplates HTTP/1.1" 404 8243 "-" "Mozilla/5.0 (compatible; Barkrowler/0.9; +https://babbar.tech/crawler)"
154.54.249.202 - - [29/Mar/2022:07:38:33 +0200] "GET /Site/Search?action=print HTTP/1.1" 200 4800 "-" "Mozilla/5.0 (compatible; Barkrowler/0.9; +https://babbar.tech/crawler)"
154.54.249.202 - - [29/Mar/2022:07:38:48 +0200] "GET /Site/Search?action=edit HTTP/1.1" 200 8565 "-" "Mozilla/5.0 (compatible; Barkrowler/0.9; +https://babbar.tech/crawler)"
154.54.249.202 - - [29/Mar/2022:07:39:03 +0200] "GET /Site/Miroir HTTP/1.1" 200 8788 "-" "Mozilla/5.0 (compatible; Barkrowler/0.9; +https://babbar.tech/crawler)"
154.54.249.202 - - [29/Mar/2022:07:39:18 +0200] "GET /Site/PodCast HTTP/1.1" 200 40934 "-" "Mozilla/5.0 (compatible; Barkrowler/0.9; +https://babbar.tech/crawler)"
154.54.249.202 - - [29/Mar/2022:07:39:34 +0200] "GET /Site/AttrForm HTTP/1.1" 404 8159 "-" "Mozilla/5.0 (compatible; Barkrowler/0.9; +https://babbar.tech/crawler)"
154.54.249.202 - - [29/Mar/2022:07:39:49 +0200] "GET /Main/Home?action=upload HTTP/1.1" 200 8437 "-" "Mozilla/5.0 (compatible; Barkrowler/0.9; +https://babbar.tech/crawler)"
154.54.249.202 - - [29/Mar/2022:07:40:04 +0200] "GET /Main/Home?action=print HTTP/1.1" 200 8906 "-" "Mozilla/5.0 (compatible; Barkrowler/0.9; +https://babbar.tech/crawler)"
154.54.249.202 - - [29/Mar/2022:07:40:19 +0200] "GET /Main/Home?action=edit HTTP/1.1" 200 8537 "-" "Mozilla/5.0 (compatible; Barkrowler/0.9; +https://babbar.tech/crawler)"
154.54.249.202 - - [29/Mar/2022:07:40:34 +0200] "GET /Main/Home?action=diff HTTP/1.1" 200 44006 "-" "Mozilla/5.0 (compatible; Barkrowler/0.9; +https://babbar.tech/crawler)"
154.54.249.202 - - [29/Mar/2022:07:40:50 +0200] "GET /Main/WikiSandbox HTTP/1.1" 200 8337 "-" "Mozilla/5.0 (compatible; Barkrowler/0.9; +https://babbar.tech/crawler)"
154.54.249.202 - - [29/Mar/2022:07:41:05 +0200] "GET /Main/Homepage?action=edit HTTP/1.1" 200 8593 "-" "Mozilla/5.0 (compatible; Barkrowler/0.9; +https://babbar.tech/crawler)"
154.54.249.202 - - [29/Mar/2022:07:41:20 +0200] "GET /Main/Homepage?action=upload HTTP/1.1" 200 8493 "-" "Mozilla/5.0 (compatible; Barkrowler/0.9; +https://babbar.tech/crawler)"
154.54.249.202 - - [29/Mar/2022:07:41:35 +0200] "GET /Main/Homepage?action=print HTTP/1.1" 404 2381 "-" "Mozilla/5.0 (compatible; Barkrowler/0.9; +https://babbar.tech/crawler)"
154.54.249.202 - - [29/Mar/2022:07:41:50 +0200] "GET /Main/Homepage?action=diff HTTP/1.1" 200 9152 "-" "Mozilla/5.0 (compatible; Barkrowler/0.9; +https://babbar.tech/crawler)"
154.54.249.202 - - [29/Mar/2022:07:42:05 +0200] "GET /Main/HomePage?action=edit HTTP/1.1" 200 8595 "-" "Mozilla/5.0 (compatible; Barkrowler/0.9; +https://babbar.tech/crawler)"
154.54.249.202 - - [29/Mar/2022:07:42:22 +0200] "GET /Main/HomePage?action=diff HTTP/1.1" 200 9743 "-" "Mozilla/5.0 (compatible; Barkrowler/0.9; +https://babbar.tech/crawler)"
154.54.249.202 - - [29/Mar/2022:07:42:37 +0200] "GET /Main/HomePage?action=upload HTTP/1.1" 200 8495 "-" "Mozilla/5.0 (compatible; Barkrowler/0.9; +https://babbar.tech/crawler)"
154.54.249.202 - - [29/Mar/2022:07:42:52 +0200] "GET /Main/HomePage?action=print HTTP/1.1" 200 3566 "-" "Mozilla/5.0 (compatible; Barkrowler/0.9; +https://babbar.tech/crawler)"
154.54.249.202 - - [29/Mar/2022:07:43:07 +0200] "GET /uploads/PodCast/ HTTP/1.1" 403 290 "-" "Mozilla/5.0 (compatible; Barkrowler/0.9; +https://babbar.tech/crawler)"
154.54.249.202 - - [29/Mar/2022:07:43:22 +0200] "GET /uploads/Site/Bebi HTTP/1.1" 304 - "-" "Mozilla/5.0 (compatible; Barkrowler/0.9; +https://babbar.tech/crawler)"
154.54.249.202 - - [29/Mar/2022:07:43:37 +0200] "GET /PmWikiVi HTTP/1.1" 302 169 "-" "Mozilla/5.0 (compatible; Barkrowler/0.9; +https://babbar.tech/crawler)"
154.54.249.202 - - [29/Mar/2022:07:43:53 +0200] "GET /PmWikiFr HTTP/1.1" 302 169 "-" "Mozilla/5.0 (compatible; Barkrowler/0.9; +https://babbar.tech/crawler)"
154.54.249.202 - - [29/Mar/2022:07:44:08 +0200] "GET /PmWikiNl HTTP/1.1" 302 169 "-" "Mozilla/5.0 (compatible; Barkrowler/0.9; +https://babbar.tech/crawler)"
154.54.249.202 - - [29/Mar/2022:07:44:23 +0200] "GET /PmWikiRu HTTP/1.1" 302 169 "-" "Mozilla/5.0 (compatible; Barkrowler/0.9; +https://babbar.tech/crawler)"
154.54.249.202 - - [29/Mar/2022:07:44:38 +0200] "GET /PmWikiTa HTTP/1.1" 302 169 "-" "Mozilla/5.0 (compatible; Barkrowler/0.9; +https://babbar.tech/crawler)"
154.54.249.202 - - [29/Mar/2022:07:44:53 +0200] "GET /PmWikiJa HTTP/1.1" 302 169 "-" "Mozilla/5.0 (compatible; Barkrowler/0.9; +https://babbar.tech/crawler)"
154.54.249.202 - - [29/Mar/2022:07:45:08 +0200] "GET /PmWikiDe HTTP/1.1" 302 169 "-" "Mozilla/5.0 (compatible; Barkrowler/0.9; +https://babbar.tech/crawler)"
154.54.249.202 - - [29/Mar/2022:07:45:23 +0200] "GET /PmWikiCs HTTP/1.1" 302 169 "-" "Mozilla/5.0 (compatible; Barkrowler/0.9; +https://babbar.tech/crawler)"
154.54.249.202 - - [29/Mar/2022:07:45:39 +0200] "GET /PmWikiHu HTTP/1.1" 302 169 "-" "Mozilla/5.0 (compatible; Barkrowler/0.9; +https://babbar.tech/crawler)"
154.54.249.202 - - [29/Mar/2022:07:45:54 +0200] "GET /PmWiki/FAQ HTTP/1.1" 200 126580 "-" "Mozilla/5.0 (compatible; Barkrowler/0.9; +https://babbar.tech/crawler)"
154.54.249.202 - - [29/Mar/2022:07:46:09 +0200] "GET /PmWiki/Forms HTTP/1.1" 200 20574 "-" "Mozilla/5.0 (compatible; Barkrowler/0.9; +https://babbar.tech/crawler)"
154.54.249.202 - - [29/Mar/2022:07:46:25 +0200] "GET /PmWiki/Name HTTP/1.1" 404 8759 "-" "Mozilla/5.0 (compatible; Barkrowler/0.9; +https://babbar.tech/crawler)"
154.54.249.202 - - [29/Mar/2022:07:46:40 +0200] "GET /PmWiki/Images HTTP/1.1" 200 36431 "-" "Mozilla/5.0 (compatible; Barkrowler/0.9; +https://babbar.tech/crawler)"
154.54.249.202 - - [29/Mar/2022:07:46:56 +0200] "GET /PmWiki/RSS HTTP/1.1" 404 8741 "-" "Mozilla/5.0 (compatible; Barkrowler/0.9; +https://babbar.tech/crawler)"
154.54.249.202 - - [29/Mar/2022:07:47:11 +0200] "GET /PmWiki/Links HTTP/1.1" 200 37519 "-" "Mozilla/5.0 (compatible; Barkrowler/0.9; +https://babbar.tech/crawler)"
154.54.249.202 - - [29/Mar/2022:07:47:26 +0200] "GET /Pod/RSSPodcasts HTTP/1.1" 404 8187 "-" "Mozilla/5.0 (compatible; Barkrowler/0.9; +https://babbar.tech/crawler)"
154.54.249.202 - - [29/Mar/2022:07:47:41 +0200] "GET /Profiles/EOL HTTP/1.1" 404 8143 "-" "Mozilla/5.0 (compatible; Barkrowler/0.9; +https://babbar.tech/crawler)"
154.54.249.202 - - [29/Mar/2022:07:47:57 +0200] "GET /Profiles/PRZ HTTP/1.1" 404 8143 "-" "Mozilla/5.0 (compatible; Barkrowler/0.9; +https://babbar.tech/crawler)"
154.54.249.202 - - [29/Mar/2022:07:48:12 +0200] "GET /Profiles/FEW HTTP/1.1" 404 8143 "-" "Mozilla/5.0 (compatible; Barkrowler/0.9; +https://babbar.tech/crawler)"
154.54.249.202 - - [29/Mar/2022:07:48:27 +0200] "GET /Profiles/Juf HTTP/1.1" 404 8143 "-" "Mozilla/5.0 (compatible; Barkrowler/0.9; +https://babbar.tech/crawler)"
154.54.249.202 - - [29/Mar/2022:07:48:42 +0200] "GET /Profiles/Isidor HTTP/1.1" 404 8185 "-" "Mozilla/5.0 (compatible; Barkrowler/0.9; +https://babbar.tech/crawler)"
185.191.171.33 - - [29/Mar/2022:07:49:13 +0200] "GET /PmWikiFr/CustomInterMap HTTP/1.1" 200 12811 "-" "Mozilla/5.0 (compatible; SemrushBot/7~bl; +http://www.semrush.com/bot.html)"
194.209.200.2 - - [29/Mar/2022:07:50:23 +0200] "GET /robots.txt HTTP/1.1" 200 - "-" "Mozilla/5.0 (compatible; TMMBot/0.2; +http://www.dslab.ch)/Nutch-1.15"
194.209.200.2 - - [29/Mar/2022:07:50:23 +0200] "GET / HTTP/1.1" 200 14638 "-" "Mozilla/5.0 (compatible; TMMBot/0.2; +http://www.dslab.ch)/Nutch-1.15"
3.216.185.164 - - [29/Mar/2022:07:55:28 +0200] "GET /PodCast/IndexPage?action=rss HTTP/1.1" 200 6298 "-" "PocketCasts/1.0 (Pocket Casts Feed Parser; +http://pocketcasts.com/)"
185.191.171.45 - - [29/Mar/2022:07:56:49 +0200] "GET /PmWikiDe/Links?action=print HTTP/1.1" 403 18 "-" "Mozilla/5.0 (compatible; SemrushBot/7~bl; +http://www.semrush.com/bot.html)"
42.236.10.91 - - [29/Mar/2022:07:57:37 +0200] "GET /Texte/ArsAmatoria HTTP/1.1" 200 12369 "http://www.pro-zurituutsch.ch/Texte/ArsAmatoria" "Mozilla/5.0 (iPhone; CPU iPhone OS 11_0 like Mac OS X) AppleWebKit/604.1.34 (KHTML, like Gecko) Version/11.0 Mobile/15A5341f Safari/604.1;360Spider"
168.119.51.163 - - [29/Mar/2022:08:03:43 +0200] "GET /robots.txt HTTP/1.1" 200 - "-" "Mozilla/5.0 (compatible; um-IC/1.0; mailto: techinfo@ubermetrics-technologies.com; Windows NT 6.1; WOW64; rv:40.0) Gecko/20100101 Firefox/40.1"
168.119.51.163 - - [29/Mar/2022:08:03:43 +0200] "GET /PodCast/IndexPage?action=rss HTTP/1.1" 200 6298 "-" "Mozilla/5.0 (compatible; um-IC/1.0; mailto: techinfo@ubermetrics-technologies.com; Windows NT 6.1; WOW64; rv:40.0) Gecko/20100101 Firefox/40.1"
185.191.171.15 - - [29/Mar/2022:08:03:45 +0200] "GET /PmWikiDe/UploadsAdmin?action=edit HTTP/1.1" 403 18 "-" "Mozilla/5.0 (compatible; SemrushBot/7~bl; +http://www.semrush.com/bot.html)"
118.191.130.218 - - [29/Mar/2022:08:05:41 +0200] "GET /Texte/ArsAmatoria HTTP/1.1" 200 12369 "-" "Mozilla/5.0 (X11; U; Linux; en-US) AppleWebKit/527+ (KHTML, like Gecko, Safari/419.3) Arora/0.6"
194.31.98.152 - - [29/Mar/2022:08:09:36 +0200] "GET / HTTP/1.1" 200 14638 "-" "python-requests/2.27.1"
194.31.98.152 - - [29/Mar/2022:08:09:36 +0200] "GET /.env HTTP/1.1" 404 264 "-" "python-requests/2.27.1"
185.191.171.24 - - [29/Mar/2022:08:14:15 +0200] "GET /robots.txt HTTP/1.1" 200 - "-" "Mozilla/5.0 (compatible; SemrushBot/7~bl; +http://www.semrush.com/bot.html)"
185.191.171.7 - - [29/Mar/2022:08:14:15 +0200] "GET /PmWikiRu/PmWikiRu HTTP/1.1" 200 13623 "-" "Mozilla/5.0 (compatible; SemrushBot/7~bl; +http://www.semrush.com/bot.html)"
194.209.200.2 - - [29/Mar/2022:08:17:50 +0200] "GET /robots.txt HTTP/1.1" 200 - "-" "Mozilla/5.0 (compatible; TMMBot/0.2; +http://www.dslab.ch)/Nutch-1.15"
194.209.200.2 - - [29/Mar/2022:08:17:50 +0200] "GET /Admin/Jahresbericht HTTP/1.1" 200 45530 "-" "Mozilla/5.0 (compatible; TMMBot/0.2; +http://www.dslab.ch)/Nutch-1.15"
194.209.200.2 - - [29/Mar/2022:08:19:13 +0200] "GET /Texte/GDicht HTTP/1.1" 200 8050 "-" "Mozilla/5.0 (compatible; TMMBot/0.2; +http://www.dslab.ch)/Nutch-1.15"
194.209.200.2 - - [29/Mar/2022:08:19:36 +0200] "GET /Admin/Links HTTP/1.1" 200 14193 "-" "Mozilla/5.0 (compatible; TMMBot/0.2; +http://www.dslab.ch)/Nutch-1.15"
194.209.200.2 - - [29/Mar/2022:08:19:44 +0200] "GET /Texte/Metamorphoses HTTP/1.1" 200 9045 "-" "Mozilla/5.0 (compatible; TMMBot/0.2; +http://www.dslab.ch)/Nutch-1.15"
185.191.171.44 - - [29/Mar/2022:08:21:16 +0200] "GET /PmWikiRu/WikiSandbox?action=diff HTTP/1.1" 403 18 "-" "Mozilla/5.0 (compatible; SemrushBot/7~bl; +http://www.semrush.com/bot.html)"
194.209.200.2 - - [29/Mar/2022:08:21:31 +0200] "GET /Admin/Pro-ZurituutschStatuten HTTP/1.1" 200 9580 "-" "Mozilla/5.0 (compatible; TMMBot/0.2; +http://www.dslab.ch)/Nutch-1.15"
194.209.200.2 - - [29/Mar/2022:08:22:29 +0200] "GET /Gast/Podcast HTTP/1.1" 200 8106 "-" "Mozilla/5.0 (compatible; TMMBot/0.2; +http://www.dslab.ch)/Nutch-1.15"
194.209.200.2 - - [29/Mar/2022:08:22:58 +0200] "GET /Hilfe/AnleitungTonbeispiele HTTP/1.1" 200 9878 "-" "Mozilla/5.0 (compatible; TMMBot/0.2; +http://www.dslab.ch)/Nutch-1.15"
66.249.70.97 - - [29/Mar/2022:08:26:19 +0200] "GET /PodCast/IndexPage?action=rss HTTP/1.1" 200 6298 "-" "Mozilla/5.0 (compatible; Googlebot/2.1; +http://www.google.com/bot.html)"
194.209.200.2 - - [29/Mar/2022:08:32:13 +0200] "GET /robots.txt HTTP/1.1" 200 - "-" "Mozilla/5.0 (compatible; TMMBot/0.2; +http://www.dslab.ch)/Nutch-1.15"
194.209.200.2 - - [29/Mar/2022:08:32:13 +0200] "GET / HTTP/1.1" 200 14638 "-" "Mozilla/5.0 (compatible; TMMBot/0.2; +http://www.dslab.ch)/Nutch-1.15"
185.191.171.17 - - [29/Mar/2022:08:32:42 +0200] "GET /PmWikiJa/WikiFarmStepByStep?action=edit HTTP/1.1" 403 18 "-" "Mozilla/5.0 (compatible; SemrushBot/7~bl; +http://www.semrush.com/bot.html)"
185.191.171.34 - - [29/Mar/2022:08:39:23 +0200] "GET /PmWikiDe/Installation?action=upload HTTP/1.1" 403 18 "-" "Mozilla/5.0 (compatible; SemrushBot/7~bl; +http://www.semrush.com/bot.html)"
54.161.41.102 - - [29/Mar/2022:08:43:18 +0200] "GET /robots.txt HTTP/1.1" 200 - "-" "Mozilla/5.0 (compatible; Neevabot/1.0; +https://neeva.com/neevabot)"
54.161.41.102 - - [29/Mar/2022:08:43:23 +0200] "GET /PodCast/Wortwaarte HTTP/1.1" 200 9483 "-" "Mozilla/5.0 (compatible; Neevabot/1.0; +https://neeva.com/neevabot)"
185.191.171.23 - - [29/Mar/2022:08:44:06 +0200] "GET /PmWikiDe/AvailableActions?action=print HTTP/1.1" 403 18 "-" "Mozilla/5.0 (compatible; SemrushBot/7~bl; +http://www.semrush.com/bot.html)"
85.25.177.219 - - [29/Mar/2022:08:44:32 +0200] "GET /Hilfe/AnleitungTonbeispiele?action=diff HTTP/1.1" 200 13229 "-" "Mozilla/5.0 (X11; Linux x86_64; rv:81.0) Gecko/20100101 Firefox/81.0"
194.209.200.2 - - [29/Mar/2022:08:48:17 +0200] "GET /robots.txt HTTP/1.1" 200 - "-" "Mozilla/5.0 (compatible; TMMBot/0.2; +http://www.dslab.ch)/Nutch-1.15"
194.209.200.2 - - [29/Mar/2022:08:48:17 +0200] "GET /Texte/ZurcherischEnglish HTTP/1.1" 200 8274 "-" "Mozilla/5.0 (compatible; TMMBot/0.2; +http://www.dslab.ch)/Nutch-1.15"
194.209.200.2 - - [29/Mar/2022:08:49:29 +0200] "GET /Admin/Jahresbericht HTTP/1.1" 200 45530 "-" "Mozilla/5.0 (compatible; TMMBot/0.2; +http://www.dslab.ch)/Nutch-1.15"
185.191.171.39 - - [29/Mar/2022:08:50:08 +0200] "GET /PmWikiFr/WikiArchitecture?action=diff HTTP/1.1" 403 18 "-" "Mozilla/5.0 (compatible; SemrushBot/7~bl; +http://www.semrush.com/bot.html)"
194.209.200.2 - - [29/Mar/2022:08:50:43 +0200] "GET /Texte/GDicht HTTP/1.1" 200 8050 "-" "Mozilla/5.0 (compatible; TMMBot/0.2; +http://www.dslab.ch)/Nutch-1.15"
194.209.200.2 - - [29/Mar/2022:08:51:10 +0200] "GET /Admin/Links HTTP/1.1" 200 14193 "-" "Mozilla/5.0 (compatible; TMMBot/0.2; +http://www.dslab.ch)/Nutch-1.15"
194.209.200.2 - - [29/Mar/2022:08:51:17 +0200] "GET /Texte/Metamorphoses HTTP/1.1" 200 9045 "-" "Mozilla/5.0 (compatible; TMMBot/0.2; +http://www.dslab.ch)/Nutch-1.15"
194.209.200.2 - - [29/Mar/2022:08:53:49 +0200] "GET /Gast/Podcast HTTP/1.1" 200 8106 "-" "Mozilla/5.0 (compatible; TMMBot/0.2; +http://www.dslab.ch)/Nutch-1.15"
42.236.17.195 - - [29/Mar/2022:08:54:14 +0200] "GET /Texte/ArsAmatoria HTTP/1.1" 200 12369 "http://www.pro-zurituutsch.ch/" "Mozilla/5.0 (iPhone; CPU OS 11_0 like Mac OS X) AppleWebKit/604.1.25 (KHTML, like Gecko) Version/11.0 Mobile/15A372 Safari/604.1"
194.209.200.2 - - [29/Mar/2022:08:54:14 +0200] "GET /Hilfe/AnleitungTonbeispiele HTTP/1.1" 200 9878 "-" "Mozilla/5.0 (compatible; TMMBot/0.2; +http://www.dslab.ch)/Nutch-1.15"
42.236.17.195 - - [29/Mar/2022:08:54:15 +0200] "GET /pub/skins/pro-zurituutsch/gila.css HTTP/1.1" 200 10186 "http://www.pro-zurituutsch.ch/Texte/ArsAmatoria" "Mozilla/5.0 (iPhone; CPU OS 11_0 like Mac OS X) AppleWebKit/604.1.25 (KHTML, like Gecko) Version/11.0 Mobile/15A372 Safari/604.1"
194.209.200.2 - - [29/Mar/2022:09:05:23 +0200] "GET /robots.txt HTTP/1.1" 200 - "-" "Mozilla/5.0 (compatible; TMMBot/0.2; +http://www.dslab.ch)/Nutch-1.15"
194.209.200.2 - - [29/Mar/2022:09:05:23 +0200] "GET / HTTP/1.1" 200 14638 "-" "Mozilla/5.0 (compatible; TMMBot/0.2; +http://www.dslab.ch)/Nutch-1.15"
185.191.171.11 - - [29/Mar/2022:09:15:47 +0200] "GET /robots.txt HTTP/1.1" 200 - "-" "Mozilla/5.0 (compatible; SemrushBot/7~bl; +http://www.semrush.com/bot.html)"
185.191.171.40 - - [29/Mar/2022:09:15:48 +0200] "GET /PmWikiFr/WikiFarms?action=edit HTTP/1.1" 403 18 "-" "Mozilla/5.0 (compatible; SemrushBot/7~bl; +http://www.semrush.com/bot.html)"
194.209.200.2 - - [29/Mar/2022:09:16:49 +0200] "GET /robots.txt HTTP/1.1" 200 - "-" "Mozilla/5.0 (compatible; TMMBot/0.2; +http://www.dslab.ch)/Nutch-1.15"
194.209.200.2 - - [29/Mar/2022:09:16:49 +0200] "GET /Texte/ZurcherischEnglish HTTP/1.1" 200 8274 "-" "Mozilla/5.0 (compatible; TMMBot/0.2; +http://www.dslab.ch)/Nutch-1.15"
194.209.200.2 - - [29/Mar/2022:09:19:39 +0200] "GET /Texte/GDicht HTTP/1.1" 200 8050 "-" "Mozilla/5.0 (compatible; TMMBot/0.2; +http://www.dslab.ch)/Nutch-1.15"
194.209.200.2 - - [29/Mar/2022:09:20:09 +0200] "GET /Admin/Links HTTP/1.1" 200 14193 "-" "Mozilla/5.0 (compatible; TMMBot/0.2; +http://www.dslab.ch)/Nutch-1.15"
194.209.200.2 - - [29/Mar/2022:09:20:18 +0200] "GET /Texte/Metamorphoses HTTP/1.1" 200 9045 "-" "Mozilla/5.0 (compatible; TMMBot/0.2; +http://www.dslab.ch)/Nutch-1.15"
54.36.149.8 - - [29/Mar/2022:09:22:42 +0200] "GET /Gast/Podcast HTTP/1.1" 200 8106 "-" "Mozilla/5.0 (compatible; AhrefsBot/7.0; +http://ahrefs.com/robot/)"
194.209.200.2 - - [29/Mar/2022:09:23:11 +0200] "GET /robots.txt HTTP/1.1" 200 - "-" "Mozilla/5.0 (compatible; TMMBot/0.2; +http://www.dslab.ch)/Nutch-1.15"
194.209.200.2 - - [29/Mar/2022:09:23:11 +0200] "GET / HTTP/1.1" 200 14638 "-" "Mozilla/5.0 (compatible; TMMBot/0.2; +http://www.dslab.ch)/Nutch-1.15"
185.191.171.38 - - [29/Mar/2022:09:23:20 +0200] "GET /PmWikiPtBr/Sandbox?action=edit HTTP/1.1" 403 18 "-" "Mozilla/5.0 (compatible; SemrushBot/7~bl; +http://www.semrush.com/bot.html)"
194.209.200.2 - - [29/Mar/2022:09:23:42 +0200] "GET /Gast/Podcast HTTP/1.1" 200 8106 "-" "Mozilla/5.0 (compatible; TMMBot/0.2; +http://www.dslab.ch)/Nutch-1.15"
185.191.171.40 - - [29/Mar/2022:09:23:58 +0200] "GET /Texte/Schrybwys HTTP/1.1" 200 11028 "-" "Mozilla/5.0 (compatible; SemrushBot/7~bl; +http://www.semrush.com/bot.html)"
194.209.200.2 - - [29/Mar/2022:09:24:21 +0200] "GET /Hilfe/AnleitungTonbeispiele HTTP/1.1" 200 9878 "-" "Mozilla/5.0 (compatible; TMMBot/0.2; +http://www.dslab.ch)/Nutch-1.15"
148.72.232.57 - - [29/Mar/2022:09:31:54 +0200] "GET /wordpress/ HTTP/1.1" 404 276 "-" "-"
66.249.70.126 - - [29/Mar/2022:09:32:19 +0200] "GET /PodCast/IndexPage?action=rss HTTP/1.1" 200 6298 "-" "Mozilla/5.0 (compatible; Googlebot/2.1; +http://www.google.com/bot.html)"
88.130.159.186 - - [29/Mar/2022:09:44:15 +0200] "GET /PodCast/IndexPage?action=rss HTTP/1.1" 200 6298 "-" "Podcasts/1640.21.7 CFNetwork/1331.0.7 Darwin/21.4.0"
130.255.166.142 - - [29/Mar/2022:09:49:36 +0200] "GET /robots.txt HTTP/1.1" 200 - "-" "Mozilla/5.0 (Macintosh; Intel Mac OS X 10_13_6) AppleWebKit/537.36 (KHTML, like Gecko) Chrome/91.0.4472.114 Safari/537.36"
130.255.166.51 - - [29/Mar/2022:09:49:36 +0200] "GET /humans.txt HTTP/1.1" 404 276 "-" "Mozilla/5.0 (Macintosh; Intel Mac OS X 10_13_6) AppleWebKit/537.36 (KHTML, like Gecko) Chrome/91.0.4472.114 Safari/537.36"
130.255.166.121 - - [29/Mar/2022:09:49:36 +0200] "GET /ads.txt HTTP/1.1" 404 273 "-" "Mozilla/5.0 (Macintosh; Intel Mac OS X 10_13_6) AppleWebKit/537.36 (KHTML, like Gecko) Chrome/91.0.4472.114 Safari/537.36"
130.255.166.82 - - [29/Mar/2022:09:49:36 +0200] "GET / HTTP/1.1" 200 14638 "-" "Mozilla/5.0 (Macintosh; Intel Mac OS X 10_13_6) AppleWebKit/537.36 (KHTML, like Gecko) Chrome/91.0.4472.114 Safari/537.36"
51.254.199.11 - - [29/Mar/2022:09:50:46 +0200] "GET / HTTP/1.1" 200 14638 "-" "Mozilla/5.0 (Windows NT 10.0; Win64; x64) AppleWebKit/537.36 (KHTML, like Gecko) Chrome/74.0.3729.169 Safari/537.36"
185.191.171.4 - - [29/Mar/2022:09:50:52 +0200] "GET /PmWikiPtBr/EnvieDinheiroParaPM HTTP/1.1" 200 10996 "-" "Mozilla/5.0 (compatible; SemrushBot/7~bl; +http://www.semrush.com/bot.html)"
194.209.200.2 - - [29/Mar/2022:09:52:25 +0200] "GET /robots.txt HTTP/1.1" 200 - "-" "Mozilla/5.0 (compatible; TMMBot/0.2; +http://www.dslab.ch)/Nutch-1.15"
194.209.200.2 - - [29/Mar/2022:09:52:25 +0200] "GET / HTTP/1.1" 200 14638 "-" "Mozilla/5.0 (compatible; TMMBot/0.2; +http://www.dslab.ch)/Nutch-1.15"
194.209.200.2 - - [29/Mar/2022:10:03:42 +0200] "GET /robots.txt HTTP/1.1" 200 - "-" "Mozilla/5.0 (compatible; TMMBot/0.2; +http://www.dslab.ch)/Nutch-1.15"
194.209.200.2 - - [29/Mar/2022:10:03:42 +0200] "GET /Texte/GDicht HTTP/1.1" 200 8050 "-" "Mozilla/5.0 (compatible; TMMBot/0.2; +http://www.dslab.ch)/Nutch-1.15"
194.209.200.2 - - [29/Mar/2022:10:04:09 +0200] "GET /Admin/Links HTTP/1.1" 200 14193 "-" "Mozilla/5.0 (compatible; TMMBot/0.2; +http://www.dslab.ch)/Nutch-1.15"
194.209.200.2 - - [29/Mar/2022:10:04:16 +0200] "GET /Texte/Metamorphoses HTTP/1.1" 200 9045 "-" "Mozilla/5.0 (compatible; TMMBot/0.2; +http://www.dslab.ch)/Nutch-1.15"
185.191.171.18 - - [29/Mar/2022:10:04:24 +0200] "GET /PmWikiDe/Dokumentationsindex?action=print HTTP/1.1" 403 18 "-" "Mozilla/5.0 (compatible; SemrushBot/7~bl; +http://www.semrush.com/bot.html)"
194.209.200.2 - - [29/Mar/2022:10:06:53 +0200] "GET /Gast/Podcast HTTP/1.1" 200 8106 "-" "Mozilla/5.0 (compatible; TMMBot/0.2; +http://www.dslab.ch)/Nutch-1.15"
194.209.200.2 - - [29/Mar/2022:10:07:19 +0200] "GET /Hilfe/AnleitungTonbeispiele HTTP/1.1" 200 9878 "-" "Mozilla/5.0 (compatible; TMMBot/0.2; +http://www.dslab.ch)/Nutch-1.15"
194.38.20.161 - - [29/Mar/2022:10:15:23 +0200] "GET /assets/global/plugins/plupload/examples/upload.php HTTP/1.1" 404 316 "-" "ALittle Client"
209.141.36.231 - - [29/Mar/2022:10:27:22 +0200] "GET / HTTP/1.1" 200 14638 "-" "Mozilla/5.0 (Macintosh; Intel Mac OS X 10_15_7) AppleWebKit/537.36 (KHTML, like Gecko) Chrome/96.0.4664.110 Safari/537.36"
36.99.136.137 - - [29/Mar/2022:10:27:24 +0200] "GET / HTTP/1.1" 200 14638 "-" "Mozilla/5.0 (Macintosh; Intel Mac OS X 11_0_0) AppleWebKit/537.36 (KHTML, like Gecko) Chrome/87.0.4280.88 Safari/537.36"
209.141.36.231 - - [29/Mar/2022:10:27:29 +0200] "GET /pub/skins/pro-zurituutsch/images/favicon.ico HTTP/1.1" 200 1406 "-" "Mozilla/5.0 (Macintosh; Intel Mac OS X 10_15_7) AppleWebKit/537.36 (KHTML, like Gecko) Chrome/96.0.4664.110 Safari/537.36"
209.141.36.231 - - [29/Mar/2022:10:27:49 +0200] "GET / HTTP/1.1" 200 14638 "-" "Mozilla/5.0 (Macintosh; Intel Mac OS X 10_15_7) AppleWebKit/537.36 (KHTML, like Gecko) Chrome/96.0.4664.110 Safari/537.36"
36.99.136.128 - - [29/Mar/2022:10:27:52 +0200] "GET / HTTP/1.1" 200 14638 "-" "Mozilla/5.0 (Macintosh; Intel Mac OS X 11_0_0) AppleWebKit/537.36 (KHTML, like Gecko) Chrome/87.0.4280.88 Safari/537.36"
209.141.51.49 - - [29/Mar/2022:10:27:57 +0200] "GET /pub/skins/pro-zurituutsch/images/favicon.ico HTTP/1.1" 200 1406 "-" "Mozilla/5.0 (Macintosh; Intel Mac OS X 10_15_7) AppleWebKit/537.36 (KHTML, like Gecko) Chrome/96.0.4664.110 Safari/537.36"
66.249.70.126 - - [29/Mar/2022:10:36:25 +0200] "GET /PodCast/IndexPage?action=rss HTTP/1.1" 200 6298 "-" "Mozilla/5.0 (compatible; Googlebot/2.1; +http://www.google.com/bot.html)"
108.62.24.249 - - [29/Mar/2022:10:44:18 +0200] "GET /Texte/Rezension HTTP/1.1" 200 11812 "http://www.pro-zurituutsch.ch" "Mozilla/5.0 (Windows NT 10.0; Win64; x64) AppleWebKit/537.36 (KHTML, like Gecko) Chrome/62.0.3202.94 Safari/537.36"
3.216.185.164 - - [29/Mar/2022:10:45:23 +0200] "GET /PodCast/IndexPage?action=rss HTTP/1.1" 200 6298 "-" "PocketCasts/1.0 (Pocket Casts Feed Parser; +http://pocketcasts.com/)"
194.209.200.2 - - [29/Mar/2022:10:46:19 +0200] "GET /robots.txt HTTP/1.1" 200 - "-" "Mozilla/5.0 (compatible; TMMBot/0.2; +http://www.dslab.ch)/Nutch-1.15"
194.209.200.2 - - [29/Mar/2022:10:46:19 +0200] "GET /Admin/Jahresbericht HTTP/1.1" 200 45530 "-" "Mozilla/5.0 (compatible; TMMBot/0.2; +http://www.dslab.ch)/Nutch-1.15"
194.209.200.2 - - [29/Mar/2022:10:47:39 +0200] "GET /Texte/GDicht HTTP/1.1" 200 8050 "-" "Mozilla/5.0 (compatible; TMMBot/0.2; +http://www.dslab.ch)/Nutch-1.15"
194.209.200.2 - - [29/Mar/2022:10:48:06 +0200] "GET /Admin/Links HTTP/1.1" 200 14193 "-" "Mozilla/5.0 (compatible; TMMBot/0.2; +http://www.dslab.ch)/Nutch-1.15"
194.209.200.2 - - [29/Mar/2022:10:48:14 +0200] "GET /Texte/Metamorphoses HTTP/1.1" 200 9045 "-" "Mozilla/5.0 (compatible; TMMBot/0.2; +http://www.dslab.ch)/Nutch-1.15"
194.209.200.2 - - [29/Mar/2022:10:50:55 +0200] "GET /Gast/Podcast HTTP/1.1" 200 8106 "-" "Mozilla/5.0 (compatible; TMMBot/0.2; +http://www.dslab.ch)/Nutch-1.15"
194.209.200.2 - - [29/Mar/2022:10:51:22 +0200] "GET /Hilfe/AnleitungTonbeispiele HTTP/1.1" 200 9878 "-" "Mozilla/5.0 (compatible; TMMBot/0.2; +http://www.dslab.ch)/Nutch-1.15"
194.209.200.2 - - [29/Mar/2022:10:52:32 +0200] "GET /robots.txt HTTP/1.1" 200 - "-" "Mozilla/5.0 (compatible; TMMBot/0.2; +http://www.dslab.ch)/Nutch-1.15"
194.209.200.2 - - [29/Mar/2022:10:52:32 +0200] "GET / HTTP/1.1" 200 14638 "-" "Mozilla/5.0 (compatible; TMMBot/0.2; +http://www.dslab.ch)/Nutch-1.15"
185.191.171.35 - - [29/Mar/2022:11:05:05 +0200] "GET /robots.txt HTTP/1.1" 200 - "-" "Mozilla/5.0 (compatible; SemrushBot/7~bl; +http://www.semrush.com/bot.html)"
185.191.171.3 - - [29/Mar/2022:11:05:05 +0200] "GET /PmWikiIt/CercaWiki?action=edit HTTP/1.1" 403 18 "-" "Mozilla/5.0 (compatible; SemrushBot/7~bl; +http://www.semrush.com/bot.html)"
42.236.10.110 - - [29/Mar/2022:11:07:36 +0200] "GET / HTTP/1.1" 200 14638 "http://www.pro-zurituutsch.ch/" "Mozilla/5.0 (Windows NT 6.1; WOW64) AppleWebKit/537.36 (KHTML, like Gecko) Chrome/50.0.2661.102 Safari/537.36; 360Spider"
50.116.52.70 - - [29/Mar/2022:11:11:18 +0200] "GET /PodCast/IndexPage?action=rss HTTP/1.1" 200 6298 "-" "PlayerFM/1.0 Podcast Sync (1 subscribers; url=https://player.fm/series/podcast-2872909)"
194.209.200.2 - - [29/Mar/2022:11:13:08 +0200] "GET /robots.txt HTTP/1.1" 200 - "-" "Mozilla/5.0 (compatible; TMMBot/0.2; +http://www.dslab.ch)/Nutch-1.15"
194.209.200.2 - - [29/Mar/2022:11:13:08 +0200] "GET /Texte/ZurcherischEnglish HTTP/1.1" 200 8274 "-" "Mozilla/5.0 (compatible; TMMBot/0.2; +http://www.dslab.ch)/Nutch-1.15"
194.209.200.2 - - [29/Mar/2022:11:15:44 +0200] "GET /Texte/GDicht HTTP/1.1" 200 8050 "-" "Mozilla/5.0 (compatible; TMMBot/0.2; +http://www.dslab.ch)/Nutch-1.15"
194.209.200.2 - - [29/Mar/2022:11:16:12 +0200] "GET /Admin/Links HTTP/1.1" 200 14193 "-" "Mozilla/5.0 (compatible; TMMBot/0.2; +http://www.dslab.ch)/Nutch-1.15"
194.209.200.2 - - [29/Mar/2022:11:16:21 +0200] "GET /Texte/Metamorphoses HTTP/1.1" 200 9045 "-" "Mozilla/5.0 (compatible; TMMBot/0.2; +http://www.dslab.ch)/Nutch-1.15"
54.36.148.39 - - [29/Mar/2022:11:16:51 +0200] "GET /robots.txt HTTP/1.1" 200 - "-" "Mozilla/5.0 (compatible; AhrefsBot/7.0; +http://ahrefs.com/robot/)"
54.36.149.82 - - [29/Mar/2022:11:16:51 +0200] "GET /Hilfe/AnleitungTonbeispiele HTTP/1.1" 200 9878 "-" "Mozilla/5.0 (compatible; AhrefsBot/7.0; +http://ahrefs.com/robot/)"
194.209.200.2 - - [29/Mar/2022:11:18:08 +0200] "GET /Admin/Pro-ZurituutschStatuten HTTP/1.1" 200 9580 "-" "Mozilla/5.0 (compatible; TMMBot/0.2; +http://www.dslab.ch)/Nutch-1.15"
194.209.200.2 - - [29/Mar/2022:11:19:03 +0200] "GET /Gast/Podcast HTTP/1.1" 200 8106 "-" "Mozilla/5.0 (compatible; TMMBot/0.2; +http://www.dslab.ch)/Nutch-1.15"
194.209.200.2 - - [29/Mar/2022:11:19:30 +0200] "GET /Hilfe/AnleitungTonbeispiele HTTP/1.1" 200 9878 "-" "Mozilla/5.0 (compatible; TMMBot/0.2; +http://www.dslab.ch)/Nutch-1.15"
185.191.171.8 - - [29/Mar/2022:11:20:07 +0200] "GET /PmWikiRu/PageHistory?action=diff HTTP/1.1" 403 18 "-" "Mozilla/5.0 (compatible; SemrushBot/7~bl; +http://www.semrush.com/bot.html)"
42.236.10.71 - - [29/Mar/2022:11:25:31 +0200] "GET /PodCast/PodCast HTTP/1.1" 200 29790 "http://www.pro-zurituutsch.ch/PodCast/PodCast" "Mozilla/5.0 (iPhone; CPU iPhone OS 11_0 like Mac OS X) AppleWebKit/604.1.34 (KHTML, like Gecko) Version/11.0 Mobile/15A5341f Safari/604.1;360Spider"
185.191.171.44 - - [29/Mar/2022:11:28:24 +0200] "GET /PmWikiRu/A?action=search&fmt=title&q=link%3DPmWikiRu.References HTTP/1.1" 404 18 "-" "Mozilla/5.0 (compatible; SemrushBot/7~bl; +http://www.semrush.com/bot.html)"
185.191.171.14 - - [29/Mar/2022:11:33:49 +0200] "GET /PmWiki/SimpleTables?action=edit HTTP/1.1" 404 18 "-" "Mozilla/5.0 (compatible; SemrushBot/7~bl; +http://www.semrush.com/bot.html)"
54.36.148.141 - - [29/Mar/2022:11:37:16 +0200] "GET /Texte/Gloosse HTTP/1.1" 200 8061 "-" "Mozilla/5.0 (compatible; AhrefsBot/7.0; +http://ahrefs.com/robot/)"
66.249.70.124 - - [29/Mar/2022:11:39:05 +0200] "GET /PodCast/IndexPage?action=rss HTTP/1.1" 200 6298 "-" "Mozilla/5.0 (compatible; Googlebot/2.1; +http://www.google.com/bot.html)"
185.191.171.14 - - [29/Mar/2022:11:41:22 +0200] "GET /PmWikiFr/IncludeOtherPages?action=upload HTTP/1.1" 403 18 "-" "Mozilla/5.0 (compatible; SemrushBot/7~bl; +http://www.semrush.com/bot.html)"
194.209.200.2 - - [29/Mar/2022:11:42:03 +0200] "GET /robots.txt HTTP/1.1" 200 - "-" "Mozilla/5.0 (compatible; TMMBot/0.2; +http://www.dslab.ch)/Nutch-1.15"
194.209.200.2 - - [29/Mar/2022:11:42:03 +0200] "GET /Texte/Limericks HTTP/1.1" 200 8087 "-" "Mozilla/5.0 (compatible; TMMBot/0.2; +http://www.dslab.ch)/Nutch-1.15"
194.209.200.2 - - [29/Mar/2022:11:43:07 +0200] "GET /Texte/GDicht HTTP/1.1" 200 8050 "-" "Mozilla/5.0 (compatible; TMMBot/0.2; +http://www.dslab.ch)/Nutch-1.15"
194.209.200.2 - - [29/Mar/2022:11:43:37 +0200] "GET /Admin/Links HTTP/1.1" 200 14193 "-" "Mozilla/5.0 (compatible; TMMBot/0.2; +http://www.dslab.ch)/Nutch-1.15"
194.209.200.2 - - [29/Mar/2022:11:43:47 +0200] "GET /Texte/Metamorphoses HTTP/1.1" 200 9045 "-" "Mozilla/5.0 (compatible; TMMBot/0.2; +http://www.dslab.ch)/Nutch-1.15"
194.209.200.2 - - [29/Mar/2022:11:46:37 +0200] "GET /Gast/Podcast HTTP/1.1" 200 8106 "-" "Mozilla/5.0 (compatible; TMMBot/0.2; +http://www.dslab.ch)/Nutch-1.15"
194.209.200.2 - - [29/Mar/2022:11:47:05 +0200] "GET /Hilfe/AnleitungTonbeispiele HTTP/1.1" 200 9878 "-" "Mozilla/5.0 (compatible; TMMBot/0.2; +http://www.dslab.ch)/Nutch-1.15"
185.191.171.38 - - [29/Mar/2022:11:48:50 +0200] "GET /PmWikiFr/CustomInterMap?action=edit HTTP/1.1" 403 18 "-" "Mozilla/5.0 (compatible; SemrushBot/7~bl; +http://www.semrush.com/bot.html)"
85.4.174.184 - - [29/Mar/2022:12:00:33 +0200] "GET / HTTP/1.1" 200 14638 "-" "Mozilla/5.0 (Macintosh; Intel Mac OS X 10_15_6) AppleWebKit/605.1.15 (KHTML, like Gecko) Version/15.3 Safari/605.1.15"
85.4.174.184 - - [29/Mar/2022:12:00:33 +0200] "GET /pub/skins/pro-zurituutsch/gila.css HTTP/1.1" 200 10186 "http://www.pro-zurituutsch.ch/" "Mozilla/5.0 (Macintosh; Intel Mac OS X 10_15_6) AppleWebKit/605.1.15 (KHTML, like Gecko) Version/15.3 Safari/605.1.15"
85.4.174.184 - - [29/Mar/2022:12:00:33 +0200] "GET /uploads/Main/logo.jpg HTTP/1.1" 200 29066 "http://www.pro-zurituutsch.ch/" "Mozilla/5.0 (Macintosh; Intel Mac OS X 10_15_6) AppleWebKit/605.1.15 (KHTML, like Gecko) Version/15.3 Safari/605.1.15"
85.4.174.184 - - [29/Mar/2022:12:00:33 +0200] "GET /pub/skins/pro-zurituutsch/images/external.png HTTP/1.1" 200 165 "http://www.pro-zurituutsch.ch/" "Mozilla/5.0 (Macintosh; Intel Mac OS X 10_15_6) AppleWebKit/605.1.15 (KHTML, like Gecko) Version/15.3 Safari/605.1.15"
85.4.174.184 - - [29/Mar/2022:12:00:33 +0200] "GET /pub/skins/pro-zurituutsch/images/favicon.ico HTTP/1.1" 200 1406 "http://www.pro-zurituutsch.ch/" "Mozilla/5.0 (Macintosh; Intel Mac OS X 10_15_6) AppleWebKit/605.1.15 (KHTML, like Gecko) Version/15.3 Safari/605.1.15"
194.209.200.2 - - [29/Mar/2022:12:06:08 +0200] "GET /robots.txt HTTP/1.1" 200 - "-" "Mozilla/5.0 (compatible; TMMBot/0.2; +http://www.dslab.ch)/Nutch-1.15"
194.209.200.2 - - [29/Mar/2022:12:06:08 +0200] "GET /Texte/ZurcherischEnglish HTTP/1.1" 200 8274 "-" "Mozilla/5.0 (compatible; TMMBot/0.2; +http://www.dslab.ch)/Nutch-1.15"
