54.36.149.15 - - [05/Sep/2022:17:19:06 +0200] "GET /Texte/Styluebige HTTP/1.1" 200 9998 "-" "Mozilla/5.0 (compatible; AhrefsBot/7.0; +http://ahrefs.com/robot/)"
85.25.177.139 - - [05/Sep/2022:17:19:58 +0200] "GET /PmWiki/PageVariables?action=diff&source=y&minor=n HTTP/1.1" 200 9283 "-" "Mozilla/5.0 (Macintosh; Intel Mac OS X 10.15; rv:103.0) Gecko/20100101 Firefox/103.0"
85.25.177.139 - - [05/Sep/2022:17:20:29 +0200] "GET /Category/Security?action=diff&source=y&minor=n HTTP/1.1" 200 9214 "-" "Mozilla/5.0 (Macintosh; Intel Mac OS X 10.15; rv:103.0) Gecko/20100101 Firefox/103.0"
85.25.177.139 - - [05/Sep/2022:17:21:11 +0200] "GET /PmWiki/PageVariables?action=diff&source=n&minor=y HTTP/1.1" 200 9293 "-" "Mozilla/5.0 (Macintosh; Intel Mac OS X 10.15; rv:103.0) Gecko/20100101 Firefox/103.0"
85.25.177.139 - - [05/Sep/2022:17:21:48 +0200] "GET /Category/Security?action=edit HTTP/1.1" 200 8649 "-" "Mozilla/5.0 (Macintosh; Intel Mac OS X 10.15; rv:103.0) Gecko/20100101 Firefox/103.0"
85.25.177.139 - - [05/Sep/2022:17:22:24 +0200] "GET /PodCast/PodCast?action=print HTTP/1.1" 200 31455 "-" "Mozilla/5.0 (Macintosh; Intel Mac OS X 10.15; rv:103.0) Gecko/20100101 Firefox/103.0"
185.191.171.25 - - [05/Sep/2022:17:22:56 +0200] "GET /PmWikiVi/BNgNGiN2?action=edit HTTP/1.1" 404 18 "-" "Mozilla/5.0 (compatible; SemrushBot/7~bl; +http://www.semrush.com/bot.html)"
85.25.177.139 - - [05/Sep/2022:17:23:06 +0200] "GET /PmWiki/Requirements?action=edit HTTP/1.1" 200 8678 "-" "Mozilla/5.0 (Macintosh; Intel Mac OS X 10.15; rv:103.0) Gecko/20100101 Firefox/103.0"
85.25.177.139 - - [05/Sep/2022:17:24:45 +0200] "GET /PmWiki/Requirements?action=diff HTTP/1.1" 200 9249 "-" "Mozilla/5.0 (Macintosh; Intel Mac OS X 10.15; rv:103.0) Gecko/20100101 Firefox/103.0"
185.191.171.2 - - [05/Sep/2022:17:25:23 +0200] "GET /PmWikiRu/PageVariables?action=diff HTTP/1.1" 403 18 "-" "Mozilla/5.0 (compatible; SemrushBot/7~bl; +http://www.semrush.com/bot.html)"
85.25.177.139 - - [05/Sep/2022:17:26:28 +0200] "GET /Site/72Mourte1476?action=print HTTP/1.1" 200 15326 "-" "Mozilla/5.0 (Macintosh; Intel Mac OS X 10.15; rv:103.0) Gecko/20100101 Firefox/103.0"
85.25.177.139 - - [05/Sep/2022:17:27:16 +0200] "GET /PmWiki/WikiWikiWeb?action=diff&source=n&minor=y HTTP/1.1" 200 9245 "-" "Mozilla/5.0 (Macintosh; Intel Mac OS X 10.15; rv:103.0) Gecko/20100101 Firefox/103.0"
85.25.177.139 - - [05/Sep/2022:17:28:02 +0200] "GET /PodCast/Limerick1?action=print HTTP/1.1" 200 2879 "-" "Mozilla/5.0 (Macintosh; Intel Mac OS X 10.15; rv:103.0) Gecko/20100101 Firefox/103.0"
85.25.177.139 - - [05/Sep/2022:17:28:50 +0200] "GET /PmWiki/WikiWikiWeb?action=diff&source=y&minor=n HTTP/1.1" 200 9235 "-" "Mozilla/5.0 (Macintosh; Intel Mac OS X 10.15; rv:103.0) Gecko/20100101 Firefox/103.0"
3.82.245.135 - - [05/Sep/2022:17:29:17 +0200] "GET /PodCast/IndexPage?action=rss HTTP/1.1" 200 6298 "https://www.google.com/" "Mozilla/5.0 (Windows NT 10.0; Win64; x64; rv:68.0) Gecko/20100101 Firefox/68.0"
185.191.171.44 - - [05/Sep/2022:17:29:40 +0200] "GET /PmWikiTa/PmWikiTa HTTP/1.1" 200 9543 "-" "Mozilla/5.0 (compatible; SemrushBot/7~bl; +http://www.semrush.com/bot.html)"
85.25.177.139 - - [05/Sep/2022:17:29:57 +0200] "GET /PodCast/JBJ401?action=print HTTP/1.1" 200 14621 "-" "Mozilla/5.0 (Macintosh; Intel Mac OS X 10.15; rv:103.0) Gecko/20100101 Firefox/103.0"
85.25.177.139 - - [05/Sep/2022:17:30:42 +0200] "GET /PmWikiFr/ReleaseNotes?action=upload HTTP/1.1" 200 8997 "-" "Mozilla/5.0 (Macintosh; Intel Mac OS X 10.15; rv:103.0) Gecko/20100101 Firefox/103.0"
85.25.177.139 - - [05/Sep/2022:17:31:42 +0200] "GET /PodCast/Griechestroom?action=print HTTP/1.1" 200 6555 "-" "Mozilla/5.0 (Macintosh; Intel Mac OS X 10.15; rv:103.0) Gecko/20100101 Firefox/103.0"
85.25.177.139 - - [05/Sep/2022:17:32:21 +0200] "GET /PmWikiFr/StylesWikiStyle?action=edit HTTP/1.1" 200 9133 "-" "Mozilla/5.0 (Macintosh; Intel Mac OS X 10.15; rv:103.0) Gecko/20100101 Firefox/103.0"
66.249.76.241 - - [05/Sep/2022:17:33:36 +0200] "GET /PodCast/IndexPage?action=rss HTTP/1.1" 200 6298 "-" "Mozilla/5.0 (compatible; Googlebot/2.1; +http://www.google.com/bot.html)"
85.25.177.139 - - [05/Sep/2022:17:33:38 +0200] "GET /PodCast/Erdegluck?action=print HTTP/1.1" 200 10914 "-" "Mozilla/5.0 (Macintosh; Intel Mac OS X 10.15; rv:103.0) Gecko/20100101 Firefox/103.0"
85.25.177.139 - - [05/Sep/2022:17:34:04 +0200] "GET /PmWikiFr/WebFeeds?action=edit HTTP/1.1" 200 9033 "-" "Mozilla/5.0 (Macintosh; Intel Mac OS X 10.15; rv:103.0) Gecko/20100101 Firefox/103.0"
85.25.177.139 - - [05/Sep/2022:17:35:44 +0200] "GET /PmWikiFr/Download HTTP/1.1" 200 10964 "-" "Mozilla/5.0 (Macintosh; Intel Mac OS X 10.15; rv:103.0) Gecko/20100101 Firefox/103.0"
185.30.198.234 - - [05/Sep/2022:17:35:51 +0200] "GET / HTTP/1.1" 200 15085 "https://www.google.cz/" "Mozilla/5.0 (Windows NT 10.0; Win64; x64) AppleWebKit/537.36 (KHTML, like Gecko) Chrome/105.0.0.0 Safari/537.36 Edg/105.0.1343.27"
185.30.198.234 - - [05/Sep/2022:17:35:51 +0200] "GET /pub/skins/pro-zurituutsch/gila.css HTTP/1.1" 200 10186 "http://www.pro-zurituutsch.ch/" "Mozilla/5.0 (Windows NT 10.0; Win64; x64) AppleWebKit/537.36 (KHTML, like Gecko) Chrome/105.0.0.0 Safari/537.36 Edg/105.0.1343.27"
185.30.198.234 - - [05/Sep/2022:17:35:51 +0200] "GET /uploads/Main/logo.jpg HTTP/1.1" 200 29066 "http://www.pro-zurituutsch.ch/" "Mozilla/5.0 (Windows NT 10.0; Win64; x64) AppleWebKit/537.36 (KHTML, like Gecko) Chrome/105.0.0.0 Safari/537.36 Edg/105.0.1343.27"
185.30.198.234 - - [05/Sep/2022:17:35:51 +0200] "GET /pub/skins/pro-zurituutsch/images/external.png HTTP/1.1" 200 165 "http://www.pro-zurituutsch.ch/pub/skins/pro-zurituutsch/gila.css" "Mozilla/5.0 (Windows NT 10.0; Win64; x64) AppleWebKit/537.36 (KHTML, like Gecko) Chrome/105.0.0.0 Safari/537.36 Edg/105.0.1343.27"
185.30.198.234 - - [05/Sep/2022:17:35:51 +0200] "GET /pub/skins/pro-zurituutsch/images/favicon.ico HTTP/1.1" 200 1406 "http://www.pro-zurituutsch.ch/" "Mozilla/5.0 (Windows NT 10.0; Win64; x64) AppleWebKit/537.36 (KHTML, like Gecko) Chrome/105.0.0.0 Safari/537.36 Edg/105.0.1343.27"
85.25.177.139 - - [05/Sep/2022:17:36:26 +0200] "GET /Site/181Room1500?action=print HTTP/1.1" 200 16114 "-" "Mozilla/5.0 (Macintosh; Intel Mac OS X 10.15; rv:103.0) Gecko/20100101 Firefox/103.0"
85.25.177.139 - - [05/Sep/2022:17:36:54 +0200] "GET /PmWikiFr/ReleaseNotes?action=edit HTTP/1.1" 200 9097 "-" "Mozilla/5.0 (Macintosh; Intel Mac OS X 10.15; rv:103.0) Gecko/20100101 Firefox/103.0"
85.25.177.139 - - [05/Sep/2022:17:37:56 +0200] "GET /PmWikiFr/StylesWiki?action=edit HTTP/1.1" 200 9061 "-" "Mozilla/5.0 (Macintosh; Intel Mac OS X 10.15; rv:103.0) Gecko/20100101 Firefox/103.0"
85.25.177.139 - - [05/Sep/2022:17:39:26 +0200] "GET /PodCast/Freuidechrafft?action=print HTTP/1.1" 200 11162 "-" "Mozilla/5.0 (Macintosh; Intel Mac OS X 10.15; rv:103.0) Gecko/20100101 Firefox/103.0"
85.25.177.139 - - [05/Sep/2022:17:40:45 +0200] "GET /PmWikiFr/ReleaseNotes?action=diff HTTP/1.1" 200 9672 "-" "Mozilla/5.0 (Macintosh; Intel Mac OS X 10.15; rv:103.0) Gecko/20100101 Firefox/103.0"
85.25.177.139 - - [05/Sep/2022:17:41:52 +0200] "GET /PmWikiFr/IndexComplMents?action=edit HTTP/1.1" 200 9133 "-" "Mozilla/5.0 (Macintosh; Intel Mac OS X 10.15; rv:103.0) Gecko/20100101 Firefox/103.0"
85.25.177.139 - - [05/Sep/2022:17:43:26 +0200] "GET /Site/IndexPage?action=print HTTP/1.1" 200 2292 "-" "Mozilla/5.0 (Macintosh; Intel Mac OS X 10.15; rv:103.0) Gecko/20100101 Firefox/103.0"
85.25.177.139 - - [05/Sep/2022:17:44:00 +0200] "GET /PmWikiFr/MailPosts HTTP/1.1" 200 18392 "-" "Mozilla/5.0 (Macintosh; Intel Mac OS X 10.15; rv:103.0) Gecko/20100101 Firefox/103.0"
85.25.177.139 - - [05/Sep/2022:17:44:57 +0200] "GET /Site/Etnastara?action=print HTTP/1.1" 200 4512 "-" "Mozilla/5.0 (Macintosh; Intel Mac OS X 10.15; rv:103.0) Gecko/20100101 Firefox/103.0"
85.25.177.139 - - [05/Sep/2022:17:45:29 +0200] "GET /PmWikiFr/A?action=print HTTP/1.1" 404 2373 "-" "Mozilla/5.0 (Macintosh; Intel Mac OS X 10.15; rv:103.0) Gecko/20100101 Firefox/103.0"
85.25.177.139 - - [05/Sep/2022:17:46:33 +0200] "GET /Site/32Meuischtergass?action=print HTTP/1.1" 200 15957 "-" "Mozilla/5.0 (Macintosh; Intel Mac OS X 10.15; rv:103.0) Gecko/20100101 Firefox/103.0"
85.25.177.139 - - [05/Sep/2022:17:47:05 +0200] "GET /PmWikiFr/XLPageCookbook HTTP/1.1" 200 14458 "-" "Mozilla/5.0 (Macintosh; Intel Mac OS X 10.15; rv:103.0) Gecko/20100101 Firefox/103.0"
85.25.177.139 - - [05/Sep/2022:17:47:51 +0200] "GET /PodCast/Zwangsnaarig?action=print HTTP/1.1" 200 7235 "-" "Mozilla/5.0 (Macintosh; Intel Mac OS X 10.15; rv:103.0) Gecko/20100101 Firefox/103.0"
85.25.177.139 - - [05/Sep/2022:17:48:46 +0200] "GET /PmWikiFr/A?action=diff HTTP/1.1" 200 9486 "-" "Mozilla/5.0 (Macintosh; Intel Mac OS X 10.15; rv:103.0) Gecko/20100101 Firefox/103.0"
85.25.177.139 - - [05/Sep/2022:17:50:05 +0200] "GET /Profiles/PRZ?action=print HTTP/1.1" 404 2381 "-" "Mozilla/5.0 (Macintosh; Intel Mac OS X 10.15; rv:103.0) Gecko/20100101 Firefox/103.0"
85.25.177.139 - - [05/Sep/2022:17:50:44 +0200] "GET /PodCast/BanquiQuali?action=print HTTP/1.1" 200 5903 "-" "Mozilla/5.0 (Macintosh; Intel Mac OS X 10.15; rv:103.0) Gecko/20100101 Firefox/103.0"
85.25.177.139 - - [05/Sep/2022:17:51:20 +0200] "GET /Profiles/PRZ?action=upload HTTP/1.1" 200 8479 "-" "Mozilla/5.0 (Macintosh; Intel Mac OS X 10.15; rv:103.0) Gecko/20100101 Firefox/103.0"
194.209.200.2 - - [05/Sep/2022:17:51:35 +0200] "GET /robots.txt HTTP/1.1" 200 - "-" "Mozilla/5.0 (compatible; TMMBot/0.2; +http://www.dslab.ch)/Nutch-1.15"
194.209.200.2 - - [05/Sep/2022:17:51:35 +0200] "GET /Admin/Jahresbericht HTTP/1.1" 200 45530 "-" "Mozilla/5.0 (compatible; TMMBot/0.2; +http://www.dslab.ch)/Nutch-1.15"
194.209.200.2 - - [05/Sep/2022:17:51:54 +0200] "GET /Texte/Limericks HTTP/1.1" 200 8087 "-" "Mozilla/5.0 (compatible; TMMBot/0.2; +http://www.dslab.ch)/Nutch-1.15"
85.25.177.139 - - [05/Sep/2022:17:52:40 +0200] "GET /PodCast/Leerplaan?action=print HTTP/1.1" 200 5823 "-" "Mozilla/5.0 (Macintosh; Intel Mac OS X 10.15; rv:103.0) Gecko/20100101 Firefox/103.0"
85.25.177.139 - - [05/Sep/2022:17:53:39 +0200] "GET /PmWiki/CustomMarkup?action=ruleset HTTP/1.1" 200 5824 "-" "Mozilla/5.0 (Macintosh; Intel Mac OS X 10.15; rv:103.0) Gecko/20100101 Firefox/103.0"
85.25.177.139 - - [05/Sep/2022:17:54:28 +0200] "GET /PodCast/Nostalgy?action=print HTTP/1.1" 200 3020 "-" "Mozilla/5.0 (Macintosh; Intel Mac OS X 10.15; rv:103.0) Gecko/20100101 Firefox/103.0"
85.25.177.139 - - [05/Sep/2022:17:55:15 +0200] "GET /PmWiki/CustomMarkup?action=edit HTTP/1.1" 200 8680 "-" "Mozilla/5.0 (Macintosh; Intel Mac OS X 10.15; rv:103.0) Gecko/20100101 Firefox/103.0"
194.209.200.2 - - [05/Sep/2022:17:55:26 +0200] "GET /Admin/Pro-ZurituutschStatuten HTTP/1.1" 200 9580 "-" "Mozilla/5.0 (compatible; TMMBot/0.2; +http://www.dslab.ch)/Nutch-1.15"
185.191.171.9 - - [05/Sep/2022:17:55:36 +0200] "GET /robots.txt HTTP/1.1" 200 - "-" "Mozilla/5.0 (compatible; SemrushBot/7~bl; +http://www.semrush.com/bot.html)"
185.191.171.20 - - [05/Sep/2022:17:55:36 +0200] "GET /PmWikiFr/LocalCustomizations?action=edit HTTP/1.1" 403 18 "-" "Mozilla/5.0 (compatible; SemrushBot/7~bl; +http://www.semrush.com/bot.html)"
85.25.177.139 - - [05/Sep/2022:17:56:37 +0200] "GET /Site/141Taagsatzig1484?action=diff&source=n&minor=n HTTP/1.1" 200 9976 "-" "Mozilla/5.0 (Macintosh; Intel Mac OS X 10.15; rv:103.0) Gecko/20100101 Firefox/103.0"
194.209.200.2 - - [05/Sep/2022:17:56:50 +0200] "GET /Hilfe/AnleitungTonbeispiele HTTP/1.1" 200 9878 "-" "Mozilla/5.0 (compatible; TMMBot/0.2; +http://www.dslab.ch)/Nutch-1.15"
85.25.177.139 - - [05/Sep/2022:17:57:36 +0200] "GET /PodCast/Limerick36B?action=print HTTP/1.1" 200 2340 "-" "Mozilla/5.0 (Macintosh; Intel Mac OS X 10.15; rv:103.0) Gecko/20100101 Firefox/103.0"
85.25.177.139 - - [05/Sep/2022:17:58:17 +0200] "GET /Site/141Taagsatzig1484?action=diff&source=y&minor=y HTTP/1.1" 200 9863 "-" "Mozilla/5.0 (Macintosh; Intel Mac OS X 10.15; rv:103.0) Gecko/20100101 Firefox/103.0"
85.25.177.139 - - [05/Sep/2022:17:59:53 +0200] "GET /Category/GroupFooter?action=print HTTP/1.1" 200 2998 "-" "Mozilla/5.0 (Macintosh; Intel Mac OS X 10.15; rv:103.0) Gecko/20100101 Firefox/103.0"
85.25.177.139 - - [05/Sep/2022:18:01:40 +0200] "GET /Profiles/AntonyTemplier?action=print HTTP/1.1" 404 2425 "-" "Mozilla/5.0 (Macintosh; Intel Mac OS X 10.15; rv:103.0) Gecko/20100101 Firefox/103.0"
85.25.177.139 - - [05/Sep/2022:18:03:42 +0200] "GET /Profiles/AntonyTemplier?action=diff HTTP/1.1" 200 9314 "-" "Mozilla/5.0 (Macintosh; Intel Mac OS X 10.15; rv:103.0) Gecko/20100101 Firefox/103.0"
85.25.177.139 - - [05/Sep/2022:18:04:16 +0200] "GET /PmWikiDe/WikiSandbox?action=print HTTP/1.1" 404 2413 "-" "Mozilla/5.0 (Macintosh; Intel Mac OS X 10.15; rv:103.0) Gecko/20100101 Firefox/103.0"
85.25.177.139 - - [05/Sep/2022:18:05:19 +0200] "GET /PmWikiFr/IndexDocumentation HTTP/1.1" 200 16810 "-" "Mozilla/5.0 (Macintosh; Intel Mac OS X 10.15; rv:103.0) Gecko/20100101 Firefox/103.0"
85.25.177.139 - - [05/Sep/2022:18:05:57 +0200] "GET /PmWikiDe/Security?action=print HTTP/1.1" 200 4703 "-" "Mozilla/5.0 (Macintosh; Intel Mac OS X 10.15; rv:103.0) Gecko/20100101 Firefox/103.0"
51.222.253.14 - - [05/Sep/2022:18:06:40 +0200] "GET /robots.txt HTTP/1.1" 200 - "-" "Mozilla/5.0 (compatible; AhrefsBot/7.0; +http://ahrefs.com/robot/)"
54.36.149.101 - - [05/Sep/2022:18:06:41 +0200] "GET / HTTP/1.1" 200 15085 "-" "Mozilla/5.0 (compatible; AhrefsBot/7.0; +http://ahrefs.com/robot/)"
85.25.177.139 - - [05/Sep/2022:18:07:06 +0200] "GET /PmWikiFr/XLPage?action=diff&source=n&minor=y HTTP/1.1" 200 9576 "-" "Mozilla/5.0 (Macintosh; Intel Mac OS X 10.15; rv:103.0) Gecko/20100101 Firefox/103.0"
185.191.171.1 - - [05/Sep/2022:18:07:36 +0200] "GET /Category/GroupFooter?action=print HTTP/1.1" 403 18 "-" "Mozilla/5.0 (compatible; SemrushBot/7~bl; +http://www.semrush.com/bot.html)"
85.25.177.139 - - [05/Sep/2022:18:08:27 +0200] "GET /PmWikiFr/EtatDeLaTraduction HTTP/1.1" 200 56499 "-" "Mozilla/5.0 (Macintosh; Intel Mac OS X 10.15; rv:103.0) Gecko/20100101 Firefox/103.0"
85.25.177.139 - - [05/Sep/2022:18:08:51 +0200] "GET /PmWikiDe/GroupAttributes?action=print HTTP/1.1" 200 2326 "-" "Mozilla/5.0 (Macintosh; Intel Mac OS X 10.15; rv:103.0) Gecko/20100101 Firefox/103.0"
85.25.177.139 - - [05/Sep/2022:18:09:54 +0200] "GET /PmWikiFr/XLPage?action=diff&source=y&minor=n HTTP/1.1" 200 9566 "-" "Mozilla/5.0 (Macintosh; Intel Mac OS X 10.15; rv:103.0) Gecko/20100101 Firefox/103.0"
85.25.177.139 - - [05/Sep/2022:18:10:53 +0200] "GET /PmWikiDe/DeletingPages?action=print HTTP/1.1" 200 3936 "-" "Mozilla/5.0 (Macintosh; Intel Mac OS X 10.15; rv:103.0) Gecko/20100101 Firefox/103.0"
85.25.177.139 - - [05/Sep/2022:18:11:32 +0200] "GET /Main/HomePage HTTP/1.1" 200 9141 "-" "Mozilla/5.0 (Macintosh; Intel Mac OS X 10.15; rv:103.0) Gecko/20100101 Firefox/103.0"
85.25.177.139 - - [05/Sep/2022:18:13:16 +0200] "GET /PmWikiDe/Forms?action=print HTTP/1.1" 200 2645 "-" "Mozilla/5.0 (Macintosh; Intel Mac OS X 10.15; rv:103.0) Gecko/20100101 Firefox/103.0"
85.25.177.139 - - [05/Sep/2022:18:13:53 +0200] "GET /Profiles/Pseudogaetan?action=upload HTTP/1.1" 200 8605 "-" "Mozilla/5.0 (Macintosh; Intel Mac OS X 10.15; rv:103.0) Gecko/20100101 Firefox/103.0"
85.25.177.139 - - [05/Sep/2022:18:15:03 +0200] "GET /PmWiki/Links?action=edit HTTP/1.1" 200 8580 "-" "Mozilla/5.0 (Macintosh; Intel Mac OS X 10.15; rv:103.0) Gecko/20100101 Firefox/103.0"
185.191.171.9 - - [05/Sep/2022:18:15:19 +0200] "GET /PmWikiCs/TextFormattingRules?action=diff HTTP/1.1" 403 18 "-" "Mozilla/5.0 (compatible; SemrushBot/7~bl; +http://www.semrush.com/bot.html)"
85.25.177.139 - - [05/Sep/2022:18:16:17 +0200] "GET /Profiles/Pseudogaetan?action=diff HTTP/1.1" 200 9280 "-" "Mozilla/5.0 (Macintosh; Intel Mac OS X 10.15; rv:103.0) Gecko/20100101 Firefox/103.0"
85.25.177.139 - - [05/Sep/2022:18:16:41 +0200] "GET /PmWiki/Links?action=diff&source=n&minor=y HTTP/1.1" 200 9145 "-" "Mozilla/5.0 (Macintosh; Intel Mac OS X 10.15; rv:103.0) Gecko/20100101 Firefox/103.0"
85.25.177.139 - - [05/Sep/2022:18:17:22 +0200] "GET /Profiles/Pseudogaetan?action=print HTTP/1.1" 404 2417 "-" "Mozilla/5.0 (Macintosh; Intel Mac OS X 10.15; rv:103.0) Gecko/20100101 Firefox/103.0"
85.25.177.139 - - [05/Sep/2022:18:17:58 +0200] "GET /PmWiki/PageDirectives?action=diff&source=y&minor=y HTTP/1.1" 200 9283 "-" "Mozilla/5.0 (Macintosh; Intel Mac OS X 10.15; rv:103.0) Gecko/20100101 Firefox/103.0"
85.25.177.139 - - [05/Sep/2022:18:18:33 +0200] "GET /PmWiki/WikiAdministrator?action=diff HTTP/1.1" 200 9331 "-" "Mozilla/5.0 (Macintosh; Intel Mac OS X 10.15; rv:103.0) Gecko/20100101 Firefox/103.0"
85.25.177.139 - - [05/Sep/2022:18:19:41 +0200] "GET /PmWiki/MarkupMasterIndex?action=diff&source=y&minor=y HTTP/1.1" 200 9333 "-" "Mozilla/5.0 (Macintosh; Intel Mac OS X 10.15; rv:103.0) Gecko/20100101 Firefox/103.0"
85.25.177.139 - - [05/Sep/2022:18:20:27 +0200] "GET /PmWiki/MailingLists?action=diff&source=n&minor=y HTTP/1.1" 200 9259 "-" "Mozilla/5.0 (Macintosh; Intel Mac OS X 10.15; rv:103.0) Gecko/20100101 Firefox/103.0"
85.25.177.139 - - [05/Sep/2022:18:21:09 +0200] "GET /PmWiki/WikiAdministrator?action=edit HTTP/1.1" 200 8750 "-" "Mozilla/5.0 (Macintosh; Intel Mac OS X 10.15; rv:103.0) Gecko/20100101 Firefox/103.0"
85.25.177.139 - - [05/Sep/2022:18:22:10 +0200] "GET /Cookbook/CSVAction?action=diff&source=n&minor=n HTTP/1.1" 200 9240 "-" "Mozilla/5.0 (Macintosh; Intel Mac OS X 10.15; rv:103.0) Gecko/20100101 Firefox/103.0"
85.25.177.139 - - [05/Sep/2022:18:23:57 +0200] "GET /PmWiki/SecurityVariables?action=diff&source=n&minor=n HTTP/1.1" 200 9337 "-" "Mozilla/5.0 (Macintosh; Intel Mac OS X 10.15; rv:103.0) Gecko/20100101 Firefox/103.0"
85.25.177.139 - - [05/Sep/2022:18:25:10 +0200] "GET /PmWiki/MailingLists?action=diff&source=y&minor=n HTTP/1.1" 200 9249 "-" "Mozilla/5.0 (Macintosh; Intel Mac OS X 10.15; rv:103.0) Gecko/20100101 Firefox/103.0"
85.25.177.139 - - [05/Sep/2022:18:26:05 +0200] "GET /PmWiki/SecurityVariables?action=diff&source=y&minor=y HTTP/1.1" 200 9331 "-" "Mozilla/5.0 (Macintosh; Intel Mac OS X 10.15; rv:103.0) Gecko/20100101 Firefox/103.0"
85.25.177.139 - - [05/Sep/2022:18:27:38 +0200] "GET /Site/FullName?action=print HTTP/1.1" 404 2381 "-" "Mozilla/5.0 (Macintosh; Intel Mac OS X 10.15; rv:103.0) Gecko/20100101 Firefox/103.0"
85.25.177.139 - - [05/Sep/2022:18:28:36 +0200] "GET /PmWiki/WikiStructure?action=diff&source=n&minor=y HTTP/1.1" 200 9275 "-" "Mozilla/5.0 (Macintosh; Intel Mac OS X 10.15; rv:103.0) Gecko/20100101 Firefox/103.0"
85.25.177.139 - - [05/Sep/2022:18:29:07 +0200] "GET /Site/111Stans1481 HTTP/1.1" 200 14791 "-" "Mozilla/5.0 (Macintosh; Intel Mac OS X 10.15; rv:103.0) Gecko/20100101 Firefox/103.0"
194.209.200.2 - - [05/Sep/2022:18:29:27 +0200] "GET /robots.txt HTTP/1.1" 200 - "-" "Mozilla/5.0 (compatible; TMMBot/0.2; +http://www.dslab.ch)/Nutch-1.15"
194.209.200.2 - - [05/Sep/2022:18:29:27 +0200] "GET /Admin/Jahresbericht HTTP/1.1" 200 45530 "-" "Mozilla/5.0 (compatible; TMMBot/0.2; +http://www.dslab.ch)/Nutch-1.15"
85.25.177.139 - - [05/Sep/2022:18:29:31 +0200] "GET /PmWiki/WikiStructure?action=diff&source=y&minor=n HTTP/1.1" 200 9265 "-" "Mozilla/5.0 (Macintosh; Intel Mac OS X 10.15; rv:103.0) Gecko/20100101 Firefox/103.0"
194.209.200.2 - - [05/Sep/2022:18:30:07 +0200] "GET /Texte/Limericks HTTP/1.1" 200 8087 "-" "Mozilla/5.0 (compatible; TMMBot/0.2; +http://www.dslab.ch)/Nutch-1.15"
85.25.177.139 - - [05/Sep/2022:18:30:45 +0200] "GET /Site/WGA7Magy HTTP/1.1" 200 13447 "-" "Mozilla/5.0 (Macintosh; Intel Mac OS X 10.15; rv:103.0) Gecko/20100101 Firefox/103.0"
17.121.114.78 - - [05/Sep/2022:18:31:19 +0200] "GET /PodCast/Erfruschig HTTP/1.1" 200 8972 "-" "Mozilla/5.0 (Macintosh; Intel Mac OS X 10_15_5) AppleWebKit/605.1.15 (KHTML, like Gecko) Version/13.1.1 Safari/605.1.15 (Applebot/0.1; +http://www.apple.com/go/applebot)"
85.25.177.139 - - [05/Sep/2022:18:32:35 +0200] "GET /PodCast/Lacheteuhdt HTTP/1.1" 200 8479 "-" "Mozilla/5.0 (Macintosh; Intel Mac OS X 10.15; rv:103.0) Gecko/20100101 Firefox/103.0"
66.249.76.243 - - [05/Sep/2022:18:33:01 +0200] "GET /PodCast/IndexPage?action=rss HTTP/1.1" 200 6298 "-" "Mozilla/5.0 (compatible; Googlebot/2.1; +http://www.google.com/bot.html)"
85.25.177.139 - - [05/Sep/2022:18:33:12 +0200] "GET /PmWiki/WikiPage?action=diff HTTP/1.1" 200 9187 "-" "Mozilla/5.0 (Macintosh; Intel Mac OS X 10.15; rv:103.0) Gecko/20100101 Firefox/103.0"
185.191.171.24 - - [05/Sep/2022:18:33:30 +0200] "GET /PmWikiRu/A?action=search&fmt=title&q=link%3DPmWikiRu.WikiStyleExamples HTTP/1.1" 404 18 "-" "Mozilla/5.0 (compatible; SemrushBot/7~bl; +http://www.semrush.com/bot.html)"
85.25.177.139 - - [05/Sep/2022:18:34:35 +0200] "GET /PmWiki/WikiPage?action=edit HTTP/1.1" 200 8624 "-" "Mozilla/5.0 (Macintosh; Intel Mac OS X 10.15; rv:103.0) Gecko/20100101 Firefox/103.0"
85.25.177.139 - - [05/Sep/2022:18:35:57 +0200] "GET /PodCast/Schnabelwouchs HTTP/1.1" 200 9934 "-" "Mozilla/5.0 (Macintosh; Intel Mac OS X 10.15; rv:103.0) Gecko/20100101 Firefox/103.0"
194.209.200.2 - - [05/Sep/2022:18:36:10 +0200] "GET /Admin/Pro-ZurituutschStatuten HTTP/1.1" 200 9580 "-" "Mozilla/5.0 (compatible; TMMBot/0.2; +http://www.dslab.ch)/Nutch-1.15"
45.138.74.8 - - [05/Sep/2022:18:36:14 +0200] "GET / HTTP/1.1" 200 15085 "https://porndl.org/" "Mozilla/4.0 (compatible; MSIE 6.0; Windows NT 5.1; en) Opera 8.00"
45.138.74.8 - - [05/Sep/2022:18:36:14 +0200] "GET / HTTP/1.1" 200 15085 "https://porndl.org/" "Mozilla/4.0 (compatible; MSIE 6.0; Windows NT 5.1; en) Opera 8.00"
45.138.74.8 - - [05/Sep/2022:18:36:15 +0200] "GET / HTTP/1.1" 200 15085 "https://porndl.org/" "Mozilla/4.0 (compatible; MSIE 6.0; Windows NT 5.1; en) Opera 8.00"
85.25.177.139 - - [05/Sep/2022:18:36:22 +0200] "GET /PmWiki/WikiPage?action=upload HTTP/1.1" 200 8524 "-" "Mozilla/5.0 (Macintosh; Intel Mac OS X 10.15; rv:103.0) Gecko/20100101 Firefox/103.0"
3.216.185.164 - - [05/Sep/2022:18:36:40 +0200] "GET /PodCast/IndexPage?action=rss HTTP/1.1" 200 6298 "-" "PocketCasts/1.0 (Pocket Casts Feed Parser; +http://pocketcasts.com/)"
85.25.177.139 - - [05/Sep/2022:18:37:50 +0200] "GET /PodCast/Limerick1 HTTP/1.1" 200 8694 "-" "Mozilla/5.0 (Macintosh; Intel Mac OS X 10.15; rv:103.0) Gecko/20100101 Firefox/103.0"
194.209.200.2 - - [05/Sep/2022:18:38:48 +0200] "GET /Hilfe/AnleitungTonbeispiele HTTP/1.1" 200 9878 "-" "Mozilla/5.0 (compatible; TMMBot/0.2; +http://www.dslab.ch)/Nutch-1.15"
85.25.177.139 - - [05/Sep/2022:18:38:52 +0200] "GET /PmWikiDe/Variables?action=print HTTP/1.1" 200 55317 "-" "Mozilla/5.0 (Macintosh; Intel Mac OS X 10.15; rv:103.0) Gecko/20100101 Firefox/103.0"
85.25.177.139 - - [05/Sep/2022:18:39:56 +0200] "GET /PmWikiDe/Internationalizations?action=print HTTP/1.1" 200 2518 "-" "Mozilla/5.0 (Macintosh; Intel Mac OS X 10.15; rv:103.0) Gecko/20100101 Firefox/103.0"
85.25.177.139 - - [05/Sep/2022:18:41:02 +0200] "GET /PmWikiDe/Skins?action=print HTTP/1.1" 200 2296 "-" "Mozilla/5.0 (Macintosh; Intel Mac OS X 10.15; rv:103.0) Gecko/20100101 Firefox/103.0"
85.25.177.139 - - [05/Sep/2022:18:41:35 +0200] "GET /Site/Traktandelyschte HTTP/1.1" 200 9110 "-" "Mozilla/5.0 (Macintosh; Intel Mac OS X 10.15; rv:103.0) Gecko/20100101 Firefox/103.0"
85.25.177.139 - - [05/Sep/2022:18:42:43 +0200] "GET /PodCast/Limerick30 HTTP/1.1" 200 8709 "-" "Mozilla/5.0 (Macintosh; Intel Mac OS X 10.15; rv:103.0) Gecko/20100101 Firefox/103.0"
85.25.177.139 - - [05/Sep/2022:18:43:51 +0200] "GET /PodCast/Falschmaldig HTTP/1.1" 200 11091 "-" "Mozilla/5.0 (Macintosh; Intel Mac OS X 10.15; rv:103.0) Gecko/20100101 Firefox/103.0"
85.25.177.139 - - [05/Sep/2022:18:45:02 +0200] "GET /Site/EditQuickReference?action=diff&source=n&minor=n HTTP/1.1" 200 9322 "-" "Mozilla/5.0 (Macintosh; Intel Mac OS X 10.15; rv:103.0) Gecko/20100101 Firefox/103.0"
85.25.177.139 - - [05/Sep/2022:18:45:43 +0200] "GET /PodCast/JBJKap1 HTTP/1.1" 200 21037 "-" "Mozilla/5.0 (Macintosh; Intel Mac OS X 10.15; rv:103.0) Gecko/20100101 Firefox/103.0"
85.25.177.139 - - [05/Sep/2022:18:47:30 +0200] "GET /Site/EditQuickReference?action=diff&source=y&minor=y HTTP/1.1" 200 9316 "-" "Mozilla/5.0 (Macintosh; Intel Mac OS X 10.15; rv:103.0) Gecko/20100101 Firefox/103.0"
85.25.177.139 - - [05/Sep/2022:18:48:27 +0200] "GET /PodCast/Kossorpsk HTTP/1.1" 200 16055 "-" "Mozilla/5.0 (Macintosh; Intel Mac OS X 10.15; rv:103.0) Gecko/20100101 Firefox/103.0"
54.86.54.179 - - [05/Sep/2022:18:49:40 +0200] "GET /PodCast/IndexPage?action=rss HTTP/1.1" 200 6298 "-" "PlayerFM/1.0 Podcast Sync (1 subscribers; url=https://player.fm/series/podcast-2872909)"
85.25.177.139 - - [05/Sep/2022:18:50:09 +0200] "GET /PodCast/Site191Houhsraech1509 HTTP/1.1" 200 8276 "-" "Mozilla/5.0 (Macintosh; Intel Mac OS X 10.15; rv:103.0) Gecko/20100101 Firefox/103.0"
85.25.177.139 - - [05/Sep/2022:18:50:44 +0200] "GET /PmWikiDe/Troubleshooting?action=edit HTTP/1.1" 200 7204 "-" "Mozilla/5.0 (Macintosh; Intel Mac OS X 10.15; rv:103.0) Gecko/20100101 Firefox/103.0"
85.25.177.139 - - [05/Sep/2022:18:52:12 +0200] "GET /PmWikiDe/Passwords HTTP/1.1" 200 12905 "-" "Mozilla/5.0 (Macintosh; Intel Mac OS X 10.15; rv:103.0) Gecko/20100101 Firefox/103.0"
85.25.177.139 - - [05/Sep/2022:18:53:13 +0200] "GET /PmWikiDe/WikiTrails HTTP/1.1" 200 12015 "-" "Mozilla/5.0 (Macintosh; Intel Mac OS X 10.15; rv:103.0) Gecko/20100101 Firefox/103.0"
85.25.177.139 - - [05/Sep/2022:18:54:52 +0200] "GET /PmWikiDe/UpgradingFromPmWiki1 HTTP/1.1" 200 14270 "-" "Mozilla/5.0 (Macintosh; Intel Mac OS X 10.15; rv:103.0) Gecko/20100101 Firefox/103.0"
85.25.177.139 - - [05/Sep/2022:18:55:42 +0200] "GET /PodCast/REZTheLightBetweenOceans HTTP/1.1" 200 10126 "-" "Mozilla/5.0 (Macintosh; Intel Mac OS X 10.15; rv:103.0) Gecko/20100101 Firefox/103.0"
85.25.177.139 - - [05/Sep/2022:18:56:55 +0200] "GET /PodCast/Eereroueff HTTP/1.1" 200 18747 "-" "Mozilla/5.0 (Macintosh; Intel Mac OS X 10.15; rv:103.0) Gecko/20100101 Firefox/103.0"
85.25.177.139 - - [05/Sep/2022:18:57:46 +0200] "GET /PmWikiDe/Functions?action=edit HTTP/1.1" 200 7120 "-" "Mozilla/5.0 (Macintosh; Intel Mac OS X 10.15; rv:103.0) Gecko/20100101 Firefox/103.0"
85.25.177.139 - - [05/Sep/2022:18:58:17 +0200] "GET /Site/Ereuffnig HTTP/1.1" 200 8952 "-" "Mozilla/5.0 (Macintosh; Intel Mac OS X 10.15; rv:103.0) Gecko/20100101 Firefox/103.0"
85.25.177.139 - - [05/Sep/2022:18:58:41 +0200] "GET /PmWikiDe/PageHistory HTTP/1.1" 200 8791 "-" "Mozilla/5.0 (Macintosh; Intel Mac OS X 10.15; rv:103.0) Gecko/20100101 Firefox/103.0"
85.25.177.139 - - [05/Sep/2022:18:59:30 +0200] "GET /PodCast/Limerick29 HTTP/1.1" 200 8812 "-" "Mozilla/5.0 (Macintosh; Intel Mac OS X 10.15; rv:103.0) Gecko/20100101 Firefox/103.0"
85.25.177.139 - - [05/Sep/2022:19:00:14 +0200] "GET /PmWikiDe/CustomMarkup HTTP/1.1" 200 21592 "-" "Mozilla/5.0 (Macintosh; Intel Mac OS X 10.15; rv:103.0) Gecko/20100101 Firefox/103.0"
85.25.177.139 - - [05/Sep/2022:19:00:41 +0200] "GET /Site/BBi?action=edit HTTP/1.1" 200 8525 "-" "Mozilla/5.0 (Macintosh; Intel Mac OS X 10.15; rv:103.0) Gecko/20100101 Firefox/103.0"
85.25.177.139 - - [05/Sep/2022:19:01:27 +0200] "GET /JissIBNJoussouff3/01 HTTP/1.1" 200 8171 "-" "Mozilla/5.0 (Macintosh; Intel Mac OS X 10.15; rv:103.0) Gecko/20100101 Firefox/103.0"
85.25.177.139 - - [05/Sep/2022:19:02:37 +0200] "GET /PmWikiDe/PageDirectives HTTP/1.1" 200 9917 "-" "Mozilla/5.0 (Macintosh; Intel Mac OS X 10.15; rv:103.0) Gecko/20100101 Firefox/103.0"
85.25.177.139 - - [05/Sep/2022:19:04:08 +0200] "GET /Lydja/Mp3 HTTP/1.1" 200 8011 "-" "Mozilla/5.0 (Macintosh; Intel Mac OS X 10.15; rv:103.0) Gecko/20100101 Firefox/103.0"
194.209.200.2 - - [05/Sep/2022:19:04:44 +0200] "GET /robots.txt HTTP/1.1" 200 - "-" "Mozilla/5.0 (compatible; TMMBot/0.2; +http://www.dslab.ch)/Nutch-1.15"
194.209.200.2 - - [05/Sep/2022:19:04:44 +0200] "GET /Admin/Jahresbericht HTTP/1.1" 200 45530 "-" "Mozilla/5.0 (compatible; TMMBot/0.2; +http://www.dslab.ch)/Nutch-1.15"
85.25.177.139 - - [05/Sep/2022:19:04:49 +0200] "GET /Category/WikiFarms HTTP/1.1" 200 9012 "-" "Mozilla/5.0 (Macintosh; Intel Mac OS X 10.15; rv:103.0) Gecko/20100101 Firefox/103.0"
194.209.200.2 - - [05/Sep/2022:19:05:03 +0200] "GET /Texte/Limericks HTTP/1.1" 200 8087 "-" "Mozilla/5.0 (compatible; TMMBot/0.2; +http://www.dslab.ch)/Nutch-1.15"
85.25.177.139 - - [05/Sep/2022:19:06:02 +0200] "GET /PmWiki/UTF-8?action=edit HTTP/1.1" 200 8580 "-" "Mozilla/5.0 (Macintosh; Intel Mac OS X 10.15; rv:103.0) Gecko/20100101 Firefox/103.0"
85.25.177.139 - - [05/Sep/2022:19:07:11 +0200] "GET /PmWiki/UTF-8?action=diff HTTP/1.1" 200 9137 "-" "Mozilla/5.0 (Macintosh; Intel Mac OS X 10.15; rv:103.0) Gecko/20100101 Firefox/103.0"
194.209.200.2 - - [05/Sep/2022:19:08:39 +0200] "GET /Admin/Pro-ZurituutschStatuten HTTP/1.1" 200 9580 "-" "Mozilla/5.0 (compatible; TMMBot/0.2; +http://www.dslab.ch)/Nutch-1.15"
85.25.177.139 - - [05/Sep/2022:19:09:02 +0200] "GET /PmWiki/UTF-8?action=upload HTTP/1.1" 200 8480 "-" "Mozilla/5.0 (Macintosh; Intel Mac OS X 10.15; rv:103.0) Gecko/20100101 Firefox/103.0"
85.25.177.139 - - [05/Sep/2022:19:09:58 +0200] "GET /PmWikiDe/WebFeeds?action=edit HTTP/1.1" 200 7108 "-" "Mozilla/5.0 (Macintosh; Intel Mac OS X 10.15; rv:103.0) Gecko/20100101 Firefox/103.0"
194.209.200.2 - - [05/Sep/2022:19:10:04 +0200] "GET /Hilfe/AnleitungTonbeispiele HTTP/1.1" 200 9878 "-" "Mozilla/5.0 (compatible; TMMBot/0.2; +http://www.dslab.ch)/Nutch-1.15"
85.25.177.139 - - [05/Sep/2022:19:11:06 +0200] "GET /PmWiki/FilePermissions?action=diff&source=y&minor=n HTTP/1.1" 200 9297 "-" "Mozilla/5.0 (Macintosh; Intel Mac OS X 10.15; rv:103.0) Gecko/20100101 Firefox/103.0"
85.25.177.139 - - [05/Sep/2022:19:12:09 +0200] "GET /PmWiki/FilePermissions?action=diff&source=n&minor=y HTTP/1.1" 200 9307 "-" "Mozilla/5.0 (Macintosh; Intel Mac OS X 10.15; rv:103.0) Gecko/20100101 Firefox/103.0"
85.25.177.139 - - [05/Sep/2022:19:13:03 +0200] "GET /PmWiki/Security?action=diff&source=n&minor=n HTTP/1.1" 200 9191 "-" "Mozilla/5.0 (Macintosh; Intel Mac OS X 10.15; rv:103.0) Gecko/20100101 Firefox/103.0"
85.25.177.139 - - [05/Sep/2022:19:13:58 +0200] "GET /PmWiki/Notify?action=diff HTTP/1.1" 200 9153 "-" "Mozilla/5.0 (Macintosh; Intel Mac OS X 10.15; rv:103.0) Gecko/20100101 Firefox/103.0"
85.25.177.139 - - [05/Sep/2022:19:14:39 +0200] "GET /PmWiki/WikiWord?from=PmWiki.WikiWords HTTP/1.1" 200 12169 "-" "Mozilla/5.0 (Macintosh; Intel Mac OS X 10.15; rv:103.0) Gecko/20100101 Firefox/103.0"
85.25.177.139 - - [05/Sep/2022:19:15:57 +0200] "GET /PmWikiDe/DocumentationIndex?action=edit HTTP/1.1" 200 7248 "-" "Mozilla/5.0 (Macintosh; Intel Mac OS X 10.15; rv:103.0) Gecko/20100101 Firefox/103.0"
185.191.171.36 - - [05/Sep/2022:19:17:14 +0200] "GET /robots.txt HTTP/1.1" 200 - "-" "Mozilla/5.0 (compatible; SemrushBot/7~bl; +http://www.semrush.com/bot.html)"
185.191.171.21 - - [05/Sep/2022:19:17:15 +0200] "GET /PmWikiDe/Forms?action=diff HTTP/1.1" 403 18 "-" "Mozilla/5.0 (compatible; SemrushBot/7~bl; +http://www.semrush.com/bot.html)"
85.25.177.139 - - [05/Sep/2022:19:17:23 +0200] "GET /Site/AttrForm?action=print HTTP/1.1" 404 2381 "-" "Mozilla/5.0 (Macintosh; Intel Mac OS X 10.15; rv:103.0) Gecko/20100101 Firefox/103.0"
85.25.177.139 - - [05/Sep/2022:19:18:18 +0200] "GET /PmWikiDe/WikiGroup HTTP/1.1" 200 16138 "-" "Mozilla/5.0 (Macintosh; Intel Mac OS X 10.15; rv:103.0) Gecko/20100101 Firefox/103.0"
85.25.177.139 - - [05/Sep/2022:19:19:24 +0200] "GET /PmWikiDe/Upgrades HTTP/1.1" 200 10552 "-" "Mozilla/5.0 (Macintosh; Intel Mac OS X 10.15; rv:103.0) Gecko/20100101 Firefox/103.0"
85.25.177.139 - - [05/Sep/2022:19:19:54 +0200] "GET /SiteAdmin/AuthUser?from=Site.AuthUser HTTP/1.1" 200 8571 "-" "Mozilla/5.0 (Macintosh; Intel Mac OS X 10.15; rv:103.0) Gecko/20100101 Firefox/103.0"
85.25.177.139 - - [05/Sep/2022:19:20:47 +0200] "GET /PmWikiDe/PageVariables?action=edit HTTP/1.1" 200 7178 "-" "Mozilla/5.0 (Macintosh; Intel Mac OS X 10.15; rv:103.0) Gecko/20100101 Firefox/103.0"
85.25.177.139 - - [05/Sep/2022:19:22:48 +0200] "GET /PmWikiDe/Categories HTTP/1.1" 200 6626 "-" "Mozilla/5.0 (Macintosh; Intel Mac OS X 10.15; rv:103.0) Gecko/20100101 Firefox/103.0"
85.25.177.139 - - [05/Sep/2022:19:23:57 +0200] "GET /PmWikiDe/SimultaneousEdits?action=print HTTP/1.1" 200 2332 "-" "Mozilla/5.0 (Macintosh; Intel Mac OS X 10.15; rv:103.0) Gecko/20100101 Firefox/103.0"
85.25.177.139 - - [05/Sep/2022:19:24:45 +0200] "GET /PmWikiDe/InterMap HTTP/1.1" 200 9572 "-" "Mozilla/5.0 (Macintosh; Intel Mac OS X 10.15; rv:103.0) Gecko/20100101 Firefox/103.0"
85.25.177.139 - - [05/Sep/2022:19:26:14 +0200] "GET /PmWikiDe/PatrickMichaud?action=print HTTP/1.1" 200 2881 "-" "Mozilla/5.0 (Macintosh; Intel Mac OS X 10.15; rv:103.0) Gecko/20100101 Firefox/103.0"
85.25.177.139 - - [05/Sep/2022:19:26:48 +0200] "GET /PmWiki/BlockMarkup HTTP/1.1" 200 15202 "-" "Mozilla/5.0 (Macintosh; Intel Mac OS X 10.15; rv:103.0) Gecko/20100101 Firefox/103.0"
85.25.177.139 - - [05/Sep/2022:19:27:28 +0200] "GET /PmWikiDe/DesignNotes?action=print HTTP/1.1" 200 5461 "-" "Mozilla/5.0 (Macintosh; Intel Mac OS X 10.15; rv:103.0) Gecko/20100101 Firefox/103.0"
85.25.177.139 - - [05/Sep/2022:19:28:18 +0200] "GET /PmWiki/Categories?action=diff&source=n&minor=y HTTP/1.1" 200 9225 "-" "Mozilla/5.0 (Macintosh; Intel Mac OS X 10.15; rv:103.0) Gecko/20100101 Firefox/103.0"
185.191.171.3 - - [05/Sep/2022:19:28:56 +0200] "GET /PmWikiFr/WikiStructure?action=print HTTP/1.1" 403 18 "-" "Mozilla/5.0 (compatible; SemrushBot/7~bl; +http://www.semrush.com/bot.html)"
85.25.177.139 - - [05/Sep/2022:19:29:50 +0200] "GET /PmWiki/Categories?action=diff&source=y&minor=n HTTP/1.1" 200 9215 "-" "Mozilla/5.0 (Macintosh; Intel Mac OS X 10.15; rv:103.0) Gecko/20100101 Firefox/103.0"
85.25.177.139 - - [05/Sep/2022:19:30:27 +0200] "GET /Site/121Sitkouscht1482?action=edit&restore=diff:1255279944:1255279857:&preview=y HTTP/1.1" 200 8769 "-" "Mozilla/5.0 (Macintosh; Intel Mac OS X 10.15; rv:103.0) Gecko/20100101 Firefox/103.0"
85.25.177.139 - - [05/Sep/2022:19:31:39 +0200] "GET /Site/PodCast?action=print HTTP/1.1" 200 39273 "-" "Mozilla/5.0 (Macintosh; Intel Mac OS X 10.15; rv:103.0) Gecko/20100101 Firefox/103.0"
85.25.177.139 - - [05/Sep/2022:19:32:41 +0200] "GET /PmWiki/LinkSchemes?action=print HTTP/1.1" 404 2403 "-" "Mozilla/5.0 (Macintosh; Intel Mac OS X 10.15; rv:103.0) Gecko/20100101 Firefox/103.0"
66.249.64.188 - - [05/Sep/2022:19:32:50 +0200] "GET /PodCast/IndexPage?action=rss HTTP/1.1" 200 6298 "-" "Mozilla/5.0 (compatible; Googlebot/2.1; +http://www.google.com/bot.html)"
85.25.177.139 - - [05/Sep/2022:19:33:53 +0200] "GET /PmWiki/Categories?action=edit HTTP/1.1" 200 8650 "-" "Mozilla/5.0 (Macintosh; Intel Mac OS X 10.15; rv:103.0) Gecko/20100101 Firefox/103.0"
85.25.177.139 - - [05/Sep/2022:19:34:38 +0200] "GET /PmWiki/WikiTrails?action=diff&source=n&minor=n HTTP/1.1" 200 9225 "-" "Mozilla/5.0 (Macintosh; Intel Mac OS X 10.15; rv:103.0) Gecko/20100101 Firefox/103.0"
85.25.177.139 - - [05/Sep/2022:19:36:12 +0200] "GET /Site/121Sitkouscht1482?action=edit&restore=diff:1255631832:1255630598:&preview=y HTTP/1.1" 200 8769 "-" "Mozilla/5.0 (Macintosh; Intel Mac OS X 10.15; rv:103.0) Gecko/20100101 Firefox/103.0"
85.25.177.139 - - [05/Sep/2022:19:36:29 +0200] "GET /PmWiki/Upgrades?action=diff&source=n&minor=y HTTP/1.1" 200 9193 "-" "Mozilla/5.0 (Macintosh; Intel Mac OS X 10.15; rv:103.0) Gecko/20100101 Firefox/103.0"
85.25.177.139 - - [05/Sep/2022:19:37:39 +0200] "GET /PmWiki/PathVariables?action=diff&source=n&minor=y HTTP/1.1" 200 9275 "-" "Mozilla/5.0 (Macintosh; Intel Mac OS X 10.15; rv:103.0) Gecko/20100101 Firefox/103.0"
85.25.177.139 - - [05/Sep/2022:19:38:18 +0200] "GET /Site/EditForm?action=diff&source=y&minor=n HTTP/1.1" 200 9152 "-" "Mozilla/5.0 (Macintosh; Intel Mac OS X 10.15; rv:103.0) Gecko/20100101 Firefox/103.0"
85.25.177.139 - - [05/Sep/2022:19:39:20 +0200] "GET /PmWiki/ContactUs?action=diff&source=y&minor=n HTTP/1.1" 200 9201 "-" "Mozilla/5.0 (Macintosh; Intel Mac OS X 10.15; rv:103.0) Gecko/20100101 Firefox/103.0"
194.209.200.2 - - [05/Sep/2022:19:40:00 +0200] "GET /robots.txt HTTP/1.1" 200 - "-" "Mozilla/5.0 (compatible; TMMBot/0.2; +http://www.dslab.ch)/Nutch-1.15"
194.209.200.2 - - [05/Sep/2022:19:40:00 +0200] "GET /Admin/Jahresbericht HTTP/1.1" 200 45530 "-" "Mozilla/5.0 (compatible; TMMBot/0.2; +http://www.dslab.ch)/Nutch-1.15"
85.25.177.139 - - [05/Sep/2022:19:43:15 +0200] "GET /robots.txt HTTP/1.1" 200 - "-" "Mozilla/5.0 (Macintosh; Intel Mac OS X 10.15; rv:103.0) Gecko/20100101 Firefox/103.0"
85.25.177.139 - - [05/Sep/2022:19:43:15 +0200] "GET /Site/EditForm?action=diff&source=n&minor=y HTTP/1.1" 200 9162 "-" "Mozilla/5.0 (Macintosh; Intel Mac OS X 10.15; rv:103.0) Gecko/20100101 Firefox/103.0"
194.209.200.2 - - [05/Sep/2022:19:43:48 +0200] "GET /Admin/Pro-ZurituutschStatuten HTTP/1.1" 200 9580 "-" "Mozilla/5.0 (compatible; TMMBot/0.2; +http://www.dslab.ch)/Nutch-1.15"
194.209.200.2 - - [05/Sep/2022:19:45:13 +0200] "GET /Hilfe/AnleitungTonbeispiele HTTP/1.1" 200 9878 "-" "Mozilla/5.0 (compatible; TMMBot/0.2; +http://www.dslab.ch)/Nutch-1.15"
85.25.177.139 - - [05/Sep/2022:19:45:33 +0200] "GET /PmWiki/Audiences?action=diff HTTP/1.1" 200 9201 "-" "Mozilla/5.0 (Macintosh; Intel Mac OS X 10.15; rv:103.0) Gecko/20100101 Firefox/103.0"
85.25.177.139 - - [05/Sep/2022:19:46:58 +0200] "GET /PmWiki/ContactUs?action=diff&source=n&minor=y HTTP/1.1" 200 9211 "-" "Mozilla/5.0 (Macintosh; Intel Mac OS X 10.15; rv:103.0) Gecko/20100101 Firefox/103.0"
85.25.177.139 - - [05/Sep/2022:19:47:34 +0200] "GET /PmWikiDe/SimpleTables?action=edit HTTP/1.1" 200 7172 "-" "Mozilla/5.0 (Macintosh; Intel Mac OS X 10.15; rv:103.0) Gecko/20100101 Firefox/103.0"
85.25.177.139 - - [05/Sep/2022:19:49:05 +0200] "GET /PmWikiDe/SimpleTables?action=diff HTTP/1.1" 200 7747 "-" "Mozilla/5.0 (Macintosh; Intel Mac OS X 10.15; rv:103.0) Gecko/20100101 Firefox/103.0"
185.191.171.34 - - [05/Sep/2022:19:49:42 +0200] "GET /PmWikiFr/Troubleshooting?action=edit HTTP/1.1" 403 18 "-" "Mozilla/5.0 (compatible; SemrushBot/7~bl; +http://www.semrush.com/bot.html)"
85.25.177.139 - - [05/Sep/2022:19:49:42 +0200] "GET /PmWiki/LayoutVariables?action=diff&source=n&minor=n HTTP/1.1" 200 9305 "-" "Mozilla/5.0 (Macintosh; Intel Mac OS X 10.15; rv:103.0) Gecko/20100101 Firefox/103.0"
85.25.177.139 - - [05/Sep/2022:19:51:10 +0200] "GET /PmWiki/PageFileFormat?action=diff&source=n&minor=y HTTP/1.1" 200 9293 "-" "Mozilla/5.0 (Macintosh; Intel Mac OS X 10.15; rv:103.0) Gecko/20100101 Firefox/103.0"
85.25.177.139 - - [05/Sep/2022:19:52:09 +0200] "GET /PmWiki/Images?action=diff&source=n&minor=n HTTP/1.1" 200 9159 "-" "Mozilla/5.0 (Macintosh; Intel Mac OS X 10.15; rv:103.0) Gecko/20100101 Firefox/103.0"
85.25.177.139 - - [05/Sep/2022:19:53:44 +0200] "GET /PmWikiDe/SimpleTables?action=upload HTTP/1.1" 200 7072 "-" "Mozilla/5.0 (Macintosh; Intel Mac OS X 10.15; rv:103.0) Gecko/20100101 Firefox/103.0"
85.25.177.139 - - [05/Sep/2022:19:54:27 +0200] "GET /PmWiki/SimpleTables?action=edit HTTP/1.1" 200 8680 "-" "Mozilla/5.0 (Macintosh; Intel Mac OS X 10.15; rv:103.0) Gecko/20100101 Firefox/103.0"
85.25.177.139 - - [05/Sep/2022:19:54:59 +0200] "GET /PmWiki/Search?action=diff&source=y&minor=y HTTP/1.1" 200 9153 "-" "Mozilla/5.0 (Macintosh; Intel Mac OS X 10.15; rv:103.0) Gecko/20100101 Firefox/103.0"
186.128.39.113 - - [05/Sep/2022:19:55:40 +0200] "GET /PodCast/PodCast HTTP/1.1" 200 29790 "https://www.google.com/" "Mozilla/5.0 (Linux; Android 11; Redmi Note 8 Pro) AppleWebKit/537.36 (KHTML, like Gecko) Chrome/104.0.0.0 Mobile Safari/537.36"
186.128.39.113 - - [05/Sep/2022:19:55:41 +0200] "GET /pub/skins/pro-zurituutsch/gila.css HTTP/1.1" 200 10186 "http://www.pro-zurituutsch.ch/PodCast/PodCast" "Mozilla/5.0 (Linux; Android 11; Redmi Note 8 Pro) AppleWebKit/537.36 (KHTML, like Gecko) Chrome/104.0.0.0 Mobile Safari/537.36"
186.128.39.113 - - [05/Sep/2022:19:55:41 +0200] "GET /pub/skins/pro-zurituutsch/images/external.png HTTP/1.1" 200 165 "http://www.pro-zurituutsch.ch/pub/skins/pro-zurituutsch/gila.css" "Mozilla/5.0 (Linux; Android 11; Redmi Note 8 Pro) AppleWebKit/537.36 (KHTML, like Gecko) Chrome/104.0.0.0 Mobile Safari/537.36"
186.128.39.113 - - [05/Sep/2022:19:55:41 +0200] "GET /pub/skins/pro-zurituutsch/images/favicon.ico HTTP/1.1" 200 1406 "http://www.pro-zurituutsch.ch/PodCast/PodCast" "Mozilla/5.0 (Linux; Android 11; Redmi Note 8 Pro) AppleWebKit/537.36 (KHTML, like Gecko) Chrome/104.0.0.0 Mobile Safari/537.36"
85.25.177.139 - - [05/Sep/2022:19:55:45 +0200] "GET /PmWiki/Search?action=diff&source=n&minor=n HTTP/1.1" 200 9159 "-" "Mozilla/5.0 (Macintosh; Intel Mac OS X 10.15; rv:103.0) Gecko/20100101 Firefox/103.0"
186.128.39.113 - - [05/Sep/2022:19:55:57 +0200] "GET /PodCast/PodCast HTTP/1.1" 200 29790 "http://www.pro-zurituutsch.ch/PodCast/PodCast" "Mozilla/5.0 (Linux; Android 11; Redmi Note 8 Pro) AppleWebKit/537.36 (KHTML, like Gecko) Chrome/104.0.0.0 Mobile Safari/537.36"
85.25.177.139 - - [05/Sep/2022:19:56:29 +0200] "GET /PmWiki/Skins?action=diff&source=y&minor=n HTTP/1.1" 200 9135 "-" "Mozilla/5.0 (Macintosh; Intel Mac OS X 10.15; rv:103.0) Gecko/20100101 Firefox/103.0"
85.25.177.139 - - [05/Sep/2022:19:57:35 +0200] "GET /PmWiki/SitePageActions?action=edit HTTP/1.1" 200 8724 "-" "Mozilla/5.0 (Macintosh; Intel Mac OS X 10.15; rv:103.0) Gecko/20100101 Firefox/103.0"
85.25.177.139 - - [05/Sep/2022:19:58:40 +0200] "GET /PmWiki/SitePageActions?action=diff&source=y&minor=n HTTP/1.1" 200 9299 "-" "Mozilla/5.0 (Macintosh; Intel Mac OS X 10.15; rv:103.0) Gecko/20100101 Firefox/103.0"
85.25.177.139 - - [05/Sep/2022:19:59:23 +0200] "GET /PmWiki/Skins?action=diff&source=n&minor=y HTTP/1.1" 200 9145 "-" "Mozilla/5.0 (Macintosh; Intel Mac OS X 10.15; rv:103.0) Gecko/20100101 Firefox/103.0"
85.25.177.139 - - [05/Sep/2022:20:00:15 +0200] "GET /PmWikiDe/MarkupMasterIndex HTTP/1.1" 200 20069 "-" "Mozilla/5.0 (Macintosh; Intel Mac OS X 10.15; rv:103.0) Gecko/20100101 Firefox/103.0"
85.25.177.139 - - [05/Sep/2022:20:01:48 +0200] "GET /PmWikiDe/Images HTTP/1.1" 200 18198 "-" "Mozilla/5.0 (Macintosh; Intel Mac OS X 10.15; rv:103.0) Gecko/20100101 Firefox/103.0"
85.25.177.139 - - [05/Sep/2022:20:02:19 +0200] "GET /PmWikiDe/MailPosts?action=print HTTP/1.1" 200 12672 "-" "Mozilla/5.0 (Macintosh; Intel Mac OS X 10.15; rv:103.0) Gecko/20100101 Firefox/103.0"
3.216.185.164 - - [05/Sep/2022:20:03:33 +0200] "GET /PodCast/IndexPage?action=rss HTTP/1.1" 200 6298 "-" "PocketCasts/1.0 (Pocket Casts Feed Parser; +http://pocketcasts.com/)"
85.25.177.139 - - [05/Sep/2022:20:03:52 +0200] "GET /PmWiki/IncludeOtherPages?action=diff&source=y&minor=n HTTP/1.1" 200 9331 "-" "Mozilla/5.0 (Macintosh; Intel Mac OS X 10.15; rv:103.0) Gecko/20100101 Firefox/103.0"
85.25.177.139 - - [05/Sep/2022:20:05:18 +0200] "GET /PmWiki/PatrickMichaud?action=diff&source=y&minor=n HTTP/1.1" 200 9281 "-" "Mozilla/5.0 (Macintosh; Intel Mac OS X 10.15; rv:103.0) Gecko/20100101 Firefox/103.0"
194.187.251.115 - - [05/Sep/2022:20:05:59 +0200] "GET / HTTP/1.1" 200 15085 "-" "Mozilla/5.0 (Macintosh; Intel Mac OS X 10_10; rv:33.0) Gecko/20100101 Firefox/33.0"
194.187.251.115 - - [05/Sep/2022:20:06:00 +0200] "GET / HTTP/1.1" 200 15085 "-" "Mozilla/5.0 (Macintosh; Intel Mac OS X 10_10; rv:33.0) Gecko/20100101 Firefox/33.0"
194.187.251.115 - - [05/Sep/2022:20:06:01 +0200] "GET /wp-includes/wlwmanifest.xml HTTP/1.1" 404 293 "-" "Mozilla/5.0 (Macintosh; Intel Mac OS X 10_10; rv:33.0) Gecko/20100101 Firefox/33.0"
194.187.251.115 - - [05/Sep/2022:20:06:02 +0200] "GET /xmlrpc.php?rsd HTTP/1.1" 404 276 "-" "Mozilla/5.0 (Macintosh; Intel Mac OS X 10_10; rv:33.0) Gecko/20100101 Firefox/33.0"
194.187.251.115 - - [05/Sep/2022:20:06:02 +0200] "GET / HTTP/1.1" 200 15085 "-" "Mozilla/5.0 (Macintosh; Intel Mac OS X 10_10; rv:33.0) Gecko/20100101 Firefox/33.0"
194.187.251.115 - - [05/Sep/2022:20:06:02 +0200] "GET /blog/wp-includes/wlwmanifest.xml HTTP/1.1" 404 298 "-" "Mozilla/5.0 (Macintosh; Intel Mac OS X 10_10; rv:33.0) Gecko/20100101 Firefox/33.0"
194.187.251.115 - - [05/Sep/2022:20:06:02 +0200] "GET /web/wp-includes/wlwmanifest.xml HTTP/1.1" 404 297 "-" "Mozilla/5.0 (Macintosh; Intel Mac OS X 10_10; rv:33.0) Gecko/20100101 Firefox/33.0"
194.187.251.115 - - [05/Sep/2022:20:06:02 +0200] "GET /wordpress/wp-includes/wlwmanifest.xml HTTP/1.1" 404 303 "-" "Mozilla/5.0 (Macintosh; Intel Mac OS X 10_10; rv:33.0) Gecko/20100101 Firefox/33.0"
194.187.251.115 - - [05/Sep/2022:20:06:03 +0200] "GET /website/wp-includes/wlwmanifest.xml HTTP/1.1" 404 301 "-" "Mozilla/5.0 (Macintosh; Intel Mac OS X 10_10; rv:33.0) Gecko/20100101 Firefox/33.0"
194.187.251.115 - - [05/Sep/2022:20:06:03 +0200] "GET /wp/wp-includes/wlwmanifest.xml HTTP/1.1" 404 296 "-" "Mozilla/5.0 (Macintosh; Intel Mac OS X 10_10; rv:33.0) Gecko/20100101 Firefox/33.0"
194.187.251.115 - - [05/Sep/2022:20:06:03 +0200] "GET /news/wp-includes/wlwmanifest.xml HTTP/1.1" 404 298 "-" "Mozilla/5.0 (Macintosh; Intel Mac OS X 10_10; rv:33.0) Gecko/20100101 Firefox/33.0"
194.187.251.115 - - [05/Sep/2022:20:06:03 +0200] "GET /2018/wp-includes/wlwmanifest.xml HTTP/1.1" 404 264 "-" "Mozilla/5.0 (Macintosh; Intel Mac OS X 10_10; rv:33.0) Gecko/20100101 Firefox/33.0"
194.187.251.115 - - [05/Sep/2022:20:06:03 +0200] "GET /2019/wp-includes/wlwmanifest.xml HTTP/1.1" 404 264 "-" "Mozilla/5.0 (Macintosh; Intel Mac OS X 10_10; rv:33.0) Gecko/20100101 Firefox/33.0"
194.187.251.115 - - [05/Sep/2022:20:06:03 +0200] "GET /shop/wp-includes/wlwmanifest.xml HTTP/1.1" 404 298 "-" "Mozilla/5.0 (Macintosh; Intel Mac OS X 10_10; rv:33.0) Gecko/20100101 Firefox/33.0"
194.187.251.115 - - [05/Sep/2022:20:06:04 +0200] "GET /wp1/wp-includes/wlwmanifest.xml HTTP/1.1" 404 297 "-" "Mozilla/5.0 (Macintosh; Intel Mac OS X 10_10; rv:33.0) Gecko/20100101 Firefox/33.0"
194.187.251.115 - - [05/Sep/2022:20:06:04 +0200] "GET /test/wp-includes/wlwmanifest.xml HTTP/1.1" 404 298 "-" "Mozilla/5.0 (Macintosh; Intel Mac OS X 10_10; rv:33.0) Gecko/20100101 Firefox/33.0"
194.187.251.115 - - [05/Sep/2022:20:06:04 +0200] "GET /media/wp-includes/wlwmanifest.xml HTTP/1.1" 404 299 "-" "Mozilla/5.0 (Macintosh; Intel Mac OS X 10_10; rv:33.0) Gecko/20100101 Firefox/33.0"
194.187.251.115 - - [05/Sep/2022:20:06:04 +0200] "GET /wp2/wp-includes/wlwmanifest.xml HTTP/1.1" 404 297 "-" "Mozilla/5.0 (Macintosh; Intel Mac OS X 10_10; rv:33.0) Gecko/20100101 Firefox/33.0"
194.187.251.115 - - [05/Sep/2022:20:06:05 +0200] "GET /site/wp-includes/wlwmanifest.xml HTTP/1.1" 404 298 "-" "Mozilla/5.0 (Macintosh; Intel Mac OS X 10_10; rv:33.0) Gecko/20100101 Firefox/33.0"
194.187.251.115 - - [05/Sep/2022:20:06:05 +0200] "GET /cms/wp-includes/wlwmanifest.xml HTTP/1.1" 404 297 "-" "Mozilla/5.0 (Macintosh; Intel Mac OS X 10_10; rv:33.0) Gecko/20100101 Firefox/33.0"
194.187.251.115 - - [05/Sep/2022:20:06:05 +0200] "GET /sito/wp-includes/wlwmanifest.xml HTTP/1.1" 404 298 "-" "Mozilla/5.0 (Macintosh; Intel Mac OS X 10_10; rv:33.0) Gecko/20100101 Firefox/33.0"
85.25.177.139 - - [05/Sep/2022:20:06:25 +0200] "GET /PmWiki/PatrickMichaud?action=upload HTTP/1.1" 200 8608 "-" "Mozilla/5.0 (Macintosh; Intel Mac OS X 10.15; rv:103.0) Gecko/20100101 Firefox/103.0"
85.25.177.139 - - [05/Sep/2022:20:07:28 +0200] "GET /PmWiki/BasicVariables?action=diff&source=n&minor=y HTTP/1.1" 200 9291 "-" "Mozilla/5.0 (Macintosh; Intel Mac OS X 10.15; rv:103.0) Gecko/20100101 Firefox/103.0"
185.191.171.35 - - [05/Sep/2022:20:07:43 +0200] "GET /PmWikiRu/WikiStyleExamples?action=edit HTTP/1.1" 403 18 "-" "Mozilla/5.0 (compatible; SemrushBot/7~bl; +http://www.semrush.com/bot.html)"
85.25.177.139 - - [05/Sep/2022:20:09:07 +0200] "GET /PmWikiDe/AdvancedTables HTTP/1.1" 302 205 "-" "Mozilla/5.0 (Macintosh; Intel Mac OS X 10.15; rv:103.0) Gecko/20100101 Firefox/103.0"
85.25.177.139 - - [05/Sep/2022:20:09:54 +0200] "GET /PmWiki/BasicVariables?action=diff&source=y&minor=n HTTP/1.1" 200 9281 "-" "Mozilla/5.0 (Macintosh; Intel Mac OS X 10.15; rv:103.0) Gecko/20100101 Firefox/103.0"
85.25.177.139 - - [05/Sep/2022:20:11:26 +0200] "GET /Category/Maintenance?action=edit HTTP/1.1" 200 8691 "-" "Mozilla/5.0 (Macintosh; Intel Mac OS X 10.15; rv:103.0) Gecko/20100101 Firefox/103.0"
85.25.177.139 - - [05/Sep/2022:20:12:04 +0200] "GET /PmWikiDe/Links HTTP/1.1" 200 13943 "-" "Mozilla/5.0 (Macintosh; Intel Mac OS X 10.15; rv:103.0) Gecko/20100101 Firefox/103.0"
85.25.177.139 - - [05/Sep/2022:20:13:08 +0200] "GET /Category/Maintenance?action=upload HTTP/1.1" 200 8591 "-" "Mozilla/5.0 (Macintosh; Intel Mac OS X 10.15; rv:103.0) Gecko/20100101 Firefox/103.0"
85.25.177.139 - - [05/Sep/2022:20:14:06 +0200] "GET /PmWikiDe/TextFormattingRules?action=upload HTTP/1.1" 200 7168 "-" "Mozilla/5.0 (Macintosh; Intel Mac OS X 10.15; rv:103.0) Gecko/20100101 Firefox/103.0"
194.209.200.2 - - [05/Sep/2022:20:14:13 +0200] "GET /robots.txt HTTP/1.1" 200 - "-" "Mozilla/5.0 (compatible; TMMBot/0.2; +http://www.dslab.ch)/Nutch-1.15"
194.209.200.2 - - [05/Sep/2022:20:14:13 +0200] "GET /Admin/Jahresbericht HTTP/1.1" 200 45530 "-" "Mozilla/5.0 (compatible; TMMBot/0.2; +http://www.dslab.ch)/Nutch-1.15"
194.209.200.2 - - [05/Sep/2022:20:14:33 +0200] "GET /Texte/Limericks HTTP/1.1" 200 8087 "-" "Mozilla/5.0 (compatible; TMMBot/0.2; +http://www.dslab.ch)/Nutch-1.15"
85.25.177.139 - - [05/Sep/2022:20:14:56 +0200] "GET /Category/Maintenance?action=print HTTP/1.1" 200 2314 "-" "Mozilla/5.0 (Macintosh; Intel Mac OS X 10.15; rv:103.0) Gecko/20100101 Firefox/103.0"
85.25.177.139 - - [05/Sep/2022:20:15:43 +0200] "GET /PmWikiDe/Uploads HTTP/1.1" 200 11891 "-" "Mozilla/5.0 (Macintosh; Intel Mac OS X 10.15; rv:103.0) Gecko/20100101 Firefox/103.0"
85.25.177.139 - - [05/Sep/2022:20:16:16 +0200] "GET /SiteAdmin/NotifyList?action=upload HTTP/1.1" 200 8594 "-" "Mozilla/5.0 (Macintosh; Intel Mac OS X 10.15; rv:103.0) Gecko/20100101 Firefox/103.0"
85.25.177.139 - - [05/Sep/2022:20:17:47 +0200] "GET /PmWikiDe/TextFormattingRules?action=edit HTTP/1.1" 200 7268 "-" "Mozilla/5.0 (Macintosh; Intel Mac OS X 10.15; rv:103.0) Gecko/20100101 Firefox/103.0"
194.209.200.2 - - [05/Sep/2022:20:18:12 +0200] "GET /Admin/Pro-ZurituutschStatuten HTTP/1.1" 200 9580 "-" "Mozilla/5.0 (compatible; TMMBot/0.2; +http://www.dslab.ch)/Nutch-1.15"
