85.25.185.196 - - [15/Nov/2022:05:52:22 +0100] "GET /Texte/Metamorphoses?action=upload HTTP/1.1" 200 8577 "-" "Mozilla/5.0 (Macintosh; Intel Mac OS X 10.15; rv:103.0) Gecko/20100101 Firefox/103.0"
194.209.200.2 - - [15/Nov/2022:05:52:54 +0100] "GET /Texte/Metamorphoses HTTP/1.1" 200 9045 "-" "Mozilla/5.0 (compatible; TMMBot/0.2; +http://www.dslab.ch)/Nutch-1.15"
66.249.70.210 - - [15/Nov/2022:05:53:23 +0100] "GET /PodCast/IndexPage?action=rss HTTP/1.1" 200 6298 "-" "Mozilla/5.0 (compatible; Googlebot/2.1; +http://www.google.com/bot.html)"
195.191.219.130 - - [15/Nov/2022:06:04:54 +0100] "GET /robots.txt HTTP/1.1" 200 - "-" "Mozilla/5.0 (compatible; MJ12bot/v1.4.8; http://mj12bot.com/)"
195.191.219.130 - - [15/Nov/2022:06:04:57 +0100] "GET / HTTP/1.1" 200 15085 "-" "Mozilla/5.0 (compatible; MJ12bot/v1.4.8; http://mj12bot.com/)"
85.25.185.196 - - [15/Nov/2022:06:06:52 +0100] "GET /Texte/Metamorphoses?action=edit HTTP/1.1" 200 8677 "-" "Mozilla/5.0 (Macintosh; Intel Mac OS X 10.15; rv:103.0) Gecko/20100101 Firefox/103.0"
157.55.39.105 - - [15/Nov/2022:06:09:20 +0100] "GET /Site/Search?pagename=Site%2FSearch&q=2023 HTTP/1.1" 200 10829 "-" "Mozilla/5.0 AppleWebKit/537.36 (KHTML, like Gecko; compatible; bingbot/2.0; +http://www.bing.com/bingbot.htm) Chrome/103.0.5060.134 Safari/537.36"
114.119.152.245 - - [15/Nov/2022:06:10:00 +0100] "GET /robots.txt HTTP/1.1" 200 - "-" "Mozilla/5.0 (compatible;PetalBot;+https://webmaster.petalsearch.com/site/petalbot)"
54.167.13.40 - - [15/Nov/2022:06:19:38 +0100] "GET /PodCast/IndexPage?action=rss HTTP/1.1" 200 6298 "-" "PlayerFM/1.0 Podcast Sync (1 subscribers; url=https://player.fm/series/podcast-2872909)"
157.55.39.14 - - [15/Nov/2022:06:23:06 +0100] "GET /PodCast/Falschmaldig?action=upload HTTP/1.1" 403 18 "-" "Mozilla/5.0 AppleWebKit/537.36 (KHTML, like Gecko; compatible; bingbot/2.0; +http://www.bing.com/bingbot.htm) Chrome/103.0.5060.134 Safari/537.36"
62.210.215.119 - - [15/Nov/2022:06:29:42 +0100] "GET /PodCast/IndexPage?action=rss HTTP/1.1" 200 6298 "-" "Mozilla/5.0 (X11; Linux i686) AppleWebKit/537.36 (KHTML, like Gecko) Chrome/30.0.1599.66 Safari/537.36"
194.209.200.2 - - [15/Nov/2022:06:29:59 +0100] "GET /robots.txt HTTP/1.1" 200 - "-" "Mozilla/5.0 (compatible; TMMBot/0.2; +http://www.dslab.ch)/Nutch-1.15"
194.209.200.2 - - [15/Nov/2022:06:29:59 +0100] "GET /Admin/Jahresbericht HTTP/1.1" 200 45530 "-" "Mozilla/5.0 (compatible; TMMBot/0.2; +http://www.dslab.ch)/Nutch-1.15"
194.209.200.2 - - [15/Nov/2022:06:30:25 +0100] "GET /Texte/Schrybwys HTTP/1.1" 200 11028 "-" "Mozilla/5.0 (compatible; TMMBot/0.2; +http://www.dslab.ch)/Nutch-1.15"
194.209.200.2 - - [15/Nov/2022:06:31:28 +0100] "GET /Texte/GDicht HTTP/1.1" 200 8050 "-" "Mozilla/5.0 (compatible; TMMBot/0.2; +http://www.dslab.ch)/Nutch-1.15"
85.25.185.196 - - [15/Nov/2022:06:31:55 +0100] "GET /Texte/Metamorphoses?action=diff HTTP/1.1" 200 22809 "-" "Mozilla/5.0 (Macintosh; Intel Mac OS X 10.15; rv:103.0) Gecko/20100101 Firefox/103.0"
194.209.200.2 - - [15/Nov/2022:06:32:07 +0100] "GET /Texte/Metamorphoses HTTP/1.1" 200 9045 "-" "Mozilla/5.0 (compatible; TMMBot/0.2; +http://www.dslab.ch)/Nutch-1.15"
85.25.185.196 - - [15/Nov/2022:06:45:53 +0100] "GET /Texte/Bitterbeuhsi HTTP/1.1" 200 9255 "-" "Mozilla/5.0 (Macintosh; Intel Mac OS X 10.15; rv:103.0) Gecko/20100101 Firefox/103.0"
85.25.185.196 - - [15/Nov/2022:06:48:03 +0100] "GET /Texte/Metamorphoses?action=diff HTTP/1.1" 200 22809 "-" "Mozilla/5.0 (Macintosh; Intel Mac OS X 10.15; rv:103.0) Gecko/20100101 Firefox/103.0"
66.249.76.222 - - [15/Nov/2022:06:48:17 +0100] "GET /PodCast/IndexPage?action=rss HTTP/1.1" 200 6298 "-" "Mozilla/5.0 (compatible; Googlebot/2.1; +http://www.google.com/bot.html)"
85.25.185.196 - - [15/Nov/2022:06:52:29 +0100] "GET /Main/Home?action=print HTTP/1.1" 200 9353 "-" "Mozilla/5.0 (Macintosh; Intel Mac OS X 10.15; rv:103.0) Gecko/20100101 Firefox/103.0"
85.25.185.196 - - [15/Nov/2022:06:59:46 +0100] "GET /sitemap.xml HTTP/1.1" 404 281 "-" "Mozilla/5.0 (Macintosh; Intel Mac OS X 10.15; rv:103.0) Gecko/20100101 Firefox/103.0"
157.55.39.4 - - [15/Nov/2022:07:02:28 +0100] "GET /PodCast/Eereroueff?action=print HTTP/1.1" 403 18 "-" "Mozilla/5.0 AppleWebKit/537.36 (KHTML, like Gecko; compatible; bingbot/2.0; +http://www.bing.com/bingbot.htm) Chrome/103.0.5060.134 Safari/537.36"
194.209.200.2 - - [15/Nov/2022:07:06:08 +0100] "GET /robots.txt HTTP/1.1" 200 - "-" "Mozilla/5.0 (compatible; TMMBot/0.2; +http://www.dslab.ch)/Nutch-1.15"
194.209.200.2 - - [15/Nov/2022:07:06:08 +0100] "GET /Admin/Jahresbericht HTTP/1.1" 200 45530 "-" "Mozilla/5.0 (compatible; TMMBot/0.2; +http://www.dslab.ch)/Nutch-1.15"
194.209.200.2 - - [15/Nov/2022:07:06:31 +0100] "GET /Texte/Schrybwys HTTP/1.1" 200 11028 "-" "Mozilla/5.0 (compatible; TMMBot/0.2; +http://www.dslab.ch)/Nutch-1.15"
194.209.200.2 - - [15/Nov/2022:07:07:28 +0100] "GET /Texte/GDicht HTTP/1.1" 200 8050 "-" "Mozilla/5.0 (compatible; TMMBot/0.2; +http://www.dslab.ch)/Nutch-1.15"
194.209.200.2 - - [15/Nov/2022:07:08:04 +0100] "GET /Texte/Metamorphoses HTTP/1.1" 200 9045 "-" "Mozilla/5.0 (compatible; TMMBot/0.2; +http://www.dslab.ch)/Nutch-1.15"
85.25.185.196 - - [15/Nov/2022:07:10:06 +0100] "GET /Main/Home?action=diff HTTP/1.1" 200 43491 "-" "Mozilla/5.0 (Macintosh; Intel Mac OS X 10.15; rv:103.0) Gecko/20100101 Firefox/103.0"
85.25.185.196 - - [15/Nov/2022:07:18:05 +0100] "GET /Texte/Roman HTTP/1.1" 200 38741 "-" "Mozilla/5.0 (Macintosh; Intel Mac OS X 10.15; rv:103.0) Gecko/20100101 Firefox/103.0"
85.25.185.196 - - [15/Nov/2022:07:23:28 +0100] "GET /PodCast/RSSPodcasts?action=edit&restore=diff:1178723176:1177573259:&preview=y HTTP/1.1" 200 8726 "-" "Mozilla/5.0 (Macintosh; Intel Mac OS X 10.15; rv:103.0) Gecko/20100101 Firefox/103.0"
85.25.185.196 - - [15/Nov/2022:07:36:13 +0100] "GET /PodCast/RSSPodcasts?action=edit&restore=diff:1376904428:1376904377:&preview=y HTTP/1.1" 200 8726 "-" "Mozilla/5.0 (Macintosh; Intel Mac OS X 10.15; rv:103.0) Gecko/20100101 Firefox/103.0"
3.219.254.95 - - [15/Nov/2022:07:38:07 +0100] "GET /PodCast/IndexPage?action=rss HTTP/1.1" 200 6298 "-" "PocketCasts/1.0 (Pocket Casts Feed Parser; +http://pocketcasts.com/)"
216.244.66.243 - - [15/Nov/2022:07:42:25 +0100] "GET /robots.txt HTTP/1.1" 200 - "-" "Mozilla/5.0 (compatible; DotBot/1.2; +https://opensiteexplorer.org/dotbot; help@moz.com)"
85.25.185.196 - - [15/Nov/2022:07:42:42 +0100] "GET /Admin/Links?action=upload HTTP/1.1" 200 8465 "-" "Mozilla/5.0 (Macintosh; Intel Mac OS X 10.15; rv:103.0) Gecko/20100101 Firefox/103.0"
157.55.39.48 - - [15/Nov/2022:07:42:43 +0100] "GET /PodCast/Zwangsnaarig?action=diff HTTP/1.1" 403 18 "-" "Mozilla/5.0 AppleWebKit/537.36 (KHTML, like Gecko; compatible; bingbot/2.0; +http://www.bing.com/bingbot.htm) Chrome/103.0.5060.134 Safari/537.36"
194.209.200.2 - - [15/Nov/2022:07:44:07 +0100] "GET /robots.txt HTTP/1.1" 200 - "-" "Mozilla/5.0 (compatible; TMMBot/0.2; +http://www.dslab.ch)/Nutch-1.15"
194.209.200.2 - - [15/Nov/2022:07:44:07 +0100] "GET /Admin/Jahresbericht HTTP/1.1" 200 45530 "-" "Mozilla/5.0 (compatible; TMMBot/0.2; +http://www.dslab.ch)/Nutch-1.15"
194.209.200.2 - - [15/Nov/2022:07:44:29 +0100] "GET /Texte/Schrybwys HTTP/1.1" 200 11028 "-" "Mozilla/5.0 (compatible; TMMBot/0.2; +http://www.dslab.ch)/Nutch-1.15"
194.209.200.2 - - [15/Nov/2022:07:45:27 +0100] "GET /Texte/GDicht HTTP/1.1" 200 8050 "-" "Mozilla/5.0 (compatible; TMMBot/0.2; +http://www.dslab.ch)/Nutch-1.15"
85.25.185.196 - - [15/Nov/2022:07:45:53 +0100] "GET /PodCast/RSSPodcasts?action=edit&restore=diff:1177572281:1177572128:&preview=y HTTP/1.1" 200 8726 "-" "Mozilla/5.0 (Macintosh; Intel Mac OS X 10.15; rv:103.0) Gecko/20100101 Firefox/103.0"
194.209.200.2 - - [15/Nov/2022:07:46:02 +0100] "GET /Texte/Metamorphoses HTTP/1.1" 200 9045 "-" "Mozilla/5.0 (compatible; TMMBot/0.2; +http://www.dslab.ch)/Nutch-1.15"
66.249.70.210 - - [15/Nov/2022:07:47:01 +0100] "GET /PodCast/IndexPage?action=rss HTTP/1.1" 200 6298 "-" "Mozilla/5.0 (compatible; Googlebot/2.1; +http://www.google.com/bot.html)"
44.228.64.221 - - [15/Nov/2022:07:47:48 +0100] "GET /Texte/Rezension HTTP/1.1" 200 11812 "-" "Python/3.8 aiohttp/3.8.3"
3.216.185.164 - - [15/Nov/2022:07:48:31 +0100] "GET /PodCast/IndexPage?action=rss HTTP/1.1" 200 6298 "-" "PocketCasts/1.0 (Pocket Casts Feed Parser; +http://pocketcasts.com/)"
85.25.185.196 - - [15/Nov/2022:07:48:47 +0100] "GET /PodCast/RSSPodcasts?action=edit&restore=diff:1177572082:1163083850:&preview=y HTTP/1.1" 200 8726 "-" "Mozilla/5.0 (Macintosh; Intel Mac OS X 10.15; rv:103.0) Gecko/20100101 Firefox/103.0"
85.25.185.196 - - [15/Nov/2022:07:53:10 +0100] "GET /PodCast/RSSPodcasts?action=edit&restore=diff:1177573243:1177573201:&preview=y HTTP/1.1" 200 8726 "-" "Mozilla/5.0 (Macintosh; Intel Mac OS X 10.15; rv:103.0) Gecko/20100101 Firefox/103.0"
168.119.51.163 - - [15/Nov/2022:08:00:32 +0100] "GET /robots.txt HTTP/1.1" 200 - "-" "Mozilla/5.0 (compatible; um-IC/1.0; mailto: techinfo@ubermetrics-technologies.com; Windows NT 6.1; WOW64; rv:40.0) Gecko/20100101 Firefox/40.1"
168.119.51.163 - - [15/Nov/2022:08:00:32 +0100] "GET /PodCast/IndexPage?action=rss HTTP/1.1" 200 6298 "-" "Mozilla/5.0 (compatible; um-IC/1.0; mailto: techinfo@ubermetrics-technologies.com; Windows NT 6.1; WOW64; rv:40.0) Gecko/20100101 Firefox/40.1"
128.14.209.146 - - [15/Nov/2022:08:03:52 +0100] "GET / HTTP/1.1" 200 15085 "-" "Mozilla/5.0 (Windows NT 10.0; WOW64) AppleWebKit/537.36 (KHTML, like Gecko) Chrome/66.0.3359.117 Safari/537.36"
85.25.185.196 - - [15/Nov/2022:08:04:42 +0100] "GET /Admin/Links?action=diff HTTP/1.1" 200 24486 "-" "Mozilla/5.0 (Macintosh; Intel Mac OS X 10.15; rv:103.0) Gecko/20100101 Firefox/103.0"
216.244.66.243 - - [15/Nov/2022:08:07:04 +0100] "GET /PodCast/Demokraty HTTP/1.1" 200 13145 "-" "Mozilla/5.0 (compatible; DotBot/1.2; +https://opensiteexplorer.org/dotbot; help@moz.com)"
216.244.66.243 - - [15/Nov/2022:08:07:10 +0100] "GET /Site/111Stans1481 HTTP/1.1" 200 14791 "-" "Mozilla/5.0 (compatible; DotBot/1.2; +https://opensiteexplorer.org/dotbot; help@moz.com)"
216.244.66.243 - - [15/Nov/2022:08:08:05 +0100] "GET /Site/161Predigerchoor1489 HTTP/1.1" 200 15057 "-" "Mozilla/5.0 (compatible; DotBot/1.2; +https://opensiteexplorer.org/dotbot; help@moz.com)"
85.25.185.196 - - [15/Nov/2022:08:13:52 +0100] "GET /PodCast/RSSPodcasts?action=edit&restore=diff:1177573059:1177573039:&preview=y HTTP/1.1" 200 8726 "-" "Mozilla/5.0 (Macintosh; Intel Mac OS X 10.15; rv:103.0) Gecko/20100101 Firefox/103.0"
85.25.185.196 - - [15/Nov/2022:08:19:08 +0100] "GET /Admin/Links?action=print HTTP/1.1" 200 8442 "-" "Mozilla/5.0 (Macintosh; Intel Mac OS X 10.15; rv:103.0) Gecko/20100101 Firefox/103.0"
85.25.185.196 - - [15/Nov/2022:08:22:42 +0100] "GET /PodCast/RSSPodcasts?action=edit&restore=diff:1177572547:1177572424:&preview=y HTTP/1.1" 200 8726 "-" "Mozilla/5.0 (Macintosh; Intel Mac OS X 10.15; rv:103.0) Gecko/20100101 Firefox/103.0"
157.55.39.105 - - [15/Nov/2022:08:23:12 +0100] "GET /PodCast/200Quellen?action=edit HTTP/1.1" 404 18 "-" "Mozilla/5.0 AppleWebKit/537.36 (KHTML, like Gecko; compatible; bingbot/2.0; +http://www.bing.com/bingbot.htm) Chrome/103.0.5060.134 Safari/537.36"
194.209.200.2 - - [15/Nov/2022:08:23:33 +0100] "GET /robots.txt HTTP/1.1" 200 - "-" "Mozilla/5.0 (compatible; TMMBot/0.2; +http://www.dslab.ch)/Nutch-1.15"
194.209.200.2 - - [15/Nov/2022:08:23:33 +0100] "GET /Admin/Jahresbericht HTTP/1.1" 200 45530 "-" "Mozilla/5.0 (compatible; TMMBot/0.2; +http://www.dslab.ch)/Nutch-1.15"
194.209.200.2 - - [15/Nov/2022:08:24:06 +0100] "GET /Texte/Schrybwys HTTP/1.1" 200 11028 "-" "Mozilla/5.0 (compatible; TMMBot/0.2; +http://www.dslab.ch)/Nutch-1.15"
194.209.200.2 - - [15/Nov/2022:08:25:23 +0100] "GET /Texte/GDicht HTTP/1.1" 200 8050 "-" "Mozilla/5.0 (compatible; TMMBot/0.2; +http://www.dslab.ch)/Nutch-1.15"
194.209.200.2 - - [15/Nov/2022:08:26:15 +0100] "GET /Texte/Metamorphoses HTTP/1.1" 200 9045 "-" "Mozilla/5.0 (compatible; TMMBot/0.2; +http://www.dslab.ch)/Nutch-1.15"
85.25.185.196 - - [15/Nov/2022:08:29:28 +0100] "GET /PodCast/RSSPodcasts?action=edit&restore=diff:1177572569:1177572547:&preview=y HTTP/1.1" 200 8726 "-" "Mozilla/5.0 (Macintosh; Intel Mac OS X 10.15; rv:103.0) Gecko/20100101 Firefox/103.0"
85.25.185.196 - - [15/Nov/2022:08:33:28 +0100] "GET /PodCast/RSSPodcasts?action=edit&restore=diff:1177572356:1177572281:&preview=y HTTP/1.1" 200 8726 "-" "Mozilla/5.0 (Macintosh; Intel Mac OS X 10.15; rv:103.0) Gecko/20100101 Firefox/103.0"
185.36.81.21 - - [15/Nov/2022:08:34:38 +0100] "GET /FCKeditor/editor/filemanager/browser/default/connectors/php/connector.php?Command=GetFoldersAndFiles&Type=File&CurrentFolder= HTTP/1.0" 404 264 "-" "Mozilla/5.0 (Windows NT 6.3; Win64; x64) AppleWebKit/537.36 (KHTML, like Gecko) Chrome/75.0.3770.100 Safari/537.36"
85.25.185.196 - - [15/Nov/2022:08:39:43 +0100] "GET /Admin/Links?action=edit HTTP/1.1" 200 8565 "-" "Mozilla/5.0 (Macintosh; Intel Mac OS X 10.15; rv:103.0) Gecko/20100101 Firefox/103.0"
207.46.13.19 - - [15/Nov/2022:08:43:54 +0100] "GET /PodCast/Verglych?action=upload HTTP/1.1" 403 18 "-" "Mozilla/5.0 (compatible; bingbot/2.0; +http://www.bing.com/bingbot.htm)"
85.25.185.196 - - [15/Nov/2022:08:45:52 +0100] "GET /PodCast/RSSPodcasts?action=edit&restore=diff:1163065799:1163065799:&preview=y HTTP/1.1" 200 8726 "-" "Mozilla/5.0 (Macintosh; Intel Mac OS X 10.15; rv:103.0) Gecko/20100101 Firefox/103.0"
66.249.76.193 - - [15/Nov/2022:08:47:43 +0100] "GET /PodCast/IndexPage?action=rss HTTP/1.1" 200 6298 "-" "Mozilla/5.0 (compatible; Googlebot/2.1; +http://www.google.com/bot.html)"
85.25.185.196 - - [15/Nov/2022:08:51:11 +0100] "GET /PodCast/RSSPodcasts?action=edit&restore=diff:1357846716:1178723194:&preview=y HTTP/1.1" 200 8726 "-" "Mozilla/5.0 (Macintosh; Intel Mac OS X 10.15; rv:103.0) Gecko/20100101 Firefox/103.0"
44.206.242.162 - - [15/Nov/2022:08:53:23 +0100] "GET /PodCast/IndexPage?action=rss HTTP/1.1" 200 6298 "https://www.google.com/" "Mozilla/5.0 (X11; Linux x86_64) AppleWebKit/537.36 (KHTML, like Gecko) Ubuntu Chromium/80.0.3987.87 Chrome/80.0.3987.87 Safari/537.36"
207.46.13.19 - - [15/Nov/2022:08:56:15 +0100] "GET /PodCast/Eenlichkait?action=upload HTTP/1.1" 403 18 "-" "Mozilla/5.0 AppleWebKit/537.36 (KHTML, like Gecko; compatible; bingbot/2.0; +http://www.bing.com/bingbot.htm) Chrome/103.0.5060.134 Safari/537.36"
85.25.185.196 - - [15/Nov/2022:09:03:02 +0100] "GET /PodCast/RSSPodcasts?action=diff&source=y&minor=n HTTP/1.1" 200 25498 "-" "Mozilla/5.0 (Macintosh; Intel Mac OS X 10.15; rv:103.0) Gecko/20100101 Firefox/103.0"
66.249.70.204 - - [15/Nov/2022:09:03:43 +0100] "GET /PodCast/IndexPage?action=rss HTTP/1.1" 200 6298 "-" "Mozilla/5.0 (compatible; Googlebot/2.1; +http://www.google.com/bot.html)"
60.188.9.19 - - [15/Nov/2022:09:04:00 +0100] "GET / HTTP/1.1" 200 15085 "-" "Mozilla/5.0 (iPhone; CPU iPhone OS 10_3 like Mac OS X) AppleWebKit/602.1.50 (KHTML, like Gecko) CriOS/56.0.2924.75 Mobile/14E5239e YisouSpider/5.0 Safari/602.1"
124.160.170.182 - - [15/Nov/2022:09:04:04 +0100] "GET /pub/skins/pro-zurituutsch/gila.css HTTP/1.1" 200 10186 "http://www.pro-zurituutsch.ch/" "Mozilla/5.0 (iPhone; CPU iPhone OS 10_3 like Mac OS X) AppleWebKit/602.1.50 (KHTML, like Gecko) CriOS/56.0.2924.75 Mobile/14E5239e YisouSpider/5.0 Safari/602.1"
157.55.39.48 - - [15/Nov/2022:09:06:10 +0100] "GET /PodCast/Glychniss HTTP/1.1" 200 8251 "-" "Mozilla/5.0 (compatible; bingbot/2.0; +http://www.bing.com/bingbot.htm)"
85.25.185.196 - - [15/Nov/2022:09:06:39 +0100] "GET /PodCast/RSSPodcasts?action=edit&restore=diff:1177573039:1177572598:&preview=y HTTP/1.1" 200 8726 "-" "Mozilla/5.0 (Macintosh; Intel Mac OS X 10.15; rv:103.0) Gecko/20100101 Firefox/103.0"
85.25.185.196 - - [15/Nov/2022:09:08:04 +0100] "GET /PodCast/RSSPodcasts?action=edit&restore=diff:1177573201:1177573059:&preview=y HTTP/1.1" 200 8726 "-" "Mozilla/5.0 (Macintosh; Intel Mac OS X 10.15; rv:103.0) Gecko/20100101 Firefox/103.0"
85.25.185.196 - - [15/Nov/2022:09:13:27 +0100] "GET /PodCast/RSSPodcasts?action=edit&restore=diff:1177572128:1177572082:&preview=y HTTP/1.1" 200 8726 "-" "Mozilla/5.0 (Macintosh; Intel Mac OS X 10.15; rv:103.0) Gecko/20100101 Firefox/103.0"
194.209.200.2 - - [15/Nov/2022:09:18:24 +0100] "GET /robots.txt HTTP/1.1" 200 - "-" "Mozilla/5.0 (compatible; TMMBot/0.2; +http://www.dslab.ch)/Nutch-1.15"
194.209.200.2 - - [15/Nov/2022:09:18:24 +0100] "GET /Admin/Jahresbericht HTTP/1.1" 200 45530 "-" "Mozilla/5.0 (compatible; TMMBot/0.2; +http://www.dslab.ch)/Nutch-1.15"
85.25.185.196 - - [15/Nov/2022:09:18:42 +0100] "GET /PodCast/RSSPodcasts?action=edit&restore=diff:1163083850:1163065799:&preview=y HTTP/1.1" 200 8726 "-" "Mozilla/5.0 (Macintosh; Intel Mac OS X 10.15; rv:103.0) Gecko/20100101 Firefox/103.0"
194.209.200.2 - - [15/Nov/2022:09:19:02 +0100] "GET /Texte/Schrybwys HTTP/1.1" 200 11028 "-" "Mozilla/5.0 (compatible; TMMBot/0.2; +http://www.dslab.ch)/Nutch-1.15"
194.209.200.2 - - [15/Nov/2022:09:21:19 +0100] "GET /Texte/Metamorphoses HTTP/1.1" 200 9045 "-" "Mozilla/5.0 (compatible; TMMBot/0.2; +http://www.dslab.ch)/Nutch-1.15"
85.25.185.196 - - [15/Nov/2022:09:26:02 +0100] "GET /PodCast/RSSPodcasts?action=edit&restore=diff:1178723194:1178723176:&preview=y HTTP/1.1" 200 8726 "-" "Mozilla/5.0 (Macintosh; Intel Mac OS X 10.15; rv:103.0) Gecko/20100101 Firefox/103.0"
85.25.185.196 - - [15/Nov/2022:09:32:03 +0100] "GET /PodCast/RSSPodcasts?action=edit&restore=diff:1163083850:1163065799:&preview=y HTTP/1.1" 200 8726 "-" "Mozilla/5.0 (Macintosh; Intel Mac OS X 10.15; rv:103.0) Gecko/20100101 Firefox/103.0"
207.46.13.19 - - [15/Nov/2022:09:32:39 +0100] "GET /PodCast/Povritalia1?action=upload HTTP/1.1" 403 18 "-" "Mozilla/5.0 (compatible; bingbot/2.0; +http://www.bing.com/bingbot.htm)"
216.244.66.243 - - [15/Nov/2022:09:36:40 +0100] "GET /robots.txt HTTP/1.1" 200 - "-" "Mozilla/5.0 (compatible; DotBot/1.2; +https://opensiteexplorer.org/dotbot; help@moz.com)"
85.25.185.196 - - [15/Nov/2022:09:38:22 +0100] "GET /PodCast/RSSPodcasts?action=edit&restore=diff:1177572424:1177572356:&preview=y HTTP/1.1" 200 8726 "-" "Mozilla/5.0 (Macintosh; Intel Mac OS X 10.15; rv:103.0) Gecko/20100101 Firefox/103.0"
40.77.167.46 - - [15/Nov/2022:09:41:56 +0100] "GET /Site/Search?pagename=Site%2FSearch&q=2022 HTTP/1.1" 200 11056 "-" "Mozilla/5.0 (compatible; bingbot/2.0; +http://www.bing.com/bingbot.htm)"
66.249.70.207 - - [15/Nov/2022:09:44:28 +0100] "GET /PodCast/IndexPage?action=rss HTTP/1.1" 200 6298 "-" "Mozilla/5.0 (compatible; Googlebot/2.1; +http://www.google.com/bot.html)"
66.249.76.222 - - [15/Nov/2022:09:56:01 +0100] "GET /PodCast/IndexPage?action=rss HTTP/1.1" 200 6298 "-" "Mozilla/5.0 (Linux; Android 6.0.1; Nexus 5X Build/MMB29P) AppleWebKit/537.36 (KHTML, like Gecko) Chrome/107.0.5304.110 Mobile Safari/537.36 (compatible; Googlebot/2.1; +http://www.google.com/bot.html)"
85.25.185.196 - - [15/Nov/2022:09:56:31 +0100] "GET /PodCast/RSSPodcasts?action=edit&restore=diff:1376904377:1357846716:&preview=y HTTP/1.1" 200 8726 "-" "Mozilla/5.0 (Macintosh; Intel Mac OS X 10.15; rv:103.0) Gecko/20100101 Firefox/103.0"
216.244.66.243 - - [15/Nov/2022:09:57:12 +0100] "GET /PmWikiFr/IndexDocAdmin HTTP/1.1" 200 16191 "-" "Mozilla/5.0 (compatible; DotBot/1.2; +https://opensiteexplorer.org/dotbot; help@moz.com)"
85.25.185.196 - - [15/Nov/2022:09:57:41 +0100] "GET /Texte/Styluebige?action=edit HTTP/1.1" 200 8635 "-" "Mozilla/5.0 (Macintosh; Intel Mac OS X 10.15; rv:103.0) Gecko/20100101 Firefox/103.0"
87.250.224.89 - - [15/Nov/2022:09:59:53 +0100] "GET /robots.txt HTTP/1.1" 200 - "-" "Mozilla/5.0 (compatible; YandexBot/3.0; +http://yandex.com/bots)"
87.250.224.169 - - [15/Nov/2022:09:59:57 +0100] "GET /Main/Home?action=edit HTTP/1.1" 403 18 "-" "Mozilla/5.0 (compatible; YandexBot/3.0; +http://yandex.com/bots)"
216.244.66.243 - - [15/Nov/2022:10:00:48 +0100] "GET /PodCast/Wortwaarte HTTP/1.1" 200 9483 "-" "Mozilla/5.0 (compatible; DotBot/1.2; +https://opensiteexplorer.org/dotbot; help@moz.com)"
216.244.66.243 - - [15/Nov/2022:10:03:29 +0100] "GET /PmWikiPtBr/FAQ HTTP/1.1" 200 13025 "-" "Mozilla/5.0 (compatible; DotBot/1.2; +https://opensiteexplorer.org/dotbot; help@moz.com)"
85.25.185.196 - - [15/Nov/2022:10:04:49 +0100] "GET /Texte/Styluebige?action=print HTTP/1.1" 200 4223 "-" "Mozilla/5.0 (Macintosh; Intel Mac OS X 10.15; rv:103.0) Gecko/20100101 Firefox/103.0"
85.25.185.196 - - [15/Nov/2022:10:14:42 +0100] "GET /Texte/Styluebige?action=upload HTTP/1.1" 200 8535 "-" "Mozilla/5.0 (Macintosh; Intel Mac OS X 10.15; rv:103.0) Gecko/20100101 Firefox/103.0"
194.209.200.2 - - [15/Nov/2022:10:15:30 +0100] "GET /robots.txt HTTP/1.1" 200 - "-" "Mozilla/5.0 (compatible; TMMBot/0.2; +http://www.dslab.ch)/Nutch-1.15"
194.209.200.2 - - [15/Nov/2022:10:15:30 +0100] "GET /Admin/Jahresbericht HTTP/1.1" 200 45530 "-" "Mozilla/5.0 (compatible; TMMBot/0.2; +http://www.dslab.ch)/Nutch-1.15"
194.209.200.2 - - [15/Nov/2022:10:15:55 +0100] "GET /Texte/Schrybwys HTTP/1.1" 200 11028 "-" "Mozilla/5.0 (compatible; TMMBot/0.2; +http://www.dslab.ch)/Nutch-1.15"
54.36.148.90 - - [15/Nov/2022:10:17:34 +0100] "GET /robots.txt HTTP/1.1" 200 - "-" "Mozilla/5.0 (compatible; AhrefsBot/7.0; +http://ahrefs.com/robot/)"
54.36.148.68 - - [15/Nov/2022:10:17:35 +0100] "GET /PmWikiCa HTTP/1.1" 302 169 "-" "Mozilla/5.0 (compatible; AhrefsBot/7.0; +http://ahrefs.com/robot/)"
194.209.200.2 - - [15/Nov/2022:10:17:39 +0100] "GET /Texte/Metamorphoses HTTP/1.1" 200 9045 "-" "Mozilla/5.0 (compatible; TMMBot/0.2; +http://www.dslab.ch)/Nutch-1.15"
85.25.185.196 - - [15/Nov/2022:10:18:25 +0100] "GET /PodCast/RSSPodcasts?action=edit&restore=diff:1177573259:1177573243:&preview=y HTTP/1.1" 200 8726 "-" "Mozilla/5.0 (Macintosh; Intel Mac OS X 10.15; rv:103.0) Gecko/20100101 Firefox/103.0"
157.55.39.48 - - [15/Nov/2022:10:21:58 +0100] "GET /Texte/Roman?action=upload HTTP/1.1" 403 18 "-" "Mozilla/5.0 AppleWebKit/537.36 (KHTML, like Gecko; compatible; bingbot/2.0; +http://www.bing.com/bingbot.htm) Chrome/103.0.5060.134 Safari/537.36"
157.55.39.17 - - [15/Nov/2022:10:24:13 +0100] "GET /Site/Search?pagename=Site%2FSearch&q= HTTP/1.1" 200 10615 "-" "Mozilla/5.0 AppleWebKit/537.36 (KHTML, like Gecko; compatible; bingbot/2.0; +http://www.bing.com/bingbot.htm) Chrome/103.0.5060.134 Safari/537.36"
3.216.185.164 - - [15/Nov/2022:10:29:03 +0100] "GET /PodCast/IndexPage?action=rss HTTP/1.1" 200 6298 "-" "PocketCasts/1.0 (Pocket Casts Feed Parser; +http://pocketcasts.com/)"
40.77.167.46 - - [15/Nov/2022:10:30:47 +0100] "GET /PodCast/Buecherbrand2?action=upload HTTP/1.1" 403 18 "-" "Mozilla/5.0 AppleWebKit/537.36 (KHTML, like Gecko; compatible; bingbot/2.0; +http://www.bing.com/bingbot.htm) Chrome/103.0.5060.134 Safari/537.36"
158.69.116.72 - - [15/Nov/2022:10:31:56 +0100] "HEAD /PodCast/IndexPage?action=rss HTTP/1.1" 200 - "-" "PodcastAddict/v5W (+https://podcastaddict.com/; Android podcast app)"
158.69.116.72 - - [15/Nov/2022:10:31:56 +0100] "GET /PodCast/IndexPage?action=rss HTTP/1.1" 200 6298 "-" "PodcastAddict/v5W (+https://podcastaddict.com/; Android podcast app)"
157.55.39.4 - - [15/Nov/2022:10:37:03 +0100] "GET /Gast/Podcast?action=diff HTTP/1.1" 403 18 "-" "Mozilla/5.0 AppleWebKit/537.36 (KHTML, like Gecko; compatible; bingbot/2.0; +http://www.bing.com/bingbot.htm) Chrome/103.0.5060.134 Safari/537.36"
85.25.185.196 - - [15/Nov/2022:10:39:07 +0100] "GET /Texte/Styluebige?action=diff HTTP/1.1" 200 34048 "-" "Mozilla/5.0 (Macintosh; Intel Mac OS X 10.15; rv:103.0) Gecko/20100101 Firefox/103.0"
85.25.185.196 - - [15/Nov/2022:10:44:12 +0100] "GET /PodCast/RSSPodcasts?action=edit&restore=diff:1177572598:1177572569:&preview=y HTTP/1.1" 200 8726 "-" "Mozilla/5.0 (Macintosh; Intel Mac OS X 10.15; rv:103.0) Gecko/20100101 Firefox/103.0"
40.77.167.46 - - [15/Nov/2022:10:44:33 +0100] "GET /PodCast/Chlapf HTTP/1.1" 200 10429 "-" "Mozilla/5.0 AppleWebKit/537.36 (KHTML, like Gecko; compatible; bingbot/2.0; +http://www.bing.com/bingbot.htm) Chrome/103.0.5060.134 Safari/537.36"
85.25.185.196 - - [15/Nov/2022:10:46:34 +0100] "GET /Texte/Rezension?action=diff HTTP/1.1" 200 19660 "-" "Mozilla/5.0 (Macintosh; Intel Mac OS X 10.15; rv:103.0) Gecko/20100101 Firefox/103.0"
85.25.185.196 - - [15/Nov/2022:10:47:17 +0100] "GET /Texte/Rezension?action=edit HTTP/1.1" 200 8621 "-" "Mozilla/5.0 (Macintosh; Intel Mac OS X 10.15; rv:103.0) Gecko/20100101 Firefox/103.0"
66.249.76.193 - - [15/Nov/2022:10:50:00 +0100] "GET /PodCast/IndexPage?action=rss HTTP/1.1" 200 6298 "-" "Mozilla/5.0 (compatible; Googlebot/2.1; +http://www.google.com/bot.html)"
85.25.185.196 - - [15/Nov/2022:10:56:56 +0100] "GET /PodCast/RSSPodcasts?action=diff&source=n&minor=y HTTP/1.1" 200 24051 "-" "Mozilla/5.0 (Macintosh; Intel Mac OS X 10.15; rv:103.0) Gecko/20100101 Firefox/103.0"
85.25.185.196 - - [15/Nov/2022:10:58:05 +0100] "GET /Texte/Rezension?action=upload HTTP/1.1" 200 8521 "-" "Mozilla/5.0 (Macintosh; Intel Mac OS X 10.15; rv:103.0) Gecko/20100101 Firefox/103.0"
194.209.200.2 - - [15/Nov/2022:11:01:41 +0100] "GET /robots.txt HTTP/1.1" 200 - "-" "Mozilla/5.0 (compatible; TMMBot/0.2; +http://www.dslab.ch)/Nutch-1.15"
194.209.200.2 - - [15/Nov/2022:11:01:41 +0100] "GET /Admin/Jahresbericht HTTP/1.1" 200 45530 "-" "Mozilla/5.0 (compatible; TMMBot/0.2; +http://www.dslab.ch)/Nutch-1.15"
194.209.200.2 - - [15/Nov/2022:11:02:15 +0100] "GET /Texte/Schrybwys HTTP/1.1" 200 11028 "-" "Mozilla/5.0 (compatible; TMMBot/0.2; +http://www.dslab.ch)/Nutch-1.15"
194.209.200.2 - - [15/Nov/2022:11:03:23 +0100] "GET /Texte/GDicht HTTP/1.1" 200 8050 "-" "Mozilla/5.0 (compatible; TMMBot/0.2; +http://www.dslab.ch)/Nutch-1.15"
85.25.185.196 - - [15/Nov/2022:11:03:44 +0100] "GET /Admin/Pro-ZurituutschStatuten?action=print HTTP/1.1" 200 3673 "-" "Mozilla/5.0 (Macintosh; Intel Mac OS X 10.15; rv:103.0) Gecko/20100101 Firefox/103.0"
194.209.200.2 - - [15/Nov/2022:11:04:05 +0100] "GET /Texte/Metamorphoses HTTP/1.1" 200 9045 "-" "Mozilla/5.0 (compatible; TMMBot/0.2; +http://www.dslab.ch)/Nutch-1.15"
157.55.39.105 - - [15/Nov/2022:11:04:39 +0100] "GET /PodCast/Chile?action=upload HTTP/1.1" 403 18 "-" "Mozilla/5.0 AppleWebKit/537.36 (KHTML, like Gecko; compatible; bingbot/2.0; +http://www.bing.com/bingbot.htm) Chrome/103.0.5060.134 Safari/537.36"
157.55.39.48 - - [15/Nov/2022:11:07:02 +0100] "GET /PodCast/Eidsprofulaxe?action=edit HTTP/1.1" 403 18 "-" "Mozilla/5.0 AppleWebKit/537.36 (KHTML, like Gecko; compatible; bingbot/2.0; +http://www.bing.com/bingbot.htm) Chrome/103.0.5060.134 Safari/537.36"
146.4.22.190 - - [15/Nov/2022:11:07:40 +0100] "GET /robots.txt HTTP/1.1" 200 - "http://www.google.ch/url?sa=t&rct=j&q=http%3A%2F%2Fpro-zurituutsch.ch%2Frobots.txt&esrc=s&source=web&cd=8&ved=0CDUQFjAH&url=http%3A%2F%2Fpro-zurituutsch.ch%2Frobots.txt" "Mozilla/5.0 (compatible; MSIE 9.0; Windows NT 6.1; Trident/5.0; .NET CLR 0.13.20886; .NET CLR 2.0.50727; .NET CLR 3.5.30729; .NET CLR 3.0.30729; .NET CLR 1.1.4322; .NET4.0C)"
146.4.22.190 - - [15/Nov/2022:11:07:40 +0100] "GET / HTTP/1.1" 200 15085 "http://www.google.ch/url?sa=t&rct=j&q=http%3A%2F%2Fpro-zurituutsch.ch%2F&esrc=s&source=web&cd=8&ved=0CDUQFjAH&url=http%3A%2F%2Fpro-zurituutsch.ch%2F" "Mozilla/5.0 (compatible; MSIE 9.0; Windows NT 6.1; Trident/5.0; .NET CLR 0.13.20886; .NET CLR 2.0.50727; .NET CLR 3.5.30729; .NET CLR 3.0.30729; .NET CLR 1.1.4322; .NET4.0C)"
146.4.22.190 - - [15/Nov/2022:11:07:41 +0100] "GET /Admin/AdresseStiftung HTTP/1.1" 200 8453 "http://www.google.ch/url?sa=t&rct=j&q=http%3A%2F%2Fpro-zurituutsch.ch%2F&esrc=s&source=web&cd=8&ved=0CDUQFjAH&url=http%3A%2F%2Fpro-zurituutsch.ch%2F" "Mozilla/5.0 (compatible; MSIE 9.0; Windows NT 6.1; Trident/5.0; .NET CLR 0.13.20886; .NET CLR 2.0.50727; .NET CLR 3.5.30729; .NET CLR 3.0.30729; .NET CLR 1.1.4322; .NET4.0C)"
146.4.22.190 - - [15/Nov/2022:11:07:41 +0100] "GET /Admin/Links HTTP/1.1" 200 14193 "http://www.google.ch/url?sa=t&rct=j&q=http%3A%2F%2Fpro-zurituutsch.ch%2F&esrc=s&source=web&cd=8&ved=0CDUQFjAH&url=http%3A%2F%2Fpro-zurituutsch.ch%2F" "Mozilla/5.0 (compatible; MSIE 9.0; Windows NT 6.1; Trident/5.0; .NET CLR 0.13.20886; .NET CLR 2.0.50727; .NET CLR 3.5.30729; .NET CLR 3.0.30729; .NET CLR 1.1.4322; .NET4.0C)"
146.4.22.190 - - [15/Nov/2022:11:07:41 +0100] "GET /Admin/Pro-ZurituutschStatuten HTTP/1.1" 200 9580 "http://www.google.ch/url?sa=t&rct=j&q=http%3A%2F%2Fpro-zurituutsch.ch%2F&esrc=s&source=web&cd=8&ved=0CDUQFjAH&url=http%3A%2F%2Fpro-zurituutsch.ch%2F" "Mozilla/5.0 (compatible; MSIE 9.0; Windows NT 6.1; Trident/5.0; .NET CLR 0.13.20886; .NET CLR 2.0.50727; .NET CLR 3.5.30729; .NET CLR 3.0.30729; .NET CLR 1.1.4322; .NET4.0C)"
146.4.22.190 - - [15/Nov/2022:11:07:41 +0100] "GET /Admin/ZurStiftung HTTP/1.1" 200 10864 "http://www.google.ch/url?sa=t&rct=j&q=http%3A%2F%2Fpro-zurituutsch.ch%2F&esrc=s&source=web&cd=8&ved=0CDUQFjAH&url=http%3A%2F%2Fpro-zurituutsch.ch%2F" "Mozilla/5.0 (compatible; MSIE 9.0; Windows NT 6.1; Trident/5.0; .NET CLR 0.13.20886; .NET CLR 2.0.50727; .NET CLR 3.5.30729; .NET CLR 3.0.30729; .NET CLR 1.1.4322; .NET4.0C)"
146.4.22.190 - - [15/Nov/2022:11:07:41 +0100] "GET /Bestellen/Pschtellf HTTP/1.1" 200 11129 "http://www.google.ch/url?sa=t&rct=j&q=http%3A%2F%2Fpro-zurituutsch.ch%2F&esrc=s&source=web&cd=8&ved=0CDUQFjAH&url=http%3A%2F%2Fpro-zurituutsch.ch%2F" "Mozilla/5.0 (compatible; MSIE 9.0; Windows NT 6.1; Trident/5.0; .NET CLR 0.13.20886; .NET CLR 2.0.50727; .NET CLR 3.5.30729; .NET CLR 3.0.30729; .NET CLR 1.1.4322; .NET4.0C)"
146.4.22.190 - - [15/Nov/2022:11:07:41 +0100] "GET /Gast/Podcast HTTP/1.1" 200 8106 "http://www.google.ch/url?sa=t&rct=j&q=http%3A%2F%2Fpro-zurituutsch.ch%2F&esrc=s&source=web&cd=8&ved=0CDUQFjAH&url=http%3A%2F%2Fpro-zurituutsch.ch%2F" "Mozilla/5.0 (compatible; MSIE 9.0; Windows NT 6.1; Trident/5.0; .NET CLR 0.13.20886; .NET CLR 2.0.50727; .NET CLR 3.5.30729; .NET CLR 3.0.30729; .NET CLR 1.1.4322; .NET4.0C)"
146.4.22.190 - - [15/Nov/2022:11:07:41 +0100] "GET /Hilfe/AnleitungTonbeispiele HTTP/1.1" 200 9878 "http://www.google.ch/url?sa=t&rct=j&q=http%3A%2F%2Fpro-zurituutsch.ch%2F&esrc=s&source=web&cd=8&ved=0CDUQFjAH&url=http%3A%2F%2Fpro-zurituutsch.ch%2F" "Mozilla/5.0 (compatible; MSIE 9.0; Windows NT 6.1; Trident/5.0; .NET CLR 0.13.20886; .NET CLR 2.0.50727; .NET CLR 3.5.30729; .NET CLR 3.0.30729; .NET CLR 1.1.4322; .NET4.0C)"
146.4.22.190 - - [15/Nov/2022:11:07:41 +0100] "GET /Main/Home HTTP/1.1" 200 15085 "http://www.google.ch/url?sa=t&rct=j&q=http%253A%252F%252Fpro-zurituutsch.ch%252F&esrc=s&source=web&cd=8&ved=0CDUQFjAH&url=http%253A%252F%252Fpro-zurituutsch.ch%252F" "Mozilla/5.0 (compatible; MSIE 9.0; Windows NT 6.1; Trident/5.0; .NET CLR 0.13.20886; .NET CLR 2.0.50727; .NET CLR 3.5.30729; .NET CLR 3.0.30729; .NET CLR 1.1.4322; .NET4.0C)"
146.4.22.190 - - [15/Nov/2022:11:07:41 +0100] "GET /Main/Home?action=diff HTTP/1.1" 200 43491 "http://www.google.ch/url?sa=t&rct=j&q=http%3A%2F%2Fpro-zurituutsch.ch%2F&esrc=s&source=web&cd=8&ved=0CDUQFjAH&url=http%3A%2F%2Fpro-zurituutsch.ch%2F" "Mozilla/5.0 (compatible; MSIE 9.0; Windows NT 6.1; Trident/5.0; .NET CLR 0.13.20886; .NET CLR 2.0.50727; .NET CLR 3.5.30729; .NET CLR 3.0.30729; .NET CLR 1.1.4322; .NET4.0C)"
146.4.22.190 - - [15/Nov/2022:11:07:41 +0100] "GET /Main/Home?action=edit HTTP/1.1" 200 8537 "http://www.google.ch/url?sa=t&rct=j&q=http%3A%2F%2Fpro-zurituutsch.ch%2F&esrc=s&source=web&cd=8&ved=0CDUQFjAH&url=http%3A%2F%2Fpro-zurituutsch.ch%2F" "Mozilla/5.0 (compatible; MSIE 9.0; Windows NT 6.1; Trident/5.0; .NET CLR 0.13.20886; .NET CLR 2.0.50727; .NET CLR 3.5.30729; .NET CLR 3.0.30729; .NET CLR 1.1.4322; .NET4.0C)"
146.4.22.190 - - [15/Nov/2022:11:07:41 +0100] "GET /Main/Home?action=print HTTP/1.1" 200 9353 "http://www.google.ch/url?sa=t&rct=j&q=http%253A%252F%252Fpro-zurituutsch.ch%252F&esrc=s&source=web&cd=8&ved=0CDUQFjAH&url=http%253A%252F%252Fpro-zurituutsch.ch%252F" "Mozilla/5.0 (compatible; MSIE 9.0; Windows NT 6.1; Trident/5.0; .NET CLR 0.13.20886; .NET CLR 2.0.50727; .NET CLR 3.5.30729; .NET CLR 3.0.30729; .NET CLR 1.1.4322; .NET4.0C)"
146.4.22.190 - - [15/Nov/2022:11:07:41 +0100] "GET /Main/Home?action=upload HTTP/1.1" 200 8437 "http://www.google.ch/url?sa=t&rct=j&q=http%3A%2F%2Fpro-zurituutsch.ch%2F&esrc=s&source=web&cd=8&ved=0CDUQFjAH&url=http%3A%2F%2Fpro-zurituutsch.ch%2F" "Mozilla/5.0 (compatible; MSIE 9.0; Windows NT 6.1; Trident/5.0; .NET CLR 0.13.20886; .NET CLR 2.0.50727; .NET CLR 3.5.30729; .NET CLR 3.0.30729; .NET CLR 1.1.4322; .NET4.0C)"
146.4.22.190 - - [15/Nov/2022:11:07:42 +0100] "GET /PodCast/RSSPodcasts HTTP/1.1" 200 8905 "http://www.google.ch/url?sa=t&rct=j&q=http%3A%2F%2Fpro-zurituutsch.ch%2F&esrc=s&source=web&cd=8&ved=0CDUQFjAH&url=http%3A%2F%2Fpro-zurituutsch.ch%2F" "Mozilla/5.0 (compatible; MSIE 9.0; Windows NT 6.1; Trident/5.0; .NET CLR 0.13.20886; .NET CLR 2.0.50727; .NET CLR 3.5.30729; .NET CLR 3.0.30729; .NET CLR 1.1.4322; .NET4.0C)"
146.4.22.190 - - [15/Nov/2022:11:07:42 +0100] "GET /Site/PodCast HTTP/1.1" 200 40934 "http://www.google.ch/url?sa=t&rct=j&q=http%3A%2F%2Fpro-zurituutsch.ch%2F&esrc=s&source=web&cd=8&ved=0CDUQFjAH&url=http%3A%2F%2Fpro-zurituutsch.ch%2F" "Mozilla/5.0 (compatible; MSIE 9.0; Windows NT 6.1; Trident/5.0; .NET CLR 0.13.20886; .NET CLR 2.0.50727; .NET CLR 3.5.30729; .NET CLR 3.0.30729; .NET CLR 1.1.4322; .NET4.0C)"
146.4.22.190 - - [15/Nov/2022:11:07:42 +0100] "GET /Site/SideBar?action=edit HTTP/1.1" 200 8581 "http://www.google.ch/url?sa=t&rct=j&q=http%3A%2F%2Fpro-zurituutsch.ch%2F&esrc=s&source=web&cd=8&ved=0CDUQFjAH&url=http%3A%2F%2Fpro-zurituutsch.ch%2F" "Mozilla/5.0 (compatible; MSIE 9.0; Windows NT 6.1; Trident/5.0; .NET CLR 0.13.20886; .NET CLR 2.0.50727; .NET CLR 3.5.30729; .NET CLR 3.0.30729; .NET CLR 1.1.4322; .NET4.0C)"
146.4.22.190 - - [15/Nov/2022:11:07:42 +0100] "GET /Texte/ArsAmatoria HTTP/1.1" 200 12369 "http://www.google.ch/url?sa=t&rct=j&q=http%3A%2F%2Fpro-zurituutsch.ch%2F&esrc=s&source=web&cd=8&ved=0CDUQFjAH&url=http%3A%2F%2Fpro-zurituutsch.ch%2F" "Mozilla/5.0 (compatible; MSIE 9.0; Windows NT 6.1; Trident/5.0; .NET CLR 0.13.20886; .NET CLR 2.0.50727; .NET CLR 3.5.30729; .NET CLR 3.0.30729; .NET CLR 1.1.4322; .NET4.0C)"
146.4.22.190 - - [15/Nov/2022:11:07:42 +0100] "GET /Texte/Bitterbeuhsi HTTP/1.1" 200 9255 "http://www.google.ch/url?sa=t&rct=j&q=http%3A%2F%2Fpro-zurituutsch.ch%2F&esrc=s&source=web&cd=8&ved=0CDUQFjAH&url=http%3A%2F%2Fpro-zurituutsch.ch%2F" "Mozilla/5.0 (compatible; MSIE 9.0; Windows NT 6.1; Trident/5.0; .NET CLR 0.13.20886; .NET CLR 2.0.50727; .NET CLR 3.5.30729; .NET CLR 3.0.30729; .NET CLR 1.1.4322; .NET4.0C)"
146.4.22.190 - - [15/Nov/2022:11:07:42 +0100] "GET /Texte/GDicht HTTP/1.1" 200 8050 "http://www.google.ch/url?sa=t&rct=j&q=http%3A%2F%2Fpro-zurituutsch.ch%2F&esrc=s&source=web&cd=8&ved=0CDUQFjAH&url=http%3A%2F%2Fpro-zurituutsch.ch%2F" "Mozilla/5.0 (compatible; MSIE 9.0; Windows NT 6.1; Trident/5.0; .NET CLR 0.13.20886; .NET CLR 2.0.50727; .NET CLR 3.5.30729; .NET CLR 3.0.30729; .NET CLR 1.1.4322; .NET4.0C)"
146.4.22.190 - - [15/Nov/2022:11:07:42 +0100] "GET /Texte/Gloosse HTTP/1.1" 200 8061 "http://www.google.ch/url?sa=t&rct=j&q=http%3A%2F%2Fpro-zurituutsch.ch%2F&esrc=s&source=web&cd=8&ved=0CDUQFjAH&url=http%3A%2F%2Fpro-zurituutsch.ch%2F" "Mozilla/5.0 (compatible; MSIE 9.0; Windows NT 6.1; Trident/5.0; .NET CLR 0.13.20886; .NET CLR 2.0.50727; .NET CLR 3.5.30729; .NET CLR 3.0.30729; .NET CLR 1.1.4322; .NET4.0C)"
146.4.22.190 - - [15/Nov/2022:11:07:42 +0100] "GET /Texte/Limericks HTTP/1.1" 200 8087 "http://www.google.ch/url?sa=t&rct=j&q=http%3A%2F%2Fpro-zurituutsch.ch%2F&esrc=s&source=web&cd=8&ved=0CDUQFjAH&url=http%3A%2F%2Fpro-zurituutsch.ch%2F" "Mozilla/5.0 (compatible; MSIE 9.0; Windows NT 6.1; Trident/5.0; .NET CLR 0.13.20886; .NET CLR 2.0.50727; .NET CLR 3.5.30729; .NET CLR 3.0.30729; .NET CLR 1.1.4322; .NET4.0C)"
146.4.22.190 - - [15/Nov/2022:11:07:42 +0100] "GET /Texte/Metamorphoses HTTP/1.1" 200 9045 "http://www.google.ch/url?sa=t&rct=j&q=http%3A%2F%2Fpro-zurituutsch.ch%2F&esrc=s&source=web&cd=8&ved=0CDUQFjAH&url=http%3A%2F%2Fpro-zurituutsch.ch%2F" "Mozilla/5.0 (compatible; MSIE 9.0; Windows NT 6.1; Trident/5.0; .NET CLR 0.13.20886; .NET CLR 2.0.50727; .NET CLR 3.5.30729; .NET CLR 3.0.30729; .NET CLR 1.1.4322; .NET4.0C)"
146.4.22.190 - - [15/Nov/2022:11:07:42 +0100] "GET /Texte/Rezension HTTP/1.1" 200 11812 "http://www.google.ch/url?sa=t&rct=j&q=http%3A%2F%2Fpro-zurituutsch.ch%2F&esrc=s&source=web&cd=8&ved=0CDUQFjAH&url=http%3A%2F%2Fpro-zurituutsch.ch%2F" "Mozilla/5.0 (compatible; MSIE 9.0; Windows NT 6.1; Trident/5.0; .NET CLR 0.13.20886; .NET CLR 2.0.50727; .NET CLR 3.5.30729; .NET CLR 3.0.30729; .NET CLR 1.1.4322; .NET4.0C)"
146.4.22.190 - - [15/Nov/2022:11:07:42 +0100] "GET /Texte/Roman HTTP/1.1" 200 38741 "http://www.google.ch/url?sa=t&rct=j&q=http%3A%2F%2Fpro-zurituutsch.ch%2F&esrc=s&source=web&cd=8&ved=0CDUQFjAH&url=http%3A%2F%2Fpro-zurituutsch.ch%2F" "Mozilla/5.0 (compatible; MSIE 9.0; Windows NT 6.1; Trident/5.0; .NET CLR 0.13.20886; .NET CLR 2.0.50727; .NET CLR 3.5.30729; .NET CLR 3.0.30729; .NET CLR 1.1.4322; .NET4.0C)"
146.4.22.190 - - [15/Nov/2022:11:07:43 +0100] "GET /Texte/Schrybwys HTTP/1.1" 200 11028 "http://www.google.ch/url?sa=t&rct=j&q=http%3A%2F%2Fpro-zurituutsch.ch%2F&esrc=s&source=web&cd=8&ved=0CDUQFjAH&url=http%3A%2F%2Fpro-zurituutsch.ch%2F" "Mozilla/5.0 (compatible; MSIE 9.0; Windows NT 6.1; Trident/5.0; .NET CLR 0.13.20886; .NET CLR 2.0.50727; .NET CLR 3.5.30729; .NET CLR 3.0.30729; .NET CLR 1.1.4322; .NET4.0C)"
146.4.22.190 - - [15/Nov/2022:11:07:43 +0100] "GET /Texte/Styluebige HTTP/1.1" 200 9998 "http://www.google.ch/url?sa=t&rct=j&q=http%3A%2F%2Fpro-zurituutsch.ch%2F&esrc=s&source=web&cd=8&ved=0CDUQFjAH&url=http%3A%2F%2Fpro-zurituutsch.ch%2F" "Mozilla/5.0 (compatible; MSIE 9.0; Windows NT 6.1; Trident/5.0; .NET CLR 0.13.20886; .NET CLR 2.0.50727; .NET CLR 3.5.30729; .NET CLR 3.0.30729; .NET CLR 1.1.4322; .NET4.0C)"
146.4.22.190 - - [15/Nov/2022:11:07:43 +0100] "GET /Texte/ZurcherischEnglish HTTP/1.1" 200 8274 "http://www.google.ch/url?sa=t&rct=j&q=http%3A%2F%2Fpro-zurituutsch.ch%2F&esrc=s&source=web&cd=8&ved=0CDUQFjAH&url=http%3A%2F%2Fpro-zurituutsch.ch%2F" "Mozilla/5.0 (compatible; MSIE 9.0; Windows NT 6.1; Trident/5.0; .NET CLR 0.13.20886; .NET CLR 2.0.50727; .NET CLR 3.5.30729; .NET CLR 3.0.30729; .NET CLR 1.1.4322; .NET4.0C)"
85.25.185.196 - - [15/Nov/2022:11:08:47 +0100] "GET /Admin/Pro-ZurituutschStatuten?action=edit HTTP/1.1" 200 8819 "-" "Mozilla/5.0 (Macintosh; Intel Mac OS X 10.15; rv:103.0) Gecko/20100101 Firefox/103.0"
85.25.185.196 - - [15/Nov/2022:11:12:28 +0100] "GET /Admin/Pro-ZurituutschStatuten?action=diff HTTP/1.1" 200 14834 "-" "Mozilla/5.0 (Macintosh; Intel Mac OS X 10.15; rv:103.0) Gecko/20100101 Firefox/103.0"
85.25.185.196 - - [15/Nov/2022:11:14:38 +0100] "GET /Admin/Pro-ZurituutschStatuten?action=upload HTTP/1.1" 200 8719 "-" "Mozilla/5.0 (Macintosh; Intel Mac OS X 10.15; rv:103.0) Gecko/20100101 Firefox/103.0"
85.25.185.196 - - [15/Nov/2022:11:15:11 +0100] "GET /Texte/Schrybwys?action=diff HTTP/1.1" 200 28323 "-" "Mozilla/5.0 (Macintosh; Intel Mac OS X 10.15; rv:103.0) Gecko/20100101 Firefox/103.0"
85.25.185.196 - - [15/Nov/2022:11:16:11 +0100] "GET /Texte/Schrybwys?action=upload HTTP/1.1" 200 8521 "-" "Mozilla/5.0 (Macintosh; Intel Mac OS X 10.15; rv:103.0) Gecko/20100101 Firefox/103.0"
85.25.185.196 - - [15/Nov/2022:11:16:51 +0100] "GET /Texte/Schrybwys?action=print HTTP/1.1" 200 5237 "-" "Mozilla/5.0 (Macintosh; Intel Mac OS X 10.15; rv:103.0) Gecko/20100101 Firefox/103.0"
85.25.185.196 - - [15/Nov/2022:11:19:56 +0100] "GET /Texte/Schrybwys?action=edit HTTP/1.1" 200 8621 "-" "Mozilla/5.0 (Macintosh; Intel Mac OS X 10.15; rv:103.0) Gecko/20100101 Firefox/103.0"
85.25.185.196 - - [15/Nov/2022:11:20:53 +0100] "GET /Texte/GDicht?action=edit HTTP/1.1" 200 8581 "-" "Mozilla/5.0 (Macintosh; Intel Mac OS X 10.15; rv:103.0) Gecko/20100101 Firefox/103.0"
85.25.185.196 - - [15/Nov/2022:11:22:57 +0100] "GET /Texte/GDicht?action=diff HTTP/1.1" 200 9534 "-" "Mozilla/5.0 (Macintosh; Intel Mac OS X 10.15; rv:103.0) Gecko/20100101 Firefox/103.0"
85.25.185.196 - - [15/Nov/2022:11:27:19 +0100] "GET /Texte/GDicht?action=upload HTTP/1.1" 200 8481 "-" "Mozilla/5.0 (Macintosh; Intel Mac OS X 10.15; rv:103.0) Gecko/20100101 Firefox/103.0"
3.137.168.21 - - [15/Nov/2022:11:28:51 +0100] "GET / HTTP/1.1" 200 15085 "-" "Mozilla/5.0 (Macintosh; Intel Mac OS X 10_15_7) AppleWebKit/537.36 (KHTML, like Gecko) Chrome/91.0.4472.114 Safari/537.36"
3.137.168.21 - - [15/Nov/2022:11:28:51 +0100] "GET / HTTP/1.1" 200 15085 "-" "Mozilla/5.0 (Macintosh; Intel Mac OS X 10_15_7) AppleWebKit/537.36 (KHTML, like Gecko) Chrome/91.0.4472.114 Safari/537.36"
3.137.168.21 - - [15/Nov/2022:11:28:52 +0100] "GET / HTTP/1.1" 200 15085 "-" "Mozilla/5.0 (Macintosh; Intel Mac OS X 10_15_7) AppleWebKit/537.36 (KHTML, like Gecko) Chrome/91.0.4472.114 Safari/537.36"
3.137.168.21 - - [15/Nov/2022:11:28:52 +0100] "GET /pub/skins/pro-zurituutsch/gila.css HTTP/1.1" 200 10186 "http://pro-zurituutsch.ch/" "Mozilla/5.0 (Macintosh; Intel Mac OS X 10_15_7) AppleWebKit/537.36 (KHTML, like Gecko) Chrome/91.0.4472.114 Safari/537.36"
3.137.168.21 - - [15/Nov/2022:11:28:53 +0100] "GET /pub/skins/pro-zurituutsch/images/favicon.ico HTTP/1.1" 200 1406 "http://pro-zurituutsch.ch/" "Mozilla/5.0 (Macintosh; Intel Mac OS X 10_15_7) AppleWebKit/537.36 (KHTML, like Gecko) Chrome/91.0.4472.114 Safari/537.36"
3.137.168.21 - - [15/Nov/2022:11:28:54 +0100] "GET /robots.txt HTTP/1.1" 200 - "-" "python-requests/2.27.1"
3.137.168.21 - - [15/Nov/2022:11:28:55 +0100] "GET /Texte/ZurcherischEnglish HTTP/1.1" 200 8274 "-" "Mozilla/5.0 (Macintosh; Intel Mac OS X 10_15_7) AppleWebKit/537.36 (KHTML, like Gecko) Chrome/91.0.4472.114 Safari/537.36"
3.137.168.21 - - [15/Nov/2022:11:28:55 +0100] "GET /pub/skins/pro-zurituutsch/gila.css HTTP/1.1" 200 10186 "http://www.pro-zurituutsch.ch/Texte/ZurcherischEnglish" "Mozilla/5.0 (Macintosh; Intel Mac OS X 10_15_7) AppleWebKit/537.36 (KHTML, like Gecko) Chrome/91.0.4472.114 Safari/537.36"
3.137.168.21 - - [15/Nov/2022:11:28:56 +0100] "GET /Main/Home HTTP/1.1" 200 15085 "-" "Mozilla/5.0 (Macintosh; Intel Mac OS X 10_15_7) AppleWebKit/537.36 (KHTML, like Gecko) Chrome/91.0.4472.114 Safari/537.36"
3.137.168.21 - - [15/Nov/2022:11:28:57 +0100] "GET /pub/skins/pro-zurituutsch/gila.css HTTP/1.1" 200 10186 "http://www.pro-zurituutsch.ch/Main/Home" "Mozilla/5.0 (Macintosh; Intel Mac OS X 10_15_7) AppleWebKit/537.36 (KHTML, like Gecko) Chrome/91.0.4472.114 Safari/537.36"
3.137.168.21 - - [15/Nov/2022:11:28:58 +0100] "GET /Main/Home?action=edit HTTP/1.1" 200 8537 "-" "Mozilla/5.0 (Macintosh; Intel Mac OS X 10_15_7) AppleWebKit/537.36 (KHTML, like Gecko) Chrome/91.0.4472.114 Safari/537.36"
3.137.168.21 - - [15/Nov/2022:11:28:58 +0100] "GET /pub/guiedit/guiedit.js HTTP/1.1" 200 2679 "http://www.pro-zurituutsch.ch/Main/Home?action=edit" "Mozilla/5.0 (Macintosh; Intel Mac OS X 10_15_7) AppleWebKit/537.36 (KHTML, like Gecko) Chrome/91.0.4472.114 Safari/537.36"
3.137.168.21 - - [15/Nov/2022:11:28:58 +0100] "GET /pub/skins/pro-zurituutsch/gila.css HTTP/1.1" 200 10186 "http://www.pro-zurituutsch.ch/Main/Home?action=edit" "Mozilla/5.0 (Macintosh; Intel Mac OS X 10_15_7) AppleWebKit/537.36 (KHTML, like Gecko) Chrome/91.0.4472.114 Safari/537.36"
3.137.168.21 - - [15/Nov/2022:11:29:00 +0100] "GET /Main/Home?action=diff HTTP/1.1" 200 43491 "-" "Mozilla/5.0 (Macintosh; Intel Mac OS X 10_15_7) AppleWebKit/537.36 (KHTML, like Gecko) Chrome/91.0.4472.114 Safari/537.36"
3.137.168.21 - - [15/Nov/2022:11:29:00 +0100] "GET /pub/skins/pro-zurituutsch/gila.css HTTP/1.1" 200 10186 "http://www.pro-zurituutsch.ch/Main/Home?action=diff" "Mozilla/5.0 (Macintosh; Intel Mac OS X 10_15_7) AppleWebKit/537.36 (KHTML, like Gecko) Chrome/91.0.4472.114 Safari/537.36"
3.137.168.21 - - [15/Nov/2022:11:29:01 +0100] "GET /Main/Home?action=print HTTP/1.1" 200 9353 "-" "Mozilla/5.0 (Macintosh; Intel Mac OS X 10_15_7) AppleWebKit/537.36 (KHTML, like Gecko) Chrome/91.0.4472.114 Safari/537.36"
3.137.168.21 - - [15/Nov/2022:11:29:02 +0100] "GET /pub/skins/print/print.css HTTP/1.1" 200 1598 "http://www.pro-zurituutsch.ch/Main/Home?action=print" "Mozilla/5.0 (Macintosh; Intel Mac OS X 10_15_7) AppleWebKit/537.36 (KHTML, like Gecko) Chrome/91.0.4472.114 Safari/537.36"
3.137.168.21 - - [15/Nov/2022:11:29:03 +0100] "GET /Main/Home?action=upload HTTP/1.1" 200 8437 "-" "Mozilla/5.0 (Macintosh; Intel Mac OS X 10_15_7) AppleWebKit/537.36 (KHTML, like Gecko) Chrome/91.0.4472.114 Safari/537.36"
3.137.168.21 - - [15/Nov/2022:11:29:03 +0100] "GET /pub/skins/pro-zurituutsch/gila.css HTTP/1.1" 200 10186 "http://www.pro-zurituutsch.ch/Main/Home?action=upload" "Mozilla/5.0 (Macintosh; Intel Mac OS X 10_15_7) AppleWebKit/537.36 (KHTML, like Gecko) Chrome/91.0.4472.114 Safari/537.36"
3.137.168.21 - - [15/Nov/2022:11:29:05 +0100] "GET /Admin/Links HTTP/1.1" 200 14193 "-" "Mozilla/5.0 (Macintosh; Intel Mac OS X 10_15_7) AppleWebKit/537.36 (KHTML, like Gecko) Chrome/91.0.4472.114 Safari/537.36"
3.137.168.21 - - [15/Nov/2022:11:29:05 +0100] "GET /pub/skins/pro-zurituutsch/gila.css HTTP/1.1" 200 10186 "http://www.pro-zurituutsch.ch/Admin/Links" "Mozilla/5.0 (Macintosh; Intel Mac OS X 10_15_7) AppleWebKit/537.36 (KHTML, like Gecko) Chrome/91.0.4472.114 Safari/537.36"
85.25.185.196 - - [15/Nov/2022:11:29:07 +0100] "GET /Texte/GDicht?action=print HTTP/1.1" 200 2287 "-" "Mozilla/5.0 (Macintosh; Intel Mac OS X 10.15; rv:103.0) Gecko/20100101 Firefox/103.0"
154.21.208.50 - - [15/Nov/2022:11:30:45 +0100] "GET /Texte/Rezension HTTP/1.1" 200 11812 "http://www.pro-zurituutsch.ch" "Mozilla/5.0 (Windows NT 10.0; Win64; x64) AppleWebKit/537.36 (KHTML, like Gecko) Chrome/62.0.3202.94 Safari/537.36"
85.25.185.196 - - [15/Nov/2022:11:36:54 +0100] "GET /Gast/Podcast?action=edit HTTP/1.1" 200 8579 "-" "Mozilla/5.0 (Macintosh; Intel Mac OS X 10.15; rv:103.0) Gecko/20100101 Firefox/103.0"
85.25.185.196 - - [15/Nov/2022:11:40:16 +0100] "GET /Gast/Podcast?action=upload HTTP/1.1" 200 8479 "-" "Mozilla/5.0 (Macintosh; Intel Mac OS X 10.15; rv:103.0) Gecko/20100101 Firefox/103.0"
194.209.200.2 - - [15/Nov/2022:11:42:22 +0100] "GET /robots.txt HTTP/1.1" 200 - "-" "Mozilla/5.0 (compatible; TMMBot/0.2; +http://www.dslab.ch)/Nutch-1.15"
194.209.200.2 - - [15/Nov/2022:11:42:22 +0100] "GET /Admin/Jahresbericht HTTP/1.1" 200 45530 "-" "Mozilla/5.0 (compatible; TMMBot/0.2; +http://www.dslab.ch)/Nutch-1.15"
194.209.200.2 - - [15/Nov/2022:11:42:45 +0100] "GET /Texte/Schrybwys HTTP/1.1" 200 11028 "-" "Mozilla/5.0 (compatible; TMMBot/0.2; +http://www.dslab.ch)/Nutch-1.15"
194.209.200.2 - - [15/Nov/2022:11:43:44 +0100] "GET /Texte/GDicht HTTP/1.1" 200 8050 "-" "Mozilla/5.0 (compatible; TMMBot/0.2; +http://www.dslab.ch)/Nutch-1.15"
194.209.200.2 - - [15/Nov/2022:11:44:21 +0100] "GET /Texte/Metamorphoses HTTP/1.1" 200 9045 "-" "Mozilla/5.0 (compatible; TMMBot/0.2; +http://www.dslab.ch)/Nutch-1.15"
85.25.185.196 - - [15/Nov/2022:11:47:13 +0100] "GET /Gast/Podcast?action=print HTTP/1.1" 200 2344 "-" "Mozilla/5.0 (Macintosh; Intel Mac OS X 10.15; rv:103.0) Gecko/20100101 Firefox/103.0"
40.77.167.46 - - [15/Nov/2022:11:47:31 +0100] "GET /JissIBNJoussouff7/02?action=edit HTTP/1.1" 404 18 "-" "Mozilla/5.0 (compatible; bingbot/2.0; +http://www.bing.com/bingbot.htm)"
85.25.185.196 - - [15/Nov/2022:11:49:51 +0100] "GET /PodCast/PodCastJissai HTTP/1.1" 200 14554 "-" "Mozilla/5.0 (Macintosh; Intel Mac OS X 10.15; rv:103.0) Gecko/20100101 Firefox/103.0"
85.25.185.196 - - [15/Nov/2022:11:50:25 +0100] "GET /PodCast/JBJ202 HTTP/1.1" 200 20558 "-" "Mozilla/5.0 (Macintosh; Intel Mac OS X 10.15; rv:103.0) Gecko/20100101 Firefox/103.0"
85.25.185.196 - - [15/Nov/2022:11:51:31 +0100] "GET /PodCast/Amaisehugel HTTP/1.1" 200 10785 "-" "Mozilla/5.0 (Macintosh; Intel Mac OS X 10.15; rv:103.0) Gecko/20100101 Firefox/103.0"
212.227.216.222 - - [15/Nov/2022:11:53:50 +0100] "GET /robots.txt HTTP/1.1" 200 - "-" "IonCrawl (https://www.ionos.de/terms-gtc/faq-crawler-en/)"
85.25.185.196 - - [15/Nov/2022:11:54:42 +0100] "GET /PodCast/Schaidig1 HTTP/1.1" 200 19206 "-" "Mozilla/5.0 (Macintosh; Intel Mac OS X 10.15; rv:103.0) Gecko/20100101 Firefox/103.0"
85.25.185.196 - - [15/Nov/2022:11:55:48 +0100] "GET /Site/161Predigerchoor1489 HTTP/1.1" 200 15057 "-" "Mozilla/5.0 (Macintosh; Intel Mac OS X 10.15; rv:103.0) Gecko/20100101 Firefox/103.0"
212.227.216.190 - - [15/Nov/2022:11:55:54 +0100] "GET /sitemap.xml HTTP/1.1" 404 277 "-" "IonCrawl (https://www.ionos.de/terms-gtc/faq-crawler-en/)"
212.227.216.190 - - [15/Nov/2022:11:55:55 +0100] "GET / HTTP/1.1" 200 15085 "-" "IonCrawl (https://www.ionos.de/terms-gtc/faq-crawler-en/)"
212.227.216.190 - - [15/Nov/2022:11:55:56 +0100] "GET /robots.txt HTTP/1.1" 200 - "-" "IonCrawl (https://www.ionos.de/terms-gtc/faq-crawler-en/)"
212.227.216.190 - - [15/Nov/2022:11:55:58 +0100] "GET /wp-admin/admin-ajax.php HTTP/1.1" 404 289 "-" "IonCrawl (https://www.ionos.de/terms-gtc/faq-crawler-en/)"
66.249.76.222 - - [15/Nov/2022:11:56:21 +0100] "GET /PodCast/IndexPage?action=rss HTTP/1.1" 200 6298 "-" "Mozilla/5.0 (compatible; Googlebot/2.1; +http://www.google.com/bot.html)"
212.227.216.222 - - [15/Nov/2022:12:00:57 +0100] "GET /sitemap.xml HTTP/1.1" 404 281 "-" "IonCrawl (https://www.ionos.de/terms-gtc/faq-crawler-en/)"
212.227.216.238 - - [15/Nov/2022:12:00:57 +0100] "GET /sitemap.xml HTTP/1.1" 404 281 "-" "IonCrawl (https://www.ionos.de/terms-gtc/faq-crawler-en/)"
212.227.216.174 - - [15/Nov/2022:12:00:58 +0100] "GET /Admin/Links HTTP/1.1" 200 14193 "-" "IonCrawl (https://www.ionos.de/terms-gtc/faq-crawler-en/)"
212.227.216.238 - - [15/Nov/2022:12:00:58 +0100] "GET /Main/Home?action=diff HTTP/1.1" 403 18 "-" "IonCrawl (https://www.ionos.de/terms-gtc/faq-crawler-en/)"
212.227.216.222 - - [15/Nov/2022:12:00:58 +0100] "GET /Admin/AdresseStiftung HTTP/1.1" 200 8453 "-" "IonCrawl (https://www.ionos.de/terms-gtc/faq-crawler-en/)"
212.227.216.174 - - [15/Nov/2022:12:00:59 +0100] "GET /wp-admin/admin-ajax.php HTTP/1.1" 404 293 "-" "IonCrawl (https://www.ionos.de/terms-gtc/faq-crawler-en/)"
212.227.216.182 - - [15/Nov/2022:12:00:59 +0100] "GET /Main/Home HTTP/1.1" 200 15085 "-" "IonCrawl (https://www.ionos.de/terms-gtc/faq-crawler-en/)"
