114.119.141.100 - - [19/May/2022:00:03:33 +0200] "GET /PmWikiDe/IncludeOtherPages?action=diff HTTP/1.1" 403 18 "http://www.pro-zurituutsch.ch/PmWikiDe/IncludeOtherPages" "Mozilla/5.0 (Linux; Android 7.0;) AppleWebKit/537.36 (KHTML, like Gecko) Mobile Safari/537.36 (compatible; PetalBot;+https://webmaster.petalsearch.com/site/petalbot)"
114.119.129.198 - - [19/May/2022:00:07:26 +0200] "GET /PmWikiRu/PageDirectives?action=print HTTP/1.1" 403 18 "http://www.pro-zurituutsch.ch/PmWikiRu/PageDirectives" "Mozilla/5.0 (Linux; Android 7.0;) AppleWebKit/537.36 (KHTML, like Gecko) Mobile Safari/537.36 (compatible; PetalBot;+https://webmaster.petalsearch.com/site/petalbot)"
114.119.141.112 - - [19/May/2022:00:09:22 +0200] "GET /PmWikiVi/XLPage?action=print HTTP/1.1" 403 18 "http://www.pro-zurituutsch.ch/PmWikiVi/XLPage" "Mozilla/5.0 (Linux; Android 7.0;) AppleWebKit/537.36 (KHTML, like Gecko) Mobile Safari/537.36 (compatible; PetalBot;+https://webmaster.petalsearch.com/site/petalbot)"
114.119.141.103 - - [19/May/2022:00:12:50 +0200] "GET /PmWikiFr/IncludeOtherPages?action=upload HTTP/1.1" 403 18 "http://www.pro-zurituutsch.ch/PmWikiFr/IncludeOtherPages" "Mozilla/5.0 (Linux; Android 7.0;) AppleWebKit/537.36 (KHTML, like Gecko) Mobile Safari/537.36 (compatible; PetalBot;+https://webmaster.petalsearch.com/site/petalbot)"
185.191.171.5 - - [19/May/2022:00:14:42 +0200] "GET /robots.txt HTTP/1.1" 200 - "-" "Mozilla/5.0 (compatible; SemrushBot/7~bl; +http://www.semrush.com/bot.html)"
185.191.171.33 - - [19/May/2022:00:14:42 +0200] "GET /PmWikiRu/XLPage?action=edit HTTP/1.1" 403 18 "-" "Mozilla/5.0 (compatible; SemrushBot/7~bl; +http://www.semrush.com/bot.html)"
114.119.141.217 - - [19/May/2022:00:17:16 +0200] "GET /PmWikiFr/PageLists?action=print HTTP/1.1" 403 18 "http://www.pro-zurituutsch.ch/PmWikiFr/PageLists" "Mozilla/5.0 (Linux; Android 7.0;) AppleWebKit/537.36 (KHTML, like Gecko) Mobile Safari/537.36 (compatible; PetalBot;+https://webmaster.petalsearch.com/site/petalbot)"
194.209.200.2 - - [19/May/2022:00:21:30 +0200] "GET /robots.txt HTTP/1.1" 200 - "-" "Mozilla/5.0 (compatible; TMMBot/0.2; +http://www.dslab.ch)/Nutch-1.15"
194.209.200.2 - - [19/May/2022:00:21:30 +0200] "GET /Texte/Rezension HTTP/1.1" 200 11812 "-" "Mozilla/5.0 (compatible; TMMBot/0.2; +http://www.dslab.ch)/Nutch-1.15"
62.93.198.74 - - [19/May/2022:00:22:03 +0200] "GET /Texte/Schrybwys HTTP/1.1" 200 11028 "-" "Mozilla/5.0 (iPhone; CPU iPhone OS 15_4_1 like Mac OS X) AppleWebKit/605.1.15 (KHTML, like Gecko) Version/15.4 Mobile/15E148 Safari/604.1"
62.93.198.74 - - [19/May/2022:00:22:03 +0200] "GET /uploads/Texte/ZurSchreibweise.jpg HTTP/1.1" 200 90748 "http://www.pro-zurituutsch.ch/" "Mozilla/5.0 (iPhone; CPU iPhone OS 15_4_1 like Mac OS X) AppleWebKit/605.1.15 (KHTML, like Gecko) Version/15.4 Mobile/15E148 Safari/604.1"
62.93.198.74 - - [19/May/2022:00:22:03 +0200] "GET /pub/skins/pro-zurituutsch/gila.css HTTP/1.1" 200 10186 "http://www.pro-zurituutsch.ch/" "Mozilla/5.0 (iPhone; CPU iPhone OS 15_4_1 like Mac OS X) AppleWebKit/605.1.15 (KHTML, like Gecko) Version/15.4 Mobile/15E148 Safari/604.1"
62.93.198.74 - - [19/May/2022:00:22:03 +0200] "GET /pub/skins/pro-zurituutsch/images/external.png HTTP/1.1" 200 165 "http://www.pro-zurituutsch.ch/" "Mozilla/5.0 (iPhone; CPU iPhone OS 15_4_1 like Mac OS X) AppleWebKit/605.1.15 (KHTML, like Gecko) Version/15.4 Mobile/15E148 Safari/604.1"
62.93.198.74 - - [19/May/2022:00:22:04 +0200] "GET /pub/skins/pro-zurituutsch/images/favicon.ico HTTP/1.1" 200 1406 "http://www.pro-zurituutsch.ch/" "Mozilla/5.0 (iPhone; CPU iPhone OS 15_4_1 like Mac OS X) AppleWebKit/605.1.15 (KHTML, like Gecko) Version/15.4 Mobile/15E148 Safari/604.1"
168.119.51.163 - - [19/May/2022:00:22:23 +0200] "GET /robots.txt HTTP/1.1" 200 - "-" "Mozilla/5.0 (compatible; um-IC/1.0; mailto: techinfo@ubermetrics-technologies.com; Windows NT 6.1; WOW64; rv:40.0) Gecko/20100101 Firefox/40.1"
168.119.51.163 - - [19/May/2022:00:22:23 +0200] "GET /PodCast/IndexPage?action=rss HTTP/1.1" 200 6298 "-" "Mozilla/5.0 (compatible; um-IC/1.0; mailto: techinfo@ubermetrics-technologies.com; Windows NT 6.1; WOW64; rv:40.0) Gecko/20100101 Firefox/40.1"
194.209.200.2 - - [19/May/2022:00:24:21 +0200] "GET /Admin/Jahresbericht HTTP/1.1" 200 45530 "-" "Mozilla/5.0 (compatible; TMMBot/0.2; +http://www.dslab.ch)/Nutch-1.15"
194.209.200.2 - - [19/May/2022:00:24:44 +0200] "GET /Texte/Limericks HTTP/1.1" 200 8087 "-" "Mozilla/5.0 (compatible; TMMBot/0.2; +http://www.dslab.ch)/Nutch-1.15"
194.209.200.2 - - [19/May/2022:00:24:48 +0200] "GET /Texte/Schrybwys HTTP/1.1" 200 11028 "-" "Mozilla/5.0 (compatible; TMMBot/0.2; +http://www.dslab.ch)/Nutch-1.15"
194.209.200.2 - - [19/May/2022:00:25:45 +0200] "GET /Texte/ArsAmatoria HTTP/1.1" 200 12369 "-" "Mozilla/5.0 (compatible; TMMBot/0.2; +http://www.dslab.ch)/Nutch-1.15"
194.209.200.2 - - [19/May/2022:00:26:05 +0200] "GET /Texte/GDicht HTTP/1.1" 200 8050 "-" "Mozilla/5.0 (compatible; TMMBot/0.2; +http://www.dslab.ch)/Nutch-1.15"
194.209.200.2 - - [19/May/2022:00:30:06 +0200] "GET / HTTP/1.1" 200 14638 "-" "Mozilla/5.0 (compatible; TMMBot/0.2; +http://www.dslab.ch)/Nutch-1.15"
66.249.76.222 - - [19/May/2022:00:30:59 +0200] "GET /PodCast/IndexPage?action=rss HTTP/1.1" 200 6298 "-" "Mozilla/5.0 (compatible; Googlebot/2.1; +http://www.google.com/bot.html)"
194.209.200.2 - - [19/May/2022:00:31:08 +0200] "GET /Texte/Bitterbeuhsi HTTP/1.1" 200 9255 "-" "Mozilla/5.0 (compatible; TMMBot/0.2; +http://www.dslab.ch)/Nutch-1.15"
194.209.200.2 - - [19/May/2022:00:31:24 +0200] "GET /Gast/Podcast HTTP/1.1" 200 8106 "-" "Mozilla/5.0 (compatible; TMMBot/0.2; +http://www.dslab.ch)/Nutch-1.15"
51.222.253.14 - - [19/May/2022:00:44:18 +0200] "GET /robots.txt HTTP/1.1" 200 - "-" "Mozilla/5.0 (compatible; AhrefsBot/7.0; +http://ahrefs.com/robot/)"
114.119.141.133 - - [19/May/2022:00:45:03 +0200] "GET /robots.txt HTTP/1.1" 200 - "-" "Mozilla/5.0 (Linux; Android 7.0;) AppleWebKit/537.36 (KHTML, like Gecko) Mobile Safari/537.36 (compatible; PetalBot;+https://webmaster.petalsearch.com/site/petalbot)"
185.191.171.11 - - [19/May/2022:00:49:41 +0200] "GET /PmWikiDe/Wikifarm?action=edit HTTP/1.1" 404 18 "-" "Mozilla/5.0 (compatible; SemrushBot/7~bl; +http://www.semrush.com/bot.html)"
199.119.124.38 - - [19/May/2022:00:50:44 +0200] "GET /PodCast/IndexPage?action=rss HTTP/1.1" 200 6298 "-" "Mozilla/5.0 (compatible; theoldreader.com; 3 subscribers; feed-id=348566593961d208cfcc5774)"
157.55.39.6 - - [19/May/2022:00:51:34 +0200] "GET /PodCast/Gagetail HTTP/1.1" 200 8688 "-" "Mozilla/5.0 (compatible; bingbot/2.0; +http://www.bing.com/bingbot.htm)"
185.191.171.43 - - [19/May/2022:00:51:37 +0200] "GET /Profiles/Pm?action=edit HTTP/1.1" 404 18 "-" "Mozilla/5.0 (compatible; SemrushBot/7~bl; +http://www.semrush.com/bot.html)"
114.119.141.191 - - [19/May/2022:00:56:11 +0200] "GET /PmWikiFr/DeletingPages?action=diff HTTP/1.1" 403 18 "http://www.pro-zurituutsch.ch/PmWikiFr/DeletingPages" "Mozilla/5.0 (Linux; Android 7.0;) AppleWebKit/537.36 (KHTML, like Gecko) Mobile Safari/537.36 (compatible; PetalBot;+https://webmaster.petalsearch.com/site/petalbot)"
114.119.141.112 - - [19/May/2022:00:57:39 +0200] "GET /PmWikiFr/PagelistsExplained?action=diff HTTP/1.1" 403 18 "http://www.pro-zurituutsch.ch/PmWikiFr/PagelistsExplained" "Mozilla/5.0 (Linux; Android 7.0;) AppleWebKit/537.36 (KHTML, like Gecko) Mobile Safari/537.36 (compatible; PetalBot;+https://webmaster.petalsearch.com/site/petalbot)"
114.119.140.84 - - [19/May/2022:00:59:03 +0200] "GET /PmWikiDe/XLPageCookbook?action=upload HTTP/1.1" 403 18 "http://www.pro-zurituutsch.ch/PmWikiDe/XLPageCookbook" "Mozilla/5.0 (Linux; Android 7.0;) AppleWebKit/537.36 (KHTML, like Gecko) Mobile Safari/537.36 (compatible; PetalBot;+https://webmaster.petalsearch.com/site/petalbot)"
185.191.171.35 - - [19/May/2022:01:02:59 +0200] "GET /PmWikiRu/Internationalizations HTTP/1.1" 200 18708 "-" "Mozilla/5.0 (compatible; SemrushBot/7~bl; +http://www.semrush.com/bot.html)"
176.88.60.79 - - [19/May/2022:01:05:51 +0200] "GET /uploads/Texte/ZurSchreibweise.jpg HTTP/1.1" 200 90748 "-" "Python/3.8 aiohttp/3.7.4"
185.191.171.5 - - [19/May/2022:01:08:11 +0200] "GET /PmWikiFr/ChangementDuNomDeMenu?action=diff HTTP/1.1" 403 18 "-" "Mozilla/5.0 (compatible; SemrushBot/7~bl; +http://www.semrush.com/bot.html)"
185.191.171.42 - - [19/May/2022:01:09:21 +0200] "GET /PmWikiFr/TextFormattingRules HTTP/1.1" 200 24830 "-" "Mozilla/5.0 (compatible; SemrushBot/7~bl; +http://www.semrush.com/bot.html)"
194.209.200.2 - - [19/May/2022:01:13:29 +0200] "GET /robots.txt HTTP/1.1" 200 - "-" "Mozilla/5.0 (compatible; TMMBot/0.2; +http://www.dslab.ch)/Nutch-1.15"
194.209.200.2 - - [19/May/2022:01:13:29 +0200] "GET /Admin/Jahresbericht HTTP/1.1" 200 45530 "-" "Mozilla/5.0 (compatible; TMMBot/0.2; +http://www.dslab.ch)/Nutch-1.15"
194.209.200.2 - - [19/May/2022:01:14:43 +0200] "GET /Texte/ArsAmatoria HTTP/1.1" 200 12369 "-" "Mozilla/5.0 (compatible; TMMBot/0.2; +http://www.dslab.ch)/Nutch-1.15"
194.209.200.2 - - [19/May/2022:01:17:44 +0200] "GET / HTTP/1.1" 200 14638 "-" "Mozilla/5.0 (compatible; TMMBot/0.2; +http://www.dslab.ch)/Nutch-1.15"
194.209.200.2 - - [19/May/2022:01:18:06 +0200] "GET /Admin/ZurStiftung HTTP/1.1" 200 10864 "-" "Mozilla/5.0 (compatible; TMMBot/0.2; +http://www.dslab.ch)/Nutch-1.15"
194.209.200.2 - - [19/May/2022:01:18:43 +0200] "GET /Gast/Podcast HTTP/1.1" 200 8106 "-" "Mozilla/5.0 (compatible; TMMBot/0.2; +http://www.dslab.ch)/Nutch-1.15"
114.119.140.99 - - [19/May/2022:01:23:00 +0200] "GET /PmWikiLt/XLPage?action=diff HTTP/1.1" 403 18 "http://www.pro-zurituutsch.ch/PmWikiLt/XLPage" "Mozilla/5.0 (Linux; Android 7.0;) AppleWebKit/537.36 (KHTML, like Gecko) Mobile Safari/537.36 (compatible; PetalBot;+https://webmaster.petalsearch.com/site/petalbot)"
185.191.171.37 - - [19/May/2022:01:25:16 +0200] "GET /robots.txt HTTP/1.1" 200 - "-" "Mozilla/5.0 (compatible; SemrushBot/7~bl; +http://www.semrush.com/bot.html)"
185.191.171.17 - - [19/May/2022:01:25:16 +0200] "GET /PmWikiRu/Images HTTP/1.1" 200 25438 "-" "Mozilla/5.0 (compatible; SemrushBot/7~bl; +http://www.semrush.com/bot.html)"
114.119.140.70 - - [19/May/2022:01:29:22 +0200] "GET /PmWikiFr/PageHistory?action=edit HTTP/1.1" 403 18 "http://www.pro-zurituutsch.ch/PmWikiFr/PageHistory" "Mozilla/5.0 (Linux; Android 7.0;) AppleWebKit/537.36 (KHTML, like Gecko) Mobile Safari/537.36 (compatible; PetalBot;+https://webmaster.petalsearch.com/site/petalbot)"
66.249.76.222 - - [19/May/2022:01:33:02 +0200] "GET /PodCast/IndexPage?action=rss HTTP/1.1" 200 6298 "-" "Mozilla/5.0 (compatible; Googlebot/2.1; +http://www.google.com/bot.html)"
173.231.60.197 - - [19/May/2022:01:43:41 +0200] "GET /robots.txt HTTP/1.1" 200 - "-" "Mozilla/5.0 (compatible; Adsbot/3.1; +https://seostar.co/robot/)"
173.231.60.197 - - [19/May/2022:01:43:47 +0200] "GET / HTTP/1.1" 200 14638 "-" "Mozilla/5.0 (compatible; Adsbot/3.1; +https://seostar.co/robot/)"
173.231.60.197 - - [19/May/2022:01:43:52 +0200] "GET /Main/Home?action=diff HTTP/1.1" 403 18 "http://www.pro-zurituutsch.ch/" "Mozilla/5.0 (compatible; Adsbot/3.1; +https://seostar.co/robot/)"
173.231.60.197 - - [19/May/2022:01:43:58 +0200] "GET /Main/Home?action=edit HTTP/1.1" 403 18 "http://www.pro-zurituutsch.ch/" "Mozilla/5.0 (compatible; Adsbot/3.1; +https://seostar.co/robot/)"
173.231.60.197 - - [19/May/2022:01:44:03 +0200] "GET /Main/Home?action=print HTTP/1.1" 403 18 "http://www.pro-zurituutsch.ch/" "Mozilla/5.0 (compatible; Adsbot/3.1; +https://seostar.co/robot/)"
173.231.60.197 - - [19/May/2022:01:44:09 +0200] "GET /Main/Home?action=upload HTTP/1.1" 403 18 "http://www.pro-zurituutsch.ch/" "Mozilla/5.0 (compatible; Adsbot/3.1; +https://seostar.co/robot/)"
173.231.60.197 - - [19/May/2022:01:44:14 +0200] "GET /Admin/Links HTTP/1.1" 200 14193 "http://www.pro-zurituutsch.ch/" "Mozilla/5.0 (compatible; Adsbot/3.1; +https://seostar.co/robot/)"
173.231.60.197 - - [19/May/2022:01:44:32 +0200] "GET /Texte/Roman HTTP/1.1" 200 38741 "http://www.pro-zurituutsch.ch/" "Mozilla/5.0 (compatible; Adsbot/3.1; +https://seostar.co/robot/)"
173.231.60.197 - - [19/May/2022:01:44:38 +0200] "GET /Gast/Podcast HTTP/1.1" 200 8106 "http://www.pro-zurituutsch.ch/" "Mozilla/5.0 (compatible; Adsbot/3.1; +https://seostar.co/robot/)"
173.231.60.197 - - [19/May/2022:01:44:44 +0200] "GET /Texte/GDicht HTTP/1.1" 200 8050 "http://www.pro-zurituutsch.ch/" "Mozilla/5.0 (compatible; Adsbot/3.1; +https://seostar.co/robot/)"
173.231.60.197 - - [19/May/2022:01:44:50 +0200] "GET /Texte/Gloosse HTTP/1.1" 200 8061 "http://www.pro-zurituutsch.ch/" "Mozilla/5.0 (compatible; Adsbot/3.1; +https://seostar.co/robot/)"
37.120.218.166 - - [19/May/2022:01:52:35 +0200] "GET /robots.txt HTTP/1.1" 200 - "-" "Mozilla/5.0 (Macintosh; Intel Mac OS X 10_12_6) AppleWebKit/537.36 (KHTML, like Gecko) Chrome/61.0.3163.100 Safari/537.36"
37.120.218.166 - - [19/May/2022:01:52:35 +0200] "GET / HTTP/1.1" 200 14638 "-" "Mozilla/5.0 (Macintosh; Intel Mac OS X 10_12_6) AppleWebKit/537.36 (KHTML, like Gecko) Chrome/61.0.3163.100 Safari/537.36"
194.209.200.2 - - [19/May/2022:01:58:47 +0200] "GET /robots.txt HTTP/1.1" 200 - "-" "Mozilla/5.0 (compatible; TMMBot/0.2; +http://www.dslab.ch)/Nutch-1.15"
194.209.200.2 - - [19/May/2022:01:58:47 +0200] "GET /Texte/ArsAmatoria HTTP/1.1" 200 12369 "-" "Mozilla/5.0 (compatible; TMMBot/0.2; +http://www.dslab.ch)/Nutch-1.15"
194.209.200.2 - - [19/May/2022:01:59:27 +0200] "GET /Texte/Styluebige HTTP/1.1" 200 9998 "-" "Mozilla/5.0 (compatible; TMMBot/0.2; +http://www.dslab.ch)/Nutch-1.15"
194.209.200.2 - - [19/May/2022:02:01:13 +0200] "GET /Main/Home HTTP/1.1" 200 14638 "-" "Mozilla/5.0 (compatible; TMMBot/0.2; +http://www.dslab.ch)/Nutch-1.15"
185.191.171.6 - - [19/May/2022:02:01:31 +0200] "GET /PmWikiFr/AuthorTracking?action=upload HTTP/1.1" 403 18 "-" "Mozilla/5.0 (compatible; SemrushBot/7~bl; +http://www.semrush.com/bot.html)"
194.209.200.2 - - [19/May/2022:02:01:38 +0200] "GET / HTTP/1.1" 200 14638 "-" "Mozilla/5.0 (compatible; TMMBot/0.2; +http://www.dslab.ch)/Nutch-1.15"
194.209.200.2 - - [19/May/2022:02:01:59 +0200] "GET /Admin/ZurStiftung HTTP/1.1" 200 10864 "-" "Mozilla/5.0 (compatible; TMMBot/0.2; +http://www.dslab.ch)/Nutch-1.15"
194.209.200.2 - - [19/May/2022:02:02:35 +0200] "GET /Gast/Podcast HTTP/1.1" 200 8106 "-" "Mozilla/5.0 (compatible; TMMBot/0.2; +http://www.dslab.ch)/Nutch-1.15"
114.119.140.99 - - [19/May/2022:02:10:17 +0200] "GET /Site/32Meuischtergass?action=print HTTP/1.1" 403 18 "http://www.pro-zurituutsch.ch/Site/AllRecentChanges?action=print" "Mozilla/5.0 (Linux; Android 7.0;) AppleWebKit/537.36 (KHTML, like Gecko) Mobile Safari/537.36 (compatible; PetalBot;+https://webmaster.petalsearch.com/site/petalbot)"
185.191.171.24 - - [19/May/2022:02:11:03 +0200] "GET /PmWikiRu/Upgrades?action=diff HTTP/1.1" 403 18 "-" "Mozilla/5.0 (compatible; SemrushBot/7~bl; +http://www.semrush.com/bot.html)"
185.191.171.19 - - [19/May/2022:02:13:23 +0200] "GET /PmWikiDe/BasicVariables HTTP/1.1" 200 16116 "-" "Mozilla/5.0 (compatible; SemrushBot/7~bl; +http://www.semrush.com/bot.html)"
185.191.171.7 - - [19/May/2022:02:18:12 +0200] "GET /PmWikiDe/WikiSandbox?action=edit HTTP/1.1" 404 18 "-" "Mozilla/5.0 (compatible; SemrushBot/7~bl; +http://www.semrush.com/bot.html)"
185.191.171.7 - - [19/May/2022:02:21:13 +0200] "GET /PmWikiDe/Images HTTP/1.1" 200 18198 "-" "Mozilla/5.0 (compatible; SemrushBot/7~bl; +http://www.semrush.com/bot.html)"
3.236.252.202 - - [19/May/2022:02:24:54 +0200] "GET / HTTP/1.1" 200 14638 "-" "Mozilla/5.0 (Macintosh; Intel Mac OS X 10_14_6) AppleWebKit/537.36 (KHTML, like Gecko) Chrome/83.0.4103.61 Safari/537.36"
87.250.224.122 - - [19/May/2022:02:27:29 +0200] "GET /robots.txt HTTP/1.1" 200 - "-" "Mozilla/5.0 (compatible; YandexBot/3.0; +http://yandex.com/bots)"
87.250.224.122 - - [19/May/2022:02:27:33 +0200] "GET / HTTP/1.1" 200 14638 "-" "Mozilla/5.0 (compatible; YandexBot/3.0; +http://yandex.com/bots)"
114.119.141.206 - - [19/May/2022:02:30:34 +0200] "GET /PodCast/Limerick29?action=diff HTTP/1.1" 403 18 "http://www.pro-zurituutsch.ch/PodCast/Limerick29" "Mozilla/5.0 (Linux; Android 7.0;) AppleWebKit/537.36 (KHTML, like Gecko) Mobile Safari/537.36 (compatible; PetalBot;+https://webmaster.petalsearch.com/site/petalbot)"
66.249.76.222 - - [19/May/2022:02:41:42 +0200] "GET /PodCast/IndexPage?action=rss HTTP/1.1" 200 6298 "-" "Mozilla/5.0 (compatible; Googlebot/2.1; +http://www.google.com/bot.html)"
194.209.200.2 - - [19/May/2022:02:43:43 +0200] "GET /robots.txt HTTP/1.1" 200 - "-" "Mozilla/5.0 (compatible; TMMBot/0.2; +http://www.dslab.ch)/Nutch-1.15"
194.209.200.2 - - [19/May/2022:02:43:43 +0200] "GET /Texte/ArsAmatoria HTTP/1.1" 200 12369 "-" "Mozilla/5.0 (compatible; TMMBot/0.2; +http://www.dslab.ch)/Nutch-1.15"
194.209.200.2 - - [19/May/2022:02:49:04 +0200] "GET /Admin/Pro-ZurituutschStatuten HTTP/1.1" 200 9580 "-" "Mozilla/5.0 (compatible; TMMBot/0.2; +http://www.dslab.ch)/Nutch-1.15"
185.191.171.12 - - [19/May/2022:02:49:07 +0200] "GET /robots.txt HTTP/1.1" 200 - "-" "Mozilla/5.0 (compatible; SemrushBot/7~bl; +http://www.semrush.com/bot.html)"
185.191.171.19 - - [19/May/2022:02:49:08 +0200] "GET /PmWikiEs/PmWikiEs?action=diff HTTP/1.1" 403 18 "-" "Mozilla/5.0 (compatible; SemrushBot/7~bl; +http://www.semrush.com/bot.html)"
194.209.200.2 - - [19/May/2022:02:49:15 +0200] "GET / HTTP/1.1" 200 14638 "-" "Mozilla/5.0 (compatible; TMMBot/0.2; +http://www.dslab.ch)/Nutch-1.15"
194.209.200.2 - - [19/May/2022:02:50:28 +0200] "GET /Texte/Bitterbeuhsi HTTP/1.1" 200 9255 "-" "Mozilla/5.0 (compatible; TMMBot/0.2; +http://www.dslab.ch)/Nutch-1.15"
194.209.200.2 - - [19/May/2022:02:50:55 +0200] "GET /Gast/Podcast HTTP/1.1" 200 8106 "-" "Mozilla/5.0 (compatible; TMMBot/0.2; +http://www.dslab.ch)/Nutch-1.15"
216.244.66.243 - - [19/May/2022:02:55:43 +0200] "GET /robots.txt HTTP/1.1" 200 - "-" "Mozilla/5.0 (compatible; DotBot/1.2; +https://opensiteexplorer.org/dotbot; help@moz.com)"
157.55.39.219 - - [19/May/2022:03:03:22 +0200] "GET /uploads/Texte/ars2.jpg HTTP/1.1" 200 22694 "-" "Mozilla/5.0 (compatible; bingbot/2.0; +http://www.bing.com/bingbot.htm)"
216.244.66.243 - - [19/May/2022:03:06:20 +0200] "GET /PmWikiRu/WikiStyleExamples HTTP/1.1" 200 22616 "-" "Mozilla/5.0 (compatible; DotBot/1.2; +https://opensiteexplorer.org/dotbot; help@moz.com)"
185.191.171.37 - - [19/May/2022:03:09:24 +0200] "GET /PmWikiJa/GlobalOperations?action=edit HTTP/1.1" 404 18 "-" "Mozilla/5.0 (compatible; SemrushBot/7~bl; +http://www.semrush.com/bot.html)"
207.46.13.206 - - [19/May/2022:03:14:05 +0200] "GET /PodCast/Sbysst HTTP/1.1" 200 17403 "-" "Mozilla/5.0 (compatible; bingbot/2.0; +http://www.bing.com/bingbot.htm)"
114.119.141.133 - - [19/May/2022:03:23:35 +0200] "GET /PmWikiDe/IncludeOtherPages?action=edit HTTP/1.1" 403 18 "http://www.pro-zurituutsch.ch/PmWikiDe/IncludeOtherPages" "Mozilla/5.0 (Linux; Android 7.0;) AppleWebKit/537.36 (KHTML, like Gecko) Mobile Safari/537.36 (compatible; PetalBot;+https://webmaster.petalsearch.com/site/petalbot)"
85.208.98.23 - - [19/May/2022:03:30:05 +0200] "GET /robots.txt HTTP/1.1" 200 - "-" "Mozilla/5.0 (compatible; SemrushBot-BA; +http://www.semrush.com/bot.html)"
194.209.200.2 - - [19/May/2022:03:30:23 +0200] "GET /robots.txt HTTP/1.1" 200 - "-" "Mozilla/5.0 (compatible; TMMBot/0.2; +http://www.dslab.ch)/Nutch-1.15"
194.209.200.2 - - [19/May/2022:03:30:23 +0200] "GET /Texte/ArsAmatoria HTTP/1.1" 200 12369 "-" "Mozilla/5.0 (compatible; TMMBot/0.2; +http://www.dslab.ch)/Nutch-1.15"
85.208.98.22 - - [19/May/2022:03:30:25 +0200] "GET /PmWiki/TextFormattingRules HTTP/1.1" 200 32665 "-" "Mozilla/5.0 (compatible; SemrushBot-BA; +http://www.semrush.com/bot.html)"
85.208.98.29 - - [19/May/2022:03:30:27 +0200] "GET /PmWiki/SpecialCharacters HTTP/1.1" 200 11638 "-" "Mozilla/5.0 (compatible; SemrushBot-BA; +http://www.semrush.com/bot.html)"
173.231.60.197 - - [19/May/2022:03:31:07 +0200] "GET /Texte/Limericks HTTP/1.1" 200 8087 "http://www.pro-zurituutsch.ch/" "Mozilla/5.0 (compatible; Adsbot/3.1; +https://seostar.co/robot/)"
173.231.60.197 - - [19/May/2022:03:31:13 +0200] "GET /Texte/Rezension HTTP/1.1" 200 11812 "http://www.pro-zurituutsch.ch/" "Mozilla/5.0 (compatible; Adsbot/3.1; +https://seostar.co/robot/)"
66.249.76.220 - - [19/May/2022:03:31:16 +0200] "GET / HTTP/1.1" 200 14638 "-" "Mozilla/5.0 (Linux; Android 6.0.1; Nexus 5X Build/MMB29P) AppleWebKit/537.36 (KHTML, like Gecko) Chrome/101.0.4951.64 Mobile Safari/537.36 (compatible; Googlebot/2.1; +http://www.google.com/bot.html)"
173.231.60.197 - - [19/May/2022:03:31:18 +0200] "GET /Texte/Schrybwys HTTP/1.1" 200 11028 "http://www.pro-zurituutsch.ch/" "Mozilla/5.0 (compatible; Adsbot/3.1; +https://seostar.co/robot/)"
173.231.60.197 - - [19/May/2022:03:31:24 +0200] "GET /Texte/Styluebige HTTP/1.1" 200 9998 "http://www.pro-zurituutsch.ch/" "Mozilla/5.0 (compatible; Adsbot/3.1; +https://seostar.co/robot/)"
173.231.60.197 - - [19/May/2022:03:31:30 +0200] "GET /Admin/ZurStiftung HTTP/1.1" 200 10864 "http://www.pro-zurituutsch.ch/" "Mozilla/5.0 (compatible; Adsbot/3.1; +https://seostar.co/robot/)"
173.231.60.197 - - [19/May/2022:03:31:36 +0200] "GET /Texte/ArsAmatoria HTTP/1.1" 200 12369 "http://www.pro-zurituutsch.ch/" "Mozilla/5.0 (compatible; Adsbot/3.1; +https://seostar.co/robot/)"
173.231.60.197 - - [19/May/2022:03:31:41 +0200] "GET /Texte/Bitterbeuhsi HTTP/1.1" 200 9255 "http://www.pro-zurituutsch.ch/" "Mozilla/5.0 (compatible; Adsbot/3.1; +https://seostar.co/robot/)"
173.231.60.197 - - [19/May/2022:03:31:47 +0200] "GET /PodCast/RSSPodcasts HTTP/1.1" 200 8905 "http://www.pro-zurituutsch.ch/" "Mozilla/5.0 (compatible; Adsbot/3.1; +https://seostar.co/robot/)"
173.231.60.197 - - [19/May/2022:03:31:56 +0200] "GET /Texte/Metamorphoses HTTP/1.1" 200 9045 "http://www.pro-zurituutsch.ch/" "Mozilla/5.0 (compatible; Adsbot/3.1; +https://seostar.co/robot/)"
173.231.60.197 - - [19/May/2022:03:32:02 +0200] "GET /Admin/AdresseStiftung HTTP/1.1" 200 8453 "http://www.pro-zurituutsch.ch/" "Mozilla/5.0 (compatible; Adsbot/3.1; +https://seostar.co/robot/)"
185.191.171.33 - - [19/May/2022:03:32:37 +0200] "GET /PmWikiFr/SautsDeLigne HTTP/1.1" 200 11518 "-" "Mozilla/5.0 (compatible; SemrushBot/7~bl; +http://www.semrush.com/bot.html)"
194.209.200.2 - - [19/May/2022:03:32:41 +0200] "GET /Main/Home HTTP/1.1" 200 14638 "-" "Mozilla/5.0 (compatible; TMMBot/0.2; +http://www.dslab.ch)/Nutch-1.15"
194.209.200.2 - - [19/May/2022:03:33:05 +0200] "GET / HTTP/1.1" 200 14638 "-" "Mozilla/5.0 (compatible; TMMBot/0.2; +http://www.dslab.ch)/Nutch-1.15"
194.209.200.2 - - [19/May/2022:03:33:47 +0200] "GET /Texte/Bitterbeuhsi HTTP/1.1" 200 9255 "-" "Mozilla/5.0 (compatible; TMMBot/0.2; +http://www.dslab.ch)/Nutch-1.15"
194.209.200.2 - - [19/May/2022:03:33:56 +0200] "GET /Gast/Podcast HTTP/1.1" 200 8106 "-" "Mozilla/5.0 (compatible; TMMBot/0.2; +http://www.dslab.ch)/Nutch-1.15"
114.119.140.79 - - [19/May/2022:03:34:37 +0200] "GET /PmWikiSi/PageNotFound?action=print HTTP/1.1" 403 18 "http://www.pro-zurituutsch.ch/PmWikiSi/PageNotFound" "Mozilla/5.0 (Linux; Android 7.0;) AppleWebKit/537.36 (KHTML, like Gecko) Mobile Safari/537.36 (compatible; PetalBot;+https://webmaster.petalsearch.com/site/petalbot)"
114.119.141.200 - - [19/May/2022:03:34:37 +0200] "GET /PmWikiDe/DeletingPages?action=diff HTTP/1.1" 403 18 "http://www.pro-zurituutsch.ch/PmWikiDe/DeletingPages" "Mozilla/5.0 (Linux; Android 7.0;) AppleWebKit/537.36 (KHTML, like Gecko) Mobile Safari/537.36 (compatible; PetalBot;+https://webmaster.petalsearch.com/site/petalbot)"
185.191.171.5 - - [19/May/2022:03:39:20 +0200] "GET /PmWikiJa/BackupPages?action=edit HTTP/1.1" 404 18 "-" "Mozilla/5.0 (compatible; SemrushBot/7~bl; +http://www.semrush.com/bot.html)"
216.244.66.243 - - [19/May/2022:03:41:27 +0200] "GET /robots.txt HTTP/1.1" 200 - "-" "Mozilla/5.0 (compatible; DotBot/1.2; +https://opensiteexplorer.org/dotbot; help@moz.com)"
66.249.76.222 - - [19/May/2022:03:42:35 +0200] "GET /PodCast/IndexPage?action=rss HTTP/1.1" 200 6298 "-" "Mozilla/5.0 (compatible; Googlebot/2.1; +http://www.google.com/bot.html)"
185.191.171.42 - - [19/May/2022:03:42:36 +0200] "GET /PmWikiDe/Wikigrundlagen?action=edit HTTP/1.1" 403 18 "-" "Mozilla/5.0 (compatible; SemrushBot/7~bl; +http://www.semrush.com/bot.html)"
77.75.78.161 - - [19/May/2022:03:45:18 +0200] "GET /robots.txt HTTP/1.1" 200 - "-" "Mozilla/5.0 (compatible; SeznamBot/3.2; +http://napoveda.seznam.cz/en/seznambot-intro/)"
77.75.78.161 - - [19/May/2022:03:45:18 +0200] "GET /Bestellen/Pschtellf HTTP/1.1" 200 11220 "-" "Mozilla/5.0 (compatible; SeznamBot/3.2; +http://napoveda.seznam.cz/en/seznambot-intro/)"
157.55.39.175 - - [19/May/2022:03:51:48 +0200] "GET /PodCast/RUR02 HTTP/1.1" 200 22708 "-" "Mozilla/5.0 (compatible; bingbot/2.0; +http://www.bing.com/bingbot.htm)"
216.244.66.243 - - [19/May/2022:03:53:17 +0200] "GET /PmWikiFr/WikiStyleColors HTTP/1.1" 200 14103 "-" "Mozilla/5.0 (compatible; DotBot/1.2; +https://opensiteexplorer.org/dotbot; help@moz.com)"
194.209.200.2 - - [19/May/2022:03:57:43 +0200] "GET /robots.txt HTTP/1.1" 200 - "-" "Mozilla/5.0 (compatible; TMMBot/0.2; +http://www.dslab.ch)/Nutch-1.15"
194.209.200.2 - - [19/May/2022:03:57:43 +0200] "GET /Admin/AdresseStiftung HTTP/1.1" 200 8453 "-" "Mozilla/5.0 (compatible; TMMBot/0.2; +http://www.dslab.ch)/Nutch-1.15"
185.191.171.2 - - [19/May/2022:03:59:33 +0200] "GET /robots.txt HTTP/1.1" 200 - "-" "Mozilla/5.0 (compatible; SemrushBot/7~bl; +http://www.semrush.com/bot.html)"
185.191.171.17 - - [19/May/2022:03:59:33 +0200] "GET /PmWikiRu/A?action=search&fmt=title&q=link%3DPmWikiRu.Categories HTTP/1.1" 404 18 "-" "Mozilla/5.0 (compatible; SemrushBot/7~bl; +http://www.semrush.com/bot.html)"
194.209.200.2 - - [19/May/2022:04:00:33 +0200] "GET /Texte/ArsAmatoria HTTP/1.1" 200 12369 "-" "Mozilla/5.0 (compatible; TMMBot/0.2; +http://www.dslab.ch)/Nutch-1.15"
194.209.200.2 - - [19/May/2022:04:03:13 +0200] "GET /Admin/Pro-ZurituutschStatuten HTTP/1.1" 200 9580 "-" "Mozilla/5.0 (compatible; TMMBot/0.2; +http://www.dslab.ch)/Nutch-1.15"
194.209.200.2 - - [19/May/2022:04:03:17 +0200] "GET / HTTP/1.1" 200 14638 "-" "Mozilla/5.0 (compatible; TMMBot/0.2; +http://www.dslab.ch)/Nutch-1.15"
194.209.200.2 - - [19/May/2022:04:04:01 +0200] "GET /Texte/Bitterbeuhsi HTTP/1.1" 200 9255 "-" "Mozilla/5.0 (compatible; TMMBot/0.2; +http://www.dslab.ch)/Nutch-1.15"
194.209.200.2 - - [19/May/2022:04:04:10 +0200] "GET /Gast/Podcast HTTP/1.1" 200 8106 "-" "Mozilla/5.0 (compatible; TMMBot/0.2; +http://www.dslab.ch)/Nutch-1.15"
5.102.173.71 - - [19/May/2022:04:10:36 +0200] "GET /robots.txt HTTP/1.1" 200 - "-" "Mozilla/5.0 (compatible; MojeekBot/0.11; +https://www.mojeek.com/bot.html)"
5.102.173.71 - - [19/May/2022:04:10:36 +0200] "GET /Texte/Roman?action=edit HTTP/1.1" 403 18 "-" "Mozilla/5.0 (compatible; MojeekBot/0.11; +https://www.mojeek.com/bot.html)"
185.191.171.37 - - [19/May/2022:04:12:49 +0200] "GET /PmWikiJa/CookbookBasics?action=edit HTTP/1.1" 404 18 "-" "Mozilla/5.0 (compatible; SemrushBot/7~bl; +http://www.semrush.com/bot.html)"
216.244.66.243 - - [19/May/2022:04:28:23 +0200] "GET /robots.txt HTTP/1.1" 200 - "-" "Mozilla/5.0 (compatible; DotBot/1.2; +https://opensiteexplorer.org/dotbot; help@moz.com)"
44.202.213.231 - - [19/May/2022:04:33:25 +0200] "GET / HTTP/1.1" 200 14638 "-" "Mozilla/5.0 (Macintosh; Intel Mac OS X 10_14_6) AppleWebKit/537.36 (KHTML, like Gecko) Chrome/83.0.4103.61 Safari/537.36"
185.191.171.25 - - [19/May/2022:04:34:28 +0200] "GET /PmWikiNl/TekstOpmaakBrochure?action=edit HTTP/1.1" 403 18 "-" "Mozilla/5.0 (compatible; SemrushBot/7~bl; +http://www.semrush.com/bot.html)"
194.209.200.2 - - [19/May/2022:04:37:18 +0200] "GET /robots.txt HTTP/1.1" 200 - "-" "Mozilla/5.0 (compatible; TMMBot/0.2; +http://www.dslab.ch)/Nutch-1.15"
194.209.200.2 - - [19/May/2022:04:37:18 +0200] "GET /Admin/AdresseStiftung HTTP/1.1" 200 8453 "-" "Mozilla/5.0 (compatible; TMMBot/0.2; +http://www.dslab.ch)/Nutch-1.15"
66.249.76.193 - - [19/May/2022:04:38:32 +0200] "GET / HTTP/1.1" 200 14638 "-" "Mozilla/5.0 (Linux; Android 6.0.1; Nexus 5X Build/MMB29P) AppleWebKit/537.36 (KHTML, like Gecko) Chrome/101.0.4951.64 Mobile Safari/537.36 (compatible; Googlebot/2.1; +http://www.google.com/bot.html)"
66.249.76.220 - - [19/May/2022:04:38:41 +0200] "GET /pub/skins/pro-zurituutsch/gila.css HTTP/1.1" 200 10186 "http://www.pro-zurituutsch.ch/" "Mozilla/5.0 (Linux; Android 6.0.1; Nexus 5X Build/MMB29P) AppleWebKit/537.36 (KHTML, like Gecko) Chrome/101.0.4951.41 Mobile Safari/537.36 (compatible; Googlebot/2.1; +http://www.google.com/bot.html)"
194.209.200.2 - - [19/May/2022:04:40:15 +0200] "GET /Texte/ArsAmatoria HTTP/1.1" 200 12369 "-" "Mozilla/5.0 (compatible; TMMBot/0.2; +http://www.dslab.ch)/Nutch-1.15"
216.244.66.243 - - [19/May/2022:04:40:27 +0200] "GET /PmWikiRu/BackupAndRestore HTTP/1.1" 200 16109 "-" "Mozilla/5.0 (compatible; DotBot/1.2; +https://opensiteexplorer.org/dotbot; help@moz.com)"
114.119.141.103 - - [19/May/2022:04:40:42 +0200] "GET /PmWikiDe/PageHistory?action=edit HTTP/1.1" 403 18 "http://www.pro-zurituutsch.ch/PmWikiDe/PageHistory" "Mozilla/5.0 (Linux; Android 7.0;) AppleWebKit/537.36 (KHTML, like Gecko) Mobile Safari/537.36 (compatible; PetalBot;+https://webmaster.petalsearch.com/site/petalbot)"
216.244.66.243 - - [19/May/2022:04:42:35 +0200] "GET /PodCast/KonzylMp3 HTTP/1.1" 200 8249 "-" "Mozilla/5.0 (compatible; DotBot/1.2; +https://opensiteexplorer.org/dotbot; help@moz.com)"
194.209.200.2 - - [19/May/2022:04:42:41 +0200] "GET /Main/Home HTTP/1.1" 200 14638 "-" "Mozilla/5.0 (compatible; TMMBot/0.2; +http://www.dslab.ch)/Nutch-1.15"
194.209.200.2 - - [19/May/2022:04:43:03 +0200] "GET /Admin/Pro-ZurituutschStatuten HTTP/1.1" 200 9580 "-" "Mozilla/5.0 (compatible; TMMBot/0.2; +http://www.dslab.ch)/Nutch-1.15"
194.209.200.2 - - [19/May/2022:04:43:08 +0200] "GET / HTTP/1.1" 200 14638 "-" "Mozilla/5.0 (compatible; TMMBot/0.2; +http://www.dslab.ch)/Nutch-1.15"
185.191.171.19 - - [19/May/2022:04:43:30 +0200] "GET /PmWikiFr/BasicVariables?action=edit HTTP/1.1" 403 18 "-" "Mozilla/5.0 (compatible; SemrushBot/7~bl; +http://www.semrush.com/bot.html)"
194.209.200.2 - - [19/May/2022:04:43:51 +0200] "GET /Texte/Bitterbeuhsi HTTP/1.1" 200 9255 "-" "Mozilla/5.0 (compatible; TMMBot/0.2; +http://www.dslab.ch)/Nutch-1.15"
194.209.200.2 - - [19/May/2022:04:44:00 +0200] "GET /Gast/Podcast HTTP/1.1" 200 8106 "-" "Mozilla/5.0 (compatible; TMMBot/0.2; +http://www.dslab.ch)/Nutch-1.15"
173.231.60.197 - - [19/May/2022:04:44:11 +0200] "GET /Texte/ZurcherischEnglish HTTP/1.1" 200 8274 "http://www.pro-zurituutsch.ch/" "Mozilla/5.0 (compatible; Adsbot/3.1; +https://seostar.co/robot/)"
173.231.60.197 - - [19/May/2022:04:44:17 +0200] "GET /Hilfe/AnleitungTonbeispiele HTTP/1.1" 200 9878 "http://www.pro-zurituutsch.ch/" "Mozilla/5.0 (compatible; Adsbot/3.1; +https://seostar.co/robot/)"
173.231.60.197 - - [19/May/2022:04:44:22 +0200] "GET /Admin/Pro-ZurituutschStatuten HTTP/1.1" 200 9580 "http://www.pro-zurituutsch.ch/" "Mozilla/5.0 (compatible; Adsbot/3.1; +https://seostar.co/robot/)"
173.231.60.197 - - [19/May/2022:04:44:28 +0200] "GET /Main/Home HTTP/1.1" 200 14638 "http://www.pro-zurituutsch.ch/" "Mozilla/5.0 (compatible; Adsbot/3.1; +https://seostar.co/robot/)"
173.231.60.197 - - [19/May/2022:04:44:36 +0200] "GET /Admin/Links?action=diff HTTP/1.1" 403 18 "http://www.pro-zurituutsch.ch/" "Mozilla/5.0 (compatible; Adsbot/3.1; +https://seostar.co/robot/)"
173.231.60.197 - - [19/May/2022:04:44:42 +0200] "GET /Admin/Links?action=edit HTTP/1.1" 403 18 "http://www.pro-zurituutsch.ch/" "Mozilla/5.0 (compatible; Adsbot/3.1; +https://seostar.co/robot/)"
173.231.60.197 - - [19/May/2022:04:44:47 +0200] "GET /Admin/Links?action=print HTTP/1.1" 403 18 "http://www.pro-zurituutsch.ch/" "Mozilla/5.0 (compatible; Adsbot/3.1; +https://seostar.co/robot/)"
173.231.60.197 - - [19/May/2022:04:44:53 +0200] "GET /Admin/Links?action=upload HTTP/1.1" 403 18 "http://www.pro-zurituutsch.ch/" "Mozilla/5.0 (compatible; Adsbot/3.1; +https://seostar.co/robot/)"
173.231.60.197 - - [19/May/2022:04:44:58 +0200] "GET /Texte/Roman?action=diff HTTP/1.1" 403 18 "http://www.pro-zurituutsch.ch/" "Mozilla/5.0 (compatible; Adsbot/3.1; +https://seostar.co/robot/)"
173.231.60.197 - - [19/May/2022:04:45:05 +0200] "GET /Texte/Roman?action=edit HTTP/1.1" 403 18 "http://www.pro-zurituutsch.ch/" "Mozilla/5.0 (compatible; Adsbot/3.1; +https://seostar.co/robot/)"
66.249.76.193 - - [19/May/2022:04:48:34 +0200] "GET /PodCast/IndexPage?action=rss HTTP/1.1" 200 6298 "-" "Mozilla/5.0 (compatible; Googlebot/2.1; +http://www.google.com/bot.html)"
185.191.171.18 - - [19/May/2022:04:48:58 +0200] "GET /PmWikiDe/Uploads?action=print HTTP/1.1" 403 18 "-" "Mozilla/5.0 (compatible; SemrushBot/7~bl; +http://www.semrush.com/bot.html)"
114.119.141.203 - - [19/May/2022:04:50:29 +0200] "GET /PmWikiTa/XLPage?action=edit HTTP/1.1" 403 18 "http://www.pro-zurituutsch.ch/PmWikiTa/PmWikiTa" "Mozilla/5.0 (Linux; Android 7.0;) AppleWebKit/537.36 (KHTML, like Gecko) Mobile Safari/537.36 (compatible; PetalBot;+https://webmaster.petalsearch.com/site/petalbot)"
185.191.171.15 - - [19/May/2022:04:55:40 +0200] "GET /PmWikiRu/A?action=search&fmt=title&q=link%3DPmWikiRu.BackupAndRestore HTTP/1.1" 404 18 "-" "Mozilla/5.0 (compatible; SemrushBot/7~bl; +http://www.semrush.com/bot.html)"
66.249.76.220 - - [19/May/2022:04:57:38 +0200] "GET /PmWikiSv/TabellerAvancerad HTTP/1.1" 200 15708 "-" "Mozilla/5.0 (compatible; Googlebot/2.1; +http://www.google.com/bot.html)"
114.119.140.71 - - [19/May/2022:05:00:06 +0200] "GET /PmWikiFr/PageDirectives?action=diff HTTP/1.1" 403 18 "http://www.pro-zurituutsch.ch/PmWikiFr/PageDirectives" "Mozilla/5.0 (Linux; Android 7.0;) AppleWebKit/537.36 (KHTML, like Gecko) Mobile Safari/537.36 (compatible; PetalBot;+https://webmaster.petalsearch.com/site/petalbot)"
66.249.76.193 - - [19/May/2022:05:01:06 +0200] "GET / HTTP/1.1" 200 14638 "-" "Mozilla/5.0 (compatible; Googlebot/2.1; +http://www.google.com/bot.html)"
114.119.141.15 - - [19/May/2022:05:01:39 +0200] "GET /PmWikiDe/XLPageCookbook?action=diff HTTP/1.1" 403 18 "http://www.pro-zurituutsch.ch/PmWikiDe/XLPageCookbook" "Mozilla/5.0 (Linux; Android 7.0;) AppleWebKit/537.36 (KHTML, like Gecko) Mobile Safari/537.36 (compatible; PetalBot;+https://webmaster.petalsearch.com/site/petalbot)"
185.191.171.15 - - [19/May/2022:05:01:56 +0200] "GET /robots.txt HTTP/1.1" 200 - "-" "Mozilla/5.0 (compatible; SemrushBot/7~bl; +http://www.semrush.com/bot.html)"
185.191.171.18 - - [19/May/2022:05:01:57 +0200] "GET /PmWikiJa/Cookbook?action=diff HTTP/1.1" 403 18 "-" "Mozilla/5.0 (compatible; SemrushBot/7~bl; +http://www.semrush.com/bot.html)"
185.191.171.5 - - [19/May/2022:05:11:41 +0200] "GET /PmWikiRu/Contributors HTTP/1.1" 200 13255 "-" "Mozilla/5.0 (compatible; SemrushBot/7~bl; +http://www.semrush.com/bot.html)"
194.209.200.2 - - [19/May/2022:05:12:29 +0200] "GET /robots.txt HTTP/1.1" 200 - "-" "Mozilla/5.0 (compatible; TMMBot/0.2; +http://www.dslab.ch)/Nutch-1.15"
194.209.200.2 - - [19/May/2022:05:12:29 +0200] "GET /Admin/Jahresbericht HTTP/1.1" 200 45530 "-" "Mozilla/5.0 (compatible; TMMBot/0.2; +http://www.dslab.ch)/Nutch-1.15"
194.209.200.2 - - [19/May/2022:05:12:48 +0200] "GET /Texte/Limericks HTTP/1.1" 200 8087 "-" "Mozilla/5.0 (compatible; TMMBot/0.2; +http://www.dslab.ch)/Nutch-1.15"
194.209.200.2 - - [19/May/2022:05:13:34 +0200] "GET /Texte/ArsAmatoria HTTP/1.1" 200 12369 "-" "Mozilla/5.0 (compatible; TMMBot/0.2; +http://www.dslab.ch)/Nutch-1.15"
194.209.200.2 - - [19/May/2022:05:16:13 +0200] "GET / HTTP/1.1" 200 14638 "-" "Mozilla/5.0 (compatible; TMMBot/0.2; +http://www.dslab.ch)/Nutch-1.15"
194.209.200.2 - - [19/May/2022:05:16:55 +0200] "GET /Texte/Bitterbeuhsi HTTP/1.1" 200 9255 "-" "Mozilla/5.0 (compatible; TMMBot/0.2; +http://www.dslab.ch)/Nutch-1.15"
194.209.200.2 - - [19/May/2022:05:17:04 +0200] "GET /Gast/Podcast HTTP/1.1" 200 8106 "-" "Mozilla/5.0 (compatible; TMMBot/0.2; +http://www.dslab.ch)/Nutch-1.15"
185.191.171.5 - - [19/May/2022:05:18:21 +0200] "GET /PmWikiDe/Wikigrundlagen?action=print HTTP/1.1" 403 18 "-" "Mozilla/5.0 (compatible; SemrushBot/7~bl; +http://www.semrush.com/bot.html)"
5.102.173.71 - - [19/May/2022:05:23:09 +0200] "GET /robots.txt HTTP/1.1" 200 - "-" "Mozilla/5.0 (compatible; MojeekBot/0.11; +https://www.mojeek.com/bot.html)"
5.102.173.71 - - [19/May/2022:05:23:09 +0200] "GET /PodCast/Roman1 HTTP/1.1" 200 11804 "-" "Mozilla/5.0 (compatible; MojeekBot/0.11; +https://www.mojeek.com/bot.html)"
216.244.66.243 - - [19/May/2022:05:24:35 +0200] "GET /robots.txt HTTP/1.1" 200 - "-" "Mozilla/5.0 (compatible; DotBot/1.2; +https://opensiteexplorer.org/dotbot; help@moz.com)"
168.119.51.163 - - [19/May/2022:05:26:49 +0200] "GET /robots.txt HTTP/1.1" 200 - "-" "Mozilla/5.0 (compatible; um-IC/1.0; mailto: techinfo@ubermetrics-technologies.com; Windows NT 6.1; WOW64; rv:40.0) Gecko/20100101 Firefox/40.1"
168.119.51.163 - - [19/May/2022:05:26:49 +0200] "GET /PodCast/IndexPage?action=rss HTTP/1.1" 200 6298 "-" "Mozilla/5.0 (compatible; um-IC/1.0; mailto: techinfo@ubermetrics-technologies.com; Windows NT 6.1; WOW64; rv:40.0) Gecko/20100101 Firefox/40.1"
185.191.171.39 - - [19/May/2022:05:28:32 +0200] "GET /PmWikiDe/PasswordsAdmin HTTP/1.1" 200 6842 "-" "Mozilla/5.0 (compatible; SemrushBot/7~bl; +http://www.semrush.com/bot.html)"
185.191.171.5 - - [19/May/2022:05:28:51 +0200] "GET /PmWikiFr/PagelistsExplained HTTP/1.1" 200 26674 "-" "Mozilla/5.0 (compatible; SemrushBot/7~bl; +http://www.semrush.com/bot.html)"
216.244.66.243 - - [19/May/2022:05:33:35 +0200] "GET /PodCast/Wistaria02 HTTP/1.1" 200 16370 "-" "Mozilla/5.0 (compatible; DotBot/1.2; +https://opensiteexplorer.org/dotbot; help@moz.com)"
216.244.66.243 - - [19/May/2022:05:36:16 +0200] "GET /PmWikiFr/BasicVariables HTTP/1.1" 200 20502 "-" "Mozilla/5.0 (compatible; DotBot/1.2; +https://opensiteexplorer.org/dotbot; help@moz.com)"
66.249.76.193 - - [19/May/2022:05:36:47 +0200] "GET / HTTP/1.1" 200 14638 "-" "Mozilla/5.0 (compatible; Googlebot/2.1; +http://www.google.com/bot.html)"
185.191.171.21 - - [19/May/2022:05:38:41 +0200] "GET /PmWikiFr/ChangementDuGroupePrincipal?action=diff HTTP/1.1" 403 18 "-" "Mozilla/5.0 (compatible; SemrushBot/7~bl; +http://www.semrush.com/bot.html)"
54.36.148.177 - - [19/May/2022:05:39:39 +0200] "GET /Admin/Links HTTP/1.1" 200 14193 "-" "Mozilla/5.0 (compatible; AhrefsBot/7.0; +http://ahrefs.com/robot/)"
54.36.148.89 - - [19/May/2022:05:39:43 +0200] "GET /pub/skins/pro-zurituutsch/gila.css HTTP/1.1" 200 10186 "-" "Mozilla/5.0 (compatible; AhrefsBot/7.0; +http://ahrefs.com/robot/)"
194.209.200.2 - - [19/May/2022:05:45:16 +0200] "GET /robots.txt HTTP/1.1" 200 - "-" "Mozilla/5.0 (compatible; TMMBot/0.2; +http://www.dslab.ch)/Nutch-1.15"
194.209.200.2 - - [19/May/2022:05:45:16 +0200] "GET /Admin/Jahresbericht HTTP/1.1" 200 45530 "-" "Mozilla/5.0 (compatible; TMMBot/0.2; +http://www.dslab.ch)/Nutch-1.15"
194.209.200.2 - - [19/May/2022:05:45:34 +0200] "GET /Texte/Limericks HTTP/1.1" 200 8087 "-" "Mozilla/5.0 (compatible; TMMBot/0.2; +http://www.dslab.ch)/Nutch-1.15"
194.209.200.2 - - [19/May/2022:05:46:21 +0200] "GET /Texte/ArsAmatoria HTTP/1.1" 200 12369 "-" "Mozilla/5.0 (compatible; TMMBot/0.2; +http://www.dslab.ch)/Nutch-1.15"
194.209.200.2 - - [19/May/2022:05:46:59 +0200] "GET /Texte/Styluebige HTTP/1.1" 200 9998 "-" "Mozilla/5.0 (compatible; TMMBot/0.2; +http://www.dslab.ch)/Nutch-1.15"
173.231.60.197 - - [19/May/2022:05:47:19 +0200] "GET /Texte/Roman?action=print HTTP/1.1" 403 18 "http://www.pro-zurituutsch.ch/" "Mozilla/5.0 (compatible; Adsbot/3.1; +https://seostar.co/robot/)"
173.231.60.197 - - [19/May/2022:05:47:25 +0200] "GET /Texte/Roman?action=upload HTTP/1.1" 403 18 "http://www.pro-zurituutsch.ch/" "Mozilla/5.0 (compatible; Adsbot/3.1; +https://seostar.co/robot/)"
173.231.60.197 - - [19/May/2022:05:47:31 +0200] "GET /Gast/Podcast?action=diff HTTP/1.1" 403 18 "http://www.pro-zurituutsch.ch/" "Mozilla/5.0 (compatible; Adsbot/3.1; +https://seostar.co/robot/)"
173.231.60.197 - - [19/May/2022:05:47:37 +0200] "GET /Gast/Podcast?action=edit HTTP/1.1" 403 18 "http://www.pro-zurituutsch.ch/" "Mozilla/5.0 (compatible; Adsbot/3.1; +https://seostar.co/robot/)"
173.231.60.197 - - [19/May/2022:05:47:43 +0200] "GET /Gast/Podcast?action=print HTTP/1.1" 403 18 "http://www.pro-zurituutsch.ch/" "Mozilla/5.0 (compatible; Adsbot/3.1; +https://seostar.co/robot/)"
173.231.60.197 - - [19/May/2022:05:47:48 +0200] "GET /Gast/Podcast?action=upload HTTP/1.1" 403 18 "http://www.pro-zurituutsch.ch/" "Mozilla/5.0 (compatible; Adsbot/3.1; +https://seostar.co/robot/)"
173.231.60.197 - - [19/May/2022:05:47:54 +0200] "GET /Hilfe/Winamp HTTP/1.1" 200 9314 "http://www.pro-zurituutsch.ch/" "Mozilla/5.0 (compatible; Adsbot/3.1; +https://seostar.co/robot/)"
173.231.60.197 - - [19/May/2022:05:48:05 +0200] "GET /Texte/GDicht?action=diff HTTP/1.1" 403 18 "http://www.pro-zurituutsch.ch/" "Mozilla/5.0 (compatible; Adsbot/3.1; +https://seostar.co/robot/)"
173.231.60.197 - - [19/May/2022:05:48:11 +0200] "GET /Texte/GDicht?action=edit HTTP/1.1" 403 18 "http://www.pro-zurituutsch.ch/" "Mozilla/5.0 (compatible; Adsbot/3.1; +https://seostar.co/robot/)"
173.231.60.197 - - [19/May/2022:05:48:17 +0200] "GET /Texte/GDicht?action=print HTTP/1.1" 403 18 "http://www.pro-zurituutsch.ch/" "Mozilla/5.0 (compatible; Adsbot/3.1; +https://seostar.co/robot/)"
194.209.200.2 - - [19/May/2022:05:48:54 +0200] "GET / HTTP/1.1" 200 14638 "-" "Mozilla/5.0 (compatible; TMMBot/0.2; +http://www.dslab.ch)/Nutch-1.15"
194.209.200.2 - - [19/May/2022:05:49:13 +0200] "GET /Admin/ZurStiftung HTTP/1.1" 200 10864 "-" "Mozilla/5.0 (compatible; TMMBot/0.2; +http://www.dslab.ch)/Nutch-1.15"
194.209.200.2 - - [19/May/2022:05:49:45 +0200] "GET /Gast/Podcast HTTP/1.1" 200 8106 "-" "Mozilla/5.0 (compatible; TMMBot/0.2; +http://www.dslab.ch)/Nutch-1.15"
194.209.200.2 - - [19/May/2022:05:50:13 +0200] "GET /Hilfe/AnleitungTonbeispiele HTTP/1.1" 200 9878 "-" "Mozilla/5.0 (compatible; TMMBot/0.2; +http://www.dslab.ch)/Nutch-1.15"
66.249.66.206 - - [19/May/2022:05:53:19 +0200] "GET /PodCast/IndexPage?action=rss HTTP/1.1" 200 6298 "-" "Mozilla/5.0 (compatible; Googlebot/2.1; +http://www.google.com/bot.html)"
185.191.171.9 - - [19/May/2022:05:57:46 +0200] "GET /PmWikiRu/WikiWord?action=edit HTTP/1.1" 403 18 "-" "Mozilla/5.0 (compatible; SemrushBot/7~bl; +http://www.semrush.com/bot.html)"
114.119.141.201 - - [19/May/2022:05:58:46 +0200] "GET /PmWikiRu/XLPage?action=upload HTTP/1.1" 403 18 "http://www.pro-zurituutsch.ch/PmWikiRu/XLPage" "Mozilla/5.0 (Linux; Android 7.0;) AppleWebKit/537.36 (KHTML, like Gecko) Mobile Safari/537.36 (compatible; PetalBot;+https://webmaster.petalsearch.com/site/petalbot)"
185.191.171.40 - - [19/May/2022:06:00:13 +0200] "GET /PmWikiDe/PageHistory HTTP/1.1" 200 8791 "-" "Mozilla/5.0 (compatible; SemrushBot/7~bl; +http://www.semrush.com/bot.html)"
5.188.210.21 - - [19/May/2022:06:14:33 +0200] "GET /PmWikiRu/FlatFileAdvantages HTTP/1.0" 200 15215 "http://www.pro-zurituutsch.ch/PmWikiRu/FlatFileAdvantages" "Mozilla/5.0 (Windows NT 6.2; Win64; x64) AppleWebKit/537.36 (KHTML, like Gecko) Chrome/90.0.4430.93 Safari/537.36"
185.191.171.16 - - [19/May/2022:06:16:42 +0200] "GET /robots.txt HTTP/1.1" 200 - "-" "Mozilla/5.0 (compatible; SemrushBot/7~bl; +http://www.semrush.com/bot.html)"
185.191.171.3 - - [19/May/2022:06:16:43 +0200] "GET /PmWikiFr/ToutesLesModifs HTTP/1.1" 302 203 "-" "Mozilla/5.0 (compatible; SemrushBot/7~bl; +http://www.semrush.com/bot.html)"
185.191.171.1 - - [19/May/2022:06:16:44 +0200] "GET /Site/AllRecentChanges?from=PmWikiFr.ToutesLesModifs HTTP/1.1" 200 73550 "-" "Mozilla/5.0 (compatible; SemrushBot/7~bl; +http://www.semrush.com/bot.html)"
5.102.173.71 - - [19/May/2022:06:17:07 +0200] "GET /PodCast/Roman1?action=diff HTTP/1.1" 403 18 "-" "Mozilla/5.0 (compatible; MojeekBot/0.11; +https://www.mojeek.com/bot.html)"
5.9.70.113 - - [19/May/2022:06:24:35 +0200] "GET /robots.txt HTTP/1.1" 200 - "-" "Mozilla/5.0 (compatible; MJ12bot/v1.4.8; http://mj12bot.com/)"
5.9.70.113 - - [19/May/2022:06:24:41 +0200] "GET /PodCast/Liebhaber2 HTTP/1.1" 200 9886 "-" "Mozilla/5.0 (compatible; MJ12bot/v1.4.8; http://mj12bot.com/)"
5.9.70.113 - - [19/May/2022:06:24:46 +0200] "GET /PodCast/Liebhaber2?action=diff HTTP/1.1" 403 18 "-" "Mozilla/5.0 (compatible; MJ12bot/v1.4.8; http://mj12bot.com/)"
5.9.70.113 - - [19/May/2022:06:24:51 +0200] "GET /PodCast/Liebhaber2?action=edit HTTP/1.1" 403 18 "-" "Mozilla/5.0 (compatible; MJ12bot/v1.4.8; http://mj12bot.com/)"
5.9.70.113 - - [19/May/2022:06:24:58 +0200] "GET /PodCast/Liebhaber2?action=print HTTP/1.1" 403 18 "-" "Mozilla/5.0 (compatible; MJ12bot/v1.4.8; http://mj12bot.com/)"
5.9.70.113 - - [19/May/2022:06:25:03 +0200] "GET /PodCast/Liebhaber2?action=upload HTTP/1.1" 403 18 "-" "Mozilla/5.0 (compatible; MJ12bot/v1.4.8; http://mj12bot.com/)"
5.9.70.113 - - [19/May/2022:06:25:08 +0200] "GET /PodCast/Limerick1 HTTP/1.1" 200 8694 "-" "Mozilla/5.0 (compatible; MJ12bot/v1.4.8; http://mj12bot.com/)"
5.9.70.113 - - [19/May/2022:06:25:16 +0200] "GET /PodCast/Limerick2 HTTP/1.1" 200 8724 "-" "Mozilla/5.0 (compatible; MJ12bot/v1.4.8; http://mj12bot.com/)"
5.9.70.113 - - [19/May/2022:06:25:21 +0200] "GET /PodCast/Limerick27 HTTP/1.1" 200 8704 "-" "Mozilla/5.0 (compatible; MJ12bot/v1.4.8; http://mj12bot.com/)"
185.191.171.15 - - [19/May/2022:06:25:21 +0200] "GET /PmWikiFr/Download?action=print HTTP/1.1" 403 18 "-" "Mozilla/5.0 (compatible; SemrushBot/7~bl; +http://www.semrush.com/bot.html)"
5.9.70.113 - - [19/May/2022:06:25:27 +0200] "GET /PodCast/Limerick27?action=diff HTTP/1.1" 403 18 "-" "Mozilla/5.0 (compatible; MJ12bot/v1.4.8; http://mj12bot.com/)"
5.9.70.113 - - [19/May/2022:06:25:31 +0200] "GET /PodCast/Limerick27?action=edit HTTP/1.1" 403 18 "-" "Mozilla/5.0 (compatible; MJ12bot/v1.4.8; http://mj12bot.com/)"
5.9.70.113 - - [19/May/2022:06:25:36 +0200] "GET /PodCast/Limerick27?action=print HTTP/1.1" 403 18 "-" "Mozilla/5.0 (compatible; MJ12bot/v1.4.8; http://mj12bot.com/)"
5.9.70.113 - - [19/May/2022:06:25:42 +0200] "GET /PodCast/Limerick27?action=upload HTTP/1.1" 403 18 "-" "Mozilla/5.0 (compatible; MJ12bot/v1.4.8; http://mj12bot.com/)"
5.9.70.113 - - [19/May/2022:06:25:48 +0200] "GET /PodCast/Limerick29 HTTP/1.1" 200 8812 "-" "Mozilla/5.0 (compatible; MJ12bot/v1.4.8; http://mj12bot.com/)"
5.9.70.113 - - [19/May/2022:06:25:50 +0200] "GET /PodCast/Limerick29?action=diff HTTP/1.1" 403 18 "-" "Mozilla/5.0 (compatible; MJ12bot/v1.4.8; http://mj12bot.com/)"
5.9.70.113 - - [19/May/2022:06:25:54 +0200] "GET /PodCast/Limerick29?action=edit HTTP/1.1" 403 18 "-" "Mozilla/5.0 (compatible; MJ12bot/v1.4.8; http://mj12bot.com/)"
5.9.70.113 - - [19/May/2022:06:25:56 +0200] "GET /PodCast/Limerick29?action=print HTTP/1.1" 403 18 "-" "Mozilla/5.0 (compatible; MJ12bot/v1.4.8; http://mj12bot.com/)"
5.9.70.113 - - [19/May/2022:06:26:00 +0200] "GET /PodCast/Limerick29?action=upload HTTP/1.1" 403 18 "-" "Mozilla/5.0 (compatible; MJ12bot/v1.4.8; http://mj12bot.com/)"
5.9.70.113 - - [19/May/2022:06:26:02 +0200] "GET /PodCast/Limerick30 HTTP/1.1" 200 8709 "-" "Mozilla/5.0 (compatible; MJ12bot/v1.4.8; http://mj12bot.com/)"
5.9.70.113 - - [19/May/2022:06:26:05 +0200] "GET /PodCast/Limerick30?action=diff HTTP/1.1" 403 18 "-" "Mozilla/5.0 (compatible; MJ12bot/v1.4.8; http://mj12bot.com/)"
5.9.70.113 - - [19/May/2022:06:26:07 +0200] "GET /PodCast/Limerick30?action=edit HTTP/1.1" 403 18 "-" "Mozilla/5.0 (compatible; MJ12bot/v1.4.8; http://mj12bot.com/)"
5.9.70.113 - - [19/May/2022:06:26:09 +0200] "GET /PodCast/Limerick30?action=upload HTTP/1.1" 403 18 "-" "Mozilla/5.0 (compatible; MJ12bot/v1.4.8; http://mj12bot.com/)"
5.9.70.113 - - [19/May/2022:06:26:13 +0200] "GET /PodCast/Limerick345 HTTP/1.1" 200 9207 "-" "Mozilla/5.0 (compatible; MJ12bot/v1.4.8; http://mj12bot.com/)"
5.9.70.113 - - [19/May/2022:06:26:15 +0200] "GET /PodCast/Limerick345?action=diff HTTP/1.1" 403 18 "-" "Mozilla/5.0 (compatible; MJ12bot/v1.4.8; http://mj12bot.com/)"
5.9.70.113 - - [19/May/2022:06:26:17 +0200] "GET /PodCast/Limerick345?action=edit HTTP/1.1" 403 18 "-" "Mozilla/5.0 (compatible; MJ12bot/v1.4.8; http://mj12bot.com/)"
5.9.70.113 - - [19/May/2022:06:26:21 +0200] "GET /PodCast/Limerick345?action=print HTTP/1.1" 403 18 "-" "Mozilla/5.0 (compatible; MJ12bot/v1.4.8; http://mj12bot.com/)"
5.9.70.113 - - [19/May/2022:06:26:23 +0200] "GET /PodCast/Limerick345?action=upload HTTP/1.1" 403 18 "-" "Mozilla/5.0 (compatible; MJ12bot/v1.4.8; http://mj12bot.com/)"
5.9.70.113 - - [19/May/2022:06:26:26 +0200] "GET /PodCast/Limerick911 HTTP/1.1" 200 9383 "-" "Mozilla/5.0 (compatible; MJ12bot/v1.4.8; http://mj12bot.com/)"
5.9.70.113 - - [19/May/2022:06:26:31 +0200] "GET /PodCast/Limerick911?action=diff HTTP/1.1" 403 18 "-" "Mozilla/5.0 (compatible; MJ12bot/v1.4.8; http://mj12bot.com/)"
5.9.70.113 - - [19/May/2022:06:26:34 +0200] "GET /PodCast/Limerick911?action=edit HTTP/1.1" 403 18 "-" "Mozilla/5.0 (compatible; MJ12bot/v1.4.8; http://mj12bot.com/)"
5.9.70.113 - - [19/May/2022:06:26:37 +0200] "GET /PodCast/Limerick911?action=print HTTP/1.1" 403 18 "-" "Mozilla/5.0 (compatible; MJ12bot/v1.4.8; http://mj12bot.com/)"
5.9.70.113 - - [19/May/2022:06:26:39 +0200] "GET /PodCast/Limerick911?action=upload HTTP/1.1" 403 18 "-" "Mozilla/5.0 (compatible; MJ12bot/v1.4.8; http://mj12bot.com/)"
5.9.70.113 - - [19/May/2022:06:26:42 +0200] "GET /PodCast/M%C3%83%C2%A0ntsch HTTP/1.1" 302 166 "-" "Mozilla/5.0 (compatible; MJ12bot/v1.4.8; http://mj12bot.com/)"
5.9.70.113 - - [19/May/2022:06:26:44 +0200] "GET /PodCast/MNtsch HTTP/1.1" 404 8174 "-" "Mozilla/5.0 (compatible; MJ12bot/v1.4.8; http://mj12bot.com/)"
5.9.70.113 - - [19/May/2022:06:26:46 +0200] "GET /PodCast/M%C3%A0ntsch HTTP/1.1" 302 166 "-" "Mozilla/5.0 (compatible; MJ12bot/v1.4.8; http://mj12bot.com/)"
5.9.70.113 - - [19/May/2022:06:26:48 +0200] "GET /PodCast/MNtsch HTTP/1.1" 404 8174 "-" "Mozilla/5.0 (compatible; MJ12bot/v1.4.8; http://mj12bot.com/)"
194.209.200.2 - - [19/May/2022:06:26:50 +0200] "GET /robots.txt HTTP/1.1" 200 - "-" "Mozilla/5.0 (compatible; TMMBot/0.2; +http://www.dslab.ch)/Nutch-1.15"
