185.191.171.42 - - [02/Jun/2022:00:09:15 +0200] "GET /PmWikiCs/FintyPriTvorbeStranky HTTP/1.1" 200 12641 "-" "Mozilla/5.0 (compatible; SemrushBot/7~bl; +http://www.semrush.com/bot.html)"
185.191.171.43 - - [02/Jun/2022:00:10:20 +0200] "GET /PmWikiFr/CommentMarkup?action=edit HTTP/1.1" 404 18 "-" "Mozilla/5.0 (compatible; SemrushBot/7~bl; +http://www.semrush.com/bot.html)"
66.249.76.196 - - [02/Jun/2022:00:15:28 +0200] "GET /PodCast/IndexPage?action=rss HTTP/1.1" 200 6298 "-" "Mozilla/5.0 (compatible; Googlebot/2.1; +http://www.google.com/bot.html)"
157.55.39.124 - - [02/Jun/2022:00:18:09 +0200] "GET /PodCast/Bankett HTTP/1.1" 200 9109 "-" "Mozilla/5.0 (compatible; bingbot/2.0; +http://www.bing.com/bingbot.htm)"
168.119.51.163 - - [02/Jun/2022:00:18:17 +0200] "GET /robots.txt HTTP/1.1" 200 - "-" "Mozilla/5.0 (compatible; um-IC/1.0; mailto: techinfo@ubermetrics-technologies.com; Windows NT 6.1; WOW64; rv:40.0) Gecko/20100101 Firefox/40.1"
168.119.51.163 - - [02/Jun/2022:00:18:18 +0200] "GET /PodCast/IndexPage?action=rss HTTP/1.1" 200 6298 "-" "Mozilla/5.0 (compatible; um-IC/1.0; mailto: techinfo@ubermetrics-technologies.com; Windows NT 6.1; WOW64; rv:40.0) Gecko/20100101 Firefox/40.1"
95.163.255.87 - - [02/Jun/2022:00:19:00 +0200] "GET /robots.txt HTTP/1.0" 200 - "-" "Mozilla/5.0 (compatible; Linux x86_64; Mail.RU_Bot/2.0; +https://help.mail.ru/webmaster/indexing/robots)"
95.163.255.87 - - [02/Jun/2022:00:19:04 +0200] "GET /PmWikiRu/CustomMarkup HTTP/1.1" 200 31966 "-" "Mozilla/5.0 (compatible; Linux x86_64; Mail.RU_Bot/2.0; +https://help.mail.ru/webmaster/indexing/robots)"
95.163.255.87 - - [02/Jun/2022:00:19:08 +0200] "GET /Main/HomePage HTTP/1.1" 200 9141 "-" "Mozilla/5.0 (compatible; Linux x86_64; Mail.RU_Bot/2.0; +https://help.mail.ru/webmaster/indexing/robots)"
216.244.66.243 - - [02/Jun/2022:00:19:38 +0200] "GET /robots.txt HTTP/1.1" 200 - "-" "Mozilla/5.0 (compatible; DotBot/1.2; +https://opensiteexplorer.org/dotbot; help@moz.com)"
54.36.148.192 - - [02/Jun/2022:00:23:21 +0200] "GET /robots.txt HTTP/1.1" 200 - "-" "Mozilla/5.0 (compatible; AhrefsBot/7.0; +http://ahrefs.com/robot/)"
54.36.149.10 - - [02/Jun/2022:00:23:22 +0200] "GET / HTTP/1.1" 200 14638 "-" "Mozilla/5.0 (compatible; AhrefsBot/7.0; +http://ahrefs.com/robot/)"
185.191.171.3 - - [02/Jun/2022:00:26:47 +0200] "GET /robots.txt HTTP/1.1" 200 - "-" "Mozilla/5.0 (compatible; SemrushBot/7~bl; +http://www.semrush.com/bot.html)"
185.191.171.8 - - [02/Jun/2022:00:26:48 +0200] "GET /PmWikiFr/Directives?action=diff HTTP/1.1" 403 18 "-" "Mozilla/5.0 (compatible; SemrushBot/7~bl; +http://www.semrush.com/bot.html)"
5.188.62.76 - - [02/Jun/2022:00:27:45 +0200] "GET / HTTP/1.1" 200 14638 "-" "Mozilla/5.0 (Windows NT 10.0; Win64; x64) AppleWebKit/537.36 (KHTML, like Gecko) Chrome/100.0.4895.86 Safari/537.36"
5.188.62.76 - - [02/Jun/2022:00:27:47 +0200] "GET /robots.txt HTTP/1.1" 200 - "-" "Mozilla/5.0 (Windows NT 10.0; Win64; x64) AppleWebKit/537.36 (KHTML, like Gecko) Chrome/100.0.4895.86 Safari/537.36"
185.191.171.8 - - [02/Jun/2022:00:30:52 +0200] "GET /PmWiki/AvailableActions HTTP/1.1" 200 32315 "-" "Mozilla/5.0 (compatible; SemrushBot/7~bl; +http://www.semrush.com/bot.html)"
216.244.66.243 - - [02/Jun/2022:00:31:50 +0200] "GET /PmWikiFr/DocumentationAudiences HTTP/1.1" 200 12008 "-" "Mozilla/5.0 (compatible; DotBot/1.2; +https://opensiteexplorer.org/dotbot; help@moz.com)"
185.191.171.11 - - [02/Jun/2022:00:38:23 +0200] "GET /PmWikiDe/IncludeOtherPages?action=upload HTTP/1.1" 403 18 "-" "Mozilla/5.0 (compatible; SemrushBot/7~bl; +http://www.semrush.com/bot.html)"
185.191.171.23 - - [02/Jun/2022:00:39:15 +0200] "GET /PmWikiFr/WikiTrails HTTP/1.1" 200 12663 "-" "Mozilla/5.0 (compatible; SemrushBot/7~bl; +http://www.semrush.com/bot.html)"
157.90.144.217 - - [02/Jun/2022:00:41:07 +0200] "GET /robots.txt HTTP/1.1" 200 - "-" "mindUpBot (datenbutler.de)"
157.90.144.217 - - [02/Jun/2022:00:41:12 +0200] "GET / HTTP/1.1" 200 14638 "-" "mindUpBot (datenbutler.de)"
157.90.144.217 - - [02/Jun/2022:00:41:17 +0200] "GET /Texte/Rezension HTTP/1.1" 200 11812 "-" "mindUpBot (datenbutler.de)"
157.90.144.217 - - [02/Jun/2022:00:41:22 +0200] "GET /Texte/GDicht HTTP/1.1" 200 8050 "-" "mindUpBot (datenbutler.de)"
157.90.144.217 - - [02/Jun/2022:00:41:27 +0200] "GET /Texte/GDicht?action=diff HTTP/1.1" 403 18 "-" "mindUpBot (datenbutler.de)"
157.90.144.217 - - [02/Jun/2022:00:41:32 +0200] "GET /Texte/Schrybwys HTTP/1.1" 200 11028 "-" "mindUpBot (datenbutler.de)"
54.36.148.3 - - [02/Jun/2022:00:41:36 +0200] "GET /Site/PodCast HTTP/1.1" 200 40934 "-" "Mozilla/5.0 (compatible; AhrefsBot/7.0; +http://ahrefs.com/robot/)"
157.90.144.217 - - [02/Jun/2022:00:41:37 +0200] "GET /Texte/Rezension?action=print HTTP/1.1" 403 18 "-" "mindUpBot (datenbutler.de)"
185.191.171.3 - - [02/Jun/2022:00:41:39 +0200] "GET /PmWikiPtBr/ReferenciaRapidaEdicao?action=upload HTTP/1.1" 403 18 "-" "Mozilla/5.0 (compatible; SemrushBot/7~bl; +http://www.semrush.com/bot.html)"
157.90.144.217 - - [02/Jun/2022:00:41:42 +0200] "GET /Admin/AdresseStiftung HTTP/1.1" 200 8453 "-" "mindUpBot (datenbutler.de)"
157.90.144.217 - - [02/Jun/2022:00:41:47 +0200] "GET /Main/Home HTTP/1.1" 200 14638 "-" "mindUpBot (datenbutler.de)"
157.90.144.217 - - [02/Jun/2022:00:41:52 +0200] "GET /Texte/Gloosse HTTP/1.1" 200 8061 "-" "mindUpBot (datenbutler.de)"
157.90.144.217 - - [02/Jun/2022:00:41:57 +0200] "GET /Texte/Roman HTTP/1.1" 200 38741 "-" "mindUpBot (datenbutler.de)"
157.90.144.217 - - [02/Jun/2022:00:42:02 +0200] "GET /Hilfe/AnleitungTonbeispiele HTTP/1.1" 200 9878 "-" "mindUpBot (datenbutler.de)"
157.90.144.217 - - [02/Jun/2022:00:42:07 +0200] "GET /Texte/Rezension?action=diff HTTP/1.1" 403 18 "-" "mindUpBot (datenbutler.de)"
157.90.144.217 - - [02/Jun/2022:00:42:12 +0200] "GET /Texte/Bitterbeuhsi HTTP/1.1" 200 9255 "-" "mindUpBot (datenbutler.de)"
185.191.171.34 - - [02/Jun/2022:00:42:22 +0200] "GET /PmWikiPtBr/CriandoNovasPaginas?action=edit HTTP/1.1" 403 18 "-" "Mozilla/5.0 (compatible; SemrushBot/7~bl; +http://www.semrush.com/bot.html)"
194.209.200.2 - - [02/Jun/2022:00:44:38 +0200] "GET /robots.txt HTTP/1.1" 200 - "-" "Mozilla/5.0 (compatible; TMMBot/0.2; +http://www.dslab.ch)/Nutch-1.15"
194.209.200.2 - - [02/Jun/2022:00:44:38 +0200] "GET /Admin/AdresseStiftung HTTP/1.1" 200 8453 "-" "Mozilla/5.0 (compatible; TMMBot/0.2; +http://www.dslab.ch)/Nutch-1.15"
194.209.200.2 - - [02/Jun/2022:00:47:43 +0200] "GET /Texte/ArsAmatoria HTTP/1.1" 200 12369 "-" "Mozilla/5.0 (compatible; TMMBot/0.2; +http://www.dslab.ch)/Nutch-1.15"
194.209.200.2 - - [02/Jun/2022:00:47:57 +0200] "GET /Texte/GDicht HTTP/1.1" 200 8050 "-" "Mozilla/5.0 (compatible; TMMBot/0.2; +http://www.dslab.ch)/Nutch-1.15"
194.209.200.2 - - [02/Jun/2022:00:48:30 +0200] "GET /Admin/Links HTTP/1.1" 200 14193 "-" "Mozilla/5.0 (compatible; TMMBot/0.2; +http://www.dslab.ch)/Nutch-1.15"
194.209.200.2 - - [02/Jun/2022:00:50:16 +0200] "GET /Main/Home HTTP/1.1" 200 14638 "-" "Mozilla/5.0 (compatible; TMMBot/0.2; +http://www.dslab.ch)/Nutch-1.15"
194.209.200.2 - - [02/Jun/2022:00:50:37 +0200] "GET /Admin/Pro-ZurituutschStatuten HTTP/1.1" 200 9580 "-" "Mozilla/5.0 (compatible; TMMBot/0.2; +http://www.dslab.ch)/Nutch-1.15"
194.209.200.2 - - [02/Jun/2022:00:50:42 +0200] "GET / HTTP/1.1" 200 14638 "-" "Mozilla/5.0 (compatible; TMMBot/0.2; +http://www.dslab.ch)/Nutch-1.15"
194.209.200.2 - - [02/Jun/2022:00:51:04 +0200] "GET /Admin/ZurStiftung HTTP/1.1" 200 10864 "-" "Mozilla/5.0 (compatible; TMMBot/0.2; +http://www.dslab.ch)/Nutch-1.15"
194.209.200.2 - - [02/Jun/2022:00:51:29 +0200] "GET /Texte/Bitterbeuhsi HTTP/1.1" 200 9255 "-" "Mozilla/5.0 (compatible; TMMBot/0.2; +http://www.dslab.ch)/Nutch-1.15"
194.209.200.2 - - [02/Jun/2022:00:51:39 +0200] "GET /Gast/Podcast HTTP/1.1" 200 8106 "-" "Mozilla/5.0 (compatible; TMMBot/0.2; +http://www.dslab.ch)/Nutch-1.15"
185.191.171.25 - - [02/Jun/2022:01:02:16 +0200] "GET /Profiles/Uli?action=edit HTTP/1.1" 404 18 "-" "Mozilla/5.0 (compatible; SemrushBot/7~bl; +http://www.semrush.com/bot.html)"
216.244.66.243 - - [02/Jun/2022:01:04:15 +0200] "GET /robots.txt HTTP/1.1" 200 - "-" "Mozilla/5.0 (compatible; DotBot/1.2; +https://opensiteexplorer.org/dotbot; help@moz.com)"
114.119.130.111 - - [02/Jun/2022:01:07:46 +0200] "GET /PmWikiFr/DeletingPages?action=upload HTTP/1.1" 403 18 "http://www.pro-zurituutsch.ch/PmWikiFr/DeletingPages" "Mozilla/5.0 (Linux; Android 7.0;) AppleWebKit/537.36 (KHTML, like Gecko) Mobile Safari/537.36 (compatible; PetalBot;+https://webmaster.petalsearch.com/site/petalbot)"
185.191.171.9 - - [02/Jun/2022:01:08:03 +0200] "GET /PmWikiFr/Notify?action=print HTTP/1.1" 403 18 "-" "Mozilla/5.0 (compatible; SemrushBot/7~bl; +http://www.semrush.com/bot.html)"
185.191.171.22 - - [02/Jun/2022:01:08:38 +0200] "GET /PmWikiFr/IndexAlphabTique?action=edit HTTP/1.1" 404 18 "-" "Mozilla/5.0 (compatible; SemrushBot/7~bl; +http://www.semrush.com/bot.html)"
185.191.171.17 - - [02/Jun/2022:01:12:16 +0200] "GET /PmWikiFr/CustomInterMap HTTP/1.1" 200 12811 "-" "Mozilla/5.0 (compatible; SemrushBot/7~bl; +http://www.semrush.com/bot.html)"
216.244.66.243 - - [02/Jun/2022:01:13:24 +0200] "GET /PodCast/Eereroueff HTTP/1.1" 200 18747 "-" "Mozilla/5.0 (compatible; DotBot/1.2; +https://opensiteexplorer.org/dotbot; help@moz.com)"
216.244.66.243 - - [02/Jun/2022:01:17:00 +0200] "GET /PmWikiFr/PagelistsExplained HTTP/1.1" 200 26674 "-" "Mozilla/5.0 (compatible; DotBot/1.2; +https://opensiteexplorer.org/dotbot; help@moz.com)"
66.249.76.220 - - [02/Jun/2022:01:18:44 +0200] "GET /PodCast/IndexPage?action=rss HTTP/1.1" 200 6298 "-" "Mozilla/5.0 (compatible; Googlebot/2.1; +http://www.google.com/bot.html)"
185.191.171.38 - - [02/Jun/2022:01:20:39 +0200] "GET /PmWikiPtBr/MinhaNovaPGina?action=edit HTTP/1.1" 404 18 "-" "Mozilla/5.0 (compatible; SemrushBot/7~bl; +http://www.semrush.com/bot.html)"
54.36.149.45 - - [02/Jun/2022:01:20:42 +0200] "GET /Admin/AdresseStiftung HTTP/1.1" 200 8453 "-" "Mozilla/5.0 (compatible; AhrefsBot/7.0; +http://ahrefs.com/robot/)"
85.208.98.23 - - [02/Jun/2022:01:22:31 +0200] "GET /robots.txt HTTP/1.1" 200 - "-" "Mozilla/5.0 (compatible; SemrushBot-BA; +http://www.semrush.com/bot.html)"
85.208.98.20 - - [02/Jun/2022:01:22:54 +0200] "GET /PmWiki/TextFormattingRules HTTP/1.1" 200 32665 "-" "Mozilla/5.0 (compatible; SemrushBot-BA; +http://www.semrush.com/bot.html)"
85.208.98.20 - - [02/Jun/2022:01:22:56 +0200] "GET /PmWiki/SpecialCharacters HTTP/1.1" 200 11638 "-" "Mozilla/5.0 (compatible; SemrushBot-BA; +http://www.semrush.com/bot.html)"
194.38.20.161 - - [02/Jun/2022:01:26:07 +0200] "GET /fileupload/index.php?file=tf2rghf.jpg HTTP/1.1" 404 286 "-" "ALittle Client"
194.209.200.2 - - [02/Jun/2022:01:26:18 +0200] "GET /robots.txt HTTP/1.1" 200 - "-" "Mozilla/5.0 (compatible; TMMBot/0.2; +http://www.dslab.ch)/Nutch-1.15"
194.209.200.2 - - [02/Jun/2022:01:26:18 +0200] "GET /Admin/AdresseStiftung HTTP/1.1" 200 8453 "-" "Mozilla/5.0 (compatible; TMMBot/0.2; +http://www.dslab.ch)/Nutch-1.15"
194.209.200.2 - - [02/Jun/2022:01:26:44 +0200] "GET /Texte/ZurcherischEnglish HTTP/1.1" 200 8274 "-" "Mozilla/5.0 (compatible; TMMBot/0.2; +http://www.dslab.ch)/Nutch-1.15"
194.209.200.2 - - [02/Jun/2022:01:28:21 +0200] "GET /Texte/Limericks HTTP/1.1" 200 8087 "-" "Mozilla/5.0 (compatible; TMMBot/0.2; +http://www.dslab.ch)/Nutch-1.15"
194.209.200.2 - - [02/Jun/2022:01:29:11 +0200] "GET /Texte/ArsAmatoria HTTP/1.1" 200 12369 "-" "Mozilla/5.0 (compatible; TMMBot/0.2; +http://www.dslab.ch)/Nutch-1.15"
194.209.200.2 - - [02/Jun/2022:01:29:25 +0200] "GET /Texte/GDicht HTTP/1.1" 200 8050 "-" "Mozilla/5.0 (compatible; TMMBot/0.2; +http://www.dslab.ch)/Nutch-1.15"
194.209.200.2 - - [02/Jun/2022:01:31:33 +0200] "GET /Main/Home HTTP/1.1" 200 14638 "-" "Mozilla/5.0 (compatible; TMMBot/0.2; +http://www.dslab.ch)/Nutch-1.15"
194.209.200.2 - - [02/Jun/2022:01:31:53 +0200] "GET /Admin/Pro-ZurituutschStatuten HTTP/1.1" 200 9580 "-" "Mozilla/5.0 (compatible; TMMBot/0.2; +http://www.dslab.ch)/Nutch-1.15"
194.209.200.2 - - [02/Jun/2022:01:31:57 +0200] "GET / HTTP/1.1" 200 14638 "-" "Mozilla/5.0 (compatible; TMMBot/0.2; +http://www.dslab.ch)/Nutch-1.15"
194.209.200.2 - - [02/Jun/2022:01:32:17 +0200] "GET /Admin/ZurStiftung HTTP/1.1" 200 10864 "-" "Mozilla/5.0 (compatible; TMMBot/0.2; +http://www.dslab.ch)/Nutch-1.15"
194.209.200.2 - - [02/Jun/2022:01:32:40 +0200] "GET /Texte/Bitterbeuhsi HTTP/1.1" 200 9255 "-" "Mozilla/5.0 (compatible; TMMBot/0.2; +http://www.dslab.ch)/Nutch-1.15"
194.209.200.2 - - [02/Jun/2022:01:32:49 +0200] "GET /Gast/Podcast HTTP/1.1" 200 8106 "-" "Mozilla/5.0 (compatible; TMMBot/0.2; +http://www.dslab.ch)/Nutch-1.15"
194.209.200.2 - - [02/Jun/2022:01:33:17 +0200] "GET /Hilfe/AnleitungTonbeispiele HTTP/1.1" 200 9878 "-" "Mozilla/5.0 (compatible; TMMBot/0.2; +http://www.dslab.ch)/Nutch-1.15"
185.191.171.44 - - [02/Jun/2022:01:39:14 +0200] "GET /robots.txt HTTP/1.1" 200 - "-" "Mozilla/5.0 (compatible; SemrushBot/7~bl; +http://www.semrush.com/bot.html)"
185.191.171.44 - - [02/Jun/2022:01:39:15 +0200] "GET /PmWikiDe/UploadsAdmin?action=edit HTTP/1.1" 403 18 "-" "Mozilla/5.0 (compatible; SemrushBot/7~bl; +http://www.semrush.com/bot.html)"
185.191.171.41 - - [02/Jun/2022:01:48:30 +0200] "GET /PmWikiFr/EditQuickReference?action=upload HTTP/1.1" 403 18 "-" "Mozilla/5.0 (compatible; SemrushBot/7~bl; +http://www.semrush.com/bot.html)"
54.36.149.75 - - [02/Jun/2022:02:00:56 +0200] "GET /Texte/Roman HTTP/1.1" 200 38741 "-" "Mozilla/5.0 (compatible; AhrefsBot/7.0; +http://ahrefs.com/robot/)"
194.209.200.2 - - [02/Jun/2022:02:01:23 +0200] "GET /robots.txt HTTP/1.1" 200 - "-" "Mozilla/5.0 (compatible; TMMBot/0.2; +http://www.dslab.ch)/Nutch-1.15"
194.209.200.2 - - [02/Jun/2022:02:01:23 +0200] "GET /Admin/AdresseStiftung HTTP/1.1" 200 8453 "-" "Mozilla/5.0 (compatible; TMMBot/0.2; +http://www.dslab.ch)/Nutch-1.15"
185.191.171.23 - - [02/Jun/2022:02:03:36 +0200] "GET /PmWikiDe/DesignNotes?action=edit HTTP/1.1" 403 18 "-" "Mozilla/5.0 (compatible; SemrushBot/7~bl; +http://www.semrush.com/bot.html)"
194.209.200.2 - - [02/Jun/2022:02:04:52 +0200] "GET /Texte/ArsAmatoria HTTP/1.1" 200 12369 "-" "Mozilla/5.0 (compatible; TMMBot/0.2; +http://www.dslab.ch)/Nutch-1.15"
194.209.200.2 - - [02/Jun/2022:02:05:08 +0200] "GET /Texte/GDicht HTTP/1.1" 200 8050 "-" "Mozilla/5.0 (compatible; TMMBot/0.2; +http://www.dslab.ch)/Nutch-1.15"
185.191.171.41 - - [02/Jun/2022:02:06:29 +0200] "GET /PmWikiDe/SpecialCharacters?action=edit HTTP/1.1" 404 18 "-" "Mozilla/5.0 (compatible; SemrushBot/7~bl; +http://www.semrush.com/bot.html)"
194.209.200.2 - - [02/Jun/2022:02:07:46 +0200] "GET /Main/Home HTTP/1.1" 200 14638 "-" "Mozilla/5.0 (compatible; TMMBot/0.2; +http://www.dslab.ch)/Nutch-1.15"
194.209.200.2 - - [02/Jun/2022:02:08:15 +0200] "GET / HTTP/1.1" 200 14638 "-" "Mozilla/5.0 (compatible; TMMBot/0.2; +http://www.dslab.ch)/Nutch-1.15"
194.209.200.2 - - [02/Jun/2022:02:08:41 +0200] "GET /Admin/ZurStiftung HTTP/1.1" 200 10864 "-" "Mozilla/5.0 (compatible; TMMBot/0.2; +http://www.dslab.ch)/Nutch-1.15"
194.209.200.2 - - [02/Jun/2022:02:09:11 +0200] "GET /Texte/Bitterbeuhsi HTTP/1.1" 200 9255 "-" "Mozilla/5.0 (compatible; TMMBot/0.2; +http://www.dslab.ch)/Nutch-1.15"
54.36.149.67 - - [02/Jun/2022:02:11:14 +0200] "GET /Texte/ZurcherischEnglish HTTP/1.1" 200 8274 "-" "Mozilla/5.0 (compatible; AhrefsBot/7.0; +http://ahrefs.com/robot/)"
66.249.76.222 - - [02/Jun/2022:02:16:58 +0200] "GET /PodCast/IndexPage?action=rss HTTP/1.1" 200 6298 "-" "Mozilla/5.0 (compatible; Googlebot/2.1; +http://www.google.com/bot.html)"
185.191.171.25 - - [02/Jun/2022:02:21:29 +0200] "GET /PmWikiFr/IndexComplMents?action=edit HTTP/1.1" 404 18 "-" "Mozilla/5.0 (compatible; SemrushBot/7~bl; +http://www.semrush.com/bot.html)"
3.216.185.164 - - [02/Jun/2022:02:22:54 +0200] "GET /PodCast/IndexPage?action=rss HTTP/1.1" 200 6298 "-" "PocketCasts/1.0 (Pocket Casts Feed Parser; +http://pocketcasts.com/)"
54.36.148.82 - - [02/Jun/2022:02:23:07 +0200] "GET /Texte/Bitterbeuhsi HTTP/1.1" 200 9255 "-" "Mozilla/5.0 (compatible; AhrefsBot/7.0; +http://ahrefs.com/robot/)"
216.244.66.243 - - [02/Jun/2022:02:34:35 +0200] "GET /robots.txt HTTP/1.1" 200 - "-" "Mozilla/5.0 (compatible; DotBot/1.2; +https://opensiteexplorer.org/dotbot; help@moz.com)"
185.191.171.4 - - [02/Jun/2022:02:46:09 +0200] "GET /robots.txt HTTP/1.1" 200 - "-" "Mozilla/5.0 (compatible; SemrushBot/7~bl; +http://www.semrush.com/bot.html)"
216.244.66.243 - - [02/Jun/2022:02:46:10 +0200] "GET /PmWikiDe/PageDirectives HTTP/1.1" 200 9917 "-" "Mozilla/5.0 (compatible; DotBot/1.2; +https://opensiteexplorer.org/dotbot; help@moz.com)"
185.191.171.37 - - [02/Jun/2022:02:46:11 +0200] "GET /PmWikiRu/PmWikiRu HTTP/1.1" 200 13623 "-" "Mozilla/5.0 (compatible; SemrushBot/7~bl; +http://www.semrush.com/bot.html)"
216.244.66.243 - - [02/Jun/2022:02:46:30 +0200] "GET /PmWikiDe/Contributors HTTP/1.1" 200 9656 "-" "Mozilla/5.0 (compatible; DotBot/1.2; +https://opensiteexplorer.org/dotbot; help@moz.com)"
194.209.200.2 - - [02/Jun/2022:02:46:44 +0200] "GET /robots.txt HTTP/1.1" 200 - "-" "Mozilla/5.0 (compatible; TMMBot/0.2; +http://www.dslab.ch)/Nutch-1.15"
194.209.200.2 - - [02/Jun/2022:02:46:44 +0200] "GET /Texte/ArsAmatoria HTTP/1.1" 200 12369 "-" "Mozilla/5.0 (compatible; TMMBot/0.2; +http://www.dslab.ch)/Nutch-1.15"
216.244.66.243 - - [02/Jun/2022:02:46:58 +0200] "GET /PmWikiDe/BackupAndRestore HTTP/1.1" 200 11570 "-" "Mozilla/5.0 (compatible; DotBot/1.2; +https://opensiteexplorer.org/dotbot; help@moz.com)"
194.209.200.2 - - [02/Jun/2022:02:46:58 +0200] "GET /Texte/GDicht HTTP/1.1" 200 8050 "-" "Mozilla/5.0 (compatible; TMMBot/0.2; +http://www.dslab.ch)/Nutch-1.15"
216.244.66.243 - - [02/Jun/2022:02:48:23 +0200] "GET /PmWikiFr/AuthorTracking HTTP/1.1" 200 11606 "-" "Mozilla/5.0 (compatible; DotBot/1.2; +https://opensiteexplorer.org/dotbot; help@moz.com)"
194.209.200.2 - - [02/Jun/2022:02:49:04 +0200] "GET /Main/Home HTTP/1.1" 200 14638 "-" "Mozilla/5.0 (compatible; TMMBot/0.2; +http://www.dslab.ch)/Nutch-1.15"
194.209.200.2 - - [02/Jun/2022:02:49:27 +0200] "GET / HTTP/1.1" 200 14638 "-" "Mozilla/5.0 (compatible; TMMBot/0.2; +http://www.dslab.ch)/Nutch-1.15"
194.209.200.2 - - [02/Jun/2022:02:49:46 +0200] "GET /Admin/ZurStiftung HTTP/1.1" 200 10864 "-" "Mozilla/5.0 (compatible; TMMBot/0.2; +http://www.dslab.ch)/Nutch-1.15"
194.209.200.2 - - [02/Jun/2022:02:50:12 +0200] "GET /Texte/Bitterbeuhsi HTTP/1.1" 200 9255 "-" "Mozilla/5.0 (compatible; TMMBot/0.2; +http://www.dslab.ch)/Nutch-1.15"
194.209.200.2 - - [02/Jun/2022:02:50:22 +0200] "GET /Gast/Podcast HTTP/1.1" 200 8106 "-" "Mozilla/5.0 (compatible; TMMBot/0.2; +http://www.dslab.ch)/Nutch-1.15"
194.209.200.2 - - [02/Jun/2022:02:50:49 +0200] "GET /Hilfe/AnleitungTonbeispiele HTTP/1.1" 200 9878 "-" "Mozilla/5.0 (compatible; TMMBot/0.2; +http://www.dslab.ch)/Nutch-1.15"
185.191.171.25 - - [02/Jun/2022:02:56:26 +0200] "GET /PmWikiDe/ListLocal?action=upload HTTP/1.1" 403 18 "-" "Mozilla/5.0 (compatible; SemrushBot/7~bl; +http://www.semrush.com/bot.html)"
185.191.171.26 - - [02/Jun/2022:02:57:54 +0200] "GET /PmWikiSi/PmWikiSi?action=diff HTTP/1.1" 403 18 "-" "Mozilla/5.0 (compatible; SemrushBot/7~bl; +http://www.semrush.com/bot.html)"
114.119.141.232 - - [02/Jun/2022:03:05:24 +0200] "GET /PmWikiDe/XLPageCookbook?action=edit HTTP/1.1" 403 18 "http://www.pro-zurituutsch.ch/PmWikiDe/XLPageCookbook" "Mozilla/5.0 (Linux; Android 7.0;) AppleWebKit/537.36 (KHTML, like Gecko) Mobile Safari/537.36 (compatible; PetalBot;+https://webmaster.petalsearch.com/site/petalbot)"
66.249.76.220 - - [02/Jun/2022:03:08:03 +0200] "GET /PodCast/IndexPage?action=rss HTTP/1.1" 200 6298 "-" "Mozilla/5.0 (compatible; Googlebot/2.1; +http://www.google.com/bot.html)"
45.56.103.4 - - [02/Jun/2022:03:08:10 +0200] "GET /PodCast/IndexPage?action=rss HTTP/1.1" 200 6298 "-" "PlayerFM/1.0 Podcast Sync (1 subscribers; url=https://player.fm/series/podcast-2872909)"
185.191.171.1 - - [02/Jun/2022:03:17:56 +0200] "GET /PmWikiFr/SitePages HTTP/1.1" 200 12965 "-" "Mozilla/5.0 (compatible; SemrushBot/7~bl; +http://www.semrush.com/bot.html)"
216.244.66.243 - - [02/Jun/2022:03:19:47 +0200] "GET /robots.txt HTTP/1.1" 200 - "-" "Mozilla/5.0 (compatible; DotBot/1.2; +https://opensiteexplorer.org/dotbot; help@moz.com)"
194.209.200.2 - - [02/Jun/2022:03:24:27 +0200] "GET /robots.txt HTTP/1.1" 200 - "-" "Mozilla/5.0 (compatible; TMMBot/0.2; +http://www.dslab.ch)/Nutch-1.15"
194.209.200.2 - - [02/Jun/2022:03:24:27 +0200] "GET /Texte/Limericks HTTP/1.1" 200 8087 "-" "Mozilla/5.0 (compatible; TMMBot/0.2; +http://www.dslab.ch)/Nutch-1.15"
194.209.200.2 - - [02/Jun/2022:03:25:35 +0200] "GET /Texte/GDicht HTTP/1.1" 200 8050 "-" "Mozilla/5.0 (compatible; TMMBot/0.2; +http://www.dslab.ch)/Nutch-1.15"
194.209.200.2 - - [02/Jun/2022:03:27:49 +0200] "GET /Main/Home HTTP/1.1" 200 14638 "-" "Mozilla/5.0 (compatible; TMMBot/0.2; +http://www.dslab.ch)/Nutch-1.15"
194.209.200.2 - - [02/Jun/2022:03:28:13 +0200] "GET / HTTP/1.1" 200 14638 "-" "Mozilla/5.0 (compatible; TMMBot/0.2; +http://www.dslab.ch)/Nutch-1.15"
194.209.200.2 - - [02/Jun/2022:03:28:33 +0200] "GET /Admin/ZurStiftung HTTP/1.1" 200 10864 "-" "Mozilla/5.0 (compatible; TMMBot/0.2; +http://www.dslab.ch)/Nutch-1.15"
194.209.200.2 - - [02/Jun/2022:03:28:56 +0200] "GET /Texte/Bitterbeuhsi HTTP/1.1" 200 9255 "-" "Mozilla/5.0 (compatible; TMMBot/0.2; +http://www.dslab.ch)/Nutch-1.15"
194.209.200.2 - - [02/Jun/2022:03:29:07 +0200] "GET /Gast/Podcast HTTP/1.1" 200 8106 "-" "Mozilla/5.0 (compatible; TMMBot/0.2; +http://www.dslab.ch)/Nutch-1.15"
216.244.66.243 - - [02/Jun/2022:03:33:36 +0200] "GET /PmWikiFr/ListeDeBlocage HTTP/1.1" 200 12287 "-" "Mozilla/5.0 (compatible; DotBot/1.2; +https://opensiteexplorer.org/dotbot; help@moz.com)"
54.36.148.212 - - [02/Jun/2022:03:50:15 +0200] "GET /robots.txt HTTP/1.1" 200 - "-" "Mozilla/5.0 (compatible; AhrefsBot/7.0; +http://ahrefs.com/robot/)"
54.36.148.124 - - [02/Jun/2022:03:50:16 +0200] "GET /Main/Home HTTP/1.1" 200 14638 "-" "Mozilla/5.0 (compatible; AhrefsBot/7.0; +http://ahrefs.com/robot/)"
194.209.200.2 - - [02/Jun/2022:03:56:11 +0200] "GET /robots.txt HTTP/1.1" 200 - "-" "Mozilla/5.0 (compatible; TMMBot/0.2; +http://www.dslab.ch)/Nutch-1.15"
194.209.200.2 - - [02/Jun/2022:03:56:11 +0200] "GET /Texte/Limericks HTTP/1.1" 200 8087 "-" "Mozilla/5.0 (compatible; TMMBot/0.2; +http://www.dslab.ch)/Nutch-1.15"
185.191.171.11 - - [02/Jun/2022:03:56:44 +0200] "GET /robots.txt HTTP/1.1" 200 - "-" "Mozilla/5.0 (compatible; SemrushBot/7~bl; +http://www.semrush.com/bot.html)"
185.191.171.36 - - [02/Jun/2022:03:56:44 +0200] "GET /PmWikiVi/HopThuChung?action=edit HTTP/1.1" 404 18 "-" "Mozilla/5.0 (compatible; SemrushBot/7~bl; +http://www.semrush.com/bot.html)"
194.209.200.2 - - [02/Jun/2022:03:56:59 +0200] "GET /Texte/ArsAmatoria HTTP/1.1" 200 12369 "-" "Mozilla/5.0 (compatible; TMMBot/0.2; +http://www.dslab.ch)/Nutch-1.15"
194.209.200.2 - - [02/Jun/2022:03:57:12 +0200] "GET /Texte/GDicht HTTP/1.1" 200 8050 "-" "Mozilla/5.0 (compatible; TMMBot/0.2; +http://www.dslab.ch)/Nutch-1.15"
194.209.200.2 - - [02/Jun/2022:03:59:15 +0200] "GET /Main/Home HTTP/1.1" 200 14638 "-" "Mozilla/5.0 (compatible; TMMBot/0.2; +http://www.dslab.ch)/Nutch-1.15"
194.209.200.2 - - [02/Jun/2022:03:59:37 +0200] "GET / HTTP/1.1" 200 14638 "-" "Mozilla/5.0 (compatible; TMMBot/0.2; +http://www.dslab.ch)/Nutch-1.15"
194.209.200.2 - - [02/Jun/2022:03:59:56 +0200] "GET /Admin/ZurStiftung HTTP/1.1" 200 10864 "-" "Mozilla/5.0 (compatible; TMMBot/0.2; +http://www.dslab.ch)/Nutch-1.15"
194.209.200.2 - - [02/Jun/2022:04:00:21 +0200] "GET /Texte/Bitterbeuhsi HTTP/1.1" 200 9255 "-" "Mozilla/5.0 (compatible; TMMBot/0.2; +http://www.dslab.ch)/Nutch-1.15"
185.191.171.19 - - [02/Jun/2022:04:00:30 +0200] "GET /PmWikiVi/QuyTCNhDNgCh?action=edit HTTP/1.1" 404 18 "-" "Mozilla/5.0 (compatible; SemrushBot/7~bl; +http://www.semrush.com/bot.html)"
194.209.200.2 - - [02/Jun/2022:04:00:31 +0200] "GET /Gast/Podcast HTTP/1.1" 200 8106 "-" "Mozilla/5.0 (compatible; TMMBot/0.2; +http://www.dslab.ch)/Nutch-1.15"
66.249.76.220 - - [02/Jun/2022:04:04:20 +0200] "GET /PodCast/IndexPage?action=rss HTTP/1.1" 200 6298 "-" "Mozilla/5.0 (compatible; Googlebot/2.1; +http://www.google.com/bot.html)"
216.244.66.243 - - [02/Jun/2022:04:04:30 +0200] "GET /robots.txt HTTP/1.1" 200 - "-" "Mozilla/5.0 (compatible; DotBot/1.2; +https://opensiteexplorer.org/dotbot; help@moz.com)"
185.191.171.2 - - [02/Jun/2022:04:06:20 +0200] "GET /Texte/Roman?action=upload HTTP/1.1" 403 18 "-" "Mozilla/5.0 (compatible; SemrushBot/7~bl; +http://www.semrush.com/bot.html)"
185.191.171.41 - - [02/Jun/2022:04:07:00 +0200] "GET /Texte/Schrybwys HTTP/1.1" 200 11028 "-" "Mozilla/5.0 (compatible; SemrushBot/7~bl; +http://www.semrush.com/bot.html)"
185.191.171.10 - - [02/Jun/2022:04:08:42 +0200] "GET /PmWikiVi/HoiDap?action=edit HTTP/1.1" 404 18 "-" "Mozilla/5.0 (compatible; SemrushBot/7~bl; +http://www.semrush.com/bot.html)"
185.191.171.38 - - [02/Jun/2022:04:13:14 +0200] "GET /PmWikiFr/A?action=search&fmt=title&q=link%3DPmWikiFr.Directives HTTP/1.1" 404 18 "-" "Mozilla/5.0 (compatible; SemrushBot/7~bl; +http://www.semrush.com/bot.html)"
156.146.41.79 - - [02/Jun/2022:04:14:26 +0200] "GET /Texte/Rezension HTTP/1.1" 200 11812 "http://www.pro-zurituutsch.ch" "Mozilla/5.0 (Windows NT 10.0; Win64; x64) AppleWebKit/537.36 (KHTML, like Gecko) Chrome/62.0.3202.94 Safari/537.36"
216.244.66.243 - - [02/Jun/2022:04:16:05 +0200] "GET /PmWikiFr/Menu HTTP/1.1" 200 9778 "-" "Mozilla/5.0 (compatible; DotBot/1.2; +https://opensiteexplorer.org/dotbot; help@moz.com)"
185.191.171.14 - - [02/Jun/2022:04:20:21 +0200] "GET /PmWikiDe/ContactUs?action=edit HTTP/1.1" 404 18 "-" "Mozilla/5.0 (compatible; SemrushBot/7~bl; +http://www.semrush.com/bot.html)"
185.191.171.22 - - [02/Jun/2022:04:24:49 +0200] "GET /PmWikiTa/XLPage?action=edit HTTP/1.1" 403 18 "-" "Mozilla/5.0 (compatible; SemrushBot/7~bl; +http://www.semrush.com/bot.html)"
114.119.141.15 - - [02/Jun/2022:04:24:59 +0200] "GET /PmWikiFr/PageHistory?action=print HTTP/1.1" 403 18 "http://www.pro-zurituutsch.ch/PmWikiFr/PageHistory" "Mozilla/5.0 (Linux; Android 7.0;) AppleWebKit/537.36 (KHTML, like Gecko) Mobile Safari/537.36 (compatible; PetalBot;+https://webmaster.petalsearch.com/site/petalbot)"
185.191.171.4 - - [02/Jun/2022:04:25:09 +0200] "GET /PmWikiPtBr/EnvieDinheiroParaPM HTTP/1.1" 200 10996 "-" "Mozilla/5.0 (compatible; SemrushBot/7~bl; +http://www.semrush.com/bot.html)"
54.36.148.103 - - [02/Jun/2022:04:27:22 +0200] "GET /Texte/Metamorphoses HTTP/1.1" 200 9045 "-" "Mozilla/5.0 (compatible; AhrefsBot/7.0; +http://ahrefs.com/robot/)"
50.116.52.70 - - [02/Jun/2022:04:28:09 +0200] "GET /PodCast/IndexPage?action=rss HTTP/1.1" 200 6298 "-" "PlayerFM/1.0 Podcast Sync (1 subscribers; url=https://player.fm/series/podcast-2872909)"
185.191.171.11 - - [02/Jun/2022:04:28:20 +0200] "GET /Profiles/Pierre79?action=edit HTTP/1.1" 404 18 "-" "Mozilla/5.0 (compatible; SemrushBot/7~bl; +http://www.semrush.com/bot.html)"
3.216.185.164 - - [02/Jun/2022:04:37:28 +0200] "GET /PodCast/IndexPage?action=rss HTTP/1.1" 200 6298 "-" "PocketCasts/1.0 (Pocket Casts Feed Parser; +http://pocketcasts.com/)"
194.209.200.2 - - [02/Jun/2022:04:40:47 +0200] "GET /robots.txt HTTP/1.1" 200 - "-" "Mozilla/5.0 (compatible; TMMBot/0.2; +http://www.dslab.ch)/Nutch-1.15"
194.209.200.2 - - [02/Jun/2022:04:40:47 +0200] "GET /Texte/Limericks HTTP/1.1" 200 8087 "-" "Mozilla/5.0 (compatible; TMMBot/0.2; +http://www.dslab.ch)/Nutch-1.15"
194.209.200.2 - - [02/Jun/2022:04:41:38 +0200] "GET /Texte/ArsAmatoria HTTP/1.1" 200 12369 "-" "Mozilla/5.0 (compatible; TMMBot/0.2; +http://www.dslab.ch)/Nutch-1.15"
194.209.200.2 - - [02/Jun/2022:04:41:52 +0200] "GET /Texte/GDicht HTTP/1.1" 200 8050 "-" "Mozilla/5.0 (compatible; TMMBot/0.2; +http://www.dslab.ch)/Nutch-1.15"
194.209.200.2 - - [02/Jun/2022:04:42:22 +0200] "GET /Admin/Links HTTP/1.1" 200 14193 "-" "Mozilla/5.0 (compatible; TMMBot/0.2; +http://www.dslab.ch)/Nutch-1.15"
114.119.140.79 - - [02/Jun/2022:04:43:52 +0200] "GET /PmWikiCs/XLPage?action=print HTTP/1.1" 403 18 "http://www.pro-zurituutsch.ch/PmWikiCs/XLPage" "Mozilla/5.0 (Linux; Android 7.0;) AppleWebKit/537.36 (KHTML, like Gecko) Mobile Safari/537.36 (compatible; PetalBot;+https://webmaster.petalsearch.com/site/petalbot)"
194.209.200.2 - - [02/Jun/2022:04:44:04 +0200] "GET /Main/Home HTTP/1.1" 200 14638 "-" "Mozilla/5.0 (compatible; TMMBot/0.2; +http://www.dslab.ch)/Nutch-1.15"
194.209.200.2 - - [02/Jun/2022:04:44:25 +0200] "GET /Admin/Pro-ZurituutschStatuten HTTP/1.1" 200 9580 "-" "Mozilla/5.0 (compatible; TMMBot/0.2; +http://www.dslab.ch)/Nutch-1.15"
194.209.200.2 - - [02/Jun/2022:04:44:29 +0200] "GET / HTTP/1.1" 200 14638 "-" "Mozilla/5.0 (compatible; TMMBot/0.2; +http://www.dslab.ch)/Nutch-1.15"
118.191.130.143 - - [02/Jun/2022:04:44:49 +0200] "GET /Texte/Roman HTTP/1.1" 200 38741 "-" "Mozilla/5.0 (Windows NT 10.0; WOW64; Trident/7.0; rv:11.0) like Gecko"
194.209.200.2 - - [02/Jun/2022:04:44:49 +0200] "GET /Admin/ZurStiftung HTTP/1.1" 200 10864 "-" "Mozilla/5.0 (compatible; TMMBot/0.2; +http://www.dslab.ch)/Nutch-1.15"
118.191.130.143 - - [02/Jun/2022:04:44:52 +0200] "GET /Texte/Roman HTTP/1.1" 200 38741 "-" "Mozilla/5.0 (Windows NT 10.0; WOW64; Trident/7.0; rv:11.0) like Gecko"
118.191.130.143 - - [02/Jun/2022:04:44:55 +0200] "GET /Texte/Roman HTTP/1.1" 200 38741 "-" "Mozilla/5.0 (Windows NT 10.0; WOW64; Trident/7.0; rv:11.0) like Gecko"
194.209.200.2 - - [02/Jun/2022:04:45:13 +0200] "GET /Texte/Bitterbeuhsi HTTP/1.1" 200 9255 "-" "Mozilla/5.0 (compatible; TMMBot/0.2; +http://www.dslab.ch)/Nutch-1.15"
194.209.200.2 - - [02/Jun/2022:04:45:24 +0200] "GET /Gast/Podcast HTTP/1.1" 200 8106 "-" "Mozilla/5.0 (compatible; TMMBot/0.2; +http://www.dslab.ch)/Nutch-1.15"
185.191.171.40 - - [02/Jun/2022:04:51:56 +0200] "GET /Site/PodCast HTTP/1.1" 200 40934 "-" "Mozilla/5.0 (compatible; SemrushBot/7~bl; +http://www.semrush.com/bot.html)"
114.119.141.206 - - [02/Jun/2022:04:57:04 +0200] "GET /PmWikiRu/PageLists?action=diff HTTP/1.1" 403 18 "http://www.pro-zurituutsch.ch/PmWikiRu/PageLists" "Mozilla/5.0 (Linux; Android 7.0;) AppleWebKit/537.36 (KHTML, like Gecko) Mobile Safari/537.36 (compatible; PetalBot;+https://webmaster.petalsearch.com/site/petalbot)"
54.36.149.9 - - [02/Jun/2022:05:01:32 +0200] "GET /Gast/Podcast HTTP/1.1" 200 8106 "-" "Mozilla/5.0 (compatible; AhrefsBot/7.0; +http://ahrefs.com/robot/)"
66.249.76.220 - - [02/Jun/2022:05:10:31 +0200] "GET /PodCast/IndexPage?action=rss HTTP/1.1" 200 6298 "-" "Mozilla/5.0 (compatible; Googlebot/2.1; +http://www.google.com/bot.html)"
194.209.200.2 - - [02/Jun/2022:05:12:21 +0200] "GET /robots.txt HTTP/1.1" 200 - "-" "Mozilla/5.0 (compatible; TMMBot/0.2; +http://www.dslab.ch)/Nutch-1.15"
194.209.200.2 - - [02/Jun/2022:05:12:21 +0200] "GET /Admin/AdresseStiftung HTTP/1.1" 200 8453 "-" "Mozilla/5.0 (compatible; TMMBot/0.2; +http://www.dslab.ch)/Nutch-1.15"
20.211.18.232 - - [02/Jun/2022:05:12:23 +0200] "GET / HTTP/1.1" 200 14638 "-" "Mozilla/5.0 (Windows NT 10.0; Win64; x64) AppleWebKit/537.36 (KHTML, like Gecko) Chrome/88.0.4240.193 Safari/537.36"
20.211.18.232 - - [02/Jun/2022:05:12:23 +0200] "GET / HTTP/1.1" 200 14638 "-" "Mozilla/5.0 (Windows NT 10.0; Win64; x64) AppleWebKit/537.36 (KHTML, like Gecko) Chrome/88.0.4240.193 Safari/537.36"
20.211.18.232 - - [02/Jun/2022:05:12:23 +0200] "GET /wp-includes/wlwmanifest.xml HTTP/1.1" 404 293 "-" "Mozilla/5.0 (Windows NT 10.0; Win64; x64) AppleWebKit/537.36 (KHTML, like Gecko) Chrome/88.0.4240.193 Safari/537.36"
20.211.18.232 - - [02/Jun/2022:05:12:24 +0200] "GET /xmlrpc.php?rsd HTTP/1.1" 404 276 "-" "Mozilla/5.0 (Windows NT 10.0; Win64; x64) AppleWebKit/537.36 (KHTML, like Gecko) Chrome/88.0.4240.193 Safari/537.36"
20.211.18.232 - - [02/Jun/2022:05:12:24 +0200] "GET / HTTP/1.1" 200 14638 "-" "Mozilla/5.0 (Windows NT 10.0; Win64; x64) AppleWebKit/537.36 (KHTML, like Gecko) Chrome/88.0.4240.193 Safari/537.36"
20.211.18.232 - - [02/Jun/2022:05:12:24 +0200] "GET /blog/wp-includes/wlwmanifest.xml HTTP/1.1" 404 298 "-" "Mozilla/5.0 (Windows NT 10.0; Win64; x64) AppleWebKit/537.36 (KHTML, like Gecko) Chrome/88.0.4240.193 Safari/537.36"
20.211.18.232 - - [02/Jun/2022:05:12:24 +0200] "GET /web/wp-includes/wlwmanifest.xml HTTP/1.1" 404 297 "-" "Mozilla/5.0 (Windows NT 10.0; Win64; x64) AppleWebKit/537.36 (KHTML, like Gecko) Chrome/88.0.4240.193 Safari/537.36"
20.211.18.232 - - [02/Jun/2022:05:12:25 +0200] "GET /wordpress/wp-includes/wlwmanifest.xml HTTP/1.1" 404 303 "-" "Mozilla/5.0 (Windows NT 10.0; Win64; x64) AppleWebKit/537.36 (KHTML, like Gecko) Chrome/88.0.4240.193 Safari/537.36"
20.211.18.232 - - [02/Jun/2022:05:12:25 +0200] "GET /website/wp-includes/wlwmanifest.xml HTTP/1.1" 404 301 "-" "Mozilla/5.0 (Windows NT 10.0; Win64; x64) AppleWebKit/537.36 (KHTML, like Gecko) Chrome/88.0.4240.193 Safari/537.36"
20.211.18.232 - - [02/Jun/2022:05:12:25 +0200] "GET /wp/wp-includes/wlwmanifest.xml HTTP/1.1" 404 296 "-" "Mozilla/5.0 (Windows NT 10.0; Win64; x64) AppleWebKit/537.36 (KHTML, like Gecko) Chrome/88.0.4240.193 Safari/537.36"
20.211.18.232 - - [02/Jun/2022:05:12:25 +0200] "GET /news/wp-includes/wlwmanifest.xml HTTP/1.1" 404 298 "-" "Mozilla/5.0 (Windows NT 10.0; Win64; x64) AppleWebKit/537.36 (KHTML, like Gecko) Chrome/88.0.4240.193 Safari/537.36"
20.211.18.232 - - [02/Jun/2022:05:12:26 +0200] "GET /2020/wp-includes/wlwmanifest.xml HTTP/1.1" 404 264 "-" "Mozilla/5.0 (Windows NT 10.0; Win64; x64) AppleWebKit/537.36 (KHTML, like Gecko) Chrome/88.0.4240.193 Safari/537.36"
20.211.18.232 - - [02/Jun/2022:05:12:26 +0200] "GET /2019/wp-includes/wlwmanifest.xml HTTP/1.1" 404 264 "-" "Mozilla/5.0 (Windows NT 10.0; Win64; x64) AppleWebKit/537.36 (KHTML, like Gecko) Chrome/88.0.4240.193 Safari/537.36"
20.211.18.232 - - [02/Jun/2022:05:12:26 +0200] "GET /shop/wp-includes/wlwmanifest.xml HTTP/1.1" 404 298 "-" "Mozilla/5.0 (Windows NT 10.0; Win64; x64) AppleWebKit/537.36 (KHTML, like Gecko) Chrome/88.0.4240.193 Safari/537.36"
20.211.18.232 - - [02/Jun/2022:05:12:26 +0200] "GET /wp1/wp-includes/wlwmanifest.xml HTTP/1.1" 404 297 "-" "Mozilla/5.0 (Windows NT 10.0; Win64; x64) AppleWebKit/537.36 (KHTML, like Gecko) Chrome/88.0.4240.193 Safari/537.36"
20.211.18.232 - - [02/Jun/2022:05:12:27 +0200] "GET /test/wp-includes/wlwmanifest.xml HTTP/1.1" 404 298 "-" "Mozilla/5.0 (Windows NT 10.0; Win64; x64) AppleWebKit/537.36 (KHTML, like Gecko) Chrome/88.0.4240.193 Safari/537.36"
20.211.18.232 - - [02/Jun/2022:05:12:27 +0200] "GET /wp2/wp-includes/wlwmanifest.xml HTTP/1.1" 404 297 "-" "Mozilla/5.0 (Windows NT 10.0; Win64; x64) AppleWebKit/537.36 (KHTML, like Gecko) Chrome/88.0.4240.193 Safari/537.36"
20.211.18.232 - - [02/Jun/2022:05:12:27 +0200] "GET /site/wp-includes/wlwmanifest.xml HTTP/1.1" 404 298 "-" "Mozilla/5.0 (Windows NT 10.0; Win64; x64) AppleWebKit/537.36 (KHTML, like Gecko) Chrome/88.0.4240.193 Safari/537.36"
20.211.18.232 - - [02/Jun/2022:05:12:27 +0200] "GET /cms/wp-includes/wlwmanifest.xml HTTP/1.1" 404 297 "-" "Mozilla/5.0 (Windows NT 10.0; Win64; x64) AppleWebKit/537.36 (KHTML, like Gecko) Chrome/88.0.4240.193 Safari/537.36"
20.211.18.232 - - [02/Jun/2022:05:12:28 +0200] "GET /sito/wp-includes/wlwmanifest.xml HTTP/1.1" 404 298 "-" "Mozilla/5.0 (Windows NT 10.0; Win64; x64) AppleWebKit/537.36 (KHTML, like Gecko) Chrome/88.0.4240.193 Safari/537.36"
194.209.200.2 - - [02/Jun/2022:05:16:21 +0200] "GET /Texte/Limericks HTTP/1.1" 200 8087 "-" "Mozilla/5.0 (compatible; TMMBot/0.2; +http://www.dslab.ch)/Nutch-1.15"
194.209.200.2 - - [02/Jun/2022:05:17:39 +0200] "GET /Texte/ArsAmatoria HTTP/1.1" 200 12369 "-" "Mozilla/5.0 (compatible; TMMBot/0.2; +http://www.dslab.ch)/Nutch-1.15"
194.209.200.2 - - [02/Jun/2022:05:18:00 +0200] "GET /Texte/GDicht HTTP/1.1" 200 8050 "-" "Mozilla/5.0 (compatible; TMMBot/0.2; +http://www.dslab.ch)/Nutch-1.15"
194.209.200.2 - - [02/Jun/2022:05:22:10 +0200] "GET /Main/Home HTTP/1.1" 200 14638 "-" "Mozilla/5.0 (compatible; TMMBot/0.2; +http://www.dslab.ch)/Nutch-1.15"
194.209.200.2 - - [02/Jun/2022:05:22:35 +0200] "GET /Admin/Pro-ZurituutschStatuten HTTP/1.1" 200 9580 "-" "Mozilla/5.0 (compatible; TMMBot/0.2; +http://www.dslab.ch)/Nutch-1.15"
194.209.200.2 - - [02/Jun/2022:05:22:40 +0200] "GET / HTTP/1.1" 200 14638 "-" "Mozilla/5.0 (compatible; TMMBot/0.2; +http://www.dslab.ch)/Nutch-1.15"
194.209.200.2 - - [02/Jun/2022:05:23:24 +0200] "GET /Admin/ZurStiftung HTTP/1.1" 200 10864 "-" "Mozilla/5.0 (compatible; TMMBot/0.2; +http://www.dslab.ch)/Nutch-1.15"
194.209.200.2 - - [02/Jun/2022:05:24:04 +0200] "GET /Texte/Bitterbeuhsi HTTP/1.1" 200 9255 "-" "Mozilla/5.0 (compatible; TMMBot/0.2; +http://www.dslab.ch)/Nutch-1.15"
194.209.200.2 - - [02/Jun/2022:05:24:19 +0200] "GET /Gast/Podcast HTTP/1.1" 200 8106 "-" "Mozilla/5.0 (compatible; TMMBot/0.2; +http://www.dslab.ch)/Nutch-1.15"
185.191.171.42 - - [02/Jun/2022:05:24:23 +0200] "GET /robots.txt HTTP/1.1" 200 - "-" "Mozilla/5.0 (compatible; SemrushBot/7~bl; +http://www.semrush.com/bot.html)"
185.191.171.15 - - [02/Jun/2022:05:24:23 +0200] "GET /PmWikiRu/BasicEditing?action=diff HTTP/1.1" 403 18 "-" "Mozilla/5.0 (compatible; SemrushBot/7~bl; +http://www.semrush.com/bot.html)"
185.191.171.15 - - [02/Jun/2022:05:24:46 +0200] "GET /Main/WhyANewMajorVersion?action=edit HTTP/1.1" 404 18 "-" "Mozilla/5.0 (compatible; SemrushBot/7~bl; +http://www.semrush.com/bot.html)"
34.65.57.89 - - [02/Jun/2022:05:24:48 +0200] "GET /robots.txt HTTP/1.1" 200 - "-" "Mozilla/5.0 (compatible; localsearch-web/2.0; +http://www.localsearch.ch/en/legal-notice)"
34.65.57.89 - - [02/Jun/2022:05:24:48 +0200] "GET /robots.txt HTTP/1.1" 200 - "-" "Mozilla/5.0 (compatible; localsearch-web/2.0; +http://www.localsearch.ch/en/legal-notice)"
34.65.57.89 - - [02/Jun/2022:05:24:48 +0200] "GET /PodCast/PodCast HTTP/1.1" 200 29790 "-" "Mozilla/5.0 (compatible; localsearch-web/2.0; +http://www.localsearch.ch/en/legal-notice)"
168.119.51.163 - - [02/Jun/2022:05:25:32 +0200] "GET /robots.txt HTTP/1.1" 200 - "-" "Mozilla/5.0 (compatible; um-IC/1.0; mailto: techinfo@ubermetrics-technologies.com; Windows NT 6.1; WOW64; rv:40.0) Gecko/20100101 Firefox/40.1"
168.119.51.163 - - [02/Jun/2022:05:25:32 +0200] "GET /PodCast/IndexPage?action=rss HTTP/1.1" 200 6298 "-" "Mozilla/5.0 (compatible; um-IC/1.0; mailto: techinfo@ubermetrics-technologies.com; Windows NT 6.1; WOW64; rv:40.0) Gecko/20100101 Firefox/40.1"
185.191.171.4 - - [02/Jun/2022:05:34:57 +0200] "GET /PmWikiIt/WikiGroup?action=edit HTTP/1.1" 403 18 "-" "Mozilla/5.0 (compatible; SemrushBot/7~bl; +http://www.semrush.com/bot.html)"
185.191.171.25 - - [02/Jun/2022:05:41:47 +0200] "GET /PmWiki/ChangesFromPmWiki1 HTTP/1.1" 200 17360 "-" "Mozilla/5.0 (compatible; SemrushBot/7~bl; +http://www.semrush.com/bot.html)"
194.209.200.2 - - [02/Jun/2022:05:47:59 +0200] "GET /robots.txt HTTP/1.1" 200 - "-" "Mozilla/5.0 (compatible; TMMBot/0.2; +http://www.dslab.ch)/Nutch-1.15"
194.209.200.2 - - [02/Jun/2022:05:47:59 +0200] "GET /Admin/AdresseStiftung HTTP/1.1" 200 8453 "-" "Mozilla/5.0 (compatible; TMMBot/0.2; +http://www.dslab.ch)/Nutch-1.15"
194.209.200.2 - - [02/Jun/2022:05:49:56 +0200] "GET /Texte/Limericks HTTP/1.1" 200 8087 "-" "Mozilla/5.0 (compatible; TMMBot/0.2; +http://www.dslab.ch)/Nutch-1.15"
194.209.200.2 - - [02/Jun/2022:05:50:45 +0200] "GET /Texte/ArsAmatoria HTTP/1.1" 200 12369 "-" "Mozilla/5.0 (compatible; TMMBot/0.2; +http://www.dslab.ch)/Nutch-1.15"
194.209.200.2 - - [02/Jun/2022:05:50:58 +0200] "GET /Texte/GDicht HTTP/1.1" 200 8050 "-" "Mozilla/5.0 (compatible; TMMBot/0.2; +http://www.dslab.ch)/Nutch-1.15"
185.191.171.23 - - [02/Jun/2022:05:51:57 +0200] "GET /PmWikiFr/PerGroupCustomizations?action=diff HTTP/1.1" 403 18 "-" "Mozilla/5.0 (compatible; SemrushBot/7~bl; +http://www.semrush.com/bot.html)"
194.209.200.2 - - [02/Jun/2022:05:53:19 +0200] "GET /Admin/Pro-ZurituutschStatuten HTTP/1.1" 200 9580 "-" "Mozilla/5.0 (compatible; TMMBot/0.2; +http://www.dslab.ch)/Nutch-1.15"
194.209.200.2 - - [02/Jun/2022:05:53:23 +0200] "GET / HTTP/1.1" 200 14638 "-" "Mozilla/5.0 (compatible; TMMBot/0.2; +http://www.dslab.ch)/Nutch-1.15"
194.209.200.2 - - [02/Jun/2022:05:53:41 +0200] "GET /Admin/ZurStiftung HTTP/1.1" 200 10864 "-" "Mozilla/5.0 (compatible; TMMBot/0.2; +http://www.dslab.ch)/Nutch-1.15"
194.209.200.2 - - [02/Jun/2022:05:54:03 +0200] "GET /Texte/Bitterbeuhsi HTTP/1.1" 200 9255 "-" "Mozilla/5.0 (compatible; TMMBot/0.2; +http://www.dslab.ch)/Nutch-1.15"
194.209.200.2 - - [02/Jun/2022:05:54:13 +0200] "GET /Gast/Podcast HTTP/1.1" 200 8106 "-" "Mozilla/5.0 (compatible; TMMBot/0.2; +http://www.dslab.ch)/Nutch-1.15"
66.249.76.220 - - [02/Jun/2022:06:03:23 +0200] "GET /PodCast/IndexPage?action=rss HTTP/1.1" 200 6298 "-" "Mozilla/5.0 (compatible; Googlebot/2.1; +http://www.google.com/bot.html)"
34.65.57.89 - - [02/Jun/2022:06:04:13 +0200] "GET /PodCast/Roman1 HTTP/1.1" 200 11804 "-" "Mozilla/5.0 (compatible; localsearch-web/2.0; +http://www.localsearch.ch/en/legal-notice)"
185.191.171.40 - - [02/Jun/2022:06:08:24 +0200] "GET /PmWikiRu/BasicEditing?action=upload HTTP/1.1" 403 18 "-" "Mozilla/5.0 (compatible; SemrushBot/7~bl; +http://www.semrush.com/bot.html)"
185.191.171.38 - - [02/Jun/2022:06:17:26 +0200] "GET /Texte/GDicht HTTP/1.1" 200 8050 "-" "Mozilla/5.0 (compatible; SemrushBot/7~bl; +http://www.semrush.com/bot.html)"
185.191.171.39 - - [02/Jun/2022:06:20:56 +0200] "GET /PmWikiIt/MotiviPerUnaNuovaVersione?action=edit HTTP/1.1" 404 18 "-" "Mozilla/5.0 (compatible; SemrushBot/7~bl; +http://www.semrush.com/bot.html)"
185.191.171.17 - - [02/Jun/2022:06:21:25 +0200] "GET /PmWikiDe/UploadsAdmin?action=print HTTP/1.1" 403 18 "-" "Mozilla/5.0 (compatible; SemrushBot/7~bl; +http://www.semrush.com/bot.html)"
194.209.200.2 - - [02/Jun/2022:06:21:33 +0200] "GET /robots.txt HTTP/1.1" 200 - "-" "Mozilla/5.0 (compatible; TMMBot/0.2; +http://www.dslab.ch)/Nutch-1.15"
194.209.200.2 - - [02/Jun/2022:06:21:33 +0200] "GET /Admin/AdresseStiftung HTTP/1.1" 200 8453 "-" "Mozilla/5.0 (compatible; TMMBot/0.2; +http://www.dslab.ch)/Nutch-1.15"
194.209.200.2 - - [02/Jun/2022:06:24:51 +0200] "GET /Texte/ArsAmatoria HTTP/1.1" 200 12369 "-" "Mozilla/5.0 (compatible; TMMBot/0.2; +http://www.dslab.ch)/Nutch-1.15"
194.209.200.2 - - [02/Jun/2022:06:25:06 +0200] "GET /Texte/GDicht HTTP/1.1" 200 8050 "-" "Mozilla/5.0 (compatible; TMMBot/0.2; +http://www.dslab.ch)/Nutch-1.15"
194.209.200.2 - - [02/Jun/2022:06:27:27 +0200] "GET /Main/Home HTTP/1.1" 200 14638 "-" "Mozilla/5.0 (compatible; TMMBot/0.2; +http://www.dslab.ch)/Nutch-1.15"
194.209.200.2 - - [02/Jun/2022:06:27:55 +0200] "GET /Admin/Pro-ZurituutschStatuten HTTP/1.1" 200 9580 "-" "Mozilla/5.0 (compatible; TMMBot/0.2; +http://www.dslab.ch)/Nutch-1.15"
194.209.200.2 - - [02/Jun/2022:06:27:58 +0200] "GET / HTTP/1.1" 200 14638 "-" "Mozilla/5.0 (compatible; TMMBot/0.2; +http://www.dslab.ch)/Nutch-1.15"
114.119.140.60 - - [02/Jun/2022:06:27:58 +0200] "GET /PmWikiFr/PageDirectives?action=print HTTP/1.1" 403 18 "http://www.pro-zurituutsch.ch/PmWikiFr/PageDirectives" "Mozilla/5.0 (Linux; Android 7.0;) AppleWebKit/537.36 (KHTML, like Gecko) Mobile Safari/537.36 (compatible; PetalBot;+https://webmaster.petalsearch.com/site/petalbot)"
194.209.200.2 - - [02/Jun/2022:06:28:21 +0200] "GET /Admin/ZurStiftung HTTP/1.1" 200 10864 "-" "Mozilla/5.0 (compatible; TMMBot/0.2; +http://www.dslab.ch)/Nutch-1.15"
194.209.200.2 - - [02/Jun/2022:06:28:46 +0200] "GET /Texte/Bitterbeuhsi HTTP/1.1" 200 9255 "-" "Mozilla/5.0 (compatible; TMMBot/0.2; +http://www.dslab.ch)/Nutch-1.15"
194.209.200.2 - - [02/Jun/2022:06:28:56 +0200] "GET /Gast/Podcast HTTP/1.1" 200 8106 "-" "Mozilla/5.0 (compatible; TMMBot/0.2; +http://www.dslab.ch)/Nutch-1.15"
194.209.200.2 - - [02/Jun/2022:06:29:26 +0200] "GET /Hilfe/AnleitungTonbeispiele HTTP/1.1" 200 9878 "-" "Mozilla/5.0 (compatible; TMMBot/0.2; +http://www.dslab.ch)/Nutch-1.15"
185.191.171.11 - - [02/Jun/2022:06:31:26 +0200] "GET /robots.txt HTTP/1.1" 200 - "-" "Mozilla/5.0 (compatible; SemrushBot/7~bl; +http://www.semrush.com/bot.html)"
185.191.171.23 - - [02/Jun/2022:06:31:27 +0200] "GET /PmWikiVi/NangCapTuPmWiki1?action=edit HTTP/1.1" 404 18 "-" "Mozilla/5.0 (compatible; SemrushBot/7~bl; +http://www.semrush.com/bot.html)"
114.119.141.215 - - [02/Jun/2022:06:34:43 +0200] "GET /PmWikiZhCn/XLPage?action=print HTTP/1.1" 403 18 "http://www.pro-zurituutsch.ch/PmWikiZhCn/XLPage" "Mozilla/5.0 (Linux; Android 7.0;) AppleWebKit/537.36 (KHTML, like Gecko) Mobile Safari/537.36 (compatible; PetalBot;+https://webmaster.petalsearch.com/site/petalbot)"
114.119.141.168 - - [02/Jun/2022:06:40:37 +0200] "GET /PmWikiRu/IncludeOtherPages?action=upload HTTP/1.1" 403 18 "http://www.pro-zurituutsch.ch/PmWikiRu/IncludeOtherPages" "Mozilla/5.0 (Linux; Android 7.0;) AppleWebKit/537.36 (KHTML, like Gecko) Mobile Safari/537.36 (compatible; PetalBot;+https://webmaster.petalsearch.com/site/petalbot)"
188.165.238.165 - - [02/Jun/2022:06:48:09 +0200] "GET /.env HTTP/1.1" 404 264 "-" "Mozilla/5.0 (X11; Linux x86_64) AppleWebKit/537.36 (KHTML, like Gecko) Chrome/81.0.4044.129 Safari/537.36"
188.165.238.165 - - [02/Jun/2022:06:48:10 +0200] "POST / HTTP/1.1" 200 14638 "-" "Mozilla/5.0 (X11; Linux x86_64) AppleWebKit/537.36 (KHTML, like Gecko) Chrome/81.0.4044.129 Safari/537.36"
95.163.255.87 - - [02/Jun/2022:06:55:00 +0200] "GET /robots.txt HTTP/1.0" 200 - "-" "Mozilla/5.0 (compatible; Linux x86_64; Mail.RU_Bot/2.0; +https://help.mail.ru/webmaster/indexing/robots)"
95.163.255.84 - - [02/Jun/2022:06:55:02 +0200] "GET /PmWiki/PmWiki HTTP/1.1" 200 11917 "-" "Mozilla/5.0 (compatible; Linux x86_64; Mail.RU_Bot/2.0; +https://help.mail.ru/webmaster/indexing/robots)"
34.65.57.89 - - [02/Jun/2022:06:55:22 +0200] "GET /Admin/www.mundartforum.ch HTTP/1.1" 404 264 "-" "Mozilla/5.0 (compatible; localsearch-web/2.0; +http://www.localsearch.ch/en/legal-notice)"
66.249.76.193 - - [02/Jun/2022:06:55:27 +0200] "GET /PodCast/IndexPage?action=rss HTTP/1.1" 200 6298 "-" "Mozilla/5.0 (compatible; Googlebot/2.1; +http://www.google.com/bot.html)"
34.65.57.89 - - [02/Jun/2022:06:55:31 +0200] "GET /Admin/www.stimmen.uzh.ch/ HTTP/1.1" 404 264 "-" "Mozilla/5.0 (compatible; localsearch-web/2.0; +http://www.localsearch.ch/en/legal-notice)"
34.65.57.89 - - [02/Jun/2022:06:55:43 +0200] "GET /Admin/www.zeitschriftschweizerdeutsch.ch/ HTTP/1.1" 404 264 "-" "Mozilla/5.0 (compatible; localsearch-web/2.0; +http://www.localsearch.ch/en/legal-notice)"
3.216.185.164 - - [02/Jun/2022:06:56:52 +0200] "GET /PodCast/IndexPage?action=rss HTTP/1.1" 200 6298 "-" "PocketCasts/1.0 (Pocket Casts Feed Parser; +http://pocketcasts.com/)"
44.201.175.47 - - [02/Jun/2022:06:57:18 +0200] "GET /PodCast/IndexPage?action=rss HTTP/1.1" 200 6298 "https://www.google.com/" "Mozilla/5.0 (Macintosh; Intel Mac OS X 10_15_3) AppleWebKit/537.36 (KHTML, like Gecko) Chrome/80.0.3987.87 Safari/537.36"
216.244.66.243 - - [02/Jun/2022:07:01:11 +0200] "GET /robots.txt HTTP/1.1" 200 - "-" "Mozilla/5.0 (compatible; DotBot/1.2; +https://opensiteexplorer.org/dotbot; help@moz.com)"
194.209.200.2 - - [02/Jun/2022:07:02:53 +0200] "GET /robots.txt HTTP/1.1" 200 - "-" "Mozilla/5.0 (compatible; TMMBot/0.2; +http://www.dslab.ch)/Nutch-1.15"
194.209.200.2 - - [02/Jun/2022:07:02:53 +0200] "GET /Admin/AdresseStiftung HTTP/1.1" 200 8453 "-" "Mozilla/5.0 (compatible; TMMBot/0.2; +http://www.dslab.ch)/Nutch-1.15"
194.209.200.2 - - [02/Jun/2022:07:06:13 +0200] "GET /Texte/GDicht HTTP/1.1" 200 8050 "-" "Mozilla/5.0 (compatible; TMMBot/0.2; +http://www.dslab.ch)/Nutch-1.15"
194.209.200.2 - - [02/Jun/2022:07:08:21 +0200] "GET /Main/Home HTTP/1.1" 200 14638 "-" "Mozilla/5.0 (compatible; TMMBot/0.2; +http://www.dslab.ch)/Nutch-1.15"
194.209.200.2 - - [02/Jun/2022:07:08:44 +0200] "GET / HTTP/1.1" 200 14638 "-" "Mozilla/5.0 (compatible; TMMBot/0.2; +http://www.dslab.ch)/Nutch-1.15"
194.209.200.2 - - [02/Jun/2022:07:09:04 +0200] "GET /Admin/ZurStiftung HTTP/1.1" 200 10864 "-" "Mozilla/5.0 (compatible; TMMBot/0.2; +http://www.dslab.ch)/Nutch-1.15"
194.209.200.2 - - [02/Jun/2022:07:09:27 +0200] "GET /Texte/Bitterbeuhsi HTTP/1.1" 200 9255 "-" "Mozilla/5.0 (compatible; TMMBot/0.2; +http://www.dslab.ch)/Nutch-1.15"
194.209.200.2 - - [02/Jun/2022:07:09:37 +0200] "GET /Gast/Podcast HTTP/1.1" 200 8106 "-" "Mozilla/5.0 (compatible; TMMBot/0.2; +http://www.dslab.ch)/Nutch-1.15"
216.244.66.243 - - [02/Jun/2022:07:11:03 +0200] "GET /PmWikiIt/RegoleFormattazione HTTP/1.1" 200 17702 "-" "Mozilla/5.0 (compatible; DotBot/1.2; +https://opensiteexplorer.org/dotbot; help@moz.com)"
185.191.171.34 - - [02/Jun/2022:07:15:36 +0200] "GET /PmWikiIt/CreatingNewPages?action=print HTTP/1.1" 403 18 "-" "Mozilla/5.0 (compatible; SemrushBot/7~bl; +http://www.semrush.com/bot.html)"
185.191.171.16 - - [02/Jun/2022:07:31:04 +0200] "GET /Texte/ArsAmatoria?action=diff HTTP/1.1" 403 18 "-" "Mozilla/5.0 (compatible; SemrushBot/7~bl; +http://www.semrush.com/bot.html)"
31.13.127.14 - - [02/Jun/2022:07:33:36 +0200] "GET /PodCast/UberGebuure HTTP/1.1" 200 15628 "-" "facebookexternalhit/1.1 (+http://www.facebook.com/externalhit_uatext.php)"
31.13.127.116 - - [02/Jun/2022:07:33:36 +0200] "GET /PodCast/AbsNov16 HTTP/1.1" 200 12438 "-" "facebookexternalhit/1.1 (+http://www.facebook.com/externalhit_uatext.php)"
31.13.127.117 - - [02/Jun/2022:07:33:37 +0200] "GET /uploads/Texte/Speaker.jpg HTTP/1.1" 200 1016 "-" "facebookexternalhit/1.1 (+http://www.facebook.com/externalhit_uatext.php)"
31.13.127.4 - - [02/Jun/2022:07:33:37 +0200] "GET /uploads/Texte/Speaker.jpg HTTP/1.1" 200 1016 "-" "facebookexternalhit/1.1 (+http://www.facebook.com/externalhit_uatext.php)"
173.252.107.7 - - [02/Jun/2022:07:33:38 +0200] "GET /uploads/Texte/Speaker.jpg HTTP/1.1" 200 1016 "-" "facebookexternalhit/1.1 (+http://www.facebook.com/externalhit_uatext.php)"
199.119.124.42 - - [02/Jun/2022:07:35:03 +0200] "GET /PodCast/IndexPage?action=rss HTTP/1.1" 200 6298 "-" "Mozilla/5.0 (compatible; theoldreader.com; 3 subscribers; feed-id=348566593961d208cfcc5774)"
