85.25.177.139 - - [25/Oct/2022:17:59:28 +0200] "GET /PodCast/Buecherbrand?action=upload HTTP/1.1" 200 8592 "-" "Mozilla/5.0 (Macintosh; Intel Mac OS X 10.15; rv:103.0) Gecko/20100101 Firefox/103.0"
85.25.177.139 - - [25/Oct/2022:18:01:35 +0200] "GET /PodCast/Buecherbrand?action=diff HTTP/1.1" 200 35411 "-" "Mozilla/5.0 (Macintosh; Intel Mac OS X 10.15; rv:103.0) Gecko/20100101 Firefox/103.0"
85.25.177.139 - - [25/Oct/2022:18:03:47 +0200] "GET /PodCast/Ynachte1?action=edit HTTP/1.1" 200 8638 "-" "Mozilla/5.0 (Macintosh; Intel Mac OS X 10.15; rv:103.0) Gecko/20100101 Firefox/103.0"
85.25.177.139 - - [25/Oct/2022:18:05:16 +0200] "GET /PodCast/Ynachte1?action=upload HTTP/1.1" 200 8538 "-" "Mozilla/5.0 (Macintosh; Intel Mac OS X 10.15; rv:103.0) Gecko/20100101 Firefox/103.0"
85.25.177.139 - - [25/Oct/2022:18:06:51 +0200] "GET /Texte/ZurcherischEnglish?action=diff&source=n&minor=n HTTP/1.1" 200 9903 "-" "Mozilla/5.0 (Macintosh; Intel Mac OS X 10.15; rv:103.0) Gecko/20100101 Firefox/103.0"
85.25.177.139 - - [25/Oct/2022:18:08:31 +0200] "GET /PodCast/Schaidig2?action=print HTTP/1.1" 200 13869 "-" "Mozilla/5.0 (Macintosh; Intel Mac OS X 10.15; rv:103.0) Gecko/20100101 Firefox/103.0"
85.25.177.139 - - [25/Oct/2022:18:09:46 +0200] "GET /PodCast/Schaidig2?action=upload HTTP/1.1" 200 8552 "-" "Mozilla/5.0 (Macintosh; Intel Mac OS X 10.15; rv:103.0) Gecko/20100101 Firefox/103.0"
209.209.9.152 - - [25/Oct/2022:18:10:13 +0200] "GET /Texte/Rezension HTTP/1.0" 200 11812 "-" "Mozilla/4.0 (compatible; MSIE 8.0; Windows NT 5.2; .NET CLR 1.0.31981)"
157.55.39.1 - - [25/Oct/2022:18:11:02 +0200] "GET /Site/Search?pagename=Site%2FSearch&q= HTTP/1.1" 200 10615 "-" "Mozilla/5.0 (compatible; bingbot/2.0; +http://www.bing.com/bingbot.htm)"
85.25.177.139 - - [25/Oct/2022:18:11:23 +0200] "GET /Texte/Bitterbeuhsi?action=edit&restore=diff:1177686638:1177686513:&preview=y HTTP/1.1" 200 8709 "-" "Mozilla/5.0 (Macintosh; Intel Mac OS X 10.15; rv:103.0) Gecko/20100101 Firefox/103.0"
85.25.177.139 - - [25/Oct/2022:18:12:41 +0200] "GET /Texte/Bitterbeuhsi?action=edit&restore=diff:1177686513:1163119722:&preview=y HTTP/1.1" 200 8709 "-" "Mozilla/5.0 (Macintosh; Intel Mac OS X 10.15; rv:103.0) Gecko/20100101 Firefox/103.0"
5.45.37.29 - - [25/Oct/2022:18:14:09 +0200] "HEAD /Main/Home?action=diff HTTP/1.1" 200 - "http://www.pro-zurituutsch.ch" "Mozilla/5.0 (Windows NT 10.0; Win64; x64) AppleWebKit/537.36 (KHTML, like Gecko) Chrome/97.0.4692.71 Safari/537.36"
5.45.37.29 - - [25/Oct/2022:18:14:09 +0200] "GET /Main/Home?action=diff HTTP/1.1" 200 43491 "http://www.pro-zurituutsch.ch" "Mozilla/5.0 (Windows NT 10.0; Win64; x64) AppleWebKit/537.36 (KHTML, like Gecko) Chrome/97.0.4692.71 Safari/537.36"
85.25.177.139 - - [25/Oct/2022:18:14:40 +0200] "GET /Texte/ZurcherischEnglish?action=diff&source=y&minor=y HTTP/1.1" 200 9927 "-" "Mozilla/5.0 (Macintosh; Intel Mac OS X 10.15; rv:103.0) Gecko/20100101 Firefox/103.0"
85.25.177.139 - - [25/Oct/2022:18:16:19 +0200] "GET /PodCast/Griechestroom?action=upload HTTP/1.1" 200 8606 "-" "Mozilla/5.0 (Macintosh; Intel Mac OS X 10.15; rv:103.0) Gecko/20100101 Firefox/103.0"
85.25.177.139 - - [25/Oct/2022:18:18:10 +0200] "GET /PodCast/Griechestroom?action=edit HTTP/1.1" 200 8706 "-" "Mozilla/5.0 (Macintosh; Intel Mac OS X 10.15; rv:103.0) Gecko/20100101 Firefox/103.0"
85.25.177.139 - - [25/Oct/2022:18:20:19 +0200] "GET /Texte/Bitterbeuhsi?action=edit&restore=diff:1163038336:1163038336:&preview=y HTTP/1.1" 200 8709 "-" "Mozilla/5.0 (Macintosh; Intel Mac OS X 10.15; rv:103.0) Gecko/20100101 Firefox/103.0"
51.222.253.9 - - [25/Oct/2022:18:20:47 +0200] "GET /robots.txt HTTP/1.1" 200 - "-" "Mozilla/5.0 (compatible; AhrefsBot/7.0; +http://ahrefs.com/robot/)"
54.36.148.115 - - [25/Oct/2022:18:20:47 +0200] "GET / HTTP/1.1" 200 15085 "-" "Mozilla/5.0 (compatible; AhrefsBot/7.0; +http://ahrefs.com/robot/)"
54.36.149.97 - - [25/Oct/2022:18:20:53 +0200] "GET /uploads/Main/logo.jpg HTTP/1.1" 200 29066 "-" "Mozilla/5.0 (compatible; AhrefsBot/7.0; +http://ahrefs.com/robot/)"
85.25.177.139 - - [25/Oct/2022:18:21:34 +0200] "GET /Texte/Bitterbeuhsi?action=diff&source=y&minor=n HTTP/1.1" 200 22492 "-" "Mozilla/5.0 (Macintosh; Intel Mac OS X 10.15; rv:103.0) Gecko/20100101 Firefox/103.0"
85.25.177.139 - - [25/Oct/2022:18:23:39 +0200] "GET /PodCast/Griechestroom?action=diff HTTP/1.1" 200 15182 "-" "Mozilla/5.0 (Macintosh; Intel Mac OS X 10.15; rv:103.0) Gecko/20100101 Firefox/103.0"
85.25.177.139 - - [25/Oct/2022:18:24:34 +0200] "GET /Site/WGA4Gglinge?action=diff HTTP/1.1" 200 21902 "-" "Mozilla/5.0 (Macintosh; Intel Mac OS X 10.15; rv:103.0) Gecko/20100101 Firefox/103.0"
194.209.200.2 - - [25/Oct/2022:18:25:15 +0200] "GET /robots.txt HTTP/1.1" 200 - "-" "Mozilla/5.0 (compatible; TMMBot/0.2; +http://www.dslab.ch)/Nutch-1.15"
194.209.200.2 - - [25/Oct/2022:18:25:15 +0200] "GET /Admin/Jahresbericht HTTP/1.1" 200 45530 "-" "Mozilla/5.0 (compatible; TMMBot/0.2; +http://www.dslab.ch)/Nutch-1.15"
194.209.200.2 - - [25/Oct/2022:18:25:38 +0200] "GET /Texte/Schrybwys HTTP/1.1" 200 11028 "-" "Mozilla/5.0 (compatible; TMMBot/0.2; +http://www.dslab.ch)/Nutch-1.15"
85.25.177.139 - - [25/Oct/2022:18:26:06 +0200] "GET /Site/WGA4Gglinge?action=edit HTTP/1.1" 200 8639 "-" "Mozilla/5.0 (Macintosh; Intel Mac OS X 10.15; rv:103.0) Gecko/20100101 Firefox/103.0"
194.209.200.2 - - [25/Oct/2022:18:26:23 +0200] "GET /Texte/ArsAmatoria HTTP/1.1" 200 12369 "-" "Mozilla/5.0 (compatible; TMMBot/0.2; +http://www.dslab.ch)/Nutch-1.15"
194.209.200.2 - - [25/Oct/2022:18:26:36 +0200] "GET /Texte/GDicht HTTP/1.1" 200 8050 "-" "Mozilla/5.0 (compatible; TMMBot/0.2; +http://www.dslab.ch)/Nutch-1.15"
85.25.177.139 - - [25/Oct/2022:18:27:58 +0200] "GET /Site/WGA4Gglinge?action=upload HTTP/1.1" 200 8539 "-" "Mozilla/5.0 (Macintosh; Intel Mac OS X 10.15; rv:103.0) Gecko/20100101 Firefox/103.0"
85.25.177.139 - - [25/Oct/2022:18:29:55 +0200] "GET /Texte/Bitterbeuhsi?action=diff&source=n&minor=y HTTP/1.1" 200 22114 "-" "Mozilla/5.0 (Macintosh; Intel Mac OS X 10.15; rv:103.0) Gecko/20100101 Firefox/103.0"
194.36.97.18 - - [25/Oct/2022:18:31:19 +0200] "GET / HTTP/1.1" 200 15085 "-" "Mozilla/5.0 (Windows NT 10.0; WOW64) AppleWebKit/537.36 (KHTML, like Gecko) Chrome/103.0.0.0 YaBrowser/22.7.0 Yowser/2.5 Safari/537.36"
196.242.10.233 - - [25/Oct/2022:18:31:21 +0200] "GET /Site/PodCast HTTP/1.1" 200 40934 "http://pro-zurituutsch.ch" "Mozilla/5.0 (Windows NT 10.0; WOW64) AppleWebKit/537.36 (KHTML, like Gecko) Chrome/103.0.0.0 YaBrowser/22.7.0 Yowser/2.5 Safari/537.36"
196.242.10.233 - - [25/Oct/2022:18:31:25 +0200] "GET /pub/skins/pro-zurituutsch/images/favicon.ico HTTP/1.1" 200 1406 "http://pro-zurituutsch.ch" "Mozilla/5.0 (Windows NT 10.0; WOW64) AppleWebKit/537.36 (KHTML, like Gecko) Chrome/103.0.0.0 YaBrowser/22.7.0 Yowser/2.5 Safari/537.36"
196.242.10.233 - - [25/Oct/2022:18:31:26 +0200] "GET /PodCast/RSSPodcasts HTTP/1.1" 200 8905 "http://pro-zurituutsch.ch" "Mozilla/5.0 (Windows NT 10.0; WOW64) AppleWebKit/537.36 (KHTML, like Gecko) Chrome/103.0.0.0 YaBrowser/22.7.0 Yowser/2.5 Safari/537.36"
196.242.10.233 - - [25/Oct/2022:18:31:27 +0200] "GET /Site/Search HTTP/1.1" 200 10556 "http://pro-zurituutsch.ch" "Mozilla/5.0 (Windows NT 10.0; WOW64) AppleWebKit/537.36 (KHTML, like Gecko) Chrome/103.0.0.0 YaBrowser/22.7.0 Yowser/2.5 Safari/537.36"
196.242.10.233 - - [25/Oct/2022:18:31:28 +0200] "GET /Texte/Roman HTTP/1.1" 200 38741 "http://pro-zurituutsch.ch" "Mozilla/5.0 (Windows NT 10.0; WOW64) AppleWebKit/537.36 (KHTML, like Gecko) Chrome/103.0.0.0 YaBrowser/22.7.0 Yowser/2.5 Safari/537.36"
196.242.10.233 - - [25/Oct/2022:18:31:32 +0200] "GET /PodCast/IndexPage?action=rss HTTP/1.1" 200 6298 "http://pro-zurituutsch.ch" "Mozilla/5.0 (Windows NT 10.0; WOW64) AppleWebKit/537.36 (KHTML, like Gecko) Chrome/103.0.0.0 YaBrowser/22.7.0 Yowser/2.5 Safari/537.36"
196.242.10.233 - - [25/Oct/2022:18:31:33 +0200] "GET /Texte/Styluebige HTTP/1.1" 200 9998 "http://pro-zurituutsch.ch" "Mozilla/5.0 (Windows NT 10.0; WOW64) AppleWebKit/537.36 (KHTML, like Gecko) Chrome/103.0.0.0 YaBrowser/22.7.0 Yowser/2.5 Safari/537.36"
196.242.10.233 - - [25/Oct/2022:18:31:34 +0200] "GET /Main/Home?action=diff HTTP/1.1" 200 43491 "http://pro-zurituutsch.ch" "Mozilla/5.0 (Windows NT 10.0; WOW64) AppleWebKit/537.36 (KHTML, like Gecko) Chrome/103.0.0.0 YaBrowser/22.7.0 Yowser/2.5 Safari/537.36"
196.242.10.233 - - [25/Oct/2022:18:31:38 +0200] "GET /Texte/Schrybwys HTTP/1.1" 200 11028 "http://pro-zurituutsch.ch" "Mozilla/5.0 (Windows NT 10.0; WOW64) AppleWebKit/537.36 (KHTML, like Gecko) Chrome/103.0.0.0 YaBrowser/22.7.0 Yowser/2.5 Safari/537.36"
196.242.10.233 - - [25/Oct/2022:18:31:40 +0200] "GET /Main/Home?action=print HTTP/1.1" 200 9353 "http://pro-zurituutsch.ch" "Mozilla/5.0 (Windows NT 10.0; WOW64) AppleWebKit/537.36 (KHTML, like Gecko) Chrome/103.0.0.0 YaBrowser/22.7.0 Yowser/2.5 Safari/537.36"
196.242.10.233 - - [25/Oct/2022:18:31:41 +0200] "GET /Texte/Bitterbeuhsi HTTP/1.1" 200 9255 "http://pro-zurituutsch.ch" "Mozilla/5.0 (Windows NT 10.0; WOW64) AppleWebKit/537.36 (KHTML, like Gecko) Chrome/103.0.0.0 YaBrowser/22.7.0 Yowser/2.5 Safari/537.36"
196.242.10.233 - - [25/Oct/2022:18:31:43 +0200] "GET /Main/Home?action=upload HTTP/1.1" 200 8437 "http://pro-zurituutsch.ch" "Mozilla/5.0 (Windows NT 10.0; WOW64) AppleWebKit/537.36 (KHTML, like Gecko) Chrome/103.0.0.0 YaBrowser/22.7.0 Yowser/2.5 Safari/537.36"
196.242.10.233 - - [25/Oct/2022:18:31:45 +0200] "GET /Texte/ArsAmatoria HTTP/1.1" 200 12369 "http://pro-zurituutsch.ch" "Mozilla/5.0 (Windows NT 10.0; WOW64) AppleWebKit/537.36 (KHTML, like Gecko) Chrome/103.0.0.0 YaBrowser/22.7.0 Yowser/2.5 Safari/537.36"
196.242.10.233 - - [25/Oct/2022:18:31:46 +0200] "GET /Site/SideBar?action=edit HTTP/1.1" 200 8581 "http://pro-zurituutsch.ch" "Mozilla/5.0 (Windows NT 10.0; WOW64) AppleWebKit/537.36 (KHTML, like Gecko) Chrome/103.0.0.0 YaBrowser/22.7.0 Yowser/2.5 Safari/537.36"
196.242.10.233 - - [25/Oct/2022:18:31:48 +0200] "GET /Texte/Metamorphoses HTTP/1.1" 200 9045 "http://pro-zurituutsch.ch" "Mozilla/5.0 (Windows NT 10.0; WOW64) AppleWebKit/537.36 (KHTML, like Gecko) Chrome/103.0.0.0 YaBrowser/22.7.0 Yowser/2.5 Safari/537.36"
196.242.10.233 - - [25/Oct/2022:18:31:49 +0200] "GET /Main/Home?action=edit HTTP/1.1" 200 8537 "http://pro-zurituutsch.ch" "Mozilla/5.0 (Windows NT 10.0; WOW64) AppleWebKit/537.36 (KHTML, like Gecko) Chrome/103.0.0.0 YaBrowser/22.7.0 Yowser/2.5 Safari/537.36"
196.242.10.233 - - [25/Oct/2022:18:31:50 +0200] "GET /Texte/ZurcherischEnglish HTTP/1.1" 200 8274 "http://pro-zurituutsch.ch" "Mozilla/5.0 (Windows NT 10.0; WOW64) AppleWebKit/537.36 (KHTML, like Gecko) Chrome/103.0.0.0 YaBrowser/22.7.0 Yowser/2.5 Safari/537.36"
196.242.10.233 - - [25/Oct/2022:18:31:51 +0200] "GET /Main/Home HTTP/1.1" 200 15085 "http://pro-zurituutsch.ch" "Mozilla/5.0 (Windows NT 10.0; WOW64) AppleWebKit/537.36 (KHTML, like Gecko) Chrome/103.0.0.0 YaBrowser/22.7.0 Yowser/2.5 Safari/537.36"
196.242.10.233 - - [25/Oct/2022:18:31:53 +0200] "GET /Texte/Rezension HTTP/1.1" 200 11812 "http://pro-zurituutsch.ch" "Mozilla/5.0 (Windows NT 10.0; WOW64) AppleWebKit/537.36 (KHTML, like Gecko) Chrome/103.0.0.0 YaBrowser/22.7.0 Yowser/2.5 Safari/537.36"
196.242.10.233 - - [25/Oct/2022:18:31:54 +0200] "GET /Main HTTP/1.1" 302 161 "http://pro-zurituutsch.ch" "Mozilla/5.0 (Windows NT 10.0; WOW64) AppleWebKit/537.36 (KHTML, like Gecko) Chrome/103.0.0.0 YaBrowser/22.7.0 Yowser/2.5 Safari/537.36"
196.242.10.233 - - [25/Oct/2022:18:31:55 +0200] "GET /Main/Home HTTP/1.1" 200 15085 "http://www.pro-zurituutsch.ch/Main" "Mozilla/5.0 (Windows NT 10.0; WOW64) AppleWebKit/537.36 (KHTML, like Gecko) Chrome/103.0.0.0 YaBrowser/22.7.0 Yowser/2.5 Safari/537.36"
196.242.10.233 - - [25/Oct/2022:18:31:57 +0200] "GET /Texte/Limericks HTTP/1.1" 200 8087 "http://pro-zurituutsch.ch" "Mozilla/5.0 (Windows NT 10.0; WOW64) AppleWebKit/537.36 (KHTML, like Gecko) Chrome/103.0.0.0 YaBrowser/22.7.0 Yowser/2.5 Safari/537.36"
196.242.10.233 - - [25/Oct/2022:18:31:58 +0200] "GET /Hilfe/AnleitungTonbeispiele HTTP/1.1" 200 9878 "http://pro-zurituutsch.ch" "Mozilla/5.0 (Windows NT 10.0; WOW64) AppleWebKit/537.36 (KHTML, like Gecko) Chrome/103.0.0.0 YaBrowser/22.7.0 Yowser/2.5 Safari/537.36"
196.242.10.233 - - [25/Oct/2022:18:31:59 +0200] "GET /Texte/GDicht HTTP/1.1" 200 8050 "http://pro-zurituutsch.ch" "Mozilla/5.0 (Windows NT 10.0; WOW64) AppleWebKit/537.36 (KHTML, like Gecko) Chrome/103.0.0.0 YaBrowser/22.7.0 Yowser/2.5 Safari/537.36"
196.242.10.233 - - [25/Oct/2022:18:32:01 +0200] "GET /Admin/Links HTTP/1.1" 200 14193 "http://pro-zurituutsch.ch" "Mozilla/5.0 (Windows NT 10.0; WOW64) AppleWebKit/537.36 (KHTML, like Gecko) Chrome/103.0.0.0 YaBrowser/22.7.0 Yowser/2.5 Safari/537.36"
196.242.10.233 - - [25/Oct/2022:18:32:03 +0200] "GET /Texte/Gloosse HTTP/1.1" 200 8061 "http://pro-zurituutsch.ch" "Mozilla/5.0 (Windows NT 10.0; WOW64) AppleWebKit/537.36 (KHTML, like Gecko) Chrome/103.0.0.0 YaBrowser/22.7.0 Yowser/2.5 Safari/537.36"
196.242.10.233 - - [25/Oct/2022:18:32:04 +0200] "GET /Admin/ZurStiftung HTTP/1.1" 200 10864 "http://pro-zurituutsch.ch" "Mozilla/5.0 (Windows NT 10.0; WOW64) AppleWebKit/537.36 (KHTML, like Gecko) Chrome/103.0.0.0 YaBrowser/22.7.0 Yowser/2.5 Safari/537.36"
196.242.10.233 - - [25/Oct/2022:18:32:07 +0200] "GET /Gast/Podcast HTTP/1.1" 200 8106 "http://pro-zurituutsch.ch" "Mozilla/5.0 (Windows NT 10.0; WOW64) AppleWebKit/537.36 (KHTML, like Gecko) Chrome/103.0.0.0 YaBrowser/22.7.0 Yowser/2.5 Safari/537.36"
196.242.10.233 - - [25/Oct/2022:18:32:08 +0200] "GET /Admin/AdresseStiftung HTTP/1.1" 200 8453 "http://pro-zurituutsch.ch" "Mozilla/5.0 (Windows NT 10.0; WOW64) AppleWebKit/537.36 (KHTML, like Gecko) Chrome/103.0.0.0 YaBrowser/22.7.0 Yowser/2.5 Safari/537.36"
196.242.10.233 - - [25/Oct/2022:18:32:09 +0200] "GET /Bestellen/Pschtellf HTTP/1.1" 200 11129 "http://pro-zurituutsch.ch" "Mozilla/5.0 (Windows NT 10.0; WOW64) AppleWebKit/537.36 (KHTML, like Gecko) Chrome/103.0.0.0 YaBrowser/22.7.0 Yowser/2.5 Safari/537.36"
196.242.10.233 - - [25/Oct/2022:18:32:11 +0200] "GET /Admin/Pro-ZurituutschStatuten HTTP/1.1" 200 9580 "http://pro-zurituutsch.ch" "Mozilla/5.0 (Windows NT 10.0; WOW64) AppleWebKit/537.36 (KHTML, like Gecko) Chrome/103.0.0.0 YaBrowser/22.7.0 Yowser/2.5 Safari/537.36"
85.25.177.139 - - [25/Oct/2022:18:32:20 +0200] "GET /PodCast/Rezmebeforeyou?action=edit HTTP/1.1" 200 8720 "-" "Mozilla/5.0 (Macintosh; Intel Mac OS X 10.15; rv:103.0) Gecko/20100101 Firefox/103.0"
66.249.76.196 - - [25/Oct/2022:18:34:05 +0200] "GET /PodCast/IndexPage?action=rss HTTP/1.1" 200 6298 "-" "Mozilla/5.0 (compatible; Googlebot/2.1; +http://www.google.com/bot.html)"
85.25.177.139 - - [25/Oct/2022:18:34:51 +0200] "GET /PodCast/Rezmebeforeyou?action=upload HTTP/1.1" 200 8620 "-" "Mozilla/5.0 (Macintosh; Intel Mac OS X 10.15; rv:103.0) Gecko/20100101 Firefox/103.0"
85.25.177.139 - - [25/Oct/2022:18:36:26 +0200] "GET /Texte/Bitterbeuhsi?action=edit&restore=diff:1163119722:1163063982:&preview=y HTTP/1.1" 200 8709 "-" "Mozilla/5.0 (Macintosh; Intel Mac OS X 10.15; rv:103.0) Gecko/20100101 Firefox/103.0"
85.25.177.139 - - [25/Oct/2022:18:38:12 +0200] "GET /Texte/Bitterbeuhsi?action=edit&restore=diff:1591952722:1179764670:&preview=y HTTP/1.1" 200 8709 "-" "Mozilla/5.0 (Macintosh; Intel Mac OS X 10.15; rv:103.0) Gecko/20100101 Firefox/103.0"
185.191.171.24 - - [25/Oct/2022:18:40:05 +0200] "GET /robots.txt HTTP/1.1" 200 - "-" "Mozilla/5.0 (compatible; SemrushBot/7~bl; +http://www.semrush.com/bot.html)"
185.191.171.35 - - [25/Oct/2022:18:40:06 +0200] "GET /PmWikiFr/PmWikiPhilosophy HTTP/1.1" 200 14454 "-" "Mozilla/5.0 (compatible; SemrushBot/7~bl; +http://www.semrush.com/bot.html)"
85.25.177.139 - - [25/Oct/2022:18:40:39 +0200] "GET /Texte/Bitterbeuhsi?action=edit&restore=diff:1163057251:1163038336:&preview=y HTTP/1.1" 200 8709 "-" "Mozilla/5.0 (Macintosh; Intel Mac OS X 10.15; rv:103.0) Gecko/20100101 Firefox/103.0"
85.25.177.139 - - [25/Oct/2022:18:41:45 +0200] "GET /Texte/Bitterbeuhsi?action=edit&restore=diff:1178724704:1178724636:&preview=y HTTP/1.1" 200 8709 "-" "Mozilla/5.0 (Macintosh; Intel Mac OS X 10.15; rv:103.0) Gecko/20100101 Firefox/103.0"
85.25.177.139 - - [25/Oct/2022:18:43:06 +0200] "GET /PodCast/Rezmebeforeyou?action=diff HTTP/1.1" 200 13232 "-" "Mozilla/5.0 (Macintosh; Intel Mac OS X 10.15; rv:103.0) Gecko/20100101 Firefox/103.0"
185.191.171.19 - - [25/Oct/2022:18:44:19 +0200] "GET /PmWikiIt/BasicEditing HTTP/1.1" 200 24648 "-" "Mozilla/5.0 (compatible; SemrushBot/7~bl; +http://www.semrush.com/bot.html)"
85.25.177.139 - - [25/Oct/2022:18:44:45 +0200] "GET /Texte/Styluebige?action=diff&source=n&minor=n HTTP/1.1" 200 34222 "-" "Mozilla/5.0 (Macintosh; Intel Mac OS X 10.15; rv:103.0) Gecko/20100101 Firefox/103.0"
207.46.13.151 - - [25/Oct/2022:18:46:28 +0200] "GET /Site/Search?pagename=Site%2FSearch&q=2023 HTTP/1.1" 200 10829 "-" "Mozilla/5.0 (compatible; bingbot/2.0; +http://www.bing.com/bingbot.htm)"
85.25.177.139 - - [25/Oct/2022:18:46:37 +0200] "GET /Texte/Bitterbeuhsi?action=edit&restore=diff:1179764670:1178907522:&preview=y HTTP/1.1" 200 8709 "-" "Mozilla/5.0 (Macintosh; Intel Mac OS X 10.15; rv:103.0) Gecko/20100101 Firefox/103.0"
66.249.66.204 - - [25/Oct/2022:18:48:00 +0200] "GET /PodCast/IndexPage?action=rss HTTP/1.1" 200 6298 "-" "Mozilla/5.0 (compatible; Googlebot/2.1; +http://www.google.com/bot.html)"
85.25.177.139 - - [25/Oct/2022:18:48:19 +0200] "GET /Texte/Styluebige?action=diff&source=y&minor=y HTTP/1.1" 200 34048 "-" "Mozilla/5.0 (Macintosh; Intel Mac OS X 10.15; rv:103.0) Gecko/20100101 Firefox/103.0"
85.25.177.139 - - [25/Oct/2022:18:49:57 +0200] "GET /PodCast/Metamorfoose?action=diff HTTP/1.1" 200 18038 "-" "Mozilla/5.0 (Macintosh; Intel Mac OS X 10.15; rv:103.0) Gecko/20100101 Firefox/103.0"
85.25.177.139 - - [25/Oct/2022:18:51:38 +0200] "GET /Texte/Bitterbeuhsi?action=edit&restore=diff:1163063982:1163057265:&preview=y HTTP/1.1" 200 8709 "-" "Mozilla/5.0 (Macintosh; Intel Mac OS X 10.15; rv:103.0) Gecko/20100101 Firefox/103.0"
85.25.177.139 - - [25/Oct/2022:18:52:48 +0200] "GET /Texte/Bitterbeuhsi?action=edit&restore=diff:1163057265:1163057251:&preview=y HTTP/1.1" 200 8709 "-" "Mozilla/5.0 (Macintosh; Intel Mac OS X 10.15; rv:103.0) Gecko/20100101 Firefox/103.0"
85.25.177.139 - - [25/Oct/2022:18:54:10 +0200] "GET /PodCast/Metamorfoose?action=upload HTTP/1.1" 200 8592 "-" "Mozilla/5.0 (Macintosh; Intel Mac OS X 10.15; rv:103.0) Gecko/20100101 Firefox/103.0"
85.25.177.139 - - [25/Oct/2022:18:56:17 +0200] "GET /Texte/Bitterbeuhsi?action=edit&restore=diff:1178724636:1178724587:&preview=y HTTP/1.1" 200 8709 "-" "Mozilla/5.0 (Macintosh; Intel Mac OS X 10.15; rv:103.0) Gecko/20100101 Firefox/103.0"
85.25.177.139 - - [25/Oct/2022:18:58:34 +0200] "GET /PodCast/Metamorfoose?action=edit HTTP/1.1" 200 8692 "-" "Mozilla/5.0 (Macintosh; Intel Mac OS X 10.15; rv:103.0) Gecko/20100101 Firefox/103.0"
194.209.200.2 - - [25/Oct/2022:18:59:35 +0200] "GET /robots.txt HTTP/1.1" 200 - "-" "Mozilla/5.0 (compatible; TMMBot/0.2; +http://www.dslab.ch)/Nutch-1.15"
194.209.200.2 - - [25/Oct/2022:18:59:35 +0200] "GET /Admin/Jahresbericht HTTP/1.1" 200 45530 "-" "Mozilla/5.0 (compatible; TMMBot/0.2; +http://www.dslab.ch)/Nutch-1.15"
194.209.200.2 - - [25/Oct/2022:19:00:01 +0200] "GET /Texte/Schrybwys HTTP/1.1" 200 11028 "-" "Mozilla/5.0 (compatible; TMMBot/0.2; +http://www.dslab.ch)/Nutch-1.15"
85.25.177.139 - - [25/Oct/2022:19:00:19 +0200] "GET /Texte/Bitterbeuhsi?action=edit&restore=diff:1178724587:1177686638:&preview=y HTTP/1.1" 200 8709 "-" "Mozilla/5.0 (Macintosh; Intel Mac OS X 10.15; rv:103.0) Gecko/20100101 Firefox/103.0"
194.209.200.2 - - [25/Oct/2022:19:00:52 +0200] "GET /Texte/ArsAmatoria HTTP/1.1" 200 12369 "-" "Mozilla/5.0 (compatible; TMMBot/0.2; +http://www.dslab.ch)/Nutch-1.15"
194.209.200.2 - - [25/Oct/2022:19:01:06 +0200] "GET /Texte/GDicht HTTP/1.1" 200 8050 "-" "Mozilla/5.0 (compatible; TMMBot/0.2; +http://www.dslab.ch)/Nutch-1.15"
85.25.177.139 - - [25/Oct/2022:19:01:44 +0200] "GET /Site/162Predigerchoor1489?action=edit HTTP/1.1" 200 8765 "-" "Mozilla/5.0 (Macintosh; Intel Mac OS X 10.15; rv:103.0) Gecko/20100101 Firefox/103.0"
85.25.177.139 - - [25/Oct/2022:19:04:08 +0200] "GET /Texte/Bitterbeuhsi?action=edit&restore=diff:1178907522:1178724704:&preview=y HTTP/1.1" 200 8709 "-" "Mozilla/5.0 (Macintosh; Intel Mac OS X 10.15; rv:103.0) Gecko/20100101 Firefox/103.0"
85.25.177.139 - - [25/Oct/2022:19:06:04 +0200] "GET /Site/Blickestoorff?action=edit HTTP/1.1" 200 8663 "-" "Mozilla/5.0 (Macintosh; Intel Mac OS X 10.15; rv:103.0) Gecko/20100101 Firefox/103.0"
85.25.177.139 - - [25/Oct/2022:19:08:19 +0200] "GET /PodCast/Zwangsnaarig?action=edit HTTP/1.1" 200 8692 "-" "Mozilla/5.0 (Macintosh; Intel Mac OS X 10.15; rv:103.0) Gecko/20100101 Firefox/103.0"
85.25.177.139 - - [25/Oct/2022:19:10:05 +0200] "GET /Site/162Predigerchoor1489?action=upload HTTP/1.1" 200 8665 "-" "Mozilla/5.0 (Macintosh; Intel Mac OS X 10.15; rv:103.0) Gecko/20100101 Firefox/103.0"
85.25.177.139 - - [25/Oct/2022:19:12:07 +0200] "GET /Site/162Predigerchoor1489?action=diff HTTP/1.1" 200 19634 "-" "Mozilla/5.0 (Macintosh; Intel Mac OS X 10.15; rv:103.0) Gecko/20100101 Firefox/103.0"
85.25.177.139 - - [25/Oct/2022:19:13:11 +0200] "GET /Site/61Sanggale1465?action=edit HTTP/1.1" 200 8681 "-" "Mozilla/5.0 (Macintosh; Intel Mac OS X 10.15; rv:103.0) Gecko/20100101 Firefox/103.0"
85.25.177.139 - - [25/Oct/2022:19:16:19 +0200] "GET /Site/61Sanggale1465?action=print HTTP/1.1" 200 12758 "-" "Mozilla/5.0 (Macintosh; Intel Mac OS X 10.15; rv:103.0) Gecko/20100101 Firefox/103.0"
85.25.177.139 - - [25/Oct/2022:19:18:19 +0200] "GET /PodCast/REZlangeTage?action=diff HTTP/1.1" 200 14735 "-" "Mozilla/5.0 (Macintosh; Intel Mac OS X 10.15; rv:103.0) Gecko/20100101 Firefox/103.0"
85.25.177.139 - - [25/Oct/2022:19:20:14 +0200] "GET /PodCast/Haiweeturgg?action=edit HTTP/1.1" 200 8678 "-" "Mozilla/5.0 (Macintosh; Intel Mac OS X 10.15; rv:103.0) Gecko/20100101 Firefox/103.0"
85.25.177.139 - - [25/Oct/2022:19:22:33 +0200] "GET /PodCast/REZlangeTage?action=edit HTTP/1.1" 200 8696 "-" "Mozilla/5.0 (Macintosh; Intel Mac OS X 10.15; rv:103.0) Gecko/20100101 Firefox/103.0"
85.25.177.139 - - [25/Oct/2022:19:24:50 +0200] "GET /PodCast/Haiweeturgg?action=print HTTP/1.1" 200 5670 "-" "Mozilla/5.0 (Macintosh; Intel Mac OS X 10.15; rv:103.0) Gecko/20100101 Firefox/103.0"
85.25.177.139 - - [25/Oct/2022:19:27:10 +0200] "GET /PodCast/Haiweeturgg?action=upload HTTP/1.1" 200 8578 "-" "Mozilla/5.0 (Macintosh; Intel Mac OS X 10.15; rv:103.0) Gecko/20100101 Firefox/103.0"
3.90.210.80 - - [25/Oct/2022:19:27:16 +0200] "GET /PodCast/IndexPage?action=rss HTTP/1.1" 200 6298 "-" "PlayerFM/1.0 Podcast Sync (1 subscribers; url=https://player.fm/series/podcast-2872909)"
85.25.177.139 - - [25/Oct/2022:19:29:18 +0200] "GET /PodCast/Haiweeturgg?action=diff HTTP/1.1" 200 15595 "-" "Mozilla/5.0 (Macintosh; Intel Mac OS X 10.15; rv:103.0) Gecko/20100101 Firefox/103.0"
85.25.177.139 - - [25/Oct/2022:19:32:23 +0200] "GET /PodCast/REZlangeTage?action=upload HTTP/1.1" 200 8596 "-" "Mozilla/5.0 (Macintosh; Intel Mac OS X 10.15; rv:103.0) Gecko/20100101 Firefox/103.0"
66.249.76.196 - - [25/Oct/2022:19:34:05 +0200] "GET /PodCast/IndexPage?action=rss HTTP/1.1" 200 6298 "-" "Mozilla/5.0 (compatible; Googlebot/2.1; +http://www.google.com/bot.html)"
85.25.177.139 - - [25/Oct/2022:19:34:07 +0200] "GET /Site/21Baadstoube?action=edit HTTP/1.1" 200 8651 "-" "Mozilla/5.0 (Macintosh; Intel Mac OS X 10.15; rv:103.0) Gecko/20100101 Firefox/103.0"
85.25.177.139 - - [25/Oct/2022:19:36:49 +0200] "GET /Site/21Baadstoube?action=upload HTTP/1.1" 200 8551 "-" "Mozilla/5.0 (Macintosh; Intel Mac OS X 10.15; rv:103.0) Gecko/20100101 Firefox/103.0"
154.13.48.160 - - [25/Oct/2022:19:37:10 +0200] "HEAD /Texte/Styluebige HTTP/1.1" 200 - "http://www.pro-zurituutsch.ch" "Mozilla/5.0 (Windows NT 10.0; Win64; x64) AppleWebKit/537.36 (KHTML, like Gecko) Chrome/97.0.4692.71 Safari/537.36"
154.13.48.160 - - [25/Oct/2022:19:37:12 +0200] "GET /Texte/Styluebige HTTP/1.1" 200 9998 "http://www.pro-zurituutsch.ch" "Mozilla/5.0 (Windows NT 10.0; Win64; x64) AppleWebKit/537.36 (KHTML, like Gecko) Chrome/97.0.4692.71 Safari/537.36"
116.203.137.80 - - [25/Oct/2022:19:38:23 +0200] "GET / HTTP/1.1" 200 15085 "-" "Mozilla/5.0 (X11; Linux x86_64) AppleWebKit/537.36 (KHTML, like Gecko) Chrome/80.0.3987.106 Safari/537.36"
85.25.177.139 - - [25/Oct/2022:19:39:25 +0200] "GET /Site/21Baadstoube?action=print HTTP/1.1" 200 12065 "-" "Mozilla/5.0 (Macintosh; Intel Mac OS X 10.15; rv:103.0) Gecko/20100101 Firefox/103.0"
194.209.200.2 - - [25/Oct/2022:19:40:29 +0200] "GET /robots.txt HTTP/1.1" 200 - "-" "Mozilla/5.0 (compatible; TMMBot/0.2; +http://www.dslab.ch)/Nutch-1.15"
194.209.200.2 - - [25/Oct/2022:19:40:29 +0200] "GET /Admin/Jahresbericht HTTP/1.1" 200 45530 "-" "Mozilla/5.0 (compatible; TMMBot/0.2; +http://www.dslab.ch)/Nutch-1.15"
194.209.200.2 - - [25/Oct/2022:19:40:54 +0200] "GET /Texte/Schrybwys HTTP/1.1" 200 11028 "-" "Mozilla/5.0 (compatible; TMMBot/0.2; +http://www.dslab.ch)/Nutch-1.15"
85.25.177.139 - - [25/Oct/2022:19:41:12 +0200] "GET /PodCast/Frueligsschwyge?action=edit HTTP/1.1" 200 8734 "-" "Mozilla/5.0 (Macintosh; Intel Mac OS X 10.15; rv:103.0) Gecko/20100101 Firefox/103.0"
194.209.200.2 - - [25/Oct/2022:19:41:40 +0200] "GET /Texte/ArsAmatoria HTTP/1.1" 200 12369 "-" "Mozilla/5.0 (compatible; TMMBot/0.2; +http://www.dslab.ch)/Nutch-1.15"
194.209.200.2 - - [25/Oct/2022:19:41:53 +0200] "GET /Texte/GDicht HTTP/1.1" 200 8050 "-" "Mozilla/5.0 (compatible; TMMBot/0.2; +http://www.dslab.ch)/Nutch-1.15"
85.25.177.139 - - [25/Oct/2022:19:43:43 +0200] "GET /Site/21Baadstoube?action=diff HTTP/1.1" 200 21248 "-" "Mozilla/5.0 (Macintosh; Intel Mac OS X 10.15; rv:103.0) Gecko/20100101 Firefox/103.0"
85.25.177.139 - - [25/Oct/2022:19:44:48 +0200] "GET /PodCast/Frueligsschwyge?action=upload HTTP/1.1" 200 8634 "-" "Mozilla/5.0 (Macintosh; Intel Mac OS X 10.15; rv:103.0) Gecko/20100101 Firefox/103.0"
66.249.76.196 - - [25/Oct/2022:19:45:54 +0200] "GET /PodCast/IndexPage?action=rss HTTP/1.1" 200 6298 "-" "Mozilla/5.0 (compatible; Googlebot/2.1; +http://www.google.com/bot.html)"
85.25.177.139 - - [25/Oct/2022:19:47:34 +0200] "GET /PodCast/Frueligsschwyge?action=diff HTTP/1.1" 200 17034 "-" "Mozilla/5.0 (Macintosh; Intel Mac OS X 10.15; rv:103.0) Gecko/20100101 Firefox/103.0"
85.25.177.139 - - [25/Oct/2022:19:49:32 +0200] "GET /PodCast/Erdegluck?action=edit HTTP/1.1" 200 8650 "-" "Mozilla/5.0 (Macintosh; Intel Mac OS X 10.15; rv:103.0) Gecko/20100101 Firefox/103.0"
3.216.185.164 - - [25/Oct/2022:19:50:18 +0200] "GET /PodCast/IndexPage?action=rss HTTP/1.1" 200 6298 "-" "PocketCasts/1.0 (Pocket Casts Feed Parser; +http://pocketcasts.com/)"
85.25.177.139 - - [25/Oct/2022:19:51:38 +0200] "GET /Site/43Fasnacht?action=upload HTTP/1.1" 200 8523 "-" "Mozilla/5.0 (Macintosh; Intel Mac OS X 10.15; rv:103.0) Gecko/20100101 Firefox/103.0"
85.25.177.139 - - [25/Oct/2022:19:54:06 +0200] "GET /Site/43Fasnacht?action=diff HTTP/1.1" 200 11254 "-" "Mozilla/5.0 (Macintosh; Intel Mac OS X 10.15; rv:103.0) Gecko/20100101 Firefox/103.0"
85.25.177.139 - - [25/Oct/2022:19:56:21 +0200] "GET /Hilfe/Quicktime?action=diff&source=n&minor=n HTTP/1.1" 200 10611 "-" "Mozilla/5.0 (Macintosh; Intel Mac OS X 10.15; rv:103.0) Gecko/20100101 Firefox/103.0"
85.25.177.139 - - [25/Oct/2022:19:57:32 +0200] "GET /Hilfe/Quicktime?action=diff&source=y&minor=y HTTP/1.1" 200 11115 "-" "Mozilla/5.0 (Macintosh; Intel Mac OS X 10.15; rv:103.0) Gecko/20100101 Firefox/103.0"
85.25.177.139 - - [25/Oct/2022:20:00:19 +0200] "GET /Site/43Fasnacht?action=print HTTP/1.1" 200 2528 "-" "Mozilla/5.0 (Macintosh; Intel Mac OS X 10.15; rv:103.0) Gecko/20100101 Firefox/103.0"
85.25.177.139 - - [25/Oct/2022:20:03:12 +0200] "GET /PodCast/JBJ702?action=diff HTTP/1.1" 200 26659 "-" "Mozilla/5.0 (Macintosh; Intel Mac OS X 10.15; rv:103.0) Gecko/20100101 Firefox/103.0"
164.14.3.58 - - [25/Oct/2022:20:04:18 +0200] "GET /PodCast/PodCast HTTP/1.1" 200 29790 "https://www.google.com/" "Mozilla/5.0 (Windows NT 10.0; Win64; x64) AppleWebKit/537.36 (KHTML, like Gecko) Chrome/106.0.0.0 Safari/537.36"
164.14.3.58 - - [25/Oct/2022:20:04:18 +0200] "GET /pub/skins/pro-zurituutsch/gila.css HTTP/1.1" 200 10186 "http://www.pro-zurituutsch.ch/PodCast/PodCast" "Mozilla/5.0 (Windows NT 10.0; Win64; x64) AppleWebKit/537.36 (KHTML, like Gecko) Chrome/106.0.0.0 Safari/537.36"
164.14.3.58 - - [25/Oct/2022:20:04:18 +0200] "GET /pub/skins/pro-zurituutsch/images/external.png HTTP/1.1" 200 165 "http://www.pro-zurituutsch.ch/pub/skins/pro-zurituutsch/gila.css" "Mozilla/5.0 (Windows NT 10.0; Win64; x64) AppleWebKit/537.36 (KHTML, like Gecko) Chrome/106.0.0.0 Safari/537.36"
164.14.3.58 - - [25/Oct/2022:20:04:18 +0200] "GET /pub/skins/pro-zurituutsch/images/favicon.ico HTTP/1.1" 200 1406 "http://www.pro-zurituutsch.ch/PodCast/PodCast" "Mozilla/5.0 (Windows NT 10.0; Win64; x64) AppleWebKit/537.36 (KHTML, like Gecko) Chrome/106.0.0.0 Safari/537.36"
164.14.3.58 - - [25/Oct/2022:20:04:35 +0200] "GET /Site/PodCast HTTP/1.1" 200 40934 "http://www.pro-zurituutsch.ch/PodCast/PodCast" "Mozilla/5.0 (Windows NT 10.0; Win64; x64) AppleWebKit/537.36 (KHTML, like Gecko) Chrome/106.0.0.0 Safari/537.36"
164.14.3.58 - - [25/Oct/2022:20:04:41 +0200] "GET /PodCast/PodCast HTTP/1.1" 200 29790 "http://www.pro-zurituutsch.ch/Site/PodCast" "Mozilla/5.0 (Windows NT 10.0; Win64; x64) AppleWebKit/537.36 (KHTML, like Gecko) Chrome/106.0.0.0 Safari/537.36"
85.25.177.139 - - [25/Oct/2022:20:04:54 +0200] "GET /PodCast/Sbysst?action=upload HTTP/1.1" 200 8508 "-" "Mozilla/5.0 (Macintosh; Intel Mac OS X 10.15; rv:103.0) Gecko/20100101 Firefox/103.0"
164.14.3.58 - - [25/Oct/2022:20:05:06 +0200] "GET /Texte/GDicht HTTP/1.1" 200 8050 "http://www.pro-zurituutsch.ch/PodCast/PodCast" "Mozilla/5.0 (Windows NT 10.0; Win64; x64) AppleWebKit/537.36 (KHTML, like Gecko) Chrome/106.0.0.0 Safari/537.36"
164.14.3.58 - - [25/Oct/2022:20:05:09 +0200] "GET /Texte/GDicht HTTP/1.1" 200 8050 "http://www.pro-zurituutsch.ch/Texte/GDicht" "Mozilla/5.0 (Windows NT 10.0; Win64; x64) AppleWebKit/537.36 (KHTML, like Gecko) Chrome/106.0.0.0 Safari/537.36"
164.14.3.58 - - [25/Oct/2022:20:05:10 +0200] "GET /Texte/GDicht HTTP/1.1" 200 8050 "http://www.pro-zurituutsch.ch/Texte/GDicht" "Mozilla/5.0 (Windows NT 10.0; Win64; x64) AppleWebKit/537.36 (KHTML, like Gecko) Chrome/106.0.0.0 Safari/537.36"
164.14.3.58 - - [25/Oct/2022:20:05:15 +0200] "GET /PodCast/PodCast HTTP/1.1" 200 29790 "http://www.pro-zurituutsch.ch/Site/PodCast" "Mozilla/5.0 (Windows NT 10.0; Win64; x64) AppleWebKit/537.36 (KHTML, like Gecko) Chrome/106.0.0.0 Safari/537.36"
164.14.3.58 - - [25/Oct/2022:20:05:16 +0200] "GET /Site/PodCast HTTP/1.1" 200 40934 "http://www.pro-zurituutsch.ch/PodCast/PodCast" "Mozilla/5.0 (Windows NT 10.0; Win64; x64) AppleWebKit/537.36 (KHTML, like Gecko) Chrome/106.0.0.0 Safari/537.36"
164.14.3.58 - - [25/Oct/2022:20:05:17 +0200] "GET /PodCast/PodCast HTTP/1.1" 200 29790 "https://www.google.com/" "Mozilla/5.0 (Windows NT 10.0; Win64; x64) AppleWebKit/537.36 (KHTML, like Gecko) Chrome/106.0.0.0 Safari/537.36"
52.34.76.65 - - [25/Oct/2022:20:05:53 +0200] "GET / HTTP/1.1" 200 15085 "-" "Mozilla/5.0 (Windows NT 6.1; Win64; x64; rv:102.0) Gecko/20100101 Firefox/102.0"
52.34.76.65 - - [25/Oct/2022:20:05:53 +0200] "GET /pub/skins/pro-zurituutsch/gila.css HTTP/1.1" 200 10186 "http://www.pro-zurituutsch.ch/" "Mozilla/5.0 (Windows NT 6.1; Win64; x64; rv:102.0) Gecko/20100101 Firefox/102.0"
52.34.76.65 - - [25/Oct/2022:20:05:53 +0200] "GET /uploads/Main/logo.jpg HTTP/1.1" 200 29066 "http://www.pro-zurituutsch.ch/" "Mozilla/5.0 (Windows NT 6.1; Win64; x64; rv:102.0) Gecko/20100101 Firefox/102.0"
52.34.76.65 - - [25/Oct/2022:20:05:54 +0200] "GET /pub/skins/pro-zurituutsch/images/external.png HTTP/1.1" 200 165 "http://www.pro-zurituutsch.ch/pub/skins/pro-zurituutsch/gila.css" "Mozilla/5.0 (Windows NT 6.1; Win64; x64; rv:102.0) Gecko/20100101 Firefox/102.0"
85.25.177.139 - - [25/Oct/2022:20:08:21 +0200] "GET /PodCast/JBJ702?action=upload HTTP/1.1" 200 8510 "-" "Mozilla/5.0 (Macintosh; Intel Mac OS X 10.15; rv:103.0) Gecko/20100101 Firefox/103.0"
85.25.177.139 - - [25/Oct/2022:20:12:15 +0200] "GET /Site/61Sanggale1465?action=upload HTTP/1.1" 200 8581 "-" "Mozilla/5.0 (Macintosh; Intel Mac OS X 10.15; rv:103.0) Gecko/20100101 Firefox/103.0"
85.25.177.139 - - [25/Oct/2022:20:13:19 +0200] "GET /Site/61Sanggale1465?action=diff HTTP/1.1" 200 21926 "-" "Mozilla/5.0 (Macintosh; Intel Mac OS X 10.15; rv:103.0) Gecko/20100101 Firefox/103.0"
194.209.200.2 - - [25/Oct/2022:20:15:25 +0200] "GET /robots.txt HTTP/1.1" 200 - "-" "Mozilla/5.0 (compatible; TMMBot/0.2; +http://www.dslab.ch)/Nutch-1.15"
194.209.200.2 - - [25/Oct/2022:20:15:25 +0200] "GET /Admin/Jahresbericht HTTP/1.1" 200 45530 "-" "Mozilla/5.0 (compatible; TMMBot/0.2; +http://www.dslab.ch)/Nutch-1.15"
194.209.200.2 - - [25/Oct/2022:20:15:53 +0200] "GET /Texte/Schrybwys HTTP/1.1" 200 11028 "-" "Mozilla/5.0 (compatible; TMMBot/0.2; +http://www.dslab.ch)/Nutch-1.15"
85.25.177.139 - - [25/Oct/2022:20:16:30 +0200] "GET /PodCast/Wiewytna?action=edit HTTP/1.1" 200 8636 "-" "Mozilla/5.0 (Macintosh; Intel Mac OS X 10.15; rv:103.0) Gecko/20100101 Firefox/103.0"
194.209.200.2 - - [25/Oct/2022:20:16:41 +0200] "GET /Texte/ArsAmatoria HTTP/1.1" 200 12369 "-" "Mozilla/5.0 (compatible; TMMBot/0.2; +http://www.dslab.ch)/Nutch-1.15"
194.209.200.2 - - [25/Oct/2022:20:16:55 +0200] "GET /Texte/GDicht HTTP/1.1" 200 8050 "-" "Mozilla/5.0 (compatible; TMMBot/0.2; +http://www.dslab.ch)/Nutch-1.15"
85.25.177.139 - - [25/Oct/2022:20:20:20 +0200] "GET /PodCast/JBJ702?action=edit HTTP/1.1" 200 8610 "-" "Mozilla/5.0 (Macintosh; Intel Mac OS X 10.15; rv:103.0) Gecko/20100101 Firefox/103.0"
85.25.177.139 - - [25/Oct/2022:20:22:01 +0200] "GET /Texte HTTP/1.1" 404 8123 "-" "Mozilla/5.0 (Macintosh; Intel Mac OS X 10.15; rv:103.0) Gecko/20100101 Firefox/103.0"
85.25.177.139 - - [25/Oct/2022:20:24:30 +0200] "GET /PodCast/Wiewytna?action=print HTTP/1.1" 200 6030 "-" "Mozilla/5.0 (Macintosh; Intel Mac OS X 10.15; rv:103.0) Gecko/20100101 Firefox/103.0"
85.25.177.139 - - [25/Oct/2022:20:27:19 +0200] "GET /PodCast/Wiewytna?action=upload HTTP/1.1" 200 8536 "-" "Mozilla/5.0 (Macintosh; Intel Mac OS X 10.15; rv:103.0) Gecko/20100101 Firefox/103.0"
85.25.177.139 - - [25/Oct/2022:20:28:59 +0200] "GET /PodCast/Wiewytna?action=diff HTTP/1.1" 200 14435 "-" "Mozilla/5.0 (Macintosh; Intel Mac OS X 10.15; rv:103.0) Gecko/20100101 Firefox/103.0"
85.25.177.139 - - [25/Oct/2022:20:30:25 +0200] "GET /Hilfe/Passwort?action=diff&source=y&minor=n HTTP/1.1" 200 9166 "-" "Mozilla/5.0 (Macintosh; Intel Mac OS X 10.15; rv:103.0) Gecko/20100101 Firefox/103.0"
85.25.177.139 - - [25/Oct/2022:20:32:21 +0200] "GET /Hilfe/Passwort?action=diff&source=n&minor=y HTTP/1.1" 200 9176 "-" "Mozilla/5.0 (Macintosh; Intel Mac OS X 10.15; rv:103.0) Gecko/20100101 Firefox/103.0"
66.249.76.222 - - [25/Oct/2022:20:34:06 +0200] "GET /PodCast/IndexPage?action=rss HTTP/1.1" 200 6298 "-" "Mozilla/5.0 (compatible; Googlebot/2.1; +http://www.google.com/bot.html)"
85.25.177.139 - - [25/Oct/2022:20:35:52 +0200] "GET /Hilfe/Passwort?action=print HTTP/1.1" 404 2386 "-" "Mozilla/5.0 (Macintosh; Intel Mac OS X 10.15; rv:103.0) Gecko/20100101 Firefox/103.0"
85.25.177.139 - - [25/Oct/2022:20:37:26 +0200] "GET /Site/111Stans1481?action=diff HTTP/1.1" 200 18830 "-" "Mozilla/5.0 (Macintosh; Intel Mac OS X 10.15; rv:103.0) Gecko/20100101 Firefox/103.0"
185.191.171.14 - - [25/Oct/2022:20:39:57 +0200] "GET /robots.txt HTTP/1.1" 200 - "-" "Mozilla/5.0 (compatible; SemrushBot/7~bl; +http://www.semrush.com/bot.html)"
185.191.171.15 - - [25/Oct/2022:20:39:58 +0200] "GET /PmWikiRu/PerGroupCustomizations HTTP/1.1" 200 15627 "-" "Mozilla/5.0 (compatible; SemrushBot/7~bl; +http://www.semrush.com/bot.html)"
85.25.177.139 - - [25/Oct/2022:20:40:22 +0200] "GET /PodCast/Glawbessund?action=diff&source=y&minor=n HTTP/1.1" 200 51335 "-" "Mozilla/5.0 (Macintosh; Intel Mac OS X 10.15; rv:103.0) Gecko/20100101 Firefox/103.0"
85.25.177.139 - - [25/Oct/2022:20:42:35 +0200] "GET /PodCast/Glawbessund?action=edit&restore=diff:1251206329:1251206329:&preview=y HTTP/1.1" 200 8724 "-" "Mozilla/5.0 (Macintosh; Intel Mac OS X 10.15; rv:103.0) Gecko/20100101 Firefox/103.0"
85.25.177.139 - - [25/Oct/2022:20:43:59 +0200] "GET /Site/111Stans1481?action=upload HTTP/1.1" 200 8553 "-" "Mozilla/5.0 (Macintosh; Intel Mac OS X 10.15; rv:103.0) Gecko/20100101 Firefox/103.0"
66.249.92.208 - - [25/Oct/2022:20:45:49 +0200] "GET /PodCast/IndexPage?action=rss HTTP/1.1" 200 6298 "-" "FeedFetcher-Google; (+http://www.google.com/feedfetcher.html)"
85.25.177.139 - - [25/Oct/2022:20:46:55 +0200] "GET /Site/111Stans1481?action=edit HTTP/1.1" 200 8653 "-" "Mozilla/5.0 (Macintosh; Intel Mac OS X 10.15; rv:103.0) Gecko/20100101 Firefox/103.0"
85.25.177.139 - - [25/Oct/2022:20:48:20 +0200] "GET /PodCast/Glawbessund?action=edit&restore=diff:1251207882:1251207332:&preview=y HTTP/1.1" 200 8724 "-" "Mozilla/5.0 (Macintosh; Intel Mac OS X 10.15; rv:103.0) Gecko/20100101 Firefox/103.0"
194.209.200.2 - - [25/Oct/2022:20:51:00 +0200] "GET /robots.txt HTTP/1.1" 200 - "-" "Mozilla/5.0 (compatible; TMMBot/0.2; +http://www.dslab.ch)/Nutch-1.15"
194.209.200.2 - - [25/Oct/2022:20:51:01 +0200] "GET /Admin/Jahresbericht HTTP/1.1" 200 45530 "-" "Mozilla/5.0 (compatible; TMMBot/0.2; +http://www.dslab.ch)/Nutch-1.15"
194.209.200.2 - - [25/Oct/2022:20:51:23 +0200] "GET /Texte/Schrybwys HTTP/1.1" 200 11028 "-" "Mozilla/5.0 (compatible; TMMBot/0.2; +http://www.dslab.ch)/Nutch-1.15"
66.249.76.193 - - [25/Oct/2022:20:51:51 +0200] "GET /PodCast/IndexPage?action=rss HTTP/1.1" 200 6298 "-" "Mozilla/5.0 (compatible; Googlebot/2.1; +http://www.google.com/bot.html)"
194.209.200.2 - - [25/Oct/2022:20:52:06 +0200] "GET /Texte/ArsAmatoria HTTP/1.1" 200 12369 "-" "Mozilla/5.0 (compatible; TMMBot/0.2; +http://www.dslab.ch)/Nutch-1.15"
85.25.177.139 - - [25/Oct/2022:20:52:14 +0200] "GET /PodCast/Glawbessund?action=edit&restore=diff:1251207332:1251207231:&preview=y HTTP/1.1" 200 8724 "-" "Mozilla/5.0 (Macintosh; Intel Mac OS X 10.15; rv:103.0) Gecko/20100101 Firefox/103.0"
194.209.200.2 - - [25/Oct/2022:20:52:20 +0200] "GET /Texte/GDicht HTTP/1.1" 200 8050 "-" "Mozilla/5.0 (compatible; TMMBot/0.2; +http://www.dslab.ch)/Nutch-1.15"
85.25.177.139 - - [25/Oct/2022:20:53:52 +0200] "GET /PodCast/JBJ401?action=diff&source=n&minor=y HTTP/1.1" 200 23740 "-" "Mozilla/5.0 (Macintosh; Intel Mac OS X 10.15; rv:103.0) Gecko/20100101 Firefox/103.0"
85.25.177.139 - - [25/Oct/2022:20:56:39 +0200] "GET /PodCast/STounkel?action=upload HTTP/1.1" 200 8538 "-" "Mozilla/5.0 (Macintosh; Intel Mac OS X 10.15; rv:103.0) Gecko/20100101 Firefox/103.0"
85.25.177.139 - - [25/Oct/2022:21:00:29 +0200] "GET /PodCast/JBJ401?action=diff&source=y&minor=n HTTP/1.1" 200 23280 "-" "Mozilla/5.0 (Macintosh; Intel Mac OS X 10.15; rv:103.0) Gecko/20100101 Firefox/103.0"
85.25.177.139 - - [25/Oct/2022:21:01:35 +0200] "GET /PodCast/JBJ401?action=edit&restore=diff:1408114878:1408114878:&preview=y HTTP/1.1" 200 8656 "-" "Mozilla/5.0 (Macintosh; Intel Mac OS X 10.15; rv:103.0) Gecko/20100101 Firefox/103.0"
85.25.177.139 - - [25/Oct/2022:21:04:52 +0200] "GET /robots.txt HTTP/1.1" 200 - "-" "Mozilla/5.0 (Macintosh; Intel Mac OS X 10.15; rv:103.0) Gecko/20100101 Firefox/103.0"
85.25.177.139 - - [25/Oct/2022:21:04:52 +0200] "GET /PodCast/STounkel?action=diff HTTP/1.1" 200 12590 "-" "Mozilla/5.0 (Macintosh; Intel Mac OS X 10.15; rv:103.0) Gecko/20100101 Firefox/103.0"
85.25.177.139 - - [25/Oct/2022:21:07:30 +0200] "GET /robots.txt HTTP/1.1" 200 - "-" "Mozilla/5.0 (Macintosh; Intel Mac OS X 10.15; rv:103.0) Gecko/20100101 Firefox/103.0"
85.25.177.139 - - [25/Oct/2022:21:07:30 +0200] "GET /PodCast/STounkel?action=edit HTTP/1.1" 200 8638 "-" "Mozilla/5.0 (Macintosh; Intel Mac OS X 10.15; rv:103.0) Gecko/20100101 Firefox/103.0"
85.25.177.139 - - [25/Oct/2022:21:08:21 +0200] "GET /PodCast/JBJ401?action=edit&restore=diff:1408115312:1408114878:&preview=y HTTP/1.1" 200 8656 "-" "Mozilla/5.0 (Macintosh; Intel Mac OS X 10.15; rv:103.0) Gecko/20100101 Firefox/103.0"
85.25.177.139 - - [25/Oct/2022:21:08:44 +0200] "GET /Admin/Links?action=edit&restore=diff:1503675448:1503675398:&preview=y HTTP/1.1" 200 8611 "-" "Mozilla/5.0 (Macintosh; Intel Mac OS X 10.15; rv:103.0) Gecko/20100101 Firefox/103.0"
85.25.177.139 - - [25/Oct/2022:21:09:15 +0200] "GET /PodCast/JBJ401?action=edit&restore=diff:1408115391:1408115312:&preview=y HTTP/1.1" 200 8656 "-" "Mozilla/5.0 (Macintosh; Intel Mac OS X 10.15; rv:103.0) Gecko/20100101 Firefox/103.0"
85.25.177.139 - - [25/Oct/2022:21:10:22 +0200] "GET /Admin/Links?action=edit&restore=diff:1458752287:1458752256:&preview=y HTTP/1.1" 200 8611 "-" "Mozilla/5.0 (Macintosh; Intel Mac OS X 10.15; rv:103.0) Gecko/20100101 Firefox/103.0"
85.25.177.139 - - [25/Oct/2022:21:12:23 +0200] "GET /Admin/Links?action=diff&source=n&minor=n HTTP/1.1" 200 22145 "-" "Mozilla/5.0 (Macintosh; Intel Mac OS X 10.15; rv:103.0) Gecko/20100101 Firefox/103.0"
85.25.177.139 - - [25/Oct/2022:21:14:56 +0200] "GET /Site/52GsprUhch?action=diff&source=y&minor=n HTTP/1.1" 200 9186 "-" "Mozilla/5.0 (Macintosh; Intel Mac OS X 10.15; rv:103.0) Gecko/20100101 Firefox/103.0"
168.119.51.163 - - [25/Oct/2022:21:16:49 +0200] "GET /robots.txt HTTP/1.1" 200 - "-" "Mozilla/5.0 (compatible; um-IC/1.0; mailto: techinfo@ubermetrics-technologies.com; Windows NT 6.1; WOW64; rv:40.0) Gecko/20100101 Firefox/40.1"
168.119.51.163 - - [25/Oct/2022:21:16:50 +0200] "GET /PodCast/IndexPage?action=rss HTTP/1.1" 200 6298 "-" "Mozilla/5.0 (compatible; um-IC/1.0; mailto: techinfo@ubermetrics-technologies.com; Windows NT 6.1; WOW64; rv:40.0) Gecko/20100101 Firefox/40.1"
85.25.177.139 - - [25/Oct/2022:21:17:03 +0200] "GET /Admin/Links?action=diff&source=y&minor=y HTTP/1.1" 200 24486 "-" "Mozilla/5.0 (Macintosh; Intel Mac OS X 10.15; rv:103.0) Gecko/20100101 Firefox/103.0"
85.25.177.139 - - [25/Oct/2022:21:19:02 +0200] "GET /Admin/Links?action=edit&restore=diff:1233091485:1231706772:&preview=y HTTP/1.1" 200 8611 "-" "Mozilla/5.0 (Macintosh; Intel Mac OS X 10.15; rv:103.0) Gecko/20100101 Firefox/103.0"
85.25.177.139 - - [25/Oct/2022:21:21:51 +0200] "GET /PodCast/Redeleere?action=diff HTTP/1.1" 200 16730 "-" "Mozilla/5.0 (Macintosh; Intel Mac OS X 10.15; rv:103.0) Gecko/20100101 Firefox/103.0"
85.25.177.139 - - [25/Oct/2022:21:23:58 +0200] "GET /Site/52GsprUhch?action=diff&source=n&minor=y HTTP/1.1" 200 9196 "-" "Mozilla/5.0 (Macintosh; Intel Mac OS X 10.15; rv:103.0) Gecko/20100101 Firefox/103.0"
194.209.200.2 - - [25/Oct/2022:21:24:32 +0200] "GET /robots.txt HTTP/1.1" 200 - "-" "Mozilla/5.0 (compatible; TMMBot/0.2; +http://www.dslab.ch)/Nutch-1.15"
194.209.200.2 - - [25/Oct/2022:21:24:32 +0200] "GET /Admin/Jahresbericht HTTP/1.1" 200 45530 "-" "Mozilla/5.0 (compatible; TMMBot/0.2; +http://www.dslab.ch)/Nutch-1.15"
194.209.200.2 - - [25/Oct/2022:21:25:02 +0200] "GET /Texte/Schrybwys HTTP/1.1" 200 11028 "-" "Mozilla/5.0 (compatible; TMMBot/0.2; +http://www.dslab.ch)/Nutch-1.15"
85.239.47.4 - - [25/Oct/2022:21:25:20 +0200] "GET / HTTP/1.1" 200 15085 "-" "Mozilla/5.0 (Windows NT 6.1; WOW64) AppleWebKit/537.36 (KHTML, like Gecko) Chrome/83.0.4103.97 Safari/537.36"
194.209.200.2 - - [25/Oct/2022:21:25:55 +0200] "GET /Texte/ArsAmatoria HTTP/1.1" 200 12369 "-" "Mozilla/5.0 (compatible; TMMBot/0.2; +http://www.dslab.ch)/Nutch-1.15"
194.209.200.2 - - [25/Oct/2022:21:26:09 +0200] "GET /Texte/GDicht HTTP/1.1" 200 8050 "-" "Mozilla/5.0 (compatible; TMMBot/0.2; +http://www.dslab.ch)/Nutch-1.15"
85.25.177.139 - - [25/Oct/2022:21:26:11 +0200] "GET /Site/WGA6Klynikerfaarig?action=edit&restore=diff:1292432449:1292432346:&preview=y HTTP/1.1" 200 8783 "-" "Mozilla/5.0 (Macintosh; Intel Mac OS X 10.15; rv:103.0) Gecko/20100101 Firefox/103.0"
85.25.177.139 - - [25/Oct/2022:21:28:41 +0200] "GET /Site/WGA6Klynikerfaarig?action=edit&restore=diff:1294244305:1293038338:&preview=y HTTP/1.1" 200 8783 "-" "Mozilla/5.0 (Macintosh; Intel Mac OS X 10.15; rv:103.0) Gecko/20100101 Firefox/103.0"
85.25.177.139 - - [25/Oct/2022:21:30:27 +0200] "GET /Site/WGA6Klynikerfaarig?action=diff&source=n&minor=y HTTP/1.1" 200 20307 "-" "Mozilla/5.0 (Macintosh; Intel Mac OS X 10.15; rv:103.0) Gecko/20100101 Firefox/103.0"
85.25.177.139 - - [25/Oct/2022:21:34:04 +0200] "GET /PodCast/Redeleere?action=upload HTTP/1.1" 200 8550 "-" "Mozilla/5.0 (Macintosh; Intel Mac OS X 10.15; rv:103.0) Gecko/20100101 Firefox/103.0"
85.25.177.139 - - [25/Oct/2022:21:35:16 +0200] "GET /PodCast/Redeleere?action=edit HTTP/1.1" 200 8650 "-" "Mozilla/5.0 (Macintosh; Intel Mac OS X 10.15; rv:103.0) Gecko/20100101 Firefox/103.0"
85.25.177.139 - - [25/Oct/2022:21:38:32 +0200] "GET /Site/WGA6Klynikerfaarig?action=diff&source=y&minor=n HTTP/1.1" 200 19950 "-" "Mozilla/5.0 (Macintosh; Intel Mac OS X 10.15; rv:103.0) Gecko/20100101 Firefox/103.0"
85.25.177.139 - - [25/Oct/2022:21:40:25 +0200] "GET /PodCast/Eereroueff?action=edit HTTP/1.1" 200 8664 "-" "Mozilla/5.0 (Macintosh; Intel Mac OS X 10.15; rv:103.0) Gecko/20100101 Firefox/103.0"
85.25.177.139 - - [25/Oct/2022:21:42:55 +0200] "GET /Site/WGA6Klynikerfaarig?action=edit&restore=diff:1292432346:1292431959:&preview=y HTTP/1.1" 200 8783 "-" "Mozilla/5.0 (Macintosh; Intel Mac OS X 10.15; rv:103.0) Gecko/20100101 Firefox/103.0"
85.25.177.139 - - [25/Oct/2022:21:46:00 +0200] "GET /PodCast/Eereroueff?action=upload HTTP/1.1" 200 8564 "-" "Mozilla/5.0 (Macintosh; Intel Mac OS X 10.15; rv:103.0) Gecko/20100101 Firefox/103.0"
66.249.66.208 - - [25/Oct/2022:21:47:46 +0200] "GET /PodCast/IndexPage?action=rss HTTP/1.1" 200 6298 "-" "Mozilla/5.0 (compatible; Googlebot/2.1; +http://www.google.com/bot.html)"
85.25.177.139 - - [25/Oct/2022:21:48:55 +0200] "GET /PodCast/Eereroueff?action=diff HTTP/1.1" 200 22039 "-" "Mozilla/5.0 (Macintosh; Intel Mac OS X 10.15; rv:103.0) Gecko/20100101 Firefox/103.0"
85.25.177.139 - - [25/Oct/2022:21:50:04 +0200] "GET /PodCast/JBJ302?action=edit&restore=diff:1409496383:1406908280:&preview=y HTTP/1.1" 200 8656 "-" "Mozilla/5.0 (Macintosh; Intel Mac OS X 10.15; rv:103.0) Gecko/20100101 Firefox/103.0"
66.249.66.204 - - [25/Oct/2022:21:52:15 +0200] "GET /PodCast/IndexPage?action=rss HTTP/1.1" 200 6298 "-" "Mozilla/5.0 (compatible; Googlebot/2.1; +http://www.google.com/bot.html)"
85.25.177.139 - - [25/Oct/2022:21:52:38 +0200] "GET /PodCast/JBJ302?action=edit&restore=diff:1406907845:1406907845:&preview=y HTTP/1.1" 200 8656 "-" "Mozilla/5.0 (Macintosh; Intel Mac OS X 10.15; rv:103.0) Gecko/20100101 Firefox/103.0"
85.25.177.139 - - [25/Oct/2022:21:54:58 +0200] "GET /Texte/Schrybwys?action=diff&source=n&minor=n HTTP/1.1" 200 26976 "-" "Mozilla/5.0 (Macintosh; Intel Mac OS X 10.15; rv:103.0) Gecko/20100101 Firefox/103.0"
101.67.49.1 - - [25/Oct/2022:21:57:10 +0200] "GET /robots.txt HTTP/1.1" 200 - "-" "YisouSpider"
112.13.112.173 - - [25/Oct/2022:21:57:11 +0200] "GET /gast/podcast HTTP/1.1" 404 282 "-" "Mozilla/5.0 (Windows NT 6.1; Win64; x64) AppleWebKit/537.36 (KHTML, like Gecko) Chrome/69.0.3497.81 YisouSpider/5.0 Safari/537.36"
85.25.177.139 - - [25/Oct/2022:21:57:21 +0200] "GET /Texte/Schrybwys?action=diff&source=y&minor=y HTTP/1.1" 200 28323 "-" "Mozilla/5.0 (Macintosh; Intel Mac OS X 10.15; rv:103.0) Gecko/20100101 Firefox/103.0"
3.216.185.164 - - [25/Oct/2022:21:58:02 +0200] "GET /PodCast/IndexPage?action=rss HTTP/1.1" 200 6298 "-" "PocketCasts/1.0 (Pocket Casts Feed Parser; +http://pocketcasts.com/)"
194.209.200.2 - - [25/Oct/2022:21:58:49 +0200] "GET /robots.txt HTTP/1.1" 200 - "-" "Mozilla/5.0 (compatible; TMMBot/0.2; +http://www.dslab.ch)/Nutch-1.15"
194.209.200.2 - - [25/Oct/2022:21:58:49 +0200] "GET /Admin/Jahresbericht HTTP/1.1" 200 45530 "-" "Mozilla/5.0 (compatible; TMMBot/0.2; +http://www.dslab.ch)/Nutch-1.15"
85.25.177.139 - - [25/Oct/2022:21:59:07 +0200] "GET /PodCast/Limerick30?action=edit HTTP/1.1" 200 8666 "-" "Mozilla/5.0 (Macintosh; Intel Mac OS X 10.15; rv:103.0) Gecko/20100101 Firefox/103.0"
194.209.200.2 - - [25/Oct/2022:21:59:15 +0200] "GET /Texte/Schrybwys HTTP/1.1" 200 11028 "-" "Mozilla/5.0 (compatible; TMMBot/0.2; +http://www.dslab.ch)/Nutch-1.15"
194.209.200.2 - - [25/Oct/2022:22:00:07 +0200] "GET /Texte/ArsAmatoria HTTP/1.1" 200 12369 "-" "Mozilla/5.0 (compatible; TMMBot/0.2; +http://www.dslab.ch)/Nutch-1.15"
194.209.200.2 - - [25/Oct/2022:22:00:23 +0200] "GET /Texte/GDicht HTTP/1.1" 200 8050 "-" "Mozilla/5.0 (compatible; TMMBot/0.2; +http://www.dslab.ch)/Nutch-1.15"
85.25.177.139 - - [25/Oct/2022:22:03:03 +0200] "GET /PodCast/JBJ302?action=edit&restore=diff:1406908187:1406907845:&preview=y HTTP/1.1" 200 8656 "-" "Mozilla/5.0 (Macintosh; Intel Mac OS X 10.15; rv:103.0) Gecko/20100101 Firefox/103.0"
85.25.177.139 - - [25/Oct/2022:22:04:49 +0200] "GET /PodCast/JBJ302?action=diff&source=y&minor=n HTTP/1.1" 200 18711 "-" "Mozilla/5.0 (Macintosh; Intel Mac OS X 10.15; rv:103.0) Gecko/20100101 Firefox/103.0"
85.25.177.139 - - [25/Oct/2022:22:07:06 +0200] "GET /PodCast/Limerick30?action=upload HTTP/1.1" 200 8566 "-" "Mozilla/5.0 (Macintosh; Intel Mac OS X 10.15; rv:103.0) Gecko/20100101 Firefox/103.0"
85.25.177.139 - - [25/Oct/2022:22:10:59 +0200] "GET /PodCast/JBJ302?action=diff&source=n&minor=y HTTP/1.1" 200 19112 "-" "Mozilla/5.0 (Macintosh; Intel Mac OS X 10.15; rv:103.0) Gecko/20100101 Firefox/103.0"
85.25.177.139 - - [25/Oct/2022:22:13:33 +0200] "GET /PodCast/Limerick30?action=diff HTTP/1.1" 200 12047 "-" "Mozilla/5.0 (Macintosh; Intel Mac OS X 10.15; rv:103.0) Gecko/20100101 Firefox/103.0"
34.207.208.15 - - [25/Oct/2022:22:13:42 +0200] "GET /PodCast/IndexPage?action=rss HTTP/1.1" 200 6298 "-" "PlayerFM/1.0 Podcast Sync (1 subscribers; url=https://player.fm/series/podcast-2872909)"
85.25.177.139 - - [25/Oct/2022:22:16:09 +0200] "GET /PodCast/Bombe?action=diff&source=n&minor=y HTTP/1.1" 200 12558 "-" "Mozilla/5.0 (Macintosh; Intel Mac OS X 10.15; rv:103.0) Gecko/20100101 Firefox/103.0"
