85.25.177.139 - - [25/Oct/2022:22:18:10 +0200] "GET /PodCast/RURAkt2TIl2?action=diff HTTP/1.1" 200 10972 "-" "Mozilla/5.0 (Macintosh; Intel Mac OS X 10.15; rv:103.0) Gecko/20100101 Firefox/103.0"
85.25.177.139 - - [25/Oct/2022:22:19:49 +0200] "GET /PodCast/RURAkt2TIl2?action=upload HTTP/1.1" 200 8588 "-" "Mozilla/5.0 (Macintosh; Intel Mac OS X 10.15; rv:103.0) Gecko/20100101 Firefox/103.0"
185.191.171.43 - - [25/Oct/2022:22:22:35 +0200] "GET /robots.txt HTTP/1.1" 200 - "-" "Mozilla/5.0 (compatible; SemrushBot/7~bl; +http://www.semrush.com/bot.html)"
185.191.171.33 - - [25/Oct/2022:22:22:36 +0200] "GET /PmWikiDe/PmWikiDe?from=PmWikiDe.PmWiki HTTP/1.1" 200 11562 "-" "Mozilla/5.0 (compatible; SemrushBot/7~bl; +http://www.semrush.com/bot.html)"
85.25.177.139 - - [25/Oct/2022:22:23:01 +0200] "GET /PodCast/RURAkt2TIl2?action=edit HTTP/1.1" 200 8688 "-" "Mozilla/5.0 (Macintosh; Intel Mac OS X 10.15; rv:103.0) Gecko/20100101 Firefox/103.0"
85.25.177.139 - - [25/Oct/2022:22:24:37 +0200] "GET /PodCast/Bombe?action=edit&restore=diff:1301674251:1301674224:&preview=y HTTP/1.1" 200 8640 "-" "Mozilla/5.0 (Macintosh; Intel Mac OS X 10.15; rv:103.0) Gecko/20100101 Firefox/103.0"
85.25.177.139 - - [25/Oct/2022:22:27:30 +0200] "GET /PodCast/Wistaria02?action=edit HTTP/1.1" 200 8666 "-" "Mozilla/5.0 (Macintosh; Intel Mac OS X 10.15; rv:103.0) Gecko/20100101 Firefox/103.0"
85.25.177.139 - - [25/Oct/2022:22:29:14 +0200] "GET /PodCast/Bombe?action=diff&source=y&minor=n HTTP/1.1" 200 12301 "-" "Mozilla/5.0 (Macintosh; Intel Mac OS X 10.15; rv:103.0) Gecko/20100101 Firefox/103.0"
85.25.177.139 - - [25/Oct/2022:22:30:50 +0200] "GET /PodCast/Wistaria02?action=diff HTTP/1.1" 200 22384 "-" "Mozilla/5.0 (Macintosh; Intel Mac OS X 10.15; rv:103.0) Gecko/20100101 Firefox/103.0"
85.25.177.139 - - [25/Oct/2022:22:32:18 +0200] "GET /PodCast/Wistaria02?action=upload HTTP/1.1" 200 8566 "-" "Mozilla/5.0 (Macintosh; Intel Mac OS X 10.15; rv:103.0) Gecko/20100101 Firefox/103.0"
85.25.177.139 - - [25/Oct/2022:22:34:31 +0200] "GET /PodCast/Bombe?action=edit&restore=diff:1301674224:1301674036:&preview=y HTTP/1.1" 200 8640 "-" "Mozilla/5.0 (Macintosh; Intel Mac OS X 10.15; rv:103.0) Gecko/20100101 Firefox/103.0"
34.221.34.49 - - [25/Oct/2022:22:34:46 +0200] "GET / HTTP/1.1" 200 15085 "-" "Mozilla/5.0 (X11; Linux x86_64) AppleWebKit/537.36 (KHTML, like Gecko) Chrome/83.0.4103.97 Safari/537.36"
54.218.175.59 - - [25/Oct/2022:22:35:15 +0200] "GET /favicon.ico HTTP/1.1" 200 1406 "-" "Mozilla/5.0 (X11; Linux x86_64) AppleWebKit/537.36 (KHTML, like Gecko) Chrome/83.0.4103.97 Safari/537.36"
85.25.177.139 - - [25/Oct/2022:22:36:44 +0200] "GET /PodCast/Bombe?action=edit&restore=diff:1301674327:1301674251:&preview=y HTTP/1.1" 200 8640 "-" "Mozilla/5.0 (Macintosh; Intel Mac OS X 10.15; rv:103.0) Gecko/20100101 Firefox/103.0"
85.25.177.139 - - [25/Oct/2022:22:38:06 +0200] "GET /PodCast/StRbe?action=edit HTTP/1.1" 200 8596 "-" "Mozilla/5.0 (Macintosh; Intel Mac OS X 10.15; rv:103.0) Gecko/20100101 Firefox/103.0"
194.209.200.2 - - [25/Oct/2022:22:39:10 +0200] "GET /robots.txt HTTP/1.1" 200 - "-" "Mozilla/5.0 (compatible; TMMBot/0.2; +http://www.dslab.ch)/Nutch-1.15"
194.209.200.2 - - [25/Oct/2022:22:39:10 +0200] "GET /Admin/Jahresbericht HTTP/1.1" 200 45530 "-" "Mozilla/5.0 (compatible; TMMBot/0.2; +http://www.dslab.ch)/Nutch-1.15"
194.209.200.2 - - [25/Oct/2022:22:39:34 +0200] "GET /Texte/Schrybwys HTTP/1.1" 200 11028 "-" "Mozilla/5.0 (compatible; TMMBot/0.2; +http://www.dslab.ch)/Nutch-1.15"
194.209.200.2 - - [25/Oct/2022:22:40:19 +0200] "GET /Texte/ArsAmatoria HTTP/1.1" 200 12369 "-" "Mozilla/5.0 (compatible; TMMBot/0.2; +http://www.dslab.ch)/Nutch-1.15"
194.209.200.2 - - [25/Oct/2022:22:40:32 +0200] "GET /Texte/GDicht HTTP/1.1" 200 8050 "-" "Mozilla/5.0 (compatible; TMMBot/0.2; +http://www.dslab.ch)/Nutch-1.15"
85.25.177.139 - - [25/Oct/2022:22:40:44 +0200] "GET /PodCast/StRbe?action=diff HTTP/1.1" 200 10775 "-" "Mozilla/5.0 (Macintosh; Intel Mac OS X 10.15; rv:103.0) Gecko/20100101 Firefox/103.0"
85.25.177.139 - - [25/Oct/2022:22:42:33 +0200] "GET /PodCast/StRbe?action=upload HTTP/1.1" 200 8496 "-" "Mozilla/5.0 (Macintosh; Intel Mac OS X 10.15; rv:103.0) Gecko/20100101 Firefox/103.0"
85.25.177.139 - - [25/Oct/2022:22:43:40 +0200] "GET /PodCast/Zugle?action=diff HTTP/1.1" 200 22636 "-" "Mozilla/5.0 (Macintosh; Intel Mac OS X 10.15; rv:103.0) Gecko/20100101 Firefox/103.0"
85.25.177.139 - - [25/Oct/2022:22:44:45 +0200] "GET /PodCast/JBJKap1?action=diff HTTP/1.1" 200 30711 "-" "Mozilla/5.0 (Macintosh; Intel Mac OS X 10.15; rv:103.0) Gecko/20100101 Firefox/103.0"
85.25.177.139 - - [25/Oct/2022:22:46:52 +0200] "GET /PodCast/Bombe?action=edit&restore=diff:1301674036:1301674036:&preview=y HTTP/1.1" 200 8640 "-" "Mozilla/5.0 (Macintosh; Intel Mac OS X 10.15; rv:103.0) Gecko/20100101 Firefox/103.0"
85.25.177.139 - - [25/Oct/2022:22:48:08 +0200] "GET /PodCast/RURAkt1TIl4?action=edit&restore=diff:1373820311:1372238642:&preview=y HTTP/1.1" 200 8734 "-" "Mozilla/5.0 (Macintosh; Intel Mac OS X 10.15; rv:103.0) Gecko/20100101 Firefox/103.0"
85.25.177.139 - - [25/Oct/2022:22:49:25 +0200] "GET /PodCast/RURAkt1TIl4?action=edit&restore=diff:1368869988:1368869988:&preview=y HTTP/1.1" 200 8734 "-" "Mozilla/5.0 (Macintosh; Intel Mac OS X 10.15; rv:103.0) Gecko/20100101 Firefox/103.0"
85.25.177.139 - - [25/Oct/2022:22:51:17 +0200] "GET /PodCast/JBJKap1?action=edit HTTP/1.1" 200 8626 "-" "Mozilla/5.0 (Macintosh; Intel Mac OS X 10.15; rv:103.0) Gecko/20100101 Firefox/103.0"
66.249.76.193 - - [25/Oct/2022:22:52:16 +0200] "GET /PodCast/IndexPage?action=rss HTTP/1.1" 200 6298 "-" "Mozilla/5.0 (compatible; Googlebot/2.1; +http://www.google.com/bot.html)"
85.25.177.139 - - [25/Oct/2022:22:52:28 +0200] "GET /PodCast/JBJKap1?action=upload HTTP/1.1" 200 8526 "-" "Mozilla/5.0 (Macintosh; Intel Mac OS X 10.15; rv:103.0) Gecko/20100101 Firefox/103.0"
85.25.177.139 - - [25/Oct/2022:22:54:06 +0200] "GET /PodCast/RURAkt1TIl4?action=edit&restore=diff:1368870387:1368869988:&preview=y HTTP/1.1" 200 8734 "-" "Mozilla/5.0 (Macintosh; Intel Mac OS X 10.15; rv:103.0) Gecko/20100101 Firefox/103.0"
203.112.72.51 - - [25/Oct/2022:22:55:57 +0200] "GET /wp-login.php HTTP/1.1" 404 278 "-" "Mozilla/5.0 (Windows NT 10.0; Win64; x64; rv:96.0) Gecko/20100101 Firefox/96"
85.25.177.139 - - [25/Oct/2022:22:56:07 +0200] "GET /PodCast/Zugle?action=edit HTTP/1.1" 200 8594 "-" "Mozilla/5.0 (Macintosh; Intel Mac OS X 10.15; rv:103.0) Gecko/20100101 Firefox/103.0"
66.249.66.206 - - [25/Oct/2022:22:56:09 +0200] "GET /PodCast/IndexPage?action=rss HTTP/1.1" 200 6298 "-" "Mozilla/5.0 (compatible; Googlebot/2.1; +http://www.google.com/bot.html)"
85.25.177.139 - - [25/Oct/2022:22:57:17 +0200] "GET /Site/51Trouttike?action=edit HTTP/1.1" 200 8637 "-" "Mozilla/5.0 (Macintosh; Intel Mac OS X 10.15; rv:103.0) Gecko/20100101 Firefox/103.0"
85.25.177.139 - - [25/Oct/2022:22:59:41 +0200] "GET /Site/51Trouttike?action=diff HTTP/1.1" 200 19859 "-" "Mozilla/5.0 (Macintosh; Intel Mac OS X 10.15; rv:103.0) Gecko/20100101 Firefox/103.0"
85.25.177.139 - - [25/Oct/2022:23:00:44 +0200] "GET /Hilfe/DateienUndProgrammverknuepfungen?action=diff HTTP/1.1" 200 9556 "-" "Mozilla/5.0 (Macintosh; Intel Mac OS X 10.15; rv:103.0) Gecko/20100101 Firefox/103.0"
85.25.177.139 - - [25/Oct/2022:23:03:34 +0200] "GET /Site/51Trouttike?action=upload HTTP/1.1" 200 8537 "-" "Mozilla/5.0 (Macintosh; Intel Mac OS X 10.15; rv:103.0) Gecko/20100101 Firefox/103.0"
85.25.177.139 - - [25/Oct/2022:23:04:27 +0200] "GET /PodCast/Schlaaffloos1?action=upload HTTP/1.1" 200 8608 "-" "Mozilla/5.0 (Macintosh; Intel Mac OS X 10.15; rv:103.0) Gecko/20100101 Firefox/103.0"
85.25.177.139 - - [25/Oct/2022:23:05:46 +0200] "GET /PodCast/Schlaaffloos1?action=edit HTTP/1.1" 200 8708 "-" "Mozilla/5.0 (Macintosh; Intel Mac OS X 10.15; rv:103.0) Gecko/20100101 Firefox/103.0"
40.77.167.74 - - [25/Oct/2022:23:08:35 +0200] "GET /PodCast/Erdegluck?action=print HTTP/1.1" 403 18 "-" "Mozilla/5.0 (compatible; bingbot/2.0; +http://www.bing.com/bingbot.htm)"
85.25.177.139 - - [25/Oct/2022:23:09:22 +0200] "GET /Hilfe/DateienUndProgrammverknuepfungen?action=print HTTP/1.1" 404 2482 "-" "Mozilla/5.0 (Macintosh; Intel Mac OS X 10.15; rv:103.0) Gecko/20100101 Firefox/103.0"
157.55.39.1 - - [25/Oct/2022:23:09:42 +0200] "GET /PodCast/Limerick345?action=print HTTP/1.1" 403 18 "-" "Mozilla/5.0 AppleWebKit/537.36 (KHTML, like Gecko; compatible; bingbot/2.0; +http://www.bing.com/bingbot.htm) Chrome/103.0.5060.134 Safari/537.36"
85.25.177.139 - - [25/Oct/2022:23:11:21 +0200] "GET /PodCast/Schlaaffloos1?action=diff HTTP/1.1" 200 18758 "-" "Mozilla/5.0 (Macintosh; Intel Mac OS X 10.15; rv:103.0) Gecko/20100101 Firefox/103.0"
85.25.177.139 - - [25/Oct/2022:23:13:10 +0200] "GET /PodCast/JBJ602?action=upload HTTP/1.1" 200 8510 "-" "Mozilla/5.0 (Macintosh; Intel Mac OS X 10.15; rv:103.0) Gecko/20100101 Firefox/103.0"
85.25.177.139 - - [25/Oct/2022:23:15:00 +0200] "GET /Hilfe/DateienUndProgrammverknuepfungen?action=upload HTTP/1.1" 200 8847 "-" "Mozilla/5.0 (Macintosh; Intel Mac OS X 10.15; rv:103.0) Gecko/20100101 Firefox/103.0"
114.119.150.210 - - [25/Oct/2022:23:15:35 +0200] "GET /robots.txt HTTP/1.1" 200 - "-" "Mozilla/5.0 (compatible;PetalBot;+https://webmaster.petalsearch.com/site/petalbot)"
85.25.177.139 - - [25/Oct/2022:23:15:56 +0200] "GET /PodCast/RURAkt1TIl4?action=diff&source=n&minor=y HTTP/1.1" 200 29425 "-" "Mozilla/5.0 (Macintosh; Intel Mac OS X 10.15; rv:103.0) Gecko/20100101 Firefox/103.0"
37.143.62.79 - - [25/Oct/2022:23:16:14 +0200] "HEAD /Main/Home HTTP/1.1" 200 - "http://www.pro-zurituutsch.ch" "Mozilla/5.0 (Windows NT 10.0; Win64; x64) AppleWebKit/537.36 (KHTML, like Gecko) Chrome/97.0.4692.71 Safari/537.36"
37.143.62.79 - - [25/Oct/2022:23:16:14 +0200] "GET /Main/Home HTTP/1.1" 200 15085 "http://www.pro-zurituutsch.ch" "Mozilla/5.0 (Windows NT 10.0; Win64; x64) AppleWebKit/537.36 (KHTML, like Gecko) Chrome/97.0.4692.71 Safari/537.36"
194.209.200.2 - - [25/Oct/2022:23:17:05 +0200] "GET /robots.txt HTTP/1.1" 200 - "-" "Mozilla/5.0 (compatible; TMMBot/0.2; +http://www.dslab.ch)/Nutch-1.15"
194.209.200.2 - - [25/Oct/2022:23:17:05 +0200] "GET /Admin/Jahresbericht HTTP/1.1" 200 45530 "-" "Mozilla/5.0 (compatible; TMMBot/0.2; +http://www.dslab.ch)/Nutch-1.15"
194.209.200.2 - - [25/Oct/2022:23:17:30 +0200] "GET /Texte/Schrybwys HTTP/1.1" 200 11028 "-" "Mozilla/5.0 (compatible; TMMBot/0.2; +http://www.dslab.ch)/Nutch-1.15"
85.25.177.139 - - [25/Oct/2022:23:18:12 +0200] "GET /PodCast/Eidsprofulaxe?action=edit HTTP/1.1" 200 8706 "-" "Mozilla/5.0 (Macintosh; Intel Mac OS X 10.15; rv:103.0) Gecko/20100101 Firefox/103.0"
194.209.200.2 - - [25/Oct/2022:23:18:19 +0200] "GET /Texte/ArsAmatoria HTTP/1.1" 200 12369 "-" "Mozilla/5.0 (compatible; TMMBot/0.2; +http://www.dslab.ch)/Nutch-1.15"
194.209.200.2 - - [25/Oct/2022:23:18:33 +0200] "GET /Texte/GDicht HTTP/1.1" 200 8050 "-" "Mozilla/5.0 (compatible; TMMBot/0.2; +http://www.dslab.ch)/Nutch-1.15"
85.25.177.139 - - [25/Oct/2022:23:21:41 +0200] "GET /PodCast/Eidsprofulaxe?action=diff HTTP/1.1" 200 12938 "-" "Mozilla/5.0 (Macintosh; Intel Mac OS X 10.15; rv:103.0) Gecko/20100101 Firefox/103.0"
85.25.177.139 - - [25/Oct/2022:23:23:32 +0200] "GET /PodCast/Eidsprofulaxe?action=upload HTTP/1.1" 200 8606 "-" "Mozilla/5.0 (Macintosh; Intel Mac OS X 10.15; rv:103.0) Gecko/20100101 Firefox/103.0"
85.25.177.139 - - [25/Oct/2022:23:24:31 +0200] "GET /PodCast/Antiikiundanderigschichte?action=edit HTTP/1.1" 200 8874 "-" "Mozilla/5.0 (Macintosh; Intel Mac OS X 10.15; rv:103.0) Gecko/20100101 Firefox/103.0"
85.25.177.139 - - [25/Oct/2022:23:25:26 +0200] "GET /PodCast/Antiikiundanderigschichte?action=diff HTTP/1.1" 200 11686 "-" "Mozilla/5.0 (Macintosh; Intel Mac OS X 10.15; rv:103.0) Gecko/20100101 Firefox/103.0"
85.25.177.139 - - [25/Oct/2022:23:27:20 +0200] "GET /PodCast/Antiikiundanderigschichte?action=upload HTTP/1.1" 200 8774 "-" "Mozilla/5.0 (Macintosh; Intel Mac OS X 10.15; rv:103.0) Gecko/20100101 Firefox/103.0"
85.25.177.139 - - [25/Oct/2022:23:29:55 +0200] "GET /PodCast/RURAkt1TIl4?action=diff&source=n&minor=y HTTP/1.1" 200 29425 "-" "Mozilla/5.0 (Macintosh; Intel Mac OS X 10.15; rv:103.0) Gecko/20100101 Firefox/103.0"
85.25.177.139 - - [25/Oct/2022:23:31:23 +0200] "GET /PodCast/JBJInhaltsverzaichnis HTTP/1.1" 200 12203 "-" "Mozilla/5.0 (Macintosh; Intel Mac OS X 10.15; rv:103.0) Gecko/20100101 Firefox/103.0"
85.25.177.139 - - [25/Oct/2022:23:32:26 +0200] "GET /PodCast/RURAkt1TIl4?action=diff&source=y&minor=n HTTP/1.1" 200 27264 "-" "Mozilla/5.0 (Macintosh; Intel Mac OS X 10.15; rv:103.0) Gecko/20100101 Firefox/103.0"
85.25.177.139 - - [25/Oct/2022:23:33:57 +0200] "GET /PodCast/PodCastJissai?action=diff HTTP/1.1" 200 20282 "-" "Mozilla/5.0 (Macintosh; Intel Mac OS X 10.15; rv:103.0) Gecko/20100101 Firefox/103.0"
85.25.177.139 - - [25/Oct/2022:23:36:53 +0200] "GET /PodCast/RURAkt1TIl4?action=edit&restore=diff:1372238642:1368870461:&preview=y HTTP/1.1" 200 8734 "-" "Mozilla/5.0 (Macintosh; Intel Mac OS X 10.15; rv:103.0) Gecko/20100101 Firefox/103.0"
85.25.177.139 - - [25/Oct/2022:23:38:21 +0200] "GET /PodCast/PodCastJissai?action=upload HTTP/1.1" 200 8610 "-" "Mozilla/5.0 (Macintosh; Intel Mac OS X 10.15; rv:103.0) Gecko/20100101 Firefox/103.0"
86.93.193.74 - - [25/Oct/2022:23:38:32 +0200] "GET / HTTP/1.1" 200 15085 "https://www.google.nl/" "Mozilla/5.0 (iPhone; CPU iPhone OS 14_7_1 like Mac OS X) AppleWebKit/605.1.15 (KHTML, like Gecko) Version/14.1.2 Mobile/15E148 Safari/604.1"
86.93.193.74 - - [25/Oct/2022:23:38:32 +0200] "GET /pub/skins/pro-zurituutsch/gila.css HTTP/1.1" 200 10186 "http://www.pro-zurituutsch.ch/" "Mozilla/5.0 (iPhone; CPU iPhone OS 14_7_1 like Mac OS X) AppleWebKit/605.1.15 (KHTML, like Gecko) Version/14.1.2 Mobile/15E148 Safari/604.1"
86.93.193.74 - - [25/Oct/2022:23:38:32 +0200] "GET /uploads/Main/logo.jpg HTTP/1.1" 200 29066 "http://www.pro-zurituutsch.ch/" "Mozilla/5.0 (iPhone; CPU iPhone OS 14_7_1 like Mac OS X) AppleWebKit/605.1.15 (KHTML, like Gecko) Version/14.1.2 Mobile/15E148 Safari/604.1"
86.93.193.74 - - [25/Oct/2022:23:38:32 +0200] "GET /pub/skins/pro-zurituutsch/images/external.png HTTP/1.1" 200 165 "http://www.pro-zurituutsch.ch/" "Mozilla/5.0 (iPhone; CPU iPhone OS 14_7_1 like Mac OS X) AppleWebKit/605.1.15 (KHTML, like Gecko) Version/14.1.2 Mobile/15E148 Safari/604.1"
85.25.177.139 - - [25/Oct/2022:23:41:08 +0200] "GET /PodCast/PodCastJissai?action=edit HTTP/1.1" 200 8710 "-" "Mozilla/5.0 (Macintosh; Intel Mac OS X 10.15; rv:103.0) Gecko/20100101 Firefox/103.0"
85.25.177.139 - - [25/Oct/2022:23:42:35 +0200] "GET /PodCast/Limerick29?action=upload HTTP/1.1" 200 8566 "-" "Mozilla/5.0 (Macintosh; Intel Mac OS X 10.15; rv:103.0) Gecko/20100101 Firefox/103.0"
85.25.177.139 - - [25/Oct/2022:23:44:41 +0200] "GET /PodCast/Nostalgy?action=upload HTTP/1.1" 200 8536 "-" "Mozilla/5.0 (Macintosh; Intel Mac OS X 10.15; rv:103.0) Gecko/20100101 Firefox/103.0"
65.108.231.158 - - [25/Oct/2022:23:45:36 +0200] "GET /robots.txt HTTP/1.1" 200 - "-" "Mozilla/5.0 (compatible; MJ12bot/v1.4.8; http://mj12bot.com/)"
85.25.177.139 - - [25/Oct/2022:23:45:42 +0200] "GET /PodCast/RURAkt1TIl4?action=edit&restore=diff:1368870461:1368870387:&preview=y HTTP/1.1" 200 8734 "-" "Mozilla/5.0 (Macintosh; Intel Mac OS X 10.15; rv:103.0) Gecko/20100101 Firefox/103.0"
65.108.231.158 - - [25/Oct/2022:23:46:14 +0200] "GET /uploads/PodCast/Rezmebeforeyou HTTP/1.1" 200 3448725 "-" "Mozilla/5.0 (compatible; MJ12bot/v1.4.8; http://mj12bot.com/)"
85.25.177.139 - - [25/Oct/2022:23:47:29 +0200] "GET /PodCast/Nostalgy?action=diff HTTP/1.1" 200 13036 "-" "Mozilla/5.0 (Macintosh; Intel Mac OS X 10.15; rv:103.0) Gecko/20100101 Firefox/103.0"
66.249.76.196 - - [25/Oct/2022:23:48:34 +0200] "GET /PodCast/IndexPage?action=rss HTTP/1.1" 200 6298 "-" "Mozilla/5.0 (compatible; Googlebot/2.1; +http://www.google.com/bot.html)"
3.216.185.164 - - [25/Oct/2022:23:48:43 +0200] "GET /PodCast/IndexPage?action=rss HTTP/1.1" 200 6298 "-" "PocketCasts/1.0 (Pocket Casts Feed Parser; +http://pocketcasts.com/)"
154.13.48.140 - - [25/Oct/2022:23:48:55 +0200] "HEAD /Bestellen/Pschtellf HTTP/1.1" 200 - "http://www.pro-zurituutsch.ch" "Mozilla/5.0 (Windows NT 10.0; Win64; x64) AppleWebKit/537.36 (KHTML, like Gecko) Chrome/97.0.4692.71 Safari/537.36"
154.13.48.140 - - [25/Oct/2022:23:48:57 +0200] "GET /Bestellen/Pschtellf HTTP/1.1" 200 11129 "http://www.pro-zurituutsch.ch" "Mozilla/5.0 (Windows NT 10.0; Win64; x64) AppleWebKit/537.36 (KHTML, like Gecko) Chrome/97.0.4692.71 Safari/537.36"
85.25.177.139 - - [25/Oct/2022:23:49:17 +0200] "GET /Site/200Quellen?action=edit&restore=diff:1276877245:1276877164:&preview=y HTTP/1.1" 200 8669 "-" "Mozilla/5.0 (Macintosh; Intel Mac OS X 10.15; rv:103.0) Gecko/20100101 Firefox/103.0"
85.25.177.139 - - [25/Oct/2022:23:51:12 +0200] "GET /PodCast/Nostalgy?action=edit HTTP/1.1" 200 8636 "-" "Mozilla/5.0 (Macintosh; Intel Mac OS X 10.15; rv:103.0) Gecko/20100101 Firefox/103.0"
66.249.76.196 - - [25/Oct/2022:23:52:16 +0200] "GET /PodCast/IndexPage?action=rss HTTP/1.1" 200 6298 "-" "Mozilla/5.0 (compatible; Googlebot/2.1; +http://www.google.com/bot.html)"
85.25.177.139 - - [25/Oct/2022:23:53:11 +0200] "GET /PodCast/Limerick29?action=diff HTTP/1.1" 200 13599 "-" "Mozilla/5.0 (Macintosh; Intel Mac OS X 10.15; rv:103.0) Gecko/20100101 Firefox/103.0"
85.25.177.139 - - [25/Oct/2022:23:54:37 +0200] "GET /Site/200Quellen?action=edit&restore=diff:1276877539:1276877245:&preview=y HTTP/1.1" 200 8669 "-" "Mozilla/5.0 (Macintosh; Intel Mac OS X 10.15; rv:103.0) Gecko/20100101 Firefox/103.0"
85.25.177.139 - - [25/Oct/2022:23:56:48 +0200] "GET /Site/200Quellen?action=edit&restore=diff:1276877164:1276877164:&preview=y HTTP/1.1" 200 8669 "-" "Mozilla/5.0 (Macintosh; Intel Mac OS X 10.15; rv:103.0) Gecko/20100101 Firefox/103.0"
85.25.177.139 - - [25/Oct/2022:23:57:50 +0200] "GET /PodCast/Limerick29?action=edit HTTP/1.1" 200 8666 "-" "Mozilla/5.0 (Macintosh; Intel Mac OS X 10.15; rv:103.0) Gecko/20100101 Firefox/103.0"
