65.108.0.150 - - [07/Oct/2022:02:59:04 +0200] "GET /PodCast/Erdegluck HTTP/1.1" 200 16727 "http://www.pro-zurituutsch.ch/PodCast/IndexPage" "Mozilla/5.0 (compatible; SEOkicks; +https://www.seokicks.de/robot.html)"
65.108.0.150 - - [07/Oct/2022:02:59:05 +0200] "GET /PodCast/Mordspilot HTTP/1.1" 200 12897 "http://www.pro-zurituutsch.ch/PodCast/IndexPage" "Mozilla/5.0 (compatible; SEOkicks; +https://www.seokicks.de/robot.html)"
65.108.0.150 - - [07/Oct/2022:02:59:06 +0200] "GET /PodCast/Limerick29 HTTP/1.1" 200 8812 "http://www.pro-zurituutsch.ch/PodCast/IndexPage" "Mozilla/5.0 (compatible; SEOkicks; +https://www.seokicks.de/robot.html)"
65.108.0.150 - - [07/Oct/2022:02:59:08 +0200] "GET /PodCast/Sbysst HTTP/1.1" 200 17403 "http://www.pro-zurituutsch.ch/PodCast/IndexPage" "Mozilla/5.0 (compatible; SEOkicks; +https://www.seokicks.de/robot.html)"
65.108.0.150 - - [07/Oct/2022:02:59:09 +0200] "GET /PodCast/Limerick28?action=edit HTTP/1.1" 404 18 "http://www.pro-zurituutsch.ch/PodCast/IndexPage" "Mozilla/5.0 (compatible; SEOkicks; +https://www.seokicks.de/robot.html)"
65.108.0.150 - - [07/Oct/2022:02:59:10 +0200] "GET /PodCast/Haiweeturgg HTTP/1.1" 200 11503 "http://www.pro-zurituutsch.ch/PodCast/IndexPage" "Mozilla/5.0 (compatible; SEOkicks; +https://www.seokicks.de/robot.html)"
85.25.177.139 - - [07/Oct/2022:02:59:10 +0200] "GET /Site/121Sitkouscht1482?action=edit&restore=diff:1255631832:1255630598:&preview=y HTTP/1.1" 200 8769 "-" "Mozilla/5.0 (Macintosh; Intel Mac OS X 10.15; rv:103.0) Gecko/20100101 Firefox/103.0"
65.108.0.150 - - [07/Oct/2022:02:59:11 +0200] "GET /PodCast/JBJNaawort HTTP/1.1" 200 17472 "http://www.pro-zurituutsch.ch/PodCast/IndexPage" "Mozilla/5.0 (compatible; SEOkicks; +https://www.seokicks.de/robot.html)"
65.108.0.150 - - [07/Oct/2022:02:59:12 +0200] "GET /JissIBNJoussouff7/02?action=edit HTTP/1.1" 404 18 "http://www.pro-zurituutsch.ch/PodCast/IndexPage" "Mozilla/5.0 (compatible; SEOkicks; +https://www.seokicks.de/robot.html)"
65.108.0.150 - - [07/Oct/2022:02:59:13 +0200] "GET /JissIBNJoussouff7/01 HTTP/1.1" 200 8155 "http://www.pro-zurituutsch.ch/PodCast/IndexPage" "Mozilla/5.0 (compatible; SEOkicks; +https://www.seokicks.de/robot.html)"
65.108.0.150 - - [07/Oct/2022:02:59:15 +0200] "GET /JissIBNJoussouff7/GNU/Emacs HTTP/1.1" 404 264 "http://www.pro-zurituutsch.ch/JissIBNJoussouff7/01" "Mozilla/5.0 (compatible; SEOkicks; +https://www.seokicks.de/robot.html)"
85.25.177.139 - - [07/Oct/2022:02:59:47 +0200] "GET /PmWikiDe/SitePageActions?action=diff HTTP/1.1" 200 7789 "-" "Mozilla/5.0 (Macintosh; Intel Mac OS X 10.15; rv:103.0) Gecko/20100101 Firefox/103.0"
194.209.200.2 - - [07/Oct/2022:03:01:07 +0200] "GET /robots.txt HTTP/1.1" 200 - "-" "Mozilla/5.0 (compatible; TMMBot/0.2; +http://www.dslab.ch)/Nutch-1.15"
194.209.200.2 - - [07/Oct/2022:03:01:07 +0200] "GET /Texte/Limericks HTTP/1.1" 200 8087 "-" "Mozilla/5.0 (compatible; TMMBot/0.2; +http://www.dslab.ch)/Nutch-1.15"
194.209.200.2 - - [07/Oct/2022:03:01:12 +0200] "GET /Texte/Schrybwys HTTP/1.1" 200 11028 "-" "Mozilla/5.0 (compatible; TMMBot/0.2; +http://www.dslab.ch)/Nutch-1.15"
85.25.177.139 - - [07/Oct/2022:03:01:27 +0200] "GET /PmWikiDe/Dokumentationsindex?action=print HTTP/1.1" 200 15371 "-" "Mozilla/5.0 (Macintosh; Intel Mac OS X 10.15; rv:103.0) Gecko/20100101 Firefox/103.0"
194.209.200.2 - - [07/Oct/2022:03:01:56 +0200] "GET /Texte/ArsAmatoria HTTP/1.1" 200 12369 "-" "Mozilla/5.0 (compatible; TMMBot/0.2; +http://www.dslab.ch)/Nutch-1.15"
85.25.177.139 - - [07/Oct/2022:03:03:18 +0200] "GET /Cookbook/CSVAction?action=diff&source=y&minor=y HTTP/1.1" 200 9234 "-" "Mozilla/5.0 (Macintosh; Intel Mac OS X 10.15; rv:103.0) Gecko/20100101 Firefox/103.0"
85.25.177.139 - - [07/Oct/2022:03:04:09 +0200] "GET /PmWikiDe/SitePageActions?action=upload HTTP/1.1" 200 7108 "-" "Mozilla/5.0 (Macintosh; Intel Mac OS X 10.15; rv:103.0) Gecko/20100101 Firefox/103.0"
85.25.177.139 - - [07/Oct/2022:03:05:01 +0200] "GET /Cookbook/CSVAction?action=diff&source=n&minor=n HTTP/1.1" 200 9240 "-" "Mozilla/5.0 (Macintosh; Intel Mac OS X 10.15; rv:103.0) Gecko/20100101 Firefox/103.0"
66.249.76.222 - - [07/Oct/2022:03:05:29 +0200] "GET /PodCast/IndexPage?action=rss HTTP/1.1" 200 6298 "-" "Mozilla/5.0 (compatible; Googlebot/2.1; +http://www.google.com/bot.html)"
85.25.177.139 - - [07/Oct/2022:03:06:32 +0200] "GET /PmWikiDe/SitePageActions?action=print HTTP/1.1" 404 2429 "-" "Mozilla/5.0 (Macintosh; Intel Mac OS X 10.15; rv:103.0) Gecko/20100101 Firefox/103.0"
85.25.177.139 - - [07/Oct/2022:03:07:35 +0200] "GET /PmWikiDe/PerGroupCustomizations?action=upload HTTP/1.1" 200 7206 "-" "Mozilla/5.0 (Macintosh; Intel Mac OS X 10.15; rv:103.0) Gecko/20100101 Firefox/103.0"
216.244.66.243 - - [07/Oct/2022:03:08:02 +0200] "GET /robots.txt HTTP/1.1" 200 - "-" "Mozilla/5.0 (compatible; DotBot/1.2; +https://opensiteexplorer.org/dotbot; help@moz.com)"
194.209.200.2 - - [07/Oct/2022:03:08:16 +0200] "GET /robots.txt HTTP/1.1" 200 - "-" "Mozilla/5.0 (compatible; TMMBot/0.2; +http://www.dslab.ch)/Nutch-1.15"
194.209.200.2 - - [07/Oct/2022:03:08:16 +0200] "GET /Texte/Limericks HTTP/1.1" 200 8087 "-" "Mozilla/5.0 (compatible; TMMBot/0.2; +http://www.dslab.ch)/Nutch-1.15"
194.209.200.2 - - [07/Oct/2022:03:08:22 +0200] "GET /Texte/Schrybwys HTTP/1.1" 200 11028 "-" "Mozilla/5.0 (compatible; TMMBot/0.2; +http://www.dslab.ch)/Nutch-1.15"
85.25.177.139 - - [07/Oct/2022:03:09:20 +0200] "GET /PmWikiDe/PerGroupCustomizations?action=diff HTTP/1.1" 200 7901 "-" "Mozilla/5.0 (Macintosh; Intel Mac OS X 10.15; rv:103.0) Gecko/20100101 Firefox/103.0"
194.209.200.2 - - [07/Oct/2022:03:09:24 +0200] "GET /Texte/ArsAmatoria HTTP/1.1" 200 12369 "-" "Mozilla/5.0 (compatible; TMMBot/0.2; +http://www.dslab.ch)/Nutch-1.15"
85.25.177.139 - - [07/Oct/2022:03:10:46 +0200] "GET /PmWikiDe/LinkVariables?action=upload HTTP/1.1" 200 7078 "-" "Mozilla/5.0 (Macintosh; Intel Mac OS X 10.15; rv:103.0) Gecko/20100101 Firefox/103.0"
45.138.74.197 - - [07/Oct/2022:03:11:44 +0200] "GET / HTTP/1.1" 200 15085 "https://saunapermi.ru/" "Mozilla/4.0 (compatible; MSIE 6.0; Windows NT 5.1)"
45.138.74.197 - - [07/Oct/2022:03:11:44 +0200] "GET / HTTP/1.1" 200 15085 "https://saunapermi.ru/" "Mozilla/4.0 (compatible; MSIE 6.0; Windows NT 5.1)"
45.138.74.197 - - [07/Oct/2022:03:11:44 +0200] "GET / HTTP/1.1" 200 15085 "https://saunapermi.ru/" "Mozilla/4.0 (compatible; MSIE 6.0; Windows NT 5.1)"
85.25.177.139 - - [07/Oct/2022:03:12:05 +0200] "GET /PmWikiDe/PerGroupCustomizations?action=print HTTP/1.1" 404 2457 "-" "Mozilla/5.0 (Macintosh; Intel Mac OS X 10.15; rv:103.0) Gecko/20100101 Firefox/103.0"
85.25.177.139 - - [07/Oct/2022:03:12:42 +0200] "GET /PmWikiDe/LinkVariables?action=diff HTTP/1.1" 200 7755 "-" "Mozilla/5.0 (Macintosh; Intel Mac OS X 10.15; rv:103.0) Gecko/20100101 Firefox/103.0"
194.209.200.2 - - [07/Oct/2022:03:13:17 +0200] "GET /Admin/Pro-ZurituutschStatuten HTTP/1.1" 200 9580 "-" "Mozilla/5.0 (compatible; TMMBot/0.2; +http://www.dslab.ch)/Nutch-1.15"
85.25.177.139 - - [07/Oct/2022:03:13:30 +0200] "GET /PmWiki/PmWikiPhilosophy?action=diff&source=y&minor=n HTTP/1.1" 200 9315 "-" "Mozilla/5.0 (Macintosh; Intel Mac OS X 10.15; rv:103.0) Gecko/20100101 Firefox/103.0"
85.25.177.139 - - [07/Oct/2022:03:16:17 +0200] "GET /PmWiki/PmWikiPhilosophy?action=diff&source=n&minor=y HTTP/1.1" 200 9325 "-" "Mozilla/5.0 (Macintosh; Intel Mac OS X 10.15; rv:103.0) Gecko/20100101 Firefox/103.0"
85.25.177.139 - - [07/Oct/2022:03:18:03 +0200] "GET /PmWikiDe/LinkVariables?action=print HTTP/1.1" 404 2421 "-" "Mozilla/5.0 (Macintosh; Intel Mac OS X 10.15; rv:103.0) Gecko/20100101 Firefox/103.0"
85.25.177.139 - - [07/Oct/2022:03:19:11 +0200] "GET /PmWikiDe/NichtexistierendenSeiten?action=print HTTP/1.1" 404 2465 "-" "Mozilla/5.0 (Macintosh; Intel Mac OS X 10.15; rv:103.0) Gecko/20100101 Firefox/103.0"
185.191.171.11 - - [07/Oct/2022:03:20:09 +0200] "GET /PmWikiDe/TextFormattingRules HTTP/1.1" 200 21902 "-" "Mozilla/5.0 (compatible; SemrushBot/7~bl; +http://www.semrush.com/bot.html)"
85.25.177.139 - - [07/Oct/2022:03:21:13 +0200] "GET /PmWikiDe/Tables?action=print HTTP/1.1" 404 2393 "-" "Mozilla/5.0 (Macintosh; Intel Mac OS X 10.15; rv:103.0) Gecko/20100101 Firefox/103.0"
85.25.177.139 - - [07/Oct/2022:03:21:52 +0200] "GET /PmWikiDe/WasIstEinWiki?action=print HTTP/1.1" 404 2421 "-" "Mozilla/5.0 (Macintosh; Intel Mac OS X 10.15; rv:103.0) Gecko/20100101 Firefox/103.0"
85.25.177.139 - - [07/Oct/2022:03:23:00 +0200] "GET /PmWikiDe/Tables?action=diff HTTP/1.1" 200 7641 "-" "Mozilla/5.0 (Macintosh; Intel Mac OS X 10.15; rv:103.0) Gecko/20100101 Firefox/103.0"
65.108.0.150 - - [07/Oct/2022:03:24:15 +0200] "GET /JissIBNJoussouff6/02?action=edit HTTP/1.1" 404 18 "http://www.pro-zurituutsch.ch/PodCast/IndexPage" "Mozilla/5.0 (compatible; SEOkicks; +https://www.seokicks.de/robot.html)"
65.108.0.150 - - [07/Oct/2022:03:24:16 +0200] "GET /JissIBNJoussouff6/01?action=edit HTTP/1.1" 404 18 "http://www.pro-zurituutsch.ch/PodCast/IndexPage" "Mozilla/5.0 (compatible; SEOkicks; +https://www.seokicks.de/robot.html)"
65.108.0.150 - - [07/Oct/2022:03:24:17 +0200] "GET /JissIBNJoussouff4/02 HTTP/1.1" 200 8155 "http://www.pro-zurituutsch.ch/PodCast/IndexPage" "Mozilla/5.0 (compatible; SEOkicks; +https://www.seokicks.de/robot.html)"
65.108.0.150 - - [07/Oct/2022:03:24:18 +0200] "GET /JissIBNJoussouff4/GNU/Emacs HTTP/1.1" 404 264 "http://www.pro-zurituutsch.ch/JissIBNJoussouff4/02" "Mozilla/5.0 (compatible; SEOkicks; +https://www.seokicks.de/robot.html)"
65.108.0.150 - - [07/Oct/2022:03:24:19 +0200] "GET /JissIBNJoussouff5/02?action=edit HTTP/1.1" 404 18 "http://www.pro-zurituutsch.ch/PodCast/IndexPage" "Mozilla/5.0 (compatible; SEOkicks; +https://www.seokicks.de/robot.html)"
65.108.0.150 - - [07/Oct/2022:03:24:20 +0200] "GET /JissIBNJoussouff5/01?action=edit HTTP/1.1" 404 18 "http://www.pro-zurituutsch.ch/PodCast/IndexPage" "Mozilla/5.0 (compatible; SEOkicks; +https://www.seokicks.de/robot.html)"
65.108.0.150 - - [07/Oct/2022:03:24:21 +0200] "GET /JissIBNJoussouff4/01?action=edit HTTP/1.1" 404 18 "http://www.pro-zurituutsch.ch/PodCast/IndexPage" "Mozilla/5.0 (compatible; SEOkicks; +https://www.seokicks.de/robot.html)"
85.25.177.139 - - [07/Oct/2022:03:24:22 +0200] "GET /PmWikiDe/WasIstEinWiki?action=upload HTTP/1.1" 200 7082 "-" "Mozilla/5.0 (Macintosh; Intel Mac OS X 10.15; rv:103.0) Gecko/20100101 Firefox/103.0"
65.108.0.150 - - [07/Oct/2022:03:24:22 +0200] "GET /JissIBNJoussouff3/02 HTTP/1.1" 200 8155 "http://www.pro-zurituutsch.ch/PodCast/IndexPage" "Mozilla/5.0 (compatible; SEOkicks; +https://www.seokicks.de/robot.html)"
65.108.0.150 - - [07/Oct/2022:03:24:24 +0200] "GET /JissIBNJoussouff3/GNU/Emacs HTTP/1.1" 404 264 "http://www.pro-zurituutsch.ch/JissIBNJoussouff3/02" "Mozilla/5.0 (compatible; SEOkicks; +https://www.seokicks.de/robot.html)"
65.108.0.150 - - [07/Oct/2022:03:24:25 +0200] "GET /JissIBNJoussouff3/01 HTTP/1.1" 200 8171 "http://www.pro-zurituutsch.ch/PodCast/IndexPage" "Mozilla/5.0 (compatible; SEOkicks; +https://www.seokicks.de/robot.html)"
65.108.0.150 - - [07/Oct/2022:03:24:26 +0200] "GET /JissIBNJoussouff2/02?action=edit HTTP/1.1" 404 18 "http://www.pro-zurituutsch.ch/PodCast/IndexPage" "Mozilla/5.0 (compatible; SEOkicks; +https://www.seokicks.de/robot.html)"
85.25.177.139 - - [07/Oct/2022:03:24:57 +0200] "GET /PmWikiDe/Tables?action=upload HTTP/1.1" 200 6978 "-" "Mozilla/5.0 (Macintosh; Intel Mac OS X 10.15; rv:103.0) Gecko/20100101 Firefox/103.0"
85.25.177.139 - - [07/Oct/2022:03:25:51 +0200] "GET /PmWiki/FAQ?action=diff HTTP/1.1" 200 9105 "-" "Mozilla/5.0 (Macintosh; Intel Mac OS X 10.15; rv:103.0) Gecko/20100101 Firefox/103.0"
216.244.66.243 - - [07/Oct/2022:03:25:57 +0200] "GET /PmWikiDe/WikiSeite HTTP/1.1" 200 6901 "-" "Mozilla/5.0 (compatible; DotBot/1.2; +https://opensiteexplorer.org/dotbot; help@moz.com)"
85.25.177.139 - - [07/Oct/2022:03:27:31 +0200] "GET /PmWikiDe/WasIstEinWiki?action=diff HTTP/1.1" 200 7759 "-" "Mozilla/5.0 (Macintosh; Intel Mac OS X 10.15; rv:103.0) Gecko/20100101 Firefox/103.0"
85.25.177.139 - - [07/Oct/2022:03:29:20 +0200] "GET /PmWikiDe/WikiNode?action=diff&source=n&minor=y HTTP/1.1" 200 7683 "-" "Mozilla/5.0 (Macintosh; Intel Mac OS X 10.15; rv:103.0) Gecko/20100101 Firefox/103.0"
51.222.253.11 - - [07/Oct/2022:03:31:25 +0200] "GET /robots.txt HTTP/1.1" 200 - "-" "Mozilla/5.0 (compatible; AhrefsBot/7.0; +http://ahrefs.com/robot/)"
85.25.177.139 - - [07/Oct/2022:03:31:27 +0200] "GET /PmWikiDe/WikiNode?action=diff&source=y&minor=n HTTP/1.1" 200 7673 "-" "Mozilla/5.0 (Macintosh; Intel Mac OS X 10.15; rv:103.0) Gecko/20100101 Firefox/103.0"
185.191.171.44 - - [07/Oct/2022:03:32:06 +0200] "GET /robots.txt HTTP/1.1" 200 - "-" "Mozilla/5.0 (compatible; SemrushBot/7~bl; +http://www.semrush.com/bot.html)"
185.191.171.13 - - [07/Oct/2022:03:32:06 +0200] "GET /PmWikiRu/DesignNotes HTTP/1.1" 200 12306 "-" "Mozilla/5.0 (compatible; SemrushBot/7~bl; +http://www.semrush.com/bot.html)"
85.25.177.139 - - [07/Oct/2022:03:33:11 +0200] "GET /PmWikiDe/SpezielleInstallationen?action=diff&source=n&minor=y HTTP/1.1" 200 7923 "-" "Mozilla/5.0 (Macintosh; Intel Mac OS X 10.15; rv:103.0) Gecko/20100101 Firefox/103.0"
85.25.177.139 - - [07/Oct/2022:03:34:15 +0200] "GET /Site/AttrForm?action=edit HTTP/1.1" 200 8595 "-" "Mozilla/5.0 (Macintosh; Intel Mac OS X 10.15; rv:103.0) Gecko/20100101 Firefox/103.0"
85.25.177.139 - - [07/Oct/2022:03:35:12 +0200] "GET /PmWikiDe/SpezielleInstallationen?action=diff&source=y&minor=n HTTP/1.1" 200 7913 "-" "Mozilla/5.0 (Macintosh; Intel Mac OS X 10.15; rv:103.0) Gecko/20100101 Firefox/103.0"
85.25.177.139 - - [07/Oct/2022:03:36:54 +0200] "GET /PmWikiJa/PmWikiJa?action=diff&source=n&minor=y HTTP/1.1" 200 9230 "-" "Mozilla/5.0 (Macintosh; Intel Mac OS X 10.15; rv:103.0) Gecko/20100101 Firefox/103.0"
40.77.167.55 - - [07/Oct/2022:03:38:08 +0200] "GET /Site/Search?pagename=Site%2FSearch&q= HTTP/1.1" 200 10615 "-" "Mozilla/5.0 (compatible; bingbot/2.0; +http://www.bing.com/bingbot.htm)"
85.25.177.139 - - [07/Oct/2022:03:38:56 +0200] "GET /PmWikiJa/PmWikiJa?action=print HTTP/1.1" 200 7377 "-" "Mozilla/5.0 (Macintosh; Intel Mac OS X 10.15; rv:103.0) Gecko/20100101 Firefox/103.0"
85.25.177.139 - - [07/Oct/2022:03:40:45 +0200] "GET /PmWikiDe/MailingLists?action=diff&source=n&minor=y HTTP/1.1" 200 7747 "-" "Mozilla/5.0 (Macintosh; Intel Mac OS X 10.15; rv:103.0) Gecko/20100101 Firefox/103.0"
85.25.177.139 - - [07/Oct/2022:03:41:41 +0200] "GET /PmWikiFr/WebHosts?action=print HTTP/1.1" 200 12281 "-" "Mozilla/5.0 (Macintosh; Intel Mac OS X 10.15; rv:103.0) Gecko/20100101 Firefox/103.0"
3.216.185.164 - - [07/Oct/2022:03:43:21 +0200] "GET /PodCast/IndexPage?action=rss HTTP/1.1" 200 6298 "-" "PocketCasts/1.0 (Pocket Casts Feed Parser; +http://pocketcasts.com/)"
185.191.171.4 - - [07/Oct/2022:03:43:45 +0200] "GET /PmWikiRu/WikiAdministrator HTTP/1.1" 200 11824 "-" "Mozilla/5.0 (compatible; SemrushBot/7~bl; +http://www.semrush.com/bot.html)"
66.249.76.193 - - [07/Oct/2022:03:43:52 +0200] "GET /PodCast/IndexPage?action=rss HTTP/1.1" 200 6298 "-" "Mozilla/5.0 (compatible; Googlebot/2.1; +http://www.google.com/bot.html)"
85.25.177.139 - - [07/Oct/2022:03:43:56 +0200] "GET /Profiles/Pm?action=upload HTTP/1.1" 200 8465 "-" "Mozilla/5.0 (Macintosh; Intel Mac OS X 10.15; rv:103.0) Gecko/20100101 Firefox/103.0"
85.25.177.139 - - [07/Oct/2022:03:44:52 +0200] "GET /PmWikiDe/MailingLists?action=diff&source=y&minor=n HTTP/1.1" 200 7737 "-" "Mozilla/5.0 (Macintosh; Intel Mac OS X 10.15; rv:103.0) Gecko/20100101 Firefox/103.0"
85.25.177.139 - - [07/Oct/2022:03:45:28 +0200] "GET /Profiles/Jose?action=print HTTP/1.1" 404 2385 "-" "Mozilla/5.0 (Macintosh; Intel Mac OS X 10.15; rv:103.0) Gecko/20100101 Firefox/103.0"
65.108.0.150 - - [07/Oct/2022:03:45:50 +0200] "GET /PodCast/Limerick27 HTTP/1.1" 200 8704 "http://www.pro-zurituutsch.ch/PodCast/IndexPage" "Mozilla/5.0 (compatible; SEOkicks; +https://www.seokicks.de/robot.html)"
85.25.177.139 - - [07/Oct/2022:03:47:20 +0200] "GET /PmWiki/Introduction?action=edit HTTP/1.1" 200 8678 "-" "Mozilla/5.0 (Macintosh; Intel Mac OS X 10.15; rv:103.0) Gecko/20100101 Firefox/103.0"
85.25.177.139 - - [07/Oct/2022:03:48:08 +0200] "GET /Profiles/Jose?action=diff HTTP/1.1" 200 9152 "-" "Mozilla/5.0 (Macintosh; Intel Mac OS X 10.15; rv:103.0) Gecko/20100101 Firefox/103.0"
85.25.177.139 - - [07/Oct/2022:03:50:06 +0200] "GET /PmWikiDe/Dokumentationsindex?action=diff HTTP/1.1" 200 7849 "-" "Mozilla/5.0 (Macintosh; Intel Mac OS X 10.15; rv:103.0) Gecko/20100101 Firefox/103.0"
85.25.177.139 - - [07/Oct/2022:03:51:37 +0200] "GET /PmWikiDe/ZuLSchen?action=edit HTTP/1.1" 200 7110 "-" "Mozilla/5.0 (Macintosh; Intel Mac OS X 10.15; rv:103.0) Gecko/20100101 Firefox/103.0"
85.25.177.139 - - [07/Oct/2022:03:53:23 +0200] "GET /Profiles/Pierre79?action=edit HTTP/1.1" 200 8651 "-" "Mozilla/5.0 (Macintosh; Intel Mac OS X 10.15; rv:103.0) Gecko/20100101 Firefox/103.0"
85.25.177.139 - - [07/Oct/2022:03:54:03 +0200] "GET /PmWiki/Introduction?action=diff HTTP/1.1" 200 9249 "-" "Mozilla/5.0 (Macintosh; Intel Mac OS X 10.15; rv:103.0) Gecko/20100101 Firefox/103.0"
85.25.177.139 - - [07/Oct/2022:03:55:20 +0200] "GET /PmWikiDe/Wikigruppen?action=diff HTTP/1.1" 200 7721 "-" "Mozilla/5.0 (Macintosh; Intel Mac OS X 10.15; rv:103.0) Gecko/20100101 Firefox/103.0"
185.191.171.10 - - [07/Oct/2022:03:55:29 +0200] "GET /PmWikiFr/ErrorMessages HTTP/1.1" 200 16420 "-" "Mozilla/5.0 (compatible; SemrushBot/7~bl; +http://www.semrush.com/bot.html)"
85.25.177.139 - - [07/Oct/2022:03:55:56 +0200] "GET /PmWikiFr/IndexDocumentation HTTP/1.1" 200 16810 "-" "Mozilla/5.0 (Macintosh; Intel Mac OS X 10.15; rv:103.0) Gecko/20100101 Firefox/103.0"
85.25.177.139 - - [07/Oct/2022:03:56:55 +0200] "GET /PmWikiFr/EtatDeLaTraduction HTTP/1.1" 200 56499 "-" "Mozilla/5.0 (Macintosh; Intel Mac OS X 10.15; rv:103.0) Gecko/20100101 Firefox/103.0"
66.249.76.222 - - [07/Oct/2022:03:57:40 +0200] "GET /PodCast/IndexPage?action=rss HTTP/1.1" 200 6298 "-" "Mozilla/5.0 (compatible; Googlebot/2.1; +http://www.google.com/bot.html)"
85.25.177.139 - - [07/Oct/2022:03:58:07 +0200] "GET /PmWikiFr/SitePages HTTP/1.1" 200 12965 "-" "Mozilla/5.0 (Macintosh; Intel Mac OS X 10.15; rv:103.0) Gecko/20100101 Firefox/103.0"
85.25.177.139 - - [07/Oct/2022:03:59:03 +0200] "GET /PmWikiDe/Wikigruppen?action=upload HTTP/1.1" 200 7048 "-" "Mozilla/5.0 (Macintosh; Intel Mac OS X 10.15; rv:103.0) Gecko/20100101 Firefox/103.0"
185.191.171.4 - - [07/Oct/2022:03:59:23 +0200] "GET /PmWikiFr/Variables HTTP/1.1" 200 59312 "-" "Mozilla/5.0 (compatible; SemrushBot/7~bl; +http://www.semrush.com/bot.html)"
185.191.171.23 - - [07/Oct/2022:04:00:04 +0200] "GET /PmWikiRu/CustomMarkup HTTP/1.1" 200 31966 "-" "Mozilla/5.0 (compatible; SemrushBot/7~bl; +http://www.semrush.com/bot.html)"
85.25.177.139 - - [07/Oct/2022:04:00:23 +0200] "GET /PmWikiFr/IndexComplMents?action=edit HTTP/1.1" 200 9133 "-" "Mozilla/5.0 (Macintosh; Intel Mac OS X 10.15; rv:103.0) Gecko/20100101 Firefox/103.0"
85.25.177.139 - - [07/Oct/2022:04:01:00 +0200] "GET /PmWikiDe/Wikigruppen?action=print HTTP/1.1" 404 2413 "-" "Mozilla/5.0 (Macintosh; Intel Mac OS X 10.15; rv:103.0) Gecko/20100101 Firefox/103.0"
85.25.177.139 - - [07/Oct/2022:04:02:34 +0200] "GET /PmWiki/WikiFarms?action=diff HTTP/1.1" 200 9203 "-" "Mozilla/5.0 (Macintosh; Intel Mac OS X 10.15; rv:103.0) Gecko/20100101 Firefox/103.0"
85.25.177.139 - - [07/Oct/2022:04:04:06 +0200] "GET /PmWikiFr/WebHosts?action=diff HTTP/1.1" 200 9602 "-" "Mozilla/5.0 (Macintosh; Intel Mac OS X 10.15; rv:103.0) Gecko/20100101 Firefox/103.0"
85.25.177.139 - - [07/Oct/2022:04:05:30 +0200] "GET /PmWiki/WikiFarms?action=upload HTTP/1.1" 200 8538 "-" "Mozilla/5.0 (Macintosh; Intel Mac OS X 10.15; rv:103.0) Gecko/20100101 Firefox/103.0"
85.25.177.139 - - [07/Oct/2022:04:06:00 +0200] "GET /PmWikiDe/ContactUs?action=upload HTTP/1.1" 200 7022 "-" "Mozilla/5.0 (Macintosh; Intel Mac OS X 10.15; rv:103.0) Gecko/20100101 Firefox/103.0"
85.25.177.139 - - [07/Oct/2022:04:07:06 +0200] "GET /PmWikiDe/RefCount?action=print HTTP/1.1" 200 5722 "-" "Mozilla/5.0 (Macintosh; Intel Mac OS X 10.15; rv:103.0) Gecko/20100101 Firefox/103.0"
85.25.177.139 - - [07/Oct/2022:04:08:06 +0200] "GET /PmWikiDe/ContactUs?action=diff HTTP/1.1" 200 7691 "-" "Mozilla/5.0 (Macintosh; Intel Mac OS X 10.15; rv:103.0) Gecko/20100101 Firefox/103.0"
85.25.177.139 - - [07/Oct/2022:04:08:59 +0200] "GET /PmWikiDe/SimultaneousEdits?action=print HTTP/1.1" 200 2332 "-" "Mozilla/5.0 (Macintosh; Intel Mac OS X 10.15; rv:103.0) Gecko/20100101 Firefox/103.0"
85.25.177.139 - - [07/Oct/2022:04:10:04 +0200] "GET /PmWikiDe/ContactUs?action=print HTTP/1.1" 404 2405 "-" "Mozilla/5.0 (Macintosh; Intel Mac OS X 10.15; rv:103.0) Gecko/20100101 Firefox/103.0"
85.25.177.139 - - [07/Oct/2022:04:11:23 +0200] "GET /PmWikiDe/PageNotFound?action=print HTTP/1.1" 200 10812 "-" "Mozilla/5.0 (Macintosh; Intel Mac OS X 10.15; rv:103.0) Gecko/20100101 Firefox/103.0"
85.25.177.139 - - [07/Oct/2022:04:12:27 +0200] "GET /PmWikiDe/Search?action=diff&source=y&minor=n HTTP/1.1" 200 7637 "-" "Mozilla/5.0 (Macintosh; Intel Mac OS X 10.15; rv:103.0) Gecko/20100101 Firefox/103.0"
85.25.177.139 - - [07/Oct/2022:04:13:58 +0200] "GET /PmWiki/PageHistory?action=diff&source=n&minor=n HTTP/1.1" 200 9241 "-" "Mozilla/5.0 (Macintosh; Intel Mac OS X 10.15; rv:103.0) Gecko/20100101 Firefox/103.0"
85.25.177.139 - - [07/Oct/2022:04:14:27 +0200] "GET /PmWikiDe/Search?action=diff&source=n&minor=y HTTP/1.1" 200 7647 "-" "Mozilla/5.0 (Macintosh; Intel Mac OS X 10.15; rv:103.0) Gecko/20100101 Firefox/103.0"
185.191.171.2 - - [07/Oct/2022:04:15:23 +0200] "GET /PmWikiFr/UploadVariables HTTP/1.1" 200 13011 "-" "Mozilla/5.0 (compatible; SemrushBot/7~bl; +http://www.semrush.com/bot.html)"
85.25.177.139 - - [07/Oct/2022:04:15:57 +0200] "GET /SiteAdmin/Status?action=diff HTTP/1.1" 200 9280 "-" "Mozilla/5.0 (Macintosh; Intel Mac OS X 10.15; rv:103.0) Gecko/20100101 Firefox/103.0"
85.25.177.139 - - [07/Oct/2022:04:16:14 +0200] "GET /PmWikiDe/Passwoerter?action=diff&source=n&minor=y HTTP/1.1" 200 7727 "-" "Mozilla/5.0 (Macintosh; Intel Mac OS X 10.15; rv:103.0) Gecko/20100101 Firefox/103.0"
85.25.177.139 - - [07/Oct/2022:04:17:58 +0200] "GET /SiteAdmin/Status?action=edit HTTP/1.1" 200 8636 "-" "Mozilla/5.0 (Macintosh; Intel Mac OS X 10.15; rv:103.0) Gecko/20100101 Firefox/103.0"
85.25.177.139 - - [07/Oct/2022:04:18:24 +0200] "GET /PmWikiDe/Passwoerter?action=diff&source=y&minor=n HTTP/1.1" 200 7717 "-" "Mozilla/5.0 (Macintosh; Intel Mac OS X 10.15; rv:103.0) Gecko/20100101 Firefox/103.0"
85.25.177.139 - - [07/Oct/2022:04:19:12 +0200] "GET /SiteAdmin/Status?action=upload HTTP/1.1" 200 8536 "-" "Mozilla/5.0 (Macintosh; Intel Mac OS X 10.15; rv:103.0) Gecko/20100101 Firefox/103.0"
85.25.177.139 - - [07/Oct/2022:04:19:53 +0200] "GET /PmWikiDe/GroupHeader?action=edit HTTP/1.1" 200 7150 "-" "Mozilla/5.0 (Macintosh; Intel Mac OS X 10.15; rv:103.0) Gecko/20100101 Firefox/103.0"
85.25.177.139 - - [07/Oct/2022:04:21:06 +0200] "GET /PmWiki/WikiWikiWeb?action=diff&source=y&minor=y HTTP/1.1" 200 9237 "-" "Mozilla/5.0 (Macintosh; Intel Mac OS X 10.15; rv:103.0) Gecko/20100101 Firefox/103.0"
85.25.177.139 - - [07/Oct/2022:04:21:41 +0200] "GET /PmWikiDe/GroupHeader?action=upload HTTP/1.1" 200 7050 "-" "Mozilla/5.0 (Macintosh; Intel Mac OS X 10.15; rv:103.0) Gecko/20100101 Firefox/103.0"
194.209.200.2 - - [07/Oct/2022:04:23:47 +0200] "GET /robots.txt HTTP/1.1" 200 - "-" "Mozilla/5.0 (compatible; TMMBot/0.2; +http://www.dslab.ch)/Nutch-1.15"
194.209.200.2 - - [07/Oct/2022:04:23:47 +0200] "GET /Texte/Limericks HTTP/1.1" 200 8087 "-" "Mozilla/5.0 (compatible; TMMBot/0.2; +http://www.dslab.ch)/Nutch-1.15"
194.209.200.2 - - [07/Oct/2022:04:23:52 +0200] "GET /Texte/Schrybwys HTTP/1.1" 200 11028 "-" "Mozilla/5.0 (compatible; TMMBot/0.2; +http://www.dslab.ch)/Nutch-1.15"
85.25.177.139 - - [07/Oct/2022:04:24:00 +0200] "GET /robots.txt HTTP/1.1" 200 - "-" "Mozilla/5.0 (Macintosh; Intel Mac OS X 10.15; rv:103.0) Gecko/20100101 Firefox/103.0"
85.25.177.139 - - [07/Oct/2022:04:24:00 +0200] "GET /PmWiki/Upgrades?action=diff HTTP/1.1" 200 9185 "-" "Mozilla/5.0 (Macintosh; Intel Mac OS X 10.15; rv:103.0) Gecko/20100101 Firefox/103.0"
85.25.177.139 - - [07/Oct/2022:04:25:00 +0200] "GET /PmWiki/NonexistentPages?action=diff&source=y&minor=y HTTP/1.1" 200 9315 "-" "Mozilla/5.0 (Macintosh; Intel Mac OS X 10.15; rv:103.0) Gecko/20100101 Firefox/103.0"
85.25.177.139 - - [07/Oct/2022:04:25:37 +0200] "GET /PmWiki/NonexistentPages?action=diff&source=n&minor=n HTTP/1.1" 200 9321 "-" "Mozilla/5.0 (Macintosh; Intel Mac OS X 10.15; rv:103.0) Gecko/20100101 Firefox/103.0"
85.25.177.139 - - [07/Oct/2022:04:26:57 +0200] "GET /PmWiki/PageFileFormat?action=diff HTTP/1.1" 200 9285 "-" "Mozilla/5.0 (Macintosh; Intel Mac OS X 10.15; rv:103.0) Gecko/20100101 Firefox/103.0"
194.209.200.2 - - [07/Oct/2022:04:27:00 +0200] "GET /robots.txt HTTP/1.1" 200 - "-" "Mozilla/5.0 (compatible; TMMBot/0.2; +http://www.dslab.ch)/Nutch-1.15"
194.209.200.2 - - [07/Oct/2022:04:27:00 +0200] "GET /Texte/Limericks HTTP/1.1" 200 8087 "-" "Mozilla/5.0 (compatible; TMMBot/0.2; +http://www.dslab.ch)/Nutch-1.15"
194.209.200.2 - - [07/Oct/2022:04:27:04 +0200] "GET /Texte/Schrybwys HTTP/1.1" 200 11028 "-" "Mozilla/5.0 (compatible; TMMBot/0.2; +http://www.dslab.ch)/Nutch-1.15"
194.209.200.2 - - [07/Oct/2022:04:27:54 +0200] "GET /Texte/ArsAmatoria HTTP/1.1" 200 12369 "-" "Mozilla/5.0 (compatible; TMMBot/0.2; +http://www.dslab.ch)/Nutch-1.15"
85.25.177.139 - - [07/Oct/2022:04:28:41 +0200] "GET /PmWiki/LocalCustomizations?action=diff HTTP/1.1" 200 9363 "-" "Mozilla/5.0 (Macintosh; Intel Mac OS X 10.15; rv:103.0) Gecko/20100101 Firefox/103.0"
185.191.171.24 - - [07/Oct/2022:04:28:56 +0200] "GET /PmWikiFr/PatrickMichaud HTTP/1.1" 200 9709 "-" "Mozilla/5.0 (compatible; SemrushBot/7~bl; +http://www.semrush.com/bot.html)"
194.209.200.2 - - [07/Oct/2022:04:29:43 +0200] "GET /Texte/Gloosse HTTP/1.1" 200 8061 "-" "Mozilla/5.0 (compatible; TMMBot/0.2; +http://www.dslab.ch)/Nutch-1.15"
85.25.177.139 - - [07/Oct/2022:04:29:54 +0200] "GET /PmWikiDe/GroupHeader?action=diff HTTP/1.1" 200 7723 "-" "Mozilla/5.0 (Macintosh; Intel Mac OS X 10.15; rv:103.0) Gecko/20100101 Firefox/103.0"
194.209.200.2 - - [07/Oct/2022:04:30:32 +0200] "GET /Admin/Pro-ZurituutschStatuten HTTP/1.1" 200 9580 "-" "Mozilla/5.0 (compatible; TMMBot/0.2; +http://www.dslab.ch)/Nutch-1.15"
85.25.177.139 - - [07/Oct/2022:04:31:22 +0200] "GET /PmWiki/OtherVariables?action=diff HTTP/1.1" 200 9283 "-" "Mozilla/5.0 (Macintosh; Intel Mac OS X 10.15; rv:103.0) Gecko/20100101 Firefox/103.0"
85.25.177.139 - - [07/Oct/2022:04:32:37 +0200] "GET /PmWiki/TextFormattingRules?action=diff&source=n&minor=n HTTP/1.1" 200 9371 "-" "Mozilla/5.0 (Macintosh; Intel Mac OS X 10.15; rv:103.0) Gecko/20100101 Firefox/103.0"
85.25.177.139 - - [07/Oct/2022:04:34:05 +0200] "GET /PmWiki/TextFormattingRules?action=diff&source=y&minor=y HTTP/1.1" 200 9365 "-" "Mozilla/5.0 (Macintosh; Intel Mac OS X 10.15; rv:103.0) Gecko/20100101 Firefox/103.0"
85.25.177.139 - - [07/Oct/2022:04:35:28 +0200] "GET /PmWikiDe/EditVariables?action=print HTTP/1.1" 404 2421 "-" "Mozilla/5.0 (Macintosh; Intel Mac OS X 10.15; rv:103.0) Gecko/20100101 Firefox/103.0"
85.25.177.139 - - [07/Oct/2022:04:38:01 +0200] "GET /PmWikiDe/XLPageCookbook?action=edit HTTP/1.1" 200 7194 "-" "Mozilla/5.0 (Macintosh; Intel Mac OS X 10.15; rv:103.0) Gecko/20100101 Firefox/103.0"
85.25.177.139 - - [07/Oct/2022:04:39:29 +0200] "GET /PmWikiDe/XLPageCookbook?action=upload HTTP/1.1" 200 7094 "-" "Mozilla/5.0 (Macintosh; Intel Mac OS X 10.15; rv:103.0) Gecko/20100101 Firefox/103.0"
85.25.177.139 - - [07/Oct/2022:04:41:25 +0200] "GET /PmWiki/LocalCustomizations?action=diff HTTP/1.1" 200 9363 "-" "Mozilla/5.0 (Macintosh; Intel Mac OS X 10.15; rv:103.0) Gecko/20100101 Firefox/103.0"
85.25.177.139 - - [07/Oct/2022:04:43:13 +0200] "GET /PmWiki/XLPageCookbookTemplate?action=edit HTTP/1.1" 200 8824 "-" "Mozilla/5.0 (Macintosh; Intel Mac OS X 10.15; rv:103.0) Gecko/20100101 Firefox/103.0"
66.249.76.220 - - [07/Oct/2022:04:43:52 +0200] "GET /PodCast/IndexPage?action=rss HTTP/1.1" 200 6298 "-" "Mozilla/5.0 (compatible; Googlebot/2.1; +http://www.google.com/bot.html)"
85.25.177.139 - - [07/Oct/2022:04:45:13 +0200] "GET /PmWikiDe/XLPageCookbook?action=print HTTP/1.1" 200 8628 "-" "Mozilla/5.0 (Macintosh; Intel Mac OS X 10.15; rv:103.0) Gecko/20100101 Firefox/103.0"
85.25.177.139 - - [07/Oct/2022:04:46:45 +0200] "GET /PmWiki/UTF-8?action=diff&source=n&minor=y HTTP/1.1" 200 9145 "-" "Mozilla/5.0 (Macintosh; Intel Mac OS X 10.15; rv:103.0) Gecko/20100101 Firefox/103.0"
85.25.177.139 - - [07/Oct/2022:04:47:08 +0200] "GET /PmWikiDe/XLPageCookbook?action=diff HTTP/1.1" 200 7773 "-" "Mozilla/5.0 (Macintosh; Intel Mac OS X 10.15; rv:103.0) Gecko/20100101 Firefox/103.0"
85.25.177.139 - - [07/Oct/2022:04:49:05 +0200] "GET /PmWiki/UTF-8?action=diff&source=y&minor=n HTTP/1.1" 200 9135 "-" "Mozilla/5.0 (Macintosh; Intel Mac OS X 10.15; rv:103.0) Gecko/20100101 Firefox/103.0"
85.25.177.139 - - [07/Oct/2022:04:49:34 +0200] "GET /PmWikiDe/DeletingPages?action=diff&source=n&minor=y HTTP/1.1" 200 7771 "-" "Mozilla/5.0 (Macintosh; Intel Mac OS X 10.15; rv:103.0) Gecko/20100101 Firefox/103.0"
185.191.171.40 - - [07/Oct/2022:04:50:33 +0200] "GET /robots.txt HTTP/1.1" 200 - "-" "Mozilla/5.0 (compatible; SemrushBot/7~bl; +http://www.semrush.com/bot.html)"
185.191.171.42 - - [07/Oct/2022:04:50:34 +0200] "GET /PmWikiFr/WikiAdministrator HTTP/1.1" 200 11096 "-" "Mozilla/5.0 (compatible; SemrushBot/7~bl; +http://www.semrush.com/bot.html)"
185.191.171.9 - - [07/Oct/2022:04:51:48 +0200] "GET /PmWikiRu/PmWikiRuFeatures HTTP/1.1" 200 30193 "-" "Mozilla/5.0 (compatible; SemrushBot/7~bl; +http://www.semrush.com/bot.html)"
85.25.177.139 - - [07/Oct/2022:04:51:49 +0200] "GET /PmWiki/WikiFarmTerminology?action=edit HTTP/1.1" 200 8780 "-" "Mozilla/5.0 (Macintosh; Intel Mac OS X 10.15; rv:103.0) Gecko/20100101 Firefox/103.0"
85.25.177.139 - - [07/Oct/2022:04:53:26 +0200] "GET /PmWikiDe/DeletingPages?action=diff&source=y&minor=n HTTP/1.1" 200 7761 "-" "Mozilla/5.0 (Macintosh; Intel Mac OS X 10.15; rv:103.0) Gecko/20100101 Firefox/103.0"
85.25.177.139 - - [07/Oct/2022:04:53:55 +0200] "GET /PmWiki/WikiFarmTerminology?action=diff HTTP/1.1" 200 9365 "-" "Mozilla/5.0 (Macintosh; Intel Mac OS X 10.15; rv:103.0) Gecko/20100101 Firefox/103.0"
66.249.76.222 - - [07/Oct/2022:04:54:13 +0200] "GET /PodCast/IndexPage?action=rss HTTP/1.1" 200 6298 "-" "Mozilla/5.0 (compatible; Googlebot/2.1; +http://www.google.com/bot.html)"
85.25.177.139 - - [07/Oct/2022:04:54:56 +0200] "GET /PmWikiDe/EditVariables?action=upload HTTP/1.1" 200 7078 "-" "Mozilla/5.0 (Macintosh; Intel Mac OS X 10.15; rv:103.0) Gecko/20100101 Firefox/103.0"
185.191.171.9 - - [07/Oct/2022:04:55:25 +0200] "GET /PmWikiFr/DesignNotes HTTP/1.1" 200 11781 "-" "Mozilla/5.0 (compatible; SemrushBot/7~bl; +http://www.semrush.com/bot.html)"
85.25.177.139 - - [07/Oct/2022:04:56:04 +0200] "GET /PmWiki/WikiFarmTerminology?action=upload HTTP/1.1" 200 8680 "-" "Mozilla/5.0 (Macintosh; Intel Mac OS X 10.15; rv:103.0) Gecko/20100101 Firefox/103.0"
85.25.177.139 - - [07/Oct/2022:04:57:04 +0200] "GET /PmWikiDe/EditVariables?action=diff HTTP/1.1" 200 7755 "-" "Mozilla/5.0 (Macintosh; Intel Mac OS X 10.15; rv:103.0) Gecko/20100101 Firefox/103.0"
194.209.200.2 - - [07/Oct/2022:04:59:16 +0200] "GET /robots.txt HTTP/1.1" 200 - "-" "Mozilla/5.0 (compatible; TMMBot/0.2; +http://www.dslab.ch)/Nutch-1.15"
194.209.200.2 - - [07/Oct/2022:04:59:16 +0200] "GET /Texte/Limericks HTTP/1.1" 200 8087 "-" "Mozilla/5.0 (compatible; TMMBot/0.2; +http://www.dslab.ch)/Nutch-1.15"
85.25.177.139 - - [07/Oct/2022:04:59:16 +0200] "GET /PmWikiFr/PmWikiFr HTTP/1.1" 200 14739 "-" "Mozilla/5.0 (Macintosh; Intel Mac OS X 10.15; rv:103.0) Gecko/20100101 Firefox/103.0"
194.209.200.2 - - [07/Oct/2022:04:59:20 +0200] "GET /Texte/Schrybwys HTTP/1.1" 200 11028 "-" "Mozilla/5.0 (compatible; TMMBot/0.2; +http://www.dslab.ch)/Nutch-1.15"
194.209.200.2 - - [07/Oct/2022:05:00:01 +0200] "GET /Texte/ArsAmatoria HTTP/1.1" 200 12369 "-" "Mozilla/5.0 (compatible; TMMBot/0.2; +http://www.dslab.ch)/Nutch-1.15"
85.25.177.139 - - [07/Oct/2022:05:01:06 +0200] "GET /Site/PageActions?action=diff&source=y&minor=y HTTP/1.1" 200 9202 "-" "Mozilla/5.0 (Macintosh; Intel Mac OS X 10.15; rv:103.0) Gecko/20100101 Firefox/103.0"
85.25.177.139 - - [07/Oct/2022:05:02:12 +0200] "GET /PmWikiDe/WikiTrails?action=diff&source=n&minor=y HTTP/1.1" 200 7721 "-" "Mozilla/5.0 (Macintosh; Intel Mac OS X 10.15; rv:103.0) Gecko/20100101 Firefox/103.0"
194.209.200.2 - - [07/Oct/2022:05:02:37 +0200] "GET /Admin/Pro-ZurituutschStatuten HTTP/1.1" 200 9580 "-" "Mozilla/5.0 (compatible; TMMBot/0.2; +http://www.dslab.ch)/Nutch-1.15"
194.209.200.2 - - [07/Oct/2022:05:03:58 +0200] "GET /Hilfe/AnleitungTonbeispiele HTTP/1.1" 200 9878 "-" "Mozilla/5.0 (compatible; TMMBot/0.2; +http://www.dslab.ch)/Nutch-1.15"
85.25.177.139 - - [07/Oct/2022:05:04:17 +0200] "GET /PmWikiDe/WikiTrails?action=diff&source=y&minor=n HTTP/1.1" 200 7711 "-" "Mozilla/5.0 (Macintosh; Intel Mac OS X 10.15; rv:103.0) Gecko/20100101 Firefox/103.0"
85.25.177.139 - - [07/Oct/2022:05:04:45 +0200] "GET /Site/PageActions?action=diff&source=n&minor=n HTTP/1.1" 200 9208 "-" "Mozilla/5.0 (Macintosh; Intel Mac OS X 10.15; rv:103.0) Gecko/20100101 Firefox/103.0"
85.25.177.139 - - [07/Oct/2022:05:06:48 +0200] "GET /PmWiki/GroupAttributes?action=print HTTP/1.1" 404 2419 "-" "Mozilla/5.0 (Macintosh; Intel Mac OS X 10.15; rv:103.0) Gecko/20100101 Firefox/103.0"
85.25.177.139 - - [07/Oct/2022:05:07:08 +0200] "GET /PmWiki/Troubleshooting?action=diff&source=n&minor=n HTTP/1.1" 200 9303 "-" "Mozilla/5.0 (Macintosh; Intel Mac OS X 10.15; rv:103.0) Gecko/20100101 Firefox/103.0"
85.25.177.139 - - [07/Oct/2022:05:08:32 +0200] "GET /PmWikiDe/Voraussetzungen?action=print HTTP/1.1" 200 3705 "-" "Mozilla/5.0 (Macintosh; Intel Mac OS X 10.15; rv:103.0) Gecko/20100101 Firefox/103.0"
85.25.177.139 - - [07/Oct/2022:05:09:11 +0200] "GET /PmWikiDe/DiskussionBersetzungen?action=diff&source=n&minor=y HTTP/1.1" 200 7907 "-" "Mozilla/5.0 (Macintosh; Intel Mac OS X 10.15; rv:103.0) Gecko/20100101 Firefox/103.0"
85.25.177.139 - - [07/Oct/2022:05:10:34 +0200] "GET /PmWikiDe/MeinSandkasten?action=print HTTP/1.1" 200 2970 "-" "Mozilla/5.0 (Macintosh; Intel Mac OS X 10.15; rv:103.0) Gecko/20100101 Firefox/103.0"
194.209.200.2 - - [07/Oct/2022:05:10:59 +0200] "GET /robots.txt HTTP/1.1" 200 - "-" "Mozilla/5.0 (compatible; TMMBot/0.2; +http://www.dslab.ch)/Nutch-1.15"
194.209.200.2 - - [07/Oct/2022:05:10:59 +0200] "GET /Texte/Limericks HTTP/1.1" 200 8087 "-" "Mozilla/5.0 (compatible; TMMBot/0.2; +http://www.dslab.ch)/Nutch-1.15"
194.209.200.2 - - [07/Oct/2022:05:11:03 +0200] "GET /Texte/Schrybwys HTTP/1.1" 200 11028 "-" "Mozilla/5.0 (compatible; TMMBot/0.2; +http://www.dslab.ch)/Nutch-1.15"
85.25.177.139 - - [07/Oct/2022:05:11:34 +0200] "GET /PmWikiDe/DiskussionBersetzungen?action=diff&source=y&minor=n HTTP/1.1" 200 7897 "-" "Mozilla/5.0 (Macintosh; Intel Mac OS X 10.15; rv:103.0) Gecko/20100101 Firefox/103.0"
194.209.200.2 - - [07/Oct/2022:05:11:46 +0200] "GET /Texte/ArsAmatoria HTTP/1.1" 200 12369 "-" "Mozilla/5.0 (compatible; TMMBot/0.2; +http://www.dslab.ch)/Nutch-1.15"
85.25.177.139 - - [07/Oct/2022:05:12:44 +0200] "GET /PmWikiDe/TEST?action=print HTTP/1.1" 200 2310 "-" "Mozilla/5.0 (Macintosh; Intel Mac OS X 10.15; rv:103.0) Gecko/20100101 Firefox/103.0"
194.209.200.2 - - [07/Oct/2022:05:14:22 +0200] "GET /Admin/Pro-ZurituutschStatuten HTTP/1.1" 200 9580 "-" "Mozilla/5.0 (compatible; TMMBot/0.2; +http://www.dslab.ch)/Nutch-1.15"
85.25.177.139 - - [07/Oct/2022:05:14:30 +0200] "GET /PmWikiDe/GuterStil?action=print HTTP/1.1" 200 3972 "-" "Mozilla/5.0 (Macintosh; Intel Mac OS X 10.15; rv:103.0) Gecko/20100101 Firefox/103.0"
85.25.177.139 - - [07/Oct/2022:05:15:03 +0200] "GET /PmWikiDe/PageHistory?action=diff&source=n&minor=y HTTP/1.1" 200 7735 "-" "Mozilla/5.0 (Macintosh; Intel Mac OS X 10.15; rv:103.0) Gecko/20100101 Firefox/103.0"
194.209.200.2 - - [07/Oct/2022:05:15:44 +0200] "GET /Hilfe/AnleitungTonbeispiele HTTP/1.1" 200 9878 "-" "Mozilla/5.0 (compatible; TMMBot/0.2; +http://www.dslab.ch)/Nutch-1.15"
85.25.177.139 - - [07/Oct/2022:05:17:04 +0200] "GET /PmWikiDe/Direktiven?action=print HTTP/1.1" 200 11287 "-" "Mozilla/5.0 (Macintosh; Intel Mac OS X 10.15; rv:103.0) Gecko/20100101 Firefox/103.0"
85.25.177.139 - - [07/Oct/2022:05:18:49 +0200] "GET /PmWikiDe/ListLocal?action=print HTTP/1.1" 200 41042 "-" "Mozilla/5.0 (Macintosh; Intel Mac OS X 10.15; rv:103.0) Gecko/20100101 Firefox/103.0"
85.25.177.139 - - [07/Oct/2022:05:19:43 +0200] "GET /PmWikiDe/PageHistory?action=diff&source=y&minor=n HTTP/1.1" 200 7725 "-" "Mozilla/5.0 (Macintosh; Intel Mac OS X 10.15; rv:103.0) Gecko/20100101 Firefox/103.0"
185.191.171.35 - - [07/Oct/2022:05:19:45 +0200] "GET /PmWikiRu/WikiGroup HTTP/1.1" 200 20064 "-" "Mozilla/5.0 (compatible; SemrushBot/7~bl; +http://www.semrush.com/bot.html)"
85.25.177.139 - - [07/Oct/2022:05:20:51 +0200] "GET /PmWikiDe/Glossar?action=print HTTP/1.1" 200 3164 "-" "Mozilla/5.0 (Macintosh; Intel Mac OS X 10.15; rv:103.0) Gecko/20100101 Firefox/103.0"
85.25.177.139 - - [07/Oct/2022:05:22:18 +0200] "GET /Profiles/Pm?action=diff HTTP/1.1" 200 9120 "-" "Mozilla/5.0 (Macintosh; Intel Mac OS X 10.15; rv:103.0) Gecko/20100101 Firefox/103.0"
85.25.177.139 - - [07/Oct/2022:05:23:35 +0200] "GET /PmWiki/NonexistentPages?action=print HTTP/1.1" 404 2423 "-" "Mozilla/5.0 (Macintosh; Intel Mac OS X 10.15; rv:103.0) Gecko/20100101 Firefox/103.0"
85.25.177.139 - - [07/Oct/2022:05:24:03 +0200] "GET /PmWikiDe/WikiSandbox?action=diff&source=y&minor=y HTTP/1.1" 200 7723 "-" "Mozilla/5.0 (Macintosh; Intel Mac OS X 10.15; rv:103.0) Gecko/20100101 Firefox/103.0"
85.25.177.139 - - [07/Oct/2022:05:24:57 +0200] "GET /Site/Search?action=diff&source=n&minor=y HTTP/1.1" 200 9128 "-" "Mozilla/5.0 (Macintosh; Intel Mac OS X 10.15; rv:103.0) Gecko/20100101 Firefox/103.0"
85.25.177.139 - - [07/Oct/2022:05:26:36 +0200] "GET /PmWikiDe/WikiSandbox?action=diff&source=n&minor=n HTTP/1.1" 200 7729 "-" "Mozilla/5.0 (Macintosh; Intel Mac OS X 10.15; rv:103.0) Gecko/20100101 Firefox/103.0"
85.25.177.139 - - [07/Oct/2022:05:27:00 +0200] "GET /Site/Search?action=diff&source=y&minor=n HTTP/1.1" 200 9118 "-" "Mozilla/5.0 (Macintosh; Intel Mac OS X 10.15; rv:103.0) Gecko/20100101 Firefox/103.0"
185.191.171.43 - - [07/Oct/2022:05:27:39 +0200] "GET /PmWikiFr/TailleLimite HTTP/1.1" 200 14296 "-" "Mozilla/5.0 (compatible; SemrushBot/7~bl; +http://www.semrush.com/bot.html)"
195.191.219.131 - - [07/Oct/2022:05:27:42 +0200] "GET /robots.txt HTTP/1.1" 200 - "-" "Mozilla/5.0 (compatible; MJ12bot/v1.4.8; http://mj12bot.com/)"
195.191.219.131 - - [07/Oct/2022:05:27:44 +0200] "GET / HTTP/1.1" 200 15085 "-" "Mozilla/5.0 (compatible; MJ12bot/v1.4.8; http://mj12bot.com/)"
207.46.13.151 - - [07/Oct/2022:05:28:29 +0200] "GET /Site/Search?pagename=Site%2FSearch&q=2023 HTTP/1.1" 200 10829 "-" "Mozilla/5.0 (compatible; bingbot/2.0; +http://www.bing.com/bingbot.htm)"
3.216.185.164 - - [07/Oct/2022:05:31:02 +0200] "GET /PodCast/IndexPage?action=rss HTTP/1.1" 200 6298 "-" "PocketCasts/1.0 (Pocket Casts Feed Parser; +http://pocketcasts.com/)"
185.191.171.7 - - [07/Oct/2022:05:39:27 +0200] "GET /PmWikiDe/PmWikiDe HTTP/1.1" 200 11423 "-" "Mozilla/5.0 (compatible; SemrushBot/7~bl; +http://www.semrush.com/bot.html)"
66.249.76.220 - - [07/Oct/2022:05:43:53 +0200] "GET /PodCast/IndexPage?action=rss HTTP/1.1" 200 6298 "-" "Mozilla/5.0 (compatible; Googlebot/2.1; +http://www.google.com/bot.html)"
62.138.2.214 - - [07/Oct/2022:05:44:39 +0200] "GET /robots.txt HTTP/1.1" 200 - "-" "Mozilla/5.0 (Macintosh; Intel Mac OS X 10.15; rv:103.0) Gecko/20100101 Firefox/103.0"
62.138.2.214 - - [07/Oct/2022:05:44:39 +0200] "GET / HTTP/1.1" 200 15085 "-" "Mozilla/5.0 (Macintosh; Intel Mac OS X 10.15; rv:103.0) Gecko/20100101 Firefox/103.0"
66.249.76.220 - - [07/Oct/2022:05:45:34 +0200] "GET /PodCast/IndexPage?action=rss HTTP/1.1" 200 6298 "-" "Mozilla/5.0 (compatible; Googlebot/2.1; +http://www.google.com/bot.html)"
185.191.171.13 - - [07/Oct/2022:05:47:29 +0200] "GET /PmWikiDe/Voraussetzungen HTTP/1.1" 200 8089 "-" "Mozilla/5.0 (compatible; SemrushBot/7~bl; +http://www.semrush.com/bot.html)"
85.25.177.139 - - [07/Oct/2022:05:49:39 +0200] "GET /robots.txt HTTP/1.1" 200 - "-" "Mozilla/5.0 (Macintosh; Intel Mac OS X 10.15; rv:103.0) Gecko/20100101 Firefox/103.0"
85.25.177.139 - - [07/Oct/2022:05:49:39 +0200] "GET / HTTP/1.1" 200 15085 "-" "Mozilla/5.0 (Macintosh; Intel Mac OS X 10.15; rv:103.0) Gecko/20100101 Firefox/103.0"
185.191.171.3 - - [07/Oct/2022:05:54:47 +0200] "GET /robots.txt HTTP/1.1" 200 - "-" "Mozilla/5.0 (compatible; SemrushBot/7~bl; +http://www.semrush.com/bot.html)"
185.191.171.35 - - [07/Oct/2022:05:54:49 +0200] "GET /PmWikiFr/PolitiqueDeTraduction HTTP/1.1" 200 20189 "-" "Mozilla/5.0 (compatible; SemrushBot/7~bl; +http://www.semrush.com/bot.html)"
168.119.51.163 - - [07/Oct/2022:05:55:39 +0200] "GET /robots.txt HTTP/1.1" 200 - "-" "Mozilla/5.0 (compatible; um-IC/1.0; mailto: techinfo@ubermetrics-technologies.com; Windows NT 6.1; WOW64; rv:40.0) Gecko/20100101 Firefox/40.1"
168.119.51.163 - - [07/Oct/2022:05:55:39 +0200] "GET /PodCast/IndexPage?action=rss HTTP/1.1" 200 6298 "-" "Mozilla/5.0 (compatible; um-IC/1.0; mailto: techinfo@ubermetrics-technologies.com; Windows NT 6.1; WOW64; rv:40.0) Gecko/20100101 Firefox/40.1"
175.44.42.37 - - [07/Oct/2022:06:01:08 +0200] "GET / HTTP/1.1" 200 15085 "http://www.mossiemckenzie.shop/" "Mozilla/5.0 (Linux; Android 11; SAMSUNG SM-G973U) AppleWebKit/537.36 (KHTML, like Gecko) SamsungBrowser/14.2 Chrome/87.0.4280.141 Mobile Safari/537.36"
54.154.158.2 - - [07/Oct/2022:06:05:00 +0200] "GET / HTTP/1.1" 200 15085 "-" "Mozilla/5.0 (Macintosh; Intel Mac OS X 10.15; rv:81.0) Gecko/20100101 Firefox/81.0"
185.191.171.43 - - [07/Oct/2022:06:08:03 +0200] "GET /PmWikiPtBr/PatrickMichaud HTTP/1.1" 200 7586 "-" "Mozilla/5.0 (compatible; SemrushBot/7~bl; +http://www.semrush.com/bot.html)"
85.25.177.139 - - [07/Oct/2022:06:08:23 +0200] "GET /robots.txt HTTP/1.1" 200 - "-" "Mozilla/5.0 (Macintosh; Intel Mac OS X 10.15; rv:103.0) Gecko/20100101 Firefox/103.0"
85.25.177.139 - - [07/Oct/2022:06:08:23 +0200] "GET /Main/Home?action=diff HTTP/1.1" 200 43491 "-" "Mozilla/5.0 (Macintosh; Intel Mac OS X 10.15; rv:103.0) Gecko/20100101 Firefox/103.0"
181.214.218.62 - - [07/Oct/2022:06:11:28 +0200] "GET /Texte/Rezension HTTP/1.1" 200 11812 "http://www.pro-zurituutsch.ch" "Mozilla/5.0 (Windows NT 10.0; Win64; x64) AppleWebKit/537.36 (KHTML, like Gecko) Chrome/62.0.3202.94 Safari/537.36"
34.224.22.126 - - [07/Oct/2022:06:15:42 +0200] "GET /PodCast/IndexPage?action=rss HTTP/1.1" 200 6298 "-" "PlayerFM/1.0 Podcast Sync (1 subscribers; url=https://player.fm/series/podcast-2872909)"
34.65.57.89 - - [07/Oct/2022:06:18:25 +0200] "GET /Bestellen.Pschtellformoular HTTP/1.1" 200 10113 "-" "Mozilla/5.0 (compatible; localsearch-web/2.0; +http://www.localsearch.ch/en/legal-notice)"
185.191.171.41 - - [07/Oct/2022:06:19:24 +0200] "GET /PmWikiPtBr/WikiWikiWeb HTTP/1.1" 200 11577 "-" "Mozilla/5.0 (compatible; SemrushBot/7~bl; +http://www.semrush.com/bot.html)"
85.25.177.139 - - [07/Oct/2022:06:22:54 +0200] "GET /robots.txt HTTP/1.1" 200 - "-" "Mozilla/5.0 (Macintosh; Intel Mac OS X 10.15; rv:103.0) Gecko/20100101 Firefox/103.0"
85.25.177.139 - - [07/Oct/2022:06:22:54 +0200] "GET /Admin/AdresseStiftung HTTP/1.1" 200 8453 "-" "Mozilla/5.0 (Macintosh; Intel Mac OS X 10.15; rv:103.0) Gecko/20100101 Firefox/103.0"
185.191.171.3 - - [07/Oct/2022:06:26:47 +0200] "GET /PmWikiRu/PasswordsAdmin HTTP/1.1" 200 29039 "-" "Mozilla/5.0 (compatible; SemrushBot/7~bl; +http://www.semrush.com/bot.html)"
85.25.177.139 - - [07/Oct/2022:06:28:11 +0200] "GET /robots.txt HTTP/1.1" 200 - "-" "Mozilla/5.0 (Macintosh; Intel Mac OS X 10.15; rv:103.0) Gecko/20100101 Firefox/103.0"
85.25.177.139 - - [07/Oct/2022:06:28:11 +0200] "GET /Texte/Schrybwys HTTP/1.1" 200 11028 "-" "Mozilla/5.0 (Macintosh; Intel Mac OS X 10.15; rv:103.0) Gecko/20100101 Firefox/103.0"
40.77.167.83 - - [07/Oct/2022:06:33:23 +0200] "GET /Site/Search?pagename=Site%2FSearch&q=2022 HTTP/1.1" 200 11056 "-" "Mozilla/5.0 (compatible; bingbot/2.0; +http://www.bing.com/bingbot.htm)"
185.191.171.20 - - [07/Oct/2022:06:33:46 +0200] "GET /PmWikiRu/FAQ HTTP/1.1" 200 18879 "-" "Mozilla/5.0 (compatible; SemrushBot/7~bl; +http://www.semrush.com/bot.html)"
216.24.212.41 - - [07/Oct/2022:06:35:33 +0200] "GET /Texte/Rezension HTTP/1.1" 200 11812 "http://www.pro-zurituutsch.ch" "Mozilla/5.0 (Windows NT 10.0; Win64; x64) AppleWebKit/537.36 (KHTML, like Gecko) Chrome/62.0.3202.94 Safari/537.36"
85.25.177.139 - - [07/Oct/2022:06:36:13 +0200] "GET /robots.txt HTTP/1.1" 200 - "-" "Mozilla/5.0 (Macintosh; Intel Mac OS X 10.15; rv:103.0) Gecko/20100101 Firefox/103.0"
85.25.177.139 - - [07/Oct/2022:06:36:13 +0200] "GET /Admin/AdresseStiftung?action=print HTTP/1.1" 200 2600 "-" "Mozilla/5.0 (Macintosh; Intel Mac OS X 10.15; rv:103.0) Gecko/20100101 Firefox/103.0"
194.209.200.2 - - [07/Oct/2022:06:37:55 +0200] "GET /robots.txt HTTP/1.1" 200 - "-" "Mozilla/5.0 (compatible; TMMBot/0.2; +http://www.dslab.ch)/Nutch-1.15"
194.209.200.2 - - [07/Oct/2022:06:37:55 +0200] "GET /Texte/Limericks HTTP/1.1" 200 8087 "-" "Mozilla/5.0 (compatible; TMMBot/0.2; +http://www.dslab.ch)/Nutch-1.15"
194.209.200.2 - - [07/Oct/2022:06:37:59 +0200] "GET /Texte/Schrybwys HTTP/1.1" 200 11028 "-" "Mozilla/5.0 (compatible; TMMBot/0.2; +http://www.dslab.ch)/Nutch-1.15"
194.209.200.2 - - [07/Oct/2022:06:38:50 +0200] "GET /Texte/ArsAmatoria HTTP/1.1" 200 12369 "-" "Mozilla/5.0 (compatible; TMMBot/0.2; +http://www.dslab.ch)/Nutch-1.15"
185.191.171.10 - - [07/Oct/2022:06:39:25 +0200] "GET /PmWikiJa/WikiFarmStepByStep?skin=simple HTTP/1.1" 200 13104 "-" "Mozilla/5.0 (compatible; SemrushBot/7~bl; +http://www.semrush.com/bot.html)"
185.191.171.23 - - [07/Oct/2022:06:41:00 +0200] "GET /PmWikiRu/WikiStyles HTTP/1.1" 200 30558 "-" "Mozilla/5.0 (compatible; SemrushBot/7~bl; +http://www.semrush.com/bot.html)"
194.209.200.2 - - [07/Oct/2022:06:41:50 +0200] "GET /Admin/Pro-ZurituutschStatuten HTTP/1.1" 200 9580 "-" "Mozilla/5.0 (compatible; TMMBot/0.2; +http://www.dslab.ch)/Nutch-1.15"
66.249.76.220 - - [07/Oct/2022:06:43:48 +0200] "GET /PodCast/IndexPage?action=rss HTTP/1.1" 200 6298 "-" "Mozilla/5.0 (compatible; Googlebot/2.1; +http://www.google.com/bot.html)"
85.25.177.139 - - [07/Oct/2022:06:44:38 +0200] "GET /robots.txt HTTP/1.1" 200 - "-" "Mozilla/5.0 (Macintosh; Intel Mac OS X 10.15; rv:103.0) Gecko/20100101 Firefox/103.0"
85.25.177.139 - - [07/Oct/2022:06:44:38 +0200] "GET /Admin/AdresseStiftung?action=upload HTTP/1.1" 200 8607 "-" "Mozilla/5.0 (Macintosh; Intel Mac OS X 10.15; rv:103.0) Gecko/20100101 Firefox/103.0"
216.244.66.243 - - [07/Oct/2022:06:46:19 +0200] "GET /robots.txt HTTP/1.1" 200 - "-" "Mozilla/5.0 (compatible; DotBot/1.2; +https://opensiteexplorer.org/dotbot; help@moz.com)"
209.209.9.152 - - [07/Oct/2022:06:46:58 +0200] "GET /Admin/Pro-ZurituutschStatuten HTTP/1.0" 200 9580 "-" "Mozilla/4.0 (compatible; MSIE 7.0; Windows NT 5.0; .NET CLR 1.1.38677)"
185.191.171.3 - - [07/Oct/2022:06:49:26 +0200] "GET /PmWikiFr/CustomInterMap HTTP/1.1" 200 12811 "-" "Mozilla/5.0 (compatible; SemrushBot/7~bl; +http://www.semrush.com/bot.html)"
194.209.200.2 - - [07/Oct/2022:06:50:24 +0200] "GET /robots.txt HTTP/1.1" 200 - "-" "Mozilla/5.0 (compatible; TMMBot/0.2; +http://www.dslab.ch)/Nutch-1.15"
194.209.200.2 - - [07/Oct/2022:06:50:24 +0200] "GET /Texte/Limericks HTTP/1.1" 200 8087 "-" "Mozilla/5.0 (compatible; TMMBot/0.2; +http://www.dslab.ch)/Nutch-1.15"
194.209.200.2 - - [07/Oct/2022:06:50:27 +0200] "GET /Texte/Schrybwys HTTP/1.1" 200 11028 "-" "Mozilla/5.0 (compatible; TMMBot/0.2; +http://www.dslab.ch)/Nutch-1.15"
194.209.200.2 - - [07/Oct/2022:06:51:08 +0200] "GET /Texte/ArsAmatoria HTTP/1.1" 200 12369 "-" "Mozilla/5.0 (compatible; TMMBot/0.2; +http://www.dslab.ch)/Nutch-1.15"
66.249.76.193 - - [07/Oct/2022:06:53:05 +0200] "GET /PodCast/IndexPage?action=rss HTTP/1.1" 200 6298 "-" "Mozilla/5.0 (compatible; Googlebot/2.1; +http://www.google.com/bot.html)"
194.209.200.2 - - [07/Oct/2022:06:53:38 +0200] "GET /Admin/Pro-ZurituutschStatuten HTTP/1.1" 200 9580 "-" "Mozilla/5.0 (compatible; TMMBot/0.2; +http://www.dslab.ch)/Nutch-1.15"
85.25.177.139 - - [07/Oct/2022:06:54:31 +0200] "GET /robots.txt HTTP/1.1" 200 - "-" "Mozilla/5.0 (Macintosh; Intel Mac OS X 10.15; rv:103.0) Gecko/20100101 Firefox/103.0"
85.25.177.139 - - [07/Oct/2022:06:54:31 +0200] "GET /Admin/AdresseStiftung?action=edit HTTP/1.1" 200 8707 "-" "Mozilla/5.0 (Macintosh; Intel Mac OS X 10.15; rv:103.0) Gecko/20100101 Firefox/103.0"
185.191.171.19 - - [07/Oct/2022:06:57:59 +0200] "GET /robots.txt HTTP/1.1" 200 - "-" "Mozilla/5.0 (compatible; SemrushBot/7~bl; +http://www.semrush.com/bot.html)"
185.191.171.25 - - [07/Oct/2022:06:58:01 +0200] "GET /PmWikiFr/DeletingPages HTTP/1.1" 200 10913 "-" "Mozilla/5.0 (compatible; SemrushBot/7~bl; +http://www.semrush.com/bot.html)"
85.25.177.139 - - [07/Oct/2022:06:58:48 +0200] "GET /robots.txt HTTP/1.1" 200 - "-" "Mozilla/5.0 (Macintosh; Intel Mac OS X 10.15; rv:103.0) Gecko/20100101 Firefox/103.0"
85.25.177.139 - - [07/Oct/2022:06:58:48 +0200] "GET /Main/Home HTTP/1.1" 200 15085 "-" "Mozilla/5.0 (Macintosh; Intel Mac OS X 10.15; rv:103.0) Gecko/20100101 Firefox/103.0"
85.25.177.139 - - [07/Oct/2022:07:00:45 +0200] "GET /Admin/AdresseStiftung?action=diff HTTP/1.1" 200 17053 "-" "Mozilla/5.0 (Macintosh; Intel Mac OS X 10.15; rv:103.0) Gecko/20100101 Firefox/103.0"
3.216.185.164 - - [07/Oct/2022:07:06:57 +0200] "GET /PodCast/IndexPage?action=rss HTTP/1.1" 200 6298 "-" "PocketCasts/1.0 (Pocket Casts Feed Parser; +http://pocketcasts.com/)"
216.244.66.243 - - [07/Oct/2022:07:07:41 +0200] "GET /PmWikiHu/SzerkesztesSugo HTTP/1.1" 200 9524 "-" "Mozilla/5.0 (compatible; DotBot/1.2; +https://opensiteexplorer.org/dotbot; help@moz.com)"
