154.54.249.202 - - [10/Jan/2022:14:36:21 +0100] "GET /Texte/Gloosse?action=upload HTTP/1.1" 200 8493 "-" "Mozilla/5.0 (compatible; Barkrowler/0.9; +https://babbar.tech/crawler)"
154.54.249.202 - - [10/Jan/2022:14:36:36 +0100] "GET /Texte/Gloosse?action=print HTTP/1.1" 200 2290 "-" "Mozilla/5.0 (compatible; Barkrowler/0.9; +https://babbar.tech/crawler)"
154.54.249.202 - - [10/Jan/2022:14:36:51 +0100] "GET /Texte/Styluebige HTTP/1.1" 200 9998 "-" "Mozilla/5.0 (compatible; Barkrowler/0.9; +https://babbar.tech/crawler)"
154.54.249.202 - - [10/Jan/2022:14:37:06 +0100] "GET /Main/AllRecentChanges?action=diff HTTP/1.1" 200 9284 "-" "Mozilla/5.0 (compatible; Barkrowler/0.9; +https://babbar.tech/crawler)"
154.54.249.202 - - [10/Jan/2022:14:37:21 +0100] "GET /Main/AllRecentChanges?action=upload HTTP/1.1" 200 8609 "-" "Mozilla/5.0 (compatible; Barkrowler/0.9; +https://babbar.tech/crawler)"
154.54.249.202 - - [10/Jan/2022:14:37:36 +0100] "GET /Main/AllRecentChanges?action=print HTTP/1.1" 404 2413 "-" "Mozilla/5.0 (compatible; Barkrowler/0.9; +https://babbar.tech/crawler)"
154.54.249.202 - - [10/Jan/2022:14:37:51 +0100] "GET /uploads/PodCast/Aafang HTTP/1.1" 304 - "-" "Mozilla/5.0 (compatible; Barkrowler/0.9; +https://babbar.tech/crawler)"
154.54.249.202 - - [10/Jan/2022:14:38:06 +0100] "GET /uploads/PodCast/Schlouss HTTP/1.1" 304 - "-" "Mozilla/5.0 (compatible; Barkrowler/0.9; +https://babbar.tech/crawler)"
207.46.13.56 - - [10/Jan/2022:14:38:20 +0100] "GET /PodCast/PodCast HTTP/1.1" 200 29790 "-" "Mozilla/5.0 (compatible; bingbot/2.0; +http://www.bing.com/bingbot.htm)"
154.54.249.202 - - [10/Jan/2022:14:38:21 +0100] "GET /uploads/PodCast/Scheupfig HTTP/1.1" 304 - "-" "Mozilla/5.0 (compatible; Barkrowler/0.9; +https://babbar.tech/crawler)"
154.54.249.202 - - [10/Jan/2022:14:38:36 +0100] "GET /PmWiki/SitePageActions HTTP/1.1" 200 21516 "-" "Mozilla/5.0 (compatible; Barkrowler/0.9; +https://babbar.tech/crawler)"
154.54.249.202 - - [10/Jan/2022:14:38:52 +0100] "GET /PmWiki/LayoutBasics?action=edit HTTP/1.1" 200 8680 "-" "Mozilla/5.0 (compatible; Barkrowler/0.9; +https://babbar.tech/crawler)"
154.54.249.202 - - [10/Jan/2022:14:39:07 +0100] "GET /PmWiki/Categories?action=diff HTTP/1.1" 200 9217 "-" "Mozilla/5.0 (compatible; Barkrowler/0.9; +https://babbar.tech/crawler)"
154.54.249.202 - - [10/Jan/2022:14:39:22 +0100] "GET /PmWiki/Categories?action=upload HTTP/1.1" 200 8550 "-" "Mozilla/5.0 (compatible; Barkrowler/0.9; +https://babbar.tech/crawler)"
154.54.249.202 - - [10/Jan/2022:14:39:37 +0100] "GET /PmWiki/ContactUs?action=print HTTP/1.1" 200 3088 "-" "Mozilla/5.0 (compatible; Barkrowler/0.9; +https://babbar.tech/crawler)"
154.54.249.202 - - [10/Jan/2022:14:39:52 +0100] "GET /PmWiki/ContactUs?action=edit HTTP/1.1" 200 8638 "-" "Mozilla/5.0 (compatible; Barkrowler/0.9; +https://babbar.tech/crawler)"
154.54.249.202 - - [10/Jan/2022:14:40:07 +0100] "GET /PmWiki/GroupName?action=print HTTP/1.1" 404 2395 "-" "Mozilla/5.0 (compatible; Barkrowler/0.9; +https://babbar.tech/crawler)"
185.191.171.24 - - [10/Jan/2022:14:40:09 +0100] "GET /PmWikiRu/WikiStructure?action=print HTTP/1.1" 403 18 "-" "Mozilla/5.0 (compatible; SemrushBot/7~bl; +http://www.semrush.com/bot.html)"
154.54.249.202 - - [10/Jan/2022:14:40:22 +0100] "GET /PmWiki/GroupName?action=edit HTTP/1.1" 200 8638 "-" "Mozilla/5.0 (compatible; Barkrowler/0.9; +https://babbar.tech/crawler)"
154.54.249.202 - - [10/Jan/2022:14:40:37 +0100] "GET /PmWiki/GroupName?action=upload HTTP/1.1" 200 8538 "-" "Mozilla/5.0 (compatible; Barkrowler/0.9; +https://babbar.tech/crawler)"
154.54.249.202 - - [10/Jan/2022:14:40:52 +0100] "GET /PmWiki/GroupFooter?action=edit HTTP/1.1" 200 8666 "-" "Mozilla/5.0 (compatible; Barkrowler/0.9; +https://babbar.tech/crawler)"
154.54.249.202 - - [10/Jan/2022:14:41:07 +0100] "GET /PmWiki/Installation?action=edit HTTP/1.1" 200 8692 "-" "Mozilla/5.0 (compatible; Barkrowler/0.9; +https://babbar.tech/crawler)"
154.54.249.202 - - [10/Jan/2022:14:41:23 +0100] "GET /PmWiki/Installation?action=diff HTTP/1.1" 200 9263 "-" "Mozilla/5.0 (compatible; Barkrowler/0.9; +https://babbar.tech/crawler)"
154.54.249.202 - - [10/Jan/2022:14:41:38 +0100] "GET /PmWiki/Installation?action=upload HTTP/1.1" 200 8592 "-" "Mozilla/5.0 (compatible; Barkrowler/0.9; +https://babbar.tech/crawler)"
154.54.249.202 - - [10/Jan/2022:14:41:53 +0100] "GET /PmWiki/Installation?action=print HTTP/1.1" 200 14989 "-" "Mozilla/5.0 (compatible; Barkrowler/0.9; +https://babbar.tech/crawler)"
154.54.249.202 - - [10/Jan/2022:14:42:08 +0100] "GET /PmWiki/Version?action=edit HTTP/1.1" 200 8608 "-" "Mozilla/5.0 (compatible; Barkrowler/0.9; +https://babbar.tech/crawler)"
154.54.249.202 - - [10/Jan/2022:14:42:23 +0100] "GET /PmWiki/Version?action=upload HTTP/1.1" 200 8508 "-" "Mozilla/5.0 (compatible; Barkrowler/0.9; +https://babbar.tech/crawler)"
154.54.249.202 - - [10/Jan/2022:14:42:38 +0100] "GET /PmWiki/Version?action=diff HTTP/1.1" 200 9169 "-" "Mozilla/5.0 (compatible; Barkrowler/0.9; +https://babbar.tech/crawler)"
154.54.249.202 - - [10/Jan/2022:14:42:53 +0100] "GET /PmWiki/Version?action=print HTTP/1.1" 200 4460 "-" "Mozilla/5.0 (compatible; Barkrowler/0.9; +https://babbar.tech/crawler)"
154.54.249.202 - - [10/Jan/2022:14:43:08 +0100] "GET /PmWiki/MailingLists HTTP/1.1" 200 17178 "-" "Mozilla/5.0 (compatible; Barkrowler/0.9; +https://babbar.tech/crawler)"
154.54.249.202 - - [10/Jan/2022:14:43:23 +0100] "GET /PmWiki/Introduction?action=edit HTTP/1.1" 200 8678 "-" "Mozilla/5.0 (compatible; Barkrowler/0.9; +https://babbar.tech/crawler)"
154.54.249.202 - - [10/Jan/2022:14:43:39 +0100] "GET /PmWiki/Introduction?action=upload HTTP/1.1" 200 8578 "-" "Mozilla/5.0 (compatible; Barkrowler/0.9; +https://babbar.tech/crawler)"
154.54.249.202 - - [10/Jan/2022:14:43:54 +0100] "GET /PmWiki/Introduction?action=print HTTP/1.1" 200 4779 "-" "Mozilla/5.0 (compatible; Barkrowler/0.9; +https://babbar.tech/crawler)"
154.54.249.202 - - [10/Jan/2022:14:44:09 +0100] "GET /PmWiki/Introduction?action=diff HTTP/1.1" 200 9249 "-" "Mozilla/5.0 (compatible; Barkrowler/0.9; +https://babbar.tech/crawler)"
154.54.249.202 - - [10/Jan/2022:14:44:24 +0100] "GET /PmWikiRu/Upgrades HTTP/1.1" 200 14646 "-" "Mozilla/5.0 (compatible; Barkrowler/0.9; +https://babbar.tech/crawler)"
154.54.249.202 - - [10/Jan/2022:14:44:39 +0100] "GET /PmWikiRu/Glossary HTTP/1.1" 200 18649 "-" "Mozilla/5.0 (compatible; Barkrowler/0.9; +https://babbar.tech/crawler)"
154.54.249.202 - - [10/Jan/2022:14:44:54 +0100] "GET /PmWikiRu/InterMap HTTP/1.1" 200 13291 "-" "Mozilla/5.0 (compatible; Barkrowler/0.9; +https://babbar.tech/crawler)"
154.54.249.202 - - [10/Jan/2022:14:45:09 +0100] "GET /PmWikiRu/DesignNotes HTTP/1.1" 200 12306 "-" "Mozilla/5.0 (compatible; Barkrowler/0.9; +https://babbar.tech/crawler)"
194.209.200.2 - - [10/Jan/2022:14:45:17 +0100] "GET /robots.txt HTTP/1.1" 200 - "-" "Mozilla/5.0 (compatible; TMMBot/0.2; +http://www.dslab.ch)/Nutch-1.15"
194.209.200.2 - - [10/Jan/2022:14:45:17 +0100] "GET /Texte/Rezension HTTP/1.1" 200 11812 "-" "Mozilla/5.0 (compatible; TMMBot/0.2; +http://www.dslab.ch)/Nutch-1.15"
154.54.249.202 - - [10/Jan/2022:14:45:24 +0100] "GET /PmWikiRu/Installation HTTP/1.1" 200 22645 "-" "Mozilla/5.0 (compatible; Barkrowler/0.9; +https://babbar.tech/crawler)"
154.54.249.202 - - [10/Jan/2022:14:45:40 +0100] "GET /PmWikiRu/Contributors HTTP/1.1" 200 13255 "-" "Mozilla/5.0 (compatible; Barkrowler/0.9; +https://babbar.tech/crawler)"
194.209.200.2 - - [10/Jan/2022:14:45:51 +0100] "GET /Texte/ZurcherischEnglish HTTP/1.1" 200 8274 "-" "Mozilla/5.0 (compatible; TMMBot/0.2; +http://www.dslab.ch)/Nutch-1.15"
154.54.249.202 - - [10/Jan/2022:14:45:55 +0100] "GET /PmWikiRu/ListLocal HTTP/1.1" 200 41874 "-" "Mozilla/5.0 (compatible; Barkrowler/0.9; +https://babbar.tech/crawler)"
154.54.249.202 - - [10/Jan/2022:14:46:10 +0100] "GET /PmWikiRu/Subversion HTTP/1.1" 200 12226 "-" "Mozilla/5.0 (compatible; Barkrowler/0.9; +https://babbar.tech/crawler)"
154.54.249.202 - - [10/Jan/2022:14:46:25 +0100] "GET /PmWikiRu/WikiGroups HTTP/1.1" 302 195 "-" "Mozilla/5.0 (compatible; Barkrowler/0.9; +https://babbar.tech/crawler)"
154.54.249.202 - - [10/Jan/2022:14:46:40 +0100] "GET /PmWikiRu/WikiWord HTTP/1.1" 200 14194 "-" "Mozilla/5.0 (compatible; Barkrowler/0.9; +https://babbar.tech/crawler)"
154.54.249.202 - - [10/Jan/2022:14:46:55 +0100] "GET /PmWikiRu/WikiPage HTTP/1.1" 200 10746 "-" "Mozilla/5.0 (compatible; Barkrowler/0.9; +https://babbar.tech/crawler)"
154.54.249.202 - - [10/Jan/2022:14:47:10 +0100] "GET /PmWikiRu/WikiGroup HTTP/1.1" 200 20064 "-" "Mozilla/5.0 (compatible; Barkrowler/0.9; +https://babbar.tech/crawler)"
194.209.200.2 - - [10/Jan/2022:14:47:16 +0100] "GET /Admin/Jahresbericht HTTP/1.1" 200 45530 "-" "Mozilla/5.0 (compatible; TMMBot/0.2; +http://www.dslab.ch)/Nutch-1.15"
154.54.249.202 - - [10/Jan/2022:14:47:26 +0100] "GET /PmWikiRu/WikiStyles HTTP/1.1" 200 30558 "-" "Mozilla/5.0 (compatible; Barkrowler/0.9; +https://babbar.tech/crawler)"
194.209.200.2 - - [10/Jan/2022:14:47:40 +0100] "GET /Texte/Schrybwys HTTP/1.1" 200 11028 "-" "Mozilla/5.0 (compatible; TMMBot/0.2; +http://www.dslab.ch)/Nutch-1.15"
154.54.249.202 - - [10/Jan/2022:14:47:41 +0100] "GET /PmWikiRu/WikiTrails HTTP/1.1" 200 18251 "-" "Mozilla/5.0 (compatible; Barkrowler/0.9; +https://babbar.tech/crawler)"
154.54.249.202 - - [10/Jan/2022:14:47:56 +0100] "GET /PmWikiRu/WikiWords HTTP/1.1" 302 193 "-" "Mozilla/5.0 (compatible; Barkrowler/0.9; +https://babbar.tech/crawler)"
154.54.249.202 - - [10/Jan/2022:14:48:11 +0100] "GET /PmWikiRu/PageHistory HTTP/1.1" 200 14897 "-" "Mozilla/5.0 (compatible; Barkrowler/0.9; +https://babbar.tech/crawler)"
154.54.249.202 - - [10/Jan/2022:14:48:26 +0100] "GET /PmWikiRu/GroupHeader HTTP/1.1" 200 9862 "-" "Mozilla/5.0 (compatible; Barkrowler/0.9; +https://babbar.tech/crawler)"
194.209.200.2 - - [10/Jan/2022:14:48:26 +0100] "GET /Texte/ArsAmatoria HTTP/1.1" 200 12369 "-" "Mozilla/5.0 (compatible; TMMBot/0.2; +http://www.dslab.ch)/Nutch-1.15"
154.54.249.202 - - [10/Jan/2022:14:48:41 +0100] "GET /PmWikiRu/GroupFooter HTTP/1.1" 200 9862 "-" "Mozilla/5.0 (compatible; Barkrowler/0.9; +https://babbar.tech/crawler)"
154.54.249.202 - - [10/Jan/2022:14:48:56 +0100] "GET /PmWikiJa/Standalone HTTP/1.1" 404 8243 "-" "Mozilla/5.0 (compatible; Barkrowler/0.9; +https://babbar.tech/crawler)"
194.209.200.2 - - [10/Jan/2022:14:49:07 +0100] "GET /Texte/Styluebige HTTP/1.1" 200 9998 "-" "Mozilla/5.0 (compatible; TMMBot/0.2; +http://www.dslab.ch)/Nutch-1.15"
194.209.200.2 - - [10/Jan/2022:14:49:09 +0100] "GET /Admin/Links HTTP/1.1" 200 14193 "-" "Mozilla/5.0 (compatible; TMMBot/0.2; +http://www.dslab.ch)/Nutch-1.15"
154.54.249.202 - - [10/Jan/2022:14:49:12 +0100] "GET /PmWikiJa/SimpleForum HTTP/1.1" 404 8259 "-" "Mozilla/5.0 (compatible; Barkrowler/0.9; +https://babbar.tech/crawler)"
194.209.200.2 - - [10/Jan/2022:14:49:18 +0100] "GET /Texte/Metamorphoses HTTP/1.1" 200 9045 "-" "Mozilla/5.0 (compatible; TMMBot/0.2; +http://www.dslab.ch)/Nutch-1.15"
154.54.249.202 - - [10/Jan/2022:14:49:27 +0100] "GET /PmWikiJa/SlideShow HTTP/1.1" 404 8231 "-" "Mozilla/5.0 (compatible; Barkrowler/0.9; +https://babbar.tech/crawler)"
154.54.249.202 - - [10/Jan/2022:14:49:42 +0100] "GET /PmWikiJa/ExternalLinks HTTP/1.1" 404 8287 "-" "Mozilla/5.0 (compatible; Barkrowler/0.9; +https://babbar.tech/crawler)"
154.54.249.202 - - [10/Jan/2022:14:49:57 +0100] "GET /PmWikiJa/MultiLanguage HTTP/1.1" 404 8287 "-" "Mozilla/5.0 (compatible; Barkrowler/0.9; +https://babbar.tech/crawler)"
154.54.249.202 - - [10/Jan/2022:14:50:12 +0100] "GET /PmWikiJa/Multilink HTTP/1.1" 404 8229 "-" "Mozilla/5.0 (compatible; Barkrowler/0.9; +https://babbar.tech/crawler)"
154.54.249.202 - - [10/Jan/2022:14:50:27 +0100] "GET /PmWikiJa/RSSSimple HTTP/1.1" 404 8231 "-" "Mozilla/5.0 (compatible; Barkrowler/0.9; +https://babbar.tech/crawler)"
154.54.249.202 - - [10/Jan/2022:14:50:42 +0100] "GET /PmWikiJa/FarmSecurity HTTP/1.1" 404 8273 "-" "Mozilla/5.0 (compatible; Barkrowler/0.9; +https://babbar.tech/crawler)"
154.54.249.202 - - [10/Jan/2022:14:50:57 +0100] "GET /PmWikiJa/EditTitle HTTP/1.1" 404 8231 "-" "Mozilla/5.0 (compatible; Barkrowler/0.9; +https://babbar.tech/crawler)"
194.209.200.2 - - [10/Jan/2022:14:51:09 +0100] "GET /Admin/Pro-ZurituutschStatuten HTTP/1.1" 200 9580 "-" "Mozilla/5.0 (compatible; TMMBot/0.2; +http://www.dslab.ch)/Nutch-1.15"
154.54.249.202 - - [10/Jan/2022:14:51:12 +0100] "GET /PmWikiJa/EditBar HTTP/1.1" 404 8203 "-" "Mozilla/5.0 (compatible; Barkrowler/0.9; +https://babbar.tech/crawler)"
154.54.249.202 - - [10/Jan/2022:14:51:27 +0100] "GET /PmWikiJa/SearchTerms HTTP/1.1" 404 8259 "-" "Mozilla/5.0 (compatible; Barkrowler/0.9; +https://babbar.tech/crawler)"
154.54.249.202 - - [10/Jan/2022:14:51:42 +0100] "GET /PmWikiJa/TrailMenu HTTP/1.1" 404 8231 "-" "Mozilla/5.0 (compatible; Barkrowler/0.9; +https://babbar.tech/crawler)"
154.54.249.202 - - [10/Jan/2022:14:51:58 +0100] "GET /PmWikiJa/GuiEdit HTTP/1.1" 200 23028 "-" "Mozilla/5.0 (compatible; Barkrowler/0.9; +https://babbar.tech/crawler)"
194.209.200.2 - - [10/Jan/2022:14:51:58 +0100] "GET /Texte/Bitterbeuhsi HTTP/1.1" 200 9255 "-" "Mozilla/5.0 (compatible; TMMBot/0.2; +http://www.dslab.ch)/Nutch-1.15"
154.54.249.202 - - [10/Jan/2022:14:52:13 +0100] "GET /PmWikiJa/AtLinks HTTP/1.1" 404 8203 "-" "Mozilla/5.0 (compatible; Barkrowler/0.9; +https://babbar.tech/crawler)"
154.54.249.202 - - [10/Jan/2022:14:52:28 +0100] "GET /PmWikiJa/ThisSite HTTP/1.1" 404 8217 "-" "Mozilla/5.0 (compatible; Barkrowler/0.9; +https://babbar.tech/crawler)"
154.54.249.202 - - [10/Jan/2022:14:52:43 +0100] "GET /PmWikiJa/Blocklist HTTP/1.1" 404 8229 "-" "Mozilla/5.0 (compatible; Barkrowler/0.9; +https://babbar.tech/crawler)"
154.54.249.202 - - [10/Jan/2022:14:52:58 +0100] "GET /PmWikiJa/BreakPage HTTP/1.1" 404 8231 "-" "Mozilla/5.0 (compatible; Barkrowler/0.9; +https://babbar.tech/crawler)"
154.54.249.202 - - [10/Jan/2022:14:53:13 +0100] "GET /PmWikiJa/ImportText HTTP/1.1" 404 8245 "-" "Mozilla/5.0 (compatible; Barkrowler/0.9; +https://babbar.tech/crawler)"
154.54.249.202 - - [10/Jan/2022:14:53:28 +0100] "GET /PmWikiJa/PictureGallery HTTP/1.1" 404 8301 "-" "Mozilla/5.0 (compatible; Barkrowler/0.9; +https://babbar.tech/crawler)"
154.54.249.202 - - [10/Jan/2022:14:53:43 +0100] "GET /PmWikiJa/FastSearch HTTP/1.1" 404 8245 "-" "Mozilla/5.0 (compatible; Barkrowler/0.9; +https://babbar.tech/crawler)"
154.54.249.202 - - [10/Jan/2022:14:53:58 +0100] "GET /PmWikiJa/EasyGallery HTTP/1.1" 404 8259 "-" "Mozilla/5.0 (compatible; Barkrowler/0.9; +https://babbar.tech/crawler)"
154.54.249.202 - - [10/Jan/2022:14:54:13 +0100] "GET /PmWikiJa/ActionLog HTTP/1.1" 404 8231 "-" "Mozilla/5.0 (compatible; Barkrowler/0.9; +https://babbar.tech/crawler)"
154.54.249.202 - - [10/Jan/2022:14:54:29 +0100] "GET /PmWikiJa/ImageSets HTTP/1.1" 404 8231 "-" "Mozilla/5.0 (compatible; Barkrowler/0.9; +https://babbar.tech/crawler)"
154.54.249.202 - - [10/Jan/2022:14:54:44 +0100] "GET /PmWikiJa/Fortune HTTP/1.1" 404 8201 "-" "Mozilla/5.0 (compatible; Barkrowler/0.9; +https://babbar.tech/crawler)"
154.54.249.202 - - [10/Jan/2022:14:54:59 +0100] "GET /PmWikiDe/PmWiki HTTP/1.1" 302 190 "-" "Mozilla/5.0 (compatible; Barkrowler/0.9; +https://babbar.tech/crawler)"
154.54.249.202 - - [10/Jan/2022:14:55:14 +0100] "GET /PmWikiDe/WikiTrails HTTP/1.1" 200 12015 "-" "Mozilla/5.0 (compatible; Barkrowler/0.9; +https://babbar.tech/crawler)"
154.54.249.202 - - [10/Jan/2022:14:55:29 +0100] "GET /PmWikiDe/WikiStyles HTTP/1.1" 200 18079 "-" "Mozilla/5.0 (compatible; Barkrowler/0.9; +https://babbar.tech/crawler)"
154.54.249.202 - - [10/Jan/2022:14:55:44 +0100] "GET /PmWikiDe/AdvancedTables HTTP/1.1" 302 205 "-" "Mozilla/5.0 (compatible; Barkrowler/0.9; +https://babbar.tech/crawler)"
154.54.249.202 - - [10/Jan/2022:14:55:59 +0100] "GET /PmWikiDe/Troubleshooting HTTP/1.1" 404 6768 "-" "Mozilla/5.0 (compatible; Barkrowler/0.9; +https://babbar.tech/crawler)"
154.54.249.202 - - [10/Jan/2022:14:56:14 +0100] "GET /PmWikiDe/Variables HTTP/1.1" 200 57909 "-" "Mozilla/5.0 (compatible; Barkrowler/0.9; +https://babbar.tech/crawler)"
154.54.249.202 - - [10/Jan/2022:14:56:29 +0100] "GET /PmWikiRu/References HTTP/1.1" 200 12191 "-" "Mozilla/5.0 (compatible; Barkrowler/0.9; +https://babbar.tech/crawler)"
185.191.171.45 - - [10/Jan/2022:14:56:33 +0100] "GET /robots.txt HTTP/1.1" 200 - "-" "Mozilla/5.0 (compatible; SemrushBot/7~bl; +http://www.semrush.com/bot.html)"
185.191.171.5 - - [10/Jan/2022:14:56:35 +0100] "GET /PmWiki/CustomMarkup-Talk?action=edit HTTP/1.1" 404 18 "-" "Mozilla/5.0 (compatible; SemrushBot/7~bl; +http://www.semrush.com/bot.html)"
154.54.249.202 - - [10/Jan/2022:14:56:44 +0100] "GET /PmWikiDe/RefCount HTTP/1.1" 200 9666 "-" "Mozilla/5.0 (compatible; Barkrowler/0.9; +https://babbar.tech/crawler)"
154.54.249.202 - - [10/Jan/2022:14:57:00 +0100] "GET /PmWikiDe/Requirements HTTP/1.1" 200 8475 "-" "Mozilla/5.0 (compatible; Barkrowler/0.9; +https://babbar.tech/crawler)"
154.54.249.202 - - [10/Jan/2022:14:57:15 +0100] "GET /PmWikiDe/Installation HTTP/1.1" 200 15806 "-" "Mozilla/5.0 (compatible; Barkrowler/0.9; +https://babbar.tech/crawler)"
154.54.249.202 - - [10/Jan/2022:14:57:30 +0100] "GET /PmWikiDe/GroupHeaders HTTP/1.1" 200 9527 "-" "Mozilla/5.0 (compatible; Barkrowler/0.9; +https://babbar.tech/crawler)"
154.54.249.202 - - [10/Jan/2022:14:57:45 +0100] "GET /PmWikiDe/Passwords HTTP/1.1" 200 12905 "-" "Mozilla/5.0 (compatible; Barkrowler/0.9; +https://babbar.tech/crawler)"
154.54.249.202 - - [10/Jan/2022:14:58:00 +0100] "GET /PmWikiDe/AuthUser HTTP/1.1" 404 6672 "-" "Mozilla/5.0 (compatible; Barkrowler/0.9; +https://babbar.tech/crawler)"
154.54.249.202 - - [10/Jan/2022:14:58:15 +0100] "GET /PmWikiDe/MailPosts HTTP/1.1" 200 16364 "-" "Mozilla/5.0 (compatible; Barkrowler/0.9; +https://babbar.tech/crawler)"
154.54.249.202 - - [10/Jan/2022:14:58:30 +0100] "GET /PmWiki/Tables?action=edit HTTP/1.1" 200 8594 "-" "Mozilla/5.0 (compatible; Barkrowler/0.9; +https://babbar.tech/crawler)"
154.54.249.202 - - [10/Jan/2022:14:58:45 +0100] "GET /PmWiki/Tables?action=upload HTTP/1.1" 200 8494 "-" "Mozilla/5.0 (compatible; Barkrowler/0.9; +https://babbar.tech/crawler)"
154.54.249.202 - - [10/Jan/2022:14:59:00 +0100] "GET /PmWiki/SecurityVariables HTTP/1.1" 200 15696 "-" "Mozilla/5.0 (compatible; Barkrowler/0.9; +https://babbar.tech/crawler)"
154.54.249.202 - - [10/Jan/2022:14:59:16 +0100] "GET /PmWiki/WikiWord?action=edit HTTP/1.1" 200 8624 "-" "Mozilla/5.0 (compatible; Barkrowler/0.9; +https://babbar.tech/crawler)"
154.54.249.202 - - [10/Jan/2022:14:59:31 +0100] "GET /PmWiki/WikiPage?action=edit HTTP/1.1" 200 8624 "-" "Mozilla/5.0 (compatible; Barkrowler/0.9; +https://babbar.tech/crawler)"
154.54.249.202 - - [10/Jan/2022:14:59:46 +0100] "GET /PmWiki/WikiPage?action=upload HTTP/1.1" 200 8524 "-" "Mozilla/5.0 (compatible; Barkrowler/0.9; +https://babbar.tech/crawler)"
154.54.249.202 - - [10/Jan/2022:15:00:01 +0100] "GET /PmWiki/WikiPage?action=print HTTP/1.1" 200 3241 "-" "Mozilla/5.0 (compatible; Barkrowler/0.9; +https://babbar.tech/crawler)"
154.54.249.202 - - [10/Jan/2022:15:00:16 +0100] "GET /PmWiki/WikiPage?action=diff HTTP/1.1" 200 9187 "-" "Mozilla/5.0 (compatible; Barkrowler/0.9; +https://babbar.tech/crawler)"
154.54.249.202 - - [10/Jan/2022:15:00:31 +0100] "GET /PmWiki/WikiGroup?action=print HTTP/1.1" 200 17625 "-" "Mozilla/5.0 (compatible; Barkrowler/0.9; +https://babbar.tech/crawler)"
154.54.249.202 - - [10/Jan/2022:15:00:46 +0100] "GET /PmWiki/WikiGroup?action=edit HTTP/1.1" 200 8638 "-" "Mozilla/5.0 (compatible; Barkrowler/0.9; +https://babbar.tech/crawler)"
154.54.249.202 - - [10/Jan/2022:15:01:01 +0100] "GET /PmWiki/WikiGroup?action=upload HTTP/1.1" 200 8538 "-" "Mozilla/5.0 (compatible; Barkrowler/0.9; +https://babbar.tech/crawler)"
154.54.249.202 - - [10/Jan/2022:15:01:16 +0100] "GET /PmWiki/Skins?action=edit HTTP/1.1" 200 8580 "-" "Mozilla/5.0 (compatible; Barkrowler/0.9; +https://babbar.tech/crawler)"
154.54.249.202 - - [10/Jan/2022:15:01:32 +0100] "GET /PmWiki/Skins?action=upload HTTP/1.1" 200 8480 "-" "Mozilla/5.0 (compatible; Barkrowler/0.9; +https://babbar.tech/crawler)"
154.54.249.202 - - [10/Jan/2022:15:01:47 +0100] "GET /PmWiki/Skins?action=diff HTTP/1.1" 200 9137 "-" "Mozilla/5.0 (compatible; Barkrowler/0.9; +https://babbar.tech/crawler)"
154.54.249.202 - - [10/Jan/2022:15:02:02 +0100] "GET /PmWiki/Skins?action=print HTTP/1.1" 200 15148 "-" "Mozilla/5.0 (compatible; Barkrowler/0.9; +https://babbar.tech/crawler)"
154.54.249.202 - - [10/Jan/2022:15:02:17 +0100] "GET /PmWiki/SkinTemplates HTTP/1.1" 200 28363 "-" "Mozilla/5.0 (compatible; Barkrowler/0.9; +https://babbar.tech/crawler)"
154.54.249.202 - - [10/Jan/2022:15:02:32 +0100] "GET /PmWiki/PageHistory?action=edit HTTP/1.1" 200 8666 "-" "Mozilla/5.0 (compatible; Barkrowler/0.9; +https://babbar.tech/crawler)"
154.54.249.202 - - [10/Jan/2022:15:02:47 +0100] "GET /PmWiki/PageHistory?action=diff HTTP/1.1" 200 9235 "-" "Mozilla/5.0 (compatible; Barkrowler/0.9; +https://babbar.tech/crawler)"
154.54.249.202 - - [10/Jan/2022:15:03:02 +0100] "GET /PmWiki/PageHistory?action=upload HTTP/1.1" 200 8566 "-" "Mozilla/5.0 (compatible; Barkrowler/0.9; +https://babbar.tech/crawler)"
154.54.249.202 - - [10/Jan/2022:15:03:17 +0100] "GET /PmWiki/PageHistory?action=print HTTP/1.1" 200 7627 "-" "Mozilla/5.0 (compatible; Barkrowler/0.9; +https://babbar.tech/crawler)"
154.54.249.202 - - [10/Jan/2022:15:03:32 +0100] "GET /PmWiki/PageListTemplates HTTP/1.1" 200 24193 "-" "Mozilla/5.0 (compatible; Barkrowler/0.9; +https://babbar.tech/crawler)"
154.54.249.202 - - [10/Jan/2022:15:03:48 +0100] "GET /PmWiki/PagelistVariables HTTP/1.1" 200 17472 "-" "Mozilla/5.0 (compatible; Barkrowler/0.9; +https://babbar.tech/crawler)"
154.54.249.202 - - [10/Jan/2022:15:04:03 +0100] "GET /PmWiki/SpecialPages?action=edit HTTP/1.1" 200 8680 "-" "Mozilla/5.0 (compatible; Barkrowler/0.9; +https://babbar.tech/crawler)"
154.54.249.202 - - [10/Jan/2022:15:04:18 +0100] "GET /PmWiki/SpecialPages?action=upload HTTP/1.1" 200 8580 "-" "Mozilla/5.0 (compatible; Barkrowler/0.9; +https://babbar.tech/crawler)"
154.54.249.202 - - [10/Jan/2022:15:04:33 +0100] "GET /PmWiki/SpecialPages?action=print HTTP/1.1" 404 2407 "-" "Mozilla/5.0 (compatible; Barkrowler/0.9; +https://babbar.tech/crawler)"
154.54.249.202 - - [10/Jan/2022:15:04:48 +0100] "GET /PmWiki/SpecialPages?action=diff HTTP/1.1" 200 9251 "-" "Mozilla/5.0 (compatible; Barkrowler/0.9; +https://babbar.tech/crawler)"
154.54.249.202 - - [10/Jan/2022:15:05:03 +0100] "GET /PmWiki/Functions?action=print HTTP/1.1" 200 28571 "-" "Mozilla/5.0 (compatible; Barkrowler/0.9; +https://babbar.tech/crawler)"
154.54.249.202 - - [10/Jan/2022:15:05:18 +0100] "GET /PmWiki/Functions?action=edit HTTP/1.1" 200 8636 "-" "Mozilla/5.0 (compatible; Barkrowler/0.9; +https://babbar.tech/crawler)"
154.54.249.202 - - [10/Jan/2022:15:05:34 +0100] "GET /PmWiki/Functions?action=upload HTTP/1.1" 200 8536 "-" "Mozilla/5.0 (compatible; Barkrowler/0.9; +https://babbar.tech/crawler)"
154.54.249.202 - - [10/Jan/2022:15:05:49 +0100] "GET /PmWiki/Uploads?action=print HTTP/1.1" 200 15119 "-" "Mozilla/5.0 (compatible; Barkrowler/0.9; +https://babbar.tech/crawler)"
154.54.249.202 - - [10/Jan/2022:15:06:04 +0100] "GET /PmWiki/UploadVariables HTTP/1.1" 200 24052 "-" "Mozilla/5.0 (compatible; Barkrowler/0.9; +https://babbar.tech/crawler)"
154.54.249.202 - - [10/Jan/2022:15:06:19 +0100] "GET /PmWiki/UrlApprovals HTTP/1.1" 200 17640 "-" "Mozilla/5.0 (compatible; Barkrowler/0.9; +https://babbar.tech/crawler)"
154.54.249.202 - - [10/Jan/2022:15:06:34 +0100] "GET /PmWiki/UTF-8?action=upload HTTP/1.1" 200 8480 "-" "Mozilla/5.0 (compatible; Barkrowler/0.9; +https://babbar.tech/crawler)"
154.54.249.202 - - [10/Jan/2022:15:06:49 +0100] "GET /PmWiki/UTF-8?action=print HTTP/1.1" 200 6246 "-" "Mozilla/5.0 (compatible; Barkrowler/0.9; +https://babbar.tech/crawler)"
154.54.249.202 - - [10/Jan/2022:15:07:04 +0100] "GET /Site/Verglych?action=upload HTTP/1.1" 200 8493 "-" "Mozilla/5.0 (compatible; Barkrowler/0.9; +https://babbar.tech/crawler)"
154.54.249.202 - - [10/Jan/2022:15:07:19 +0100] "GET /Site/171AmStadelhofe HTTP/1.1" 200 27839 "-" "Mozilla/5.0 (compatible; Barkrowler/0.9; +https://babbar.tech/crawler)"
154.54.249.202 - - [10/Jan/2022:15:07:35 +0100] "GET /Site/191Houhsraech1509 HTTP/1.1" 200 21817 "-" "Mozilla/5.0 (compatible; Barkrowler/0.9; +https://babbar.tech/crawler)"
154.54.249.202 - - [10/Jan/2022:15:07:50 +0100] "GET /Site/191Raech1509?action=print HTTP/1.1" 200 2301 "-" "Mozilla/5.0 (compatible; Barkrowler/0.9; +https://babbar.tech/crawler)"
154.54.249.202 - - [10/Jan/2022:15:08:05 +0100] "GET /Site/191Raech1509?action=edit HTTP/1.1" 200 8653 "-" "Mozilla/5.0 (compatible; Barkrowler/0.9; +https://babbar.tech/crawler)"
154.54.249.202 - - [10/Jan/2022:15:08:20 +0100] "GET /Site/Tessynfaart?action=upload HTTP/1.1" 200 8535 "-" "Mozilla/5.0 (compatible; Barkrowler/0.9; +https://babbar.tech/crawler)"
154.54.249.202 - - [10/Jan/2022:15:08:35 +0100] "GET /Site/Tessynfaart?action=print HTTP/1.1" 200 11049 "-" "Mozilla/5.0 (compatible; Barkrowler/0.9; +https://babbar.tech/crawler)"
154.54.249.202 - - [10/Jan/2022:15:08:50 +0100] "GET /Site/Tessynfaart?action=edit HTTP/1.1" 200 8635 "-" "Mozilla/5.0 (compatible; Barkrowler/0.9; +https://babbar.tech/crawler)"
154.54.249.202 - - [10/Jan/2022:15:09:05 +0100] "GET /Site/Tessynfaart?action=diff HTTP/1.1" 200 24015 "-" "Mozilla/5.0 (compatible; Barkrowler/0.9; +https://babbar.tech/crawler)"
154.54.249.202 - - [10/Jan/2022:15:09:20 +0100] "GET /Site/AllRecentUploads?action=edit HTTP/1.1" 200 8709 "-" "Mozilla/5.0 (compatible; Barkrowler/0.9; +https://babbar.tech/crawler)"
154.54.249.202 - - [10/Jan/2022:15:09:35 +0100] "GET /Site/112Stans1481?action=print HTTP/1.1" 200 11417 "-" "Mozilla/5.0 (compatible; Barkrowler/0.9; +https://babbar.tech/crawler)"
154.54.249.202 - - [10/Jan/2022:15:09:50 +0100] "GET /Site/112Stans1481?action=edit HTTP/1.1" 200 8653 "-" "Mozilla/5.0 (compatible; Barkrowler/0.9; +https://babbar.tech/crawler)"
154.54.249.202 - - [10/Jan/2022:15:10:05 +0100] "GET /Site/112Stans1481?action=upload HTTP/1.1" 200 8553 "-" "Mozilla/5.0 (compatible; Barkrowler/0.9; +https://babbar.tech/crawler)"
154.54.249.202 - - [10/Jan/2022:15:10:21 +0100] "GET /Site/Apschlouss?action=diff HTTP/1.1" 200 10482 "-" "Mozilla/5.0 (compatible; Barkrowler/0.9; +https://babbar.tech/crawler)"
154.54.249.202 - - [10/Jan/2022:15:10:36 +0100] "GET /Site/22Baadstoubegass HTTP/1.1" 200 18563 "-" "Mozilla/5.0 (compatible; Barkrowler/0.9; +https://babbar.tech/crawler)"
154.54.249.202 - - [10/Jan/2022:15:10:51 +0100] "GET /Site/101Ramft1478?action=edit HTTP/1.1" 200 8653 "-" "Mozilla/5.0 (compatible; Barkrowler/0.9; +https://babbar.tech/crawler)"
154.54.249.202 - - [10/Jan/2022:15:11:06 +0100] "GET /Site/101Ramft1478?action=upload HTTP/1.1" 200 8553 "-" "Mozilla/5.0 (compatible; Barkrowler/0.9; +https://babbar.tech/crawler)"
154.54.249.202 - - [10/Jan/2022:15:11:21 +0100] "GET /Site/101Ramft1478?action=print HTTP/1.1" 200 10075 "-" "Mozilla/5.0 (compatible; Barkrowler/0.9; +https://babbar.tech/crawler)"
154.54.249.202 - - [10/Jan/2022:15:11:36 +0100] "GET /Site/101Ramft1478?action=diff HTTP/1.1" 200 19191 "-" "Mozilla/5.0 (compatible; Barkrowler/0.9; +https://babbar.tech/crawler)"
154.54.249.202 - - [10/Jan/2022:15:11:51 +0100] "GET /Site/72Mourte1476?action=print HTTP/1.1" 200 15326 "-" "Mozilla/5.0 (compatible; Barkrowler/0.9; +https://babbar.tech/crawler)"
154.54.249.202 - - [10/Jan/2022:15:12:06 +0100] "GET /Site/72Mourte1476?action=edit HTTP/1.1" 200 8653 "-" "Mozilla/5.0 (compatible; Barkrowler/0.9; +https://babbar.tech/crawler)"
154.54.249.202 - - [10/Jan/2022:15:12:21 +0100] "GET /Site/111Stans1481?action=print HTTP/1.1" 200 8968 "-" "Mozilla/5.0 (compatible; Barkrowler/0.9; +https://babbar.tech/crawler)"
154.54.249.202 - - [10/Jan/2022:15:12:36 +0100] "GET /Site/111Stans1481?action=edit HTTP/1.1" 200 8653 "-" "Mozilla/5.0 (compatible; Barkrowler/0.9; +https://babbar.tech/crawler)"
154.54.249.202 - - [10/Jan/2022:15:12:52 +0100] "GET /Site/111Stans1481?action=upload HTTP/1.1" 200 8553 "-" "Mozilla/5.0 (compatible; Barkrowler/0.9; +https://babbar.tech/crawler)"
154.54.249.202 - - [10/Jan/2022:15:13:07 +0100] "GET /Site/EditQuickReference?action=edit HTTP/1.1" 200 8737 "-" "Mozilla/5.0 (compatible; Barkrowler/0.9; +https://babbar.tech/crawler)"
154.54.249.202 - - [10/Jan/2022:15:13:22 +0100] "GET /Site/EditQuickReference?action=upload HTTP/1.1" 200 8637 "-" "Mozilla/5.0 (compatible; Barkrowler/0.9; +https://babbar.tech/crawler)"
154.54.249.202 - - [10/Jan/2022:15:13:37 +0100] "GET /Site/51Trouttike?action=edit HTTP/1.1" 200 8637 "-" "Mozilla/5.0 (compatible; Barkrowler/0.9; +https://babbar.tech/crawler)"
154.54.249.202 - - [10/Jan/2022:15:13:52 +0100] "GET /Site/51Trouttike?action=diff HTTP/1.1" 200 19859 "-" "Mozilla/5.0 (compatible; Barkrowler/0.9; +https://babbar.tech/crawler)"
154.54.249.202 - - [10/Jan/2022:15:14:07 +0100] "GET /Site/51Trouttike?action=upload HTTP/1.1" 200 8537 "-" "Mozilla/5.0 (compatible; Barkrowler/0.9; +https://babbar.tech/crawler)"
154.54.249.202 - - [10/Jan/2022:15:14:22 +0100] "GET /Site/51Trouttike?action=print HTTP/1.1" 200 8006 "-" "Mozilla/5.0 (compatible; Barkrowler/0.9; +https://babbar.tech/crawler)"
154.54.249.202 - - [10/Jan/2022:15:14:37 +0100] "GET /Site/WGA2Eergyz HTTP/1.1" 200 17403 "-" "Mozilla/5.0 (compatible; Barkrowler/0.9; +https://babbar.tech/crawler)"
102.165.16.131 - - [10/Jan/2022:15:14:38 +0100] "GET /Texte/Rezension HTTP/1.1" 200 11812 "http://www.pro-zurituutsch.ch" "Mozilla/5.0 (Windows NT 10.0; Win64; x64) AppleWebKit/537.36 (KHTML, like Gecko) Chrome/62.0.3202.94 Safari/537.36"
154.54.249.202 - - [10/Jan/2022:15:14:52 +0100] "GET /Site/WGA1Begaabig HTTP/1.1" 200 17047 "-" "Mozilla/5.0 (compatible; Barkrowler/0.9; +https://babbar.tech/crawler)"
154.54.249.202 - - [10/Jan/2022:15:15:07 +0100] "GET /Site/102Ramft1478?action=print HTTP/1.1" 200 11564 "-" "Mozilla/5.0 (compatible; Barkrowler/0.9; +https://babbar.tech/crawler)"
154.54.249.202 - - [10/Jan/2022:15:15:22 +0100] "GET /Site/102Ramft1478?action=edit HTTP/1.1" 200 8653 "-" "Mozilla/5.0 (compatible; Barkrowler/0.9; +https://babbar.tech/crawler)"
154.54.249.202 - - [10/Jan/2022:15:15:38 +0100] "GET /Site/102Ramft1478?action=upload HTTP/1.1" 200 8553 "-" "Mozilla/5.0 (compatible; Barkrowler/0.9; +https://babbar.tech/crawler)"
154.54.249.202 - - [10/Jan/2022:15:15:53 +0100] "GET /Site/Baadstoubegass2 HTTP/1.1" 200 8158 "-" "Mozilla/5.0 (compatible; Barkrowler/0.9; +https://babbar.tech/crawler)"
154.54.249.202 - - [10/Jan/2022:15:16:08 +0100] "GET /Site/Baadstoubegass1 HTTP/1.1" 200 8158 "-" "Mozilla/5.0 (compatible; Barkrowler/0.9; +https://babbar.tech/crawler)"
154.54.249.202 - - [10/Jan/2022:15:16:23 +0100] "GET /Site/Preferences?setprefs= HTTP/1.1" 200 11217 "-" "Mozilla/5.0 (compatible; Barkrowler/0.9; +https://babbar.tech/crawler)"
154.54.249.202 - - [10/Jan/2022:15:16:38 +0100] "GET /Site/71Mourte1476?action=print HTTP/1.1" 200 11311 "-" "Mozilla/5.0 (compatible; Barkrowler/0.9; +https://babbar.tech/crawler)"
154.54.249.202 - - [10/Jan/2022:15:16:53 +0100] "GET /Site/71Mourte1476?action=edit HTTP/1.1" 200 8653 "-" "Mozilla/5.0 (compatible; Barkrowler/0.9; +https://babbar.tech/crawler)"
154.54.249.202 - - [10/Jan/2022:15:17:08 +0100] "GET /Site/62Mulhouse1468?action=edit HTTP/1.1" 200 8681 "-" "Mozilla/5.0 (compatible; Barkrowler/0.9; +https://babbar.tech/crawler)"
154.54.249.202 - - [10/Jan/2022:15:17:23 +0100] "GET /Site/62Mulhouse1468?action=print HTTP/1.1" 200 10361 "-" "Mozilla/5.0 (compatible; Barkrowler/0.9; +https://babbar.tech/crawler)"
154.54.249.202 - - [10/Jan/2022:15:17:38 +0100] "GET /Site/62Mulhouse1468?action=diff HTTP/1.1" 200 20994 "-" "Mozilla/5.0 (compatible; Barkrowler/0.9; +https://babbar.tech/crawler)"
154.54.249.202 - - [10/Jan/2022:15:17:53 +0100] "GET /Hilfe/AnleitungTonbeispiele HTTP/1.1" 200 9878 "-" "Mozilla/5.0 (compatible; Barkrowler/0.9; +https://babbar.tech/crawler)"
194.209.200.2 - - [10/Jan/2022:15:18:03 +0100] "GET /robots.txt HTTP/1.1" 200 - "-" "Mozilla/5.0 (compatible; TMMBot/0.2; +http://www.dslab.ch)/Nutch-1.15"
194.209.200.2 - - [10/Jan/2022:15:18:03 +0100] "GET /Texte/Rezension HTTP/1.1" 200 11812 "-" "Mozilla/5.0 (compatible; TMMBot/0.2; +http://www.dslab.ch)/Nutch-1.15"
154.54.249.202 - - [10/Jan/2022:15:18:09 +0100] "GET /Hilfe/Passwort?action=diff HTTP/1.1" 200 9168 "-" "Mozilla/5.0 (compatible; Barkrowler/0.9; +https://babbar.tech/crawler)"
185.191.171.10 - - [10/Jan/2022:15:18:20 +0100] "GET /PmWikiRu/A?action=search&fmt=title&q=link%3DPmWikiRu.CustomMarkup HTTP/1.1" 404 18 "-" "Mozilla/5.0 (compatible; SemrushBot/7~bl; +http://www.semrush.com/bot.html)"
154.54.249.202 - - [10/Jan/2022:15:18:24 +0100] "GET /Texte/Schrybwys?action=edit HTTP/1.1" 200 8621 "-" "Mozilla/5.0 (compatible; Barkrowler/0.9; +https://babbar.tech/crawler)"
194.209.200.2 - - [10/Jan/2022:15:18:33 +0100] "GET /Texte/ZurcherischEnglish HTTP/1.1" 200 8274 "-" "Mozilla/5.0 (compatible; TMMBot/0.2; +http://www.dslab.ch)/Nutch-1.15"
154.54.249.202 - - [10/Jan/2022:15:18:39 +0100] "GET /Texte/Schrybwys?action=upload HTTP/1.1" 200 8521 "-" "Mozilla/5.0 (compatible; Barkrowler/0.9; +https://babbar.tech/crawler)"
154.54.249.202 - - [10/Jan/2022:15:18:54 +0100] "GET /Texte/Schrybwys?action=diff HTTP/1.1" 200 28323 "-" "Mozilla/5.0 (compatible; Barkrowler/0.9; +https://babbar.tech/crawler)"
154.54.249.202 - - [10/Jan/2022:15:19:09 +0100] "GET /Texte/Schrybwys?action=print HTTP/1.1" 200 5237 "-" "Mozilla/5.0 (compatible; Barkrowler/0.9; +https://babbar.tech/crawler)"
154.54.249.202 - - [10/Jan/2022:15:19:24 +0100] "GET /Texte/AnleitungTonbeispiele HTTP/1.1" 404 8355 "-" "Mozilla/5.0 (compatible; Barkrowler/0.9; +https://babbar.tech/crawler)"
154.54.249.202 - - [10/Jan/2022:15:19:39 +0100] "GET /Main/ToutesLesModifs?action=edit HTTP/1.1" 200 8695 "-" "Mozilla/5.0 (compatible; Barkrowler/0.9; +https://babbar.tech/crawler)"
194.209.200.2 - - [10/Jan/2022:15:19:48 +0100] "GET /Admin/Jahresbericht HTTP/1.1" 200 45530 "-" "Mozilla/5.0 (compatible; TMMBot/0.2; +http://www.dslab.ch)/Nutch-1.15"
154.54.249.202 - - [10/Jan/2022:15:19:54 +0100] "GET /uploads/PodCast/Rezmebeforeyou HTTP/1.1" 304 - "-" "Mozilla/5.0 (compatible; Barkrowler/0.9; +https://babbar.tech/crawler)"
154.54.249.202 - - [10/Jan/2022:15:20:09 +0100] "GET /PmWiki/CustomMarkup?action=print HTTP/1.1" 200 23946 "-" "Mozilla/5.0 (compatible; Barkrowler/0.9; +https://babbar.tech/crawler)"
154.54.249.202 - - [10/Jan/2022:15:20:24 +0100] "GET /PmWiki/CustomMarkup?action=edit HTTP/1.1" 200 8680 "-" "Mozilla/5.0 (compatible; Barkrowler/0.9; +https://babbar.tech/crawler)"
154.54.249.202 - - [10/Jan/2022:15:20:39 +0100] "GET /PmWiki/CustomMarkup?action=upload HTTP/1.1" 200 8580 "-" "Mozilla/5.0 (compatible; Barkrowler/0.9; +https://babbar.tech/crawler)"
194.209.200.2 - - [10/Jan/2022:15:20:54 +0100] "GET /Texte/ArsAmatoria HTTP/1.1" 200 12369 "-" "Mozilla/5.0 (compatible; TMMBot/0.2; +http://www.dslab.ch)/Nutch-1.15"
154.54.249.202 - - [10/Jan/2022:15:20:55 +0100] "GET /PmWiki/SitePreferences?action=print HTTP/1.1" 200 3752 "-" "Mozilla/5.0 (compatible; Barkrowler/0.9; +https://babbar.tech/crawler)"
154.54.249.202 - - [10/Jan/2022:15:21:10 +0100] "GET /PmWiki/LayoutVariables?action=edit HTTP/1.1" 200 8722 "-" "Mozilla/5.0 (compatible; Barkrowler/0.9; +https://babbar.tech/crawler)"
154.54.249.202 - - [10/Jan/2022:15:21:25 +0100] "GET /PmWiki/ContactUs?action=diff HTTP/1.1" 200 9203 "-" "Mozilla/5.0 (compatible; Barkrowler/0.9; +https://babbar.tech/crawler)"
194.209.200.2 - - [10/Jan/2022:15:21:32 +0100] "GET /Texte/Styluebige HTTP/1.1" 200 9998 "-" "Mozilla/5.0 (compatible; TMMBot/0.2; +http://www.dslab.ch)/Nutch-1.15"
194.209.200.2 - - [10/Jan/2022:15:21:33 +0100] "GET /Admin/Links HTTP/1.1" 200 14193 "-" "Mozilla/5.0 (compatible; TMMBot/0.2; +http://www.dslab.ch)/Nutch-1.15"
154.54.249.202 - - [10/Jan/2022:15:21:40 +0100] "GET /PmWiki/LinkSchemes?action=edit HTTP/1.1" 200 8666 "-" "Mozilla/5.0 (compatible; Barkrowler/0.9; +https://babbar.tech/crawler)"
194.209.200.2 - - [10/Jan/2022:15:21:42 +0100] "GET /Texte/Metamorphoses HTTP/1.1" 200 9045 "-" "Mozilla/5.0 (compatible; TMMBot/0.2; +http://www.dslab.ch)/Nutch-1.15"
154.54.249.202 - - [10/Jan/2022:15:21:55 +0100] "GET /PmWiki/LinkSchemes?action=print HTTP/1.1" 404 2403 "-" "Mozilla/5.0 (compatible; Barkrowler/0.9; +https://babbar.tech/crawler)"
154.54.249.202 - - [10/Jan/2022:15:22:10 +0100] "GET /PmWiki/GroupAttributes?action=diff HTTP/1.1" 200 9299 "-" "Mozilla/5.0 (compatible; Barkrowler/0.9; +https://babbar.tech/crawler)"
154.54.249.202 - - [10/Jan/2022:15:22:25 +0100] "GET /PmWiki/GroupAttributes?action=print HTTP/1.1" 404 2419 "-" "Mozilla/5.0 (compatible; Barkrowler/0.9; +https://babbar.tech/crawler)"
154.54.249.202 - - [10/Jan/2022:15:22:40 +0100] "GET /PmWiki/GroupAttributes?action=edit HTTP/1.1" 200 8722 "-" "Mozilla/5.0 (compatible; Barkrowler/0.9; +https://babbar.tech/crawler)"
154.54.249.202 - - [10/Jan/2022:15:22:55 +0100] "GET /PmWiki/GroupAttributes?action=upload HTTP/1.1" 200 8622 "-" "Mozilla/5.0 (compatible; Barkrowler/0.9; +https://babbar.tech/crawler)"
154.54.249.202 - - [10/Jan/2022:15:23:10 +0100] "GET /PmWiki/GroupHeaders?action=print HTTP/1.1" 200 7410 "-" "Mozilla/5.0 (compatible; Barkrowler/0.9; +https://babbar.tech/crawler)"
194.209.200.2 - - [10/Jan/2022:15:23:24 +0100] "GET /Admin/Pro-ZurituutschStatuten HTTP/1.1" 200 9580 "-" "Mozilla/5.0 (compatible; TMMBot/0.2; +http://www.dslab.ch)/Nutch-1.15"
154.54.249.202 - - [10/Jan/2022:15:23:25 +0100] "GET /PmWiki/GroupHeaders?action=upload HTTP/1.1" 200 8612 "-" "Mozilla/5.0 (compatible; Barkrowler/0.9; +https://babbar.tech/crawler)"
154.54.249.202 - - [10/Jan/2022:15:23:40 +0100] "GET /PmWiki/GroupHeaders?action=edit HTTP/1.1" 200 8712 "-" "Mozilla/5.0 (compatible; Barkrowler/0.9; +https://babbar.tech/crawler)"
154.54.249.202 - - [10/Jan/2022:15:23:55 +0100] "GET /PmWiki/GroupCustomizations?action=edit HTTP/1.1" 200 8778 "-" "Mozilla/5.0 (compatible; Barkrowler/0.9; +https://babbar.tech/crawler)"
194.209.200.2 - - [10/Jan/2022:15:24:07 +0100] "GET /Texte/Bitterbeuhsi HTTP/1.1" 200 9255 "-" "Mozilla/5.0 (compatible; TMMBot/0.2; +http://www.dslab.ch)/Nutch-1.15"
154.54.249.202 - - [10/Jan/2022:15:24:11 +0100] "GET /PmWiki/MailingList?action=edit HTTP/1.1" 200 8666 "-" "Mozilla/5.0 (compatible; Barkrowler/0.9; +https://babbar.tech/crawler)"
154.54.249.202 - - [10/Jan/2022:15:24:26 +0100] "GET /PmWiki/MailingList?action=diff HTTP/1.1" 200 9235 "-" "Mozilla/5.0 (compatible; Barkrowler/0.9; +https://babbar.tech/crawler)"
154.54.249.202 - - [10/Jan/2022:15:24:41 +0100] "GET /PmWikiNl/WikiSandbox HTTP/1.1" 200 6760 "-" "Mozilla/5.0 (compatible; Barkrowler/0.9; +https://babbar.tech/crawler)"
154.54.249.202 - - [10/Jan/2022:15:24:56 +0100] "GET /PmWikiRu/FAQ?action=upload HTTP/1.1" 200 9039 "-" "Mozilla/5.0 (compatible; Barkrowler/0.9; +https://babbar.tech/crawler)"
154.54.249.202 - - [10/Jan/2022:15:25:11 +0100] "GET /PmWikiRu/FAQ?action=print HTTP/1.1" 200 12272 "-" "Mozilla/5.0 (compatible; Barkrowler/0.9; +https://babbar.tech/crawler)"
154.54.249.202 - - [10/Jan/2022:15:25:26 +0100] "GET /PmWikiRu/TableDirectives HTTP/1.1" 200 25080 "-" "Mozilla/5.0 (compatible; Barkrowler/0.9; +https://babbar.tech/crawler)"
154.54.249.202 - - [10/Jan/2022:15:25:41 +0100] "GET /PmWikiRu/AvailableActions HTTP/1.1" 200 16563 "-" "Mozilla/5.0 (compatible; Barkrowler/0.9; +https://babbar.tech/crawler)"
154.54.249.202 - - [10/Jan/2022:15:25:56 +0100] "GET /PmWikiRu/Links?action=diff HTTP/1.1" 200 9732 "-" "Mozilla/5.0 (compatible; Barkrowler/0.9; +https://babbar.tech/crawler)"
154.54.249.202 - - [10/Jan/2022:15:26:11 +0100] "GET /PmWikiRu/Forms?action=diff HTTP/1.1" 200 9718 "-" "Mozilla/5.0 (compatible; Barkrowler/0.9; +https://babbar.tech/crawler)"
154.54.249.202 - - [10/Jan/2022:15:26:27 +0100] "GET /PmWikiRu/Forms?action=upload HTTP/1.1" 200 9057 "-" "Mozilla/5.0 (compatible; Barkrowler/0.9; +https://babbar.tech/crawler)"
154.54.249.202 - - [10/Jan/2022:15:26:42 +0100] "GET /PmWikiRu/Version?action=diff HTTP/1.1" 200 9750 "-" "Mozilla/5.0 (compatible; Barkrowler/0.9; +https://babbar.tech/crawler)"
154.54.249.202 - - [10/Jan/2022:15:26:57 +0100] "GET /PmWikiRu/Version?action=print HTTP/1.1" 404 2397 "-" "Mozilla/5.0 (compatible; Barkrowler/0.9; +https://babbar.tech/crawler)"
154.54.249.202 - - [10/Jan/2022:15:27:12 +0100] "GET /PmWikiRu/CustomInterMap HTTP/1.1" 200 18042 "-" "Mozilla/5.0 (compatible; Barkrowler/0.9; +https://babbar.tech/crawler)"
154.54.249.202 - - [10/Jan/2022:15:27:27 +0100] "GET /PmWikiRu/CustomMarkup HTTP/1.1" 200 31966 "-" "Mozilla/5.0 (compatible; Barkrowler/0.9; +https://babbar.tech/crawler)"
154.54.249.202 - - [10/Jan/2022:15:27:42 +0100] "GET /PmWikiRu/Images?action=upload HTTP/1.1" 200 9103 "-" "Mozilla/5.0 (compatible; Barkrowler/0.9; +https://babbar.tech/crawler)"
154.54.249.202 - - [10/Jan/2022:15:27:57 +0100] "GET /PmWikiRu/Images?action=print HTTP/1.1" 200 18002 "-" "Mozilla/5.0 (compatible; Barkrowler/0.9; +https://babbar.tech/crawler)"
168.119.51.163 - - [10/Jan/2022:15:28:03 +0100] "GET /robots.txt HTTP/1.1" 200 - "-" "Mozilla/5.0 (compatible; um-IC/1.0; mailto: techinfo@ubermetrics-technologies.com; Windows NT 6.1; WOW64; rv:40.0) Gecko/20100101 Firefox/40.1"
168.119.51.163 - - [10/Jan/2022:15:28:03 +0100] "GET /PodCast/IndexPage?action=rss HTTP/1.1" 200 6298 "-" "Mozilla/5.0 (compatible; um-IC/1.0; mailto: techinfo@ubermetrics-technologies.com; Windows NT 6.1; WOW64; rv:40.0) Gecko/20100101 Firefox/40.1"
154.54.249.202 - - [10/Jan/2022:15:28:12 +0100] "GET /PmWikiRu/WikiAdministrator HTTP/1.1" 200 11824 "-" "Mozilla/5.0 (compatible; Barkrowler/0.9; +https://babbar.tech/crawler)"
154.54.249.202 - - [10/Jan/2022:15:28:28 +0100] "GET /PmWikiRu/Security?action=diff HTTP/1.1" 200 9798 "-" "Mozilla/5.0 (compatible; Barkrowler/0.9; +https://babbar.tech/crawler)"
154.54.249.202 - - [10/Jan/2022:15:28:43 +0100] "GET /PmWikiRu/LocalCustomizations HTTP/1.1" 200 18169 "-" "Mozilla/5.0 (compatible; Barkrowler/0.9; +https://babbar.tech/crawler)"
154.54.249.202 - - [10/Jan/2022:15:28:58 +0100] "GET /PmWikiRu/Categories?action=print HTTP/1.1" 200 16048 "-" "Mozilla/5.0 (compatible; Barkrowler/0.9; +https://babbar.tech/crawler)"
154.54.249.202 - - [10/Jan/2022:15:29:13 +0100] "GET /PmWikiRu/Site?action=diff HTTP/1.1" 200 9702 "-" "Mozilla/5.0 (compatible; Barkrowler/0.9; +https://babbar.tech/crawler)"
154.54.249.202 - - [10/Jan/2022:15:29:28 +0100] "GET /PmWikiRu/Site?action=upload HTTP/1.1" 200 9043 "-" "Mozilla/5.0 (compatible; Barkrowler/0.9; +https://babbar.tech/crawler)"
154.54.249.202 - - [10/Jan/2022:15:29:43 +0100] "GET /PmWikiRu/PageDirectives HTTP/1.1" 200 14603 "-" "Mozilla/5.0 (compatible; Barkrowler/0.9; +https://babbar.tech/crawler)"
154.54.249.202 - - [10/Jan/2022:15:29:58 +0100] "GET /PmWikiRu/PageVariables HTTP/1.1" 200 15873 "-" "Mozilla/5.0 (compatible; Barkrowler/0.9; +https://babbar.tech/crawler)"
154.54.249.202 - - [10/Jan/2022:15:30:13 +0100] "GET /PmWikiRu/BackupAndRestore HTTP/1.1" 200 16109 "-" "Mozilla/5.0 (compatible; Barkrowler/0.9; +https://babbar.tech/crawler)"
154.54.249.202 - - [10/Jan/2022:15:30:29 +0100] "GET /PmWikiRu/UTF-8?action=edit HTTP/1.1" 200 9157 "-" "Mozilla/5.0 (compatible; Barkrowler/0.9; +https://babbar.tech/crawler)"
154.54.249.202 - - [10/Jan/2022:15:30:44 +0100] "GET /PmWikiJa/Properties?action=edit HTTP/1.1" 200 8679 "-" "Mozilla/5.0 (compatible; Barkrowler/0.9; +https://babbar.tech/crawler)"
154.54.249.202 - - [10/Jan/2022:15:30:59 +0100] "GET /PmWikiJa/Comments?action=print HTTP/1.1" 404 2401 "-" "Mozilla/5.0 (compatible; Barkrowler/0.9; +https://babbar.tech/crawler)"
154.54.249.202 - - [10/Jan/2022:15:31:14 +0100] "GET /PmWikiJa/Comments?action=upload HTTP/1.1" 200 8551 "-" "Mozilla/5.0 (compatible; Barkrowler/0.9; +https://babbar.tech/crawler)"
154.54.249.202 - - [10/Jan/2022:15:31:29 +0100] "GET /PmWikiJa/PageList?action=print HTTP/1.1" 404 2401 "-" "Mozilla/5.0 (compatible; Barkrowler/0.9; +https://babbar.tech/crawler)"
154.54.249.202 - - [10/Jan/2022:15:31:44 +0100] "GET /PmWikiJa/PageList?action=edit HTTP/1.1" 200 8653 "-" "Mozilla/5.0 (compatible; Barkrowler/0.9; +https://babbar.tech/crawler)"
154.54.249.202 - - [10/Jan/2022:15:31:59 +0100] "GET /PmWikiJa/PageList?action=upload HTTP/1.1" 200 8553 "-" "Mozilla/5.0 (compatible; Barkrowler/0.9; +https://babbar.tech/crawler)"
154.54.249.202 - - [10/Jan/2022:15:32:14 +0100] "GET /PmWikiJa/Input?action=print HTTP/1.1" 404 2389 "-" "Mozilla/5.0 (compatible; Barkrowler/0.9; +https://babbar.tech/crawler)"
154.54.249.202 - - [10/Jan/2022:15:32:29 +0100] "GET /PmWikiJa/Input?action=edit HTTP/1.1" 200 8609 "-" "Mozilla/5.0 (compatible; Barkrowler/0.9; +https://babbar.tech/crawler)"
154.54.249.202 - - [10/Jan/2022:15:32:44 +0100] "GET /PmWikiJa/Input?action=upload HTTP/1.1" 200 8509 "-" "Mozilla/5.0 (compatible; Barkrowler/0.9; +https://babbar.tech/crawler)"
154.54.249.202 - - [10/Jan/2022:15:32:59 +0100] "GET /PmWikiJa/Flash?action=diff HTTP/1.1" 200 9170 "-" "Mozilla/5.0 (compatible; Barkrowler/0.9; +https://babbar.tech/crawler)"
154.54.249.202 - - [10/Jan/2022:15:33:15 +0100] "GET /PmWikiJa/Flash?action=upload HTTP/1.1" 200 8509 "-" "Mozilla/5.0 (compatible; Barkrowler/0.9; +https://babbar.tech/crawler)"
154.54.249.202 - - [10/Jan/2022:15:33:30 +0100] "GET /PmWikiJa/Quiz?action=upload HTTP/1.1" 200 8495 "-" "Mozilla/5.0 (compatible; Barkrowler/0.9; +https://babbar.tech/crawler)"
154.54.249.202 - - [10/Jan/2022:15:33:45 +0100] "GET /PmWikiJa/Quiz?action=print HTTP/1.1" 404 2385 "-" "Mozilla/5.0 (compatible; Barkrowler/0.9; +https://babbar.tech/crawler)"
154.54.249.202 - - [10/Jan/2022:15:34:00 +0100] "GET /PmWikiJa/EnableHTML HTTP/1.1" 404 8245 "-" "Mozilla/5.0 (compatible; Barkrowler/0.9; +https://babbar.tech/crawler)"
154.54.249.202 - - [10/Jan/2022:15:34:15 +0100] "GET /PmWikiJa/Tags?action=diff HTTP/1.1" 200 9154 "-" "Mozilla/5.0 (compatible; Barkrowler/0.9; +https://babbar.tech/crawler)"
154.54.249.202 - - [10/Jan/2022:15:34:30 +0100] "GET /PmWikiJa/Tags?action=upload HTTP/1.1" 200 8495 "-" "Mozilla/5.0 (compatible; Barkrowler/0.9; +https://babbar.tech/crawler)"
185.191.171.4 - - [10/Jan/2022:15:34:38 +0100] "GET /PmWikiFr/SimultaneousEdits?action=edit HTTP/1.1" 403 18 "-" "Mozilla/5.0 (compatible; SemrushBot/7~bl; +http://www.semrush.com/bot.html)"
154.54.249.202 - - [10/Jan/2022:15:34:45 +0100] "GET /PmWikiJa/Tags?action=print HTTP/1.1" 404 2385 "-" "Mozilla/5.0 (compatible; Barkrowler/0.9; +https://babbar.tech/crawler)"
154.54.249.202 - - [10/Jan/2022:15:35:00 +0100] "GET /PmWikiJa/AllGroupHeader HTTP/1.1" 200 10317 "-" "Mozilla/5.0 (compatible; Barkrowler/0.9; +https://babbar.tech/crawler)"
154.54.249.202 - - [10/Jan/2022:15:35:15 +0100] "GET /PmWikiJa/Forms?action=print HTTP/1.1" 404 2389 "-" "Mozilla/5.0 (compatible; Barkrowler/0.9; +https://babbar.tech/crawler)"
154.54.249.202 - - [10/Jan/2022:15:35:30 +0100] "GET /PmWikiJa/Forms?action=edit HTTP/1.1" 200 8609 "-" "Mozilla/5.0 (compatible; Barkrowler/0.9; +https://babbar.tech/crawler)"
154.54.249.202 - - [10/Jan/2022:15:35:45 +0100] "GET /PmWikiDe/Uploads?action=edit HTTP/1.1" 200 7120 "-" "Mozilla/5.0 (compatible; Barkrowler/0.9; +https://babbar.tech/crawler)"
185.191.171.22 - - [10/Jan/2022:15:35:54 +0100] "GET /PmWikiRu/ConditionalMarkup?action=upload HTTP/1.1" 403 18 "-" "Mozilla/5.0 (compatible; SemrushBot/7~bl; +http://www.semrush.com/bot.html)"
154.54.249.202 - - [10/Jan/2022:15:36:00 +0100] "GET /PmWikiDe/Uploads?action=upload HTTP/1.1" 200 7020 "-" "Mozilla/5.0 (compatible; Barkrowler/0.9; +https://babbar.tech/crawler)"
154.54.249.202 - - [10/Jan/2022:15:36:15 +0100] "GET /PmWikiDe/Uploads?action=print HTTP/1.1" 200 7782 "-" "Mozilla/5.0 (compatible; Barkrowler/0.9; +https://babbar.tech/crawler)"
154.54.249.202 - - [10/Jan/2022:15:36:31 +0100] "GET /PmWikiDe/UploadVariables HTTP/1.1" 200 11128 "-" "Mozilla/5.0 (compatible; Barkrowler/0.9; +https://babbar.tech/crawler)"
154.54.249.202 - - [10/Jan/2022:15:36:46 +0100] "GET /PmWikiDe/AvailableActions HTTP/1.1" 200 11149 "-" "Mozilla/5.0 (compatible; Barkrowler/0.9; +https://babbar.tech/crawler)"
154.54.249.202 - - [10/Jan/2022:15:37:01 +0100] "GET /PmWikiDe/PmWikiDe HTTP/1.1" 200 11423 "-" "Mozilla/5.0 (compatible; Barkrowler/0.9; +https://babbar.tech/crawler)"
154.54.249.202 - - [10/Jan/2022:15:37:16 +0100] "GET /PmWikiDe/TableDirectives HTTP/1.1" 200 20063 "-" "Mozilla/5.0 (compatible; Barkrowler/0.9; +https://babbar.tech/crawler)"
154.54.249.202 - - [10/Jan/2022:15:37:31 +0100] "GET /PmWikiDe/CustomInterMap HTTP/1.1" 200 10848 "-" "Mozilla/5.0 (compatible; Barkrowler/0.9; +https://babbar.tech/crawler)"
154.54.249.202 - - [10/Jan/2022:15:37:46 +0100] "GET /PmWikiDe/Functions?action=edit HTTP/1.1" 200 7120 "-" "Mozilla/5.0 (compatible; Barkrowler/0.9; +https://babbar.tech/crawler)"
154.54.249.202 - - [10/Jan/2022:15:38:01 +0100] "GET /PmWikiDe/Functions?action=upload HTTP/1.1" 200 7020 "-" "Mozilla/5.0 (compatible; Barkrowler/0.9; +https://babbar.tech/crawler)"
154.54.249.202 - - [10/Jan/2022:15:38:16 +0100] "GET /PmWikiDe/Functions?action=print HTTP/1.1" 404 2405 "-" "Mozilla/5.0 (compatible; Barkrowler/0.9; +https://babbar.tech/crawler)"
154.54.249.202 - - [10/Jan/2022:15:38:31 +0100] "GET /PmWikiDe/WikiAdministrator HTTP/1.1" 200 8231 "-" "Mozilla/5.0 (compatible; Barkrowler/0.9; +https://babbar.tech/crawler)"
154.54.249.202 - - [10/Jan/2022:15:38:47 +0100] "GET /PmWikiDe/Skins?action=edit HTTP/1.1" 200 7064 "-" "Mozilla/5.0 (compatible; Barkrowler/0.9; +https://babbar.tech/crawler)"
154.54.249.202 - - [10/Jan/2022:15:39:02 +0100] "GET /PmWikiDe/Skins?action=upload HTTP/1.1" 200 6964 "-" "Mozilla/5.0 (compatible; Barkrowler/0.9; +https://babbar.tech/crawler)"
154.54.249.202 - - [10/Jan/2022:15:39:17 +0100] "GET /PmWikiDe/Skins?action=print HTTP/1.1" 200 2296 "-" "Mozilla/5.0 (compatible; Barkrowler/0.9; +https://babbar.tech/crawler)"
