154.54.249.202 - - [10/Jan/2022:16:37:55 +0100] "GET /Site/PodCast?action=edit&restore=diff:1333640211:1332617796:&preview=y HTTP/1.1" 200 8627 "-" "Mozilla/5.0 (compatible; Barkrowler/0.9; +https://babbar.tech/crawler)"
154.54.249.202 - - [10/Jan/2022:16:38:10 +0100] "GET /Site/PodCast?action=edit&restore=diff:1322758300:1321545315:&preview=y HTTP/1.1" 200 8627 "-" "Mozilla/5.0 (compatible; Barkrowler/0.9; +https://babbar.tech/crawler)"
154.54.249.202 - - [10/Jan/2022:16:38:25 +0100] "GET /Site/PodCast?action=edit&restore=diff:1322758419:1322758369:&preview=y HTTP/1.1" 200 8627 "-" "Mozilla/5.0 (compatible; Barkrowler/0.9; +https://babbar.tech/crawler)"
154.54.249.202 - - [10/Jan/2022:16:38:40 +0100] "GET /Site/PodCast?action=edit&restore=diff:1322758369:1322758300:&preview=y HTTP/1.1" 200 8627 "-" "Mozilla/5.0 (compatible; Barkrowler/0.9; +https://babbar.tech/crawler)"
154.54.249.202 - - [10/Jan/2022:16:38:55 +0100] "GET /Site/PodCast?action=edit&restore=diff:1283411305:1283113210:&preview=y HTTP/1.1" 200 8627 "-" "Mozilla/5.0 (compatible; Barkrowler/0.9; +https://babbar.tech/crawler)"
154.54.249.202 - - [10/Jan/2022:16:39:10 +0100] "GET /Site/PodCast?action=edit&restore=diff:1298141155:1298141130:&preview=y HTTP/1.1" 200 8627 "-" "Mozilla/5.0 (compatible; Barkrowler/0.9; +https://babbar.tech/crawler)"
154.54.249.202 - - [10/Jan/2022:16:39:25 +0100] "GET /Site/PodCast?action=edit&restore=diff:1284793122:1283411305:&preview=y HTTP/1.1" 200 8627 "-" "Mozilla/5.0 (compatible; Barkrowler/0.9; +https://babbar.tech/crawler)"
154.54.249.202 - - [10/Jan/2022:16:39:40 +0100] "GET /Site/PodCast?action=edit&restore=diff:1283113210:1283112785:&preview=y HTTP/1.1" 200 8627 "-" "Mozilla/5.0 (compatible; Barkrowler/0.9; +https://babbar.tech/crawler)"
154.54.249.202 - - [10/Jan/2022:16:39:55 +0100] "GET /Site/PodCast?action=edit&restore=diff:1280693396:1279901115:&preview=y HTTP/1.1" 200 8627 "-" "Mozilla/5.0 (compatible; Barkrowler/0.9; +https://babbar.tech/crawler)"
154.54.249.202 - - [10/Jan/2022:16:40:11 +0100] "GET /Site/PodCast?action=edit&restore=diff:1285700602:1284793122:&preview=y HTTP/1.1" 200 8627 "-" "Mozilla/5.0 (compatible; Barkrowler/0.9; +https://babbar.tech/crawler)"
154.54.249.202 - - [10/Jan/2022:16:40:26 +0100] "GET /Site/PodCast?action=edit&restore=diff:1474215219:1474214645:&preview=y HTTP/1.1" 200 8627 "-" "Mozilla/5.0 (compatible; Barkrowler/0.9; +https://babbar.tech/crawler)"
154.54.249.202 - - [10/Jan/2022:16:40:41 +0100] "GET /Site/PodCast?action=edit&restore=diff:1479109376:1479109223:&preview=y HTTP/1.1" 200 8627 "-" "Mozilla/5.0 (compatible; Barkrowler/0.9; +https://babbar.tech/crawler)"
154.54.249.202 - - [10/Jan/2022:16:40:56 +0100] "GET /Site/PodCast?action=edit&restore=diff:1462560800:1462560734:&preview=y HTTP/1.1" 200 8627 "-" "Mozilla/5.0 (compatible; Barkrowler/0.9; +https://babbar.tech/crawler)"
154.54.249.202 - - [10/Jan/2022:16:41:11 +0100] "GET /Site/PodCast?action=edit&restore=diff:1427991381:1427123461:&preview=y HTTP/1.1" 200 8627 "-" "Mozilla/5.0 (compatible; Barkrowler/0.9; +https://babbar.tech/crawler)"
185.191.171.42 - - [10/Jan/2022:16:41:13 +0100] "GET /Site/PodCast HTTP/1.1" 200 40934 "-" "Mozilla/5.0 (compatible; SemrushBot/7~bl; +http://www.semrush.com/bot.html)"
154.54.249.202 - - [10/Jan/2022:16:41:26 +0100] "GET /Site/PodCast?action=edit&restore=diff:1483735482:1483735173:&preview=y HTTP/1.1" 200 8627 "-" "Mozilla/5.0 (compatible; Barkrowler/0.9; +https://babbar.tech/crawler)"
154.54.249.202 - - [10/Jan/2022:16:41:41 +0100] "GET /Site/PodCast?action=edit&restore=diff:1461093284:1460902063:&preview=y HTTP/1.1" 200 8627 "-" "Mozilla/5.0 (compatible; Barkrowler/0.9; +https://babbar.tech/crawler)"
154.54.249.202 - - [10/Jan/2022:16:41:56 +0100] "GET /Site/PodCast?action=edit&restore=diff:1460902063:1460878587:&preview=y HTTP/1.1" 200 8627 "-" "Mozilla/5.0 (compatible; Barkrowler/0.9; +https://babbar.tech/crawler)"
154.54.249.202 - - [10/Jan/2022:16:42:11 +0100] "GET /Site/PodCast?action=edit&restore=diff:1416683806:1416683715:&preview=y HTTP/1.1" 200 8627 "-" "Mozilla/5.0 (compatible; Barkrowler/0.9; +https://babbar.tech/crawler)"
154.54.249.202 - - [10/Jan/2022:16:42:26 +0100] "GET /Site/PodCast?action=edit&restore=diff:1416683715:1416683601:&preview=y HTTP/1.1" 200 8627 "-" "Mozilla/5.0 (compatible; Barkrowler/0.9; +https://babbar.tech/crawler)"
154.54.249.202 - - [10/Jan/2022:16:42:41 +0100] "GET /Site/PodCast?action=edit&restore=diff:1454701638:1454701375:&preview=y HTTP/1.1" 200 8627 "-" "Mozilla/5.0 (compatible; Barkrowler/0.9; +https://babbar.tech/crawler)"
154.54.249.202 - - [10/Jan/2022:16:42:56 +0100] "GET /Site/PodCast?action=edit&restore=diff:1454701116:1454699579:&preview=y HTTP/1.1" 200 8627 "-" "Mozilla/5.0 (compatible; Barkrowler/0.9; +https://babbar.tech/crawler)"
154.54.249.202 - - [10/Jan/2022:16:43:12 +0100] "GET /Site/PodCast?action=edit&restore=diff:1454701375:1454701116:&preview=y HTTP/1.1" 200 8627 "-" "Mozilla/5.0 (compatible; Barkrowler/0.9; +https://babbar.tech/crawler)"
154.54.249.202 - - [10/Jan/2022:16:43:27 +0100] "GET /Site/PodCast?action=edit&restore=diff:1428077077:1427991381:&preview=y HTTP/1.1" 200 8627 "-" "Mozilla/5.0 (compatible; Barkrowler/0.9; +https://babbar.tech/crawler)"
154.54.249.202 - - [10/Jan/2022:16:43:42 +0100] "GET /Site/PodCast?action=edit&restore=diff:1436001053:1434656152:&preview=y HTTP/1.1" 200 8627 "-" "Mozilla/5.0 (compatible; Barkrowler/0.9; +https://babbar.tech/crawler)"
154.54.249.202 - - [10/Jan/2022:16:43:57 +0100] "GET /Site/PodCast?action=edit&restore=diff:1436001346:1436001053:&preview=y HTTP/1.1" 200 8627 "-" "Mozilla/5.0 (compatible; Barkrowler/0.9; +https://babbar.tech/crawler)"
154.54.249.202 - - [10/Jan/2022:16:44:12 +0100] "GET /Site/PodCast?action=edit&restore=diff:1434656101:1434654964:&preview=y HTTP/1.1" 200 8627 "-" "Mozilla/5.0 (compatible; Barkrowler/0.9; +https://babbar.tech/crawler)"
154.54.249.202 - - [10/Jan/2022:16:44:27 +0100] "GET /Site/PodCast?action=edit&restore=diff:1436281603:1436281577:&preview=y HTTP/1.1" 200 8627 "-" "Mozilla/5.0 (compatible; Barkrowler/0.9; +https://babbar.tech/crawler)"
154.54.249.202 - - [10/Jan/2022:16:44:42 +0100] "GET /Site/PodCast?action=edit&restore=diff:1436281577:1436001346:&preview=y HTTP/1.1" 200 8627 "-" "Mozilla/5.0 (compatible; Barkrowler/0.9; +https://babbar.tech/crawler)"
154.54.249.202 - - [10/Jan/2022:16:44:57 +0100] "GET /Site/PodCast?action=edit&restore=diff:1421943947:1421784765:&preview=y HTTP/1.1" 200 8627 "-" "Mozilla/5.0 (compatible; Barkrowler/0.9; +https://babbar.tech/crawler)"
154.54.249.202 - - [10/Jan/2022:16:45:13 +0100] "GET /Site/PodCast?action=edit&restore=diff:1408115503:1408114820:&preview=y HTTP/1.1" 200 8627 "-" "Mozilla/5.0 (compatible; Barkrowler/0.9; +https://babbar.tech/crawler)"
154.54.249.202 - - [10/Jan/2022:16:45:28 +0100] "GET /Site/PodCast?action=edit&restore=diff:1408114820:1406908220:&preview=y HTTP/1.1" 200 8627 "-" "Mozilla/5.0 (compatible; Barkrowler/0.9; +https://babbar.tech/crawler)"
154.54.249.202 - - [10/Jan/2022:16:45:43 +0100] "GET /Site/PodCast?action=edit&restore=diff:1441099277:1436281603:&preview=y HTTP/1.1" 200 8627 "-" "Mozilla/5.0 (compatible; Barkrowler/0.9; +https://babbar.tech/crawler)"
154.54.249.202 - - [10/Jan/2022:16:45:58 +0100] "GET /Site/PodCast?action=edit&restore=diff:1455207100:1454947588:&preview=y HTTP/1.1" 200 8627 "-" "Mozilla/5.0 (compatible; Barkrowler/0.9; +https://babbar.tech/crawler)"
154.54.249.202 - - [10/Jan/2022:16:46:13 +0100] "GET /Site/PodCast?action=edit&restore=diff:1455207222:1455207100:&preview=y HTTP/1.1" 200 8627 "-" "Mozilla/5.0 (compatible; Barkrowler/0.9; +https://babbar.tech/crawler)"
154.54.249.202 - - [10/Jan/2022:16:46:28 +0100] "GET /Site/PodCast?action=edit&restore=diff:1455208307:1455208172:&preview=y HTTP/1.1" 200 8627 "-" "Mozilla/5.0 (compatible; Barkrowler/0.9; +https://babbar.tech/crawler)"
154.54.249.202 - - [10/Jan/2022:16:46:43 +0100] "GET /Site/PodCast?action=edit&restore=diff:1455208733:1455208307:&preview=y HTTP/1.1" 200 8627 "-" "Mozilla/5.0 (compatible; Barkrowler/0.9; +https://babbar.tech/crawler)"
154.54.249.202 - - [10/Jan/2022:16:46:58 +0100] "GET /Texte/Roman?action=edit&restore=diff:1179764354:1179236388:&preview=y HTTP/1.1" 200 8611 "-" "Mozilla/5.0 (compatible; Barkrowler/0.9; +https://babbar.tech/crawler)"
154.54.249.202 - - [10/Jan/2022:16:47:13 +0100] "GET /Texte/Roman?action=edit&restore=diff:1179764445:1179764354:&preview=y HTTP/1.1" 200 8611 "-" "Mozilla/5.0 (compatible; Barkrowler/0.9; +https://babbar.tech/crawler)"
154.54.249.202 - - [10/Jan/2022:16:47:28 +0100] "GET /Texte/Roman?action=edit&restore=diff:1163034838:1163034838:&preview=y HTTP/1.1" 200 8611 "-" "Mozilla/5.0 (compatible; Barkrowler/0.9; +https://babbar.tech/crawler)"
194.209.200.2 - - [10/Jan/2022:16:47:34 +0100] "GET /robots.txt HTTP/1.1" 200 - "-" "Mozilla/5.0 (compatible; TMMBot/0.2; +http://www.dslab.ch)/Nutch-1.15"
194.209.200.2 - - [10/Jan/2022:16:47:34 +0100] "GET /Texte/Rezension HTTP/1.1" 200 11812 "-" "Mozilla/5.0 (compatible; TMMBot/0.2; +http://www.dslab.ch)/Nutch-1.15"
154.54.249.202 - - [10/Jan/2022:16:47:44 +0100] "GET /Texte/Roman?action=edit&restore=diff:1163035512:1163035465:&preview=y HTTP/1.1" 200 8611 "-" "Mozilla/5.0 (compatible; Barkrowler/0.9; +https://babbar.tech/crawler)"
154.54.249.202 - - [10/Jan/2022:16:47:59 +0100] "GET /Texte/Roman?action=edit&restore=diff:1163035713:1163035648:&preview=y HTTP/1.1" 200 8611 "-" "Mozilla/5.0 (compatible; Barkrowler/0.9; +https://babbar.tech/crawler)"
194.209.200.2 - - [10/Jan/2022:16:48:05 +0100] "GET /Texte/ZurcherischEnglish HTTP/1.1" 200 8274 "-" "Mozilla/5.0 (compatible; TMMBot/0.2; +http://www.dslab.ch)/Nutch-1.15"
154.54.249.202 - - [10/Jan/2022:16:48:14 +0100] "GET /Texte/Roman?action=edit&restore=diff:1163035078:1163035010:&preview=y HTTP/1.1" 200 8611 "-" "Mozilla/5.0 (compatible; Barkrowler/0.9; +https://babbar.tech/crawler)"
154.54.249.202 - - [10/Jan/2022:16:48:29 +0100] "GET /Texte/Roman?action=edit&restore=diff:1163035465:1163035430:&preview=y HTTP/1.1" 200 8611 "-" "Mozilla/5.0 (compatible; Barkrowler/0.9; +https://babbar.tech/crawler)"
154.54.249.202 - - [10/Jan/2022:16:48:44 +0100] "GET /Texte/Roman?action=edit&restore=diff:1163035552:1163035512:&preview=y HTTP/1.1" 200 8611 "-" "Mozilla/5.0 (compatible; Barkrowler/0.9; +https://babbar.tech/crawler)"
154.54.249.202 - - [10/Jan/2022:16:48:59 +0100] "GET /Texte/Roman?action=edit&restore=diff:1163035648:1163035602:&preview=y HTTP/1.1" 200 8611 "-" "Mozilla/5.0 (compatible; Barkrowler/0.9; +https://babbar.tech/crawler)"
154.54.249.202 - - [10/Jan/2022:16:49:14 +0100] "GET /Texte/Roman?action=edit&restore=diff:1163035602:1163035552:&preview=y HTTP/1.1" 200 8611 "-" "Mozilla/5.0 (compatible; Barkrowler/0.9; +https://babbar.tech/crawler)"
194.209.200.2 - - [10/Jan/2022:16:49:24 +0100] "GET /Admin/Jahresbericht HTTP/1.1" 200 45530 "-" "Mozilla/5.0 (compatible; TMMBot/0.2; +http://www.dslab.ch)/Nutch-1.15"
154.54.249.202 - - [10/Jan/2022:16:49:29 +0100] "GET /Texte/Roman?action=edit&restore=diff:1163035280:1163035251:&preview=y HTTP/1.1" 200 8611 "-" "Mozilla/5.0 (compatible; Barkrowler/0.9; +https://babbar.tech/crawler)"
194.209.200.2 - - [10/Jan/2022:16:49:42 +0100] "GET /Texte/Limericks HTTP/1.1" 200 8087 "-" "Mozilla/5.0 (compatible; TMMBot/0.2; +http://www.dslab.ch)/Nutch-1.15"
154.54.249.202 - - [10/Jan/2022:16:49:44 +0100] "GET /Texte/Roman?action=edit&restore=diff:1163035196:1163035078:&preview=y HTTP/1.1" 200 8611 "-" "Mozilla/5.0 (compatible; Barkrowler/0.9; +https://babbar.tech/crawler)"
154.54.249.202 - - [10/Jan/2022:16:49:59 +0100] "GET /Texte/Roman?action=edit&restore=diff:1163035251:1163035196:&preview=y HTTP/1.1" 200 8611 "-" "Mozilla/5.0 (compatible; Barkrowler/0.9; +https://babbar.tech/crawler)"
154.54.249.202 - - [10/Jan/2022:16:50:14 +0100] "GET /Texte/Roman?action=edit&restore=diff:1163035010:1163034953:&preview=y HTTP/1.1" 200 8611 "-" "Mozilla/5.0 (compatible; Barkrowler/0.9; +https://babbar.tech/crawler)"
154.54.249.202 - - [10/Jan/2022:16:50:30 +0100] "GET /Texte/Roman?action=edit&restore=diff:1178723458:1178723423:&preview=y HTTP/1.1" 200 8611 "-" "Mozilla/5.0 (compatible; Barkrowler/0.9; +https://babbar.tech/crawler)"
194.209.200.2 - - [10/Jan/2022:16:50:31 +0100] "GET /Texte/ArsAmatoria HTTP/1.1" 200 12369 "-" "Mozilla/5.0 (compatible; TMMBot/0.2; +http://www.dslab.ch)/Nutch-1.15"
154.54.249.202 - - [10/Jan/2022:16:50:45 +0100] "GET /Texte/Roman?action=edit&restore=diff:1178724245:1178723496:&preview=y HTTP/1.1" 200 8611 "-" "Mozilla/5.0 (compatible; Barkrowler/0.9; +https://babbar.tech/crawler)"
154.54.249.202 - - [10/Jan/2022:16:51:00 +0100] "GET /Texte/Roman?action=edit&restore=diff:1178723496:1178723458:&preview=y HTTP/1.1" 200 8611 "-" "Mozilla/5.0 (compatible; Barkrowler/0.9; +https://babbar.tech/crawler)"
194.209.200.2 - - [10/Jan/2022:16:51:10 +0100] "GET /Texte/Styluebige HTTP/1.1" 200 9998 "-" "Mozilla/5.0 (compatible; TMMBot/0.2; +http://www.dslab.ch)/Nutch-1.15"
194.209.200.2 - - [10/Jan/2022:16:51:12 +0100] "GET /Admin/Links HTTP/1.1" 200 14193 "-" "Mozilla/5.0 (compatible; TMMBot/0.2; +http://www.dslab.ch)/Nutch-1.15"
154.54.249.202 - - [10/Jan/2022:16:51:15 +0100] "GET /Texte/Roman?action=edit&restore=diff:1180617173:1180443133:&preview=y HTTP/1.1" 200 8611 "-" "Mozilla/5.0 (compatible; Barkrowler/0.9; +https://babbar.tech/crawler)"
194.209.200.2 - - [10/Jan/2022:16:51:21 +0100] "GET /Texte/Metamorphoses HTTP/1.1" 200 9045 "-" "Mozilla/5.0 (compatible; TMMBot/0.2; +http://www.dslab.ch)/Nutch-1.15"
154.54.249.202 - - [10/Jan/2022:16:51:30 +0100] "GET /Texte/Roman?action=edit&restore=diff:1179235988:1179235412:&preview=y HTTP/1.1" 200 8611 "-" "Mozilla/5.0 (compatible; Barkrowler/0.9; +https://babbar.tech/crawler)"
154.54.249.202 - - [10/Jan/2022:16:51:45 +0100] "GET /Texte/Roman?action=edit&restore=diff:1179236388:1179236325:&preview=y HTTP/1.1" 200 8611 "-" "Mozilla/5.0 (compatible; Barkrowler/0.9; +https://babbar.tech/crawler)"
185.191.171.12 - - [10/Jan/2022:16:51:48 +0100] "GET /PmWikiDe/SpezielleInstallationen?action=upload HTTP/1.1" 403 18 "-" "Mozilla/5.0 (compatible; SemrushBot/7~bl; +http://www.semrush.com/bot.html)"
154.54.249.202 - - [10/Jan/2022:16:52:00 +0100] "GET /Texte/Roman?action=edit&restore=diff:1179235412:1178995205:&preview=y HTTP/1.1" 200 8611 "-" "Mozilla/5.0 (compatible; Barkrowler/0.9; +https://babbar.tech/crawler)"
154.54.249.202 - - [10/Jan/2022:16:52:15 +0100] "GET /PmWikiFr/A?action=search&q=link=PmWikiFr.MarkupCharacters&fmt=title HTTP/1.1" 200 10762 "-" "Mozilla/5.0 (compatible; Barkrowler/0.9; +https://babbar.tech/crawler)"
154.54.249.202 - - [10/Jan/2022:16:52:30 +0100] "GET /Podcast/IndexPage?action=edit&restore=diff:1204990936:1204990936:&preview=y HTTP/1.1" 200 8697 "-" "Mozilla/5.0 (compatible; Barkrowler/0.9; +https://babbar.tech/crawler)"
154.54.249.202 - - [10/Jan/2022:16:52:46 +0100] "GET /PodCast/Chile?action=edit&restore=diff:1271080407:1271080272:&preview=y HTTP/1.1" 200 8640 "-" "Mozilla/5.0 (compatible; Barkrowler/0.9; +https://babbar.tech/crawler)"
154.54.249.202 - - [10/Jan/2022:16:53:01 +0100] "GET /PodCast/Chile?action=edit&restore=diff:1271080549:1271080407:&preview=y HTTP/1.1" 200 8640 "-" "Mozilla/5.0 (compatible; Barkrowler/0.9; +https://babbar.tech/crawler)"
194.209.200.2 - - [10/Jan/2022:16:53:07 +0100] "GET /Admin/Pro-ZurituutschStatuten HTTP/1.1" 200 9580 "-" "Mozilla/5.0 (compatible; TMMBot/0.2; +http://www.dslab.ch)/Nutch-1.15"
154.54.249.202 - - [10/Jan/2022:16:53:16 +0100] "GET /PodCast/Chile?action=edit&restore=diff:1271080063:1271067101:&preview=y HTTP/1.1" 200 8640 "-" "Mozilla/5.0 (compatible; Barkrowler/0.9; +https://babbar.tech/crawler)"
154.54.249.202 - - [10/Jan/2022:16:53:31 +0100] "GET /PodCast/Chile?action=edit&restore=diff:1271080272:1271080063:&preview=y HTTP/1.1" 200 8640 "-" "Mozilla/5.0 (compatible; Barkrowler/0.9; +https://babbar.tech/crawler)"
154.54.249.202 - - [10/Jan/2022:16:53:46 +0100] "GET /PodCast/Email?action=edit&restore=diff:1165681233:1165651251:&preview=y HTTP/1.1" 200 8640 "-" "Mozilla/5.0 (compatible; Barkrowler/0.9; +https://babbar.tech/crawler)"
154.54.249.202 - - [10/Jan/2022:16:54:01 +0100] "GET /PodCast/Email?action=edit&restore=diff:1172764240:1165681233:&preview=y HTTP/1.1" 200 8640 "-" "Mozilla/5.0 (compatible; Barkrowler/0.9; +https://babbar.tech/crawler)"
154.54.249.202 - - [10/Jan/2022:16:54:16 +0100] "GET /PodCast/Email?action=edit&restore=diff:1172765705:1172764240:&preview=y HTTP/1.1" 200 8640 "-" "Mozilla/5.0 (compatible; Barkrowler/0.9; +https://babbar.tech/crawler)"
194.209.200.2 - - [10/Jan/2022:16:54:31 +0100] "GET /Hilfe/AnleitungTonbeispiele HTTP/1.1" 200 9878 "-" "Mozilla/5.0 (compatible; TMMBot/0.2; +http://www.dslab.ch)/Nutch-1.15"
154.54.249.202 - - [10/Jan/2022:16:54:31 +0100] "GET /PodCast/Email?action=edit&restore=diff:1165522104:1165519158:&preview=y HTTP/1.1" 200 8640 "-" "Mozilla/5.0 (compatible; Barkrowler/0.9; +https://babbar.tech/crawler)"
91.107.50.193 - - [10/Jan/2022:16:54:42 +0100] "GET /PmWikiRu/FAQ HTTP/1.1" 200 18879 "http://www.pro-zurituutsch.ch/" "Mozilla/5.0 (Windows NT 6.1) AppleWebKit/537.36 (KHTML, like Gecko) Chrome/66.0.3359.170 Safari/537.36 OPR/53.0.2907.99"
154.54.249.202 - - [10/Jan/2022:16:54:46 +0100] "GET /PodCast/Email?action=edit&restore=diff:1165522143:1165522104:&preview=y HTTP/1.1" 200 8640 "-" "Mozilla/5.0 (compatible; Barkrowler/0.9; +https://babbar.tech/crawler)"
154.54.249.202 - - [10/Jan/2022:16:55:01 +0100] "GET /PodCast/Email?action=edit&restore=diff:1165651232:1165651052:&preview=y HTTP/1.1" 200 8640 "-" "Mozilla/5.0 (compatible; Barkrowler/0.9; +https://babbar.tech/crawler)"
154.54.249.202 - - [10/Jan/2022:16:55:16 +0100] "GET /PodCast/Email?action=edit&restore=diff:1165651052:1165650667:&preview=y HTTP/1.1" 200 8640 "-" "Mozilla/5.0 (compatible; Barkrowler/0.9; +https://babbar.tech/crawler)"
154.54.249.202 - - [10/Jan/2022:16:55:31 +0100] "GET /PodCast/Email?action=edit&restore=diff:1165650646:1165522143:&preview=y HTTP/1.1" 200 8640 "-" "Mozilla/5.0 (compatible; Barkrowler/0.9; +https://babbar.tech/crawler)"
154.54.249.202 - - [10/Jan/2022:16:55:47 +0100] "GET /PodCast/Email?action=edit&restore=diff:1165650667:1165650646:&preview=y HTTP/1.1" 200 8640 "-" "Mozilla/5.0 (compatible; Barkrowler/0.9; +https://babbar.tech/crawler)"
154.54.249.202 - - [10/Jan/2022:16:56:02 +0100] "GET /PodCast/Puzzle?action=edit&restore=diff:1165650010:1165647066:&preview=y HTTP/1.1" 200 8654 "-" "Mozilla/5.0 (compatible; Barkrowler/0.9; +https://babbar.tech/crawler)"
154.54.249.202 - - [10/Jan/2022:16:56:17 +0100] "GET /PodCast/Puzzle?action=edit&restore=diff:1165650243:1165650197:&preview=y HTTP/1.1" 200 8654 "-" "Mozilla/5.0 (compatible; Barkrowler/0.9; +https://babbar.tech/crawler)"
154.54.249.202 - - [10/Jan/2022:16:56:32 +0100] "GET /PodCast/Puzzle?action=edit&restore=diff:1165650197:1165650010:&preview=y HTTP/1.1" 200 8654 "-" "Mozilla/5.0 (compatible; Barkrowler/0.9; +https://babbar.tech/crawler)"
154.54.249.202 - - [10/Jan/2022:16:56:47 +0100] "GET /PodCast/Puzzle?action=edit&restore=diff:1177578736:1166170225:&preview=y HTTP/1.1" 200 8654 "-" "Mozilla/5.0 (compatible; Barkrowler/0.9; +https://babbar.tech/crawler)"
154.54.249.202 - - [10/Jan/2022:16:57:02 +0100] "GET /PodCast/Puzzle?action=edit&restore=diff:1165910268:1165681188:&preview=y HTTP/1.1" 200 8654 "-" "Mozilla/5.0 (compatible; Barkrowler/0.9; +https://babbar.tech/crawler)"
154.54.249.202 - - [10/Jan/2022:16:57:17 +0100] "GET /PodCast/Puzzle?action=edit&restore=diff:1165647066:1165647066:&preview=y HTTP/1.1" 200 8654 "-" "Mozilla/5.0 (compatible; Barkrowler/0.9; +https://babbar.tech/crawler)"
154.54.249.202 - - [10/Jan/2022:16:57:32 +0100] "GET /PodCast/Puzzle?action=edit&restore=diff:1165681188:1165650243:&preview=y HTTP/1.1" 200 8654 "-" "Mozilla/5.0 (compatible; Barkrowler/0.9; +https://babbar.tech/crawler)"
154.54.249.202 - - [10/Jan/2022:16:57:47 +0100] "GET /PodCast/Puzzle?action=edit&restore=diff:1166170225:1165910268:&preview=y HTTP/1.1" 200 8654 "-" "Mozilla/5.0 (compatible; Barkrowler/0.9; +https://babbar.tech/crawler)"
154.54.249.202 - - [10/Jan/2022:16:58:02 +0100] "GET /Admin/Links?action=edit&restore=diff:1340380386:1329585246:minor&preview=y HTTP/1.1" 200 8616 "-" "Mozilla/5.0 (compatible; Barkrowler/0.9; +https://babbar.tech/crawler)"
154.54.249.202 - - [10/Jan/2022:16:58:17 +0100] "GET /Admin/Links?action=edit&restore=diff:1503675448:1503675398:&preview=y HTTP/1.1" 200 8611 "-" "Mozilla/5.0 (compatible; Barkrowler/0.9; +https://babbar.tech/crawler)"
154.54.249.202 - - [10/Jan/2022:16:58:33 +0100] "GET /Site/141Taagsatzig1484?action=upload&upname=141Taagsatzig1484.mp3 HTTP/1.1" 200 8652 "-" "Mozilla/5.0 (compatible; Barkrowler/0.9; +https://babbar.tech/crawler)"
154.54.249.202 - - [10/Jan/2022:16:58:48 +0100] "GET /Site/Voorwort?action=edit&restore=diff:1177579840:1177579788:&preview=y HTTP/1.1" 200 8639 "-" "Mozilla/5.0 (compatible; Barkrowler/0.9; +https://babbar.tech/crawler)"
154.54.249.202 - - [10/Jan/2022:16:59:03 +0100] "GET /Site/Voorwort?action=edit&restore=diff:1177579201:1177579144:&preview=y HTTP/1.1" 200 8639 "-" "Mozilla/5.0 (compatible; Barkrowler/0.9; +https://babbar.tech/crawler)"
154.54.249.202 - - [10/Jan/2022:16:59:18 +0100] "GET /Site/Voorwort?action=edit&restore=diff:1177579144:1177579144:&preview=y HTTP/1.1" 200 8639 "-" "Mozilla/5.0 (compatible; Barkrowler/0.9; +https://babbar.tech/crawler)"
154.54.249.202 - - [10/Jan/2022:16:59:33 +0100] "GET /Site/Voorwort?action=edit&restore=diff:1177579788:1177579201:&preview=y HTTP/1.1" 200 8639 "-" "Mozilla/5.0 (compatible; Barkrowler/0.9; +https://babbar.tech/crawler)"
154.54.249.202 - - [10/Jan/2022:16:59:48 +0100] "GET /Site/Miroir?action=edit&restore=diff:1233334630:1233334469:&preview=y HTTP/1.1" 200 8611 "-" "Mozilla/5.0 (compatible; Barkrowler/0.9; +https://babbar.tech/crawler)"
154.54.249.202 - - [10/Jan/2022:17:00:03 +0100] "GET /Site/Miroir?action=edit&restore=diff:1233334708:1233334630:&preview=y HTTP/1.1" 200 8611 "-" "Mozilla/5.0 (compatible; Barkrowler/0.9; +https://babbar.tech/crawler)"
154.54.249.202 - - [10/Jan/2022:17:00:18 +0100] "GET /Site/Miroir?action=edit&restore=diff:1237148023:1233334708:&preview=y HTTP/1.1" 200 8611 "-" "Mozilla/5.0 (compatible; Barkrowler/0.9; +https://babbar.tech/crawler)"
154.54.249.202 - - [10/Jan/2022:17:00:33 +0100] "GET /Site/PodCast?action=edit&restore=diff:1375209726:1373741683:&preview=y HTTP/1.1" 200 8627 "-" "Mozilla/5.0 (compatible; Barkrowler/0.9; +https://babbar.tech/crawler)"
154.54.249.202 - - [10/Jan/2022:17:00:48 +0100] "GET /Site/PodCast?action=edit&restore=diff:1355943666:1353776197:&preview=y HTTP/1.1" 200 8627 "-" "Mozilla/5.0 (compatible; Barkrowler/0.9; +https://babbar.tech/crawler)"
154.54.249.202 - - [10/Jan/2022:17:01:03 +0100] "GET /Site/PodCast?action=edit&restore=diff:1385062499:1385062080:&preview=y HTTP/1.1" 200 8627 "-" "Mozilla/5.0 (compatible; Barkrowler/0.9; +https://babbar.tech/crawler)"
154.54.249.202 - - [10/Jan/2022:17:01:19 +0100] "GET /Site/PodCast?action=edit&restore=diff:1385061901:1382365965:&preview=y HTTP/1.1" 200 8627 "-" "Mozilla/5.0 (compatible; Barkrowler/0.9; +https://babbar.tech/crawler)"
154.54.249.202 - - [10/Jan/2022:17:01:34 +0100] "GET /Site/PodCast?action=edit&restore=diff:1364919752:1363453036:&preview=y HTTP/1.1" 200 8627 "-" "Mozilla/5.0 (compatible; Barkrowler/0.9; +https://babbar.tech/crawler)"
194.209.200.2 - - [10/Jan/2022:17:01:40 +0100] "GET /robots.txt HTTP/1.1" 200 - "-" "Mozilla/5.0 (compatible; TMMBot/0.2; +http://www.dslab.ch)/Nutch-1.15"
194.209.200.2 - - [10/Jan/2022:17:01:40 +0100] "GET / HTTP/1.1" 200 14638 "-" "Mozilla/5.0 (compatible; TMMBot/0.2; +http://www.dslab.ch)/Nutch-1.15"
154.54.249.202 - - [10/Jan/2022:17:01:49 +0100] "GET /Site/PodCast?action=edit&restore=diff:1364919940:1364919836:&preview=y HTTP/1.1" 200 8627 "-" "Mozilla/5.0 (compatible; Barkrowler/0.9; +https://babbar.tech/crawler)"
154.54.249.202 - - [10/Jan/2022:17:02:04 +0100] "GET /Site/PodCast?action=edit&restore=diff:1364919836:1364919752:&preview=y HTTP/1.1" 200 8627 "-" "Mozilla/5.0 (compatible; Barkrowler/0.9; +https://babbar.tech/crawler)"
154.54.249.202 - - [10/Jan/2022:17:02:19 +0100] "GET /Site/PodCast?action=edit&restore=diff:1348495764:1347560604:&preview=y HTTP/1.1" 200 8627 "-" "Mozilla/5.0 (compatible; Barkrowler/0.9; +https://babbar.tech/crawler)"
154.54.249.202 - - [10/Jan/2022:17:02:34 +0100] "GET /Site/PodCast?action=edit&restore=diff:1382365965:1379530739:&preview=y HTTP/1.1" 200 8627 "-" "Mozilla/5.0 (compatible; Barkrowler/0.9; +https://babbar.tech/crawler)"
185.191.171.38 - - [10/Jan/2022:17:02:42 +0100] "GET /PmWikiDe/CustomMarkup?action=print HTTP/1.1" 403 18 "-" "Mozilla/5.0 (compatible; SemrushBot/7~bl; +http://www.semrush.com/bot.html)"
154.54.249.202 - - [10/Jan/2022:17:02:49 +0100] "GET /Site/PodCast?action=edit&restore=diff:1398959858:1398959161:&preview=y HTTP/1.1" 200 8627 "-" "Mozilla/5.0 (compatible; Barkrowler/0.9; +https://babbar.tech/crawler)"
154.54.249.202 - - [10/Jan/2022:17:03:04 +0100] "GET /Site/PodCast?action=edit&restore=diff:1398959161:1398959105:&preview=y HTTP/1.1" 200 8627 "-" "Mozilla/5.0 (compatible; Barkrowler/0.9; +https://babbar.tech/crawler)"
154.54.249.202 - - [10/Jan/2022:17:03:19 +0100] "GET /Site/PodCast?action=edit&restore=diff:1398958916:1398108789:&preview=y HTTP/1.1" 200 8627 "-" "Mozilla/5.0 (compatible; Barkrowler/0.9; +https://babbar.tech/crawler)"
154.54.249.202 - - [10/Jan/2022:17:03:34 +0100] "GET /Site/PodCast?action=edit&restore=diff:1398959105:1398958988:&preview=y HTTP/1.1" 200 8627 "-" "Mozilla/5.0 (compatible; Barkrowler/0.9; +https://babbar.tech/crawler)"
154.54.249.202 - - [10/Jan/2022:17:03:49 +0100] "GET /Site/PodCast?action=edit&restore=diff:1398958988:1398958916:&preview=y HTTP/1.1" 200 8627 "-" "Mozilla/5.0 (compatible; Barkrowler/0.9; +https://babbar.tech/crawler)"
154.54.249.202 - - [10/Jan/2022:17:04:05 +0100] "GET /Site/PodCast?action=edit&restore=diff:1340804286:1339516577:&preview=y HTTP/1.1" 200 8627 "-" "Mozilla/5.0 (compatible; Barkrowler/0.9; +https://babbar.tech/crawler)"
154.54.249.202 - - [10/Jan/2022:17:04:20 +0100] "GET /Site/PodCast?action=edit&restore=diff:1321545315:1320954334:&preview=y HTTP/1.1" 200 8627 "-" "Mozilla/5.0 (compatible; Barkrowler/0.9; +https://babbar.tech/crawler)"
154.54.249.202 - - [10/Jan/2022:17:04:35 +0100] "GET /Site/PodCast?action=edit&restore=diff:1308477849:1305970836:&preview=y HTTP/1.1" 200 8627 "-" "Mozilla/5.0 (compatible; Barkrowler/0.9; +https://babbar.tech/crawler)"
154.54.249.202 - - [10/Jan/2022:17:04:50 +0100] "GET /Site/PodCast?action=edit&restore=diff:1336406138:1334944558:&preview=y HTTP/1.1" 200 8627 "-" "Mozilla/5.0 (compatible; Barkrowler/0.9; +https://babbar.tech/crawler)"
154.54.249.202 - - [10/Jan/2022:17:05:05 +0100] "GET /Site/PodCast?action=edit&restore=diff:1373741683:1372237814:&preview=y HTTP/1.1" 200 8627 "-" "Mozilla/5.0 (compatible; Barkrowler/0.9; +https://babbar.tech/crawler)"
154.54.249.202 - - [10/Jan/2022:17:05:20 +0100] "GET /Site/PodCast?action=edit&restore=diff:1391014907:1388998666:&preview=y HTTP/1.1" 200 8627 "-" "Mozilla/5.0 (compatible; Barkrowler/0.9; +https://babbar.tech/crawler)"
154.54.249.202 - - [10/Jan/2022:17:05:35 +0100] "GET /Site/PodCast?action=edit&restore=diff:1391015164:1391014907:&preview=y HTTP/1.1" 200 8627 "-" "Mozilla/5.0 (compatible; Barkrowler/0.9; +https://babbar.tech/crawler)"
154.54.249.202 - - [10/Jan/2022:17:05:50 +0100] "GET /Site/PodCast?action=edit&restore=diff:1353776197:1351703168:&preview=y HTTP/1.1" 200 8627 "-" "Mozilla/5.0 (compatible; Barkrowler/0.9; +https://babbar.tech/crawler)"
154.54.249.202 - - [10/Jan/2022:17:06:05 +0100] "GET /Site/PodCast?action=edit&restore=diff:1387558558:1385062499:&preview=y HTTP/1.1" 200 8627 "-" "Mozilla/5.0 (compatible; Barkrowler/0.9; +https://babbar.tech/crawler)"
154.54.249.202 - - [10/Jan/2022:17:06:21 +0100] "GET /Site/PodCast?action=edit&restore=diff:1387559257:1387558558:&preview=y HTTP/1.1" 200 8627 "-" "Mozilla/5.0 (compatible; Barkrowler/0.9; +https://babbar.tech/crawler)"
154.54.249.202 - - [10/Jan/2022:17:06:36 +0100] "GET /Site/PodCast?action=edit&restore=diff:1361294584:1357845923:&preview=y HTTP/1.1" 200 8627 "-" "Mozilla/5.0 (compatible; Barkrowler/0.9; +https://babbar.tech/crawler)"
154.54.249.202 - - [10/Jan/2022:17:06:51 +0100] "GET /Site/PodCast?action=edit&restore=diff:1361294707:1361294584:&preview=y HTTP/1.1" 200 8627 "-" "Mozilla/5.0 (compatible; Barkrowler/0.9; +https://babbar.tech/crawler)"
154.54.249.202 - - [10/Jan/2022:17:07:06 +0100] "GET /Site/PodCast?action=edit&restore=diff:1343761854:1342518572:&preview=y HTTP/1.1" 200 8627 "-" "Mozilla/5.0 (compatible; Barkrowler/0.9; +https://babbar.tech/crawler)"
154.54.249.202 - - [10/Jan/2022:17:07:21 +0100] "GET /Site/PodCast?action=edit&restore=diff:1337181598:1336406138:&preview=y HTTP/1.1" 200 8627 "-" "Mozilla/5.0 (compatible; Barkrowler/0.9; +https://babbar.tech/crawler)"
154.54.249.202 - - [10/Jan/2022:17:07:36 +0100] "GET /Site/PodCast?action=edit&restore=diff:1372237814:1372237746:&preview=y HTTP/1.1" 200 8627 "-" "Mozilla/5.0 (compatible; Barkrowler/0.9; +https://babbar.tech/crawler)"
154.54.249.202 - - [10/Jan/2022:17:07:51 +0100] "GET /Site/PodCast?action=edit&restore=diff:1304154636:1302447413:&preview=y HTTP/1.1" 200 8627 "-" "Mozilla/5.0 (compatible; Barkrowler/0.9; +https://babbar.tech/crawler)"
154.54.249.202 - - [10/Jan/2022:17:08:06 +0100] "GET /Site/PodCast?action=edit&restore=diff:1397750908:1397750834:&preview=y HTTP/1.1" 200 8627 "-" "Mozilla/5.0 (compatible; Barkrowler/0.9; +https://babbar.tech/crawler)"
154.54.249.202 - - [10/Jan/2022:17:08:21 +0100] "GET /Site/PodCast?action=edit&restore=diff:1397750770:1397750731:&preview=y HTTP/1.1" 200 8627 "-" "Mozilla/5.0 (compatible; Barkrowler/0.9; +https://babbar.tech/crawler)"
154.54.249.202 - - [10/Jan/2022:17:08:36 +0100] "GET /Site/PodCast?action=edit&restore=diff:1397752559:1397752483:&preview=y HTTP/1.1" 200 8627 "-" "Mozilla/5.0 (compatible; Barkrowler/0.9; +https://babbar.tech/crawler)"
154.54.249.202 - - [10/Jan/2022:17:08:51 +0100] "GET /Site/PodCast?action=edit&restore=diff:1397750703:1396792842:&preview=y HTTP/1.1" 200 8627 "-" "Mozilla/5.0 (compatible; Barkrowler/0.9; +https://babbar.tech/crawler)"
154.54.249.202 - - [10/Jan/2022:17:09:07 +0100] "GET /Site/PodCast?action=edit&restore=diff:1397750834:1397750770:&preview=y HTTP/1.1" 200 8627 "-" "Mozilla/5.0 (compatible; Barkrowler/0.9; +https://babbar.tech/crawler)"
154.54.249.202 - - [10/Jan/2022:17:09:22 +0100] "GET /Site/PodCast?action=edit&restore=diff:1345304564:1343761854:&preview=y HTTP/1.1" 200 8627 "-" "Mozilla/5.0 (compatible; Barkrowler/0.9; +https://babbar.tech/crawler)"
154.54.249.202 - - [10/Jan/2022:17:09:37 +0100] "GET /Site/PodCast?action=edit&restore=diff:1388998666:1387559257:&preview=y HTTP/1.1" 200 8627 "-" "Mozilla/5.0 (compatible; Barkrowler/0.9; +https://babbar.tech/crawler)"
154.54.249.202 - - [10/Jan/2022:17:09:52 +0100] "GET /Site/PodCast?action=edit&restore=diff:1367507185:1366311301:&preview=y HTTP/1.1" 200 8627 "-" "Mozilla/5.0 (compatible; Barkrowler/0.9; +https://babbar.tech/crawler)"
154.54.249.202 - - [10/Jan/2022:17:10:07 +0100] "GET /Site/PodCast?action=edit&restore=diff:1367507830:1367507185:&preview=y HTTP/1.1" 200 8627 "-" "Mozilla/5.0 (compatible; Barkrowler/0.9; +https://babbar.tech/crawler)"
52.205.102.206 - - [10/Jan/2022:17:10:16 +0100] "GET /PodCast/IndexPage?action=rss HTTP/1.1" 200 6298 "https://www.google.com/" "Mozilla/5.0 (Windows NT 10.0; Win64; x64) AppleWebKit/537.36 (KHTML, like Gecko) Chrome/78.0.3904.108 Safari/537.36"
154.54.249.202 - - [10/Jan/2022:17:10:22 +0100] "GET /Site/PodCast?action=edit&restore=diff:1332617796:1331053861:&preview=y HTTP/1.1" 200 8627 "-" "Mozilla/5.0 (compatible; Barkrowler/0.9; +https://babbar.tech/crawler)"
154.54.249.202 - - [10/Jan/2022:17:10:37 +0100] "GET /Site/PodCast?action=edit&restore=diff:1395677144:1393003035:&preview=y HTTP/1.1" 200 8627 "-" "Mozilla/5.0 (compatible; Barkrowler/0.9; +https://babbar.tech/crawler)"
154.54.249.202 - - [10/Jan/2022:17:10:52 +0100] "GET /Site/PodCast?action=edit&restore=diff:1325147443:1324395450:&preview=y HTTP/1.1" 200 8627 "-" "Mozilla/5.0 (compatible; Barkrowler/0.9; +https://babbar.tech/crawler)"
154.54.249.202 - - [10/Jan/2022:17:11:07 +0100] "GET /Site/PodCast?action=edit&restore=diff:1342518572:1340804286:&preview=y HTTP/1.1" 200 8627 "-" "Mozilla/5.0 (compatible; Barkrowler/0.9; +https://babbar.tech/crawler)"
154.54.249.202 - - [10/Jan/2022:17:11:23 +0100] "GET /Site/PodCast?action=edit&restore=diff:1305184028:1304154636:&preview=y HTTP/1.1" 200 8627 "-" "Mozilla/5.0 (compatible; Barkrowler/0.9; +https://babbar.tech/crawler)"
154.54.249.202 - - [10/Jan/2022:17:11:38 +0100] "GET /Site/PodCast?action=edit&restore=diff:1305970836:1305970492:&preview=y HTTP/1.1" 200 8627 "-" "Mozilla/5.0 (compatible; Barkrowler/0.9; +https://babbar.tech/crawler)"
154.54.249.202 - - [10/Jan/2022:17:11:53 +0100] "GET /Site/PodCast?action=edit&restore=diff:1398106292:1398106165:&preview=y HTTP/1.1" 200 8627 "-" "Mozilla/5.0 (compatible; Barkrowler/0.9; +https://babbar.tech/crawler)"
154.54.249.202 - - [10/Jan/2022:17:12:08 +0100] "GET /Site/PodCast?action=edit&restore=diff:1398106549:1398106468:&preview=y HTTP/1.1" 200 8627 "-" "Mozilla/5.0 (compatible; Barkrowler/0.9; +https://babbar.tech/crawler)"
154.54.249.202 - - [10/Jan/2022:17:12:23 +0100] "GET /Site/PodCast?action=edit&restore=diff:1398105291:1397752559:&preview=y HTTP/1.1" 200 8627 "-" "Mozilla/5.0 (compatible; Barkrowler/0.9; +https://babbar.tech/crawler)"
154.54.249.202 - - [10/Jan/2022:17:12:38 +0100] "GET /Site/PodCast?action=edit&restore=diff:1398105512:1398105404:&preview=y HTTP/1.1" 200 8627 "-" "Mozilla/5.0 (compatible; Barkrowler/0.9; +https://babbar.tech/crawler)"
154.54.249.202 - - [10/Jan/2022:17:12:53 +0100] "GET /Site/PodCast?action=edit&restore=diff:1398106095:1398105994:&preview=y HTTP/1.1" 200 8627 "-" "Mozilla/5.0 (compatible; Barkrowler/0.9; +https://babbar.tech/crawler)"
154.54.249.202 - - [10/Jan/2022:17:13:08 +0100] "GET /Site/PodCast?action=edit&restore=diff:1398108789:1398108742:&preview=y HTTP/1.1" 200 8627 "-" "Mozilla/5.0 (compatible; Barkrowler/0.9; +https://babbar.tech/crawler)"
154.54.249.202 - - [10/Jan/2022:17:13:23 +0100] "GET /Site/PodCast?action=edit&restore=diff:1398105404:1398105355:&preview=y HTTP/1.1" 200 8627 "-" "Mozilla/5.0 (compatible; Barkrowler/0.9; +https://babbar.tech/crawler)"
154.54.249.202 - - [10/Jan/2022:17:13:38 +0100] "GET /Site/PodCast?action=edit&restore=diff:1398106165:1398106095:&preview=y HTTP/1.1" 200 8627 "-" "Mozilla/5.0 (compatible; Barkrowler/0.9; +https://babbar.tech/crawler)"
154.54.249.202 - - [10/Jan/2022:17:13:53 +0100] "GET /Site/PodCast?action=edit&restore=diff:1398105355:1398105291:&preview=y HTTP/1.1" 200 8627 "-" "Mozilla/5.0 (compatible; Barkrowler/0.9; +https://babbar.tech/crawler)"
154.54.249.202 - - [10/Jan/2022:17:14:09 +0100] "GET /Site/PodCast?action=edit&restore=diff:1398105994:1398105900:&preview=y HTTP/1.1" 200 8627 "-" "Mozilla/5.0 (compatible; Barkrowler/0.9; +https://babbar.tech/crawler)"
154.54.249.202 - - [10/Jan/2022:17:14:24 +0100] "GET /Site/PodCast?action=edit&restore=diff:1398106324:1398106292:&preview=y HTTP/1.1" 200 8627 "-" "Mozilla/5.0 (compatible; Barkrowler/0.9; +https://babbar.tech/crawler)"
154.54.249.202 - - [10/Jan/2022:17:14:39 +0100] "GET /Site/PodCast?action=edit&restore=diff:1398108742:1398106549:&preview=y HTTP/1.1" 200 8627 "-" "Mozilla/5.0 (compatible; Barkrowler/0.9; +https://babbar.tech/crawler)"
154.54.249.202 - - [10/Jan/2022:17:14:54 +0100] "GET /Site/PodCast?action=edit&restore=diff:1398105900:1398105512:&preview=y HTTP/1.1" 200 8627 "-" "Mozilla/5.0 (compatible; Barkrowler/0.9; +https://babbar.tech/crawler)"
154.54.249.202 - - [10/Jan/2022:17:15:09 +0100] "GET /Site/PodCast?action=edit&restore=diff:1366311301:1364920053:&preview=y HTTP/1.1" 200 8627 "-" "Mozilla/5.0 (compatible; Barkrowler/0.9; +https://babbar.tech/crawler)"
154.54.249.202 - - [10/Jan/2022:17:15:24 +0100] "GET /Site/PodCast?action=edit&restore=diff:1339516479:1338986805:&preview=y HTTP/1.1" 200 8627 "-" "Mozilla/5.0 (compatible; Barkrowler/0.9; +https://babbar.tech/crawler)"
154.54.249.202 - - [10/Jan/2022:17:15:39 +0100] "GET /Site/PodCast?action=edit&restore=diff:1339516577:1339516479:&preview=y HTTP/1.1" 200 8627 "-" "Mozilla/5.0 (compatible; Barkrowler/0.9; +https://babbar.tech/crawler)"
154.54.249.202 - - [10/Jan/2022:17:15:54 +0100] "GET /Site/PodCast?action=edit&restore=diff:1346169519:1346079089:&preview=y HTTP/1.1" 200 8627 "-" "Mozilla/5.0 (compatible; Barkrowler/0.9; +https://babbar.tech/crawler)"
154.54.249.202 - - [10/Jan/2022:17:16:09 +0100] "GET /Site/PodCast?action=edit&restore=diff:1346169925:1346169519:&preview=y HTTP/1.1" 200 8627 "-" "Mozilla/5.0 (compatible; Barkrowler/0.9; +https://babbar.tech/crawler)"
154.54.249.202 - - [10/Jan/2022:17:16:24 +0100] "GET /Site/PodCast?action=edit&restore=diff:1376765439:1376763719:&preview=y HTTP/1.1" 200 8627 "-" "Mozilla/5.0 (compatible; Barkrowler/0.9; +https://babbar.tech/crawler)"
154.54.249.202 - - [10/Jan/2022:17:16:39 +0100] "GET /Site/PodCast?action=edit&restore=diff:1376763719:1375286701:&preview=y HTTP/1.1" 200 8627 "-" "Mozilla/5.0 (compatible; Barkrowler/0.9; +https://babbar.tech/crawler)"
154.54.249.202 - - [10/Jan/2022:17:16:55 +0100] "GET /Site/PodCast?action=edit&restore=diff:1379530739:1376765439:&preview=y HTTP/1.1" 200 8627 "-" "Mozilla/5.0 (compatible; Barkrowler/0.9; +https://babbar.tech/crawler)"
154.54.249.202 - - [10/Jan/2022:17:17:10 +0100] "GET /Site/PodCast?action=edit&restore=diff:1363453036:1361294707:&preview=y HTTP/1.1" 200 8627 "-" "Mozilla/5.0 (compatible; Barkrowler/0.9; +https://babbar.tech/crawler)"
154.54.249.202 - - [10/Jan/2022:17:17:25 +0100] "GET /Site/PodCast?action=edit&restore=diff:1320339294:1320339174:&preview=y HTTP/1.1" 200 8627 "-" "Mozilla/5.0 (compatible; Barkrowler/0.9; +https://babbar.tech/crawler)"
154.54.249.202 - - [10/Jan/2022:17:17:40 +0100] "GET /Site/PodCast?action=edit&restore=diff:1320339390:1320339294:&preview=y HTTP/1.1" 200 8627 "-" "Mozilla/5.0 (compatible; Barkrowler/0.9; +https://babbar.tech/crawler)"
154.54.249.202 - - [10/Jan/2022:17:17:55 +0100] "GET /Site/PodCast?action=edit&restore=diff:1346079089:1345304564:&preview=y HTTP/1.1" 200 8627 "-" "Mozilla/5.0 (compatible; Barkrowler/0.9; +https://babbar.tech/crawler)"
154.54.249.202 - - [10/Jan/2022:17:18:10 +0100] "GET /Site/PodCast?action=edit&restore=diff:1347560604:1346169925:&preview=y HTTP/1.1" 200 8627 "-" "Mozilla/5.0 (compatible; Barkrowler/0.9; +https://babbar.tech/crawler)"
154.54.249.202 - - [10/Jan/2022:17:18:25 +0100] "GET /Site/PodCast?action=edit&restore=diff:1371287435:1368869934:&preview=y HTTP/1.1" 200 8627 "-" "Mozilla/5.0 (compatible; Barkrowler/0.9; +https://babbar.tech/crawler)"
154.54.249.202 - - [10/Jan/2022:17:18:40 +0100] "GET /Site/PodCast?action=edit&restore=diff:1328816912:1328371477:&preview=y HTTP/1.1" 200 8627 "-" "Mozilla/5.0 (compatible; Barkrowler/0.9; +https://babbar.tech/crawler)"
154.54.249.202 - - [10/Jan/2022:17:18:55 +0100] "GET /Site/PodCast?action=edit&restore=diff:1338986631:1337181598:&preview=y HTTP/1.1" 200 8627 "-" "Mozilla/5.0 (compatible; Barkrowler/0.9; +https://babbar.tech/crawler)"
154.54.249.202 - - [10/Jan/2022:17:19:10 +0100] "GET /Site/PodCast?action=edit&restore=diff:1338986805:1338986631:&preview=y HTTP/1.1" 200 8627 "-" "Mozilla/5.0 (compatible; Barkrowler/0.9; +https://babbar.tech/crawler)"
154.54.249.202 - - [10/Jan/2022:17:19:25 +0100] "GET /Site/PodCast?action=edit&restore=diff:1396792842:1396792826:&preview=y HTTP/1.1" 200 8627 "-" "Mozilla/5.0 (compatible; Barkrowler/0.9; +https://babbar.tech/crawler)"
154.54.249.202 - - [10/Jan/2022:17:19:41 +0100] "GET /Site/PodCast?action=edit&restore=diff:1396791231:1395677144:&preview=y HTTP/1.1" 200 8627 "-" "Mozilla/5.0 (compatible; Barkrowler/0.9; +https://babbar.tech/crawler)"
154.54.249.202 - - [10/Jan/2022:17:19:56 +0100] "GET /Site/PodCast?action=edit&restore=diff:1300908603:1299171437:&preview=y HTTP/1.1" 200 8627 "-" "Mozilla/5.0 (compatible; Barkrowler/0.9; +https://babbar.tech/crawler)"
154.54.249.202 - - [10/Jan/2022:17:20:11 +0100] "GET /Site/PodCast?action=edit&restore=diff:1350228156:1348495764:&preview=y HTTP/1.1" 200 8627 "-" "Mozilla/5.0 (compatible; Barkrowler/0.9; +https://babbar.tech/crawler)"
154.54.249.202 - - [10/Jan/2022:17:20:26 +0100] "GET /Site/PodCast?action=edit&restore=diff:1357845923:1355943666:&preview=y HTTP/1.1" 200 8627 "-" "Mozilla/5.0 (compatible; Barkrowler/0.9; +https://babbar.tech/crawler)"
154.54.249.202 - - [10/Jan/2022:17:20:41 +0100] "GET /Site/PodCast?action=edit&restore=diff:1391097239:1391015164:&preview=y HTTP/1.1" 200 8627 "-" "Mozilla/5.0 (compatible; Barkrowler/0.9; +https://babbar.tech/crawler)"
154.54.249.202 - - [10/Jan/2022:17:20:56 +0100] "GET /Site/PodCast?action=edit&restore=diff:1391098188:1391098069:&preview=y HTTP/1.1" 200 8627 "-" "Mozilla/5.0 (compatible; Barkrowler/0.9; +https://babbar.tech/crawler)"
154.54.249.202 - - [10/Jan/2022:17:21:11 +0100] "GET /Site/PodCast?action=edit&restore=diff:1391098069:1391097239:&preview=y HTTP/1.1" 200 8627 "-" "Mozilla/5.0 (compatible; Barkrowler/0.9; +https://babbar.tech/crawler)"
154.54.249.202 - - [10/Jan/2022:17:21:26 +0100] "GET /Site/PodCast?action=edit&restore=diff:1320954334:1320339390:&preview=y HTTP/1.1" 200 8627 "-" "Mozilla/5.0 (compatible; Barkrowler/0.9; +https://babbar.tech/crawler)"
154.54.249.202 - - [10/Jan/2022:17:21:41 +0100] "GET /Site/PodCast?action=edit&restore=diff:1364920053:1364919940:&preview=y HTTP/1.1" 200 8627 "-" "Mozilla/5.0 (compatible; Barkrowler/0.9; +https://babbar.tech/crawler)"
154.54.249.202 - - [10/Jan/2022:17:21:56 +0100] "GET /Site/PodCast?action=edit&restore=diff:1322758537:1322758419:&preview=y HTTP/1.1" 200 8627 "-" "Mozilla/5.0 (compatible; Barkrowler/0.9; +https://babbar.tech/crawler)"
154.54.249.202 - - [10/Jan/2022:17:22:11 +0100] "GET /Site/PodCast?action=edit&restore=diff:1322758870:1322758537:&preview=y HTTP/1.1" 200 8627 "-" "Mozilla/5.0 (compatible; Barkrowler/0.9; +https://babbar.tech/crawler)"
154.54.249.202 - - [10/Jan/2022:17:22:27 +0100] "GET /Site/PodCast?action=edit&restore=diff:1291232998:1290680548:&preview=y HTTP/1.1" 200 8627 "-" "Mozilla/5.0 (compatible; Barkrowler/0.9; +https://babbar.tech/crawler)"
154.54.249.202 - - [10/Jan/2022:17:22:42 +0100] "GET /Site/PodCast?action=edit&restore=diff:1286122854:1285700602:&preview=y HTTP/1.1" 200 8627 "-" "Mozilla/5.0 (compatible; Barkrowler/0.9; +https://babbar.tech/crawler)"
154.54.249.202 - - [10/Jan/2022:17:22:57 +0100] "GET /Site/PodCast?action=edit&restore=diff:1282557802:1280693846:&preview=y HTTP/1.1" 200 8627 "-" "Mozilla/5.0 (compatible; Barkrowler/0.9; +https://babbar.tech/crawler)"
154.54.249.202 - - [10/Jan/2022:17:23:12 +0100] "GET /Site/PodCast?action=edit&restore=diff:1282558114:1282557802:&preview=y HTTP/1.1" 200 8627 "-" "Mozilla/5.0 (compatible; Barkrowler/0.9; +https://babbar.tech/crawler)"
154.54.249.202 - - [10/Jan/2022:17:23:27 +0100] "GET /Site/PodCast?action=edit&restore=diff:1299171437:1298141155:&preview=y HTTP/1.1" 200 8627 "-" "Mozilla/5.0 (compatible; Barkrowler/0.9; +https://babbar.tech/crawler)"
154.54.249.202 - - [10/Jan/2022:17:23:42 +0100] "GET /Site/PodCast?action=edit&restore=diff:1286131507:1286122854:&preview=y HTTP/1.1" 200 8627 "-" "Mozilla/5.0 (compatible; Barkrowler/0.9; +https://babbar.tech/crawler)"
154.54.249.202 - - [10/Jan/2022:17:23:57 +0100] "GET /Site/PodCast?action=edit&restore=diff:1298141130:1297616959:&preview=y HTTP/1.1" 200 8627 "-" "Mozilla/5.0 (compatible; Barkrowler/0.9; +https://babbar.tech/crawler)"
154.54.249.202 - - [10/Jan/2022:17:24:12 +0100] "GET /Site/PodCast?action=edit&restore=diff:1293038106:1292431917:&preview=y HTTP/1.1" 200 8627 "-" "Mozilla/5.0 (compatible; Barkrowler/0.9; +https://babbar.tech/crawler)"
154.54.249.202 - - [10/Jan/2022:17:24:27 +0100] "GET /Site/PodCast?action=edit&restore=diff:1294243834:1293038106:&preview=y HTTP/1.1" 200 8627 "-" "Mozilla/5.0 (compatible; Barkrowler/0.9; +https://babbar.tech/crawler)"
154.54.249.202 - - [10/Jan/2022:17:24:42 +0100] "GET /Site/PodCast?action=edit&restore=diff:1282763070:1282558114:&preview=y HTTP/1.1" 200 8627 "-" "Mozilla/5.0 (compatible; Barkrowler/0.9; +https://babbar.tech/crawler)"
154.54.249.202 - - [10/Jan/2022:17:24:57 +0100] "GET /Site/PodCast?action=edit&restore=diff:1292431917:1291232998:&preview=y HTTP/1.1" 200 8627 "-" "Mozilla/5.0 (compatible; Barkrowler/0.9; +https://babbar.tech/crawler)"
154.54.249.202 - - [10/Jan/2022:17:25:13 +0100] "GET /Site/PodCast?action=edit&restore=diff:1288799686:1286132088:&preview=y HTTP/1.1" 200 8627 "-" "Mozilla/5.0 (compatible; Barkrowler/0.9; +https://babbar.tech/crawler)"
154.54.249.202 - - [10/Jan/2022:17:25:28 +0100] "GET /Site/PodCast?action=edit&restore=diff:1297616959:1297098629:&preview=y HTTP/1.1" 200 8627 "-" "Mozilla/5.0 (compatible; Barkrowler/0.9; +https://babbar.tech/crawler)"
185.191.171.1 - - [10/Jan/2022:17:25:29 +0100] "GET /robots.txt HTTP/1.1" 200 - "-" "Mozilla/5.0 (compatible; SemrushBot/7~bl; +http://www.semrush.com/bot.html)"
185.191.171.2 - - [10/Jan/2022:17:25:30 +0100] "GET /PmWikiRu/MarkupMasterIndex?action=edit HTTP/1.1" 403 18 "-" "Mozilla/5.0 (compatible; SemrushBot/7~bl; +http://www.semrush.com/bot.html)"
154.54.249.202 - - [10/Jan/2022:17:25:43 +0100] "GET /Site/PodCast?action=edit&restore=diff:1278094742:1278093622:&preview=y HTTP/1.1" 200 8627 "-" "Mozilla/5.0 (compatible; Barkrowler/0.9; +https://babbar.tech/crawler)"
154.54.249.202 - - [10/Jan/2022:17:25:58 +0100] "GET /Site/PodCast?action=edit&restore=diff:1290680548:1288799686:&preview=y HTTP/1.1" 200 8627 "-" "Mozilla/5.0 (compatible; Barkrowler/0.9; +https://babbar.tech/crawler)"
66.249.76.193 - - [10/Jan/2022:17:26:08 +0100] "GET /PodCast/IndexPage?action=rss HTTP/1.1" 200 6298 "-" "Mozilla/5.0 (compatible; Googlebot/2.1; +http://www.google.com/bot.html)"
154.54.249.202 - - [10/Jan/2022:17:26:13 +0100] "GET /Site/PodCast?action=edit&restore=diff:1276877636:1276877107:&preview=y HTTP/1.1" 200 8627 "-" "Mozilla/5.0 (compatible; Barkrowler/0.9; +https://babbar.tech/crawler)"
154.54.249.202 - - [10/Jan/2022:17:26:28 +0100] "GET /Site/PodCast?action=edit&restore=diff:1276877107:1273939174:&preview=y HTTP/1.1" 200 8627 "-" "Mozilla/5.0 (compatible; Barkrowler/0.9; +https://babbar.tech/crawler)"
154.54.249.202 - - [10/Jan/2022:17:26:43 +0100] "GET /Site/PodCast?action=edit&restore=diff:1283112785:1282763070:&preview=y HTTP/1.1" 200 8627 "-" "Mozilla/5.0 (compatible; Barkrowler/0.9; +https://babbar.tech/crawler)"
154.54.249.202 - - [10/Jan/2022:17:26:58 +0100] "GET /Site/PodCast?action=edit&restore=diff:1295889164:1295889052:&preview=y HTTP/1.1" 200 8627 "-" "Mozilla/5.0 (compatible; Barkrowler/0.9; +https://babbar.tech/crawler)"
45.129.18.115 - - [10/Jan/2022:17:27:11 +0100] "HEAD / HTTP/1.1" 200 - "-" "Mozilla/5.0 (Macintosh; Intel Mac OS X 10_9_3) AppleWebKit/537.36 (KHTML, like Gecko) Chrome/35.0.1916.47 Safari/537.36"
154.54.249.202 - - [10/Jan/2022:17:27:13 +0100] "GET /Site/PodCast?action=edit&restore=diff:1295889473:1295889164:&preview=y HTTP/1.1" 200 8627 "-" "Mozilla/5.0 (compatible; Barkrowler/0.9; +https://babbar.tech/crawler)"
154.54.249.202 - - [10/Jan/2022:17:27:28 +0100] "GET /Site/PodCast?action=edit&restore=diff:1295889639:1295889473:&preview=y HTTP/1.1" 200 8627 "-" "Mozilla/5.0 (compatible; Barkrowler/0.9; +https://babbar.tech/crawler)"
185.191.171.5 - - [10/Jan/2022:17:27:37 +0100] "GET /PmWikiDe/WikiStyles?action=edit HTTP/1.1" 403 18 "-" "Mozilla/5.0 (compatible; SemrushBot/7~bl; +http://www.semrush.com/bot.html)"
154.54.249.202 - - [10/Jan/2022:17:27:44 +0100] "GET /Site/PodCast?action=edit&restore=diff:1296147404:1295889940:&preview=y HTTP/1.1" 200 8627 "-" "Mozilla/5.0 (compatible; Barkrowler/0.9; +https://babbar.tech/crawler)"
154.54.249.202 - - [10/Jan/2022:17:27:59 +0100] "GET /Site/PodCast?action=edit&restore=diff:1297098444:1297097802:&preview=y HTTP/1.1" 200 8627 "-" "Mozilla/5.0 (compatible; Barkrowler/0.9; +https://babbar.tech/crawler)"
154.54.249.202 - - [10/Jan/2022:17:28:14 +0100] "GET /Site/PodCast?action=edit&restore=diff:1297097802:1296147404:&preview=y HTTP/1.1" 200 8627 "-" "Mozilla/5.0 (compatible; Barkrowler/0.9; +https://babbar.tech/crawler)"
154.54.249.202 - - [10/Jan/2022:17:28:29 +0100] "GET /Site/PodCast?action=edit&restore=diff:1297098629:1297098444:&preview=y HTTP/1.1" 200 8627 "-" "Mozilla/5.0 (compatible; Barkrowler/0.9; +https://babbar.tech/crawler)"
154.54.249.202 - - [10/Jan/2022:17:28:44 +0100] "GET /Site/PodCast?action=edit&restore=diff:1280693581:1280693490:&preview=y HTTP/1.1" 200 8627 "-" "Mozilla/5.0 (compatible; Barkrowler/0.9; +https://babbar.tech/crawler)"
154.54.249.202 - - [10/Jan/2022:17:28:59 +0100] "GET /Site/PodCast?action=edit&restore=diff:1280693846:1280693581:&preview=y HTTP/1.1" 200 8627 "-" "Mozilla/5.0 (compatible; Barkrowler/0.9; +https://babbar.tech/crawler)"
154.54.249.202 - - [10/Jan/2022:17:29:14 +0100] "GET /Site/PodCast?action=edit&restore=diff:1280693490:1280693396:&preview=y HTTP/1.1" 200 8627 "-" "Mozilla/5.0 (compatible; Barkrowler/0.9; +https://babbar.tech/crawler)"
154.54.249.202 - - [10/Jan/2022:17:29:29 +0100] "GET /Site/PodCast?action=edit&restore=diff:1456600835:1455208733:&preview=y HTTP/1.1" 200 8627 "-" "Mozilla/5.0 (compatible; Barkrowler/0.9; +https://babbar.tech/crawler)"
154.54.249.202 - - [10/Jan/2022:17:29:44 +0100] "GET /Site/PodCast?action=edit&restore=diff:1470995694:1466014586:&preview=y HTTP/1.1" 200 8627 "-" "Mozilla/5.0 (compatible; Barkrowler/0.9; +https://babbar.tech/crawler)"
