194.209.200.2 - - [17/Oct/2022:00:00:06 +0200] "GET /Admin/Pro-ZurituutschStatuten HTTP/1.1" 200 9580 "-" "Mozilla/5.0 (compatible; TMMBot/0.2; +http://www.dslab.ch)/Nutch-1.15"
85.25.177.139 - - [17/Oct/2022:00:04:07 +0200] "GET /robots.txt HTTP/1.1" 200 - "-" "Mozilla/5.0 (Macintosh; Intel Mac OS X 10.15; rv:103.0) Gecko/20100101 Firefox/103.0"
85.25.177.139 - - [17/Oct/2022:00:04:07 +0200] "GET /Main/Home?action=edit&restore=diff:1615669070:1615669051:&preview=y HTTP/1.1" 200 8583 "-" "Mozilla/5.0 (Macintosh; Intel Mac OS X 10.15; rv:103.0) Gecko/20100101 Firefox/103.0"
66.249.70.207 - - [17/Oct/2022:00:08:39 +0200] "GET /PodCast/IndexPage?action=rss HTTP/1.1" 200 6298 "-" "Mozilla/5.0 (compatible; Googlebot/2.1; +http://www.google.com/bot.html)"
85.25.177.139 - - [17/Oct/2022:00:09:55 +0200] "GET /robots.txt HTTP/1.1" 200 - "-" "Mozilla/5.0 (Macintosh; Intel Mac OS X 10.15; rv:103.0) Gecko/20100101 Firefox/103.0"
85.25.177.139 - - [17/Oct/2022:00:09:55 +0200] "GET /PodCast/Griechestroom HTTP/1.1" 200 12408 "-" "Mozilla/5.0 (Macintosh; Intel Mac OS X 10.15; rv:103.0) Gecko/20100101 Firefox/103.0"
34.207.208.15 - - [17/Oct/2022:00:10:24 +0200] "GET /PodCast/IndexPage?action=rss HTTP/1.1" 200 6298 "-" "PlayerFM/1.0 Podcast Sync (1 subscribers; url=https://player.fm/series/podcast-2872909)"
168.119.51.163 - - [17/Oct/2022:00:12:18 +0200] "GET /robots.txt HTTP/1.1" 200 - "-" "Mozilla/5.0 (compatible; um-IC/1.0; mailto: techinfo@ubermetrics-technologies.com; Windows NT 6.1; WOW64; rv:40.0) Gecko/20100101 Firefox/40.1"
168.119.51.163 - - [17/Oct/2022:00:12:18 +0200] "GET /PodCast/IndexPage?action=rss HTTP/1.1" 200 6298 "-" "Mozilla/5.0 (compatible; um-IC/1.0; mailto: techinfo@ubermetrics-technologies.com; Windows NT 6.1; WOW64; rv:40.0) Gecko/20100101 Firefox/40.1"
85.25.177.139 - - [17/Oct/2022:00:12:57 +0200] "GET /PodCast/Ouhsschaffig HTTP/1.1" 200 12619 "-" "Mozilla/5.0 (Macintosh; Intel Mac OS X 10.15; rv:103.0) Gecko/20100101 Firefox/103.0"
85.25.177.139 - - [17/Oct/2022:00:17:26 +0200] "GET /PodCast/Gottesliebe HTTP/1.1" 200 13456 "-" "Mozilla/5.0 (Macintosh; Intel Mac OS X 10.15; rv:103.0) Gecko/20100101 Firefox/103.0"
54.36.148.16 - - [17/Oct/2022:00:28:04 +0200] "GET /robots.txt HTTP/1.1" 200 - "-" "Mozilla/5.0 (compatible; AhrefsBot/7.0; +http://ahrefs.com/robot/)"
54.36.148.129 - - [17/Oct/2022:00:28:05 +0200] "GET / HTTP/1.1" 200 15085 "-" "Mozilla/5.0 (compatible; AhrefsBot/7.0; +http://ahrefs.com/robot/)"
85.25.177.139 - - [17/Oct/2022:00:29:03 +0200] "GET /robots.txt HTTP/1.1" 200 - "-" "Mozilla/5.0 (Macintosh; Intel Mac OS X 10.15; rv:103.0) Gecko/20100101 Firefox/103.0"
85.25.177.139 - - [17/Oct/2022:00:29:03 +0200] "GET /PodCast/Zwangsabonemang HTTP/1.1" 200 15007 "-" "Mozilla/5.0 (Macintosh; Intel Mac OS X 10.15; rv:103.0) Gecko/20100101 Firefox/103.0"
194.209.200.2 - - [17/Oct/2022:00:32:09 +0200] "GET /robots.txt HTTP/1.1" 200 - "-" "Mozilla/5.0 (compatible; TMMBot/0.2; +http://www.dslab.ch)/Nutch-1.15"
194.209.200.2 - - [17/Oct/2022:00:32:09 +0200] "GET /Admin/Jahresbericht HTTP/1.1" 200 45530 "-" "Mozilla/5.0 (compatible; TMMBot/0.2; +http://www.dslab.ch)/Nutch-1.15"
194.209.200.2 - - [17/Oct/2022:00:32:36 +0200] "GET /Texte/Schrybwys HTTP/1.1" 200 11028 "-" "Mozilla/5.0 (compatible; TMMBot/0.2; +http://www.dslab.ch)/Nutch-1.15"
194.209.200.2 - - [17/Oct/2022:00:33:40 +0200] "GET /Texte/GDicht HTTP/1.1" 200 8050 "-" "Mozilla/5.0 (compatible; TMMBot/0.2; +http://www.dslab.ch)/Nutch-1.15"
194.209.200.2 - - [17/Oct/2022:00:36:26 +0200] "GET /Admin/Pro-ZurituutschStatuten HTTP/1.1" 200 9580 "-" "Mozilla/5.0 (compatible; TMMBot/0.2; +http://www.dslab.ch)/Nutch-1.15"
85.25.177.139 - - [17/Oct/2022:00:36:40 +0200] "GET /robots.txt HTTP/1.1" 200 - "-" "Mozilla/5.0 (Macintosh; Intel Mac OS X 10.15; rv:103.0) Gecko/20100101 Firefox/103.0"
85.25.177.139 - - [17/Oct/2022:00:36:40 +0200] "GET /PodCast/AbsNov16 HTTP/1.1" 200 12438 "-" "Mozilla/5.0 (Macintosh; Intel Mac OS X 10.15; rv:103.0) Gecko/20100101 Firefox/103.0"
3.216.185.164 - - [17/Oct/2022:00:41:37 +0200] "GET /PodCast/IndexPage?action=rss HTTP/1.1" 200 6298 "-" "PocketCasts/1.0 (Pocket Casts Feed Parser; +http://pocketcasts.com/)"
85.25.177.139 - - [17/Oct/2022:00:42:27 +0200] "GET /robots.txt HTTP/1.1" 200 - "-" "Mozilla/5.0 (Macintosh; Intel Mac OS X 10.15; rv:103.0) Gecko/20100101 Firefox/103.0"
85.25.177.139 - - [17/Oct/2022:00:42:27 +0200] "GET /PodCast/WMNutzts?action=edit HTTP/1.1" 200 8638 "-" "Mozilla/5.0 (Macintosh; Intel Mac OS X 10.15; rv:103.0) Gecko/20100101 Firefox/103.0"
85.25.177.139 - - [17/Oct/2022:00:50:00 +0200] "GET /robots.txt HTTP/1.1" 200 - "-" "Mozilla/5.0 (Macintosh; Intel Mac OS X 10.15; rv:103.0) Gecko/20100101 Firefox/103.0"
85.25.177.139 - - [17/Oct/2022:00:50:00 +0200] "GET /PodCast/SprAntBea HTTP/1.1" 200 11671 "-" "Mozilla/5.0 (Macintosh; Intel Mac OS X 10.15; rv:103.0) Gecko/20100101 Firefox/103.0"
85.25.177.139 - - [17/Oct/2022:00:53:09 +0200] "GET /Site/42Fasnacht1455 HTTP/1.1" 200 8391 "-" "Mozilla/5.0 (Macintosh; Intel Mac OS X 10.15; rv:103.0) Gecko/20100101 Firefox/103.0"
85.25.177.139 - - [17/Oct/2022:00:53:34 +0200] "GET /PodCast/Waffeschoutz11 HTTP/1.1" 200 16222 "-" "Mozilla/5.0 (Macintosh; Intel Mac OS X 10.15; rv:103.0) Gecko/20100101 Firefox/103.0"
66.249.70.210 - - [17/Oct/2022:00:58:24 +0200] "GET /PodCast/IndexPage?action=rss HTTP/1.1" 200 6298 "-" "Mozilla/5.0 (compatible; Googlebot/2.1; +http://www.google.com/bot.html)"
85.25.177.139 - - [17/Oct/2022:01:01:39 +0200] "GET /robots.txt HTTP/1.1" 200 - "-" "Mozilla/5.0 (Macintosh; Intel Mac OS X 10.15; rv:103.0) Gecko/20100101 Firefox/103.0"
85.25.177.139 - - [17/Oct/2022:01:01:39 +0200] "GET /PodCast/Wistaria01 HTTP/1.1" 200 23568 "-" "Mozilla/5.0 (Macintosh; Intel Mac OS X 10.15; rv:103.0) Gecko/20100101 Firefox/103.0"
66.249.76.193 - - [17/Oct/2022:01:03:45 +0200] "GET /PodCast/IndexPage?action=rss HTTP/1.1" 200 6298 "-" "Mozilla/5.0 (compatible; Googlebot/2.1; +http://www.google.com/bot.html)"
163.116.136.254 - - [17/Oct/2022:01:04:01 +0200] "GET / HTTP/1.1" 200 15085 "-" "Mozilla/5.0 (Windows NT 10.0; Win64; x64) AppleWebKit/537.36 (KHTML, like Gecko) Chrome/100.0.4896.75 Safari/537.36"
163.116.136.254 - - [17/Oct/2022:01:04:01 +0200] "GET /pub/skins/pro-zurituutsch/gila.css HTTP/1.1" 200 10186 "http://pro-zurituutsch.ch/" "Mozilla/5.0 (Windows NT 10.0; Win64; x64) AppleWebKit/537.36 (KHTML, like Gecko) Chrome/100.0.4896.75 Safari/537.36"
163.116.136.254 - - [17/Oct/2022:01:04:01 +0200] "GET /uploads/Main/logo.jpg HTTP/1.1" 200 29066 "http://pro-zurituutsch.ch/" "Mozilla/5.0 (Windows NT 10.0; Win64; x64) AppleWebKit/537.36 (KHTML, like Gecko) Chrome/100.0.4896.75 Safari/537.36"
163.116.136.254 - - [17/Oct/2022:01:04:01 +0200] "GET /pub/skins/pro-zurituutsch/images/external.png HTTP/1.1" 200 165 "http://www.pro-zurituutsch.ch/pub/skins/pro-zurituutsch/gila.css" "Mozilla/5.0 (Windows NT 10.0; Win64; x64) AppleWebKit/537.36 (KHTML, like Gecko) Chrome/100.0.4896.75 Safari/537.36"
194.209.200.2 - - [17/Oct/2022:01:06:22 +0200] "GET /robots.txt HTTP/1.1" 200 - "-" "Mozilla/5.0 (compatible; TMMBot/0.2; +http://www.dslab.ch)/Nutch-1.15"
194.209.200.2 - - [17/Oct/2022:01:06:22 +0200] "GET /Admin/Jahresbericht HTTP/1.1" 200 45530 "-" "Mozilla/5.0 (compatible; TMMBot/0.2; +http://www.dslab.ch)/Nutch-1.15"
194.209.200.2 - - [17/Oct/2022:01:06:45 +0200] "GET /Texte/Schrybwys HTTP/1.1" 200 11028 "-" "Mozilla/5.0 (compatible; TMMBot/0.2; +http://www.dslab.ch)/Nutch-1.15"
194.209.200.2 - - [17/Oct/2022:01:07:47 +0200] "GET /Texte/GDicht HTTP/1.1" 200 8050 "-" "Mozilla/5.0 (compatible; TMMBot/0.2; +http://www.dslab.ch)/Nutch-1.15"
85.25.177.139 - - [17/Oct/2022:01:10:10 +0200] "GET /robots.txt HTTP/1.1" 200 - "-" "Mozilla/5.0 (Macintosh; Intel Mac OS X 10.15; rv:103.0) Gecko/20100101 Firefox/103.0"
85.25.177.139 - - [17/Oct/2022:01:10:10 +0200] "GET /PodCast/Rucktrittstrioumpf HTTP/1.1" 200 13948 "-" "Mozilla/5.0 (Macintosh; Intel Mac OS X 10.15; rv:103.0) Gecko/20100101 Firefox/103.0"
194.209.200.2 - - [17/Oct/2022:01:10:18 +0200] "GET /Admin/Pro-ZurituutschStatuten HTTP/1.1" 200 9580 "-" "Mozilla/5.0 (compatible; TMMBot/0.2; +http://www.dslab.ch)/Nutch-1.15"
3.219.254.95 - - [17/Oct/2022:01:11:18 +0200] "GET /PodCast/IndexPage?action=rss HTTP/1.1" 200 6298 "-" "PocketCasts/1.0 (Pocket Casts Feed Parser; +http://pocketcasts.com/)"
194.209.200.2 - - [17/Oct/2022:01:38:59 +0200] "GET /robots.txt HTTP/1.1" 200 - "-" "Mozilla/5.0 (compatible; TMMBot/0.2; +http://www.dslab.ch)/Nutch-1.15"
194.209.200.2 - - [17/Oct/2022:01:38:59 +0200] "GET /Texte/Rezension HTTP/1.1" 200 11812 "-" "Mozilla/5.0 (compatible; TMMBot/0.2; +http://www.dslab.ch)/Nutch-1.15"
194.209.200.2 - - [17/Oct/2022:01:41:05 +0200] "GET /Admin/Jahresbericht HTTP/1.1" 200 45530 "-" "Mozilla/5.0 (compatible; TMMBot/0.2; +http://www.dslab.ch)/Nutch-1.15"
194.209.200.2 - - [17/Oct/2022:01:41:30 +0200] "GET /Texte/Schrybwys HTTP/1.1" 200 11028 "-" "Mozilla/5.0 (compatible; TMMBot/0.2; +http://www.dslab.ch)/Nutch-1.15"
194.209.200.2 - - [17/Oct/2022:01:42:34 +0200] "GET /Texte/GDicht HTTP/1.1" 200 8050 "-" "Mozilla/5.0 (compatible; TMMBot/0.2; +http://www.dslab.ch)/Nutch-1.15"
85.25.177.139 - - [17/Oct/2022:01:42:41 +0200] "GET /robots.txt HTTP/1.1" 200 - "-" "Mozilla/5.0 (Macintosh; Intel Mac OS X 10.15; rv:103.0) Gecko/20100101 Firefox/103.0"
85.25.177.139 - - [17/Oct/2022:01:42:41 +0200] "GET /PodCast/Kounschtrandite HTTP/1.1" 200 13143 "-" "Mozilla/5.0 (Macintosh; Intel Mac OS X 10.15; rv:103.0) Gecko/20100101 Firefox/103.0"
85.25.177.139 - - [17/Oct/2022:01:43:02 +0200] "GET /PodCast/Leerplaan HTTP/1.1" 200 11636 "-" "Mozilla/5.0 (Macintosh; Intel Mac OS X 10.15; rv:103.0) Gecko/20100101 Firefox/103.0"
194.209.200.2 - - [17/Oct/2022:01:45:15 +0200] "GET /Admin/Pro-ZurituutschStatuten HTTP/1.1" 200 9580 "-" "Mozilla/5.0 (compatible; TMMBot/0.2; +http://www.dslab.ch)/Nutch-1.15"
85.25.177.139 - - [17/Oct/2022:01:45:44 +0200] "GET /robots.txt HTTP/1.1" 200 - "-" "Mozilla/5.0 (Macintosh; Intel Mac OS X 10.15; rv:103.0) Gecko/20100101 Firefox/103.0"
85.25.177.139 - - [17/Oct/2022:01:45:44 +0200] "GET /PodCast/Patriarch HTTP/1.1" 200 19129 "-" "Mozilla/5.0 (Macintosh; Intel Mac OS X 10.15; rv:103.0) Gecko/20100101 Firefox/103.0"
85.25.177.139 - - [17/Oct/2022:01:46:22 +0200] "GET /Site/62Mulhouse1468 HTTP/1.1" 200 16204 "-" "Mozilla/5.0 (Macintosh; Intel Mac OS X 10.15; rv:103.0) Gecko/20100101 Firefox/103.0"
85.25.177.139 - - [17/Oct/2022:01:46:51 +0200] "GET /Site/200Quellen HTTP/1.1" 200 14017 "-" "Mozilla/5.0 (Macintosh; Intel Mac OS X 10.15; rv:103.0) Gecko/20100101 Firefox/103.0"
85.25.177.139 - - [17/Oct/2022:01:50:24 +0200] "GET /robots.txt HTTP/1.1" 200 - "-" "Mozilla/5.0 (Macintosh; Intel Mac OS X 10.15; rv:103.0) Gecko/20100101 Firefox/103.0"
85.25.177.139 - - [17/Oct/2022:01:50:24 +0200] "GET /Site/PodCast?action=edit HTTP/1.1" 200 8581 "-" "Mozilla/5.0 (Macintosh; Intel Mac OS X 10.15; rv:103.0) Gecko/20100101 Firefox/103.0"
34.207.208.15 - - [17/Oct/2022:01:53:44 +0200] "GET /PodCast/IndexPage?action=rss HTTP/1.1" 200 6298 "-" "PlayerFM/1.0 Podcast Sync (1 subscribers; url=https://player.fm/series/podcast-2872909)"
85.25.177.139 - - [17/Oct/2022:01:54:16 +0200] "GET /robots.txt HTTP/1.1" 200 - "-" "Mozilla/5.0 (Macintosh; Intel Mac OS X 10.15; rv:103.0) Gecko/20100101 Firefox/103.0"
85.25.177.139 - - [17/Oct/2022:01:54:16 +0200] "GET /PodCast/Eidsprofulaxe HTTP/1.1" 200 8686 "-" "Mozilla/5.0 (Macintosh; Intel Mac OS X 10.15; rv:103.0) Gecko/20100101 Firefox/103.0"
85.25.177.139 - - [17/Oct/2022:01:54:49 +0200] "GET /PodCast/Limerick34 HTTP/1.1" 200 8268 "-" "Mozilla/5.0 (Macintosh; Intel Mac OS X 10.15; rv:103.0) Gecko/20100101 Firefox/103.0"
85.25.177.139 - - [17/Oct/2022:01:55:37 +0200] "GET /PodCast/Wienechtsgschicht HTTP/1.1" 200 12139 "-" "Mozilla/5.0 (Macintosh; Intel Mac OS X 10.15; rv:103.0) Gecko/20100101 Firefox/103.0"
66.249.70.207 - - [17/Oct/2022:01:58:27 +0200] "GET /PodCast/IndexPage?action=rss HTTP/1.1" 200 6298 "-" "Mozilla/5.0 (compatible; Googlebot/2.1; +http://www.google.com/bot.html)"
85.25.177.139 - - [17/Oct/2022:01:59:29 +0200] "GET /robots.txt HTTP/1.1" 200 - "-" "Mozilla/5.0 (Macintosh; Intel Mac OS X 10.15; rv:103.0) Gecko/20100101 Firefox/103.0"
85.25.177.139 - - [17/Oct/2022:01:59:30 +0200] "GET /PodCast/Bombe HTTP/1.1" 200 8662 "-" "Mozilla/5.0 (Macintosh; Intel Mac OS X 10.15; rv:103.0) Gecko/20100101 Firefox/103.0"
85.25.177.139 - - [17/Oct/2022:02:01:48 +0200] "GET /Site/Leerbouech HTTP/1.1" 200 10755 "-" "Mozilla/5.0 (Macintosh; Intel Mac OS X 10.15; rv:103.0) Gecko/20100101 Firefox/103.0"
85.25.177.139 - - [17/Oct/2022:02:02:25 +0200] "GET /PodCast/Glawbessund HTTP/1.1" 200 22790 "-" "Mozilla/5.0 (Macintosh; Intel Mac OS X 10.15; rv:103.0) Gecko/20100101 Firefox/103.0"
95.108.213.20 - - [17/Oct/2022:02:02:38 +0200] "GET /robots.txt HTTP/1.1" 200 - "-" "Mozilla/5.0 (compatible; YandexBot/3.0; +http://yandex.com/bots)"
95.108.213.20 - - [17/Oct/2022:02:02:42 +0200] "GET /Texte/ZurcherischEnglish HTTP/1.1" 200 8274 "-" "Mozilla/5.0 (compatible; YandexBot/3.0; +http://yandex.com/bots)"
54.36.149.17 - - [17/Oct/2022:02:03:28 +0200] "GET /robots.txt HTTP/1.1" 200 - "-" "Mozilla/5.0 (compatible; AhrefsBot/7.0; +http://ahrefs.com/robot/)"
54.36.149.0 - - [17/Oct/2022:02:03:29 +0200] "GET /Site/PodCast HTTP/1.1" 200 40934 "-" "Mozilla/5.0 (compatible; AhrefsBot/7.0; +http://ahrefs.com/robot/)"
85.25.177.139 - - [17/Oct/2022:02:05:28 +0200] "GET /robots.txt HTTP/1.1" 200 - "-" "Mozilla/5.0 (Macintosh; Intel Mac OS X 10.15; rv:103.0) Gecko/20100101 Firefox/103.0"
85.25.177.139 - - [17/Oct/2022:02:05:28 +0200] "GET /PodCast/Amaisehugel HTTP/1.1" 200 10785 "-" "Mozilla/5.0 (Macintosh; Intel Mac OS X 10.15; rv:103.0) Gecko/20100101 Firefox/103.0"
85.25.177.139 - - [17/Oct/2022:02:07:22 +0200] "GET /Site/142Taagsatzig1484 HTTP/1.1" 200 12692 "-" "Mozilla/5.0 (Macintosh; Intel Mac OS X 10.15; rv:103.0) Gecko/20100101 Firefox/103.0"
85.25.177.139 - - [17/Oct/2022:02:09:11 +0200] "GET /PodCast/Styluebige HTTP/1.1" 200 9354 "-" "Mozilla/5.0 (Macintosh; Intel Mac OS X 10.15; rv:103.0) Gecko/20100101 Firefox/103.0"
85.25.177.139 - - [17/Oct/2022:02:10:06 +0200] "GET /PodCast/Limerick27 HTTP/1.1" 200 8704 "-" "Mozilla/5.0 (Macintosh; Intel Mac OS X 10.15; rv:103.0) Gecko/20100101 Firefox/103.0"
66.249.76.222 - - [17/Oct/2022:02:10:54 +0200] "GET /robots.txt HTTP/1.1" 200 - "-" "Mozilla/5.0 (compatible; Googlebot/2.1; +http://www.google.com/bot.html)"
66.249.76.196 - - [17/Oct/2022:02:10:54 +0200] "GET /PodCast/IndexPage?action=rss HTTP/1.1" 200 6298 "-" "Mozilla/5.0 (compatible; Googlebot/2.1; +http://www.google.com/bot.html)"
54.36.149.3 - - [17/Oct/2022:02:12:02 +0200] "GET / HTTP/1.1" 200 15085 "-" "Mozilla/5.0 (compatible; AhrefsBot/7.0; +http://ahrefs.com/robot/)"
3.216.185.164 - - [17/Oct/2022:02:12:56 +0200] "GET /PodCast/IndexPage?action=rss HTTP/1.1" 200 6298 "-" "PocketCasts/1.0 (Pocket Casts Feed Parser; +http://pocketcasts.com/)"
85.25.177.139 - - [17/Oct/2022:02:13:06 +0200] "GET /robots.txt HTTP/1.1" 200 - "-" "Mozilla/5.0 (Macintosh; Intel Mac OS X 10.15; rv:103.0) Gecko/20100101 Firefox/103.0"
85.25.177.139 - - [17/Oct/2022:02:13:06 +0200] "GET /PodCast/Limerick32 HTTP/1.1" 200 8883 "-" "Mozilla/5.0 (Macintosh; Intel Mac OS X 10.15; rv:103.0) Gecko/20100101 Firefox/103.0"
85.25.177.139 - - [17/Oct/2022:02:13:29 +0200] "GET /PodCast/Boschpochrank HTTP/1.1" 200 11394 "-" "Mozilla/5.0 (Macintosh; Intel Mac OS X 10.15; rv:103.0) Gecko/20100101 Firefox/103.0"
194.209.200.2 - - [17/Oct/2022:02:15:35 +0200] "GET /robots.txt HTTP/1.1" 200 - "-" "Mozilla/5.0 (compatible; TMMBot/0.2; +http://www.dslab.ch)/Nutch-1.15"
194.209.200.2 - - [17/Oct/2022:02:15:35 +0200] "GET /Admin/Jahresbericht HTTP/1.1" 200 45530 "-" "Mozilla/5.0 (compatible; TMMBot/0.2; +http://www.dslab.ch)/Nutch-1.15"
194.209.200.2 - - [17/Oct/2022:02:16:00 +0200] "GET /Texte/Schrybwys HTTP/1.1" 200 11028 "-" "Mozilla/5.0 (compatible; TMMBot/0.2; +http://www.dslab.ch)/Nutch-1.15"
194.209.200.2 - - [17/Oct/2022:02:17:06 +0200] "GET /Texte/GDicht HTTP/1.1" 200 8050 "-" "Mozilla/5.0 (compatible; TMMBot/0.2; +http://www.dslab.ch)/Nutch-1.15"
85.25.177.139 - - [17/Oct/2022:02:18:06 +0200] "GET /robots.txt HTTP/1.1" 200 - "-" "Mozilla/5.0 (Macintosh; Intel Mac OS X 10.15; rv:103.0) Gecko/20100101 Firefox/103.0"
85.25.177.139 - - [17/Oct/2022:02:18:06 +0200] "GET /PodCast/StroubiZyt2 HTTP/1.1" 200 16782 "-" "Mozilla/5.0 (Macintosh; Intel Mac OS X 10.15; rv:103.0) Gecko/20100101 Firefox/103.0"
85.25.177.139 - - [17/Oct/2022:02:19:21 +0200] "GET /PodCast/Eenlichkait HTTP/1.1" 200 12529 "-" "Mozilla/5.0 (Macintosh; Intel Mac OS X 10.15; rv:103.0) Gecko/20100101 Firefox/103.0"
194.209.200.2 - - [17/Oct/2022:02:19:45 +0200] "GET /Admin/Pro-ZurituutschStatuten HTTP/1.1" 200 9580 "-" "Mozilla/5.0 (compatible; TMMBot/0.2; +http://www.dslab.ch)/Nutch-1.15"
51.159.210.188 - - [17/Oct/2022:02:23:50 +0200] "GET / HTTP/1.1" 200 15085 "-" "Mozilla/5.0 (Macintosh; Intel Mac OS X 10.15; rv:102.0) Gecko/20100101 Firefox/102.0"
85.25.177.139 - - [17/Oct/2022:02:26:59 +0200] "GET /robots.txt HTTP/1.1" 200 - "-" "Mozilla/5.0 (Macintosh; Intel Mac OS X 10.15; rv:103.0) Gecko/20100101 Firefox/103.0"
85.25.177.139 - - [17/Oct/2022:02:26:59 +0200] "GET /PodCast/Antiikiundanderigschichte HTTP/1.1" 200 8591 "-" "Mozilla/5.0 (Macintosh; Intel Mac OS X 10.15; rv:103.0) Gecko/20100101 Firefox/103.0"
85.25.177.139 - - [17/Oct/2022:02:27:24 +0200] "GET /PodCast/RURAktITail1 HTTP/1.1" 200 19498 "-" "Mozilla/5.0 (Macintosh; Intel Mac OS X 10.15; rv:103.0) Gecko/20100101 Firefox/103.0"
85.25.177.139 - - [17/Oct/2022:02:27:57 +0200] "GET /Site/WGA6Klynikerfaarig HTTP/1.1" 200 15713 "-" "Mozilla/5.0 (Macintosh; Intel Mac OS X 10.15; rv:103.0) Gecko/20100101 Firefox/103.0"
185.191.171.15 - - [17/Oct/2022:02:34:10 +0200] "GET /robots.txt HTTP/1.1" 200 - "-" "Mozilla/5.0 (compatible; SemrushBot/7~bl; +http://www.semrush.com/bot.html)"
185.191.171.2 - - [17/Oct/2022:02:34:14 +0200] "GET /PmWikiPtBr/EnvieDinheiroParaPM HTTP/1.1" 200 10996 "-" "Mozilla/5.0 (compatible; SemrushBot/7~bl; +http://www.semrush.com/bot.html)"
85.25.177.139 - - [17/Oct/2022:02:35:37 +0200] "GET /robots.txt HTTP/1.1" 200 - "-" "Mozilla/5.0 (Macintosh; Intel Mac OS X 10.15; rv:103.0) Gecko/20100101 Firefox/103.0"
85.25.177.139 - - [17/Oct/2022:02:35:37 +0200] "GET /PodCast/Limerick29 HTTP/1.1" 200 8812 "-" "Mozilla/5.0 (Macintosh; Intel Mac OS X 10.15; rv:103.0) Gecko/20100101 Firefox/103.0"
85.25.177.139 - - [17/Oct/2022:02:35:50 +0200] "GET /PodCast/Ouhsggwise2 HTTP/1.1" 200 20341 "-" "Mozilla/5.0 (Macintosh; Intel Mac OS X 10.15; rv:103.0) Gecko/20100101 Firefox/103.0"
85.25.177.139 - - [17/Oct/2022:02:39:23 +0200] "GET /robots.txt HTTP/1.1" 200 - "-" "Mozilla/5.0 (Macintosh; Intel Mac OS X 10.15; rv:103.0) Gecko/20100101 Firefox/103.0"
85.25.177.139 - - [17/Oct/2022:02:39:23 +0200] "GET /PodCast/PodCastJissai HTTP/1.1" 200 14554 "-" "Mozilla/5.0 (Macintosh; Intel Mac OS X 10.15; rv:103.0) Gecko/20100101 Firefox/103.0"
85.25.177.139 - - [17/Oct/2022:02:40:14 +0200] "GET /PodCast/Boundeswaal HTTP/1.1" 200 12917 "-" "Mozilla/5.0 (Macintosh; Intel Mac OS X 10.15; rv:103.0) Gecko/20100101 Firefox/103.0"
194.209.200.2 - - [17/Oct/2022:02:49:09 +0200] "GET /robots.txt HTTP/1.1" 200 - "-" "Mozilla/5.0 (compatible; TMMBot/0.2; +http://www.dslab.ch)/Nutch-1.15"
194.209.200.2 - - [17/Oct/2022:02:49:09 +0200] "GET /Admin/Jahresbericht HTTP/1.1" 200 45530 "-" "Mozilla/5.0 (compatible; TMMBot/0.2; +http://www.dslab.ch)/Nutch-1.15"
194.209.200.2 - - [17/Oct/2022:02:49:31 +0200] "GET /Texte/Schrybwys HTTP/1.1" 200 11028 "-" "Mozilla/5.0 (compatible; TMMBot/0.2; +http://www.dslab.ch)/Nutch-1.15"
85.25.177.139 - - [17/Oct/2022:02:49:44 +0200] "GET /robots.txt HTTP/1.1" 200 - "-" "Mozilla/5.0 (Macintosh; Intel Mac OS X 10.15; rv:103.0) Gecko/20100101 Firefox/103.0"
85.25.177.139 - - [17/Oct/2022:02:49:45 +0200] "GET /PodCast/Parys070115 HTTP/1.1" 200 8683 "-" "Mozilla/5.0 (Macintosh; Intel Mac OS X 10.15; rv:103.0) Gecko/20100101 Firefox/103.0"
194.209.200.2 - - [17/Oct/2022:02:50:32 +0200] "GET /Texte/GDicht HTTP/1.1" 200 8050 "-" "Mozilla/5.0 (compatible; TMMBot/0.2; +http://www.dslab.ch)/Nutch-1.15"
85.25.177.139 - - [17/Oct/2022:02:51:47 +0200] "GET /PodCast/Nostalgy HTTP/1.1" 200 8823 "-" "Mozilla/5.0 (Macintosh; Intel Mac OS X 10.15; rv:103.0) Gecko/20100101 Firefox/103.0"
194.209.200.2 - - [17/Oct/2022:02:52:58 +0200] "GET /Admin/Pro-ZurituutschStatuten HTTP/1.1" 200 9580 "-" "Mozilla/5.0 (compatible; TMMBot/0.2; +http://www.dslab.ch)/Nutch-1.15"
85.25.177.139 - - [17/Oct/2022:02:53:53 +0200] "GET /PodCast/Schaidig1 HTTP/1.1" 200 19206 "-" "Mozilla/5.0 (Macintosh; Intel Mac OS X 10.15; rv:103.0) Gecko/20100101 Firefox/103.0"
85.25.177.139 - - [17/Oct/2022:02:58:08 +0200] "GET /robots.txt HTTP/1.1" 200 - "-" "Mozilla/5.0 (Macintosh; Intel Mac OS X 10.15; rv:103.0) Gecko/20100101 Firefox/103.0"
85.25.177.139 - - [17/Oct/2022:02:58:08 +0200] "GET /Site/182Room1500 HTTP/1.1" 200 24427 "-" "Mozilla/5.0 (Macintosh; Intel Mac OS X 10.15; rv:103.0) Gecko/20100101 Firefox/103.0"
66.249.76.193 - - [17/Oct/2022:02:58:27 +0200] "GET /PodCast/IndexPage?action=rss HTTP/1.1" 200 6298 "-" "Mozilla/5.0 (compatible; Googlebot/2.1; +http://www.google.com/bot.html)"
85.25.177.139 - - [17/Oct/2022:03:00:11 +0200] "GET /PodCast/UberGebuure HTTP/1.1" 200 15628 "-" "Mozilla/5.0 (Macintosh; Intel Mac OS X 10.15; rv:103.0) Gecko/20100101 Firefox/103.0"
85.25.177.139 - - [17/Oct/2022:03:02:31 +0200] "GET /Site/101Ramft1478 HTTP/1.1" 200 15898 "-" "Mozilla/5.0 (Macintosh; Intel Mac OS X 10.15; rv:103.0) Gecko/20100101 Firefox/103.0"
66.249.76.222 - - [17/Oct/2022:03:03:14 +0200] "GET /PodCast/IndexPage?action=rss HTTP/1.1" 200 6298 "-" "Mozilla/5.0 (compatible; Googlebot/2.1; +http://www.google.com/bot.html)"
85.25.177.139 - - [17/Oct/2022:03:05:44 +0200] "GET /Site/151Konschtanz1485 HTTP/1.1" 200 13431 "-" "Mozilla/5.0 (Macintosh; Intel Mac OS X 10.15; rv:103.0) Gecko/20100101 Firefox/103.0"
85.25.177.139 - - [17/Oct/2022:03:07:38 +0200] "GET /PodCast/Liebhaber1 HTTP/1.1" 200 9854 "-" "Mozilla/5.0 (Macintosh; Intel Mac OS X 10.15; rv:103.0) Gecko/20100101 Firefox/103.0"
85.25.177.139 - - [17/Oct/2022:03:11:36 +0200] "GET /robots.txt HTTP/1.1" 200 - "-" "Mozilla/5.0 (Macintosh; Intel Mac OS X 10.15; rv:103.0) Gecko/20100101 Firefox/103.0"
85.25.177.139 - - [17/Oct/2022:03:11:36 +0200] "GET /Site/31Meuischtergass HTTP/1.1" 200 18979 "-" "Mozilla/5.0 (Macintosh; Intel Mac OS X 10.15; rv:103.0) Gecko/20100101 Firefox/103.0"
85.25.177.139 - - [17/Oct/2022:03:15:52 +0200] "GET /robots.txt HTTP/1.1" 200 - "-" "Mozilla/5.0 (Macintosh; Intel Mac OS X 10.15; rv:103.0) Gecko/20100101 Firefox/103.0"
85.25.177.139 - - [17/Oct/2022:03:15:52 +0200] "GET /PodCast/Liebhaber1 HTTP/1.1" 200 9854 "-" "Mozilla/5.0 (Macintosh; Intel Mac OS X 10.15; rv:103.0) Gecko/20100101 Firefox/103.0"
85.25.177.139 - - [17/Oct/2022:03:18:46 +0200] "GET /robots.txt HTTP/1.1" 200 - "-" "Mozilla/5.0 (Macintosh; Intel Mac OS X 10.15; rv:103.0) Gecko/20100101 Firefox/103.0"
85.25.177.139 - - [17/Oct/2022:03:18:46 +0200] "GET /PodCast/DryzaateFebrouar2011 HTTP/1.1" 200 8321 "-" "Mozilla/5.0 (Macintosh; Intel Mac OS X 10.15; rv:103.0) Gecko/20100101 Firefox/103.0"
54.227.150.4 - - [17/Oct/2022:03:20:22 +0200] "GET /PodCast/IndexPage?action=rss HTTP/1.1" 200 6298 "https://www.google.com/" "Mozilla/5.0 (X11; Linux x86_64) AppleWebKit/537.36 (KHTML, like Gecko) Chrome/80.0.3987.149 Safari/537.36"
85.25.177.139 - - [17/Oct/2022:03:21:41 +0200] "GET /PodCast/JBJInhaltsverzaichnis HTTP/1.1" 200 12203 "-" "Mozilla/5.0 (Macintosh; Intel Mac OS X 10.15; rv:103.0) Gecko/20100101 Firefox/103.0"
85.25.177.139 - - [17/Oct/2022:03:23:20 +0200] "GET /PodCast/PrSidNtewaal HTTP/1.1" 200 8763 "-" "Mozilla/5.0 (Macintosh; Intel Mac OS X 10.15; rv:103.0) Gecko/20100101 Firefox/103.0"
194.209.200.2 - - [17/Oct/2022:03:25:48 +0200] "GET /robots.txt HTTP/1.1" 200 - "-" "Mozilla/5.0 (compatible; TMMBot/0.2; +http://www.dslab.ch)/Nutch-1.15"
194.209.200.2 - - [17/Oct/2022:03:25:48 +0200] "GET /Admin/Jahresbericht HTTP/1.1" 200 45530 "-" "Mozilla/5.0 (compatible; TMMBot/0.2; +http://www.dslab.ch)/Nutch-1.15"
194.209.200.2 - - [17/Oct/2022:03:26:13 +0200] "GET /Texte/Schrybwys HTTP/1.1" 200 11028 "-" "Mozilla/5.0 (compatible; TMMBot/0.2; +http://www.dslab.ch)/Nutch-1.15"
194.209.200.2 - - [17/Oct/2022:03:27:21 +0200] "GET /Texte/GDicht HTTP/1.1" 200 8050 "-" "Mozilla/5.0 (compatible; TMMBot/0.2; +http://www.dslab.ch)/Nutch-1.15"
85.25.177.139 - - [17/Oct/2022:03:28:20 +0200] "GET /robots.txt HTTP/1.1" 200 - "-" "Mozilla/5.0 (Macintosh; Intel Mac OS X 10.15; rv:103.0) Gecko/20100101 Firefox/103.0"
85.25.177.139 - - [17/Oct/2022:03:28:20 +0200] "GET /Site/132MIringe1483?action=edit HTTP/1.1" 200 8683 "-" "Mozilla/5.0 (Macintosh; Intel Mac OS X 10.15; rv:103.0) Gecko/20100101 Firefox/103.0"
194.209.200.2 - - [17/Oct/2022:03:30:01 +0200] "GET /Admin/Pro-ZurituutschStatuten HTTP/1.1" 200 9580 "-" "Mozilla/5.0 (compatible; TMMBot/0.2; +http://www.dslab.ch)/Nutch-1.15"
85.25.177.139 - - [17/Oct/2022:03:32:29 +0200] "GET /robots.txt HTTP/1.1" 200 - "-" "Mozilla/5.0 (Macintosh; Intel Mac OS X 10.15; rv:103.0) Gecko/20100101 Firefox/103.0"
85.25.177.139 - - [17/Oct/2022:03:32:29 +0200] "GET /PodCast/RURAkt1TIl5 HTTP/1.1" 200 18957 "-" "Mozilla/5.0 (Macintosh; Intel Mac OS X 10.15; rv:103.0) Gecko/20100101 Firefox/103.0"
85.25.177.139 - - [17/Oct/2022:03:34:43 +0200] "GET /PodCast/RootiLinje HTTP/1.1" 200 12935 "-" "Mozilla/5.0 (Macintosh; Intel Mac OS X 10.15; rv:103.0) Gecko/20100101 Firefox/103.0"
85.25.177.139 - - [17/Oct/2022:03:37:47 +0200] "GET /Site/32Meuischtergass HTTP/1.1" 200 21818 "-" "Mozilla/5.0 (Macintosh; Intel Mac OS X 10.15; rv:103.0) Gecko/20100101 Firefox/103.0"
195.191.219.132 - - [17/Oct/2022:03:39:41 +0200] "GET /robots.txt HTTP/1.1" 200 - "-" "Mozilla/5.0 (compatible; MJ12bot/v1.4.8; http://mj12bot.com/)"
195.191.219.132 - - [17/Oct/2022:03:39:44 +0200] "GET / HTTP/1.1" 200 15085 "-" "Mozilla/5.0 (compatible; MJ12bot/v1.4.8; http://mj12bot.com/)"
85.25.177.139 - - [17/Oct/2022:03:41:44 +0200] "GET /robots.txt HTTP/1.1" 200 - "-" "Mozilla/5.0 (Macintosh; Intel Mac OS X 10.15; rv:103.0) Gecko/20100101 Firefox/103.0"
85.25.177.139 - - [17/Oct/2022:03:41:44 +0200] "GET /PodCast/Spraachverglych HTTP/1.1" 200 16146 "-" "Mozilla/5.0 (Macintosh; Intel Mac OS X 10.15; rv:103.0) Gecko/20100101 Firefox/103.0"
138.201.11.237 - - [17/Oct/2022:03:43:57 +0200] "GET /Admin/Jahresbericht HTTP/1.1" 200 45530 "-" "Mozilla/5.0 (Windows NT 10.0; Win64; x64) AppleWebKit/537.36 (KHTML, like Gecko) Chrome/86.0.4240.183 Safari/537.36 OPR/72.0.3815.320"
85.25.177.139 - - [17/Oct/2022:03:49:19 +0200] "GET /robots.txt HTTP/1.1" 200 - "-" "Mozilla/5.0 (Macintosh; Intel Mac OS X 10.15; rv:103.0) Gecko/20100101 Firefox/103.0"
85.25.177.139 - - [17/Oct/2022:03:49:19 +0200] "GET /PodCast/Maassestaab HTTP/1.1" 200 15762 "-" "Mozilla/5.0 (Macintosh; Intel Mac OS X 10.15; rv:103.0) Gecko/20100101 Firefox/103.0"
3.216.185.164 - - [17/Oct/2022:03:52:29 +0200] "GET /PodCast/IndexPage?action=rss HTTP/1.1" 200 6298 "-" "PocketCasts/1.0 (Pocket Casts Feed Parser; +http://pocketcasts.com/)"
85.25.177.139 - - [17/Oct/2022:03:54:54 +0200] "GET /robots.txt HTTP/1.1" 200 - "-" "Mozilla/5.0 (Macintosh; Intel Mac OS X 10.15; rv:103.0) Gecko/20100101 Firefox/103.0"
85.25.177.139 - - [17/Oct/2022:03:54:54 +0200] "GET /PodCast/Verlaine HTTP/1.1" 200 9380 "-" "Mozilla/5.0 (Macintosh; Intel Mac OS X 10.15; rv:103.0) Gecko/20100101 Firefox/103.0"
85.25.177.139 - - [17/Oct/2022:03:58:27 +0200] "GET /robots.txt HTTP/1.1" 200 - "-" "Mozilla/5.0 (Macintosh; Intel Mac OS X 10.15; rv:103.0) Gecko/20100101 Firefox/103.0"
85.25.177.139 - - [17/Oct/2022:03:58:27 +0200] "GET /PodCast/JBJ402 HTTP/1.1" 200 20809 "-" "Mozilla/5.0 (Macintosh; Intel Mac OS X 10.15; rv:103.0) Gecko/20100101 Firefox/103.0"
66.249.76.222 - - [17/Oct/2022:03:58:28 +0200] "GET /PodCast/IndexPage?action=rss HTTP/1.1" 200 6298 "-" "Mozilla/5.0 (compatible; Googlebot/2.1; +http://www.google.com/bot.html)"
85.25.177.139 - - [17/Oct/2022:04:00:23 +0200] "GET /PodCast/Hafering HTTP/1.1" 200 14273 "-" "Mozilla/5.0 (Macintosh; Intel Mac OS X 10.15; rv:103.0) Gecko/20100101 Firefox/103.0"
194.209.200.2 - - [17/Oct/2022:04:01:35 +0200] "GET /robots.txt HTTP/1.1" 200 - "-" "Mozilla/5.0 (compatible; TMMBot/0.2; +http://www.dslab.ch)/Nutch-1.15"
194.209.200.2 - - [17/Oct/2022:04:01:35 +0200] "GET /Admin/Jahresbericht HTTP/1.1" 200 45530 "-" "Mozilla/5.0 (compatible; TMMBot/0.2; +http://www.dslab.ch)/Nutch-1.15"
194.209.200.2 - - [17/Oct/2022:04:02:04 +0200] "GET /Texte/Limericks HTTP/1.1" 200 8087 "-" "Mozilla/5.0 (compatible; TMMBot/0.2; +http://www.dslab.ch)/Nutch-1.15"
194.209.200.2 - - [17/Oct/2022:04:02:10 +0200] "GET /Texte/Schrybwys HTTP/1.1" 200 11028 "-" "Mozilla/5.0 (compatible; TMMBot/0.2; +http://www.dslab.ch)/Nutch-1.15"
85.25.177.139 - - [17/Oct/2022:04:02:21 +0200] "GET /Site/141TaagsatzigIV1484 HTTP/1.1" 200 18313 "-" "Mozilla/5.0 (Macintosh; Intel Mac OS X 10.15; rv:103.0) Gecko/20100101 Firefox/103.0"
5.18.242.204 - - [17/Oct/2022:04:03:08 +0200] "GET /Admin/Links/ HTTP/1.0" 200 14193 "-" "Mozilla/5.0 (Windows NT 6.3; Win64; x64) AppleWebKit/537.36 (KHTML, like Gecko) Chrome/75.0.3770.100 Safari/537.36"
194.209.200.2 - - [17/Oct/2022:04:04:09 +0200] "GET /Texte/GDicht HTTP/1.1" 200 8050 "-" "Mozilla/5.0 (compatible; TMMBot/0.2; +http://www.dslab.ch)/Nutch-1.15"
85.25.177.139 - - [17/Oct/2022:04:05:05 +0200] "GET /Site/191Houhsraech1509 HTTP/1.1" 200 21817 "-" "Mozilla/5.0 (Macintosh; Intel Mac OS X 10.15; rv:103.0) Gecko/20100101 Firefox/103.0"
66.249.76.222 - - [17/Oct/2022:04:07:43 +0200] "GET /PodCast/IndexPage?action=rss HTTP/1.1" 200 6298 "-" "Mozilla/5.0 (compatible; Googlebot/2.1; +http://www.google.com/bot.html)"
85.25.177.139 - - [17/Oct/2022:04:08:32 +0200] "GET /robots.txt HTTP/1.1" 200 - "-" "Mozilla/5.0 (Macintosh; Intel Mac OS X 10.15; rv:103.0) Gecko/20100101 Firefox/103.0"
85.25.177.139 - - [17/Oct/2022:04:08:33 +0200] "GET /PodCast/Inselschwyz HTTP/1.1" 200 13310 "-" "Mozilla/5.0 (Macintosh; Intel Mac OS X 10.15; rv:103.0) Gecko/20100101 Firefox/103.0"
194.209.200.2 - - [17/Oct/2022:04:08:40 +0200] "GET /Admin/Pro-ZurituutschStatuten HTTP/1.1" 200 9580 "-" "Mozilla/5.0 (compatible; TMMBot/0.2; +http://www.dslab.ch)/Nutch-1.15"
85.25.177.139 - - [17/Oct/2022:04:11:46 +0200] "GET /Site/72Mourte1476 HTTP/1.1" 200 21149 "-" "Mozilla/5.0 (Macintosh; Intel Mac OS X 10.15; rv:103.0) Gecko/20100101 Firefox/103.0"
85.25.177.139 - - [17/Oct/2022:04:14:53 +0200] "GET /PodCast/Integral HTTP/1.1" 200 15584 "-" "Mozilla/5.0 (Macintosh; Intel Mac OS X 10.15; rv:103.0) Gecko/20100101 Firefox/103.0"
85.25.177.139 - - [17/Oct/2022:04:16:27 +0200] "GET /PodCast/SprChlaage HTTP/1.1" 200 13697 "-" "Mozilla/5.0 (Macintosh; Intel Mac OS X 10.15; rv:103.0) Gecko/20100101 Firefox/103.0"
85.25.177.139 - - [17/Oct/2022:04:17:25 +0200] "GET /PodCast/JBJ601 HTTP/1.1" 200 22465 "-" "Mozilla/5.0 (Macintosh; Intel Mac OS X 10.15; rv:103.0) Gecko/20100101 Firefox/103.0"
85.25.177.139 - - [17/Oct/2022:04:20:21 +0200] "GET /Site/PodCast?action=print HTTP/1.1" 200 39273 "-" "Mozilla/5.0 (Macintosh; Intel Mac OS X 10.15; rv:103.0) Gecko/20100101 Firefox/103.0"
85.25.177.139 - - [17/Oct/2022:04:22:12 +0200] "GET /Site/Blickestoorff HTTP/1.1" 200 18757 "-" "Mozilla/5.0 (Macintosh; Intel Mac OS X 10.15; rv:103.0) Gecko/20100101 Firefox/103.0"
85.25.177.139 - - [17/Oct/2022:04:23:07 +0200] "GET /PodCast/Fallgroueb HTTP/1.1" 200 12827 "-" "Mozilla/5.0 (Macintosh; Intel Mac OS X 10.15; rv:103.0) Gecko/20100101 Firefox/103.0"
85.25.177.139 - - [17/Oct/2022:04:29:48 +0200] "GET /robots.txt HTTP/1.1" 200 - "-" "Mozilla/5.0 (Macintosh; Intel Mac OS X 10.15; rv:103.0) Gecko/20100101 Firefox/103.0"
85.25.177.139 - - [17/Oct/2022:04:29:48 +0200] "GET /PodCast/RURAkt2TIl4 HTTP/1.1" 200 23659 "-" "Mozilla/5.0 (Macintosh; Intel Mac OS X 10.15; rv:103.0) Gecko/20100101 Firefox/103.0"
85.25.177.139 - - [17/Oct/2022:04:30:22 +0200] "GET /Site/52GsprUhch?action=edit HTTP/1.1" 200 8625 "-" "Mozilla/5.0 (Macintosh; Intel Mac OS X 10.15; rv:103.0) Gecko/20100101 Firefox/103.0"
85.25.177.139 - - [17/Oct/2022:04:33:05 +0200] "GET /PodCast/FHrereid1?action=edit HTTP/1.1" 200 8654 "-" "Mozilla/5.0 (Macintosh; Intel Mac OS X 10.15; rv:103.0) Gecko/20100101 Firefox/103.0"
85.25.177.139 - - [17/Oct/2022:04:36:04 +0200] "GET /PodCast/Antyki HTTP/1.1" 200 8306 "-" "Mozilla/5.0 (Macintosh; Intel Mac OS X 10.15; rv:103.0) Gecko/20100101 Firefox/103.0"
85.25.177.139 - - [17/Oct/2022:04:37:21 +0200] "GET /Site/102Ramft1478 HTTP/1.1" 200 17387 "-" "Mozilla/5.0 (Macintosh; Intel Mac OS X 10.15; rv:103.0) Gecko/20100101 Firefox/103.0"
194.209.200.2 - - [17/Oct/2022:04:40:10 +0200] "GET /robots.txt HTTP/1.1" 200 - "-" "Mozilla/5.0 (compatible; TMMBot/0.2; +http://www.dslab.ch)/Nutch-1.15"
194.209.200.2 - - [17/Oct/2022:04:40:10 +0200] "GET /Admin/Jahresbericht HTTP/1.1" 200 45530 "-" "Mozilla/5.0 (compatible; TMMBot/0.2; +http://www.dslab.ch)/Nutch-1.15"
194.209.200.2 - - [17/Oct/2022:04:40:28 +0200] "GET /Texte/Limericks HTTP/1.1" 200 8087 "-" "Mozilla/5.0 (compatible; TMMBot/0.2; +http://www.dslab.ch)/Nutch-1.15"
194.209.200.2 - - [17/Oct/2022:04:40:32 +0200] "GET /Texte/Schrybwys HTTP/1.1" 200 11028 "-" "Mozilla/5.0 (compatible; TMMBot/0.2; +http://www.dslab.ch)/Nutch-1.15"
194.209.200.2 - - [17/Oct/2022:04:41:30 +0200] "GET /Texte/GDicht HTTP/1.1" 200 8050 "-" "Mozilla/5.0 (compatible; TMMBot/0.2; +http://www.dslab.ch)/Nutch-1.15"
85.25.177.139 - - [17/Oct/2022:04:43:12 +0200] "GET /robots.txt HTTP/1.1" 200 - "-" "Mozilla/5.0 (Macintosh; Intel Mac OS X 10.15; rv:103.0) Gecko/20100101 Firefox/103.0"
85.25.177.139 - - [17/Oct/2022:04:43:12 +0200] "GET /Site/161Predigerchoor1489 HTTP/1.1" 200 15057 "-" "Mozilla/5.0 (Macintosh; Intel Mac OS X 10.15; rv:103.0) Gecko/20100101 Firefox/103.0"
194.209.200.2 - - [17/Oct/2022:04:43:56 +0200] "GET /Admin/Pro-ZurituutschStatuten HTTP/1.1" 200 9580 "-" "Mozilla/5.0 (compatible; TMMBot/0.2; +http://www.dslab.ch)/Nutch-1.15"
85.25.177.139 - - [17/Oct/2022:04:44:27 +0200] "GET /Site/22Baadstoubegass HTTP/1.1" 200 18563 "-" "Mozilla/5.0 (Macintosh; Intel Mac OS X 10.15; rv:103.0) Gecko/20100101 Firefox/103.0"
85.25.177.139 - - [17/Oct/2022:04:46:00 +0200] "GET /PodCast/StRbe HTTP/1.1" 200 8194 "-" "Mozilla/5.0 (Macintosh; Intel Mac OS X 10.15; rv:103.0) Gecko/20100101 Firefox/103.0"
85.25.177.139 - - [17/Oct/2022:04:47:35 +0200] "GET /PodCast/Zrouggtratte HTTP/1.1" 200 12344 "-" "Mozilla/5.0 (Macintosh; Intel Mac OS X 10.15; rv:103.0) Gecko/20100101 Firefox/103.0"
85.25.177.139 - - [17/Oct/2022:04:50:31 +0200] "GET /Site/121Sitkouscht1482 HTTP/1.1" 200 14018 "-" "Mozilla/5.0 (Macintosh; Intel Mac OS X 10.15; rv:103.0) Gecko/20100101 Firefox/103.0"
85.25.177.139 - - [17/Oct/2022:04:51:54 +0200] "GET /PodCast/Demokraty HTTP/1.1" 200 13145 "-" "Mozilla/5.0 (Macintosh; Intel Mac OS X 10.15; rv:103.0) Gecko/20100101 Firefox/103.0"
85.25.177.139 - - [17/Oct/2022:04:52:29 +0200] "GET /PodCast/Boundestaatebound HTTP/1.1" 200 13172 "-" "Mozilla/5.0 (Macintosh; Intel Mac OS X 10.15; rv:103.0) Gecko/20100101 Firefox/103.0"
85.25.177.139 - - [17/Oct/2022:04:54:04 +0200] "GET /PodCast/RURAkt1Tail2 HTTP/1.1" 200 8408 "-" "Mozilla/5.0 (Macintosh; Intel Mac OS X 10.15; rv:103.0) Gecko/20100101 Firefox/103.0"
85.25.177.139 - - [17/Oct/2022:04:57:44 +0200] "GET /Site/41Fasnacht HTTP/1.1" 200 8329 "-" "Mozilla/5.0 (Macintosh; Intel Mac OS X 10.15; rv:103.0) Gecko/20100101 Firefox/103.0"
66.249.76.196 - - [17/Oct/2022:04:58:28 +0200] "GET /PodCast/IndexPage?action=rss HTTP/1.1" 200 6298 "-" "Mozilla/5.0 (compatible; Googlebot/2.1; +http://www.google.com/bot.html)"
85.25.177.139 - - [17/Oct/2022:05:05:25 +0200] "GET /robots.txt HTTP/1.1" 200 - "-" "Mozilla/5.0 (Macintosh; Intel Mac OS X 10.15; rv:103.0) Gecko/20100101 Firefox/103.0"
85.25.177.139 - - [17/Oct/2022:05:05:25 +0200] "GET /Site/WGA5Herz HTTP/1.1" 200 20138 "-" "Mozilla/5.0 (Macintosh; Intel Mac OS X 10.15; rv:103.0) Gecko/20100101 Firefox/103.0"
85.25.177.139 - - [17/Oct/2022:05:07:13 +0200] "GET /PodCast/Eereroueff HTTP/1.1" 200 18747 "-" "Mozilla/5.0 (Macintosh; Intel Mac OS X 10.15; rv:103.0) Gecko/20100101 Firefox/103.0"
20.68.176.92 - - [17/Oct/2022:05:08:14 +0200] "GET /wp-content/themes/seotheme/db.php?u HTTP/1.1" 404 303 "www.google.com" "Mozlila/5.0 (Linux; Android 7.0; SM-G892A Bulid/NRD90M; wv) AppleWebKit/537.36 (KHTML, like Gecko) Version/4.0 Chrome/60.0.3112.107 Moblie Safari/537.36"
85.25.177.139 - - [17/Oct/2022:05:09:16 +0200] "GET /PodCast/Chile HTTP/1.1" 200 15112 "-" "Mozilla/5.0 (Macintosh; Intel Mac OS X 10.15; rv:103.0) Gecko/20100101 Firefox/103.0"
66.249.70.210 - - [17/Oct/2022:05:11:52 +0200] "GET /PodCast/IndexPage?action=rss HTTP/1.1" 200 6298 "-" "Mozilla/5.0 (compatible; Googlebot/2.1; +http://www.google.com/bot.html)"
85.25.177.139 - - [17/Oct/2022:05:12:45 +0200] "GET /PodCast/Begriffbegryffe HTTP/1.1" 200 9885 "-" "Mozilla/5.0 (Macintosh; Intel Mac OS X 10.15; rv:103.0) Gecko/20100101 Firefox/103.0"
194.209.200.2 - - [17/Oct/2022:05:12:59 +0200] "GET /robots.txt HTTP/1.1" 200 - "-" "Mozilla/5.0 (compatible; TMMBot/0.2; +http://www.dslab.ch)/Nutch-1.15"
194.209.200.2 - - [17/Oct/2022:05:12:59 +0200] "GET /Admin/Jahresbericht HTTP/1.1" 200 45530 "-" "Mozilla/5.0 (compatible; TMMBot/0.2; +http://www.dslab.ch)/Nutch-1.15"
194.209.200.2 - - [17/Oct/2022:05:13:19 +0200] "GET /Texte/Limericks HTTP/1.1" 200 8087 "-" "Mozilla/5.0 (compatible; TMMBot/0.2; +http://www.dslab.ch)/Nutch-1.15"
194.209.200.2 - - [17/Oct/2022:05:13:23 +0200] "GET /Texte/Schrybwys HTTP/1.1" 200 11028 "-" "Mozilla/5.0 (compatible; TMMBot/0.2; +http://www.dslab.ch)/Nutch-1.15"
194.209.200.2 - - [17/Oct/2022:05:14:28 +0200] "GET /Texte/GDicht HTTP/1.1" 200 8050 "-" "Mozilla/5.0 (compatible; TMMBot/0.2; +http://www.dslab.ch)/Nutch-1.15"
194.209.200.2 - - [17/Oct/2022:05:17:09 +0200] "GET /Admin/Pro-ZurituutschStatuten HTTP/1.1" 200 9580 "-" "Mozilla/5.0 (compatible; TMMBot/0.2; +http://www.dslab.ch)/Nutch-1.15"
85.25.177.139 - - [17/Oct/2022:05:17:15 +0200] "GET /robots.txt HTTP/1.1" 200 - "-" "Mozilla/5.0 (Macintosh; Intel Mac OS X 10.15; rv:103.0) Gecko/20100101 Firefox/103.0"
85.25.177.139 - - [17/Oct/2022:05:17:15 +0200] "GET /Site/131MIringe1483?action=edit HTTP/1.1" 200 8683 "-" "Mozilla/5.0 (Macintosh; Intel Mac OS X 10.15; rv:103.0) Gecko/20100101 Firefox/103.0"
3.216.185.164 - - [17/Oct/2022:05:18:51 +0200] "GET /PodCast/IndexPage?action=rss HTTP/1.1" 200 6298 "-" "PocketCasts/1.0 (Pocket Casts Feed Parser; +http://pocketcasts.com/)"
85.25.177.139 - - [17/Oct/2022:05:20:49 +0200] "GET /PodCast/RURAkt1TIl4 HTTP/1.1" 200 25270 "-" "Mozilla/5.0 (Macintosh; Intel Mac OS X 10.15; rv:103.0) Gecko/20100101 Firefox/103.0"
85.25.177.139 - - [17/Oct/2022:05:21:45 +0200] "GET /PodCast/Wandermaasse HTTP/1.1" 200 11009 "-" "Mozilla/5.0 (Macintosh; Intel Mac OS X 10.15; rv:103.0) Gecko/20100101 Firefox/103.0"
168.119.51.163 - - [17/Oct/2022:05:22:10 +0200] "GET /robots.txt HTTP/1.1" 200 - "-" "Mozilla/5.0 (compatible; um-IC/1.0; mailto: techinfo@ubermetrics-technologies.com; Windows NT 6.1; WOW64; rv:40.0) Gecko/20100101 Firefox/40.1"
168.119.51.163 - - [17/Oct/2022:05:22:10 +0200] "GET /PodCast/IndexPage?action=rss HTTP/1.1" 200 6298 "-" "Mozilla/5.0 (compatible; um-IC/1.0; mailto: techinfo@ubermetrics-technologies.com; Windows NT 6.1; WOW64; rv:40.0) Gecko/20100101 Firefox/40.1"
85.25.177.139 - - [17/Oct/2022:05:24:00 +0200] "GET /Site/WGA1Begaabig HTTP/1.1" 200 17047 "-" "Mozilla/5.0 (Macintosh; Intel Mac OS X 10.15; rv:103.0) Gecko/20100101 Firefox/103.0"
85.25.177.139 - - [17/Oct/2022:05:24:52 +0200] "GET /PodCast/MNtsch?action=edit HTTP/1.1" 200 8610 "-" "Mozilla/5.0 (Macintosh; Intel Mac OS X 10.15; rv:103.0) Gecko/20100101 Firefox/103.0"
85.25.177.139 - - [17/Oct/2022:05:28:04 +0200] "GET /PodCast/RURAachundigoung HTTP/1.1" 200 9329 "-" "Mozilla/5.0 (Macintosh; Intel Mac OS X 10.15; rv:103.0) Gecko/20100101 Firefox/103.0"
85.25.177.139 - - [17/Oct/2022:05:31:07 +0200] "GET /PodCast/JBJ501 HTTP/1.1" 200 21897 "-" "Mozilla/5.0 (Macintosh; Intel Mac OS X 10.15; rv:103.0) Gecko/20100101 Firefox/103.0"
85.25.177.139 - - [17/Oct/2022:05:37:22 +0200] "GET /robots.txt HTTP/1.1" 200 - "-" "Mozilla/5.0 (Macintosh; Intel Mac OS X 10.15; rv:103.0) Gecko/20100101 Firefox/103.0"
85.25.177.139 - - [17/Oct/2022:05:37:22 +0200] "GET /PodCast/RURAkt1TIl4 HTTP/1.1" 200 25270 "-" "Mozilla/5.0 (Macintosh; Intel Mac OS X 10.15; rv:103.0) Gecko/20100101 Firefox/103.0"
85.25.177.139 - - [17/Oct/2022:05:40:12 +0200] "GET /PodCast/Gvatterle HTTP/1.1" 200 13975 "-" "Mozilla/5.0 (Macintosh; Intel Mac OS X 10.15; rv:103.0) Gecko/20100101 Firefox/103.0"
85.25.177.139 - - [17/Oct/2022:05:40:45 +0200] "GET /PodCast/Apsourdistan2 HTTP/1.1" 200 10988 "-" "Mozilla/5.0 (Macintosh; Intel Mac OS X 10.15; rv:103.0) Gecko/20100101 Firefox/103.0"
85.25.177.139 - - [17/Oct/2022:05:41:31 +0200] "GET /PodCast/SprProfSchwzTggs HTTP/1.1" 200 13011 "-" "Mozilla/5.0 (Macintosh; Intel Mac OS X 10.15; rv:103.0) Gecko/20100101 Firefox/103.0"
85.25.177.139 - - [17/Oct/2022:05:44:59 +0200] "GET /PodCast/Gramatik HTTP/1.1" 200 23244 "-" "Mozilla/5.0 (Macintosh; Intel Mac OS X 10.15; rv:103.0) Gecko/20100101 Firefox/103.0"
85.25.177.139 - - [17/Oct/2022:05:45:54 +0200] "GET /PodCast/Limerick36B HTTP/1.1" 200 8174 "-" "Mozilla/5.0 (Macintosh; Intel Mac OS X 10.15; rv:103.0) Gecko/20100101 Firefox/103.0"
85.25.177.139 - - [17/Oct/2022:05:46:23 +0200] "GET /PodCast/Falschmaldig HTTP/1.1" 200 11091 "-" "Mozilla/5.0 (Macintosh; Intel Mac OS X 10.15; rv:103.0) Gecko/20100101 Firefox/103.0"
194.209.200.2 - - [17/Oct/2022:05:47:35 +0200] "GET /robots.txt HTTP/1.1" 200 - "-" "Mozilla/5.0 (compatible; TMMBot/0.2; +http://www.dslab.ch)/Nutch-1.15"
194.209.200.2 - - [17/Oct/2022:05:47:35 +0200] "GET /Admin/Jahresbericht HTTP/1.1" 200 45530 "-" "Mozilla/5.0 (compatible; TMMBot/0.2; +http://www.dslab.ch)/Nutch-1.15"
194.209.200.2 - - [17/Oct/2022:05:48:16 +0200] "GET /Texte/Limericks HTTP/1.1" 200 8087 "-" "Mozilla/5.0 (compatible; TMMBot/0.2; +http://www.dslab.ch)/Nutch-1.15"
194.209.200.2 - - [17/Oct/2022:05:48:24 +0200] "GET /Texte/Schrybwys HTTP/1.1" 200 11028 "-" "Mozilla/5.0 (compatible; TMMBot/0.2; +http://www.dslab.ch)/Nutch-1.15"
85.25.177.139 - - [17/Oct/2022:05:48:38 +0200] "GET /PodCast/Limerick30 HTTP/1.1" 200 8709 "-" "Mozilla/5.0 (Macintosh; Intel Mac OS X 10.15; rv:103.0) Gecko/20100101 Firefox/103.0"
66.249.76.196 - - [17/Oct/2022:05:50:09 +0200] "GET / HTTP/1.1" 200 15085 "-" "Mozilla/5.0 (Linux; Android 6.0.1; Nexus 5X Build/MMB29P) AppleWebKit/537.36 (KHTML, like Gecko) Chrome/106.0.5249.103 Mobile Safari/537.36 (compatible; Googlebot/2.1; +http://www.google.com/bot.html)"
194.209.200.2 - - [17/Oct/2022:05:50:22 +0200] "GET /Texte/GDicht HTTP/1.1" 200 8050 "-" "Mozilla/5.0 (compatible; TMMBot/0.2; +http://www.dslab.ch)/Nutch-1.15"
194.209.200.2 - - [17/Oct/2022:05:54:35 +0200] "GET /Admin/Pro-ZurituutschStatuten HTTP/1.1" 200 9580 "-" "Mozilla/5.0 (compatible; TMMBot/0.2; +http://www.dslab.ch)/Nutch-1.15"
85.25.177.139 - - [17/Oct/2022:05:54:52 +0200] "GET /robots.txt HTTP/1.1" 200 - "-" "Mozilla/5.0 (Macintosh; Intel Mac OS X 10.15; rv:103.0) Gecko/20100101 Firefox/103.0"
85.25.177.139 - - [17/Oct/2022:05:54:52 +0200] "GET /Site/192HouhsRech1509 HTTP/1.1" 200 21137 "-" "Mozilla/5.0 (Macintosh; Intel Mac OS X 10.15; rv:103.0) Gecko/20100101 Firefox/103.0"
85.25.177.139 - - [17/Oct/2022:05:55:26 +0200] "GET /PodCast/RURAkt2TIl3 HTTP/1.1" 200 22871 "-" "Mozilla/5.0 (Macintosh; Intel Mac OS X 10.15; rv:103.0) Gecko/20100101 Firefox/103.0"
85.25.177.139 - - [17/Oct/2022:05:57:44 +0200] "GET /Site/Abderhalde0Inhalt HTTP/1.1" 200 8436 "-" "Mozilla/5.0 (Macintosh; Intel Mac OS X 10.15; rv:103.0) Gecko/20100101 Firefox/103.0"
85.25.177.139 - - [17/Oct/2022:06:00:41 +0200] "GET /PodCast/SpruchTampoToummOuhsreedeVerwandt HTTP/1.1" 200 11685 "-" "Mozilla/5.0 (Macintosh; Intel Mac OS X 10.15; rv:103.0) Gecko/20100101 Firefox/103.0"
85.25.177.139 - - [17/Oct/2022:06:01:10 +0200] "GET /PodCast/Chouechetailet HTTP/1.1" 200 14480 "-" "Mozilla/5.0 (Macintosh; Intel Mac OS X 10.15; rv:103.0) Gecko/20100101 Firefox/103.0"
85.25.177.139 - - [17/Oct/2022:06:01:30 +0200] "GET /PodCast/Metamorfoose HTTP/1.1" 200 9584 "-" "Mozilla/5.0 (Macintosh; Intel Mac OS X 10.15; rv:103.0) Gecko/20100101 Firefox/103.0"
85.25.177.139 - - [17/Oct/2022:06:03:07 +0200] "GET /PodCast/Zugle HTTP/1.1" 200 19132 "-" "Mozilla/5.0 (Macintosh; Intel Mac OS X 10.15; rv:103.0) Gecko/20100101 Firefox/103.0"
40.77.167.55 - - [17/Oct/2022:06:04:49 +0200] "GET / HTTP/1.1" 200 15085 "-" "Mozilla/5.0 AppleWebKit/537.36 (KHTML, like Gecko; compatible; bingbot/2.0; +http://www.bing.com/bingbot.htm) Chrome/103.0.5060.134 Safari/537.36"
34.250.201.175 - - [17/Oct/2022:06:07:15 +0200] "GET / HTTP/1.1" 200 15085 "-" "Mozilla/5.0 (Macintosh; Intel Mac OS X 10.15; rv:81.0) Gecko/20100101 Firefox/81.0"
85.25.177.139 - - [17/Oct/2022:06:08:17 +0200] "GET /robots.txt HTTP/1.1" 200 - "-" "Mozilla/5.0 (Macintosh; Intel Mac OS X 10.15; rv:103.0) Gecko/20100101 Firefox/103.0"
85.25.177.139 - - [17/Oct/2022:06:08:17 +0200] "GET /PodCast/Hinkeljouged2 HTTP/1.1" 200 19600 "-" "Mozilla/5.0 (Macintosh; Intel Mac OS X 10.15; rv:103.0) Gecko/20100101 Firefox/103.0"
176.88.60.102 - - [17/Oct/2022:06:08:38 +0200] "GET /uploads/Texte/ZurSchreibweise.jpg HTTP/1.1" 200 90748 "-" "Python/3.8 aiohttp/3.8.1"
176.88.60.102 - - [17/Oct/2022:06:08:38 +0200] "GET /uploads/Texte/ZurSchreibweise.jpg HTTP/1.1" 200 90748 "-" "Python/3.8 aiohttp/3.8.1"
176.88.60.102 - - [17/Oct/2022:06:08:38 +0200] "GET /uploads/Texte/ZurSchreibweise.jpg HTTP/1.1" 200 90748 "-" "Python/3.8 aiohttp/3.8.1"
176.88.60.102 - - [17/Oct/2022:06:08:38 +0200] "GET /uploads/Texte/ZurSchreibweise.jpg HTTP/1.1" 200 90748 "-" "Python/3.8 aiohttp/3.8.1"
85.25.177.139 - - [17/Oct/2022:06:09:17 +0200] "GET /PodCast/Fanatiker HTTP/1.1" 200 8890 "-" "Mozilla/5.0 (Macintosh; Intel Mac OS X 10.15; rv:103.0) Gecko/20100101 Firefox/103.0"
85.25.177.139 - - [17/Oct/2022:06:09:41 +0200] "GET /PodCast/JBJKap1 HTTP/1.1" 200 21037 "-" "Mozilla/5.0 (Macintosh; Intel Mac OS X 10.15; rv:103.0) Gecko/20100101 Firefox/103.0"
85.25.177.139 - - [17/Oct/2022:06:11:34 +0200] "GET /Site/WGA4Gglinge HTTP/1.1" 200 18606 "-" "Mozilla/5.0 (Macintosh; Intel Mac OS X 10.15; rv:103.0) Gecko/20100101 Firefox/103.0"
66.249.76.222 - - [17/Oct/2022:06:16:02 +0200] "GET /PodCast/IndexPage?action=rss HTTP/1.1" 200 6298 "-" "Mozilla/5.0 (compatible; Googlebot/2.1; +http://www.google.com/bot.html)"
85.25.177.139 - - [17/Oct/2022:06:16:24 +0200] "GET /robots.txt HTTP/1.1" 200 - "-" "Mozilla/5.0 (Macintosh; Intel Mac OS X 10.15; rv:103.0) Gecko/20100101 Firefox/103.0"
85.25.177.139 - - [17/Oct/2022:06:16:25 +0200] "GET /Site/123Sitkouscht1482 HTTP/1.1" 200 15538 "-" "Mozilla/5.0 (Macintosh; Intel Mac OS X 10.15; rv:103.0) Gecko/20100101 Firefox/103.0"
185.83.144.103 - - [17/Oct/2022:06:16:58 +0200] "GET /phpinfo.php.bak HTTP/1.1" 404 281 "-" "Mozilla/5.0 (X11; Linux x86_64) AppleWebKit/537.36 (KHTML, like Gecko) Chrome/81.0.4044.129 Safari/537.36"
85.25.177.139 - - [17/Oct/2022:06:17:47 +0200] "GET /PodCast/JBJ401 HTTP/1.1" 200 20406 "-" "Mozilla/5.0 (Macintosh; Intel Mac OS X 10.15; rv:103.0) Gecko/20100101 Firefox/103.0"
34.207.208.15 - - [17/Oct/2022:06:20:18 +0200] "GET /PodCast/IndexPage?action=rss HTTP/1.1" 200 6298 "-" "PlayerFM/1.0 Podcast Sync (1 subscribers; url=https://player.fm/series/podcast-2872909)"
85.25.177.139 - - [17/Oct/2022:06:21:41 +0200] "GET /PodCast/JBJ302 HTTP/1.1" 200 15480 "-" "Mozilla/5.0 (Macintosh; Intel Mac OS X 10.15; rv:103.0) Gecko/20100101 Firefox/103.0"
85.25.177.139 - - [17/Oct/2022:06:26:28 +0200] "GET /robots.txt HTTP/1.1" 200 - "-" "Mozilla/5.0 (Macintosh; Intel Mac OS X 10.15; rv:103.0) Gecko/20100101 Firefox/103.0"
85.25.177.139 - - [17/Oct/2022:06:26:28 +0200] "GET /PodCast/Stuurchrieg HTTP/1.1" 200 12261 "-" "Mozilla/5.0 (Macintosh; Intel Mac OS X 10.15; rv:103.0) Gecko/20100101 Firefox/103.0"
194.209.200.2 - - [17/Oct/2022:06:28:45 +0200] "GET /robots.txt HTTP/1.1" 200 - "-" "Mozilla/5.0 (compatible; TMMBot/0.2; +http://www.dslab.ch)/Nutch-1.15"
194.209.200.2 - - [17/Oct/2022:06:28:45 +0200] "GET /Texte/Limericks HTTP/1.1" 200 8087 "-" "Mozilla/5.0 (compatible; TMMBot/0.2; +http://www.dslab.ch)/Nutch-1.15"
194.209.200.2 - - [17/Oct/2022:06:28:49 +0200] "GET /Texte/Schrybwys HTTP/1.1" 200 11028 "-" "Mozilla/5.0 (compatible; TMMBot/0.2; +http://www.dslab.ch)/Nutch-1.15"
85.25.177.139 - - [17/Oct/2022:06:29:39 +0200] "GET /PodCast/FrawimSchatte HTTP/1.1" 200 14992 "-" "Mozilla/5.0 (Macintosh; Intel Mac OS X 10.15; rv:103.0) Gecko/20100101 Firefox/103.0"
194.209.200.2 - - [17/Oct/2022:06:29:49 +0200] "GET /Texte/GDicht HTTP/1.1" 200 8050 "-" "Mozilla/5.0 (compatible; TMMBot/0.2; +http://www.dslab.ch)/Nutch-1.15"
4.231.224.67 - - [17/Oct/2022:06:30:55 +0200] "GET //vendor/phpunit/phpunit/phpunit.xsd HTTP/1.1" 404 300 "-" "Mozilla/5.0 (X11; Linux x86_64; rv:52.0) Gecko/20100101 Firefox/52.0"
194.209.200.2 - - [17/Oct/2022:06:32:18 +0200] "GET /Admin/Pro-ZurituutschStatuten HTTP/1.1" 200 9580 "-" "Mozilla/5.0 (compatible; TMMBot/0.2; +http://www.dslab.ch)/Nutch-1.15"
85.25.177.139 - - [17/Oct/2022:06:33:39 +0200] "GET /PodCast/Freuidechrafft HTTP/1.1" 200 17025 "-" "Mozilla/5.0 (Macintosh; Intel Mac OS X 10.15; rv:103.0) Gecko/20100101 Firefox/103.0"
85.25.177.139 - - [17/Oct/2022:06:37:57 +0200] "GET /robots.txt HTTP/1.1" 200 - "-" "Mozilla/5.0 (Macintosh; Intel Mac OS X 10.15; rv:103.0) Gecko/20100101 Firefox/103.0"
85.25.177.139 - - [17/Oct/2022:06:37:57 +0200] "GET /Site/152Konschtanz1485 HTTP/1.1" 200 21228 "-" "Mozilla/5.0 (Macintosh; Intel Mac OS X 10.15; rv:103.0) Gecko/20100101 Firefox/103.0"
