136.243.153.17 - - [13/Jun/2022:17:10:20 +0200] "GET /PodCast/Frueligsschwyge HTTP/1.1" 200 10289 "-" "serpstatbot/2.1 (advanced backlink tracking bot; https://serpstatbot.com/; abuse@serpstatbot.com)"
136.243.153.17 - - [13/Jun/2022:17:11:20 +0200] "GET /PodCast/Traktandelyschte HTTP/1.1" 200 9239 "-" "serpstatbot/2.1 (advanced backlink tracking bot; https://serpstatbot.com/; abuse@serpstatbot.com)"
136.243.153.17 - - [13/Jun/2022:17:12:26 +0200] "GET /PodCast/Verglych HTTP/1.1" 200 9163 "-" "serpstatbot/2.1 (advanced backlink tracking bot; https://serpstatbot.com/; abuse@serpstatbot.com)"
136.243.153.17 - - [13/Jun/2022:17:13:27 +0200] "GET /PodCast/Voorwort HTTP/1.1" 200 10874 "-" "serpstatbot/2.1 (advanced backlink tracking bot; https://serpstatbot.com/; abuse@serpstatbot.com)"
136.243.153.17 - - [13/Jun/2022:17:14:28 +0200] "GET /PodCast/WGA1Begaabig?action=edit HTTP/1.1" 404 18 "-" "serpstatbot/2.1 (advanced backlink tracking bot; https://serpstatbot.com/; abuse@serpstatbot.com)"
136.243.153.17 - - [13/Jun/2022:17:15:31 +0200] "GET /PodCast/WGA2Eergyz?action=edit HTTP/1.1" 404 18 "-" "serpstatbot/2.1 (advanced backlink tracking bot; https://serpstatbot.com/; abuse@serpstatbot.com)"
136.243.153.17 - - [13/Jun/2022:17:16:34 +0200] "GET /PodCast/WGA3FrejersfuSs?action=edit HTTP/1.1" 404 18 "-" "serpstatbot/2.1 (advanced backlink tracking bot; https://serpstatbot.com/; abuse@serpstatbot.com)"
136.243.153.17 - - [13/Jun/2022:17:17:33 +0200] "GET /PodCast/Wienechtsgschicht HTTP/1.1" 200 12139 "-" "serpstatbot/2.1 (advanced backlink tracking bot; https://serpstatbot.com/; abuse@serpstatbot.com)"
136.243.153.17 - - [13/Jun/2022:17:18:34 +0200] "GET /PodCast/Wortwaarte HTTP/1.1" 200 9483 "-" "serpstatbot/2.1 (advanced backlink tracking bot; https://serpstatbot.com/; abuse@serpstatbot.com)"
136.243.153.17 - - [13/Jun/2022:17:19:33 +0200] "GET /PodCast/Zwangsnaarig HTTP/1.1" 200 13078 "-" "serpstatbot/2.1 (advanced backlink tracking bot; https://serpstatbot.com/; abuse@serpstatbot.com)"
136.243.153.17 - - [13/Jun/2022:17:20:34 +0200] "GET /robots.txt HTTP/1.1" 200 - "-" "serpstatbot/2.1 (advanced backlink tracking bot; https://serpstatbot.com/; abuse@serpstatbot.com)"
136.243.153.17 - - [13/Jun/2022:17:20:34 +0200] "GET /PodCast/Tagigspricht HTTP/1.1" 200 8153 "-" "serpstatbot/2.1 (advanced backlink tracking bot; https://serpstatbot.com/; abuse@serpstatbot.com)"
136.243.153.17 - - [13/Jun/2022:17:21:09 +0200] "GET /PodCast/PodCast?action=diff HTTP/1.1" 403 18 "-" "serpstatbot/2.1 (advanced backlink tracking bot; https://serpstatbot.com/; abuse@serpstatbot.com)"
136.243.153.17 - - [13/Jun/2022:17:22:44 +0200] "GET /Texte/Metamorphoses?action=upload HTTP/1.1" 403 18 "-" "serpstatbot/2.1 (advanced backlink tracking bot; https://serpstatbot.com/; abuse@serpstatbot.com)"
50.116.52.70 - - [13/Jun/2022:17:22:59 +0200] "GET /PodCast/IndexPage?action=rss HTTP/1.1" 200 6298 "-" "PlayerFM/1.0 Podcast Sync (1 subscribers; url=https://player.fm/series/podcast-2872909)"
136.243.153.17 - - [13/Jun/2022:17:23:53 +0200] "GET /Texte/Metamorphoses?action=diff HTTP/1.1" 403 18 "-" "serpstatbot/2.1 (advanced backlink tracking bot; https://serpstatbot.com/; abuse@serpstatbot.com)"
136.243.153.17 - - [13/Jun/2022:17:25:00 +0200] "GET /Texte/Limericks?action=upload HTTP/1.1" 403 18 "-" "serpstatbot/2.1 (advanced backlink tracking bot; https://serpstatbot.com/; abuse@serpstatbot.com)"
136.243.153.17 - - [13/Jun/2022:17:26:06 +0200] "GET /Texte/Limericks?action=print HTTP/1.1" 403 18 "-" "serpstatbot/2.1 (advanced backlink tracking bot; https://serpstatbot.com/; abuse@serpstatbot.com)"
136.243.153.17 - - [13/Jun/2022:17:27:09 +0200] "GET /Texte/Limericks?action=edit HTTP/1.1" 403 18 "-" "serpstatbot/2.1 (advanced backlink tracking bot; https://serpstatbot.com/; abuse@serpstatbot.com)"
185.191.171.11 - - [13/Jun/2022:17:27:13 +0200] "GET /robots.txt HTTP/1.1" 200 - "-" "Mozilla/5.0 (compatible; SemrushBot/7~bl; +http://www.semrush.com/bot.html)"
185.191.171.24 - - [13/Jun/2022:17:27:14 +0200] "GET /PmWikiFr/IndexDocAdmin?action=upload HTTP/1.1" 403 18 "-" "Mozilla/5.0 (compatible; SemrushBot/7~bl; +http://www.semrush.com/bot.html)"
136.243.153.17 - - [13/Jun/2022:17:28:12 +0200] "GET /PodCast/PodCast?action=edit HTTP/1.1" 403 18 "-" "serpstatbot/2.1 (advanced backlink tracking bot; https://serpstatbot.com/; abuse@serpstatbot.com)"
194.209.200.2 - - [13/Jun/2022:17:29:42 +0200] "GET /robots.txt HTTP/1.1" 200 - "-" "Mozilla/5.0 (compatible; TMMBot/0.2; +http://www.dslab.ch)/Nutch-1.15"
194.209.200.2 - - [13/Jun/2022:17:29:42 +0200] "GET /Texte/ZurcherischEnglish HTTP/1.1" 200 8274 "-" "Mozilla/5.0 (compatible; TMMBot/0.2; +http://www.dslab.ch)/Nutch-1.15"
136.243.153.17 - - [13/Jun/2022:17:30:10 +0200] "GET /PodCast/111Stans1481?action=edit HTTP/1.1" 404 18 "-" "serpstatbot/2.1 (advanced backlink tracking bot; https://serpstatbot.com/; abuse@serpstatbot.com)"
23.101.125.6 - - [13/Jun/2022:17:30:26 +0200] "GET /error HTTP/1.1" 404 271 "-" "Mozilla/5.0 (Windows NT 6.1) AppleWebKit/537.36 (KHTML, like Gecko) Chrome/27.0.1453.93 Safari/537.36"
23.101.125.6 - - [13/Jun/2022:17:30:27 +0200] "GET /.aws/credentials HTTP/1.1" 404 264 "-" "Mozilla/5.0 (Windows NT 6.1) AppleWebKit/537.36 (KHTML, like Gecko) Chrome/27.0.1453.93 Safari/537.36"
23.101.125.6 - - [13/Jun/2022:17:30:32 +0200] "GET /.aws/config HTTP/1.1" 404 264 "-" "Mozilla/5.0 (Windows NT 6.1) AppleWebKit/537.36 (KHTML, like Gecko) Chrome/27.0.1453.93 Safari/537.36"
23.101.125.6 - - [13/Jun/2022:17:30:33 +0200] "GET /account_config.json HTTP/1.1" 404 285 "-" "Mozilla/5.0 (Windows NT 6.1) AppleWebKit/537.36 (KHTML, like Gecko) Chrome/27.0.1453.93 Safari/537.36"
23.101.125.6 - - [13/Jun/2022:17:30:33 +0200] "GET /app.json HTTP/1.1" 404 274 "-" "Mozilla/5.0 (Windows NT 6.1) AppleWebKit/537.36 (KHTML, like Gecko) Chrome/27.0.1453.93 Safari/537.36"
23.101.125.6 - - [13/Jun/2022:17:30:34 +0200] "GET /aws.json HTTP/1.1" 404 274 "-" "Mozilla/5.0 (Windows NT 6.1) AppleWebKit/537.36 (KHTML, like Gecko) Chrome/27.0.1453.93 Safari/537.36"
23.101.125.6 - - [13/Jun/2022:17:30:35 +0200] "GET /aws/main.json HTTP/1.1" 404 279 "-" "Mozilla/5.0 (Windows NT 6.1) AppleWebKit/537.36 (KHTML, like Gecko) Chrome/27.0.1453.93 Safari/537.36"
23.101.125.6 - - [13/Jun/2022:17:30:36 +0200] "GET /main.json HTTP/1.1" 404 275 "-" "Mozilla/5.0 (Windows NT 6.1) AppleWebKit/537.36 (KHTML, like Gecko) Chrome/27.0.1453.93 Safari/537.36"
23.101.125.6 - - [13/Jun/2022:17:30:36 +0200] "GET /config.json HTTP/1.1" 404 277 "-" "Mozilla/5.0 (Windows NT 6.1) AppleWebKit/537.36 (KHTML, like Gecko) Chrome/27.0.1453.93 Safari/537.36"
23.101.125.6 - - [13/Jun/2022:17:30:37 +0200] "GET /config/config.json HTTP/1.1" 404 284 "-" "Mozilla/5.0 (Windows NT 6.1) AppleWebKit/537.36 (KHTML, like Gecko) Chrome/27.0.1453.93 Safari/537.36"
23.101.125.6 - - [13/Jun/2022:17:30:37 +0200] "GET /config/aws.json HTTP/1.1" 404 281 "-" "Mozilla/5.0 (Windows NT 6.1) AppleWebKit/537.36 (KHTML, like Gecko) Chrome/27.0.1453.93 Safari/537.36"
23.101.125.6 - - [13/Jun/2022:17:30:38 +0200] "GET /config/settings.json HTTP/1.1" 404 286 "-" "Mozilla/5.0 (Windows NT 6.1) AppleWebKit/537.36 (KHTML, like Gecko) Chrome/27.0.1453.93 Safari/537.36"
23.101.125.6 - - [13/Jun/2022:17:30:38 +0200] "GET /node/config.json HTTP/1.1" 404 282 "-" "Mozilla/5.0 (Windows NT 6.1) AppleWebKit/537.36 (KHTML, like Gecko) Chrome/27.0.1453.93 Safari/537.36"
23.101.125.6 - - [13/Jun/2022:17:30:43 +0200] "GET /app/config.json HTTP/1.1" 404 281 "-" "Mozilla/5.0 (Windows NT 6.1) AppleWebKit/537.36 (KHTML, like Gecko) Chrome/27.0.1453.93 Safari/537.36"
23.101.125.6 - - [13/Jun/2022:17:30:49 +0200] "GET /server/config.json HTTP/1.1" 404 284 "-" "Mozilla/5.0 (Windows NT 6.1) AppleWebKit/537.36 (KHTML, like Gecko) Chrome/27.0.1453.93 Safari/537.36"
23.101.125.6 - - [13/Jun/2022:17:30:53 +0200] "GET /server/aws.json HTTP/1.1" 404 281 "-" "Mozilla/5.0 (Windows NT 6.1) AppleWebKit/537.36 (KHTML, like Gecko) Chrome/27.0.1453.93 Safari/537.36"
23.101.125.6 - - [13/Jun/2022:17:30:54 +0200] "GET /dev/config.json HTTP/1.1" 404 281 "-" "Mozilla/5.0 (Windows NT 6.1) AppleWebKit/537.36 (KHTML, like Gecko) Chrome/27.0.1453.93 Safari/537.36"
23.101.125.6 - - [13/Jun/2022:17:30:54 +0200] "GET /settings.yml HTTP/1.1" 404 278 "-" "Mozilla/5.0 (Windows NT 6.1) AppleWebKit/537.36 (KHTML, like Gecko) Chrome/27.0.1453.93 Safari/537.36"
23.101.125.6 - - [13/Jun/2022:17:30:54 +0200] "GET /aws.yml HTTP/1.1" 404 273 "-" "Mozilla/5.0 (Windows NT 6.1) AppleWebKit/537.36 (KHTML, like Gecko) Chrome/27.0.1453.93 Safari/537.36"
23.101.125.6 - - [13/Jun/2022:17:30:55 +0200] "GET /config.yml HTTP/1.1" 404 276 "-" "Mozilla/5.0 (Windows NT 6.1) AppleWebKit/537.36 (KHTML, like Gecko) Chrome/27.0.1453.93 Safari/537.36"
23.101.125.6 - - [13/Jun/2022:17:30:55 +0200] "GET /parameters.yml HTTP/1.1" 404 280 "-" "Mozilla/5.0 (Windows NT 6.1) AppleWebKit/537.36 (KHTML, like Gecko) Chrome/27.0.1453.93 Safari/537.36"
23.101.125.6 - - [13/Jun/2022:17:30:55 +0200] "GET /configuration.yml HTTP/1.1" 404 283 "-" "Mozilla/5.0 (Windows NT 6.1) AppleWebKit/537.36 (KHTML, like Gecko) Chrome/27.0.1453.93 Safari/537.36"
23.101.125.6 - - [13/Jun/2022:17:30:55 +0200] "GET /storage.yml HTTP/1.1" 404 277 "-" "Mozilla/5.0 (Windows NT 6.1) AppleWebKit/537.36 (KHTML, like Gecko) Chrome/27.0.1453.93 Safari/537.36"
23.101.125.6 - - [13/Jun/2022:17:30:56 +0200] "GET /config/aws.yml HTTP/1.1" 404 280 "-" "Mozilla/5.0 (Windows NT 6.1) AppleWebKit/537.36 (KHTML, like Gecko) Chrome/27.0.1453.93 Safari/537.36"
23.101.125.6 - - [13/Jun/2022:17:30:56 +0200] "GET /app/config/config.yml HTTP/1.1" 404 287 "-" "Mozilla/5.0 (Windows NT 6.1) AppleWebKit/537.36 (KHTML, like Gecko) Chrome/27.0.1453.93 Safari/537.36"
23.101.125.6 - - [13/Jun/2022:17:30:56 +0200] "GET /app/config/parameters.yml HTTP/1.1" 404 291 "-" "Mozilla/5.0 (Windows NT 6.1) AppleWebKit/537.36 (KHTML, like Gecko) Chrome/27.0.1453.93 Safari/537.36"
23.101.125.6 - - [13/Jun/2022:17:30:57 +0200] "GET /config/configuration.yml HTTP/1.1" 404 290 "-" "Mozilla/5.0 (Windows NT 6.1) AppleWebKit/537.36 (KHTML, like Gecko) Chrome/27.0.1453.93 Safari/537.36"
23.101.125.6 - - [13/Jun/2022:17:30:57 +0200] "GET /config/storage.yml HTTP/1.1" 404 284 "-" "Mozilla/5.0 (Windows NT 6.1) AppleWebKit/537.36 (KHTML, like Gecko) Chrome/27.0.1453.93 Safari/537.36"
23.101.125.6 - - [13/Jun/2022:17:30:58 +0200] "GET /config/config.yml HTTP/1.1" 404 283 "-" "Mozilla/5.0 (Windows NT 6.1) AppleWebKit/537.36 (KHTML, like Gecko) Chrome/27.0.1453.93 Safari/537.36"
23.101.125.6 - - [13/Jun/2022:17:30:58 +0200] "GET /app/config/config.xml HTTP/1.1" 404 287 "-" "Mozilla/5.0 (Windows NT 6.1) AppleWebKit/537.36 (KHTML, like Gecko) Chrome/27.0.1453.93 Safari/537.36"
23.101.125.6 - - [13/Jun/2022:17:30:59 +0200] "GET /app/etc/config.xml HTTP/1.1" 404 284 "-" "Mozilla/5.0 (Windows NT 6.1) AppleWebKit/537.36 (KHTML, like Gecko) Chrome/27.0.1453.93 Safari/537.36"
23.101.125.6 - - [13/Jun/2022:17:30:59 +0200] "GET /config/config.xml HTTP/1.1" 404 283 "-" "Mozilla/5.0 (Windows NT 6.1) AppleWebKit/537.36 (KHTML, like Gecko) Chrome/27.0.1453.93 Safari/537.36"
23.101.125.6 - - [13/Jun/2022:17:30:59 +0200] "GET /phpinfo HTTP/1.1" 404 273 "-" "Mozilla/5.0 (Windows NT 6.1) AppleWebKit/537.36 (KHTML, like Gecko) Chrome/27.0.1453.93 Safari/537.36"
23.101.125.6 - - [13/Jun/2022:17:31:00 +0200] "GET /phpinfo.php HTTP/1.1" 404 277 "-" "Mozilla/5.0 (Windows NT 6.1) AppleWebKit/537.36 (KHTML, like Gecko) Chrome/27.0.1453.93 Safari/537.36"
23.101.125.6 - - [13/Jun/2022:17:31:00 +0200] "GET /info.php HTTP/1.1" 404 274 "-" "Mozilla/5.0 (Windows NT 6.1) AppleWebKit/537.36 (KHTML, like Gecko) Chrome/27.0.1453.93 Safari/537.36"
23.101.125.6 - - [13/Jun/2022:17:31:05 +0200] "GET /_profiler/phpinfo HTTP/1.1" 302 168 "-" "Mozilla/5.0 (Windows NT 6.1) AppleWebKit/537.36 (KHTML, like Gecko) Chrome/27.0.1453.93 Safari/537.36"
23.101.125.6 - - [13/Jun/2022:17:31:11 +0200] "GET /Profiler/Phpinfo HTTP/1.1" 404 8199 "-" "Mozilla/5.0 (Windows NT 6.1) AppleWebKit/537.36 (KHTML, like Gecko) Chrome/27.0.1453.93 Safari/537.36"
136.243.153.17 - - [13/Jun/2022:17:31:14 +0200] "GET /PodCast/112Stans1481?action=edit HTTP/1.1" 404 18 "-" "serpstatbot/2.1 (advanced backlink tracking bot; https://serpstatbot.com/; abuse@serpstatbot.com)"
23.101.125.6 - - [13/Jun/2022:17:31:16 +0200] "GET /test.php HTTP/1.1" 404 274 "-" "Mozilla/5.0 (Windows NT 6.1) AppleWebKit/537.36 (KHTML, like Gecko) Chrome/27.0.1453.93 Safari/537.36"
23.101.125.6 - - [13/Jun/2022:17:31:22 +0200] "GET /php.php HTTP/1.1" 404 273 "-" "Mozilla/5.0 (Windows NT 6.1) AppleWebKit/537.36 (KHTML, like Gecko) Chrome/27.0.1453.93 Safari/537.36"
23.101.125.6 - - [13/Jun/2022:17:31:26 +0200] "GET /dev/phpinfo HTTP/1.1" 404 277 "-" "Mozilla/5.0 (Windows NT 6.1) AppleWebKit/537.36 (KHTML, like Gecko) Chrome/27.0.1453.93 Safari/537.36"
23.101.125.6 - - [13/Jun/2022:17:31:27 +0200] "GET /dev/phpinfo.php HTTP/1.1" 404 281 "-" "Mozilla/5.0 (Windows NT 6.1) AppleWebKit/537.36 (KHTML, like Gecko) Chrome/27.0.1453.93 Safari/537.36"
23.101.125.6 - - [13/Jun/2022:17:31:27 +0200] "GET /dev/info.php HTTP/1.1" 404 278 "-" "Mozilla/5.0 (Windows NT 6.1) AppleWebKit/537.36 (KHTML, like Gecko) Chrome/27.0.1453.93 Safari/537.36"
23.101.125.6 - - [13/Jun/2022:17:31:28 +0200] "GET /admin/phpinfo.php HTTP/1.1" 404 283 "-" "Mozilla/5.0 (Windows NT 6.1) AppleWebKit/537.36 (KHTML, like Gecko) Chrome/27.0.1453.93 Safari/537.36"
23.101.125.6 - - [13/Jun/2022:17:31:28 +0200] "GET /admin/info.php HTTP/1.1" 404 280 "-" "Mozilla/5.0 (Windows NT 6.1) AppleWebKit/537.36 (KHTML, like Gecko) Chrome/27.0.1453.93 Safari/537.36"
23.101.125.6 - - [13/Jun/2022:17:31:28 +0200] "GET /app/.env HTTP/1.1" 404 274 "-" "Mozilla/5.0 (Windows NT 6.1) AppleWebKit/537.36 (KHTML, like Gecko) Chrome/27.0.1453.93 Safari/537.36"
23.101.125.6 - - [13/Jun/2022:17:31:29 +0200] "GET /api/.env HTTP/1.1" 404 274 "-" "Mozilla/5.0 (Windows NT 6.1) AppleWebKit/537.36 (KHTML, like Gecko) Chrome/27.0.1453.93 Safari/537.36"
23.101.125.6 - - [13/Jun/2022:17:31:29 +0200] "GET /backend/.env HTTP/1.1" 404 278 "-" "Mozilla/5.0 (Windows NT 6.1) AppleWebKit/537.36 (KHTML, like Gecko) Chrome/27.0.1453.93 Safari/537.36"
23.101.125.6 - - [13/Jun/2022:17:31:29 +0200] "GET /public/.env HTTP/1.1" 404 277 "-" "Mozilla/5.0 (Windows NT 6.1) AppleWebKit/537.36 (KHTML, like Gecko) Chrome/27.0.1453.93 Safari/537.36"
23.101.125.6 - - [13/Jun/2022:17:31:30 +0200] "GET /config/initializers/aws.rb HTTP/1.1" 404 292 "-" "Mozilla/5.0 (Windows NT 6.1) AppleWebKit/537.36 (KHTML, like Gecko) Chrome/27.0.1453.93 Safari/537.36"
23.101.125.6 - - [13/Jun/2022:17:31:30 +0200] "GET /.pallet/services/aws.clj HTTP/1.1" 404 264 "-" "Mozilla/5.0 (Windows NT 6.1) AppleWebKit/537.36 (KHTML, like Gecko) Chrome/27.0.1453.93 Safari/537.36"
23.101.125.6 - - [13/Jun/2022:17:31:30 +0200] "GET /.env HTTP/1.1" 404 264 "-" "Mozilla/5.0 (Windows NT 6.1) AppleWebKit/537.36 (KHTML, like Gecko) Chrome/27.0.1453.93 Safari/537.36"
23.101.125.6 - - [13/Jun/2022:17:31:35 +0200] "GET /admin/.env HTTP/1.1" 404 276 "-" "Mozilla/5.0 (Windows NT 6.1) AppleWebKit/537.36 (KHTML, like Gecko) Chrome/27.0.1453.93 Safari/537.36"
23.101.125.6 - - [13/Jun/2022:17:31:41 +0200] "POST / HTTP/1.1" 200 14638 "-" "Mozilla/5.0 (Windows NT 5.1) AppleWebKit/537.36 (KHTML, like Gecko) Chrome/34.0.1866.237 Safari/537.36"
136.243.153.17 - - [13/Jun/2022:17:32:17 +0200] "GET /PodCast/121Sitkouscht1482?action=edit HTTP/1.1" 404 18 "-" "serpstatbot/2.1 (advanced backlink tracking bot; https://serpstatbot.com/; abuse@serpstatbot.com)"
194.209.200.2 - - [13/Jun/2022:17:32:33 +0200] "GET /Texte/ArsAmatoria HTTP/1.1" 200 12369 "-" "Mozilla/5.0 (compatible; TMMBot/0.2; +http://www.dslab.ch)/Nutch-1.15"
136.243.153.17 - - [13/Jun/2022:17:33:17 +0200] "GET /PodCast/123Sitkouscht1482?action=edit HTTP/1.1" 404 18 "-" "serpstatbot/2.1 (advanced backlink tracking bot; https://serpstatbot.com/; abuse@serpstatbot.com)"
136.243.153.17 - - [13/Jun/2022:17:34:19 +0200] "GET /PodCast/Finanzsischteem HTTP/1.1" 200 8192 "-" "serpstatbot/2.1 (advanced backlink tracking bot; https://serpstatbot.com/; abuse@serpstatbot.com)"
136.243.153.17 - - [13/Jun/2022:17:35:20 +0200] "GET /PodCast/Gagetail HTTP/1.1" 200 8688 "-" "serpstatbot/2.1 (advanced backlink tracking bot; https://serpstatbot.com/; abuse@serpstatbot.com)"
194.209.200.2 - - [13/Jun/2022:17:35:32 +0200] "GET / HTTP/1.1" 200 14638 "-" "Mozilla/5.0 (compatible; TMMBot/0.2; +http://www.dslab.ch)/Nutch-1.15"
194.209.200.2 - - [13/Jun/2022:17:36:19 +0200] "GET /Texte/Bitterbeuhsi HTTP/1.1" 200 9255 "-" "Mozilla/5.0 (compatible; TMMBot/0.2; +http://www.dslab.ch)/Nutch-1.15"
136.243.153.17 - - [13/Jun/2022:17:36:22 +0200] "GET /Tessynfaart/Tessynfaart HTTP/1.1" 200 8456 "-" "serpstatbot/2.1 (advanced backlink tracking bot; https://serpstatbot.com/; abuse@serpstatbot.com)"
194.209.200.2 - - [13/Jun/2022:17:36:30 +0200] "GET /Gast/Podcast HTTP/1.1" 200 8106 "-" "Mozilla/5.0 (compatible; TMMBot/0.2; +http://www.dslab.ch)/Nutch-1.15"
136.243.153.17 - - [13/Jun/2022:17:37:24 +0200] "GET /PodCast/700Buezerleuh?action=diff HTTP/1.1" 403 18 "-" "serpstatbot/2.1 (advanced backlink tracking bot; https://serpstatbot.com/; abuse@serpstatbot.com)"
136.243.153.17 - - [13/Jun/2022:17:38:21 +0200] "GET /PodCast/Missbrouhch?action=diff HTTP/1.1" 403 18 "-" "serpstatbot/2.1 (advanced backlink tracking bot; https://serpstatbot.com/; abuse@serpstatbot.com)"
136.243.153.17 - - [13/Jun/2022:17:39:20 +0200] "GET /PodCast/Amor?action=edit HTTP/1.1" 403 18 "-" "serpstatbot/2.1 (advanced backlink tracking bot; https://serpstatbot.com/; abuse@serpstatbot.com)"
136.243.153.17 - - [13/Jun/2022:17:40:21 +0200] "GET /PodCast/Amor?action=print HTTP/1.1" 403 18 "-" "serpstatbot/2.1 (advanced backlink tracking bot; https://serpstatbot.com/; abuse@serpstatbot.com)"
136.243.153.17 - - [13/Jun/2022:17:41:22 +0200] "GET /PodCast/Amor?action=upload HTTP/1.1" 403 18 "-" "serpstatbot/2.1 (advanced backlink tracking bot; https://serpstatbot.com/; abuse@serpstatbot.com)"
136.243.153.17 - - [13/Jun/2022:17:42:22 +0200] "GET /PodCast/Apschlouss?action=diff HTTP/1.1" 403 18 "-" "serpstatbot/2.1 (advanced backlink tracking bot; https://serpstatbot.com/; abuse@serpstatbot.com)"
136.243.153.17 - - [13/Jun/2022:17:43:25 +0200] "GET /PodCast/Apschlouss?action=edit HTTP/1.1" 403 18 "-" "serpstatbot/2.1 (advanced backlink tracking bot; https://serpstatbot.com/; abuse@serpstatbot.com)"
136.243.153.17 - - [13/Jun/2022:17:44:25 +0200] "GET /PodCast/Apschlouss?action=print HTTP/1.1" 403 18 "-" "serpstatbot/2.1 (advanced backlink tracking bot; https://serpstatbot.com/; abuse@serpstatbot.com)"
136.243.153.17 - - [13/Jun/2022:17:45:24 +0200] "GET /PodCast/Apschlouss?action=upload HTTP/1.1" 403 18 "-" "serpstatbot/2.1 (advanced backlink tracking bot; https://serpstatbot.com/; abuse@serpstatbot.com)"
136.243.153.17 - - [13/Jun/2022:17:46:22 +0200] "GET /PodCast/Bachtelberg?action=diff HTTP/1.1" 403 18 "-" "serpstatbot/2.1 (advanced backlink tracking bot; https://serpstatbot.com/; abuse@serpstatbot.com)"
136.243.153.17 - - [13/Jun/2022:17:47:25 +0200] "GET /PodCast/Bachtelberg?action=edit HTTP/1.1" 403 18 "-" "serpstatbot/2.1 (advanced backlink tracking bot; https://serpstatbot.com/; abuse@serpstatbot.com)"
136.243.153.17 - - [13/Jun/2022:17:48:23 +0200] "GET /PodCast/Bachtelberg?action=print HTTP/1.1" 403 18 "-" "serpstatbot/2.1 (advanced backlink tracking bot; https://serpstatbot.com/; abuse@serpstatbot.com)"
3.219.254.95 - - [13/Jun/2022:17:49:04 +0200] "GET /PodCast/IndexPage?action=rss HTTP/1.1" 200 6298 "-" "PocketCasts/1.0 (Pocket Casts Feed Parser; +http://pocketcasts.com/)"
136.243.153.17 - - [13/Jun/2022:17:49:23 +0200] "GET /PodCast/Bachtelberg?action=upload HTTP/1.1" 403 18 "-" "serpstatbot/2.1 (advanced backlink tracking bot; https://serpstatbot.com/; abuse@serpstatbot.com)"
136.243.153.17 - - [13/Jun/2022:17:50:25 +0200] "GET /PodCast/Bankett?action=diff HTTP/1.1" 403 18 "-" "serpstatbot/2.1 (advanced backlink tracking bot; https://serpstatbot.com/; abuse@serpstatbot.com)"
66.249.64.22 - - [13/Jun/2022:17:50:37 +0200] "GET /PodCast/IndexPage?action=rss HTTP/1.1" 200 6298 "-" "Mozilla/5.0 (compatible; Googlebot/2.1; +http://www.google.com/bot.html)"
136.243.153.17 - - [13/Jun/2022:17:51:22 +0200] "GET /PodCast/Bankett?action=edit HTTP/1.1" 403 18 "-" "serpstatbot/2.1 (advanced backlink tracking bot; https://serpstatbot.com/; abuse@serpstatbot.com)"
136.243.153.17 - - [13/Jun/2022:17:52:21 +0200] "GET /PodCast/Bankett?action=print HTTP/1.1" 403 18 "-" "serpstatbot/2.1 (advanced backlink tracking bot; https://serpstatbot.com/; abuse@serpstatbot.com)"
185.191.171.4 - - [13/Jun/2022:17:53:10 +0200] "GET /PmWikiFr/WikiStyleColors?action=edit HTTP/1.1" 403 18 "-" "Mozilla/5.0 (compatible; SemrushBot/7~bl; +http://www.semrush.com/bot.html)"
136.243.153.17 - - [13/Jun/2022:17:53:18 +0200] "GET /PodCast/Bankett?action=upload HTTP/1.1" 403 18 "-" "serpstatbot/2.1 (advanced backlink tracking bot; https://serpstatbot.com/; abuse@serpstatbot.com)"
136.243.153.17 - - [13/Jun/2022:17:53:50 +0200] "GET /PodCast/Abderhalde0Inhalt?action=edit HTTP/1.1" 404 18 "-" "serpstatbot/2.1 (advanced backlink tracking bot; https://serpstatbot.com/; abuse@serpstatbot.com)"
136.243.153.17 - - [13/Jun/2022:17:55:24 +0200] "GET /PodCast/43Fasnacht?action=edit HTTP/1.1" 404 18 "-" "serpstatbot/2.1 (advanced backlink tracking bot; https://serpstatbot.com/; abuse@serpstatbot.com)"
185.191.171.39 - - [13/Jun/2022:17:56:30 +0200] "GET /PmWikiDe/PmWikiDe?action=diff HTTP/1.1" 403 18 "-" "Mozilla/5.0 (compatible; SemrushBot/7~bl; +http://www.semrush.com/bot.html)"
136.243.153.17 - - [13/Jun/2022:17:56:38 +0200] "GET /PodCast/51Trouttike?action=edit HTTP/1.1" 404 18 "-" "serpstatbot/2.1 (advanced backlink tracking bot; https://serpstatbot.com/; abuse@serpstatbot.com)"
136.243.153.17 - - [13/Jun/2022:17:57:49 +0200] "GET /PodCast/52GsprUhch?action=edit HTTP/1.1" 404 18 "-" "serpstatbot/2.1 (advanced backlink tracking bot; https://serpstatbot.com/; abuse@serpstatbot.com)"
185.191.171.25 - - [13/Jun/2022:17:58:22 +0200] "GET /PmWikiFr/PolitiqueDeTraduction?action=print HTTP/1.1" 403 18 "-" "Mozilla/5.0 (compatible; SemrushBot/7~bl; +http://www.semrush.com/bot.html)"
54.36.148.216 - - [13/Jun/2022:17:58:31 +0200] "GET /PmWikiTa HTTP/1.1" 302 169 "-" "Mozilla/5.0 (compatible; AhrefsBot/7.0; +http://ahrefs.com/robot/)"
136.243.153.17 - - [13/Jun/2022:17:59:02 +0200] "GET /PodCast/61Sanggale1465?action=edit HTTP/1.1" 404 18 "-" "serpstatbot/2.1 (advanced backlink tracking bot; https://serpstatbot.com/; abuse@serpstatbot.com)"
194.38.20.161 - - [13/Jun/2022:17:59:47 +0200] "GET /files/index.php?file=tf2rghf.jpg HTTP/1.1" 404 281 "-" "ALittle Client"
136.243.153.17 - - [13/Jun/2022:18:00:10 +0200] "GET /PodCast/62Mulhouse1468?action=edit HTTP/1.1" 404 18 "-" "serpstatbot/2.1 (advanced backlink tracking bot; https://serpstatbot.com/; abuse@serpstatbot.com)"
136.243.153.17 - - [13/Jun/2022:18:01:20 +0200] "GET /PodCast/63Frawmeuischter1470?action=edit HTTP/1.1" 404 18 "-" "serpstatbot/2.1 (advanced backlink tracking bot; https://serpstatbot.com/; abuse@serpstatbot.com)"
136.243.153.17 - - [13/Jun/2022:18:02:29 +0200] "GET /PodCast/SonTt1?action=edit HTTP/1.1" 404 18 "-" "serpstatbot/2.1 (advanced backlink tracking bot; https://serpstatbot.com/; abuse@serpstatbot.com)"
136.243.153.17 - - [13/Jun/2022:18:03:38 +0200] "GET /PodCast/PodCast?action=print HTTP/1.1" 403 18 "-" "serpstatbot/2.1 (advanced backlink tracking bot; https://serpstatbot.com/; abuse@serpstatbot.com)"
194.209.200.2 - - [13/Jun/2022:18:04:03 +0200] "GET /robots.txt HTTP/1.1" 200 - "-" "Mozilla/5.0 (compatible; TMMBot/0.2; +http://www.dslab.ch)/Nutch-1.15"
194.209.200.2 - - [13/Jun/2022:18:04:03 +0200] "GET /Texte/ZurcherischEnglish HTTP/1.1" 200 8274 "-" "Mozilla/5.0 (compatible; TMMBot/0.2; +http://www.dslab.ch)/Nutch-1.15"
136.243.153.17 - - [13/Jun/2022:18:04:47 +0200] "GET /PodCast/42Fasnacht1455?action=edit HTTP/1.1" 404 18 "-" "serpstatbot/2.1 (advanced backlink tracking bot; https://serpstatbot.com/; abuse@serpstatbot.com)"
185.191.171.43 - - [13/Jun/2022:18:05:06 +0200] "GET /PmWikiRu/Uploads HTTP/1.1" 200 17376 "-" "Mozilla/5.0 (compatible; SemrushBot/7~bl; +http://www.semrush.com/bot.html)"
194.209.200.2 - - [13/Jun/2022:18:05:21 +0200] "GET /Admin/Jahresbericht HTTP/1.1" 200 45530 "-" "Mozilla/5.0 (compatible; TMMBot/0.2; +http://www.dslab.ch)/Nutch-1.15"
136.243.153.17 - - [13/Jun/2022:18:05:55 +0200] "GET /PodCast/71Mourte1476?action=edit HTTP/1.1" 404 18 "-" "serpstatbot/2.1 (advanced backlink tracking bot; https://serpstatbot.com/; abuse@serpstatbot.com)"
194.209.200.2 - - [13/Jun/2022:18:06:31 +0200] "GET /Texte/ArsAmatoria HTTP/1.1" 200 12369 "-" "Mozilla/5.0 (compatible; TMMBot/0.2; +http://www.dslab.ch)/Nutch-1.15"
185.191.171.2 - - [13/Jun/2022:18:07:03 +0200] "GET /PmWikiDe/PageDirectives?action=print HTTP/1.1" 403 18 "-" "Mozilla/5.0 (compatible; SemrushBot/7~bl; +http://www.semrush.com/bot.html)"
136.243.153.17 - - [13/Jun/2022:18:07:04 +0200] "GET /PodCast/72Mourte1476?action=edit HTTP/1.1" 404 18 "-" "serpstatbot/2.1 (advanced backlink tracking bot; https://serpstatbot.com/; abuse@serpstatbot.com)"
194.209.200.2 - - [13/Jun/2022:18:09:14 +0200] "GET /Admin/Pro-ZurituutschStatuten HTTP/1.1" 200 9580 "-" "Mozilla/5.0 (compatible; TMMBot/0.2; +http://www.dslab.ch)/Nutch-1.15"
194.209.200.2 - - [13/Jun/2022:18:09:18 +0200] "GET / HTTP/1.1" 200 14638 "-" "Mozilla/5.0 (compatible; TMMBot/0.2; +http://www.dslab.ch)/Nutch-1.15"
136.243.153.17 - - [13/Jun/2022:18:09:19 +0200] "GET /PodCast/Eidsprofulaxe?action=diff HTTP/1.1" 403 18 "-" "serpstatbot/2.1 (advanced backlink tracking bot; https://serpstatbot.com/; abuse@serpstatbot.com)"
194.209.200.2 - - [13/Jun/2022:18:10:03 +0200] "GET /Texte/Bitterbeuhsi HTTP/1.1" 200 9255 "-" "Mozilla/5.0 (compatible; TMMBot/0.2; +http://www.dslab.ch)/Nutch-1.15"
194.209.200.2 - - [13/Jun/2022:18:10:14 +0200] "GET /Gast/Podcast HTTP/1.1" 200 8106 "-" "Mozilla/5.0 (compatible; TMMBot/0.2; +http://www.dslab.ch)/Nutch-1.15"
136.243.153.17 - - [13/Jun/2022:18:10:21 +0200] "GET /PodCast/Styluebige?action=upload HTTP/1.1" 403 18 "-" "serpstatbot/2.1 (advanced backlink tracking bot; https://serpstatbot.com/; abuse@serpstatbot.com)"
136.243.153.17 - - [13/Jun/2022:18:11:26 +0200] "GET /PodCast/Amaisehugel?action=edit HTTP/1.1" 403 18 "-" "serpstatbot/2.1 (advanced backlink tracking bot; https://serpstatbot.com/; abuse@serpstatbot.com)"
136.243.153.17 - - [13/Jun/2022:18:12:29 +0200] "GET /PodCast/Amaisehugel?action=print HTTP/1.1" 403 18 "-" "serpstatbot/2.1 (advanced backlink tracking bot; https://serpstatbot.com/; abuse@serpstatbot.com)"
136.243.153.17 - - [13/Jun/2022:18:13:32 +0200] "GET /PodCast/Amaisehugel?action=upload HTTP/1.1" 403 18 "-" "serpstatbot/2.1 (advanced backlink tracking bot; https://serpstatbot.com/; abuse@serpstatbot.com)"
185.191.171.45 - - [13/Jun/2022:18:14:05 +0200] "GET /PmWikiDe/PatrickMichaud?action=print HTTP/1.1" 403 18 "-" "Mozilla/5.0 (compatible; SemrushBot/7~bl; +http://www.semrush.com/bot.html)"
136.243.153.17 - - [13/Jun/2022:18:14:34 +0200] "GET /PodCast/Amor?action=diff HTTP/1.1" 403 18 "-" "serpstatbot/2.1 (advanced backlink tracking bot; https://serpstatbot.com/; abuse@serpstatbot.com)"
136.243.153.17 - - [13/Jun/2022:18:15:38 +0200] "GET /PodCast/BanquiQuali?action=diff HTTP/1.1" 403 18 "-" "serpstatbot/2.1 (advanced backlink tracking bot; https://serpstatbot.com/; abuse@serpstatbot.com)"
136.243.153.17 - - [13/Jun/2022:18:16:43 +0200] "GET /PodCast/BanquiQuali?action=edit HTTP/1.1" 403 18 "-" "serpstatbot/2.1 (advanced backlink tracking bot; https://serpstatbot.com/; abuse@serpstatbot.com)"
136.243.153.17 - - [13/Jun/2022:18:17:47 +0200] "GET /PodCast/BanquiQuali?action=print HTTP/1.1" 403 18 "-" "serpstatbot/2.1 (advanced backlink tracking bot; https://serpstatbot.com/; abuse@serpstatbot.com)"
136.243.153.17 - - [13/Jun/2022:18:18:50 +0200] "GET /PodCast/BanquiQuali?action=upload HTTP/1.1" 403 18 "-" "serpstatbot/2.1 (advanced backlink tracking bot; https://serpstatbot.com/; abuse@serpstatbot.com)"
136.243.153.17 - - [13/Jun/2022:18:19:53 +0200] "GET /PodCast/Begriffbegryffe?action=diff HTTP/1.1" 403 18 "-" "serpstatbot/2.1 (advanced backlink tracking bot; https://serpstatbot.com/; abuse@serpstatbot.com)"
136.243.153.17 - - [13/Jun/2022:18:20:57 +0200] "GET /PodCast/Begriffbegryffe?action=edit HTTP/1.1" 403 18 "-" "serpstatbot/2.1 (advanced backlink tracking bot; https://serpstatbot.com/; abuse@serpstatbot.com)"
136.243.153.17 - - [13/Jun/2022:18:22:00 +0200] "GET /PodCast/Begriffbegryffe?action=print HTTP/1.1" 403 18 "-" "serpstatbot/2.1 (advanced backlink tracking bot; https://serpstatbot.com/; abuse@serpstatbot.com)"
146.4.22.190 - - [13/Jun/2022:18:22:34 +0200] "GET /robots.txt HTTP/1.1" 200 - "http://www.google.ch/url?sa=t&rct=j&q=http%3A%2F%2Fwww.pro-zurituutsch.ch%2Frobots.txt&esrc=s&source=web&cd=8&ved=0CDUQFjAH&url=http%3A%2F%2Fwww.pro-zurituutsch.ch%2Frobots.txt" "Mozilla/5.0 (compatible; MSIE 9.0; Windows NT 6.1; Trident/5.0; .NET CLR 0.22.13321; .NET CLR 2.0.50727; .NET CLR 3.5.30729; .NET CLR 3.0.30729; .NET CLR 1.1.4322; .NET4.0C)"
146.4.22.190 - - [13/Jun/2022:18:22:34 +0200] "GET / HTTP/1.1" 200 14638 "http://www.google.ch/url?sa=t&rct=j&q=http%3A%2F%2Fwww.pro-zurituutsch.ch%2F&esrc=s&source=web&cd=8&ved=0CDUQFjAH&url=http%3A%2F%2Fwww.pro-zurituutsch.ch%2F" "Mozilla/5.0 (compatible; MSIE 9.0; Windows NT 6.1; Trident/5.0; .NET CLR 0.22.13321; .NET CLR 2.0.50727; .NET CLR 3.5.30729; .NET CLR 3.0.30729; .NET CLR 1.1.4322; .NET4.0C)"
146.4.22.190 - - [13/Jun/2022:18:22:35 +0200] "GET /Admin/AdresseStiftung HTTP/1.1" 200 8453 "http://www.google.ch/url?sa=t&rct=j&q=http%3A%2F%2Fwww.pro-zurituutsch.ch%2F&esrc=s&source=web&cd=8&ved=0CDUQFjAH&url=http%3A%2F%2Fwww.pro-zurituutsch.ch%2F" "Mozilla/5.0 (compatible; MSIE 9.0; Windows NT 6.1; Trident/5.0; .NET CLR 0.22.13321; .NET CLR 2.0.50727; .NET CLR 3.5.30729; .NET CLR 3.0.30729; .NET CLR 1.1.4322; .NET4.0C)"
146.4.22.190 - - [13/Jun/2022:18:22:35 +0200] "GET /Admin/Links HTTP/1.1" 200 14193 "http://www.google.ch/url?sa=t&rct=j&q=http%3A%2F%2Fwww.pro-zurituutsch.ch%2F&esrc=s&source=web&cd=8&ved=0CDUQFjAH&url=http%3A%2F%2Fwww.pro-zurituutsch.ch%2F" "Mozilla/5.0 (compatible; MSIE 9.0; Windows NT 6.1; Trident/5.0; .NET CLR 0.22.13321; .NET CLR 2.0.50727; .NET CLR 3.5.30729; .NET CLR 3.0.30729; .NET CLR 1.1.4322; .NET4.0C)"
146.4.22.190 - - [13/Jun/2022:18:22:35 +0200] "GET /Admin/Pro-ZurituutschStatuten HTTP/1.1" 200 9580 "http://www.google.ch/url?sa=t&rct=j&q=http%3A%2F%2Fwww.pro-zurituutsch.ch%2F&esrc=s&source=web&cd=8&ved=0CDUQFjAH&url=http%3A%2F%2Fwww.pro-zurituutsch.ch%2F" "Mozilla/5.0 (compatible; MSIE 9.0; Windows NT 6.1; Trident/5.0; .NET CLR 0.22.13321; .NET CLR 2.0.50727; .NET CLR 3.5.30729; .NET CLR 3.0.30729; .NET CLR 1.1.4322; .NET4.0C)"
146.4.22.190 - - [13/Jun/2022:18:22:35 +0200] "GET /Admin/ZurStiftung HTTP/1.1" 200 10864 "http://www.google.ch/url?sa=t&rct=j&q=http%3A%2F%2Fwww.pro-zurituutsch.ch%2F&esrc=s&source=web&cd=8&ved=0CDUQFjAH&url=http%3A%2F%2Fwww.pro-zurituutsch.ch%2F" "Mozilla/5.0 (compatible; MSIE 9.0; Windows NT 6.1; Trident/5.0; .NET CLR 0.22.13321; .NET CLR 2.0.50727; .NET CLR 3.5.30729; .NET CLR 3.0.30729; .NET CLR 1.1.4322; .NET4.0C)"
146.4.22.190 - - [13/Jun/2022:18:22:35 +0200] "GET /Bestellen/Pschtellf HTTP/1.1" 200 11220 "http://www.google.ch/url?sa=t&rct=j&q=http%3A%2F%2Fwww.pro-zurituutsch.ch%2F&esrc=s&source=web&cd=8&ved=0CDUQFjAH&url=http%3A%2F%2Fwww.pro-zurituutsch.ch%2F" "Mozilla/5.0 (compatible; MSIE 9.0; Windows NT 6.1; Trident/5.0; .NET CLR 0.22.13321; .NET CLR 2.0.50727; .NET CLR 3.5.30729; .NET CLR 3.0.30729; .NET CLR 1.1.4322; .NET4.0C)"
146.4.22.190 - - [13/Jun/2022:18:22:35 +0200] "GET /Gast/Podcast HTTP/1.1" 200 8106 "http://www.google.ch/url?sa=t&rct=j&q=http%3A%2F%2Fwww.pro-zurituutsch.ch%2F&esrc=s&source=web&cd=8&ved=0CDUQFjAH&url=http%3A%2F%2Fwww.pro-zurituutsch.ch%2F" "Mozilla/5.0 (compatible; MSIE 9.0; Windows NT 6.1; Trident/5.0; .NET CLR 0.22.13321; .NET CLR 2.0.50727; .NET CLR 3.5.30729; .NET CLR 3.0.30729; .NET CLR 1.1.4322; .NET4.0C)"
146.4.22.190 - - [13/Jun/2022:18:22:35 +0200] "GET /Hilfe/AnleitungTonbeispiele HTTP/1.1" 200 9878 "http://www.google.ch/url?sa=t&rct=j&q=http%3A%2F%2Fwww.pro-zurituutsch.ch%2F&esrc=s&source=web&cd=8&ved=0CDUQFjAH&url=http%3A%2F%2Fwww.pro-zurituutsch.ch%2F" "Mozilla/5.0 (compatible; MSIE 9.0; Windows NT 6.1; Trident/5.0; .NET CLR 0.22.13321; .NET CLR 2.0.50727; .NET CLR 3.5.30729; .NET CLR 3.0.30729; .NET CLR 1.1.4322; .NET4.0C)"
146.4.22.190 - - [13/Jun/2022:18:22:35 +0200] "GET /Main/Home HTTP/1.1" 200 14638 "http://www.google.ch/url?sa=t&rct=j&q=http%3A%2F%2Fwww.pro-zurituutsch.ch%2F&esrc=s&source=web&cd=8&ved=0CDUQFjAH&url=http%3A%2F%2Fwww.pro-zurituutsch.ch%2F" "Mozilla/5.0 (compatible; MSIE 9.0; Windows NT 6.1; Trident/5.0; .NET CLR 0.22.13321; .NET CLR 2.0.50727; .NET CLR 3.5.30729; .NET CLR 3.0.30729; .NET CLR 1.1.4322; .NET4.0C)"
146.4.22.190 - - [13/Jun/2022:18:22:35 +0200] "GET /Main/Home?action=diff HTTP/1.1" 200 44006 "http://www.google.ch/url?sa=t&rct=j&q=http%3A%2F%2Fwww.pro-zurituutsch.ch%2F&esrc=s&source=web&cd=8&ved=0CDUQFjAH&url=http%3A%2F%2Fwww.pro-zurituutsch.ch%2F" "Mozilla/5.0 (compatible; MSIE 9.0; Windows NT 6.1; Trident/5.0; .NET CLR 0.22.13321; .NET CLR 2.0.50727; .NET CLR 3.5.30729; .NET CLR 3.0.30729; .NET CLR 1.1.4322; .NET4.0C)"
146.4.22.190 - - [13/Jun/2022:18:22:36 +0200] "GET /Main/Home?action=edit HTTP/1.1" 200 8537 "http://www.google.ch/url?sa=t&rct=j&q=http%3A%2F%2Fwww.pro-zurituutsch.ch%2F&esrc=s&source=web&cd=8&ved=0CDUQFjAH&url=http%3A%2F%2Fwww.pro-zurituutsch.ch%2F" "Mozilla/5.0 (compatible; MSIE 9.0; Windows NT 6.1; Trident/5.0; .NET CLR 0.22.13321; .NET CLR 2.0.50727; .NET CLR 3.5.30729; .NET CLR 3.0.30729; .NET CLR 1.1.4322; .NET4.0C)"
146.4.22.190 - - [13/Jun/2022:18:22:36 +0200] "GET /Main/Home?action=print HTTP/1.1" 200 8906 "http://www.google.ch/url?sa=t&rct=j&q=http%3A%2F%2Fwww.pro-zurituutsch.ch%2F&esrc=s&source=web&cd=8&ved=0CDUQFjAH&url=http%3A%2F%2Fwww.pro-zurituutsch.ch%2F" "Mozilla/5.0 (compatible; MSIE 9.0; Windows NT 6.1; Trident/5.0; .NET CLR 0.22.13321; .NET CLR 2.0.50727; .NET CLR 3.5.30729; .NET CLR 3.0.30729; .NET CLR 1.1.4322; .NET4.0C)"
146.4.22.190 - - [13/Jun/2022:18:22:36 +0200] "GET /Main/Home?action=upload HTTP/1.1" 200 8437 "http://www.google.ch/url?sa=t&rct=j&q=http%3A%2F%2Fwww.pro-zurituutsch.ch%2F&esrc=s&source=web&cd=8&ved=0CDUQFjAH&url=http%3A%2F%2Fwww.pro-zurituutsch.ch%2F" "Mozilla/5.0 (compatible; MSIE 9.0; Windows NT 6.1; Trident/5.0; .NET CLR 0.22.13321; .NET CLR 2.0.50727; .NET CLR 3.5.30729; .NET CLR 3.0.30729; .NET CLR 1.1.4322; .NET4.0C)"
146.4.22.190 - - [13/Jun/2022:18:22:36 +0200] "GET /PodCast/RSSPodcasts HTTP/1.1" 200 8905 "http://www.google.ch/url?sa=t&rct=j&q=http%3A%2F%2Fwww.pro-zurituutsch.ch%2F&esrc=s&source=web&cd=8&ved=0CDUQFjAH&url=http%3A%2F%2Fwww.pro-zurituutsch.ch%2F" "Mozilla/5.0 (compatible; MSIE 9.0; Windows NT 6.1; Trident/5.0; .NET CLR 0.22.13321; .NET CLR 2.0.50727; .NET CLR 3.5.30729; .NET CLR 3.0.30729; .NET CLR 1.1.4322; .NET4.0C)"
146.4.22.190 - - [13/Jun/2022:18:22:36 +0200] "GET /Site/PodCast HTTP/1.1" 200 40934 "http://www.google.ch/url?sa=t&rct=j&q=http%3A%2F%2Fwww.pro-zurituutsch.ch%2F&esrc=s&source=web&cd=8&ved=0CDUQFjAH&url=http%3A%2F%2Fwww.pro-zurituutsch.ch%2F" "Mozilla/5.0 (compatible; MSIE 9.0; Windows NT 6.1; Trident/5.0; .NET CLR 0.22.13321; .NET CLR 2.0.50727; .NET CLR 3.5.30729; .NET CLR 3.0.30729; .NET CLR 1.1.4322; .NET4.0C)"
146.4.22.190 - - [13/Jun/2022:18:22:36 +0200] "GET /Site/SideBar?action=edit HTTP/1.1" 200 8581 "http://www.google.ch/url?sa=t&rct=j&q=http%3A%2F%2Fwww.pro-zurituutsch.ch%2F&esrc=s&source=web&cd=8&ved=0CDUQFjAH&url=http%3A%2F%2Fwww.pro-zurituutsch.ch%2F" "Mozilla/5.0 (compatible; MSIE 9.0; Windows NT 6.1; Trident/5.0; .NET CLR 0.22.13321; .NET CLR 2.0.50727; .NET CLR 3.5.30729; .NET CLR 3.0.30729; .NET CLR 1.1.4322; .NET4.0C)"
146.4.22.190 - - [13/Jun/2022:18:22:37 +0200] "GET /Texte/ArsAmatoria HTTP/1.1" 200 12369 "http://www.google.ch/url?sa=t&rct=j&q=http%3A%2F%2Fwww.pro-zurituutsch.ch%2F&esrc=s&source=web&cd=8&ved=0CDUQFjAH&url=http%3A%2F%2Fwww.pro-zurituutsch.ch%2F" "Mozilla/5.0 (compatible; MSIE 9.0; Windows NT 6.1; Trident/5.0; .NET CLR 0.22.13321; .NET CLR 2.0.50727; .NET CLR 3.5.30729; .NET CLR 3.0.30729; .NET CLR 1.1.4322; .NET4.0C)"
146.4.22.190 - - [13/Jun/2022:18:22:37 +0200] "GET /Texte/Bitterbeuhsi HTTP/1.1" 200 9255 "http://www.google.ch/url?sa=t&rct=j&q=http%3A%2F%2Fwww.pro-zurituutsch.ch%2F&esrc=s&source=web&cd=8&ved=0CDUQFjAH&url=http%3A%2F%2Fwww.pro-zurituutsch.ch%2F" "Mozilla/5.0 (compatible; MSIE 9.0; Windows NT 6.1; Trident/5.0; .NET CLR 0.22.13321; .NET CLR 2.0.50727; .NET CLR 3.5.30729; .NET CLR 3.0.30729; .NET CLR 1.1.4322; .NET4.0C)"
146.4.22.190 - - [13/Jun/2022:18:22:37 +0200] "GET /Texte/GDicht HTTP/1.1" 200 8050 "http://www.google.ch/url?sa=t&rct=j&q=http%3A%2F%2Fwww.pro-zurituutsch.ch%2F&esrc=s&source=web&cd=8&ved=0CDUQFjAH&url=http%3A%2F%2Fwww.pro-zurituutsch.ch%2F" "Mozilla/5.0 (compatible; MSIE 9.0; Windows NT 6.1; Trident/5.0; .NET CLR 0.22.13321; .NET CLR 2.0.50727; .NET CLR 3.5.30729; .NET CLR 3.0.30729; .NET CLR 1.1.4322; .NET4.0C)"
146.4.22.190 - - [13/Jun/2022:18:22:37 +0200] "GET /Texte/Gloosse HTTP/1.1" 200 8061 "http://www.google.ch/url?sa=t&rct=j&q=http%3A%2F%2Fwww.pro-zurituutsch.ch%2F&esrc=s&source=web&cd=8&ved=0CDUQFjAH&url=http%3A%2F%2Fwww.pro-zurituutsch.ch%2F" "Mozilla/5.0 (compatible; MSIE 9.0; Windows NT 6.1; Trident/5.0; .NET CLR 0.22.13321; .NET CLR 2.0.50727; .NET CLR 3.5.30729; .NET CLR 3.0.30729; .NET CLR 1.1.4322; .NET4.0C)"
146.4.22.190 - - [13/Jun/2022:18:22:37 +0200] "GET /Texte/Limericks HTTP/1.1" 200 8087 "http://www.google.ch/url?sa=t&rct=j&q=http%3A%2F%2Fwww.pro-zurituutsch.ch%2F&esrc=s&source=web&cd=8&ved=0CDUQFjAH&url=http%3A%2F%2Fwww.pro-zurituutsch.ch%2F" "Mozilla/5.0 (compatible; MSIE 9.0; Windows NT 6.1; Trident/5.0; .NET CLR 0.22.13321; .NET CLR 2.0.50727; .NET CLR 3.5.30729; .NET CLR 3.0.30729; .NET CLR 1.1.4322; .NET4.0C)"
146.4.22.190 - - [13/Jun/2022:18:22:37 +0200] "GET /Texte/Metamorphoses HTTP/1.1" 200 9045 "http://www.google.ch/url?sa=t&rct=j&q=http%253A%252F%252Fwww.pro-zurituutsch.ch%252F&esrc=s&source=web&cd=8&ved=0CDUQFjAH&url=http%253A%252F%252Fwww.pro-zurituutsch.ch%252F" "Mozilla/5.0 (compatible; MSIE 9.0; Windows NT 6.1; Trident/5.0; .NET CLR 0.22.13321; .NET CLR 2.0.50727; .NET CLR 3.5.30729; .NET CLR 3.0.30729; .NET CLR 1.1.4322; .NET4.0C)"
146.4.22.190 - - [13/Jun/2022:18:22:37 +0200] "GET /Texte/Rezension HTTP/1.1" 200 11812 "http://www.google.ch/url?sa=t&rct=j&q=http%3A%2F%2Fwww.pro-zurituutsch.ch%2F&esrc=s&source=web&cd=8&ved=0CDUQFjAH&url=http%3A%2F%2Fwww.pro-zurituutsch.ch%2F" "Mozilla/5.0 (compatible; MSIE 9.0; Windows NT 6.1; Trident/5.0; .NET CLR 0.22.13321; .NET CLR 2.0.50727; .NET CLR 3.5.30729; .NET CLR 3.0.30729; .NET CLR 1.1.4322; .NET4.0C)"
146.4.22.190 - - [13/Jun/2022:18:22:37 +0200] "GET /Texte/Roman HTTP/1.1" 200 38741 "http://www.google.ch/url?sa=t&rct=j&q=http%3A%2F%2Fwww.pro-zurituutsch.ch%2F&esrc=s&source=web&cd=8&ved=0CDUQFjAH&url=http%3A%2F%2Fwww.pro-zurituutsch.ch%2F" "Mozilla/5.0 (compatible; MSIE 9.0; Windows NT 6.1; Trident/5.0; .NET CLR 0.22.13321; .NET CLR 2.0.50727; .NET CLR 3.5.30729; .NET CLR 3.0.30729; .NET CLR 1.1.4322; .NET4.0C)"
146.4.22.190 - - [13/Jun/2022:18:22:37 +0200] "GET /Texte/Schrybwys HTTP/1.1" 200 11028 "http://www.google.ch/url?sa=t&rct=j&q=http%3A%2F%2Fwww.pro-zurituutsch.ch%2F&esrc=s&source=web&cd=8&ved=0CDUQFjAH&url=http%3A%2F%2Fwww.pro-zurituutsch.ch%2F" "Mozilla/5.0 (compatible; MSIE 9.0; Windows NT 6.1; Trident/5.0; .NET CLR 0.22.13321; .NET CLR 2.0.50727; .NET CLR 3.5.30729; .NET CLR 3.0.30729; .NET CLR 1.1.4322; .NET4.0C)"
146.4.22.190 - - [13/Jun/2022:18:22:37 +0200] "GET /Texte/Styluebige HTTP/1.1" 200 9998 "http://www.google.ch/url?sa=t&rct=j&q=http%3A%2F%2Fwww.pro-zurituutsch.ch%2F&esrc=s&source=web&cd=8&ved=0CDUQFjAH&url=http%3A%2F%2Fwww.pro-zurituutsch.ch%2F" "Mozilla/5.0 (compatible; MSIE 9.0; Windows NT 6.1; Trident/5.0; .NET CLR 0.22.13321; .NET CLR 2.0.50727; .NET CLR 3.5.30729; .NET CLR 3.0.30729; .NET CLR 1.1.4322; .NET4.0C)"
146.4.22.190 - - [13/Jun/2022:18:22:37 +0200] "GET /Texte/ZurcherischEnglish HTTP/1.1" 200 8274 "http://www.google.ch/url?sa=t&rct=j&q=http%3A%2F%2Fwww.pro-zurituutsch.ch%2F&esrc=s&source=web&cd=8&ved=0CDUQFjAH&url=http%3A%2F%2Fwww.pro-zurituutsch.ch%2F" "Mozilla/5.0 (compatible; MSIE 9.0; Windows NT 6.1; Trident/5.0; .NET CLR 0.22.13321; .NET CLR 2.0.50727; .NET CLR 3.5.30729; .NET CLR 3.0.30729; .NET CLR 1.1.4322; .NET4.0C)"
136.243.153.17 - - [13/Jun/2022:18:23:02 +0200] "GET /PodCast/Begriffbegryffe?action=upload HTTP/1.1" 403 18 "-" "serpstatbot/2.1 (advanced backlink tracking bot; https://serpstatbot.com/; abuse@serpstatbot.com)"
136.243.153.17 - - [13/Jun/2022:18:24:06 +0200] "GET /PodCast/Chile?action=diff HTTP/1.1" 403 18 "-" "serpstatbot/2.1 (advanced backlink tracking bot; https://serpstatbot.com/; abuse@serpstatbot.com)"
136.243.153.17 - - [13/Jun/2022:18:25:07 +0200] "GET /PodCast/Chile?action=edit HTTP/1.1" 403 18 "-" "serpstatbot/2.1 (advanced backlink tracking bot; https://serpstatbot.com/; abuse@serpstatbot.com)"
185.191.171.38 - - [13/Jun/2022:18:25:34 +0200] "GET /Admin/Pro-ZurituutschStatuten?action=upload HTTP/1.1" 403 18 "-" "Mozilla/5.0 (compatible; SemrushBot/7~bl; +http://www.semrush.com/bot.html)"
136.243.153.17 - - [13/Jun/2022:18:26:10 +0200] "GET /PodCast/Chile?action=print HTTP/1.1" 403 18 "-" "serpstatbot/2.1 (advanced backlink tracking bot; https://serpstatbot.com/; abuse@serpstatbot.com)"
185.191.171.21 - - [13/Jun/2022:18:26:37 +0200] "GET /PmWikiNl/TextFormattingRules?action=edit HTTP/1.1" 404 18 "-" "Mozilla/5.0 (compatible; SemrushBot/7~bl; +http://www.semrush.com/bot.html)"
136.243.153.17 - - [13/Jun/2022:18:27:14 +0200] "GET /PodCast/Bebi?action=edit HTTP/1.1" 404 18 "-" "serpstatbot/2.1 (advanced backlink tracking bot; https://serpstatbot.com/; abuse@serpstatbot.com)"
136.243.153.17 - - [13/Jun/2022:18:28:24 +0200] "GET /PodCast/131MIringe1483?action=edit HTTP/1.1" 404 18 "-" "serpstatbot/2.1 (advanced backlink tracking bot; https://serpstatbot.com/; abuse@serpstatbot.com)"
136.243.153.17 - - [13/Jun/2022:18:29:34 +0200] "GET /PodCast/132MIringe1483?action=edit HTTP/1.1" 404 18 "-" "serpstatbot/2.1 (advanced backlink tracking bot; https://serpstatbot.com/; abuse@serpstatbot.com)"
136.243.153.17 - - [13/Jun/2022:18:30:40 +0200] "GET /PodCast/141TaagsatzigIV1484?action=edit HTTP/1.1" 404 18 "-" "serpstatbot/2.1 (advanced backlink tracking bot; https://serpstatbot.com/; abuse@serpstatbot.com)"
194.93.0.40 - - [13/Jun/2022:18:31:37 +0200] "GET /robots.txt HTTP/1.0" 200 - "-" "Mozilla/4.0 (compatible; fluid/0.0; +http://www.leak.info/bot.html)"
136.243.153.17 - - [13/Jun/2022:18:31:46 +0200] "GET /PodCast/142Taagsatzig1484?action=edit HTTP/1.1" 404 18 "-" "serpstatbot/2.1 (advanced backlink tracking bot; https://serpstatbot.com/; abuse@serpstatbot.com)"
136.243.153.17 - - [13/Jun/2022:18:32:54 +0200] "GET /PodCast/151Konschtanz1485?action=edit HTTP/1.1" 404 18 "-" "serpstatbot/2.1 (advanced backlink tracking bot; https://serpstatbot.com/; abuse@serpstatbot.com)"
185.191.171.3 - - [13/Jun/2022:18:33:06 +0200] "GET /robots.txt HTTP/1.1" 200 - "-" "Mozilla/5.0 (compatible; SemrushBot/7~bl; +http://www.semrush.com/bot.html)"
185.191.171.38 - - [13/Jun/2022:18:33:06 +0200] "GET /PmWikiRu/Variables?action=upload HTTP/1.1" 403 18 "-" "Mozilla/5.0 (compatible; SemrushBot/7~bl; +http://www.semrush.com/bot.html)"
136.243.153.17 - - [13/Jun/2022:18:34:00 +0200] "GET /PodCast/152Konschtanz1485?action=edit HTTP/1.1" 404 18 "-" "serpstatbot/2.1 (advanced backlink tracking bot; https://serpstatbot.com/; abuse@serpstatbot.com)"
168.119.51.163 - - [13/Jun/2022:18:34:32 +0200] "GET /robots.txt HTTP/1.1" 200 - "-" "Mozilla/5.0 (compatible; um-IC/1.0; mailto: techinfo@ubermetrics-technologies.com; Windows NT 6.1; WOW64; rv:40.0) Gecko/20100101 Firefox/40.1"
168.119.51.163 - - [13/Jun/2022:18:34:32 +0200] "GET /PodCast/IndexPage?action=rss HTTP/1.1" 200 6298 "-" "Mozilla/5.0 (compatible; um-IC/1.0; mailto: techinfo@ubermetrics-technologies.com; Windows NT 6.1; WOW64; rv:40.0) Gecko/20100101 Firefox/40.1"
136.243.153.17 - - [13/Jun/2022:18:35:05 +0200] "GET /PodCast/161Predigerchoor1489?action=edit HTTP/1.1" 404 18 "-" "serpstatbot/2.1 (advanced backlink tracking bot; https://serpstatbot.com/; abuse@serpstatbot.com)"
136.243.153.17 - - [13/Jun/2022:18:36:09 +0200] "GET /PodCast/162Predigerchoor1489?action=edit HTTP/1.1" 404 18 "-" "serpstatbot/2.1 (advanced backlink tracking bot; https://serpstatbot.com/; abuse@serpstatbot.com)"
136.243.153.17 - - [13/Jun/2022:18:37:13 +0200] "GET /PodCast/171AmStadelhofe?action=edit HTTP/1.1" 404 18 "-" "serpstatbot/2.1 (advanced backlink tracking bot; https://serpstatbot.com/; abuse@serpstatbot.com)"
194.209.200.2 - - [13/Jun/2022:18:37:53 +0200] "GET /robots.txt HTTP/1.1" 200 - "-" "Mozilla/5.0 (compatible; TMMBot/0.2; +http://www.dslab.ch)/Nutch-1.15"
194.209.200.2 - - [13/Jun/2022:18:37:53 +0200] "GET /Texte/ZurcherischEnglish HTTP/1.1" 200 8274 "-" "Mozilla/5.0 (compatible; TMMBot/0.2; +http://www.dslab.ch)/Nutch-1.15"
136.243.153.17 - - [13/Jun/2022:18:38:19 +0200] "GET /PodCast/181Room1500?action=edit HTTP/1.1" 404 18 "-" "serpstatbot/2.1 (advanced backlink tracking bot; https://serpstatbot.com/; abuse@serpstatbot.com)"
216.244.66.243 - - [13/Jun/2022:18:38:25 +0200] "GET /robots.txt HTTP/1.1" 200 - "-" "Mozilla/5.0 (compatible; DotBot/1.2; +https://opensiteexplorer.org/dotbot; help@moz.com)"
185.191.171.7 - - [13/Jun/2022:18:38:42 +0200] "GET /PmWikiFr/GroupHeader?action=upload HTTP/1.1" 403 18 "-" "Mozilla/5.0 (compatible; SemrushBot/7~bl; +http://www.semrush.com/bot.html)"
194.209.200.2 - - [13/Jun/2022:18:39:17 +0200] "GET /Admin/Jahresbericht HTTP/1.1" 200 45530 "-" "Mozilla/5.0 (compatible; TMMBot/0.2; +http://www.dslab.ch)/Nutch-1.15"
136.243.153.17 - - [13/Jun/2022:18:39:25 +0200] "GET /PodCast/182Room1500?action=edit HTTP/1.1" 404 18 "-" "serpstatbot/2.1 (advanced backlink tracking bot; https://serpstatbot.com/; abuse@serpstatbot.com)"
194.209.200.2 - - [13/Jun/2022:18:40:28 +0200] "GET /Texte/ArsAmatoria HTTP/1.1" 200 12369 "-" "Mozilla/5.0 (compatible; TMMBot/0.2; +http://www.dslab.ch)/Nutch-1.15"
194.209.200.2 - - [13/Jun/2022:18:41:20 +0200] "GET /Texte/Metamorphoses HTTP/1.1" 200 9045 "-" "Mozilla/5.0 (compatible; TMMBot/0.2; +http://www.dslab.ch)/Nutch-1.15"
194.209.200.2 - - [13/Jun/2022:18:43:21 +0200] "GET / HTTP/1.1" 200 14638 "-" "Mozilla/5.0 (compatible; TMMBot/0.2; +http://www.dslab.ch)/Nutch-1.15"
194.209.200.2 - - [13/Jun/2022:18:44:06 +0200] "GET /Texte/Bitterbeuhsi HTTP/1.1" 200 9255 "-" "Mozilla/5.0 (compatible; TMMBot/0.2; +http://www.dslab.ch)/Nutch-1.15"
194.209.200.2 - - [13/Jun/2022:18:44:19 +0200] "GET /Gast/Podcast HTTP/1.1" 200 8106 "-" "Mozilla/5.0 (compatible; TMMBot/0.2; +http://www.dslab.ch)/Nutch-1.15"
54.211.46.185 - - [13/Jun/2022:18:47:59 +0200] "GET /PodCast/IndexPage?action=rss HTTP/1.1" 200 6298 "https://www.google.com/" "Mozilla/5.0 (X11; Linux x86_64) AppleWebKit/537.36 (KHTML, like Gecko) Chrome/80.0.3987.122 Safari/537.36"
216.244.66.243 - - [13/Jun/2022:18:48:09 +0200] "GET /Tessynfaart/Tessynfaart HTTP/1.1" 200 8456 "-" "Mozilla/5.0 (compatible; DotBot/1.2; +https://opensiteexplorer.org/dotbot; help@moz.com)"
66.249.76.193 - - [13/Jun/2022:18:58:40 +0200] "GET /PodCast/IndexPage?action=rss HTTP/1.1" 200 6298 "-" "Mozilla/5.0 (compatible; Googlebot/2.1; +http://www.google.com/bot.html)"
185.191.171.40 - - [13/Jun/2022:19:03:49 +0200] "GET /PmWikiDe/TableDirectives?action=edit HTTP/1.1" 403 18 "-" "Mozilla/5.0 (compatible; SemrushBot/7~bl; +http://www.semrush.com/bot.html)"
185.191.171.36 - - [13/Jun/2022:19:07:32 +0200] "GET /Admin/Pro-ZurituutschStatuten?action=edit HTTP/1.1" 403 18 "-" "Mozilla/5.0 (compatible; SemrushBot/7~bl; +http://www.semrush.com/bot.html)"
207.46.13.167 - - [13/Jun/2022:19:09:36 +0200] "GET /Site/Blickestoorff2 HTTP/1.1" 200 18706 "-" "Mozilla/5.0 (compatible; bingbot/2.0; +http://www.bing.com/bingbot.htm)"
194.209.200.2 - - [13/Jun/2022:19:12:49 +0200] "GET /robots.txt HTTP/1.1" 200 - "-" "Mozilla/5.0 (compatible; TMMBot/0.2; +http://www.dslab.ch)/Nutch-1.15"
194.209.200.2 - - [13/Jun/2022:19:12:49 +0200] "GET /Texte/ZurcherischEnglish HTTP/1.1" 200 8274 "-" "Mozilla/5.0 (compatible; TMMBot/0.2; +http://www.dslab.ch)/Nutch-1.15"
194.209.200.2 - - [13/Jun/2022:19:14:16 +0200] "GET /Admin/Jahresbericht HTTP/1.1" 200 45530 "-" "Mozilla/5.0 (compatible; TMMBot/0.2; +http://www.dslab.ch)/Nutch-1.15"
194.209.200.2 - - [13/Jun/2022:19:16:23 +0200] "GET /Texte/Metamorphoses HTTP/1.1" 200 9045 "-" "Mozilla/5.0 (compatible; TMMBot/0.2; +http://www.dslab.ch)/Nutch-1.15"
194.209.200.2 - - [13/Jun/2022:19:18:18 +0200] "GET /Admin/Pro-ZurituutschStatuten HTTP/1.1" 200 9580 "-" "Mozilla/5.0 (compatible; TMMBot/0.2; +http://www.dslab.ch)/Nutch-1.15"
194.209.200.2 - - [13/Jun/2022:19:18:22 +0200] "GET / HTTP/1.1" 200 14638 "-" "Mozilla/5.0 (compatible; TMMBot/0.2; +http://www.dslab.ch)/Nutch-1.15"
194.209.200.2 - - [13/Jun/2022:19:19:06 +0200] "GET /Texte/Bitterbeuhsi HTTP/1.1" 200 9255 "-" "Mozilla/5.0 (compatible; TMMBot/0.2; +http://www.dslab.ch)/Nutch-1.15"
194.209.200.2 - - [13/Jun/2022:19:19:17 +0200] "GET /Gast/Podcast HTTP/1.1" 200 8106 "-" "Mozilla/5.0 (compatible; TMMBot/0.2; +http://www.dslab.ch)/Nutch-1.15"
185.191.171.13 - - [13/Jun/2022:19:20:47 +0200] "GET /Main/WikiSandbox?action=print HTTP/1.1" 403 18 "-" "Mozilla/5.0 (compatible; SemrushBot/7~bl; +http://www.semrush.com/bot.html)"
136.243.153.17 - - [13/Jun/2022:19:21:29 +0200] "GET /robots.txt HTTP/1.1" 200 - "-" "serpstatbot/2.1 (advanced backlink tracking bot; https://serpstatbot.com/; abuse@serpstatbot.com)"
