136.243.153.17 - - [13/Jun/2022:19:21:29 +0200] "GET /PodCast/Blickestoorff2?action=edit HTTP/1.1" 404 18 "-" "serpstatbot/2.1 (advanced backlink tracking bot; https://serpstatbot.com/; abuse@serpstatbot.com)"
66.249.76.220 - - [13/Jun/2022:19:21:57 +0200] "GET /Main/Home HTTP/1.1" 200 14638 "-" "Mozilla/5.0 (Linux; Android 6.0.1; Nexus 5X Build/MMB29P) AppleWebKit/537.36 (KHTML, like Gecko) Chrome/102.0.5005.61 Mobile Safari/537.36 (compatible; Googlebot/2.1; +http://www.google.com/bot.html)"
136.243.153.17 - - [13/Jun/2022:19:22:45 +0200] "GET /PodCast/191Houhsraech1509?action=edit HTTP/1.1" 404 18 "-" "serpstatbot/2.1 (advanced backlink tracking bot; https://serpstatbot.com/; abuse@serpstatbot.com)"
136.243.153.17 - - [13/Jun/2022:19:23:43 +0200] "GET /PodCast/192HouhsRech1509?action=edit HTTP/1.1" 404 18 "-" "serpstatbot/2.1 (advanced backlink tracking bot; https://serpstatbot.com/; abuse@serpstatbot.com)"
136.243.153.17 - - [13/Jun/2022:19:24:44 +0200] "GET /PodCast/200Quellen?action=edit HTTP/1.1" 404 18 "-" "serpstatbot/2.1 (advanced backlink tracking bot; https://serpstatbot.com/; abuse@serpstatbot.com)"
136.243.153.17 - - [13/Jun/2022:19:25:43 +0200] "GET /PodCast/21Baadstoube?action=edit HTTP/1.1" 404 18 "-" "serpstatbot/2.1 (advanced backlink tracking bot; https://serpstatbot.com/; abuse@serpstatbot.com)"
136.243.153.17 - - [13/Jun/2022:19:26:41 +0200] "GET /PodCast/22Baadstoubegass?action=edit HTTP/1.1" 404 18 "-" "serpstatbot/2.1 (advanced backlink tracking bot; https://serpstatbot.com/; abuse@serpstatbot.com)"
185.191.171.26 - - [13/Jun/2022:19:27:19 +0200] "GET /PmWikiFr/Contributors HTTP/1.1" 200 12340 "-" "Mozilla/5.0 (compatible; SemrushBot/7~bl; +http://www.semrush.com/bot.html)"
136.243.153.17 - - [13/Jun/2022:19:27:39 +0200] "GET /PodCast/31Meuischtergass?action=edit HTTP/1.1" 404 18 "-" "serpstatbot/2.1 (advanced backlink tracking bot; https://serpstatbot.com/; abuse@serpstatbot.com)"
185.191.171.8 - - [13/Jun/2022:19:28:18 +0200] "GET /PmWikiHu/WikiSzavak?action=edit HTTP/1.1" 404 18 "-" "Mozilla/5.0 (compatible; SemrushBot/7~bl; +http://www.semrush.com/bot.html)"
136.243.153.17 - - [13/Jun/2022:19:28:36 +0200] "GET /PodCast/32Meuischtergass?action=edit HTTP/1.1" 404 18 "-" "serpstatbot/2.1 (advanced backlink tracking bot; https://serpstatbot.com/; abuse@serpstatbot.com)"
136.243.153.17 - - [13/Jun/2022:19:29:36 +0200] "GET /PodCast/41Fasnacht?action=edit HTTP/1.1" 404 18 "-" "serpstatbot/2.1 (advanced backlink tracking bot; https://serpstatbot.com/; abuse@serpstatbot.com)"
216.244.66.243 - - [13/Jun/2022:19:29:43 +0200] "GET /robots.txt HTTP/1.1" 200 - "-" "Mozilla/5.0 (compatible; DotBot/1.2; +https://opensiteexplorer.org/dotbot; help@moz.com)"
136.243.153.17 - - [13/Jun/2022:19:30:35 +0200] "GET /PodCast/122Sitkouscht1482?action=edit HTTP/1.1" 404 18 "-" "serpstatbot/2.1 (advanced backlink tracking bot; https://serpstatbot.com/; abuse@serpstatbot.com)"
136.243.153.17 - - [13/Jun/2022:19:31:33 +0200] "GET /PodCast/Blickestoorff?action=edit HTTP/1.1" 404 18 "-" "serpstatbot/2.1 (advanced backlink tracking bot; https://serpstatbot.com/; abuse@serpstatbot.com)"
136.243.153.17 - - [13/Jun/2022:19:33:26 +0200] "GET /PodCast/Ereuffnig?action=edit HTTP/1.1" 403 18 "-" "serpstatbot/2.1 (advanced backlink tracking bot; https://serpstatbot.com/; abuse@serpstatbot.com)"
138.201.195.177 - - [13/Jun/2022:19:34:17 +0200] "GET /sitemap.xml HTTP/1.1" 404 281 "-" "Mozilla/5.0 (compatible; DataForSeoBot/1.0; +https://dataforseo.com/dataforseo-bot)"
136.243.153.17 - - [13/Jun/2022:19:34:26 +0200] "GET /PodCast/Styluebige?action=print HTTP/1.1" 403 18 "-" "serpstatbot/2.1 (advanced backlink tracking bot; https://serpstatbot.com/; abuse@serpstatbot.com)"
136.243.153.17 - - [13/Jun/2022:19:35:25 +0200] "GET /PodCast/700Buezerleuh?action=upload HTTP/1.1" 403 18 "-" "serpstatbot/2.1 (advanced backlink tracking bot; https://serpstatbot.com/; abuse@serpstatbot.com)"
136.243.153.17 - - [13/Jun/2022:19:36:23 +0200] "GET /PodCast/700Buezerleuh?action=print HTTP/1.1" 403 18 "-" "serpstatbot/2.1 (advanced backlink tracking bot; https://serpstatbot.com/; abuse@serpstatbot.com)"
136.243.153.17 - - [13/Jun/2022:19:37:22 +0200] "GET /PodCast/Chile?action=upload HTTP/1.1" 403 18 "-" "serpstatbot/2.1 (advanced backlink tracking bot; https://serpstatbot.com/; abuse@serpstatbot.com)"
136.243.153.17 - - [13/Jun/2022:19:38:21 +0200] "GET /PodCast/Demokraty?action=diff HTTP/1.1" 403 18 "-" "serpstatbot/2.1 (advanced backlink tracking bot; https://serpstatbot.com/; abuse@serpstatbot.com)"
136.243.153.17 - - [13/Jun/2022:19:39:18 +0200] "GET /PodCast/Demokraty?action=edit HTTP/1.1" 403 18 "-" "serpstatbot/2.1 (advanced backlink tracking bot; https://serpstatbot.com/; abuse@serpstatbot.com)"
136.243.153.17 - - [13/Jun/2022:19:40:18 +0200] "GET /PodCast/Demokraty?action=print HTTP/1.1" 403 18 "-" "serpstatbot/2.1 (advanced backlink tracking bot; https://serpstatbot.com/; abuse@serpstatbot.com)"
136.243.153.17 - - [13/Jun/2022:19:41:15 +0200] "GET /PodCast/Demokraty?action=upload HTTP/1.1" 403 18 "-" "serpstatbot/2.1 (advanced backlink tracking bot; https://serpstatbot.com/; abuse@serpstatbot.com)"
216.244.66.243 - - [13/Jun/2022:19:41:39 +0200] "GET /PmWikiFr/Search HTTP/1.1" 200 11056 "-" "Mozilla/5.0 (compatible; DotBot/1.2; +https://opensiteexplorer.org/dotbot; help@moz.com)"
136.243.153.17 - - [13/Jun/2022:19:42:13 +0200] "GET /PodCast/Doping?action=diff HTTP/1.1" 403 18 "-" "serpstatbot/2.1 (advanced backlink tracking bot; https://serpstatbot.com/; abuse@serpstatbot.com)"
136.243.153.17 - - [13/Jun/2022:19:43:11 +0200] "GET /PodCast/Doping?action=edit HTTP/1.1" 403 18 "-" "serpstatbot/2.1 (advanced backlink tracking bot; https://serpstatbot.com/; abuse@serpstatbot.com)"
136.243.153.17 - - [13/Jun/2022:19:44:10 +0200] "GET /PodCast/Doping?action=print HTTP/1.1" 403 18 "-" "serpstatbot/2.1 (advanced backlink tracking bot; https://serpstatbot.com/; abuse@serpstatbot.com)"
136.243.153.17 - - [13/Jun/2022:19:45:08 +0200] "GET /PodCast/Doping?action=upload HTTP/1.1" 403 18 "-" "serpstatbot/2.1 (advanced backlink tracking bot; https://serpstatbot.com/; abuse@serpstatbot.com)"
136.243.153.17 - - [13/Jun/2022:19:46:05 +0200] "GET /PodCast/Eidsprofulaxe?action=edit HTTP/1.1" 403 18 "-" "serpstatbot/2.1 (advanced backlink tracking bot; https://serpstatbot.com/; abuse@serpstatbot.com)"
136.243.153.17 - - [13/Jun/2022:19:46:58 +0200] "GET /PodCast/Eidsprofulaxe?action=print HTTP/1.1" 403 18 "-" "serpstatbot/2.1 (advanced backlink tracking bot; https://serpstatbot.com/; abuse@serpstatbot.com)"
136.243.153.17 - - [13/Jun/2022:19:47:51 +0200] "GET /PodCast/Eidsprofulaxe?action=upload HTTP/1.1" 403 18 "-" "serpstatbot/2.1 (advanced backlink tracking bot; https://serpstatbot.com/; abuse@serpstatbot.com)"
136.243.153.17 - - [13/Jun/2022:19:48:46 +0200] "GET /PodCast/Email?action=diff HTTP/1.1" 403 18 "-" "serpstatbot/2.1 (advanced backlink tracking bot; https://serpstatbot.com/; abuse@serpstatbot.com)"
136.243.153.17 - - [13/Jun/2022:19:49:43 +0200] "GET /PodCast/Email?action=edit HTTP/1.1" 403 18 "-" "serpstatbot/2.1 (advanced backlink tracking bot; https://serpstatbot.com/; abuse@serpstatbot.com)"
136.243.153.17 - - [13/Jun/2022:19:50:35 +0200] "GET /PodCast/Email?action=print HTTP/1.1" 403 18 "-" "serpstatbot/2.1 (advanced backlink tracking bot; https://serpstatbot.com/; abuse@serpstatbot.com)"
136.243.153.17 - - [13/Jun/2022:19:51:30 +0200] "GET /PodCast/Email?action=upload HTTP/1.1" 403 18 "-" "serpstatbot/2.1 (advanced backlink tracking bot; https://serpstatbot.com/; abuse@serpstatbot.com)"
194.209.200.2 - - [13/Jun/2022:19:51:38 +0200] "GET /robots.txt HTTP/1.1" 200 - "-" "Mozilla/5.0 (compatible; TMMBot/0.2; +http://www.dslab.ch)/Nutch-1.15"
194.209.200.2 - - [13/Jun/2022:19:51:38 +0200] "GET /Texte/ZurcherischEnglish HTTP/1.1" 200 8274 "-" "Mozilla/5.0 (compatible; TMMBot/0.2; +http://www.dslab.ch)/Nutch-1.15"
136.243.153.17 - - [13/Jun/2022:19:52:23 +0200] "GET /PodCast/Ereuffnig?action=diff HTTP/1.1" 403 18 "-" "serpstatbot/2.1 (advanced backlink tracking bot; https://serpstatbot.com/; abuse@serpstatbot.com)"
194.209.200.2 - - [13/Jun/2022:19:52:55 +0200] "GET /Admin/Jahresbericht HTTP/1.1" 200 45530 "-" "Mozilla/5.0 (compatible; TMMBot/0.2; +http://www.dslab.ch)/Nutch-1.15"
136.243.153.17 - - [13/Jun/2022:19:53:16 +0200] "GET /PodCast/700Buezerleuh?action=edit HTTP/1.1" 403 18 "-" "serpstatbot/2.1 (advanced backlink tracking bot; https://serpstatbot.com/; abuse@serpstatbot.com)"
136.243.153.17 - - [13/Jun/2022:19:54:13 +0200] "GET /PodCast/Ereuffnig?action=print HTTP/1.1" 403 18 "-" "serpstatbot/2.1 (advanced backlink tracking bot; https://serpstatbot.com/; abuse@serpstatbot.com)"
136.243.153.17 - - [13/Jun/2022:19:54:46 +0200] "GET /PodCast/Roman1?action=diff HTTP/1.1" 403 18 "-" "serpstatbot/2.1 (advanced backlink tracking bot; https://serpstatbot.com/; abuse@serpstatbot.com)"
136.243.153.17 - - [13/Jun/2022:19:56:12 +0200] "GET /PodCast/Roman1?action=edit HTTP/1.1" 403 18 "-" "serpstatbot/2.1 (advanced backlink tracking bot; https://serpstatbot.com/; abuse@serpstatbot.com)"
194.209.200.2 - - [13/Jun/2022:19:56:44 +0200] "GET / HTTP/1.1" 200 14638 "-" "Mozilla/5.0 (compatible; TMMBot/0.2; +http://www.dslab.ch)/Nutch-1.15"
136.243.153.17 - - [13/Jun/2022:19:57:12 +0200] "GET /PodCast/Roman1?action=print HTTP/1.1" 403 18 "-" "serpstatbot/2.1 (advanced backlink tracking bot; https://serpstatbot.com/; abuse@serpstatbot.com)"
194.209.200.2 - - [13/Jun/2022:19:57:26 +0200] "GET /Texte/Bitterbeuhsi HTTP/1.1" 200 9255 "-" "Mozilla/5.0 (compatible; TMMBot/0.2; +http://www.dslab.ch)/Nutch-1.15"
194.209.200.2 - - [13/Jun/2022:19:57:35 +0200] "GET /Gast/Podcast HTTP/1.1" 200 8106 "-" "Mozilla/5.0 (compatible; TMMBot/0.2; +http://www.dslab.ch)/Nutch-1.15"
136.243.153.17 - - [13/Jun/2022:19:58:10 +0200] "GET /PodCast/Roman1?action=upload HTTP/1.1" 403 18 "-" "serpstatbot/2.1 (advanced backlink tracking bot; https://serpstatbot.com/; abuse@serpstatbot.com)"
185.191.171.3 - - [13/Jun/2022:19:58:31 +0200] "GET /robots.txt HTTP/1.1" 200 - "-" "Mozilla/5.0 (compatible; SemrushBot/7~bl; +http://www.semrush.com/bot.html)"
185.191.171.45 - - [13/Jun/2022:19:58:31 +0200] "GET /PmWikiHu/UjOldalLetrehozasa?action=edit HTTP/1.1" 403 18 "-" "Mozilla/5.0 (compatible; SemrushBot/7~bl; +http://www.semrush.com/bot.html)"
185.191.171.8 - - [13/Jun/2022:19:59:08 +0200] "GET /PmWikiDe/MailPosts HTTP/1.1" 200 16364 "-" "Mozilla/5.0 (compatible; SemrushBot/7~bl; +http://www.semrush.com/bot.html)"
136.243.153.17 - - [13/Jun/2022:20:00:06 +0200] "GET /PodCast/Amaisehugel?action=diff HTTP/1.1" 403 18 "-" "serpstatbot/2.1 (advanced backlink tracking bot; https://serpstatbot.com/; abuse@serpstatbot.com)"
136.243.153.17 - - [13/Jun/2022:20:01:06 +0200] "GET /pub/pschtellform.php HTTP/1.1" 302 - "-" "serpstatbot/2.1 (advanced backlink tracking bot; https://serpstatbot.com/; abuse@serpstatbot.com)"
136.243.153.17 - - [13/Jun/2022:20:02:05 +0200] "GET /PodCast/Erfruschig?action=upload HTTP/1.1" 403 18 "-" "serpstatbot/2.1 (advanced backlink tracking bot; https://serpstatbot.com/; abuse@serpstatbot.com)"
136.243.153.17 - - [13/Jun/2022:20:03:01 +0200] "GET /PodCast/Erinerig?action=diff HTTP/1.1" 403 18 "-" "serpstatbot/2.1 (advanced backlink tracking bot; https://serpstatbot.com/; abuse@serpstatbot.com)"
136.243.153.17 - - [13/Jun/2022:20:04:01 +0200] "GET /PodCast/Erinerig?action=edit HTTP/1.1" 403 18 "-" "serpstatbot/2.1 (advanced backlink tracking bot; https://serpstatbot.com/; abuse@serpstatbot.com)"
66.249.76.222 - - [13/Jun/2022:20:04:21 +0200] "GET /PodCast/IndexPage?action=rss HTTP/1.1" 200 6298 "-" "Mozilla/5.0 (compatible; Googlebot/2.1; +http://www.google.com/bot.html)"
136.243.153.17 - - [13/Jun/2022:20:04:59 +0200] "GET /PodCast/Erinerig?action=print HTTP/1.1" 403 18 "-" "serpstatbot/2.1 (advanced backlink tracking bot; https://serpstatbot.com/; abuse@serpstatbot.com)"
136.243.153.17 - - [13/Jun/2022:20:05:59 +0200] "GET /PodCast/Erinerig?action=upload HTTP/1.1" 403 18 "-" "serpstatbot/2.1 (advanced backlink tracking bot; https://serpstatbot.com/; abuse@serpstatbot.com)"
136.243.153.17 - - [13/Jun/2022:20:06:57 +0200] "GET /PodCast/Fanatiker?action=diff HTTP/1.1" 403 18 "-" "serpstatbot/2.1 (advanced backlink tracking bot; https://serpstatbot.com/; abuse@serpstatbot.com)"
136.243.153.17 - - [13/Jun/2022:20:07:52 +0200] "GET /PodCast/Fanatiker?action=edit HTTP/1.1" 403 18 "-" "serpstatbot/2.1 (advanced backlink tracking bot; https://serpstatbot.com/; abuse@serpstatbot.com)"
136.243.153.17 - - [13/Jun/2022:20:08:50 +0200] "GET /PodCast/Fanatiker?action=print HTTP/1.1" 403 18 "-" "serpstatbot/2.1 (advanced backlink tracking bot; https://serpstatbot.com/; abuse@serpstatbot.com)"
136.243.153.17 - - [13/Jun/2022:20:09:47 +0200] "GET /PodCast/Fanatiker?action=upload HTTP/1.1" 403 18 "-" "serpstatbot/2.1 (advanced backlink tracking bot; https://serpstatbot.com/; abuse@serpstatbot.com)"
136.243.153.17 - - [13/Jun/2022:20:10:47 +0200] "GET /PodCast/Gottesliebe?action=diff HTTP/1.1" 403 18 "-" "serpstatbot/2.1 (advanced backlink tracking bot; https://serpstatbot.com/; abuse@serpstatbot.com)"
136.243.153.17 - - [13/Jun/2022:20:11:40 +0200] "GET /PodCast/Gottesliebe?action=edit HTTP/1.1" 403 18 "-" "serpstatbot/2.1 (advanced backlink tracking bot; https://serpstatbot.com/; abuse@serpstatbot.com)"
136.243.153.17 - - [13/Jun/2022:20:12:37 +0200] "GET /PodCast/Gottesliebe?action=print HTTP/1.1" 403 18 "-" "serpstatbot/2.1 (advanced backlink tracking bot; https://serpstatbot.com/; abuse@serpstatbot.com)"
136.243.153.17 - - [13/Jun/2022:20:13:32 +0200] "GET /PodCast/Gottesliebe?action=upload HTTP/1.1" 403 18 "-" "serpstatbot/2.1 (advanced backlink tracking bot; https://serpstatbot.com/; abuse@serpstatbot.com)"
136.243.153.17 - - [13/Jun/2022:20:14:27 +0200] "GET /PodCast/Griechestroom?action=diff HTTP/1.1" 403 18 "-" "serpstatbot/2.1 (advanced backlink tracking bot; https://serpstatbot.com/; abuse@serpstatbot.com)"
136.243.153.17 - - [13/Jun/2022:20:15:26 +0200] "GET /PodCast/Griechestroom?action=edit HTTP/1.1" 403 18 "-" "serpstatbot/2.1 (advanced backlink tracking bot; https://serpstatbot.com/; abuse@serpstatbot.com)"
136.243.153.17 - - [13/Jun/2022:20:16:21 +0200] "GET /PodCast/Griechestroom?action=print HTTP/1.1" 403 18 "-" "serpstatbot/2.1 (advanced backlink tracking bot; https://serpstatbot.com/; abuse@serpstatbot.com)"
136.243.153.17 - - [13/Jun/2022:20:17:15 +0200] "GET /PodCast/Griechestroom?action=upload HTTP/1.1" 403 18 "-" "serpstatbot/2.1 (advanced backlink tracking bot; https://serpstatbot.com/; abuse@serpstatbot.com)"
136.243.153.17 - - [13/Jun/2022:20:18:09 +0200] "GET /PodCast/Missbrouhch?action=edit HTTP/1.1" 403 18 "-" "serpstatbot/2.1 (advanced backlink tracking bot; https://serpstatbot.com/; abuse@serpstatbot.com)"
136.243.153.17 - - [13/Jun/2022:20:19:04 +0200] "GET /PodCast/Missbrouhch?action=print HTTP/1.1" 403 18 "-" "serpstatbot/2.1 (advanced backlink tracking bot; https://serpstatbot.com/; abuse@serpstatbot.com)"
136.243.153.17 - - [13/Jun/2022:20:19:58 +0200] "GET /PodCast/Missbrouhch?action=upload HTTP/1.1" 403 18 "-" "serpstatbot/2.1 (advanced backlink tracking bot; https://serpstatbot.com/; abuse@serpstatbot.com)"
136.243.153.17 - - [13/Jun/2022:20:20:55 +0200] "GET /PodCast/Patriarch?action=diff HTTP/1.1" 403 18 "-" "serpstatbot/2.1 (advanced backlink tracking bot; https://serpstatbot.com/; abuse@serpstatbot.com)"
136.243.153.17 - - [13/Jun/2022:20:21:49 +0200] "GET /PodCast/Patriarch?action=edit HTTP/1.1" 403 18 "-" "serpstatbot/2.1 (advanced backlink tracking bot; https://serpstatbot.com/; abuse@serpstatbot.com)"
185.191.171.39 - - [13/Jun/2022:20:22:08 +0200] "GET /PmWikiDe/Anfangspasswoerter?action=edit HTTP/1.1" 403 18 "-" "Mozilla/5.0 (compatible; SemrushBot/7~bl; +http://www.semrush.com/bot.html)"
136.243.153.17 - - [13/Jun/2022:20:22:43 +0200] "GET /PodCast/Patriarch?action=print HTTP/1.1" 403 18 "-" "serpstatbot/2.1 (advanced backlink tracking bot; https://serpstatbot.com/; abuse@serpstatbot.com)"
136.243.153.17 - - [13/Jun/2022:20:23:38 +0200] "GET /PodCast/Patriarch?action=upload HTTP/1.1" 403 18 "-" "serpstatbot/2.1 (advanced backlink tracking bot; https://serpstatbot.com/; abuse@serpstatbot.com)"
136.243.153.17 - - [13/Jun/2022:20:24:32 +0200] "GET /PodCast/Erfruschig?action=edit HTTP/1.1" 403 18 "-" "serpstatbot/2.1 (advanced backlink tracking bot; https://serpstatbot.com/; abuse@serpstatbot.com)"
136.243.153.17 - - [13/Jun/2022:20:25:29 +0200] "GET /PodCast/Erfruschig?action=diff HTTP/1.1" 403 18 "-" "serpstatbot/2.1 (advanced backlink tracking bot; https://serpstatbot.com/; abuse@serpstatbot.com)"
136.243.153.17 - - [13/Jun/2022:20:26:21 +0200] "GET /PodCast/Ereuffnig?action=upload HTTP/1.1" 403 18 "-" "serpstatbot/2.1 (advanced backlink tracking bot; https://serpstatbot.com/; abuse@serpstatbot.com)"
136.243.153.17 - - [13/Jun/2022:20:27:22 +0200] "GET /PodCast/Ereuffnig?action=print HTTP/1.1" 403 18 "-" "serpstatbot/2.1 (advanced backlink tracking bot; https://serpstatbot.com/; abuse@serpstatbot.com)"
136.243.153.17 - - [13/Jun/2022:20:27:42 +0200] "GET /Bestellen/Pschtellformoular?action=print HTTP/1.1" 403 18 "-" "serpstatbot/2.1 (advanced backlink tracking bot; https://serpstatbot.com/; abuse@serpstatbot.com)"
194.209.200.2 - - [13/Jun/2022:20:27:59 +0200] "GET /robots.txt HTTP/1.1" 200 - "-" "Mozilla/5.0 (compatible; TMMBot/0.2; +http://www.dslab.ch)/Nutch-1.15"
194.209.200.2 - - [13/Jun/2022:20:27:59 +0200] "GET /Texte/ZurcherischEnglish HTTP/1.1" 200 8274 "-" "Mozilla/5.0 (compatible; TMMBot/0.2; +http://www.dslab.ch)/Nutch-1.15"
136.243.153.17 - - [13/Jun/2022:20:28:45 +0200] "GET /Bestellen/Pschtellformoular?action=upload HTTP/1.1" 403 18 "-" "serpstatbot/2.1 (advanced backlink tracking bot; https://serpstatbot.com/; abuse@serpstatbot.com)"
136.243.153.17 - - [13/Jun/2022:20:29:44 +0200] "GET /PodCast/101Ramft1478?action=edit HTTP/1.1" 404 18 "-" "serpstatbot/2.1 (advanced backlink tracking bot; https://serpstatbot.com/; abuse@serpstatbot.com)"
194.209.200.2 - - [13/Jun/2022:20:30:27 +0200] "GET /Texte/ArsAmatoria HTTP/1.1" 200 12369 "-" "Mozilla/5.0 (compatible; TMMBot/0.2; +http://www.dslab.ch)/Nutch-1.15"
136.243.153.17 - - [13/Jun/2022:20:31:37 +0200] "GET /PodCast/Erfruschig?action=print HTTP/1.1" 403 18 "-" "serpstatbot/2.1 (advanced backlink tracking bot; https://serpstatbot.com/; abuse@serpstatbot.com)"
136.243.153.17 - - [13/Jun/2022:20:32:35 +0200] "GET /PodCast/Styluebige?action=diff HTTP/1.1" 403 18 "-" "serpstatbot/2.1 (advanced backlink tracking bot; https://serpstatbot.com/; abuse@serpstatbot.com)"
194.209.200.2 - - [13/Jun/2022:20:33:09 +0200] "GET / HTTP/1.1" 200 14638 "-" "Mozilla/5.0 (compatible; TMMBot/0.2; +http://www.dslab.ch)/Nutch-1.15"
136.243.153.17 - - [13/Jun/2022:20:33:29 +0200] "GET /PodCast/Styluebige?action=edit HTTP/1.1" 403 18 "-" "serpstatbot/2.1 (advanced backlink tracking bot; https://serpstatbot.com/; abuse@serpstatbot.com)"
88.198.140.4 - - [13/Jun/2022:20:33:47 +0200] "GET / HTTP/1.1" 200 14638 "http://www.webwiki.ch/www.pro-zurituutsch.ch" "Mozilla/5.0 (Windows NT 6.1; WOW64; rv:41.0) Gecko/20100101 Firefox/41.0"
88.198.140.4 - - [13/Jun/2022:20:33:47 +0200] "GET /robots.txt HTTP/1.1" 200 - "" "Mozilla/5.0 (Windows NT 6.1; WOW64; rv:41.0) Gecko/20100101 Firefox/41.0"
194.209.200.2 - - [13/Jun/2022:20:33:52 +0200] "GET /Texte/Bitterbeuhsi HTTP/1.1" 200 9255 "-" "Mozilla/5.0 (compatible; TMMBot/0.2; +http://www.dslab.ch)/Nutch-1.15"
194.209.200.2 - - [13/Jun/2022:20:34:02 +0200] "GET /Gast/Podcast HTTP/1.1" 200 8106 "-" "Mozilla/5.0 (compatible; TMMBot/0.2; +http://www.dslab.ch)/Nutch-1.15"
136.243.153.17 - - [13/Jun/2022:20:34:26 +0200] "GET /PodCast/Metamorfoose?action=diff HTTP/1.1" 403 18 "-" "serpstatbot/2.1 (advanced backlink tracking bot; https://serpstatbot.com/; abuse@serpstatbot.com)"
136.243.153.17 - - [13/Jun/2022:20:35:22 +0200] "GET /PodCast/Rassewaan?action=print HTTP/1.1" 403 18 "-" "serpstatbot/2.1 (advanced backlink tracking bot; https://serpstatbot.com/; abuse@serpstatbot.com)"
136.243.153.17 - - [13/Jun/2022:20:36:16 +0200] "GET /PodCast/Ggloge?action=print HTTP/1.1" 403 18 "-" "serpstatbot/2.1 (advanced backlink tracking bot; https://serpstatbot.com/; abuse@serpstatbot.com)"
54.36.148.59 - - [13/Jun/2022:20:37:03 +0200] "GET / HTTP/1.1" 200 14638 "-" "Mozilla/5.0 (compatible; AhrefsBot/7.0; +http://ahrefs.com/robot/)"
136.243.153.17 - - [13/Jun/2022:20:37:11 +0200] "GET /PodCast/Ggloge?action=upload HTTP/1.1" 403 18 "-" "serpstatbot/2.1 (advanced backlink tracking bot; https://serpstatbot.com/; abuse@serpstatbot.com)"
136.243.153.17 - - [13/Jun/2022:20:38:09 +0200] "GET /PodCast/Glawbessund?action=diff HTTP/1.1" 403 18 "-" "serpstatbot/2.1 (advanced backlink tracking bot; https://serpstatbot.com/; abuse@serpstatbot.com)"
136.243.153.17 - - [13/Jun/2022:20:39:04 +0200] "GET /PodCast/Glawbessund?action=edit HTTP/1.1" 403 18 "-" "serpstatbot/2.1 (advanced backlink tracking bot; https://serpstatbot.com/; abuse@serpstatbot.com)"
136.243.153.17 - - [13/Jun/2022:20:39:59 +0200] "GET /PodCast/Glawbessund?action=print HTTP/1.1" 403 18 "-" "serpstatbot/2.1 (advanced backlink tracking bot; https://serpstatbot.com/; abuse@serpstatbot.com)"
136.243.153.17 - - [13/Jun/2022:20:40:56 +0200] "GET /PodCast/Glawbessund?action=upload HTTP/1.1" 403 18 "-" "serpstatbot/2.1 (advanced backlink tracking bot; https://serpstatbot.com/; abuse@serpstatbot.com)"
66.249.76.193 - - [13/Jun/2022:20:41:50 +0200] "GET /PodCast/IndexPage?action=rss HTTP/1.1" 200 6298 "-" "Mozilla/5.0 (Linux; Android 6.0.1; Nexus 5X Build/MMB29P) AppleWebKit/537.36 (KHTML, like Gecko) Chrome/102.0.5005.61 Mobile Safari/537.36 (compatible; Googlebot/2.1; +http://www.google.com/bot.html)"
136.243.153.17 - - [13/Jun/2022:20:41:51 +0200] "GET /PodCast/Goliat?action=diff HTTP/1.1" 403 18 "-" "serpstatbot/2.1 (advanced backlink tracking bot; https://serpstatbot.com/; abuse@serpstatbot.com)"
66.249.76.222 - - [13/Jun/2022:20:42:40 +0200] "GET / HTTP/1.1" 200 14638 "-" "Mozilla/5.0 (Linux; Android 6.0.1; Nexus 5X Build/MMB29P) AppleWebKit/537.36 (KHTML, like Gecko) Chrome/102.0.5005.61 Mobile Safari/537.36 (compatible; Googlebot/2.1; +http://www.google.com/bot.html)"
136.243.153.17 - - [13/Jun/2022:20:42:45 +0200] "GET /PodCast/Goliat?action=edit HTTP/1.1" 403 18 "-" "serpstatbot/2.1 (advanced backlink tracking bot; https://serpstatbot.com/; abuse@serpstatbot.com)"
66.249.76.220 - - [13/Jun/2022:20:43:02 +0200] "GET / HTTP/1.1" 200 14638 "-" "Mozilla/5.0 (Linux; Android 6.0.1; Nexus 5X Build/MMB29P) AppleWebKit/537.36 (KHTML, like Gecko) Chrome/99.0.4844.84 Mobile Safari/537.36 (compatible; Googlebot/2.1; +http://www.google.com/bot.html)"
66.249.76.220 - - [13/Jun/2022:20:43:03 +0200] "GET / HTTP/1.1" 200 14638 "-" "Mozilla/5.0 (compatible; Googlebot/2.1; +http://www.google.com/bot.html)"
66.249.76.220 - - [13/Jun/2022:20:43:05 +0200] "GET /favicon.ico HTTP/1.1" 200 1406 "-" "Googlebot-Image/1.0"
66.249.76.220 - - [13/Jun/2022:20:43:05 +0200] "GET /pub/skins/pro-zurituutsch/images/favicon.ico HTTP/1.1" 200 1406 "-" "Googlebot-Image/1.0"
136.243.153.17 - - [13/Jun/2022:20:43:40 +0200] "GET /PodCast/Goliat?action=print HTTP/1.1" 403 18 "-" "serpstatbot/2.1 (advanced backlink tracking bot; https://serpstatbot.com/; abuse@serpstatbot.com)"
136.243.153.17 - - [13/Jun/2022:20:44:36 +0200] "GET /PodCast/Goliat?action=upload HTTP/1.1" 403 18 "-" "serpstatbot/2.1 (advanced backlink tracking bot; https://serpstatbot.com/; abuse@serpstatbot.com)"
136.243.153.17 - - [13/Jun/2022:20:45:32 +0200] "GET /PodCast/Gramatik?action=diff HTTP/1.1" 403 18 "-" "serpstatbot/2.1 (advanced backlink tracking bot; https://serpstatbot.com/; abuse@serpstatbot.com)"
136.243.153.17 - - [13/Jun/2022:20:46:28 +0200] "GET /PodCast/Gramatik?action=edit HTTP/1.1" 403 18 "-" "serpstatbot/2.1 (advanced backlink tracking bot; https://serpstatbot.com/; abuse@serpstatbot.com)"
136.243.153.17 - - [13/Jun/2022:20:47:23 +0200] "GET /PodCast/Gramatik?action=print HTTP/1.1" 403 18 "-" "serpstatbot/2.1 (advanced backlink tracking bot; https://serpstatbot.com/; abuse@serpstatbot.com)"
136.243.153.17 - - [13/Jun/2022:20:48:20 +0200] "GET /PodCast/Gramatik?action=upload HTTP/1.1" 403 18 "-" "serpstatbot/2.1 (advanced backlink tracking bot; https://serpstatbot.com/; abuse@serpstatbot.com)"
136.243.153.17 - - [13/Jun/2022:20:49:17 +0200] "GET /PodCast/Liebhaber1?action=diff HTTP/1.1" 403 18 "-" "serpstatbot/2.1 (advanced backlink tracking bot; https://serpstatbot.com/; abuse@serpstatbot.com)"
185.191.171.40 - - [13/Jun/2022:20:50:11 +0200] "GET /PmWikiFr/WikiStyleColors?action=print HTTP/1.1" 403 18 "-" "Mozilla/5.0 (compatible; SemrushBot/7~bl; +http://www.semrush.com/bot.html)"
136.243.153.17 - - [13/Jun/2022:20:50:13 +0200] "GET /PodCast/Liebhaber1?action=edit HTTP/1.1" 403 18 "-" "serpstatbot/2.1 (advanced backlink tracking bot; https://serpstatbot.com/; abuse@serpstatbot.com)"
136.243.153.17 - - [13/Jun/2022:20:51:09 +0200] "GET /PodCast/Liebhaber1?action=print HTTP/1.1" 403 18 "-" "serpstatbot/2.1 (advanced backlink tracking bot; https://serpstatbot.com/; abuse@serpstatbot.com)"
136.243.153.17 - - [13/Jun/2022:20:52:06 +0200] "GET /PodCast/Ggloge?action=edit HTTP/1.1" 403 18 "-" "serpstatbot/2.1 (advanced backlink tracking bot; https://serpstatbot.com/; abuse@serpstatbot.com)"
136.243.153.17 - - [13/Jun/2022:20:53:01 +0200] "GET /PodCast/Liebhaber2?action=diff HTTP/1.1" 403 18 "-" "serpstatbot/2.1 (advanced backlink tracking bot; https://serpstatbot.com/; abuse@serpstatbot.com)"
136.243.153.17 - - [13/Jun/2022:20:53:58 +0200] "GET /PodCast/Liebhaber2?action=edit HTTP/1.1" 403 18 "-" "serpstatbot/2.1 (advanced backlink tracking bot; https://serpstatbot.com/; abuse@serpstatbot.com)"
136.243.153.17 - - [13/Jun/2022:20:54:53 +0200] "GET /PodCast/Liebhaber2?action=print HTTP/1.1" 403 18 "-" "serpstatbot/2.1 (advanced backlink tracking bot; https://serpstatbot.com/; abuse@serpstatbot.com)"
136.243.153.17 - - [13/Jun/2022:20:55:49 +0200] "GET /PodCast/Liebhaber2?action=upload HTTP/1.1" 403 18 "-" "serpstatbot/2.1 (advanced backlink tracking bot; https://serpstatbot.com/; abuse@serpstatbot.com)"
136.243.153.17 - - [13/Jun/2022:20:56:44 +0200] "GET /PodCast/Limerick121314?action=diff HTTP/1.1" 403 18 "-" "serpstatbot/2.1 (advanced backlink tracking bot; https://serpstatbot.com/; abuse@serpstatbot.com)"
185.191.171.39 - - [13/Jun/2022:20:57:01 +0200] "GET /PmWiki/PathVariables HTTP/1.1" 200 24179 "-" "Mozilla/5.0 (compatible; SemrushBot/7~bl; +http://www.semrush.com/bot.html)"
136.243.153.17 - - [13/Jun/2022:20:57:41 +0200] "GET /PodCast/Limerick121314?action=edit HTTP/1.1" 403 18 "-" "serpstatbot/2.1 (advanced backlink tracking bot; https://serpstatbot.com/; abuse@serpstatbot.com)"
136.243.153.17 - - [13/Jun/2022:20:58:37 +0200] "GET /PodCast/Limerick121314?action=print HTTP/1.1" 403 18 "-" "serpstatbot/2.1 (advanced backlink tracking bot; https://serpstatbot.com/; abuse@serpstatbot.com)"
194.209.200.2 - - [13/Jun/2022:20:58:49 +0200] "GET /robots.txt HTTP/1.1" 200 - "-" "Mozilla/5.0 (compatible; TMMBot/0.2; +http://www.dslab.ch)/Nutch-1.15"
194.209.200.2 - - [13/Jun/2022:20:58:49 +0200] "GET /Texte/ZurcherischEnglish HTTP/1.1" 200 8274 "-" "Mozilla/5.0 (compatible; TMMBot/0.2; +http://www.dslab.ch)/Nutch-1.15"
136.243.153.17 - - [13/Jun/2022:20:59:32 +0200] "GET /PodCast/Limerick121314?action=upload HTTP/1.1" 403 18 "-" "serpstatbot/2.1 (advanced backlink tracking bot; https://serpstatbot.com/; abuse@serpstatbot.com)"
194.209.200.2 - - [13/Jun/2022:21:00:08 +0200] "GET /Admin/Jahresbericht HTTP/1.1" 200 45530 "-" "Mozilla/5.0 (compatible; TMMBot/0.2; +http://www.dslab.ch)/Nutch-1.15"
136.243.153.17 - - [13/Jun/2022:21:00:15 +0200] "GET /PodCast/MNtsch?action=edit HTTP/1.1" 404 18 "-" "serpstatbot/2.1 (advanced backlink tracking bot; https://serpstatbot.com/; abuse@serpstatbot.com)"
62.138.2.160 - - [13/Jun/2022:21:01:47 +0200] "GET /robots.txt HTTP/1.1" 200 - "-" "SEO Scanner/1.2.4 (SEO Crawler; seoscanners.info; info@seoscanners.info)"
62.138.2.160 - - [13/Jun/2022:21:01:47 +0200] "GET / HTTP/1.1" 200 14638 "-" "SEO Scanner/1.2.4 (SEO Crawler; seoscanners.info; info@seoscanners.info)"
136.243.153.17 - - [13/Jun/2022:21:01:49 +0200] "GET /PodCast/SeuLisprint?action=edit HTTP/1.1" 404 18 "-" "serpstatbot/2.1 (advanced backlink tracking bot; https://serpstatbot.com/; abuse@serpstatbot.com)"
136.243.153.17 - - [13/Jun/2022:21:02:53 +0200] "GET /PodCast/PodCast?action=upload HTTP/1.1" 403 18 "-" "serpstatbot/2.1 (advanced backlink tracking bot; https://serpstatbot.com/; abuse@serpstatbot.com)"
194.209.200.2 - - [13/Jun/2022:21:03:59 +0200] "GET / HTTP/1.1" 200 14638 "-" "Mozilla/5.0 (compatible; TMMBot/0.2; +http://www.dslab.ch)/Nutch-1.15"
194.209.200.2 - - [13/Jun/2022:21:04:42 +0200] "GET /Texte/Bitterbeuhsi HTTP/1.1" 200 9255 "-" "Mozilla/5.0 (compatible; TMMBot/0.2; +http://www.dslab.ch)/Nutch-1.15"
194.209.200.2 - - [13/Jun/2022:21:04:52 +0200] "GET /Gast/Podcast HTTP/1.1" 200 8106 "-" "Mozilla/5.0 (compatible; TMMBot/0.2; +http://www.dslab.ch)/Nutch-1.15"
136.243.153.17 - - [13/Jun/2022:21:04:59 +0200] "GET /PodCast/Frueligsschwyge?action=diff HTTP/1.1" 403 18 "-" "serpstatbot/2.1 (advanced backlink tracking bot; https://serpstatbot.com/; abuse@serpstatbot.com)"
185.191.171.38 - - [13/Jun/2022:21:05:40 +0200] "GET /robots.txt HTTP/1.1" 200 - "-" "Mozilla/5.0 (compatible; SemrushBot/7~bl; +http://www.semrush.com/bot.html)"
185.191.171.15 - - [13/Jun/2022:21:05:40 +0200] "GET /PmWikiFr/UploadQuickReference HTTP/1.1" 200 10712 "-" "Mozilla/5.0 (compatible; SemrushBot/7~bl; +http://www.semrush.com/bot.html)"
185.191.171.42 - - [13/Jun/2022:21:05:53 +0200] "GET /PmWikiFr/Passwords?action=diff HTTP/1.1" 403 18 "-" "Mozilla/5.0 (compatible; SemrushBot/7~bl; +http://www.semrush.com/bot.html)"
136.243.153.17 - - [13/Jun/2022:21:06:02 +0200] "GET /PodCast/Stuurchrieg?action=print HTTP/1.1" 403 18 "-" "serpstatbot/2.1 (advanced backlink tracking bot; https://serpstatbot.com/; abuse@serpstatbot.com)"
85.25.177.219 - - [13/Jun/2022:21:06:10 +0200] "GET /Admin/Links HTTP/1.1" 200 14193 "-" "SEO Scanner/1.2.4 (SEO Crawler; seoscanners.info; info@seoscanners.info)"
136.243.153.17 - - [13/Jun/2022:21:07:07 +0200] "GET /PodCast/Liebhaber1?action=upload HTTP/1.1" 403 18 "-" "serpstatbot/2.1 (advanced backlink tracking bot; https://serpstatbot.com/; abuse@serpstatbot.com)"
136.243.153.17 - - [13/Jun/2022:21:08:09 +0200] "GET /PodCast/Limerick911?action=diff HTTP/1.1" 403 18 "-" "serpstatbot/2.1 (advanced backlink tracking bot; https://serpstatbot.com/; abuse@serpstatbot.com)"
136.243.153.17 - - [13/Jun/2022:21:09:11 +0200] "GET /PodCast/Limerick911?action=edit HTTP/1.1" 403 18 "-" "serpstatbot/2.1 (advanced backlink tracking bot; https://serpstatbot.com/; abuse@serpstatbot.com)"
136.243.153.17 - - [13/Jun/2022:21:10:13 +0200] "GET /PodCast/Limerick911?action=print HTTP/1.1" 403 18 "-" "serpstatbot/2.1 (advanced backlink tracking bot; https://serpstatbot.com/; abuse@serpstatbot.com)"
185.191.171.38 - - [13/Jun/2022:21:10:44 +0200] "GET /PmWikiFr/Security?action=diff HTTP/1.1" 403 18 "-" "Mozilla/5.0 (compatible; SemrushBot/7~bl; +http://www.semrush.com/bot.html)"
136.243.153.17 - - [13/Jun/2022:21:11:15 +0200] "GET /PodCast/Limerick911?action=upload HTTP/1.1" 403 18 "-" "serpstatbot/2.1 (advanced backlink tracking bot; https://serpstatbot.com/; abuse@serpstatbot.com)"
66.249.76.222 - - [13/Jun/2022:21:11:35 +0200] "GET /PodCast/IndexPage?action=rss HTTP/1.1" 200 6298 "-" "Mozilla/5.0 (compatible; Googlebot/2.1; +http://www.google.com/bot.html)"
85.25.177.219 - - [13/Jun/2022:21:11:58 +0200] "GET /Admin/ZurStiftung HTTP/1.1" 200 10864 "-" "SEO Scanner/1.2.4 (SEO Crawler; seoscanners.info; info@seoscanners.info)"
136.243.153.17 - - [13/Jun/2022:21:12:14 +0200] "GET /PodCast/Lobbiing?action=diff HTTP/1.1" 403 18 "-" "serpstatbot/2.1 (advanced backlink tracking bot; https://serpstatbot.com/; abuse@serpstatbot.com)"
216.145.5.42 - - [13/Jun/2022:21:12:15 +0200] "GET /robots.txt HTTP/1.0" 200 - "-" "Mozilla/5.0 (Macintosh; Intel Mac OS X 10.10; rv:59.0) Gecko/20100101 Firefox/59.0"
216.145.5.42 - - [13/Jun/2022:21:12:16 +0200] "GET / HTTP/1.1" 200 14638 "-" "Mozilla/5.0 (Macintosh; Intel Mac OS X 10.10; rv:59.0) Gecko/20100101 Firefox/59.0"
136.243.153.17 - - [13/Jun/2022:21:13:14 +0200] "GET /PodCast/Lobbiing?action=edit HTTP/1.1" 403 18 "-" "serpstatbot/2.1 (advanced backlink tracking bot; https://serpstatbot.com/; abuse@serpstatbot.com)"
136.243.153.17 - - [13/Jun/2022:21:14:14 +0200] "GET /PodCast/Lobbiing?action=print HTTP/1.1" 403 18 "-" "serpstatbot/2.1 (advanced backlink tracking bot; https://serpstatbot.com/; abuse@serpstatbot.com)"
136.243.153.17 - - [13/Jun/2022:21:15:15 +0200] "GET /PodCast/Lobbiing?action=upload HTTP/1.1" 403 18 "-" "serpstatbot/2.1 (advanced backlink tracking bot; https://serpstatbot.com/; abuse@serpstatbot.com)"
136.243.153.17 - - [13/Jun/2022:21:16:15 +0200] "GET /PodCast/Frueligsschwyge?action=upload HTTP/1.1" 403 18 "-" "serpstatbot/2.1 (advanced backlink tracking bot; https://serpstatbot.com/; abuse@serpstatbot.com)"
136.243.153.17 - - [13/Jun/2022:21:17:16 +0200] "GET /PodCast/Maitli?action=diff HTTP/1.1" 403 18 "-" "serpstatbot/2.1 (advanced backlink tracking bot; https://serpstatbot.com/; abuse@serpstatbot.com)"
54.36.148.172 - - [13/Jun/2022:21:17:18 +0200] "GET /robots.txt HTTP/1.1" 200 - "-" "Mozilla/5.0 (compatible; AhrefsBot/7.0; +http://ahrefs.com/robot/)"
54.36.148.4 - - [13/Jun/2022:21:17:19 +0200] "GET /PmWikiFr/AdminFr HTTP/1.1" 302 196 "-" "Mozilla/5.0 (compatible; AhrefsBot/7.0; +http://ahrefs.com/robot/)"
136.243.153.17 - - [13/Jun/2022:21:18:13 +0200] "GET /PodCast/Maitli?action=edit HTTP/1.1" 403 18 "-" "serpstatbot/2.1 (advanced backlink tracking bot; https://serpstatbot.com/; abuse@serpstatbot.com)"
85.25.177.219 - - [13/Jun/2022:21:19:09 +0200] "GET /Main/Home HTTP/1.1" 200 14638 "-" "SEO Scanner/1.2.4 (SEO Crawler; seoscanners.info; info@seoscanners.info)"
136.243.153.17 - - [13/Jun/2022:21:19:13 +0200] "GET /PodCast/Maitli?action=print HTTP/1.1" 403 18 "-" "serpstatbot/2.1 (advanced backlink tracking bot; https://serpstatbot.com/; abuse@serpstatbot.com)"
185.191.171.23 - - [13/Jun/2022:21:19:56 +0200] "GET /PmWikiRu/AvailableActions?action=edit HTTP/1.1" 403 18 "-" "Mozilla/5.0 (compatible; SemrushBot/7~bl; +http://www.semrush.com/bot.html)"
136.243.153.17 - - [13/Jun/2022:21:20:15 +0200] "GET /PodCast/Maitli?action=upload HTTP/1.1" 403 18 "-" "serpstatbot/2.1 (advanced backlink tracking bot; https://serpstatbot.com/; abuse@serpstatbot.com)"
136.243.153.17 - - [13/Jun/2022:21:21:14 +0200] "GET /PodCast/Metamorfoose?action=edit HTTP/1.1" 403 18 "-" "serpstatbot/2.1 (advanced backlink tracking bot; https://serpstatbot.com/; abuse@serpstatbot.com)"
136.243.153.17 - - [13/Jun/2022:21:22:13 +0200] "GET /PodCast/Metamorfoose?action=print HTTP/1.1" 403 18 "-" "serpstatbot/2.1 (advanced backlink tracking bot; https://serpstatbot.com/; abuse@serpstatbot.com)"
85.25.177.219 - - [13/Jun/2022:21:22:19 +0200] "GET /Texte/Bitterbeuhsi HTTP/1.1" 200 9255 "-" "SEO Scanner/1.2.4 (SEO Crawler; seoscanners.info; info@seoscanners.info)"
136.243.153.17 - - [13/Jun/2022:21:23:12 +0200] "GET /PodCast/Metamorfoose?action=upload HTTP/1.1" 403 18 "-" "serpstatbot/2.1 (advanced backlink tracking bot; https://serpstatbot.com/; abuse@serpstatbot.com)"
136.243.153.17 - - [13/Jun/2022:21:24:15 +0200] "GET /PodCast/Nostalgy?action=diff HTTP/1.1" 403 18 "-" "serpstatbot/2.1 (advanced backlink tracking bot; https://serpstatbot.com/; abuse@serpstatbot.com)"
136.243.153.17 - - [13/Jun/2022:21:25:14 +0200] "GET /PodCast/Ggloge?action=diff HTTP/1.1" 403 18 "-" "serpstatbot/2.1 (advanced backlink tracking bot; https://serpstatbot.com/; abuse@serpstatbot.com)"
85.25.177.219 - - [13/Jun/2022:21:26:05 +0200] "GET /Hilfe/AnleitungTonbeispiele HTTP/1.1" 200 9878 "-" "SEO Scanner/1.2.4 (SEO Crawler; seoscanners.info; info@seoscanners.info)"
136.243.153.17 - - [13/Jun/2022:21:26:13 +0200] "GET /PodCast/Nostalgy?action=print HTTP/1.1" 403 18 "-" "serpstatbot/2.1 (advanced backlink tracking bot; https://serpstatbot.com/; abuse@serpstatbot.com)"
85.25.177.219 - - [13/Jun/2022:21:26:41 +0200] "GET /Main/Home?action=diff HTTP/1.1" 403 18 "-" "SEO Scanner/1.2.4 (SEO Crawler; seoscanners.info; info@seoscanners.info)"
136.243.153.17 - - [13/Jun/2022:21:27:12 +0200] "GET /PodCast/Nostalgy?action=upload HTTP/1.1" 403 18 "-" "serpstatbot/2.1 (advanced backlink tracking bot; https://serpstatbot.com/; abuse@serpstatbot.com)"
136.243.153.17 - - [13/Jun/2022:21:28:10 +0200] "GET /PodCast/Frueligsschwyge?action=print HTTP/1.1" 403 18 "-" "serpstatbot/2.1 (advanced backlink tracking bot; https://serpstatbot.com/; abuse@serpstatbot.com)"
136.243.153.17 - - [13/Jun/2022:21:29:09 +0200] "GET /PodCast/Propagandakraty?action=diff HTTP/1.1" 403 18 "-" "serpstatbot/2.1 (advanced backlink tracking bot; https://serpstatbot.com/; abuse@serpstatbot.com)"
185.191.171.35 - - [13/Jun/2022:21:29:53 +0200] "GET /PmWikiDe/PageDirectives?action=diff HTTP/1.1" 403 18 "-" "Mozilla/5.0 (compatible; SemrushBot/7~bl; +http://www.semrush.com/bot.html)"
136.243.153.17 - - [13/Jun/2022:21:30:06 +0200] "GET /PodCast/Propagandakraty?action=edit HTTP/1.1" 403 18 "-" "serpstatbot/2.1 (advanced backlink tracking bot; https://serpstatbot.com/; abuse@serpstatbot.com)"
85.25.177.219 - - [13/Jun/2022:21:30:35 +0200] "GET /robots.txt HTTP/1.1" 200 - "-" "SEO Scanner/1.2.4 (SEO Crawler; seoscanners.info; info@seoscanners.info)"
85.25.177.219 - - [13/Jun/2022:21:30:36 +0200] "GET /Admin/Links?action=upload HTTP/1.1" 403 18 "-" "SEO Scanner/1.2.4 (SEO Crawler; seoscanners.info; info@seoscanners.info)"
136.243.153.17 - - [13/Jun/2022:21:31:04 +0200] "GET /PodCast/Propagandakraty?action=print HTTP/1.1" 403 18 "-" "serpstatbot/2.1 (advanced backlink tracking bot; https://serpstatbot.com/; abuse@serpstatbot.com)"
136.243.153.17 - - [13/Jun/2022:21:32:02 +0200] "GET /PodCast/Propagandakraty?action=upload HTTP/1.1" 403 18 "-" "serpstatbot/2.1 (advanced backlink tracking bot; https://serpstatbot.com/; abuse@serpstatbot.com)"
194.209.200.2 - - [13/Jun/2022:21:32:25 +0200] "GET /robots.txt HTTP/1.1" 200 - "-" "Mozilla/5.0 (compatible; TMMBot/0.2; +http://www.dslab.ch)/Nutch-1.15"
194.209.200.2 - - [13/Jun/2022:21:32:25 +0200] "GET /Texte/ZurcherischEnglish HTTP/1.1" 200 8274 "-" "Mozilla/5.0 (compatible; TMMBot/0.2; +http://www.dslab.ch)/Nutch-1.15"
136.243.153.17 - - [13/Jun/2022:21:33:03 +0200] "GET /PodCast/Puzzle?action=diff HTTP/1.1" 403 18 "-" "serpstatbot/2.1 (advanced backlink tracking bot; https://serpstatbot.com/; abuse@serpstatbot.com)"
136.243.153.17 - - [13/Jun/2022:21:33:12 +0200] "GET /PodCast/Leerbouech?action=edit HTTP/1.1" 404 18 "-" "serpstatbot/2.1 (advanced backlink tracking bot; https://serpstatbot.com/; abuse@serpstatbot.com)"
136.243.153.17 - - [13/Jun/2022:21:34:42 +0200] "GET /Bestellen/Pschtellformoular?action=edit HTTP/1.1" 403 18 "-" "serpstatbot/2.1 (advanced backlink tracking bot; https://serpstatbot.com/; abuse@serpstatbot.com)"
136.243.153.17 - - [13/Jun/2022:21:35:54 +0200] "GET /PodCast/102Ramft1478?action=edit HTTP/1.1" 404 18 "-" "serpstatbot/2.1 (advanced backlink tracking bot; https://serpstatbot.com/; abuse@serpstatbot.com)"
136.243.153.17 - - [13/Jun/2022:21:37:00 +0200] "GET /PodCast/WGA1Begaabig?action=edit HTTP/1.1" 404 18 "-" "serpstatbot/2.1 (advanced backlink tracking bot; https://serpstatbot.com/; abuse@serpstatbot.com)"
194.209.200.2 - - [13/Jun/2022:21:37:33 +0200] "GET / HTTP/1.1" 200 14638 "-" "Mozilla/5.0 (compatible; TMMBot/0.2; +http://www.dslab.ch)/Nutch-1.15"
136.243.153.17 - - [13/Jun/2022:21:38:06 +0200] "GET /Bestellen/Pschtellformoular?action=diff HTTP/1.1" 403 18 "-" "serpstatbot/2.1 (advanced backlink tracking bot; https://serpstatbot.com/; abuse@serpstatbot.com)"
194.209.200.2 - - [13/Jun/2022:21:38:15 +0200] "GET /Texte/Bitterbeuhsi HTTP/1.1" 200 9255 "-" "Mozilla/5.0 (compatible; TMMBot/0.2; +http://www.dslab.ch)/Nutch-1.15"
194.209.200.2 - - [13/Jun/2022:21:38:24 +0200] "GET /Gast/Podcast HTTP/1.1" 200 8106 "-" "Mozilla/5.0 (compatible; TMMBot/0.2; +http://www.dslab.ch)/Nutch-1.15"
136.243.153.17 - - [13/Jun/2022:21:39:11 +0200] "GET /PodCast/MI2009?action=edit HTTP/1.1" 404 18 "-" "serpstatbot/2.1 (advanced backlink tracking bot; https://serpstatbot.com/; abuse@serpstatbot.com)"
136.243.153.17 - - [13/Jun/2022:21:41:14 +0200] "GET /PodCast/Stolz?action=edit HTTP/1.1" 403 18 "-" "serpstatbot/2.1 (advanced backlink tracking bot; https://serpstatbot.com/; abuse@serpstatbot.com)"
85.25.177.219 - - [13/Jun/2022:21:41:15 +0200] "GET /Texte/Roman HTTP/1.1" 200 38741 "-" "SEO Scanner/1.2.4 (SEO Crawler; seoscanners.info; info@seoscanners.info)"
185.191.171.24 - - [13/Jun/2022:21:41:42 +0200] "GET /PmWikiCs/PmWikiCs?action=upload HTTP/1.1" 403 18 "-" "Mozilla/5.0 (compatible; SemrushBot/7~bl; +http://www.semrush.com/bot.html)"
185.191.171.11 - - [13/Jun/2022:21:41:44 +0200] "GET /PmWikiRu/BasicVariables?action=edit HTTP/1.1" 404 18 "-" "Mozilla/5.0 (compatible; SemrushBot/7~bl; +http://www.semrush.com/bot.html)"
136.243.153.17 - - [13/Jun/2022:21:42:17 +0200] "GET /PodCast/Finanzsischteem?action=diff HTTP/1.1" 403 18 "-" "serpstatbot/2.1 (advanced backlink tracking bot; https://serpstatbot.com/; abuse@serpstatbot.com)"
136.243.153.17 - - [13/Jun/2022:21:43:19 +0200] "GET /PodCast/Gagetail?action=diff HTTP/1.1" 403 18 "-" "serpstatbot/2.1 (advanced backlink tracking bot; https://serpstatbot.com/; abuse@serpstatbot.com)"
136.243.153.17 - - [13/Jun/2022:21:44:20 +0200] "GET /PodCast/Gagetail?action=edit HTTP/1.1" 403 18 "-" "serpstatbot/2.1 (advanced backlink tracking bot; https://serpstatbot.com/; abuse@serpstatbot.com)"
136.243.153.17 - - [13/Jun/2022:21:45:24 +0200] "GET /PodCast/Gagetail?action=print HTTP/1.1" 403 18 "-" "serpstatbot/2.1 (advanced backlink tracking bot; https://serpstatbot.com/; abuse@serpstatbot.com)"
136.243.153.17 - - [13/Jun/2022:21:46:25 +0200] "GET /PodCast/Gagetail?action=upload HTTP/1.1" 403 18 "-" "serpstatbot/2.1 (advanced backlink tracking bot; https://serpstatbot.com/; abuse@serpstatbot.com)"
136.243.153.17 - - [13/Jun/2022:21:47:27 +0200] "GET /PodCast/Finanzsischteem?action=upload HTTP/1.1" 403 18 "-" "serpstatbot/2.1 (advanced backlink tracking bot; https://serpstatbot.com/; abuse@serpstatbot.com)"
85.25.177.219 - - [13/Jun/2022:21:48:05 +0200] "GET /Main/Home?action=print HTTP/1.1" 403 18 "-" "SEO Scanner/1.2.4 (SEO Crawler; seoscanners.info; info@seoscanners.info)"
136.243.153.17 - - [13/Jun/2022:21:48:27 +0200] "GET /PodCast/Finanzsischteem?action=print HTTP/1.1" 403 18 "-" "serpstatbot/2.1 (advanced backlink tracking bot; https://serpstatbot.com/; abuse@serpstatbot.com)"
136.243.153.17 - - [13/Jun/2022:21:49:27 +0200] "GET /PodCast/Nostalgy?action=edit HTTP/1.1" 403 18 "-" "serpstatbot/2.1 (advanced backlink tracking bot; https://serpstatbot.com/; abuse@serpstatbot.com)"
136.243.153.17 - - [13/Jun/2022:21:51:28 +0200] "GET /PodCast/Puzzle?action=edit HTTP/1.1" 403 18 "-" "serpstatbot/2.1 (advanced backlink tracking bot; https://serpstatbot.com/; abuse@serpstatbot.com)"
162.55.85.227 - - [13/Jun/2022:21:52:15 +0200] "GET /robots.txt HTTP/1.1" 200 - "-" "Mozilla/5.0 (compatible; BLEXBot/1.0; +http://webmeup-crawler.com/)"
162.55.85.227 - - [13/Jun/2022:21:52:15 +0200] "GET /sitemap HTTP/1.1" 404 273 "-" "Mozilla/5.0 (compatible; BLEXBot/1.0; +http://webmeup-crawler.com/)"
162.55.85.227 - - [13/Jun/2022:21:52:20 +0200] "GET /robots.txt HTTP/1.1" 200 - "-" "Mozilla/5.0 (compatible; BLEXBot/1.0; +http://webmeup-crawler.com/)"
162.55.85.227 - - [13/Jun/2022:21:52:20 +0200] "GET /sitemap HTTP/1.1" 404 277 "-" "Mozilla/5.0 (compatible; BLEXBot/1.0; +http://webmeup-crawler.com/)"
162.55.85.227 - - [13/Jun/2022:21:52:22 +0200] "GET /sitemap.txt HTTP/1.1" 404 277 "-" "Mozilla/5.0 (compatible; BLEXBot/1.0; +http://webmeup-crawler.com/)"
162.55.85.227 - - [13/Jun/2022:21:52:25 +0200] "GET /sitemap.txt HTTP/1.1" 404 281 "-" "Mozilla/5.0 (compatible; BLEXBot/1.0; +http://webmeup-crawler.com/)"
136.243.153.17 - - [13/Jun/2022:21:52:28 +0200] "GET /PodCast/Puzzle?action=print HTTP/1.1" 403 18 "-" "serpstatbot/2.1 (advanced backlink tracking bot; https://serpstatbot.com/; abuse@serpstatbot.com)"
136.243.153.17 - - [13/Jun/2022:21:53:28 +0200] "GET /PodCast/Puzzle?action=upload HTTP/1.1" 403 18 "-" "serpstatbot/2.1 (advanced backlink tracking bot; https://serpstatbot.com/; abuse@serpstatbot.com)"
85.25.177.219 - - [13/Jun/2022:21:53:33 +0200] "GET /Site/PodCast HTTP/1.1" 200 40934 "-" "SEO Scanner/1.2.4 (SEO Crawler; seoscanners.info; info@seoscanners.info)"
136.243.153.17 - - [13/Jun/2022:21:54:27 +0200] "GET /PodCast/Quaalewaal?action=diff HTTP/1.1" 403 18 "-" "serpstatbot/2.1 (advanced backlink tracking bot; https://serpstatbot.com/; abuse@serpstatbot.com)"
136.243.153.17 - - [13/Jun/2022:21:55:27 +0200] "GET /PodCast/Quaalewaal?action=edit HTTP/1.1" 403 18 "-" "serpstatbot/2.1 (advanced backlink tracking bot; https://serpstatbot.com/; abuse@serpstatbot.com)"
136.243.153.17 - - [13/Jun/2022:21:56:26 +0200] "GET /PodCast/Quaalewaal?action=print HTTP/1.1" 403 18 "-" "serpstatbot/2.1 (advanced backlink tracking bot; https://serpstatbot.com/; abuse@serpstatbot.com)"
136.243.153.17 - - [13/Jun/2022:21:57:25 +0200] "GET /PodCast/Quaalewaal?action=upload HTTP/1.1" 403 18 "-" "serpstatbot/2.1 (advanced backlink tracking bot; https://serpstatbot.com/; abuse@serpstatbot.com)"
136.243.153.17 - - [13/Jun/2022:21:58:25 +0200] "GET /PodCast/Rassewaan?action=diff HTTP/1.1" 403 18 "-" "serpstatbot/2.1 (advanced backlink tracking bot; https://serpstatbot.com/; abuse@serpstatbot.com)"
136.243.153.17 - - [13/Jun/2022:21:59:26 +0200] "GET /PodCast/Frueligsschwyge?action=edit HTTP/1.1" 403 18 "-" "serpstatbot/2.1 (advanced backlink tracking bot; https://serpstatbot.com/; abuse@serpstatbot.com)"
136.243.153.17 - - [13/Jun/2022:22:00:28 +0200] "GET /PodCast/Rassewaan?action=upload HTTP/1.1" 403 18 "-" "serpstatbot/2.1 (advanced backlink tracking bot; https://serpstatbot.com/; abuse@serpstatbot.com)"
54.36.149.2 - - [13/Jun/2022:22:00:31 +0200] "GET /PmWikiCa HTTP/1.1" 302 169 "-" "Mozilla/5.0 (compatible; AhrefsBot/7.0; +http://ahrefs.com/robot/)"
136.243.153.17 - - [13/Jun/2022:22:01:30 +0200] "GET /PodCast/Reschpakt?action=diff HTTP/1.1" 403 18 "-" "serpstatbot/2.1 (advanced backlink tracking bot; https://serpstatbot.com/; abuse@serpstatbot.com)"
8.29.198.26 - - [13/Jun/2022:22:02:23 +0200] "GET /PodCast/IndexPage?action=rss HTTP/1.1" 200 6298 "-" "Feedly/1.0 (+http://www.feedly.com/fetcher.html; 3 subscribers; like FeedFetcher-Google)"
136.243.153.17 - - [13/Jun/2022:22:02:29 +0200] "GET /PodCast/Reschpakt?action=edit HTTP/1.1" 403 18 "-" "serpstatbot/2.1 (advanced backlink tracking bot; https://serpstatbot.com/; abuse@serpstatbot.com)"
194.209.200.2 - - [13/Jun/2022:22:03:01 +0200] "GET /robots.txt HTTP/1.1" 200 - "-" "Mozilla/5.0 (compatible; TMMBot/0.2; +http://www.dslab.ch)/Nutch-1.15"
194.209.200.2 - - [13/Jun/2022:22:03:01 +0200] "GET /Texte/ZurcherischEnglish HTTP/1.1" 200 8274 "-" "Mozilla/5.0 (compatible; TMMBot/0.2; +http://www.dslab.ch)/Nutch-1.15"
136.243.153.17 - - [13/Jun/2022:22:03:30 +0200] "GET /PodCast/Reschpakt?action=print HTTP/1.1" 403 18 "-" "serpstatbot/2.1 (advanced backlink tracking bot; https://serpstatbot.com/; abuse@serpstatbot.com)"
136.243.153.17 - - [13/Jun/2022:22:04:28 +0200] "GET /PodCast/Reschpakt?action=upload HTTP/1.1" 403 18 "-" "serpstatbot/2.1 (advanced backlink tracking bot; https://serpstatbot.com/; abuse@serpstatbot.com)"
136.243.153.17 - - [13/Jun/2022:22:05:28 +0200] "GET /PodCast/Roman3?action=diff HTTP/1.1" 403 18 "-" "serpstatbot/2.1 (advanced backlink tracking bot; https://serpstatbot.com/; abuse@serpstatbot.com)"
136.243.153.17 - - [13/Jun/2022:22:06:12 +0200] "GET /PodCast/111Stans1481?action=edit HTTP/1.1" 404 18 "-" "serpstatbot/2.1 (advanced backlink tracking bot; https://serpstatbot.com/; abuse@serpstatbot.com)"
66.249.76.220 - - [13/Jun/2022:22:06:21 +0200] "GET /robots.txt HTTP/1.1" 200 - "-" "Mozilla/5.0 (compatible; Googlebot/2.1; +http://www.google.com/bot.html)"
66.249.76.193 - - [13/Jun/2022:22:06:22 +0200] "GET /PodCast/IndexPage?action=rss HTTP/1.1" 200 6298 "-" "Mozilla/5.0 (compatible; Googlebot/2.1; +http://www.google.com/bot.html)"
185.191.171.3 - - [13/Jun/2022:22:07:18 +0200] "GET /robots.txt HTTP/1.1" 200 - "-" "Mozilla/5.0 (compatible; SemrushBot/7~bl; +http://www.semrush.com/bot.html)"
185.191.171.12 - - [13/Jun/2022:22:07:19 +0200] "GET /PmWikiDe/TableDirectives?action=print HTTP/1.1" 403 18 "-" "Mozilla/5.0 (compatible; SemrushBot/7~bl; +http://www.semrush.com/bot.html)"
136.243.153.17 - - [13/Jun/2022:22:07:25 +0200] "GET /PodCast/Styluebige?action=upload HTTP/1.1" 403 18 "-" "serpstatbot/2.1 (advanced backlink tracking bot; https://serpstatbot.com/; abuse@serpstatbot.com)"
85.25.177.219 - - [13/Jun/2022:22:07:27 +0200] "GET /Gast/Podcast HTTP/1.1" 200 8106 "-" "SEO Scanner/1.2.4 (SEO Crawler; seoscanners.info; info@seoscanners.info)"
194.209.200.2 - - [13/Jun/2022:22:08:11 +0200] "GET / HTTP/1.1" 200 14638 "-" "Mozilla/5.0 (compatible; TMMBot/0.2; +http://www.dslab.ch)/Nutch-1.15"
136.243.153.17 - - [13/Jun/2022:22:08:29 +0200] "GET /PodCast/Eidsprofulaxe?action=diff HTTP/1.1" 403 18 "-" "serpstatbot/2.1 (advanced backlink tracking bot; https://serpstatbot.com/; abuse@serpstatbot.com)"
194.209.200.2 - - [13/Jun/2022:22:08:54 +0200] "GET /Texte/Bitterbeuhsi HTTP/1.1" 200 9255 "-" "Mozilla/5.0 (compatible; TMMBot/0.2; +http://www.dslab.ch)/Nutch-1.15"
85.25.177.219 - - [13/Jun/2022:22:09:02 +0200] "GET /Texte/Rezension HTTP/1.1" 200 11812 "-" "SEO Scanner/1.2.4 (SEO Crawler; seoscanners.info; info@seoscanners.info)"
