185.191.171.40 - - [11/Jul/2022:02:58:57 +0200] "GET /PmWikiFr/ConditionalMarkup?action=diff HTTP/1.1" 403 18 "-" "Mozilla/5.0 (compatible; SemrushBot/7~bl; +http://www.semrush.com/bot.html)"
154.54.249.197 - - [11/Jul/2022:02:59:03 +0200] "GET /robots.txt HTTP/1.1" 200 - "-" "Mozilla/5.0 (compatible; Barkrowler/0.9; +https://babbar.tech/crawler)"
154.54.249.197 - - [11/Jul/2022:02:59:31 +0200] "GET /PmWikiJa/Sidebar-stylePageList?action=upload HTTP/1.1" 200 8737 "-" "Mozilla/5.0 (compatible; Barkrowler/0.9; +https://babbar.tech/crawler)"
154.54.249.197 - - [11/Jul/2022:03:00:00 +0200] "GET /PmWikiJa/WikiFarmAlternative?action=edit HTTP/1.1" 200 8809 "-" "Mozilla/5.0 (compatible; Barkrowler/0.9; +https://babbar.tech/crawler)"
154.54.249.197 - - [11/Jul/2022:03:00:27 +0200] "GET /PmWikiHu/SimpleTables2?action=diff HTTP/1.1" 200 9302 "-" "Mozilla/5.0 (compatible; Barkrowler/0.9; +https://babbar.tech/crawler)"
154.54.249.197 - - [11/Jul/2022:03:00:54 +0200] "GET /PmWikiNl/TekstOpmaakRegels HTTP/1.1" 404 6949 "-" "Mozilla/5.0 (compatible; Barkrowler/0.9; +https://babbar.tech/crawler)"
154.54.249.197 - - [11/Jul/2022:03:01:18 +0200] "GET /PmWikiDe/NeueBeispielSeite?action=upload HTTP/1.1" 200 7136 "-" "Mozilla/5.0 (compatible; Barkrowler/0.9; +https://babbar.tech/crawler)"
154.54.249.197 - - [11/Jul/2022:03:01:48 +0200] "GET /PmWikiDe/PageListExplained?action=diff HTTP/1.1" 200 7821 "-" "Mozilla/5.0 (compatible; Barkrowler/0.9; +https://babbar.tech/crawler)"
154.54.249.197 - - [11/Jul/2022:03:02:14 +0200] "GET /PmWiki/Search?action=diff&source=y&minor=n HTTP/1.1" 200 9151 "-" "Mozilla/5.0 (compatible; Barkrowler/0.9; +https://babbar.tech/crawler)"
154.54.249.197 - - [11/Jul/2022:03:02:39 +0200] "GET /PmWiki/Name?action=diff&source=y&minor=n HTTP/1.1" 200 9119 "-" "Mozilla/5.0 (compatible; Barkrowler/0.9; +https://babbar.tech/crawler)"
65.21.237.125 - - [11/Jul/2022:03:03:01 +0200] "GET /Texte/Gloosse?action=upload HTTP/1.1" 403 18 "http://www.pro-zurituutsch.ch/Texte/Gloosse" "Mozilla/5.0 (compatible; SEOkicks; +https://www.seokicks.de/robot.html)"
154.54.249.197 - - [11/Jul/2022:03:03:10 +0200] "GET /PmWiki/Images?action=diff&source=y&minor=n HTTP/1.1" 200 9151 "-" "Mozilla/5.0 (compatible; Barkrowler/0.9; +https://babbar.tech/crawler)"
154.54.249.197 - - [11/Jul/2022:03:03:37 +0200] "GET /PmWiki/RSS?action=diff&source=n&minor=y HTTP/1.1" 200 9113 "-" "Mozilla/5.0 (compatible; Barkrowler/0.9; +https://babbar.tech/crawler)"
66.249.76.193 - - [11/Jul/2022:03:03:41 +0200] "GET /PodCast/IndexPage?action=rss HTTP/1.1" 200 6298 "-" "Mozilla/5.0 (compatible; Googlebot/2.1; +http://www.google.com/bot.html)"
154.54.249.197 - - [11/Jul/2022:03:04:07 +0200] "GET /PmWiki/RSS?action=diff&source=y&minor=y HTTP/1.1" 200 9105 "-" "Mozilla/5.0 (compatible; Barkrowler/0.9; +https://babbar.tech/crawler)"
154.54.249.197 - - [11/Jul/2022:03:04:32 +0200] "GET /PmWiki/RSS?action=diff&source=y&minor=n HTTP/1.1" 200 9103 "-" "Mozilla/5.0 (compatible; Barkrowler/0.9; +https://babbar.tech/crawler)"
154.54.249.197 - - [11/Jul/2022:03:04:56 +0200] "GET /PmWikiFr/RGlesDeFormatage?action=edit HTTP/1.1" 200 9149 "-" "Mozilla/5.0 (compatible; Barkrowler/0.9; +https://babbar.tech/crawler)"
154.54.249.197 - - [11/Jul/2022:03:05:26 +0200] "GET /PmWikiFr/FichierDeConfiguration?action=print HTTP/1.1" 200 10550 "-" "Mozilla/5.0 (compatible; Barkrowler/0.9; +https://babbar.tech/crawler)"
154.54.249.197 - - [11/Jul/2022:03:05:48 +0200] "GET /PmWikiFr/ConseilsPourLDition?action=edit HTTP/1.1" 200 9191 "-" "Mozilla/5.0 (compatible; Barkrowler/0.9; +https://babbar.tech/crawler)"
154.54.249.197 - - [11/Jul/2022:03:06:14 +0200] "GET /PmWikiFr/ArchitectureDuSiteCNCLoisirs HTTP/1.1" 404 9550 "-" "Mozilla/5.0 (compatible; Barkrowler/0.9; +https://babbar.tech/crawler)"
154.54.249.197 - - [11/Jul/2022:03:06:43 +0200] "GET /robots.txt HTTP/1.1" 200 - "-" "Mozilla/5.0 (compatible; Barkrowler/0.9; +https://babbar.tech/crawler)"
154.54.249.197 - - [11/Jul/2022:03:07:07 +0200] "GET /PmWiki/Links?action=diff&source=n&minor=y HTTP/1.1" 200 9145 "-" "Mozilla/5.0 (compatible; Barkrowler/0.9; +https://babbar.tech/crawler)"
154.54.249.197 - - [11/Jul/2022:03:07:41 +0200] "GET /PmWikiIt/StiliWikiPersonalizzati?action=edit HTTP/1.1" 200 8865 "-" "Mozilla/5.0 (compatible; Barkrowler/0.9; +https://babbar.tech/crawler)"
154.54.249.197 - - [11/Jul/2022:03:08:04 +0200] "GET /PodCast/RURAkt1TIl4?action=diff HTTP/1.1" 200 27266 "-" "Mozilla/5.0 (compatible; Barkrowler/0.9; +https://babbar.tech/crawler)"
154.54.249.197 - - [11/Jul/2022:03:08:33 +0200] "GET /PodCast/152Konschtanz1485?action=edit HTTP/1.1" 200 8766 "-" "Mozilla/5.0 (compatible; Barkrowler/0.9; +https://babbar.tech/crawler)"
185.191.171.8 - - [11/Jul/2022:03:08:37 +0200] "GET /PmWikiFr/Variables?action=diff HTTP/1.1" 403 18 "-" "Mozilla/5.0 (compatible; SemrushBot/7~bl; +http://www.semrush.com/bot.html)"
154.54.249.197 - - [11/Jul/2022:03:09:00 +0200] "GET /PodCast/142Taagsatzig1484?action=diff HTTP/1.1" 200 9349 "-" "Mozilla/5.0 (compatible; Barkrowler/0.9; +https://babbar.tech/crawler)"
154.54.249.197 - - [11/Jul/2022:03:09:27 +0200] "GET /PodCast/63Frawmeuischter1470?action=edit HTTP/1.1" 200 8808 "-" "Mozilla/5.0 (compatible; Barkrowler/0.9; +https://babbar.tech/crawler)"
154.54.249.197 - - [11/Jul/2022:03:09:56 +0200] "GET /PodCast/SprProfSchwtzTggs?action=edit HTTP/1.1" 200 8768 "-" "Mozilla/5.0 (compatible; Barkrowler/0.9; +https://babbar.tech/crawler)"
154.54.249.197 - - [11/Jul/2022:03:10:22 +0200] "GET /PodCast/162Predigerchoor1489?action=edit HTTP/1.1" 200 8808 "-" "Mozilla/5.0 (compatible; Barkrowler/0.9; +https://babbar.tech/crawler)"
85.25.177.219 - - [11/Jul/2022:03:10:44 +0200] "GET /Main/Home?action=diff HTTP/1.1" 403 18 "-" "SEO Scanner/1.2.4 (SEO Crawler; seoscanners.info; info@seoscanners.info)"
154.54.249.197 - - [11/Jul/2022:03:10:50 +0200] "GET /PodCast/161Predigerchoor1489?action=edit HTTP/1.1" 200 8808 "-" "Mozilla/5.0 (compatible; Barkrowler/0.9; +https://babbar.tech/crawler)"
154.54.249.197 - - [11/Jul/2022:03:11:17 +0200] "GET /PodCast/RaffyniAkt1Tail5?action=edit HTTP/1.1" 200 8756 "-" "Mozilla/5.0 (compatible; Barkrowler/0.9; +https://babbar.tech/crawler)"
154.54.249.197 - - [11/Jul/2022:03:11:45 +0200] "GET /Pod/Podcasts?action=diff&source=y&minor=y HTTP/1.1" 200 15256 "-" "Mozilla/5.0 (compatible; Barkrowler/0.9; +https://babbar.tech/crawler)"
154.54.249.197 - - [11/Jul/2022:03:12:12 +0200] "GET /Profiles/EOL?action=diff&source=y&minor=n HTTP/1.1" 200 9134 "-" "Mozilla/5.0 (compatible; Barkrowler/0.9; +https://babbar.tech/crawler)"
185.191.171.11 - - [11/Jul/2022:03:12:18 +0200] "GET /PmWikiFr/ConditionalMarkup?action=edit HTTP/1.1" 403 18 "-" "Mozilla/5.0 (compatible; SemrushBot/7~bl; +http://www.semrush.com/bot.html)"
154.54.249.197 - - [11/Jul/2022:03:12:37 +0200] "GET /Profiles/PRZ?action=diff&source=n&minor=n HTTP/1.1" 200 9142 "-" "Mozilla/5.0 (compatible; Barkrowler/0.9; +https://babbar.tech/crawler)"
154.54.249.197 - - [11/Jul/2022:03:13:09 +0200] "GET /Profiles/Pm?action=diff&source=n&minor=y HTTP/1.1" 200 9128 "-" "Mozilla/5.0 (compatible; Barkrowler/0.9; +https://babbar.tech/crawler)"
154.54.249.197 - - [11/Jul/2022:03:13:34 +0200] "GET /Profiles/Pm?action=diff&source=n&minor=n HTTP/1.1" 200 9126 "-" "Mozilla/5.0 (compatible; Barkrowler/0.9; +https://babbar.tech/crawler)"
185.191.171.22 - - [11/Jul/2022:03:14:01 +0200] "GET /PmWikiHu/ImagesInWikiPages?action=edit HTTP/1.1" 404 18 "-" "Mozilla/5.0 (compatible; SemrushBot/7~bl; +http://www.semrush.com/bot.html)"
154.54.249.197 - - [11/Jul/2022:03:14:02 +0200] "GET /PITS/PITS?action=diff&source=n&minor=n HTTP/1.1" 200 9094 "-" "Mozilla/5.0 (compatible; Barkrowler/0.9; +https://babbar.tech/crawler)"
154.54.249.197 - - [11/Jul/2022:03:14:30 +0200] "GET /robots.txt HTTP/1.1" 200 - "-" "Mozilla/5.0 (compatible; Barkrowler/0.9; +https://babbar.tech/crawler)"
154.54.249.197 - - [11/Jul/2022:03:14:57 +0200] "GET /Hilfe/Hilfe?action=diff&source=n&minor=y HTTP/1.1" 200 9128 "-" "Mozilla/5.0 (compatible; Barkrowler/0.9; +https://babbar.tech/crawler)"
154.54.249.197 - - [11/Jul/2022:03:15:25 +0200] "GET /Texte/Gloosse?action=diff&source=n&minor=y HTTP/1.1" 200 9555 "-" "Mozilla/5.0 (compatible; Barkrowler/0.9; +https://babbar.tech/crawler)"
154.54.249.197 - - [11/Jul/2022:03:15:49 +0200] "GET /Main/WikiSandbox?from=PmWiki.WikiSandbox HTTP/1.1" 200 8482 "-" "Mozilla/5.0 (compatible; Barkrowler/0.9; +https://babbar.tech/crawler)"
154.54.249.197 - - [11/Jul/2022:03:16:20 +0200] "GET /PmWiki/References?action=diff&source=n&minor=y HTTP/1.1" 200 9225 "-" "Mozilla/5.0 (compatible; Barkrowler/0.9; +https://babbar.tech/crawler)"
154.54.249.197 - - [11/Jul/2022:03:16:45 +0200] "GET /PmWikiRu/SimultaneousEdits?action=print HTTP/1.1" 200 7112 "-" "Mozilla/5.0 (compatible; Barkrowler/0.9; +https://babbar.tech/crawler)"
154.54.249.197 - - [11/Jul/2022:03:17:11 +0200] "GET /PmWikiJa/LayoutEditModified?action=edit HTTP/1.1" 200 8795 "-" "Mozilla/5.0 (compatible; Barkrowler/0.9; +https://babbar.tech/crawler)"
154.54.249.197 - - [11/Jul/2022:03:17:37 +0200] "GET /PmWikiJa/SuperscriptLineSpacing?action=edit HTTP/1.1" 200 8851 "-" "Mozilla/5.0 (compatible; Barkrowler/0.9; +https://babbar.tech/crawler)"
194.209.200.2 - - [11/Jul/2022:03:17:39 +0200] "GET /robots.txt HTTP/1.1" 200 - "-" "Mozilla/5.0 (compatible; TMMBot/0.2; +http://www.dslab.ch)/Nutch-1.15"
194.209.200.2 - - [11/Jul/2022:03:17:39 +0200] "GET /Texte/GDicht HTTP/1.1" 200 8050 "-" "Mozilla/5.0 (compatible; TMMBot/0.2; +http://www.dslab.ch)/Nutch-1.15"
154.54.249.197 - - [11/Jul/2022:03:18:02 +0200] "GET /PmWikiJa/WordWrapPreformattedText HTTP/1.1" 404 8445 "-" "Mozilla/5.0 (compatible; Barkrowler/0.9; +https://babbar.tech/crawler)"
194.209.200.2 - - [11/Jul/2022:03:18:14 +0200] "GET /Texte/Metamorphoses HTTP/1.1" 200 9045 "-" "Mozilla/5.0 (compatible; TMMBot/0.2; +http://www.dslab.ch)/Nutch-1.15"
154.54.249.197 - - [11/Jul/2022:03:18:31 +0200] "GET /PmWikiJa/SimuleditWithoutPopen?action=edit HTTP/1.1" 200 8837 "-" "Mozilla/5.0 (compatible; Barkrowler/0.9; +https://babbar.tech/crawler)"
154.54.249.197 - - [11/Jul/2022:03:18:57 +0200] "GET /PmWikiVi/NangCapTuPmWiki1 HTTP/1.1" 404 11274 "-" "Mozilla/5.0 (compatible; Barkrowler/0.9; +https://babbar.tech/crawler)"
154.54.249.197 - - [11/Jul/2022:03:19:24 +0200] "GET /PmWiki/WikiWord?from=PmWiki.WikiWords HTTP/1.1" 200 12169 "-" "Mozilla/5.0 (compatible; Barkrowler/0.9; +https://babbar.tech/crawler)"
154.54.249.197 - - [11/Jul/2022:03:19:54 +0200] "GET /PmWiki/WikiPage?action=diff&source=n&minor=y HTTP/1.1" 200 9195 "-" "Mozilla/5.0 (compatible; Barkrowler/0.9; +https://babbar.tech/crawler)"
154.54.249.197 - - [11/Jul/2022:03:20:22 +0200] "GET /PmWiki/Skins?action=diff&source=n&minor=y HTTP/1.1" 200 9145 "-" "Mozilla/5.0 (compatible; Barkrowler/0.9; +https://babbar.tech/crawler)"
154.54.249.197 - - [11/Jul/2022:03:20:50 +0200] "GET /PmWiki/PageHistory?action=diff&source=n&minor=y HTTP/1.1" 200 9243 "-" "Mozilla/5.0 (compatible; Barkrowler/0.9; +https://babbar.tech/crawler)"
194.209.200.2 - - [11/Jul/2022:03:20:51 +0200] "GET /Texte/Bitterbeuhsi HTTP/1.1" 200 9255 "-" "Mozilla/5.0 (compatible; TMMBot/0.2; +http://www.dslab.ch)/Nutch-1.15"
194.209.200.2 - - [11/Jul/2022:03:21:00 +0200] "GET /Gast/Podcast HTTP/1.1" 200 8106 "-" "Mozilla/5.0 (compatible; TMMBot/0.2; +http://www.dslab.ch)/Nutch-1.15"
154.54.249.197 - - [11/Jul/2022:03:21:17 +0200] "GET /PmWiki/SpecialPages?action=diff&source=n&minor=y HTTP/1.1" 200 9259 "-" "Mozilla/5.0 (compatible; Barkrowler/0.9; +https://babbar.tech/crawler)"
194.209.200.2 - - [11/Jul/2022:03:21:27 +0200] "GET /Hilfe/AnleitungTonbeispiele HTTP/1.1" 200 9878 "-" "Mozilla/5.0 (compatible; TMMBot/0.2; +http://www.dslab.ch)/Nutch-1.15"
154.54.249.197 - - [11/Jul/2022:03:21:44 +0200] "GET /PmWiki/UTF-8?action=diff&source=y&minor=n HTTP/1.1" 200 9135 "-" "Mozilla/5.0 (compatible; Barkrowler/0.9; +https://babbar.tech/crawler)"
154.54.249.197 - - [11/Jul/2022:03:22:15 +0200] "GET /robots.txt HTTP/1.1" 200 - "-" "Mozilla/5.0 (compatible; Barkrowler/0.9; +https://babbar.tech/crawler)"
154.54.249.197 - - [11/Jul/2022:03:22:41 +0200] "GET /PmWiki/Glossary?action=diff&source=n&minor=y HTTP/1.1" 200 9193 "-" "Mozilla/5.0 (compatible; Barkrowler/0.9; +https://babbar.tech/crawler)"
154.54.249.197 - - [11/Jul/2022:03:23:08 +0200] "GET /PmWikiFr/A?action=diff&source=n&minor=y HTTP/1.1" 200 9494 "-" "Mozilla/5.0 (compatible; Barkrowler/0.9; +https://babbar.tech/crawler)"
154.54.249.197 - - [11/Jul/2022:03:23:31 +0200] "GET /PmWikiFr/Search?action=diff&source=n&minor=y HTTP/1.1" 200 9580 "-" "Mozilla/5.0 (compatible; Barkrowler/0.9; +https://babbar.tech/crawler)"
154.54.249.197 - - [11/Jul/2022:03:23:59 +0200] "GET /PmWiki/Download?action=diff&source=y&minor=n HTTP/1.1" 200 9183 "-" "Mozilla/5.0 (compatible; Barkrowler/0.9; +https://babbar.tech/crawler)"
154.54.249.197 - - [11/Jul/2022:03:24:25 +0200] "GET /PodCast/WGA3FrejersfuSs?action=edit HTTP/1.1" 200 8740 "-" "Mozilla/5.0 (compatible; Barkrowler/0.9; +https://babbar.tech/crawler)"
154.54.249.197 - - [11/Jul/2022:03:24:51 +0200] "GET /PodCast/RURAkt2TIl1?action=print HTTP/1.1" 200 18513 "-" "Mozilla/5.0 (compatible; Barkrowler/0.9; +https://babbar.tech/crawler)"
154.54.249.197 - - [11/Jul/2022:03:25:21 +0200] "GET /PodCast/Patriarch?action=diff&source=n&minor=n HTTP/1.1" 200 28131 "-" "Mozilla/5.0 (compatible; Barkrowler/0.9; +https://babbar.tech/crawler)"
154.54.249.197 - - [11/Jul/2022:03:25:45 +0200] "GET /PodCast/Site192HouhsRech1509?action=print HTTP/1.1" 200 2337 "-" "Mozilla/5.0 (compatible; Barkrowler/0.9; +https://babbar.tech/crawler)"
154.54.249.197 - - [11/Jul/2022:03:26:15 +0200] "GET /PodCast/Buecherbrand?action=diff&source=y&minor=y HTTP/1.1" 200 35411 "-" "Mozilla/5.0 (compatible; Barkrowler/0.9; +https://babbar.tech/crawler)"
154.54.249.197 - - [11/Jul/2022:03:26:41 +0200] "GET /PodCast/AntiikiUndAnderiGschichte?action=print HTTP/1.1" 200 2461 "-" "Mozilla/5.0 (compatible; Barkrowler/0.9; +https://babbar.tech/crawler)"
154.54.249.197 - - [11/Jul/2022:03:27:10 +0200] "GET /PodCast/Genesis?action=diff&source=y&minor=n HTTP/1.1" 200 9723 "-" "Mozilla/5.0 (compatible; Barkrowler/0.9; +https://babbar.tech/crawler)"
154.54.249.197 - - [11/Jul/2022:03:27:40 +0200] "GET /PodCast/Amor?action=diff&source=n&minor=n HTTP/1.1" 200 17705 "-" "Mozilla/5.0 (compatible; Barkrowler/0.9; +https://babbar.tech/crawler)"
154.54.249.197 - - [11/Jul/2022:03:28:08 +0200] "GET /Profiles/PMichaud?action=diff&source=n&minor=y HTTP/1.1" 200 9226 "-" "Mozilla/5.0 (compatible; Barkrowler/0.9; +https://babbar.tech/crawler)"
154.54.249.197 - - [11/Jul/2022:03:28:34 +0200] "GET /Cookbook/SourceBlock?action=diff&source=y&minor=n HTTP/1.1" 200 9264 "-" "Mozilla/5.0 (compatible; Barkrowler/0.9; +https://babbar.tech/crawler)"
154.54.249.197 - - [11/Jul/2022:03:29:01 +0200] "GET /Cookbook/UserAuth?action=diff&source=y&minor=n HTTP/1.1" 200 9216 "-" "Mozilla/5.0 (compatible; Barkrowler/0.9; +https://babbar.tech/crawler)"
154.54.249.197 - - [11/Jul/2022:03:29:29 +0200] "GET /Category/Maintenance?action=diff&source=n&minor=n HTTP/1.1" 200 9270 "-" "Mozilla/5.0 (compatible; Barkrowler/0.9; +https://babbar.tech/crawler)"
154.54.249.197 - - [11/Jul/2022:03:29:57 +0200] "GET /robots.txt HTTP/1.1" 200 - "-" "Mozilla/5.0 (compatible; Barkrowler/0.9; +https://babbar.tech/crawler)"
154.54.249.197 - - [11/Jul/2022:03:30:24 +0200] "GET /PITS/PITS?action=diff&source=y&minor=y HTTP/1.1" 200 9088 "-" "Mozilla/5.0 (compatible; Barkrowler/0.9; +https://babbar.tech/crawler)"
154.54.249.197 - - [11/Jul/2022:03:30:51 +0200] "GET /Site/PageListTemplates?action=diff&source=y&minor=y HTTP/1.1" 200 9300 "-" "Mozilla/5.0 (compatible; Barkrowler/0.9; +https://babbar.tech/crawler)"
154.54.249.197 - - [11/Jul/2022:03:31:19 +0200] "GET /Site/LocalTemplates?action=diff&source=n&minor=n HTTP/1.1" 200 9256 "-" "Mozilla/5.0 (compatible; Barkrowler/0.9; +https://babbar.tech/crawler)"
154.54.249.197 - - [11/Jul/2022:03:31:45 +0200] "GET /Site/Konzertchronik?action=diff&source=n&minor=n HTTP/1.1" 200 14915 "-" "Mozilla/5.0 (compatible; Barkrowler/0.9; +https://babbar.tech/crawler)"
154.54.249.197 - - [11/Jul/2022:03:32:13 +0200] "GET /Hilfe/Hilfe?action=diff&source=y&minor=n HTTP/1.1" 200 9118 "-" "Mozilla/5.0 (compatible; Barkrowler/0.9; +https://babbar.tech/crawler)"
154.54.249.197 - - [11/Jul/2022:03:32:41 +0200] "GET /PmWiki/LayoutBasics?action=diff&source=n&minor=y HTTP/1.1" 200 9259 "-" "Mozilla/5.0 (compatible; Barkrowler/0.9; +https://babbar.tech/crawler)"
154.54.249.197 - - [11/Jul/2022:03:33:08 +0200] "GET /PmWiki/GroupHeader?action=diff&source=n&minor=n HTTP/1.1" 200 9241 "-" "Mozilla/5.0 (compatible; Barkrowler/0.9; +https://babbar.tech/crawler)"
154.54.249.197 - - [11/Jul/2022:03:33:33 +0200] "GET /PmWikiPtBr/CaixaDeAreia?action=edit HTTP/1.1" 200 7901 "-" "Mozilla/5.0 (compatible; Barkrowler/0.9; +https://babbar.tech/crawler)"
154.54.249.197 - - [11/Jul/2022:03:33:59 +0200] "GET /PmWikiPtBr/EnvieDinheiroParaPM HTTP/1.1" 200 10996 "-" "Mozilla/5.0 (compatible; Barkrowler/0.9; +https://babbar.tech/crawler)"
154.54.249.197 - - [11/Jul/2022:03:34:30 +0200] "GET /PmWikiNl/DownloadenEnInstalleren?action=diff HTTP/1.1" 200 8066 "-" "Mozilla/5.0 (compatible; Barkrowler/0.9; +https://babbar.tech/crawler)"
154.54.249.197 - - [11/Jul/2022:03:34:55 +0200] "GET /PmWikiRu/ChangesFromPmWiki1?action=print HTTP/1.1" 404 2441 "-" "Mozilla/5.0 (compatible; Barkrowler/0.9; +https://babbar.tech/crawler)"
154.54.249.197 - - [11/Jul/2022:03:35:25 +0200] "GET /PmWikiJa/EmacsPmWikiMode?action=diff HTTP/1.1" 200 9336 "-" "Mozilla/5.0 (compatible; Barkrowler/0.9; +https://babbar.tech/crawler)"
154.54.249.197 - - [11/Jul/2022:03:35:49 +0200] "GET /PmWikiFr/Search?action=diff&source=y&minor=y HTTP/1.1" 200 9572 "-" "Mozilla/5.0 (compatible; Barkrowler/0.9; +https://babbar.tech/crawler)"
154.54.249.197 - - [11/Jul/2022:03:36:18 +0200] "GET /PmWikiFr/ChangerLesURLPmWiki?action=print HTTP/1.1" 200 9545 "-" "Mozilla/5.0 (compatible; Barkrowler/0.9; +https://babbar.tech/crawler)"
154.54.249.197 - - [11/Jul/2022:03:36:48 +0200] "GET /PmWikiFr/ChangerLesURLPmWiki?action=diff HTTP/1.1" 200 9782 "-" "Mozilla/5.0 (compatible; Barkrowler/0.9; +https://babbar.tech/crawler)"
154.54.249.197 - - [11/Jul/2022:03:37:14 +0200] "GET /PmWikiFr/ChangementDuGroupePrincipal?action=print HTTP/1.1" 200 6179 "-" "Mozilla/5.0 (compatible; Barkrowler/0.9; +https://babbar.tech/crawler)"
154.54.249.197 - - [11/Jul/2022:03:37:43 +0200] "GET /robots.txt HTTP/1.1" 200 - "-" "Mozilla/5.0 (compatible; Barkrowler/0.9; +https://babbar.tech/crawler)"
154.54.249.197 - - [11/Jul/2022:03:38:07 +0200] "GET /PmWikiFr/LesFermesEnBref?action=print HTTP/1.1" 200 5038 "-" "Mozilla/5.0 (compatible; Barkrowler/0.9; +https://babbar.tech/crawler)"
154.54.249.197 - - [11/Jul/2022:03:38:37 +0200] "GET /PmWikiFr/EtatDeLaTraduction?action=upload HTTP/1.1" 200 9077 "-" "Mozilla/5.0 (compatible; Barkrowler/0.9; +https://babbar.tech/crawler)"
154.54.249.197 - - [11/Jul/2022:03:39:06 +0200] "GET /PmWikiFr/Version?action=diff&source=y&minor=y HTTP/1.1" 200 9582 "-" "Mozilla/5.0 (compatible; Barkrowler/0.9; +https://babbar.tech/crawler)"
154.54.249.197 - - [11/Jul/2022:03:39:33 +0200] "GET /PmWikiFr/Images?action=diff&source=n&minor=n HTTP/1.1" 200 9572 "-" "Mozilla/5.0 (compatible; Barkrowler/0.9; +https://babbar.tech/crawler)"
154.54.249.197 - - [11/Jul/2022:03:40:02 +0200] "GET /PodCast/Bankett?action=diff&source=y&minor=y HTTP/1.1" 200 29029 "-" "Mozilla/5.0 (compatible; Barkrowler/0.9; +https://babbar.tech/crawler)"
154.54.249.197 - - [11/Jul/2022:03:40:29 +0200] "GET /Profiles/Fwyss?action=diff&source=y&minor=y HTTP/1.1" 200 9168 "-" "Mozilla/5.0 (compatible; Barkrowler/0.9; +https://babbar.tech/crawler)"
154.54.249.197 - - [11/Jul/2022:03:40:58 +0200] "GET /Cookbook/SiteInformation?action=diff&source=n&minor=n HTTP/1.1" 200 9336 "-" "Mozilla/5.0 (compatible; Barkrowler/0.9; +https://babbar.tech/crawler)"
154.54.249.197 - - [11/Jul/2022:03:41:26 +0200] "GET /Site/Apschlouss?action=diff&source=n&minor=n HTTP/1.1" 200 10565 "-" "Mozilla/5.0 (compatible; Barkrowler/0.9; +https://babbar.tech/crawler)"
154.54.249.197 - - [11/Jul/2022:03:41:55 +0200] "GET /Site/51Trouttike?action=diff&source=n&minor=n HTTP/1.1" 200 20317 "-" "Mozilla/5.0 (compatible; Barkrowler/0.9; +https://babbar.tech/crawler)"
154.54.249.197 - - [11/Jul/2022:03:42:21 +0200] "GET /Site/62Mulhouse1468?action=diff&source=n&minor=n HTTP/1.1" 200 21390 "-" "Mozilla/5.0 (compatible; Barkrowler/0.9; +https://babbar.tech/crawler)"
154.54.249.197 - - [11/Jul/2022:03:42:48 +0200] "GET /Hilfe/Passwort?action=diff&source=y&minor=y HTTP/1.1" 200 9168 "-" "Mozilla/5.0 (compatible; Barkrowler/0.9; +https://babbar.tech/crawler)"
154.54.249.197 - - [11/Jul/2022:03:43:16 +0200] "GET /PmWiki/MyNewPage?action=diff&source=n&minor=n HTTP/1.1" 200 9211 "-" "Mozilla/5.0 (compatible; Barkrowler/0.9; +https://babbar.tech/crawler)"
185.191.171.2 - - [11/Jul/2022:03:43:31 +0200] "GET /PmWikiDe/Links?action=diff HTTP/1.1" 403 18 "-" "Mozilla/5.0 (compatible; SemrushBot/7~bl; +http://www.semrush.com/bot.html)"
154.54.249.197 - - [11/Jul/2022:03:43:44 +0200] "GET /PmWikiVi/MeoHieuChinh?action=print HTTP/1.1" 200 11481 "-" "Mozilla/5.0 (compatible; Barkrowler/0.9; +https://babbar.tech/crawler)"
154.54.249.197 - - [11/Jul/2022:03:44:13 +0200] "GET /PmWikiRu/Links?action=diff&source=y&minor=y HTTP/1.1" 200 9732 "-" "Mozilla/5.0 (compatible; Barkrowler/0.9; +https://babbar.tech/crawler)"
154.54.249.197 - - [11/Jul/2022:03:44:39 +0200] "GET /PmWikiRu/Forms?action=diff&source=y&minor=y HTTP/1.1" 200 9718 "-" "Mozilla/5.0 (compatible; Barkrowler/0.9; +https://babbar.tech/crawler)"
154.54.249.197 - - [11/Jul/2022:03:45:06 +0200] "GET /PmWikiRu/UTF-8?action=diff&source=n&minor=n HTTP/1.1" 200 9724 "-" "Mozilla/5.0 (compatible; Barkrowler/0.9; +https://babbar.tech/crawler)"
154.54.249.197 - - [11/Jul/2022:03:45:34 +0200] "GET /robots.txt HTTP/1.1" 200 - "-" "Mozilla/5.0 (compatible; Barkrowler/0.9; +https://babbar.tech/crawler)"
154.54.249.197 - - [11/Jul/2022:03:45:59 +0200] "GET /PmWikiJa/Category?action=diff&source=n&minor=n HTTP/1.1" 200 9224 "-" "Mozilla/5.0 (compatible; Barkrowler/0.9; +https://babbar.tech/crawler)"
114.119.141.203 - - [11/Jul/2022:03:46:01 +0200] "GET /PmWikiRu/CreatingNewPages?action=upload HTTP/1.1" 403 18 "http://www.pro-zurituutsch.ch/PmWikiRu/CreatingNewPages" "Mozilla/5.0 (Linux; Android 7.0;) AppleWebKit/537.36 (KHTML, like Gecko) Mobile Safari/537.36 (compatible; PetalBot;+https://webmaster.petalsearch.com/site/petalbot)"
154.54.249.197 - - [11/Jul/2022:03:46:27 +0200] "GET /PmWikiVi/PageHistory?action=diff&source=n&minor=n HTTP/1.1" 200 12211 "-" "Mozilla/5.0 (compatible; Barkrowler/0.9; +https://babbar.tech/crawler)"
154.54.249.197 - - [11/Jul/2022:03:46:52 +0200] "GET /PmWikiDe/Categories?action=diff&source=n&minor=n HTTP/1.1" 200 7711 "-" "Mozilla/5.0 (compatible; Barkrowler/0.9; +https://babbar.tech/crawler)"
154.54.249.197 - - [11/Jul/2022:03:47:18 +0200] "GET /PmWiki/PageLocking?action=diff&source=n&minor=n HTTP/1.1" 200 9241 "-" "Mozilla/5.0 (compatible; Barkrowler/0.9; +https://babbar.tech/crawler)"
154.54.249.197 - - [11/Jul/2022:03:47:46 +0200] "GET /PmWiki/SpecialCharacters?action=diff&source=n&minor=n HTTP/1.1" 200 9337 "-" "Mozilla/5.0 (compatible; Barkrowler/0.9; +https://babbar.tech/crawler)"
154.54.249.197 - - [11/Jul/2022:03:48:10 +0200] "GET /PmWikiIt/PageHistory?action=diff&source=n&minor=y HTTP/1.1" 200 9276 "-" "Mozilla/5.0 (compatible; Barkrowler/0.9; +https://babbar.tech/crawler)"
154.54.249.197 - - [11/Jul/2022:03:48:42 +0200] "GET /PmWikiIt/Glossary?action=diff&source=n&minor=y HTTP/1.1" 200 9226 "-" "Mozilla/5.0 (compatible; Barkrowler/0.9; +https://babbar.tech/crawler)"
154.54.249.197 - - [11/Jul/2022:03:49:08 +0200] "GET /PmWikiIt/ChangesFromPmWiki1?action=edit HTTP/1.1" 200 8799 "-" "Mozilla/5.0 (compatible; Barkrowler/0.9; +https://babbar.tech/crawler)"
154.54.249.197 - - [11/Jul/2022:03:49:37 +0200] "GET /PmWiki/Requirements?action=diff&source=y&minor=n HTTP/1.1" 200 9247 "-" "Mozilla/5.0 (compatible; Barkrowler/0.9; +https://babbar.tech/crawler)"
154.54.249.197 - - [11/Jul/2022:03:50:05 +0200] "GET /PodCast/MNtsch?action=diff&source=n&minor=y HTTP/1.1" 200 9179 "-" "Mozilla/5.0 (compatible; Barkrowler/0.9; +https://babbar.tech/crawler)"
154.54.249.197 - - [11/Jul/2022:03:50:33 +0200] "GET /PodCast/MNtsch?action=diff&source=y&minor=n HTTP/1.1" 200 9169 "-" "Mozilla/5.0 (compatible; Barkrowler/0.9; +https://babbar.tech/crawler)"
154.54.249.197 - - [11/Jul/2022:03:51:01 +0200] "GET /PodCast/Ggloge?action=diff&source=n&minor=y HTTP/1.1" 200 18966 "-" "Mozilla/5.0 (compatible; Barkrowler/0.9; +https://babbar.tech/crawler)"
154.54.249.197 - - [11/Jul/2022:03:51:25 +0200] "GET /PodCast/Gschyder?action=diff&source=n&minor=y HTTP/1.1" 200 15237 "-" "Mozilla/5.0 (compatible; Barkrowler/0.9; +https://babbar.tech/crawler)"
154.54.249.197 - - [11/Jul/2022:03:51:56 +0200] "GET /PodCast/Lydja?action=diff&source=n&minor=y HTTP/1.1" 200 22061 "-" "Mozilla/5.0 (compatible; Barkrowler/0.9; +https://babbar.tech/crawler)"
194.209.200.2 - - [11/Jul/2022:03:52:01 +0200] "GET /robots.txt HTTP/1.1" 200 - "-" "Mozilla/5.0 (compatible; TMMBot/0.2; +http://www.dslab.ch)/Nutch-1.15"
194.209.200.2 - - [11/Jul/2022:03:52:01 +0200] "GET /Texte/Schrybwys HTTP/1.1" 200 11028 "-" "Mozilla/5.0 (compatible; TMMBot/0.2; +http://www.dslab.ch)/Nutch-1.15"
154.54.249.197 - - [11/Jul/2022:03:52:21 +0200] "GET /PodCast/Lydja?action=diff&source=y&minor=n HTTP/1.1" 200 21589 "-" "Mozilla/5.0 (compatible; Barkrowler/0.9; +https://babbar.tech/crawler)"
154.54.249.197 - - [11/Jul/2022:03:52:49 +0200] "GET /PodCast/200Quellen?action=diff&source=y&minor=n HTTP/1.1" 200 9233 "-" "Mozilla/5.0 (compatible; Barkrowler/0.9; +https://babbar.tech/crawler)"
154.54.249.197 - - [11/Jul/2022:03:53:17 +0200] "GET /robots.txt HTTP/1.1" 200 - "-" "Mozilla/5.0 (compatible; Barkrowler/0.9; +https://babbar.tech/crawler)"
154.54.249.197 - - [11/Jul/2022:03:53:39 +0200] "GET /PodCast/200Quellen?action=diff&source=n&minor=y HTTP/1.1" 200 9243 "-" "Mozilla/5.0 (compatible; Barkrowler/0.9; +https://babbar.tech/crawler)"
194.209.200.2 - - [11/Jul/2022:03:53:48 +0200] "GET /Texte/Metamorphoses HTTP/1.1" 200 9045 "-" "Mozilla/5.0 (compatible; TMMBot/0.2; +http://www.dslab.ch)/Nutch-1.15"
154.54.249.197 - - [11/Jul/2022:03:54:11 +0200] "GET /PodCast/LanierFuture?action=diff&source=n&minor=y HTTP/1.1" 200 13901 "-" "Mozilla/5.0 (compatible; Barkrowler/0.9; +https://babbar.tech/crawler)"
154.54.249.197 - - [11/Jul/2022:03:54:36 +0200] "GET /PodCast/Redeleere?action=diff&source=n&minor=y HTTP/1.1" 200 17484 "-" "Mozilla/5.0 (compatible; Barkrowler/0.9; +https://babbar.tech/crawler)"
66.249.76.220 - - [11/Jul/2022:03:54:50 +0200] "GET /PodCast/IndexPage?action=rss HTTP/1.1" 200 6298 "-" "Mozilla/5.0 (compatible; Googlebot/2.1; +http://www.google.com/bot.html)"
154.54.249.197 - - [11/Jul/2022:03:55:09 +0200] "GET /PodCast/Poutschology?action=diff&source=n&minor=n HTTP/1.1" 200 34211 "-" "Mozilla/5.0 (compatible; Barkrowler/0.9; +https://babbar.tech/crawler)"
154.54.249.197 - - [11/Jul/2022:03:55:36 +0200] "GET /PodCast/SpruchZ?action=diff&source=n&minor=y HTTP/1.1" 200 18249 "-" "Mozilla/5.0 (compatible; Barkrowler/0.9; +https://babbar.tech/crawler)"
185.191.171.4 - - [11/Jul/2022:03:55:37 +0200] "GET /robots.txt HTTP/1.1" 200 - "-" "Mozilla/5.0 (compatible; SemrushBot/7~bl; +http://www.semrush.com/bot.html)"
185.191.171.18 - - [11/Jul/2022:03:55:37 +0200] "GET /PmWikiHu/SpecialMarkups?action=edit HTTP/1.1" 404 18 "-" "Mozilla/5.0 (compatible; SemrushBot/7~bl; +http://www.semrush.com/bot.html)"
194.209.200.2 - - [11/Jul/2022:03:55:57 +0200] "GET /Admin/Pro-ZurituutschStatuten HTTP/1.1" 200 9580 "-" "Mozilla/5.0 (compatible; TMMBot/0.2; +http://www.dslab.ch)/Nutch-1.15"
154.54.249.197 - - [11/Jul/2022:03:56:04 +0200] "GET /PodCast/SpruchZ?action=diff&source=y&minor=n HTTP/1.1" 200 17626 "-" "Mozilla/5.0 (compatible; Barkrowler/0.9; +https://babbar.tech/crawler)"
154.54.249.197 - - [11/Jul/2022:03:56:31 +0200] "GET /PodCast/182Room1500?action=diff&source=n&minor=y HTTP/1.1" 200 9261 "-" "Mozilla/5.0 (compatible; Barkrowler/0.9; +https://babbar.tech/crawler)"
194.209.200.2 - - [11/Jul/2022:03:56:48 +0200] "GET /Texte/Bitterbeuhsi HTTP/1.1" 200 9255 "-" "Mozilla/5.0 (compatible; TMMBot/0.2; +http://www.dslab.ch)/Nutch-1.15"
154.54.249.197 - - [11/Jul/2022:03:56:54 +0200] "GET /PodCast/Lobbiing?action=diff&source=n&minor=y HTTP/1.1" 200 35816 "-" "Mozilla/5.0 (compatible; Barkrowler/0.9; +https://babbar.tech/crawler)"
194.209.200.2 - - [11/Jul/2022:03:56:59 +0200] "GET /Gast/Podcast HTTP/1.1" 200 8106 "-" "Mozilla/5.0 (compatible; TMMBot/0.2; +http://www.dslab.ch)/Nutch-1.15"
154.54.249.197 - - [11/Jul/2022:03:57:23 +0200] "GET /PodCast/Lobbiing?action=diff&source=y&minor=n HTTP/1.1" 200 35754 "-" "Mozilla/5.0 (compatible; Barkrowler/0.9; +https://babbar.tech/crawler)"
194.209.200.2 - - [11/Jul/2022:03:57:29 +0200] "GET /Hilfe/AnleitungTonbeispiele HTTP/1.1" 200 9878 "-" "Mozilla/5.0 (compatible; TMMBot/0.2; +http://www.dslab.ch)/Nutch-1.15"
154.54.249.197 - - [11/Jul/2022:03:57:46 +0200] "GET /PodCast/Fallgroueb?action=diff&source=n&minor=n HTTP/1.1" 200 15854 "-" "Mozilla/5.0 (compatible; Barkrowler/0.9; +https://babbar.tech/crawler)"
154.54.249.197 - - [11/Jul/2022:03:58:12 +0200] "GET /PodCast/AbsNov16?action=diff&source=n&minor=n HTTP/1.1" 200 16687 "-" "Mozilla/5.0 (compatible; Barkrowler/0.9; +https://babbar.tech/crawler)"
154.54.249.197 - - [11/Jul/2022:03:58:38 +0200] "GET /PodCast/Gagetail?action=diff&source=y&minor=n HTTP/1.1" 200 12763 "-" "Mozilla/5.0 (compatible; Barkrowler/0.9; +https://babbar.tech/crawler)"
154.54.249.197 - - [11/Jul/2022:03:59:05 +0200] "GET /PodCast/AntRaat?action=diff&source=n&minor=y HTTP/1.1" 200 9195 "-" "Mozilla/5.0 (compatible; Barkrowler/0.9; +https://babbar.tech/crawler)"
154.54.249.197 - - [11/Jul/2022:03:59:32 +0200] "GET /PodCast/Bachtelberg?action=diff&source=y&minor=n HTTP/1.1" 200 13208 "-" "Mozilla/5.0 (compatible; Barkrowler/0.9; +https://babbar.tech/crawler)"
154.54.249.197 - - [11/Jul/2022:03:59:58 +0200] "GET /PodCast/Fanatiker?action=diff&source=y&minor=y HTTP/1.1" 200 12413 "-" "Mozilla/5.0 (compatible; Barkrowler/0.9; +https://babbar.tech/crawler)"
154.54.249.197 - - [11/Jul/2022:04:00:26 +0200] "GET /Profiles/Pseudogaetan?action=diff&source=n&minor=n HTTP/1.1" 200 9286 "-" "Mozilla/5.0 (compatible; Barkrowler/0.9; +https://babbar.tech/crawler)"
154.54.249.197 - - [11/Jul/2022:04:00:53 +0200] "GET /robots.txt HTTP/1.1" 200 - "-" "Mozilla/5.0 (compatible; Barkrowler/0.9; +https://babbar.tech/crawler)"
154.54.249.197 - - [11/Jul/2022:04:01:18 +0200] "GET /Profiles/FelixWyss?action=diff&source=n&minor=n HTTP/1.1" 200 9240 "-" "Mozilla/5.0 (compatible; Barkrowler/0.9; +https://babbar.tech/crawler)"
154.54.249.197 - - [11/Jul/2022:04:01:46 +0200] "GET /Cookbook/ExpireDiff?action=diff&source=y&minor=y HTTP/1.1" 200 9250 "-" "Mozilla/5.0 (compatible; Barkrowler/0.9; +https://babbar.tech/crawler)"
154.54.249.197 - - [11/Jul/2022:04:02:10 +0200] "GET /Cookbook/CSVAction?action=diff&source=y&minor=n HTTP/1.1" 200 9232 "-" "Mozilla/5.0 (compatible; Barkrowler/0.9; +https://babbar.tech/crawler)"
154.54.249.197 - - [11/Jul/2022:04:02:41 +0200] "GET /Site/Verglych?action=diff&source=n&minor=n HTTP/1.1" 200 10539 "-" "Mozilla/5.0 (compatible; Barkrowler/0.9; +https://babbar.tech/crawler)"
154.54.249.197 - - [11/Jul/2022:04:03:10 +0200] "GET /Site/Verglych?action=diff&source=y&minor=y HTTP/1.1" 200 10462 "-" "Mozilla/5.0 (compatible; Barkrowler/0.9; +https://babbar.tech/crawler)"
154.54.249.197 - - [11/Jul/2022:04:03:36 +0200] "GET /Site/191Raech1509?action=diff&source=y&minor=y HTTP/1.1" 200 11851 "-" "Mozilla/5.0 (compatible; Barkrowler/0.9; +https://babbar.tech/crawler)"
154.54.249.197 - - [11/Jul/2022:04:04:04 +0200] "GET /Site/AllRecentChangesShort?action=diff&source=y&minor=n HTTP/1.1" 200 9364 "-" "Mozilla/5.0 (compatible; Barkrowler/0.9; +https://babbar.tech/crawler)"
154.54.249.197 - - [11/Jul/2022:04:04:29 +0200] "GET /Site/AllRecentChangesShort?action=diff&source=n&minor=n HTTP/1.1" 200 9372 "-" "Mozilla/5.0 (compatible; Barkrowler/0.9; +https://babbar.tech/crawler)"
154.54.249.197 - - [11/Jul/2022:04:05:00 +0200] "GET /Site/AllRecentUploads?action=diff&source=n&minor=y HTTP/1.1" 200 9292 "-" "Mozilla/5.0 (compatible; Barkrowler/0.9; +https://babbar.tech/crawler)"
3.216.185.164 - - [11/Jul/2022:04:05:10 +0200] "GET /PodCast/IndexPage?action=rss HTTP/1.1" 200 6298 "-" "PocketCasts/1.0 (Pocket Casts Feed Parser; +http://pocketcasts.com/)"
154.54.249.197 - - [11/Jul/2022:04:05:27 +0200] "GET /Site/112Stans1481?action=diff&source=y&minor=y HTTP/1.1" 200 20285 "-" "Mozilla/5.0 (compatible; Barkrowler/0.9; +https://babbar.tech/crawler)"
154.54.249.197 - - [11/Jul/2022:04:05:50 +0200] "GET /Site/Glawbessund?action=diff&source=n&minor=y HTTP/1.1" 200 9208 "-" "Mozilla/5.0 (compatible; Barkrowler/0.9; +https://babbar.tech/crawler)"
154.54.249.197 - - [11/Jul/2022:04:06:20 +0200] "GET /Site/72Mourte1476?action=diff&source=n&minor=y HTTP/1.1" 200 24767 "-" "Mozilla/5.0 (compatible; Barkrowler/0.9; +https://babbar.tech/crawler)"
154.54.249.197 - - [11/Jul/2022:04:06:44 +0200] "GET /Site/72Mourte1476?action=diff&source=y&minor=n HTTP/1.1" 200 24114 "-" "Mozilla/5.0 (compatible; Barkrowler/0.9; +https://babbar.tech/crawler)"
154.54.249.197 - - [11/Jul/2022:04:07:11 +0200] "GET /Site/Blickestoorff?action=diff&source=n&minor=y HTTP/1.1" 200 51458 "-" "Mozilla/5.0 (compatible; Barkrowler/0.9; +https://babbar.tech/crawler)"
154.54.249.197 - - [11/Jul/2022:04:07:37 +0200] "GET /Site/111Stans1481?action=diff&source=n&minor=n HTTP/1.1" 200 19296 "-" "Mozilla/5.0 (compatible; Barkrowler/0.9; +https://babbar.tech/crawler)"
154.54.249.197 - - [11/Jul/2022:04:08:01 +0200] "GET /Site/111Stans1481?action=diff&source=y&minor=y HTTP/1.1" 200 18830 "-" "Mozilla/5.0 (compatible; Barkrowler/0.9; +https://babbar.tech/crawler)"
154.54.249.197 - - [11/Jul/2022:04:08:31 +0200] "GET /robots.txt HTTP/1.1" 200 - "-" "Mozilla/5.0 (compatible; Barkrowler/0.9; +https://babbar.tech/crawler)"
154.54.249.197 - - [11/Jul/2022:04:08:55 +0200] "GET /Site/52GsprUhch?action=diff&source=y&minor=y HTTP/1.1" 200 9188 "-" "Mozilla/5.0 (compatible; Barkrowler/0.9; +https://babbar.tech/crawler)"
154.54.249.197 - - [11/Jul/2022:04:09:21 +0200] "GET /Site/WGA0Inhalt?action=diff&source=n&minor=n HTTP/1.1" 200 10719 "-" "Mozilla/5.0 (compatible; Barkrowler/0.9; +https://babbar.tech/crawler)"
154.54.249.197 - - [11/Jul/2022:04:09:48 +0200] "GET /Site/WGA0Inhalt?action=diff&source=y&minor=y HTTP/1.1" 200 10446 "-" "Mozilla/5.0 (compatible; Barkrowler/0.9; +https://babbar.tech/crawler)"
154.54.249.197 - - [11/Jul/2022:04:10:13 +0200] "GET /Site/WGA5Herz?action=diff&source=n&minor=n HTTP/1.1" 200 24154 "-" "Mozilla/5.0 (compatible; Barkrowler/0.9; +https://babbar.tech/crawler)"
154.54.249.197 - - [11/Jul/2022:04:10:40 +0200] "GET /Site/102Ramft1478?action=diff&source=n&minor=n HTTP/1.1" 200 24862 "-" "Mozilla/5.0 (compatible; Barkrowler/0.9; +https://babbar.tech/crawler)"
154.54.249.197 - - [11/Jul/2022:04:11:09 +0200] "GET /Texte/Schrybwys?action=diff&source=y&minor=y HTTP/1.1" 200 28323 "-" "Mozilla/5.0 (compatible; Barkrowler/0.9; +https://babbar.tech/crawler)"
154.54.249.197 - - [11/Jul/2022:04:11:36 +0200] "GET /Texte/ArsAmatoria?action=diff&source=n&minor=n HTTP/1.1" 200 42478 "-" "Mozilla/5.0 (compatible; Barkrowler/0.9; +https://babbar.tech/crawler)"
154.54.249.197 - - [11/Jul/2022:04:12:03 +0200] "GET /Texte/Metamorfoose?action=diff&source=n&minor=n HTTP/1.1" 200 9238 "-" "Mozilla/5.0 (compatible; Barkrowler/0.9; +https://babbar.tech/crawler)"
154.54.249.197 - - [11/Jul/2022:04:12:30 +0200] "GET /Main/WhyANewMajorVersion?action=diff&source=n&minor=n HTTP/1.1" 200 9342 "-" "Mozilla/5.0 (compatible; Barkrowler/0.9; +https://babbar.tech/crawler)"
154.54.249.197 - - [11/Jul/2022:04:13:00 +0200] "GET /Lydja/Lydja?action=diff&source=y&minor=n HTTP/1.1" 200 9118 "-" "Mozilla/5.0 (compatible; Barkrowler/0.9; +https://babbar.tech/crawler)"
154.54.249.197 - - [11/Jul/2022:04:13:27 +0200] "GET /PmWiki/MyNewPage?action=diff&source=y&minor=y HTTP/1.1" 200 9205 "-" "Mozilla/5.0 (compatible; Barkrowler/0.9; +https://babbar.tech/crawler)"
154.54.249.197 - - [11/Jul/2022:04:13:54 +0200] "GET /PmWiki/SiteAnalyzer?action=diff&source=y&minor=y HTTP/1.1" 200 9251 "-" "Mozilla/5.0 (compatible; Barkrowler/0.9; +https://babbar.tech/crawler)"
185.191.171.40 - - [11/Jul/2022:04:14:18 +0200] "GET /PmWikiPtBr/Documentacao HTTP/1.1" 200 10956 "-" "Mozilla/5.0 (compatible; SemrushBot/7~bl; +http://www.semrush.com/bot.html)"
154.54.249.197 - - [11/Jul/2022:04:14:21 +0200] "GET /PmWiki/SiteAnalyzer?action=diff&source=n&minor=n HTTP/1.1" 200 9257 "-" "Mozilla/5.0 (compatible; Barkrowler/0.9; +https://babbar.tech/crawler)"
154.54.249.197 - - [11/Jul/2022:04:14:45 +0200] "GET /PmWiki/LayoutVariables?action=diff&source=y&minor=y HTTP/1.1" 200 9299 "-" "Mozilla/5.0 (compatible; Barkrowler/0.9; +https://babbar.tech/crawler)"
154.54.249.197 - - [11/Jul/2022:04:15:15 +0200] "GET /PmWiki/LinkVariables?action=diff&source=n&minor=n HTTP/1.1" 200 9273 "-" "Mozilla/5.0 (compatible; Barkrowler/0.9; +https://babbar.tech/crawler)"
154.54.249.197 - - [11/Jul/2022:04:15:40 +0200] "GET /PmWiki/GroupCustomizations?action=diff&source=n&minor=n HTTP/1.1" 200 9369 "-" "Mozilla/5.0 (compatible; Barkrowler/0.9; +https://babbar.tech/crawler)"
154.54.249.197 - - [11/Jul/2022:04:16:08 +0200] "GET /robots.txt HTTP/1.1" 200 - "-" "Mozilla/5.0 (compatible; Barkrowler/0.9; +https://babbar.tech/crawler)"
154.54.249.197 - - [11/Jul/2022:04:16:35 +0200] "GET /PmWiki/MailingList?action=diff&source=y&minor=y HTTP/1.1" 200 9235 "-" "Mozilla/5.0 (compatible; Barkrowler/0.9; +https://babbar.tech/crawler)"
154.54.249.197 - - [11/Jul/2022:04:17:00 +0200] "GET /PmWikiRu/Introduction?action=diff&source=n&minor=n HTTP/1.1" 200 9836 "-" "Mozilla/5.0 (compatible; Barkrowler/0.9; +https://babbar.tech/crawler)"
154.54.249.197 - - [11/Jul/2022:04:17:30 +0200] "GET /PmWikiRu/Categories?action=diff&source=y&minor=y HTTP/1.1" 200 9814 "-" "Mozilla/5.0 (compatible; Barkrowler/0.9; +https://babbar.tech/crawler)"
114.119.141.168 - - [11/Jul/2022:04:17:53 +0200] "GET /Site/PageListTemplates?action=diff&source=n&minor=y HTTP/1.1" 403 18 "http://www.pro-zurituutsch.ch/Site/PageListTemplates?action=diff" "Mozilla/5.0 (Linux; Android 7.0;) AppleWebKit/537.36 (KHTML, like Gecko) Mobile Safari/537.36 (compatible; PetalBot;+https://webmaster.petalsearch.com/site/petalbot)"
154.54.249.197 - - [11/Jul/2022:04:17:56 +0200] "GET /PmWikiJa/Category?action=diff&source=y&minor=y HTTP/1.1" 200 9218 "-" "Mozilla/5.0 (compatible; Barkrowler/0.9; +https://babbar.tech/crawler)"
154.54.249.197 - - [11/Jul/2022:04:18:24 +0200] "GET /PmWikiJa/MakingPasswordRequestsExplicit?action=diff HTTP/1.1" 200 9576 "-" "Mozilla/5.0 (compatible; Barkrowler/0.9; +https://babbar.tech/crawler)"
154.54.249.197 - - [11/Jul/2022:04:18:50 +0200] "GET /PmWikiJa/Input?action=diff&source=y&minor=y HTTP/1.1" 200 9170 "-" "Mozilla/5.0 (compatible; Barkrowler/0.9; +https://babbar.tech/crawler)"
154.54.249.197 - - [11/Jul/2022:04:19:20 +0200] "GET /PmWikiJa/WordWrapPreformattedText?action=print HTTP/1.1" 404 2465 "-" "Mozilla/5.0 (compatible; Barkrowler/0.9; +https://babbar.tech/crawler)"
154.54.249.197 - - [11/Jul/2022:04:19:45 +0200] "GET /PmWikiJa/Forum?action=diff&source=y&minor=y HTTP/1.1" 200 9170 "-" "Mozilla/5.0 (compatible; Barkrowler/0.9; +https://babbar.tech/crawler)"
154.54.249.197 - - [11/Jul/2022:04:20:10 +0200] "GET /PmWikiJa/Backlinks?action=diff&source=y&minor=y HTTP/1.1" 200 9234 "-" "Mozilla/5.0 (compatible; Barkrowler/0.9; +https://babbar.tech/crawler)"
154.54.249.197 - - [11/Jul/2022:04:20:37 +0200] "GET /PmWikiJa/Backlinks?action=diff&source=n&minor=n HTTP/1.1" 200 9240 "-" "Mozilla/5.0 (compatible; Barkrowler/0.9; +https://babbar.tech/crawler)"
154.54.249.197 - - [11/Jul/2022:04:21:04 +0200] "GET /PmWikiDe/FullName?action=diff&source=n&minor=n HTTP/1.1" 200 7681 "-" "Mozilla/5.0 (compatible; Barkrowler/0.9; +https://babbar.tech/crawler)"
154.54.249.197 - - [11/Jul/2022:04:21:29 +0200] "GET /PmWikiDe/FullName?action=diff&source=y&minor=y HTTP/1.1" 200 7675 "-" "Mozilla/5.0 (compatible; Barkrowler/0.9; +https://babbar.tech/crawler)"
154.54.249.197 - - [11/Jul/2022:04:21:55 +0200] "GET /PmWikiDe/WikiPage?action=diff&source=n&minor=n HTTP/1.1" 200 7681 "-" "Mozilla/5.0 (compatible; Barkrowler/0.9; +https://babbar.tech/crawler)"
154.54.249.197 - - [11/Jul/2022:04:22:21 +0200] "GET /PmWikiDe/WikiGroups?action=diff&source=n&minor=n HTTP/1.1" 200 7713 "-" "Mozilla/5.0 (compatible; Barkrowler/0.9; +https://babbar.tech/crawler)"
154.54.249.197 - - [11/Jul/2022:04:22:48 +0200] "GET /PmWikiDe/Glossary?action=diff&source=y&minor=y HTTP/1.1" 200 7673 "-" "Mozilla/5.0 (compatible; Barkrowler/0.9; +https://babbar.tech/crawler)"
154.54.249.197 - - [11/Jul/2022:04:23:15 +0200] "GET /PmWikiCs/WikiWord?action=diff&source=n&minor=n HTTP/1.1" 200 9226 "-" "Mozilla/5.0 (compatible; Barkrowler/0.9; +https://babbar.tech/crawler)"
154.54.249.197 - - [11/Jul/2022:04:23:43 +0200] "GET /robots.txt HTTP/1.1" 200 - "-" "Mozilla/5.0 (compatible; Barkrowler/0.9; +https://babbar.tech/crawler)"
154.54.249.197 - - [11/Jul/2022:04:24:15 +0200] "GET /PmWikiHu/Categories?action=diff&source=n&minor=n HTTP/1.1" 200 9256 "-" "Mozilla/5.0 (compatible; Barkrowler/0.9; +https://babbar.tech/crawler)"
154.54.249.197 - - [11/Jul/2022:04:24:42 +0200] "GET /PmWikiHu/PageHistory?action=diff&source=n&minor=n HTTP/1.1" 200 9274 "-" "Mozilla/5.0 (compatible; Barkrowler/0.9; +https://babbar.tech/crawler)"
154.54.249.197 - - [11/Jul/2022:04:25:16 +0200] "GET /PmWikiVi/DongGopTienChoPm?action=print HTTP/1.1" 404 2433 "-" "Mozilla/5.0 (compatible; Barkrowler/0.9; +https://babbar.tech/crawler)"
154.54.249.197 - - [11/Jul/2022:04:25:42 +0200] "GET /PmWikiVi/Links?action=diff&source=y&minor=y HTTP/1.1" 200 12107 "-" "Mozilla/5.0 (compatible; Barkrowler/0.9; +https://babbar.tech/crawler)"
154.54.249.197 - - [11/Jul/2022:04:26:12 +0200] "GET /PmWikiVi/PageHistory?action=diff&source=y&minor=y HTTP/1.1" 200 12205 "-" "Mozilla/5.0 (compatible; Barkrowler/0.9; +https://babbar.tech/crawler)"
154.54.249.197 - - [11/Jul/2022:04:26:40 +0200] "GET /PmWikiNl/Links?action=diff&source=n&minor=n HTTP/1.1" 200 7780 "-" "Mozilla/5.0 (compatible; Barkrowler/0.9; +https://babbar.tech/crawler)"
154.54.249.197 - - [11/Jul/2022:04:27:07 +0200] "GET /PmWikiDe/References?action=diff&source=y&minor=y HTTP/1.1" 200 7705 "-" "Mozilla/5.0 (compatible; Barkrowler/0.9; +https://babbar.tech/crawler)"
154.54.249.197 - - [11/Jul/2022:04:27:37 +0200] "GET /PmWikiDe/Links?action=diff&source=y&minor=y HTTP/1.1" 200 7631 "-" "Mozilla/5.0 (compatible; Barkrowler/0.9; +https://babbar.tech/crawler)"
154.54.249.197 - - [11/Jul/2022:04:28:04 +0200] "GET /PmWikiDe/ContactUs?action=diff&source=n&minor=y HTTP/1.1" 200 7699 "-" "Mozilla/5.0 (compatible; Barkrowler/0.9; +https://babbar.tech/crawler)"
194.209.200.2 - - [11/Jul/2022:04:28:13 +0200] "GET /robots.txt HTTP/1.1" 200 - "-" "Mozilla/5.0 (compatible; TMMBot/0.2; +http://www.dslab.ch)/Nutch-1.15"
194.209.200.2 - - [11/Jul/2022:04:28:13 +0200] "GET /Admin/Jahresbericht HTTP/1.1" 200 45530 "-" "Mozilla/5.0 (compatible; TMMBot/0.2; +http://www.dslab.ch)/Nutch-1.15"
154.54.249.197 - - [11/Jul/2022:04:28:34 +0200] "GET /PmWikiDe/Forms?action=diff&source=y&minor=y HTTP/1.1" 200 7625 "-" "Mozilla/5.0 (compatible; Barkrowler/0.9; +https://babbar.tech/crawler)"
194.209.200.2 - - [11/Jul/2022:04:28:37 +0200] "GET /Texte/Schrybwys HTTP/1.1" 200 11028 "-" "Mozilla/5.0 (compatible; TMMBot/0.2; +http://www.dslab.ch)/Nutch-1.15"
154.54.249.197 - - [11/Jul/2022:04:29:00 +0200] "GET /PmWikiDe/Forms?action=diff&source=n&minor=n HTTP/1.1" 200 7631 "-" "Mozilla/5.0 (compatible; Barkrowler/0.9; +https://babbar.tech/crawler)"
194.209.200.2 - - [11/Jul/2022:04:29:19 +0200] "GET /Texte/ArsAmatoria HTTP/1.1" 200 12369 "-" "Mozilla/5.0 (compatible; TMMBot/0.2; +http://www.dslab.ch)/Nutch-1.15"
154.54.249.197 - - [11/Jul/2022:04:29:29 +0200] "GET /PmWikiDe/PageHistory?action=diff&source=n&minor=n HTTP/1.1" 200 7733 "-" "Mozilla/5.0 (compatible; Barkrowler/0.9; +https://babbar.tech/crawler)"
154.54.249.197 - - [11/Jul/2022:04:29:56 +0200] "GET /PmWikiDe/SitePages?action=diff&source=y&minor=y HTTP/1.1" 200 7691 "-" "Mozilla/5.0 (compatible; Barkrowler/0.9; +https://babbar.tech/crawler)"
194.209.200.2 - - [11/Jul/2022:04:29:58 +0200] "GET /Texte/Styluebige HTTP/1.1" 200 9998 "-" "Mozilla/5.0 (compatible; TMMBot/0.2; +http://www.dslab.ch)/Nutch-1.15"
194.209.200.2 - - [11/Jul/2022:04:30:09 +0200] "GET /Texte/Metamorphoses HTTP/1.1" 200 9045 "-" "Mozilla/5.0 (compatible; TMMBot/0.2; +http://www.dslab.ch)/Nutch-1.15"
154.54.249.197 - - [11/Jul/2022:04:30:25 +0200] "GET /PmWikiDe/Version?action=diff&source=y&minor=y HTTP/1.1" 200 7657 "-" "Mozilla/5.0 (compatible; Barkrowler/0.9; +https://babbar.tech/crawler)"
154.54.249.197 - - [11/Jul/2022:04:30:53 +0200] "GET /PmWiki/WikiWikiWeb?action=diff&source=y&minor=n HTTP/1.1" 200 9235 "-" "Mozilla/5.0 (compatible; Barkrowler/0.9; +https://babbar.tech/crawler)"
154.54.249.197 - - [11/Jul/2022:04:31:20 +0200] "GET /PmWiki/PageDirectives?action=diff&source=n&minor=n HTTP/1.1" 200 9289 "-" "Mozilla/5.0 (compatible; Barkrowler/0.9; +https://babbar.tech/crawler)"
154.54.249.197 - - [11/Jul/2022:04:31:49 +0200] "GET /robots.txt HTTP/1.1" 200 - "-" "Mozilla/5.0 (compatible; Barkrowler/0.9; +https://babbar.tech/crawler)"
66.249.76.193 - - [11/Jul/2022:04:32:12 +0200] "GET /uploads/Texte/ars2.jpg HTTP/1.1" 200 22694 "-" "Googlebot-Image/1.0"
154.54.249.197 - - [11/Jul/2022:04:32:17 +0200] "GET /PmWiki/PageDirectives?action=diff&source=y&minor=y HTTP/1.1" 200 9283 "-" "Mozilla/5.0 (compatible; Barkrowler/0.9; +https://babbar.tech/crawler)"
154.54.249.197 - - [11/Jul/2022:04:32:43 +0200] "GET /PmWiki/PageLists?action=diff&source=n&minor=y HTTP/1.1" 200 9211 "-" "Mozilla/5.0 (compatible; Barkrowler/0.9; +https://babbar.tech/crawler)"
194.209.200.2 - - [11/Jul/2022:04:32:46 +0200] "GET /Texte/Bitterbeuhsi HTTP/1.1" 200 9255 "-" "Mozilla/5.0 (compatible; TMMBot/0.2; +http://www.dslab.ch)/Nutch-1.15"
194.209.200.2 - - [11/Jul/2022:04:32:57 +0200] "GET /Gast/Podcast HTTP/1.1" 200 8106 "-" "Mozilla/5.0 (compatible; TMMBot/0.2; +http://www.dslab.ch)/Nutch-1.15"
154.54.249.197 - - [11/Jul/2022:04:33:11 +0200] "GET /PmWiki/PageFileFormat?action=diff&source=n&minor=n HTTP/1.1" 200 9291 "-" "Mozilla/5.0 (compatible; Barkrowler/0.9; +https://babbar.tech/crawler)"
154.54.249.197 - - [11/Jul/2022:04:33:38 +0200] "GET /PmWiki/SpecialMarkups?action=diff&source=y&minor=y HTTP/1.1" 200 9283 "-" "Mozilla/5.0 (compatible; Barkrowler/0.9; +https://babbar.tech/crawler)"
154.54.249.197 - - [11/Jul/2022:04:34:06 +0200] "GET /PmWiki/SpecialMarkups?action=diff&source=y&minor=n HTTP/1.1" 200 9281 "-" "Mozilla/5.0 (compatible; Barkrowler/0.9; +https://babbar.tech/crawler)"
154.54.249.197 - - [11/Jul/2022:04:34:33 +0200] "GET /PmWikiFr/Localisation?action=diff&source=y&minor=n HTTP/1.1" 200 9660 "-" "Mozilla/5.0 (compatible; Barkrowler/0.9; +https://babbar.tech/crawler)"
154.54.249.197 - - [11/Jul/2022:04:34:58 +0200] "GET /PmWikiFr/GroupFooter?action=diff&source=y&minor=y HTTP/1.1" 200 9648 "-" "Mozilla/5.0 (compatible; Barkrowler/0.9; +https://babbar.tech/crawler)"
154.54.249.197 - - [11/Jul/2022:04:35:31 +0200] "GET /PmWikiFr/Variables?action=diff&source=y&minor=y HTTP/1.1" 200 9614 "-" "Mozilla/5.0 (compatible; Barkrowler/0.9; +https://babbar.tech/crawler)"
154.54.249.197 - - [11/Jul/2022:04:35:57 +0200] "GET /PmWikiFr/ChangeLog?action=diff&source=n&minor=n HTTP/1.1" 200 9622 "-" "Mozilla/5.0 (compatible; Barkrowler/0.9; +https://babbar.tech/crawler)"
154.54.249.197 - - [11/Jul/2022:04:36:27 +0200] "GET /PmWikiJa/SlideShow?action=diff&source=n&minor=n HTTP/1.1" 200 9242 "-" "Mozilla/5.0 (compatible; Barkrowler/0.9; +https://babbar.tech/crawler)"
154.54.249.197 - - [11/Jul/2022:04:36:53 +0200] "GET /PmWikiJa/WordWrapPreformattedText?action=diff HTTP/1.1" 200 9480 "-" "Mozilla/5.0 (compatible; Barkrowler/0.9; +https://babbar.tech/crawler)"
154.54.249.197 - - [11/Jul/2022:04:37:18 +0200] "GET /PmWikiJa/ActionLog?action=diff&source=n&minor=n HTTP/1.1" 200 9242 "-" "Mozilla/5.0 (compatible; Barkrowler/0.9; +https://babbar.tech/crawler)"
154.54.249.197 - - [11/Jul/2022:04:37:49 +0200] "GET /PmWikiJa/NewsList?action=diff&source=y&minor=y HTTP/1.1" 200 9220 "-" "Mozilla/5.0 (compatible; Barkrowler/0.9; +https://babbar.tech/crawler)"
154.54.249.197 - - [11/Jul/2022:04:38:16 +0200] "GET /PmWikiHu/Installation?action=diff&source=y&minor=y HTTP/1.1" 200 9282 "-" "Mozilla/5.0 (compatible; Barkrowler/0.9; +https://babbar.tech/crawler)"
185.191.171.12 - - [11/Jul/2022:04:38:34 +0200] "GET /PmWikiFr/Terminologie?action=diff HTTP/1.1" 403 18 "-" "Mozilla/5.0 (compatible; SemrushBot/7~bl; +http://www.semrush.com/bot.html)"
154.54.249.197 - - [11/Jul/2022:04:38:42 +0200] "GET /PmWiki/WikiStructure?action=diff&source=y&minor=y HTTP/1.1" 200 9267 "-" "Mozilla/5.0 (compatible; Barkrowler/0.9; +https://babbar.tech/crawler)"
154.54.249.197 - - [11/Jul/2022:04:39:13 +0200] "GET /PmWiki/EnablePathInfoInLayoutVariables?action=upload HTTP/1.1" 200 8854 "-" "Mozilla/5.0 (compatible; Barkrowler/0.9; +https://babbar.tech/crawler)"
154.54.249.197 - - [11/Jul/2022:04:39:40 +0200] "GET /robots.txt HTTP/1.1" 200 - "-" "Mozilla/5.0 (compatible; Barkrowler/0.9; +https://babbar.tech/crawler)"
154.54.249.197 - - [11/Jul/2022:04:40:10 +0200] "GET /PmWikiFr/ChangeLog?action=diff&source=y&minor=n HTTP/1.1" 200 9614 "-" "Mozilla/5.0 (compatible; Barkrowler/0.9; +https://babbar.tech/crawler)"
