217.69.12.105 - - [17/Dec/2022:18:28:17 +0100] "GET /PodCast/Redeleere HTTP/1.1" 200 14206 "-" "Mozilla/5.0 (Macintosh; Intel Mac OS X 10_11_5) AppleWebKit/537.36 (KHTML, like Gecko) Chrome/50.0.2661.102 Safari/537.36"
193.202.84.204 - - [17/Dec/2022:18:28:34 +0100] "GET /PodCast/Gvatterle HTTP/1.1" 200 13975 "-" "Mozilla/5.0 (Macintosh; Intel Mac OS X 10_11_5) AppleWebKit/537.36 (KHTML, like Gecko) Chrome/50.0.2661.102 Safari/537.36"
178.22.71.112 - - [17/Dec/2022:18:28:39 +0100] "GET /PodCast/Integral HTTP/1.1" 200 15584 "-" "Mozilla/5.0 (Macintosh; Intel Mac OS X 10_11_5) AppleWebKit/537.36 (KHTML, like Gecko) Chrome/50.0.2661.102 Safari/537.36"
140.82.55.49 - - [17/Dec/2022:18:28:56 +0100] "GET /PodCast/Wiewytna HTTP/1.1" 200 11833 "-" "Mozilla/5.0 (Macintosh; Intel Mac OS X 10_11_5) AppleWebKit/537.36 (KHTML, like Gecko) Chrome/50.0.2661.102 Safari/537.36"
37.44.253.122 - - [17/Dec/2022:18:29:01 +0100] "GET /PodCast/Leerplaan HTTP/1.1" 200 11636 "-" "Mozilla/5.0 (Macintosh; Intel Mac OS X 10_11_5) AppleWebKit/537.36 (KHTML, like Gecko) Chrome/50.0.2661.102 Safari/537.36"
85.25.185.196 - - [17/Dec/2022:18:32:36 +0100] "GET /Admin/ZurStiftung HTTP/1.1" 200 10864 "-" "Mozilla/5.0 (Macintosh; Intel Mac OS X 10.15; rv:103.0) Gecko/20100101 Firefox/103.0"
157.55.39.194 - - [17/Dec/2022:18:48:21 +0100] "GET /Texte/ArsAmatoria?action=upload HTTP/1.1" 403 18 "-" "Mozilla/5.0 (compatible; bingbot/2.0; +http://www.bing.com/bingbot.htm)"
85.25.185.196 - - [17/Dec/2022:18:49:27 +0100] "GET /Hilfe/AnleitungTonbeispiele HTTP/1.1" 200 9878 "-" "Mozilla/5.0 (Macintosh; Intel Mac OS X 10.15; rv:103.0) Gecko/20100101 Firefox/103.0"
194.209.200.2 - - [17/Dec/2022:18:52:40 +0100] "GET /robots.txt HTTP/1.1" 200 - "-" "Mozilla/5.0 (compatible; TMMBot/0.2; +http://www.dslab.ch)/Nutch-1.15"
194.209.200.2 - - [17/Dec/2022:18:52:40 +0100] "GET /Texte/Schrybwys HTTP/1.1" 200 11028 "-" "Mozilla/5.0 (compatible; TMMBot/0.2; +http://www.dslab.ch)/Nutch-1.15"
157.55.39.194 - - [17/Dec/2022:18:52:41 +0100] "GET /PodCast/PrSidNtewaal HTTP/1.1" 200 8763 "-" "Mozilla/5.0 AppleWebKit/537.36 (KHTML, like Gecko; compatible; bingbot/2.0; +http://www.bing.com/bingbot.htm) Chrome/103.0.5060.134 Safari/537.36"
85.25.185.196 - - [17/Dec/2022:19:02:55 +0100] "GET /Texte/ZurcherischEnglish HTTP/1.1" 200 8274 "-" "Mozilla/5.0 (Macintosh; Intel Mac OS X 10.15; rv:103.0) Gecko/20100101 Firefox/103.0"
65.108.6.34 - - [17/Dec/2022:19:08:49 +0100] "GET /Texte/Gloosse HTTP/1.1" 200 8061 "http://www.pro-zurituutsch.ch/" "Mozilla/5.0 (compatible; SEOkicks; +https://www.seokicks.de/robot.html)"
65.108.6.34 - - [17/Dec/2022:19:08:50 +0100] "GET /Gast/Podcast HTTP/1.1" 200 8106 "http://www.pro-zurituutsch.ch/" "Mozilla/5.0 (compatible; SEOkicks; +https://www.seokicks.de/robot.html)"
65.108.6.34 - - [17/Dec/2022:19:08:51 +0100] "GET /Gast/GNU/Emacs HTTP/1.1" 404 264 "http://www.pro-zurituutsch.ch/Gast/Podcast" "Mozilla/5.0 (compatible; SEOkicks; +https://www.seokicks.de/robot.html)"
65.108.6.34 - - [17/Dec/2022:19:08:53 +0100] "GET /Bestellen/Pschtellf HTTP/1.1" 200 11129 "http://www.pro-zurituutsch.ch/" "Mozilla/5.0 (compatible; SEOkicks; +https://www.seokicks.de/robot.html)"
65.108.6.34 - - [17/Dec/2022:19:08:54 +0100] "GET /Bestellen/GNU/Emacs HTTP/1.1" 404 264 "http://www.pro-zurituutsch.ch/Bestellen/Pschtellf" "Mozilla/5.0 (compatible; SEOkicks; +https://www.seokicks.de/robot.html)"
216.244.66.243 - - [17/Dec/2022:19:08:54 +0100] "GET /robots.txt HTTP/1.1" 200 - "-" "Mozilla/5.0 (compatible; DotBot/1.2; +https://opensiteexplorer.org/dotbot; help@moz.com)"
65.108.6.34 - - [17/Dec/2022:19:08:55 +0100] "GET /Admin/Pro-ZurituutschStatuten HTTP/1.1" 200 9580 "http://www.pro-zurituutsch.ch/" "Mozilla/5.0 (compatible; SEOkicks; +https://www.seokicks.de/robot.html)"
65.108.6.34 - - [17/Dec/2022:19:08:56 +0100] "GET /Admin/GNU/Emacs HTTP/1.1" 404 264 "http://www.pro-zurituutsch.ch/Admin/Pro-ZurituutschStatuten" "Mozilla/5.0 (compatible; SEOkicks; +https://www.seokicks.de/robot.html)"
65.108.6.34 - - [17/Dec/2022:19:08:57 +0100] "GET /Admin/AdresseStiftung HTTP/1.1" 200 8453 "http://www.pro-zurituutsch.ch/" "Mozilla/5.0 (compatible; SEOkicks; +https://www.seokicks.de/robot.html)"
65.108.6.34 - - [17/Dec/2022:19:08:58 +0100] "GET /Admin/ZurStiftung HTTP/1.1" 200 10864 "http://www.pro-zurituutsch.ch/" "Mozilla/5.0 (compatible; SEOkicks; +https://www.seokicks.de/robot.html)"
65.108.6.34 - - [17/Dec/2022:19:09:00 +0100] "GET /Admin/Links HTTP/1.1" 200 14193 "http://www.pro-zurituutsch.ch/" "Mozilla/5.0 (compatible; SEOkicks; +https://www.seokicks.de/robot.html)"
65.108.6.34 - - [17/Dec/2022:19:09:01 +0100] "GET /Hilfe/AnleitungTonbeispiele HTTP/1.1" 200 9878 "http://www.pro-zurituutsch.ch/" "Mozilla/5.0 (compatible; SEOkicks; +https://www.seokicks.de/robot.html)"
66.249.66.30 - - [17/Dec/2022:19:15:35 +0100] "GET /PodCast/IndexPage?action=rss HTTP/1.1" 200 6298 "-" "Mozilla/5.0 (compatible; Googlebot/2.1; +http://www.google.com/bot.html)"
85.25.185.196 - - [17/Dec/2022:19:25:32 +0100] "GET /Texte/Bitterbeuhsi HTTP/1.1" 200 9255 "-" "Mozilla/5.0 (Macintosh; Intel Mac OS X 10.15; rv:103.0) Gecko/20100101 Firefox/103.0"
216.244.66.243 - - [17/Dec/2022:19:26:24 +0100] "GET /PmWikiRu/Subversion HTTP/1.1" 200 12226 "-" "Mozilla/5.0 (compatible; DotBot/1.2; +https://opensiteexplorer.org/dotbot; help@moz.com)"
3.216.185.164 - - [17/Dec/2022:19:35:46 +0100] "GET /PodCast/IndexPage?action=rss HTTP/1.1" 200 6298 "-" "PocketCasts/1.0 (Pocket Casts Feed Parser; +http://pocketcasts.com/)"
85.25.185.196 - - [17/Dec/2022:19:45:49 +0100] "GET /Texte/Gloosse HTTP/1.1" 200 8061 "-" "Mozilla/5.0 (Macintosh; Intel Mac OS X 10.15; rv:103.0) Gecko/20100101 Firefox/103.0"
65.108.6.34 - - [17/Dec/2022:19:47:23 +0100] "GET /Hilfe/GNU/Emacs HTTP/1.1" 404 264 "http://www.pro-zurituutsch.ch/Hilfe/AnleitungTonbeispiele" "Mozilla/5.0 (compatible; SEOkicks; +https://www.seokicks.de/robot.html)"
65.108.6.34 - - [17/Dec/2022:19:47:24 +0100] "GET /Main/Home?action=edit HTTP/1.1" 403 18 "http://www.pro-zurituutsch.ch/" "Mozilla/5.0 (compatible; SEOkicks; +https://www.seokicks.de/robot.html)"
65.108.6.34 - - [17/Dec/2022:19:47:25 +0100] "GET /Site/SideBar?action=edit HTTP/1.1" 403 18 "http://www.pro-zurituutsch.ch/" "Mozilla/5.0 (compatible; SEOkicks; +https://www.seokicks.de/robot.html)"
65.108.6.34 - - [17/Dec/2022:19:47:26 +0100] "GET /Main/Home?action=upload HTTP/1.1" 403 18 "http://www.pro-zurituutsch.ch/" "Mozilla/5.0 (compatible; SEOkicks; +https://www.seokicks.de/robot.html)"
65.108.6.34 - - [17/Dec/2022:19:47:27 +0100] "GET /Main/Home?action=print HTTP/1.1" 403 18 "http://www.pro-zurituutsch.ch/" "Mozilla/5.0 (compatible; SEOkicks; +https://www.seokicks.de/robot.html)"
65.108.6.34 - - [17/Dec/2022:19:47:29 +0100] "GET /Main/Home?action=diff HTTP/1.1" 403 18 "http://www.pro-zurituutsch.ch/" "Mozilla/5.0 (compatible; SEOkicks; +https://www.seokicks.de/robot.html)"
65.108.6.34 - - [17/Dec/2022:19:47:30 +0100] "GET /PodCast/GNU/Emacs HTTP/1.1" 404 264 "http://www.pro-zurituutsch.ch/PodCast/IndexPage" "Mozilla/5.0 (compatible; SEOkicks; +https://www.seokicks.de/robot.html)"
65.108.6.34 - - [17/Dec/2022:19:47:31 +0100] "GET /PodCast/IndexPage?action=edit HTTP/1.1" 403 18 "http://www.pro-zurituutsch.ch/PodCast/IndexPage" "Mozilla/5.0 (compatible; SEOkicks; +https://www.seokicks.de/robot.html)"
65.108.6.34 - - [17/Dec/2022:19:47:32 +0100] "GET /PodCast/IndexPage?action=upload HTTP/1.1" 403 18 "http://www.pro-zurituutsch.ch/PodCast/IndexPage" "Mozilla/5.0 (compatible; SEOkicks; +https://www.seokicks.de/robot.html)"
65.108.6.34 - - [17/Dec/2022:19:47:33 +0100] "GET /PodCast/IndexPage?action=print HTTP/1.1" 403 18 "http://www.pro-zurituutsch.ch/PodCast/IndexPage" "Mozilla/5.0 (compatible; SEOkicks; +https://www.seokicks.de/robot.html)"
65.108.6.34 - - [17/Dec/2022:19:47:34 +0100] "GET /PodCast/IndexPage?action=diff HTTP/1.1" 403 18 "http://www.pro-zurituutsch.ch/PodCast/IndexPage" "Mozilla/5.0 (compatible; SEOkicks; +https://www.seokicks.de/robot.html)"
194.209.200.2 - - [17/Dec/2022:19:53:08 +0100] "GET /robots.txt HTTP/1.1" 200 - "-" "Mozilla/5.0 (compatible; TMMBot/0.2; +http://www.dslab.ch)/Nutch-1.15"
194.209.200.2 - - [17/Dec/2022:19:53:08 +0100] "GET /Texte/Schrybwys HTTP/1.1" 200 11028 "-" "Mozilla/5.0 (compatible; TMMBot/0.2; +http://www.dslab.ch)/Nutch-1.15"
77.88.5.27 - - [17/Dec/2022:19:53:08 +0100] "GET /robots.txt HTTP/1.1" 200 - "-" "Mozilla/5.0 (compatible; YandexBot/3.0; +http://yandex.com/bots)"
77.88.5.27 - - [17/Dec/2022:19:53:12 +0100] "GET /PodCast/Wistaria02 HTTP/1.1" 200 16370 "-" "Mozilla/5.0 (compatible; YandexBot/3.0; +http://yandex.com/bots)"
34.214.53.203 - - [17/Dec/2022:19:57:43 +0100] "GET /PodCast/Ouhsggwise2 HTTP/1.1" 200 20341 "-" "wiederfreibot/1.0 (+https://www.wiederfrei.ch/crawler.html)"
85.25.185.196 - - [17/Dec/2022:20:09:43 +0100] "GET /Main/Home HTTP/1.1" 200 15085 "-" "Mozilla/5.0 (Macintosh; Intel Mac OS X 10.15; rv:103.0) Gecko/20100101 Firefox/103.0"
65.108.6.34 - - [17/Dec/2022:20:21:07 +0100] "GET /PodCast/Boschpochrank HTTP/1.1" 200 11394 "http://www.pro-zurituutsch.ch/PodCast/IndexPage" "Mozilla/5.0 (compatible; SEOkicks; +https://www.seokicks.de/robot.html)"
65.108.6.34 - - [17/Dec/2022:20:21:08 +0100] "GET /PodCast/SprAlAner HTTP/1.1" 200 9962 "http://www.pro-zurituutsch.ch/PodCast/IndexPage" "Mozilla/5.0 (compatible; SEOkicks; +https://www.seokicks.de/robot.html)"
65.108.6.34 - - [17/Dec/2022:20:21:10 +0100] "GET /PodCast/RezOceanLight?action=edit HTTP/1.1" 404 18 "http://www.pro-zurituutsch.ch/PodCast/IndexPage" "Mozilla/5.0 (compatible; SEOkicks; +https://www.seokicks.de/robot.html)"
65.108.6.34 - - [17/Dec/2022:20:21:11 +0100] "GET /PodCast/Poutschology HTTP/1.1" 200 14651 "http://www.pro-zurituutsch.ch/PodCast/IndexPage" "Mozilla/5.0 (compatible; SEOkicks; +https://www.seokicks.de/robot.html)"
65.108.6.34 - - [17/Dec/2022:20:21:12 +0100] "GET /PodCast/SprAntBea HTTP/1.1" 200 11671 "http://www.pro-zurituutsch.ch/PodCast/IndexPage" "Mozilla/5.0 (compatible; SEOkicks; +https://www.seokicks.de/robot.html)"
65.108.6.34 - - [17/Dec/2022:20:21:13 +0100] "GET /PodCast/SprChlaage HTTP/1.1" 200 13697 "http://www.pro-zurituutsch.ch/PodCast/IndexPage" "Mozilla/5.0 (compatible; SEOkicks; +https://www.seokicks.de/robot.html)"
65.108.6.34 - - [17/Dec/2022:20:21:14 +0100] "GET /PodCast/SprForKom HTTP/1.1" 200 8355 "http://www.pro-zurituutsch.ch/PodCast/IndexPage" "Mozilla/5.0 (compatible; SEOkicks; +https://www.seokicks.de/robot.html)"
65.108.6.34 - - [17/Dec/2022:20:21:16 +0100] "GET /PodCast/Limerick32 HTTP/1.1" 200 8883 "http://www.pro-zurituutsch.ch/PodCast/IndexPage" "Mozilla/5.0 (compatible; SEOkicks; +https://www.seokicks.de/robot.html)"
65.108.6.34 - - [17/Dec/2022:20:21:17 +0100] "GET /PodCast/Limerick31 HTTP/1.1" 200 8584 "http://www.pro-zurituutsch.ch/PodCast/IndexPage" "Mozilla/5.0 (compatible; SEOkicks; +https://www.seokicks.de/robot.html)"
65.108.6.34 - - [17/Dec/2022:20:21:18 +0100] "GET /PodCast/REZiPesciNonChiudonoGliOcchi?action=edit HTTP/1.1" 404 18 "http://www.pro-zurituutsch.ch/PodCast/IndexPage" "Mozilla/5.0 (compatible; SEOkicks; +https://www.seokicks.de/robot.html)"
65.108.6.34 - - [17/Dec/2022:20:21:19 +0100] "GET /PodCast/SprPrfSchwtzTggs?action=edit HTTP/1.1" 404 18 "http://www.pro-zurituutsch.ch/PodCast/IndexPage" "Mozilla/5.0 (compatible; SEOkicks; +https://www.seokicks.de/robot.html)"
66.249.66.89 - - [17/Dec/2022:20:21:25 +0100] "GET /pub/skins/pro-zurituutsch/images/favicon.ico HTTP/1.1" 200 1406 "-" "Googlebot-Image/1.0"
66.249.66.206 - - [17/Dec/2022:20:23:05 +0100] "GET /PodCast/IndexPage?action=rss HTTP/1.1" 200 6298 "-" "Mozilla/5.0 (compatible; Googlebot/2.1; +http://www.google.com/bot.html)"
85.25.185.196 - - [17/Dec/2022:20:27:58 +0100] "GET /sitemap.xml HTTP/1.1" 404 281 "-" "Mozilla/5.0 (Macintosh; Intel Mac OS X 10.15; rv:103.0) Gecko/20100101 Firefox/103.0"
54.36.149.23 - - [17/Dec/2022:20:31:15 +0100] "GET / HTTP/1.1" 200 15085 "-" "Mozilla/5.0 (compatible; AhrefsBot/7.0; +http://ahrefs.com/robot/)"
194.209.200.2 - - [17/Dec/2022:20:31:19 +0100] "GET /robots.txt HTTP/1.1" 200 - "-" "Mozilla/5.0 (compatible; TMMBot/0.2; +http://www.dslab.ch)/Nutch-1.15"
194.209.200.2 - - [17/Dec/2022:20:31:19 +0100] "GET /Texte/Schrybwys HTTP/1.1" 200 11028 "-" "Mozilla/5.0 (compatible; TMMBot/0.2; +http://www.dslab.ch)/Nutch-1.15"
54.36.148.100 - - [17/Dec/2022:20:31:19 +0100] "GET /uploads/Main/logo.jpg HTTP/1.1" 200 29066 "-" "Mozilla/5.0 (compatible; AhrefsBot/7.0; +http://ahrefs.com/robot/)"
85.25.185.196 - - [17/Dec/2022:20:42:55 +0100] "GET /Main/Home?action=edit&restore=diff:1456682157:1456682013:&preview=y HTTP/1.1" 200 8583 "-" "Mozilla/5.0 (Macintosh; Intel Mac OS X 10.15; rv:103.0) Gecko/20100101 Firefox/103.0"
66.249.76.220 - - [17/Dec/2022:20:49:48 +0100] "GET /PodCast/IndexPage?action=rss HTTP/1.1" 200 6298 "-" "Mozilla/5.0 (compatible; Googlebot/2.1; +http://www.google.com/bot.html)"
65.108.6.34 - - [17/Dec/2022:20:51:21 +0100] "GET /PodCast/REZMockingbird HTTP/1.1" 200 11553 "http://www.pro-zurituutsch.ch/PodCast/IndexPage" "Mozilla/5.0 (compatible; SEOkicks; +https://www.seokicks.de/robot.html)"
65.108.6.34 - - [17/Dec/2022:20:51:22 +0100] "GET /PodCast/Sidereuhsli HTTP/1.1" 200 8939 "http://www.pro-zurituutsch.ch/PodCast/IndexPage" "Mozilla/5.0 (compatible; SEOkicks; +https://www.seokicks.de/robot.html)"
65.108.6.34 - - [17/Dec/2022:20:51:23 +0100] "GET /PodCast/REZmebeforeyou?action=edit HTTP/1.1" 404 18 "http://www.pro-zurituutsch.ch/PodCast/IndexPage" "Mozilla/5.0 (compatible; SEOkicks; +https://www.seokicks.de/robot.html)"
65.108.6.34 - - [17/Dec/2022:20:51:24 +0100] "GET /PodCast/RezPflInt HTTP/1.1" 200 9633 "http://www.pro-zurituutsch.ch/PodCast/IndexPage" "Mozilla/5.0 (compatible; SEOkicks; +https://www.seokicks.de/robot.html)"
65.108.6.34 - - [17/Dec/2022:20:51:26 +0100] "GET /PodCast/TampoToummOuhsreedeVerwandt?action=edit HTTP/1.1" 404 18 "http://www.pro-zurituutsch.ch/PodCast/IndexPage" "Mozilla/5.0 (compatible; SEOkicks; +https://www.seokicks.de/robot.html)"
65.108.6.34 - - [17/Dec/2022:20:51:27 +0100] "GET /PodCast/SpruchZ HTTP/1.1" 200 10496 "http://www.pro-zurituutsch.ch/PodCast/IndexPage" "Mozilla/5.0 (compatible; SEOkicks; +https://www.seokicks.de/robot.html)"
65.108.6.34 - - [17/Dec/2022:20:51:28 +0100] "GET /PodCast/Zwangsabonemang HTTP/1.1" 200 15007 "http://www.pro-zurituutsch.ch/PodCast/IndexPage" "Mozilla/5.0 (compatible; SEOkicks; +https://www.seokicks.de/robot.html)"
65.108.6.34 - - [17/Dec/2022:20:51:29 +0100] "GET /PodCast/Rucktrittstrioumpf HTTP/1.1" 200 13948 "http://www.pro-zurituutsch.ch/PodCast/IndexPage" "Mozilla/5.0 (compatible; SEOkicks; +https://www.seokicks.de/robot.html)"
65.108.6.34 - - [17/Dec/2022:20:51:30 +0100] "GET /PodCast/Verlaine HTTP/1.1" 200 9380 "http://www.pro-zurituutsch.ch/PodCast/IndexPage" "Mozilla/5.0 (compatible; SEOkicks; +https://www.seokicks.de/robot.html)"
65.108.6.34 - - [17/Dec/2022:20:51:32 +0100] "GET /PodCast/Limerick30 HTTP/1.1" 200 8709 "http://www.pro-zurituutsch.ch/PodCast/IndexPage" "Mozilla/5.0 (compatible; SEOkicks; +https://www.seokicks.de/robot.html)"
65.108.6.34 - - [17/Dec/2022:20:51:33 +0100] "GET /PodCast/REZlangetage?action=edit HTTP/1.1" 404 18 "http://www.pro-zurituutsch.ch/PodCast/IndexPage" "Mozilla/5.0 (compatible; SEOkicks; +https://www.seokicks.de/robot.html)"
157.55.39.194 - - [17/Dec/2022:20:54:35 +0100] "GET /Site/Search?pagename=Site%2FSearch&q= HTTP/1.1" 200 10615 "-" "Mozilla/5.0 (compatible; bingbot/2.0; +http://www.bing.com/bingbot.htm)"
40.77.167.74 - - [17/Dec/2022:20:57:21 +0100] "GET /PodCast/Chouechetailet?action=print HTTP/1.1" 403 18 "-" "Mozilla/5.0 (compatible; bingbot/2.0; +http://www.bing.com/bingbot.htm)"
85.25.185.196 - - [17/Dec/2022:20:57:41 +0100] "GET /Main/Home?action=edit&restore=diff:1591952350:1472746904:&preview=y HTTP/1.1" 200 8583 "-" "Mozilla/5.0 (Macintosh; Intel Mac OS X 10.15; rv:103.0) Gecko/20100101 Firefox/103.0"
168.119.51.163 - - [17/Dec/2022:20:59:04 +0100] "GET /robots.txt HTTP/1.1" 200 - "-" "Mozilla/5.0 (compatible; um-IC/1.0; mailto: techinfo@ubermetrics-technologies.com; Windows NT 6.1; WOW64; rv:40.0) Gecko/20100101 Firefox/40.1"
168.119.51.163 - - [17/Dec/2022:20:59:04 +0100] "GET /PodCast/IndexPage?action=rss HTTP/1.1" 200 6298 "-" "Mozilla/5.0 (compatible; um-IC/1.0; mailto: techinfo@ubermetrics-technologies.com; Windows NT 6.1; WOW64; rv:40.0) Gecko/20100101 Firefox/40.1"
194.209.200.2 - - [17/Dec/2022:21:14:00 +0100] "GET /robots.txt HTTP/1.1" 200 - "-" "Mozilla/5.0 (compatible; TMMBot/0.2; +http://www.dslab.ch)/Nutch-1.15"
194.209.200.2 - - [17/Dec/2022:21:14:00 +0100] "GET /Texte/Schrybwys HTTP/1.1" 200 11028 "-" "Mozilla/5.0 (compatible; TMMBot/0.2; +http://www.dslab.ch)/Nutch-1.15"
85.25.185.196 - - [17/Dec/2022:21:14:32 +0100] "GET /Main/Home?action=diff&source=y&minor=n HTTP/1.1" 200 43489 "-" "Mozilla/5.0 (Macintosh; Intel Mac OS X 10.15; rv:103.0) Gecko/20100101 Firefox/103.0"
65.108.6.34 - - [17/Dec/2022:21:18:28 +0100] "GET /PodCast/Boundestaatebound HTTP/1.1" 200 13172 "http://www.pro-zurituutsch.ch/PodCast/IndexPage" "Mozilla/5.0 (compatible; SEOkicks; +https://www.seokicks.de/robot.html)"
65.108.6.34 - - [17/Dec/2022:21:18:29 +0100] "GET /PodCast/Erdegluck HTTP/1.1" 200 16727 "http://www.pro-zurituutsch.ch/PodCast/IndexPage" "Mozilla/5.0 (compatible; SEOkicks; +https://www.seokicks.de/robot.html)"
66.249.76.220 - - [17/Dec/2022:21:18:29 +0100] "GET /PodCast/IndexPage?action=rss HTTP/1.1" 200 6298 "-" "Mozilla/5.0 (compatible; Googlebot/2.1; +http://www.google.com/bot.html)"
65.108.6.34 - - [17/Dec/2022:21:18:30 +0100] "GET /PodCast/Mordspilot HTTP/1.1" 200 12897 "http://www.pro-zurituutsch.ch/PodCast/IndexPage" "Mozilla/5.0 (compatible; SEOkicks; +https://www.seokicks.de/robot.html)"
65.108.6.34 - - [17/Dec/2022:21:18:32 +0100] "GET /PodCast/Limerick29 HTTP/1.1" 200 8812 "http://www.pro-zurituutsch.ch/PodCast/IndexPage" "Mozilla/5.0 (compatible; SEOkicks; +https://www.seokicks.de/robot.html)"
65.108.6.34 - - [17/Dec/2022:21:18:33 +0100] "GET /PodCast/Sbysst HTTP/1.1" 200 17403 "http://www.pro-zurituutsch.ch/PodCast/IndexPage" "Mozilla/5.0 (compatible; SEOkicks; +https://www.seokicks.de/robot.html)"
65.108.6.34 - - [17/Dec/2022:21:18:34 +0100] "GET /PodCast/Limerick28?action=edit HTTP/1.1" 404 18 "http://www.pro-zurituutsch.ch/PodCast/IndexPage" "Mozilla/5.0 (compatible; SEOkicks; +https://www.seokicks.de/robot.html)"
65.108.6.34 - - [17/Dec/2022:21:18:35 +0100] "GET /PodCast/Haiweeturgg HTTP/1.1" 200 11503 "http://www.pro-zurituutsch.ch/PodCast/IndexPage" "Mozilla/5.0 (compatible; SEOkicks; +https://www.seokicks.de/robot.html)"
65.108.6.34 - - [17/Dec/2022:21:18:36 +0100] "GET /PodCast/JBJNaawort HTTP/1.1" 200 17472 "http://www.pro-zurituutsch.ch/PodCast/IndexPage" "Mozilla/5.0 (compatible; SEOkicks; +https://www.seokicks.de/robot.html)"
65.108.6.34 - - [17/Dec/2022:21:18:37 +0100] "GET /JissIBNJoussouff7/02?action=edit HTTP/1.1" 404 18 "http://www.pro-zurituutsch.ch/PodCast/IndexPage" "Mozilla/5.0 (compatible; SEOkicks; +https://www.seokicks.de/robot.html)"
65.108.6.34 - - [17/Dec/2022:21:18:39 +0100] "GET /JissIBNJoussouff7/01 HTTP/1.1" 200 8155 "http://www.pro-zurituutsch.ch/PodCast/IndexPage" "Mozilla/5.0 (compatible; SEOkicks; +https://www.seokicks.de/robot.html)"
65.108.6.34 - - [17/Dec/2022:21:18:40 +0100] "GET /JissIBNJoussouff7/GNU/Emacs HTTP/1.1" 404 264 "http://www.pro-zurituutsch.ch/JissIBNJoussouff7/01" "Mozilla/5.0 (compatible; SEOkicks; +https://www.seokicks.de/robot.html)"
85.25.185.196 - - [17/Dec/2022:21:19:50 +0100] "GET /Main/Home?action=edit&restore=diff:1615670311:1615669764:&preview=y HTTP/1.1" 200 8583 "-" "Mozilla/5.0 (Macintosh; Intel Mac OS X 10.15; rv:103.0) Gecko/20100101 Firefox/103.0"
216.244.66.243 - - [17/Dec/2022:21:20:18 +0100] "GET /robots.txt HTTP/1.1" 200 - "-" "Mozilla/5.0 (compatible; DotBot/1.2; +https://opensiteexplorer.org/dotbot; help@moz.com)"
85.25.185.196 - - [17/Dec/2022:21:24:20 +0100] "GET /Main/Home?action=edit&restore=diff:1615669051:1615669033:&preview=y HTTP/1.1" 200 8583 "-" "Mozilla/5.0 (Macintosh; Intel Mac OS X 10.15; rv:103.0) Gecko/20100101 Firefox/103.0"
216.244.66.243 - - [17/Dec/2022:21:33:40 +0100] "GET /PmWikiFr/TextFormattingRules HTTP/1.1" 200 24830 "-" "Mozilla/5.0 (compatible; DotBot/1.2; +https://opensiteexplorer.org/dotbot; help@moz.com)"
3.216.185.164 - - [17/Dec/2022:21:33:56 +0100] "GET /PodCast/IndexPage?action=rss HTTP/1.1" 200 6298 "-" "PocketCasts/1.0 (Pocket Casts Feed Parser; +http://pocketcasts.com/)"
85.25.185.196 - - [17/Dec/2022:21:37:05 +0100] "GET /Main/Home?action=diff&source=n&minor=y HTTP/1.1" 200 41412 "-" "Mozilla/5.0 (Macintosh; Intel Mac OS X 10.15; rv:103.0) Gecko/20100101 Firefox/103.0"
65.108.6.34 - - [17/Dec/2022:21:43:56 +0100] "GET /JissIBNJoussouff6/02?action=edit HTTP/1.1" 404 18 "http://www.pro-zurituutsch.ch/PodCast/IndexPage" "Mozilla/5.0 (compatible; SEOkicks; +https://www.seokicks.de/robot.html)"
65.108.6.34 - - [17/Dec/2022:21:43:57 +0100] "GET /JissIBNJoussouff6/01?action=edit HTTP/1.1" 404 18 "http://www.pro-zurituutsch.ch/PodCast/IndexPage" "Mozilla/5.0 (compatible; SEOkicks; +https://www.seokicks.de/robot.html)"
65.108.6.34 - - [17/Dec/2022:21:43:59 +0100] "GET /JissIBNJoussouff4/02 HTTP/1.1" 200 8155 "http://www.pro-zurituutsch.ch/PodCast/IndexPage" "Mozilla/5.0 (compatible; SEOkicks; +https://www.seokicks.de/robot.html)"
65.108.6.34 - - [17/Dec/2022:21:44:00 +0100] "GET /JissIBNJoussouff4/GNU/Emacs HTTP/1.1" 404 264 "http://www.pro-zurituutsch.ch/JissIBNJoussouff4/02" "Mozilla/5.0 (compatible; SEOkicks; +https://www.seokicks.de/robot.html)"
65.108.6.34 - - [17/Dec/2022:21:44:02 +0100] "GET /JissIBNJoussouff5/02?action=edit HTTP/1.1" 404 18 "http://www.pro-zurituutsch.ch/PodCast/IndexPage" "Mozilla/5.0 (compatible; SEOkicks; +https://www.seokicks.de/robot.html)"
65.108.6.34 - - [17/Dec/2022:21:44:04 +0100] "GET /JissIBNJoussouff5/01?action=edit HTTP/1.1" 404 18 "http://www.pro-zurituutsch.ch/PodCast/IndexPage" "Mozilla/5.0 (compatible; SEOkicks; +https://www.seokicks.de/robot.html)"
65.108.6.34 - - [17/Dec/2022:21:44:06 +0100] "GET /JissIBNJoussouff4/01?action=edit HTTP/1.1" 404 18 "http://www.pro-zurituutsch.ch/PodCast/IndexPage" "Mozilla/5.0 (compatible; SEOkicks; +https://www.seokicks.de/robot.html)"
65.108.6.34 - - [17/Dec/2022:21:44:07 +0100] "GET /JissIBNJoussouff3/02 HTTP/1.1" 200 8155 "http://www.pro-zurituutsch.ch/PodCast/IndexPage" "Mozilla/5.0 (compatible; SEOkicks; +https://www.seokicks.de/robot.html)"
65.108.6.34 - - [17/Dec/2022:21:44:08 +0100] "GET /JissIBNJoussouff3/GNU/Emacs HTTP/1.1" 404 264 "http://www.pro-zurituutsch.ch/JissIBNJoussouff3/02" "Mozilla/5.0 (compatible; SEOkicks; +https://www.seokicks.de/robot.html)"
65.108.6.34 - - [17/Dec/2022:21:44:10 +0100] "GET /JissIBNJoussouff3/01 HTTP/1.1" 200 8171 "http://www.pro-zurituutsch.ch/PodCast/IndexPage" "Mozilla/5.0 (compatible; SEOkicks; +https://www.seokicks.de/robot.html)"
65.108.6.34 - - [17/Dec/2022:21:44:12 +0100] "GET /JissIBNJoussouff2/02?action=edit HTTP/1.1" 404 18 "http://www.pro-zurituutsch.ch/PodCast/IndexPage" "Mozilla/5.0 (compatible; SEOkicks; +https://www.seokicks.de/robot.html)"
85.25.185.196 - - [17/Dec/2022:21:53:48 +0100] "GET /Main/Home?action=edit&restore=diff:1615669117:1615669102:&preview=y HTTP/1.1" 200 8583 "-" "Mozilla/5.0 (Macintosh; Intel Mac OS X 10.15; rv:103.0) Gecko/20100101 Firefox/103.0"
194.209.200.2 - - [17/Dec/2022:22:00:24 +0100] "GET /robots.txt HTTP/1.1" 200 - "-" "Mozilla/5.0 (compatible; TMMBot/0.2; +http://www.dslab.ch)/Nutch-1.15"
194.209.200.2 - - [17/Dec/2022:22:00:24 +0100] "GET /Texte/Schrybwys HTTP/1.1" 200 11028 "-" "Mozilla/5.0 (compatible; TMMBot/0.2; +http://www.dslab.ch)/Nutch-1.15"
65.108.6.34 - - [17/Dec/2022:22:05:24 +0100] "GET /PodCast/Limerick27 HTTP/1.1" 200 8704 "http://www.pro-zurituutsch.ch/PodCast/IndexPage" "Mozilla/5.0 (compatible; SEOkicks; +https://www.seokicks.de/robot.html)"
85.25.185.196 - - [17/Dec/2022:22:08:24 +0100] "GET /Main/Home?action=edit&restore=diff:1615669102:1615669070:&preview=y HTTP/1.1" 200 8583 "-" "Mozilla/5.0 (Macintosh; Intel Mac OS X 10.15; rv:103.0) Gecko/20100101 Firefox/103.0"
66.249.76.222 - - [17/Dec/2022:22:17:33 +0100] "GET /PodCast/IndexPage?action=rss HTTP/1.1" 200 6298 "-" "Mozilla/5.0 (compatible; Googlebot/2.1; +http://www.google.com/bot.html)"
85.25.185.196 - - [17/Dec/2022:22:24:51 +0100] "GET /Main/Home?action=edit&restore=diff:1591952422:1591952350:&preview=y HTTP/1.1" 200 8583 "-" "Mozilla/5.0 (Macintosh; Intel Mac OS X 10.15; rv:103.0) Gecko/20100101 Firefox/103.0"
85.25.185.196 - - [17/Dec/2022:22:37:28 +0100] "GET /Main/Home?action=edit&restore=diff:1416758465:1363367084:&preview=y HTTP/1.1" 200 8583 "-" "Mozilla/5.0 (Macintosh; Intel Mac OS X 10.15; rv:103.0) Gecko/20100101 Firefox/103.0"
194.209.200.2 - - [17/Dec/2022:22:39:33 +0100] "GET /robots.txt HTTP/1.1" 200 - "-" "Mozilla/5.0 (compatible; TMMBot/0.2; +http://www.dslab.ch)/Nutch-1.15"
194.209.200.2 - - [17/Dec/2022:22:39:33 +0100] "GET /Texte/Schrybwys HTTP/1.1" 200 11028 "-" "Mozilla/5.0 (compatible; TMMBot/0.2; +http://www.dslab.ch)/Nutch-1.15"
194.165.17.8 - - [17/Dec/2022:22:44:42 +0100] "GET /wp-load.php HTTP/1.1" 404 281 "www.bing.com" "wp_is_mobile"
194.165.17.8 - - [17/Dec/2022:22:44:43 +0100] "GET /style.php HTTP/1.1" 404 279 "www.bing.com" "wp_is_mobile"
194.165.17.8 - - [17/Dec/2022:22:44:43 +0100] "GET /wp-admin/style.php HTTP/1.1" 404 288 "www.bing.com" "wp_is_mobile"
194.165.17.8 - - [17/Dec/2022:22:44:44 +0100] "GET /s_e.php HTTP/1.1" 404 277 "www.bing.com" "wp_is_mobile"
194.165.17.8 - - [17/Dec/2022:22:44:45 +0100] "GET /s_ne.php HTTP/1.1" 404 278 "www.bing.com" "wp_is_mobile"
194.165.17.8 - - [17/Dec/2022:22:44:46 +0100] "GET /1index.php HTTP/1.1" 404 264 "www.bing.com" "Mozilla/5.0 (Windows NT 10.0; Win64; x64) AppleWebKit/537.36 (KHTML, like Gecko) Chrome/90.0.4430.85 Safari/537.36"
194.165.17.8 - - [17/Dec/2022:22:44:48 +0100] "GET /3index.php?f=/NmRtJOUjAdutReQj/scRjKUhleBpzmTyO.txt HTTP/1.1" 404 264 "www.bing.com" "Mozilla/5.0 (Windows NT 10.0; Win64; x64) AppleWebKit/537.36 (KHTML, like Gecko) Chrome/90.0.4430.85 Safari/537.36"
194.165.17.8 - - [17/Dec/2022:22:44:49 +0100] "GET /wikindex.php?f=/NmRtJOUjAdutReQj/scRjKUhleBpzmTyO.txt HTTP/1.1" 404 282 "www.bing.com" "Mozilla/5.0 (Windows NT 10.0; Win64; x64) AppleWebKit/537.36 (KHTML, like Gecko) Chrome/90.0.4430.85 Safari/537.36"
194.165.17.8 - - [17/Dec/2022:22:44:51 +0100] "GET /wp-content/mu-plugins-old/index.php?f=/NmRtJOUjAdutReQj/scRjKUhleBpzmTyO.txt HTTP/1.1" 404 305 "www.bing.com" "Mozilla/5.0 (Windows NT 10.0; Win64; x64) AppleWebKit/537.36 (KHTML, like Gecko) Chrome/90.0.4430.85 Safari/537.36"
194.165.17.8 - - [17/Dec/2022:22:44:52 +0100] "GET /radio.php HTTP/1.1" 404 279 "www.bing.com" "wp_is_mobile"
194.165.17.8 - - [17/Dec/2022:22:44:52 +0100] "GET /lock360.php?daksldlkdsadas=1 HTTP/1.1" 404 281 "www.bing.com" "wp_is_mobile"
194.165.17.8 - - [17/Dec/2022:22:44:54 +0100] "GET /wp-load.php?daksldlkdsadas=1 HTTP/1.1" 404 281 "www.bing.com" "wp_is_mobile"
194.165.17.8 - - [17/Dec/2022:22:44:55 +0100] "GET /old-index.php?daksldlkdsadas=1 HTTP/1.1" 404 283 "www.bing.com" "wp_is_mobile"
194.165.17.8 - - [17/Dec/2022:22:44:56 +0100] "GET /xmrlpc.php?daksldlkdsadas=1 HTTP/1.1" 404 280 "www.bing.com" "wp_is_mobile"
194.165.17.8 - - [17/Dec/2022:22:44:57 +0100] "GET /xmlrpcs.php?daksldlkdsadas=1 HTTP/1.1" 404 281 "www.bing.com" "wp_is_mobile"
194.165.17.8 - - [17/Dec/2022:22:44:58 +0100] "GET /wp-admin.php?daksldlkdsadas=1 HTTP/1.1" 404 282 "www.bing.com" "wp_is_mobile"
194.165.17.8 - - [17/Dec/2022:22:44:59 +0100] "GET /qindex.php?daksldlkdsadas=1 HTTP/1.1" 404 280 "www.bing.com" "wp_is_mobile"
194.165.17.8 - - [17/Dec/2022:22:45:01 +0100] "GET /doc.php HTTP/1.1" 404 277 "www.bing.com" "wp_is_mobile"
194.165.17.8 - - [17/Dec/2022:22:45:02 +0100] "GET /wp_wrong_datlib.php HTTP/1.1" 404 289 "www.bing.com" "Mozilla/5.0 (Windows NT 10.0; Win64; x64) AppleWebKit/537.36 (KHTML, like Gecko) Chrome/90.0.4430.85 Safari/537.36"
194.165.17.8 - - [17/Dec/2022:22:45:04 +0100] "GET /beence.php HTTP/1.1" 404 280 "www.bing.com" "Mozilla/5.0 (Windows NT 10.0; Win64; x64) AppleWebKit/537.36 (KHTML, like Gecko) Chrome/90.0.4430.85 Safari/537.36"
194.165.17.8 - - [17/Dec/2022:22:45:06 +0100] "GET /ups.php HTTP/1.1" 404 277 "www.bing.com" "wp_is_mobile"
194.165.17.8 - - [17/Dec/2022:22:45:07 +0100] "GET /wp-signin.php?dizo&ping HTTP/1.1" 404 283 "www.bing.com" "wp_is_mobile"
194.165.17.8 - - [17/Dec/2022:22:45:07 +0100] "GET /media-admin.php HTTP/1.1" 404 285 "www.bing.com" "wp_is_mobile"
194.165.17.8 - - [17/Dec/2022:22:45:09 +0100] "GET /export.php HTTP/1.1" 404 280 "www.bing.com" "Mozilla/5.0 (Windows NT 10.0; Win64; x64) AppleWebKit/537.36 (KHTML, like Gecko) Chrome/90.0.4430.85 Safari/537.36"
194.165.17.8 - - [17/Dec/2022:22:45:10 +0100] "GET /wp-content/export.php HTTP/1.1" 404 291 "www.bing.com" "Mozilla/5.0 (Windows NT 10.0; Win64; x64) AppleWebKit/537.36 (KHTML, like Gecko) Chrome/90.0.4430.85 Safari/537.36"
194.165.17.8 - - [17/Dec/2022:22:45:11 +0100] "GET /wp-includes/wp-class.php HTTP/1.1" 404 294 "www.bing.com" "wp_is_mobile"
194.165.17.8 - - [17/Dec/2022:22:45:13 +0100] "GET /wp-includes/wp-atom.php HTTP/1.1" 404 293 "www.bing.com" "Mozilla/5.0 (Windows NT 10.0; Win64; x64) AppleWebKit/537.36 (KHTML, like Gecko) Chrome/90.0.4430.85 Safari/537.36"
194.165.17.8 - - [17/Dec/2022:22:45:15 +0100] "GET /wp-includes/images/css.php HTTP/1.1" 404 296 "www.bing.com" "Mozilla/5.0 (Windows NT 10.0; Win64; x64) AppleWebKit/537.36 (KHTML, like Gecko) Chrome/90.0.4430.85 Safari/537.36"
194.165.17.8 - - [17/Dec/2022:22:45:15 +0100] "GET /wp-includes/css/css.php HTTP/1.1" 404 293 "www.bing.com" "Mozilla/5.0 (Windows NT 10.0; Win64; x64) AppleWebKit/537.36 (KHTML, like Gecko) Chrome/90.0.4430.85 Safari/537.36"
194.165.17.8 - - [17/Dec/2022:22:45:17 +0100] "GET /defau1t.php HTTP/1.1" 404 281 "www.bing.com" "Mozilla/5.0 (Windows NT 10.0; Win64; x64) AppleWebKit/537.36 (KHTML, like Gecko) Chrome/90.0.4430.85 Safari/537.36"
194.165.17.8 - - [17/Dec/2022:22:45:18 +0100] "GET /css.php HTTP/1.1" 404 277 "www.bing.com" "wp_is_mobile"
194.165.17.8 - - [17/Dec/2022:22:45:19 +0100] "GET /moduless.php HTTP/1.1" 404 282 "www.bing.com" "Mozilla/5.0 (Windows NT 10.0; Win64; x64) AppleWebKit/537.36 (KHTML, like Gecko) Chrome/90.0.4430.85 Safari/537.36"
194.165.17.8 - - [17/Dec/2022:22:45:20 +0100] "GET /wp-booking.php HTTP/1.1" 404 284 "www.bing.com" "wp_is_mobile"
194.165.17.8 - - [17/Dec/2022:22:45:21 +0100] "GET /wp-content/plugins/backup_index.php HTTP/1.1" 404 305 "www.bing.com" "wp_is_mobile"
194.165.17.8 - - [17/Dec/2022:22:45:22 +0100] "GET /wp-content/mu-plugins/db-safe-mode.php HTTP/1.1" 404 308 "www.bing.com" "wp_is_mobile"
194.165.17.8 - - [17/Dec/2022:22:45:23 +0100] "GET /wp-includes/css/wp-config.php HTTP/1.1" 404 299 "www.bing.com" "wp_is_mobile"
194.165.17.8 - - [17/Dec/2022:22:45:24 +0100] "GET /config.bak.php HTTP/1.1" 404 284 "www.bing.com" "wp_is_mobile"
194.165.17.8 - - [17/Dec/2022:22:45:24 +0100] "GET /wp-content/themes/config.bak.php HTTP/1.1" 404 302 "www.bing.com" "wp_is_mobile"
194.165.17.8 - - [17/Dec/2022:22:45:25 +0100] "GET /legion.php HTTP/1.1" 404 280 "www.bing.com" "wp_is_mobile"
194.165.17.8 - - [17/Dec/2022:22:45:27 +0100] "GET /wp-content/plugins/wpconfig.bak.php?act=sf HTTP/1.1" 404 305 "www.bing.com" "Mozilla/5.0 (Windows NT 10.0; Win64; x64) AppleWebKit/537.36 (KHTML, like Gecko) Chrome/90.0.4430.85 Safari/537.36"
194.165.17.8 - - [17/Dec/2022:22:45:28 +0100] "GET /wp-plugins.php HTTP/1.1" 404 284 "www.bing.com" "wp_is_mobile"
194.165.17.8 - - [17/Dec/2022:22:45:29 +0100] "GET /gank.php.PhP HTTP/1.1" 404 282 "www.bing.com" "wp_is_mobile"
194.165.17.8 - - [17/Dec/2022:22:45:30 +0100] "GET /wp-content/db-cache.php HTTP/1.1" 404 293 "www.bing.com" "wp_is_mobile"
194.165.17.8 - - [17/Dec/2022:22:45:31 +0100] "GET /archives.php HTTP/1.1" 404 282 "www.bing.com" "Mozilla/5.0 (Windows NT 10.0; Win64; x64) AppleWebKit/537.36 (KHTML, like Gecko) Chrome/90.0.4430.85 Safari/537.36"
194.165.17.8 - - [17/Dec/2022:22:45:32 +0100] "GET /xindex.php HTTP/1.1" 404 280 "www.bing.com" "wp_is_mobile"
194.165.17.8 - - [17/Dec/2022:22:45:33 +0100] "GET /defau11.php HTTP/1.1" 404 281 "www.bing.com" "Mozilla/5.0 (Windows NT 10.0; Win64; x64) AppleWebKit/537.36 (KHTML, like Gecko) Chrome/90.0.4430.85 Safari/537.36"
194.165.17.8 - - [17/Dec/2022:22:45:34 +0100] "GET /wp-content/outcms.php?up HTTP/1.1" 404 291 "www.bing.com" "wp_is_mobile"
194.165.17.8 - - [17/Dec/2022:22:45:36 +0100] "GET /system_log.php?bala=up HTTP/1.1" 404 284 "www.bing.com" "wp_is_mobile"
194.165.17.8 - - [17/Dec/2022:22:45:37 +0100] "GET /wp-backup-sql-302.php HTTP/1.1" 404 291 "www.bing.com" "wp_is_mobile"
194.165.17.8 - - [17/Dec/2022:22:45:38 +0100] "GET /error.php?phpshells HTTP/1.1" 404 279 "www.bing.com" "wp_is_mobile"
194.165.17.8 - - [17/Dec/2022:22:45:39 +0100] "GET /ALFA_DATA HTTP/1.1" 404 8205 "www.bing.com" "wp_is_mobile"
194.165.17.8 - - [17/Dec/2022:22:45:40 +0100] "GET /alfacgiapi HTTP/1.1" 404 280 "www.bing.com" "wp_is_mobile"
194.165.17.8 - - [17/Dec/2022:22:45:40 +0100] "GET /cgialfa HTTP/1.1" 404 277 "www.bing.com" "wp_is_mobile"
194.165.17.8 - - [17/Dec/2022:22:45:41 +0100] "GET /.well-known/ALFA_DATA HTTP/1.1" 404 264 "www.bing.com" "wp_is_mobile"
194.165.17.8 - - [17/Dec/2022:22:45:42 +0100] "GET /.well-known/alfacgiapi HTTP/1.1" 404 264 "www.bing.com" "wp_is_mobile"
194.165.17.8 - - [17/Dec/2022:22:45:43 +0100] "GET /.well-known/cgialfa HTTP/1.1" 404 264 "www.bing.com" "wp_is_mobile"
194.165.17.8 - - [17/Dec/2022:22:45:43 +0100] "GET /wp-content/uploads/ALFA_DATA HTTP/1.1" 404 298 "www.bing.com" "wp_is_mobile"
194.165.17.8 - - [17/Dec/2022:22:45:44 +0100] "GET /wp-content/uploads/alfacgiapi HTTP/1.1" 404 299 "www.bing.com" "wp_is_mobile"
194.165.17.8 - - [17/Dec/2022:22:45:45 +0100] "GET /wp-content/uploads/cgialfa HTTP/1.1" 404 296 "www.bing.com" "wp_is_mobile"
194.165.17.8 - - [17/Dec/2022:22:45:46 +0100] "GET /wp-includes/ALFA_DATA HTTP/1.1" 404 291 "www.bing.com" "wp_is_mobile"
194.165.17.8 - - [17/Dec/2022:22:45:47 +0100] "GET /wp-includes/alfacgiapi HTTP/1.1" 404 292 "www.bing.com" "wp_is_mobile"
194.165.17.8 - - [17/Dec/2022:22:45:52 +0100] "GET /wp-includes/cgialfa HTTP/1.1" 404 289 "www.bing.com" "wp_is_mobile"
194.165.17.8 - - [17/Dec/2022:22:45:54 +0100] "GET /wp-admin/ALFA_DATA HTTP/1.1" 404 288 "www.bing.com" "wp_is_mobile"
194.165.17.8 - - [17/Dec/2022:22:45:54 +0100] "GET /wp-admin/alfacgiapi HTTP/1.1" 404 289 "www.bing.com" "wp_is_mobile"
194.165.17.8 - - [17/Dec/2022:22:45:55 +0100] "GET /wp-admin/cgialfa HTTP/1.1" 404 286 "www.bing.com" "wp_is_mobile"
194.165.17.8 - - [17/Dec/2022:22:45:56 +0100] "GET /wp-content/ALFA_DATA HTTP/1.1" 404 290 "www.bing.com" "wp_is_mobile"
194.165.17.8 - - [17/Dec/2022:22:45:57 +0100] "GET /wp-content/alfacgiapi HTTP/1.1" 404 291 "www.bing.com" "wp_is_mobile"
194.165.17.8 - - [17/Dec/2022:22:45:57 +0100] "GET /wp-content/cgialfa HTTP/1.1" 404 288 "www.bing.com" "wp_is_mobile"
194.165.17.8 - - [17/Dec/2022:22:45:58 +0100] "GET /templates/beez3/ALFA_DATA HTTP/1.1" 404 295 "www.bing.com" "wp_is_mobile"
194.165.17.8 - - [17/Dec/2022:22:45:59 +0100] "GET /templates/beez3/alfacgiapi HTTP/1.1" 404 296 "www.bing.com" "wp_is_mobile"
194.165.17.8 - - [17/Dec/2022:22:46:00 +0100] "GET /templates/beez3/cgialfa HTTP/1.1" 404 293 "www.bing.com" "wp_is_mobile"
194.165.17.8 - - [17/Dec/2022:22:46:01 +0100] "GET /sites/default/files/ALFA_DATA HTTP/1.1" 404 299 "www.bing.com" "wp_is_mobile"
194.165.17.8 - - [17/Dec/2022:22:46:01 +0100] "GET /sites/default/files/alfacgiapi HTTP/1.1" 404 300 "www.bing.com" "wp_is_mobile"
194.165.17.8 - - [17/Dec/2022:22:46:02 +0100] "GET /sites/default/files/cgialfa HTTP/1.1" 404 297 "www.bing.com" "wp_is_mobile"
194.165.17.8 - - [17/Dec/2022:22:46:03 +0100] "GET /admin/controller/extension/extension/ALFA_DATA HTTP/1.1" 404 316 "www.bing.com" "wp_is_mobile"
194.165.17.8 - - [17/Dec/2022:22:46:04 +0100] "GET /admin/controller/extension/extension/alfacgiapi HTTP/1.1" 404 317 "www.bing.com" "wp_is_mobile"
194.165.17.8 - - [17/Dec/2022:22:46:05 +0100] "GET /admin/controller/extension/extension/cgialfa HTTP/1.1" 404 314 "www.bing.com" "wp_is_mobile"
194.165.17.8 - - [17/Dec/2022:22:46:06 +0100] "GET /wp-content/plugins/ubh/up.php HTTP/1.1" 404 299 "www.bing.com" "wp_is_mobile"
194.165.17.8 - - [17/Dec/2022:22:46:07 +0100] "GET /index.php?3x=3x HTTP/1.1" 404 279 "www.bing.com" "wp_is_mobile"
194.165.17.8 - - [17/Dec/2022:22:46:07 +0100] "GET /about.php HTTP/1.1" 404 279 "www.bing.com" "wp_is_mobile"
194.165.17.8 - - [17/Dec/2022:22:46:08 +0100] "GET /shells.php HTTP/1.1" 404 280 "www.bing.com" "wp_is_mobile"
194.165.17.8 - - [17/Dec/2022:22:46:08 +0100] "GET /olux.php HTTP/1.1" 404 278 "www.bing.com" "wp_is_mobile"
194.165.17.8 - - [17/Dec/2022:22:46:09 +0100] "GET /xleet.php HTTP/1.1" 404 279 "www.bing.com" "wp_is_mobile"
194.165.17.8 - - [17/Dec/2022:22:46:09 +0100] "GET /wso.php HTTP/1.1" 404 277 "www.bing.com" "wp_is_mobile"
194.165.17.8 - - [17/Dec/2022:22:46:10 +0100] "GET /shell.php HTTP/1.1" 404 279 "www.bing.com" "wp_is_mobile"
194.165.17.8 - - [17/Dec/2022:22:46:10 +0100] "GET /up.php HTTP/1.1" 404 276 "www.bing.com" "wp_is_mobile"
194.165.17.8 - - [17/Dec/2022:22:46:10 +0100] "GET /upload.php HTTP/1.1" 404 280 "www.bing.com" "wp_is_mobile"
194.165.17.8 - - [17/Dec/2022:22:46:11 +0100] "GET /1.php HTTP/1.1" 404 264 "www.bing.com" "wp_is_mobile"
194.165.17.8 - - [17/Dec/2022:22:46:11 +0100] "GET /x.php HTTP/1.1" 404 275 "www.bing.com" "wp_is_mobile"
194.165.17.8 - - [17/Dec/2022:22:46:12 +0100] "GET /z.php HTTP/1.1" 404 275 "www.bing.com" "wp_is_mobile"
194.165.17.8 - - [17/Dec/2022:22:46:12 +0100] "GET /a.php HTTP/1.1" 404 275 "www.bing.com" "wp_is_mobile"
194.165.17.8 - - [17/Dec/2022:22:46:13 +0100] "GET /test.php HTTP/1.1" 404 278 "www.bing.com" "wp_is_mobile"
194.165.17.8 - - [17/Dec/2022:22:46:13 +0100] "GET /wp.php HTTP/1.1" 404 276 "www.bing.com" "wp_is_mobile"
194.165.17.8 - - [17/Dec/2022:22:46:14 +0100] "GET /alfa.php HTTP/1.1" 404 278 "www.bing.com" "wp_is_mobile"
194.165.17.8 - - [17/Dec/2022:22:46:14 +0100] "GET /config.php HTTP/1.1" 404 280 "www.bing.com" "wp_is_mobile"
194.165.17.8 - - [17/Dec/2022:22:46:15 +0100] "GET /templates/beez3/index.php HTTP/1.1" 404 295 "www.bing.com" "wp_is_mobile"
114.119.143.5 - - [17/Dec/2022:22:48:25 +0100] "GET /PodCast/Erdegluck HTTP/1.1" 200 16727 "http://www.pro-zurituutsch.ch/PodCast/IndexPage" "Mozilla/5.0 (Linux; Android 7.0;) AppleWebKit/537.36 (KHTML, like Gecko) Mobile Safari/537.36 (compatible; PetalBot;+https://webmaster.petalsearch.com/site/petalbot)"
85.25.185.196 - - [17/Dec/2022:22:57:15 +0100] "GET /Main/Home?action=edit&restore=diff:1447605227:1416758465:&preview=y HTTP/1.1" 200 8583 "-" "Mozilla/5.0 (Macintosh; Intel Mac OS X 10.15; rv:103.0) Gecko/20100101 Firefox/103.0"
85.25.185.196 - - [17/Dec/2022:22:57:46 +0100] "GET /Main/Home?action=edit&restore=diff:1615668924:1615668888:&preview=y HTTP/1.1" 200 8583 "-" "Mozilla/5.0 (Macintosh; Intel Mac OS X 10.15; rv:103.0) Gecko/20100101 Firefox/103.0"
85.25.185.196 - - [17/Dec/2022:23:03:25 +0100] "GET /Main/Home?action=edit&restore=diff:1456682013:1454699649:&preview=y HTTP/1.1" 200 8583 "-" "Mozilla/5.0 (Macintosh; Intel Mac OS X 10.15; rv:103.0) Gecko/20100101 Firefox/103.0"
54.36.149.8 - - [17/Dec/2022:23:09:03 +0100] "GET /Gast/Podcast HTTP/1.1" 200 8106 "-" "Mozilla/5.0 (compatible; AhrefsBot/7.0; +http://ahrefs.com/robot/)"
54.80.232.131 - - [17/Dec/2022:23:12:53 +0100] "GET /PodCast/IndexPage?action=rss HTTP/1.1" 200 6298 "https://www.google.com/" "Mozilla/5.0 (Macintosh; Intel Mac OS X 10_13_6) AppleWebKit/605.1.15 (KHTML, like Gecko) Version/13.0.5 Safari/605.1.15"
85.25.185.196 - - [17/Dec/2022:23:13:06 +0100] "GET /Main/Home?action=edit&restore=diff:1656357829:1615670311:&preview=y HTTP/1.1" 200 8583 "-" "Mozilla/5.0 (Macintosh; Intel Mac OS X 10.15; rv:103.0) Gecko/20100101 Firefox/103.0"
207.46.13.14 - - [17/Dec/2022:23:16:29 +0100] "GET /PodCast/Povritalia1?action=print HTTP/1.1" 403 18 "-" "Mozilla/5.0 (compatible; bingbot/2.0; +http://www.bing.com/bingbot.htm)"
66.249.76.220 - - [17/Dec/2022:23:17:57 +0100] "GET /PodCast/IndexPage?action=rss HTTP/1.1" 200 6298 "-" "Mozilla/5.0 (compatible; Googlebot/2.1; +http://www.google.com/bot.html)"
54.36.149.33 - - [17/Dec/2022:23:20:26 +0100] "GET /Texte/Roman HTTP/1.1" 200 38741 "-" "Mozilla/5.0 (compatible; AhrefsBot/7.0; +http://ahrefs.com/robot/)"
194.209.200.2 - - [17/Dec/2022:23:22:46 +0100] "GET /robots.txt HTTP/1.1" 200 - "-" "Mozilla/5.0 (compatible; TMMBot/0.2; +http://www.dslab.ch)/Nutch-1.15"
194.209.200.2 - - [17/Dec/2022:23:22:46 +0100] "GET /Texte/Schrybwys HTTP/1.1" 200 11028 "-" "Mozilla/5.0 (compatible; TMMBot/0.2; +http://www.dslab.ch)/Nutch-1.15"
85.25.185.196 - - [17/Dec/2022:23:23:55 +0100] "GET /Main/Home?action=edit&restore=diff:1363367084:1363367028:&preview=y HTTP/1.1" 200 8583 "-" "Mozilla/5.0 (Macintosh; Intel Mac OS X 10.15; rv:103.0) Gecko/20100101 Firefox/103.0"
3.216.185.164 - - [17/Dec/2022:23:24:58 +0100] "GET /PodCast/IndexPage?action=rss HTTP/1.1" 200 6298 "-" "PocketCasts/1.0 (Pocket Casts Feed Parser; +http://pocketcasts.com/)"
54.36.148.187 - - [17/Dec/2022:23:26:02 +0100] "GET /Admin/ZurStiftung HTTP/1.1" 200 10864 "-" "Mozilla/5.0 (compatible; AhrefsBot/7.0; +http://ahrefs.com/robot/)"
85.25.185.196 - - [17/Dec/2022:23:31:01 +0100] "GET /Main/Home?action=edit&restore=diff:1615669764:1615669711:&preview=y HTTP/1.1" 200 8583 "-" "Mozilla/5.0 (Macintosh; Intel Mac OS X 10.15; rv:103.0) Gecko/20100101 Firefox/103.0"
85.25.185.196 - - [17/Dec/2022:23:42:56 +0100] "GET /Main/Home?action=edit&restore=diff:1363367028:1363367004:&preview=y HTTP/1.1" 200 8583 "-" "Mozilla/5.0 (Macintosh; Intel Mac OS X 10.15; rv:103.0) Gecko/20100101 Firefox/103.0"
54.36.149.107 - - [17/Dec/2022:23:45:34 +0100] "GET /Texte/GDicht HTTP/1.1" 200 8050 "-" "Mozilla/5.0 (compatible; AhrefsBot/7.0; +http://ahrefs.com/robot/)"
157.55.39.207 - - [17/Dec/2022:23:46:30 +0100] "GET /PodCast/Redeleere?action=diff HTTP/1.1" 403 18 "-" "Mozilla/5.0 AppleWebKit/537.36 (KHTML, like Gecko; compatible; bingbot/2.0; +http://www.bing.com/bingbot.htm) Chrome/103.0.5060.134 Safari/537.36"
85.25.185.196 - - [17/Dec/2022:23:49:22 +0100] "GET /Main/Home?action=edit&restore=diff:1615668991:1615668949:&preview=y HTTP/1.1" 200 8583 "-" "Mozilla/5.0 (Macintosh; Intel Mac OS X 10.15; rv:103.0) Gecko/20100101 Firefox/103.0"
5.188.86.198 - - [17/Dec/2022:23:50:40 +0100] "GET /wp-login.php HTTP/1.1" 404 282 "-" "Mozilla/5.0 (Windows NT 10.0; Win64; x64) AppleWebKit/537.36 (KHTML, like Gecko) Chrome/64.0.3282.140 Safari/537.36 Edge/18.17763"
207.46.13.111 - - [17/Dec/2022:23:54:00 +0100] "GET /PodCast/Schlaaffloos1?action=upload HTTP/1.1" 403 18 "-" "Mozilla/5.0 (compatible; bingbot/2.0; +http://www.bing.com/bingbot.htm)"
85.25.185.196 - - [17/Dec/2022:23:59:13 +0100] "GET /Main/Home?action=edit&restore=diff:1363366975:1336978339:&preview=y HTTP/1.1" 200 8583 "-" "Mozilla/5.0 (Macintosh; Intel Mac OS X 10.15; rv:103.0) Gecko/20100101 Firefox/103.0"
