85.25.177.139 - - [09/Sep/2022:12:21:20 +0200] "GET /Main/Home?action=edit&restore=diff:1615669070:1615669051:&preview=y HTTP/1.1" 200 8583 "-" "Mozilla/5.0 (Macintosh; Intel Mac OS X 10.15; rv:103.0) Gecko/20100101 Firefox/103.0"
85.25.177.139 - - [09/Sep/2022:12:22:07 +0200] "GET /Texte/Gloosse?action=diff HTTP/1.1" 200 9547 "-" "Mozilla/5.0 (Macintosh; Intel Mac OS X 10.15; rv:103.0) Gecko/20100101 Firefox/103.0"
185.191.171.24 - - [09/Sep/2022:12:25:24 +0200] "GET /PmWikiIt/InterMap?action=edit HTTP/1.1" 404 18 "-" "Mozilla/5.0 (compatible; SemrushBot/7~bl; +http://www.semrush.com/bot.html)"
85.25.177.139 - - [09/Sep/2022:12:25:56 +0200] "GET /Main/Home?action=edit&restore=diff:1456682157:1456682013:&preview=y HTTP/1.1" 200 8583 "-" "Mozilla/5.0 (Macintosh; Intel Mac OS X 10.15; rv:103.0) Gecko/20100101 Firefox/103.0"
85.25.177.139 - - [09/Sep/2022:12:28:13 +0200] "GET /Texte/Styluebige?action=edit&restore=diff:1178723817:1178723668:&preview=y HTTP/1.1" 200 8681 "-" "Mozilla/5.0 (Macintosh; Intel Mac OS X 10.15; rv:103.0) Gecko/20100101 Firefox/103.0"
85.25.177.139 - - [09/Sep/2022:12:28:40 +0200] "GET /Main/Home?action=edit&restore=diff:1615669239:1615669117:&preview=y HTTP/1.1" 200 8583 "-" "Mozilla/5.0 (Macintosh; Intel Mac OS X 10.15; rv:103.0) Gecko/20100101 Firefox/103.0"
85.25.177.139 - - [09/Sep/2022:12:30:10 +0200] "GET /Main/Home?action=edit&restore=diff:1615669711:1615669567:&preview=y HTTP/1.1" 200 8583 "-" "Mozilla/5.0 (Macintosh; Intel Mac OS X 10.15; rv:103.0) Gecko/20100101 Firefox/103.0"
216.244.66.243 - - [09/Sep/2022:12:31:41 +0200] "GET /robots.txt HTTP/1.1" 200 - "-" "Mozilla/5.0 (compatible; DotBot/1.2; +https://opensiteexplorer.org/dotbot; help@moz.com)"
85.25.177.139 - - [09/Sep/2022:12:31:46 +0200] "GET /Main/Home?action=edit&restore=diff:1615668888:1615668822:&preview=y HTTP/1.1" 200 8583 "-" "Mozilla/5.0 (Macintosh; Intel Mac OS X 10.15; rv:103.0) Gecko/20100101 Firefox/103.0"
85.25.177.139 - - [09/Sep/2022:12:34:00 +0200] "GET /Main/Home?action=edit&restore=diff:1615668924:1615668888:&preview=y HTTP/1.1" 200 8583 "-" "Mozilla/5.0 (Macintosh; Intel Mac OS X 10.15; rv:103.0) Gecko/20100101 Firefox/103.0"
194.209.200.2 - - [09/Sep/2022:12:35:15 +0200] "GET /robots.txt HTTP/1.1" 200 - "-" "Mozilla/5.0 (compatible; TMMBot/0.2; +http://www.dslab.ch)/Nutch-1.15"
194.209.200.2 - - [09/Sep/2022:12:35:15 +0200] "GET /Texte/Rezension HTTP/1.1" 200 11812 "-" "Mozilla/5.0 (compatible; TMMBot/0.2; +http://www.dslab.ch)/Nutch-1.15"
85.25.177.139 - - [09/Sep/2022:12:36:05 +0200] "GET /Main/Home?action=edit&restore=diff:1656357829:1615670311:&preview=y HTTP/1.1" 200 8583 "-" "Mozilla/5.0 (Macintosh; Intel Mac OS X 10.15; rv:103.0) Gecko/20100101 Firefox/103.0"
185.191.171.25 - - [09/Sep/2022:12:36:30 +0200] "GET /PmWikiFr/WikiStyles?action=edit HTTP/1.1" 403 18 "-" "Mozilla/5.0 (compatible; SemrushBot/7~bl; +http://www.semrush.com/bot.html)"
194.209.200.2 - - [09/Sep/2022:12:37:53 +0200] "GET /Texte/Schrybwys HTTP/1.1" 200 11028 "-" "Mozilla/5.0 (compatible; TMMBot/0.2; +http://www.dslab.ch)/Nutch-1.15"
85.25.177.139 - - [09/Sep/2022:12:38:23 +0200] "GET /Main HTTP/1.1" 302 161 "-" "Mozilla/5.0 (Macintosh; Intel Mac OS X 10.15; rv:103.0) Gecko/20100101 Firefox/103.0"
194.209.200.2 - - [09/Sep/2022:12:38:41 +0200] "GET /Texte/ArsAmatoria HTTP/1.1" 200 12369 "-" "Mozilla/5.0 (compatible; TMMBot/0.2; +http://www.dslab.ch)/Nutch-1.15"
194.209.200.2 - - [09/Sep/2022:12:38:55 +0200] "GET /Texte/GDicht HTTP/1.1" 200 8050 "-" "Mozilla/5.0 (compatible; TMMBot/0.2; +http://www.dslab.ch)/Nutch-1.15"
194.209.200.2 - - [09/Sep/2022:12:39:38 +0200] "GET /Texte/Metamorphoses HTTP/1.1" 200 9045 "-" "Mozilla/5.0 (compatible; TMMBot/0.2; +http://www.dslab.ch)/Nutch-1.15"
85.25.177.139 - - [09/Sep/2022:12:40:10 +0200] "GET /Texte/Schrybwys?action=edit HTTP/1.1" 200 8621 "-" "Mozilla/5.0 (Macintosh; Intel Mac OS X 10.15; rv:103.0) Gecko/20100101 Firefox/103.0"
66.249.64.188 - - [09/Sep/2022:12:42:38 +0200] "GET /PodCast/IndexPage?action=rss HTTP/1.1" 200 6298 "-" "Mozilla/5.0 (compatible; Googlebot/2.1; +http://www.google.com/bot.html)"
216.244.66.243 - - [09/Sep/2022:12:42:43 +0200] "GET /PmWikiDe/PageHistory HTTP/1.1" 200 8791 "-" "Mozilla/5.0 (compatible; DotBot/1.2; +https://opensiteexplorer.org/dotbot; help@moz.com)"
194.209.200.2 - - [09/Sep/2022:12:43:21 +0200] "GET /Hilfe/AnleitungTonbeispiele HTTP/1.1" 200 9878 "-" "Mozilla/5.0 (compatible; TMMBot/0.2; +http://www.dslab.ch)/Nutch-1.15"
85.25.177.139 - - [09/Sep/2022:12:44:01 +0200] "GET /Texte/Schrybwys?action=diff HTTP/1.1" 200 28323 "-" "Mozilla/5.0 (Macintosh; Intel Mac OS X 10.15; rv:103.0) Gecko/20100101 Firefox/103.0"
85.25.177.139 - - [09/Sep/2022:12:45:26 +0200] "GET /Texte/Styluebige?action=edit&restore=diff:1163038201:1163038179:&preview=y HTTP/1.1" 200 8681 "-" "Mozilla/5.0 (Macintosh; Intel Mac OS X 10.15; rv:103.0) Gecko/20100101 Firefox/103.0"
85.25.177.139 - - [09/Sep/2022:12:47:12 +0200] "GET /Texte/Schrybwys?action=upload HTTP/1.1" 200 8521 "-" "Mozilla/5.0 (Macintosh; Intel Mac OS X 10.15; rv:103.0) Gecko/20100101 Firefox/103.0"
85.25.177.139 - - [09/Sep/2022:12:50:46 +0200] "GET /Texte/Styluebige?action=edit&restore=diff:1179764522:1178907591:&preview=y HTTP/1.1" 200 8681 "-" "Mozilla/5.0 (Macintosh; Intel Mac OS X 10.15; rv:103.0) Gecko/20100101 Firefox/103.0"
85.25.177.139 - - [09/Sep/2022:12:51:21 +0200] "GET /Texte/Schrybwys?action=print HTTP/1.1" 200 5237 "-" "Mozilla/5.0 (Macintosh; Intel Mac OS X 10.15; rv:103.0) Gecko/20100101 Firefox/103.0"
85.25.177.139 - - [09/Sep/2022:12:52:30 +0200] "GET /Texte/Styluebige?action=edit&restore=diff:1591952614:1179764522:&preview=y HTTP/1.1" 200 8681 "-" "Mozilla/5.0 (Macintosh; Intel Mac OS X 10.15; rv:103.0) Gecko/20100101 Firefox/103.0"
185.191.171.7 - - [09/Sep/2022:12:55:45 +0200] "GET /robots.txt HTTP/1.1" 200 - "-" "Mozilla/5.0 (compatible; SemrushBot/7~bl; +http://www.semrush.com/bot.html)"
185.191.171.41 - - [09/Sep/2022:12:55:45 +0200] "GET /PmWikiIt/GliAmministratoriDelWiki?action=edit HTTP/1.1" 404 18 "-" "Mozilla/5.0 (compatible; SemrushBot/7~bl; +http://www.semrush.com/bot.html)"
85.25.177.139 - - [09/Sep/2022:12:56:53 +0200] "GET /Texte/Styluebige?action=edit&restore=diff:1163038073:1163038052:&preview=y HTTP/1.1" 200 8681 "-" "Mozilla/5.0 (Macintosh; Intel Mac OS X 10.15; rv:103.0) Gecko/20100101 Firefox/103.0"
185.191.171.14 - - [09/Sep/2022:12:57:51 +0200] "GET /PmWikiFr/IndexDocumentation?action=upload HTTP/1.1" 403 18 "-" "Mozilla/5.0 (compatible; SemrushBot/7~bl; +http://www.semrush.com/bot.html)"
85.25.177.139 - - [09/Sep/2022:12:58:12 +0200] "GET /Texte/Styluebige?action=edit&restore=diff:1591952675:1591952663:&preview=y HTTP/1.1" 200 8681 "-" "Mozilla/5.0 (Macintosh; Intel Mac OS X 10.15; rv:103.0) Gecko/20100101 Firefox/103.0"
85.25.177.139 - - [09/Sep/2022:13:01:09 +0200] "GET /Texte/Styluebige?action=edit&restore=diff:1163038052:1163038026:&preview=y HTTP/1.1" 200 8681 "-" "Mozilla/5.0 (Macintosh; Intel Mac OS X 10.15; rv:103.0) Gecko/20100101 Firefox/103.0"
85.25.177.139 - - [09/Sep/2022:13:02:20 +0200] "GET /Texte/Styluebige?action=edit&restore=diff:1163038156:1163038073:&preview=y HTTP/1.1" 200 8681 "-" "Mozilla/5.0 (Macintosh; Intel Mac OS X 10.15; rv:103.0) Gecko/20100101 Firefox/103.0"
85.25.177.139 - - [09/Sep/2022:13:04:25 +0200] "GET /Texte/Styluebige?action=edit&restore=diff:1591952663:1591952614:&preview=y HTTP/1.1" 200 8681 "-" "Mozilla/5.0 (Macintosh; Intel Mac OS X 10.15; rv:103.0) Gecko/20100101 Firefox/103.0"
85.25.177.139 - - [09/Sep/2022:13:06:05 +0200] "GET /Texte/Styluebige?action=diff&source=n&minor=y HTTP/1.1" 200 34224 "-" "Mozilla/5.0 (Macintosh; Intel Mac OS X 10.15; rv:103.0) Gecko/20100101 Firefox/103.0"
194.209.200.2 - - [09/Sep/2022:13:08:32 +0200] "GET /robots.txt HTTP/1.1" 200 - "-" "Mozilla/5.0 (compatible; TMMBot/0.2; +http://www.dslab.ch)/Nutch-1.15"
194.209.200.2 - - [09/Sep/2022:13:08:32 +0200] "GET /Texte/Rezension HTTP/1.1" 200 11812 "-" "Mozilla/5.0 (compatible; TMMBot/0.2; +http://www.dslab.ch)/Nutch-1.15"
54.36.149.22 - - [09/Sep/2022:13:09:04 +0200] "GET /PmWikiNo HTTP/1.1" 302 169 "-" "Mozilla/5.0 (compatible; AhrefsBot/7.0; +http://ahrefs.com/robot/)"
85.25.177.139 - - [09/Sep/2022:13:09:47 +0200] "GET /Texte/Limericks?action=upload HTTP/1.1" 200 8521 "-" "Mozilla/5.0 (Macintosh; Intel Mac OS X 10.15; rv:103.0) Gecko/20100101 Firefox/103.0"
194.209.200.2 - - [09/Sep/2022:13:10:48 +0200] "GET /Texte/Schrybwys HTTP/1.1" 200 11028 "-" "Mozilla/5.0 (compatible; TMMBot/0.2; +http://www.dslab.ch)/Nutch-1.15"
85.25.177.139 - - [09/Sep/2022:13:10:58 +0200] "GET /Texte/Limericks?action=print HTTP/1.1" 200 2296 "-" "Mozilla/5.0 (Macintosh; Intel Mac OS X 10.15; rv:103.0) Gecko/20100101 Firefox/103.0"
194.209.200.2 - - [09/Sep/2022:13:11:35 +0200] "GET /Texte/ArsAmatoria HTTP/1.1" 200 12369 "-" "Mozilla/5.0 (compatible; TMMBot/0.2; +http://www.dslab.ch)/Nutch-1.15"
85.25.177.139 - - [09/Sep/2022:13:11:48 +0200] "GET /Admin/AdresseStiftung?action=edit HTTP/1.1" 200 8707 "-" "Mozilla/5.0 (Macintosh; Intel Mac OS X 10.15; rv:103.0) Gecko/20100101 Firefox/103.0"
194.209.200.2 - - [09/Sep/2022:13:11:49 +0200] "GET /Texte/GDicht HTTP/1.1" 200 8050 "-" "Mozilla/5.0 (compatible; TMMBot/0.2; +http://www.dslab.ch)/Nutch-1.15"
194.209.200.2 - - [09/Sep/2022:13:12:29 +0200] "GET /Texte/Metamorphoses HTTP/1.1" 200 9045 "-" "Mozilla/5.0 (compatible; TMMBot/0.2; +http://www.dslab.ch)/Nutch-1.15"
178.192.193.130 - - [09/Sep/2022:13:13:04 +0200] "GET / HTTP/1.1" 200 15085 "https://www.google.ch/" "Mozilla/5.0 (iPhone; CPU iPhone OS 15_6_1 like Mac OS X) AppleWebKit/605.1.15 (KHTML, like Gecko) Version/15.6.1 Mobile/15E148 Safari/604.1"
178.192.193.130 - - [09/Sep/2022:13:13:04 +0200] "GET /pub/skins/pro-zurituutsch/gila.css HTTP/1.1" 200 10186 "http://www.pro-zurituutsch.ch/" "Mozilla/5.0 (iPhone; CPU iPhone OS 15_6_1 like Mac OS X) AppleWebKit/605.1.15 (KHTML, like Gecko) Version/15.6.1 Mobile/15E148 Safari/604.1"
178.192.193.130 - - [09/Sep/2022:13:13:04 +0200] "GET /uploads/Main/logo.jpg HTTP/1.1" 200 29066 "http://www.pro-zurituutsch.ch/" "Mozilla/5.0 (iPhone; CPU iPhone OS 15_6_1 like Mac OS X) AppleWebKit/605.1.15 (KHTML, like Gecko) Version/15.6.1 Mobile/15E148 Safari/604.1"
178.192.193.130 - - [09/Sep/2022:13:13:04 +0200] "GET /pub/skins/pro-zurituutsch/images/external.png HTTP/1.1" 200 165 "http://www.pro-zurituutsch.ch/" "Mozilla/5.0 (iPhone; CPU iPhone OS 15_6_1 like Mac OS X) AppleWebKit/605.1.15 (KHTML, like Gecko) Version/15.6.1 Mobile/15E148 Safari/604.1"
178.192.193.130 - - [09/Sep/2022:13:13:04 +0200] "GET /pub/skins/pro-zurituutsch/images/favicon.ico HTTP/1.1" 200 1406 "http://www.pro-zurituutsch.ch/" "Mozilla/5.0 (iPhone; CPU iPhone OS 15_6_1 like Mac OS X) AppleWebKit/605.1.15 (KHTML, like Gecko) Version/15.6.1 Mobile/15E148 Safari/604.1"
194.209.200.2 - - [09/Sep/2022:13:13:33 +0200] "GET /Texte/Gloosse HTTP/1.1" 200 8061 "-" "Mozilla/5.0 (compatible; TMMBot/0.2; +http://www.dslab.ch)/Nutch-1.15"
85.25.177.139 - - [09/Sep/2022:13:13:53 +0200] "GET /robots.txt HTTP/1.1" 200 - "-" "Mozilla/5.0 (Macintosh; Intel Mac OS X 10.15; rv:103.0) Gecko/20100101 Firefox/103.0"
85.25.177.139 - - [09/Sep/2022:13:13:53 +0200] "GET /Texte/Limericks?action=edit HTTP/1.1" 200 8621 "-" "Mozilla/5.0 (Macintosh; Intel Mac OS X 10.15; rv:103.0) Gecko/20100101 Firefox/103.0"
194.209.200.2 - - [09/Sep/2022:13:15:52 +0200] "GET /Hilfe/AnleitungTonbeispiele HTTP/1.1" 200 9878 "-" "Mozilla/5.0 (compatible; TMMBot/0.2; +http://www.dslab.ch)/Nutch-1.15"
3.216.185.164 - - [09/Sep/2022:13:16:16 +0200] "GET /PodCast/IndexPage?action=rss HTTP/1.1" 200 6298 "-" "PocketCasts/1.0 (Pocket Casts Feed Parser; +http://pocketcasts.com/)"
85.25.177.139 - - [09/Sep/2022:13:16:26 +0200] "GET /Texte/Limericks?action=diff HTTP/1.1" 200 9581 "-" "Mozilla/5.0 (Macintosh; Intel Mac OS X 10.15; rv:103.0) Gecko/20100101 Firefox/103.0"
185.191.171.24 - - [09/Sep/2022:13:17:09 +0200] "GET /PmWikiFr/AttributsDeGroupe?action=edit HTTP/1.1" 403 18 "-" "Mozilla/5.0 (compatible; SemrushBot/7~bl; +http://www.semrush.com/bot.html)"
85.25.177.139 - - [09/Sep/2022:13:17:58 +0200] "GET /PodCast HTTP/1.1" 302 167 "-" "Mozilla/5.0 (Macintosh; Intel Mac OS X 10.15; rv:103.0) Gecko/20100101 Firefox/103.0"
85.25.177.139 - - [09/Sep/2022:13:18:59 +0200] "GET /Admin HTTP/1.1" 404 8123 "-" "Mozilla/5.0 (Macintosh; Intel Mac OS X 10.15; rv:103.0) Gecko/20100101 Firefox/103.0"
85.25.177.139 - - [09/Sep/2022:13:20:23 +0200] "GET /Admin/AdresseStiftung?action=edit HTTP/1.1" 200 8707 "-" "Mozilla/5.0 (Macintosh; Intel Mac OS X 10.15; rv:103.0) Gecko/20100101 Firefox/103.0"
85.25.177.139 - - [09/Sep/2022:13:22:40 +0200] "GET /Texte/Roman?action=edit&restore=diff:1231001832:1231001605:&preview=y HTTP/1.1" 200 8611 "-" "Mozilla/5.0 (Macintosh; Intel Mac OS X 10.15; rv:103.0) Gecko/20100101 Firefox/103.0"
85.25.177.139 - - [09/Sep/2022:13:24:14 +0200] "GET /Texte/Roman?action=edit&restore=diff:1179235988:1179235412:&preview=y HTTP/1.1" 200 8611 "-" "Mozilla/5.0 (Macintosh; Intel Mac OS X 10.15; rv:103.0) Gecko/20100101 Firefox/103.0"
216.244.66.243 - - [09/Sep/2022:13:24:27 +0200] "GET /robots.txt HTTP/1.1" 200 - "-" "Mozilla/5.0 (compatible; DotBot/1.2; +https://opensiteexplorer.org/dotbot; help@moz.com)"
85.25.177.139 - - [09/Sep/2022:13:26:32 +0200] "GET /Texte/Roman?action=edit&restore=diff:1179764445:1179764354:&preview=y HTTP/1.1" 200 8611 "-" "Mozilla/5.0 (Macintosh; Intel Mac OS X 10.15; rv:103.0) Gecko/20100101 Firefox/103.0"
85.25.177.139 - - [09/Sep/2022:13:27:44 +0200] "GET /Texte/Roman?action=edit&restore=diff:1180617173:1180443133:&preview=y HTTP/1.1" 200 8611 "-" "Mozilla/5.0 (Macintosh; Intel Mac OS X 10.15; rv:103.0) Gecko/20100101 Firefox/103.0"
85.25.177.139 - - [09/Sep/2022:13:29:40 +0200] "GET /Texte/Roman?action=edit&restore=diff:1163034953:1163034838:&preview=y HTTP/1.1" 200 8611 "-" "Mozilla/5.0 (Macintosh; Intel Mac OS X 10.15; rv:103.0) Gecko/20100101 Firefox/103.0"
185.191.171.35 - - [09/Sep/2022:13:30:22 +0200] "GET /PmWikiFr/FlatFileAdvantages?action=diff HTTP/1.1" 403 18 "-" "Mozilla/5.0 (compatible; SemrushBot/7~bl; +http://www.semrush.com/bot.html)"
85.25.177.139 - - [09/Sep/2022:13:31:33 +0200] "GET /Texte/Roman?action=edit&restore=diff:1163035512:1163035465:&preview=y HTTP/1.1" 200 8611 "-" "Mozilla/5.0 (Macintosh; Intel Mac OS X 10.15; rv:103.0) Gecko/20100101 Firefox/103.0"
85.25.177.139 - - [09/Sep/2022:13:33:32 +0200] "GET /Texte/Roman?action=edit&restore=diff:1231001314:1180617173:&preview=y HTTP/1.1" 200 8611 "-" "Mozilla/5.0 (Macintosh; Intel Mac OS X 10.15; rv:103.0) Gecko/20100101 Firefox/103.0"
216.244.66.243 - - [09/Sep/2022:13:35:15 +0200] "GET /PmWikiDe/GroupHeaders HTTP/1.1" 200 9527 "-" "Mozilla/5.0 (compatible; DotBot/1.2; +https://opensiteexplorer.org/dotbot; help@moz.com)"
85.25.177.139 - - [09/Sep/2022:13:35:50 +0200] "GET /Texte/Roman?action=edit&restore=diff:1178995205:1178724245:&preview=y HTTP/1.1" 200 8611 "-" "Mozilla/5.0 (Macintosh; Intel Mac OS X 10.15; rv:103.0) Gecko/20100101 Firefox/103.0"
85.25.177.139 - - [09/Sep/2022:13:38:14 +0200] "GET /Texte/Roman?action=edit&restore=diff:1178724245:1178723496:&preview=y HTTP/1.1" 200 8611 "-" "Mozilla/5.0 (Macintosh; Intel Mac OS X 10.15; rv:103.0) Gecko/20100101 Firefox/103.0"
54.36.148.145 - - [09/Sep/2022:13:38:59 +0200] "GET / HTTP/1.1" 200 15085 "-" "Mozilla/5.0 (compatible; AhrefsBot/7.0; +http://ahrefs.com/robot/)"
66.249.76.245 - - [09/Sep/2022:13:39:01 +0200] "GET /PodCast/IndexPage?action=rss HTTP/1.1" 200 6298 "-" "Mozilla/5.0 (compatible; Googlebot/2.1; +http://www.google.com/bot.html)"
157.55.39.168 - - [09/Sep/2022:13:42:20 +0200] "GET /Texte/Schrybwys HTTP/1.1" 200 11028 "-" "Mozilla/5.0 AppleWebKit/537.36 (KHTML, like Gecko; compatible; bingbot/2.0; +http://www.bing.com/bingbot.htm) Chrome/103.0.5060.134 Safari/537.36"
85.25.177.139 - - [09/Sep/2022:13:42:44 +0200] "GET /Texte/Roman?action=edit&restore=diff:1163035010:1163034953:&preview=y HTTP/1.1" 200 8611 "-" "Mozilla/5.0 (Macintosh; Intel Mac OS X 10.15; rv:103.0) Gecko/20100101 Firefox/103.0"
194.209.200.2 - - [09/Sep/2022:13:42:53 +0200] "GET /robots.txt HTTP/1.1" 200 - "-" "Mozilla/5.0 (compatible; TMMBot/0.2; +http://www.dslab.ch)/Nutch-1.15"
194.209.200.2 - - [09/Sep/2022:13:42:53 +0200] "GET /Texte/Rezension HTTP/1.1" 200 11812 "-" "Mozilla/5.0 (compatible; TMMBot/0.2; +http://www.dslab.ch)/Nutch-1.15"
85.25.177.139 - - [09/Sep/2022:13:45:07 +0200] "GET /Texte/Roman?action=edit&restore=diff:1231002031:1231001832:&preview=y HTTP/1.1" 200 8611 "-" "Mozilla/5.0 (Macintosh; Intel Mac OS X 10.15; rv:103.0) Gecko/20100101 Firefox/103.0"
194.209.200.2 - - [09/Sep/2022:13:45:16 +0200] "GET /Texte/Schrybwys HTTP/1.1" 200 11028 "-" "Mozilla/5.0 (compatible; TMMBot/0.2; +http://www.dslab.ch)/Nutch-1.15"
194.209.200.2 - - [09/Sep/2022:13:46:02 +0200] "GET /Texte/ArsAmatoria HTTP/1.1" 200 12369 "-" "Mozilla/5.0 (compatible; TMMBot/0.2; +http://www.dslab.ch)/Nutch-1.15"
194.209.200.2 - - [09/Sep/2022:13:46:16 +0200] "GET /Texte/GDicht HTTP/1.1" 200 8050 "-" "Mozilla/5.0 (compatible; TMMBot/0.2; +http://www.dslab.ch)/Nutch-1.15"
85.25.177.139 - - [09/Sep/2022:13:46:18 +0200] "GET /Admin/AdresseStiftung?action=diff HTTP/1.1" 200 17053 "-" "Mozilla/5.0 (Macintosh; Intel Mac OS X 10.15; rv:103.0) Gecko/20100101 Firefox/103.0"
194.209.200.2 - - [09/Sep/2022:13:46:53 +0200] "GET /Texte/Metamorphoses HTTP/1.1" 200 9045 "-" "Mozilla/5.0 (compatible; TMMBot/0.2; +http://www.dslab.ch)/Nutch-1.15"
85.25.177.139 - - [09/Sep/2022:13:47:40 +0200] "GET /Admin/AdresseStiftung?action=print HTTP/1.1" 200 2600 "-" "Mozilla/5.0 (Macintosh; Intel Mac OS X 10.15; rv:103.0) Gecko/20100101 Firefox/103.0"
194.209.200.2 - - [09/Sep/2022:13:47:53 +0200] "GET /Texte/Gloosse HTTP/1.1" 200 8061 "-" "Mozilla/5.0 (compatible; TMMBot/0.2; +http://www.dslab.ch)/Nutch-1.15"
85.25.177.139 - - [09/Sep/2022:13:49:55 +0200] "GET /Texte/Roman?action=upload HTTP/1.1" 200 8465 "-" "Mozilla/5.0 (Macintosh; Intel Mac OS X 10.15; rv:103.0) Gecko/20100101 Firefox/103.0"
194.209.200.2 - - [09/Sep/2022:13:50:07 +0200] "GET /Hilfe/AnleitungTonbeispiele HTTP/1.1" 200 9878 "-" "Mozilla/5.0 (compatible; TMMBot/0.2; +http://www.dslab.ch)/Nutch-1.15"
85.25.177.139 - - [09/Sep/2022:13:53:54 +0200] "GET /Admin/Links?action=edit HTTP/1.1" 200 8565 "-" "Mozilla/5.0 (Macintosh; Intel Mac OS X 10.15; rv:103.0) Gecko/20100101 Firefox/103.0"
85.25.177.139 - - [09/Sep/2022:13:55:12 +0200] "GET /Admin/Links?action=edit&restore=diff:1231706676:1201807102:&preview=y HTTP/1.1" 200 8611 "-" "Mozilla/5.0 (Macintosh; Intel Mac OS X 10.15; rv:103.0) Gecko/20100101 Firefox/103.0"
85.25.177.139 - - [09/Sep/2022:13:55:56 +0200] "GET /Admin/AdresseStiftung?action=upload HTTP/1.1" 200 8607 "-" "Mozilla/5.0 (Macintosh; Intel Mac OS X 10.15; rv:103.0) Gecko/20100101 Firefox/103.0"
85.25.177.139 - - [09/Sep/2022:13:56:59 +0200] "GET /Admin/Links?action=edit&restore=diff:1447604629:1418663009:&preview=y HTTP/1.1" 200 8611 "-" "Mozilla/5.0 (Macintosh; Intel Mac OS X 10.15; rv:103.0) Gecko/20100101 Firefox/103.0"
85.25.177.139 - - [09/Sep/2022:13:58:20 +0200] "GET /Gast/Podcast?action=print HTTP/1.1" 200 2344 "-" "Mozilla/5.0 (Macintosh; Intel Mac OS X 10.15; rv:103.0) Gecko/20100101 Firefox/103.0"
85.25.177.139 - - [09/Sep/2022:14:00:04 +0200] "GET /Gast/Podcast?action=diff&source=y&minor=n HTTP/1.1" 200 9710 "-" "Mozilla/5.0 (Macintosh; Intel Mac OS X 10.15; rv:103.0) Gecko/20100101 Firefox/103.0"
85.25.177.139 - - [09/Sep/2022:14:03:00 +0200] "GET /Gast/Podcast?action=diff&source=n&minor=y HTTP/1.1" 200 9686 "-" "Mozilla/5.0 (Macintosh; Intel Mac OS X 10.15; rv:103.0) Gecko/20100101 Firefox/103.0"
85.25.177.139 - - [09/Sep/2022:14:03:47 +0200] "GET /Admin/Links?action=edit&restore=diff:1340380386:1329585246:minor&preview=y HTTP/1.1" 200 8616 "-" "Mozilla/5.0 (Macintosh; Intel Mac OS X 10.15; rv:103.0) Gecko/20100101 Firefox/103.0"
85.25.177.139 - - [09/Sep/2022:14:05:06 +0200] "GET /Admin/Links?action=edit&restore=diff:1418663009:1418662856:&preview=y HTTP/1.1" 200 8611 "-" "Mozilla/5.0 (Macintosh; Intel Mac OS X 10.15; rv:103.0) Gecko/20100101 Firefox/103.0"
85.25.177.139 - - [09/Sep/2022:14:07:18 +0200] "GET /Admin/Links?action=edit&restore=diff:1361974943:1360601748:&preview=y HTTP/1.1" 200 8611 "-" "Mozilla/5.0 (Macintosh; Intel Mac OS X 10.15; rv:103.0) Gecko/20100101 Firefox/103.0"
114.119.130.111 - - [09/Sep/2022:14:08:25 +0200] "GET /PodCast/Aafang HTTP/1.1" 200 8198 "http://www.pro-zurituutsch.ch/PodCast/PodCast?action=diff&source=n&minor=y" "Mozilla/5.0 (Linux; Android 7.0;) AppleWebKit/537.36 (KHTML, like Gecko) Mobile Safari/537.36 (compatible; PetalBot;+https://webmaster.petalsearch.com/site/petalbot)"
85.25.177.139 - - [09/Sep/2022:14:08:31 +0200] "GET /Admin/Links?action=edit&restore=diff:1360601748:1340380424:&preview=y HTTP/1.1" 200 8611 "-" "Mozilla/5.0 (Macintosh; Intel Mac OS X 10.15; rv:103.0) Gecko/20100101 Firefox/103.0"
194.93.0.40 - - [09/Sep/2022:14:09:05 +0200] "GET /robots.txt HTTP/1.0" 200 - "-" "Mozilla/4.0 (compatible; fluid/0.0; +http://www.leak.info/bot.html)"
85.25.177.139 - - [09/Sep/2022:14:11:30 +0200] "GET /Admin/Links?action=edit&restore=diff:1458752256:1458752239:&preview=y HTTP/1.1" 200 8611 "-" "Mozilla/5.0 (Macintosh; Intel Mac OS X 10.15; rv:103.0) Gecko/20100101 Firefox/103.0"
85.25.177.139 - - [09/Sep/2022:14:12:49 +0200] "GET /Hilfe/Quicktime?action=print HTTP/1.1" 200 3312 "-" "Mozilla/5.0 (Macintosh; Intel Mac OS X 10.15; rv:103.0) Gecko/20100101 Firefox/103.0"
85.25.177.139 - - [09/Sep/2022:14:13:36 +0200] "GET /Admin/Links?action=edit&restore=diff:1340380402:1340380386:&preview=y HTTP/1.1" 200 8611 "-" "Mozilla/5.0 (Macintosh; Intel Mac OS X 10.15; rv:103.0) Gecko/20100101 Firefox/103.0"
85.25.177.139 - - [09/Sep/2022:14:15:11 +0200] "GET /Admin/Links?action=edit&restore=diff:1233091516:1233091485:&preview=y HTTP/1.1" 200 8611 "-" "Mozilla/5.0 (Macintosh; Intel Mac OS X 10.15; rv:103.0) Gecko/20100101 Firefox/103.0"
85.25.177.139 - - [09/Sep/2022:14:16:24 +0200] "GET /Hilfe HTTP/1.1" 404 8123 "-" "Mozilla/5.0 (Macintosh; Intel Mac OS X 10.15; rv:103.0) Gecko/20100101 Firefox/103.0"
216.244.66.243 - - [09/Sep/2022:14:16:51 +0200] "GET /robots.txt HTTP/1.1" 200 - "-" "Mozilla/5.0 (compatible; DotBot/1.2; +https://opensiteexplorer.org/dotbot; help@moz.com)"
85.25.177.139 - - [09/Sep/2022:14:18:29 +0200] "GET /Admin/Links?action=edit&restore=diff:1329585246:1233091516:&preview=y HTTP/1.1" 200 8611 "-" "Mozilla/5.0 (Macintosh; Intel Mac OS X 10.15; rv:103.0) Gecko/20100101 Firefox/103.0"
85.25.177.139 - - [09/Sep/2022:14:19:54 +0200] "GET /Admin/Links?action=edit&restore=diff:1340380424:1340380402:&preview=y HTTP/1.1" 200 8611 "-" "Mozilla/5.0 (Macintosh; Intel Mac OS X 10.15; rv:103.0) Gecko/20100101 Firefox/103.0"
85.25.177.139 - - [09/Sep/2022:14:21:24 +0200] "GET /Admin/Links?action=edit&restore=diff:1458752239:1447604686:&preview=y HTTP/1.1" 200 8611 "-" "Mozilla/5.0 (Macintosh; Intel Mac OS X 10.15; rv:103.0) Gecko/20100101 Firefox/103.0"
194.209.200.2 - - [09/Sep/2022:14:21:43 +0200] "GET /robots.txt HTTP/1.1" 200 - "-" "Mozilla/5.0 (compatible; TMMBot/0.2; +http://www.dslab.ch)/Nutch-1.15"
194.209.200.2 - - [09/Sep/2022:14:21:43 +0200] "GET /Texte/Rezension HTTP/1.1" 200 11812 "-" "Mozilla/5.0 (compatible; TMMBot/0.2; +http://www.dslab.ch)/Nutch-1.15"
85.25.177.139 - - [09/Sep/2022:14:22:27 +0200] "GET /Texte/Gloosse?action=diff&source=y&minor=n HTTP/1.1" 200 9545 "-" "Mozilla/5.0 (Macintosh; Intel Mac OS X 10.15; rv:103.0) Gecko/20100101 Firefox/103.0"
85.25.177.139 - - [09/Sep/2022:14:23:35 +0200] "GET /Admin/Links?action=edit&restore=diff:1458752316:1458752287:&preview=y HTTP/1.1" 200 8611 "-" "Mozilla/5.0 (Macintosh; Intel Mac OS X 10.15; rv:103.0) Gecko/20100101 Firefox/103.0"
194.209.200.2 - - [09/Sep/2022:14:23:57 +0200] "GET /Texte/Schrybwys HTTP/1.1" 200 11028 "-" "Mozilla/5.0 (compatible; TMMBot/0.2; +http://www.dslab.ch)/Nutch-1.15"
194.209.200.2 - - [09/Sep/2022:14:24:43 +0200] "GET /Texte/ArsAmatoria HTTP/1.1" 200 12369 "-" "Mozilla/5.0 (compatible; TMMBot/0.2; +http://www.dslab.ch)/Nutch-1.15"
194.209.200.2 - - [09/Sep/2022:14:24:57 +0200] "GET /Texte/GDicht HTTP/1.1" 200 8050 "-" "Mozilla/5.0 (compatible; TMMBot/0.2; +http://www.dslab.ch)/Nutch-1.15"
85.25.177.139 - - [09/Sep/2022:14:25:03 +0200] "GET /Texte/GDicht?action=diff&source=n&minor=y HTTP/1.1" 200 9542 "-" "Mozilla/5.0 (Macintosh; Intel Mac OS X 10.15; rv:103.0) Gecko/20100101 Firefox/103.0"
194.209.200.2 - - [09/Sep/2022:14:25:35 +0200] "GET /Texte/Metamorphoses HTTP/1.1" 200 9045 "-" "Mozilla/5.0 (compatible; TMMBot/0.2; +http://www.dslab.ch)/Nutch-1.15"
194.209.200.2 - - [09/Sep/2022:14:26:36 +0200] "GET /Texte/Gloosse HTTP/1.1" 200 8061 "-" "Mozilla/5.0 (compatible; TMMBot/0.2; +http://www.dslab.ch)/Nutch-1.15"
85.25.177.139 - - [09/Sep/2022:14:28:14 +0200] "GET /Hilfe/RealOne?action=edit HTTP/1.1" 200 8595 "-" "Mozilla/5.0 (Macintosh; Intel Mac OS X 10.15; rv:103.0) Gecko/20100101 Firefox/103.0"
194.209.200.2 - - [09/Sep/2022:14:28:50 +0200] "GET /Hilfe/AnleitungTonbeispiele HTTP/1.1" 200 9878 "-" "Mozilla/5.0 (compatible; TMMBot/0.2; +http://www.dslab.ch)/Nutch-1.15"
85.25.177.139 - - [09/Sep/2022:14:29:42 +0200] "GET /Hilfe/RealOne?action=upload HTTP/1.1" 200 8495 "-" "Mozilla/5.0 (Macintosh; Intel Mac OS X 10.15; rv:103.0) Gecko/20100101 Firefox/103.0"
85.25.177.139 - - [09/Sep/2022:14:31:23 +0200] "GET /Hilfe/RealOne?action=print HTTP/1.1" 200 4719 "-" "Mozilla/5.0 (Macintosh; Intel Mac OS X 10.15; rv:103.0) Gecko/20100101 Firefox/103.0"
185.191.171.22 - - [09/Sep/2022:14:32:00 +0200] "GET /robots.txt HTTP/1.1" 200 - "-" "Mozilla/5.0 (compatible; SemrushBot/7~bl; +http://www.semrush.com/bot.html)"
185.191.171.18 - - [09/Sep/2022:14:32:01 +0200] "GET /PmWiki/SkinTemplates HTTP/1.1" 200 28363 "-" "Mozilla/5.0 (compatible; SemrushBot/7~bl; +http://www.semrush.com/bot.html)"
85.25.177.139 - - [09/Sep/2022:14:32:50 +0200] "GET /Texte HTTP/1.1" 404 8123 "-" "Mozilla/5.0 (Macintosh; Intel Mac OS X 10.15; rv:103.0) Gecko/20100101 Firefox/103.0"
85.25.177.139 - - [09/Sep/2022:14:33:58 +0200] "GET /PodCast/Erinerig?action=edit HTTP/1.1" 200 8636 "-" "Mozilla/5.0 (Macintosh; Intel Mac OS X 10.15; rv:103.0) Gecko/20100101 Firefox/103.0"
85.25.177.139 - - [09/Sep/2022:14:36:21 +0200] "GET /PodCast/Erinerig?action=upload HTTP/1.1" 200 8536 "-" "Mozilla/5.0 (Macintosh; Intel Mac OS X 10.15; rv:103.0) Gecko/20100101 Firefox/103.0"
85.25.177.139 - - [09/Sep/2022:14:38:04 +0200] "GET /PodCast/Erinerig?action=print HTTP/1.1" 200 2923 "-" "Mozilla/5.0 (Macintosh; Intel Mac OS X 10.15; rv:103.0) Gecko/20100101 Firefox/103.0"
85.25.177.139 - - [09/Sep/2022:14:39:03 +0200] "GET /Texte/Gloosse?action=edit&restore=diff:1359562461:1359562461:&preview=y HTTP/1.1" 200 8639 "-" "Mozilla/5.0 (Macintosh; Intel Mac OS X 10.15; rv:103.0) Gecko/20100101 Firefox/103.0"
85.25.177.139 - - [09/Sep/2022:14:39:30 +0200] "GET /PodCast/Erinerig?action=diff HTTP/1.1" 200 12239 "-" "Mozilla/5.0 (Macintosh; Intel Mac OS X 10.15; rv:103.0) Gecko/20100101 Firefox/103.0"
185.191.171.41 - - [09/Sep/2022:14:40:40 +0200] "GET /PmWikiIt/AdvancedTables?action=edit HTTP/1.1" 404 18 "-" "Mozilla/5.0 (compatible; SemrushBot/7~bl; +http://www.semrush.com/bot.html)"
85.25.177.139 - - [09/Sep/2022:14:41:39 +0200] "GET /PodCast/Euirokraty?action=print HTTP/1.1" 200 9274 "-" "Mozilla/5.0 (Macintosh; Intel Mac OS X 10.15; rv:103.0) Gecko/20100101 Firefox/103.0"
3.216.185.164 - - [09/Sep/2022:14:43:30 +0200] "GET /PodCast/IndexPage?action=rss HTTP/1.1" 200 6298 "-" "PocketCasts/1.0 (Pocket Casts Feed Parser; +http://pocketcasts.com/)"
85.25.177.139 - - [09/Sep/2022:14:44:49 +0200] "GET /Texte/Schrybwys?action=diff&source=y&minor=n HTTP/1.1" 200 28321 "-" "Mozilla/5.0 (Macintosh; Intel Mac OS X 10.15; rv:103.0) Gecko/20100101 Firefox/103.0"
85.25.177.139 - - [09/Sep/2022:14:45:20 +0200] "GET /PodCast/Euirokraty?action=diff HTTP/1.1" 200 17200 "-" "Mozilla/5.0 (Macintosh; Intel Mac OS X 10.15; rv:103.0) Gecko/20100101 Firefox/103.0"
66.249.76.241 - - [09/Sep/2022:14:46:02 +0200] "GET /PodCast/IndexPage?action=rss HTTP/1.1" 200 6298 "-" "Mozilla/5.0 (compatible; Googlebot/2.1; +http://www.google.com/bot.html)"
85.25.177.139 - - [09/Sep/2022:14:46:46 +0200] "GET /Texte/Schrybwys?action=edit&restore=diff:1178724179:1178724104:&preview=y HTTP/1.1" 200 8667 "-" "Mozilla/5.0 (Macintosh; Intel Mac OS X 10.15; rv:103.0) Gecko/20100101 Firefox/103.0"
85.25.177.139 - - [09/Sep/2022:14:47:09 +0200] "GET /PodCast/Euirokraty?action=upload HTTP/1.1" 200 8564 "-" "Mozilla/5.0 (Macintosh; Intel Mac OS X 10.15; rv:103.0) Gecko/20100101 Firefox/103.0"
85.25.177.139 - - [09/Sep/2022:14:48:23 +0200] "GET /PodCast/SpruchTampoToummOuhsreedeVerwandt?action=edit HTTP/1.1" 200 8994 "-" "Mozilla/5.0 (Macintosh; Intel Mac OS X 10.15; rv:103.0) Gecko/20100101 Firefox/103.0"
85.25.177.139 - - [09/Sep/2022:14:50:20 +0200] "GET /Texte/Schrybwys?action=edit&restore=diff:1163037260:1163037207:&preview=y HTTP/1.1" 200 8667 "-" "Mozilla/5.0 (Macintosh; Intel Mac OS X 10.15; rv:103.0) Gecko/20100101 Firefox/103.0"
85.25.177.139 - - [09/Sep/2022:14:52:04 +0200] "GET /Texte/Schrybwys?action=edit&restore=diff:1163036782:1163036745:&preview=y HTTP/1.1" 200 8667 "-" "Mozilla/5.0 (Macintosh; Intel Mac OS X 10.15; rv:103.0) Gecko/20100101 Firefox/103.0"
194.209.200.2 - - [09/Sep/2022:14:52:10 +0200] "GET /robots.txt HTTP/1.1" 200 - "-" "Mozilla/5.0 (compatible; TMMBot/0.2; +http://www.dslab.ch)/Nutch-1.15"
194.209.200.2 - - [09/Sep/2022:14:52:10 +0200] "GET /Texte/Rezension HTTP/1.1" 200 11812 "-" "Mozilla/5.0 (compatible; TMMBot/0.2; +http://www.dslab.ch)/Nutch-1.15"
194.209.200.2 - - [09/Sep/2022:14:54:27 +0200] "GET /Texte/Schrybwys HTTP/1.1" 200 11028 "-" "Mozilla/5.0 (compatible; TMMBot/0.2; +http://www.dslab.ch)/Nutch-1.15"
85.25.177.139 - - [09/Sep/2022:14:54:57 +0200] "GET /PodCast/SpruchTampoToummOuhsreedeVerwandt?action=diff HTTP/1.1" 200 15346 "-" "Mozilla/5.0 (Macintosh; Intel Mac OS X 10.15; rv:103.0) Gecko/20100101 Firefox/103.0"
194.209.200.2 - - [09/Sep/2022:14:55:13 +0200] "GET /Texte/ArsAmatoria HTTP/1.1" 200 12369 "-" "Mozilla/5.0 (compatible; TMMBot/0.2; +http://www.dslab.ch)/Nutch-1.15"
194.209.200.2 - - [09/Sep/2022:14:55:27 +0200] "GET /Texte/GDicht HTTP/1.1" 200 8050 "-" "Mozilla/5.0 (compatible; TMMBot/0.2; +http://www.dslab.ch)/Nutch-1.15"
85.25.177.139 - - [09/Sep/2022:14:55:57 +0200] "GET /Texte/Schrybwys?action=edit&restore=diff:1178724104:1177686222:&preview=y HTTP/1.1" 200 8667 "-" "Mozilla/5.0 (Macintosh; Intel Mac OS X 10.15; rv:103.0) Gecko/20100101 Firefox/103.0"
194.209.200.2 - - [09/Sep/2022:14:56:03 +0200] "GET /Texte/Metamorphoses HTTP/1.1" 200 9045 "-" "Mozilla/5.0 (compatible; TMMBot/0.2; +http://www.dslab.ch)/Nutch-1.15"
194.209.200.2 - - [09/Sep/2022:14:57:02 +0200] "GET /Texte/Gloosse HTTP/1.1" 200 8061 "-" "Mozilla/5.0 (compatible; TMMBot/0.2; +http://www.dslab.ch)/Nutch-1.15"
85.25.177.139 - - [09/Sep/2022:14:57:19 +0200] "GET /Texte/Schrybwys?action=diff&source=n&minor=y HTTP/1.1" 200 26978 "-" "Mozilla/5.0 (Macintosh; Intel Mac OS X 10.15; rv:103.0) Gecko/20100101 Firefox/103.0"
85.25.177.139 - - [09/Sep/2022:14:57:39 +0200] "GET /PodCast/Maassestaab?action=upload HTTP/1.1" 200 8578 "-" "Mozilla/5.0 (Macintosh; Intel Mac OS X 10.15; rv:103.0) Gecko/20100101 Firefox/103.0"
85.25.177.139 - - [09/Sep/2022:14:59:01 +0200] "GET /PodCast/Maassestaab?action=edit HTTP/1.1" 200 8678 "-" "Mozilla/5.0 (Macintosh; Intel Mac OS X 10.15; rv:103.0) Gecko/20100101 Firefox/103.0"
194.209.200.2 - - [09/Sep/2022:14:59:15 +0200] "GET /Hilfe/AnleitungTonbeispiele HTTP/1.1" 200 9878 "-" "Mozilla/5.0 (compatible; TMMBot/0.2; +http://www.dslab.ch)/Nutch-1.15"
85.25.177.139 - - [09/Sep/2022:15:02:09 +0200] "GET /Texte/Schrybwys?action=edit&restore=diff:1163036745:1163036745:&preview=y HTTP/1.1" 200 8667 "-" "Mozilla/5.0 (Macintosh; Intel Mac OS X 10.15; rv:103.0) Gecko/20100101 Firefox/103.0"
85.25.177.139 - - [09/Sep/2022:15:03:23 +0200] "GET /PodCast/Maassestaab?action=print HTTP/1.1" 200 9929 "-" "Mozilla/5.0 (Macintosh; Intel Mac OS X 10.15; rv:103.0) Gecko/20100101 Firefox/103.0"
85.25.177.139 - - [09/Sep/2022:15:05:04 +0200] "GET /PodCast/Maassestaab?action=diff HTTP/1.1" 200 19691 "-" "Mozilla/5.0 (Macintosh; Intel Mac OS X 10.15; rv:103.0) Gecko/20100101 Firefox/103.0"
85.25.177.139 - - [09/Sep/2022:15:05:50 +0200] "GET /Hilfe/AnleitungTonbeispiele?action=edit&restore=diff:1163037804:1163037395:&preview=y HTTP/1.1" 200 8837 "-" "Mozilla/5.0 (Macintosh; Intel Mac OS X 10.15; rv:103.0) Gecko/20100101 Firefox/103.0"
85.25.177.139 - - [09/Sep/2022:15:07:27 +0200] "GET /Hilfe/AnleitungTonbeispiele?action=edit&restore=diff:1163037365:1163037365:&preview=y HTTP/1.1" 200 8837 "-" "Mozilla/5.0 (Macintosh; Intel Mac OS X 10.15; rv:103.0) Gecko/20100101 Firefox/103.0"
85.25.177.139 - - [09/Sep/2022:15:08:44 +0200] "GET /Hilfe/AnleitungTonbeispiele?action=edit&restore=diff:1163037395:1163037365:&preview=y HTTP/1.1" 200 8837 "-" "Mozilla/5.0 (Macintosh; Intel Mac OS X 10.15; rv:103.0) Gecko/20100101 Firefox/103.0"
85.25.177.139 - - [09/Sep/2022:15:09:06 +0200] "GET /PodCast/Rezmebeforeyou?action=diff HTTP/1.1" 200 13232 "-" "Mozilla/5.0 (Macintosh; Intel Mac OS X 10.15; rv:103.0) Gecko/20100101 Firefox/103.0"
85.25.177.139 - - [09/Sep/2022:15:10:23 +0200] "GET /PodCast/Rezmebeforeyou?action=print HTTP/1.1" 200 4364 "-" "Mozilla/5.0 (Macintosh; Intel Mac OS X 10.15; rv:103.0) Gecko/20100101 Firefox/103.0"
185.191.171.3 - - [09/Sep/2022:15:10:54 +0200] "GET /PmWikiIt/IncludeOtherPages?action=edit HTTP/1.1" 404 18 "-" "Mozilla/5.0 (compatible; SemrushBot/7~bl; +http://www.semrush.com/bot.html)"
85.25.177.139 - - [09/Sep/2022:15:11:09 +0200] "GET /Hilfe/AnleitungTonbeispiele?action=diff&source=n&minor=y HTTP/1.1" 200 14411 "-" "Mozilla/5.0 (Macintosh; Intel Mac OS X 10.15; rv:103.0) Gecko/20100101 Firefox/103.0"
85.25.177.139 - - [09/Sep/2022:15:12:44 +0200] "GET /Texte/Metamorphoses?action=edit&restore=diff:1163056683:1163056267:&preview=y HTTP/1.1" 200 8723 "-" "Mozilla/5.0 (Macintosh; Intel Mac OS X 10.15; rv:103.0) Gecko/20100101 Firefox/103.0"
85.25.177.139 - - [09/Sep/2022:15:13:44 +0200] "GET /PodCast/Rezmebeforeyou?action=upload HTTP/1.1" 200 8620 "-" "Mozilla/5.0 (Macintosh; Intel Mac OS X 10.15; rv:103.0) Gecko/20100101 Firefox/103.0"
85.25.177.139 - - [09/Sep/2022:15:14:51 +0200] "GET /Texte/Metamorphoses?action=edit&restore=diff:1591952758:1177682932:&preview=y HTTP/1.1" 200 8723 "-" "Mozilla/5.0 (Macintosh; Intel Mac OS X 10.15; rv:103.0) Gecko/20100101 Firefox/103.0"
85.25.177.139 - - [09/Sep/2022:15:15:29 +0200] "GET /PodCast/Rezmebeforeyou?action=edit HTTP/1.1" 200 8720 "-" "Mozilla/5.0 (Macintosh; Intel Mac OS X 10.15; rv:103.0) Gecko/20100101 Firefox/103.0"
85.25.177.139 - - [09/Sep/2022:15:16:24 +0200] "GET /Texte/Metamorphoses?action=edit&restore=diff:1163052941:1163052941:&preview=y HTTP/1.1" 200 8723 "-" "Mozilla/5.0 (Macintosh; Intel Mac OS X 10.15; rv:103.0) Gecko/20100101 Firefox/103.0"
85.25.177.139 - - [09/Sep/2022:15:17:41 +0200] "GET /PodCast/Amaisehugel?action=upload HTTP/1.1" 200 8578 "-" "Mozilla/5.0 (Macintosh; Intel Mac OS X 10.15; rv:103.0) Gecko/20100101 Firefox/103.0"
85.25.177.139 - - [09/Sep/2022:15:18:09 +0200] "GET /Texte/Metamorphoses?action=diff&source=n&minor=y HTTP/1.1" 200 22833 "-" "Mozilla/5.0 (Macintosh; Intel Mac OS X 10.15; rv:103.0) Gecko/20100101 Firefox/103.0"
185.191.171.14 - - [09/Sep/2022:15:18:55 +0200] "GET /PmWiki/ContactUs HTTP/1.1" 200 9533 "-" "Mozilla/5.0 (compatible; SemrushBot/7~bl; +http://www.semrush.com/bot.html)"
85.25.177.139 - - [09/Sep/2022:15:19:28 +0200] "GET /PodCast/Amaisehugel?action=print HTTP/1.1" 200 4952 "-" "Mozilla/5.0 (Macintosh; Intel Mac OS X 10.15; rv:103.0) Gecko/20100101 Firefox/103.0"
85.25.177.139 - - [09/Sep/2022:15:20:19 +0200] "GET /Texte/Metamorphoses?action=edit&restore=diff:1177682622:1177682423:&preview=y HTTP/1.1" 200 8723 "-" "Mozilla/5.0 (Macintosh; Intel Mac OS X 10.15; rv:103.0) Gecko/20100101 Firefox/103.0"
85.25.177.139 - - [09/Sep/2022:15:21:56 +0200] "GET /Texte/Metamorphoses?action=edit&restore=diff:1177682751:1177682622:&preview=y HTTP/1.1" 200 8723 "-" "Mozilla/5.0 (Macintosh; Intel Mac OS X 10.15; rv:103.0) Gecko/20100101 Firefox/103.0"
85.25.177.139 - - [09/Sep/2022:15:22:59 +0200] "GET /PodCast/Amaisehugel?action=diff HTTP/1.1" 200 12993 "-" "Mozilla/5.0 (Macintosh; Intel Mac OS X 10.15; rv:103.0) Gecko/20100101 Firefox/103.0"
185.191.171.13 - - [09/Sep/2022:15:23:29 +0200] "GET /PmWikiDe/WikiSeite?action=diff HTTP/1.1" 403 18 "-" "Mozilla/5.0 (compatible; SemrushBot/7~bl; +http://www.semrush.com/bot.html)"
85.25.177.139 - - [09/Sep/2022:15:24:13 +0200] "GET /robots.txt HTTP/1.1" 200 - "-" "Mozilla/5.0 (Macintosh; Intel Mac OS X 10.15; rv:103.0) Gecko/20100101 Firefox/103.0"
85.25.177.139 - - [09/Sep/2022:15:24:13 +0200] "GET /Texte/Metamorphoses?action=edit&restore=diff:1163056267:1163053049:&preview=y HTTP/1.1" 200 8723 "-" "Mozilla/5.0 (Macintosh; Intel Mac OS X 10.15; rv:103.0) Gecko/20100101 Firefox/103.0"
194.209.200.2 - - [09/Sep/2022:15:24:57 +0200] "GET /robots.txt HTTP/1.1" 200 - "-" "Mozilla/5.0 (compatible; TMMBot/0.2; +http://www.dslab.ch)/Nutch-1.15"
194.209.200.2 - - [09/Sep/2022:15:24:57 +0200] "GET /Texte/Rezension HTTP/1.1" 200 11812 "-" "Mozilla/5.0 (compatible; TMMBot/0.2; +http://www.dslab.ch)/Nutch-1.15"
194.209.200.2 - - [09/Sep/2022:15:27:11 +0200] "GET /Texte/Schrybwys HTTP/1.1" 200 11028 "-" "Mozilla/5.0 (compatible; TMMBot/0.2; +http://www.dslab.ch)/Nutch-1.15"
194.209.200.2 - - [09/Sep/2022:15:27:54 +0200] "GET /Texte/ArsAmatoria HTTP/1.1" 200 12369 "-" "Mozilla/5.0 (compatible; TMMBot/0.2; +http://www.dslab.ch)/Nutch-1.15"
194.209.200.2 - - [09/Sep/2022:15:28:07 +0200] "GET /Texte/GDicht HTTP/1.1" 200 8050 "-" "Mozilla/5.0 (compatible; TMMBot/0.2; +http://www.dslab.ch)/Nutch-1.15"
185.191.171.9 - - [09/Sep/2022:15:28:29 +0200] "GET /PmWikiDe/CreatingNewPages?action=upload HTTP/1.1" 403 18 "-" "Mozilla/5.0 (compatible; SemrushBot/7~bl; +http://www.semrush.com/bot.html)"
85.25.177.139 - - [09/Sep/2022:15:28:35 +0200] "GET /Texte/Bitterbeuhsi?action=upload HTTP/1.1" 200 8563 "-" "Mozilla/5.0 (Macintosh; Intel Mac OS X 10.15; rv:103.0) Gecko/20100101 Firefox/103.0"
194.209.200.2 - - [09/Sep/2022:15:28:44 +0200] "GET /Texte/Metamorphoses HTTP/1.1" 200 9045 "-" "Mozilla/5.0 (compatible; TMMBot/0.2; +http://www.dslab.ch)/Nutch-1.15"
194.209.200.2 - - [09/Sep/2022:15:29:45 +0200] "GET /Texte/Gloosse HTTP/1.1" 200 8061 "-" "Mozilla/5.0 (compatible; TMMBot/0.2; +http://www.dslab.ch)/Nutch-1.15"
85.25.177.139 - - [09/Sep/2022:15:31:15 +0200] "GET /PodCast/Amaisehugel?action=edit HTTP/1.1" 200 8678 "-" "Mozilla/5.0 (Macintosh; Intel Mac OS X 10.15; rv:103.0) Gecko/20100101 Firefox/103.0"
194.209.200.2 - - [09/Sep/2022:15:31:59 +0200] "GET /Hilfe/AnleitungTonbeispiele HTTP/1.1" 200 9878 "-" "Mozilla/5.0 (compatible; TMMBot/0.2; +http://www.dslab.ch)/Nutch-1.15"
85.25.177.139 - - [09/Sep/2022:15:33:14 +0200] "GET /PodCast/RURAkt1TIl4?action=diff HTTP/1.1" 200 27266 "-" "Mozilla/5.0 (Macintosh; Intel Mac OS X 10.15; rv:103.0) Gecko/20100101 Firefox/103.0"
85.25.177.139 - - [09/Sep/2022:15:34:59 +0200] "GET /Admin/ZurStiftung?action=edit&restore=diff:1163053382:1163035960:&preview=y HTTP/1.1" 200 8697 "-" "Mozilla/5.0 (Macintosh; Intel Mac OS X 10.15; rv:103.0) Gecko/20100101 Firefox/103.0"
185.191.171.16 - - [09/Sep/2022:15:35:40 +0200] "GET /robots.txt HTTP/1.1" 200 - "-" "Mozilla/5.0 (compatible; SemrushBot/7~bl; +http://www.semrush.com/bot.html)"
185.191.171.19 - - [09/Sep/2022:15:35:40 +0200] "GET /PmWikiSi/PmWikiSi?action=upload HTTP/1.1" 403 18 "-" "Mozilla/5.0 (compatible; SemrushBot/7~bl; +http://www.semrush.com/bot.html)"
85.25.177.139 - - [09/Sep/2022:15:37:19 +0200] "GET /PodCast/RURAkt1TIl4?action=upload HTTP/1.1" 200 8588 "-" "Mozilla/5.0 (Macintosh; Intel Mac OS X 10.15; rv:103.0) Gecko/20100101 Firefox/103.0"
85.25.177.139 - - [09/Sep/2022:15:39:00 +0200] "GET /Admin/Pro-ZurituutschStatuten?action=diff&source=y&minor=n HTTP/1.1" 200 14832 "-" "Mozilla/5.0 (Macintosh; Intel Mac OS X 10.15; rv:103.0) Gecko/20100101 Firefox/103.0"
85.25.177.139 - - [09/Sep/2022:15:39:54 +0200] "GET /Admin/ZurStiftung?action=edit&restore=diff:1163053466:1163053382:&preview=y HTTP/1.1" 200 8697 "-" "Mozilla/5.0 (Macintosh; Intel Mac OS X 10.15; rv:103.0) Gecko/20100101 Firefox/103.0"
85.25.177.139 - - [09/Sep/2022:15:40:57 +0200] "GET /Admin/Pro-ZurituutschStatuten?action=edit&restore=diff:1447605653:1163053511:&preview=y HTTP/1.1" 200 8865 "-" "Mozilla/5.0 (Macintosh; Intel Mac OS X 10.15; rv:103.0) Gecko/20100101 Firefox/103.0"
85.25.177.139 - - [09/Sep/2022:15:41:28 +0200] "GET /Admin/ZurStiftung?action=edit&restore=diff:1591952964:1163056565:&preview=y HTTP/1.1" 200 8697 "-" "Mozilla/5.0 (Macintosh; Intel Mac OS X 10.15; rv:103.0) Gecko/20100101 Firefox/103.0"
85.25.177.139 - - [09/Sep/2022:15:43:16 +0200] "GET /Admin/ZurStiftung?action=edit&restore=diff:1163056565:1163053466:&preview=y HTTP/1.1" 200 8697 "-" "Mozilla/5.0 (Macintosh; Intel Mac OS X 10.15; rv:103.0) Gecko/20100101 Firefox/103.0"
85.25.177.139 - - [09/Sep/2022:15:44:47 +0200] "GET /Admin/ZurStiftung?action=edit&restore=diff:1163035946:1163035946:&preview=y HTTP/1.1" 200 8697 "-" "Mozilla/5.0 (Macintosh; Intel Mac OS X 10.15; rv:103.0) Gecko/20100101 Firefox/103.0"
85.25.177.139 - - [09/Sep/2022:15:46:27 +0200] "GET /Admin/ZurStiftung?action=print HTTP/1.1" 200 5103 "-" "Mozilla/5.0 (Macintosh; Intel Mac OS X 10.15; rv:103.0) Gecko/20100101 Firefox/103.0"
85.25.177.139 - - [09/Sep/2022:15:49:45 +0200] "GET /Admin/ZurStiftung?action=diff&source=n&minor=y HTTP/1.1" 200 35480 "-" "Mozilla/5.0 (Macintosh; Intel Mac OS X 10.15; rv:103.0) Gecko/20100101 Firefox/103.0"
85.25.177.139 - - [09/Sep/2022:15:50:44 +0200] "GET /Admin/Pro-ZurituutschStatuten?action=edit&restore=diff:1447605697:1447605653:&preview=y HTTP/1.1" 200 8865 "-" "Mozilla/5.0 (Macintosh; Intel Mac OS X 10.15; rv:103.0) Gecko/20100101 Firefox/103.0"
85.25.177.139 - - [09/Sep/2022:15:51:31 +0200] "GET /Texte/Bitterbeuhsi?action=edit&restore=diff:1163057251:1163038336:&preview=y HTTP/1.1" 200 8709 "-" "Mozilla/5.0 (Macintosh; Intel Mac OS X 10.15; rv:103.0) Gecko/20100101 Firefox/103.0"
85.192.63.181 - - [09/Sep/2022:15:52:16 +0200] "GET / HTTP/1.1" 200 15085 "https://sochinarkolog.ru/kapelnitsa-ot-alkogolya.html" "Mozilla/4.0 (compatible; MSIE 5.5; Windows 95)"
85.192.63.181 - - [09/Sep/2022:15:52:16 +0200] "GET / HTTP/1.1" 200 15085 "https://sochinarkolog.ru/kapelnitsa-ot-alkogolya.html" "Mozilla/4.0 (compatible; MSIE 5.5; Windows 95)"
85.192.63.181 - - [09/Sep/2022:15:52:16 +0200] "GET / HTTP/1.1" 200 15085 "https://sochinarkolog.ru/kapelnitsa-ot-alkogolya.html" "Mozilla/4.0 (compatible; MSIE 5.5; Windows 95)"
85.25.177.139 - - [09/Sep/2022:15:53:03 +0200] "GET /Admin/Pro-ZurituutschStatuten?action=edit&restore=diff:1163035856:1163035856:&preview=y HTTP/1.1" 200 8865 "-" "Mozilla/5.0 (Macintosh; Intel Mac OS X 10.15; rv:103.0) Gecko/20100101 Firefox/103.0"
66.249.76.245 - - [09/Sep/2022:15:53:51 +0200] "GET /robots.txt HTTP/1.1" 200 - "-" "Mozilla/5.0 (compatible; Googlebot/2.1; +http://www.google.com/bot.html)"
66.249.76.241 - - [09/Sep/2022:15:53:51 +0200] "GET /PodCast/IndexPage?action=rss HTTP/1.1" 200 6298 "-" "Mozilla/5.0 (compatible; Googlebot/2.1; +http://www.google.com/bot.html)"
85.25.177.139 - - [09/Sep/2022:15:54:09 +0200] "GET /Texte/Bitterbeuhsi?action=edit&restore=diff:1163119722:1163063982:&preview=y HTTP/1.1" 200 8709 "-" "Mozilla/5.0 (Macintosh; Intel Mac OS X 10.15; rv:103.0) Gecko/20100101 Firefox/103.0"
194.209.200.2 - - [09/Sep/2022:15:54:17 +0200] "GET /robots.txt HTTP/1.1" 200 - "-" "Mozilla/5.0 (compatible; TMMBot/0.2; +http://www.dslab.ch)/Nutch-1.15"
194.209.200.2 - - [09/Sep/2022:15:54:18 +0200] "GET /Texte/Rezension HTTP/1.1" 200 11812 "-" "Mozilla/5.0 (compatible; TMMBot/0.2; +http://www.dslab.ch)/Nutch-1.15"
85.25.177.139 - - [09/Sep/2022:15:56:00 +0200] "GET /Texte/Bitterbeuhsi?action=edit&restore=diff:1163038336:1163038336:&preview=y HTTP/1.1" 200 8709 "-" "Mozilla/5.0 (Macintosh; Intel Mac OS X 10.15; rv:103.0) Gecko/20100101 Firefox/103.0"
85.25.177.139 - - [09/Sep/2022:15:56:28 +0200] "GET /Texte/Bitterbeuhsi?action=diff&source=n&minor=y HTTP/1.1" 200 22114 "-" "Mozilla/5.0 (Macintosh; Intel Mac OS X 10.15; rv:103.0) Gecko/20100101 Firefox/103.0"
194.209.200.2 - - [09/Sep/2022:15:56:29 +0200] "GET /Texte/Schrybwys HTTP/1.1" 200 11028 "-" "Mozilla/5.0 (compatible; TMMBot/0.2; +http://www.dslab.ch)/Nutch-1.15"
194.209.200.2 - - [09/Sep/2022:15:57:13 +0200] "GET /Texte/ArsAmatoria HTTP/1.1" 200 12369 "-" "Mozilla/5.0 (compatible; TMMBot/0.2; +http://www.dslab.ch)/Nutch-1.15"
194.209.200.2 - - [09/Sep/2022:15:57:26 +0200] "GET /Texte/GDicht HTTP/1.1" 200 8050 "-" "Mozilla/5.0 (compatible; TMMBot/0.2; +http://www.dslab.ch)/Nutch-1.15"
194.209.200.2 - - [09/Sep/2022:15:58:02 +0200] "GET /Texte/Metamorphoses HTTP/1.1" 200 9045 "-" "Mozilla/5.0 (compatible; TMMBot/0.2; +http://www.dslab.ch)/Nutch-1.15"
85.25.177.139 - - [09/Sep/2022:15:58:20 +0200] "GET /Texte/Bitterbeuhsi?action=diff&source=y&minor=n HTTP/1.1" 200 22492 "-" "Mozilla/5.0 (Macintosh; Intel Mac OS X 10.15; rv:103.0) Gecko/20100101 Firefox/103.0"
194.209.200.2 - - [09/Sep/2022:15:59:04 +0200] "GET /Texte/Gloosse HTTP/1.1" 200 8061 "-" "Mozilla/5.0 (compatible; TMMBot/0.2; +http://www.dslab.ch)/Nutch-1.15"
85.25.177.139 - - [09/Sep/2022:16:00:33 +0200] "GET /Texte/Bitterbeuhsi?action=edit&restore=diff:1591952722:1179764670:&preview=y HTTP/1.1" 200 8709 "-" "Mozilla/5.0 (Macintosh; Intel Mac OS X 10.15; rv:103.0) Gecko/20100101 Firefox/103.0"
194.209.200.2 - - [09/Sep/2022:16:01:21 +0200] "GET /Hilfe/AnleitungTonbeispiele HTTP/1.1" 200 9878 "-" "Mozilla/5.0 (compatible; TMMBot/0.2; +http://www.dslab.ch)/Nutch-1.15"
85.25.177.139 - - [09/Sep/2022:16:02:12 +0200] "GET /Texte/Bitterbeuhsi?action=edit&restore=diff:1178724587:1177686638:&preview=y HTTP/1.1" 200 8709 "-" "Mozilla/5.0 (Macintosh; Intel Mac OS X 10.15; rv:103.0) Gecko/20100101 Firefox/103.0"
85.25.177.139 - - [09/Sep/2022:16:03:46 +0200] "GET /Texte/Bitterbeuhsi?action=edit&restore=diff:1178724636:1178724587:&preview=y HTTP/1.1" 200 8709 "-" "Mozilla/5.0 (Macintosh; Intel Mac OS X 10.15; rv:103.0) Gecko/20100101 Firefox/103.0"
85.25.177.139 - - [09/Sep/2022:16:05:35 +0200] "GET /Texte/Bitterbeuhsi?action=edit&restore=diff:1163063982:1163057265:&preview=y HTTP/1.1" 200 8709 "-" "Mozilla/5.0 (Macintosh; Intel Mac OS X 10.15; rv:103.0) Gecko/20100101 Firefox/103.0"
85.25.177.139 - - [09/Sep/2022:16:07:43 +0200] "GET /Texte/Bitterbeuhsi?action=edit&restore=diff:1179764670:1178907522:&preview=y HTTP/1.1" 200 8709 "-" "Mozilla/5.0 (Macintosh; Intel Mac OS X 10.15; rv:103.0) Gecko/20100101 Firefox/103.0"
85.25.177.139 - - [09/Sep/2022:16:09:39 +0200] "GET /Site/121Sitkouscht1482?action=print HTTP/1.1" 200 8145 "-" "Mozilla/5.0 (Macintosh; Intel Mac OS X 10.15; rv:103.0) Gecko/20100101 Firefox/103.0"
3.216.185.164 - - [09/Sep/2022:16:10:01 +0200] "GET /PodCast/IndexPage?action=rss HTTP/1.1" 200 6298 "-" "PocketCasts/1.0 (Pocket Casts Feed Parser; +http://pocketcasts.com/)"
85.25.177.139 - - [09/Sep/2022:16:11:33 +0200] "GET /Site/121Sitkouscht1482?action=upload HTTP/1.1" 200 8623 "-" "Mozilla/5.0 (Macintosh; Intel Mac OS X 10.15; rv:103.0) Gecko/20100101 Firefox/103.0"
85.25.177.139 - - [09/Sep/2022:16:11:57 +0200] "GET /Admin/Links?action=edit HTTP/1.1" 200 8565 "-" "Mozilla/5.0 (Macintosh; Intel Mac OS X 10.15; rv:103.0) Gecko/20100101 Firefox/103.0"
85.25.177.139 - - [09/Sep/2022:16:13:47 +0200] "GET /Admin/AdresseStiftung?action=edit&restore=diff:1185288414:1164358462:minor&preview=y HTTP/1.1" 200 8758 "-" "Mozilla/5.0 (Macintosh; Intel Mac OS X 10.15; rv:103.0) Gecko/20100101 Firefox/103.0"
85.25.177.139 - - [09/Sep/2022:16:14:38 +0200] "GET /Site/121Sitkouscht1482?action=edit HTTP/1.1" 200 8723 "-" "Mozilla/5.0 (Macintosh; Intel Mac OS X 10.15; rv:103.0) Gecko/20100101 Firefox/103.0"
85.25.177.139 - - [09/Sep/2022:16:16:27 +0200] "GET /PodCast/Gramatik?action=diff HTTP/1.1" 200 25864 "-" "Mozilla/5.0 (Macintosh; Intel Mac OS X 10.15; rv:103.0) Gecko/20100101 Firefox/103.0"
85.25.177.139 - - [09/Sep/2022:16:17:31 +0200] "GET /Admin/AdresseStiftung?action=diff&source=n&minor=y HTTP/1.1" 200 16522 "-" "Mozilla/5.0 (Macintosh; Intel Mac OS X 10.15; rv:103.0) Gecko/20100101 Firefox/103.0"
85.25.177.139 - - [09/Sep/2022:16:18:37 +0200] "GET /PodCast/Gramatik?action=print HTTP/1.1" 200 17441 "-" "Mozilla/5.0 (Macintosh; Intel Mac OS X 10.15; rv:103.0) Gecko/20100101 Firefox/103.0"
85.25.177.139 - - [09/Sep/2022:16:20:18 +0200] "GET /PodCast/Gramatik?action=edit HTTP/1.1" 200 8636 "-" "Mozilla/5.0 (Macintosh; Intel Mac OS X 10.15; rv:103.0) Gecko/20100101 Firefox/103.0"
87.249.139.227 - - [09/Sep/2022:16:21:37 +0200] "GET /Texte/Rezension HTTP/1.1" 200 11812 "http://www.pro-zurituutsch.ch" "Mozilla/5.0 (Windows NT 10.0; Win64; x64) AppleWebKit/537.36 (KHTML, like Gecko) Chrome/62.0.3202.94 Safari/537.36"
85.25.177.139 - - [09/Sep/2022:16:21:52 +0200] "GET /Texte/ZurcherischEnglish?action=diff HTTP/1.1" 200 9927 "-" "Mozilla/5.0 (Macintosh; Intel Mac OS X 10.15; rv:103.0) Gecko/20100101 Firefox/103.0"
85.25.177.139 - - [09/Sep/2022:16:22:57 +0200] "GET /Hilfe/Winamp?action=edit HTTP/1.1" 200 8579 "-" "Mozilla/5.0 (Macintosh; Intel Mac OS X 10.15; rv:103.0) Gecko/20100101 Firefox/103.0"
85.25.177.139 - - [09/Sep/2022:16:24:58 +0200] "GET /Texte/Rezension?action=diff HTTP/1.1" 200 19660 "-" "Mozilla/5.0 (Macintosh; Intel Mac OS X 10.15; rv:103.0) Gecko/20100101 Firefox/103.0"
85.25.177.139 - - [09/Sep/2022:16:25:41 +0200] "GET /Hilfe/Winamp?action=diff HTTP/1.1" 200 12192 "-" "Mozilla/5.0 (Macintosh; Intel Mac OS X 10.15; rv:103.0) Gecko/20100101 Firefox/103.0"
