85.25.177.139 - - [09/Sep/2022:03:07:33 +0200] "GET /PodCast/Sidereuhsli?action=edit&restore=diff:1455208356:1455208356:&preview=y HTTP/1.1" 200 8724 "-" "Mozilla/5.0 (Macintosh; Intel Mac OS X 10.15; rv:103.0) Gecko/20100101 Firefox/103.0"
154.54.249.196 - - [09/Sep/2022:03:07:38 +0200] "GET /Site/141Taagsatzig1484?action=upload HTTP/1.1" 200 8623 "-" "Mozilla/5.0 (compatible; Barkrowler/0.9; +https://babbar.tech/crawler)"
154.54.249.196 - - [09/Sep/2022:03:08:15 +0200] "GET /Site/141Taagsatzig1484?action=print HTTP/1.1" 200 2666 "-" "Mozilla/5.0 (compatible; Barkrowler/0.9; +https://babbar.tech/crawler)"
154.54.249.196 - - [09/Sep/2022:03:08:47 +0200] "GET /Site/141Taagsatzig1484?action=diff HTTP/1.1" 200 9863 "-" "Mozilla/5.0 (compatible; Barkrowler/0.9; +https://babbar.tech/crawler)"
85.25.177.139 - - [09/Sep/2022:03:09:15 +0200] "GET /PodCast/Sidereuhsli?action=edit&restore=diff:1455208605:1455208356:&preview=y HTTP/1.1" 200 8724 "-" "Mozilla/5.0 (Macintosh; Intel Mac OS X 10.15; rv:103.0) Gecko/20100101 Firefox/103.0"
154.54.249.196 - - [09/Sep/2022:03:09:25 +0200] "GET /Site/152Konschtanz1485?action=print HTTP/1.1" 200 15355 "-" "Mozilla/5.0 (compatible; Barkrowler/0.9; +https://babbar.tech/crawler)"
154.54.249.196 - - [09/Sep/2022:03:09:56 +0200] "GET /Site/152Konschtanz1485?action=edit HTTP/1.1" 200 8723 "-" "Mozilla/5.0 (compatible; Barkrowler/0.9; +https://babbar.tech/crawler)"
154.54.249.196 - - [09/Sep/2022:03:10:38 +0200] "GET /Site/22Baadstoubegass?action=diff HTTP/1.1" 200 21831 "-" "Mozilla/5.0 (compatible; Barkrowler/0.9; +https://babbar.tech/crawler)"
154.54.249.196 - - [09/Sep/2022:03:11:10 +0200] "GET /Site/Blickestoorff2?action=edit HTTP/1.1" 200 8679 "-" "Mozilla/5.0 (compatible; Barkrowler/0.9; +https://babbar.tech/crawler)"
85.25.177.139 - - [09/Sep/2022:03:11:25 +0200] "GET /PodCast/Voorwort?action=edit&restore=diff:1172764311:1166170268:&preview=y HTTP/1.1" 200 8682 "-" "Mozilla/5.0 (Macintosh; Intel Mac OS X 10.15; rv:103.0) Gecko/20100101 Firefox/103.0"
154.54.249.196 - - [09/Sep/2022:03:11:49 +0200] "GET /Site/Blickestoorff2?action=upload HTTP/1.1" 200 8579 "-" "Mozilla/5.0 (compatible; Barkrowler/0.9; +https://babbar.tech/crawler)"
185.191.171.12 - - [09/Sep/2022:03:11:54 +0200] "GET /robots.txt HTTP/1.1" 200 - "-" "Mozilla/5.0 (compatible; SemrushBot/7~bl; +http://www.semrush.com/bot.html)"
185.191.171.9 - - [09/Sep/2022:03:11:54 +0200] "GET /PmWiki/GroupCustomizations HTTP/1.1" 200 19255 "-" "Mozilla/5.0 (compatible; SemrushBot/7~bl; +http://www.semrush.com/bot.html)"
154.54.249.196 - - [09/Sep/2022:03:12:21 +0200] "GET /Site/Blickestoorff2?action=print HTTP/1.1" 200 12865 "-" "Mozilla/5.0 (compatible; Barkrowler/0.9; +https://babbar.tech/crawler)"
185.191.171.4 - - [09/Sep/2022:03:12:27 +0200] "GET /PmWikiDe/WikiTrails?action=upload HTTP/1.1" 403 18 "-" "Mozilla/5.0 (compatible; SemrushBot/7~bl; +http://www.semrush.com/bot.html)"
154.54.249.196 - - [09/Sep/2022:03:13:05 +0200] "GET /Site/Search?action=diff&source=n&minor=y HTTP/1.1" 200 9128 "-" "Mozilla/5.0 (compatible; Barkrowler/0.9; +https://babbar.tech/crawler)"
85.25.177.139 - - [09/Sep/2022:03:13:24 +0200] "GET /PodCast/Voorwort?action=edit&restore=diff:1172765390:1172765300:&preview=y HTTP/1.1" 200 8682 "-" "Mozilla/5.0 (Macintosh; Intel Mac OS X 10.15; rv:103.0) Gecko/20100101 Firefox/103.0"
154.54.249.196 - - [09/Sep/2022:03:13:31 +0200] "GET /Site/Search?action=diff&source=n&minor=n HTTP/1.1" 200 9126 "-" "Mozilla/5.0 (compatible; Barkrowler/0.9; +https://babbar.tech/crawler)"
154.54.249.196 - - [09/Sep/2022:03:14:12 +0200] "GET /Site/Search?action=diff&source=y&minor=y HTTP/1.1" 200 9120 "-" "Mozilla/5.0 (compatible; Barkrowler/0.9; +https://babbar.tech/crawler)"
154.54.249.196 - - [09/Sep/2022:03:14:43 +0200] "GET /Site/Search?action=diff&source=y&minor=n HTTP/1.1" 200 9118 "-" "Mozilla/5.0 (compatible; Barkrowler/0.9; +https://babbar.tech/crawler)"
154.54.249.196 - - [09/Sep/2022:03:15:23 +0200] "GET /Site/WGA2Eergyz?action=diff HTTP/1.1" 200 21055 "-" "Mozilla/5.0 (compatible; Barkrowler/0.9; +https://babbar.tech/crawler)"
85.25.177.139 - - [09/Sep/2022:03:15:29 +0200] "GET /PodCast/Voorwort?action=edit&restore=diff:1172765133:1172764940:&preview=y HTTP/1.1" 200 8682 "-" "Mozilla/5.0 (Macintosh; Intel Mac OS X 10.15; rv:103.0) Gecko/20100101 Firefox/103.0"
154.54.249.196 - - [09/Sep/2022:03:15:49 +0200] "GET /Site/WGA2Eergyz?action=upload HTTP/1.1" 200 8525 "-" "Mozilla/5.0 (compatible; Barkrowler/0.9; +https://babbar.tech/crawler)"
154.54.249.196 - - [09/Sep/2022:03:16:30 +0200] "GET /Site/WGA4Gglinge?action=diff HTTP/1.1" 200 21902 "-" "Mozilla/5.0 (compatible; Barkrowler/0.9; +https://babbar.tech/crawler)"
154.54.249.196 - - [09/Sep/2022:03:16:58 +0200] "GET /Site/WGA1Begaabig?action=diff HTTP/1.1" 200 21241 "-" "Mozilla/5.0 (compatible; Barkrowler/0.9; +https://babbar.tech/crawler)"
85.25.177.139 - - [09/Sep/2022:03:17:21 +0200] "GET /PodCast/Voorwort?action=edit&restore=diff:1172764817:1172764311:&preview=y HTTP/1.1" 200 8682 "-" "Mozilla/5.0 (Macintosh; Intel Mac OS X 10.15; rv:103.0) Gecko/20100101 Firefox/103.0"
154.54.249.196 - - [09/Sep/2022:03:17:38 +0200] "GET /Site/WGA1Begaabig?action=print HTTP/1.1" 200 11224 "-" "Mozilla/5.0 (compatible; Barkrowler/0.9; +https://babbar.tech/crawler)"
154.54.249.196 - - [09/Sep/2022:03:18:07 +0200] "GET /Site/WGA1Begaabig?action=edit HTTP/1.1" 200 8653 "-" "Mozilla/5.0 (compatible; Barkrowler/0.9; +https://babbar.tech/crawler)"
154.54.249.196 - - [09/Sep/2022:03:18:45 +0200] "GET /Site/WGA1Begaabig?action=upload HTTP/1.1" 200 8553 "-" "Mozilla/5.0 (compatible; Barkrowler/0.9; +https://babbar.tech/crawler)"
154.54.249.196 - - [09/Sep/2022:03:19:14 +0200] "GET /Site/WGA7Magy?action=diff HTTP/1.1" 200 16347 "-" "Mozilla/5.0 (compatible; Barkrowler/0.9; +https://babbar.tech/crawler)"
85.25.177.139 - - [09/Sep/2022:03:19:22 +0200] "GET /PodCast/Voorwort?action=edit HTTP/1.1" 200 8636 "-" "Mozilla/5.0 (Macintosh; Intel Mac OS X 10.15; rv:103.0) Gecko/20100101 Firefox/103.0"
154.54.249.196 - - [09/Sep/2022:03:19:55 +0200] "GET /Site/142Taagsatzig1484?action=edit HTTP/1.1" 200 8723 "-" "Mozilla/5.0 (compatible; Barkrowler/0.9; +https://babbar.tech/crawler)"
154.54.249.196 - - [09/Sep/2022:03:20:31 +0200] "GET /Site/142Taagsatzig1484?action=upload HTTP/1.1" 200 8623 "-" "Mozilla/5.0 (compatible; Barkrowler/0.9; +https://babbar.tech/crawler)"
85.25.177.139 - - [09/Sep/2022:03:20:38 +0200] "GET /PodCast/Voorwort?action=diff&source=y&minor=n HTTP/1.1" 200 27543 "-" "Mozilla/5.0 (Macintosh; Intel Mac OS X 10.15; rv:103.0) Gecko/20100101 Firefox/103.0"
154.54.249.196 - - [09/Sep/2022:03:21:07 +0200] "GET /Site/142Taagsatzig1484?action=print HTTP/1.1" 200 6819 "-" "Mozilla/5.0 (compatible; Barkrowler/0.9; +https://babbar.tech/crawler)"
154.54.249.196 - - [09/Sep/2022:03:21:35 +0200] "GET /Site/142Taagsatzig1484?action=diff HTTP/1.1" 200 17078 "-" "Mozilla/5.0 (compatible; Barkrowler/0.9; +https://babbar.tech/crawler)"
154.54.249.196 - - [09/Sep/2022:03:22:13 +0200] "GET /Site/192HouhsRech1509?action=print HTTP/1.1" 200 15272 "-" "Mozilla/5.0 (compatible; Barkrowler/0.9; +https://babbar.tech/crawler)"
85.25.177.139 - - [09/Sep/2022:03:22:17 +0200] "GET /PodCast/Voorwort?action=diff&source=n&minor=y HTTP/1.1" 200 27876 "-" "Mozilla/5.0 (Macintosh; Intel Mac OS X 10.15; rv:103.0) Gecko/20100101 Firefox/103.0"
185.191.171.39 - - [09/Sep/2022:03:22:24 +0200] "GET /PmWikiVi/MCLCNhDNgChNh?action=edit HTTP/1.1" 404 18 "-" "Mozilla/5.0 (compatible; SemrushBot/7~bl; +http://www.semrush.com/bot.html)"
154.54.249.196 - - [09/Sep/2022:03:22:46 +0200] "GET /Site/192HouhsRech1509?action=edit HTTP/1.1" 200 8711 "-" "Mozilla/5.0 (compatible; Barkrowler/0.9; +https://babbar.tech/crawler)"
154.54.249.196 - - [09/Sep/2022:03:23:23 +0200] "GET /Site/192HouhsRech1509?action=upload HTTP/1.1" 200 8611 "-" "Mozilla/5.0 (compatible; Barkrowler/0.9; +https://babbar.tech/crawler)"
154.54.249.196 - - [09/Sep/2022:03:23:55 +0200] "GET /Site/151Konschtanz1485?action=edit HTTP/1.1" 200 8723 "-" "Mozilla/5.0 (compatible; Barkrowler/0.9; +https://babbar.tech/crawler)"
85.25.177.139 - - [09/Sep/2022:03:24:08 +0200] "GET /Profiles/PRZ?action=print HTTP/1.1" 404 2381 "-" "Mozilla/5.0 (Macintosh; Intel Mac OS X 10.15; rv:103.0) Gecko/20100101 Firefox/103.0"
154.54.249.196 - - [09/Sep/2022:03:24:32 +0200] "GET /Site/Site?action=diff&source=y&minor=n HTTP/1.1" 200 9114 "-" "Mozilla/5.0 (compatible; Barkrowler/0.9; +https://babbar.tech/crawler)"
62.210.215.119 - - [09/Sep/2022:03:24:41 +0200] "GET /PodCast/IndexPage?action=rss HTTP/1.1" 200 6298 "-" "Mozilla/5.0 (X11; Linux i686) AppleWebKit/537.36 (KHTML, like Gecko) Chrome/30.0.1599.66 Safari/537.36"
154.54.249.196 - - [09/Sep/2022:03:25:07 +0200] "GET /Site/Site?action=diff&source=n&minor=y HTTP/1.1" 200 9124 "-" "Mozilla/5.0 (compatible; Barkrowler/0.9; +https://babbar.tech/crawler)"
154.54.249.196 - - [09/Sep/2022:03:25:42 +0200] "GET /Site/Site?action=diff&source=n&minor=n HTTP/1.1" 200 9122 "-" "Mozilla/5.0 (compatible; Barkrowler/0.9; +https://babbar.tech/crawler)"
85.25.177.139 - - [09/Sep/2022:03:25:57 +0200] "GET /Profiles/PRZ?action=upload HTTP/1.1" 200 8479 "-" "Mozilla/5.0 (Macintosh; Intel Mac OS X 10.15; rv:103.0) Gecko/20100101 Firefox/103.0"
154.54.249.196 - - [09/Sep/2022:03:26:18 +0200] "GET /Hilfe/AnleitungTonbeispiele?action=edit HTTP/1.1" 200 8791 "-" "Mozilla/5.0 (compatible; Barkrowler/0.9; +https://babbar.tech/crawler)"
154.54.249.196 - - [09/Sep/2022:03:26:49 +0200] "GET /Hilfe/AnleitungTonbeispiele?action=print HTTP/1.1" 200 4056 "-" "Mozilla/5.0 (compatible; Barkrowler/0.9; +https://babbar.tech/crawler)"
154.54.249.196 - - [09/Sep/2022:03:27:31 +0200] "GET /Hilfe/AnleitungTonbeispiele?action=upload HTTP/1.1" 200 8691 "-" "Mozilla/5.0 (compatible; Barkrowler/0.9; +https://babbar.tech/crawler)"
85.25.177.139 - - [09/Sep/2022:03:27:55 +0200] "GET /Profiles/PRZ?action=diff HTTP/1.1" 200 9136 "-" "Mozilla/5.0 (Macintosh; Intel Mac OS X 10.15; rv:103.0) Gecko/20100101 Firefox/103.0"
194.209.200.2 - - [09/Sep/2022:03:28:02 +0200] "GET /robots.txt HTTP/1.1" 200 - "-" "Mozilla/5.0 (compatible; TMMBot/0.2; +http://www.dslab.ch)/Nutch-1.15"
194.209.200.2 - - [09/Sep/2022:03:28:02 +0200] "GET /Admin/Jahresbericht HTTP/1.1" 200 45530 "-" "Mozilla/5.0 (compatible; TMMBot/0.2; +http://www.dslab.ch)/Nutch-1.15"
154.54.249.196 - - [09/Sep/2022:03:28:06 +0200] "GET /Group/Name?action=diff&source=n&minor=y HTTP/1.1" 200 9112 "-" "Mozilla/5.0 (compatible; Barkrowler/0.9; +https://babbar.tech/crawler)"
194.209.200.2 - - [09/Sep/2022:03:28:26 +0200] "GET /Texte/Schrybwys HTTP/1.1" 200 11028 "-" "Mozilla/5.0 (compatible; TMMBot/0.2; +http://www.dslab.ch)/Nutch-1.15"
154.54.249.196 - - [09/Sep/2022:03:28:44 +0200] "GET /Main/Homepage?action=diff&source=y&minor=n HTTP/1.1" 200 9150 "-" "Mozilla/5.0 (compatible; Barkrowler/0.9; +https://babbar.tech/crawler)"
194.209.200.2 - - [09/Sep/2022:03:29:14 +0200] "GET /Texte/ArsAmatoria HTTP/1.1" 200 12369 "-" "Mozilla/5.0 (compatible; TMMBot/0.2; +http://www.dslab.ch)/Nutch-1.15"
154.54.249.196 - - [09/Sep/2022:03:29:17 +0200] "GET /Main/HomePage?action=diff&source=y&minor=n HTTP/1.1" 200 9741 "-" "Mozilla/5.0 (compatible; Barkrowler/0.9; +https://babbar.tech/crawler)"
194.209.200.2 - - [09/Sep/2022:03:29:28 +0200] "GET /Texte/GDicht HTTP/1.1" 200 8050 "-" "Mozilla/5.0 (compatible; TMMBot/0.2; +http://www.dslab.ch)/Nutch-1.15"
85.25.177.139 - - [09/Sep/2022:03:29:53 +0200] "GET /Main/WikiSandbox?action=diff&source=y&minor=y HTTP/1.1" 200 9202 "-" "Mozilla/5.0 (Macintosh; Intel Mac OS X 10.15; rv:103.0) Gecko/20100101 Firefox/103.0"
154.54.249.196 - - [09/Sep/2022:03:29:54 +0200] "GET /uploads/Site/Baadstoubegass1mp3 HTTP/1.1" 304 - "-" "Mozilla/5.0 (compatible; Barkrowler/0.9; +https://babbar.tech/crawler)"
194.209.200.2 - - [09/Sep/2022:03:29:55 +0200] "GET /Texte/Styluebige HTTP/1.1" 200 9998 "-" "Mozilla/5.0 (compatible; TMMBot/0.2; +http://www.dslab.ch)/Nutch-1.15"
194.209.200.2 - - [09/Sep/2022:03:30:08 +0200] "GET /Texte/Metamorphoses HTTP/1.1" 200 9045 "-" "Mozilla/5.0 (compatible; TMMBot/0.2; +http://www.dslab.ch)/Nutch-1.15"
154.54.249.196 - - [09/Sep/2022:03:30:27 +0200] "GET /?action=upload&upname=klini-stadt.mp3 HTTP/1.1" 200 8451 "-" "Mozilla/5.0 (compatible; Barkrowler/0.9; +https://babbar.tech/crawler)"
154.54.249.196 - - [09/Sep/2022:03:31:04 +0200] "GET /PmWikiEs/PmWikiEs?action=print HTTP/1.1" 200 3758 "-" "Mozilla/5.0 (compatible; Barkrowler/0.9; +https://babbar.tech/crawler)"
194.209.200.2 - - [09/Sep/2022:03:31:12 +0200] "GET /Texte/Gloosse HTTP/1.1" 200 8061 "-" "Mozilla/5.0 (compatible; TMMBot/0.2; +http://www.dslab.ch)/Nutch-1.15"
154.54.249.196 - - [09/Sep/2022:03:31:41 +0200] "GET /PmWikiEs/PmWikiEs?action=upload HTTP/1.1" 200 8555 "-" "Mozilla/5.0 (compatible; Barkrowler/0.9; +https://babbar.tech/crawler)"
194.209.200.2 - - [09/Sep/2022:03:32:05 +0200] "GET /Admin/Pro-ZurituutschStatuten HTTP/1.1" 200 9580 "-" "Mozilla/5.0 (compatible; TMMBot/0.2; +http://www.dslab.ch)/Nutch-1.15"
85.25.177.139 - - [09/Sep/2022:03:32:12 +0200] "GET /PmWikiFr/WikiTrails HTTP/1.1" 200 12663 "-" "Mozilla/5.0 (Macintosh; Intel Mac OS X 10.15; rv:103.0) Gecko/20100101 Firefox/103.0"
154.54.249.196 - - [09/Sep/2022:03:32:15 +0200] "GET /PmWikiEs/PmWikiEs?action=edit HTTP/1.1" 200 8655 "-" "Mozilla/5.0 (compatible; Barkrowler/0.9; +https://babbar.tech/crawler)"
154.54.249.196 - - [09/Sep/2022:03:32:55 +0200] "GET /PmWikiVi/PmWikiVi?action=print HTTP/1.1" 200 3336 "-" "Mozilla/5.0 (compatible; Barkrowler/0.9; +https://babbar.tech/crawler)"
154.54.249.196 - - [09/Sep/2022:03:33:27 +0200] "GET /PmWikiVi/PmWikiVi?action=edit HTTP/1.1" 200 11592 "-" "Mozilla/5.0 (compatible; Barkrowler/0.9; +https://babbar.tech/crawler)"
194.209.200.2 - - [09/Sep/2022:03:33:41 +0200] "GET /Hilfe/AnleitungTonbeispiele HTTP/1.1" 200 9878 "-" "Mozilla/5.0 (compatible; TMMBot/0.2; +http://www.dslab.ch)/Nutch-1.15"
154.54.249.196 - - [09/Sep/2022:03:34:05 +0200] "GET /PmWikiVi/WikiStructure?action=diff HTTP/1.1" 200 12237 "-" "Mozilla/5.0 (compatible; Barkrowler/0.9; +https://babbar.tech/crawler)"
85.25.177.139 - - [09/Sep/2022:03:34:20 +0200] "GET /PmWikiFr/CustomInterMap HTTP/1.1" 200 12811 "-" "Mozilla/5.0 (Macintosh; Intel Mac OS X 10.15; rv:103.0) Gecko/20100101 Firefox/103.0"
154.54.249.196 - - [09/Sep/2022:03:34:39 +0200] "GET /PmWikiVi/QuocTeHoa HTTP/1.1" 200 17680 "-" "Mozilla/5.0 (compatible; Barkrowler/0.9; +https://babbar.tech/crawler)"
154.54.249.196 - - [09/Sep/2022:03:35:27 +0200] "GET /PmWikiPo/PmWikiPo?action=print HTTP/1.1" 200 3244 "-" "Mozilla/5.0 (compatible; Barkrowler/0.9; +https://babbar.tech/crawler)"
154.54.249.196 - - [09/Sep/2022:03:35:54 +0200] "GET /PmWikiPo/PmWikiPo?action=edit HTTP/1.1" 200 8655 "-" "Mozilla/5.0 (compatible; Barkrowler/0.9; +https://babbar.tech/crawler)"
85.25.177.139 - - [09/Sep/2022:03:36:26 +0200] "GET /PmWiki/OtherLanguages?action=edit HTTP/1.1" 200 8708 "-" "Mozilla/5.0 (Macintosh; Intel Mac OS X 10.15; rv:103.0) Gecko/20100101 Firefox/103.0"
154.54.249.196 - - [09/Sep/2022:03:36:39 +0200] "GET /PmWikiPl/PmWikiPl?action=print HTTP/1.1" 200 3422 "-" "Mozilla/5.0 (compatible; Barkrowler/0.9; +https://babbar.tech/crawler)"
154.54.249.196 - - [09/Sep/2022:03:37:06 +0200] "GET /PmWikiPl/PmWikiPl?action=edit HTTP/1.1" 200 8655 "-" "Mozilla/5.0 (compatible; Barkrowler/0.9; +https://babbar.tech/crawler)"
3.216.185.164 - - [09/Sep/2022:03:37:45 +0200] "GET /PodCast/IndexPage?action=rss HTTP/1.1" 200 6298 "-" "PocketCasts/1.0 (Pocket Casts Feed Parser; +http://pocketcasts.com/)"
154.54.249.196 - - [09/Sep/2022:03:37:47 +0200] "GET /PmWikiPtBr/Glossario?action=edit HTTP/1.1" 200 7855 "-" "Mozilla/5.0 (compatible; Barkrowler/0.9; +https://babbar.tech/crawler)"
154.54.249.196 - - [09/Sep/2022:03:38:15 +0200] "GET /PmWikiPtBr/Sandbox?action=upload HTTP/1.1" 200 7727 "-" "Mozilla/5.0 (compatible; Barkrowler/0.9; +https://babbar.tech/crawler)"
85.25.177.139 - - [09/Sep/2022:03:38:46 +0200] "GET /PmWikiFr/Directives HTTP/1.1" 200 18755 "-" "Mozilla/5.0 (Macintosh; Intel Mac OS X 10.15; rv:103.0) Gecko/20100101 Firefox/103.0"
66.249.76.243 - - [09/Sep/2022:03:38:55 +0200] "GET /Texte/Schrybwys HTTP/1.1" 200 11028 "-" "Mozilla/5.0 (Linux; Android 6.0.1; Nexus 5X Build/MMB29P) AppleWebKit/537.36 (KHTML, like Gecko) Chrome/105.0.5195.102 Mobile Safari/537.36 (compatible; Googlebot/2.1; +http://www.google.com/bot.html)"
154.54.249.196 - - [09/Sep/2022:03:38:59 +0200] "GET /PmWikiPtBr/Sandbox?action=print HTTP/1.1" 200 4671 "-" "Mozilla/5.0 (compatible; Barkrowler/0.9; +https://babbar.tech/crawler)"
154.54.249.196 - - [09/Sep/2022:03:39:27 +0200] "GET /PmWikiPtBr/Sandbox?action=edit HTTP/1.1" 200 7827 "-" "Mozilla/5.0 (compatible; Barkrowler/0.9; +https://babbar.tech/crawler)"
154.54.249.196 - - [09/Sep/2022:03:40:10 +0200] "GET /PmWikiPtBr/Sandbox?action=diff HTTP/1.1" 200 8396 "-" "Mozilla/5.0 (compatible; Barkrowler/0.9; +https://babbar.tech/crawler)"
154.54.249.196 - - [09/Sep/2022:03:40:44 +0200] "GET /PmWikiPtBr/Referencias?action=edit HTTP/1.1" 200 7883 "-" "Mozilla/5.0 (compatible; Barkrowler/0.9; +https://babbar.tech/crawler)"
85.25.177.139 - - [09/Sep/2022:03:40:48 +0200] "GET /PmWikiFr/PmWikiFeatures?action=edit HTTP/1.1" 200 9137 "-" "Mozilla/5.0 (Macintosh; Intel Mac OS X 10.15; rv:103.0) Gecko/20100101 Firefox/103.0"
154.54.249.196 - - [09/Sep/2022:03:41:21 +0200] "GET /PmWikiPtBr/PatrickMichaud HTTP/1.1" 200 7586 "-" "Mozilla/5.0 (compatible; Barkrowler/0.9; +https://babbar.tech/crawler)"
154.54.249.196 - - [09/Sep/2022:03:41:54 +0200] "GET /PmWikiPtBr/PageLists?action=edit HTTP/1.1" 200 7857 "-" "Mozilla/5.0 (compatible; Barkrowler/0.9; +https://babbar.tech/crawler)"
154.54.249.196 - - [09/Sep/2022:03:42:31 +0200] "GET /PmWikiSi/PmWikiSi?action=print HTTP/1.1" 200 4076 "-" "Mozilla/5.0 (compatible; Barkrowler/0.9; +https://babbar.tech/crawler)"
154.54.249.196 - - [09/Sep/2022:03:43:02 +0200] "GET /PmWikiSi/PmWikiSi?action=edit HTTP/1.1" 200 8655 "-" "Mozilla/5.0 (compatible; Barkrowler/0.9; +https://babbar.tech/crawler)"
85.25.177.139 - - [09/Sep/2022:03:43:06 +0200] "GET /PmWikiFr/Passwords HTTP/1.1" 200 13873 "-" "Mozilla/5.0 (Macintosh; Intel Mac OS X 10.15; rv:103.0) Gecko/20100101 Firefox/103.0"
185.191.171.16 - - [09/Sep/2022:03:43:37 +0200] "GET /PmWikiNl/WikiSandbox?action=print HTTP/1.1" 403 18 "-" "Mozilla/5.0 (compatible; SemrushBot/7~bl; +http://www.semrush.com/bot.html)"
154.54.249.196 - - [09/Sep/2022:03:43:38 +0200] "GET /PmWikiSi/Prevajanja?action=edit HTTP/1.1" 200 8679 "-" "Mozilla/5.0 (compatible; Barkrowler/0.9; +https://babbar.tech/crawler)"
154.54.249.196 - - [09/Sep/2022:03:44:13 +0200] "GET /PmWikiSi/Prevajanja?action=diff HTTP/1.1" 200 9250 "-" "Mozilla/5.0 (compatible; Barkrowler/0.9; +https://babbar.tech/crawler)"
154.54.249.196 - - [09/Sep/2022:03:44:47 +0200] "GET /PmWikiSi/Prevajanja?action=upload HTTP/1.1" 200 8579 "-" "Mozilla/5.0 (compatible; Barkrowler/0.9; +https://babbar.tech/crawler)"
85.25.177.139 - - [09/Sep/2022:03:45:10 +0200] "GET /PmWikiFr/OtherVariables HTTP/1.1" 200 15968 "-" "Mozilla/5.0 (Macintosh; Intel Mac OS X 10.15; rv:103.0) Gecko/20100101 Firefox/103.0"
154.54.249.196 - - [09/Sep/2022:03:45:23 +0200] "GET /PmWikiSi/Prevajanja?action=print HTTP/1.1" 200 13528 "-" "Mozilla/5.0 (compatible; Barkrowler/0.9; +https://babbar.tech/crawler)"
154.54.249.196 - - [09/Sep/2022:03:45:59 +0200] "GET /PmWikiSl/PmWikiSl?action=print HTTP/1.1" 200 3222 "-" "Mozilla/5.0 (compatible; Barkrowler/0.9; +https://babbar.tech/crawler)"
154.54.249.196 - - [09/Sep/2022:03:46:32 +0200] "GET /PmWikiSl/PmWikiSl?action=edit HTTP/1.1" 200 8655 "-" "Mozilla/5.0 (compatible; Barkrowler/0.9; +https://babbar.tech/crawler)"
85.25.177.139 - - [09/Sep/2022:03:47:04 +0200] "GET /PmWikiFr/WikiArchitecture HTTP/1.1" 200 13200 "-" "Mozilla/5.0 (Macintosh; Intel Mac OS X 10.15; rv:103.0) Gecko/20100101 Firefox/103.0"
154.54.249.196 - - [09/Sep/2022:03:47:10 +0200] "GET /PmWikiFi/PmWikiFi?action=edit HTTP/1.1" 200 8655 "-" "Mozilla/5.0 (compatible; Barkrowler/0.9; +https://babbar.tech/crawler)"
154.54.249.196 - - [09/Sep/2022:03:47:56 +0200] "GET /PmWikiNl/SidebarNl?action=print HTTP/1.1" 200 3691 "-" "Mozilla/5.0 (compatible; Barkrowler/0.9; +https://babbar.tech/crawler)"
54.86.54.179 - - [09/Sep/2022:03:48:29 +0200] "GET /PodCast/IndexPage?action=rss HTTP/1.1" 200 6298 "-" "PlayerFM/1.0 Podcast Sync (1 subscribers; url=https://player.fm/series/podcast-2872909)"
154.54.249.196 - - [09/Sep/2022:03:48:33 +0200] "GET /PmWikiNl/SidebarNl?action=upload HTTP/1.1" 200 7171 "-" "Mozilla/5.0 (compatible; Barkrowler/0.9; +https://babbar.tech/crawler)"
85.25.177.139 - - [09/Sep/2022:03:49:17 +0200] "GET /PmWikiFr/Internationalizations HTTP/1.1" 200 13844 "-" "Mozilla/5.0 (Macintosh; Intel Mac OS X 10.15; rv:103.0) Gecko/20100101 Firefox/103.0"
154.54.249.196 - - [09/Sep/2022:03:49:46 +0200] "GET /PmWikiNl/SidebarNl?action=edit HTTP/1.1" 200 7271 "-" "Mozilla/5.0 (compatible; Barkrowler/0.9; +https://babbar.tech/crawler)"
66.249.76.243 - - [09/Sep/2022:03:50:28 +0200] "GET /PodCast/IndexPage?action=rss HTTP/1.1" 200 6298 "-" "Mozilla/5.0 (compatible; Googlebot/2.1; +http://www.google.com/bot.html)"
185.191.171.42 - - [09/Sep/2022:03:50:38 +0200] "GET /PmWikiDe/ListLocal?action=diff HTTP/1.1" 403 18 "-" "Mozilla/5.0 (compatible; SemrushBot/7~bl; +http://www.semrush.com/bot.html)"
154.54.249.196 - - [09/Sep/2022:03:50:47 +0200] "GET /PmWikiNl/PmWikiNl?action=print HTTP/1.1" 200 5364 "-" "Mozilla/5.0 (compatible; Barkrowler/0.9; +https://babbar.tech/crawler)"
85.25.177.139 - - [09/Sep/2022:03:51:14 +0200] "GET /PmWikiFr/CustomMarkup HTTP/1.1" 200 21441 "-" "Mozilla/5.0 (Macintosh; Intel Mac OS X 10.15; rv:103.0) Gecko/20100101 Firefox/103.0"
154.54.249.196 - - [09/Sep/2022:03:51:43 +0200] "GET /PmWikiNl/WikiZoeken?action=diff HTTP/1.1" 200 7856 "-" "Mozilla/5.0 (compatible; Barkrowler/0.9; +https://babbar.tech/crawler)"
154.54.249.196 - - [09/Sep/2022:03:52:33 +0200] "GET /PmWikiNl/WikiZoeken?action=upload HTTP/1.1" 200 7185 "-" "Mozilla/5.0 (compatible; Barkrowler/0.9; +https://babbar.tech/crawler)"
154.54.249.196 - - [09/Sep/2022:03:53:21 +0200] "GET /PmWikiNl/WikiZoeken?action=print HTTP/1.1" 200 4312 "-" "Mozilla/5.0 (compatible; Barkrowler/0.9; +https://babbar.tech/crawler)"
85.25.177.139 - - [09/Sep/2022:03:53:27 +0200] "GET /PmWikiFr/SimultaneousEdits HTTP/1.1" 200 12346 "-" "Mozilla/5.0 (Macintosh; Intel Mac OS X 10.15; rv:103.0) Gecko/20100101 Firefox/103.0"
154.54.249.196 - - [09/Sep/2022:03:54:05 +0200] "GET /PmWikiNl/WikiSandbox?action=diff HTTP/1.1" 200 7872 "-" "Mozilla/5.0 (compatible; Barkrowler/0.9; +https://babbar.tech/crawler)"
154.54.249.196 - - [09/Sep/2022:03:54:51 +0200] "GET /PmWikiRo/PmWikiRo?action=edit HTTP/1.1" 200 8655 "-" "Mozilla/5.0 (compatible; Barkrowler/0.9; +https://babbar.tech/crawler)"
154.54.249.196 - - [09/Sep/2022:03:55:36 +0200] "GET /PmWikiRu/FmtPageName?action=edit HTTP/1.1" 200 9245 "-" "Mozilla/5.0 (compatible; Barkrowler/0.9; +https://babbar.tech/crawler)"
85.25.177.139 - - [09/Sep/2022:03:55:52 +0200] "GET /PmWikiFr/InterMap HTTP/1.1" 200 12430 "-" "Mozilla/5.0 (Macintosh; Intel Mac OS X 10.15; rv:103.0) Gecko/20100101 Firefox/103.0"
154.54.249.196 - - [09/Sep/2022:03:56:18 +0200] "GET /PmWikiRu/UploadVariables?action=edit HTTP/1.1" 200 9299 "-" "Mozilla/5.0 (compatible; Barkrowler/0.9; +https://babbar.tech/crawler)"
154.54.249.196 - - [09/Sep/2022:03:56:59 +0200] "GET /PmWikiRu/UploadVariables?action=upload HTTP/1.1" 200 9199 "-" "Mozilla/5.0 (compatible; Barkrowler/0.9; +https://babbar.tech/crawler)"
85.25.177.139 - - [09/Sep/2022:03:57:37 +0200] "GET /PmWikiFr/Categories HTTP/1.1" 200 18044 "-" "Mozilla/5.0 (Macintosh; Intel Mac OS X 10.15; rv:103.0) Gecko/20100101 Firefox/103.0"
154.54.249.196 - - [09/Sep/2022:03:57:42 +0200] "GET /PmWikiRu/UploadVariables?action=diff HTTP/1.1" 200 9880 "-" "Mozilla/5.0 (compatible; Barkrowler/0.9; +https://babbar.tech/crawler)"
154.54.249.196 - - [09/Sep/2022:03:58:25 +0200] "GET /PmWikiRu/UploadVariables?action=print HTTP/1.1" 404 2429 "-" "Mozilla/5.0 (compatible; Barkrowler/0.9; +https://babbar.tech/crawler)"
154.54.249.196 - - [09/Sep/2022:03:58:58 +0200] "GET /PmWikiRu/PatrickMichaud?action=edit HTTP/1.1" 200 9305 "-" "Mozilla/5.0 (compatible; Barkrowler/0.9; +https://babbar.tech/crawler)"
85.25.177.139 - - [09/Sep/2022:03:59:11 +0200] "GET /PmWikiFr/Security HTTP/1.1" 200 11043 "-" "Mozilla/5.0 (Macintosh; Intel Mac OS X 10.15; rv:103.0) Gecko/20100101 Firefox/103.0"
154.54.249.196 - - [09/Sep/2022:03:59:37 +0200] "GET /PmWikiRu/PatrickMichaud?action=upload HTTP/1.1" 200 9205 "-" "Mozilla/5.0 (compatible; Barkrowler/0.9; +https://babbar.tech/crawler)"
154.54.249.196 - - [09/Sep/2022:04:00:09 +0200] "GET /PmWikiRu/PatrickMichaud?action=print HTTP/1.1" 200 2595 "-" "Mozilla/5.0 (compatible; Barkrowler/0.9; +https://babbar.tech/crawler)"
154.54.249.196 - - [09/Sep/2022:04:00:47 +0200] "GET /PmWikiRu/PatrickMichaud?action=diff HTTP/1.1" 200 9884 "-" "Mozilla/5.0 (compatible; Barkrowler/0.9; +https://babbar.tech/crawler)"
185.191.171.7 - - [09/Sep/2022:04:00:53 +0200] "GET /PmWikiPtBr/FilosofiaPmWiki?action=diff HTTP/1.1" 403 18 "-" "Mozilla/5.0 (compatible; SemrushBot/7~bl; +http://www.semrush.com/bot.html)"
154.54.249.196 - - [09/Sep/2022:04:01:19 +0200] "GET /PmWikiRu/SitePageActions?action=edit HTTP/1.1" 200 9301 "-" "Mozilla/5.0 (compatible; Barkrowler/0.9; +https://babbar.tech/crawler)"
85.25.177.139 - - [09/Sep/2022:04:01:30 +0200] "GET /PmWiki/Notify?action=diff&source=n&minor=y HTTP/1.1" 200 9161 "-" "Mozilla/5.0 (Macintosh; Intel Mac OS X 10.15; rv:103.0) Gecko/20100101 Firefox/103.0"
154.54.249.196 - - [09/Sep/2022:04:01:54 +0200] "GET /PmWikiRu/SitePageActions?action=upload HTTP/1.1" 200 9201 "-" "Mozilla/5.0 (compatible; Barkrowler/0.9; +https://babbar.tech/crawler)"
154.54.249.196 - - [09/Sep/2022:04:02:26 +0200] "GET /PmWikiRu/SitePageActions?action=diff HTTP/1.1" 200 9882 "-" "Mozilla/5.0 (compatible; Barkrowler/0.9; +https://babbar.tech/crawler)"
194.209.200.2 - - [09/Sep/2022:04:02:47 +0200] "GET /robots.txt HTTP/1.1" 200 - "-" "Mozilla/5.0 (compatible; TMMBot/0.2; +http://www.dslab.ch)/Nutch-1.15"
194.209.200.2 - - [09/Sep/2022:04:02:47 +0200] "GET /Admin/Jahresbericht HTTP/1.1" 200 45530 "-" "Mozilla/5.0 (compatible; TMMBot/0.2; +http://www.dslab.ch)/Nutch-1.15"
154.54.249.196 - - [09/Sep/2022:04:03:01 +0200] "GET /PmWikiRu/TableDirectives?action=upload HTTP/1.1" 200 9229 "-" "Mozilla/5.0 (compatible; Barkrowler/0.9; +https://babbar.tech/crawler)"
194.209.200.2 - - [09/Sep/2022:04:03:13 +0200] "GET /Texte/Schrybwys HTTP/1.1" 200 11028 "-" "Mozilla/5.0 (compatible; TMMBot/0.2; +http://www.dslab.ch)/Nutch-1.15"
85.25.177.139 - - [09/Sep/2022:04:03:18 +0200] "GET /PmWiki/Notify?action=upload HTTP/1.1" 200 8494 "-" "Mozilla/5.0 (Macintosh; Intel Mac OS X 10.15; rv:103.0) Gecko/20100101 Firefox/103.0"
154.54.249.196 - - [09/Sep/2022:04:03:36 +0200] "GET /PmWikiRu/TableDirectives?action=print HTTP/1.1" 200 17542 "-" "Mozilla/5.0 (compatible; Barkrowler/0.9; +https://babbar.tech/crawler)"
194.209.200.2 - - [09/Sep/2022:04:04:02 +0200] "GET /Texte/ArsAmatoria HTTP/1.1" 200 12369 "-" "Mozilla/5.0 (compatible; TMMBot/0.2; +http://www.dslab.ch)/Nutch-1.15"
154.54.249.196 - - [09/Sep/2022:04:04:12 +0200] "GET /PmWikiRu/TableDirectives?action=edit HTTP/1.1" 200 9329 "-" "Mozilla/5.0 (compatible; Barkrowler/0.9; +https://babbar.tech/crawler)"
194.209.200.2 - - [09/Sep/2022:04:04:17 +0200] "GET /Texte/GDicht HTTP/1.1" 200 8050 "-" "Mozilla/5.0 (compatible; TMMBot/0.2; +http://www.dslab.ch)/Nutch-1.15"
154.54.249.196 - - [09/Sep/2022:04:04:45 +0200] "GET /PmWikiRu/TableDirectives?action=diff HTTP/1.1" 200 9910 "-" "Mozilla/5.0 (compatible; Barkrowler/0.9; +https://babbar.tech/crawler)"
194.209.200.2 - - [09/Sep/2022:04:04:47 +0200] "GET /Texte/Styluebige HTTP/1.1" 200 9998 "-" "Mozilla/5.0 (compatible; TMMBot/0.2; +http://www.dslab.ch)/Nutch-1.15"
194.209.200.2 - - [09/Sep/2022:04:05:00 +0200] "GET /Texte/Metamorphoses HTTP/1.1" 200 9045 "-" "Mozilla/5.0 (compatible; TMMBot/0.2; +http://www.dslab.ch)/Nutch-1.15"
154.54.249.196 - - [09/Sep/2022:04:05:17 +0200] "GET /PmWikiRu/Skins?skin=gemini HTTP/1.1" 200 25244 "-" "Mozilla/5.0 (compatible; Barkrowler/0.9; +https://babbar.tech/crawler)"
85.25.177.139 - - [09/Sep/2022:04:05:42 +0200] "GET /PmWiki/Notify?action=diff&source=y&minor=n HTTP/1.1" 200 9151 "-" "Mozilla/5.0 (Macintosh; Intel Mac OS X 10.15; rv:103.0) Gecko/20100101 Firefox/103.0"
154.54.249.196 - - [09/Sep/2022:04:05:51 +0200] "GET /PmWikiRu/PathVariables?action=edit HTTP/1.1" 200 9271 "-" "Mozilla/5.0 (compatible; Barkrowler/0.9; +https://babbar.tech/crawler)"
194.209.200.2 - - [09/Sep/2022:04:06:08 +0200] "GET /Texte/Gloosse HTTP/1.1" 200 8061 "-" "Mozilla/5.0 (compatible; TMMBot/0.2; +http://www.dslab.ch)/Nutch-1.15"
154.54.249.196 - - [09/Sep/2022:04:06:26 +0200] "GET /PmWikiRu/PathVariables?action=upload HTTP/1.1" 200 9171 "-" "Mozilla/5.0 (compatible; Barkrowler/0.9; +https://babbar.tech/crawler)"
194.209.200.2 - - [09/Sep/2022:04:07:02 +0200] "GET /Admin/Pro-ZurituutschStatuten HTTP/1.1" 200 9580 "-" "Mozilla/5.0 (compatible; TMMBot/0.2; +http://www.dslab.ch)/Nutch-1.15"
154.54.249.196 - - [09/Sep/2022:04:07:05 +0200] "GET /PmWikiRu/AvailableActions?action=edit HTTP/1.1" 200 9349 "-" "Mozilla/5.0 (compatible; Barkrowler/0.9; +https://babbar.tech/crawler)"
154.54.249.196 - - [09/Sep/2022:04:07:33 +0200] "GET /PmWikiRu/AvailableActions?action=print HTTP/1.1" 200 9258 "-" "Mozilla/5.0 (compatible; Barkrowler/0.9; +https://babbar.tech/crawler)"
85.25.177.139 - - [09/Sep/2022:04:07:34 +0200] "GET /PmWiki/PatrickMichaud?action=diff&source=y&minor=n HTTP/1.1" 200 9281 "-" "Mozilla/5.0 (Macintosh; Intel Mac OS X 10.15; rv:103.0) Gecko/20100101 Firefox/103.0"
154.54.249.196 - - [09/Sep/2022:04:08:12 +0200] "GET /PmWikiRu/AvailableActions?action=upload HTTP/1.1" 200 9249 "-" "Mozilla/5.0 (compatible; Barkrowler/0.9; +https://babbar.tech/crawler)"
194.209.200.2 - - [09/Sep/2022:04:08:31 +0200] "GET /Hilfe/AnleitungTonbeispiele HTTP/1.1" 200 9878 "-" "Mozilla/5.0 (compatible; TMMBot/0.2; +http://www.dslab.ch)/Nutch-1.15"
154.54.249.196 - - [09/Sep/2022:04:08:42 +0200] "GET /PmWikiRu/LayoutVariables?action=edit HTTP/1.1" 200 9299 "-" "Mozilla/5.0 (compatible; Barkrowler/0.9; +https://babbar.tech/crawler)"
154.54.249.196 - - [09/Sep/2022:04:09:18 +0200] "GET /PmWikiRu/LayoutVariables?action=print HTTP/1.1" 404 2429 "-" "Mozilla/5.0 (compatible; Barkrowler/0.9; +https://babbar.tech/crawler)"
85.25.177.139 - - [09/Sep/2022:04:09:35 +0200] "GET /PmWiki/PatrickMichaud?action=diff&source=n&minor=y HTTP/1.1" 200 9291 "-" "Mozilla/5.0 (Macintosh; Intel Mac OS X 10.15; rv:103.0) Gecko/20100101 Firefox/103.0"
154.54.249.196 - - [09/Sep/2022:04:09:46 +0200] "GET /PmWikiRu/OtherVariables?action=upload HTTP/1.1" 200 9185 "-" "Mozilla/5.0 (compatible; Barkrowler/0.9; +https://babbar.tech/crawler)"
154.54.249.196 - - [09/Sep/2022:04:10:22 +0200] "GET /PmWikiRu/OtherVariables?action=print HTTP/1.1" 404 2425 "-" "Mozilla/5.0 (compatible; Barkrowler/0.9; +https://babbar.tech/crawler)"
154.54.249.196 - - [09/Sep/2022:04:10:52 +0200] "GET /PmWikiRu/OtherVariables?action=edit HTTP/1.1" 200 9285 "-" "Mozilla/5.0 (compatible; Barkrowler/0.9; +https://babbar.tech/crawler)"
154.54.249.196 - - [09/Sep/2022:04:11:30 +0200] "GET /PmWikiRu/OtherVariables?action=diff HTTP/1.1" 200 9864 "-" "Mozilla/5.0 (compatible; Barkrowler/0.9; +https://babbar.tech/crawler)"
85.25.177.139 - - [09/Sep/2022:04:11:34 +0200] "GET /Cookbook/CSVAction?action=diff HTTP/1.1" 200 9234 "-" "Mozilla/5.0 (Macintosh; Intel Mac OS X 10.15; rv:103.0) Gecko/20100101 Firefox/103.0"
8.29.198.26 - - [09/Sep/2022:04:11:56 +0200] "GET /PodCast/IndexPage?action=rss HTTP/1.1" 200 6298 "-" "Feedly/1.0 (+http://www.feedly.com/fetcher.html; 3 subscribers; like FeedFetcher-Google)"
154.54.249.196 - - [09/Sep/2022:04:12:02 +0200] "GET /PmWikiRu/MailingLists?action=edit HTTP/1.1" 200 9257 "-" "Mozilla/5.0 (compatible; Barkrowler/0.9; +https://babbar.tech/crawler)"
154.54.249.196 - - [09/Sep/2022:04:12:36 +0200] "GET /PmWikiRu/PasswordsAdmin?action=crypt HTTP/1.1" 200 2038 "-" "Mozilla/5.0 (compatible; Barkrowler/0.9; +https://babbar.tech/crawler)"
154.54.249.196 - - [09/Sep/2022:04:13:04 +0200] "GET /PmWikiRu/UrlApprovals?action=print HTTP/1.1" 404 2417 "-" "Mozilla/5.0 (compatible; Barkrowler/0.9; +https://babbar.tech/crawler)"
85.25.177.139 - - [09/Sep/2022:04:13:33 +0200] "GET /Cookbook/CSVAction?action=upload HTTP/1.1" 200 8565 "-" "Mozilla/5.0 (Macintosh; Intel Mac OS X 10.15; rv:103.0) Gecko/20100101 Firefox/103.0"
154.54.249.196 - - [09/Sep/2022:04:13:42 +0200] "GET /PmWikiRu/UrlApprovals?action=edit HTTP/1.1" 200 9257 "-" "Mozilla/5.0 (compatible; Barkrowler/0.9; +https://babbar.tech/crawler)"
154.54.249.196 - - [09/Sep/2022:04:14:15 +0200] "GET /PmWikiRu/EditVariables?action=edit HTTP/1.1" 200 9271 "-" "Mozilla/5.0 (compatible; Barkrowler/0.9; +https://babbar.tech/crawler)"
154.54.249.196 - - [09/Sep/2022:04:14:50 +0200] "GET /PmWikiRu/EditVariables?action=upload HTTP/1.1" 200 9171 "-" "Mozilla/5.0 (compatible; Barkrowler/0.9; +https://babbar.tech/crawler)"
154.54.249.196 - - [09/Sep/2022:04:15:21 +0200] "GET /PmWikiRu/EditVariables?action=diff HTTP/1.1" 200 9848 "-" "Mozilla/5.0 (compatible; Barkrowler/0.9; +https://babbar.tech/crawler)"
154.54.249.196 - - [09/Sep/2022:04:15:55 +0200] "GET /PmWikiRu/EditVariables?action=print HTTP/1.1" 404 2421 "-" "Mozilla/5.0 (compatible; Barkrowler/0.9; +https://babbar.tech/crawler)"
85.25.177.139 - - [09/Sep/2022:04:16:21 +0200] "GET /Cookbook/CSVAction?action=print HTTP/1.1" 404 2405 "-" "Mozilla/5.0 (Macintosh; Intel Mac OS X 10.15; rv:103.0) Gecko/20100101 Firefox/103.0"
154.54.249.196 - - [09/Sep/2022:04:16:26 +0200] "GET /PmWikiRu/BasicVariables?action=edit HTTP/1.1" 200 9285 "-" "Mozilla/5.0 (compatible; Barkrowler/0.9; +https://babbar.tech/crawler)"
154.54.249.196 - - [09/Sep/2022:04:17:04 +0200] "GET /PmWikiRu/BasicVariables?action=diff HTTP/1.1" 200 9864 "-" "Mozilla/5.0 (compatible; Barkrowler/0.9; +https://babbar.tech/crawler)"
185.191.171.40 - - [09/Sep/2022:04:17:26 +0200] "GET /robots.txt HTTP/1.1" 200 - "-" "Mozilla/5.0 (compatible; SemrushBot/7~bl; +http://www.semrush.com/bot.html)"
185.191.171.38 - - [09/Sep/2022:04:17:26 +0200] "GET /PmWiki/WikiFarms HTTP/1.1" 200 24461 "-" "Mozilla/5.0 (compatible; SemrushBot/7~bl; +http://www.semrush.com/bot.html)"
154.54.249.196 - - [09/Sep/2022:04:17:34 +0200] "GET /PmWikiRu/BasicVariables?action=upload HTTP/1.1" 200 9185 "-" "Mozilla/5.0 (compatible; Barkrowler/0.9; +https://babbar.tech/crawler)"
195.181.246.191 - - [09/Sep/2022:04:17:42 +0200] "GET / HTTP/1.1" 200 15085 "-" "Mozilla/5.0 (Windows NT 10.0; Win64; x64; rv:100.0) Gecko/20100101 Firefox/100.0"
154.54.249.196 - - [09/Sep/2022:04:18:11 +0200] "GET /PmWikiRu/CustomWikiStyles?action=edit HTTP/1.1" 200 9361 "-" "Mozilla/5.0 (compatible; Barkrowler/0.9; +https://babbar.tech/crawler)"
85.25.177.139 - - [09/Sep/2022:04:18:31 +0200] "GET /PmWiki/AvailableActions?action=edit HTTP/1.1" 200 8736 "-" "Mozilla/5.0 (Macintosh; Intel Mac OS X 10.15; rv:103.0) Gecko/20100101 Firefox/103.0"
154.54.249.196 - - [09/Sep/2022:04:18:44 +0200] "GET /PmWikiRu/CustomWikiStyles?action=diff HTTP/1.1" 200 9944 "-" "Mozilla/5.0 (compatible; Barkrowler/0.9; +https://babbar.tech/crawler)"
154.54.249.196 - - [09/Sep/2022:04:19:33 +0200] "GET /PmWikiRu/CustomWikiStyles?action=print HTTP/1.1" 200 10660 "-" "Mozilla/5.0 (compatible; Barkrowler/0.9; +https://babbar.tech/crawler)"
154.54.249.196 - - [09/Sep/2022:04:19:58 +0200] "GET /PmWikiRu/CustomInterMap?action=diff HTTP/1.1" 200 9896 "-" "Mozilla/5.0 (compatible; Barkrowler/0.9; +https://babbar.tech/crawler)"
85.25.177.139 - - [09/Sep/2022:04:20:33 +0200] "GET /PmWiki/AvailableActions?action=diff HTTP/1.1" 200 9315 "-" "Mozilla/5.0 (Macintosh; Intel Mac OS X 10.15; rv:103.0) Gecko/20100101 Firefox/103.0"
154.54.249.196 - - [09/Sep/2022:04:20:45 +0200] "GET /PmWikiRu/CustomInterMap?action=print HTTP/1.1" 200 10609 "-" "Mozilla/5.0 (compatible; Barkrowler/0.9; +https://babbar.tech/crawler)"
154.54.249.196 - - [09/Sep/2022:04:21:12 +0200] "GET /PmWikiRu/CustomInterMap?action=edit HTTP/1.1" 200 9317 "-" "Mozilla/5.0 (compatible; Barkrowler/0.9; +https://babbar.tech/crawler)"
154.54.249.196 - - [09/Sep/2022:04:21:55 +0200] "GET /PmWikiRu/CustomInterMap?action=upload HTTP/1.1" 200 9217 "-" "Mozilla/5.0 (compatible; Barkrowler/0.9; +https://babbar.tech/crawler)"
154.54.249.196 - - [09/Sep/2022:04:22:25 +0200] "GET /PmWikiRu/CustomMarkup?action=diff HTTP/1.1" 200 9884 "-" "Mozilla/5.0 (compatible; Barkrowler/0.9; +https://babbar.tech/crawler)"
85.25.177.139 - - [09/Sep/2022:04:22:30 +0200] "GET /PmWiki/Passwords?action=diff&source=n&minor=n HTTP/1.1" 200 9207 "-" "Mozilla/5.0 (Macintosh; Intel Mac OS X 10.15; rv:103.0) Gecko/20100101 Firefox/103.0"
154.54.249.196 - - [09/Sep/2022:04:23:05 +0200] "GET /PmWikiRu/CustomMarkup?action=upload HTTP/1.1" 200 9209 "-" "Mozilla/5.0 (compatible; Barkrowler/0.9; +https://babbar.tech/crawler)"
154.54.249.196 - - [09/Sep/2022:04:23:39 +0200] "GET /PmWikiRu/CustomMarkup?action=print HTTP/1.1" 200 24468 "-" "Mozilla/5.0 (compatible; Barkrowler/0.9; +https://babbar.tech/crawler)"
154.54.249.196 - - [09/Sep/2022:04:24:15 +0200] "GET /PmWikiRu/Internationalizations?action=edit HTTP/1.1" 200 9415 "-" "Mozilla/5.0 (compatible; Barkrowler/0.9; +https://babbar.tech/crawler)"
85.25.177.139 - - [09/Sep/2022:04:24:21 +0200] "GET /PmWiki/Passwords?action=diff&source=y&minor=y HTTP/1.1" 200 9201 "-" "Mozilla/5.0 (Macintosh; Intel Mac OS X 10.15; rv:103.0) Gecko/20100101 Firefox/103.0"
154.54.249.196 - - [09/Sep/2022:04:24:56 +0200] "GET /PmWikiRu/Internationalizations?action=print HTTP/1.1" 200 11010 "-" "Mozilla/5.0 (compatible; Barkrowler/0.9; +https://babbar.tech/crawler)"
154.54.249.196 - - [09/Sep/2022:04:25:25 +0200] "GET /PmWikiRu/WikiSandbox?action=diff HTTP/1.1" 200 9828 "-" "Mozilla/5.0 (compatible; Barkrowler/0.9; +https://babbar.tech/crawler)"
154.54.249.196 - - [09/Sep/2022:04:26:06 +0200] "GET /PmWikiRu/WikiSandbox?action=upload HTTP/1.1" 200 9155 "-" "Mozilla/5.0 (compatible; Barkrowler/0.9; +https://babbar.tech/crawler)"
154.54.249.196 - - [09/Sep/2022:04:26:32 +0200] "GET /PmWikiRu/WikiFarms?action=diff HTTP/1.1" 200 9800 "-" "Mozilla/5.0 (compatible; Barkrowler/0.9; +https://babbar.tech/crawler)"
85.25.177.139 - - [09/Sep/2022:04:26:41 +0200] "GET /Category/Spam?action=upload HTTP/1.1" 200 8493 "-" "Mozilla/5.0 (Macintosh; Intel Mac OS X 10.15; rv:103.0) Gecko/20100101 Firefox/103.0"
185.191.171.22 - - [09/Sep/2022:04:27:04 +0200] "GET /Texte/Limericks HTTP/1.1" 200 8087 "-" "Mozilla/5.0 (compatible; SemrushBot/7~bl; +http://www.semrush.com/bot.html)"
154.54.249.196 - - [09/Sep/2022:04:27:16 +0200] "GET /PmWikiRu/WikiAdministrator?action=upload HTTP/1.1" 200 9261 "-" "Mozilla/5.0 (compatible; Barkrowler/0.9; +https://babbar.tech/crawler)"
154.54.249.196 - - [09/Sep/2022:04:27:42 +0200] "GET /PmWikiRu/WikiAdministrator?action=print HTTP/1.1" 200 4502 "-" "Mozilla/5.0 (compatible; Barkrowler/0.9; +https://babbar.tech/crawler)"
154.54.249.196 - - [09/Sep/2022:04:28:23 +0200] "GET /PmWikiRu/WikiAdministrator?action=edit HTTP/1.1" 200 9361 "-" "Mozilla/5.0 (compatible; Barkrowler/0.9; +https://babbar.tech/crawler)"
154.54.249.196 - - [09/Sep/2022:04:28:48 +0200] "GET /PmWikiRu/WikiAdministrator?action=diff HTTP/1.1" 200 9946 "-" "Mozilla/5.0 (compatible; Barkrowler/0.9; +https://babbar.tech/crawler)"
85.25.177.139 - - [09/Sep/2022:04:28:58 +0200] "GET /PmWiki/RecentChanges?action=diff&source=y&minor=y HTTP/1.1" 200 9267 "-" "Mozilla/5.0 (Macintosh; Intel Mac OS X 10.15; rv:103.0) Gecko/20100101 Firefox/103.0"
154.54.249.196 - - [09/Sep/2022:04:29:26 +0200] "GET /PmWikiRu/FilePermissions?action=edit HTTP/1.1" 200 9299 "-" "Mozilla/5.0 (compatible; Barkrowler/0.9; +https://babbar.tech/crawler)"
154.54.249.196 - - [09/Sep/2022:04:30:00 +0200] "GET /PmWikiRu/LocalCustomizations?action=diff HTTP/1.1" 200 9974 "-" "Mozilla/5.0 (compatible; Barkrowler/0.9; +https://babbar.tech/crawler)"
154.54.249.196 - - [09/Sep/2022:04:30:40 +0200] "GET /PmWikiRu/LocalCustomizations?action=upload HTTP/1.1" 200 9285 "-" "Mozilla/5.0 (compatible; Barkrowler/0.9; +https://babbar.tech/crawler)"
85.25.177.139 - - [09/Sep/2022:04:31:06 +0200] "GET /PmWiki/RecentChanges?action=diff&source=n&minor=n HTTP/1.1" 200 9273 "-" "Mozilla/5.0 (Macintosh; Intel Mac OS X 10.15; rv:103.0) Gecko/20100101 Firefox/103.0"
154.54.249.196 - - [09/Sep/2022:04:31:10 +0200] "GET /PmWikiRu/SpecialCharacters?action=diff HTTP/1.1" 200 9912 "-" "Mozilla/5.0 (compatible; Barkrowler/0.9; +https://babbar.tech/crawler)"
154.54.249.196 - - [09/Sep/2022:04:31:50 +0200] "GET /PmWikiRu/LinkVariables?action=diff HTTP/1.1" 200 9848 "-" "Mozilla/5.0 (compatible; Barkrowler/0.9; +https://babbar.tech/crawler)"
154.54.249.196 - - [09/Sep/2022:04:32:19 +0200] "GET /PmWikiRu/LinkVariables?action=edit HTTP/1.1" 200 9271 "-" "Mozilla/5.0 (compatible; Barkrowler/0.9; +https://babbar.tech/crawler)"
154.54.249.196 - - [09/Sep/2022:04:33:02 +0200] "GET /PmWikiRu/LinkVariables?action=upload HTTP/1.1" 200 9171 "-" "Mozilla/5.0 (compatible; Barkrowler/0.9; +https://babbar.tech/crawler)"
85.25.177.139 - - [09/Sep/2022:04:33:18 +0200] "GET /PmWiki/SpecialCharacters?action=diff&source=y&minor=y HTTP/1.1" 200 9331 "-" "Mozilla/5.0 (Macintosh; Intel Mac OS X 10.15; rv:103.0) Gecko/20100101 Firefox/103.0"
154.54.249.196 - - [09/Sep/2022:04:33:29 +0200] "GET /PmWikiRu/PageDirectives?action=diff HTTP/1.1" 200 9904 "-" "Mozilla/5.0 (compatible; Barkrowler/0.9; +https://babbar.tech/crawler)"
154.54.249.196 - - [09/Sep/2022:04:34:06 +0200] "GET /PmWikiRu/PageDirectives?action=upload HTTP/1.1" 200 9225 "-" "Mozilla/5.0 (compatible; Barkrowler/0.9; +https://babbar.tech/crawler)"
154.54.249.196 - - [09/Sep/2022:04:34:34 +0200] "GET /PmWikiRu/PageVariables?action=diff HTTP/1.1" 200 9894 "-" "Mozilla/5.0 (compatible; Barkrowler/0.9; +https://babbar.tech/crawler)"
85.25.177.139 - - [09/Sep/2022:04:35:00 +0200] "GET /PmWiki/RecentChanges?action=print HTTP/1.1" 404 2411 "-" "Mozilla/5.0 (Macintosh; Intel Mac OS X 10.15; rv:103.0) Gecko/20100101 Firefox/103.0"
154.54.249.196 - - [09/Sep/2022:04:35:16 +0200] "GET /PmWikiRu/PageVariables?action=upload HTTP/1.1" 200 9217 "-" "Mozilla/5.0 (compatible; Barkrowler/0.9; +https://babbar.tech/crawler)"
154.54.249.196 - - [09/Sep/2022:04:35:49 +0200] "GET /PmWikiRu/PageVariables?action=print HTTP/1.1" 200 8426 "-" "Mozilla/5.0 (compatible; Barkrowler/0.9; +https://babbar.tech/crawler)"
154.54.249.196 - - [09/Sep/2022:04:36:27 +0200] "GET /PmWikiRu/PageFileFormat?action=diff HTTP/1.1" 200 9914 "-" "Mozilla/5.0 (compatible; Barkrowler/0.9; +https://babbar.tech/crawler)"
154.54.249.196 - - [09/Sep/2022:04:36:56 +0200] "GET /PmWikiRu/PageFileFormat?action=print HTTP/1.1" 200 7263 "-" "Mozilla/5.0 (compatible; Barkrowler/0.9; +https://babbar.tech/crawler)"
154.54.249.196 - - [09/Sep/2022:04:37:33 +0200] "GET /PmWikiRu/PageFileFormat?action=edit HTTP/1.1" 200 9335 "-" "Mozilla/5.0 (compatible; Barkrowler/0.9; +https://babbar.tech/crawler)"
154.54.249.196 - - [09/Sep/2022:04:38:05 +0200] "GET /PmWikiRu/GroupHeaders?action=diff HTTP/1.1" 200 9868 "-" "Mozilla/5.0 (compatible; Barkrowler/0.9; +https://babbar.tech/crawler)"
154.54.249.196 - - [09/Sep/2022:04:38:38 +0200] "GET /PmWikiRu/BackupAndRestore?action=edit HTTP/1.1" 200 9361 "-" "Mozilla/5.0 (compatible; Barkrowler/0.9; +https://babbar.tech/crawler)"
154.54.249.196 - - [09/Sep/2022:04:39:09 +0200] "GET /PmWikiRu/BackupAndRestore?action=upload HTTP/1.1" 200 9261 "-" "Mozilla/5.0 (compatible; Barkrowler/0.9; +https://babbar.tech/crawler)"
85.25.177.139 - - [09/Sep/2022:04:39:15 +0200] "GET /Profiles/Jean-Dom?action=diff HTTP/1.1" 200 9216 "-" "Mozilla/5.0 (Macintosh; Intel Mac OS X 10.15; rv:103.0) Gecko/20100101 Firefox/103.0"
154.54.249.196 - - [09/Sep/2022:04:39:46 +0200] "GET /PmWikiRu/BackupAndRestore?action=diff HTTP/1.1" 200 9944 "-" "Mozilla/5.0 (compatible; Barkrowler/0.9; +https://babbar.tech/crawler)"
154.54.249.196 - - [09/Sep/2022:04:40:19 +0200] "GET /PmWikiRu/DeletingPages?action=edit HTTP/1.1" 200 9305 "-" "Mozilla/5.0 (compatible; Barkrowler/0.9; +https://babbar.tech/crawler)"
154.54.249.196 - - [09/Sep/2022:04:40:57 +0200] "GET /PmWikiRu/DeletingPages?action=print HTTP/1.1" 200 5504 "-" "Mozilla/5.0 (compatible; Barkrowler/0.9; +https://babbar.tech/crawler)"
85.25.177.139 - - [09/Sep/2022:04:41:05 +0200] "GET /Profiles/Jean-Dom?action=print HTTP/1.1" 404 2401 "-" "Mozilla/5.0 (Macintosh; Intel Mac OS X 10.15; rv:103.0) Gecko/20100101 Firefox/103.0"
154.54.249.196 - - [09/Sep/2022:04:41:30 +0200] "GET /PmWikiRu/DeletingPages?action=upload HTTP/1.1" 200 9205 "-" "Mozilla/5.0 (compatible; Barkrowler/0.9; +https://babbar.tech/crawler)"
154.54.249.196 - - [09/Sep/2022:04:42:01 +0200] "GET /PmWikiRu/IncludeOtherPages?action=upload HTTP/1.1" 200 9275 "-" "Mozilla/5.0 (compatible; Barkrowler/0.9; +https://babbar.tech/crawler)"
154.54.249.196 - - [09/Sep/2022:04:42:31 +0200] "GET /PmWikiTr/PmWikiTr?action=print HTTP/1.1" 200 3367 "-" "Mozilla/5.0 (compatible; Barkrowler/0.9; +https://babbar.tech/crawler)"
85.25.177.139 - - [09/Sep/2022:04:42:48 +0200] "GET /Category/PmWikiDeveloper?action=diff&source=y&minor=y HTTP/1.1" 200 9332 "-" "Mozilla/5.0 (Macintosh; Intel Mac OS X 10.15; rv:103.0) Gecko/20100101 Firefox/103.0"
154.54.249.196 - - [09/Sep/2022:04:43:07 +0200] "GET /PmWikiTa/PmWikiTa?action=print HTTP/1.1" 200 3756 "-" "Mozilla/5.0 (compatible; Barkrowler/0.9; +https://babbar.tech/crawler)"
154.54.249.196 - - [09/Sep/2022:04:43:43 +0200] "GET /PmWikiTa/PmWikiTa?action=edit HTTP/1.1" 200 8655 "-" "Mozilla/5.0 (compatible; Barkrowler/0.9; +https://babbar.tech/crawler)"
194.209.200.2 - - [09/Sep/2022:04:44:08 +0200] "GET /robots.txt HTTP/1.1" 200 - "-" "Mozilla/5.0 (compatible; TMMBot/0.2; +http://www.dslab.ch)/Nutch-1.15"
194.209.200.2 - - [09/Sep/2022:04:44:08 +0200] "GET /Admin/Jahresbericht HTTP/1.1" 200 45530 "-" "Mozilla/5.0 (compatible; TMMBot/0.2; +http://www.dslab.ch)/Nutch-1.15"
154.54.249.196 - - [09/Sep/2022:04:44:14 +0200] "GET /PmWikiTa/PmWikiTa?action=upload HTTP/1.1" 200 8555 "-" "Mozilla/5.0 (compatible; Barkrowler/0.9; +https://babbar.tech/crawler)"
194.209.200.2 - - [09/Sep/2022:04:44:31 +0200] "GET /Texte/Schrybwys HTTP/1.1" 200 11028 "-" "Mozilla/5.0 (compatible; TMMBot/0.2; +http://www.dslab.ch)/Nutch-1.15"
154.54.249.196 - - [09/Sep/2022:04:44:45 +0200] "GET /PmWikiJa/ViewModes?action=upload HTTP/1.1" 200 8567 "-" "Mozilla/5.0 (compatible; Barkrowler/0.9; +https://babbar.tech/crawler)"
85.25.177.139 - - [09/Sep/2022:04:44:57 +0200] "GET /Category/PmWikiDeveloper?action=diff&source=n&minor=n HTTP/1.1" 200 9338 "-" "Mozilla/5.0 (Macintosh; Intel Mac OS X 10.15; rv:103.0) Gecko/20100101 Firefox/103.0"
194.209.200.2 - - [09/Sep/2022:04:45:18 +0200] "GET /Texte/ArsAmatoria HTTP/1.1" 200 12369 "-" "Mozilla/5.0 (compatible; TMMBot/0.2; +http://www.dslab.ch)/Nutch-1.15"
154.54.249.196 - - [09/Sep/2022:04:45:19 +0200] "GET /PmWikiJa/ParseArgs?action=edit HTTP/1.1" 200 8667 "-" "Mozilla/5.0 (compatible; Barkrowler/0.9; +https://babbar.tech/crawler)"
194.209.200.2 - - [09/Sep/2022:04:45:32 +0200] "GET /Texte/GDicht HTTP/1.1" 200 8050 "-" "Mozilla/5.0 (compatible; TMMBot/0.2; +http://www.dslab.ch)/Nutch-1.15"
154.54.249.196 - - [09/Sep/2022:04:45:52 +0200] "GET /PmWikiJa/PresenceAwarenessLight HTTP/1.1" 404 8415 "-" "Mozilla/5.0 (compatible; Barkrowler/0.9; +https://babbar.tech/crawler)"
194.209.200.2 - - [09/Sep/2022:04:45:58 +0200] "GET /Texte/Styluebige HTTP/1.1" 200 9998 "-" "Mozilla/5.0 (compatible; TMMBot/0.2; +http://www.dslab.ch)/Nutch-1.15"
194.209.200.2 - - [09/Sep/2022:04:46:08 +0200] "GET /Texte/Metamorphoses HTTP/1.1" 200 9045 "-" "Mozilla/5.0 (compatible; TMMBot/0.2; +http://www.dslab.ch)/Nutch-1.15"
154.54.249.196 - - [09/Sep/2022:04:46:26 +0200] "GET /PmWikiJa/ConditionalExtensions?action=upload HTTP/1.1" 200 8735 "-" "Mozilla/5.0 (compatible; Barkrowler/0.9; +https://babbar.tech/crawler)"
85.25.177.139 - - [09/Sep/2022:04:46:52 +0200] "GET /PmWikiFr HTTP/1.1" 302 169 "-" "Mozilla/5.0 (Macintosh; Intel Mac OS X 10.15; rv:103.0) Gecko/20100101 Firefox/103.0"
154.54.249.196 - - [09/Sep/2022:04:46:55 +0200] "GET /PmWikiJa/ChessMarkup?action=edit HTTP/1.1" 200 8695 "-" "Mozilla/5.0 (compatible; Barkrowler/0.9; +https://babbar.tech/crawler)"
194.209.200.2 - - [09/Sep/2022:04:47:08 +0200] "GET /Texte/Gloosse HTTP/1.1" 200 8061 "-" "Mozilla/5.0 (compatible; TMMBot/0.2; +http://www.dslab.ch)/Nutch-1.15"
154.54.249.196 - - [09/Sep/2022:04:47:28 +0200] "GET /PmWikiJa/CompareVersions?action=edit HTTP/1.1" 200 8751 "-" "Mozilla/5.0 (compatible; Barkrowler/0.9; +https://babbar.tech/crawler)"
194.209.200.2 - - [09/Sep/2022:04:47:56 +0200] "GET /Admin/Pro-ZurituutschStatuten HTTP/1.1" 200 9580 "-" "Mozilla/5.0 (compatible; TMMBot/0.2; +http://www.dslab.ch)/Nutch-1.15"
154.54.249.196 - - [09/Sep/2022:04:48:01 +0200] "GET /PmWikiJa/CompareVersions?action=upload HTTP/1.1" 200 8651 "-" "Mozilla/5.0 (compatible; Barkrowler/0.9; +https://babbar.tech/crawler)"
154.54.249.196 - - [09/Sep/2022:04:48:38 +0200] "GET /PmWikiJa/RemovingLeftContent?action=edit HTTP/1.1" 200 8809 "-" "Mozilla/5.0 (compatible; Barkrowler/0.9; +https://babbar.tech/crawler)"
85.25.177.139 - - [09/Sep/2022:04:48:42 +0200] "GET /Profiles/AntonyTemplier?action=print HTTP/1.1" 404 2425 "-" "Mozilla/5.0 (Macintosh; Intel Mac OS X 10.15; rv:103.0) Gecko/20100101 Firefox/103.0"
154.54.249.196 - - [09/Sep/2022:04:49:12 +0200] "GET /PmWikiJa/DesCrypt?action=diff HTTP/1.1" 200 9220 "-" "Mozilla/5.0 (compatible; Barkrowler/0.9; +https://babbar.tech/crawler)"
