154.54.249.195 - - [16/Jun/2022:22:41:40 +0200] "GET /PmWikiDe/FullName HTTP/1.1" 404 6672 "-" "Mozilla/5.0 (compatible; Barkrowler/0.9; +https://babbar.tech/crawler)"
154.54.249.195 - - [16/Jun/2022:22:41:55 +0200] "GET /PmWikiDe/WikiWord HTTP/1.1" 200 8745 "-" "Mozilla/5.0 (compatible; Barkrowler/0.9; +https://babbar.tech/crawler)"
154.54.249.195 - - [16/Jun/2022:22:42:11 +0200] "GET /PmWikiDe/WikiPage HTTP/1.1" 404 6672 "-" "Mozilla/5.0 (compatible; Barkrowler/0.9; +https://babbar.tech/crawler)"
154.54.249.195 - - [16/Jun/2022:22:42:26 +0200] "GET /PmWikiDe/WikiNode HTTP/1.1" 200 9199 "-" "Mozilla/5.0 (compatible; Barkrowler/0.9; +https://babbar.tech/crawler)"
194.209.200.2 - - [16/Jun/2022:22:42:33 +0200] "GET /robots.txt HTTP/1.1" 200 - "-" "Mozilla/5.0 (compatible; TMMBot/0.2; +http://www.dslab.ch)/Nutch-1.15"
194.209.200.2 - - [16/Jun/2022:22:42:33 +0200] "GET /Texte/Schrybwys HTTP/1.1" 200 11028 "-" "Mozilla/5.0 (compatible; TMMBot/0.2; +http://www.dslab.ch)/Nutch-1.15"
154.54.249.195 - - [16/Jun/2022:22:42:41 +0200] "GET /PmWikiDe/Wikifarm HTTP/1.1" 404 6670 "-" "Mozilla/5.0 (compatible; Barkrowler/0.9; +https://babbar.tech/crawler)"
85.25.177.219 - - [16/Jun/2022:22:42:53 +0200] "GET /Admin/ZurStiftung?action=upload HTTP/1.1" 403 18 "-" "SEO Scanner/1.2.4 (SEO Crawler; seoscanners.info; info@seoscanners.info)"
154.54.249.195 - - [16/Jun/2022:22:42:56 +0200] "GET /PmWikiDe/WikiGroup HTTP/1.1" 200 16138 "-" "Mozilla/5.0 (compatible; Barkrowler/0.9; +https://babbar.tech/crawler)"
154.54.249.195 - - [16/Jun/2022:22:43:11 +0200] "GET /PmWikiDe/Skins HTTP/1.1" 200 6531 "-" "Mozilla/5.0 (compatible; Barkrowler/0.9; +https://babbar.tech/crawler)"
154.54.249.195 - - [16/Jun/2022:22:43:26 +0200] "GET /PmWikiDe/Blocklist HTTP/1.1" 404 6684 "-" "Mozilla/5.0 (compatible; Barkrowler/0.9; +https://babbar.tech/crawler)"
154.54.249.195 - - [16/Jun/2022:22:43:42 +0200] "GET /PmWikiCs/WikiWord HTTP/1.1" 404 8217 "-" "Mozilla/5.0 (compatible; Barkrowler/0.9; +https://babbar.tech/crawler)"
154.54.249.195 - - [16/Jun/2022:22:43:57 +0200] "GET /PmWikiHu/Uploads HTTP/1.1" 404 8201 "-" "Mozilla/5.0 (compatible; Barkrowler/0.9; +https://babbar.tech/crawler)"
154.54.249.195 - - [16/Jun/2022:22:44:12 +0200] "GET /PmWikiHu/Passwords HTTP/1.1" 404 8229 "-" "Mozilla/5.0 (compatible; Barkrowler/0.9; +https://babbar.tech/crawler)"
154.54.249.195 - - [16/Jun/2022:22:44:27 +0200] "GET /PmWikiHu/Categories HTTP/1.1" 404 8243 "-" "Mozilla/5.0 (compatible; Barkrowler/0.9; +https://babbar.tech/crawler)"
154.54.249.195 - - [16/Jun/2022:22:44:42 +0200] "GET /PmWikiVi/PageHistory HTTP/1.1" 404 11196 "-" "Mozilla/5.0 (compatible; Barkrowler/0.9; +https://babbar.tech/crawler)"
154.54.249.195 - - [16/Jun/2022:22:44:57 +0200] "GET /PmWikiNl/Links HTTP/1.1" 404 6777 "-" "Mozilla/5.0 (compatible; Barkrowler/0.9; +https://babbar.tech/crawler)"
154.54.249.195 - - [16/Jun/2022:22:45:12 +0200] "GET /robots.txt HTTP/1.1" 200 - "-" "Mozilla/5.0 (compatible; Barkrowler/0.9; +https://babbar.tech/crawler)"
85.25.177.219 - - [16/Jun/2022:22:45:23 +0200] "GET /Admin/Pro-ZurituutschStatuten?action=edit HTTP/1.1" 403 18 "-" "SEO Scanner/1.2.4 (SEO Crawler; seoscanners.info; info@seoscanners.info)"
154.54.249.195 - - [16/Jun/2022:22:45:27 +0200] "GET /PmWikiDe/Links HTTP/1.1" 200 13943 "-" "Mozilla/5.0 (compatible; Barkrowler/0.9; +https://babbar.tech/crawler)"
154.54.249.195 - - [16/Jun/2022:22:45:42 +0200] "GET /PmWikiDe/Contributors HTTP/1.1" 200 9656 "-" "Mozilla/5.0 (compatible; Barkrowler/0.9; +https://babbar.tech/crawler)"
154.54.249.195 - - [16/Jun/2022:22:45:57 +0200] "GET /PmWikiDe/ContactUs HTTP/1.1" 404 6686 "-" "Mozilla/5.0 (compatible; Barkrowler/0.9; +https://babbar.tech/crawler)"
154.54.249.195 - - [16/Jun/2022:22:46:12 +0200] "GET /PmWikiDe/GroupAttributes HTTP/1.1" 200 6663 "-" "Mozilla/5.0 (compatible; Barkrowler/0.9; +https://babbar.tech/crawler)"
154.54.249.195 - - [16/Jun/2022:22:46:28 +0200] "GET /PmWikiDe/Terminologie HTTP/1.1" 200 9252 "-" "Mozilla/5.0 (compatible; Barkrowler/0.9; +https://babbar.tech/crawler)"
154.54.249.195 - - [16/Jun/2022:22:46:43 +0200] "GET /PmWikiDe/ListLocal HTTP/1.1" 200 38028 "-" "Mozilla/5.0 (compatible; Barkrowler/0.9; +https://babbar.tech/crawler)"
194.209.200.2 - - [16/Jun/2022:22:46:45 +0200] "GET / HTTP/1.1" 200 14638 "-" "Mozilla/5.0 (compatible; TMMBot/0.2; +http://www.dslab.ch)/Nutch-1.15"
85.25.177.219 - - [16/Jun/2022:22:46:46 +0200] "GET /Admin/ZurStiftung?action=diff HTTP/1.1" 403 18 "-" "SEO Scanner/1.2.4 (SEO Crawler; seoscanners.info; info@seoscanners.info)"
185.191.171.1 - - [16/Jun/2022:22:46:51 +0200] "GET /PmWikiFr/ConfigurationLocale?action=edit HTTP/1.1" 404 18 "-" "Mozilla/5.0 (compatible; SemrushBot/7~bl; +http://www.semrush.com/bot.html)"
154.54.249.195 - - [16/Jun/2022:22:46:58 +0200] "GET /PmWikiDe/Audiences HTTP/1.1" 200 11986 "-" "Mozilla/5.0 (compatible; Barkrowler/0.9; +https://babbar.tech/crawler)"
194.209.200.2 - - [16/Jun/2022:22:47:05 +0200] "GET /Admin/ZurStiftung HTTP/1.1" 200 10864 "-" "Mozilla/5.0 (compatible; TMMBot/0.2; +http://www.dslab.ch)/Nutch-1.15"
154.54.249.195 - - [16/Jun/2022:22:47:13 +0200] "GET /PmWikiDe/PageHistory HTTP/1.1" 200 8791 "-" "Mozilla/5.0 (compatible; Barkrowler/0.9; +https://babbar.tech/crawler)"
154.54.249.195 - - [16/Jun/2022:22:47:28 +0200] "GET /PmWikiDe/InterMap HTTP/1.1" 200 9572 "-" "Mozilla/5.0 (compatible; Barkrowler/0.9; +https://babbar.tech/crawler)"
185.191.171.26 - - [16/Jun/2022:22:47:29 +0200] "GET /PmWikiPtBr/RegrasFormatacaoTexto?action=print HTTP/1.1" 403 18 "-" "Mozilla/5.0 (compatible; SemrushBot/7~bl; +http://www.semrush.com/bot.html)"
194.209.200.2 - - [16/Jun/2022:22:47:31 +0200] "GET /Texte/Bitterbeuhsi HTTP/1.1" 200 9255 "-" "Mozilla/5.0 (compatible; TMMBot/0.2; +http://www.dslab.ch)/Nutch-1.15"
154.54.249.195 - - [16/Jun/2022:22:47:43 +0200] "GET /PmWikiDe/SitePages HTTP/1.1" 404 6686 "-" "Mozilla/5.0 (compatible; Barkrowler/0.9; +https://babbar.tech/crawler)"
154.54.249.195 - - [16/Jun/2022:22:48:00 +0200] "GET /PmWikiCs/Sandbox HTTP/1.1" 200 9327 "-" "Mozilla/5.0 (compatible; Barkrowler/0.9; +https://babbar.tech/crawler)"
154.54.249.195 - - [16/Jun/2022:22:48:15 +0200] "GET /PmWikiHu/RSS HTTP/1.1" 404 8145 "-" "Mozilla/5.0 (compatible; Barkrowler/0.9; +https://babbar.tech/crawler)"
154.54.249.195 - - [16/Jun/2022:22:48:30 +0200] "GET /PmWiki/FAQ?action=diff HTTP/1.1" 200 9105 "-" "Mozilla/5.0 (compatible; Barkrowler/0.9; +https://babbar.tech/crawler)"
154.54.249.195 - - [16/Jun/2022:22:48:45 +0200] "GET /PmWiki/Tables?action=print HTTP/1.1" 200 19437 "-" "Mozilla/5.0 (compatible; Barkrowler/0.9; +https://babbar.tech/crawler)"
66.249.76.220 - - [16/Jun/2022:22:48:47 +0200] "GET /PodCast/IndexPage?action=rss HTTP/1.1" 200 6298 "-" "Mozilla/5.0 (compatible; Googlebot/2.1; +http://www.google.com/bot.html)"
154.54.249.195 - - [16/Jun/2022:22:49:00 +0200] "GET /PmWiki/TableDirectives HTTP/1.1" 200 22378 "-" "Mozilla/5.0 (compatible; Barkrowler/0.9; +https://babbar.tech/crawler)"
185.191.171.16 - - [16/Jun/2022:22:49:11 +0200] "GET /PmWikiFr/TableDirectives?action=print HTTP/1.1" 403 18 "-" "Mozilla/5.0 (compatible; SemrushBot/7~bl; +http://www.semrush.com/bot.html)"
154.54.249.195 - - [16/Jun/2022:22:49:15 +0200] "GET /PmWiki/WikiSandbox HTTP/1.1" 302 192 "-" "Mozilla/5.0 (compatible; Barkrowler/0.9; +https://babbar.tech/crawler)"
154.54.249.195 - - [16/Jun/2022:22:49:30 +0200] "GET /robots.txt HTTP/1.1" 200 - "-" "Mozilla/5.0 (compatible; Barkrowler/0.9; +https://babbar.tech/crawler)"
154.54.249.195 - - [16/Jun/2022:22:49:45 +0200] "GET /PmWiki/WikiAdministrator HTTP/1.1" 200 10099 "-" "Mozilla/5.0 (compatible; Barkrowler/0.9; +https://babbar.tech/crawler)"
154.54.249.195 - - [16/Jun/2022:22:50:00 +0200] "GET /PmWiki/WikiWikiWeb HTTP/1.1" 200 13019 "-" "Mozilla/5.0 (compatible; Barkrowler/0.9; +https://babbar.tech/crawler)"
154.54.249.195 - - [16/Jun/2022:22:50:16 +0200] "GET /PmWiki/Forms?action=diff HTTP/1.1" 200 9137 "-" "Mozilla/5.0 (compatible; Barkrowler/0.9; +https://babbar.tech/crawler)"
154.54.249.195 - - [16/Jun/2022:22:50:31 +0200] "GET /PmWiki/PageDirectives HTTP/1.1" 200 20238 "-" "Mozilla/5.0 (compatible; Barkrowler/0.9; +https://babbar.tech/crawler)"
154.54.249.195 - - [16/Jun/2022:22:50:46 +0200] "GET /PmWiki/PageVariables HTTP/1.1" 200 24883 "-" "Mozilla/5.0 (compatible; Barkrowler/0.9; +https://babbar.tech/crawler)"
85.25.177.219 - - [16/Jun/2022:22:50:56 +0200] "GET /Texte/Styluebige?action=print HTTP/1.1" 403 18 "-" "SEO Scanner/1.2.4 (SEO Crawler; seoscanners.info; info@seoscanners.info)"
154.54.249.195 - - [16/Jun/2022:22:51:01 +0200] "GET /PmWiki/PageFileFormat HTTP/1.1" 200 16829 "-" "Mozilla/5.0 (compatible; Barkrowler/0.9; +https://babbar.tech/crawler)"
154.54.249.195 - - [16/Jun/2022:22:51:16 +0200] "GET /PmWiki/SpecialMarkups HTTP/1.1" 404 8941 "-" "Mozilla/5.0 (compatible; Barkrowler/0.9; +https://babbar.tech/crawler)"
45.129.18.36 - - [16/Jun/2022:22:51:18 +0200] "GET / HTTP/1.1" 200 14638 "-" "Mozilla/5.0 (Macintosh; Intel Mac OS X 10_11_5) AppleWebKit/537.36 (KHTML, like Gecko) Chrome/51.0.2704.84 Safari/537.36"
154.54.249.195 - - [16/Jun/2022:22:51:31 +0200] "GET /PmWiki/UploadsAdmin HTTP/1.1" 200 35909 "-" "Mozilla/5.0 (compatible; Barkrowler/0.9; +https://babbar.tech/crawler)"
154.54.249.195 - - [16/Jun/2022:22:51:47 +0200] "GET /PmWiki/OtherVariables HTTP/1.1" 200 19866 "-" "Mozilla/5.0 (compatible; Barkrowler/0.9; +https://babbar.tech/crawler)"
154.54.249.195 - - [16/Jun/2022:22:52:02 +0200] "GET /PmWiki/EditVariables HTTP/1.1" 200 25317 "-" "Mozilla/5.0 (compatible; Barkrowler/0.9; +https://babbar.tech/crawler)"
154.54.249.195 - - [16/Jun/2022:22:52:17 +0200] "GET /PmWiki/FilePermissions HTTP/1.1" 200 17116 "-" "Mozilla/5.0 (compatible; Barkrowler/0.9; +https://babbar.tech/crawler)"
154.54.249.195 - - [16/Jun/2022:22:52:32 +0200] "GET /PmWiki/ReleaseNotes HTTP/1.1" 200 114146 "-" "Mozilla/5.0 (compatible; Barkrowler/0.9; +https://babbar.tech/crawler)"
154.54.249.195 - - [16/Jun/2022:22:52:48 +0200] "GET /PmWiki/Troubleshooting HTTP/1.1" 200 29681 "-" "Mozilla/5.0 (compatible; Barkrowler/0.9; +https://babbar.tech/crawler)"
154.54.249.195 - - [16/Jun/2022:22:53:04 +0200] "GET /PmWiki/Name?action=diff HTTP/1.1" 200 9121 "-" "Mozilla/5.0 (compatible; Barkrowler/0.9; +https://babbar.tech/crawler)"
85.25.177.219 - - [16/Jun/2022:22:53:19 +0200] "GET /Admin/Links?action=upload HTTP/1.1" 403 18 "-" "SEO Scanner/1.2.4 (SEO Crawler; seoscanners.info; info@seoscanners.info)"
154.54.249.195 - - [16/Jun/2022:22:53:19 +0200] "GET /PmWiki/Name?action=upload HTTP/1.1" 200 8466 "-" "Mozilla/5.0 (compatible; Barkrowler/0.9; +https://babbar.tech/crawler)"
154.54.249.195 - - [16/Jun/2022:22:53:34 +0200] "GET /PmWiki/Images?action=diff HTTP/1.1" 200 9153 "-" "Mozilla/5.0 (compatible; Barkrowler/0.9; +https://babbar.tech/crawler)"
154.54.249.195 - - [16/Jun/2022:22:53:49 +0200] "GET /robots.txt HTTP/1.1" 200 - "-" "Mozilla/5.0 (compatible; Barkrowler/0.9; +https://babbar.tech/crawler)"
154.54.249.195 - - [16/Jun/2022:22:54:04 +0200] "GET /PmWiki/Images?action=upload HTTP/1.1" 200 8494 "-" "Mozilla/5.0 (compatible; Barkrowler/0.9; +https://babbar.tech/crawler)"
154.54.249.195 - - [16/Jun/2022:22:54:20 +0200] "GET /PmWiki/Images?action=print HTTP/1.1" 200 29159 "-" "Mozilla/5.0 (compatible; Barkrowler/0.9; +https://babbar.tech/crawler)"
154.54.249.195 - - [16/Jun/2022:22:54:36 +0200] "GET /PmWiki/PathVariables HTTP/1.1" 200 24179 "-" "Mozilla/5.0 (compatible; Barkrowler/0.9; +https://babbar.tech/crawler)"
154.54.249.195 - - [16/Jun/2022:22:54:51 +0200] "GET /PmWiki/BasicVariables HTTP/1.1" 200 33583 "-" "Mozilla/5.0 (compatible; Barkrowler/0.9; +https://babbar.tech/crawler)"
17.121.114.43 - - [16/Jun/2022:22:54:54 +0200] "GET /robots.txt HTTP/1.1" 200 - "-" "Mozilla/5.0 (Macintosh; Intel Mac OS X 10_15_5) AppleWebKit/605.1.15 (KHTML, like Gecko) Version/13.1.1 Safari/605.1.15 (Applebot/0.1; +http://www.apple.com/go/applebot)"
17.121.114.43 - - [16/Jun/2022:22:54:54 +0200] "GET / HTTP/1.1" 200 14638 "-" "Mozilla/5.0 (Macintosh; Intel Mac OS X 10_15_5) AppleWebKit/605.1.15 (KHTML, like Gecko) Version/13.1.1 Safari/605.1.15 (Applebot/0.1; +http://www.apple.com/go/applebot)"
154.54.249.195 - - [16/Jun/2022:22:55:06 +0200] "GET /PmWiki/RSS?action=diff HTTP/1.1" 200 9105 "-" "Mozilla/5.0 (compatible; Barkrowler/0.9; +https://babbar.tech/crawler)"
154.54.249.195 - - [16/Jun/2022:22:55:22 +0200] "GET /PmWiki/RSS?action=upload HTTP/1.1" 200 8452 "-" "Mozilla/5.0 (compatible; Barkrowler/0.9; +https://babbar.tech/crawler)"
154.54.249.195 - - [16/Jun/2022:22:55:37 +0200] "GET /PmWiki/LocalCustomizations HTTP/1.1" 200 23713 "-" "Mozilla/5.0 (compatible; Barkrowler/0.9; +https://babbar.tech/crawler)"
154.54.249.195 - - [16/Jun/2022:22:55:52 +0200] "GET /PmWikiFr/ContactUs HTTP/1.1" 404 9421 "-" "Mozilla/5.0 (compatible; Barkrowler/0.9; +https://babbar.tech/crawler)"
154.54.249.195 - - [16/Jun/2022:22:56:07 +0200] "GET /PmWikiFr/Upgrades HTTP/1.1" 200 11977 "-" "Mozilla/5.0 (compatible; Barkrowler/0.9; +https://babbar.tech/crawler)"
154.54.249.195 - - [16/Jun/2022:22:56:22 +0200] "GET /PmWikiFr/ListLocal HTTP/1.1" 200 40415 "-" "Mozilla/5.0 (compatible; Barkrowler/0.9; +https://babbar.tech/crawler)"
85.25.177.219 - - [16/Jun/2022:22:56:29 +0200] "GET /Texte/ZurcherischEnglish?action=print HTTP/1.1" 403 18 "-" "SEO Scanner/1.2.4 (SEO Crawler; seoscanners.info; info@seoscanners.info)"
154.54.249.195 - - [16/Jun/2022:22:56:40 +0200] "GET /PmWikiFr/WikiPage HTTP/1.1" 200 9850 "-" "Mozilla/5.0 (compatible; Barkrowler/0.9; +https://babbar.tech/crawler)"
154.54.249.195 - - [16/Jun/2022:22:56:55 +0200] "GET /PmWikiFr/WikiGroup HTTP/1.1" 200 17000 "-" "Mozilla/5.0 (compatible; Barkrowler/0.9; +https://babbar.tech/crawler)"
154.54.249.195 - - [16/Jun/2022:22:57:10 +0200] "GET /PmWikiFr/WikiTrails HTTP/1.1" 200 12663 "-" "Mozilla/5.0 (compatible; Barkrowler/0.9; +https://babbar.tech/crawler)"
154.54.249.195 - - [16/Jun/2022:22:57:25 +0200] "GET /PmWikiFr/WikiStyles HTTP/1.1" 200 26478 "-" "Mozilla/5.0 (compatible; Barkrowler/0.9; +https://babbar.tech/crawler)"
154.54.249.195 - - [16/Jun/2022:22:57:41 +0200] "GET /PmWikiFr/WikiWords HTTP/1.1" 404 9421 "-" "Mozilla/5.0 (compatible; Barkrowler/0.9; +https://babbar.tech/crawler)"
154.54.249.195 - - [16/Jun/2022:22:57:56 +0200] "GET /PmWikiFr/WikiWord HTTP/1.1" 200 12447 "-" "Mozilla/5.0 (compatible; Barkrowler/0.9; +https://babbar.tech/crawler)"
154.54.249.195 - - [16/Jun/2022:22:58:11 +0200] "GET /robots.txt HTTP/1.1" 200 - "-" "Mozilla/5.0 (compatible; Barkrowler/0.9; +https://babbar.tech/crawler)"
154.54.249.195 - - [16/Jun/2022:22:58:26 +0200] "GET /PmWikiFr/PageHistory HTTP/1.1" 200 11167 "-" "Mozilla/5.0 (compatible; Barkrowler/0.9; +https://babbar.tech/crawler)"
154.54.249.195 - - [16/Jun/2022:22:58:41 +0200] "GET /PmWikiFr/PmWiki HTTP/1.1" 302 190 "-" "Mozilla/5.0 (compatible; Barkrowler/0.9; +https://babbar.tech/crawler)"
85.25.177.219 - - [16/Jun/2022:22:58:51 +0200] "GET /Texte/GDicht?action=edit HTTP/1.1" 403 18 "-" "SEO Scanner/1.2.4 (SEO Crawler; seoscanners.info; info@seoscanners.info)"
154.54.249.195 - - [16/Jun/2022:22:58:56 +0200] "GET /PmWikiFr/Localisation HTTP/1.1" 404 9238 "-" "Mozilla/5.0 (compatible; Barkrowler/0.9; +https://babbar.tech/crawler)"
154.54.249.195 - - [16/Jun/2022:22:59:11 +0200] "GET /PmWikiFr/RefCount HTTP/1.1" 200 11841 "-" "Mozilla/5.0 (compatible; Barkrowler/0.9; +https://babbar.tech/crawler)"
154.54.249.195 - - [16/Jun/2022:22:59:26 +0200] "GET /PmWikiFr/GroupFooter HTTP/1.1" 200 9347 "-" "Mozilla/5.0 (compatible; Barkrowler/0.9; +https://babbar.tech/crawler)"
154.54.249.195 - - [16/Jun/2022:22:59:42 +0200] "GET /PmWikiFr/GroupHeader HTTP/1.1" 200 9347 "-" "Mozilla/5.0 (compatible; Barkrowler/0.9; +https://babbar.tech/crawler)"
185.191.171.37 - - [16/Jun/2022:22:59:47 +0200] "GET /robots.txt HTTP/1.1" 200 - "-" "Mozilla/5.0 (compatible; SemrushBot/7~bl; +http://www.semrush.com/bot.html)"
185.191.171.1 - - [16/Jun/2022:22:59:47 +0200] "GET /PmWikiRu/Uploads?action=print HTTP/1.1" 403 18 "-" "Mozilla/5.0 (compatible; SemrushBot/7~bl; +http://www.semrush.com/bot.html)"
154.54.249.195 - - [16/Jun/2022:22:59:57 +0200] "GET /PmWikiFr/Introduction HTTP/1.1" 404 9488 "-" "Mozilla/5.0 (compatible; Barkrowler/0.9; +https://babbar.tech/crawler)"
154.54.249.195 - - [16/Jun/2022:23:00:12 +0200] "GET /PmWikiFr/PageLists HTTP/1.1" 200 19495 "-" "Mozilla/5.0 (compatible; Barkrowler/0.9; +https://babbar.tech/crawler)"
154.54.249.195 - - [16/Jun/2022:23:00:28 +0200] "GET /PmWikiFr/AuthUser HTTP/1.1" 200 20474 "-" "Mozilla/5.0 (compatible; Barkrowler/0.9; +https://babbar.tech/crawler)"
154.54.249.195 - - [16/Jun/2022:23:00:43 +0200] "GET /PmWikiFr/StylesWiki HTTP/1.1" 404 9202 "-" "Mozilla/5.0 (compatible; Barkrowler/0.9; +https://babbar.tech/crawler)"
154.54.249.195 - - [16/Jun/2022:23:00:58 +0200] "GET /PmWikiFr/Glossary HTTP/1.1" 200 15808 "-" "Mozilla/5.0 (compatible; Barkrowler/0.9; +https://babbar.tech/crawler)"
85.25.177.219 - - [16/Jun/2022:23:01:07 +0200] "GET /Texte/ZurcherischEnglish?action=upload HTTP/1.1" 403 18 "-" "SEO Scanner/1.2.4 (SEO Crawler; seoscanners.info; info@seoscanners.info)"
154.54.249.195 - - [16/Jun/2022:23:01:13 +0200] "GET /PmWikiFr/Variables HTTP/1.1" 200 59312 "-" "Mozilla/5.0 (compatible; Barkrowler/0.9; +https://babbar.tech/crawler)"
154.54.249.195 - - [16/Jun/2022:23:01:28 +0200] "GET /PmWikiFr/TestTom HTTP/1.1" 200 47119 "-" "Mozilla/5.0 (compatible; Barkrowler/0.9; +https://babbar.tech/crawler)"
154.54.249.195 - - [16/Jun/2022:23:01:44 +0200] "GET /PmWikiFr/Audiences HTTP/1.1" 200 14307 "-" "Mozilla/5.0 (compatible; Barkrowler/0.9; +https://babbar.tech/crawler)"
154.54.249.195 - - [16/Jun/2022:23:01:59 +0200] "GET /PmWikiFr/Terminologie HTTP/1.1" 200 12992 "-" "Mozilla/5.0 (compatible; Barkrowler/0.9; +https://babbar.tech/crawler)"
154.54.249.195 - - [16/Jun/2022:23:02:14 +0200] "GET /PmWikiFr/RecentChanges HTTP/1.1" 404 9259 "-" "Mozilla/5.0 (compatible; Barkrowler/0.9; +https://babbar.tech/crawler)"
154.54.249.195 - - [16/Jun/2022:23:02:29 +0200] "GET /robots.txt HTTP/1.1" 200 - "-" "Mozilla/5.0 (compatible; Barkrowler/0.9; +https://babbar.tech/crawler)"
154.54.249.195 - - [16/Jun/2022:23:02:45 +0200] "GET /PmWikiFr/InterMap HTTP/1.1" 200 12430 "-" "Mozilla/5.0 (compatible; Barkrowler/0.9; +https://babbar.tech/crawler)"
154.54.249.195 - - [16/Jun/2022:23:03:00 +0200] "GET /PmWikiFr/SitePages HTTP/1.1" 200 12965 "-" "Mozilla/5.0 (compatible; Barkrowler/0.9; +https://babbar.tech/crawler)"
154.54.249.195 - - [16/Jun/2022:23:03:15 +0200] "GET /PmWikiFr/ChangeLog HTTP/1.1" 404 9421 "-" "Mozilla/5.0 (compatible; Barkrowler/0.9; +https://babbar.tech/crawler)"
154.54.249.195 - - [16/Jun/2022:23:03:30 +0200] "GET /PmWikiFr/Cookbook HTTP/1.1" 404 9162 "-" "Mozilla/5.0 (compatible; Barkrowler/0.9; +https://babbar.tech/crawler)"
154.54.249.195 - - [16/Jun/2022:23:03:45 +0200] "GET /PmWikiFr/DesignNotes HTTP/1.1" 200 11781 "-" "Mozilla/5.0 (compatible; Barkrowler/0.9; +https://babbar.tech/crawler)"
154.54.249.195 - - [16/Jun/2022:23:04:00 +0200] "GET /PmWikiFr/LayoutAdvanced HTTP/1.1" 200 13178 "-" "Mozilla/5.0 (compatible; Barkrowler/0.9; +https://babbar.tech/crawler)"
154.54.249.195 - - [16/Jun/2022:23:04:15 +0200] "GET /PmWikiFr/LayoutBasics HTTP/1.1" 200 14409 "-" "Mozilla/5.0 (compatible; Barkrowler/0.9; +https://babbar.tech/crawler)"
154.54.249.195 - - [16/Jun/2022:23:04:31 +0200] "GET /PmWikiFr/AccessKeys HTTP/1.1" 404 9444 "-" "Mozilla/5.0 (compatible; Barkrowler/0.9; +https://babbar.tech/crawler)"
154.54.249.195 - - [16/Jun/2022:23:04:46 +0200] "GET /PmWikiFr/AuthorTracking HTTP/1.1" 200 11606 "-" "Mozilla/5.0 (compatible; Barkrowler/0.9; +https://babbar.tech/crawler)"
85.25.177.219 - - [16/Jun/2022:23:04:56 +0200] "GET /Texte/Roman?action=edit HTTP/1.1" 403 18 "-" "SEO Scanner/1.2.4 (SEO Crawler; seoscanners.info; info@seoscanners.info)"
154.54.249.195 - - [16/Jun/2022:23:05:01 +0200] "GET /PmWikiFr/Drafts HTTP/1.1" 404 9350 "-" "Mozilla/5.0 (compatible; Barkrowler/0.9; +https://babbar.tech/crawler)"
154.54.249.195 - - [16/Jun/2022:23:05:16 +0200] "GET /PmWikiFr/Installation HTTP/1.1" 200 18857 "-" "Mozilla/5.0 (compatible; Barkrowler/0.9; +https://babbar.tech/crawler)"
154.54.249.195 - - [16/Jun/2022:23:05:31 +0200] "GET /PmWikiFr/Blocklist HTTP/1.1" 404 9419 "-" "Mozilla/5.0 (compatible; Barkrowler/0.9; +https://babbar.tech/crawler)"
154.54.249.195 - - [16/Jun/2022:23:05:46 +0200] "GET /PmWikiFr/MailPosts HTTP/1.1" 200 18392 "-" "Mozilla/5.0 (compatible; Barkrowler/0.9; +https://babbar.tech/crawler)"
154.54.249.195 - - [16/Jun/2022:23:06:01 +0200] "GET /PmWikiFr/Requirements HTTP/1.1" 200 11367 "-" "Mozilla/5.0 (compatible; Barkrowler/0.9; +https://babbar.tech/crawler)"
154.54.249.195 - - [16/Jun/2022:23:06:16 +0200] "GET /PmWikiFr/Contributors HTTP/1.1" 200 12340 "-" "Mozilla/5.0 (compatible; Barkrowler/0.9; +https://babbar.tech/crawler)"
154.54.249.195 - - [16/Jun/2022:23:06:32 +0200] "GET /PmWikiFr/ReleaseNotes HTTP/1.1" 200 108181 "-" "Mozilla/5.0 (compatible; Barkrowler/0.9; +https://babbar.tech/crawler)"
154.54.249.195 - - [16/Jun/2022:23:06:47 +0200] "GET /robots.txt HTTP/1.1" 200 - "-" "Mozilla/5.0 (compatible; Barkrowler/0.9; +https://babbar.tech/crawler)"
154.54.249.195 - - [16/Jun/2022:23:07:02 +0200] "GET /PmWikiFr/Directives HTTP/1.1" 200 18755 "-" "Mozilla/5.0 (compatible; Barkrowler/0.9; +https://babbar.tech/crawler)"
154.54.249.195 - - [16/Jun/2022:23:07:17 +0200] "GET /PmWikiFr/SideBar HTTP/1.1" 200 11848 "-" "Mozilla/5.0 (compatible; Barkrowler/0.9; +https://babbar.tech/crawler)"
154.54.249.195 - - [16/Jun/2022:23:07:33 +0200] "GET /PmWikiFr/Troubleshooting HTTP/1.1" 200 11486 "-" "Mozilla/5.0 (compatible; Barkrowler/0.9; +https://babbar.tech/crawler)"
207.46.13.112 - - [16/Jun/2022:23:07:40 +0200] "GET /Site/Search?pagename=Site%2FSearch&q=2022 HTTP/1.1" 200 10829 "-" "Mozilla/5.0 (compatible; bingbot/2.0; +http://www.bing.com/bingbot.htm)"
154.54.249.195 - - [16/Jun/2022:23:07:48 +0200] "GET /PmWiki/Links?action=diff HTTP/1.1" 200 9137 "-" "Mozilla/5.0 (compatible; Barkrowler/0.9; +https://babbar.tech/crawler)"
154.54.249.195 - - [16/Jun/2022:23:08:03 +0200] "GET /PmWiki/Links?action=upload HTTP/1.1" 200 8480 "-" "Mozilla/5.0 (compatible; Barkrowler/0.9; +https://babbar.tech/crawler)"
85.25.177.219 - - [16/Jun/2022:23:08:09 +0200] "GET /Admin/Links?action=edit HTTP/1.1" 403 18 "-" "SEO Scanner/1.2.4 (SEO Crawler; seoscanners.info; info@seoscanners.info)"
154.54.249.195 - - [16/Jun/2022:23:08:18 +0200] "GET /PmWiki/DeletingPages HTTP/1.1" 200 13818 "-" "Mozilla/5.0 (compatible; Barkrowler/0.9; +https://babbar.tech/crawler)"
154.54.249.195 - - [16/Jun/2022:23:08:33 +0200] "GET /PmWiki/PasswordsAdmin HTTP/1.1" 200 32656 "-" "Mozilla/5.0 (compatible; Barkrowler/0.9; +https://babbar.tech/crawler)"
154.54.249.195 - - [16/Jun/2022:23:08:49 +0200] "GET /PmWikiIt/LayoutAdvanced HTTP/1.1" 404 8301 "-" "Mozilla/5.0 (compatible; Barkrowler/0.9; +https://babbar.tech/crawler)"
154.54.249.195 - - [16/Jun/2022:23:09:04 +0200] "GET /PmWikiIt/LayoutBasics HTTP/1.1" 404 8273 "-" "Mozilla/5.0 (compatible; Barkrowler/0.9; +https://babbar.tech/crawler)"
85.25.177.219 - - [16/Jun/2022:23:09:18 +0200] "GET /Texte/ArsAmatoria?action=upload HTTP/1.1" 403 18 "-" "SEO Scanner/1.2.4 (SEO Crawler; seoscanners.info; info@seoscanners.info)"
154.54.249.195 - - [16/Jun/2022:23:09:19 +0200] "GET /PmWikiIt/MailPosts HTTP/1.1" 404 8231 "-" "Mozilla/5.0 (compatible; Barkrowler/0.9; +https://babbar.tech/crawler)"
154.54.249.195 - - [16/Jun/2022:23:09:34 +0200] "GET /PmWikiIt/AuthorTracking HTTP/1.1" 404 8301 "-" "Mozilla/5.0 (compatible; Barkrowler/0.9; +https://babbar.tech/crawler)"
154.54.249.195 - - [16/Jun/2022:23:09:49 +0200] "GET /PmWikiIt/Terminologia HTTP/1.1" 200 14005 "-" "Mozilla/5.0 (compatible; Barkrowler/0.9; +https://babbar.tech/crawler)"
154.54.249.195 - - [16/Jun/2022:23:10:04 +0200] "GET /PmWikiIt/WikiWord HTTP/1.1" 404 8217 "-" "Mozilla/5.0 (compatible; Barkrowler/0.9; +https://babbar.tech/crawler)"
154.54.249.195 - - [16/Jun/2022:23:10:19 +0200] "GET /PmWikiIt/WikiGroup HTTP/1.1" 200 13617 "-" "Mozilla/5.0 (compatible; Barkrowler/0.9; +https://babbar.tech/crawler)"
154.54.249.195 - - [16/Jun/2022:23:10:34 +0200] "GET /PmWikiIt/WikiStyles HTTP/1.1" 404 8245 "-" "Mozilla/5.0 (compatible; Barkrowler/0.9; +https://babbar.tech/crawler)"
154.54.249.195 - - [16/Jun/2022:23:10:49 +0200] "GET /PmWikiIt/WikiTrails HTTP/1.1" 404 8245 "-" "Mozilla/5.0 (compatible; Barkrowler/0.9; +https://babbar.tech/crawler)"
154.54.249.195 - - [16/Jun/2022:23:11:04 +0200] "GET /robots.txt HTTP/1.1" 200 - "-" "Mozilla/5.0 (compatible; Barkrowler/0.9; +https://babbar.tech/crawler)"
154.54.249.195 - - [16/Jun/2022:23:11:20 +0200] "GET /PmWikiIt/WikiWords HTTP/1.1" 404 8231 "-" "Mozilla/5.0 (compatible; Barkrowler/0.9; +https://babbar.tech/crawler)"
154.54.249.195 - - [16/Jun/2022:23:11:35 +0200] "GET /PmWikiIt/Uploads HTTP/1.1" 200 11263 "-" "Mozilla/5.0 (compatible; Barkrowler/0.9; +https://babbar.tech/crawler)"
154.54.249.195 - - [16/Jun/2022:23:11:50 +0200] "GET /PmWikiIt/Upgrades HTTP/1.1" 404 8215 "-" "Mozilla/5.0 (compatible; Barkrowler/0.9; +https://babbar.tech/crawler)"
154.54.249.195 - - [16/Jun/2022:23:12:05 +0200] "GET /PmWikiIt/InterMap HTTP/1.1" 404 8217 "-" "Mozilla/5.0 (compatible; Barkrowler/0.9; +https://babbar.tech/crawler)"
154.54.249.195 - - [16/Jun/2022:23:12:20 +0200] "GET /PmWikiIt/Audiences HTTP/1.1" 404 8229 "-" "Mozilla/5.0 (compatible; Barkrowler/0.9; +https://babbar.tech/crawler)"
85.25.177.219 - - [16/Jun/2022:23:12:31 +0200] "GET /Admin/AdresseStiftung?action=edit HTTP/1.1" 403 18 "-" "SEO Scanner/1.2.4 (SEO Crawler; seoscanners.info; info@seoscanners.info)"
154.54.249.195 - - [16/Jun/2022:23:12:35 +0200] "GET /PmWikiIt/Variables HTTP/1.1" 404 8229 "-" "Mozilla/5.0 (compatible; Barkrowler/0.9; +https://babbar.tech/crawler)"
154.54.249.195 - - [16/Jun/2022:23:12:51 +0200] "GET /PmWikiIt/Contributors HTTP/1.1" 404 8271 "-" "Mozilla/5.0 (compatible; Barkrowler/0.9; +https://babbar.tech/crawler)"
154.54.249.195 - - [16/Jun/2022:23:13:06 +0200] "GET /PmWikiIt/Directives HTTP/1.1" 404 8243 "-" "Mozilla/5.0 (compatible; Barkrowler/0.9; +https://babbar.tech/crawler)"
154.54.249.195 - - [16/Jun/2022:23:13:21 +0200] "GET /PmWikiIt/SimpleTables HTTP/1.1" 404 8273 "-" "Mozilla/5.0 (compatible; Barkrowler/0.9; +https://babbar.tech/crawler)"
85.25.177.219 - - [16/Jun/2022:23:13:23 +0200] "GET /Hilfe/AnleitungTonbeispiele?action=edit HTTP/1.1" 403 18 "-" "SEO Scanner/1.2.4 (SEO Crawler; seoscanners.info; info@seoscanners.info)"
154.54.249.195 - - [16/Jun/2022:23:13:36 +0200] "GET /PmWikiIt/BasicEditing HTTP/1.1" 200 24648 "-" "Mozilla/5.0 (compatible; Barkrowler/0.9; +https://babbar.tech/crawler)"
154.54.249.195 - - [16/Jun/2022:23:13:51 +0200] "GET /PmWikiIt/Passwords HTTP/1.1" 404 8229 "-" "Mozilla/5.0 (compatible; Barkrowler/0.9; +https://babbar.tech/crawler)"
154.54.249.195 - - [16/Jun/2022:23:14:06 +0200] "GET /PmWikiIt/RefCount HTTP/1.1" 404 8217 "-" "Mozilla/5.0 (compatible; Barkrowler/0.9; +https://babbar.tech/crawler)"
194.209.200.2 - - [16/Jun/2022:23:14:14 +0200] "GET /robots.txt HTTP/1.1" 200 - "-" "Mozilla/5.0 (compatible; TMMBot/0.2; +http://www.dslab.ch)/Nutch-1.15"
194.209.200.2 - - [16/Jun/2022:23:14:15 +0200] "GET /Admin/Jahresbericht HTTP/1.1" 200 45530 "-" "Mozilla/5.0 (compatible; TMMBot/0.2; +http://www.dslab.ch)/Nutch-1.15"
154.54.249.195 - - [16/Jun/2022:23:14:21 +0200] "GET /PmWiki/BlockMarkup HTTP/1.1" 200 15202 "-" "Mozilla/5.0 (compatible; Barkrowler/0.9; +https://babbar.tech/crawler)"
154.54.249.195 - - [16/Jun/2022:23:14:36 +0200] "GET /SiteAdmin/SiteAdmin?action=print HTTP/1.1" 200 2765 "-" "Mozilla/5.0 (compatible; Barkrowler/0.9; +https://babbar.tech/crawler)"
194.209.200.2 - - [16/Jun/2022:23:14:38 +0200] "GET /Texte/Schrybwys HTTP/1.1" 200 11028 "-" "Mozilla/5.0 (compatible; TMMBot/0.2; +http://www.dslab.ch)/Nutch-1.15"
154.54.249.195 - - [16/Jun/2022:23:14:51 +0200] "GET /SiteAdmin/SiteAdmin?action=edit HTTP/1.1" 200 8698 "-" "Mozilla/5.0 (compatible; Barkrowler/0.9; +https://babbar.tech/crawler)"
154.54.249.195 - - [16/Jun/2022:23:15:06 +0200] "GET /SiteAdmin/SiteAdmin?action=upload HTTP/1.1" 200 8598 "-" "Mozilla/5.0 (compatible; Barkrowler/0.9; +https://babbar.tech/crawler)"
154.54.249.195 - - [16/Jun/2022:23:15:22 +0200] "GET /robots.txt HTTP/1.1" 200 - "-" "Mozilla/5.0 (compatible; Barkrowler/0.9; +https://babbar.tech/crawler)"
154.54.249.195 - - [16/Jun/2022:23:15:37 +0200] "GET /SiteAdmin/NotifyList HTTP/1.1" 200 8580 "-" "Mozilla/5.0 (compatible; Barkrowler/0.9; +https://babbar.tech/crawler)"
154.54.249.195 - - [16/Jun/2022:23:15:52 +0200] "GET /SiteAdmin/Blocklist?action=edit HTTP/1.1" 200 8678 "-" "Mozilla/5.0 (compatible; Barkrowler/0.9; +https://babbar.tech/crawler)"
154.54.249.195 - - [16/Jun/2022:23:16:07 +0200] "GET /SiteAdmin/Blocklist?action=upload HTTP/1.1" 200 8578 "-" "Mozilla/5.0 (compatible; Barkrowler/0.9; +https://babbar.tech/crawler)"
194.209.200.2 - - [16/Jun/2022:23:16:14 +0200] "GET /Texte/Metamorphoses HTTP/1.1" 200 9045 "-" "Mozilla/5.0 (compatible; TMMBot/0.2; +http://www.dslab.ch)/Nutch-1.15"
154.54.249.195 - - [16/Jun/2022:23:16:22 +0200] "GET /SiteAdmin/Blocklist?action=print HTTP/1.1" 200 2745 "-" "Mozilla/5.0 (compatible; Barkrowler/0.9; +https://babbar.tech/crawler)"
89.247.174.144 - - [16/Jun/2022:23:16:36 +0200] "GET /PodCast/IndexPage?action=rss HTTP/1.1" 200 6298 "-" "Podcasts/1650.20 CFNetwork/1333.0.4 Darwin/21.5.0"
154.54.249.195 - - [16/Jun/2022:23:16:37 +0200] "GET /SiteAdmin/Blocklist?action=diff HTTP/1.1" 200 9322 "-" "Mozilla/5.0 (compatible; Barkrowler/0.9; +https://babbar.tech/crawler)"
154.54.249.195 - - [16/Jun/2022:23:16:52 +0200] "GET /SiteAdmin/AuthList?action=edit HTTP/1.1" 200 8666 "-" "Mozilla/5.0 (compatible; Barkrowler/0.9; +https://babbar.tech/crawler)"
154.54.249.195 - - [16/Jun/2022:23:17:07 +0200] "GET /Help/AnleitungTonbeispiele HTTP/1.1" 404 8341 "-" "Mozilla/5.0 (compatible; Barkrowler/0.9; +https://babbar.tech/crawler)"
154.54.249.195 - - [16/Jun/2022:23:17:22 +0200] "GET /PodCast/Etnastara HTTP/1.1" 200 8114 "-" "Mozilla/5.0 (compatible; Barkrowler/0.9; +https://babbar.tech/crawler)"
154.54.249.195 - - [16/Jun/2022:23:17:38 +0200] "GET /PodCast/JBJ201 HTTP/1.1" 200 21992 "-" "Mozilla/5.0 (compatible; Barkrowler/0.9; +https://babbar.tech/crawler)"
154.54.249.195 - - [16/Jun/2022:23:17:53 +0200] "GET /PodCast/JBJ401 HTTP/1.1" 200 20406 "-" "Mozilla/5.0 (compatible; Barkrowler/0.9; +https://babbar.tech/crawler)"
154.54.249.195 - - [16/Jun/2022:23:18:08 +0200] "GET /PodCast/JBJ601 HTTP/1.1" 200 22465 "-" "Mozilla/5.0 (compatible; Barkrowler/0.9; +https://babbar.tech/crawler)"
154.54.249.195 - - [16/Jun/2022:23:18:23 +0200] "GET /PodCast/JBJ602 HTTP/1.1" 200 21033 "-" "Mozilla/5.0 (compatible; Barkrowler/0.9; +https://babbar.tech/crawler)"
194.209.200.2 - - [16/Jun/2022:23:18:36 +0200] "GET /Admin/Pro-ZurituutschStatuten HTTP/1.1" 200 9580 "-" "Mozilla/5.0 (compatible; TMMBot/0.2; +http://www.dslab.ch)/Nutch-1.15"
154.54.249.195 - - [16/Jun/2022:23:18:38 +0200] "GET /PodCast/JBJ502 HTTP/1.1" 200 21457 "-" "Mozilla/5.0 (compatible; Barkrowler/0.9; +https://babbar.tech/crawler)"
194.209.200.2 - - [16/Jun/2022:23:18:42 +0200] "GET / HTTP/1.1" 200 14638 "-" "Mozilla/5.0 (compatible; TMMBot/0.2; +http://www.dslab.ch)/Nutch-1.15"
154.54.249.195 - - [16/Jun/2022:23:18:53 +0200] "GET /PodCast/JBJ702 HTTP/1.1" 200 22843 "-" "Mozilla/5.0 (compatible; Barkrowler/0.9; +https://babbar.tech/crawler)"
185.191.171.13 - - [16/Jun/2022:23:19:06 +0200] "GET /PmWikiFr/ToutesLesModifs HTTP/1.1" 302 203 "-" "Mozilla/5.0 (compatible; SemrushBot/7~bl; +http://www.semrush.com/bot.html)"
185.191.171.19 - - [16/Jun/2022:23:19:07 +0200] "GET /Site/AllRecentChanges?from=PmWikiFr.ToutesLesModifs HTTP/1.1" 200 73550 "-" "Mozilla/5.0 (compatible; SemrushBot/7~bl; +http://www.semrush.com/bot.html)"
154.54.249.195 - - [16/Jun/2022:23:19:08 +0200] "GET /PodCast/JBJ402 HTTP/1.1" 200 20809 "-" "Mozilla/5.0 (compatible; Barkrowler/0.9; +https://babbar.tech/crawler)"
194.209.200.2 - - [16/Jun/2022:23:19:09 +0200] "GET /Admin/ZurStiftung HTTP/1.1" 200 10864 "-" "Mozilla/5.0 (compatible; TMMBot/0.2; +http://www.dslab.ch)/Nutch-1.15"
154.54.249.195 - - [16/Jun/2022:23:19:23 +0200] "GET /PodCast/JBJ501 HTTP/1.1" 200 21897 "-" "Mozilla/5.0 (compatible; Barkrowler/0.9; +https://babbar.tech/crawler)"
154.54.249.195 - - [16/Jun/2022:23:19:39 +0200] "GET /robots.txt HTTP/1.1" 200 - "-" "Mozilla/5.0 (compatible; Barkrowler/0.9; +https://babbar.tech/crawler)"
194.209.200.2 - - [16/Jun/2022:23:19:43 +0200] "GET /Texte/Bitterbeuhsi HTTP/1.1" 200 9255 "-" "Mozilla/5.0 (compatible; TMMBot/0.2; +http://www.dslab.ch)/Nutch-1.15"
154.54.249.195 - - [16/Jun/2022:23:19:54 +0200] "GET /PodCast/JBJ302 HTTP/1.1" 200 15480 "-" "Mozilla/5.0 (compatible; Barkrowler/0.9; +https://babbar.tech/crawler)"
154.54.249.195 - - [16/Jun/2022:23:20:09 +0200] "GET /PodCast/JBJ301 HTTP/1.1" 200 14945 "-" "Mozilla/5.0 (compatible; Barkrowler/0.9; +https://babbar.tech/crawler)"
154.54.249.195 - - [16/Jun/2022:23:20:24 +0200] "GET /PodCast/JBJ701 HTTP/1.1" 200 19698 "-" "Mozilla/5.0 (compatible; Barkrowler/0.9; +https://babbar.tech/crawler)"
154.54.249.195 - - [16/Jun/2022:23:20:39 +0200] "GET /PodCast/JBJ202 HTTP/1.1" 200 20558 "-" "Mozilla/5.0 (compatible; Barkrowler/0.9; +https://babbar.tech/crawler)"
154.54.249.195 - - [16/Jun/2022:23:20:54 +0200] "GET /PodCast/Ynachte2 HTTP/1.1" 200 18582 "-" "Mozilla/5.0 (compatible; Barkrowler/0.9; +https://babbar.tech/crawler)"
154.54.249.195 - - [16/Jun/2022:23:21:09 +0200] "GET /PodCast/Ynachte1 HTTP/1.1" 200 15195 "-" "Mozilla/5.0 (compatible; Barkrowler/0.9; +https://babbar.tech/crawler)"
154.54.249.195 - - [16/Jun/2022:23:21:25 +0200] "GET /PodCast/STounkel HTTP/1.1" 200 9500 "-" "Mozilla/5.0 (compatible; Barkrowler/0.9; +https://babbar.tech/crawler)"
154.54.249.195 - - [16/Jun/2022:23:21:40 +0200] "GET /PodCast/Gvatterle HTTP/1.1" 200 13975 "-" "Mozilla/5.0 (compatible; Barkrowler/0.9; +https://babbar.tech/crawler)"
154.54.249.195 - - [16/Jun/2022:23:21:55 +0200] "GET /PodCast/Chile?action=edit HTTP/1.1" 200 8594 "-" "Mozilla/5.0 (compatible; Barkrowler/0.9; +https://babbar.tech/crawler)"
154.54.249.195 - - [16/Jun/2022:23:22:10 +0200] "GET /PodCast/Chile?action=upload HTTP/1.1" 200 8494 "-" "Mozilla/5.0 (compatible; Barkrowler/0.9; +https://babbar.tech/crawler)"
85.25.177.219 - - [16/Jun/2022:23:22:24 +0200] "GET /Admin/AdresseStiftung?action=upload HTTP/1.1" 403 18 "-" "SEO Scanner/1.2.4 (SEO Crawler; seoscanners.info; info@seoscanners.info)"
154.54.249.195 - - [16/Jun/2022:23:22:25 +0200] "GET /PodCast/Chile?action=print HTTP/1.1" 200 9339 "-" "Mozilla/5.0 (compatible; Barkrowler/0.9; +https://babbar.tech/crawler)"
85.25.177.219 - - [16/Jun/2022:23:22:35 +0200] "GET /Texte/Gloosse?action=edit HTTP/1.1" 403 18 "-" "SEO Scanner/1.2.4 (SEO Crawler; seoscanners.info; info@seoscanners.info)"
154.54.249.195 - - [16/Jun/2022:23:22:40 +0200] "GET /PodCast/Wandermaasse HTTP/1.1" 200 11009 "-" "Mozilla/5.0 (compatible; Barkrowler/0.9; +https://babbar.tech/crawler)"
154.54.249.195 - - [16/Jun/2022:23:22:55 +0200] "GET /PodCast/Bebi?action=print HTTP/1.1" 404 2380 "-" "Mozilla/5.0 (compatible; Barkrowler/0.9; +https://babbar.tech/crawler)"
154.54.249.195 - - [16/Jun/2022:23:23:10 +0200] "GET /PodCast/Bebi?action=edit HTTP/1.1" 200 8580 "-" "Mozilla/5.0 (compatible; Barkrowler/0.9; +https://babbar.tech/crawler)"
154.54.249.195 - - [16/Jun/2022:23:23:25 +0200] "GET /PodCast/Schaidig2 HTTP/1.1" 200 19684 "-" "Mozilla/5.0 (compatible; Barkrowler/0.9; +https://babbar.tech/crawler)"
154.54.249.195 - - [16/Jun/2022:23:23:40 +0200] "GET /PodCast/Schaidig1 HTTP/1.1" 200 19206 "-" "Mozilla/5.0 (compatible; Barkrowler/0.9; +https://babbar.tech/crawler)"
154.54.249.195 - - [16/Jun/2022:23:23:55 +0200] "GET /robots.txt HTTP/1.1" 200 - "-" "Mozilla/5.0 (compatible; Barkrowler/0.9; +https://babbar.tech/crawler)"
154.54.249.195 - - [16/Jun/2022:23:24:11 +0200] "GET /PodCast/Wistaria01 HTTP/1.1" 200 23568 "-" "Mozilla/5.0 (compatible; Barkrowler/0.9; +https://babbar.tech/crawler)"
154.54.249.195 - - [16/Jun/2022:23:24:26 +0200] "GET /PodCast/Wistaria02 HTTP/1.1" 200 16370 "-" "Mozilla/5.0 (compatible; Barkrowler/0.9; +https://babbar.tech/crawler)"
154.54.249.195 - - [16/Jun/2022:23:24:41 +0200] "GET /PodCast/Integral?action=edit HTTP/1.1" 200 8636 "-" "Mozilla/5.0 (compatible; Barkrowler/0.9; +https://babbar.tech/crawler)"
154.54.249.195 - - [16/Jun/2022:23:24:56 +0200] "GET /PodCast/Integral?action=print HTTP/1.1" 200 9781 "-" "Mozilla/5.0 (compatible; Barkrowler/0.9; +https://babbar.tech/crawler)"
154.54.249.195 - - [16/Jun/2022:23:25:11 +0200] "GET /PodCast/Integral?action=upload HTTP/1.1" 200 8536 "-" "Mozilla/5.0 (compatible; Barkrowler/0.9; +https://babbar.tech/crawler)"
154.54.249.195 - - [16/Jun/2022:23:25:26 +0200] "GET /PodCast/Poutschology HTTP/1.1" 200 14651 "-" "Mozilla/5.0 (compatible; Barkrowler/0.9; +https://babbar.tech/crawler)"
154.54.249.195 - - [16/Jun/2022:23:25:41 +0200] "GET /PodCast/Styluebige HTTP/1.1" 200 9354 "-" "Mozilla/5.0 (compatible; Barkrowler/0.9; +https://babbar.tech/crawler)"
154.54.249.195 - - [16/Jun/2022:23:25:56 +0200] "GET /PodCast/SprAntBea HTTP/1.1" 200 11671 "-" "Mozilla/5.0 (compatible; Barkrowler/0.9; +https://babbar.tech/crawler)"
154.54.249.195 - - [16/Jun/2022:23:26:11 +0200] "GET /PodCast/SprForKom HTTP/1.1" 200 8355 "-" "Mozilla/5.0 (compatible; Barkrowler/0.9; +https://babbar.tech/crawler)"
154.54.249.195 - - [16/Jun/2022:23:26:27 +0200] "GET /PodCast/Chlapf HTTP/1.1" 200 10429 "-" "Mozilla/5.0 (compatible; Barkrowler/0.9; +https://babbar.tech/crawler)"
154.54.249.195 - - [16/Jun/2022:23:26:42 +0200] "GET /PodCast/Wiewytna HTTP/1.1" 200 11833 "-" "Mozilla/5.0 (compatible; Barkrowler/0.9; +https://babbar.tech/crawler)"
154.54.249.195 - - [16/Jun/2022:23:26:57 +0200] "GET /PodCast/BanquiQuali HTTP/1.1" 200 11738 "-" "Mozilla/5.0 (compatible; Barkrowler/0.9; +https://babbar.tech/crawler)"
154.54.249.195 - - [16/Jun/2022:23:27:12 +0200] "GET /PodCast/Kossorpsk HTTP/1.1" 200 16055 "-" "Mozilla/5.0 (compatible; Barkrowler/0.9; +https://babbar.tech/crawler)"
154.54.249.195 - - [16/Jun/2022:23:27:27 +0200] "GET /PodCast/Amor?action=print HTTP/1.1" 200 4062 "-" "Mozilla/5.0 (compatible; Barkrowler/0.9; +https://babbar.tech/crawler)"
154.54.249.195 - - [16/Jun/2022:23:27:42 +0200] "GET /PodCast/Amor?action=edit HTTP/1.1" 200 8580 "-" "Mozilla/5.0 (compatible; Barkrowler/0.9; +https://babbar.tech/crawler)"
85.25.177.219 - - [16/Jun/2022:23:27:47 +0200] "GET /Texte/Gloosse?action=diff HTTP/1.1" 403 18 "-" "SEO Scanner/1.2.4 (SEO Crawler; seoscanners.info; info@seoscanners.info)"
154.54.249.195 - - [16/Jun/2022:23:27:57 +0200] "GET /PodCast/Mordspilot HTTP/1.1" 200 12897 "-" "Mozilla/5.0 (compatible; Barkrowler/0.9; +https://babbar.tech/crawler)"
154.54.249.195 - - [16/Jun/2022:23:28:12 +0200] "GET /robots.txt HTTP/1.1" 200 - "-" "Mozilla/5.0 (compatible; Barkrowler/0.9; +https://babbar.tech/crawler)"
154.54.249.195 - - [16/Jun/2022:23:28:27 +0200] "GET /PodCast/181Room1500 HTTP/1.1" 404 8246 "-" "Mozilla/5.0 (compatible; Barkrowler/0.9; +https://babbar.tech/crawler)"
154.54.249.195 - - [16/Jun/2022:23:28:42 +0200] "GET /PodCast/Inselschwyz HTTP/1.1" 200 13310 "-" "Mozilla/5.0 (compatible; Barkrowler/0.9; +https://babbar.tech/crawler)"
154.54.249.195 - - [16/Jun/2022:23:28:57 +0200] "GET /PodCast/Fallgroueb HTTP/1.1" 200 12827 "-" "Mozilla/5.0 (compatible; Barkrowler/0.9; +https://babbar.tech/crawler)"
154.54.249.195 - - [16/Jun/2022:23:29:13 +0200] "GET /PodCast/IndexPage?action=print HTTP/1.1" 200 34214 "-" "Mozilla/5.0 (compatible; Barkrowler/0.9; +https://babbar.tech/crawler)"
154.54.249.195 - - [16/Jun/2022:23:29:28 +0200] "GET /PodCast/IndexPage?action=rss HTTP/1.1" 200 6298 "-" "Mozilla/5.0 (compatible; Barkrowler/0.9; +https://babbar.tech/crawler)"
154.54.249.195 - - [16/Jun/2022:23:29:44 +0200] "GET /PodCast/IndexPage?action=edit HTTP/1.1" 200 8652 "-" "Mozilla/5.0 (compatible; Barkrowler/0.9; +https://babbar.tech/crawler)"
154.54.249.195 - - [16/Jun/2022:23:29:59 +0200] "GET /PodCast/Griechestroom HTTP/1.1" 200 12408 "-" "Mozilla/5.0 (compatible; Barkrowler/0.9; +https://babbar.tech/crawler)"
154.54.249.195 - - [16/Jun/2022:23:30:14 +0200] "GET /PodCast/Glychniss HTTP/1.1" 200 8251 "-" "Mozilla/5.0 (compatible; Barkrowler/0.9; +https://babbar.tech/crawler)"
154.54.249.195 - - [16/Jun/2022:23:30:29 +0200] "GET /PodCast/Apschlouss HTTP/1.1" 200 9058 "-" "Mozilla/5.0 (compatible; Barkrowler/0.9; +https://babbar.tech/crawler)"
154.54.249.195 - - [16/Jun/2022:23:30:44 +0200] "GET /PodCast/Apvantyv HTTP/1.1" 200 11346 "-" "Mozilla/5.0 (compatible; Barkrowler/0.9; +https://babbar.tech/crawler)"
154.54.249.195 - - [16/Jun/2022:23:30:59 +0200] "GET /PodCast/Limerick1 HTTP/1.1" 200 8694 "-" "Mozilla/5.0 (compatible; Barkrowler/0.9; +https://babbar.tech/crawler)"
154.54.249.195 - - [16/Jun/2022:23:31:14 +0200] "GET /PodCast/Limerick2 HTTP/1.1" 200 8724 "-" "Mozilla/5.0 (compatible; Barkrowler/0.9; +https://babbar.tech/crawler)"
154.54.249.195 - - [16/Jun/2022:23:31:29 +0200] "GET /PodCast/Fuhrereid HTTP/1.1" 404 8214 "-" "Mozilla/5.0 (compatible; Barkrowler/0.9; +https://babbar.tech/crawler)"
154.54.249.195 - - [16/Jun/2022:23:31:45 +0200] "GET /PodCast/Reschpakt HTTP/1.1" 200 13691 "-" "Mozilla/5.0 (compatible; Barkrowler/0.9; +https://babbar.tech/crawler)"
154.54.249.195 - - [16/Jun/2022:23:32:00 +0200] "GET /PodCast/Rutlirapport HTTP/1.1" 200 8153 "-" "Mozilla/5.0 (compatible; Barkrowler/0.9; +https://babbar.tech/crawler)"
85.25.177.219 - - [16/Jun/2022:23:32:13 +0200] "GET /Admin/AdresseStiftung?action=print HTTP/1.1" 403 18 "-" "SEO Scanner/1.2.4 (SEO Crawler; seoscanners.info; info@seoscanners.info)"
154.54.249.195 - - [16/Jun/2022:23:32:15 +0200] "GET /Pod/RSSPodcasts?action=upload HTTP/1.1" 200 8523 "-" "Mozilla/5.0 (compatible; Barkrowler/0.9; +https://babbar.tech/crawler)"
157.55.39.64 - - [16/Jun/2022:23:32:19 +0200] "GET /Site/Search?pagename=Site%2FSearch&q=2023 HTTP/1.1" 200 10829 "-" "Mozilla/5.0 (compatible; bingbot/2.0; +http://www.bing.com/bingbot.htm)"
154.54.249.195 - - [16/Jun/2022:23:32:30 +0200] "GET /robots.txt HTTP/1.1" 200 - "-" "Mozilla/5.0 (compatible; Barkrowler/0.9; +https://babbar.tech/crawler)"
85.25.177.219 - - [16/Jun/2022:23:32:33 +0200] "GET /Hilfe/AnleitungTonbeispiele?action=diff HTTP/1.1" 403 18 "-" "SEO Scanner/1.2.4 (SEO Crawler; seoscanners.info; info@seoscanners.info)"
154.54.249.195 - - [16/Jun/2022:23:32:45 +0200] "GET /Pod/RSSPodcasts?action=edit HTTP/1.1" 200 8623 "-" "Mozilla/5.0 (compatible; Barkrowler/0.9; +https://babbar.tech/crawler)"
154.54.249.195 - - [16/Jun/2022:23:33:00 +0200] "GET /Profiles/StephanSchwarzbold HTTP/1.1" 404 8355 "-" "Mozilla/5.0 (compatible; Barkrowler/0.9; +https://babbar.tech/crawler)"
154.54.249.195 - - [16/Jun/2022:23:33:15 +0200] "GET /Profiles/Holo?action=diff HTTP/1.1" 200 9152 "-" "Mozilla/5.0 (compatible; Barkrowler/0.9; +https://babbar.tech/crawler)"
154.54.249.195 - - [16/Jun/2022:23:33:30 +0200] "GET /Profiles/Schlaefer?action=edit HTTP/1.1" 200 8663 "-" "Mozilla/5.0 (compatible; Barkrowler/0.9; +https://babbar.tech/crawler)"
154.54.249.195 - - [16/Jun/2022:23:33:45 +0200] "GET /Profiles/Weijiang?action=diff HTTP/1.1" 200 9216 "-" "Mozilla/5.0 (compatible; Barkrowler/0.9; +https://babbar.tech/crawler)"
154.54.249.195 - - [16/Jun/2022:23:34:00 +0200] "GET /Profiles/Weijiang?action=upload HTTP/1.1" 200 8549 "-" "Mozilla/5.0 (compatible; Barkrowler/0.9; +https://babbar.tech/crawler)"
154.54.249.195 - - [16/Jun/2022:23:34:15 +0200] "GET /Profiles/Weijiang?action=print HTTP/1.1" 404 2401 "-" "Mozilla/5.0 (compatible; Barkrowler/0.9; +https://babbar.tech/crawler)"
154.54.249.195 - - [16/Jun/2022:23:34:31 +0200] "GET /Profiles/AlgisKabaila HTTP/1.1" 404 8271 "-" "Mozilla/5.0 (compatible; Barkrowler/0.9; +https://babbar.tech/crawler)"
154.54.249.195 - - [16/Jun/2022:23:34:46 +0200] "GET /Profiles/PRZ?action=diff HTTP/1.1" 200 9136 "-" "Mozilla/5.0 (compatible; Barkrowler/0.9; +https://babbar.tech/crawler)"
154.54.249.195 - - [16/Jun/2022:23:35:01 +0200] "GET /Profiles/Juf?action=diff HTTP/1.1" 200 9136 "-" "Mozilla/5.0 (compatible; Barkrowler/0.9; +https://babbar.tech/crawler)"
154.54.249.195 - - [16/Jun/2022:23:35:16 +0200] "GET /Profiles/Juf?action=upload HTTP/1.1" 200 8479 "-" "Mozilla/5.0 (compatible; Barkrowler/0.9; +https://babbar.tech/crawler)"
154.54.249.195 - - [16/Jun/2022:23:35:31 +0200] "GET /Profiles/Juf?action=print HTTP/1.1" 404 2381 "-" "Mozilla/5.0 (compatible; Barkrowler/0.9; +https://babbar.tech/crawler)"
154.54.249.195 - - [16/Jun/2022:23:35:46 +0200] "GET /Profiles/Pm?action=diff HTTP/1.1" 200 9120 "-" "Mozilla/5.0 (compatible; Barkrowler/0.9; +https://babbar.tech/crawler)"
154.54.249.195 - - [16/Jun/2022:23:36:02 +0200] "GET /Profiles/Fwyss?action=upload HTTP/1.1" 200 8507 "-" "Mozilla/5.0 (compatible; Barkrowler/0.9; +https://babbar.tech/crawler)"
154.54.249.195 - - [16/Jun/2022:23:36:17 +0200] "GET /Profiles/Fwyss?action=edit HTTP/1.1" 200 8607 "-" "Mozilla/5.0 (compatible; Barkrowler/0.9; +https://babbar.tech/crawler)"
154.54.249.195 - - [16/Jun/2022:23:36:32 +0200] "GET /Profiles/Pierre79?action=diff HTTP/1.1" 200 9218 "-" "Mozilla/5.0 (compatible; Barkrowler/0.9; +https://babbar.tech/crawler)"
154.54.249.195 - - [16/Jun/2022:23:36:47 +0200] "GET /robots.txt HTTP/1.1" 200 - "-" "Mozilla/5.0 (compatible; Barkrowler/0.9; +https://babbar.tech/crawler)"
154.54.249.195 - - [16/Jun/2022:23:37:02 +0200] "GET /Profiles/Jean-Dom?action=diff HTTP/1.1" 200 9216 "-" "Mozilla/5.0 (compatible; Barkrowler/0.9; +https://babbar.tech/crawler)"
85.25.177.219 - - [16/Jun/2022:23:37:10 +0200] "GET /Texte/Bitterbeuhsi?action=upload HTTP/1.1" 403 18 "-" "SEO Scanner/1.2.4 (SEO Crawler; seoscanners.info; info@seoscanners.info)"
154.54.249.195 - - [16/Jun/2022:23:37:17 +0200] "GET /Profiles/Jean-Dom?action=print HTTP/1.1" 404 2401 "-" "Mozilla/5.0 (compatible; Barkrowler/0.9; +https://babbar.tech/crawler)"
154.54.249.195 - - [16/Jun/2022:23:37:32 +0200] "GET /Profiles/Jean-Dom?action=edit HTTP/1.1" 200 8649 "-" "Mozilla/5.0 (compatible; Barkrowler/0.9; +https://babbar.tech/crawler)"
154.54.249.195 - - [16/Jun/2022:23:37:47 +0200] "GET /Profiles/Jean-Dom?action=upload HTTP/1.1" 200 8549 "-" "Mozilla/5.0 (compatible; Barkrowler/0.9; +https://babbar.tech/crawler)"
154.54.249.195 - - [16/Jun/2022:23:38:02 +0200] "GET /Profiles/AlfredDupond HTTP/1.1" 404 8271 "-" "Mozilla/5.0 (compatible; Barkrowler/0.9; +https://babbar.tech/crawler)"
154.54.249.195 - - [16/Jun/2022:23:38:17 +0200] "GET /Cookbook/SourceBlock?action=edit HTTP/1.1" 200 8693 "-" "Mozilla/5.0 (compatible; Barkrowler/0.9; +https://babbar.tech/crawler)"
154.54.249.195 - - [16/Jun/2022:23:38:32 +0200] "GET /Cookbook/ToDo?action=print HTTP/1.1" 404 2385 "-" "Mozilla/5.0 (compatible; Barkrowler/0.9; +https://babbar.tech/crawler)"
154.54.249.195 - - [16/Jun/2022:23:38:48 +0200] "GET /Cookbook/ToDo?action=upload HTTP/1.1" 200 8495 "-" "Mozilla/5.0 (compatible; Barkrowler/0.9; +https://babbar.tech/crawler)"
154.54.249.195 - - [16/Jun/2022:23:39:03 +0200] "GET /Cookbook/ToDo?action=edit HTTP/1.1" 200 8595 "-" "Mozilla/5.0 (compatible; Barkrowler/0.9; +https://babbar.tech/crawler)"
154.54.249.195 - - [16/Jun/2022:23:39:18 +0200] "GET /Cookbook/UserAuth?action=print HTTP/1.1" 404 2401 "-" "Mozilla/5.0 (compatible; Barkrowler/0.9; +https://babbar.tech/crawler)"
154.54.249.195 - - [16/Jun/2022:23:39:33 +0200] "GET /Cookbook/UserAuth?action=edit HTTP/1.1" 200 8651 "-" "Mozilla/5.0 (compatible; Barkrowler/0.9; +https://babbar.tech/crawler)"
154.54.249.195 - - [16/Jun/2022:23:39:48 +0200] "GET /Cookbook/SubpageMarkup HTTP/1.1" 404 8285 "-" "Mozilla/5.0 (compatible; Barkrowler/0.9; +https://babbar.tech/crawler)"
154.54.249.195 - - [16/Jun/2022:23:40:04 +0200] "GET /Cookbook/SimpleSkin?action=edit HTTP/1.1" 200 8679 "-" "Mozilla/5.0 (compatible; Barkrowler/0.9; +https://babbar.tech/crawler)"
154.54.249.195 - - [16/Jun/2022:23:40:19 +0200] "GET /Cookbook/Cookbook?action=edit HTTP/1.1" 200 8649 "-" "Mozilla/5.0 (compatible; Barkrowler/0.9; +https://babbar.tech/crawler)"
154.54.249.195 - - [16/Jun/2022:23:40:34 +0200] "GET /Cookbook/Cookbook?action=upload HTTP/1.1" 200 8549 "-" "Mozilla/5.0 (compatible; Barkrowler/0.9; +https://babbar.tech/crawler)"
154.54.249.195 - - [16/Jun/2022:23:40:49 +0200] "GET /Cookbook/Cookbook?action=diff HTTP/1.1" 200 9216 "-" "Mozilla/5.0 (compatible; Barkrowler/0.9; +https://babbar.tech/crawler)"
185.191.171.36 - - [16/Jun/2022:23:40:59 +0200] "GET /PmWikiDe/PageHistory HTTP/1.1" 200 8791 "-" "Mozilla/5.0 (compatible; SemrushBot/7~bl; +http://www.semrush.com/bot.html)"
154.54.249.195 - - [16/Jun/2022:23:41:04 +0200] "GET /robots.txt HTTP/1.1" 200 - "-" "Mozilla/5.0 (compatible; Barkrowler/0.9; +https://babbar.tech/crawler)"
154.54.249.195 - - [16/Jun/2022:23:41:19 +0200] "GET /Localization/Localization?action=edit HTTP/1.1" 200 8761 "-" "Mozilla/5.0 (compatible; Barkrowler/0.9; +https://babbar.tech/crawler)"
154.54.249.195 - - [16/Jun/2022:23:41:34 +0200] "GET /Localization/Localization?action=upload HTTP/1.1" 200 8661 "-" "Mozilla/5.0 (compatible; Barkrowler/0.9; +https://babbar.tech/crawler)"
154.54.249.195 - - [16/Jun/2022:23:41:49 +0200] "GET /Localization/Localization?action=diff HTTP/1.1" 200 9344 "-" "Mozilla/5.0 (compatible; Barkrowler/0.9; +https://babbar.tech/crawler)"
154.54.249.195 - - [16/Jun/2022:23:42:07 +0200] "GET /Admin/Rezension?action=diff HTTP/1.1" 200 9184 "-" "Mozilla/5.0 (compatible; Barkrowler/0.9; +https://babbar.tech/crawler)"
154.54.249.195 - - [16/Jun/2022:23:42:22 +0200] "GET /Admin/Rezension?action=edit HTTP/1.1" 200 8621 "-" "Mozilla/5.0 (compatible; Barkrowler/0.9; +https://babbar.tech/crawler)"
