194.209.200.2 - - [28/Aug/2022:00:00:04 +0200] "GET /Texte/Styluebige HTTP/1.1" 200 9998 "-" "Mozilla/5.0 (compatible; TMMBot/0.2; +http://www.dslab.ch)/Nutch-1.15"
194.209.200.2 - - [28/Aug/2022:00:00:16 +0200] "GET /Texte/Metamorphoses HTTP/1.1" 200 9045 "-" "Mozilla/5.0 (compatible; TMMBot/0.2; +http://www.dslab.ch)/Nutch-1.15"
85.25.177.139 - - [28/Aug/2022:00:01:51 +0200] "GET /Texte/Bitterbeuhsi?action=edit&restore=diff:1591952722:1179764670:&preview=y HTTP/1.1" 200 8709 "-" "Mozilla/5.0 (Macintosh; Intel Mac OS X 10.15; rv:103.0) Gecko/20100101 Firefox/103.0"
194.209.200.2 - - [28/Aug/2022:00:02:14 +0200] "GET /Admin/Pro-ZurituutschStatuten HTTP/1.1" 200 9580 "-" "Mozilla/5.0 (compatible; TMMBot/0.2; +http://www.dslab.ch)/Nutch-1.15"
216.244.66.243 - - [28/Aug/2022:00:02:14 +0200] "GET /robots.txt HTTP/1.1" 200 - "-" "Mozilla/5.0 (compatible; DotBot/1.2; +https://opensiteexplorer.org/dotbot; help@moz.com)"
85.25.177.139 - - [28/Aug/2022:00:02:49 +0200] "GET /Hilfe/Quicktime?action=print HTTP/1.1" 200 3312 "-" "Mozilla/5.0 (Macintosh; Intel Mac OS X 10.15; rv:103.0) Gecko/20100101 Firefox/103.0"
194.209.200.2 - - [28/Aug/2022:00:03:38 +0200] "GET /Hilfe/AnleitungTonbeispiele HTTP/1.1" 200 9878 "-" "Mozilla/5.0 (compatible; TMMBot/0.2; +http://www.dslab.ch)/Nutch-1.15"
85.25.177.139 - - [28/Aug/2022:00:05:33 +0200] "GET /Texte/Bitterbeuhsi?action=edit&restore=diff:1177686513:1163119722:&preview=y HTTP/1.1" 200 8709 "-" "Mozilla/5.0 (Macintosh; Intel Mac OS X 10.15; rv:103.0) Gecko/20100101 Firefox/103.0"
85.25.177.139 - - [28/Aug/2022:00:08:13 +0200] "GET /Texte/Bitterbeuhsi?action=edit&restore=diff:1177686638:1177686513:&preview=y HTTP/1.1" 200 8709 "-" "Mozilla/5.0 (Macintosh; Intel Mac OS X 10.15; rv:103.0) Gecko/20100101 Firefox/103.0"
66.249.64.188 - - [28/Aug/2022:00:08:41 +0200] "GET /PodCast/IndexPage?action=rss HTTP/1.1" 200 6298 "-" "Mozilla/5.0 (compatible; Googlebot/2.1; +http://www.google.com/bot.html)"
157.55.39.133 - - [28/Aug/2022:00:11:48 +0200] "GET /Texte/Gloosse HTTP/1.1" 200 8061 "-" "Mozilla/5.0 (compatible; bingbot/2.0; +http://www.bing.com/bingbot.htm)"
157.55.39.44 - - [28/Aug/2022:00:12:04 +0200] "GET /pub/skins/pro-zurituutsch/gila.css HTTP/1.1" 200 10186 "-" "Mozilla/5.0 (compatible; bingbot/2.0; +http://www.bing.com/bingbot.htm)"
185.191.171.6 - - [28/Aug/2022:00:13:24 +0200] "GET /robots.txt HTTP/1.1" 200 - "-" "Mozilla/5.0 (compatible; SemrushBot/7~bl; +http://www.semrush.com/bot.html)"
185.191.171.4 - - [28/Aug/2022:00:13:25 +0200] "GET /PmWikiRu/MarkupMasterIndex?action=edit HTTP/1.1" 403 18 "-" "Mozilla/5.0 (compatible; SemrushBot/7~bl; +http://www.semrush.com/bot.html)"
216.244.66.243 - - [28/Aug/2022:00:15:28 +0200] "GET /PmWikiRu/InitialSetupTasks HTTP/1.1" 200 21048 "-" "Mozilla/5.0 (compatible; DotBot/1.2; +https://opensiteexplorer.org/dotbot; help@moz.com)"
85.25.177.139 - - [28/Aug/2022:00:22:38 +0200] "GET /robots.txt HTTP/1.1" 200 - "-" "Mozilla/5.0 (Macintosh; Intel Mac OS X 10.15; rv:103.0) Gecko/20100101 Firefox/103.0"
85.25.177.139 - - [28/Aug/2022:00:22:41 +0200] "GET /Texte/Bitterbeuhsi?action=edit&restore=diff:1163038336:1163038336:&preview=y HTTP/1.1" 200 8709 "-" "Mozilla/5.0 (Macintosh; Intel Mac OS X 10.15; rv:103.0) Gecko/20100101 Firefox/103.0"
85.25.177.139 - - [28/Aug/2022:00:25:00 +0200] "GET /Texte/Bitterbeuhsi?action=edit&restore=diff:1178724587:1177686638:&preview=y HTTP/1.1" 200 8709 "-" "Mozilla/5.0 (Macintosh; Intel Mac OS X 10.15; rv:103.0) Gecko/20100101 Firefox/103.0"
185.191.171.26 - - [28/Aug/2022:00:25:48 +0200] "GET /PmWikiFr/AcceptPathInfo?action=diff HTTP/1.1" 403 18 "-" "Mozilla/5.0 (compatible; SemrushBot/7~bl; +http://www.semrush.com/bot.html)"
85.25.177.139 - - [28/Aug/2022:00:26:57 +0200] "GET /Admin HTTP/1.1" 404 8123 "-" "Mozilla/5.0 (Macintosh; Intel Mac OS X 10.15; rv:103.0) Gecko/20100101 Firefox/103.0"
85.25.177.139 - - [28/Aug/2022:00:28:29 +0200] "GET /Admin/ZurStiftung?action=edit&restore=diff:1163056565:1163053466:&preview=y HTTP/1.1" 200 8697 "-" "Mozilla/5.0 (Macintosh; Intel Mac OS X 10.15; rv:103.0) Gecko/20100101 Firefox/103.0"
185.191.171.38 - - [28/Aug/2022:00:31:37 +0200] "GET /PmWikiFr/BacASable?action=print HTTP/1.1" 403 18 "-" "Mozilla/5.0 (compatible; SemrushBot/7~bl; +http://www.semrush.com/bot.html)"
85.25.177.139 - - [28/Aug/2022:00:31:41 +0200] "GET /robots.txt HTTP/1.1" 200 - "-" "Mozilla/5.0 (Macintosh; Intel Mac OS X 10.15; rv:103.0) Gecko/20100101 Firefox/103.0"
85.25.177.139 - - [28/Aug/2022:00:31:41 +0200] "GET /Hilfe/Winamp?action=diff&source=y&minor=n HTTP/1.1" 200 12190 "-" "Mozilla/5.0 (Macintosh; Intel Mac OS X 10.15; rv:103.0) Gecko/20100101 Firefox/103.0"
194.209.200.2 - - [28/Aug/2022:00:31:51 +0200] "GET /robots.txt HTTP/1.1" 200 - "-" "Mozilla/5.0 (compatible; TMMBot/0.2; +http://www.dslab.ch)/Nutch-1.15"
194.209.200.2 - - [28/Aug/2022:00:31:51 +0200] "GET /Texte/Schrybwys HTTP/1.1" 200 11028 "-" "Mozilla/5.0 (compatible; TMMBot/0.2; +http://www.dslab.ch)/Nutch-1.15"
194.209.200.2 - - [28/Aug/2022:00:33:34 +0200] "GET /Texte/Styluebige HTTP/1.1" 200 9998 "-" "Mozilla/5.0 (compatible; TMMBot/0.2; +http://www.dslab.ch)/Nutch-1.15"
194.209.200.2 - - [28/Aug/2022:00:33:48 +0200] "GET /Texte/Metamorphoses HTTP/1.1" 200 9045 "-" "Mozilla/5.0 (compatible; TMMBot/0.2; +http://www.dslab.ch)/Nutch-1.15"
77.75.78.168 - - [28/Aug/2022:00:35:05 +0200] "GET /robots.txt HTTP/1.1" 200 - "-" "Mozilla/5.0 (compatible; SeznamBot/3.2; +http://napoveda.seznam.cz/en/seznambot-intro/)"
77.75.78.168 - - [28/Aug/2022:00:35:05 +0200] "GET /Gast/Podcast HTTP/1.1" 200 8106 "-" "Mozilla/5.0 (compatible; SeznamBot/3.2; +http://napoveda.seznam.cz/en/seznambot-intro/)"
85.25.177.139 - - [28/Aug/2022:00:35:22 +0200] "GET /robots.txt HTTP/1.1" 200 - "-" "Mozilla/5.0 (Macintosh; Intel Mac OS X 10.15; rv:103.0) Gecko/20100101 Firefox/103.0"
85.25.177.139 - - [28/Aug/2022:00:35:22 +0200] "GET /Hilfe/Winamp?action=edit&restore=diff:1163037475:1163037460:&preview=y HTTP/1.1" 200 8625 "-" "Mozilla/5.0 (Macintosh; Intel Mac OS X 10.15; rv:103.0) Gecko/20100101 Firefox/103.0"
194.209.200.2 - - [28/Aug/2022:00:37:23 +0200] "GET /Hilfe/AnleitungTonbeispiele HTTP/1.1" 200 9878 "-" "Mozilla/5.0 (compatible; TMMBot/0.2; +http://www.dslab.ch)/Nutch-1.15"
85.25.177.139 - - [28/Aug/2022:00:37:26 +0200] "GET /Admin/ZurStiftung?action=diff&source=n&minor=y HTTP/1.1" 200 35480 "-" "Mozilla/5.0 (Macintosh; Intel Mac OS X 10.15; rv:103.0) Gecko/20100101 Firefox/103.0"
85.25.177.139 - - [28/Aug/2022:00:40:48 +0200] "GET /robots.txt HTTP/1.1" 200 - "-" "Mozilla/5.0 (Macintosh; Intel Mac OS X 10.15; rv:103.0) Gecko/20100101 Firefox/103.0"
85.25.177.139 - - [28/Aug/2022:00:40:48 +0200] "GET /Hilfe/Winamp?action=edit&restore=diff:1163037460:1163037460:&preview=y HTTP/1.1" 200 8625 "-" "Mozilla/5.0 (Macintosh; Intel Mac OS X 10.15; rv:103.0) Gecko/20100101 Firefox/103.0"
85.25.177.139 - - [28/Aug/2022:00:41:43 +0200] "GET /Admin/ZurStiftung?action=diff&source=y&minor=n HTTP/1.1" 200 35295 "-" "Mozilla/5.0 (Macintosh; Intel Mac OS X 10.15; rv:103.0) Gecko/20100101 Firefox/103.0"
85.25.177.139 - - [28/Aug/2022:00:44:22 +0200] "GET /Admin/ZurStiftung?action=edit&restore=diff:1163035946:1163035946:&preview=y HTTP/1.1" 200 8697 "-" "Mozilla/5.0 (Macintosh; Intel Mac OS X 10.15; rv:103.0) Gecko/20100101 Firefox/103.0"
85.25.177.139 - - [28/Aug/2022:00:46:11 +0200] "GET /Hilfe/AnleitungTonbeispiele?action=edit HTTP/1.1" 200 8791 "-" "Mozilla/5.0 (Macintosh; Intel Mac OS X 10.15; rv:103.0) Gecko/20100101 Firefox/103.0"
85.25.177.139 - - [28/Aug/2022:00:46:58 +0200] "GET /Admin/ZurStiftung?action=edit&restore=diff:1163035960:1163035946:&preview=y HTTP/1.1" 200 8697 "-" "Mozilla/5.0 (Macintosh; Intel Mac OS X 10.15; rv:103.0) Gecko/20100101 Firefox/103.0"
216.244.66.243 - - [28/Aug/2022:00:48:52 +0200] "GET /robots.txt HTTP/1.1" 200 - "-" "Mozilla/5.0 (compatible; DotBot/1.2; +https://opensiteexplorer.org/dotbot; help@moz.com)"
185.191.171.38 - - [28/Aug/2022:00:49:56 +0200] "GET /PmWikiDa/PmWikiDa?action=edit HTTP/1.1" 403 18 "-" "Mozilla/5.0 (compatible; SemrushBot/7~bl; +http://www.semrush.com/bot.html)"
85.25.177.139 - - [28/Aug/2022:00:50:55 +0200] "GET /robots.txt HTTP/1.1" 200 - "-" "Mozilla/5.0 (Macintosh; Intel Mac OS X 10.15; rv:103.0) Gecko/20100101 Firefox/103.0"
85.25.177.139 - - [28/Aug/2022:00:50:55 +0200] "GET /Hilfe/AnleitungTonbeispiele?action=upload HTTP/1.1" 200 8691 "-" "Mozilla/5.0 (Macintosh; Intel Mac OS X 10.15; rv:103.0) Gecko/20100101 Firefox/103.0"
85.25.177.139 - - [28/Aug/2022:00:51:18 +0200] "GET /Admin/ZurStiftung?action=edit&restore=diff:1163053466:1163053382:&preview=y HTTP/1.1" 200 8697 "-" "Mozilla/5.0 (Macintosh; Intel Mac OS X 10.15; rv:103.0) Gecko/20100101 Firefox/103.0"
85.25.177.139 - - [28/Aug/2022:00:52:54 +0200] "GET /Hilfe/AnleitungTonbeispiele?action=diff&source=y&minor=y HTTP/1.1" 200 13229 "-" "Mozilla/5.0 (Macintosh; Intel Mac OS X 10.15; rv:103.0) Gecko/20100101 Firefox/103.0"
85.25.177.139 - - [28/Aug/2022:00:53:29 +0200] "GET /Admin/ZurStiftung?action=edit&restore=diff:1163053382:1163035960:&preview=y HTTP/1.1" 200 8697 "-" "Mozilla/5.0 (Macintosh; Intel Mac OS X 10.15; rv:103.0) Gecko/20100101 Firefox/103.0"
85.25.177.139 - - [28/Aug/2022:00:56:58 +0200] "GET /robots.txt HTTP/1.1" 200 - "-" "Mozilla/5.0 (Macintosh; Intel Mac OS X 10.15; rv:103.0) Gecko/20100101 Firefox/103.0"
85.25.177.139 - - [28/Aug/2022:00:56:58 +0200] "GET /Hilfe/AnleitungTonbeispiele?action=print HTTP/1.1" 200 4056 "-" "Mozilla/5.0 (Macintosh; Intel Mac OS X 10.15; rv:103.0) Gecko/20100101 Firefox/103.0"
85.25.177.139 - - [28/Aug/2022:00:58:52 +0200] "GET /Admin/AdresseStiftung?action=edit&restore=diff:1164358462:1163035896:&preview=y HTTP/1.1" 200 8753 "-" "Mozilla/5.0 (Macintosh; Intel Mac OS X 10.15; rv:103.0) Gecko/20100101 Firefox/103.0"
194.209.200.2 - - [28/Aug/2022:01:00:54 +0200] "GET /robots.txt HTTP/1.1" 200 - "-" "Mozilla/5.0 (compatible; TMMBot/0.2; +http://www.dslab.ch)/Nutch-1.15"
194.209.200.2 - - [28/Aug/2022:01:00:54 +0200] "GET /Texte/Rezension HTTP/1.1" 200 11812 "-" "Mozilla/5.0 (compatible; TMMBot/0.2; +http://www.dslab.ch)/Nutch-1.15"
85.25.177.139 - - [28/Aug/2022:01:01:08 +0200] "GET /Admin/Pro-ZurituutschStatuten?action=edit&restore=diff:1447605697:1447605653:&preview=y HTTP/1.1" 200 8865 "-" "Mozilla/5.0 (Macintosh; Intel Mac OS X 10.15; rv:103.0) Gecko/20100101 Firefox/103.0"
216.244.66.243 - - [28/Aug/2022:01:01:28 +0200] "GET /PmWikiFr/ChangerLesURLPmWiki HTTP/1.1" 200 16424 "-" "Mozilla/5.0 (compatible; DotBot/1.2; +https://opensiteexplorer.org/dotbot; help@moz.com)"
66.249.76.225 - - [28/Aug/2022:01:02:17 +0200] "GET /PodCast/IndexPage?action=rss HTTP/1.1" 200 6298 "-" "Mozilla/5.0 (compatible; Googlebot/2.1; +http://www.google.com/bot.html)"
216.244.66.243 - - [28/Aug/2022:01:02:57 +0200] "GET /PodCast/Chlapf HTTP/1.1" 200 10429 "-" "Mozilla/5.0 (compatible; DotBot/1.2; +https://opensiteexplorer.org/dotbot; help@moz.com)"
216.244.66.243 - - [28/Aug/2022:01:03:01 +0200] "GET /PodCast/Geutterstourz HTTP/1.1" 200 18353 "-" "Mozilla/5.0 (compatible; DotBot/1.2; +https://opensiteexplorer.org/dotbot; help@moz.com)"
194.209.200.2 - - [28/Aug/2022:01:03:14 +0200] "GET /Texte/Schrybwys HTTP/1.1" 200 11028 "-" "Mozilla/5.0 (compatible; TMMBot/0.2; +http://www.dslab.ch)/Nutch-1.15"
185.191.171.35 - - [28/Aug/2022:01:03:23 +0200] "GET /PmWikiJa/ImagesAutoResizing?action=edit HTTP/1.1" 404 18 "-" "Mozilla/5.0 (compatible; SemrushBot/7~bl; +http://www.semrush.com/bot.html)"
85.25.177.139 - - [28/Aug/2022:01:03:41 +0200] "GET /Admin/Pro-ZurituutschStatuten?action=edit&restore=diff:1163035856:1163035856:&preview=y HTTP/1.1" 200 8865 "-" "Mozilla/5.0 (Macintosh; Intel Mac OS X 10.15; rv:103.0) Gecko/20100101 Firefox/103.0"
194.209.200.2 - - [28/Aug/2022:01:04:40 +0200] "GET /Texte/Styluebige HTTP/1.1" 200 9998 "-" "Mozilla/5.0 (compatible; TMMBot/0.2; +http://www.dslab.ch)/Nutch-1.15"
194.209.200.2 - - [28/Aug/2022:01:04:51 +0200] "GET /Texte/Metamorphoses HTTP/1.1" 200 9045 "-" "Mozilla/5.0 (compatible; TMMBot/0.2; +http://www.dslab.ch)/Nutch-1.15"
185.191.171.18 - - [28/Aug/2022:01:05:27 +0200] "GET /PmWikiFr/Requirements?action=edit HTTP/1.1" 403 18 "-" "Mozilla/5.0 (compatible; SemrushBot/7~bl; +http://www.semrush.com/bot.html)"
85.25.177.139 - - [28/Aug/2022:01:07:12 +0200] "GET /robots.txt HTTP/1.1" 200 - "-" "Mozilla/5.0 (Macintosh; Intel Mac OS X 10.15; rv:103.0) Gecko/20100101 Firefox/103.0"
85.25.177.139 - - [28/Aug/2022:01:07:12 +0200] "GET /Admin/Pro-ZurituutschStatuten?action=diff&source=n&minor=y HTTP/1.1" 200 14728 "-" "Mozilla/5.0 (Macintosh; Intel Mac OS X 10.15; rv:103.0) Gecko/20100101 Firefox/103.0"
216.244.66.243 - - [28/Aug/2022:01:07:22 +0200] "GET /Category/Images HTTP/1.1" 200 8457 "-" "Mozilla/5.0 (compatible; DotBot/1.2; +https://opensiteexplorer.org/dotbot; help@moz.com)"
194.209.200.2 - - [28/Aug/2022:01:08:11 +0200] "GET /Hilfe/AnleitungTonbeispiele HTTP/1.1" 200 9878 "-" "Mozilla/5.0 (compatible; TMMBot/0.2; +http://www.dslab.ch)/Nutch-1.15"
85.25.177.139 - - [28/Aug/2022:01:08:30 +0200] "GET /Admin/AdresseStiftung?action=diff&source=n&minor=y HTTP/1.1" 200 16522 "-" "Mozilla/5.0 (Macintosh; Intel Mac OS X 10.15; rv:103.0) Gecko/20100101 Firefox/103.0"
185.191.171.23 - - [28/Aug/2022:01:10:41 +0200] "GET /PmWikiFr/ChangementDuGroupePrincipal?action=print HTTP/1.1" 403 18 "-" "Mozilla/5.0 (compatible; SemrushBot/7~bl; +http://www.semrush.com/bot.html)"
85.25.177.139 - - [28/Aug/2022:01:10:41 +0200] "GET /Admin/Pro-ZurituutschStatuten?action=diff&source=y&minor=n HTTP/1.1" 200 14832 "-" "Mozilla/5.0 (Macintosh; Intel Mac OS X 10.15; rv:103.0) Gecko/20100101 Firefox/103.0"
85.25.177.139 - - [28/Aug/2022:01:14:50 +0200] "GET /robots.txt HTTP/1.1" 200 - "-" "Mozilla/5.0 (Macintosh; Intel Mac OS X 10.15; rv:103.0) Gecko/20100101 Firefox/103.0"
85.25.177.139 - - [28/Aug/2022:01:14:51 +0200] "GET /Admin/Pro-ZurituutschStatuten?action=edit&restore=diff:1447605653:1163053511:&preview=y HTTP/1.1" 200 8865 "-" "Mozilla/5.0 (Macintosh; Intel Mac OS X 10.15; rv:103.0) Gecko/20100101 Firefox/103.0"
85.25.177.139 - - [28/Aug/2022:01:15:10 +0200] "GET /Admin/AdresseStiftung?action=edit&restore=diff:1416758598:1185288593:&preview=y HTTP/1.1" 200 8753 "-" "Mozilla/5.0 (Macintosh; Intel Mac OS X 10.15; rv:103.0) Gecko/20100101 Firefox/103.0"
40.77.167.77 - - [28/Aug/2022:01:15:57 +0200] "GET /Site/Search?pagename=Site%2FSearch&q=2023 HTTP/1.1" 200 10829 "-" "Mozilla/5.0 (compatible; bingbot/2.0; +http://www.bing.com/bingbot.htm)"
85.25.177.139 - - [28/Aug/2022:01:18:54 +0200] "GET /robots.txt HTTP/1.1" 200 - "-" "Mozilla/5.0 (Macintosh; Intel Mac OS X 10.15; rv:103.0) Gecko/20100101 Firefox/103.0"
85.25.177.139 - - [28/Aug/2022:01:18:54 +0200] "GET /Admin/Pro-ZurituutschStatuten?action=edit&restore=diff:1163053511:1163035856:&preview=y HTTP/1.1" 200 8865 "-" "Mozilla/5.0 (Macintosh; Intel Mac OS X 10.15; rv:103.0) Gecko/20100101 Firefox/103.0"
85.25.177.139 - - [28/Aug/2022:01:20:28 +0200] "GET /Admin/AdresseStiftung?action=edit&restore=diff:1619700437:1591952905:&preview=y HTTP/1.1" 200 8753 "-" "Mozilla/5.0 (Macintosh; Intel Mac OS X 10.15; rv:103.0) Gecko/20100101 Firefox/103.0"
85.25.177.139 - - [28/Aug/2022:01:21:49 +0200] "GET /Texte/Schrybwys?action=edit&restore=diff:1178724381:1178724339:&preview=y HTTP/1.1" 200 8667 "-" "Mozilla/5.0 (Macintosh; Intel Mac OS X 10.15; rv:103.0) Gecko/20100101 Firefox/103.0"
185.191.171.25 - - [28/Aug/2022:01:22:50 +0200] "GET /robots.txt HTTP/1.1" 200 - "-" "Mozilla/5.0 (compatible; SemrushBot/7~bl; +http://www.semrush.com/bot.html)"
185.191.171.24 - - [28/Aug/2022:01:22:52 +0200] "GET /PmWikiFr/Uploads HTTP/1.1" 200 13773 "-" "Mozilla/5.0 (compatible; SemrushBot/7~bl; +http://www.semrush.com/bot.html)"
85.25.177.139 - - [28/Aug/2022:01:24:22 +0200] "GET /Texte/Schrybwys?action=edit&restore=diff:1163037260:1163037207:&preview=y HTTP/1.1" 200 8667 "-" "Mozilla/5.0 (Macintosh; Intel Mac OS X 10.15; rv:103.0) Gecko/20100101 Firefox/103.0"
85.25.177.139 - - [28/Aug/2022:01:27:09 +0200] "GET /Texte/Schrybwys?action=edit&restore=diff:1163036782:1163036745:&preview=y HTTP/1.1" 200 8667 "-" "Mozilla/5.0 (Macintosh; Intel Mac OS X 10.15; rv:103.0) Gecko/20100101 Firefox/103.0"
85.25.177.139 - - [28/Aug/2022:01:30:10 +0200] "GET /Texte/Schrybwys?action=edit&restore=diff:1177686222:1163037260:&preview=y HTTP/1.1" 200 8667 "-" "Mozilla/5.0 (Macintosh; Intel Mac OS X 10.15; rv:103.0) Gecko/20100101 Firefox/103.0"
85.25.177.139 - - [28/Aug/2022:01:33:29 +0200] "GET /Texte/Schrybwys?action=edit&restore=diff:1178724104:1177686222:&preview=y HTTP/1.1" 200 8667 "-" "Mozilla/5.0 (Macintosh; Intel Mac OS X 10.15; rv:103.0) Gecko/20100101 Firefox/103.0"
194.209.200.2 - - [28/Aug/2022:01:35:10 +0200] "GET /robots.txt HTTP/1.1" 200 - "-" "Mozilla/5.0 (compatible; TMMBot/0.2; +http://www.dslab.ch)/Nutch-1.15"
194.209.200.2 - - [28/Aug/2022:01:35:10 +0200] "GET /Texte/Schrybwys HTTP/1.1" 200 11028 "-" "Mozilla/5.0 (compatible; TMMBot/0.2; +http://www.dslab.ch)/Nutch-1.15"
216.244.66.243 - - [28/Aug/2022:01:35:55 +0200] "GET /robots.txt HTTP/1.1" 200 - "-" "Mozilla/5.0 (compatible; DotBot/1.2; +https://opensiteexplorer.org/dotbot; help@moz.com)"
85.25.177.139 - - [28/Aug/2022:01:36:26 +0200] "GET /Texte/Schrybwys?action=diff&source=n&minor=y HTTP/1.1" 200 26978 "-" "Mozilla/5.0 (Macintosh; Intel Mac OS X 10.15; rv:103.0) Gecko/20100101 Firefox/103.0"
194.209.200.2 - - [28/Aug/2022:01:36:43 +0200] "GET /Texte/Styluebige HTTP/1.1" 200 9998 "-" "Mozilla/5.0 (compatible; TMMBot/0.2; +http://www.dslab.ch)/Nutch-1.15"
194.209.200.2 - - [28/Aug/2022:01:36:54 +0200] "GET /Texte/Metamorphoses HTTP/1.1" 200 9045 "-" "Mozilla/5.0 (compatible; TMMBot/0.2; +http://www.dslab.ch)/Nutch-1.15"
194.209.200.2 - - [28/Aug/2022:01:38:54 +0200] "GET /Admin/Pro-ZurituutschStatuten HTTP/1.1" 200 9580 "-" "Mozilla/5.0 (compatible; TMMBot/0.2; +http://www.dslab.ch)/Nutch-1.15"
85.25.177.139 - - [28/Aug/2022:01:39:07 +0200] "GET /Texte/ZurcherischEnglish?action=diff&source=y&minor=n HTTP/1.1" 200 9925 "-" "Mozilla/5.0 (Macintosh; Intel Mac OS X 10.15; rv:103.0) Gecko/20100101 Firefox/103.0"
194.209.200.2 - - [28/Aug/2022:01:40:28 +0200] "GET /Hilfe/AnleitungTonbeispiele HTTP/1.1" 200 9878 "-" "Mozilla/5.0 (compatible; TMMBot/0.2; +http://www.dslab.ch)/Nutch-1.15"
85.25.177.139 - - [28/Aug/2022:01:40:52 +0200] "GET /Admin/AdresseStiftung?action=edit&restore=diff:1185288593:1185288494:minor&preview=y HTTP/1.1" 200 8758 "-" "Mozilla/5.0 (Macintosh; Intel Mac OS X 10.15; rv:103.0) Gecko/20100101 Firefox/103.0"
85.25.177.139 - - [28/Aug/2022:01:43:15 +0200] "GET /Texte/ZurcherischEnglish?action=diff&source=n&minor=y HTTP/1.1" 200 9905 "-" "Mozilla/5.0 (Macintosh; Intel Mac OS X 10.15; rv:103.0) Gecko/20100101 Firefox/103.0"
85.25.177.139 - - [28/Aug/2022:01:46:28 +0200] "GET /PodCast/RSSPodcasts?action=print HTTP/1.1" 200 3073 "-" "Mozilla/5.0 (Macintosh; Intel Mac OS X 10.15; rv:103.0) Gecko/20100101 Firefox/103.0"
216.244.66.243 - - [28/Aug/2022:01:49:50 +0200] "GET /SiteAdmin/AuthUser HTTP/1.1" 200 8552 "-" "Mozilla/5.0 (compatible; DotBot/1.2; +https://opensiteexplorer.org/dotbot; help@moz.com)"
85.25.177.139 - - [28/Aug/2022:01:52:01 +0200] "GET /robots.txt HTTP/1.1" 200 - "-" "Mozilla/5.0 (Macintosh; Intel Mac OS X 10.15; rv:103.0) Gecko/20100101 Firefox/103.0"
85.25.177.139 - - [28/Aug/2022:01:52:01 +0200] "GET /Texte/ZurcherischEnglish?action=upload HTTP/1.1" 200 8649 "-" "Mozilla/5.0 (Macintosh; Intel Mac OS X 10.15; rv:103.0) Gecko/20100101 Firefox/103.0"
85.25.177.139 - - [28/Aug/2022:01:52:37 +0200] "GET /Admin/AdresseStiftung?action=edit&restore=diff:1185288494:1185288414:minor&preview=y HTTP/1.1" 200 8758 "-" "Mozilla/5.0 (Macintosh; Intel Mac OS X 10.15; rv:103.0) Gecko/20100101 Firefox/103.0"
62.210.215.119 - - [28/Aug/2022:01:54:01 +0200] "GET /PodCast/IndexPage?action=rss HTTP/1.1" 200 6298 "-" "Mozilla/5.0 (X11; Linux i686) AppleWebKit/537.36 (KHTML, like Gecko) Chrome/30.0.1599.66 Safari/537.36"
85.25.177.139 - - [28/Aug/2022:01:54:31 +0200] "GET /PodCast/RSSPodcasts?action=edit&restore=diff:1177572356:1177572281:&preview=y HTTP/1.1" 200 8726 "-" "Mozilla/5.0 (Macintosh; Intel Mac OS X 10.15; rv:103.0) Gecko/20100101 Firefox/103.0"
66.249.76.228 - - [28/Aug/2022:01:57:02 +0200] "GET /PodCast/IndexPage?action=rss HTTP/1.1" 200 6298 "-" "Mozilla/5.0 (compatible; Googlebot/2.1; +http://www.google.com/bot.html)"
85.25.177.139 - - [28/Aug/2022:01:57:45 +0200] "GET /Texte/Limericks?action=diff&source=y&minor=y HTTP/1.1" 200 9581 "-" "Mozilla/5.0 (Macintosh; Intel Mac OS X 10.15; rv:103.0) Gecko/20100101 Firefox/103.0"
85.25.177.139 - - [28/Aug/2022:01:59:19 +0200] "GET /PodCast/RSSPodcasts?action=edit&restore=diff:1177572082:1163083850:&preview=y HTTP/1.1" 200 8726 "-" "Mozilla/5.0 (Macintosh; Intel Mac OS X 10.15; rv:103.0) Gecko/20100101 Firefox/103.0"
85.25.177.139 - - [28/Aug/2022:02:02:32 +0200] "GET /PodCast/RSSPodcasts?action=edit&restore=diff:1177573059:1177573039:&preview=y HTTP/1.1" 200 8726 "-" "Mozilla/5.0 (Macintosh; Intel Mac OS X 10.15; rv:103.0) Gecko/20100101 Firefox/103.0"
77.75.77.54 - - [28/Aug/2022:02:02:59 +0200] "GET /robots.txt HTTP/1.1" 200 - "-" "Mozilla/5.0 (compatible; SeznamBot/3.2; +http://napoveda.seznam.cz/en/seznambot-intro/)"
77.75.77.54 - - [28/Aug/2022:02:02:59 +0200] "GET /Main/Home HTTP/1.1" 200 15085 "-" "Mozilla/5.0 (compatible; SeznamBot/3.2; +http://napoveda.seznam.cz/en/seznambot-intro/)"
85.25.177.139 - - [28/Aug/2022:02:05:15 +0200] "GET /PodCast/RSSPodcasts?action=edit&restore=diff:1177572547:1177572424:&preview=y HTTP/1.1" 200 8726 "-" "Mozilla/5.0 (Macintosh; Intel Mac OS X 10.15; rv:103.0) Gecko/20100101 Firefox/103.0"
194.209.200.2 - - [28/Aug/2022:02:05:34 +0200] "GET /robots.txt HTTP/1.1" 200 - "-" "Mozilla/5.0 (compatible; TMMBot/0.2; +http://www.dslab.ch)/Nutch-1.15"
194.209.200.2 - - [28/Aug/2022:02:05:34 +0200] "GET /Texte/Schrybwys HTTP/1.1" 200 11028 "-" "Mozilla/5.0 (compatible; TMMBot/0.2; +http://www.dslab.ch)/Nutch-1.15"
194.209.200.2 - - [28/Aug/2022:02:06:56 +0200] "GET /Texte/Styluebige HTTP/1.1" 200 9998 "-" "Mozilla/5.0 (compatible; TMMBot/0.2; +http://www.dslab.ch)/Nutch-1.15"
194.209.200.2 - - [28/Aug/2022:02:07:06 +0200] "GET /Texte/Metamorphoses HTTP/1.1" 200 9045 "-" "Mozilla/5.0 (compatible; TMMBot/0.2; +http://www.dslab.ch)/Nutch-1.15"
85.25.177.139 - - [28/Aug/2022:02:07:31 +0200] "GET /PodCast/RSSPodcasts?action=diff&source=n&minor=y HTTP/1.1" 200 24051 "-" "Mozilla/5.0 (Macintosh; Intel Mac OS X 10.15; rv:103.0) Gecko/20100101 Firefox/103.0"
194.209.200.2 - - [28/Aug/2022:02:08:52 +0200] "GET /Admin/Pro-ZurituutschStatuten HTTP/1.1" 200 9580 "-" "Mozilla/5.0 (compatible; TMMBot/0.2; +http://www.dslab.ch)/Nutch-1.15"
85.25.177.139 - - [28/Aug/2022:02:09:39 +0200] "GET /PodCast/RSSPodcasts?action=edit&restore=diff:1177573243:1177573201:&preview=y HTTP/1.1" 200 8726 "-" "Mozilla/5.0 (Macintosh; Intel Mac OS X 10.15; rv:103.0) Gecko/20100101 Firefox/103.0"
194.209.200.2 - - [28/Aug/2022:02:10:15 +0200] "GET /Hilfe/AnleitungTonbeispiele HTTP/1.1" 200 9878 "-" "Mozilla/5.0 (compatible; TMMBot/0.2; +http://www.dslab.ch)/Nutch-1.15"
42.236.10.81 - - [28/Aug/2022:02:12:22 +0200] "GET / HTTP/1.1" 200 15085 "http://www.pro-zurituutsch.ch/" "Mozilla/5.0 (iPhone; CPU iPhone OS 11_0 like Mac OS X) AppleWebKit/604.1.34 (KHTML, like Gecko) Version/11.0 Mobile/15A5341f Safari/604.1;360Spider"
85.25.177.139 - - [28/Aug/2022:02:12:57 +0200] "GET /robots.txt HTTP/1.1" 200 - "-" "Mozilla/5.0 (Macintosh; Intel Mac OS X 10.15; rv:103.0) Gecko/20100101 Firefox/103.0"
85.25.177.139 - - [28/Aug/2022:02:12:57 +0200] "GET /PodCast/RSSPodcasts?action=edit&restore=diff:1177573039:1177572598:&preview=y HTTP/1.1" 200 8726 "-" "Mozilla/5.0 (Macintosh; Intel Mac OS X 10.15; rv:103.0) Gecko/20100101 Firefox/103.0"
85.25.177.139 - - [28/Aug/2022:02:16:51 +0200] "GET /robots.txt HTTP/1.1" 200 - "-" "Mozilla/5.0 (Macintosh; Intel Mac OS X 10.15; rv:103.0) Gecko/20100101 Firefox/103.0"
85.25.177.139 - - [28/Aug/2022:02:16:51 +0200] "GET /PodCast/RSSPodcasts?action=edit&restore=diff:1177572128:1177572082:&preview=y HTTP/1.1" 200 8726 "-" "Mozilla/5.0 (Macintosh; Intel Mac OS X 10.15; rv:103.0) Gecko/20100101 Firefox/103.0"
85.25.177.139 - - [28/Aug/2022:02:18:46 +0200] "GET /Texte/Limericks?action=edit&restore=diff:1357847046:1357847046:&preview=y HTTP/1.1" 200 8667 "-" "Mozilla/5.0 (Macintosh; Intel Mac OS X 10.15; rv:103.0) Gecko/20100101 Firefox/103.0"
85.25.177.139 - - [28/Aug/2022:02:23:15 +0200] "GET /robots.txt HTTP/1.1" 200 - "-" "Mozilla/5.0 (Macintosh; Intel Mac OS X 10.15; rv:103.0) Gecko/20100101 Firefox/103.0"
85.25.177.139 - - [28/Aug/2022:02:23:15 +0200] "GET /PodCast/RSSPodcasts?action=edit&restore=diff:1177572281:1177572128:&preview=y HTTP/1.1" 200 8726 "-" "Mozilla/5.0 (Macintosh; Intel Mac OS X 10.15; rv:103.0) Gecko/20100101 Firefox/103.0"
85.25.177.139 - - [28/Aug/2022:02:24:49 +0200] "GET /Texte/Limericks?action=diff&source=n&minor=n HTTP/1.1" 200 9587 "-" "Mozilla/5.0 (Macintosh; Intel Mac OS X 10.15; rv:103.0) Gecko/20100101 Firefox/103.0"
85.25.177.139 - - [28/Aug/2022:02:26:21 +0200] "GET /PodCast/RSSPodcasts?action=edit&restore=diff:1163065799:1163065799:&preview=y HTTP/1.1" 200 8726 "-" "Mozilla/5.0 (Macintosh; Intel Mac OS X 10.15; rv:103.0) Gecko/20100101 Firefox/103.0"
85.25.177.139 - - [28/Aug/2022:02:29:01 +0200] "GET /Hilfe/Quicktime?action=diff&source=y&minor=n HTTP/1.1" 200 11113 "-" "Mozilla/5.0 (Macintosh; Intel Mac OS X 10.15; rv:103.0) Gecko/20100101 Firefox/103.0"
54.36.148.121 - - [28/Aug/2022:02:33:42 +0200] "GET /robots.txt HTTP/1.1" 200 - "-" "Mozilla/5.0 (compatible; AhrefsBot/7.0; +http://ahrefs.com/robot/)"
54.36.149.31 - - [28/Aug/2022:02:33:43 +0200] "GET /Admin/Links HTTP/1.1" 200 14193 "-" "Mozilla/5.0 (compatible; AhrefsBot/7.0; +http://ahrefs.com/robot/)"
85.25.177.139 - - [28/Aug/2022:02:33:54 +0200] "GET /robots.txt HTTP/1.1" 200 - "-" "Mozilla/5.0 (Macintosh; Intel Mac OS X 10.15; rv:103.0) Gecko/20100101 Firefox/103.0"
85.25.177.139 - - [28/Aug/2022:02:33:54 +0200] "GET /Hilfe/Quicktime?action=diff&source=n&minor=y HTTP/1.1" 200 10613 "-" "Mozilla/5.0 (Macintosh; Intel Mac OS X 10.15; rv:103.0) Gecko/20100101 Firefox/103.0"
54.36.148.161 - - [28/Aug/2022:02:40:28 +0200] "GET / HTTP/1.1" 200 15085 "-" "Mozilla/5.0 (compatible; AhrefsBot/7.0; +http://ahrefs.com/robot/)"
194.209.200.2 - - [28/Aug/2022:02:40:44 +0200] "GET /robots.txt HTTP/1.1" 200 - "-" "Mozilla/5.0 (compatible; TMMBot/0.2; +http://www.dslab.ch)/Nutch-1.15"
194.209.200.2 - - [28/Aug/2022:02:40:44 +0200] "GET /Texte/Schrybwys HTTP/1.1" 200 11028 "-" "Mozilla/5.0 (compatible; TMMBot/0.2; +http://www.dslab.ch)/Nutch-1.15"
85.25.177.139 - - [28/Aug/2022:02:42:41 +0200] "GET /robots.txt HTTP/1.1" 200 - "-" "Mozilla/5.0 (Macintosh; Intel Mac OS X 10.15; rv:103.0) Gecko/20100101 Firefox/103.0"
85.25.177.139 - - [28/Aug/2022:02:42:41 +0200] "GET /Texte/Roman?action=edit&restore=diff:1163035512:1163035465:&preview=y HTTP/1.1" 200 8611 "-" "Mozilla/5.0 (Macintosh; Intel Mac OS X 10.15; rv:103.0) Gecko/20100101 Firefox/103.0"
194.209.200.2 - - [28/Aug/2022:02:42:49 +0200] "GET /Texte/Styluebige HTTP/1.1" 200 9998 "-" "Mozilla/5.0 (compatible; TMMBot/0.2; +http://www.dslab.ch)/Nutch-1.15"
194.209.200.2 - - [28/Aug/2022:02:43:05 +0200] "GET /Texte/Metamorphoses HTTP/1.1" 200 9045 "-" "Mozilla/5.0 (compatible; TMMBot/0.2; +http://www.dslab.ch)/Nutch-1.15"
85.25.177.139 - - [28/Aug/2022:02:45:55 +0200] "GET /Texte/Roman?action=edit&restore=diff:1179236030:1179235988:&preview=y HTTP/1.1" 200 8611 "-" "Mozilla/5.0 (Macintosh; Intel Mac OS X 10.15; rv:103.0) Gecko/20100101 Firefox/103.0"
185.191.171.43 - - [28/Aug/2022:02:46:18 +0200] "GET /robots.txt HTTP/1.1" 200 - "-" "Mozilla/5.0 (compatible; SemrushBot/7~bl; +http://www.semrush.com/bot.html)"
185.191.171.15 - - [28/Aug/2022:02:46:19 +0200] "GET /PmWikiJa/PmWikiJa?action=upload HTTP/1.1" 403 18 "-" "Mozilla/5.0 (compatible; SemrushBot/7~bl; +http://www.semrush.com/bot.html)"
194.209.200.2 - - [28/Aug/2022:02:46:44 +0200] "GET /Admin/Pro-ZurituutschStatuten HTTP/1.1" 200 9580 "-" "Mozilla/5.0 (compatible; TMMBot/0.2; +http://www.dslab.ch)/Nutch-1.15"
8.29.198.25 - - [28/Aug/2022:02:47:31 +0200] "GET /PodCast/IndexPage?action=rss HTTP/1.1" 200 6298 "-" "Feedly/1.0 (+http://www.feedly.com/fetcher.html; 3 subscribers; like FeedFetcher-Google)"
85.25.177.139 - - [28/Aug/2022:02:48:38 +0200] "GET /Texte/Roman?action=edit&restore=diff:1231001314:1180617173:&preview=y HTTP/1.1" 200 8611 "-" "Mozilla/5.0 (Macintosh; Intel Mac OS X 10.15; rv:103.0) Gecko/20100101 Firefox/103.0"
194.209.200.2 - - [28/Aug/2022:02:50:02 +0200] "GET /Hilfe/AnleitungTonbeispiele HTTP/1.1" 200 9878 "-" "Mozilla/5.0 (compatible; TMMBot/0.2; +http://www.dslab.ch)/Nutch-1.15"
185.191.171.8 - - [28/Aug/2022:02:50:59 +0200] "GET /PmWikiVi/TruyenThanhCong?action=edit HTTP/1.1" 404 18 "-" "Mozilla/5.0 (compatible; SemrushBot/7~bl; +http://www.semrush.com/bot.html)"
85.25.177.139 - - [28/Aug/2022:02:52:07 +0200] "GET /Texte/Roman?action=edit&restore=diff:1178995205:1178724245:&preview=y HTTP/1.1" 200 8611 "-" "Mozilla/5.0 (Macintosh; Intel Mac OS X 10.15; rv:103.0) Gecko/20100101 Firefox/103.0"
185.191.171.25 - - [28/Aug/2022:02:54:09 +0200] "GET /PmWikiPtBr/TabelaAvanAdo?action=edit HTTP/1.1" 404 18 "-" "Mozilla/5.0 (compatible; SemrushBot/7~bl; +http://www.semrush.com/bot.html)"
85.25.177.139 - - [28/Aug/2022:02:54:49 +0200] "GET /Texte/Roman?action=edit&restore=diff:1180443133:1179764445:&preview=y HTTP/1.1" 200 8611 "-" "Mozilla/5.0 (Macintosh; Intel Mac OS X 10.15; rv:103.0) Gecko/20100101 Firefox/103.0"
168.119.51.163 - - [28/Aug/2022:02:55:21 +0200] "GET /robots.txt HTTP/1.1" 200 - "-" "Mozilla/5.0 (compatible; um-IC/1.0; mailto: techinfo@ubermetrics-technologies.com; Windows NT 6.1; WOW64; rv:40.0) Gecko/20100101 Firefox/40.1"
168.119.51.163 - - [28/Aug/2022:02:55:21 +0200] "GET /PodCast/IndexPage?action=rss HTTP/1.1" 200 6298 "-" "Mozilla/5.0 (compatible; um-IC/1.0; mailto: techinfo@ubermetrics-technologies.com; Windows NT 6.1; WOW64; rv:40.0) Gecko/20100101 Firefox/40.1"
66.249.76.225 - - [28/Aug/2022:02:56:03 +0200] "GET /PodCast/IndexPage?action=rss HTTP/1.1" 200 6298 "-" "Mozilla/5.0 (compatible; Googlebot/2.1; +http://www.google.com/bot.html)"
77.75.78.162 - - [28/Aug/2022:02:56:44 +0200] "GET /robots.txt HTTP/1.1" 200 - "-" "Mozilla/5.0 (compatible; SeznamBot/3.2; +http://napoveda.seznam.cz/en/seznambot-intro/)"
77.75.78.162 - - [28/Aug/2022:02:56:45 +0200] "GET /Admin/ZurStiftung HTTP/1.1" 200 10864 "-" "Mozilla/5.0 (compatible; SeznamBot/3.2; +http://napoveda.seznam.cz/en/seznambot-intro/)"
85.25.177.139 - - [28/Aug/2022:02:57:27 +0200] "GET /Texte/Roman?action=edit&restore=diff:1231001370:1231001314:&preview=y HTTP/1.1" 200 8611 "-" "Mozilla/5.0 (Macintosh; Intel Mac OS X 10.15; rv:103.0) Gecko/20100101 Firefox/103.0"
185.191.171.23 - - [28/Aug/2022:03:00:41 +0200] "GET /PmWikiPtBr/SideBar?action=upload HTTP/1.1" 403 18 "-" "Mozilla/5.0 (compatible; SemrushBot/7~bl; +http://www.semrush.com/bot.html)"
85.25.177.139 - - [28/Aug/2022:03:02:04 +0200] "GET /robots.txt HTTP/1.1" 200 - "-" "Mozilla/5.0 (Macintosh; Intel Mac OS X 10.15; rv:103.0) Gecko/20100101 Firefox/103.0"
85.25.177.139 - - [28/Aug/2022:03:02:04 +0200] "GET /Texte/Roman?action=edit&restore=diff:1163035465:1163035430:&preview=y HTTP/1.1" 200 8611 "-" "Mozilla/5.0 (Macintosh; Intel Mac OS X 10.15; rv:103.0) Gecko/20100101 Firefox/103.0"
116.203.89.95 - - [28/Aug/2022:03:02:22 +0200] "GET /robots.txt HTTP/1.1" 200 - "-" "SeobilityBot (SEO Tool; https://www.seobility.net/sites/bot.html)"
85.25.177.139 - - [28/Aug/2022:03:05:03 +0200] "GET /Texte/Roman?action=edit&restore=diff:1268898815:1231002477:&preview=y HTTP/1.1" 200 8611 "-" "Mozilla/5.0 (Macintosh; Intel Mac OS X 10.15; rv:103.0) Gecko/20100101 Firefox/103.0"
85.25.177.139 - - [28/Aug/2022:03:08:31 +0200] "GET /Texte/Roman?action=edit&restore=diff:1179764354:1179236388:&preview=y HTTP/1.1" 200 8611 "-" "Mozilla/5.0 (Macintosh; Intel Mac OS X 10.15; rv:103.0) Gecko/20100101 Firefox/103.0"
85.25.177.139 - - [28/Aug/2022:03:10:51 +0200] "GET /Texte/Roman?action=edit&restore=diff:1179236388:1179236325:&preview=y HTTP/1.1" 200 8611 "-" "Mozilla/5.0 (Macintosh; Intel Mac OS X 10.15; rv:103.0) Gecko/20100101 Firefox/103.0"
85.25.177.139 - - [28/Aug/2022:03:13:10 +0200] "GET /Texte/Roman?action=edit&restore=diff:1179236325:1179236030:&preview=y HTTP/1.1" 200 8611 "-" "Mozilla/5.0 (Macintosh; Intel Mac OS X 10.15; rv:103.0) Gecko/20100101 Firefox/103.0"
85.25.177.139 - - [28/Aug/2022:03:15:44 +0200] "GET /Texte/Roman?action=edit&restore=diff:1163035648:1163035602:&preview=y HTTP/1.1" 200 8611 "-" "Mozilla/5.0 (Macintosh; Intel Mac OS X 10.15; rv:103.0) Gecko/20100101 Firefox/103.0"
85.25.177.139 - - [28/Aug/2022:03:18:44 +0200] "GET /Texte/Roman?action=diff&source=y&minor=n HTTP/1.1" 200 104716 "-" "Mozilla/5.0 (Macintosh; Intel Mac OS X 10.15; rv:103.0) Gecko/20100101 Firefox/103.0"
85.25.177.139 - - [28/Aug/2022:03:20:52 +0200] "GET /Texte/Roman?action=edit&restore=diff:1163035010:1163034953:&preview=y HTTP/1.1" 200 8611 "-" "Mozilla/5.0 (Macintosh; Intel Mac OS X 10.15; rv:103.0) Gecko/20100101 Firefox/103.0"
85.25.177.139 - - [28/Aug/2022:03:23:23 +0200] "GET /Hilfe/RealOne?action=edit&restore=diff:1163037646:1163037612:&preview=y HTTP/1.1" 200 8641 "-" "Mozilla/5.0 (Macintosh; Intel Mac OS X 10.15; rv:103.0) Gecko/20100101 Firefox/103.0"
194.209.200.2 - - [28/Aug/2022:03:25:03 +0200] "GET /robots.txt HTTP/1.1" 200 - "-" "Mozilla/5.0 (compatible; TMMBot/0.2; +http://www.dslab.ch)/Nutch-1.15"
194.209.200.2 - - [28/Aug/2022:03:25:03 +0200] "GET /Texte/Schrybwys HTTP/1.1" 200 11028 "-" "Mozilla/5.0 (compatible; TMMBot/0.2; +http://www.dslab.ch)/Nutch-1.15"
85.25.177.139 - - [28/Aug/2022:03:25:43 +0200] "GET /Hilfe/RealOne?action=edit&restore=diff:1163037612:1163037534:&preview=y HTTP/1.1" 200 8641 "-" "Mozilla/5.0 (Macintosh; Intel Mac OS X 10.15; rv:103.0) Gecko/20100101 Firefox/103.0"
194.209.200.2 - - [28/Aug/2022:03:26:34 +0200] "GET /Texte/Styluebige HTTP/1.1" 200 9998 "-" "Mozilla/5.0 (compatible; TMMBot/0.2; +http://www.dslab.ch)/Nutch-1.15"
194.209.200.2 - - [28/Aug/2022:03:26:45 +0200] "GET /Texte/Metamorphoses HTTP/1.1" 200 9045 "-" "Mozilla/5.0 (compatible; TMMBot/0.2; +http://www.dslab.ch)/Nutch-1.15"
185.191.171.17 - - [28/Aug/2022:03:28:17 +0200] "GET /PmWikiRu/WikiPage?action=print HTTP/1.1" 403 18 "-" "Mozilla/5.0 (compatible; SemrushBot/7~bl; +http://www.semrush.com/bot.html)"
194.209.200.2 - - [28/Aug/2022:03:28:40 +0200] "GET /Admin/Pro-ZurituutschStatuten HTTP/1.1" 200 9580 "-" "Mozilla/5.0 (compatible; TMMBot/0.2; +http://www.dslab.ch)/Nutch-1.15"
85.25.177.139 - - [28/Aug/2022:03:29:03 +0200] "GET /Texte/ArsAmatoria?action=edit&restore=diff:1163056202:1163056076:&preview=y HTTP/1.1" 200 8697 "-" "Mozilla/5.0 (Macintosh; Intel Mac OS X 10.15; rv:103.0) Gecko/20100101 Firefox/103.0"
194.209.200.2 - - [28/Aug/2022:03:30:07 +0200] "GET /Hilfe/AnleitungTonbeispiele HTTP/1.1" 200 9878 "-" "Mozilla/5.0 (compatible; TMMBot/0.2; +http://www.dslab.ch)/Nutch-1.15"
85.25.177.139 - - [28/Aug/2022:03:30:34 +0200] "GET /Hilfe/RealOne?action=diff&source=n&minor=y HTTP/1.1" 200 15499 "-" "Mozilla/5.0 (Macintosh; Intel Mac OS X 10.15; rv:103.0) Gecko/20100101 Firefox/103.0"
85.25.177.139 - - [28/Aug/2022:03:32:18 +0200] "GET /Texte/ArsAmatoria?action=edit&restore=diff:1163055578:1163055471:&preview=y HTTP/1.1" 200 8697 "-" "Mozilla/5.0 (Macintosh; Intel Mac OS X 10.15; rv:103.0) Gecko/20100101 Firefox/103.0"
85.25.177.139 - - [28/Aug/2022:03:34:03 +0200] "GET /Hilfe/RealOne?action=edit&restore=diff:1163037534:1163037534:&preview=y HTTP/1.1" 200 8641 "-" "Mozilla/5.0 (Macintosh; Intel Mac OS X 10.15; rv:103.0) Gecko/20100101 Firefox/103.0"
85.25.177.139 - - [28/Aug/2022:03:36:06 +0200] "GET /Hilfe HTTP/1.1" 404 8123 "-" "Mozilla/5.0 (Macintosh; Intel Mac OS X 10.15; rv:103.0) Gecko/20100101 Firefox/103.0"
85.25.177.139 - - [28/Aug/2022:03:38:17 +0200] "GET /Texte/ArsAmatoria?action=edit&restore=diff:1177684406:1177684251:&preview=y HTTP/1.1" 200 8697 "-" "Mozilla/5.0 (Macintosh; Intel Mac OS X 10.15; rv:103.0) Gecko/20100101 Firefox/103.0"
85.25.177.139 - - [28/Aug/2022:03:39:01 +0200] "GET /Hilfe/AnleitungTonbeispiele?action=diff&source=n&minor=n HTTP/1.1" 200 14409 "-" "Mozilla/5.0 (Macintosh; Intel Mac OS X 10.15; rv:103.0) Gecko/20100101 Firefox/103.0"
85.25.177.139 - - [28/Aug/2022:03:41:18 +0200] "GET /Hilfe/Passwort?action=diff HTTP/1.1" 200 9168 "-" "Mozilla/5.0 (Macintosh; Intel Mac OS X 10.15; rv:103.0) Gecko/20100101 Firefox/103.0"
85.25.177.139 - - [28/Aug/2022:03:43:20 +0200] "GET /Texte/ArsAmatoria?action=edit&restore=diff:1163055690:1163055654:&preview=y HTTP/1.1" 200 8697 "-" "Mozilla/5.0 (Macintosh; Intel Mac OS X 10.15; rv:103.0) Gecko/20100101 Firefox/103.0"
85.25.177.139 - - [28/Aug/2022:03:45:47 +0200] "GET /Hilfe/Passwort?action=upload HTTP/1.1" 200 8507 "-" "Mozilla/5.0 (Macintosh; Intel Mac OS X 10.15; rv:103.0) Gecko/20100101 Firefox/103.0"
85.25.177.139 - - [28/Aug/2022:03:47:55 +0200] "GET /Hilfe/Passwort?action=print HTTP/1.1" 404 2386 "-" "Mozilla/5.0 (Macintosh; Intel Mac OS X 10.15; rv:103.0) Gecko/20100101 Firefox/103.0"
85.25.177.139 - - [28/Aug/2022:03:49:07 +0200] "GET /Texte/ArsAmatoria?action=edit&restore=diff:1175714025:1163119246:&preview=y HTTP/1.1" 200 8697 "-" "Mozilla/5.0 (Macintosh; Intel Mac OS X 10.15; rv:103.0) Gecko/20100101 Firefox/103.0"
85.25.177.139 - - [28/Aug/2022:03:51:02 +0200] "GET /Texte/ArsAmatoria?action=edit&restore=diff:1177684251:1177684026:&preview=y HTTP/1.1" 200 8697 "-" "Mozilla/5.0 (Macintosh; Intel Mac OS X 10.15; rv:103.0) Gecko/20100101 Firefox/103.0"
85.25.177.139 - - [28/Aug/2022:03:51:44 +0200] "GET /Texte/ArsAmatoria?action=edit&restore=diff:1163055884:1163055690:&preview=y HTTP/1.1" 200 8697 "-" "Mozilla/5.0 (Macintosh; Intel Mac OS X 10.15; rv:103.0) Gecko/20100101 Firefox/103.0"
85.25.177.139 - - [28/Aug/2022:03:53:15 +0200] "GET /Texte/ArsAmatoria?action=edit&restore=diff:1163056076:1163055958:&preview=y HTTP/1.1" 200 8697 "-" "Mozilla/5.0 (Macintosh; Intel Mac OS X 10.15; rv:103.0) Gecko/20100101 Firefox/103.0"
185.191.171.9 - - [28/Aug/2022:03:53:50 +0200] "GET /robots.txt HTTP/1.1" 200 - "-" "Mozilla/5.0 (compatible; SemrushBot/7~bl; +http://www.semrush.com/bot.html)"
185.191.171.26 - - [28/Aug/2022:03:53:54 +0200] "GET /PmWikiFr/Cookbook?action=edit HTTP/1.1" 404 18 "-" "Mozilla/5.0 (compatible; SemrushBot/7~bl; +http://www.semrush.com/bot.html)"
194.209.200.2 - - [28/Aug/2022:03:56:11 +0200] "GET /robots.txt HTTP/1.1" 200 - "-" "Mozilla/5.0 (compatible; TMMBot/0.2; +http://www.dslab.ch)/Nutch-1.15"
194.209.200.2 - - [28/Aug/2022:03:56:11 +0200] "GET /Admin/Jahresbericht HTTP/1.1" 200 45530 "-" "Mozilla/5.0 (compatible; TMMBot/0.2; +http://www.dslab.ch)/Nutch-1.15"
194.209.200.2 - - [28/Aug/2022:03:56:37 +0200] "GET /Texte/Schrybwys HTTP/1.1" 200 11028 "-" "Mozilla/5.0 (compatible; TMMBot/0.2; +http://www.dslab.ch)/Nutch-1.15"
85.25.177.139 - - [28/Aug/2022:03:56:48 +0200] "GET /Texte/ArsAmatoria?action=edit&restore=diff:1163055654:1163055578:&preview=y HTTP/1.1" 200 8697 "-" "Mozilla/5.0 (Macintosh; Intel Mac OS X 10.15; rv:103.0) Gecko/20100101 Firefox/103.0"
194.209.200.2 - - [28/Aug/2022:03:58:13 +0200] "GET /Texte/Styluebige HTTP/1.1" 200 9998 "-" "Mozilla/5.0 (compatible; TMMBot/0.2; +http://www.dslab.ch)/Nutch-1.15"
194.209.200.2 - - [28/Aug/2022:03:58:25 +0200] "GET /Texte/Metamorphoses HTTP/1.1" 200 9045 "-" "Mozilla/5.0 (compatible; TMMBot/0.2; +http://www.dslab.ch)/Nutch-1.15"
85.25.177.139 - - [28/Aug/2022:03:58:44 +0200] "GET /Texte/ArsAmatoria?action=edit&restore=diff:1163055916:1163055884:&preview=y HTTP/1.1" 200 8697 "-" "Mozilla/5.0 (Macintosh; Intel Mac OS X 10.15; rv:103.0) Gecko/20100101 Firefox/103.0"
85.25.177.139 - - [28/Aug/2022:04:01:34 +0200] "GET /Texte/ArsAmatoria?action=edit&restore=diff:1178907460:1177684430:&preview=y HTTP/1.1" 200 8697 "-" "Mozilla/5.0 (Macintosh; Intel Mac OS X 10.15; rv:103.0) Gecko/20100101 Firefox/103.0"
194.209.200.2 - - [28/Aug/2022:04:02:00 +0200] "GET /Hilfe/AnleitungTonbeispiele HTTP/1.1" 200 9878 "-" "Mozilla/5.0 (compatible; TMMBot/0.2; +http://www.dslab.ch)/Nutch-1.15"
66.249.76.253 - - [28/Aug/2022:04:02:08 +0200] "GET /PodCast/IndexPage?action=rss HTTP/1.1" 200 6298 "-" "Mozilla/5.0 (compatible; Googlebot/2.1; +http://www.google.com/bot.html)"
85.25.177.139 - - [28/Aug/2022:04:03:33 +0200] "GET /Admin/Links?action=edit&restore=diff:1340380424:1340380402:&preview=y HTTP/1.1" 200 8611 "-" "Mozilla/5.0 (Macintosh; Intel Mac OS X 10.15; rv:103.0) Gecko/20100101 Firefox/103.0"
85.25.177.139 - - [28/Aug/2022:04:06:53 +0200] "GET /Texte/Rezension?action=diff&source=y&minor=n HTTP/1.1" 200 19658 "-" "Mozilla/5.0 (Macintosh; Intel Mac OS X 10.15; rv:103.0) Gecko/20100101 Firefox/103.0"
85.25.177.139 - - [28/Aug/2022:04:09:29 +0200] "GET /Admin/Links?action=edit&restore=diff:1233091516:1233091485:&preview=y HTTP/1.1" 200 8611 "-" "Mozilla/5.0 (Macintosh; Intel Mac OS X 10.15; rv:103.0) Gecko/20100101 Firefox/103.0"
85.25.177.139 - - [28/Aug/2022:04:10:11 +0200] "GET /Texte/Rezension?action=edit&restore=diff:1230138295:1178907025:&preview=y HTTP/1.1" 200 8667 "-" "Mozilla/5.0 (Macintosh; Intel Mac OS X 10.15; rv:103.0) Gecko/20100101 Firefox/103.0"
85.25.177.139 - - [28/Aug/2022:04:12:17 +0200] "GET /Texte/Rezension?action=edit&restore=diff:1177687072:1177686993:&preview=y HTTP/1.1" 200 8667 "-" "Mozilla/5.0 (Macintosh; Intel Mac OS X 10.15; rv:103.0) Gecko/20100101 Firefox/103.0"
185.191.171.10 - - [28/Aug/2022:04:14:04 +0200] "GET /PmWikiRu/A?action=search&fmt=title&q=link%3DPmWikiRu.Glossary HTTP/1.1" 404 18 "-" "Mozilla/5.0 (compatible; SemrushBot/7~bl; +http://www.semrush.com/bot.html)"
85.25.177.139 - - [28/Aug/2022:04:14:25 +0200] "GET /Texte/Rezension?action=edit&restore=diff:1178907025:1177687072:&preview=y HTTP/1.1" 200 8667 "-" "Mozilla/5.0 (Macintosh; Intel Mac OS X 10.15; rv:103.0) Gecko/20100101 Firefox/103.0"
85.25.177.139 - - [28/Aug/2022:04:16:21 +0200] "GET /Admin/Links?action=edit&restore=diff:1231706710:1231706676:&preview=y HTTP/1.1" 200 8611 "-" "Mozilla/5.0 (Macintosh; Intel Mac OS X 10.15; rv:103.0) Gecko/20100101 Firefox/103.0"
85.25.177.139 - - [28/Aug/2022:04:17:47 +0200] "GET /Texte/Rezension?action=edit&restore=diff:1163036469:1163036469:&preview=y HTTP/1.1" 200 8667 "-" "Mozilla/5.0 (Macintosh; Intel Mac OS X 10.15; rv:103.0) Gecko/20100101 Firefox/103.0"
85.25.177.139 - - [28/Aug/2022:04:19:38 +0200] "GET /PodCast/Sounegsang?action=diff HTTP/1.1" 200 22067 "-" "Mozilla/5.0 (Macintosh; Intel Mac OS X 10.15; rv:103.0) Gecko/20100101 Firefox/103.0"
185.191.171.19 - - [28/Aug/2022:04:19:52 +0200] "GET /PmWikiRu/DeletingPages?action=upload HTTP/1.1" 403 18 "-" "Mozilla/5.0 (compatible; SemrushBot/7~bl; +http://www.semrush.com/bot.html)"
85.25.177.139 - - [28/Aug/2022:04:21:29 +0200] "GET /PodCast/Sounegsang?action=print HTTP/1.1" 200 8381 "-" "Mozilla/5.0 (Macintosh; Intel Mac OS X 10.15; rv:103.0) Gecko/20100101 Firefox/103.0"
85.25.177.139 - - [28/Aug/2022:04:23:23 +0200] "GET /PodCast/Sounegsang?action=upload HTTP/1.1" 200 8564 "-" "Mozilla/5.0 (Macintosh; Intel Mac OS X 10.15; rv:103.0) Gecko/20100101 Firefox/103.0"
85.25.177.139 - - [28/Aug/2022:04:28:11 +0200] "GET /robots.txt HTTP/1.1" 200 - "-" "Mozilla/5.0 (Macintosh; Intel Mac OS X 10.15; rv:103.0) Gecko/20100101 Firefox/103.0"
85.25.177.139 - - [28/Aug/2022:04:28:11 +0200] "GET /PodCast/Sounegsang?action=edit HTTP/1.1" 200 8664 "-" "Mozilla/5.0 (Macintosh; Intel Mac OS X 10.15; rv:103.0) Gecko/20100101 Firefox/103.0"
85.25.177.139 - - [28/Aug/2022:04:30:02 +0200] "GET /Admin/Links?action=edit&restore=diff:1201807102:1177580651:&preview=y HTTP/1.1" 200 8611 "-" "Mozilla/5.0 (Macintosh; Intel Mac OS X 10.15; rv:103.0) Gecko/20100101 Firefox/103.0"
194.209.200.2 - - [28/Aug/2022:04:31:24 +0200] "GET /robots.txt HTTP/1.1" 200 - "-" "Mozilla/5.0 (compatible; TMMBot/0.2; +http://www.dslab.ch)/Nutch-1.15"
194.209.200.2 - - [28/Aug/2022:04:31:24 +0200] "GET /Admin/Jahresbericht HTTP/1.1" 200 45530 "-" "Mozilla/5.0 (compatible; TMMBot/0.2; +http://www.dslab.ch)/Nutch-1.15"
85.25.177.139 - - [28/Aug/2022:04:31:33 +0200] "GET /PodCast/JBJNaawort?action=diff HTTP/1.1" 200 24976 "-" "Mozilla/5.0 (Macintosh; Intel Mac OS X 10.15; rv:103.0) Gecko/20100101 Firefox/103.0"
194.209.200.2 - - [28/Aug/2022:04:31:53 +0200] "GET /Texte/Schrybwys HTTP/1.1" 200 11028 "-" "Mozilla/5.0 (compatible; TMMBot/0.2; +http://www.dslab.ch)/Nutch-1.15"
194.209.200.2 - - [28/Aug/2022:04:33:22 +0200] "GET /Texte/Styluebige HTTP/1.1" 200 9998 "-" "Mozilla/5.0 (compatible; TMMBot/0.2; +http://www.dslab.ch)/Nutch-1.15"
194.209.200.2 - - [28/Aug/2022:04:33:33 +0200] "GET /Texte/Metamorphoses HTTP/1.1" 200 9045 "-" "Mozilla/5.0 (compatible; TMMBot/0.2; +http://www.dslab.ch)/Nutch-1.15"
85.25.177.139 - - [28/Aug/2022:04:33:46 +0200] "GET /Admin/Links?action=edit&restore=diff:1231706772:1231706746:&preview=y HTTP/1.1" 200 8611 "-" "Mozilla/5.0 (Macintosh; Intel Mac OS X 10.15; rv:103.0) Gecko/20100101 Firefox/103.0"
85.25.177.139 - - [28/Aug/2022:04:34:51 +0200] "GET /PodCast/JBJNaawort?action=print HTTP/1.1" 200 11647 "-" "Mozilla/5.0 (Macintosh; Intel Mac OS X 10.15; rv:103.0) Gecko/20100101 Firefox/103.0"
194.209.200.2 - - [28/Aug/2022:04:36:58 +0200] "GET /Hilfe/AnleitungTonbeispiele HTTP/1.1" 200 9878 "-" "Mozilla/5.0 (compatible; TMMBot/0.2; +http://www.dslab.ch)/Nutch-1.15"
85.25.177.139 - - [28/Aug/2022:04:36:59 +0200] "GET /Admin/Links?action=edit&restore=diff:1447604629:1418663009:&preview=y HTTP/1.1" 200 8611 "-" "Mozilla/5.0 (Macintosh; Intel Mac OS X 10.15; rv:103.0) Gecko/20100101 Firefox/103.0"
85.25.177.139 - - [28/Aug/2022:04:40:12 +0200] "GET /PodCast/JBJNaawort?action=upload HTTP/1.1" 200 8566 "-" "Mozilla/5.0 (Macintosh; Intel Mac OS X 10.15; rv:103.0) Gecko/20100101 Firefox/103.0"
85.25.177.139 - - [28/Aug/2022:04:43:06 +0200] "GET /PodCast/JBJNaawort?action=edit HTTP/1.1" 200 8666 "-" "Mozilla/5.0 (Macintosh; Intel Mac OS X 10.15; rv:103.0) Gecko/20100101 Firefox/103.0"
85.25.177.139 - - [28/Aug/2022:04:44:42 +0200] "GET /Admin/Links?action=edit&restore=diff:1458752239:1447604686:&preview=y HTTP/1.1" 200 8611 "-" "Mozilla/5.0 (Macintosh; Intel Mac OS X 10.15; rv:103.0) Gecko/20100101 Firefox/103.0"
85.25.177.139 - - [28/Aug/2022:04:45:39 +0200] "GET /PodCast/Sidereuhsli?action=print HTTP/1.1" 200 3106 "-" "Mozilla/5.0 (Macintosh; Intel Mac OS X 10.15; rv:103.0) Gecko/20100101 Firefox/103.0"
85.25.177.139 - - [28/Aug/2022:04:46:38 +0200] "GET /Admin/Links?action=edit&restore=diff:1503675398:1458752316:&preview=y HTTP/1.1" 200 8611 "-" "Mozilla/5.0 (Macintosh; Intel Mac OS X 10.15; rv:103.0) Gecko/20100101 Firefox/103.0"
85.25.177.139 - - [28/Aug/2022:04:49:08 +0200] "GET /PodCast/Sidereuhsli?action=upload HTTP/1.1" 200 8578 "-" "Mozilla/5.0 (Macintosh; Intel Mac OS X 10.15; rv:103.0) Gecko/20100101 Firefox/103.0"
185.191.171.33 - - [28/Aug/2022:04:51:08 +0200] "GET /PmWikiDe/MarkupVariables?action=edit HTTP/1.1" 404 18 "-" "Mozilla/5.0 (compatible; SemrushBot/7~bl; +http://www.semrush.com/bot.html)"
85.25.177.139 - - [28/Aug/2022:04:51:20 +0200] "GET /PodCast/Sidereuhsli?action=diff HTTP/1.1" 200 14677 "-" "Mozilla/5.0 (Macintosh; Intel Mac OS X 10.15; rv:103.0) Gecko/20100101 Firefox/103.0"
85.25.177.139 - - [28/Aug/2022:04:53:41 +0200] "GET /PodCast/Fanatiker?action=print HTTP/1.1" 200 3077 "-" "Mozilla/5.0 (Macintosh; Intel Mac OS X 10.15; rv:103.0) Gecko/20100101 Firefox/103.0"
85.25.177.139 - - [28/Aug/2022:04:54:36 +0200] "GET /Admin/Links?action=edit&restore=diff:1418663009:1418662856:&preview=y HTTP/1.1" 200 8611 "-" "Mozilla/5.0 (Macintosh; Intel Mac OS X 10.15; rv:103.0) Gecko/20100101 Firefox/103.0"
85.25.177.139 - - [28/Aug/2022:04:56:59 +0200] "GET /Texte/Gloosse?action=diff&source=n&minor=n HTTP/1.1" 200 9553 "-" "Mozilla/5.0 (Macintosh; Intel Mac OS X 10.15; rv:103.0) Gecko/20100101 Firefox/103.0"
85.25.177.139 - - [28/Aug/2022:04:59:16 +0200] "GET /PodCast/Glawbessund?action=upload HTTP/1.1" 200 8578 "-" "Mozilla/5.0 (Macintosh; Intel Mac OS X 10.15; rv:103.0) Gecko/20100101 Firefox/103.0"
185.191.171.5 - - [28/Aug/2022:04:59:55 +0200] "GET /robots.txt HTTP/1.1" 200 - "-" "Mozilla/5.0 (compatible; SemrushBot/7~bl; +http://www.semrush.com/bot.html)"
185.191.171.20 - - [28/Aug/2022:04:59:55 +0200] "GET /PmWikiDe/Images?action=print HTTP/1.1" 403 18 "-" "Mozilla/5.0 (compatible; SemrushBot/7~bl; +http://www.semrush.com/bot.html)"
85.25.177.139 - - [28/Aug/2022:05:00:41 +0200] "GET /Admin/Links?action=edit&restore=diff:1361974943:1360601748:&preview=y HTTP/1.1" 200 8611 "-" "Mozilla/5.0 (Macintosh; Intel Mac OS X 10.15; rv:103.0) Gecko/20100101 Firefox/103.0"
185.191.171.1 - - [28/Aug/2022:05:00:47 +0200] "GET /PmWikiFr/GoodStyle?action=upload HTTP/1.1" 403 18 "-" "Mozilla/5.0 (compatible; SemrushBot/7~bl; +http://www.semrush.com/bot.html)"
85.25.177.139 - - [28/Aug/2022:05:02:24 +0200] "GET /PodCast/Glawbessund?action=diff HTTP/1.1" 200 51337 "-" "Mozilla/5.0 (Macintosh; Intel Mac OS X 10.15; rv:103.0) Gecko/20100101 Firefox/103.0"
85.25.177.139 - - [28/Aug/2022:05:02:55 +0200] "GET /Admin/Links?action=edit&restore=diff:1458752256:1458752239:&preview=y HTTP/1.1" 200 8611 "-" "Mozilla/5.0 (Macintosh; Intel Mac OS X 10.15; rv:103.0) Gecko/20100101 Firefox/103.0"
194.209.200.2 - - [28/Aug/2022:05:03:16 +0200] "GET /robots.txt HTTP/1.1" 200 - "-" "Mozilla/5.0 (compatible; TMMBot/0.2; +http://www.dslab.ch)/Nutch-1.15"
194.209.200.2 - - [28/Aug/2022:05:03:16 +0200] "GET /Admin/Jahresbericht HTTP/1.1" 200 45530 "-" "Mozilla/5.0 (compatible; TMMBot/0.2; +http://www.dslab.ch)/Nutch-1.15"
194.209.200.2 - - [28/Aug/2022:05:03:35 +0200] "GET /Texte/Limericks HTTP/1.1" 200 8087 "-" "Mozilla/5.0 (compatible; TMMBot/0.2; +http://www.dslab.ch)/Nutch-1.15"
