65.108.76.15 - - [03/Jun/2022:00:00:34 +0200] "GET /Hilfe/GNU/Emacs HTTP/1.1" 404 264 "http://www.pro-zurituutsch.ch/Hilfe/AnleitungTonbeispiele" "Mozilla/5.0 (compatible; SEOkicks; +https://www.seokicks.de/robot.html)"
65.108.76.15 - - [03/Jun/2022:00:00:35 +0200] "GET /Main/Home?action=edit HTTP/1.1" 403 18 "http://www.pro-zurituutsch.ch/" "Mozilla/5.0 (compatible; SEOkicks; +https://www.seokicks.de/robot.html)"
65.108.76.15 - - [03/Jun/2022:00:00:36 +0200] "GET /Site/SideBar?action=edit HTTP/1.1" 403 18 "http://www.pro-zurituutsch.ch/" "Mozilla/5.0 (compatible; SEOkicks; +https://www.seokicks.de/robot.html)"
65.108.76.15 - - [03/Jun/2022:00:00:37 +0200] "GET /Main/Home?action=upload HTTP/1.1" 403 18 "http://www.pro-zurituutsch.ch/" "Mozilla/5.0 (compatible; SEOkicks; +https://www.seokicks.de/robot.html)"
65.108.76.15 - - [03/Jun/2022:00:00:38 +0200] "GET /Main/Home?action=print HTTP/1.1" 403 18 "http://www.pro-zurituutsch.ch/" "Mozilla/5.0 (compatible; SEOkicks; +https://www.seokicks.de/robot.html)"
65.108.76.15 - - [03/Jun/2022:00:00:39 +0200] "GET /Main/Home?action=diff HTTP/1.1" 403 18 "http://www.pro-zurituutsch.ch/" "Mozilla/5.0 (compatible; SEOkicks; +https://www.seokicks.de/robot.html)"
65.108.76.15 - - [03/Jun/2022:00:00:41 +0200] "GET /PodCast/IndexPage HTTP/1.1" 200 32587 "http://www.pro-zurituutsch.ch/PodCast/IndexPage?action=rss" "Mozilla/5.0 (compatible; SEOkicks; +https://www.seokicks.de/robot.html)"
65.108.76.15 - - [03/Jun/2022:00:00:42 +0200] "GET /PodCast/PodCast.IndexPage HTTP/1.1" 404 264 "http://www.pro-zurituutsch.ch/PodCast/IndexPage?action=rss" "Mozilla/5.0 (compatible; SEOkicks; +https://www.seokicks.de/robot.html)"
65.108.76.15 - - [03/Jun/2022:00:00:43 +0200] "GET /PodCast/Wistaria02 HTTP/1.1" 200 16370 "http://www.pro-zurituutsch.ch/PodCast/IndexPage?action=rss" "Mozilla/5.0 (compatible; SEOkicks; +https://www.seokicks.de/robot.html)"
65.108.76.15 - - [03/Jun/2022:00:00:44 +0200] "GET /PodCast/Wistaria01 HTTP/1.1" 200 23568 "http://www.pro-zurituutsch.ch/PodCast/IndexPage?action=rss" "Mozilla/5.0 (compatible; SEOkicks; +https://www.seokicks.de/robot.html)"
65.108.76.15 - - [03/Jun/2022:00:00:45 +0200] "GET /PodCast/Apvantyv HTTP/1.1" 200 11346 "http://www.pro-zurituutsch.ch/PodCast/IndexPage?action=rss" "Mozilla/5.0 (compatible; SEOkicks; +https://www.seokicks.de/robot.html)"
114.119.141.217 - - [03/Jun/2022:00:06:08 +0200] "GET /Site/PageActions?action=search&q=link%3DSite.PageActions HTTP/1.1" 403 18 "http://www.pro-zurituutsch.ch/Site/PageActions" "Mozilla/5.0 (Linux; Android 7.0;) AppleWebKit/537.36 (KHTML, like Gecko) Mobile Safari/537.36 (compatible; PetalBot;+https://webmaster.petalsearch.com/site/petalbot)"
185.191.171.19 - - [03/Jun/2022:00:06:42 +0200] "GET /robots.txt HTTP/1.1" 200 - "-" "Mozilla/5.0 (compatible; SemrushBot/7~bl; +http://www.semrush.com/bot.html)"
185.191.171.26 - - [03/Jun/2022:00:06:42 +0200] "GET /PmWikiIt/PubblicoPmWiki HTTP/1.1" 200 13623 "-" "Mozilla/5.0 (compatible; SemrushBot/7~bl; +http://www.semrush.com/bot.html)"
185.191.171.45 - - [03/Jun/2022:00:15:11 +0200] "GET /PmWikiFr/PageDirectives?action=edit HTTP/1.1" 403 18 "-" "Mozilla/5.0 (compatible; SemrushBot/7~bl; +http://www.semrush.com/bot.html)"
185.191.171.4 - - [03/Jun/2022:00:22:32 +0200] "GET /PmWikiFr/PageDirectives?action=upload HTTP/1.1" 403 18 "-" "Mozilla/5.0 (compatible; SemrushBot/7~bl; +http://www.semrush.com/bot.html)"
114.119.140.71 - - [03/Jun/2022:00:23:53 +0200] "GET /PmWikiDe/PageLists?action=diff HTTP/1.1" 403 18 "http://www.pro-zurituutsch.ch/PmWikiDe/PageLists" "Mozilla/5.0 (Linux; Android 7.0;) AppleWebKit/537.36 (KHTML, like Gecko) Mobile Safari/537.36 (compatible; PetalBot;+https://webmaster.petalsearch.com/site/petalbot)"
194.209.200.2 - - [03/Jun/2022:00:30:37 +0200] "GET /robots.txt HTTP/1.1" 200 - "-" "Mozilla/5.0 (compatible; TMMBot/0.2; +http://www.dslab.ch)/Nutch-1.15"
194.209.200.2 - - [03/Jun/2022:00:30:37 +0200] "GET /Texte/Rezension HTTP/1.1" 200 11812 "-" "Mozilla/5.0 (compatible; TMMBot/0.2; +http://www.dslab.ch)/Nutch-1.15"
194.209.200.2 - - [03/Jun/2022:00:32:51 +0200] "GET /Texte/Limericks HTTP/1.1" 200 8087 "-" "Mozilla/5.0 (compatible; TMMBot/0.2; +http://www.dslab.ch)/Nutch-1.15"
194.209.200.2 - - [03/Jun/2022:00:33:41 +0200] "GET /Texte/ArsAmatoria HTTP/1.1" 200 12369 "-" "Mozilla/5.0 (compatible; TMMBot/0.2; +http://www.dslab.ch)/Nutch-1.15"
194.209.200.2 - - [03/Jun/2022:00:33:55 +0200] "GET /Texte/GDicht HTTP/1.1" 200 8050 "-" "Mozilla/5.0 (compatible; TMMBot/0.2; +http://www.dslab.ch)/Nutch-1.15"
194.209.200.2 - - [03/Jun/2022:00:36:22 +0200] "GET /Admin/Pro-ZurituutschStatuten HTTP/1.1" 200 9580 "-" "Mozilla/5.0 (compatible; TMMBot/0.2; +http://www.dslab.ch)/Nutch-1.15"
194.209.200.2 - - [03/Jun/2022:00:36:26 +0200] "GET / HTTP/1.1" 200 14638 "-" "Mozilla/5.0 (compatible; TMMBot/0.2; +http://www.dslab.ch)/Nutch-1.15"
194.209.200.2 - - [03/Jun/2022:00:37:07 +0200] "GET /Texte/Bitterbeuhsi HTTP/1.1" 200 9255 "-" "Mozilla/5.0 (compatible; TMMBot/0.2; +http://www.dslab.ch)/Nutch-1.15"
194.209.200.2 - - [03/Jun/2022:00:37:18 +0200] "GET /Gast/Podcast HTTP/1.1" 200 8106 "-" "Mozilla/5.0 (compatible; TMMBot/0.2; +http://www.dslab.ch)/Nutch-1.15"
154.54.249.202 - - [03/Jun/2022:00:41:32 +0200] "GET /robots.txt HTTP/1.1" 200 - "-" "Mozilla/5.0 (compatible; Barkrowler/0.9; +https://babbar.tech/crawler)"
154.54.249.202 - - [03/Jun/2022:00:41:54 +0200] "GET /PmWikiHu/Variables?action=diff HTTP/1.1" 200 9234 "-" "Mozilla/5.0 (compatible; Barkrowler/0.9; +https://babbar.tech/crawler)"
185.191.171.15 - - [03/Jun/2022:00:41:57 +0200] "GET /Texte/Roman?action=diff HTTP/1.1" 403 18 "-" "Mozilla/5.0 (compatible; SemrushBot/7~bl; +http://www.semrush.com/bot.html)"
65.108.76.15 - - [03/Jun/2022:00:41:57 +0200] "GET /PodCast/Limerick35 HTTP/1.1" 200 8268 "http://www.pro-zurituutsch.ch/PodCast/IndexPage?action=rss" "Mozilla/5.0 (compatible; SEOkicks; +https://www.seokicks.de/robot.html)"
65.108.76.15 - - [03/Jun/2022:00:41:59 +0200] "GET /PodCast/Limerick34 HTTP/1.1" 200 8268 "http://www.pro-zurituutsch.ch/PodCast/IndexPage?action=rss" "Mozilla/5.0 (compatible; SEOkicks; +https://www.seokicks.de/robot.html)"
65.108.76.15 - - [03/Jun/2022:00:42:00 +0200] "GET /PodCast/UberGebuure HTTP/1.1" 200 15628 "http://www.pro-zurituutsch.ch/PodCast/IndexPage?action=rss" "Mozilla/5.0 (compatible; SEOkicks; +https://www.seokicks.de/robot.html)"
65.108.76.15 - - [03/Jun/2022:00:42:01 +0200] "GET /PodCast/Apsourdistan2 HTTP/1.1" 200 10988 "http://www.pro-zurituutsch.ch/PodCast/IndexPage?action=rss" "Mozilla/5.0 (compatible; SEOkicks; +https://www.seokicks.de/robot.html)"
65.108.76.15 - - [03/Jun/2022:00:42:02 +0200] "GET /PodCast/Limerick33 HTTP/1.1" 200 8889 "http://www.pro-zurituutsch.ch/PodCast/IndexPage?action=rss" "Mozilla/5.0 (compatible; SEOkicks; +https://www.seokicks.de/robot.html)"
65.108.76.15 - - [03/Jun/2022:00:42:03 +0200] "GET /PodCast/Falschmaldig HTTP/1.1" 200 11091 "http://www.pro-zurituutsch.ch/PodCast/IndexPage?action=rss" "Mozilla/5.0 (compatible; SEOkicks; +https://www.seokicks.de/robot.html)"
65.108.76.15 - - [03/Jun/2022:00:42:05 +0200] "GET /PodCast/AbsNov16 HTTP/1.1" 200 12438 "http://www.pro-zurituutsch.ch/PodCast/IndexPage?action=rss" "Mozilla/5.0 (compatible; SEOkicks; +https://www.seokicks.de/robot.html)"
65.108.76.15 - - [03/Jun/2022:00:42:06 +0200] "GET /PodCast/RSSPodcasts?action=edit HTTP/1.1" 403 18 "http://www.pro-zurituutsch.ch/PodCast/RSSPodcasts" "Mozilla/5.0 (compatible; SEOkicks; +https://www.seokicks.de/robot.html)"
65.108.76.15 - - [03/Jun/2022:00:42:07 +0200] "GET /PodCast/RSSPodcasts?action=upload HTTP/1.1" 403 18 "http://www.pro-zurituutsch.ch/PodCast/RSSPodcasts" "Mozilla/5.0 (compatible; SEOkicks; +https://www.seokicks.de/robot.html)"
65.108.76.15 - - [03/Jun/2022:00:42:08 +0200] "GET /PodCast/RSSPodcasts?action=print HTTP/1.1" 403 18 "http://www.pro-zurituutsch.ch/PodCast/RSSPodcasts" "Mozilla/5.0 (compatible; SEOkicks; +https://www.seokicks.de/robot.html)"
65.108.76.15 - - [03/Jun/2022:00:42:09 +0200] "GET /PodCast/RSSPodcasts?action=diff HTTP/1.1" 403 18 "http://www.pro-zurituutsch.ch/PodCast/RSSPodcasts" "Mozilla/5.0 (compatible; SEOkicks; +https://www.seokicks.de/robot.html)"
154.54.249.202 - - [03/Jun/2022:00:42:16 +0200] "GET /robots.txt HTTP/1.1" 200 - "-" "Mozilla/5.0 (compatible; Barkrowler/0.9; +https://babbar.tech/crawler)"
154.54.249.202 - - [03/Jun/2022:00:42:40 +0200] "GET /PmWikiHu/LayoutAdvanced?action=diff HTTP/1.1" 200 9316 "-" "Mozilla/5.0 (compatible; Barkrowler/0.9; +https://babbar.tech/crawler)"
154.54.249.202 - - [03/Jun/2022:00:43:00 +0200] "GET /PmWikiHu/AuthorTracking?action=upload HTTP/1.1" 200 8637 "-" "Mozilla/5.0 (compatible; Barkrowler/0.9; +https://babbar.tech/crawler)"
154.54.249.202 - - [03/Jun/2022:00:43:22 +0200] "GET /PmWikiHu/WikiStyles?action=upload HTTP/1.1" 200 8581 "-" "Mozilla/5.0 (compatible; Barkrowler/0.9; +https://babbar.tech/crawler)"
154.54.249.202 - - [03/Jun/2022:00:43:46 +0200] "GET /PmWikiHu/WikiTrails?action=upload HTTP/1.1" 200 8581 "-" "Mozilla/5.0 (compatible; Barkrowler/0.9; +https://babbar.tech/crawler)"
154.54.249.202 - - [03/Jun/2022:00:44:09 +0200] "GET /PmWikiHu/WikiTrails?action=diff HTTP/1.1" 200 9252 "-" "Mozilla/5.0 (compatible; Barkrowler/0.9; +https://babbar.tech/crawler)"
154.54.249.202 - - [03/Jun/2022:00:44:30 +0200] "GET /PmWikiHu/Audiences?action=upload HTTP/1.1" 200 8565 "-" "Mozilla/5.0 (compatible; Barkrowler/0.9; +https://babbar.tech/crawler)"
154.54.249.202 - - [03/Jun/2022:00:44:53 +0200] "GET /PmWikiHu/Audiences?action=diff HTTP/1.1" 200 9234 "-" "Mozilla/5.0 (compatible; Barkrowler/0.9; +https://babbar.tech/crawler)"
154.54.249.202 - - [03/Jun/2022:00:45:15 +0200] "GET /PmWikiNl/RecentChanges?action=diff HTTP/1.1" 200 7904 "-" "Mozilla/5.0 (compatible; Barkrowler/0.9; +https://babbar.tech/crawler)"
154.54.249.202 - - [03/Jun/2022:00:45:36 +0200] "GET /PmWikiDe/Introduction?action=diff HTTP/1.1" 200 7737 "-" "Mozilla/5.0 (compatible; Barkrowler/0.9; +https://babbar.tech/crawler)"
154.54.249.202 - - [03/Jun/2022:00:45:57 +0200] "GET /PmWikiDe/ChangeLog?action=diff HTTP/1.1" 200 7691 "-" "Mozilla/5.0 (compatible; Barkrowler/0.9; +https://babbar.tech/crawler)"
185.191.171.16 - - [03/Jun/2022:00:46:18 +0200] "GET /PmWikiIt/StatoDellaTraduzione?action=print HTTP/1.1" 403 18 "-" "Mozilla/5.0 (compatible; SemrushBot/7~bl; +http://www.semrush.com/bot.html)"
154.54.249.202 - - [03/Jun/2022:00:46:21 +0200] "GET /PmWikiDe/ChangeLog?action=upload HTTP/1.1" 200 7022 "-" "Mozilla/5.0 (compatible; Barkrowler/0.9; +https://babbar.tech/crawler)"
154.54.249.202 - - [03/Jun/2022:00:46:43 +0200] "GET /PmWikiDe/GroupCustomizations?action=upload HTTP/1.1" 200 7162 "-" "Mozilla/5.0 (compatible; Barkrowler/0.9; +https://babbar.tech/crawler)"
154.54.249.202 - - [03/Jun/2022:00:47:04 +0200] "GET /PmWikiDe/GroupCustomizations?action=diff HTTP/1.1" 200 7851 "-" "Mozilla/5.0 (compatible; Barkrowler/0.9; +https://babbar.tech/crawler)"
154.54.249.202 - - [03/Jun/2022:00:47:26 +0200] "GET /robots.txt HTTP/1.1" 200 - "-" "Mozilla/5.0 (compatible; Barkrowler/0.9; +https://babbar.tech/crawler)"
154.54.249.202 - - [03/Jun/2022:00:47:48 +0200] "GET /PmWikiDe/RecentChanges?action=upload HTTP/1.1" 200 7078 "-" "Mozilla/5.0 (compatible; Barkrowler/0.9; +https://babbar.tech/crawler)"
154.54.249.202 - - [03/Jun/2022:00:48:10 +0200] "GET /PmWikiDe/RecentChanges?action=diff HTTP/1.1" 200 7755 "-" "Mozilla/5.0 (compatible; Barkrowler/0.9; +https://babbar.tech/crawler)"
154.54.249.202 - - [03/Jun/2022:00:48:31 +0200] "GET /PmWikiDe/PageLocking?action=upload HTTP/1.1" 200 7050 "-" "Mozilla/5.0 (compatible; Barkrowler/0.9; +https://babbar.tech/crawler)"
154.54.249.202 - - [03/Jun/2022:00:48:53 +0200] "GET /PmWikiDe/PageLocking?action=diff HTTP/1.1" 200 7723 "-" "Mozilla/5.0 (compatible; Barkrowler/0.9; +https://babbar.tech/crawler)"
154.54.249.202 - - [03/Jun/2022:00:49:13 +0200] "GET /PmWikiHu/RefCount?action=upload HTTP/1.1" 200 8553 "-" "Mozilla/5.0 (compatible; Barkrowler/0.9; +https://babbar.tech/crawler)"
154.54.249.202 - - [03/Jun/2022:00:49:36 +0200] "GET /PmWikiHu/RefCount?action=diff HTTP/1.1" 200 9220 "-" "Mozilla/5.0 (compatible; Barkrowler/0.9; +https://babbar.tech/crawler)"
154.54.249.202 - - [03/Jun/2022:00:49:56 +0200] "GET /PmWiki/XLPageTemplate?action=diff HTTP/1.1" 200 9285 "-" "Mozilla/5.0 (compatible; Barkrowler/0.9; +https://babbar.tech/crawler)"
154.54.249.202 - - [03/Jun/2022:00:50:18 +0200] "GET /PmWiki/XLPageTemplate?action=upload HTTP/1.1" 200 8610 "-" "Mozilla/5.0 (compatible; Barkrowler/0.9; +https://babbar.tech/crawler)"
62.210.215.119 - - [03/Jun/2022:00:50:36 +0200] "GET /PodCast/IndexPage?action=rss HTTP/1.1" 200 6298 "-" "Mozilla/5.0 (X11; Linux i686) AppleWebKit/537.36 (KHTML, like Gecko) Chrome/30.0.1599.66 Safari/537.36"
154.54.249.202 - - [03/Jun/2022:00:50:39 +0200] "GET /PmWiki/PmWikiFeatures?action=upload HTTP/1.1" 200 8610 "-" "Mozilla/5.0 (compatible; Barkrowler/0.9; +https://babbar.tech/crawler)"
154.54.249.202 - - [03/Jun/2022:00:51:04 +0200] "GET /PmWiki/PmWikiFeatures?action=diff HTTP/1.1" 200 9285 "-" "Mozilla/5.0 (compatible; Barkrowler/0.9; +https://babbar.tech/crawler)"
154.54.249.202 - - [03/Jun/2022:00:51:26 +0200] "GET /PmWikiJa/RelativeUrls?action=print HTTP/1.1" 404 2417 "-" "Mozilla/5.0 (compatible; Barkrowler/0.9; +https://babbar.tech/crawler)"
154.54.249.202 - - [03/Jun/2022:00:51:51 +0200] "GET /PmWikiHu/SimpleTables2?action=upload HTTP/1.1" 200 8625 "-" "Mozilla/5.0 (compatible; Barkrowler/0.9; +https://babbar.tech/crawler)"
154.54.249.202 - - [03/Jun/2022:00:52:12 +0200] "GET /PmWikiFr/PolitiqueDeTraduction?action=print HTTP/1.1" 200 14248 "-" "Mozilla/5.0 (compatible; Barkrowler/0.9; +https://babbar.tech/crawler)"
154.54.249.202 - - [03/Jun/2022:00:52:35 +0200] "GET /robots.txt HTTP/1.1" 200 - "-" "Mozilla/5.0 (compatible; Barkrowler/0.9; +https://babbar.tech/crawler)"
154.54.249.202 - - [03/Jun/2022:00:52:56 +0200] "GET /PmWikiFr/ListesDeDiffusion?action=edit HTTP/1.1" 200 9161 "-" "Mozilla/5.0 (compatible; Barkrowler/0.9; +https://babbar.tech/crawler)"
157.55.39.219 - - [03/Jun/2022:00:52:59 +0200] "GET /PodCast/Reschpakt HTTP/1.1" 200 13691 "-" "Mozilla/5.0 (compatible; bingbot/2.0; +http://www.bing.com/bingbot.htm)"
154.54.249.202 - - [03/Jun/2022:00:53:17 +0200] "GET /PodCast/122Sitkouscht1482?action=edit HTTP/1.1" 200 8766 "-" "Mozilla/5.0 (compatible; Barkrowler/0.9; +https://babbar.tech/crawler)"
154.54.249.202 - - [03/Jun/2022:00:53:37 +0200] "GET /PodCast/Zwangsabonemang?action=print HTTP/1.1" 200 9134 "-" "Mozilla/5.0 (compatible; Barkrowler/0.9; +https://babbar.tech/crawler)"
154.54.249.202 - - [03/Jun/2022:00:53:59 +0200] "GET /PodCast/RURAkt2TIl4?action=print HTTP/1.1" 200 17816 "-" "Mozilla/5.0 (compatible; Barkrowler/0.9; +https://babbar.tech/crawler)"
154.54.249.202 - - [03/Jun/2022:00:54:20 +0200] "GET /PodCast/700Buezerleuh?action=print HTTP/1.1" 200 2316 "-" "Mozilla/5.0 (compatible; Barkrowler/0.9; +https://babbar.tech/crawler)"
154.54.249.202 - - [03/Jun/2022:00:54:41 +0200] "GET /PodCast/Begriffbegryffe?action=diff HTTP/1.1" 200 12691 "-" "Mozilla/5.0 (compatible; Barkrowler/0.9; +https://babbar.tech/crawler)"
154.54.249.202 - - [03/Jun/2022:00:55:04 +0200] "GET /Bestellen/PschtLlformoular?action=edit HTTP/1.1" 200 8777 "-" "Mozilla/5.0 (compatible; Barkrowler/0.9; +https://babbar.tech/crawler)"
66.249.76.193 - - [03/Jun/2022:00:55:15 +0200] "GET /PodCast/IndexPage?action=rss HTTP/1.1" 200 6298 "-" "Mozilla/5.0 (compatible; Googlebot/2.1; +http://www.google.com/bot.html)"
154.54.249.202 - - [03/Jun/2022:00:55:24 +0200] "GET /Profiles/Pico?action=diff&source=n&minor=y HTTP/1.1" 200 9160 "-" "Mozilla/5.0 (compatible; Barkrowler/0.9; +https://babbar.tech/crawler)"
154.54.249.202 - - [03/Jun/2022:00:55:45 +0200] "GET /Category/GroupFooter?action=diff&source=n&minor=y HTTP/1.1" 200 9274 "-" "Mozilla/5.0 (compatible; Barkrowler/0.9; +https://babbar.tech/crawler)"
154.54.249.202 - - [03/Jun/2022:00:56:09 +0200] "GET /Category/Security?action=diff&source=y&minor=n HTTP/1.1" 200 9214 "-" "Mozilla/5.0 (compatible; Barkrowler/0.9; +https://babbar.tech/crawler)"
154.54.249.202 - - [03/Jun/2022:00:56:29 +0200] "GET /Site/AuthUser?action=diff&source=y&minor=n HTTP/1.1" 200 9152 "-" "Mozilla/5.0 (compatible; Barkrowler/0.9; +https://babbar.tech/crawler)"
154.54.249.202 - - [03/Jun/2022:00:56:51 +0200] "GET /Site/AttrForm?action=diff&source=y&minor=n HTTP/1.1" 200 9152 "-" "Mozilla/5.0 (compatible; Barkrowler/0.9; +https://babbar.tech/crawler)"
154.54.249.202 - - [03/Jun/2022:00:57:12 +0200] "GET /PmWikiRu/UploadQuickReference?action=diff HTTP/1.1" 200 9962 "-" "Mozilla/5.0 (compatible; Barkrowler/0.9; +https://babbar.tech/crawler)"
154.54.249.202 - - [03/Jun/2022:00:57:34 +0200] "GET /robots.txt HTTP/1.1" 200 - "-" "Mozilla/5.0 (compatible; Barkrowler/0.9; +https://babbar.tech/crawler)"
154.54.249.202 - - [03/Jun/2022:00:57:56 +0200] "GET /PmWikiRu/EditQuickReference?action=diff HTTP/1.1" 200 9930 "-" "Mozilla/5.0 (compatible; Barkrowler/0.9; +https://babbar.tech/crawler)"
154.54.249.202 - - [03/Jun/2022:00:58:16 +0200] "GET /PmWiki/FAQ?action=diff&source=y&minor=n HTTP/1.1" 200 9103 "-" "Mozilla/5.0 (compatible; Barkrowler/0.9; +https://babbar.tech/crawler)"
154.54.249.202 - - [03/Jun/2022:00:58:40 +0200] "GET /Profiles/Holo?action=diff&source=n&minor=y HTTP/1.1" 200 9160 "-" "Mozilla/5.0 (compatible; Barkrowler/0.9; +https://babbar.tech/crawler)"
154.54.249.202 - - [03/Jun/2022:00:59:02 +0200] "GET /PmWikiVi/ChinhSachPmWiki?action=edit HTTP/1.1" 200 11692 "-" "Mozilla/5.0 (compatible; Barkrowler/0.9; +https://babbar.tech/crawler)"
154.54.249.202 - - [03/Jun/2022:00:59:23 +0200] "GET /Cookbook/Cookbook?action=diff&source=y&minor=n HTTP/1.1" 200 9214 "-" "Mozilla/5.0 (compatible; Barkrowler/0.9; +https://babbar.tech/crawler)"
154.54.249.202 - - [03/Jun/2022:00:59:46 +0200] "GET /Localization/Localization?action=diff&source=y&minor=n HTTP/1.1" 200 9342 "-" "Mozilla/5.0 (compatible; Barkrowler/0.9; +https://babbar.tech/crawler)"
185.191.171.36 - - [03/Jun/2022:01:04:45 +0200] "GET /PmWikiRu/A?action=search&fmt=title&q=link%3DPmWikiRu.BasicEditing HTTP/1.1" 404 18 "-" "Mozilla/5.0 (compatible; SemrushBot/7~bl; +http://www.semrush.com/bot.html)"
194.209.200.2 - - [03/Jun/2022:01:08:23 +0200] "GET /robots.txt HTTP/1.1" 200 - "-" "Mozilla/5.0 (compatible; TMMBot/0.2; +http://www.dslab.ch)/Nutch-1.15"
194.209.200.2 - - [03/Jun/2022:01:08:23 +0200] "GET /Texte/Rezension HTTP/1.1" 200 11812 "-" "Mozilla/5.0 (compatible; TMMBot/0.2; +http://www.dslab.ch)/Nutch-1.15"
185.191.171.33 - - [03/Jun/2022:01:09:05 +0200] "GET /robots.txt HTTP/1.1" 200 - "-" "Mozilla/5.0 (compatible; SemrushBot/7~bl; +http://www.semrush.com/bot.html)"
185.191.171.43 - - [03/Jun/2022:01:09:05 +0200] "GET /PmWikiRu/PmWikiPhilosophy HTTP/1.1" 200 17589 "-" "Mozilla/5.0 (compatible; SemrushBot/7~bl; +http://www.semrush.com/bot.html)"
194.209.200.2 - - [03/Jun/2022:01:10:14 +0200] "GET /Admin/Jahresbericht HTTP/1.1" 200 45530 "-" "Mozilla/5.0 (compatible; TMMBot/0.2; +http://www.dslab.ch)/Nutch-1.15"
114.119.141.206 - - [03/Jun/2022:01:11:03 +0200] "GET /PmWikiPtBr/XLPage?action=upload HTTP/1.1" 403 18 "http://www.pro-zurituutsch.ch/PmWikiPtBr/XLPage" "Mozilla/5.0 (Linux; Android 7.0;) AppleWebKit/537.36 (KHTML, like Gecko) Mobile Safari/537.36 (compatible; PetalBot;+https://webmaster.petalsearch.com/site/petalbot)"
194.209.200.2 - - [03/Jun/2022:01:11:24 +0200] "GET /Texte/ArsAmatoria HTTP/1.1" 200 12369 "-" "Mozilla/5.0 (compatible; TMMBot/0.2; +http://www.dslab.ch)/Nutch-1.15"
194.209.200.2 - - [03/Jun/2022:01:11:38 +0200] "GET /Texte/GDicht HTTP/1.1" 200 8050 "-" "Mozilla/5.0 (compatible; TMMBot/0.2; +http://www.dslab.ch)/Nutch-1.15"
194.209.200.2 - - [03/Jun/2022:01:14:08 +0200] "GET / HTTP/1.1" 200 14638 "-" "Mozilla/5.0 (compatible; TMMBot/0.2; +http://www.dslab.ch)/Nutch-1.15"
194.209.200.2 - - [03/Jun/2022:01:14:52 +0200] "GET /Texte/Bitterbeuhsi HTTP/1.1" 200 9255 "-" "Mozilla/5.0 (compatible; TMMBot/0.2; +http://www.dslab.ch)/Nutch-1.15"
194.209.200.2 - - [03/Jun/2022:01:15:02 +0200] "GET /Gast/Podcast HTTP/1.1" 200 8106 "-" "Mozilla/5.0 (compatible; TMMBot/0.2; +http://www.dslab.ch)/Nutch-1.15"
65.108.76.15 - - [03/Jun/2022:01:16:54 +0200] "GET /Texte/Roman?action=edit HTTP/1.1" 403 18 "http://www.pro-zurituutsch.ch/Texte/Roman" "Mozilla/5.0 (compatible; SEOkicks; +https://www.seokicks.de/robot.html)"
65.108.76.15 - - [03/Jun/2022:01:16:55 +0200] "GET /Texte/Roman?action=upload HTTP/1.1" 403 18 "http://www.pro-zurituutsch.ch/Texte/Roman" "Mozilla/5.0 (compatible; SEOkicks; +https://www.seokicks.de/robot.html)"
65.108.76.15 - - [03/Jun/2022:01:16:56 +0200] "GET /Texte/Roman?action=print HTTP/1.1" 403 18 "http://www.pro-zurituutsch.ch/Texte/Roman" "Mozilla/5.0 (compatible; SEOkicks; +https://www.seokicks.de/robot.html)"
65.108.76.15 - - [03/Jun/2022:01:16:57 +0200] "GET /Texte/Roman?action=diff HTTP/1.1" 403 18 "http://www.pro-zurituutsch.ch/Texte/Roman" "Mozilla/5.0 (compatible; SEOkicks; +https://www.seokicks.de/robot.html)"
65.108.76.15 - - [03/Jun/2022:01:16:59 +0200] "GET /PodCast/Roman1 HTTP/1.1" 200 11804 "http://www.pro-zurituutsch.ch/Texte/Roman" "Mozilla/5.0 (compatible; SEOkicks; +https://www.seokicks.de/robot.html)"
65.108.76.15 - - [03/Jun/2022:01:17:01 +0200] "GET /Texte/Styluebige?action=edit HTTP/1.1" 403 18 "http://www.pro-zurituutsch.ch/Texte/Styluebige" "Mozilla/5.0 (compatible; SEOkicks; +https://www.seokicks.de/robot.html)"
65.108.76.15 - - [03/Jun/2022:01:17:02 +0200] "GET /Texte/Styluebige?action=upload HTTP/1.1" 403 18 "http://www.pro-zurituutsch.ch/Texte/Styluebige" "Mozilla/5.0 (compatible; SEOkicks; +https://www.seokicks.de/robot.html)"
65.108.76.15 - - [03/Jun/2022:01:17:04 +0200] "GET /Texte/Styluebige?action=print HTTP/1.1" 403 18 "http://www.pro-zurituutsch.ch/Texte/Styluebige" "Mozilla/5.0 (compatible; SEOkicks; +https://www.seokicks.de/robot.html)"
65.108.76.15 - - [03/Jun/2022:01:17:05 +0200] "GET /Texte/Styluebige?action=diff HTTP/1.1" 403 18 "http://www.pro-zurituutsch.ch/Texte/Styluebige" "Mozilla/5.0 (compatible; SEOkicks; +https://www.seokicks.de/robot.html)"
65.108.76.15 - - [03/Jun/2022:01:17:07 +0200] "GET /Texte/Schrybwys?action=edit HTTP/1.1" 403 18 "http://www.pro-zurituutsch.ch/Texte/Schrybwys" "Mozilla/5.0 (compatible; SEOkicks; +https://www.seokicks.de/robot.html)"
65.108.76.15 - - [03/Jun/2022:01:17:08 +0200] "GET /Texte/Schrybwys?action=upload HTTP/1.1" 403 18 "http://www.pro-zurituutsch.ch/Texte/Schrybwys" "Mozilla/5.0 (compatible; SEOkicks; +https://www.seokicks.de/robot.html)"
157.55.39.124 - - [03/Jun/2022:01:17:47 +0200] "GET /PodCast/IndexPage?action=rss HTTP/1.1" 200 6298 "-" "Mozilla/5.0 (compatible; bingbot/2.0; +http://www.bing.com/bingbot.htm)"
17.121.115.156 - - [03/Jun/2022:01:21:53 +0200] "GET /robots.txt HTTP/1.1" 200 - "-" "Mozilla/5.0 (Macintosh; Intel Mac OS X 10_15_5) AppleWebKit/605.1.15 (KHTML, like Gecko) Version/13.1.1 Safari/605.1.15 (Applebot/0.1; +http://www.apple.com/go/applebot)"
17.121.115.156 - - [03/Jun/2022:01:21:53 +0200] "GET / HTTP/1.1" 200 14638 "-" "Mozilla/5.0 (Macintosh; Intel Mac OS X 10_15_5) AppleWebKit/605.1.15 (KHTML, like Gecko) Version/13.1.1 Safari/605.1.15 (Applebot/0.1; +http://www.apple.com/go/applebot)"
114.119.140.66 - - [03/Jun/2022:01:21:56 +0200] "GET /PmWikiSi/PageNotFound?action=edit HTTP/1.1" 403 18 "http://www.pro-zurituutsch.ch/PmWikiSi/PageNotFound" "Mozilla/5.0 (Linux; Android 7.0;) AppleWebKit/537.36 (KHTML, like Gecko) Mobile Safari/537.36 (compatible; PetalBot;+https://webmaster.petalsearch.com/site/petalbot)"
50.116.52.70 - - [03/Jun/2022:01:27:19 +0200] "GET /PodCast/IndexPage?action=rss HTTP/1.1" 200 6298 "-" "PlayerFM/1.0 Podcast Sync (1 subscribers; url=https://player.fm/series/podcast-2872909)"
185.191.171.39 - - [03/Jun/2022:01:27:32 +0200] "GET /PmWikiDe/FilePermissions?action=edit HTTP/1.1" 404 18 "-" "Mozilla/5.0 (compatible; SemrushBot/7~bl; +http://www.semrush.com/bot.html)"
185.191.171.40 - - [03/Jun/2022:01:35:24 +0200] "GET /PmWikiFr/EditQuickReference?action=diff HTTP/1.1" 403 18 "-" "Mozilla/5.0 (compatible; SemrushBot/7~bl; +http://www.semrush.com/bot.html)"
114.119.140.85 - - [03/Jun/2022:01:40:07 +0200] "GET /PmWikiDe/CreatingNewPages?action=edit HTTP/1.1" 403 18 "http://www.pro-zurituutsch.ch/PmWikiDe/CreatingNewPages" "Mozilla/5.0 (Linux; Android 7.0;) AppleWebKit/537.36 (KHTML, like Gecko) Mobile Safari/537.36 (compatible; PetalBot;+https://webmaster.petalsearch.com/site/petalbot)"
95.163.255.88 - - [03/Jun/2022:01:40:45 +0200] "GET /robots.txt HTTP/1.0" 200 - "-" "Mozilla/5.0 (compatible; Linux x86_64; Mail.RU_Bot/2.0; +https://help.mail.ru/webmaster/indexing/robots)"
95.163.255.89 - - [03/Jun/2022:01:40:47 +0200] "GET /PmWikiRu/Functions HTTP/1.1" 200 19292 "-" "Mozilla/5.0 (compatible; Linux x86_64; Mail.RU_Bot/2.0; +https://help.mail.ru/webmaster/indexing/robots)"
95.163.255.84 - - [03/Jun/2022:01:43:30 +0200] "GET /PmWikiRu/AvailableActions HTTP/1.1" 200 16563 "-" "Mozilla/5.0 (compatible; Linux x86_64; Mail.RU_Bot/2.0; +https://help.mail.ru/webmaster/indexing/robots)"
65.108.76.15 - - [03/Jun/2022:01:47:20 +0200] "GET /Texte/Schrybwys?action=print HTTP/1.1" 403 18 "http://www.pro-zurituutsch.ch/Texte/Schrybwys" "Mozilla/5.0 (compatible; SEOkicks; +https://www.seokicks.de/robot.html)"
65.108.76.15 - - [03/Jun/2022:01:47:22 +0200] "GET /Texte/Schrybwys?action=diff HTTP/1.1" 403 18 "http://www.pro-zurituutsch.ch/Texte/Schrybwys" "Mozilla/5.0 (compatible; SEOkicks; +https://www.seokicks.de/robot.html)"
65.108.76.15 - - [03/Jun/2022:01:47:23 +0200] "GET /PodCast/PodCast HTTP/1.1" 200 29790 "http://www.pro-zurituutsch.ch/Texte/Schrybwys" "Mozilla/5.0 (compatible; SEOkicks; +https://www.seokicks.de/robot.html)"
65.108.76.15 - - [03/Jun/2022:01:47:26 +0200] "GET /Texte/Bitterbeuhsi?action=edit HTTP/1.1" 403 18 "http://www.pro-zurituutsch.ch/Texte/Bitterbeuhsi" "Mozilla/5.0 (compatible; SEOkicks; +https://www.seokicks.de/robot.html)"
65.108.76.15 - - [03/Jun/2022:01:47:28 +0200] "GET /Texte/Bitterbeuhsi?action=upload HTTP/1.1" 403 18 "http://www.pro-zurituutsch.ch/Texte/Bitterbeuhsi" "Mozilla/5.0 (compatible; SEOkicks; +https://www.seokicks.de/robot.html)"
65.108.76.15 - - [03/Jun/2022:01:47:30 +0200] "GET /Texte/Bitterbeuhsi?action=print HTTP/1.1" 403 18 "http://www.pro-zurituutsch.ch/Texte/Bitterbeuhsi" "Mozilla/5.0 (compatible; SEOkicks; +https://www.seokicks.de/robot.html)"
65.108.76.15 - - [03/Jun/2022:01:47:32 +0200] "GET /Texte/Bitterbeuhsi?action=diff HTTP/1.1" 403 18 "http://www.pro-zurituutsch.ch/Texte/Bitterbeuhsi" "Mozilla/5.0 (compatible; SEOkicks; +https://www.seokicks.de/robot.html)"
65.108.76.15 - - [03/Jun/2022:01:47:33 +0200] "GET /Bestellen.Pschtellformoular HTTP/1.1" 200 10113 "http://www.pro-zurituutsch.ch/Texte/Bitterbeuhsi" "Mozilla/5.0 (compatible; SEOkicks; +https://www.seokicks.de/robot.html)"
65.108.76.15 - - [03/Jun/2022:01:47:35 +0200] "GET /Texte/ArsAmatoria?action=edit HTTP/1.1" 403 18 "http://www.pro-zurituutsch.ch/Texte/ArsAmatoria" "Mozilla/5.0 (compatible; SEOkicks; +https://www.seokicks.de/robot.html)"
65.108.76.15 - - [03/Jun/2022:01:47:37 +0200] "GET /Texte/ArsAmatoria?action=upload HTTP/1.1" 403 18 "http://www.pro-zurituutsch.ch/Texte/ArsAmatoria" "Mozilla/5.0 (compatible; SEOkicks; +https://www.seokicks.de/robot.html)"
65.108.76.15 - - [03/Jun/2022:01:47:38 +0200] "GET /Texte/ArsAmatoria?action=print HTTP/1.1" 403 18 "http://www.pro-zurituutsch.ch/Texte/ArsAmatoria" "Mozilla/5.0 (compatible; SEOkicks; +https://www.seokicks.de/robot.html)"
185.191.171.23 - - [03/Jun/2022:01:47:49 +0200] "GET /PmWikiDe/BackupAndRestore?action=diff HTTP/1.1" 403 18 "-" "Mozilla/5.0 (compatible; SemrushBot/7~bl; +http://www.semrush.com/bot.html)"
194.209.200.2 - - [03/Jun/2022:01:49:51 +0200] "GET /robots.txt HTTP/1.1" 200 - "-" "Mozilla/5.0 (compatible; TMMBot/0.2; +http://www.dslab.ch)/Nutch-1.15"
194.209.200.2 - - [03/Jun/2022:01:49:51 +0200] "GET /Admin/Jahresbericht HTTP/1.1" 200 45530 "-" "Mozilla/5.0 (compatible; TMMBot/0.2; +http://www.dslab.ch)/Nutch-1.15"
194.209.200.2 - - [03/Jun/2022:01:50:10 +0200] "GET /Texte/Limericks HTTP/1.1" 200 8087 "-" "Mozilla/5.0 (compatible; TMMBot/0.2; +http://www.dslab.ch)/Nutch-1.15"
194.209.200.2 - - [03/Jun/2022:01:51:14 +0200] "GET /Texte/GDicht HTTP/1.1" 200 8050 "-" "Mozilla/5.0 (compatible; TMMBot/0.2; +http://www.dslab.ch)/Nutch-1.15"
114.119.141.100 - - [03/Jun/2022:01:52:10 +0200] "GET /PmWikiDe/PageNotFound?action=upload HTTP/1.1" 403 18 "http://www.pro-zurituutsch.ch/PmWikiDe/PageNotFound" "Mozilla/5.0 (Linux; Android 7.0;) AppleWebKit/537.36 (KHTML, like Gecko) Mobile Safari/537.36 (compatible; PetalBot;+https://webmaster.petalsearch.com/site/petalbot)"
194.209.200.2 - - [03/Jun/2022:01:53:47 +0200] "GET / HTTP/1.1" 200 14638 "-" "Mozilla/5.0 (compatible; TMMBot/0.2; +http://www.dslab.ch)/Nutch-1.15"
194.209.200.2 - - [03/Jun/2022:01:54:34 +0200] "GET /Texte/Bitterbeuhsi HTTP/1.1" 200 9255 "-" "Mozilla/5.0 (compatible; TMMBot/0.2; +http://www.dslab.ch)/Nutch-1.15"
194.209.200.2 - - [03/Jun/2022:01:54:44 +0200] "GET /Gast/Podcast HTTP/1.1" 200 8106 "-" "Mozilla/5.0 (compatible; TMMBot/0.2; +http://www.dslab.ch)/Nutch-1.15"
185.191.171.38 - - [03/Jun/2022:01:57:57 +0200] "GET /Site/InterMap?action=edit HTTP/1.1" 404 18 "-" "Mozilla/5.0 (compatible; SemrushBot/7~bl; +http://www.semrush.com/bot.html)"
54.36.148.89 - - [03/Jun/2022:01:59:32 +0200] "GET /Admin/Pro-ZurituutschStatuten HTTP/1.1" 200 9580 "-" "Mozilla/5.0 (compatible; AhrefsBot/7.0; +http://ahrefs.com/robot/)"
66.249.76.222 - - [03/Jun/2022:02:02:49 +0200] "GET /PodCast/IndexPage?action=rss HTTP/1.1" 200 6298 "-" "Mozilla/5.0 (compatible; Googlebot/2.1; +http://www.google.com/bot.html)"
216.244.66.243 - - [03/Jun/2022:02:04:38 +0200] "GET /robots.txt HTTP/1.1" 200 - "-" "Mozilla/5.0 (compatible; DotBot/1.2; +https://opensiteexplorer.org/dotbot; help@moz.com)"
114.119.140.85 - - [03/Jun/2022:02:06:08 +0200] "GET /PmWikiRu/DeletingPages?action=edit HTTP/1.1" 403 18 "http://www.pro-zurituutsch.ch/PmWikiRu/DeletingPages" "Mozilla/5.0 (Linux; Android 7.0;) AppleWebKit/537.36 (KHTML, like Gecko) Mobile Safari/537.36 (compatible; PetalBot;+https://webmaster.petalsearch.com/site/petalbot)"
185.191.171.24 - - [03/Jun/2022:02:11:01 +0200] "GET /robots.txt HTTP/1.1" 200 - "-" "Mozilla/5.0 (compatible; SemrushBot/7~bl; +http://www.semrush.com/bot.html)"
185.191.171.1 - - [03/Jun/2022:02:11:02 +0200] "GET /PmWikiIt/WikiWikiWeb?action=diff HTTP/1.1" 403 18 "-" "Mozilla/5.0 (compatible; SemrushBot/7~bl; +http://www.semrush.com/bot.html)"
65.108.76.15 - - [03/Jun/2022:02:15:27 +0200] "GET /Texte/ArsAmatoria?action=diff HTTP/1.1" 403 18 "http://www.pro-zurituutsch.ch/Texte/ArsAmatoria" "Mozilla/5.0 (compatible; SEOkicks; +https://www.seokicks.de/robot.html)"
65.108.76.15 - - [03/Jun/2022:02:15:28 +0200] "GET /Texte/Metamorphoses?action=edit HTTP/1.1" 403 18 "http://www.pro-zurituutsch.ch/Texte/Metamorphoses" "Mozilla/5.0 (compatible; SEOkicks; +https://www.seokicks.de/robot.html)"
65.108.76.15 - - [03/Jun/2022:02:15:29 +0200] "GET /Texte/Metamorphoses?action=upload HTTP/1.1" 403 18 "http://www.pro-zurituutsch.ch/Texte/Metamorphoses" "Mozilla/5.0 (compatible; SEOkicks; +https://www.seokicks.de/robot.html)"
65.108.76.15 - - [03/Jun/2022:02:15:30 +0200] "GET /Texte/Metamorphoses?action=print HTTP/1.1" 403 18 "http://www.pro-zurituutsch.ch/Texte/Metamorphoses" "Mozilla/5.0 (compatible; SEOkicks; +https://www.seokicks.de/robot.html)"
65.108.76.15 - - [03/Jun/2022:02:15:31 +0200] "GET /Texte/Metamorphoses?action=diff HTTP/1.1" 403 18 "http://www.pro-zurituutsch.ch/Texte/Metamorphoses" "Mozilla/5.0 (compatible; SEOkicks; +https://www.seokicks.de/robot.html)"
65.108.76.15 - - [03/Jun/2022:02:15:32 +0200] "GET /Texte/ZurcherischEnglish?action=edit HTTP/1.1" 403 18 "http://www.pro-zurituutsch.ch/Texte/ZurcherischEnglish" "Mozilla/5.0 (compatible; SEOkicks; +https://www.seokicks.de/robot.html)"
65.108.76.15 - - [03/Jun/2022:02:15:34 +0200] "GET /Texte/ZurcherischEnglish?action=upload HTTP/1.1" 403 18 "http://www.pro-zurituutsch.ch/Texte/ZurcherischEnglish" "Mozilla/5.0 (compatible; SEOkicks; +https://www.seokicks.de/robot.html)"
65.108.76.15 - - [03/Jun/2022:02:15:35 +0200] "GET /Texte/ZurcherischEnglish?action=print HTTP/1.1" 403 18 "http://www.pro-zurituutsch.ch/Texte/ZurcherischEnglish" "Mozilla/5.0 (compatible; SEOkicks; +https://www.seokicks.de/robot.html)"
65.108.76.15 - - [03/Jun/2022:02:15:36 +0200] "GET /Texte/ZurcherischEnglish?action=diff HTTP/1.1" 403 18 "http://www.pro-zurituutsch.ch/Texte/ZurcherischEnglish" "Mozilla/5.0 (compatible; SEOkicks; +https://www.seokicks.de/robot.html)"
65.108.76.15 - - [03/Jun/2022:02:15:37 +0200] "GET /Texte/Rezension?action=edit HTTP/1.1" 403 18 "http://www.pro-zurituutsch.ch/Texte/Rezension" "Mozilla/5.0 (compatible; SEOkicks; +https://www.seokicks.de/robot.html)"
65.108.76.15 - - [03/Jun/2022:02:15:38 +0200] "GET /Texte/Rezension?action=upload HTTP/1.1" 403 18 "http://www.pro-zurituutsch.ch/Texte/Rezension" "Mozilla/5.0 (compatible; SEOkicks; +https://www.seokicks.de/robot.html)"
157.55.39.219 - - [03/Jun/2022:02:16:38 +0200] "GET /PodCast/Styluebige HTTP/1.1" 200 9354 "-" "Mozilla/5.0 (compatible; bingbot/2.0; +http://www.bing.com/bingbot.htm)"
185.191.171.15 - - [03/Jun/2022:02:21:51 +0200] "GET /PmWikiFr/PerGroupCustomizations?action=edit HTTP/1.1" 403 18 "-" "Mozilla/5.0 (compatible; SemrushBot/7~bl; +http://www.semrush.com/bot.html)"
216.244.66.243 - - [03/Jun/2022:02:26:42 +0200] "GET /uploads/PodCast/Kossorpsk.mp3 HTTP/1.1" 200 17832865 "-" "Mozilla/5.0 (compatible; DotBot/1.2; +https://opensiteexplorer.org/dotbot; help@moz.com)"
154.54.249.202 - - [03/Jun/2022:02:30:10 +0200] "GET /PmWikiNl/XLPage?action=diff&source=n&minor=y HTTP/1.1" 200 7800 "-" "Mozilla/5.0 (compatible; Barkrowler/0.9; +https://babbar.tech/crawler)"
154.54.249.202 - - [03/Jun/2022:02:30:32 +0200] "GET /PmWikiRu/Upgrades?action=diff&source=n&minor=y HTTP/1.1" 200 9798 "-" "Mozilla/5.0 (compatible; Barkrowler/0.9; +https://babbar.tech/crawler)"
185.191.171.19 - - [03/Jun/2022:02:30:36 +0200] "GET /PmWikiRu/TextFormattingRules HTTP/1.1" 200 29085 "-" "Mozilla/5.0 (compatible; SemrushBot/7~bl; +http://www.semrush.com/bot.html)"
154.54.249.202 - - [03/Jun/2022:02:30:53 +0200] "GET /PmWikiRu/Skins?skin=beeblebrox-gila2 HTTP/1.1" 200 25244 "-" "Mozilla/5.0 (compatible; Barkrowler/0.9; +https://babbar.tech/crawler)"
154.54.249.202 - - [03/Jun/2022:02:31:16 +0200] "GET /PmWikiRu/Glossary?action=diff&source=n&minor=y HTTP/1.1" 200 9794 "-" "Mozilla/5.0 (compatible; Barkrowler/0.9; +https://babbar.tech/crawler)"
154.54.249.202 - - [03/Jun/2022:02:31:41 +0200] "GET /PmWikiRu/Contributors?action=diff&source=y&minor=n HTTP/1.1" 200 9840 "-" "Mozilla/5.0 (compatible; Barkrowler/0.9; +https://babbar.tech/crawler)"
194.209.200.2 - - [03/Jun/2022:02:31:50 +0200] "GET /robots.txt HTTP/1.1" 200 - "-" "Mozilla/5.0 (compatible; TMMBot/0.2; +http://www.dslab.ch)/Nutch-1.15"
194.209.200.2 - - [03/Jun/2022:02:31:50 +0200] "GET /Admin/Jahresbericht HTTP/1.1" 200 45530 "-" "Mozilla/5.0 (compatible; TMMBot/0.2; +http://www.dslab.ch)/Nutch-1.15"
154.54.249.202 - - [03/Jun/2022:02:32:01 +0200] "GET /PmWikiRu/ListLocal?action=diff&source=n&minor=y HTTP/1.1" 200 9790 "-" "Mozilla/5.0 (compatible; Barkrowler/0.9; +https://babbar.tech/crawler)"
194.209.200.2 - - [03/Jun/2022:02:32:19 +0200] "GET /Texte/Limericks HTTP/1.1" 200 8087 "-" "Mozilla/5.0 (compatible; TMMBot/0.2; +http://www.dslab.ch)/Nutch-1.15"
154.54.249.202 - - [03/Jun/2022:02:32:22 +0200] "GET /robots.txt HTTP/1.1" 200 - "-" "Mozilla/5.0 (compatible; Barkrowler/0.9; +https://babbar.tech/crawler)"
154.54.249.202 - - [03/Jun/2022:02:32:43 +0200] "GET /PmWikiRu/WikiStyles?action=diff&source=y&minor=n HTTP/1.1" 200 9812 "-" "Mozilla/5.0 (compatible; Barkrowler/0.9; +https://babbar.tech/crawler)"
154.54.249.202 - - [03/Jun/2022:02:33:06 +0200] "GET /PmWikiRu/WikiStyles?action=diff&source=n&minor=y HTTP/1.1" 200 9822 "-" "Mozilla/5.0 (compatible; Barkrowler/0.9; +https://babbar.tech/crawler)"
154.54.249.202 - - [03/Jun/2022:02:33:26 +0200] "GET /PmWikiRu/GroupHeader?action=diff&source=n&minor=y HTTP/1.1" 200 9824 "-" "Mozilla/5.0 (compatible; Barkrowler/0.9; +https://babbar.tech/crawler)"
194.209.200.2 - - [03/Jun/2022:02:33:40 +0200] "GET /Texte/ArsAmatoria HTTP/1.1" 200 12369 "-" "Mozilla/5.0 (compatible; TMMBot/0.2; +http://www.dslab.ch)/Nutch-1.15"
154.54.249.202 - - [03/Jun/2022:02:33:47 +0200] "GET /PmWikiJa/Standalone?action=diff&source=y&minor=n HTTP/1.1" 200 9248 "-" "Mozilla/5.0 (compatible; Barkrowler/0.9; +https://babbar.tech/crawler)"
185.191.171.15 - - [03/Jun/2022:02:34:08 +0200] "GET /PmWikiFr/I18nVariables HTTP/1.1" 200 10229 "-" "Mozilla/5.0 (compatible; SemrushBot/7~bl; +http://www.semrush.com/bot.html)"
154.54.249.202 - - [03/Jun/2022:02:34:08 +0200] "GET /PmWikiJa/SkinConfig?action=diff&source=n&minor=y HTTP/1.1" 200 9260 "-" "Mozilla/5.0 (compatible; Barkrowler/0.9; +https://babbar.tech/crawler)"
194.209.200.2 - - [03/Jun/2022:02:34:08 +0200] "GET /Texte/GDicht HTTP/1.1" 200 8050 "-" "Mozilla/5.0 (compatible; TMMBot/0.2; +http://www.dslab.ch)/Nutch-1.15"
154.54.249.202 - - [03/Jun/2022:02:34:29 +0200] "GET /PmWikiJa/SimpleGallery?action=diff&source=n&minor=y HTTP/1.1" 200 9308 "-" "Mozilla/5.0 (compatible; Barkrowler/0.9; +https://babbar.tech/crawler)"
154.54.249.202 - - [03/Jun/2022:02:34:50 +0200] "GET /PmWikiJa/Multilink?action=diff&source=y&minor=n HTTP/1.1" 200 9232 "-" "Mozilla/5.0 (compatible; Barkrowler/0.9; +https://babbar.tech/crawler)"
154.54.249.202 - - [03/Jun/2022:02:35:13 +0200] "GET /PmWikiJa/RSSSimple?action=diff&source=y&minor=n HTTP/1.1" 200 9234 "-" "Mozilla/5.0 (compatible; Barkrowler/0.9; +https://babbar.tech/crawler)"
154.54.249.202 - - [03/Jun/2022:02:35:38 +0200] "GET /PmWikiJa/SearchIndex?action=diff&source=y&minor=n HTTP/1.1" 200 9266 "-" "Mozilla/5.0 (compatible; Barkrowler/0.9; +https://babbar.tech/crawler)"
154.54.249.202 - - [03/Jun/2022:02:35:58 +0200] "GET /PmWikiJa/TrailMenu?action=diff&source=n&minor=y HTTP/1.1" 200 9244 "-" "Mozilla/5.0 (compatible; Barkrowler/0.9; +https://babbar.tech/crawler)"
154.54.249.202 - - [03/Jun/2022:02:36:20 +0200] "GET /PmWikiJa/GuiEdit?action=upload&upname=sig.gif HTTP/1.1" 200 8554 "-" "Mozilla/5.0 (compatible; Barkrowler/0.9; +https://babbar.tech/crawler)"
154.54.249.202 - - [03/Jun/2022:02:36:43 +0200] "GET /PmWikiJa/TrackingMenu?action=diff&source=n&minor=y HTTP/1.1" 200 9292 "-" "Mozilla/5.0 (compatible; Barkrowler/0.9; +https://babbar.tech/crawler)"
154.54.249.202 - - [03/Jun/2022:02:37:03 +0200] "GET /PmWikiJa/TrackingMenu?action=diff&source=y&minor=n HTTP/1.1" 200 9282 "-" "Mozilla/5.0 (compatible; Barkrowler/0.9; +https://babbar.tech/crawler)"
154.54.249.202 - - [03/Jun/2022:02:37:25 +0200] "GET /robots.txt HTTP/1.1" 200 - "-" "Mozilla/5.0 (compatible; Barkrowler/0.9; +https://babbar.tech/crawler)"
154.54.249.202 - - [03/Jun/2022:02:37:48 +0200] "GET /PmWikiJa/PITS?action=diff&source=y&minor=n HTTP/1.1" 200 9152 "-" "Mozilla/5.0 (compatible; Barkrowler/0.9; +https://babbar.tech/crawler)"
154.54.249.202 - - [03/Jun/2022:02:38:10 +0200] "GET /PmWikiJa/AtLinks?action=diff&source=n&minor=y HTTP/1.1" 200 9212 "-" "Mozilla/5.0 (compatible; Barkrowler/0.9; +https://babbar.tech/crawler)"
194.209.200.2 - - [03/Jun/2022:02:38:12 +0200] "GET /Main/Home HTTP/1.1" 200 14638 "-" "Mozilla/5.0 (compatible; TMMBot/0.2; +http://www.dslab.ch)/Nutch-1.15"
154.54.249.202 - - [03/Jun/2022:02:38:34 +0200] "GET /PmWikiJa/AtLinks?action=diff&source=y&minor=n HTTP/1.1" 200 9202 "-" "Mozilla/5.0 (compatible; Barkrowler/0.9; +https://babbar.tech/crawler)"
194.209.200.2 - - [03/Jun/2022:02:38:53 +0200] "GET / HTTP/1.1" 200 14638 "-" "Mozilla/5.0 (compatible; TMMBot/0.2; +http://www.dslab.ch)/Nutch-1.15"
154.54.249.202 - - [03/Jun/2022:02:38:55 +0200] "GET /PmWikiJa/ThisSite?action=diff&source=y&minor=n HTTP/1.1" 200 9218 "-" "Mozilla/5.0 (compatible; Barkrowler/0.9; +https://babbar.tech/crawler)"
154.54.249.202 - - [03/Jun/2022:02:39:16 +0200] "GET /PmWikiJa/Voting?action=diff&source=y&minor=n HTTP/1.1" 200 9184 "-" "Mozilla/5.0 (compatible; Barkrowler/0.9; +https://babbar.tech/crawler)"
154.54.249.202 - - [03/Jun/2022:02:39:37 +0200] "GET /PmWikiJa/Blocklist?action=diff&source=y&minor=n HTTP/1.1" 200 9232 "-" "Mozilla/5.0 (compatible; Barkrowler/0.9; +https://babbar.tech/crawler)"
154.54.249.202 - - [03/Jun/2022:02:39:59 +0200] "GET /PmWikiJa/BreakPage?action=diff&source=n&minor=y HTTP/1.1" 200 9244 "-" "Mozilla/5.0 (compatible; Barkrowler/0.9; +https://babbar.tech/crawler)"
194.209.200.2 - - [03/Jun/2022:02:40:04 +0200] "GET /Texte/Bitterbeuhsi HTTP/1.1" 200 9255 "-" "Mozilla/5.0 (compatible; TMMBot/0.2; +http://www.dslab.ch)/Nutch-1.15"
154.54.249.202 - - [03/Jun/2022:02:40:21 +0200] "GET /PmWikiJa/TwoWayMirroringWithRsync?action=edit HTTP/1.1" 200 8883 "-" "Mozilla/5.0 (compatible; Barkrowler/0.9; +https://babbar.tech/crawler)"
194.209.200.2 - - [03/Jun/2022:02:40:27 +0200] "GET /Gast/Podcast HTTP/1.1" 200 8106 "-" "Mozilla/5.0 (compatible; TMMBot/0.2; +http://www.dslab.ch)/Nutch-1.15"
154.54.249.202 - - [03/Jun/2022:02:40:42 +0200] "GET /PmWikiJa/ImportText?action=diff&source=n&minor=y HTTP/1.1" 200 9260 "-" "Mozilla/5.0 (compatible; Barkrowler/0.9; +https://babbar.tech/crawler)"
65.108.76.15 - - [03/Jun/2022:02:40:48 +0200] "GET /Texte/Rezension?action=print HTTP/1.1" 403 18 "http://www.pro-zurituutsch.ch/Texte/Rezension" "Mozilla/5.0 (compatible; SEOkicks; +https://www.seokicks.de/robot.html)"
65.108.76.15 - - [03/Jun/2022:02:40:49 +0200] "GET /Texte/Rezension?action=diff HTTP/1.1" 403 18 "http://www.pro-zurituutsch.ch/Texte/Rezension" "Mozilla/5.0 (compatible; SEOkicks; +https://www.seokicks.de/robot.html)"
65.108.76.15 - - [03/Jun/2022:02:40:51 +0200] "GET /Texte/Limericks?action=edit HTTP/1.1" 403 18 "http://www.pro-zurituutsch.ch/Texte/Limericks" "Mozilla/5.0 (compatible; SEOkicks; +https://www.seokicks.de/robot.html)"
65.108.76.15 - - [03/Jun/2022:02:40:52 +0200] "GET /Texte/Limericks?action=upload HTTP/1.1" 403 18 "http://www.pro-zurituutsch.ch/Texte/Limericks" "Mozilla/5.0 (compatible; SEOkicks; +https://www.seokicks.de/robot.html)"
65.108.76.15 - - [03/Jun/2022:02:40:53 +0200] "GET /Texte/Limericks?action=print HTTP/1.1" 403 18 "http://www.pro-zurituutsch.ch/Texte/Limericks" "Mozilla/5.0 (compatible; SEOkicks; +https://www.seokicks.de/robot.html)"
65.108.76.15 - - [03/Jun/2022:02:40:54 +0200] "GET /Texte/Limericks?action=diff HTTP/1.1" 403 18 "http://www.pro-zurituutsch.ch/Texte/Limericks" "Mozilla/5.0 (compatible; SEOkicks; +https://www.seokicks.de/robot.html)"
65.108.76.15 - - [03/Jun/2022:02:40:55 +0200] "GET /Texte/GDicht?action=edit HTTP/1.1" 403 18 "http://www.pro-zurituutsch.ch/Texte/GDicht" "Mozilla/5.0 (compatible; SEOkicks; +https://www.seokicks.de/robot.html)"
65.108.76.15 - - [03/Jun/2022:02:40:56 +0200] "GET /Texte/GDicht?action=upload HTTP/1.1" 403 18 "http://www.pro-zurituutsch.ch/Texte/GDicht" "Mozilla/5.0 (compatible; SEOkicks; +https://www.seokicks.de/robot.html)"
65.108.76.15 - - [03/Jun/2022:02:40:57 +0200] "GET /Texte/GDicht?action=print HTTP/1.1" 403 18 "http://www.pro-zurituutsch.ch/Texte/GDicht" "Mozilla/5.0 (compatible; SEOkicks; +https://www.seokicks.de/robot.html)"
65.108.76.15 - - [03/Jun/2022:02:40:59 +0200] "GET /Texte/GDicht?action=diff HTTP/1.1" 403 18 "http://www.pro-zurituutsch.ch/Texte/GDicht" "Mozilla/5.0 (compatible; SEOkicks; +https://www.seokicks.de/robot.html)"
65.108.76.15 - - [03/Jun/2022:02:41:00 +0200] "GET /Texte/Gloosse?action=edit HTTP/1.1" 403 18 "http://www.pro-zurituutsch.ch/Texte/Gloosse" "Mozilla/5.0 (compatible; SEOkicks; +https://www.seokicks.de/robot.html)"
154.54.249.202 - - [03/Jun/2022:02:41:04 +0200] "GET /PmWikiJa/ImportText?action=diff&source=y&minor=n HTTP/1.1" 200 9250 "-" "Mozilla/5.0 (compatible; Barkrowler/0.9; +https://babbar.tech/crawler)"
154.54.249.202 - - [03/Jun/2022:02:41:27 +0200] "GET /PmWikiJa/PictureGallery?action=diff&source=n&minor=y HTTP/1.1" 200 9324 "-" "Mozilla/5.0 (compatible; Barkrowler/0.9; +https://babbar.tech/crawler)"
154.54.249.202 - - [03/Jun/2022:02:41:54 +0200] "GET /PmWikiJa/FastSearch?action=diff&source=n&minor=y HTTP/1.1" 200 9260 "-" "Mozilla/5.0 (compatible; Barkrowler/0.9; +https://babbar.tech/crawler)"
154.54.249.202 - - [03/Jun/2022:02:42:16 +0200] "GET /PmWikiJa/FastSearch?action=diff&source=y&minor=n HTTP/1.1" 200 9250 "-" "Mozilla/5.0 (compatible; Barkrowler/0.9; +https://babbar.tech/crawler)"
154.54.249.202 - - [03/Jun/2022:02:42:37 +0200] "GET /robots.txt HTTP/1.1" 200 - "-" "Mozilla/5.0 (compatible; Barkrowler/0.9; +https://babbar.tech/crawler)"
154.54.249.202 - - [03/Jun/2022:02:42:58 +0200] "GET /PmWikiJa/RichEdit?action=diff&source=y&minor=n HTTP/1.1" 200 9218 "-" "Mozilla/5.0 (compatible; Barkrowler/0.9; +https://babbar.tech/crawler)"
154.54.249.202 - - [03/Jun/2022:02:43:20 +0200] "GET /PmWikiJa/RichEdit?action=diff&source=n&minor=y HTTP/1.1" 200 9228 "-" "Mozilla/5.0 (compatible; Barkrowler/0.9; +https://babbar.tech/crawler)"
154.54.249.202 - - [03/Jun/2022:02:43:43 +0200] "GET /PmWikiJa/EasyGallery?action=diff&source=y&minor=n HTTP/1.1" 200 9266 "-" "Mozilla/5.0 (compatible; Barkrowler/0.9; +https://babbar.tech/crawler)"
154.54.249.202 - - [03/Jun/2022:02:44:08 +0200] "GET /PmWikiJa/SectionEdit?action=diff&source=n&minor=y HTTP/1.1" 200 9276 "-" "Mozilla/5.0 (compatible; Barkrowler/0.9; +https://babbar.tech/crawler)"
154.54.249.202 - - [03/Jun/2022:02:44:29 +0200] "GET /PmWikiJa/SectionEdit?action=diff&source=y&minor=n HTTP/1.1" 200 9266 "-" "Mozilla/5.0 (compatible; Barkrowler/0.9; +https://babbar.tech/crawler)"
154.54.249.202 - - [03/Jun/2022:02:44:49 +0200] "GET /PmWikiJa/ActionLog?action=diff&source=y&minor=n HTTP/1.1" 200 9234 "-" "Mozilla/5.0 (compatible; Barkrowler/0.9; +https://babbar.tech/crawler)"
154.54.249.202 - - [03/Jun/2022:02:45:10 +0200] "GET /PmWikiJa/ImageSets?action=diff&source=n&minor=y HTTP/1.1" 200 9244 "-" "Mozilla/5.0 (compatible; Barkrowler/0.9; +https://babbar.tech/crawler)"
154.54.249.202 - - [03/Jun/2022:02:45:33 +0200] "GET /PmWikiJa/ImageSets?action=diff&source=y&minor=n HTTP/1.1" 200 9234 "-" "Mozilla/5.0 (compatible; Barkrowler/0.9; +https://babbar.tech/crawler)"
154.54.249.202 - - [03/Jun/2022:02:45:56 +0200] "GET /PmWikiJa/SubEthaEditPmWikiMode?action=edit HTTP/1.1" 200 8843 "-" "Mozilla/5.0 (compatible; Barkrowler/0.9; +https://babbar.tech/crawler)"
154.54.249.202 - - [03/Jun/2022:02:46:18 +0200] "GET /PmWikiJa/LinkPageCreateFmtTooltip?action=edit HTTP/1.1" 200 8883 "-" "Mozilla/5.0 (compatible; Barkrowler/0.9; +https://babbar.tech/crawler)"
154.54.249.202 - - [03/Jun/2022:02:46:43 +0200] "GET /PmWikiJa/WikiFarmStepByStep?skin=simple HTTP/1.1" 200 13104 "-" "Mozilla/5.0 (compatible; Barkrowler/0.9; +https://babbar.tech/crawler)"
154.54.249.202 - - [03/Jun/2022:02:47:05 +0200] "GET /PmWikiDe/Uploads?action=diff&source=n&minor=y HTTP/1.1" 200 7693 "-" "Mozilla/5.0 (compatible; Barkrowler/0.9; +https://babbar.tech/crawler)"
114.119.140.84 - - [03/Jun/2022:02:47:06 +0200] "GET /PmWikiRu/DeletingPages?action=diff HTTP/1.1" 403 18 "http://www.pro-zurituutsch.ch/PmWikiRu/DeletingPages" "Mozilla/5.0 (Linux; Android 7.0;) AppleWebKit/537.36 (KHTML, like Gecko) Mobile Safari/537.36 (compatible; PetalBot;+https://webmaster.petalsearch.com/site/petalbot)"
154.54.249.202 - - [03/Jun/2022:02:47:26 +0200] "GET /PmWikiDe/Uploads?action=diff&source=y&minor=n HTTP/1.1" 200 7683 "-" "Mozilla/5.0 (compatible; Barkrowler/0.9; +https://babbar.tech/crawler)"
154.54.249.202 - - [03/Jun/2022:02:47:47 +0200] "GET /robots.txt HTTP/1.1" 200 - "-" "Mozilla/5.0 (compatible; Barkrowler/0.9; +https://babbar.tech/crawler)"
154.54.249.202 - - [03/Jun/2022:02:48:10 +0200] "GET /PmWikiDe/Functions?action=diff&source=n&minor=y HTTP/1.1" 200 7697 "-" "Mozilla/5.0 (compatible; Barkrowler/0.9; +https://babbar.tech/crawler)"
154.54.249.202 - - [03/Jun/2022:02:48:29 +0200] "GET /PmWikiDe/Functions?action=diff&source=y&minor=n HTTP/1.1" 200 7687 "-" "Mozilla/5.0 (compatible; Barkrowler/0.9; +https://babbar.tech/crawler)"
154.54.249.202 - - [03/Jun/2022:02:48:52 +0200] "GET /PmWikiDe/WikiWord?action=diff&source=y&minor=n HTTP/1.1" 200 7673 "-" "Mozilla/5.0 (compatible; Barkrowler/0.9; +https://babbar.tech/crawler)"
154.54.249.202 - - [03/Jun/2022:02:49:13 +0200] "GET /PmWikiDe/WikiStyles?action=diff&source=n&minor=y HTTP/1.1" 200 7711 "-" "Mozilla/5.0 (compatible; Barkrowler/0.9; +https://babbar.tech/crawler)"
154.54.249.202 - - [03/Jun/2022:02:49:33 +0200] "GET /PmWikiDe/WikiStyles?action=diff&source=y&minor=n HTTP/1.1" 200 7701 "-" "Mozilla/5.0 (compatible; Barkrowler/0.9; +https://babbar.tech/crawler)"
154.54.249.202 - - [03/Jun/2022:02:49:55 +0200] "GET /PmWikiDe/Skins?action=diff&source=n&minor=y HTTP/1.1" 200 7633 "-" "Mozilla/5.0 (compatible; Barkrowler/0.9; +https://babbar.tech/crawler)"
3.216.185.164 - - [03/Jun/2022:02:49:56 +0200] "GET /PodCast/IndexPage?action=rss HTTP/1.1" 200 6298 "-" "PocketCasts/1.0 (Pocket Casts Feed Parser; +http://pocketcasts.com/)"
185.191.171.11 - - [03/Jun/2022:02:49:57 +0200] "GET /PmWikiVi/MeoHieuChinh HTTP/1.1" 200 18517 "-" "Mozilla/5.0 (compatible; SemrushBot/7~bl; +http://www.semrush.com/bot.html)"
154.54.249.202 - - [03/Jun/2022:02:50:15 +0200] "GET /PmWikiDe/Skins?action=diff&source=y&minor=n HTTP/1.1" 200 7623 "-" "Mozilla/5.0 (compatible; Barkrowler/0.9; +https://babbar.tech/crawler)"
154.54.249.202 - - [03/Jun/2022:02:50:48 +0200] "GET /PmWikiDe/Troubleshooting?action=diff&source=n&minor=y HTTP/1.1" 200 7793 "-" "Mozilla/5.0 (compatible; Barkrowler/0.9; +https://babbar.tech/crawler)"
154.54.249.202 - - [03/Jun/2022:02:51:14 +0200] "GET /PmWikiDe/Troubleshooting?action=diff&source=y&minor=n HTTP/1.1" 200 7783 "-" "Mozilla/5.0 (compatible; Barkrowler/0.9; +https://babbar.tech/crawler)"
