85.25.177.139 - - [04/Sep/2022:17:22:16 +0200] "GET /Texte/Gloosse?action=diff&source=n&minor=n HTTP/1.1" 200 9553 "-" "Mozilla/5.0 (Macintosh; Intel Mac OS X 10.15; rv:103.0) Gecko/20100101 Firefox/103.0"
85.25.177.139 - - [04/Sep/2022:17:23:51 +0200] "GET /Texte/Styluebige?action=edit&restore=diff:1163038179:1163038156:&preview=y HTTP/1.1" 200 8681 "-" "Mozilla/5.0 (Macintosh; Intel Mac OS X 10.15; rv:103.0) Gecko/20100101 Firefox/103.0"
66.249.76.245 - - [04/Sep/2022:17:25:25 +0200] "GET /PodCast/IndexPage?action=rss HTTP/1.1" 200 6298 "-" "Mozilla/5.0 (compatible; Googlebot/2.1; +http://www.google.com/bot.html)"
85.25.177.139 - - [04/Sep/2022:17:25:45 +0200] "GET /Admin HTTP/1.1" 404 8123 "-" "Mozilla/5.0 (Macintosh; Intel Mac OS X 10.15; rv:103.0) Gecko/20100101 Firefox/103.0"
85.25.177.139 - - [04/Sep/2022:17:27:07 +0200] "GET /Hilfe/RealOne?action=edit&restore=diff:1163037646:1163037612:&preview=y HTTP/1.1" 200 8641 "-" "Mozilla/5.0 (Macintosh; Intel Mac OS X 10.15; rv:103.0) Gecko/20100101 Firefox/103.0"
85.25.177.139 - - [04/Sep/2022:17:28:52 +0200] "GET /Hilfe/RealOne?action=edit&restore=diff:1163037612:1163037534:&preview=y HTTP/1.1" 200 8641 "-" "Mozilla/5.0 (Macintosh; Intel Mac OS X 10.15; rv:103.0) Gecko/20100101 Firefox/103.0"
85.25.177.139 - - [04/Sep/2022:17:30:58 +0200] "GET /Hilfe/RealOne?action=edit&restore=diff:1163037534:1163037534:&preview=y HTTP/1.1" 200 8641 "-" "Mozilla/5.0 (Macintosh; Intel Mac OS X 10.15; rv:103.0) Gecko/20100101 Firefox/103.0"
194.209.200.2 - - [04/Sep/2022:17:32:26 +0200] "GET /robots.txt HTTP/1.1" 200 - "-" "Mozilla/5.0 (compatible; TMMBot/0.2; +http://www.dslab.ch)/Nutch-1.15"
194.209.200.2 - - [04/Sep/2022:17:32:26 +0200] "GET /Texte/Schrybwys HTTP/1.1" 200 11028 "-" "Mozilla/5.0 (compatible; TMMBot/0.2; +http://www.dslab.ch)/Nutch-1.15"
85.25.177.139 - - [04/Sep/2022:17:32:52 +0200] "GET /Hilfe/RealOne?action=diff&source=n&minor=y HTTP/1.1" 200 15499 "-" "Mozilla/5.0 (Macintosh; Intel Mac OS X 10.15; rv:103.0) Gecko/20100101 Firefox/103.0"
194.209.200.2 - - [04/Sep/2022:17:33:33 +0200] "GET /Texte/GDicht HTTP/1.1" 200 8050 "-" "Mozilla/5.0 (compatible; TMMBot/0.2; +http://www.dslab.ch)/Nutch-1.15"
194.209.200.2 - - [04/Sep/2022:17:34:16 +0200] "GET /Texte/Metamorphoses HTTP/1.1" 200 9045 "-" "Mozilla/5.0 (compatible; TMMBot/0.2; +http://www.dslab.ch)/Nutch-1.15"
85.25.177.139 - - [04/Sep/2022:17:34:53 +0200] "GET /Bestellung/Pschtellformoular?action=upload HTTP/1.1" 200 8703 "-" "Mozilla/5.0 (Macintosh; Intel Mac OS X 10.15; rv:103.0) Gecko/20100101 Firefox/103.0"
185.191.171.5 - - [04/Sep/2022:17:35:42 +0200] "GET /robots.txt HTTP/1.1" 200 - "-" "Mozilla/5.0 (compatible; SemrushBot/7~bl; +http://www.semrush.com/bot.html)"
185.191.171.10 - - [04/Sep/2022:17:35:42 +0200] "GET /PmWikiDe/FilePermissions?action=edit HTTP/1.1" 404 18 "-" "Mozilla/5.0 (compatible; SemrushBot/7~bl; +http://www.semrush.com/bot.html)"
194.209.200.2 - - [04/Sep/2022:17:36:19 +0200] "GET /Admin/Pro-ZurituutschStatuten HTTP/1.1" 200 9580 "-" "Mozilla/5.0 (compatible; TMMBot/0.2; +http://www.dslab.ch)/Nutch-1.15"
85.25.177.139 - - [04/Sep/2022:17:36:39 +0200] "GET /Bestellung/Pschtellformoular?action=edit HTTP/1.1" 200 8803 "-" "Mozilla/5.0 (Macintosh; Intel Mac OS X 10.15; rv:103.0) Gecko/20100101 Firefox/103.0"
194.209.200.2 - - [04/Sep/2022:17:37:53 +0200] "GET /Hilfe/AnleitungTonbeispiele HTTP/1.1" 200 9878 "-" "Mozilla/5.0 (compatible; TMMBot/0.2; +http://www.dslab.ch)/Nutch-1.15"
85.25.177.139 - - [04/Sep/2022:17:38:19 +0200] "GET /Bestellung/Pschtellformoular?action=diff HTTP/1.1" 200 73646 "-" "Mozilla/5.0 (Macintosh; Intel Mac OS X 10.15; rv:103.0) Gecko/20100101 Firefox/103.0"
185.191.171.37 - - [04/Sep/2022:17:38:41 +0200] "GET /Profiles/AlgisKabaila?action=edit HTTP/1.1" 404 18 "-" "Mozilla/5.0 (compatible; SemrushBot/7~bl; +http://www.semrush.com/bot.html)"
85.25.177.139 - - [04/Sep/2022:17:39:46 +0200] "GET /Bestellung/Pschtellformoular?action=print HTTP/1.1" 200 5273 "-" "Mozilla/5.0 (Macintosh; Intel Mac OS X 10.15; rv:103.0) Gecko/20100101 Firefox/103.0"
85.25.177.139 - - [04/Sep/2022:17:41:42 +0200] "GET /Hilfe/Winamp?action=diff&source=n&minor=n HTTP/1.1" 200 11514 "-" "Mozilla/5.0 (Macintosh; Intel Mac OS X 10.15; rv:103.0) Gecko/20100101 Firefox/103.0"
85.25.177.139 - - [04/Sep/2022:17:43:23 +0200] "GET /Site/161Predigerchoor1489?action=diff&source=n&minor=y HTTP/1.1" 200 18772 "-" "Mozilla/5.0 (Macintosh; Intel Mac OS X 10.15; rv:103.0) Gecko/20100101 Firefox/103.0"
85.25.177.139 - - [04/Sep/2022:17:44:45 +0200] "GET /Site/161Predigerchoor1489?action=edit&restore=diff:1265474290:1265474290:&preview=y HTTP/1.1" 200 8811 "-" "Mozilla/5.0 (Macintosh; Intel Mac OS X 10.15; rv:103.0) Gecko/20100101 Firefox/103.0"
85.25.177.139 - - [04/Sep/2022:17:45:53 +0200] "GET /Site/161Predigerchoor1489?action=edit&restore=diff:1265474806:1265474290:&preview=y HTTP/1.1" 200 8811 "-" "Mozilla/5.0 (Macintosh; Intel Mac OS X 10.15; rv:103.0) Gecko/20100101 Firefox/103.0"
85.25.177.139 - - [04/Sep/2022:17:47:14 +0200] "GET /Site/161Predigerchoor1489?action=edit&restore=diff:1266423555:1265474900:&preview=y HTTP/1.1" 200 8811 "-" "Mozilla/5.0 (Macintosh; Intel Mac OS X 10.15; rv:103.0) Gecko/20100101 Firefox/103.0"
185.191.171.8 - - [04/Sep/2022:17:47:31 +0200] "GET /PmWikiDe/BackupAndRestore?action=diff HTTP/1.1" 403 18 "-" "Mozilla/5.0 (compatible; SemrushBot/7~bl; +http://www.semrush.com/bot.html)"
85.25.177.139 - - [04/Sep/2022:17:48:35 +0200] "GET /Texte HTTP/1.1" 404 8123 "-" "Mozilla/5.0 (Macintosh; Intel Mac OS X 10.15; rv:103.0) Gecko/20100101 Firefox/103.0"
85.25.177.139 - - [04/Sep/2022:17:49:47 +0200] "GET /Main/Home?action=edit&restore=diff:1615669239:1615669117:&preview=y HTTP/1.1" 200 8583 "-" "Mozilla/5.0 (Macintosh; Intel Mac OS X 10.15; rv:103.0) Gecko/20100101 Firefox/103.0"
85.25.177.139 - - [04/Sep/2022:17:51:05 +0200] "GET /Main/Home?action=edit&restore=diff:1615668949:1615668924:&preview=y HTTP/1.1" 200 8583 "-" "Mozilla/5.0 (Macintosh; Intel Mac OS X 10.15; rv:103.0) Gecko/20100101 Firefox/103.0"
85.25.177.139 - - [04/Sep/2022:17:52:55 +0200] "GET /Main/Home?action=edit&restore=diff:1615669255:1615669239:&preview=y HTTP/1.1" 200 8583 "-" "Mozilla/5.0 (Macintosh; Intel Mac OS X 10.15; rv:103.0) Gecko/20100101 Firefox/103.0"
34.65.57.89 - - [04/Sep/2022:17:53:03 +0200] "GET /robots.txt HTTP/1.1" 200 - "-" "Mozilla/5.0 (compatible; localsearch-web/2.0; +http://www.localsearch.ch/en/legal-notice)"
34.65.57.89 - - [04/Sep/2022:17:53:03 +0200] "GET /robots.txt HTTP/1.1" 200 - "-" "Mozilla/5.0 (compatible; localsearch-web/2.0; +http://www.localsearch.ch/en/legal-notice)"
34.65.57.89 - - [04/Sep/2022:17:53:03 +0200] "GET / HTTP/1.1" 200 15085 "-" "Mozilla/5.0 (compatible; localsearch-web/2.0; +http://www.localsearch.ch/en/legal-notice)"
185.191.171.36 - - [04/Sep/2022:17:54:26 +0200] "GET /PmWikiDe/BasicVariables?action=upload HTTP/1.1" 403 18 "-" "Mozilla/5.0 (compatible; SemrushBot/7~bl; +http://www.semrush.com/bot.html)"
85.25.177.139 - - [04/Sep/2022:17:54:26 +0200] "GET /Main/Home?action=edit&restore=diff:1656357870:1656357829:&preview=y HTTP/1.1" 200 8583 "-" "Mozilla/5.0 (Macintosh; Intel Mac OS X 10.15; rv:103.0) Gecko/20100101 Firefox/103.0"
185.191.171.7 - - [04/Sep/2022:17:54:41 +0200] "GET /PmWikiDe/WikiAdministrator?action=edit HTTP/1.1" 403 18 "-" "Mozilla/5.0 (compatible; SemrushBot/7~bl; +http://www.semrush.com/bot.html)"
85.25.177.139 - - [04/Sep/2022:17:55:43 +0200] "GET /Hilfe HTTP/1.1" 404 8123 "-" "Mozilla/5.0 (Macintosh; Intel Mac OS X 10.15; rv:103.0) Gecko/20100101 Firefox/103.0"
85.25.177.139 - - [04/Sep/2022:17:57:00 +0200] "GET /PodCast/RSSPodcasts?action=edit&restore=diff:1177573201:1177573059:&preview=y HTTP/1.1" 200 8726 "-" "Mozilla/5.0 (Macintosh; Intel Mac OS X 10.15; rv:103.0) Gecko/20100101 Firefox/103.0"
85.25.177.139 - - [04/Sep/2022:17:58:27 +0200] "GET /PodCast/RSSPodcasts?action=diff&source=n&minor=n HTTP/1.1" 200 24049 "-" "Mozilla/5.0 (Macintosh; Intel Mac OS X 10.15; rv:103.0) Gecko/20100101 Firefox/103.0"
85.25.177.139 - - [04/Sep/2022:18:00:04 +0200] "GET /Admin/Links?action=edit&restore=diff:1418663009:1418662856:&preview=y HTTP/1.1" 200 8611 "-" "Mozilla/5.0 (Macintosh; Intel Mac OS X 10.15; rv:103.0) Gecko/20100101 Firefox/103.0"
85.25.177.139 - - [04/Sep/2022:18:01:19 +0200] "GET /Admin/Links?action=edit&restore=diff:1360601748:1340380424:&preview=y HTTP/1.1" 200 8611 "-" "Mozilla/5.0 (Macintosh; Intel Mac OS X 10.15; rv:103.0) Gecko/20100101 Firefox/103.0"
85.25.177.139 - - [04/Sep/2022:18:02:31 +0200] "GET /Admin/Links?action=edit&restore=diff:1447604686:1447604629:&preview=y HTTP/1.1" 200 8611 "-" "Mozilla/5.0 (Macintosh; Intel Mac OS X 10.15; rv:103.0) Gecko/20100101 Firefox/103.0"
85.25.177.139 - - [04/Sep/2022:18:03:44 +0200] "GET /Admin/Links?action=edit&restore=diff:1340380402:1340380386:&preview=y HTTP/1.1" 200 8611 "-" "Mozilla/5.0 (Macintosh; Intel Mac OS X 10.15; rv:103.0) Gecko/20100101 Firefox/103.0"
194.209.200.2 - - [04/Sep/2022:18:04:26 +0200] "GET /robots.txt HTTP/1.1" 200 - "-" "Mozilla/5.0 (compatible; TMMBot/0.2; +http://www.dslab.ch)/Nutch-1.15"
194.209.200.2 - - [04/Sep/2022:18:04:26 +0200] "GET /Texte/Schrybwys HTTP/1.1" 200 11028 "-" "Mozilla/5.0 (compatible; TMMBot/0.2; +http://www.dslab.ch)/Nutch-1.15"
40.77.167.96 - - [04/Sep/2022:18:04:27 +0200] "GET /robots.txt HTTP/1.1" 200 - "-" "Mozilla/5.0 (compatible; bingbot/2.0; +http://www.bing.com/bingbot.htm)"
40.77.167.73 - - [04/Sep/2022:18:04:36 +0200] "GET /Site/Search?pagename=Site%2FSearch&q= HTTP/1.1" 200 10615 "-" "Mozilla/5.0 (compatible; bingbot/2.0; +http://www.bing.com/bingbot.htm)"
85.25.177.139 - - [04/Sep/2022:18:05:20 +0200] "GET /Admin/Links?action=edit&restore=diff:1340380386:1329585246:minor&preview=y HTTP/1.1" 200 8616 "-" "Mozilla/5.0 (Macintosh; Intel Mac OS X 10.15; rv:103.0) Gecko/20100101 Firefox/103.0"
194.209.200.2 - - [04/Sep/2022:18:05:25 +0200] "GET /Texte/GDicht HTTP/1.1" 200 8050 "-" "Mozilla/5.0 (compatible; TMMBot/0.2; +http://www.dslab.ch)/Nutch-1.15"
194.209.200.2 - - [04/Sep/2022:18:06:00 +0200] "GET /Texte/Metamorphoses HTTP/1.1" 200 9045 "-" "Mozilla/5.0 (compatible; TMMBot/0.2; +http://www.dslab.ch)/Nutch-1.15"
185.191.171.11 - - [04/Sep/2022:18:06:41 +0200] "GET /PmWikiFr/EditQuickReference?action=diff HTTP/1.1" 403 18 "-" "Mozilla/5.0 (compatible; SemrushBot/7~bl; +http://www.semrush.com/bot.html)"
85.25.177.139 - - [04/Sep/2022:18:06:52 +0200] "GET /Admin/Links?action=edit&restore=diff:1458752316:1458752287:&preview=y HTTP/1.1" 200 8611 "-" "Mozilla/5.0 (Macintosh; Intel Mac OS X 10.15; rv:103.0) Gecko/20100101 Firefox/103.0"
194.209.200.2 - - [04/Sep/2022:18:07:46 +0200] "GET /Admin/Pro-ZurituutschStatuten HTTP/1.1" 200 9580 "-" "Mozilla/5.0 (compatible; TMMBot/0.2; +http://www.dslab.ch)/Nutch-1.15"
85.25.177.139 - - [04/Sep/2022:18:08:16 +0200] "GET /Admin/Links?action=diff&source=n&minor=n HTTP/1.1" 200 22145 "-" "Mozilla/5.0 (Macintosh; Intel Mac OS X 10.15; rv:103.0) Gecko/20100101 Firefox/103.0"
194.209.200.2 - - [04/Sep/2022:18:09:08 +0200] "GET /Hilfe/AnleitungTonbeispiele HTTP/1.1" 200 9878 "-" "Mozilla/5.0 (compatible; TMMBot/0.2; +http://www.dslab.ch)/Nutch-1.15"
85.25.177.139 - - [04/Sep/2022:18:09:37 +0200] "GET /PodCast/RSSPodcasts?action=edit&restore=diff:1376904377:1357846716:&preview=y HTTP/1.1" 200 8726 "-" "Mozilla/5.0 (Macintosh; Intel Mac OS X 10.15; rv:103.0) Gecko/20100101 Firefox/103.0"
85.25.177.139 - - [04/Sep/2022:18:10:53 +0200] "GET /PodCast/RSSPodcasts?action=edit&restore=diff:1177572082:1163083850:&preview=y HTTP/1.1" 200 8726 "-" "Mozilla/5.0 (Macintosh; Intel Mac OS X 10.15; rv:103.0) Gecko/20100101 Firefox/103.0"
85.25.177.139 - - [04/Sep/2022:18:12:25 +0200] "GET /PodCast/RSSPodcasts?action=edit&restore=diff:1177572598:1177572569:&preview=y HTTP/1.1" 200 8726 "-" "Mozilla/5.0 (Macintosh; Intel Mac OS X 10.15; rv:103.0) Gecko/20100101 Firefox/103.0"
85.25.177.139 - - [04/Sep/2022:18:13:36 +0200] "GET /PodCast/RSSPodcasts?action=edit&restore=diff:1177573039:1177572598:&preview=y HTTP/1.1" 200 8726 "-" "Mozilla/5.0 (Macintosh; Intel Mac OS X 10.15; rv:103.0) Gecko/20100101 Firefox/103.0"
185.191.171.18 - - [04/Sep/2022:18:13:59 +0200] "GET /PmWikiFr/Menu?action=diff HTTP/1.1" 403 18 "-" "Mozilla/5.0 (compatible; SemrushBot/7~bl; +http://www.semrush.com/bot.html)"
185.191.171.21 - - [04/Sep/2022:18:14:03 +0200] "GET /PmWikiRu/TextFormattingRules HTTP/1.1" 200 29085 "-" "Mozilla/5.0 (compatible; SemrushBot/7~bl; +http://www.semrush.com/bot.html)"
85.25.177.139 - - [04/Sep/2022:18:15:04 +0200] "GET /Help/AnleitungTonbeispiele?action=upload HTTP/1.1" 200 8677 "-" "Mozilla/5.0 (Macintosh; Intel Mac OS X 10.15; rv:103.0) Gecko/20100101 Firefox/103.0"
40.77.167.77 - - [04/Sep/2022:18:15:14 +0200] "GET /Site/Search?pagename=Site%2FSearch&q=2023 HTTP/1.1" 200 10829 "-" "Mozilla/5.0 (compatible; bingbot/2.0; +http://www.bing.com/bingbot.htm)"
85.25.177.139 - - [04/Sep/2022:18:16:21 +0200] "GET /Help/AnleitungTonbeispiele?action=print HTTP/1.1" 404 2433 "-" "Mozilla/5.0 (Macintosh; Intel Mac OS X 10.15; rv:103.0) Gecko/20100101 Firefox/103.0"
85.25.177.139 - - [04/Sep/2022:18:18:38 +0200] "GET /Texte/ZurcherischEnglish?action=diff&source=y&minor=y HTTP/1.1" 200 9927 "-" "Mozilla/5.0 (Macintosh; Intel Mac OS X 10.15; rv:103.0) Gecko/20100101 Firefox/103.0"
85.25.177.139 - - [04/Sep/2022:18:20:20 +0200] "GET /Texte/ZurcherischEnglish?action=diff&source=n&minor=n HTTP/1.1" 200 9903 "-" "Mozilla/5.0 (Macintosh; Intel Mac OS X 10.15; rv:103.0) Gecko/20100101 Firefox/103.0"
17.121.113.80 - - [04/Sep/2022:18:20:29 +0200] "GET / HTTP/1.1" 200 15085 "-" "Mozilla/5.0 (Macintosh; Intel Mac OS X 10_15_5) AppleWebKit/605.1.15 (KHTML, like Gecko) Version/13.1.1 Safari/605.1.15 (Applebot/0.1; +http://www.apple.com/go/applebot)"
54.36.148.171 - - [04/Sep/2022:18:21:14 +0200] "GET /robots.txt HTTP/1.1" 200 - "-" "Mozilla/5.0 (compatible; AhrefsBot/7.0; +http://ahrefs.com/robot/)"
54.36.148.193 - - [04/Sep/2022:18:21:15 +0200] "GET / HTTP/1.1" 200 15085 "-" "Mozilla/5.0 (compatible; AhrefsBot/7.0; +http://ahrefs.com/robot/)"
85.25.177.139 - - [04/Sep/2022:18:21:35 +0200] "GET /PodCast/Inselschwyz?action=diff&source=y&minor=n HTTP/1.1" 200 15801 "-" "Mozilla/5.0 (Macintosh; Intel Mac OS X 10.15; rv:103.0) Gecko/20100101 Firefox/103.0"
85.25.177.139 - - [04/Sep/2022:18:22:54 +0200] "GET /PodCast/Inselschwyz?action=diff&source=n&minor=y HTTP/1.1" 200 16650 "-" "Mozilla/5.0 (Macintosh; Intel Mac OS X 10.15; rv:103.0) Gecko/20100101 Firefox/103.0"
66.249.76.245 - - [04/Sep/2022:18:24:03 +0200] "GET /PodCast/IndexPage?action=rss HTTP/1.1" 200 6298 "-" "Mozilla/5.0 (compatible; Googlebot/2.1; +http://www.google.com/bot.html)"
85.25.177.139 - - [04/Sep/2022:18:24:10 +0200] "GET /Texte/GDicht?action=diff&source=y&minor=n HTTP/1.1" 200 9532 "-" "Mozilla/5.0 (Macintosh; Intel Mac OS X 10.15; rv:103.0) Gecko/20100101 Firefox/103.0"
85.25.177.139 - - [04/Sep/2022:18:25:26 +0200] "GET /PschtLlformoular/PschtLlformoular?action=diff HTTP/1.1" 200 9475 "-" "Mozilla/5.0 (Macintosh; Intel Mac OS X 10.15; rv:103.0) Gecko/20100101 Firefox/103.0"
85.25.177.139 - - [04/Sep/2022:18:27:09 +0200] "GET /PschtLlformoular/PschtLlformoular?action=print HTTP/1.1" 404 2473 "-" "Mozilla/5.0 (Macintosh; Intel Mac OS X 10.15; rv:103.0) Gecko/20100101 Firefox/103.0"
85.25.177.139 - - [04/Sep/2022:18:29:32 +0200] "GET /Texte/Bitterbeuhsi?action=edit&restore=diff:1177686638:1177686513:&preview=y HTTP/1.1" 200 8709 "-" "Mozilla/5.0 (Macintosh; Intel Mac OS X 10.15; rv:103.0) Gecko/20100101 Firefox/103.0"
85.25.177.139 - - [04/Sep/2022:18:30:59 +0200] "GET /Site/Tessynfaart?action=edit&restore=diff:1233523203:1233519173:&preview=y HTTP/1.1" 200 8681 "-" "Mozilla/5.0 (Macintosh; Intel Mac OS X 10.15; rv:103.0) Gecko/20100101 Firefox/103.0"
85.25.177.139 - - [04/Sep/2022:18:32:34 +0200] "GET /Site/Tessynfaart?action=edit&restore=diff:1216924585:1216923733:&preview=y HTTP/1.1" 200 8681 "-" "Mozilla/5.0 (Macintosh; Intel Mac OS X 10.15; rv:103.0) Gecko/20100101 Firefox/103.0"
85.25.177.139 - - [04/Sep/2022:18:33:54 +0200] "GET /Site/Tessynfaart?action=diff&source=n&minor=n HTTP/1.1" 200 24442 "-" "Mozilla/5.0 (Macintosh; Intel Mac OS X 10.15; rv:103.0) Gecko/20100101 Firefox/103.0"
85.25.177.139 - - [04/Sep/2022:18:35:15 +0200] "GET /Site/Tessynfaart?action=edit&restore=diff:1233519173:1233334599:&preview=y HTTP/1.1" 200 8681 "-" "Mozilla/5.0 (Macintosh; Intel Mac OS X 10.15; rv:103.0) Gecko/20100101 Firefox/103.0"
85.25.177.139 - - [04/Sep/2022:18:36:40 +0200] "GET /Site/Tessynfaart?action=edit&restore=diff:1229447323:1226821078:&preview=y HTTP/1.1" 200 8681 "-" "Mozilla/5.0 (Macintosh; Intel Mac OS X 10.15; rv:103.0) Gecko/20100101 Firefox/103.0"
85.25.177.139 - - [04/Sep/2022:18:38:05 +0200] "GET /Site/Tessynfaart?action=edit&restore=diff:1233314465:1231623086:&preview=y HTTP/1.1" 200 8681 "-" "Mozilla/5.0 (Macintosh; Intel Mac OS X 10.15; rv:103.0) Gecko/20100101 Firefox/103.0"
194.209.200.2 - - [04/Sep/2022:18:38:53 +0200] "GET /robots.txt HTTP/1.1" 200 - "-" "Mozilla/5.0 (compatible; TMMBot/0.2; +http://www.dslab.ch)/Nutch-1.15"
194.209.200.2 - - [04/Sep/2022:18:38:53 +0200] "GET /Texte/Schrybwys HTTP/1.1" 200 11028 "-" "Mozilla/5.0 (compatible; TMMBot/0.2; +http://www.dslab.ch)/Nutch-1.15"
85.25.177.139 - - [04/Sep/2022:18:39:23 +0200] "GET /Site/Tessynfaart?action=edit&restore=diff:1216923733:1216923733:&preview=y HTTP/1.1" 200 8681 "-" "Mozilla/5.0 (Macintosh; Intel Mac OS X 10.15; rv:103.0) Gecko/20100101 Firefox/103.0"
194.209.200.2 - - [04/Sep/2022:18:40:28 +0200] "GET /Texte/Metamorphoses HTTP/1.1" 200 9045 "-" "Mozilla/5.0 (compatible; TMMBot/0.2; +http://www.dslab.ch)/Nutch-1.15"
85.25.177.139 - - [04/Sep/2022:18:41:05 +0200] "GET /Site/Site HTTP/1.1" 200 13680 "-" "Mozilla/5.0 (Macintosh; Intel Mac OS X 10.15; rv:103.0) Gecko/20100101 Firefox/103.0"
194.209.200.2 - - [04/Sep/2022:18:42:15 +0200] "GET /Admin/Pro-ZurituutschStatuten HTTP/1.1" 200 9580 "-" "Mozilla/5.0 (compatible; TMMBot/0.2; +http://www.dslab.ch)/Nutch-1.15"
85.25.177.139 - - [04/Sep/2022:18:42:29 +0200] "GET /Admin/ZurStiftung?action=edit&restore=diff:1163053466:1163053382:&preview=y HTTP/1.1" 200 8697 "-" "Mozilla/5.0 (Macintosh; Intel Mac OS X 10.15; rv:103.0) Gecko/20100101 Firefox/103.0"
194.209.200.2 - - [04/Sep/2022:18:43:35 +0200] "GET /Hilfe/AnleitungTonbeispiele HTTP/1.1" 200 9878 "-" "Mozilla/5.0 (compatible; TMMBot/0.2; +http://www.dslab.ch)/Nutch-1.15"
85.25.177.139 - - [04/Sep/2022:18:44:01 +0200] "GET /Admin/ZurStiftung?action=diff&source=y&minor=n HTTP/1.1" 200 35295 "-" "Mozilla/5.0 (Macintosh; Intel Mac OS X 10.15; rv:103.0) Gecko/20100101 Firefox/103.0"
85.25.177.139 - - [04/Sep/2022:18:45:21 +0200] "GET /PodCast/Inselschwyz?action=edit&restore=diff:1312144646:1312144214:&preview=y HTTP/1.1" 200 8724 "-" "Mozilla/5.0 (Macintosh; Intel Mac OS X 10.15; rv:103.0) Gecko/20100101 Firefox/103.0"
85.25.177.139 - - [04/Sep/2022:18:47:07 +0200] "GET /PodCast/Stuurchrieg?action=diff&source=n&minor=y HTTP/1.1" 200 16056 "-" "Mozilla/5.0 (Macintosh; Intel Mac OS X 10.15; rv:103.0) Gecko/20100101 Firefox/103.0"
3.216.185.164 - - [04/Sep/2022:18:48:33 +0200] "GET /PodCast/IndexPage?action=rss HTTP/1.1" 200 6298 "-" "PocketCasts/1.0 (Pocket Casts Feed Parser; +http://pocketcasts.com/)"
85.25.177.139 - - [04/Sep/2022:18:49:13 +0200] "GET /PodCast/Stuurchrieg?action=edit&restore=diff:1350228252:1350228194:&preview=y HTTP/1.1" 200 8724 "-" "Mozilla/5.0 (Macintosh; Intel Mac OS X 10.15; rv:103.0) Gecko/20100101 Firefox/103.0"
85.25.177.139 - - [04/Sep/2022:18:50:47 +0200] "GET /PodCast/Stuurchrieg?action=diff&source=y&minor=n HTTP/1.1" 200 14966 "-" "Mozilla/5.0 (Macintosh; Intel Mac OS X 10.15; rv:103.0) Gecko/20100101 Firefox/103.0"
185.191.171.12 - - [04/Sep/2022:18:51:44 +0200] "GET /robots.txt HTTP/1.1" 200 - "-" "Mozilla/5.0 (compatible; SemrushBot/7~bl; +http://www.semrush.com/bot.html)"
185.191.171.2 - - [04/Sep/2022:18:51:46 +0200] "GET /PmWikiNl/DownloadenEnInstalleren?action=edit HTTP/1.1" 404 18 "-" "Mozilla/5.0 (compatible; SemrushBot/7~bl; +http://www.semrush.com/bot.html)"
85.25.177.139 - - [04/Sep/2022:18:51:59 +0200] "GET /PodCast/Stuurchrieg?action=edit&restore=diff:1350227887:1350227652:&preview=y HTTP/1.1" 200 8724 "-" "Mozilla/5.0 (Macintosh; Intel Mac OS X 10.15; rv:103.0) Gecko/20100101 Firefox/103.0"
85.25.177.139 - - [04/Sep/2022:18:53:12 +0200] "GET /PodCast/Stuurchrieg?action=upload HTTP/1.1" 200 8578 "-" "Mozilla/5.0 (Macintosh; Intel Mac OS X 10.15; rv:103.0) Gecko/20100101 Firefox/103.0"
65.21.206.43 - - [04/Sep/2022:18:53:32 +0200] "GET /Main/Home?action=diff HTTP/1.1" 200 43491 "-" "Mozilla/5.0 (Windows NT 10.0; Win64; x64) AppleWebKit/537.36 (KHTML, like Gecko) Chrome/91.0.4472.114 Safari/537.36 Edg/91.0.864.54"
85.25.177.139 - - [04/Sep/2022:18:54:35 +0200] "GET /PodCast/JBJ302?action=edit&restore=diff:1406908280:1406908187:&preview=y HTTP/1.1" 200 8656 "-" "Mozilla/5.0 (Macintosh; Intel Mac OS X 10.15; rv:103.0) Gecko/20100101 Firefox/103.0"
85.25.177.139 - - [04/Sep/2022:18:55:56 +0200] "GET /PodCast/JBJ302?action=diff&source=y&minor=y HTTP/1.1" 200 18713 "-" "Mozilla/5.0 (Macintosh; Intel Mac OS X 10.15; rv:103.0) Gecko/20100101 Firefox/103.0"
85.25.177.139 - - [04/Sep/2022:18:57:15 +0200] "GET /PodCast/JBJ302?action=edit&restore=diff:1406908187:1406907845:&preview=y HTTP/1.1" 200 8656 "-" "Mozilla/5.0 (Macintosh; Intel Mac OS X 10.15; rv:103.0) Gecko/20100101 Firefox/103.0"
85.25.177.139 - - [04/Sep/2022:18:58:51 +0200] "GET /PodCast/Schlaaffloos2?action=edit&restore=diff:1321545363:1321545363:&preview=y HTTP/1.1" 200 8754 "-" "Mozilla/5.0 (Macintosh; Intel Mac OS X 10.15; rv:103.0) Gecko/20100101 Firefox/103.0"
85.25.177.139 - - [04/Sep/2022:18:59:53 +0200] "GET /PodCast/Schlaaffloos2?action=diff&source=n&minor=n HTTP/1.1" 200 19132 "-" "Mozilla/5.0 (Macintosh; Intel Mac OS X 10.15; rv:103.0) Gecko/20100101 Firefox/103.0"
85.25.177.139 - - [04/Sep/2022:19:01:34 +0200] "GET /PodCast/Schlaaffloos2?action=diff&source=y&minor=y HTTP/1.1" 200 18818 "-" "Mozilla/5.0 (Macintosh; Intel Mac OS X 10.15; rv:103.0) Gecko/20100101 Firefox/103.0"
85.25.177.139 - - [04/Sep/2022:19:02:49 +0200] "GET /Gast/Podcast?action=diff&source=n&minor=y HTTP/1.1" 200 9686 "-" "Mozilla/5.0 (Macintosh; Intel Mac OS X 10.15; rv:103.0) Gecko/20100101 Firefox/103.0"
85.25.177.139 - - [04/Sep/2022:19:04:26 +0200] "GET /PodCast/JBJ402?action=edit&restore=diff:1409495934:1409495934:&preview=y HTTP/1.1" 200 8656 "-" "Mozilla/5.0 (Macintosh; Intel Mac OS X 10.15; rv:103.0) Gecko/20100101 Firefox/103.0"
17.121.115.189 - - [04/Sep/2022:19:05:30 +0200] "GET /PodCast/Nostalgy HTTP/1.1" 200 8823 "-" "Mozilla/5.0 (Macintosh; Intel Mac OS X 10_15_5) AppleWebKit/605.1.15 (KHTML, like Gecko) Version/13.1.1 Safari/605.1.15 (Applebot/0.1; +http://www.apple.com/go/applebot)"
85.25.177.139 - - [04/Sep/2022:19:05:48 +0200] "GET /PodCast/JBJ402?action=diff&source=n&minor=n HTTP/1.1" 200 24166 "-" "Mozilla/5.0 (Macintosh; Intel Mac OS X 10.15; rv:103.0) Gecko/20100101 Firefox/103.0"
85.25.177.139 - - [04/Sep/2022:19:07:03 +0200] "GET /PodCast/JBJ402?action=diff&source=y&minor=y HTTP/1.1" 200 23910 "-" "Mozilla/5.0 (Macintosh; Intel Mac OS X 10.15; rv:103.0) Gecko/20100101 Firefox/103.0"
85.25.177.139 - - [04/Sep/2022:19:08:25 +0200] "GET /Admin/Pro-ZurituutschStatuten?action=diff&source=y&minor=y HTTP/1.1" 200 14834 "-" "Mozilla/5.0 (Macintosh; Intel Mac OS X 10.15; rv:103.0) Gecko/20100101 Firefox/103.0"
194.209.200.2 - - [04/Sep/2022:19:09:03 +0200] "GET /robots.txt HTTP/1.1" 200 - "-" "Mozilla/5.0 (compatible; TMMBot/0.2; +http://www.dslab.ch)/Nutch-1.15"
194.209.200.2 - - [04/Sep/2022:19:09:03 +0200] "GET /Texte/Schrybwys HTTP/1.1" 200 11028 "-" "Mozilla/5.0 (compatible; TMMBot/0.2; +http://www.dslab.ch)/Nutch-1.15"
85.25.177.139 - - [04/Sep/2022:19:09:39 +0200] "GET /PodCast/Amaisehugel HTTP/1.1" 200 10785 "-" "Mozilla/5.0 (Macintosh; Intel Mac OS X 10.15; rv:103.0) Gecko/20100101 Firefox/103.0"
194.209.200.2 - - [04/Sep/2022:19:09:48 +0200] "GET /Texte/ArsAmatoria HTTP/1.1" 200 12369 "-" "Mozilla/5.0 (compatible; TMMBot/0.2; +http://www.dslab.ch)/Nutch-1.15"
194.209.200.2 - - [04/Sep/2022:19:10:01 +0200] "GET /Texte/GDicht HTTP/1.1" 200 8050 "-" "Mozilla/5.0 (compatible; TMMBot/0.2; +http://www.dslab.ch)/Nutch-1.15"
194.209.200.2 - - [04/Sep/2022:19:10:40 +0200] "GET /Texte/Metamorphoses HTTP/1.1" 200 9045 "-" "Mozilla/5.0 (compatible; TMMBot/0.2; +http://www.dslab.ch)/Nutch-1.15"
85.25.177.139 - - [04/Sep/2022:19:11:19 +0200] "GET /PodCast/Tagigspricht HTTP/1.1" 200 8153 "-" "Mozilla/5.0 (Macintosh; Intel Mac OS X 10.15; rv:103.0) Gecko/20100101 Firefox/103.0"
194.209.200.2 - - [04/Sep/2022:19:12:28 +0200] "GET /Admin/Pro-ZurituutschStatuten HTTP/1.1" 200 9580 "-" "Mozilla/5.0 (compatible; TMMBot/0.2; +http://www.dslab.ch)/Nutch-1.15"
85.25.177.139 - - [04/Sep/2022:19:12:40 +0200] "GET /PodCast/31Meuischtergass?action=edit HTTP/1.1" 200 8750 "-" "Mozilla/5.0 (Macintosh; Intel Mac OS X 10.15; rv:103.0) Gecko/20100101 Firefox/103.0"
185.191.171.23 - - [04/Sep/2022:19:13:13 +0200] "GET /Texte/Metamorphoses HTTP/1.1" 200 9045 "-" "Mozilla/5.0 (compatible; SemrushBot/7~bl; +http://www.semrush.com/bot.html)"
194.209.200.2 - - [04/Sep/2022:19:13:51 +0200] "GET /Hilfe/AnleitungTonbeispiele HTTP/1.1" 200 9878 "-" "Mozilla/5.0 (compatible; TMMBot/0.2; +http://www.dslab.ch)/Nutch-1.15"
185.191.171.2 - - [04/Sep/2022:19:13:51 +0200] "GET /PmWiki/BasicVariables HTTP/1.1" 200 33583 "-" "Mozilla/5.0 (compatible; SemrushBot/7~bl; +http://www.semrush.com/bot.html)"
85.25.177.139 - - [04/Sep/2022:19:14:17 +0200] "GET /PodCast/132MIringe1483?action=edit HTTP/1.1" 200 8726 "-" "Mozilla/5.0 (Macintosh; Intel Mac OS X 10.15; rv:103.0) Gecko/20100101 Firefox/103.0"
85.25.177.139 - - [04/Sep/2022:19:15:41 +0200] "GET /PodCast/Gottesliebe HTTP/1.1" 200 13456 "-" "Mozilla/5.0 (Macintosh; Intel Mac OS X 10.15; rv:103.0) Gecko/20100101 Firefox/103.0"
85.25.177.139 - - [04/Sep/2022:19:17:04 +0200] "GET /PodCast/Schlaaffloos2?action=upload&upname=LCG003.2 HTTP/1.1" 200 8624 "-" "Mozilla/5.0 (Macintosh; Intel Mac OS X 10.15; rv:103.0) Gecko/20100101 Firefox/103.0"
85.25.177.139 - - [04/Sep/2022:19:18:53 +0200] "GET /Texte/AnleitungTonbeispiele?action=print HTTP/1.1" 404 2438 "-" "Mozilla/5.0 (Macintosh; Intel Mac OS X 10.15; rv:103.0) Gecko/20100101 Firefox/103.0"
85.25.177.139 - - [04/Sep/2022:19:20:18 +0200] "GET /PodCast/RezPflInt?action=edit&restore=diff:1453482351:1453482182:&preview=y HTTP/1.1" 200 8700 "-" "Mozilla/5.0 (Macintosh; Intel Mac OS X 10.15; rv:103.0) Gecko/20100101 Firefox/103.0"
85.25.177.139 - - [04/Sep/2022:19:21:30 +0200] "GET /PodCast/RezPflInt?action=diff&source=n&minor=n HTTP/1.1" 200 12617 "-" "Mozilla/5.0 (Macintosh; Intel Mac OS X 10.15; rv:103.0) Gecko/20100101 Firefox/103.0"
54.36.149.25 - - [04/Sep/2022:19:22:46 +0200] "GET /PmWikiPtBr HTTP/1.1" 302 173 "-" "Mozilla/5.0 (compatible; AhrefsBot/7.0; +http://ahrefs.com/robot/)"
66.249.64.188 - - [04/Sep/2022:19:22:59 +0200] "GET /PodCast/IndexPage?action=rss HTTP/1.1" 200 6298 "-" "Mozilla/5.0 (compatible; Googlebot/2.1; +http://www.google.com/bot.html)"
85.25.177.139 - - [04/Sep/2022:19:23:03 +0200] "GET /PodCast/FHrereid1?action=print HTTP/1.1" 404 2400 "-" "Mozilla/5.0 (Macintosh; Intel Mac OS X 10.15; rv:103.0) Gecko/20100101 Firefox/103.0"
85.25.177.139 - - [04/Sep/2022:19:24:20 +0200] "GET /PodCast/Metamorfoose HTTP/1.1" 200 9584 "-" "Mozilla/5.0 (Macintosh; Intel Mac OS X 10.15; rv:103.0) Gecko/20100101 Firefox/103.0"
85.25.177.139 - - [04/Sep/2022:19:25:35 +0200] "GET /PodCast/112Stans1481?action=edit HTTP/1.1" 200 8696 "-" "Mozilla/5.0 (Macintosh; Intel Mac OS X 10.15; rv:103.0) Gecko/20100101 Firefox/103.0"
85.25.177.139 - - [04/Sep/2022:19:27:04 +0200] "GET /PodCast/63Frawmeuischter1470?action=edit HTTP/1.1" 200 8808 "-" "Mozilla/5.0 (Macintosh; Intel Mac OS X 10.15; rv:103.0) Gecko/20100101 Firefox/103.0"
85.25.177.139 - - [04/Sep/2022:19:28:38 +0200] "GET /PodCast/111Stans1481?action=edit HTTP/1.1" 200 8696 "-" "Mozilla/5.0 (Macintosh; Intel Mac OS X 10.15; rv:103.0) Gecko/20100101 Firefox/103.0"
85.25.177.139 - - [04/Sep/2022:19:30:01 +0200] "GET /PodCast/121Sitkouscht1482?action=edit HTTP/1.1" 200 8766 "-" "Mozilla/5.0 (Macintosh; Intel Mac OS X 10.15; rv:103.0) Gecko/20100101 Firefox/103.0"
85.25.177.139 - - [04/Sep/2022:19:31:44 +0200] "GET /Site/141TaagsatzigIV1484?action=diff&source=y&minor=n HTTP/1.1" 200 25697 "-" "Mozilla/5.0 (Macintosh; Intel Mac OS X 10.15; rv:103.0) Gecko/20100101 Firefox/103.0"
85.25.177.139 - - [04/Sep/2022:19:33:38 +0200] "GET /PodCast/192HouhsRech1509?action=edit HTTP/1.1" 200 8754 "-" "Mozilla/5.0 (Macintosh; Intel Mac OS X 10.15; rv:103.0) Gecko/20100101 Firefox/103.0"
85.25.177.139 - - [04/Sep/2022:19:34:03 +0200] "GET /Texte/Schrybwys?action=edit&restore=diff:1178724381:1178724339:&preview=y HTTP/1.1" 200 8667 "-" "Mozilla/5.0 (Macintosh; Intel Mac OS X 10.15; rv:103.0) Gecko/20100101 Firefox/103.0"
85.25.177.139 - - [04/Sep/2022:19:35:28 +0200] "GET /Texte/Schrybwys?action=edit&restore=diff:1177686222:1163037260:&preview=y HTTP/1.1" 200 8667 "-" "Mozilla/5.0 (Macintosh; Intel Mac OS X 10.15; rv:103.0) Gecko/20100101 Firefox/103.0"
85.25.177.139 - - [04/Sep/2022:19:37:05 +0200] "GET /Texte/Schrybwys?action=edit&restore=diff:1163036782:1163036745:&preview=y HTTP/1.1" 200 8667 "-" "Mozilla/5.0 (Macintosh; Intel Mac OS X 10.15; rv:103.0) Gecko/20100101 Firefox/103.0"
85.25.177.139 - - [04/Sep/2022:19:38:13 +0200] "GET /PodCast/141TaagsatzigIV1484?action=edit HTTP/1.1" 200 8796 "-" "Mozilla/5.0 (Macintosh; Intel Mac OS X 10.15; rv:103.0) Gecko/20100101 Firefox/103.0"
85.25.177.139 - - [04/Sep/2022:19:39:44 +0200] "GET /PodCast/MNtsch?action=edit HTTP/1.1" 200 8610 "-" "Mozilla/5.0 (Macintosh; Intel Mac OS X 10.15; rv:103.0) Gecko/20100101 Firefox/103.0"
85.25.177.139 - - [04/Sep/2022:19:41:36 +0200] "GET /Site/161Predigerchoor1489?action=edit&restore=diff:1265474900:1265474806:&preview=y HTTP/1.1" 200 8811 "-" "Mozilla/5.0 (Macintosh; Intel Mac OS X 10.15; rv:103.0) Gecko/20100101 Firefox/103.0"
85.25.177.139 - - [04/Sep/2022:19:42:07 +0200] "GET /PodCast/42Fasnacht1455?action=edit HTTP/1.1" 200 8724 "-" "Mozilla/5.0 (Macintosh; Intel Mac OS X 10.15; rv:103.0) Gecko/20100101 Firefox/103.0"
85.25.177.139 - - [04/Sep/2022:19:43:03 +0200] "GET /Site/161Predigerchoor1489?action=diff&source=n&minor=n HTTP/1.1" 200 18770 "-" "Mozilla/5.0 (Macintosh; Intel Mac OS X 10.15; rv:103.0) Gecko/20100101 Firefox/103.0"
85.25.177.139 - - [04/Sep/2022:19:43:36 +0200] "GET /PodCast/181Room1500?action=edit HTTP/1.1" 200 8682 "-" "Mozilla/5.0 (Macintosh; Intel Mac OS X 10.15; rv:103.0) Gecko/20100101 Firefox/103.0"
85.25.177.139 - - [04/Sep/2022:19:44:51 +0200] "GET /PodCast/Inselschwyz?action=diff&source=y&minor=y HTTP/1.1" 200 15803 "-" "Mozilla/5.0 (Macintosh; Intel Mac OS X 10.15; rv:103.0) Gecko/20100101 Firefox/103.0"
85.25.177.139 - - [04/Sep/2022:19:45:19 +0200] "GET /Admin/Pro-ZurituutschStatuten?action=diff&source=n&minor=n HTTP/1.1" 200 14726 "-" "Mozilla/5.0 (Macintosh; Intel Mac OS X 10.15; rv:103.0) Gecko/20100101 Firefox/103.0"
85.25.177.139 - - [04/Sep/2022:19:45:45 +0200] "GET /Admin/ZurStiftung?action=diff&source=n&minor=n HTTP/1.1" 200 35478 "-" "Mozilla/5.0 (Macintosh; Intel Mac OS X 10.15; rv:103.0) Gecko/20100101 Firefox/103.0"
85.25.177.139 - - [04/Sep/2022:19:46:05 +0200] "GET /PschtLlformoular/PschtLlformoular?action=upload HTTP/1.1" 200 8776 "-" "Mozilla/5.0 (Macintosh; Intel Mac OS X 10.15; rv:103.0) Gecko/20100101 Firefox/103.0"
85.25.177.139 - - [04/Sep/2022:19:47:26 +0200] "GET /PschtLlformoular/PschtLlformoular?action=diff&source=y&minor=n HTTP/1.1" 200 9473 "-" "Mozilla/5.0 (Macintosh; Intel Mac OS X 10.15; rv:103.0) Gecko/20100101 Firefox/103.0"
185.191.171.15 - - [04/Sep/2022:19:47:27 +0200] "GET /PmWikiFr/MailingLists?action=edit HTTP/1.1" 403 18 "-" "Mozilla/5.0 (compatible; SemrushBot/7~bl; +http://www.semrush.com/bot.html)"
194.209.200.2 - - [04/Sep/2022:19:47:43 +0200] "GET /robots.txt HTTP/1.1" 200 - "-" "Mozilla/5.0 (compatible; TMMBot/0.2; +http://www.dslab.ch)/Nutch-1.15"
194.209.200.2 - - [04/Sep/2022:19:47:43 +0200] "GET /Texte/Rezension HTTP/1.1" 200 11812 "-" "Mozilla/5.0 (compatible; TMMBot/0.2; +http://www.dslab.ch)/Nutch-1.15"
185.191.171.18 - - [04/Sep/2022:19:48:18 +0200] "GET /PmWikiRu/PerGroupCustomizations HTTP/1.1" 200 15627 "-" "Mozilla/5.0 (compatible; SemrushBot/7~bl; +http://www.semrush.com/bot.html)"
85.25.177.139 - - [04/Sep/2022:19:48:35 +0200] "GET /Site/PageNotFound HTTP/1.1" 200 8452 "-" "Mozilla/5.0 (Macintosh; Intel Mac OS X 10.15; rv:103.0) Gecko/20100101 Firefox/103.0"
85.25.177.139 - - [04/Sep/2022:19:49:35 +0200] "GET /PmWiki/AvailableActions HTTP/1.1" 200 32315 "-" "Mozilla/5.0 (Macintosh; Intel Mac OS X 10.15; rv:103.0) Gecko/20100101 Firefox/103.0"
194.209.200.2 - - [04/Sep/2022:19:50:17 +0200] "GET /Texte/Schrybwys HTTP/1.1" 200 11028 "-" "Mozilla/5.0 (compatible; TMMBot/0.2; +http://www.dslab.ch)/Nutch-1.15"
85.25.177.139 - - [04/Sep/2022:19:50:59 +0200] "GET /Site/PageActions HTTP/1.1" 200 8927 "-" "Mozilla/5.0 (Macintosh; Intel Mac OS X 10.15; rv:103.0) Gecko/20100101 Firefox/103.0"
194.209.200.2 - - [04/Sep/2022:19:51:21 +0200] "GET /Texte/GDicht HTTP/1.1" 200 8050 "-" "Mozilla/5.0 (compatible; TMMBot/0.2; +http://www.dslab.ch)/Nutch-1.15"
85.25.177.139 - - [04/Sep/2022:19:51:33 +0200] "GET /PmWiki/Passwords HTTP/1.1" 200 23996 "-" "Mozilla/5.0 (Macintosh; Intel Mac OS X 10.15; rv:103.0) Gecko/20100101 Firefox/103.0"
194.209.200.2 - - [04/Sep/2022:19:52:02 +0200] "GET /Texte/Metamorphoses HTTP/1.1" 200 9045 "-" "Mozilla/5.0 (compatible; TMMBot/0.2; +http://www.dslab.ch)/Nutch-1.15"
85.25.177.139 - - [04/Sep/2022:19:52:26 +0200] "GET /PmWiki/BasicEditing HTTP/1.1" 200 32302 "-" "Mozilla/5.0 (Macintosh; Intel Mac OS X 10.15; rv:103.0) Gecko/20100101 Firefox/103.0"
85.25.177.139 - - [04/Sep/2022:19:53:59 +0200] "GET /Site/Search HTTP/1.1" 200 10556 "-" "Mozilla/5.0 (Macintosh; Intel Mac OS X 10.15; rv:103.0) Gecko/20100101 Firefox/103.0"
194.209.200.2 - - [04/Sep/2022:19:54:03 +0200] "GET /Admin/Pro-ZurituutschStatuten HTTP/1.1" 200 9580 "-" "Mozilla/5.0 (compatible; TMMBot/0.2; +http://www.dslab.ch)/Nutch-1.15"
85.25.177.139 - - [04/Sep/2022:19:55:16 +0200] "GET /Site/AuthForm HTTP/1.1" 200 8321 "-" "Mozilla/5.0 (Macintosh; Intel Mac OS X 10.15; rv:103.0) Gecko/20100101 Firefox/103.0"
85.25.177.139 - - [04/Sep/2022:19:55:36 +0200] "GET /Site/Site?action=upload HTTP/1.1" 200 8465 "-" "Mozilla/5.0 (Macintosh; Intel Mac OS X 10.15; rv:103.0) Gecko/20100101 Firefox/103.0"
194.209.200.2 - - [04/Sep/2022:19:55:36 +0200] "GET /Hilfe/AnleitungTonbeispiele HTTP/1.1" 200 9878 "-" "Mozilla/5.0 (compatible; TMMBot/0.2; +http://www.dslab.ch)/Nutch-1.15"
185.191.171.45 - - [04/Sep/2022:19:55:39 +0200] "GET /robots.txt HTTP/1.1" 200 - "-" "Mozilla/5.0 (compatible; SemrushBot/7~bl; +http://www.semrush.com/bot.html)"
185.191.171.33 - - [04/Sep/2022:19:55:39 +0200] "GET /PmWikiRu/WikiStyleExamples?action=print HTTP/1.1" 403 18 "-" "Mozilla/5.0 (compatible; SemrushBot/7~bl; +http://www.semrush.com/bot.html)"
85.25.177.139 - - [04/Sep/2022:19:56:38 +0200] "GET /Site/Site?action=print HTTP/1.1" 200 8308 "-" "Mozilla/5.0 (Macintosh; Intel Mac OS X 10.15; rv:103.0) Gecko/20100101 Firefox/103.0"
85.25.177.139 - - [04/Sep/2022:19:58:15 +0200] "GET /Site/Site?action=edit HTTP/1.1" 200 8565 "-" "Mozilla/5.0 (Macintosh; Intel Mac OS X 10.15; rv:103.0) Gecko/20100101 Firefox/103.0"
85.25.177.139 - - [04/Sep/2022:19:59:19 +0200] "GET /PmWiki/PageLists HTTP/1.1" 200 42846 "-" "Mozilla/5.0 (Macintosh; Intel Mac OS X 10.15; rv:103.0) Gecko/20100101 Firefox/103.0"
87.250.224.128 - - [04/Sep/2022:20:00:03 +0200] "GET /robots.txt HTTP/1.1" 200 - "-" "Mozilla/5.0 (compatible; YandexBot/3.0; +http://yandex.com/bots)"
87.250.224.128 - - [04/Sep/2022:20:00:03 +0200] "GET /robots.txt HTTP/1.1" 200 - "-" "Mozilla/5.0 (compatible; YandexBot/3.0; +http://yandex.com/bots)"
87.250.224.128 - - [04/Sep/2022:20:00:07 +0200] "GET / HTTP/1.1" 200 15085 "-" "Mozilla/5.0 (compatible; YandexBot/3.0; +http://yandex.com/bots)"
87.250.224.128 - - [04/Sep/2022:20:00:07 +0200] "GET / HTTP/1.1" 200 15085 "-" "Mozilla/5.0 (compatible; YandexBot/3.0; +http://yandex.com/bots)"
85.25.177.139 - - [04/Sep/2022:20:00:29 +0200] "GET /Site/PageListTemplates HTTP/1.1" 200 23784 "-" "Mozilla/5.0 (Macintosh; Intel Mac OS X 10.15; rv:103.0) Gecko/20100101 Firefox/103.0"
185.191.171.21 - - [04/Sep/2022:20:01:26 +0200] "GET /PmWikiNl/WikiSandbox HTTP/1.1" 200 6760 "-" "Mozilla/5.0 (compatible; SemrushBot/7~bl; +http://www.semrush.com/bot.html)"
85.25.177.139 - - [04/Sep/2022:20:02:00 +0200] "GET /PmWiki/AccessKeys HTTP/1.1" 200 18870 "-" "Mozilla/5.0 (Macintosh; Intel Mac OS X 10.15; rv:103.0) Gecko/20100101 Firefox/103.0"
85.25.177.139 - - [04/Sep/2022:20:03:18 +0200] "GET /PmWiki/GroupHeaders HTTP/1.1" 200 14901 "-" "Mozilla/5.0 (Macintosh; Intel Mac OS X 10.15; rv:103.0) Gecko/20100101 Firefox/103.0"
85.25.177.139 - - [04/Sep/2022:20:04:07 +0200] "GET /SiteAdmin/SiteAdmin HTTP/1.1" 200 8584 "-" "Mozilla/5.0 (Macintosh; Intel Mac OS X 10.15; rv:103.0) Gecko/20100101 Firefox/103.0"
85.25.177.139 - - [04/Sep/2022:20:05:21 +0200] "GET /Texte/AnleitungTonbeispiele?action=diff&source=y&minor=n HTTP/1.1" 200 9376 "-" "Mozilla/5.0 (Macintosh; Intel Mac OS X 10.15; rv:103.0) Gecko/20100101 Firefox/103.0"
114.119.141.249 - - [04/Sep/2022:20:05:41 +0200] "GET /robots.txt HTTP/1.1" 200 - "-" "Mozilla/5.0 (compatible;PetalBot;+https://webmaster.petalsearch.com/site/petalbot)"
185.191.171.43 - - [04/Sep/2022:20:06:21 +0200] "GET /PmWikiDe/PasswordsAdmin?action=edit HTTP/1.1" 403 18 "-" "Mozilla/5.0 (compatible; SemrushBot/7~bl; +http://www.semrush.com/bot.html)"
85.25.177.139 - - [04/Sep/2022:20:07:01 +0200] "GET /Texte/AnleitungTonbeispiele?action=diff&source=n&minor=y HTTP/1.1" 200 9386 "-" "Mozilla/5.0 (Macintosh; Intel Mac OS X 10.15; rv:103.0) Gecko/20100101 Firefox/103.0"
85.25.177.139 - - [04/Sep/2022:20:08:25 +0200] "GET /PodCast/Roman3?action=diff&source=y&minor=y HTTP/1.1" 200 18854 "-" "Mozilla/5.0 (Macintosh; Intel Mac OS X 10.15; rv:103.0) Gecko/20100101 Firefox/103.0"
85.25.177.139 - - [04/Sep/2022:20:09:44 +0200] "GET /PodCast/Roman3?action=edit&restore=diff:1179130627:1179129722:&preview=y HTTP/1.1" 200 8656 "-" "Mozilla/5.0 (Macintosh; Intel Mac OS X 10.15; rv:103.0) Gecko/20100101 Firefox/103.0"
85.25.177.139 - - [04/Sep/2022:20:11:19 +0200] "GET /PodCast/Integral?action=diff&source=y&minor=y HTTP/1.1" 200 16907 "-" "Mozilla/5.0 (Macintosh; Intel Mac OS X 10.15; rv:103.0) Gecko/20100101 Firefox/103.0"
85.25.177.139 - - [04/Sep/2022:20:12:35 +0200] "GET /PodCast/FHrereid1?action=diff&source=n&minor=y HTTP/1.1" 200 9229 "-" "Mozilla/5.0 (Macintosh; Intel Mac OS X 10.15; rv:103.0) Gecko/20100101 Firefox/103.0"
85.25.177.139 - - [04/Sep/2022:20:14:16 +0200] "GET /Gast HTTP/1.1" 404 8096 "-" "Mozilla/5.0 (Macintosh; Intel Mac OS X 10.15; rv:103.0) Gecko/20100101 Firefox/103.0"
85.25.177.139 - - [04/Sep/2022:20:15:38 +0200] "GET /Site/61Sanggale1465?action=diff&source=n&minor=y HTTP/1.1" 200 22356 "-" "Mozilla/5.0 (Macintosh; Intel Mac OS X 10.15; rv:103.0) Gecko/20100101 Firefox/103.0"
54.36.148.240 - - [04/Sep/2022:20:16:04 +0200] "GET /Texte/Metamorphoses HTTP/1.1" 200 9045 "-" "Mozilla/5.0 (compatible; AhrefsBot/7.0; +http://ahrefs.com/robot/)"
85.25.177.139 - - [04/Sep/2022:20:17:01 +0200] "GET /PodCast/Roman3?action=diff&source=n&minor=n HTTP/1.1" 200 19430 "-" "Mozilla/5.0 (Macintosh; Intel Mac OS X 10.15; rv:103.0) Gecko/20100101 Firefox/103.0"
85.25.177.139 - - [04/Sep/2022:20:18:24 +0200] "GET /Site/61Sanggale1465?action=edit&restore=diff:1244749184:1244748439:&preview=y HTTP/1.1" 200 8727 "-" "Mozilla/5.0 (Macintosh; Intel Mac OS X 10.15; rv:103.0) Gecko/20100101 Firefox/103.0"
66.249.64.161 - - [04/Sep/2022:20:19:00 +0200] "GET /PodCast/IndexPage?action=rss HTTP/1.1" 200 6298 "-" "Mozilla/5.0 (compatible; Googlebot/2.1; +http://www.google.com/bot.html)"
85.25.177.139 - - [04/Sep/2022:20:19:45 +0200] "GET /Site/141TaagsatzigIV1484?action=edit&restore=diff:1261392835:1260733751:&preview=y HTTP/1.1" 200 8799 "-" "Mozilla/5.0 (Macintosh; Intel Mac OS X 10.15; rv:103.0) Gecko/20100101 Firefox/103.0"
3.216.185.164 - - [04/Sep/2022:20:19:54 +0200] "GET /PodCast/IndexPage?action=rss HTTP/1.1" 200 6298 "-" "PocketCasts/1.0 (Pocket Casts Feed Parser; +http://pocketcasts.com/)"
85.25.177.139 - - [04/Sep/2022:20:21:02 +0200] "GET /Admin/Pro-ZurituutschStatuten?action=edit&restore=diff:1163035856:1163035856:&preview=y HTTP/1.1" 200 8865 "-" "Mozilla/5.0 (Macintosh; Intel Mac OS X 10.15; rv:103.0) Gecko/20100101 Firefox/103.0"
85.25.177.139 - - [04/Sep/2022:20:21:25 +0200] "GET /Admin/Links?action=edit&restore=diff:1458752287:1458752256:&preview=y HTTP/1.1" 200 8611 "-" "Mozilla/5.0 (Macintosh; Intel Mac OS X 10.15; rv:103.0) Gecko/20100101 Firefox/103.0"
85.25.177.139 - - [04/Sep/2022:20:22:13 +0200] "GET /Gast/Podcast?action=diff&source=y&minor=y HTTP/1.1" 200 9712 "-" "Mozilla/5.0 (Macintosh; Intel Mac OS X 10.15; rv:103.0) Gecko/20100101 Firefox/103.0"
85.25.177.139 - - [04/Sep/2022:20:22:38 +0200] "GET /Admin/Links?action=edit&restore=diff:1458752239:1447604686:&preview=y HTTP/1.1" 200 8611 "-" "Mozilla/5.0 (Macintosh; Intel Mac OS X 10.15; rv:103.0) Gecko/20100101 Firefox/103.0"
85.25.177.139 - - [04/Sep/2022:20:23:35 +0200] "GET /PodCast/Amaisehugel?action=edit HTTP/1.1" 200 8678 "-" "Mozilla/5.0 (Macintosh; Intel Mac OS X 10.15; rv:103.0) Gecko/20100101 Firefox/103.0"
85.25.177.139 - - [04/Sep/2022:20:24:09 +0200] "GET /Admin/Links?action=edit&restore=diff:1231706772:1231706746:&preview=y HTTP/1.1" 200 8611 "-" "Mozilla/5.0 (Macintosh; Intel Mac OS X 10.15; rv:103.0) Gecko/20100101 Firefox/103.0"
194.209.200.2 - - [04/Sep/2022:20:25:07 +0200] "GET /robots.txt HTTP/1.1" 200 - "-" "Mozilla/5.0 (compatible; TMMBot/0.2; +http://www.dslab.ch)/Nutch-1.15"
194.209.200.2 - - [04/Sep/2022:20:25:07 +0200] "GET /Texte/Rezension HTTP/1.1" 200 11812 "-" "Mozilla/5.0 (compatible; TMMBot/0.2; +http://www.dslab.ch)/Nutch-1.15"
85.25.177.139 - - [04/Sep/2022:20:25:47 +0200] "GET /Admin/Links?action=diff&source=y&minor=n HTTP/1.1" 200 23814 "-" "Mozilla/5.0 (Macintosh; Intel Mac OS X 10.15; rv:103.0) Gecko/20100101 Firefox/103.0"
85.25.177.139 - - [04/Sep/2022:20:27:02 +0200] "GET /PodCast/Inselschwyz?action=edit&restore=diff:1312144214:1312144214:&preview=y HTTP/1.1" 200 8724 "-" "Mozilla/5.0 (Macintosh; Intel Mac OS X 10.15; rv:103.0) Gecko/20100101 Firefox/103.0"
194.209.200.2 - - [04/Sep/2022:20:27:24 +0200] "GET /Texte/Schrybwys HTTP/1.1" 200 11028 "-" "Mozilla/5.0 (compatible; TMMBot/0.2; +http://www.dslab.ch)/Nutch-1.15"
85.25.177.139 - - [04/Sep/2022:20:28:13 +0200] "GET /PodCast/Amaisehugel?action=upload HTTP/1.1" 200 8578 "-" "Mozilla/5.0 (Macintosh; Intel Mac OS X 10.15; rv:103.0) Gecko/20100101 Firefox/103.0"
85.25.177.139 - - [04/Sep/2022:20:28:40 +0200] "GET /PschtLlformoular/PschtLlformoular?action=print HTTP/1.1" 404 2473 "-" "Mozilla/5.0 (Macintosh; Intel Mac OS X 10.15; rv:103.0) Gecko/20100101 Firefox/103.0"
194.209.200.2 - - [04/Sep/2022:20:28:59 +0200] "GET /Texte/Metamorphoses HTTP/1.1" 200 9045 "-" "Mozilla/5.0 (compatible; TMMBot/0.2; +http://www.dslab.ch)/Nutch-1.15"
194.209.200.2 - - [04/Sep/2022:20:30:51 +0200] "GET /Admin/Pro-ZurituutschStatuten HTTP/1.1" 200 9580 "-" "Mozilla/5.0 (compatible; TMMBot/0.2; +http://www.dslab.ch)/Nutch-1.15"
85.25.177.139 - - [04/Sep/2022:20:30:53 +0200] "GET /robots.txt HTTP/1.1" 200 - "-" "Mozilla/5.0 (Macintosh; Intel Mac OS X 10.15; rv:103.0) Gecko/20100101 Firefox/103.0"
85.25.177.139 - - [04/Sep/2022:20:30:53 +0200] "GET /PodCast/Amaisehugel?action=print HTTP/1.1" 200 4952 "-" "Mozilla/5.0 (Macintosh; Intel Mac OS X 10.15; rv:103.0) Gecko/20100101 Firefox/103.0"
194.209.200.2 - - [04/Sep/2022:20:32:16 +0200] "GET /Hilfe/AnleitungTonbeispiele HTTP/1.1" 200 9878 "-" "Mozilla/5.0 (compatible; TMMBot/0.2; +http://www.dslab.ch)/Nutch-1.15"
85.25.177.139 - - [04/Sep/2022:20:32:17 +0200] "GET /PodCast/Amaisehugel?action=diff HTTP/1.1" 200 12993 "-" "Mozilla/5.0 (Macintosh; Intel Mac OS X 10.15; rv:103.0) Gecko/20100101 Firefox/103.0"
85.25.177.139 - - [04/Sep/2022:20:33:35 +0200] "GET /PodCast/132MIringe1483?action=print HTTP/1.1" 404 2420 "-" "Mozilla/5.0 (Macintosh; Intel Mac OS X 10.15; rv:103.0) Gecko/20100101 Firefox/103.0"
85.25.177.139 - - [04/Sep/2022:20:34:03 +0200] "GET /PodCast/132MIringe1483?action=diff HTTP/1.1" 200 9303 "-" "Mozilla/5.0 (Macintosh; Intel Mac OS X 10.15; rv:103.0) Gecko/20100101 Firefox/103.0"
85.25.177.139 - - [04/Sep/2022:20:34:35 +0200] "GET /PodCast/132MIringe1483?action=upload HTTP/1.1" 200 8626 "-" "Mozilla/5.0 (Macintosh; Intel Mac OS X 10.15; rv:103.0) Gecko/20100101 Firefox/103.0"
85.25.177.139 - - [04/Sep/2022:20:36:17 +0200] "GET /PodCast/Gottesliebe?action=edit HTTP/1.1" 200 8678 "-" "Mozilla/5.0 (Macintosh; Intel Mac OS X 10.15; rv:103.0) Gecko/20100101 Firefox/103.0"
85.25.177.139 - - [04/Sep/2022:20:37:26 +0200] "GET /PodCast/Gottesliebe?action=print HTTP/1.1" 200 7623 "-" "Mozilla/5.0 (Macintosh; Intel Mac OS X 10.15; rv:103.0) Gecko/20100101 Firefox/103.0"
85.25.177.139 - - [04/Sep/2022:20:38:37 +0200] "GET /PodCast/Inselschwyz?action=edit&restore=diff:1312144741:1312144646:&preview=y HTTP/1.1" 200 8724 "-" "Mozilla/5.0 (Macintosh; Intel Mac OS X 10.15; rv:103.0) Gecko/20100101 Firefox/103.0"
185.191.171.21 - - [04/Sep/2022:20:39:21 +0200] "GET /PmWikiFr/MultipleWikis?action=diff HTTP/1.1" 403 18 "-" "Mozilla/5.0 (compatible; SemrushBot/7~bl; +http://www.semrush.com/bot.html)"
85.25.177.139 - - [04/Sep/2022:20:40:03 +0200] "GET /PodCast/Gottesliebe?action=upload HTTP/1.1" 200 8578 "-" "Mozilla/5.0 (Macintosh; Intel Mac OS X 10.15; rv:103.0) Gecko/20100101 Firefox/103.0"
85.25.177.139 - - [04/Sep/2022:20:41:16 +0200] "GET /PodCast/Inselschwyz?action=diff&source=n&minor=n HTTP/1.1" 200 16648 "-" "Mozilla/5.0 (Macintosh; Intel Mac OS X 10.15; rv:103.0) Gecko/20100101 Firefox/103.0"
85.25.177.139 - - [04/Sep/2022:20:42:57 +0200] "GET /Help/AnleitungTonbeispiele?action=print HTTP/1.1" 404 2433 "-" "Mozilla/5.0 (Macintosh; Intel Mac OS X 10.15; rv:103.0) Gecko/20100101 Firefox/103.0"
85.25.177.139 - - [04/Sep/2022:20:43:25 +0200] "GET /PodCast/Gottesliebe?action=diff HTTP/1.1" 200 26391 "-" "Mozilla/5.0 (Macintosh; Intel Mac OS X 10.15; rv:103.0) Gecko/20100101 Firefox/103.0"
85.25.177.139 - - [04/Sep/2022:20:44:26 +0200] "GET /Help/AnleitungTonbeispiele?action=diff HTTP/1.1" 200 9362 "-" "Mozilla/5.0 (Macintosh; Intel Mac OS X 10.15; rv:103.0) Gecko/20100101 Firefox/103.0"
85.25.177.139 - - [04/Sep/2022:20:46:14 +0200] "GET /PodCast/Stuurchrieg?action=diff&source=n&minor=n HTTP/1.1" 200 16054 "-" "Mozilla/5.0 (Macintosh; Intel Mac OS X 10.15; rv:103.0) Gecko/20100101 Firefox/103.0"
85.25.177.139 - - [04/Sep/2022:20:47:05 +0200] "GET /Hilfe/RealOne?action=diff&source=y&minor=y HTTP/1.1" 200 16372 "-" "Mozilla/5.0 (Macintosh; Intel Mac OS X 10.15; rv:103.0) Gecko/20100101 Firefox/103.0"
54.234.118.247 - - [04/Sep/2022:20:47:33 +0200] "GET /PodCast/IndexPage?action=rss HTTP/1.1" 200 6298 "-" "PlayerFM/1.0 Podcast Sync (1 subscribers; url=https://player.fm/series/podcast-2872909)"
85.25.177.139 - - [04/Sep/2022:20:48:58 +0200] "GET /Hilfe/RealOne?action=diff&source=n&minor=n HTTP/1.1" 200 15497 "-" "Mozilla/5.0 (Macintosh; Intel Mac OS X 10.15; rv:103.0) Gecko/20100101 Firefox/103.0"
85.25.177.139 - - [04/Sep/2022:20:49:27 +0200] "GET /PodCast/Stuurchrieg?action=edit&restore=diff:1350228194:1350227887:&preview=y HTTP/1.1" 200 8724 "-" "Mozilla/5.0 (Macintosh; Intel Mac OS X 10.15; rv:103.0) Gecko/20100101 Firefox/103.0"
85.25.177.139 - - [04/Sep/2022:20:51:15 +0200] "GET /PodCast/RSSPodcasts?action=edit&restore=diff:1177573059:1177573039:&preview=y HTTP/1.1" 200 8726 "-" "Mozilla/5.0 (Macintosh; Intel Mac OS X 10.15; rv:103.0) Gecko/20100101 Firefox/103.0"
85.25.177.139 - - [04/Sep/2022:20:52:33 +0200] "GET /PodCast/Stuurchrieg?action=edit&restore=diff:1350227652:1350227652:&preview=y HTTP/1.1" 200 8724 "-" "Mozilla/5.0 (Macintosh; Intel Mac OS X 10.15; rv:103.0) Gecko/20100101 Firefox/103.0"
85.25.177.139 - - [04/Sep/2022:20:52:56 +0200] "GET /PodCast/RSSPodcasts?action=edit&restore=diff:1163083850:1163065799:&preview=y HTTP/1.1" 200 8726 "-" "Mozilla/5.0 (Macintosh; Intel Mac OS X 10.15; rv:103.0) Gecko/20100101 Firefox/103.0"
85.25.177.139 - - [04/Sep/2022:20:54:54 +0200] "GET /Admin HTTP/1.1" 404 8123 "-" "Mozilla/5.0 (Macintosh; Intel Mac OS X 10.15; rv:103.0) Gecko/20100101 Firefox/103.0"
85.25.177.139 - - [04/Sep/2022:20:56:34 +0200] "GET /Bestellung HTTP/1.1" 404 8258 "-" "Mozilla/5.0 (Macintosh; Intel Mac OS X 10.15; rv:103.0) Gecko/20100101 Firefox/103.0"
194.209.200.2 - - [04/Sep/2022:20:56:53 +0200] "GET /robots.txt HTTP/1.1" 200 - "-" "Mozilla/5.0 (compatible; TMMBot/0.2; +http://www.dslab.ch)/Nutch-1.15"
194.209.200.2 - - [04/Sep/2022:20:56:53 +0200] "GET /Texte/Rezension HTTP/1.1" 200 11812 "-" "Mozilla/5.0 (compatible; TMMBot/0.2; +http://www.dslab.ch)/Nutch-1.15"
85.25.177.139 - - [04/Sep/2022:20:58:52 +0200] "GET /PodCast/Tagigspricht?action=diff HTTP/1.1" 200 35224 "-" "Mozilla/5.0 (Macintosh; Intel Mac OS X 10.15; rv:103.0) Gecko/20100101 Firefox/103.0"
194.209.200.2 - - [04/Sep/2022:20:59:04 +0200] "GET /Texte/Schrybwys HTTP/1.1" 200 11028 "-" "Mozilla/5.0 (compatible; TMMBot/0.2; +http://www.dslab.ch)/Nutch-1.15"
85.25.177.139 - - [04/Sep/2022:20:59:24 +0200] "GET /PodCast/Stuurchrieg?action=diff&source=y&minor=y HTTP/1.1" 200 14968 "-" "Mozilla/5.0 (Macintosh; Intel Mac OS X 10.15; rv:103.0) Gecko/20100101 Firefox/103.0"
194.209.200.2 - - [04/Sep/2022:20:59:49 +0200] "GET /Texte/ArsAmatoria HTTP/1.1" 200 12369 "-" "Mozilla/5.0 (compatible; TMMBot/0.2; +http://www.dslab.ch)/Nutch-1.15"
