92.204.54.123 - - [04/Sep/2022:02:06:17 +0200] "GET /Site/PodCast?action=edit&restore=diff:1379530739:1376765439:&preview=y HTTP/1.1" 200 8627 "-" "Mozilla/5.0 (Macintosh; Intel Mac OS X 10.15; rv:103.0) Gecko/20100101 Firefox/103.0"
92.204.54.123 - - [04/Sep/2022:02:06:19 +0200] "GET /Site/PodCast?action=edit&restore=diff:1376765439:1376763719:&preview=y HTTP/1.1" 200 8627 "-" "Mozilla/5.0 (Macintosh; Intel Mac OS X 10.15; rv:103.0) Gecko/20100101 Firefox/103.0"
92.204.54.123 - - [04/Sep/2022:02:06:21 +0200] "GET /Site/PodCast?action=edit&restore=diff:1376763719:1375286701:&preview=y HTTP/1.1" 200 8627 "-" "Mozilla/5.0 (Macintosh; Intel Mac OS X 10.15; rv:103.0) Gecko/20100101 Firefox/103.0"
92.204.54.123 - - [04/Sep/2022:02:06:23 +0200] "GET /Site/PodCast?action=edit&restore=diff:1375286701:1375209726:&preview=y HTTP/1.1" 200 8627 "-" "Mozilla/5.0 (Macintosh; Intel Mac OS X 10.15; rv:103.0) Gecko/20100101 Firefox/103.0"
92.204.54.123 - - [04/Sep/2022:02:06:25 +0200] "GET /Site/PodCast?action=edit&restore=diff:1375209726:1373741683:&preview=y HTTP/1.1" 200 8627 "-" "Mozilla/5.0 (Macintosh; Intel Mac OS X 10.15; rv:103.0) Gecko/20100101 Firefox/103.0"
92.204.54.123 - - [04/Sep/2022:02:06:27 +0200] "GET /Site/PodCast?action=edit&restore=diff:1373741683:1372237814:&preview=y HTTP/1.1" 200 8627 "-" "Mozilla/5.0 (Macintosh; Intel Mac OS X 10.15; rv:103.0) Gecko/20100101 Firefox/103.0"
92.204.54.123 - - [04/Sep/2022:02:06:29 +0200] "GET /Site/PodCast?action=edit&restore=diff:1372237814:1372237746:&preview=y HTTP/1.1" 200 8627 "-" "Mozilla/5.0 (Macintosh; Intel Mac OS X 10.15; rv:103.0) Gecko/20100101 Firefox/103.0"
92.204.54.123 - - [04/Sep/2022:02:06:31 +0200] "GET /Site/PodCast?action=edit&restore=diff:1372237746:1371287435:&preview=y HTTP/1.1" 200 8627 "-" "Mozilla/5.0 (Macintosh; Intel Mac OS X 10.15; rv:103.0) Gecko/20100101 Firefox/103.0"
92.204.54.123 - - [04/Sep/2022:02:06:33 +0200] "GET /Site/PodCast?action=edit&restore=diff:1371287435:1368869934:&preview=y HTTP/1.1" 200 8627 "-" "Mozilla/5.0 (Macintosh; Intel Mac OS X 10.15; rv:103.0) Gecko/20100101 Firefox/103.0"
92.204.54.123 - - [04/Sep/2022:02:06:35 +0200] "GET /Site/PodCast?action=edit&restore=diff:1368869934:1367507830:&preview=y HTTP/1.1" 200 8627 "-" "Mozilla/5.0 (Macintosh; Intel Mac OS X 10.15; rv:103.0) Gecko/20100101 Firefox/103.0"
92.204.54.123 - - [04/Sep/2022:02:06:37 +0200] "GET /Site/PodCast?action=edit&restore=diff:1367507830:1367507185:&preview=y HTTP/1.1" 200 8627 "-" "Mozilla/5.0 (Macintosh; Intel Mac OS X 10.15; rv:103.0) Gecko/20100101 Firefox/103.0"
92.204.54.123 - - [04/Sep/2022:02:06:39 +0200] "GET /Site/PodCast?action=edit&restore=diff:1367507185:1366311301:&preview=y HTTP/1.1" 200 8627 "-" "Mozilla/5.0 (Macintosh; Intel Mac OS X 10.15; rv:103.0) Gecko/20100101 Firefox/103.0"
92.204.54.123 - - [04/Sep/2022:02:06:41 +0200] "GET /Site/PodCast?action=edit&restore=diff:1366311301:1364920053:&preview=y HTTP/1.1" 200 8627 "-" "Mozilla/5.0 (Macintosh; Intel Mac OS X 10.15; rv:103.0) Gecko/20100101 Firefox/103.0"
92.204.54.123 - - [04/Sep/2022:02:06:43 +0200] "GET /Site/PodCast?action=edit&restore=diff:1364920053:1364919940:&preview=y HTTP/1.1" 200 8627 "-" "Mozilla/5.0 (Macintosh; Intel Mac OS X 10.15; rv:103.0) Gecko/20100101 Firefox/103.0"
92.204.54.123 - - [04/Sep/2022:02:06:45 +0200] "GET /Site/PodCast?action=edit&restore=diff:1364919940:1364919836:&preview=y HTTP/1.1" 200 8627 "-" "Mozilla/5.0 (Macintosh; Intel Mac OS X 10.15; rv:103.0) Gecko/20100101 Firefox/103.0"
92.204.54.123 - - [04/Sep/2022:02:06:47 +0200] "GET /Site/PodCast?action=edit&restore=diff:1364919836:1364919752:&preview=y HTTP/1.1" 200 8627 "-" "Mozilla/5.0 (Macintosh; Intel Mac OS X 10.15; rv:103.0) Gecko/20100101 Firefox/103.0"
92.204.54.123 - - [04/Sep/2022:02:06:49 +0200] "GET /Site/PodCast?action=edit&restore=diff:1364919752:1363453036:&preview=y HTTP/1.1" 200 8627 "-" "Mozilla/5.0 (Macintosh; Intel Mac OS X 10.15; rv:103.0) Gecko/20100101 Firefox/103.0"
92.204.54.123 - - [04/Sep/2022:02:06:51 +0200] "GET /Site/PodCast?action=edit&restore=diff:1363453036:1361294707:&preview=y HTTP/1.1" 200 8627 "-" "Mozilla/5.0 (Macintosh; Intel Mac OS X 10.15; rv:103.0) Gecko/20100101 Firefox/103.0"
92.204.54.123 - - [04/Sep/2022:02:06:53 +0200] "GET /Site/PodCast?action=edit&restore=diff:1361294707:1361294584:&preview=y HTTP/1.1" 200 8627 "-" "Mozilla/5.0 (Macintosh; Intel Mac OS X 10.15; rv:103.0) Gecko/20100101 Firefox/103.0"
92.204.54.123 - - [04/Sep/2022:02:06:55 +0200] "GET /Site/PodCast?action=edit&restore=diff:1361294584:1357845923:&preview=y HTTP/1.1" 200 8627 "-" "Mozilla/5.0 (Macintosh; Intel Mac OS X 10.15; rv:103.0) Gecko/20100101 Firefox/103.0"
92.204.54.123 - - [04/Sep/2022:02:06:57 +0200] "GET /Site/PodCast?action=edit&restore=diff:1357845923:1355943666:&preview=y HTTP/1.1" 200 8627 "-" "Mozilla/5.0 (Macintosh; Intel Mac OS X 10.15; rv:103.0) Gecko/20100101 Firefox/103.0"
92.204.54.123 - - [04/Sep/2022:02:06:59 +0200] "GET /Site/PodCast?action=edit&restore=diff:1355943666:1353776197:&preview=y HTTP/1.1" 200 8627 "-" "Mozilla/5.0 (Macintosh; Intel Mac OS X 10.15; rv:103.0) Gecko/20100101 Firefox/103.0"
92.204.54.123 - - [04/Sep/2022:02:07:01 +0200] "GET /Site/PodCast?action=edit&restore=diff:1353776197:1351703168:&preview=y HTTP/1.1" 200 8627 "-" "Mozilla/5.0 (Macintosh; Intel Mac OS X 10.15; rv:103.0) Gecko/20100101 Firefox/103.0"
92.204.54.123 - - [04/Sep/2022:02:07:03 +0200] "GET /Site/PodCast?action=edit&restore=diff:1351703168:1351702473:&preview=y HTTP/1.1" 200 8627 "-" "Mozilla/5.0 (Macintosh; Intel Mac OS X 10.15; rv:103.0) Gecko/20100101 Firefox/103.0"
92.204.54.123 - - [04/Sep/2022:02:07:05 +0200] "GET /Site/PodCast?action=edit&restore=diff:1351702473:1350918012:&preview=y HTTP/1.1" 200 8627 "-" "Mozilla/5.0 (Macintosh; Intel Mac OS X 10.15; rv:103.0) Gecko/20100101 Firefox/103.0"
92.204.54.123 - - [04/Sep/2022:02:07:07 +0200] "GET /Site/PodCast?action=edit&restore=diff:1350918012:1350228156:&preview=y HTTP/1.1" 200 8627 "-" "Mozilla/5.0 (Macintosh; Intel Mac OS X 10.15; rv:103.0) Gecko/20100101 Firefox/103.0"
92.204.54.123 - - [04/Sep/2022:02:07:09 +0200] "GET /Site/PodCast?action=edit&restore=diff:1350228156:1348495764:&preview=y HTTP/1.1" 200 8627 "-" "Mozilla/5.0 (Macintosh; Intel Mac OS X 10.15; rv:103.0) Gecko/20100101 Firefox/103.0"
92.204.54.123 - - [04/Sep/2022:02:07:11 +0200] "GET /Site/PodCast?action=edit&restore=diff:1348495764:1347560604:&preview=y HTTP/1.1" 200 8627 "-" "Mozilla/5.0 (Macintosh; Intel Mac OS X 10.15; rv:103.0) Gecko/20100101 Firefox/103.0"
85.25.177.139 - - [04/Sep/2022:02:07:11 +0200] "GET /PmWikiDe/UrlApprovals?action=edit HTTP/1.1" 200 7164 "-" "Mozilla/5.0 (Macintosh; Intel Mac OS X 10.15; rv:103.0) Gecko/20100101 Firefox/103.0"
92.204.54.123 - - [04/Sep/2022:02:07:13 +0200] "GET /Site/PodCast?action=edit&restore=diff:1347560604:1346169925:&preview=y HTTP/1.1" 200 8627 "-" "Mozilla/5.0 (Macintosh; Intel Mac OS X 10.15; rv:103.0) Gecko/20100101 Firefox/103.0"
92.204.54.123 - - [04/Sep/2022:02:07:15 +0200] "GET /Site/PodCast?action=edit&restore=diff:1346169925:1346169519:&preview=y HTTP/1.1" 200 8627 "-" "Mozilla/5.0 (Macintosh; Intel Mac OS X 10.15; rv:103.0) Gecko/20100101 Firefox/103.0"
92.204.54.123 - - [04/Sep/2022:02:07:17 +0200] "GET /Site/PodCast?action=edit&restore=diff:1346169519:1346079089:&preview=y HTTP/1.1" 200 8627 "-" "Mozilla/5.0 (Macintosh; Intel Mac OS X 10.15; rv:103.0) Gecko/20100101 Firefox/103.0"
92.204.54.123 - - [04/Sep/2022:02:07:19 +0200] "GET /Site/PodCast?action=edit&restore=diff:1346079089:1345304564:&preview=y HTTP/1.1" 200 8627 "-" "Mozilla/5.0 (Macintosh; Intel Mac OS X 10.15; rv:103.0) Gecko/20100101 Firefox/103.0"
92.204.54.123 - - [04/Sep/2022:02:07:21 +0200] "GET /Site/PodCast?action=edit&restore=diff:1345304564:1343761854:&preview=y HTTP/1.1" 200 8627 "-" "Mozilla/5.0 (Macintosh; Intel Mac OS X 10.15; rv:103.0) Gecko/20100101 Firefox/103.0"
92.204.54.123 - - [04/Sep/2022:02:07:23 +0200] "GET /Site/PodCast?action=edit&restore=diff:1343761854:1342518572:&preview=y HTTP/1.1" 200 8627 "-" "Mozilla/5.0 (Macintosh; Intel Mac OS X 10.15; rv:103.0) Gecko/20100101 Firefox/103.0"
92.204.54.123 - - [04/Sep/2022:02:07:25 +0200] "GET /Site/PodCast?action=edit&restore=diff:1342518572:1340804286:&preview=y HTTP/1.1" 200 8627 "-" "Mozilla/5.0 (Macintosh; Intel Mac OS X 10.15; rv:103.0) Gecko/20100101 Firefox/103.0"
92.204.54.123 - - [04/Sep/2022:02:07:27 +0200] "GET /Site/PodCast?action=edit&restore=diff:1340804286:1339516577:&preview=y HTTP/1.1" 200 8627 "-" "Mozilla/5.0 (Macintosh; Intel Mac OS X 10.15; rv:103.0) Gecko/20100101 Firefox/103.0"
92.204.54.123 - - [04/Sep/2022:02:07:29 +0200] "GET /Site/PodCast?action=edit&restore=diff:1339516577:1339516479:&preview=y HTTP/1.1" 200 8627 "-" "Mozilla/5.0 (Macintosh; Intel Mac OS X 10.15; rv:103.0) Gecko/20100101 Firefox/103.0"
92.204.54.123 - - [04/Sep/2022:02:07:31 +0200] "GET /Site/PodCast?action=edit&restore=diff:1339516479:1338986805:&preview=y HTTP/1.1" 200 8627 "-" "Mozilla/5.0 (Macintosh; Intel Mac OS X 10.15; rv:103.0) Gecko/20100101 Firefox/103.0"
92.204.54.123 - - [04/Sep/2022:02:07:33 +0200] "GET /Site/PodCast?action=edit&restore=diff:1338986805:1338986631:&preview=y HTTP/1.1" 200 8627 "-" "Mozilla/5.0 (Macintosh; Intel Mac OS X 10.15; rv:103.0) Gecko/20100101 Firefox/103.0"
92.204.54.123 - - [04/Sep/2022:02:07:35 +0200] "GET /Site/PodCast?action=edit&restore=diff:1338986631:1337181598:&preview=y HTTP/1.1" 200 8627 "-" "Mozilla/5.0 (Macintosh; Intel Mac OS X 10.15; rv:103.0) Gecko/20100101 Firefox/103.0"
92.204.54.123 - - [04/Sep/2022:02:07:37 +0200] "GET /Site/PodCast?action=edit&restore=diff:1337181598:1336406138:&preview=y HTTP/1.1" 200 8627 "-" "Mozilla/5.0 (Macintosh; Intel Mac OS X 10.15; rv:103.0) Gecko/20100101 Firefox/103.0"
92.204.54.123 - - [04/Sep/2022:02:07:39 +0200] "GET /Site/PodCast?action=edit&restore=diff:1336406138:1334944558:&preview=y HTTP/1.1" 200 8627 "-" "Mozilla/5.0 (Macintosh; Intel Mac OS X 10.15; rv:103.0) Gecko/20100101 Firefox/103.0"
92.204.54.123 - - [04/Sep/2022:02:07:41 +0200] "GET /Site/PodCast?action=edit&restore=diff:1334944558:1333640211:&preview=y HTTP/1.1" 200 8627 "-" "Mozilla/5.0 (Macintosh; Intel Mac OS X 10.15; rv:103.0) Gecko/20100101 Firefox/103.0"
92.204.54.123 - - [04/Sep/2022:02:07:43 +0200] "GET /Site/PodCast?action=edit&restore=diff:1333640211:1332617796:&preview=y HTTP/1.1" 200 8627 "-" "Mozilla/5.0 (Macintosh; Intel Mac OS X 10.15; rv:103.0) Gecko/20100101 Firefox/103.0"
92.204.54.123 - - [04/Sep/2022:02:07:45 +0200] "GET /Site/PodCast?action=edit&restore=diff:1332617796:1331053861:&preview=y HTTP/1.1" 200 8627 "-" "Mozilla/5.0 (Macintosh; Intel Mac OS X 10.15; rv:103.0) Gecko/20100101 Firefox/103.0"
92.204.54.123 - - [04/Sep/2022:02:07:47 +0200] "GET /Site/PodCast?action=edit&restore=diff:1331053861:1331053642:&preview=y HTTP/1.1" 200 8627 "-" "Mozilla/5.0 (Macintosh; Intel Mac OS X 10.15; rv:103.0) Gecko/20100101 Firefox/103.0"
92.204.54.123 - - [04/Sep/2022:02:07:49 +0200] "GET /Site/PodCast?action=edit&restore=diff:1331053642:1330102671:&preview=y HTTP/1.1" 200 8627 "-" "Mozilla/5.0 (Macintosh; Intel Mac OS X 10.15; rv:103.0) Gecko/20100101 Firefox/103.0"
92.204.54.123 - - [04/Sep/2022:02:07:51 +0200] "GET /Site/PodCast?action=edit&restore=diff:1330102671:1330102634:&preview=y HTTP/1.1" 200 8627 "-" "Mozilla/5.0 (Macintosh; Intel Mac OS X 10.15; rv:103.0) Gecko/20100101 Firefox/103.0"
92.204.54.123 - - [04/Sep/2022:02:07:53 +0200] "GET /Site/PodCast?action=edit&restore=diff:1330102634:1328816912:&preview=y HTTP/1.1" 200 8627 "-" "Mozilla/5.0 (Macintosh; Intel Mac OS X 10.15; rv:103.0) Gecko/20100101 Firefox/103.0"
92.204.54.123 - - [04/Sep/2022:02:07:55 +0200] "GET /Site/PodCast?action=edit&restore=diff:1328816912:1328371477:&preview=y HTTP/1.1" 200 8627 "-" "Mozilla/5.0 (Macintosh; Intel Mac OS X 10.15; rv:103.0) Gecko/20100101 Firefox/103.0"
92.204.54.123 - - [04/Sep/2022:02:07:57 +0200] "GET /Site/PodCast?action=edit&restore=diff:1328371477:1326914068:&preview=y HTTP/1.1" 200 8627 "-" "Mozilla/5.0 (Macintosh; Intel Mac OS X 10.15; rv:103.0) Gecko/20100101 Firefox/103.0"
92.204.54.123 - - [04/Sep/2022:02:07:59 +0200] "GET /Site/PodCast?action=edit&restore=diff:1326914068:1325931390:&preview=y HTTP/1.1" 200 8627 "-" "Mozilla/5.0 (Macintosh; Intel Mac OS X 10.15; rv:103.0) Gecko/20100101 Firefox/103.0"
92.204.54.123 - - [04/Sep/2022:02:08:01 +0200] "GET /Site/PodCast?action=edit&restore=diff:1325931390:1325931320:&preview=y HTTP/1.1" 200 8627 "-" "Mozilla/5.0 (Macintosh; Intel Mac OS X 10.15; rv:103.0) Gecko/20100101 Firefox/103.0"
92.204.54.123 - - [04/Sep/2022:02:08:03 +0200] "GET /Site/PodCast?action=edit&restore=diff:1325931320:1325147443:&preview=y HTTP/1.1" 200 8627 "-" "Mozilla/5.0 (Macintosh; Intel Mac OS X 10.15; rv:103.0) Gecko/20100101 Firefox/103.0"
92.204.54.123 - - [04/Sep/2022:02:08:05 +0200] "GET /Site/PodCast?action=edit&restore=diff:1325147443:1324395450:&preview=y HTTP/1.1" 200 8627 "-" "Mozilla/5.0 (Macintosh; Intel Mac OS X 10.15; rv:103.0) Gecko/20100101 Firefox/103.0"
92.204.54.123 - - [04/Sep/2022:02:08:07 +0200] "GET /Site/PodCast?action=edit&restore=diff:1324395450:1322842301:&preview=y HTTP/1.1" 200 8627 "-" "Mozilla/5.0 (Macintosh; Intel Mac OS X 10.15; rv:103.0) Gecko/20100101 Firefox/103.0"
92.204.54.123 - - [04/Sep/2022:02:08:09 +0200] "GET /Site/PodCast?action=edit&restore=diff:1322842301:1322758870:&preview=y HTTP/1.1" 200 8627 "-" "Mozilla/5.0 (Macintosh; Intel Mac OS X 10.15; rv:103.0) Gecko/20100101 Firefox/103.0"
92.204.54.123 - - [04/Sep/2022:02:08:11 +0200] "GET /Site/PodCast?action=edit&restore=diff:1322758870:1322758537:&preview=y HTTP/1.1" 200 8627 "-" "Mozilla/5.0 (Macintosh; Intel Mac OS X 10.15; rv:103.0) Gecko/20100101 Firefox/103.0"
92.204.54.123 - - [04/Sep/2022:02:08:13 +0200] "GET /Site/PodCast?action=edit&restore=diff:1322758537:1322758419:&preview=y HTTP/1.1" 200 8627 "-" "Mozilla/5.0 (Macintosh; Intel Mac OS X 10.15; rv:103.0) Gecko/20100101 Firefox/103.0"
92.204.54.123 - - [04/Sep/2022:02:08:15 +0200] "GET /Site/PodCast?action=edit&restore=diff:1322758419:1322758369:&preview=y HTTP/1.1" 200 8627 "-" "Mozilla/5.0 (Macintosh; Intel Mac OS X 10.15; rv:103.0) Gecko/20100101 Firefox/103.0"
92.204.54.123 - - [04/Sep/2022:02:08:17 +0200] "GET /Site/PodCast?action=edit&restore=diff:1322758369:1322758300:&preview=y HTTP/1.1" 200 8627 "-" "Mozilla/5.0 (Macintosh; Intel Mac OS X 10.15; rv:103.0) Gecko/20100101 Firefox/103.0"
92.204.54.123 - - [04/Sep/2022:02:08:19 +0200] "GET /Site/PodCast?action=edit&restore=diff:1322758300:1321545315:&preview=y HTTP/1.1" 200 8627 "-" "Mozilla/5.0 (Macintosh; Intel Mac OS X 10.15; rv:103.0) Gecko/20100101 Firefox/103.0"
92.204.54.123 - - [04/Sep/2022:02:08:21 +0200] "GET /Site/PodCast?action=edit&restore=diff:1321545315:1320954334:&preview=y HTTP/1.1" 200 8627 "-" "Mozilla/5.0 (Macintosh; Intel Mac OS X 10.15; rv:103.0) Gecko/20100101 Firefox/103.0"
92.204.54.123 - - [04/Sep/2022:02:08:23 +0200] "GET /Site/PodCast?action=edit&restore=diff:1320954334:1320339390:&preview=y HTTP/1.1" 200 8627 "-" "Mozilla/5.0 (Macintosh; Intel Mac OS X 10.15; rv:103.0) Gecko/20100101 Firefox/103.0"
92.204.54.123 - - [04/Sep/2022:02:08:25 +0200] "GET /Site/PodCast?action=edit&restore=diff:1320339390:1320339294:&preview=y HTTP/1.1" 200 8627 "-" "Mozilla/5.0 (Macintosh; Intel Mac OS X 10.15; rv:103.0) Gecko/20100101 Firefox/103.0"
92.204.54.123 - - [04/Sep/2022:02:08:27 +0200] "GET /Site/PodCast?action=edit&restore=diff:1320339294:1320339174:&preview=y HTTP/1.1" 200 8627 "-" "Mozilla/5.0 (Macintosh; Intel Mac OS X 10.15; rv:103.0) Gecko/20100101 Firefox/103.0"
92.204.54.123 - - [04/Sep/2022:02:08:29 +0200] "GET /Site/PodCast?action=edit&restore=diff:1320339174:1320339008:&preview=y HTTP/1.1" 200 8627 "-" "Mozilla/5.0 (Macintosh; Intel Mac OS X 10.15; rv:103.0) Gecko/20100101 Firefox/103.0"
92.204.54.123 - - [04/Sep/2022:02:08:31 +0200] "GET /Site/PodCast?action=edit&restore=diff:1320339008:1318706012:&preview=y HTTP/1.1" 200 8627 "-" "Mozilla/5.0 (Macintosh; Intel Mac OS X 10.15; rv:103.0) Gecko/20100101 Firefox/103.0"
92.204.54.123 - - [04/Sep/2022:02:08:33 +0200] "GET /Site/PodCast?action=edit&restore=diff:1318706012:1318705433:&preview=y HTTP/1.1" 200 8627 "-" "Mozilla/5.0 (Macintosh; Intel Mac OS X 10.15; rv:103.0) Gecko/20100101 Firefox/103.0"
92.204.54.123 - - [04/Sep/2022:02:08:35 +0200] "GET /Site/PodCast?action=edit&restore=diff:1318705433:1318705287:&preview=y HTTP/1.1" 200 8627 "-" "Mozilla/5.0 (Macintosh; Intel Mac OS X 10.15; rv:103.0) Gecko/20100101 Firefox/103.0"
92.204.54.123 - - [04/Sep/2022:02:08:37 +0200] "GET /Site/PodCast?action=edit&restore=diff:1318705287:1318705157:&preview=y HTTP/1.1" 200 8627 "-" "Mozilla/5.0 (Macintosh; Intel Mac OS X 10.15; rv:103.0) Gecko/20100101 Firefox/103.0"
92.204.54.123 - - [04/Sep/2022:02:08:39 +0200] "GET /Site/PodCast?action=edit&restore=diff:1318705157:1318705022:&preview=y HTTP/1.1" 200 8627 "-" "Mozilla/5.0 (Macintosh; Intel Mac OS X 10.15; rv:103.0) Gecko/20100101 Firefox/103.0"
92.204.54.123 - - [04/Sep/2022:02:08:41 +0200] "GET /Site/PodCast?action=edit&restore=diff:1318705022:1318704891:&preview=y HTTP/1.1" 200 8627 "-" "Mozilla/5.0 (Macintosh; Intel Mac OS X 10.15; rv:103.0) Gecko/20100101 Firefox/103.0"
92.204.54.123 - - [04/Sep/2022:02:08:43 +0200] "GET /Site/PodCast?action=edit&restore=diff:1318704891:1317462362:&preview=y HTTP/1.1" 200 8627 "-" "Mozilla/5.0 (Macintosh; Intel Mac OS X 10.15; rv:103.0) Gecko/20100101 Firefox/103.0"
92.204.54.123 - - [04/Sep/2022:02:08:45 +0200] "GET /Site/PodCast?action=edit&restore=diff:1317462362:1316891761:&preview=y HTTP/1.1" 200 8627 "-" "Mozilla/5.0 (Macintosh; Intel Mac OS X 10.15; rv:103.0) Gecko/20100101 Firefox/103.0"
92.204.54.123 - - [04/Sep/2022:02:08:47 +0200] "GET /Site/PodCast?action=edit&restore=diff:1316891761:1314902954:&preview=y HTTP/1.1" 200 8627 "-" "Mozilla/5.0 (Macintosh; Intel Mac OS X 10.15; rv:103.0) Gecko/20100101 Firefox/103.0"
92.204.54.123 - - [04/Sep/2022:02:08:49 +0200] "GET /Site/PodCast?action=edit&restore=diff:1314902954:1314902893:&preview=y HTTP/1.1" 200 8627 "-" "Mozilla/5.0 (Macintosh; Intel Mac OS X 10.15; rv:103.0) Gecko/20100101 Firefox/103.0"
92.204.54.123 - - [04/Sep/2022:02:08:51 +0200] "GET /Site/PodCast?action=edit&restore=diff:1314902893:1314902815:&preview=y HTTP/1.1" 200 8627 "-" "Mozilla/5.0 (Macintosh; Intel Mac OS X 10.15; rv:103.0) Gecko/20100101 Firefox/103.0"
92.204.54.123 - - [04/Sep/2022:02:08:53 +0200] "GET /Site/PodCast?action=edit&restore=diff:1314902815:1314902735:&preview=y HTTP/1.1" 200 8627 "-" "Mozilla/5.0 (Macintosh; Intel Mac OS X 10.15; rv:103.0) Gecko/20100101 Firefox/103.0"
92.204.54.123 - - [04/Sep/2022:02:08:55 +0200] "GET /Site/PodCast?action=edit&restore=diff:1314902735:1314902607:&preview=y HTTP/1.1" 200 8627 "-" "Mozilla/5.0 (Macintosh; Intel Mac OS X 10.15; rv:103.0) Gecko/20100101 Firefox/103.0"
92.204.54.123 - - [04/Sep/2022:02:08:57 +0200] "GET /Site/PodCast?action=edit&restore=diff:1314902607:1314426615:&preview=y HTTP/1.1" 200 8627 "-" "Mozilla/5.0 (Macintosh; Intel Mac OS X 10.15; rv:103.0) Gecko/20100101 Firefox/103.0"
92.204.54.123 - - [04/Sep/2022:02:08:59 +0200] "GET /Site/PodCast?action=edit&restore=diff:1314426615:1314426460:&preview=y HTTP/1.1" 200 8627 "-" "Mozilla/5.0 (Macintosh; Intel Mac OS X 10.15; rv:103.0) Gecko/20100101 Firefox/103.0"
92.204.54.123 - - [04/Sep/2022:02:09:01 +0200] "GET /Site/PodCast?action=edit&restore=diff:1314426460:1312144146:&preview=y HTTP/1.1" 200 8627 "-" "Mozilla/5.0 (Macintosh; Intel Mac OS X 10.15; rv:103.0) Gecko/20100101 Firefox/103.0"
92.204.54.123 - - [04/Sep/2022:02:09:03 +0200] "GET /Site/PodCast?action=edit&restore=diff:1312144146:1310973178:&preview=y HTTP/1.1" 200 8627 "-" "Mozilla/5.0 (Macintosh; Intel Mac OS X 10.15; rv:103.0) Gecko/20100101 Firefox/103.0"
92.204.54.123 - - [04/Sep/2022:02:09:05 +0200] "GET /Site/PodCast?action=edit&restore=diff:1310973178:1308477849:&preview=y HTTP/1.1" 200 8627 "-" "Mozilla/5.0 (Macintosh; Intel Mac OS X 10.15; rv:103.0) Gecko/20100101 Firefox/103.0"
92.204.54.123 - - [04/Sep/2022:02:09:07 +0200] "GET /Site/PodCast?action=edit&restore=diff:1308477849:1305970836:&preview=y HTTP/1.1" 200 8627 "-" "Mozilla/5.0 (Macintosh; Intel Mac OS X 10.15; rv:103.0) Gecko/20100101 Firefox/103.0"
92.204.54.123 - - [04/Sep/2022:02:09:09 +0200] "GET /Site/PodCast?action=edit&restore=diff:1305970836:1305970492:&preview=y HTTP/1.1" 200 8627 "-" "Mozilla/5.0 (Macintosh; Intel Mac OS X 10.15; rv:103.0) Gecko/20100101 Firefox/103.0"
92.204.54.123 - - [04/Sep/2022:02:09:11 +0200] "GET /Site/PodCast?action=edit&restore=diff:1305970492:1305184028:&preview=y HTTP/1.1" 200 8627 "-" "Mozilla/5.0 (Macintosh; Intel Mac OS X 10.15; rv:103.0) Gecko/20100101 Firefox/103.0"
92.204.54.123 - - [04/Sep/2022:02:09:13 +0200] "GET /Site/PodCast?action=edit&restore=diff:1305184028:1304154636:&preview=y HTTP/1.1" 200 8627 "-" "Mozilla/5.0 (Macintosh; Intel Mac OS X 10.15; rv:103.0) Gecko/20100101 Firefox/103.0"
92.204.54.123 - - [04/Sep/2022:02:09:15 +0200] "GET /Site/PodCast?action=edit&restore=diff:1304154636:1302447413:&preview=y HTTP/1.1" 200 8627 "-" "Mozilla/5.0 (Macintosh; Intel Mac OS X 10.15; rv:103.0) Gecko/20100101 Firefox/103.0"
92.204.54.123 - - [04/Sep/2022:02:09:17 +0200] "GET /Site/PodCast?action=edit&restore=diff:1302447413:1301673990:&preview=y HTTP/1.1" 200 8627 "-" "Mozilla/5.0 (Macintosh; Intel Mac OS X 10.15; rv:103.0) Gecko/20100101 Firefox/103.0"
92.204.54.123 - - [04/Sep/2022:02:09:19 +0200] "GET /Site/PodCast?action=edit&restore=diff:1301673990:1300908603:&preview=y HTTP/1.1" 200 8627 "-" "Mozilla/5.0 (Macintosh; Intel Mac OS X 10.15; rv:103.0) Gecko/20100101 Firefox/103.0"
92.204.54.123 - - [04/Sep/2022:02:09:21 +0200] "GET /Site/PodCast?action=edit&restore=diff:1300908603:1299171437:&preview=y HTTP/1.1" 200 8627 "-" "Mozilla/5.0 (Macintosh; Intel Mac OS X 10.15; rv:103.0) Gecko/20100101 Firefox/103.0"
92.204.54.123 - - [04/Sep/2022:02:09:23 +0200] "GET /Site/PodCast?action=edit&restore=diff:1299171437:1298141155:&preview=y HTTP/1.1" 200 8627 "-" "Mozilla/5.0 (Macintosh; Intel Mac OS X 10.15; rv:103.0) Gecko/20100101 Firefox/103.0"
92.204.54.123 - - [04/Sep/2022:02:09:25 +0200] "GET /Site/PodCast?action=edit&restore=diff:1298141155:1298141130:&preview=y HTTP/1.1" 200 8627 "-" "Mozilla/5.0 (Macintosh; Intel Mac OS X 10.15; rv:103.0) Gecko/20100101 Firefox/103.0"
92.204.54.123 - - [04/Sep/2022:02:09:27 +0200] "GET /Site/PodCast?action=edit&restore=diff:1298141130:1297616959:&preview=y HTTP/1.1" 200 8627 "-" "Mozilla/5.0 (Macintosh; Intel Mac OS X 10.15; rv:103.0) Gecko/20100101 Firefox/103.0"
92.204.54.123 - - [04/Sep/2022:02:09:29 +0200] "GET /Site/PodCast?action=edit&restore=diff:1297616959:1297098629:&preview=y HTTP/1.1" 200 8627 "-" "Mozilla/5.0 (Macintosh; Intel Mac OS X 10.15; rv:103.0) Gecko/20100101 Firefox/103.0"
92.204.54.123 - - [04/Sep/2022:02:09:31 +0200] "GET /Site/PodCast?action=edit&restore=diff:1297098629:1297098444:&preview=y HTTP/1.1" 200 8627 "-" "Mozilla/5.0 (Macintosh; Intel Mac OS X 10.15; rv:103.0) Gecko/20100101 Firefox/103.0"
92.204.54.123 - - [04/Sep/2022:02:09:33 +0200] "GET /Site/PodCast?action=edit&restore=diff:1297098444:1297097802:&preview=y HTTP/1.1" 200 8627 "-" "Mozilla/5.0 (Macintosh; Intel Mac OS X 10.15; rv:103.0) Gecko/20100101 Firefox/103.0"
85.25.177.139 - - [04/Sep/2022:02:09:33 +0200] "GET /PmWikiDe/DocumentationGuidelines?action=edit HTTP/1.1" 200 7318 "-" "Mozilla/5.0 (Macintosh; Intel Mac OS X 10.15; rv:103.0) Gecko/20100101 Firefox/103.0"
92.204.54.123 - - [04/Sep/2022:02:09:35 +0200] "GET /Site/PodCast?action=edit&restore=diff:1297097802:1296147404:&preview=y HTTP/1.1" 200 8627 "-" "Mozilla/5.0 (Macintosh; Intel Mac OS X 10.15; rv:103.0) Gecko/20100101 Firefox/103.0"
92.204.54.123 - - [04/Sep/2022:02:09:37 +0200] "GET /Site/PodCast?action=edit&restore=diff:1296147404:1295889940:&preview=y HTTP/1.1" 200 8627 "-" "Mozilla/5.0 (Macintosh; Intel Mac OS X 10.15; rv:103.0) Gecko/20100101 Firefox/103.0"
92.204.54.123 - - [04/Sep/2022:02:09:39 +0200] "GET /Site/PodCast?action=edit&restore=diff:1295889940:1295889639:&preview=y HTTP/1.1" 200 8627 "-" "Mozilla/5.0 (Macintosh; Intel Mac OS X 10.15; rv:103.0) Gecko/20100101 Firefox/103.0"
92.204.54.123 - - [04/Sep/2022:02:09:41 +0200] "GET /Site/PodCast?action=edit&restore=diff:1295889639:1295889473:&preview=y HTTP/1.1" 200 8627 "-" "Mozilla/5.0 (Macintosh; Intel Mac OS X 10.15; rv:103.0) Gecko/20100101 Firefox/103.0"
92.204.54.123 - - [04/Sep/2022:02:09:43 +0200] "GET /Site/PodCast?action=edit&restore=diff:1295889473:1295889164:&preview=y HTTP/1.1" 200 8627 "-" "Mozilla/5.0 (Macintosh; Intel Mac OS X 10.15; rv:103.0) Gecko/20100101 Firefox/103.0"
92.204.54.123 - - [04/Sep/2022:02:09:45 +0200] "GET /Site/PodCast?action=edit&restore=diff:1295889164:1295889052:&preview=y HTTP/1.1" 200 8627 "-" "Mozilla/5.0 (Macintosh; Intel Mac OS X 10.15; rv:103.0) Gecko/20100101 Firefox/103.0"
92.204.54.123 - - [04/Sep/2022:02:09:47 +0200] "GET /Site/PodCast?action=edit&restore=diff:1295889052:1294243834:&preview=y HTTP/1.1" 200 8627 "-" "Mozilla/5.0 (Macintosh; Intel Mac OS X 10.15; rv:103.0) Gecko/20100101 Firefox/103.0"
92.204.54.123 - - [04/Sep/2022:02:09:49 +0200] "GET /Site/PodCast?action=edit&restore=diff:1294243834:1293038106:&preview=y HTTP/1.1" 200 8627 "-" "Mozilla/5.0 (Macintosh; Intel Mac OS X 10.15; rv:103.0) Gecko/20100101 Firefox/103.0"
92.204.54.123 - - [04/Sep/2022:02:09:51 +0200] "GET /Site/PodCast?action=edit&restore=diff:1293038106:1292431917:&preview=y HTTP/1.1" 200 8627 "-" "Mozilla/5.0 (Macintosh; Intel Mac OS X 10.15; rv:103.0) Gecko/20100101 Firefox/103.0"
92.204.54.123 - - [04/Sep/2022:02:09:53 +0200] "GET /Site/PodCast?action=edit&restore=diff:1292431917:1291232998:&preview=y HTTP/1.1" 200 8627 "-" "Mozilla/5.0 (Macintosh; Intel Mac OS X 10.15; rv:103.0) Gecko/20100101 Firefox/103.0"
92.204.54.123 - - [04/Sep/2022:02:09:55 +0200] "GET /Site/PodCast?action=edit&restore=diff:1291232998:1290680548:&preview=y HTTP/1.1" 200 8627 "-" "Mozilla/5.0 (Macintosh; Intel Mac OS X 10.15; rv:103.0) Gecko/20100101 Firefox/103.0"
92.204.54.123 - - [04/Sep/2022:02:09:57 +0200] "GET /Site/PodCast?action=edit&restore=diff:1290680548:1288799686:&preview=y HTTP/1.1" 200 8627 "-" "Mozilla/5.0 (Macintosh; Intel Mac OS X 10.15; rv:103.0) Gecko/20100101 Firefox/103.0"
92.204.54.123 - - [04/Sep/2022:02:09:59 +0200] "GET /Site/PodCast?action=edit&restore=diff:1288799686:1286132088:&preview=y HTTP/1.1" 200 8627 "-" "Mozilla/5.0 (Macintosh; Intel Mac OS X 10.15; rv:103.0) Gecko/20100101 Firefox/103.0"
92.204.54.123 - - [04/Sep/2022:02:10:01 +0200] "GET /Site/PodCast?action=edit&restore=diff:1286132088:1286131507:&preview=y HTTP/1.1" 200 8627 "-" "Mozilla/5.0 (Macintosh; Intel Mac OS X 10.15; rv:103.0) Gecko/20100101 Firefox/103.0"
92.204.54.123 - - [04/Sep/2022:02:10:03 +0200] "GET /Site/PodCast?action=edit&restore=diff:1286131507:1286122854:&preview=y HTTP/1.1" 200 8627 "-" "Mozilla/5.0 (Macintosh; Intel Mac OS X 10.15; rv:103.0) Gecko/20100101 Firefox/103.0"
92.204.54.123 - - [04/Sep/2022:02:10:05 +0200] "GET /Site/PodCast?action=edit&restore=diff:1286122854:1285700602:&preview=y HTTP/1.1" 200 8627 "-" "Mozilla/5.0 (Macintosh; Intel Mac OS X 10.15; rv:103.0) Gecko/20100101 Firefox/103.0"
92.204.54.123 - - [04/Sep/2022:02:10:07 +0200] "GET /Site/PodCast?action=edit&restore=diff:1285700602:1284793122:&preview=y HTTP/1.1" 200 8627 "-" "Mozilla/5.0 (Macintosh; Intel Mac OS X 10.15; rv:103.0) Gecko/20100101 Firefox/103.0"
92.204.54.123 - - [04/Sep/2022:02:10:09 +0200] "GET /Site/PodCast?action=edit&restore=diff:1284793122:1283411305:&preview=y HTTP/1.1" 200 8627 "-" "Mozilla/5.0 (Macintosh; Intel Mac OS X 10.15; rv:103.0) Gecko/20100101 Firefox/103.0"
92.204.54.123 - - [04/Sep/2022:02:10:11 +0200] "GET /Site/PodCast?action=edit&restore=diff:1283411305:1283113210:&preview=y HTTP/1.1" 200 8627 "-" "Mozilla/5.0 (Macintosh; Intel Mac OS X 10.15; rv:103.0) Gecko/20100101 Firefox/103.0"
92.204.54.123 - - [04/Sep/2022:02:10:13 +0200] "GET /Site/PodCast?action=edit&restore=diff:1283113210:1283112785:&preview=y HTTP/1.1" 200 8627 "-" "Mozilla/5.0 (Macintosh; Intel Mac OS X 10.15; rv:103.0) Gecko/20100101 Firefox/103.0"
92.204.54.123 - - [04/Sep/2022:02:10:15 +0200] "GET /Site/PodCast?action=edit&restore=diff:1283112785:1282763070:&preview=y HTTP/1.1" 200 8627 "-" "Mozilla/5.0 (Macintosh; Intel Mac OS X 10.15; rv:103.0) Gecko/20100101 Firefox/103.0"
92.204.54.123 - - [04/Sep/2022:02:10:17 +0200] "GET /Site/PodCast?action=edit&restore=diff:1282763070:1282558114:&preview=y HTTP/1.1" 200 8627 "-" "Mozilla/5.0 (Macintosh; Intel Mac OS X 10.15; rv:103.0) Gecko/20100101 Firefox/103.0"
92.204.54.123 - - [04/Sep/2022:02:10:19 +0200] "GET /Site/PodCast?action=edit&restore=diff:1282558114:1282557802:&preview=y HTTP/1.1" 200 8627 "-" "Mozilla/5.0 (Macintosh; Intel Mac OS X 10.15; rv:103.0) Gecko/20100101 Firefox/103.0"
92.204.54.123 - - [04/Sep/2022:02:10:21 +0200] "GET /Site/PodCast?action=edit&restore=diff:1282557802:1280693846:&preview=y HTTP/1.1" 200 8627 "-" "Mozilla/5.0 (Macintosh; Intel Mac OS X 10.15; rv:103.0) Gecko/20100101 Firefox/103.0"
92.204.54.123 - - [04/Sep/2022:02:10:23 +0200] "GET /Site/PodCast?action=edit&restore=diff:1280693846:1280693581:&preview=y HTTP/1.1" 200 8627 "-" "Mozilla/5.0 (Macintosh; Intel Mac OS X 10.15; rv:103.0) Gecko/20100101 Firefox/103.0"
92.204.54.123 - - [04/Sep/2022:02:10:25 +0200] "GET /Site/PodCast?action=edit&restore=diff:1280693581:1280693490:&preview=y HTTP/1.1" 200 8627 "-" "Mozilla/5.0 (Macintosh; Intel Mac OS X 10.15; rv:103.0) Gecko/20100101 Firefox/103.0"
92.204.54.123 - - [04/Sep/2022:02:10:27 +0200] "GET /Site/PodCast?action=edit&restore=diff:1280693490:1280693396:&preview=y HTTP/1.1" 200 8627 "-" "Mozilla/5.0 (Macintosh; Intel Mac OS X 10.15; rv:103.0) Gecko/20100101 Firefox/103.0"
92.204.54.123 - - [04/Sep/2022:02:10:29 +0200] "GET /Site/PodCast?action=edit&restore=diff:1280693396:1279901115:&preview=y HTTP/1.1" 200 8627 "-" "Mozilla/5.0 (Macintosh; Intel Mac OS X 10.15; rv:103.0) Gecko/20100101 Firefox/103.0"
92.204.54.123 - - [04/Sep/2022:02:10:31 +0200] "GET /Site/PodCast?action=edit&restore=diff:1279901115:1278094742:&preview=y HTTP/1.1" 200 8627 "-" "Mozilla/5.0 (Macintosh; Intel Mac OS X 10.15; rv:103.0) Gecko/20100101 Firefox/103.0"
92.204.54.123 - - [04/Sep/2022:02:10:33 +0200] "GET /Site/PodCast?action=edit&restore=diff:1278094742:1278093622:&preview=y HTTP/1.1" 200 8627 "-" "Mozilla/5.0 (Macintosh; Intel Mac OS X 10.15; rv:103.0) Gecko/20100101 Firefox/103.0"
92.204.54.123 - - [04/Sep/2022:02:10:35 +0200] "GET /Site/PodCast?action=edit&restore=diff:1278093622:1276877636:&preview=y HTTP/1.1" 200 8627 "-" "Mozilla/5.0 (Macintosh; Intel Mac OS X 10.15; rv:103.0) Gecko/20100101 Firefox/103.0"
92.204.54.123 - - [04/Sep/2022:02:10:37 +0200] "GET /Site/PodCast?action=edit&restore=diff:1276877636:1276877107:&preview=y HTTP/1.1" 200 8627 "-" "Mozilla/5.0 (Macintosh; Intel Mac OS X 10.15; rv:103.0) Gecko/20100101 Firefox/103.0"
5.102.173.71 - - [04/Sep/2022:02:10:37 +0200] "GET /robots.txt HTTP/1.1" 200 - "-" "Mozilla/5.0 (compatible; MojeekBot/0.11; +https://www.mojeek.com/bot.html)"
5.102.173.71 - - [04/Sep/2022:02:10:37 +0200] "GET /Gast/Podcast?action=edit HTTP/1.1" 403 18 "-" "Mozilla/5.0 (compatible; MojeekBot/0.11; +https://www.mojeek.com/bot.html)"
92.204.54.123 - - [04/Sep/2022:02:10:39 +0200] "GET /Site/PodCast?action=edit&restore=diff:1276877107:1273939174:&preview=y HTTP/1.1" 200 8627 "-" "Mozilla/5.0 (Macintosh; Intel Mac OS X 10.15; rv:103.0) Gecko/20100101 Firefox/103.0"
92.204.54.123 - - [04/Sep/2022:02:10:41 +0200] "GET /PodCast/PodCast?action=edit HTTP/1.1" 200 8624 "-" "Mozilla/5.0 (Macintosh; Intel Mac OS X 10.15; rv:103.0) Gecko/20100101 Firefox/103.0"
92.204.54.123 - - [04/Sep/2022:02:10:43 +0200] "GET /PodCast/PodCast?action=upload HTTP/1.1" 200 8524 "-" "Mozilla/5.0 (Macintosh; Intel Mac OS X 10.15; rv:103.0) Gecko/20100101 Firefox/103.0"
92.204.54.123 - - [04/Sep/2022:02:10:45 +0200] "GET /PodCast/PodCast?action=print HTTP/1.1" 200 31455 "-" "Mozilla/5.0 (Macintosh; Intel Mac OS X 10.15; rv:103.0) Gecko/20100101 Firefox/103.0"
92.204.54.123 - - [04/Sep/2022:02:10:47 +0200] "GET /PodCast/PodCast?action=diff HTTP/1.1" 200 226628 "-" "Mozilla/5.0 (Macintosh; Intel Mac OS X 10.15; rv:103.0) Gecko/20100101 Firefox/103.0"
92.204.54.123 - - [04/Sep/2022:02:10:49 +0200] "GET /PodCast/WGA3FrejersfuSs?action=edit HTTP/1.1" 200 8740 "-" "Mozilla/5.0 (Macintosh; Intel Mac OS X 10.15; rv:103.0) Gecko/20100101 Firefox/103.0"
92.204.54.123 - - [04/Sep/2022:02:10:51 +0200] "GET /PodCast/WGA2Eergyz?action=edit HTTP/1.1" 200 8668 "-" "Mozilla/5.0 (Macintosh; Intel Mac OS X 10.15; rv:103.0) Gecko/20100101 Firefox/103.0"
92.204.54.123 - - [04/Sep/2022:02:10:53 +0200] "GET /PodCast/WGA1Begaabig?action=edit HTTP/1.1" 200 8696 "-" "Mozilla/5.0 (Macintosh; Intel Mac OS X 10.15; rv:103.0) Gecko/20100101 Firefox/103.0"
92.204.54.123 - - [04/Sep/2022:02:10:55 +0200] "GET /PodCast/Abderhalde0Inhalt?action=edit HTTP/1.1" 200 8766 "-" "Mozilla/5.0 (Macintosh; Intel Mac OS X 10.15; rv:103.0) Gecko/20100101 Firefox/103.0"
92.204.54.123 - - [04/Sep/2022:02:10:57 +0200] "GET /PodCast/200Quellen?action=edit HTTP/1.1" 200 8666 "-" "Mozilla/5.0 (Macintosh; Intel Mac OS X 10.15; rv:103.0) Gecko/20100101 Firefox/103.0"
92.204.54.123 - - [04/Sep/2022:02:10:59 +0200] "GET /PodCast/192HouhsRech1509?action=edit HTTP/1.1" 200 8754 "-" "Mozilla/5.0 (Macintosh; Intel Mac OS X 10.15; rv:103.0) Gecko/20100101 Firefox/103.0"
92.204.54.123 - - [04/Sep/2022:02:11:01 +0200] "GET /PodCast/191Houhsraech1509?action=edit HTTP/1.1" 200 8766 "-" "Mozilla/5.0 (Macintosh; Intel Mac OS X 10.15; rv:103.0) Gecko/20100101 Firefox/103.0"
92.204.54.123 - - [04/Sep/2022:02:11:03 +0200] "GET /PodCast/182Room1500?action=edit HTTP/1.1" 200 8682 "-" "Mozilla/5.0 (Macintosh; Intel Mac OS X 10.15; rv:103.0) Gecko/20100101 Firefox/103.0"
92.204.54.123 - - [04/Sep/2022:02:11:05 +0200] "GET /PodCast/181Room1500?action=edit HTTP/1.1" 200 8682 "-" "Mozilla/5.0 (Macintosh; Intel Mac OS X 10.15; rv:103.0) Gecko/20100101 Firefox/103.0"
92.204.54.123 - - [04/Sep/2022:02:11:07 +0200] "GET /PodCast/171AmStadelhofe?action=edit HTTP/1.1" 200 8738 "-" "Mozilla/5.0 (Macintosh; Intel Mac OS X 10.15; rv:103.0) Gecko/20100101 Firefox/103.0"
92.204.54.123 - - [04/Sep/2022:02:11:09 +0200] "GET /PodCast/162Predigerchoor1489?action=edit HTTP/1.1" 200 8808 "-" "Mozilla/5.0 (Macintosh; Intel Mac OS X 10.15; rv:103.0) Gecko/20100101 Firefox/103.0"
92.204.54.123 - - [04/Sep/2022:02:11:11 +0200] "GET /PodCast/161Predigerchoor1489?action=edit HTTP/1.1" 200 8808 "-" "Mozilla/5.0 (Macintosh; Intel Mac OS X 10.15; rv:103.0) Gecko/20100101 Firefox/103.0"
92.204.54.123 - - [04/Sep/2022:02:11:13 +0200] "GET /PodCast/152Konschtanz1485?action=edit HTTP/1.1" 200 8766 "-" "Mozilla/5.0 (Macintosh; Intel Mac OS X 10.15; rv:103.0) Gecko/20100101 Firefox/103.0"
85.25.177.139 - - [04/Sep/2022:02:11:58 +0200] "GET /PmWikiDe/PageFileFormat HTTP/1.1" 200 6665 "-" "Mozilla/5.0 (Macintosh; Intel Mac OS X 10.15; rv:103.0) Gecko/20100101 Firefox/103.0"
85.25.177.139 - - [04/Sep/2022:02:14:38 +0200] "GET /PmWiki/WikiStyleExamples?action=diff&source=y&minor=n HTTP/1.1" 200 9331 "-" "Mozilla/5.0 (Macintosh; Intel Mac OS X 10.15; rv:103.0) Gecko/20100101 Firefox/103.0"
85.25.177.139 - - [04/Sep/2022:02:17:11 +0200] "GET /PmWiki/WikiStyleExamples?action=diff&source=n&minor=y HTTP/1.1" 200 9341 "-" "Mozilla/5.0 (Macintosh; Intel Mac OS X 10.15; rv:103.0) Gecko/20100101 Firefox/103.0"
91.143.88.40 - - [04/Sep/2022:02:18:31 +0200] "GET /Texte/Schrybwys HTTP/1.1" 200 11028 "-" "Mozilla/5.0 (compatible; InfoTigerBot/1.9; +https://infotiger.com/bot)"
85.25.177.139 - - [04/Sep/2022:02:19:36 +0200] "GET /PmWikiDe/WebFeeds?action=edit HTTP/1.1" 200 7108 "-" "Mozilla/5.0 (Macintosh; Intel Mac OS X 10.15; rv:103.0) Gecko/20100101 Firefox/103.0"
85.25.177.139 - - [04/Sep/2022:02:22:08 +0200] "GET /PmWikiDe/MailPosts HTTP/1.1" 200 16364 "-" "Mozilla/5.0 (Macintosh; Intel Mac OS X 10.15; rv:103.0) Gecko/20100101 Firefox/103.0"
114.119.141.200 - - [04/Sep/2022:02:23:53 +0200] "GET /Main/Home?action=diff HTTP/1.1" 403 18 "http://www.pro-zurituutsch.ch/" "Mozilla/5.0 (Linux; Android 7.0;) AppleWebKit/537.36 (KHTML, like Gecko) Mobile Safari/537.36 (compatible; PetalBot;+https://webmaster.petalsearch.com/site/petalbot)"
85.25.177.139 - - [04/Sep/2022:02:24:41 +0200] "GET /PmWikiDe/ConditionalMarkup?action=edit HTTP/1.1" 200 7234 "-" "Mozilla/5.0 (Macintosh; Intel Mac OS X 10.15; rv:103.0) Gecko/20100101 Firefox/103.0"
216.244.66.243 - - [04/Sep/2022:02:25:59 +0200] "GET /robots.txt HTTP/1.1" 200 - "-" "Mozilla/5.0 (compatible; DotBot/1.2; +https://opensiteexplorer.org/dotbot; help@moz.com)"
194.209.200.2 - - [04/Sep/2022:02:26:01 +0200] "GET /robots.txt HTTP/1.1" 200 - "-" "Mozilla/5.0 (compatible; TMMBot/0.2; +http://www.dslab.ch)/Nutch-1.15"
194.209.200.2 - - [04/Sep/2022:02:26:01 +0200] "GET /Texte/Rezension HTTP/1.1" 200 11812 "-" "Mozilla/5.0 (compatible; TMMBot/0.2; +http://www.dslab.ch)/Nutch-1.15"
66.249.76.243 - - [04/Sep/2022:02:26:04 +0200] "GET /PodCast/IndexPage?action=rss HTTP/1.1" 200 6298 "-" "Mozilla/5.0 (compatible; Googlebot/2.1; +http://www.google.com/bot.html)"
85.25.177.139 - - [04/Sep/2022:02:27:07 +0200] "GET /PmWikiDe/Upgrades HTTP/1.1" 200 10552 "-" "Mozilla/5.0 (Macintosh; Intel Mac OS X 10.15; rv:103.0) Gecko/20100101 Firefox/103.0"
194.209.200.2 - - [04/Sep/2022:02:28:03 +0200] "GET /Admin/Jahresbericht HTTP/1.1" 200 45530 "-" "Mozilla/5.0 (compatible; TMMBot/0.2; +http://www.dslab.ch)/Nutch-1.15"
194.209.200.2 - - [04/Sep/2022:02:28:23 +0200] "GET /Texte/Limericks HTTP/1.1" 200 8087 "-" "Mozilla/5.0 (compatible; TMMBot/0.2; +http://www.dslab.ch)/Nutch-1.15"
194.209.200.2 - - [04/Sep/2022:02:28:27 +0200] "GET /Texte/Schrybwys HTTP/1.1" 200 11028 "-" "Mozilla/5.0 (compatible; TMMBot/0.2; +http://www.dslab.ch)/Nutch-1.15"
85.25.177.139 - - [04/Sep/2022:02:29:23 +0200] "GET /PmWikiDe/RecentChanges?action=diff HTTP/1.1" 200 7755 "-" "Mozilla/5.0 (Macintosh; Intel Mac OS X 10.15; rv:103.0) Gecko/20100101 Firefox/103.0"
85.25.177.139 - - [04/Sep/2022:02:31:46 +0200] "GET /PmWikiDe/RecentChanges?action=print HTTP/1.1" 404 2421 "-" "Mozilla/5.0 (Macintosh; Intel Mac OS X 10.15; rv:103.0) Gecko/20100101 Firefox/103.0"
85.25.177.139 - - [04/Sep/2022:02:33:43 +0200] "GET /PmWikiDe/RecentChanges?action=upload HTTP/1.1" 200 7078 "-" "Mozilla/5.0 (Macintosh; Intel Mac OS X 10.15; rv:103.0) Gecko/20100101 Firefox/103.0"
194.209.200.2 - - [04/Sep/2022:02:33:57 +0200] "GET /Hilfe/AnleitungTonbeispiele HTTP/1.1" 200 9878 "-" "Mozilla/5.0 (compatible; TMMBot/0.2; +http://www.dslab.ch)/Nutch-1.15"
85.25.177.139 - - [04/Sep/2022:02:36:30 +0200] "GET /PmWikiDe/I18nVariablen HTTP/1.1" 200 7043 "-" "Mozilla/5.0 (Macintosh; Intel Mac OS X 10.15; rv:103.0) Gecko/20100101 Firefox/103.0"
85.25.177.139 - - [04/Sep/2022:02:39:02 +0200] "GET /PmWikiDe/RefCount HTTP/1.1" 200 9666 "-" "Mozilla/5.0 (Macintosh; Intel Mac OS X 10.15; rv:103.0) Gecko/20100101 Firefox/103.0"
185.191.171.23 - - [04/Sep/2022:02:43:37 +0200] "GET /robots.txt HTTP/1.1" 200 - "-" "Mozilla/5.0 (compatible; SemrushBot/7~bl; +http://www.semrush.com/bot.html)"
185.191.171.8 - - [04/Sep/2022:02:43:37 +0200] "GET /PmWikiRu/TableDirectives?action=print HTTP/1.1" 403 18 "-" "Mozilla/5.0 (compatible; SemrushBot/7~bl; +http://www.semrush.com/bot.html)"
85.25.177.139 - - [04/Sep/2022:02:44:31 +0200] "GET /robots.txt HTTP/1.1" 200 - "-" "Mozilla/5.0 (Macintosh; Intel Mac OS X 10.15; rv:103.0) Gecko/20100101 Firefox/103.0"
85.25.177.139 - - [04/Sep/2022:02:44:31 +0200] "GET /PmWikiDe/RefCount HTTP/1.1" 200 9666 "-" "Mozilla/5.0 (Macintosh; Intel Mac OS X 10.15; rv:103.0) Gecko/20100101 Firefox/103.0"
185.191.171.10 - - [04/Sep/2022:02:45:07 +0200] "GET /PmWikiPtBr/EdicaoBasica?action=upload HTTP/1.1" 403 18 "-" "Mozilla/5.0 (compatible; SemrushBot/7~bl; +http://www.semrush.com/bot.html)"
85.25.177.139 - - [04/Sep/2022:02:46:55 +0200] "GET /PmWikiDe/Images HTTP/1.1" 200 18198 "-" "Mozilla/5.0 (Macintosh; Intel Mac OS X 10.15; rv:103.0) Gecko/20100101 Firefox/103.0"
85.25.177.139 - - [04/Sep/2022:02:49:58 +0200] "GET /PmWikiDe/ListeAllerSeiten?action=upload HTTP/1.1" 200 7142 "-" "Mozilla/5.0 (Macintosh; Intel Mac OS X 10.15; rv:103.0) Gecko/20100101 Firefox/103.0"
85.25.177.139 - - [04/Sep/2022:02:52:54 +0200] "GET /PmWikiDe/Search HTTP/1.1" 200 8455 "-" "Mozilla/5.0 (Macintosh; Intel Mac OS X 10.15; rv:103.0) Gecko/20100101 Firefox/103.0"
85.25.177.139 - - [04/Sep/2022:02:55:01 +0200] "GET /PmWikiDe/Internationalizations HTTP/1.1" 200 6900 "-" "Mozilla/5.0 (Macintosh; Intel Mac OS X 10.15; rv:103.0) Gecko/20100101 Firefox/103.0"
85.25.177.139 - - [04/Sep/2022:02:57:25 +0200] "GET /PmWikiDe/WikiAdministrator HTTP/1.1" 200 8231 "-" "Mozilla/5.0 (Macintosh; Intel Mac OS X 10.15; rv:103.0) Gecko/20100101 Firefox/103.0"
85.25.177.139 - - [04/Sep/2022:03:00:12 +0200] "GET /PmWikiDe/Requirements HTTP/1.1" 200 8475 "-" "Mozilla/5.0 (Macintosh; Intel Mac OS X 10.15; rv:103.0) Gecko/20100101 Firefox/103.0"
185.191.171.22 - - [04/Sep/2022:03:01:44 +0200] "GET /PmWikiRu/TableDirectives?action=upload HTTP/1.1" 403 18 "-" "Mozilla/5.0 (compatible; SemrushBot/7~bl; +http://www.semrush.com/bot.html)"
194.209.200.2 - - [04/Sep/2022:03:02:57 +0200] "GET /robots.txt HTTP/1.1" 200 - "-" "Mozilla/5.0 (compatible; TMMBot/0.2; +http://www.dslab.ch)/Nutch-1.15"
194.209.200.2 - - [04/Sep/2022:03:02:57 +0200] "GET /Admin/Jahresbericht HTTP/1.1" 200 45530 "-" "Mozilla/5.0 (compatible; TMMBot/0.2; +http://www.dslab.ch)/Nutch-1.15"
85.25.177.139 - - [04/Sep/2022:03:02:59 +0200] "GET /PmWikiDe/LocalCustomizations HTTP/1.1" 200 11269 "-" "Mozilla/5.0 (Macintosh; Intel Mac OS X 10.15; rv:103.0) Gecko/20100101 Firefox/103.0"
194.209.200.2 - - [04/Sep/2022:03:03:30 +0200] "GET /Texte/Limericks HTTP/1.1" 200 8087 "-" "Mozilla/5.0 (compatible; TMMBot/0.2; +http://www.dslab.ch)/Nutch-1.15"
194.209.200.2 - - [04/Sep/2022:03:03:39 +0200] "GET /Texte/Schrybwys HTTP/1.1" 200 11028 "-" "Mozilla/5.0 (compatible; TMMBot/0.2; +http://www.dslab.ch)/Nutch-1.15"
85.25.177.139 - - [04/Sep/2022:03:05:31 +0200] "GET /PmWikiDe/BackupAndRestore HTTP/1.1" 200 11570 "-" "Mozilla/5.0 (Macintosh; Intel Mac OS X 10.15; rv:103.0) Gecko/20100101 Firefox/103.0"
3.216.185.164 - - [04/Sep/2022:03:05:36 +0200] "GET /PodCast/IndexPage?action=rss HTTP/1.1" 200 6298 "-" "PocketCasts/1.0 (Pocket Casts Feed Parser; +http://pocketcasts.com/)"
85.25.177.139 - - [04/Sep/2022:03:08:04 +0200] "GET /PmWikiDe/LayoutGrundlagen HTTP/1.1" 200 12096 "-" "Mozilla/5.0 (Macintosh; Intel Mac OS X 10.15; rv:103.0) Gecko/20100101 Firefox/103.0"
85.25.177.139 - - [04/Sep/2022:03:10:44 +0200] "GET /PmWikiDe/TextFormattingRules HTTP/1.1" 200 21902 "-" "Mozilla/5.0 (Macintosh; Intel Mac OS X 10.15; rv:103.0) Gecko/20100101 Firefox/103.0"
194.209.200.2 - - [04/Sep/2022:03:11:32 +0200] "GET /Hilfe/AnleitungTonbeispiele HTTP/1.1" 200 9878 "-" "Mozilla/5.0 (compatible; TMMBot/0.2; +http://www.dslab.ch)/Nutch-1.15"
85.25.177.139 - - [04/Sep/2022:03:13:12 +0200] "GET /PmWikiDe/SimultaneousEdits HTTP/1.1" 200 6689 "-" "Mozilla/5.0 (Macintosh; Intel Mac OS X 10.15; rv:103.0) Gecko/20100101 Firefox/103.0"
66.249.64.190 - - [04/Sep/2022:03:24:55 +0200] "GET /PodCast/IndexPage?action=rss HTTP/1.1" 200 6298 "-" "Mozilla/5.0 (compatible; Googlebot/2.1; +http://www.google.com/bot.html)"
157.55.39.98 - - [04/Sep/2022:03:32:42 +0200] "GET /Site/Search?pagename=Site%2FSearch&q=2022 HTTP/1.1" 200 11056 "-" "Mozilla/5.0 (compatible; bingbot/2.0; +http://www.bing.com/bingbot.htm)"
3.219.254.95 - - [04/Sep/2022:03:34:43 +0200] "GET /PodCast/IndexPage?action=rss HTTP/1.1" 200 6298 "-" "PocketCasts/1.0 (Pocket Casts Feed Parser; +http://pocketcasts.com/)"
91.143.88.40 - - [04/Sep/2022:03:37:43 +0200] "GET /Texte/Styluebige HTTP/1.1" 200 9998 "-" "Mozilla/5.0 (compatible; InfoTigerBot/1.9; +https://infotiger.com/bot)"
194.209.200.2 - - [04/Sep/2022:03:40:49 +0200] "GET /robots.txt HTTP/1.1" 200 - "-" "Mozilla/5.0 (compatible; TMMBot/0.2; +http://www.dslab.ch)/Nutch-1.15"
194.209.200.2 - - [04/Sep/2022:03:40:49 +0200] "GET /Admin/Jahresbericht HTTP/1.1" 200 45530 "-" "Mozilla/5.0 (compatible; TMMBot/0.2; +http://www.dslab.ch)/Nutch-1.15"
194.209.200.2 - - [04/Sep/2022:03:41:27 +0200] "GET /Texte/Limericks HTTP/1.1" 200 8087 "-" "Mozilla/5.0 (compatible; TMMBot/0.2; +http://www.dslab.ch)/Nutch-1.15"
194.209.200.2 - - [04/Sep/2022:03:41:36 +0200] "GET /Texte/Schrybwys HTTP/1.1" 200 11028 "-" "Mozilla/5.0 (compatible; TMMBot/0.2; +http://www.dslab.ch)/Nutch-1.15"
8.29.198.25 - - [04/Sep/2022:03:41:47 +0200] "GET /PodCast/IndexPage?action=rss HTTP/1.1" 200 6298 "-" "Feedly/1.0 (+http://www.feedly.com/fetcher.html; 3 subscribers; like FeedFetcher-Google)"
62.138.2.214 - - [04/Sep/2022:03:47:03 +0200] "GET /robots.txt HTTP/1.1" 200 - "-" "Mozilla/5.0 (Macintosh; Intel Mac OS X 10.15; rv:103.0) Gecko/20100101 Firefox/103.0"
62.138.2.214 - - [04/Sep/2022:03:47:03 +0200] "GET / HTTP/1.1" 200 15085 "-" "Mozilla/5.0 (Macintosh; Intel Mac OS X 10.15; rv:103.0) Gecko/20100101 Firefox/103.0"
85.25.177.139 - - [04/Sep/2022:03:50:44 +0200] "GET /robots.txt HTTP/1.1" 200 - "-" "Mozilla/5.0 (Macintosh; Intel Mac OS X 10.15; rv:103.0) Gecko/20100101 Firefox/103.0"
85.25.177.139 - - [04/Sep/2022:03:50:44 +0200] "GET / HTTP/1.1" 200 15085 "-" "Mozilla/5.0 (Macintosh; Intel Mac OS X 10.15; rv:103.0) Gecko/20100101 Firefox/103.0"
194.209.200.2 - - [04/Sep/2022:03:51:57 +0200] "GET /Hilfe/AnleitungTonbeispiele HTTP/1.1" 200 9878 "-" "Mozilla/5.0 (compatible; TMMBot/0.2; +http://www.dslab.ch)/Nutch-1.15"
91.143.88.40 - - [04/Sep/2022:03:52:50 +0200] "GET /Admin/ZurStiftung HTTP/1.1" 200 10864 "-" "Mozilla/5.0 (compatible; InfoTigerBot/1.9; +https://infotiger.com/bot)"
216.244.66.243 - - [04/Sep/2022:03:59:58 +0200] "GET /robots.txt HTTP/1.1" 200 - "-" "Mozilla/5.0 (compatible; DotBot/1.2; +https://opensiteexplorer.org/dotbot; help@moz.com)"
85.25.177.139 - - [04/Sep/2022:04:05:00 +0200] "GET /robots.txt HTTP/1.1" 200 - "-" "Mozilla/5.0 (Macintosh; Intel Mac OS X 10.15; rv:103.0) Gecko/20100101 Firefox/103.0"
85.25.177.139 - - [04/Sep/2022:04:05:00 +0200] "GET /Texte/Limericks HTTP/1.1" 200 8087 "-" "Mozilla/5.0 (Macintosh; Intel Mac OS X 10.15; rv:103.0) Gecko/20100101 Firefox/103.0"
185.191.171.44 - - [04/Sep/2022:04:11:05 +0200] "GET /robots.txt HTTP/1.1" 200 - "-" "Mozilla/5.0 (compatible; SemrushBot/7~bl; +http://www.semrush.com/bot.html)"
185.191.171.18 - - [04/Sep/2022:04:11:05 +0200] "GET /PmWikiDe/FlatFileAdvantages?action=edit HTTP/1.1" 404 18 "-" "Mozilla/5.0 (compatible; SemrushBot/7~bl; +http://www.semrush.com/bot.html)"
216.244.66.243 - - [04/Sep/2022:04:12:27 +0200] "GET /PmWikiFr/Uploads HTTP/1.1" 200 13773 "-" "Mozilla/5.0 (compatible; DotBot/1.2; +https://opensiteexplorer.org/dotbot; help@moz.com)"
216.244.66.243 - - [04/Sep/2022:04:14:28 +0200] "GET /PmWikiDe/Categories HTTP/1.1" 200 6626 "-" "Mozilla/5.0 (compatible; DotBot/1.2; +https://opensiteexplorer.org/dotbot; help@moz.com)"
216.244.66.243 - - [04/Sep/2022:04:14:56 +0200] "GET /PmWikiRu/RefCount HTTP/1.1" 200 13389 "-" "Mozilla/5.0 (compatible; DotBot/1.2; +https://opensiteexplorer.org/dotbot; help@moz.com)"
85.25.177.139 - - [04/Sep/2022:04:16:23 +0200] "GET /robots.txt HTTP/1.1" 200 - "-" "Mozilla/5.0 (Macintosh; Intel Mac OS X 10.15; rv:103.0) Gecko/20100101 Firefox/103.0"
85.25.177.139 - - [04/Sep/2022:04:16:23 +0200] "GET /Texte/Styluebige HTTP/1.1" 200 9998 "-" "Mozilla/5.0 (Macintosh; Intel Mac OS X 10.15; rv:103.0) Gecko/20100101 Firefox/103.0"
85.25.177.139 - - [04/Sep/2022:04:17:27 +0200] "GET /Texte/Rezension HTTP/1.1" 200 11812 "-" "Mozilla/5.0 (Macintosh; Intel Mac OS X 10.15; rv:103.0) Gecko/20100101 Firefox/103.0"
66.249.64.188 - - [04/Sep/2022:04:23:06 +0200] "GET /PodCast/IndexPage?action=rss HTTP/1.1" 200 6298 "-" "Mozilla/5.0 (compatible; Googlebot/2.1; +http://www.google.com/bot.html)"
194.209.200.2 - - [04/Sep/2022:04:23:09 +0200] "GET /robots.txt HTTP/1.1" 200 - "-" "Mozilla/5.0 (compatible; TMMBot/0.2; +http://www.dslab.ch)/Nutch-1.15"
194.209.200.2 - - [04/Sep/2022:04:23:09 +0200] "GET /Admin/Jahresbericht HTTP/1.1" 200 45530 "-" "Mozilla/5.0 (compatible; TMMBot/0.2; +http://www.dslab.ch)/Nutch-1.15"
194.209.200.2 - - [04/Sep/2022:04:23:32 +0200] "GET /Texte/Limericks HTTP/1.1" 200 8087 "-" "Mozilla/5.0 (compatible; TMMBot/0.2; +http://www.dslab.ch)/Nutch-1.15"
194.209.200.2 - - [04/Sep/2022:04:23:36 +0200] "GET /Texte/Schrybwys HTTP/1.1" 200 11028 "-" "Mozilla/5.0 (compatible; TMMBot/0.2; +http://www.dslab.ch)/Nutch-1.15"
194.209.200.2 - - [04/Sep/2022:04:25:26 +0200] "GET /Texte/Metamorphoses HTTP/1.1" 200 9045 "-" "Mozilla/5.0 (compatible; TMMBot/0.2; +http://www.dslab.ch)/Nutch-1.15"
85.25.177.139 - - [04/Sep/2022:04:26:40 +0200] "GET /robots.txt HTTP/1.1" 200 - "-" "Mozilla/5.0 (Macintosh; Intel Mac OS X 10.15; rv:103.0) Gecko/20100101 Firefox/103.0"
85.25.177.139 - - [04/Sep/2022:04:26:40 +0200] "GET /Site/PodCast HTTP/1.1" 200 40934 "-" "Mozilla/5.0 (Macintosh; Intel Mac OS X 10.15; rv:103.0) Gecko/20100101 Firefox/103.0"
85.25.177.139 - - [04/Sep/2022:04:27:51 +0200] "GET /Hilfe/AnleitungTonbeispiele HTTP/1.1" 200 9878 "-" "Mozilla/5.0 (Macintosh; Intel Mac OS X 10.15; rv:103.0) Gecko/20100101 Firefox/103.0"
194.209.200.2 - - [04/Sep/2022:04:29:02 +0200] "GET /Hilfe/AnleitungTonbeispiele HTTP/1.1" 200 9878 "-" "Mozilla/5.0 (compatible; TMMBot/0.2; +http://www.dslab.ch)/Nutch-1.15"
185.191.171.22 - - [04/Sep/2022:04:29:19 +0200] "GET /PmWikiFr/MarkupMasterIndex?action=diff HTTP/1.1" 403 18 "-" "Mozilla/5.0 (compatible; SemrushBot/7~bl; +http://www.semrush.com/bot.html)"
54.234.118.247 - - [04/Sep/2022:04:31:23 +0200] "GET /PodCast/IndexPage?action=rss HTTP/1.1" 200 6298 "-" "PlayerFM/1.0 Podcast Sync (1 subscribers; url=https://player.fm/series/podcast-2872909)"
