66.249.76.222 - - [22/Mar/2022:18:42:41 +0100] "GET /PodCast/IndexPage?action=rss HTTP/1.1" 200 6298 "-" "Mozilla/5.0 (compatible; Googlebot/2.1; +http://www.google.com/bot.html)"
185.191.171.7 - - [22/Mar/2022:18:43:07 +0100] "GET /PmWiki/WikiStyles HTTP/1.1" 200 33389 "-" "Mozilla/5.0 (compatible; SemrushBot/7~bl; +http://www.semrush.com/bot.html)"
185.191.171.14 - - [22/Mar/2022:18:45:13 +0100] "GET /PmWikiFr/ChangerLesURLPmWiki?action=edit HTTP/1.1" 403 18 "-" "Mozilla/5.0 (compatible; SemrushBot/7~bl; +http://www.semrush.com/bot.html)"
8.29.198.25 - - [22/Mar/2022:19:02:48 +0100] "GET /PodCast/IndexPage?action=rss HTTP/1.1" 200 6298 "-" "Feedly/1.0 (+http://www.feedly.com/fetcher.html; 3 subscribers; like FeedFetcher-Google)"
194.209.200.2 - - [22/Mar/2022:19:04:11 +0100] "GET /robots.txt HTTP/1.1" 200 - "-" "Mozilla/5.0 (compatible; TMMBot/0.2; +http://www.dslab.ch)/Nutch-1.15"
194.209.200.2 - - [22/Mar/2022:19:04:11 +0100] "GET /Texte/GDicht HTTP/1.1" 200 8050 "-" "Mozilla/5.0 (compatible; TMMBot/0.2; +http://www.dslab.ch)/Nutch-1.15"
185.191.171.44 - - [22/Mar/2022:19:04:15 +0100] "GET /robots.txt HTTP/1.1" 200 - "-" "Mozilla/5.0 (compatible; SemrushBot/7~bl; +http://www.semrush.com/bot.html)"
185.191.171.37 - - [22/Mar/2022:19:04:15 +0100] "GET /PmWikiDe/IncludeOtherPages?action=upload HTTP/1.1" 403 18 "-" "Mozilla/5.0 (compatible; SemrushBot/7~bl; +http://www.semrush.com/bot.html)"
194.209.200.2 - - [22/Mar/2022:19:05:11 +0100] "GET /Admin/Links HTTP/1.1" 200 14193 "-" "Mozilla/5.0 (compatible; TMMBot/0.2; +http://www.dslab.ch)/Nutch-1.15"
194.209.200.2 - - [22/Mar/2022:19:05:25 +0100] "GET /Texte/Metamorphoses HTTP/1.1" 200 9045 "-" "Mozilla/5.0 (compatible; TMMBot/0.2; +http://www.dslab.ch)/Nutch-1.15"
13.80.2.160 - - [22/Mar/2022:19:09:35 +0100] "GET / HTTP/1.1" 200 14638 "-" "Mozilla/4.0 (compatible; MSIE 6.0; Windows NT 5.1; .NET CLR 1.0.3705; .NET CLR 1.1.4322)"
194.209.200.2 - - [22/Mar/2022:19:11:05 +0100] "GET /Gast/Podcast HTTP/1.1" 200 8106 "-" "Mozilla/5.0 (compatible; TMMBot/0.2; +http://www.dslab.ch)/Nutch-1.15"
184.168.103.64 - - [22/Mar/2022:19:17:12 +0100] "GET /wp-login.php HTTP/1.1" 404 278 "-" "Mozilla/5.0 (X11; Ubuntu; Linux x86_64; rv:62.0) Gecko/20100101 Firefox/62.0"
185.191.171.3 - - [22/Mar/2022:19:17:37 +0100] "GET /PmWikiRu/WikiWikiWeb?action=diff HTTP/1.1" 403 18 "-" "Mozilla/5.0 (compatible; SemrushBot/7~bl; +http://www.semrush.com/bot.html)"
5.255.253.164 - - [22/Mar/2022:19:17:44 +0100] "GET /robots.txt HTTP/1.1" 200 - "-" "Mozilla/5.0 (compatible; YandexBot/3.0; +http://yandex.com/bots)"
213.180.203.3 - - [22/Mar/2022:19:17:48 +0100] "GET / HTTP/1.1" 200 14638 "-" "Mozilla/5.0 (compatible; YandexBot/3.0; +http://yandex.com/bots)"
157.55.39.227 - - [22/Mar/2022:19:28:15 +0100] "GET /Admin/Jahresbericht HTTP/1.1" 200 45530 "-" "Mozilla/5.0 (compatible; bingbot/2.0; +http://www.bing.com/bingbot.htm)"
185.191.171.6 - - [22/Mar/2022:19:28:42 +0100] "GET /PmWikiFr/CheminDeRecherche?action=edit HTTP/1.1" 403 18 "-" "Mozilla/5.0 (compatible; SemrushBot/7~bl; +http://www.semrush.com/bot.html)"
185.191.171.3 - - [22/Mar/2022:19:33:04 +0100] "GET /PmWikiFr/IndexAlphabTique?action=edit HTTP/1.1" 404 18 "-" "Mozilla/5.0 (compatible; SemrushBot/7~bl; +http://www.semrush.com/bot.html)"
194.209.200.2 - - [22/Mar/2022:19:33:44 +0100] "GET /robots.txt HTTP/1.1" 200 - "-" "Mozilla/5.0 (compatible; TMMBot/0.2; +http://www.dslab.ch)/Nutch-1.15"
194.209.200.2 - - [22/Mar/2022:19:33:44 +0100] "GET /Admin/Jahresbericht HTTP/1.1" 200 45530 "-" "Mozilla/5.0 (compatible; TMMBot/0.2; +http://www.dslab.ch)/Nutch-1.15"
66.249.76.222 - - [22/Mar/2022:19:34:09 +0100] "GET /PodCast/IndexPage?action=rss HTTP/1.1" 200 6298 "-" "Mozilla/5.0 (compatible; Googlebot/2.1; +http://www.google.com/bot.html)"
13.80.2.160 - - [22/Mar/2022:19:34:45 +0100] "GET /texte/styluebige HTTP/1.1" 404 286 "-" "Mozilla/4.0 (compatible; MSIE 6.0; Windows NT 5.1; SV1; .NET CLR 1.1.4322)"
194.209.200.2 - - [22/Mar/2022:19:34:58 +0100] "GET /Texte/GDicht HTTP/1.1" 200 8050 "-" "Mozilla/5.0 (compatible; TMMBot/0.2; +http://www.dslab.ch)/Nutch-1.15"
13.80.2.160 - - [22/Mar/2022:19:35:11 +0100] "GET /texte/arsamatoria HTTP/1.1" 404 287 "-" "Mozilla/4.0 (compatible; MSIE 6.0; Windows NT 5.0)"
13.80.2.160 - - [22/Mar/2022:19:35:24 +0100] "GET /texte/bitterbeuhsi HTTP/1.1" 404 288 "-" "Mozilla/5.0 (Windows NT 6.1; WOW64) AppleWebKit/537.36 (KHTML, like Gecko) Chrome/51.0.2704.106 Safari/537.36"
194.209.200.2 - - [22/Mar/2022:19:35:26 +0100] "GET /Admin/Links HTTP/1.1" 200 14193 "-" "Mozilla/5.0 (compatible; TMMBot/0.2; +http://www.dslab.ch)/Nutch-1.15"
194.209.200.2 - - [22/Mar/2022:19:35:34 +0100] "GET /Texte/Metamorphoses HTTP/1.1" 200 9045 "-" "Mozilla/5.0 (compatible; TMMBot/0.2; +http://www.dslab.ch)/Nutch-1.15"
194.209.200.2 - - [22/Mar/2022:19:38:06 +0100] "GET /Gast/Podcast HTTP/1.1" 200 8106 "-" "Mozilla/5.0 (compatible; TMMBot/0.2; +http://www.dslab.ch)/Nutch-1.15"
194.209.200.2 - - [22/Mar/2022:19:38:30 +0100] "GET /Hilfe/AnleitungTonbeispiele HTTP/1.1" 200 9878 "-" "Mozilla/5.0 (compatible; TMMBot/0.2; +http://www.dslab.ch)/Nutch-1.15"
13.80.2.160 - - [22/Mar/2022:19:38:38 +0100] "GET /admin/pro-zurituutschstatuten HTTP/1.1" 404 299 "-" "Mozilla/4.0 (compatible; MSIE 6.0; Windows NT 5.1; SV1; FunWebProducts)"
13.80.2.160 - - [22/Mar/2022:19:38:40 +0100] "GET /site/sidebar?action=edit HTTP/1.1" 404 282 "-" "Mozilla/4.0 (compatible; MSIE 7.0; Windows NT 6.0; SLCC1; .NET CLR 2.0.50727; Media Center PC 5.0; .NET CLR 3.0.04506)"
13.80.2.160 - - [22/Mar/2022:19:38:55 +0100] "GET /texte/metamorphoses HTTP/1.1" 404 289 "-" "Mozilla/4.0 (compatible; MSIE 6.0; Windows NT 5.1; SV1; InfoPath.1)"
13.80.2.160 - - [22/Mar/2022:19:39:42 +0100] "GET /admin/links HTTP/1.1" 404 281 "-" "Mozilla/4.0 (compatible; MSIE 6.0; Windows NT 5.1; SV1; .NET CLR 1.0.3705)"
13.80.2.160 - - [22/Mar/2022:19:40:23 +0100] "GET /hilfe/anleitungtonbeispiele HTTP/1.1" 404 297 "-" "Mozilla/5.0 (Windows NT 10.0; Win64; x64) AppleWebKit/537.36 (KHTML, like Gecko) Chrome/59.0.3071.115 Safari/537.36"
13.80.2.160 - - [22/Mar/2022:19:40:37 +0100] "GET /site/podcast HTTP/1.1" 404 282 "-" "Mozilla/4.0 (compatible; MSIE 6.0; Windows NT 5.1)"
13.80.2.160 - - [22/Mar/2022:19:40:52 +0100] "GET /admin/zurstiftung HTTP/1.1" 404 287 "-" "Mozilla/5.0 (Linux; Android 6.0.1; SM-G532G Build/MMB29T) AppleWebKit/537.36 (KHTML, like Gecko) Chrome/63.0.3239.83 Mobile Safari/537.36"
185.191.171.2 - - [22/Mar/2022:19:41:05 +0100] "GET /PmWikiCs/PLILUOUKKPLBELSKDY?action=edit HTTP/1.1" 404 18 "-" "Mozilla/5.0 (compatible; SemrushBot/7~bl; +http://www.semrush.com/bot.html)"
13.80.2.160 - - [22/Mar/2022:19:41:09 +0100] "GET /gast/podcast HTTP/1.1" 404 282 "-" "Mozilla/4.0 (compatible; MSIE 6.0; Windows NT 5.1; SV1; InfoPath.1)"
13.80.2.160 - - [22/Mar/2022:19:42:13 +0100] "GET /texte/zurcherischenglish HTTP/1.1" 404 294 "-" "Mozilla/4.0 (compatible; MSIE 7.0; Windows NT 5.1; .NET CLR 1.1.4322; .NET CLR 2.0.50727)"
13.80.2.160 - - [22/Mar/2022:19:42:42 +0100] "GET /texte/roman HTTP/1.1" 404 281 "-" "Mozilla/4.0 (compatible; MSIE 7.0; Windows NT 6.0; SLCC1; .NET CLR 2.0.50727; Media Center PC 5.0; .NET CLR 3.0.04506)"
13.80.2.160 - - [22/Mar/2022:19:42:44 +0100] "GET /texte/schrybwys HTTP/1.1" 404 285 "-" "Mozilla/5.0 (Windows NT 6.1; Win64; x64) AppleWebKit/537.36 (KHTML, like Gecko) Chrome/68.0.3440.106 Safari/537.36"
13.80.2.160 - - [22/Mar/2022:19:44:20 +0100] "GET /main/home HTTP/1.1" 404 279 "-" "Mozilla/5.0 (Windows NT 6.1; Win64; x64) AppleWebKit/537.36 (KHTML, like Gecko) Chrome/70.0.3538.77 Safari/537.36"
13.80.2.160 - - [22/Mar/2022:19:44:25 +0100] "GET /podcast/rsspodcasts HTTP/1.1" 404 289 "-" "Mozilla/4.0 (compatible; MSIE 6.0; Windows 98)"
13.80.2.160 - - [22/Mar/2022:19:45:24 +0100] "GET /admin/adressestiftung HTTP/1.1" 404 291 "-" "Mozilla/4.0 (compatible; MSIE 5.23; Mac_PowerPC)"
13.80.2.160 - - [22/Mar/2022:19:46:29 +0100] "GET /texte/gloosse HTTP/1.1" 404 283 "-" "Mozilla/5.0 (Windows NT 6.1; Win64; x64; Trident/7.0; rv:11.0) like Gecko"
13.80.2.160 - - [22/Mar/2022:19:47:26 +0100] "GET /main/home?action=upload HTTP/1.1" 404 279 "-" "Mozilla/4.0 (compatible; MSIE 6.0; Windows NT 5.0; .NET CLR 1.1.4322)"
185.191.171.3 - - [22/Mar/2022:19:53:16 +0100] "GET /PmWikiFr/IndexComplMents?action=edit HTTP/1.1" 404 18 "-" "Mozilla/5.0 (compatible; SemrushBot/7~bl; +http://www.semrush.com/bot.html)"
159.69.241.102 - - [22/Mar/2022:19:59:13 +0100] "GET / HTTP/1.1" 200 14638 "-" "page-preview-tool Mozilla/5.0 (Windows NT 10.0; Win64; x64) AppleWebKit/537.36 (KHTML, like Gecko) Chrome/80.0.3987.132 Safari/537.36"
194.209.200.2 - - [22/Mar/2022:20:01:06 +0100] "GET /robots.txt HTTP/1.1" 200 - "-" "Mozilla/5.0 (compatible; TMMBot/0.2; +http://www.dslab.ch)/Nutch-1.15"
194.209.200.2 - - [22/Mar/2022:20:01:06 +0100] "GET /Texte/ZurcherischEnglish HTTP/1.1" 200 8274 "-" "Mozilla/5.0 (compatible; TMMBot/0.2; +http://www.dslab.ch)/Nutch-1.15"
74.125.208.112 - - [22/Mar/2022:20:01:18 +0100] "GET /uploads/Texte/ZurSchreibweise.jpg HTTP/1.1" 200 90748 "-" "Mozilla/5.0 (Windows NT 5.1; rv:11.0) Gecko Firefox/11.0 (via ggpht.com GoogleImageProxy)"
13.80.2.160 - - [22/Mar/2022:20:01:31 +0100] "GET /texte/styluebige HTTP/1.1" 404 286 "-" "Mozilla/4.0 (compatible; MSIE 7.0; Windows NT 6.0)"
13.80.2.160 - - [22/Mar/2022:20:01:45 +0100] "GET /texte/arsamatoria HTTP/1.1" 404 287 "-" "Mozilla/5.0 (Windows NT 10.0; Win64; x64) AppleWebKit/537.36 (KHTML, like Gecko) Chrome/70.0.3538.67 Safari/537.36"
13.80.2.160 - - [22/Mar/2022:20:01:53 +0100] "GET /texte/bitterbeuhsi HTTP/1.1" 404 288 "-" "Mozilla/5.0 (Windows NT 10.0; WOW64) AppleWebKit/537.36 (KHTML, like Gecko) Chrome/46.0.2490.80 Safari/537.36"
194.209.200.2 - - [22/Mar/2022:20:02:28 +0100] "GET /Admin/Jahresbericht HTTP/1.1" 200 45530 "-" "Mozilla/5.0 (compatible; TMMBot/0.2; +http://www.dslab.ch)/Nutch-1.15"
194.209.200.2 - - [22/Mar/2022:20:02:50 +0100] "GET /Texte/Schrybwys HTTP/1.1" 200 11028 "-" "Mozilla/5.0 (compatible; TMMBot/0.2; +http://www.dslab.ch)/Nutch-1.15"
13.80.2.160 - - [22/Mar/2022:20:03:37 +0100] "GET /admin/pro-zurituutschstatuten HTTP/1.1" 404 299 "-" "Mozilla/5.0 (Windows NT 10.0; Win64; x64) AppleWebKit/537.36 (KHTML, like Gecko) Chrome/60.0.3112.113 Safari/537.36"
13.80.2.160 - - [22/Mar/2022:20:03:38 +0100] "GET /site/sidebar?action=edit HTTP/1.1" 404 282 "-" "Mozilla/4.0 (compatible; MSIE 6.0; Windows 98; Win 9x 4.90)"
13.80.2.160 - - [22/Mar/2022:20:03:46 +0100] "GET /texte/metamorphoses HTTP/1.1" 404 289 "-" "Mozilla/5.0 (Windows NT 10.0; WOW64) AppleWebKit/537.36 (KHTML, like Gecko) Chrome/52.0.2743.116 Safari/537.36"
194.209.200.2 - - [22/Mar/2022:20:03:48 +0100] "GET /Texte/GDicht HTTP/1.1" 200 8050 "-" "Mozilla/5.0 (compatible; TMMBot/0.2; +http://www.dslab.ch)/Nutch-1.15"
194.209.200.2 - - [22/Mar/2022:20:04:17 +0100] "GET /Admin/Links HTTP/1.1" 200 14193 "-" "Mozilla/5.0 (compatible; TMMBot/0.2; +http://www.dslab.ch)/Nutch-1.15"
13.80.2.160 - - [22/Mar/2022:20:04:18 +0100] "GET /admin/links HTTP/1.1" 404 281 "-" "Mozilla/4.0 (compatible; MSIE 5.0; Windows 98; DigExt)"
194.209.200.2 - - [22/Mar/2022:20:04:26 +0100] "GET /Texte/Metamorphoses HTTP/1.1" 200 9045 "-" "Mozilla/5.0 (compatible; TMMBot/0.2; +http://www.dslab.ch)/Nutch-1.15"
13.80.2.160 - - [22/Mar/2022:20:04:36 +0100] "GET /hilfe/anleitungtonbeispiele HTTP/1.1" 404 297 "-" "Mozilla/5.0 (Windows NT 10.0; Win64; x64) AppleWebKit/537.36 (KHTML, like Gecko) Chrome/60.0.3112.113 Safari/537.36"
13.80.2.160 - - [22/Mar/2022:20:04:44 +0100] "GET /site/podcast HTTP/1.1" 404 282 "-" "Mozilla/4.0 (compatible; MSIE 9.0; Windows NT 6.1; 125LA; .NET CLR 2.0.50727; .NET CLR 3.0.04506.648; .NET CLR 3.5.21022)"
13.80.2.160 - - [22/Mar/2022:20:04:51 +0100] "GET /admin/zurstiftung HTTP/1.1" 404 287 "-" "Mozilla/4.0 (compatible; MSIE 6.0; Windows NT 5.1)"
13.80.2.160 - - [22/Mar/2022:20:05:00 +0100] "GET /gast/podcast HTTP/1.1" 404 282 "-" "Mozilla/4.0 (compatible; MSIE 6.0; Windows NT 5.1; SV1; .NET CLR 1.1.4322)"
13.80.2.160 - - [22/Mar/2022:20:05:35 +0100] "GET /texte/zurcherischenglish HTTP/1.1" 404 294 "-" "Mozilla/5.0 (Windows NT 6.3; Win64; x64) AppleWebKit/537.36 (KHTML, like Gecko) Chrome/60.0.3112.113 Safari/537.36"
13.80.2.160 - - [22/Mar/2022:20:05:50 +0100] "GET /texte/roman HTTP/1.1" 404 281 "-" "Mozilla/4.0 (compatible; MSIE 7.0; Windows NT 6.0; SLCC1; .NET CLR 2.0.50727; Media Center PC 5.0; .NET CLR 3.0.04506; InfoPath.2)"
13.80.2.160 - - [22/Mar/2022:20:05:51 +0100] "GET /texte/schrybwys HTTP/1.1" 404 285 "-" "Mozilla/4.0 (compatible; MSIE 6.0; Windows NT 5.1; .NET CLR 1.1.4322)"
194.209.200.2 - - [22/Mar/2022:20:06:17 +0100] "GET /Admin/Pro-ZurituutschStatuten HTTP/1.1" 200 9580 "-" "Mozilla/5.0 (compatible; TMMBot/0.2; +http://www.dslab.ch)/Nutch-1.15"
194.209.200.2 - - [22/Mar/2022:20:06:40 +0100] "GET /Admin/ZurStiftung HTTP/1.1" 200 10864 "-" "Mozilla/5.0 (compatible; TMMBot/0.2; +http://www.dslab.ch)/Nutch-1.15"
13.80.2.160 - - [22/Mar/2022:20:06:42 +0100] "GET /main/home HTTP/1.1" 404 279 "-" "Mozilla/4.0 (compatible; MSIE 7.0; Windows NT 5.1; .NET CLR 1.1.4322)"
13.80.2.160 - - [22/Mar/2022:20:06:44 +0100] "GET /podcast/rsspodcasts HTTP/1.1" 404 289 "-" "Mozilla/4.0 (compatible; MSIE 6.0; Windows NT 5.1)"
194.209.200.2 - - [22/Mar/2022:20:07:12 +0100] "GET /Gast/Podcast HTTP/1.1" 200 8106 "-" "Mozilla/5.0 (compatible; TMMBot/0.2; +http://www.dslab.ch)/Nutch-1.15"
13.80.2.160 - - [22/Mar/2022:20:07:13 +0100] "GET /admin/adressestiftung HTTP/1.1" 404 291 "-" "Mozilla/4.0 (compatible; MSIE 7.0; Windows NT 5.1; .NET CLR 2.0.50727)"
194.209.200.2 - - [22/Mar/2022:20:07:39 +0100] "GET /Hilfe/AnleitungTonbeispiele HTTP/1.1" 200 9878 "-" "Mozilla/5.0 (compatible; TMMBot/0.2; +http://www.dslab.ch)/Nutch-1.15"
13.80.2.160 - - [22/Mar/2022:20:07:51 +0100] "GET /texte/gloosse HTTP/1.1" 404 283 "-" "Mozilla/5.0 (Windows NT 6.3; WOW64; Trident/7.0; rv:11.0) like Gecko"
13.80.2.160 - - [22/Mar/2022:20:08:20 +0100] "GET /main/home?action=upload HTTP/1.1" 404 279 "-" "Mozilla/4.0 (compatible; MSIE 6.0; Windows NT 5.0)"
40.77.167.72 - - [22/Mar/2022:20:12:47 +0100] "GET /PmWiki/PathVariables HTTP/1.1" 200 24179 "-" "Mozilla/5.0 (compatible; bingbot/2.0; +http://www.bing.com/bingbot.htm)"
185.191.171.40 - - [22/Mar/2022:20:17:24 +0100] "GET /robots.txt HTTP/1.1" 200 - "-" "Mozilla/5.0 (compatible; SemrushBot/7~bl; +http://www.semrush.com/bot.html)"
185.191.171.25 - - [22/Mar/2022:20:17:24 +0100] "GET /PmWikiFr/ChangerLesURLPmWiki?action=print HTTP/1.1" 403 18 "-" "Mozilla/5.0 (compatible; SemrushBot/7~bl; +http://www.semrush.com/bot.html)"
185.191.171.7 - - [22/Mar/2022:20:18:39 +0100] "GET /PmWikiFr/A?action=search&fmt=title&q=link%3DPmWikiFr.LocalCustomizations HTTP/1.1" 404 18 "-" "Mozilla/5.0 (compatible; SemrushBot/7~bl; +http://www.semrush.com/bot.html)"
185.191.171.9 - - [22/Mar/2022:20:19:46 +0100] "GET /Category/GroupFooter?action=edit HTTP/1.1" 403 18 "-" "Mozilla/5.0 (compatible; SemrushBot/7~bl; +http://www.semrush.com/bot.html)"
185.191.171.6 - - [22/Mar/2022:20:25:47 +0100] "GET /Main/HomePage?action=edit HTTP/1.1" 403 18 "-" "Mozilla/5.0 (compatible; SemrushBot/7~bl; +http://www.semrush.com/bot.html)"
194.209.200.2 - - [22/Mar/2022:20:31:25 +0100] "GET /robots.txt HTTP/1.1" 200 - "-" "Mozilla/5.0 (compatible; TMMBot/0.2; +http://www.dslab.ch)/Nutch-1.15"
194.209.200.2 - - [22/Mar/2022:20:31:25 +0100] "GET /Texte/ZurcherischEnglish HTTP/1.1" 200 8274 "-" "Mozilla/5.0 (compatible; TMMBot/0.2; +http://www.dslab.ch)/Nutch-1.15"
35.171.154.34 - - [22/Mar/2022:20:32:22 +0100] "GET /wp-admin/css/ HTTP/1.1" 404 279 "binance.com" "Mozilla/5.0 (Windows NT 10.0; Win64; x64) AppleWebKit/537.36 (KHTML, like Gecko) Chrome/90.0.4430.85 Safari/537.36"
35.171.154.34 - - [22/Mar/2022:20:32:22 +0100] "GET /.well-known/ HTTP/1.1" 404 264 "binance.com" "Mozilla/5.0 (Windows NT 10.0; Win64; x64) AppleWebKit/537.36 (KHTML, like Gecko) Chrome/90.0.4430.85 Safari/537.36"
35.171.154.34 - - [22/Mar/2022:20:32:23 +0100] "GET /sites/default/files/ HTTP/1.1" 404 286 "binance.com" "Mozilla/5.0 (Windows NT 10.0; Win64; x64) AppleWebKit/537.36 (KHTML, like Gecko) Chrome/90.0.4430.85 Safari/537.36"
35.171.154.34 - - [22/Mar/2022:20:32:23 +0100] "GET /admin/controller/extension/extension/ HTTP/1.1" 404 303 "binance.com" "Mozilla/5.0 (Windows NT 10.0; Win64; x64) AppleWebKit/537.36 (KHTML, like Gecko) Chrome/90.0.4430.85 Safari/537.36"
35.171.154.34 - - [22/Mar/2022:20:32:23 +0100] "GET /uploads/ HTTP/1.1" 403 278 "binance.com" "Mozilla/5.0 (Windows NT 10.0; Win64; x64) AppleWebKit/537.36 (KHTML, like Gecko) Chrome/90.0.4430.85 Safari/537.36"
194.209.200.2 - - [22/Mar/2022:20:32:46 +0100] "GET /Admin/Jahresbericht HTTP/1.1" 200 45530 "-" "Mozilla/5.0 (compatible; TMMBot/0.2; +http://www.dslab.ch)/Nutch-1.15"
194.209.200.2 - - [22/Mar/2022:20:33:05 +0100] "GET /Texte/Limericks HTTP/1.1" 200 8087 "-" "Mozilla/5.0 (compatible; TMMBot/0.2; +http://www.dslab.ch)/Nutch-1.15"
194.209.200.2 - - [22/Mar/2022:20:33:09 +0100] "GET /Texte/Schrybwys HTTP/1.1" 200 11028 "-" "Mozilla/5.0 (compatible; TMMBot/0.2; +http://www.dslab.ch)/Nutch-1.15"
194.209.200.2 - - [22/Mar/2022:20:34:07 +0100] "GET /Texte/GDicht HTTP/1.1" 200 8050 "-" "Mozilla/5.0 (compatible; TMMBot/0.2; +http://www.dslab.ch)/Nutch-1.15"
194.209.200.2 - - [22/Mar/2022:20:34:36 +0100] "GET /Admin/Links HTTP/1.1" 200 14193 "-" "Mozilla/5.0 (compatible; TMMBot/0.2; +http://www.dslab.ch)/Nutch-1.15"
194.209.200.2 - - [22/Mar/2022:20:34:44 +0100] "GET /Texte/Metamorphoses HTTP/1.1" 200 9045 "-" "Mozilla/5.0 (compatible; TMMBot/0.2; +http://www.dslab.ch)/Nutch-1.15"
194.209.200.2 - - [22/Mar/2022:20:36:28 +0100] "GET /Admin/Pro-ZurituutschStatuten HTTP/1.1" 200 9580 "-" "Mozilla/5.0 (compatible; TMMBot/0.2; +http://www.dslab.ch)/Nutch-1.15"
194.209.200.2 - - [22/Mar/2022:20:36:51 +0100] "GET /Admin/ZurStiftung HTTP/1.1" 200 10864 "-" "Mozilla/5.0 (compatible; TMMBot/0.2; +http://www.dslab.ch)/Nutch-1.15"
194.209.200.2 - - [22/Mar/2022:20:37:23 +0100] "GET /Gast/Podcast HTTP/1.1" 200 8106 "-" "Mozilla/5.0 (compatible; TMMBot/0.2; +http://www.dslab.ch)/Nutch-1.15"
194.209.200.2 - - [22/Mar/2022:20:37:49 +0100] "GET /Hilfe/AnleitungTonbeispiele HTTP/1.1" 200 9878 "-" "Mozilla/5.0 (compatible; TMMBot/0.2; +http://www.dslab.ch)/Nutch-1.15"
66.249.76.193 - - [22/Mar/2022:20:38:12 +0100] "GET /PodCast/IndexPage?action=rss HTTP/1.1" 200 6298 "-" "Mozilla/5.0 (compatible; Googlebot/2.1; +http://www.google.com/bot.html)"
185.191.171.44 - - [22/Mar/2022:20:44:01 +0100] "GET /PmWikiRu/DeletingPages?action=diff HTTP/1.1" 403 18 "-" "Mozilla/5.0 (compatible; SemrushBot/7~bl; +http://www.semrush.com/bot.html)"
3.216.185.164 - - [22/Mar/2022:20:46:40 +0100] "GET /PodCast/IndexPage?action=rss HTTP/1.1" 200 6298 "-" "PocketCasts/1.0 (Pocket Casts Feed Parser; +http://pocketcasts.com/)"
40.77.167.72 - - [22/Mar/2022:20:48:11 +0100] "GET /PodCast/Roman3 HTTP/1.1" 200 13777 "-" "Mozilla/5.0 (compatible; bingbot/2.0; +http://www.bing.com/bingbot.htm)"
194.38.20.161 - - [22/Mar/2022:20:52:48 +0100] "GET /assets/js/fileupload/server/php/index.php?file=tf2rghf.jpg HTTP/1.1" 404 307 "-" "ALittle Client"
194.38.20.161 - - [22/Mar/2022:20:52:48 +0100] "GET /admin/fileupload/server/php/index.php?file=tf2rghf.jpg HTTP/1.1" 404 303 "-" "ALittle Client"
66.249.76.222 - - [22/Mar/2022:20:58:31 +0100] "GET /PodCast/Rutlirapport HTTP/1.1" 200 8153 "-" "Mozilla/5.0 (Linux; Android 6.0.1; Nexus 5X Build/MMB29P) AppleWebKit/537.36 (KHTML, like Gecko) Chrome/99.0.4844.82 Mobile Safari/537.36 (compatible; Googlebot/2.1; +http://www.google.com/bot.html)"
185.191.171.45 - - [22/Mar/2022:20:59:59 +0100] "GET /PmWikiSi/PmWikiSi?action=diff HTTP/1.1" 403 18 "-" "Mozilla/5.0 (compatible; SemrushBot/7~bl; +http://www.semrush.com/bot.html)"
168.119.51.163 - - [22/Mar/2022:21:01:21 +0100] "GET /robots.txt HTTP/1.1" 200 - "-" "Mozilla/5.0 (compatible; um-IC/1.0; mailto: techinfo@ubermetrics-technologies.com; Windows NT 6.1; WOW64; rv:40.0) Gecko/20100101 Firefox/40.1"
168.119.51.163 - - [22/Mar/2022:21:01:21 +0100] "GET /PodCast/IndexPage?action=rss HTTP/1.1" 200 6298 "-" "Mozilla/5.0 (compatible; um-IC/1.0; mailto: techinfo@ubermetrics-technologies.com; Windows NT 6.1; WOW64; rv:40.0) Gecko/20100101 Firefox/40.1"
194.209.200.2 - - [22/Mar/2022:21:03:45 +0100] "GET /robots.txt HTTP/1.1" 200 - "-" "Mozilla/5.0 (compatible; TMMBot/0.2; +http://www.dslab.ch)/Nutch-1.15"
194.209.200.2 - - [22/Mar/2022:21:03:45 +0100] "GET /Admin/Jahresbericht HTTP/1.1" 200 45530 "-" "Mozilla/5.0 (compatible; TMMBot/0.2; +http://www.dslab.ch)/Nutch-1.15"
194.209.200.2 - - [22/Mar/2022:21:04:04 +0100] "GET /Texte/Limericks HTTP/1.1" 200 8087 "-" "Mozilla/5.0 (compatible; TMMBot/0.2; +http://www.dslab.ch)/Nutch-1.15"
194.209.200.2 - - [22/Mar/2022:21:04:08 +0100] "GET /Texte/Schrybwys HTTP/1.1" 200 11028 "-" "Mozilla/5.0 (compatible; TMMBot/0.2; +http://www.dslab.ch)/Nutch-1.15"
194.209.200.2 - - [22/Mar/2022:21:05:08 +0100] "GET /Texte/GDicht HTTP/1.1" 200 8050 "-" "Mozilla/5.0 (compatible; TMMBot/0.2; +http://www.dslab.ch)/Nutch-1.15"
194.209.200.2 - - [22/Mar/2022:21:05:38 +0100] "GET /Admin/Links HTTP/1.1" 200 14193 "-" "Mozilla/5.0 (compatible; TMMBot/0.2; +http://www.dslab.ch)/Nutch-1.15"
194.209.200.2 - - [22/Mar/2022:21:05:46 +0100] "GET /Texte/Metamorphoses HTTP/1.1" 200 9045 "-" "Mozilla/5.0 (compatible; TMMBot/0.2; +http://www.dslab.ch)/Nutch-1.15"
194.209.200.2 - - [22/Mar/2022:21:07:38 +0100] "GET /Admin/Pro-ZurituutschStatuten HTTP/1.1" 200 9580 "-" "Mozilla/5.0 (compatible; TMMBot/0.2; +http://www.dslab.ch)/Nutch-1.15"
194.209.200.2 - - [22/Mar/2022:21:08:03 +0100] "GET /Admin/ZurStiftung HTTP/1.1" 200 10864 "-" "Mozilla/5.0 (compatible; TMMBot/0.2; +http://www.dslab.ch)/Nutch-1.15"
194.209.200.2 - - [22/Mar/2022:21:08:38 +0100] "GET /Gast/Podcast HTTP/1.1" 200 8106 "-" "Mozilla/5.0 (compatible; TMMBot/0.2; +http://www.dslab.ch)/Nutch-1.15"
194.209.200.2 - - [22/Mar/2022:21:09:05 +0100] "GET /Hilfe/AnleitungTonbeispiele HTTP/1.1" 200 9878 "-" "Mozilla/5.0 (compatible; TMMBot/0.2; +http://www.dslab.ch)/Nutch-1.15"
134.176.169.130 - - [22/Mar/2022:21:09:54 +0100] "GET / HTTP/1.1" 200 14638 "-" "Mozilla/5.0 (Windows NT 10.0; Win64; x64) AppleWebKit/537.36 (KHTML, like Gecko) Chrome/61.0.3163.100 Safari/537.36"
185.191.171.6 - - [22/Mar/2022:21:18:16 +0100] "GET /robots.txt HTTP/1.1" 200 - "-" "Mozilla/5.0 (compatible; SemrushBot/7~bl; +http://www.semrush.com/bot.html)"
185.191.171.40 - - [22/Mar/2022:21:18:17 +0100] "GET /PmWiki/SimultaneousEdits HTTP/1.1" 200 12357 "-" "Mozilla/5.0 (compatible; SemrushBot/7~bl; +http://www.semrush.com/bot.html)"
185.191.171.17 - - [22/Mar/2022:21:22:01 +0100] "GET /PmWikiFr/SimultaneousEdits?action=edit HTTP/1.1" 403 18 "-" "Mozilla/5.0 (compatible; SemrushBot/7~bl; +http://www.semrush.com/bot.html)"
194.209.200.2 - - [22/Mar/2022:21:35:38 +0100] "GET /robots.txt HTTP/1.1" 200 - "-" "Mozilla/5.0 (compatible; TMMBot/0.2; +http://www.dslab.ch)/Nutch-1.15"
194.209.200.2 - - [22/Mar/2022:21:35:38 +0100] "GET /Texte/ZurcherischEnglish HTTP/1.1" 200 8274 "-" "Mozilla/5.0 (compatible; TMMBot/0.2; +http://www.dslab.ch)/Nutch-1.15"
66.249.76.222 - - [22/Mar/2022:21:36:44 +0100] "GET /PodCast/IndexPage?action=rss HTTP/1.1" 200 6298 "-" "Mozilla/5.0 (compatible; Googlebot/2.1; +http://www.google.com/bot.html)"
194.209.200.2 - - [22/Mar/2022:21:36:52 +0100] "GET /Admin/Jahresbericht HTTP/1.1" 200 45530 "-" "Mozilla/5.0 (compatible; TMMBot/0.2; +http://www.dslab.ch)/Nutch-1.15"
194.209.200.2 - - [22/Mar/2022:21:37:13 +0100] "GET /Texte/Schrybwys HTTP/1.1" 200 11028 "-" "Mozilla/5.0 (compatible; TMMBot/0.2; +http://www.dslab.ch)/Nutch-1.15"
194.209.200.2 - - [22/Mar/2022:21:38:08 +0100] "GET /Texte/GDicht HTTP/1.1" 200 8050 "-" "Mozilla/5.0 (compatible; TMMBot/0.2; +http://www.dslab.ch)/Nutch-1.15"
194.209.200.2 - - [22/Mar/2022:21:38:35 +0100] "GET /Admin/Links HTTP/1.1" 200 14193 "-" "Mozilla/5.0 (compatible; TMMBot/0.2; +http://www.dslab.ch)/Nutch-1.15"
194.209.200.2 - - [22/Mar/2022:21:38:43 +0100] "GET /Texte/Metamorphoses HTTP/1.1" 200 9045 "-" "Mozilla/5.0 (compatible; TMMBot/0.2; +http://www.dslab.ch)/Nutch-1.15"
185.191.171.5 - - [22/Mar/2022:21:39:34 +0100] "GET /PmWikiVi/HopThuChung?action=edit HTTP/1.1" 404 18 "-" "Mozilla/5.0 (compatible; SemrushBot/7~bl; +http://www.semrush.com/bot.html)"
194.209.200.2 - - [22/Mar/2022:21:40:45 +0100] "GET /Admin/ZurStiftung HTTP/1.1" 200 10864 "-" "Mozilla/5.0 (compatible; TMMBot/0.2; +http://www.dslab.ch)/Nutch-1.15"
194.209.200.2 - - [22/Mar/2022:21:41:07 +0100] "GET /Texte/Bitterbeuhsi HTTP/1.1" 200 9255 "-" "Mozilla/5.0 (compatible; TMMBot/0.2; +http://www.dslab.ch)/Nutch-1.15"
194.209.200.2 - - [22/Mar/2022:21:41:16 +0100] "GET /Gast/Podcast HTTP/1.1" 200 8106 "-" "Mozilla/5.0 (compatible; TMMBot/0.2; +http://www.dslab.ch)/Nutch-1.15"
194.209.200.2 - - [22/Mar/2022:21:41:41 +0100] "GET /Hilfe/AnleitungTonbeispiele HTTP/1.1" 200 9878 "-" "Mozilla/5.0 (compatible; TMMBot/0.2; +http://www.dslab.ch)/Nutch-1.15"
207.46.13.192 - - [22/Mar/2022:21:42:11 +0100] "GET /PodCast/RUR02 HTTP/1.1" 200 22708 "-" "Mozilla/5.0 (compatible; bingbot/2.0; +http://www.bing.com/bingbot.htm)"
157.55.39.159 - - [22/Mar/2022:21:44:00 +0100] "GET /PodCast/SprChlaage HTTP/1.1" 200 13697 "-" "Mozilla/5.0 (compatible; bingbot/2.0; +http://www.bing.com/bingbot.htm)"
185.191.171.14 - - [22/Mar/2022:21:47:45 +0100] "GET /PmWikiVi/HoiDap?action=edit HTTP/1.1" 404 18 "-" "Mozilla/5.0 (compatible; SemrushBot/7~bl; +http://www.semrush.com/bot.html)"
40.77.167.72 - - [22/Mar/2022:21:58:27 +0100] "GET /PodCast/REZMockingbird HTTP/1.1" 200 11553 "-" "Mozilla/5.0 (compatible; bingbot/2.0; +http://www.bing.com/bingbot.htm)"
194.209.200.2 - - [22/Mar/2022:22:02:32 +0100] "GET /robots.txt HTTP/1.1" 200 - "-" "Mozilla/5.0 (compatible; TMMBot/0.2; +http://www.dslab.ch)/Nutch-1.15"
194.209.200.2 - - [22/Mar/2022:22:02:32 +0100] "GET /Texte/ZurcherischEnglish HTTP/1.1" 200 8274 "-" "Mozilla/5.0 (compatible; TMMBot/0.2; +http://www.dslab.ch)/Nutch-1.15"
194.209.200.2 - - [22/Mar/2022:22:03:44 +0100] "GET /Admin/Jahresbericht HTTP/1.1" 200 45530 "-" "Mozilla/5.0 (compatible; TMMBot/0.2; +http://www.dslab.ch)/Nutch-1.15"
194.209.200.2 - - [22/Mar/2022:22:04:05 +0100] "GET /Texte/Schrybwys HTTP/1.1" 200 11028 "-" "Mozilla/5.0 (compatible; TMMBot/0.2; +http://www.dslab.ch)/Nutch-1.15"
194.209.200.2 - - [22/Mar/2022:22:04:57 +0100] "GET /Texte/GDicht HTTP/1.1" 200 8050 "-" "Mozilla/5.0 (compatible; TMMBot/0.2; +http://www.dslab.ch)/Nutch-1.15"
194.209.200.2 - - [22/Mar/2022:22:05:24 +0100] "GET /Admin/Links HTTP/1.1" 200 14193 "-" "Mozilla/5.0 (compatible; TMMBot/0.2; +http://www.dslab.ch)/Nutch-1.15"
194.209.200.2 - - [22/Mar/2022:22:05:31 +0100] "GET /Texte/Metamorphoses HTTP/1.1" 200 9045 "-" "Mozilla/5.0 (compatible; TMMBot/0.2; +http://www.dslab.ch)/Nutch-1.15"
194.209.200.2 - - [22/Mar/2022:22:08:02 +0100] "GET /Gast/Podcast HTTP/1.1" 200 8106 "-" "Mozilla/5.0 (compatible; TMMBot/0.2; +http://www.dslab.ch)/Nutch-1.15"
185.191.171.5 - - [22/Mar/2022:22:14:55 +0100] "GET /Site/PodCast HTTP/1.1" 200 40934 "-" "Mozilla/5.0 (compatible; SemrushBot/7~bl; +http://www.semrush.com/bot.html)"
66.249.76.222 - - [22/Mar/2022:22:32:28 +0100] "GET /PodCast/IndexPage?action=rss HTTP/1.1" 200 6298 "-" "Mozilla/5.0 (compatible; Googlebot/2.1; +http://www.google.com/bot.html)"
194.209.200.2 - - [22/Mar/2022:22:34:00 +0100] "GET /robots.txt HTTP/1.1" 200 - "-" "Mozilla/5.0 (compatible; TMMBot/0.2; +http://www.dslab.ch)/Nutch-1.15"
194.209.200.2 - - [22/Mar/2022:22:34:00 +0100] "GET /Admin/Jahresbericht HTTP/1.1" 200 45530 "-" "Mozilla/5.0 (compatible; TMMBot/0.2; +http://www.dslab.ch)/Nutch-1.15"
194.209.200.2 - - [22/Mar/2022:22:34:18 +0100] "GET /Texte/Limericks HTTP/1.1" 200 8087 "-" "Mozilla/5.0 (compatible; TMMBot/0.2; +http://www.dslab.ch)/Nutch-1.15"
194.209.200.2 - - [22/Mar/2022:22:34:21 +0100] "GET /Texte/Schrybwys HTTP/1.1" 200 11028 "-" "Mozilla/5.0 (compatible; TMMBot/0.2; +http://www.dslab.ch)/Nutch-1.15"
194.209.200.2 - - [22/Mar/2022:22:35:02 +0100] "GET /Texte/ArsAmatoria HTTP/1.1" 200 12369 "-" "Mozilla/5.0 (compatible; TMMBot/0.2; +http://www.dslab.ch)/Nutch-1.15"
194.209.200.2 - - [22/Mar/2022:22:35:15 +0100] "GET /Texte/GDicht HTTP/1.1" 200 8050 "-" "Mozilla/5.0 (compatible; TMMBot/0.2; +http://www.dslab.ch)/Nutch-1.15"
194.209.200.2 - - [22/Mar/2022:22:35:42 +0100] "GET /Admin/Links HTTP/1.1" 200 14193 "-" "Mozilla/5.0 (compatible; TMMBot/0.2; +http://www.dslab.ch)/Nutch-1.15"
194.209.200.2 - - [22/Mar/2022:22:35:49 +0100] "GET /Texte/Metamorphoses HTTP/1.1" 200 9045 "-" "Mozilla/5.0 (compatible; TMMBot/0.2; +http://www.dslab.ch)/Nutch-1.15"
194.209.200.2 - - [22/Mar/2022:22:37:50 +0100] "GET /Admin/ZurStiftung HTTP/1.1" 200 10864 "-" "Mozilla/5.0 (compatible; TMMBot/0.2; +http://www.dslab.ch)/Nutch-1.15"
194.209.200.2 - - [22/Mar/2022:22:38:22 +0100] "GET /Gast/Podcast HTTP/1.1" 200 8106 "-" "Mozilla/5.0 (compatible; TMMBot/0.2; +http://www.dslab.ch)/Nutch-1.15"
185.191.171.26 - - [22/Mar/2022:22:38:43 +0100] "GET /robots.txt HTTP/1.1" 200 - "-" "Mozilla/5.0 (compatible; SemrushBot/7~bl; +http://www.semrush.com/bot.html)"
185.191.171.17 - - [22/Mar/2022:22:38:43 +0100] "GET /PmWikiTa/XLPage?action=edit HTTP/1.1" 403 18 "-" "Mozilla/5.0 (compatible; SemrushBot/7~bl; +http://www.semrush.com/bot.html)"
194.209.200.2 - - [22/Mar/2022:22:38:45 +0100] "GET /Hilfe/AnleitungTonbeispiele HTTP/1.1" 200 9878 "-" "Mozilla/5.0 (compatible; TMMBot/0.2; +http://www.dslab.ch)/Nutch-1.15"
185.191.171.35 - - [22/Mar/2022:22:56:50 +0100] "GET /PmWikiRu/MarkupMasterIndex?action=edit HTTP/1.1" 403 18 "-" "Mozilla/5.0 (compatible; SemrushBot/7~bl; +http://www.semrush.com/bot.html)"
194.209.200.2 - - [22/Mar/2022:23:05:14 +0100] "GET /robots.txt HTTP/1.1" 200 - "-" "Mozilla/5.0 (compatible; TMMBot/0.2; +http://www.dslab.ch)/Nutch-1.15"
194.209.200.2 - - [22/Mar/2022:23:05:14 +0100] "GET /Texte/Limericks HTTP/1.1" 200 8087 "-" "Mozilla/5.0 (compatible; TMMBot/0.2; +http://www.dslab.ch)/Nutch-1.15"
194.209.200.2 - - [22/Mar/2022:23:05:18 +0100] "GET /Texte/Schrybwys HTTP/1.1" 200 11028 "-" "Mozilla/5.0 (compatible; TMMBot/0.2; +http://www.dslab.ch)/Nutch-1.15"
194.209.200.2 - - [22/Mar/2022:23:06:10 +0100] "GET /Texte/GDicht HTTP/1.1" 200 8050 "-" "Mozilla/5.0 (compatible; TMMBot/0.2; +http://www.dslab.ch)/Nutch-1.15"
66.249.76.193 - - [22/Mar/2022:23:06:16 +0100] "GET /PodCast/PodCast HTTP/1.1" 200 29790 "-" "Mozilla/5.0 (Linux; Android 6.0.1; Nexus 5X Build/MMB29P) AppleWebKit/537.36 (KHTML, like Gecko) Chrome/99.0.4844.82 Mobile Safari/537.36 (compatible; Googlebot/2.1; +http://www.google.com/bot.html)"
194.209.200.2 - - [22/Mar/2022:23:06:36 +0100] "GET /Admin/Links HTTP/1.1" 200 14193 "-" "Mozilla/5.0 (compatible; TMMBot/0.2; +http://www.dslab.ch)/Nutch-1.15"
194.209.200.2 - - [22/Mar/2022:23:06:45 +0100] "GET /Texte/Metamorphoses HTTP/1.1" 200 9045 "-" "Mozilla/5.0 (compatible; TMMBot/0.2; +http://www.dslab.ch)/Nutch-1.15"
185.191.171.33 - - [22/Mar/2022:23:07:45 +0100] "GET /PmWikiRu/InitialSetupTasks?action=diff HTTP/1.1" 403 18 "-" "Mozilla/5.0 (compatible; SemrushBot/7~bl; +http://www.semrush.com/bot.html)"
185.191.171.19 - - [22/Mar/2022:23:08:49 +0100] "GET /PmWikiDe/Contributors?action=diff HTTP/1.1" 403 18 "-" "Mozilla/5.0 (compatible; SemrushBot/7~bl; +http://www.semrush.com/bot.html)"
194.209.200.2 - - [22/Mar/2022:23:09:19 +0100] "GET /Gast/Podcast HTTP/1.1" 200 8106 "-" "Mozilla/5.0 (compatible; TMMBot/0.2; +http://www.dslab.ch)/Nutch-1.15"
194.209.200.2 - - [22/Mar/2022:23:09:44 +0100] "GET /Hilfe/AnleitungTonbeispiele HTTP/1.1" 200 9878 "-" "Mozilla/5.0 (compatible; TMMBot/0.2; +http://www.dslab.ch)/Nutch-1.15"
185.191.171.19 - - [22/Mar/2022:23:11:37 +0100] "GET /PmWikiPtBr/Links?action=edit HTTP/1.1" 404 18 "-" "Mozilla/5.0 (compatible; SemrushBot/7~bl; +http://www.semrush.com/bot.html)"
185.191.171.24 - - [22/Mar/2022:23:13:21 +0100] "GET /Hilfe/Quicktime?action=edit HTTP/1.1" 403 18 "-" "Mozilla/5.0 (compatible; SemrushBot/7~bl; +http://www.semrush.com/bot.html)"
157.55.39.161 - - [22/Mar/2022:23:21:01 +0100] "GET /PodCast/Propagandakraty HTTP/1.1" 200 8192 "-" "Mozilla/5.0 (compatible; bingbot/2.0; +http://www.bing.com/bingbot.htm)"
185.191.171.2 - - [22/Mar/2022:23:31:50 +0100] "GET /PmWikiFr/Requirements?action=edit HTTP/1.1" 403 18 "-" "Mozilla/5.0 (compatible; SemrushBot/7~bl; +http://www.semrush.com/bot.html)"
194.209.200.2 - - [22/Mar/2022:23:33:32 +0100] "GET /robots.txt HTTP/1.1" 200 - "-" "Mozilla/5.0 (compatible; TMMBot/0.2; +http://www.dslab.ch)/Nutch-1.15"
194.209.200.2 - - [22/Mar/2022:23:33:32 +0100] "GET /Texte/Limericks HTTP/1.1" 200 8087 "-" "Mozilla/5.0 (compatible; TMMBot/0.2; +http://www.dslab.ch)/Nutch-1.15"
194.209.200.2 - - [22/Mar/2022:23:33:36 +0100] "GET /Texte/Schrybwys HTTP/1.1" 200 11028 "-" "Mozilla/5.0 (compatible; TMMBot/0.2; +http://www.dslab.ch)/Nutch-1.15"
194.209.200.2 - - [22/Mar/2022:23:34:18 +0100] "GET /Texte/ArsAmatoria HTTP/1.1" 200 12369 "-" "Mozilla/5.0 (compatible; TMMBot/0.2; +http://www.dslab.ch)/Nutch-1.15"
194.209.200.2 - - [22/Mar/2022:23:34:32 +0100] "GET /Texte/GDicht HTTP/1.1" 200 8050 "-" "Mozilla/5.0 (compatible; TMMBot/0.2; +http://www.dslab.ch)/Nutch-1.15"
194.209.200.2 - - [22/Mar/2022:23:35:00 +0100] "GET /Admin/Links HTTP/1.1" 200 14193 "-" "Mozilla/5.0 (compatible; TMMBot/0.2; +http://www.dslab.ch)/Nutch-1.15"
194.209.200.2 - - [22/Mar/2022:23:35:08 +0100] "GET /Texte/Metamorphoses HTTP/1.1" 200 9045 "-" "Mozilla/5.0 (compatible; TMMBot/0.2; +http://www.dslab.ch)/Nutch-1.15"
66.249.76.222 - - [22/Mar/2022:23:35:24 +0100] "GET /PodCast/IndexPage?action=rss HTTP/1.1" 200 6298 "-" "Mozilla/5.0 (compatible; Googlebot/2.1; +http://www.google.com/bot.html)"
194.209.200.2 - - [22/Mar/2022:23:37:50 +0100] "GET /Gast/Podcast HTTP/1.1" 200 8106 "-" "Mozilla/5.0 (compatible; TMMBot/0.2; +http://www.dslab.ch)/Nutch-1.15"
194.209.200.2 - - [22/Mar/2022:23:38:16 +0100] "GET /Hilfe/AnleitungTonbeispiele HTTP/1.1" 200 9878 "-" "Mozilla/5.0 (compatible; TMMBot/0.2; +http://www.dslab.ch)/Nutch-1.15"
185.191.171.33 - - [22/Mar/2022:23:43:32 +0100] "GET /robots.txt HTTP/1.1" 200 - "-" "Mozilla/5.0 (compatible; SemrushBot/7~bl; +http://www.semrush.com/bot.html)"
185.191.171.40 - - [22/Mar/2022:23:43:32 +0100] "GET /PmWikiFr/PerGroupCustomizations?action=diff HTTP/1.1" 403 18 "-" "Mozilla/5.0 (compatible; SemrushBot/7~bl; +http://www.semrush.com/bot.html)"
50.17.47.122 - - [22/Mar/2022:23:43:39 +0100] "GET /PodCast/IndexPage?action=rss HTTP/1.1" 200 6298 "https://www.google.com/" "Mozilla/5.0 (Macintosh; Intel Mac OS X 10_12_6) AppleWebKit/537.36 (KHTML, like Gecko) Chrome/80.0.3987.132 Safari/537.36"
185.191.171.25 - - [22/Mar/2022:23:44:17 +0100] "GET /PmWikiDe/TextFormattingRules HTTP/1.1" 200 21902 "-" "Mozilla/5.0 (compatible; SemrushBot/7~bl; +http://www.semrush.com/bot.html)"
185.191.171.15 - - [22/Mar/2022:23:51:17 +0100] "GET /PmWikiRu/WikiStyles?action=diff HTTP/1.1" 403 18 "-" "Mozilla/5.0 (compatible; SemrushBot/7~bl; +http://www.semrush.com/bot.html)"
