85.25.177.139 - - [30/Aug/2022:15:08:14 +0200] "GET /PodCast/Schlaaffloos1?action=diff&source=n&minor=y HTTP/1.1" 200 19287 "-" "Mozilla/5.0 (Macintosh; Intel Mac OS X 10.15; rv:103.0) Gecko/20100101 Firefox/103.0"
154.54.249.196 - - [30/Aug/2022:15:08:40 +0200] "GET /PmWikiJa/GroupHomePageChange?action=diff HTTP/1.1" 200 9400 "-" "Mozilla/5.0 (compatible; Barkrowler/0.9; +https://babbar.tech/crawler)"
185.191.171.24 - - [30/Aug/2022:15:08:43 +0200] "GET /robots.txt HTTP/1.1" 200 - "-" "Mozilla/5.0 (compatible; SemrushBot/7~bl; +http://www.semrush.com/bot.html)"
185.191.171.43 - - [30/Aug/2022:15:08:44 +0200] "GET /PmWikiFr/GoodStyle?action=upload HTTP/1.1" 403 18 "-" "Mozilla/5.0 (compatible; SemrushBot/7~bl; +http://www.semrush.com/bot.html)"
85.25.177.139 - - [30/Aug/2022:15:08:59 +0200] "GET /Admin/Links?action=print HTTP/1.1" 200 8442 "-" "Mozilla/5.0 (Macintosh; Intel Mac OS X 10.15; rv:103.0) Gecko/20100101 Firefox/103.0"
154.54.249.196 - - [30/Aug/2022:15:09:16 +0200] "GET /PmWikiJa/CompareFormsRecipes?action=edit HTTP/1.1" 200 8809 "-" "Mozilla/5.0 (compatible; Barkrowler/0.9; +https://babbar.tech/crawler)"
154.54.249.196 - - [30/Aug/2022:15:09:58 +0200] "GET /PmWikiJa/CompareFormsRecipes?action=upload HTTP/1.1" 200 8709 "-" "Mozilla/5.0 (compatible; Barkrowler/0.9; +https://babbar.tech/crawler)"
185.191.171.3 - - [30/Aug/2022:15:10:29 +0200] "GET /PmWikiRu/A?action=search&fmt=title&q=link%3DPmWikiRu.Glossary HTTP/1.1" 404 18 "-" "Mozilla/5.0 (compatible; SemrushBot/7~bl; +http://www.semrush.com/bot.html)"
154.54.249.196 - - [30/Aug/2022:15:10:38 +0200] "GET /PmWikiJa/CompareFormsRecipes?action=print HTTP/1.1" 404 2445 "-" "Mozilla/5.0 (compatible; Barkrowler/0.9; +https://babbar.tech/crawler)"
85.25.177.139 - - [30/Aug/2022:15:10:46 +0200] "GET /PodCast/Schlaaffloos1?action=edit&restore=diff:1320340034:1320339947:&preview=y HTTP/1.1" 200 8754 "-" "Mozilla/5.0 (Macintosh; Intel Mac OS X 10.15; rv:103.0) Gecko/20100101 Firefox/103.0"
154.54.249.196 - - [30/Aug/2022:15:11:15 +0200] "GET /PmWikiJa/CompareFormsRecipes?action=diff HTTP/1.1" 200 9398 "-" "Mozilla/5.0 (compatible; Barkrowler/0.9; +https://babbar.tech/crawler)"
194.209.200.2 - - [30/Aug/2022:15:11:31 +0200] "GET /robots.txt HTTP/1.1" 200 - "-" "Mozilla/5.0 (compatible; TMMBot/0.2; +http://www.dslab.ch)/Nutch-1.15"
194.209.200.2 - - [30/Aug/2022:15:11:31 +0200] "GET /Texte/Limericks HTTP/1.1" 200 8087 "-" "Mozilla/5.0 (compatible; TMMBot/0.2; +http://www.dslab.ch)/Nutch-1.15"
194.209.200.2 - - [30/Aug/2022:15:11:36 +0200] "GET /Texte/Schrybwys HTTP/1.1" 200 11028 "-" "Mozilla/5.0 (compatible; TMMBot/0.2; +http://www.dslab.ch)/Nutch-1.15"
154.54.249.196 - - [30/Aug/2022:15:11:45 +0200] "GET /PmWikiJa/CommentPageLink?action=diff HTTP/1.1" 200 9334 "-" "Mozilla/5.0 (compatible; Barkrowler/0.9; +https://babbar.tech/crawler)"
154.54.249.196 - - [30/Aug/2022:15:12:19 +0200] "GET /PmWikiJa/CommentPageLink?action=print HTTP/1.1" 404 2429 "-" "Mozilla/5.0 (compatible; Barkrowler/0.9; +https://babbar.tech/crawler)"
194.209.200.2 - - [30/Aug/2022:15:12:37 +0200] "GET /Texte/ArsAmatoria HTTP/1.1" 200 12369 "-" "Mozilla/5.0 (compatible; TMMBot/0.2; +http://www.dslab.ch)/Nutch-1.15"
154.54.249.196 - - [30/Aug/2022:15:12:51 +0200] "GET /PmWikiJa/CommentPageLink?action=edit HTTP/1.1" 200 8753 "-" "Mozilla/5.0 (compatible; Barkrowler/0.9; +https://babbar.tech/crawler)"
194.209.200.2 - - [30/Aug/2022:15:12:55 +0200] "GET /Texte/GDicht HTTP/1.1" 200 8050 "-" "Mozilla/5.0 (compatible; TMMBot/0.2; +http://www.dslab.ch)/Nutch-1.15"
154.54.249.196 - - [30/Aug/2022:15:13:25 +0200] "GET /PmWikiJa/CommentPageLink?action=upload HTTP/1.1" 200 8653 "-" "Mozilla/5.0 (compatible; Barkrowler/0.9; +https://babbar.tech/crawler)"
85.25.177.139 - - [30/Aug/2022:15:13:29 +0200] "GET /PodCast/Rezmebeforeyou?action=diff HTTP/1.1" 200 13232 "-" "Mozilla/5.0 (Macintosh; Intel Mac OS X 10.15; rv:103.0) Gecko/20100101 Firefox/103.0"
194.209.200.2 - - [30/Aug/2022:15:13:31 +0200] "GET /Texte/Styluebige HTTP/1.1" 200 9998 "-" "Mozilla/5.0 (compatible; TMMBot/0.2; +http://www.dslab.ch)/Nutch-1.15"
154.54.249.196 - - [30/Aug/2022:15:13:58 +0200] "GET /PmWikiJa/CompressedUploads?action=edit HTTP/1.1" 200 8779 "-" "Mozilla/5.0 (compatible; Barkrowler/0.9; +https://babbar.tech/crawler)"
154.54.249.196 - - [30/Aug/2022:15:14:29 +0200] "GET /PmWikiJa/CompressedUploads?action=print HTTP/1.1" 404 2437 "-" "Mozilla/5.0 (compatible; Barkrowler/0.9; +https://babbar.tech/crawler)"
85.25.177.139 - - [30/Aug/2022:15:14:36 +0200] "GET /PodCast/Schlaaffloos1?action=edit&restore=diff:1320339947:1320339448:&preview=y HTTP/1.1" 200 8754 "-" "Mozilla/5.0 (Macintosh; Intel Mac OS X 10.15; rv:103.0) Gecko/20100101 Firefox/103.0"
154.54.249.196 - - [30/Aug/2022:15:15:04 +0200] "GET /PmWikiJa/CompressedPageStore?action=edit HTTP/1.1" 200 8809 "-" "Mozilla/5.0 (compatible; Barkrowler/0.9; +https://babbar.tech/crawler)"
194.209.200.2 - - [30/Aug/2022:15:15:04 +0200] "GET /Texte/Gloosse HTTP/1.1" 200 8061 "-" "Mozilla/5.0 (compatible; TMMBot/0.2; +http://www.dslab.ch)/Nutch-1.15"
85.25.177.139 - - [30/Aug/2022:15:15:09 +0200] "GET /Hilfe/RealOne?action=print HTTP/1.1" 200 4719 "-" "Mozilla/5.0 (Macintosh; Intel Mac OS X 10.15; rv:103.0) Gecko/20100101 Firefox/103.0"
154.54.249.196 - - [30/Aug/2022:15:15:34 +0200] "GET /robots.txt HTTP/1.1" 200 - "-" "Mozilla/5.0 (compatible; Barkrowler/0.9; +https://babbar.tech/crawler)"
154.54.249.196 - - [30/Aug/2022:15:16:10 +0200] "GET /PmWikiJa/CompressedPageStore?action=upload HTTP/1.1" 200 8709 "-" "Mozilla/5.0 (compatible; Barkrowler/0.9; +https://babbar.tech/crawler)"
85.25.177.139 - - [30/Aug/2022:15:16:34 +0200] "GET /PodCast/Schlaaffloos1?action=diff&source=y&minor=n HTTP/1.1" 200 18756 "-" "Mozilla/5.0 (Macintosh; Intel Mac OS X 10.15; rv:103.0) Gecko/20100101 Firefox/103.0"
154.54.249.196 - - [30/Aug/2022:15:16:42 +0200] "GET /PmWikiJa/CompressedPageStore?action=diff HTTP/1.1" 200 9398 "-" "Mozilla/5.0 (compatible; Barkrowler/0.9; +https://babbar.tech/crawler)"
154.54.249.196 - - [30/Aug/2022:15:17:19 +0200] "GET /PmWikiJa/ReverseHeadings?action=edit HTTP/1.1" 200 8751 "-" "Mozilla/5.0 (compatible; Barkrowler/0.9; +https://babbar.tech/crawler)"
154.54.249.196 - - [30/Aug/2022:15:17:52 +0200] "GET /PmWikiJa/ReverseHeadings?action=print HTTP/1.1" 404 2429 "-" "Mozilla/5.0 (compatible; Barkrowler/0.9; +https://babbar.tech/crawler)"
194.209.200.2 - - [30/Aug/2022:15:17:56 +0200] "GET /Hilfe/AnleitungTonbeispiele HTTP/1.1" 200 9878 "-" "Mozilla/5.0 (compatible; TMMBot/0.2; +http://www.dslab.ch)/Nutch-1.15"
154.54.249.196 - - [30/Aug/2022:15:18:33 +0200] "GET /PmWikiJa/ReverseHeadings?action=upload HTTP/1.1" 200 8651 "-" "Mozilla/5.0 (compatible; Barkrowler/0.9; +https://babbar.tech/crawler)"
85.25.177.139 - - [30/Aug/2022:15:18:48 +0200] "GET /PodCast/Erinerig?action=diff&source=n&minor=y HTTP/1.1" 200 12885 "-" "Mozilla/5.0 (Macintosh; Intel Mac OS X 10.15; rv:103.0) Gecko/20100101 Firefox/103.0"
216.244.66.243 - - [30/Aug/2022:15:19:08 +0200] "GET /PodCast/Limerick67 HTTP/1.1" 200 8274 "-" "Mozilla/5.0 (compatible; DotBot/1.2; +https://opensiteexplorer.org/dotbot; help@moz.com)"
154.54.249.196 - - [30/Aug/2022:15:19:10 +0200] "GET /PmWikiJa/RemoveQuestionMark?action=diff HTTP/1.1" 200 9382 "-" "Mozilla/5.0 (compatible; Barkrowler/0.9; +https://babbar.tech/crawler)"
154.54.249.196 - - [30/Aug/2022:15:19:48 +0200] "GET /PmWikiJa/RemoveQuestionMark?action=upload HTTP/1.1" 200 8695 "-" "Mozilla/5.0 (compatible; Barkrowler/0.9; +https://babbar.tech/crawler)"
154.54.249.196 - - [30/Aug/2022:15:20:18 +0200] "GET /PmWikiJa/RemoveQuestionMark?action=print HTTP/1.1" 404 2441 "-" "Mozilla/5.0 (compatible; Barkrowler/0.9; +https://babbar.tech/crawler)"
85.25.177.139 - - [30/Aug/2022:15:20:37 +0200] "GET /PodCast/Erinerig?action=diff&source=y&minor=n HTTP/1.1" 200 12237 "-" "Mozilla/5.0 (Macintosh; Intel Mac OS X 10.15; rv:103.0) Gecko/20100101 Firefox/103.0"
154.54.249.196 - - [30/Aug/2022:15:20:58 +0200] "GET /PmWikiJa/RemovingHTMLStyles?action=edit HTTP/1.1" 200 8795 "-" "Mozilla/5.0 (compatible; Barkrowler/0.9; +https://babbar.tech/crawler)"
85.25.177.139 - - [30/Aug/2022:15:21:19 +0200] "GET /Hilfe/RealOne?action=upload HTTP/1.1" 200 8495 "-" "Mozilla/5.0 (Macintosh; Intel Mac OS X 10.15; rv:103.0) Gecko/20100101 Firefox/103.0"
154.54.249.196 - - [30/Aug/2022:15:21:32 +0200] "GET /PmWikiJa/RemovingLeftContent?action=upload HTTP/1.1" 200 8709 "-" "Mozilla/5.0 (compatible; Barkrowler/0.9; +https://babbar.tech/crawler)"
185.191.171.37 - - [30/Aug/2022:15:21:53 +0200] "GET /PmWikiPtBr/WikiSandbox?action=upload HTTP/1.1" 403 18 "-" "Mozilla/5.0 (compatible; SemrushBot/7~bl; +http://www.semrush.com/bot.html)"
154.54.249.196 - - [30/Aug/2022:15:22:10 +0200] "GET /PmWikiJa/RemovingLeftContent?action=print HTTP/1.1" 404 2445 "-" "Mozilla/5.0 (compatible; Barkrowler/0.9; +https://babbar.tech/crawler)"
85.25.177.139 - - [30/Aug/2022:15:22:27 +0200] "GET /PodCast/Erinerig?action=edit&restore=diff:1238354026:1238353870:&preview=y HTTP/1.1" 200 8682 "-" "Mozilla/5.0 (Macintosh; Intel Mac OS X 10.15; rv:103.0) Gecko/20100101 Firefox/103.0"
154.54.249.196 - - [30/Aug/2022:15:22:40 +0200] "GET /PmWikiJa/RegularExpressions?action=diff HTTP/1.1" 200 9380 "-" "Mozilla/5.0 (compatible; Barkrowler/0.9; +https://babbar.tech/crawler)"
154.54.249.196 - - [30/Aug/2022:15:23:13 +0200] "GET /PmWikiJa/RegularExpressions?action=edit HTTP/1.1" 200 8793 "-" "Mozilla/5.0 (compatible; Barkrowler/0.9; +https://babbar.tech/crawler)"
85.25.177.139 - - [30/Aug/2022:15:23:16 +0200] "GET /Site/Bebi?action=edit&restore=diff:1203283306:1203283306:&preview=y HTTP/1.1" 200 8583 "-" "Mozilla/5.0 (Macintosh; Intel Mac OS X 10.15; rv:103.0) Gecko/20100101 Firefox/103.0"
154.54.249.196 - - [30/Aug/2022:15:23:44 +0200] "GET /PmWikiJa/RegularExpressions?action=upload HTTP/1.1" 200 8693 "-" "Mozilla/5.0 (compatible; Barkrowler/0.9; +https://babbar.tech/crawler)"
154.54.249.196 - - [30/Aug/2022:15:24:13 +0200] "GET /PmWikiJa/MarkForDelete?action=upload HTTP/1.1" 200 8625 "-" "Mozilla/5.0 (compatible; Barkrowler/0.9; +https://babbar.tech/crawler)"
154.54.249.196 - - [30/Aug/2022:15:24:43 +0200] "GET /PmWikiJa/MarkForDelete?action=print HTTP/1.1" 404 2421 "-" "Mozilla/5.0 (compatible; Barkrowler/0.9; +https://babbar.tech/crawler)"
85.25.177.139 - - [30/Aug/2022:15:24:44 +0200] "GET /Site/Bebi?action=edit&restore=diff:1216923590:1215284371:&preview=y HTTP/1.1" 200 8583 "-" "Mozilla/5.0 (Macintosh; Intel Mac OS X 10.15; rv:103.0) Gecko/20100101 Firefox/103.0"
154.54.249.196 - - [30/Aug/2022:15:25:13 +0200] "GET /robots.txt HTTP/1.1" 200 - "-" "Mozilla/5.0 (compatible; Barkrowler/0.9; +https://babbar.tech/crawler)"
154.54.249.196 - - [30/Aug/2022:15:25:48 +0200] "GET /PmWikiJa/MarkForDelete?action=edit HTTP/1.1" 200 8725 "-" "Mozilla/5.0 (compatible; Barkrowler/0.9; +https://babbar.tech/crawler)"
85.25.177.139 - - [30/Aug/2022:15:26:13 +0200] "GET /Site/Bebi?action=edit&restore=diff:1215284371:1212605162:&preview=y HTTP/1.1" 200 8583 "-" "Mozilla/5.0 (Macintosh; Intel Mac OS X 10.15; rv:103.0) Gecko/20100101 Firefox/103.0"
154.54.249.196 - - [30/Aug/2022:15:26:23 +0200] "GET /PmWikiJa/MarkForDelete?action=diff HTTP/1.1" 200 9302 "-" "Mozilla/5.0 (compatible; Barkrowler/0.9; +https://babbar.tech/crawler)"
154.54.249.196 - - [30/Aug/2022:15:26:56 +0200] "GET /PmWikiJa/MarkupExtensions?action=edit HTTP/1.1" 200 8765 "-" "Mozilla/5.0 (compatible; Barkrowler/0.9; +https://babbar.tech/crawler)"
154.54.249.196 - - [30/Aug/2022:15:27:27 +0200] "GET /PmWikiJa/MarkupExtensions?action=diff HTTP/1.1" 200 9348 "-" "Mozilla/5.0 (compatible; Barkrowler/0.9; +https://babbar.tech/crawler)"
45.72.48.130 - - [30/Aug/2022:15:27:41 +0200] "GET / HTTP/1.1" 200 15085 "https://webtechsurvey.com/website/pro-zurituutsch.ch" "Mozilla/5.0 (Windows NT 10.0; Win64; x64) AppleWebKit/537.36 (KHTML, like Gecko) Chrome/88.0.4324.190 Safari/537.36"
154.54.249.196 - - [30/Aug/2022:15:28:04 +0200] "GET /PmWikiJa/MarkupExtensions?action=upload HTTP/1.1" 200 8665 "-" "Mozilla/5.0 (compatible; Barkrowler/0.9; +https://babbar.tech/crawler)"
85.25.177.139 - - [30/Aug/2022:15:28:15 +0200] "GET /Site/Bebi?action=edit&restore=diff:1207335428:1204311797:&preview=y HTTP/1.1" 200 8583 "-" "Mozilla/5.0 (Macintosh; Intel Mac OS X 10.15; rv:103.0) Gecko/20100101 Firefox/103.0"
154.54.249.196 - - [30/Aug/2022:15:28:35 +0200] "GET /PmWikiJa/MarkupExtensions?action=print HTTP/1.1" 404 2433 "-" "Mozilla/5.0 (compatible; Barkrowler/0.9; +https://babbar.tech/crawler)"
154.54.249.196 - - [30/Aug/2022:15:29:08 +0200] "GET /PmWikiJa/PageListWikiTrail?action=print HTTP/1.1" 404 2437 "-" "Mozilla/5.0 (compatible; Barkrowler/0.9; +https://babbar.tech/crawler)"
154.54.249.196 - - [30/Aug/2022:15:29:37 +0200] "GET /PmWikiJa/PageListWikiTrail?action=edit HTTP/1.1" 200 8783 "-" "Mozilla/5.0 (compatible; Barkrowler/0.9; +https://babbar.tech/crawler)"
154.54.249.196 - - [30/Aug/2022:15:30:09 +0200] "GET /PmWikiJa/PageListWikiTrail?action=upload HTTP/1.1" 200 8683 "-" "Mozilla/5.0 (compatible; Barkrowler/0.9; +https://babbar.tech/crawler)"
85.25.177.139 - - [30/Aug/2022:15:30:15 +0200] "GET /Site/Bebi?action=diff&source=n&minor=y HTTP/1.1" 200 19900 "-" "Mozilla/5.0 (Macintosh; Intel Mac OS X 10.15; rv:103.0) Gecko/20100101 Firefox/103.0"
154.54.249.196 - - [30/Aug/2022:15:30:44 +0200] "GET /PmWikiJa/PageGenerationTime?action=diff HTTP/1.1" 200 9382 "-" "Mozilla/5.0 (compatible; Barkrowler/0.9; +https://babbar.tech/crawler)"
54.161.41.102 - - [30/Aug/2022:15:31:04 +0200] "GET /robots.txt HTTP/1.1" 200 - "-" "Mozilla/5.0 (compatible; Neevabot/1.0; +https://neeva.com/neevabot)"
54.161.41.102 - - [30/Aug/2022:15:31:10 +0200] "GET /robots.txt HTTP/1.1" 200 - "-" "Mozilla/5.0 (compatible; Neevabot/1.0; +https://neeva.com/neevabot)"
154.54.249.196 - - [30/Aug/2022:15:31:20 +0200] "GET /PmWikiJa/PageGenerationTime?action=upload HTTP/1.1" 200 8695 "-" "Mozilla/5.0 (compatible; Barkrowler/0.9; +https://babbar.tech/crawler)"
54.161.41.102 - - [30/Aug/2022:15:31:21 +0200] "GET /Site/PodCast HTTP/1.1" 200 40934 "-" "Mozilla/5.0 (compatible; Neevabot/1.0; +https://neeva.com/neevabot)"
54.161.41.102 - - [30/Aug/2022:15:31:26 +0200] "GET /PodCast/Maitli HTTP/1.1" 200 9744 "-" "Mozilla/5.0 (compatible; Neevabot/1.0; +https://neeva.com/neevabot)"
154.54.249.196 - - [30/Aug/2022:15:31:52 +0200] "GET /PmWikiJa/IncludeWithEdit?action=edit HTTP/1.1" 200 8753 "-" "Mozilla/5.0 (compatible; Barkrowler/0.9; +https://babbar.tech/crawler)"
185.191.171.16 - - [30/Aug/2022:15:32:09 +0200] "GET /PmWikiPtBr/WikiWikiWeb?action=diff HTTP/1.1" 403 18 "-" "Mozilla/5.0 (compatible; SemrushBot/7~bl; +http://www.semrush.com/bot.html)"
154.54.249.196 - - [30/Aug/2022:15:32:25 +0200] "GET /PmWikiJa/IncludeWithEdit?action=upload HTTP/1.1" 200 8653 "-" "Mozilla/5.0 (compatible; Barkrowler/0.9; +https://babbar.tech/crawler)"
85.25.177.139 - - [30/Aug/2022:15:32:30 +0200] "GET /Site/Bebi?action=diff&source=y&minor=n HTTP/1.1" 200 19370 "-" "Mozilla/5.0 (Macintosh; Intel Mac OS X 10.15; rv:103.0) Gecko/20100101 Firefox/103.0"
154.54.249.196 - - [30/Aug/2022:15:32:56 +0200] "GET /PmWikiJa/IncludeWithEdit?action=diff HTTP/1.1" 200 9334 "-" "Mozilla/5.0 (compatible; Barkrowler/0.9; +https://babbar.tech/crawler)"
154.54.249.196 - - [30/Aug/2022:15:33:27 +0200] "GET /PmWikiJa/IncludeWithEdit?action=print HTTP/1.1" 404 2429 "-" "Mozilla/5.0 (compatible; Barkrowler/0.9; +https://babbar.tech/crawler)"
154.54.249.196 - - [30/Aug/2022:15:34:04 +0200] "GET /PmWikiJa/SimpleImageFloat?action=print HTTP/1.1" 404 2433 "-" "Mozilla/5.0 (compatible; Barkrowler/0.9; +https://babbar.tech/crawler)"
85.25.177.139 - - [30/Aug/2022:15:34:05 +0200] "GET /Site/Bebi?action=edit HTTP/1.1" 200 8537 "-" "Mozilla/5.0 (Macintosh; Intel Mac OS X 10.15; rv:103.0) Gecko/20100101 Firefox/103.0"
154.54.249.196 - - [30/Aug/2022:15:34:34 +0200] "GET /robots.txt HTTP/1.1" 200 - "-" "Mozilla/5.0 (compatible; Barkrowler/0.9; +https://babbar.tech/crawler)"
154.54.249.196 - - [30/Aug/2022:15:35:05 +0200] "GET /PmWikiJa/SimpleImageFloat?action=edit HTTP/1.1" 200 8767 "-" "Mozilla/5.0 (compatible; Barkrowler/0.9; +https://babbar.tech/crawler)"
85.25.177.139 - - [30/Aug/2022:15:35:30 +0200] "GET /Site HTTP/1.1" 302 161 "-" "Mozilla/5.0 (Macintosh; Intel Mac OS X 10.15; rv:103.0) Gecko/20100101 Firefox/103.0"
154.54.249.196 - - [30/Aug/2022:15:35:38 +0200] "GET /PmWikiJa/GoogleSitemaps?action=diff HTTP/1.1" 200 9316 "-" "Mozilla/5.0 (compatible; Barkrowler/0.9; +https://babbar.tech/crawler)"
154.54.249.196 - - [30/Aug/2022:15:36:13 +0200] "GET /PmWikiJa/OtherBookmarklets?action=print HTTP/1.1" 404 2437 "-" "Mozilla/5.0 (compatible; Barkrowler/0.9; +https://babbar.tech/crawler)"
154.54.249.196 - - [30/Aug/2022:15:36:46 +0200] "GET /PmWikiJa/OtherBookmarklets?action=edit HTTP/1.1" 200 8779 "-" "Mozilla/5.0 (compatible; Barkrowler/0.9; +https://babbar.tech/crawler)"
85.25.177.139 - - [30/Aug/2022:15:36:55 +0200] "GET /Site/192HouhsRech1509?action=edit&restore=diff:1276877723:1273939957:&preview=y HTTP/1.1" 200 8757 "-" "Mozilla/5.0 (Macintosh; Intel Mac OS X 10.15; rv:103.0) Gecko/20100101 Firefox/103.0"
154.54.249.196 - - [30/Aug/2022:15:37:29 +0200] "GET /PmWikiJa/CleanUrls?action=diff HTTP/1.1" 200 9236 "-" "Mozilla/5.0 (compatible; Barkrowler/0.9; +https://babbar.tech/crawler)"
154.54.249.196 - - [30/Aug/2022:15:38:02 +0200] "GET /PmWikiJa/RssImproved?action=edit HTTP/1.1" 200 8695 "-" "Mozilla/5.0 (compatible; Barkrowler/0.9; +https://babbar.tech/crawler)"
154.54.249.196 - - [30/Aug/2022:15:38:34 +0200] "GET /PmWikiJa/RssImproved?action=upload HTTP/1.1" 200 8595 "-" "Mozilla/5.0 (compatible; Barkrowler/0.9; +https://babbar.tech/crawler)"
85.25.177.139 - - [30/Aug/2022:15:38:49 +0200] "GET /Site/192HouhsRech1509?action=diff&source=n&minor=y HTTP/1.1" 200 25311 "-" "Mozilla/5.0 (Macintosh; Intel Mac OS X 10.15; rv:103.0) Gecko/20100101 Firefox/103.0"
154.54.249.196 - - [30/Aug/2022:15:39:04 +0200] "GET /PmWikiJa/RssImproved?action=print HTTP/1.1" 404 2413 "-" "Mozilla/5.0 (compatible; Barkrowler/0.9; +https://babbar.tech/crawler)"
154.54.249.196 - - [30/Aug/2022:15:39:53 +0200] "GET /PmWikiJa/RssImproved?action=diff HTTP/1.1" 200 9268 "-" "Mozilla/5.0 (compatible; Barkrowler/0.9; +https://babbar.tech/crawler)"
85.25.177.139 - - [30/Aug/2022:15:39:58 +0200] "GET /Hilfe/RealOne?action=diff HTTP/1.1" 200 16372 "-" "Mozilla/5.0 (Macintosh; Intel Mac OS X 10.15; rv:103.0) Gecko/20100101 Firefox/103.0"
185.191.171.8 - - [30/Aug/2022:15:39:59 +0200] "GET /PmWikiRu/A?action=search&fmt=title&q=link%3DPmWikiRu.MarkupMasterIndex HTTP/1.1" 404 18 "-" "Mozilla/5.0 (compatible; SemrushBot/7~bl; +http://www.semrush.com/bot.html)"
154.54.249.196 - - [30/Aug/2022:15:40:21 +0200] "GET /PmWikiJa/BibtexRef?action=print HTTP/1.1" 404 2405 "-" "Mozilla/5.0 (compatible; Barkrowler/0.9; +https://babbar.tech/crawler)"
85.25.177.139 - - [30/Aug/2022:15:40:34 +0200] "GET /Texte/Rezension?action=edit&restore=diff:1591952779:1230138295:&preview=y HTTP/1.1" 200 8667 "-" "Mozilla/5.0 (Macintosh; Intel Mac OS X 10.15; rv:103.0) Gecko/20100101 Firefox/103.0"
118.69.35.198 - - [30/Aug/2022:15:40:39 +0200] "HEAD / HTTP/1.1" 200 - "https://www.bing.com" "Mozilla/5.0 (Windows NT 6.1; WOW64) AppleWebKit/537.36 (KHTML, like Gecko) Chrome/29.0.1547.62 Safari/537.36"
118.69.35.198 - - [30/Aug/2022:15:40:40 +0200] "GET /wp-login.php HTTP/1.1" 404 278 "http://pro-zurituutsch.ch" "Mozilla/5.0 (Windows NT 6.1; WOW64) AppleWebKit/537.36 (KHTML, like Gecko) Chrome/29.0.1547.62 Safari/537.36"
118.69.35.198 - - [30/Aug/2022:15:40:42 +0200] "GET /wordpress/wp-login.php HTTP/1.1" 404 288 "http://pro-zurituutsch.ch" "Mozilla/5.0 (Windows NT 6.1; WOW64) AppleWebKit/537.36 (KHTML, like Gecko) Chrome/29.0.1547.62 Safari/537.36"
118.69.35.198 - - [30/Aug/2022:15:40:42 +0200] "GET /blog/wp-login.php HTTP/1.1" 404 283 "http://pro-zurituutsch.ch" "Mozilla/5.0 (Windows NT 6.1; WOW64) AppleWebKit/537.36 (KHTML, like Gecko) Chrome/29.0.1547.62 Safari/537.36"
118.69.35.198 - - [30/Aug/2022:15:40:43 +0200] "GET /wp/wp-login.php HTTP/1.1" 404 281 "http://pro-zurituutsch.ch" "Mozilla/5.0 (Windows NT 6.1; WOW64) AppleWebKit/537.36 (KHTML, like Gecko) Chrome/29.0.1547.62 Safari/537.36"
154.54.249.196 - - [30/Aug/2022:15:40:59 +0200] "GET /PmWikiJa/AttachLinks?action=diff HTTP/1.1" 200 9268 "-" "Mozilla/5.0 (compatible; Barkrowler/0.9; +https://babbar.tech/crawler)"
154.54.249.196 - - [30/Aug/2022:15:41:30 +0200] "GET /PmWikiJa/AttachLinks?action=edit HTTP/1.1" 200 8695 "-" "Mozilla/5.0 (compatible; Barkrowler/0.9; +https://babbar.tech/crawler)"
85.25.177.139 - - [30/Aug/2022:15:41:55 +0200] "GET /Texte/Styluebige?action=edit&restore=diff:1163118914:1163118852:&preview=y HTTP/1.1" 200 8681 "-" "Mozilla/5.0 (Macintosh; Intel Mac OS X 10.15; rv:103.0) Gecko/20100101 Firefox/103.0"
154.54.249.196 - - [30/Aug/2022:15:42:18 +0200] "GET /PmWikiJa/PmWiki2PDF?action=edit HTTP/1.1" 200 8685 "-" "Mozilla/5.0 (compatible; Barkrowler/0.9; +https://babbar.tech/crawler)"
154.54.249.196 - - [30/Aug/2022:15:42:45 +0200] "GET /PmWikiJa/PmWikiJa?action=diff HTTP/1.1" 200 9222 "-" "Mozilla/5.0 (compatible; Barkrowler/0.9; +https://babbar.tech/crawler)"
85.25.177.139 - - [30/Aug/2022:15:43:14 +0200] "GET /Texte/Styluebige?action=edit&restore=diff:1179764522:1178907591:&preview=y HTTP/1.1" 200 8681 "-" "Mozilla/5.0 (Macintosh; Intel Mac OS X 10.15; rv:103.0) Gecko/20100101 Firefox/103.0"
154.54.249.196 - - [30/Aug/2022:15:43:26 +0200] "GET /PmWikiJa/PmWikiJa?action=upload HTTP/1.1" 200 8555 "-" "Mozilla/5.0 (compatible; Barkrowler/0.9; +https://babbar.tech/crawler)"
185.191.171.25 - - [30/Aug/2022:15:43:44 +0200] "GET /PmWikiJa/ListOfBundles?action=edit HTTP/1.1" 404 18 "-" "Mozilla/5.0 (compatible; SemrushBot/7~bl; +http://www.semrush.com/bot.html)"
154.54.249.196 - - [30/Aug/2022:15:44:00 +0200] "GET /PmWikiJa/PmWikiJa?action=print HTTP/1.1" 200 7377 "-" "Mozilla/5.0 (compatible; Barkrowler/0.9; +https://babbar.tech/crawler)"
185.191.171.6 - - [30/Aug/2022:15:44:03 +0200] "GET /PmWikiFr/Requirements?action=diff HTTP/1.1" 403 18 "-" "Mozilla/5.0 (compatible; SemrushBot/7~bl; +http://www.semrush.com/bot.html)"
185.191.171.14 - - [30/Aug/2022:15:44:24 +0200] "GET /PmWiki/CustomInterMap HTTP/1.1" 302 194 "-" "Mozilla/5.0 (compatible; SemrushBot/7~bl; +http://www.semrush.com/bot.html)"
185.191.171.24 - - [30/Aug/2022:15:44:26 +0200] "GET /PmWiki/InterMap?from=PmWiki.CustomInterMap HTTP/1.1" 200 19578 "-" "Mozilla/5.0 (compatible; SemrushBot/7~bl; +http://www.semrush.com/bot.html)"
154.54.249.196 - - [30/Aug/2022:15:44:50 +0200] "GET /robots.txt HTTP/1.1" 200 - "-" "Mozilla/5.0 (compatible; Barkrowler/0.9; +https://babbar.tech/crawler)"
85.25.177.139 - - [30/Aug/2022:15:45:09 +0200] "GET /Texte/Styluebige?action=edit&restore=diff:1178723817:1178723668:&preview=y HTTP/1.1" 200 8681 "-" "Mozilla/5.0 (Macintosh; Intel Mac OS X 10.15; rv:103.0) Gecko/20100101 Firefox/103.0"
194.209.200.2 - - [30/Aug/2022:15:45:10 +0200] "GET /robots.txt HTTP/1.1" 200 - "-" "Mozilla/5.0 (compatible; TMMBot/0.2; +http://www.dslab.ch)/Nutch-1.15"
194.209.200.2 - - [30/Aug/2022:15:45:10 +0200] "GET /Texte/Rezension HTTP/1.1" 200 11812 "-" "Mozilla/5.0 (compatible; TMMBot/0.2; +http://www.dslab.ch)/Nutch-1.15"
154.54.249.196 - - [30/Aug/2022:15:45:16 +0200] "GET /PmWikiJa/RyeVoting?action=diff HTTP/1.1" 200 9236 "-" "Mozilla/5.0 (compatible; Barkrowler/0.9; +https://babbar.tech/crawler)"
154.54.249.196 - - [30/Aug/2022:15:45:54 +0200] "GET /PmWikiJa/FixShortSessions?action=edit HTTP/1.1" 200 8767 "-" "Mozilla/5.0 (compatible; Barkrowler/0.9; +https://babbar.tech/crawler)"
154.54.249.196 - - [30/Aug/2022:15:46:22 +0200] "GET /PmWikiJa/TinyWebGallery?action=edit HTTP/1.1" 200 8739 "-" "Mozilla/5.0 (compatible; Barkrowler/0.9; +https://babbar.tech/crawler)"
85.25.177.139 - - [30/Aug/2022:15:46:24 +0200] "GET /Texte/Styluebige?action=edit&restore=diff:1163038026:1163037997:&preview=y HTTP/1.1" 200 8681 "-" "Mozilla/5.0 (Macintosh; Intel Mac OS X 10.15; rv:103.0) Gecko/20100101 Firefox/103.0"
154.54.249.196 - - [30/Aug/2022:15:46:56 +0200] "GET /PmWikiJa/TinyWebGallery?action=upload HTTP/1.1" 200 8639 "-" "Mozilla/5.0 (compatible; Barkrowler/0.9; +https://babbar.tech/crawler)"
154.54.249.196 - - [30/Aug/2022:15:47:30 +0200] "GET /PmWikiJa/TinyWebGallery?action=diff HTTP/1.1" 200 9318 "-" "Mozilla/5.0 (compatible; Barkrowler/0.9; +https://babbar.tech/crawler)"
154.54.249.196 - - [30/Aug/2022:15:48:08 +0200] "GET /PmWikiJa/PHPFilesManagement?action=edit HTTP/1.1" 200 8795 "-" "Mozilla/5.0 (compatible; Barkrowler/0.9; +https://babbar.tech/crawler)"
85.25.177.139 - - [30/Aug/2022:15:48:27 +0200] "GET /Texte/Rezension?action=diff&source=y&minor=y HTTP/1.1" 200 19660 "-" "Mozilla/5.0 (Macintosh; Intel Mac OS X 10.15; rv:103.0) Gecko/20100101 Firefox/103.0"
154.54.249.196 - - [30/Aug/2022:15:48:36 +0200] "GET /PmWikiJa/ASCIIMath?action=upload HTTP/1.1" 200 8567 "-" "Mozilla/5.0 (compatible; Barkrowler/0.9; +https://babbar.tech/crawler)"
194.209.200.2 - - [30/Aug/2022:15:48:51 +0200] "GET /Texte/Limericks HTTP/1.1" 200 8087 "-" "Mozilla/5.0 (compatible; TMMBot/0.2; +http://www.dslab.ch)/Nutch-1.15"
194.209.200.2 - - [30/Aug/2022:15:48:58 +0200] "GET /Texte/Schrybwys HTTP/1.1" 200 11028 "-" "Mozilla/5.0 (compatible; TMMBot/0.2; +http://www.dslab.ch)/Nutch-1.15"
154.54.249.196 - - [30/Aug/2022:15:49:04 +0200] "GET /PmWikiJa/ASCIIMath?action=print HTTP/1.1" 404 2405 "-" "Mozilla/5.0 (compatible; Barkrowler/0.9; +https://babbar.tech/crawler)"
85.25.177.139 - - [30/Aug/2022:15:49:37 +0200] "GET /Texte/Styluebige?action=diff&source=y&minor=n HTTP/1.1" 200 34046 "-" "Mozilla/5.0 (Macintosh; Intel Mac OS X 10.15; rv:103.0) Gecko/20100101 Firefox/103.0"
154.54.249.196 - - [30/Aug/2022:15:49:40 +0200] "GET /PmWikiJa/ASCIIMath?action=edit HTTP/1.1" 200 8667 "-" "Mozilla/5.0 (compatible; Barkrowler/0.9; +https://babbar.tech/crawler)"
194.209.200.2 - - [30/Aug/2022:15:50:04 +0200] "GET /Texte/ArsAmatoria HTTP/1.1" 200 12369 "-" "Mozilla/5.0 (compatible; TMMBot/0.2; +http://www.dslab.ch)/Nutch-1.15"
154.54.249.196 - - [30/Aug/2022:15:50:13 +0200] "GET /PmWikiJa/NumberedHeaders?action=edit HTTP/1.1" 200 8751 "-" "Mozilla/5.0 (compatible; Barkrowler/0.9; +https://babbar.tech/crawler)"
194.209.200.2 - - [30/Aug/2022:15:50:23 +0200] "GET /Texte/GDicht HTTP/1.1" 200 8050 "-" "Mozilla/5.0 (compatible; TMMBot/0.2; +http://www.dslab.ch)/Nutch-1.15"
154.54.249.196 - - [30/Aug/2022:15:50:49 +0200] "GET /PmWikiJa/NumberedHeaders?action=upload HTTP/1.1" 200 8651 "-" "Mozilla/5.0 (compatible; Barkrowler/0.9; +https://babbar.tech/crawler)"
85.25.177.139 - - [30/Aug/2022:15:51:03 +0200] "GET /Admin/ZurStiftung?action=edit&restore=diff:1163053382:1163035960:&preview=y HTTP/1.1" 200 8697 "-" "Mozilla/5.0 (Macintosh; Intel Mac OS X 10.15; rv:103.0) Gecko/20100101 Firefox/103.0"
194.209.200.2 - - [30/Aug/2022:15:51:12 +0200] "GET /Texte/Styluebige HTTP/1.1" 200 9998 "-" "Mozilla/5.0 (compatible; TMMBot/0.2; +http://www.dslab.ch)/Nutch-1.15"
154.54.249.196 - - [30/Aug/2022:15:51:17 +0200] "GET /PmWikiJa/SubpageMarkup?action=edit HTTP/1.1" 200 8723 "-" "Mozilla/5.0 (compatible; Barkrowler/0.9; +https://babbar.tech/crawler)"
154.54.249.196 - - [30/Aug/2022:15:51:50 +0200] "GET /PmWikiJa/RotateMarkup?action=edit HTTP/1.1" 200 8709 "-" "Mozilla/5.0 (compatible; Barkrowler/0.9; +https://babbar.tech/crawler)"
154.54.249.196 - - [30/Aug/2022:15:52:18 +0200] "GET /PmWikiJa/OutputCompression?action=edit HTTP/1.1" 200 8779 "-" "Mozilla/5.0 (compatible; Barkrowler/0.9; +https://babbar.tech/crawler)"
85.25.177.139 - - [30/Aug/2022:15:52:32 +0200] "GET /Texte/Styluebige?action=edit&restore=diff:1163038156:1163038073:&preview=y HTTP/1.1" 200 8681 "-" "Mozilla/5.0 (Macintosh; Intel Mac OS X 10.15; rv:103.0) Gecko/20100101 Firefox/103.0"
154.54.249.196 - - [30/Aug/2022:15:52:52 +0200] "GET /PmWikiJa/PostItNotes?action=edit HTTP/1.1" 200 8697 "-" "Mozilla/5.0 (compatible; Barkrowler/0.9; +https://babbar.tech/crawler)"
216.244.66.243 - - [30/Aug/2022:15:52:56 +0200] "GET /robots.txt HTTP/1.1" 200 - "-" "Mozilla/5.0 (compatible; DotBot/1.2; +https://opensiteexplorer.org/dotbot; help@moz.com)"
194.209.200.2 - - [30/Aug/2022:15:52:56 +0200] "GET /Texte/Gloosse HTTP/1.1" 200 8061 "-" "Mozilla/5.0 (compatible; TMMBot/0.2; +http://www.dslab.ch)/Nutch-1.15"
154.54.249.196 - - [30/Aug/2022:15:53:19 +0200] "GET /PmWikiJa/LineBreaks?action=diff HTTP/1.1" 200 9252 "-" "Mozilla/5.0 (compatible; Barkrowler/0.9; +https://babbar.tech/crawler)"
154.54.249.196 - - [30/Aug/2022:15:53:50 +0200] "GET /robots.txt HTTP/1.1" 200 - "-" "Mozilla/5.0 (compatible; Barkrowler/0.9; +https://babbar.tech/crawler)"
85.25.177.139 - - [30/Aug/2022:15:54:17 +0200] "GET /Admin/ZurStiftung?action=edit&restore=diff:1591952964:1163056565:&preview=y HTTP/1.1" 200 8697 "-" "Mozilla/5.0 (Macintosh; Intel Mac OS X 10.15; rv:103.0) Gecko/20100101 Firefox/103.0"
154.54.249.196 - - [30/Aug/2022:15:54:24 +0200] "GET /PmWikiJa/WikiMarkupConversion HTTP/1.1" 404 8387 "-" "Mozilla/5.0 (compatible; Barkrowler/0.9; +https://babbar.tech/crawler)"
85.25.177.139 - - [30/Aug/2022:15:54:54 +0200] "GET /Texte/Styluebige?action=edit&restore=diff:1177685651:1163119022:&preview=y HTTP/1.1" 200 8681 "-" "Mozilla/5.0 (Macintosh; Intel Mac OS X 10.15; rv:103.0) Gecko/20100101 Firefox/103.0"
154.54.249.196 - - [30/Aug/2022:15:54:55 +0200] "GET /PmWikiJa/WikiCVSStorage?action=edit HTTP/1.1" 200 8739 "-" "Mozilla/5.0 (compatible; Barkrowler/0.9; +https://babbar.tech/crawler)"
85.25.177.139 - - [30/Aug/2022:15:55:30 +0200] "GET /Admin/ZurStiftung?action=edit&restore=diff:1163056565:1163053466:&preview=y HTTP/1.1" 200 8697 "-" "Mozilla/5.0 (Macintosh; Intel Mac OS X 10.15; rv:103.0) Gecko/20100101 Firefox/103.0"
154.54.249.196 - - [30/Aug/2022:15:55:31 +0200] "GET /PmWikiDe/UploadQuickReference?action=print HTTP/1.1" 200 3985 "-" "Mozilla/5.0 (compatible; Barkrowler/0.9; +https://babbar.tech/crawler)"
154.54.249.196 - - [30/Aug/2022:15:56:01 +0200] "GET /PmWikiDe/EditQuickReference?action=print HTTP/1.1" 200 5835 "-" "Mozilla/5.0 (compatible; Barkrowler/0.9; +https://babbar.tech/crawler)"
194.209.200.2 - - [30/Aug/2022:15:56:32 +0200] "GET /Hilfe/AnleitungTonbeispiele HTTP/1.1" 200 9878 "-" "Mozilla/5.0 (compatible; TMMBot/0.2; +http://www.dslab.ch)/Nutch-1.15"
66.249.76.237 - - [30/Aug/2022:15:56:32 +0200] "GET /PodCast/IndexPage?action=rss HTTP/1.1" 200 6298 "-" "Mozilla/5.0 (compatible; Googlebot/2.1; +http://www.google.com/bot.html)"
154.54.249.196 - - [30/Aug/2022:15:56:37 +0200] "GET /PmWikiDe/AvailableActions?action=diff HTTP/1.1" 200 7807 "-" "Mozilla/5.0 (compatible; Barkrowler/0.9; +https://babbar.tech/crawler)"
85.25.177.139 - - [30/Aug/2022:15:56:56 +0200] "GET /Texte/Styluebige?action=edit&restore=diff:1163118852:1163061313:&preview=y HTTP/1.1" 200 8681 "-" "Mozilla/5.0 (Macintosh; Intel Mac OS X 10.15; rv:103.0) Gecko/20100101 Firefox/103.0"
154.54.249.196 - - [30/Aug/2022:15:57:11 +0200] "GET /PmWikiDe/FlatFileAdvantages?action=edit HTTP/1.1" 200 7250 "-" "Mozilla/5.0 (compatible; Barkrowler/0.9; +https://babbar.tech/crawler)"
185.191.171.26 - - [30/Aug/2022:15:57:25 +0200] "GET /PmWikiDe/Images?action=print HTTP/1.1" 403 18 "-" "Mozilla/5.0 (compatible; SemrushBot/7~bl; +http://www.semrush.com/bot.html)"
85.25.177.139 - - [30/Aug/2022:15:57:34 +0200] "GET /Admin/ZurStiftung?action=edit&restore=diff:1163035946:1163035946:&preview=y HTTP/1.1" 200 8697 "-" "Mozilla/5.0 (Macintosh; Intel Mac OS X 10.15; rv:103.0) Gecko/20100101 Firefox/103.0"
154.54.249.196 - - [30/Aug/2022:15:57:45 +0200] "GET /PmWikiDe/CustomMarkup?action=ruleset HTTP/1.1" 200 5824 "-" "Mozilla/5.0 (compatible; Barkrowler/0.9; +https://babbar.tech/crawler)"
85.25.177.139 - - [30/Aug/2022:15:58:05 +0200] "GET /Hilfe/Winamp?action=upload HTTP/1.1" 200 8479 "-" "Mozilla/5.0 (Macintosh; Intel Mac OS X 10.15; rv:103.0) Gecko/20100101 Firefox/103.0"
154.54.249.196 - - [30/Aug/2022:15:58:16 +0200] "GET /PmWikiDe/WikiWordWikiWord?action=edit HTTP/1.1" 200 7224 "-" "Mozilla/5.0 (compatible; Barkrowler/0.9; +https://babbar.tech/crawler)"
157.55.39.98 - - [30/Aug/2022:15:58:25 +0200] "GET /Site/Search?pagename=Site%2FSearch&q=2022 HTTP/1.1" 200 11056 "-" "Mozilla/5.0 (compatible; bingbot/2.0; +http://www.bing.com/bingbot.htm)"
154.54.249.196 - - [30/Aug/2022:15:58:47 +0200] "GET /PmWikiDe/WikiStyleExamples?action=edit HTTP/1.1" 200 7244 "-" "Mozilla/5.0 (compatible; Barkrowler/0.9; +https://babbar.tech/crawler)"
85.25.177.139 - - [30/Aug/2022:15:59:11 +0200] "GET /Admin/ZurStiftung?action=edit&restore=diff:1163035960:1163035946:&preview=y HTTP/1.1" 200 8697 "-" "Mozilla/5.0 (Macintosh; Intel Mac OS X 10.15; rv:103.0) Gecko/20100101 Firefox/103.0"
154.54.249.196 - - [30/Aug/2022:15:59:18 +0200] "GET /PmWikiDe/WikistileFarben?action=print HTTP/1.1" 200 10382 "-" "Mozilla/5.0 (compatible; Barkrowler/0.9; +https://babbar.tech/crawler)"
154.54.249.196 - - [30/Aug/2022:15:59:52 +0200] "GET /PmWikiDe/WikiFarmTerminology?action=edit HTTP/1.1" 200 7264 "-" "Mozilla/5.0 (compatible; Barkrowler/0.9; +https://babbar.tech/crawler)"
85.25.177.139 - - [30/Aug/2022:16:00:06 +0200] "GET /Hilfe/Winamp?action=diff HTTP/1.1" 200 12192 "-" "Mozilla/5.0 (Macintosh; Intel Mac OS X 10.15; rv:103.0) Gecko/20100101 Firefox/103.0"
154.54.249.196 - - [30/Aug/2022:16:00:27 +0200] "GET /PmWikiDe/WikiFarmsAdvanced?action=diff HTTP/1.1" 200 7821 "-" "Mozilla/5.0 (compatible; Barkrowler/0.9; +https://babbar.tech/crawler)"
154.54.249.196 - - [30/Aug/2022:16:01:03 +0200] "GET /PmWikiDe/HierarchicalGroups?action=edit HTTP/1.1" 200 7248 "-" "Mozilla/5.0 (compatible; Barkrowler/0.9; +https://babbar.tech/crawler)"
85.25.177.139 - - [30/Aug/2022:16:01:24 +0200] "GET /Hilfe/Winamp?action=print HTTP/1.1" 200 3553 "-" "Mozilla/5.0 (Macintosh; Intel Mac OS X 10.15; rv:103.0) Gecko/20100101 Firefox/103.0"
154.54.249.196 - - [30/Aug/2022:16:01:38 +0200] "GET /PmWikiDe/TextFormattingRules?action=print HTTP/1.1" 200 17800 "-" "Mozilla/5.0 (compatible; Barkrowler/0.9; +https://babbar.tech/crawler)"
154.54.249.196 - - [30/Aug/2022:16:02:07 +0200] "GET /PmWikiDe/TextFormattingRules?action=upload HTTP/1.1" 200 7168 "-" "Mozilla/5.0 (compatible; Barkrowler/0.9; +https://babbar.tech/crawler)"
154.54.249.196 - - [30/Aug/2022:16:02:39 +0200] "GET /PmWikiDe/CreatingNewPages?action=print HTTP/1.1" 200 6776 "-" "Mozilla/5.0 (compatible; Barkrowler/0.9; +https://babbar.tech/crawler)"
85.25.177.139 - - [30/Aug/2022:16:02:43 +0200] "GET /Hilfe/Winamp?action=edit HTTP/1.1" 200 8579 "-" "Mozilla/5.0 (Macintosh; Intel Mac OS X 10.15; rv:103.0) Gecko/20100101 Firefox/103.0"
154.54.249.196 - - [30/Aug/2022:16:03:12 +0200] "GET /robots.txt HTTP/1.1" 200 - "-" "Mozilla/5.0 (compatible; Barkrowler/0.9; +https://babbar.tech/crawler)"
85.25.177.139 - - [30/Aug/2022:16:03:31 +0200] "GET /Admin/ZurStiftung?action=edit&restore=diff:1163053466:1163053382:&preview=y HTTP/1.1" 200 8697 "-" "Mozilla/5.0 (Macintosh; Intel Mac OS X 10.15; rv:103.0) Gecko/20100101 Firefox/103.0"
154.54.249.196 - - [30/Aug/2022:16:03:43 +0200] "GET /PmWikiDe/CreatingNewPages?action=diff HTTP/1.1" 200 7813 "-" "Mozilla/5.0 (compatible; Barkrowler/0.9; +https://babbar.tech/crawler)"
85.25.177.139 - - [30/Aug/2022:16:04:03 +0200] "GET /PodCast/RURAkt2TIl1?action=edit&restore=diff:1372237855:1372237855:&preview=y HTTP/1.1" 200 8734 "-" "Mozilla/5.0 (Macintosh; Intel Mac OS X 10.15; rv:103.0) Gecko/20100101 Firefox/103.0"
154.54.249.196 - - [30/Aug/2022:16:04:19 +0200] "GET /PmWikiDe/Direktiven?action=edit HTTP/1.1" 200 7134 "-" "Mozilla/5.0 (compatible; Barkrowler/0.9; +https://babbar.tech/crawler)"
154.54.249.196 - - [30/Aug/2022:16:04:47 +0200] "GET /PmWikiDe/Direktiven?action=print HTTP/1.1" 200 11287 "-" "Mozilla/5.0 (compatible; Barkrowler/0.9; +https://babbar.tech/crawler)"
154.54.249.196 - - [30/Aug/2022:16:05:21 +0200] "GET /PmWikiDa/PmWikiDa?action=diff HTTP/1.1" 200 9222 "-" "Mozilla/5.0 (compatible; Barkrowler/0.9; +https://babbar.tech/crawler)"
185.191.171.5 - - [30/Aug/2022:16:05:30 +0200] "GET /PmWikiJa/RecentChangesExcerpt?action=edit HTTP/1.1" 404 18 "-" "Mozilla/5.0 (compatible; SemrushBot/7~bl; +http://www.semrush.com/bot.html)"
85.25.177.139 - - [30/Aug/2022:16:05:32 +0200] "GET /PodCast/RURAkt2TIl1?action=diff&source=n&minor=y HTTP/1.1" 200 28131 "-" "Mozilla/5.0 (Macintosh; Intel Mac OS X 10.15; rv:103.0) Gecko/20100101 Firefox/103.0"
154.54.249.196 - - [30/Aug/2022:16:05:53 +0200] "GET /PmWikiCs/PmWikiCs?action=diff HTTP/1.1" 200 9222 "-" "Mozilla/5.0 (compatible; Barkrowler/0.9; +https://babbar.tech/crawler)"
85.25.177.139 - - [30/Aug/2022:16:06:10 +0200] "GET /Admin/ZurStiftung?action=diff&source=n&minor=y HTTP/1.1" 200 35480 "-" "Mozilla/5.0 (Macintosh; Intel Mac OS X 10.15; rv:103.0) Gecko/20100101 Firefox/103.0"
216.244.66.243 - - [30/Aug/2022:16:06:18 +0200] "GET /PodCast/Eereroueff2 HTTP/1.1" 200 17012 "-" "Mozilla/5.0 (compatible; DotBot/1.2; +https://opensiteexplorer.org/dotbot; help@moz.com)"
154.54.249.196 - - [30/Aug/2022:16:06:29 +0200] "GET /PmWikiHu/PmWikiHu?action=upload HTTP/1.1" 200 8555 "-" "Mozilla/5.0 (compatible; Barkrowler/0.9; +https://babbar.tech/crawler)"
85.25.177.139 - - [30/Aug/2022:16:06:56 +0200] "GET /PodCast/RURAkt2TIl1?action=diff&source=y&minor=n HTTP/1.1" 200 26122 "-" "Mozilla/5.0 (Macintosh; Intel Mac OS X 10.15; rv:103.0) Gecko/20100101 Firefox/103.0"
154.54.249.196 - - [30/Aug/2022:16:06:58 +0200] "GET /PmWikiCa/PmWikiCa?action=diff HTTP/1.1" 200 9222 "-" "Mozilla/5.0 (compatible; Barkrowler/0.9; +https://babbar.tech/crawler)"
154.54.249.196 - - [30/Aug/2022:16:07:32 +0200] "GET /PmWikiHu/PmWikiHu?action=print HTTP/1.1" 200 5165 "-" "Mozilla/5.0 (compatible; Barkrowler/0.9; +https://babbar.tech/crawler)"
154.54.249.196 - - [30/Aug/2022:16:08:03 +0200] "GET /PmWikiHu/PmWikiHu?action=edit HTTP/1.1" 200 8655 "-" "Mozilla/5.0 (compatible; Barkrowler/0.9; +https://babbar.tech/crawler)"
85.25.177.139 - - [30/Aug/2022:16:08:18 +0200] "GET /PodCast/RURAkt2TIl1?action=edit&restore=diff:1373743172:1373743037:&preview=y HTTP/1.1" 200 8734 "-" "Mozilla/5.0 (Macintosh; Intel Mac OS X 10.15; rv:103.0) Gecko/20100101 Firefox/103.0"
154.54.249.196 - - [30/Aug/2022:16:08:37 +0200] "GET /PmWikiHu/PmWikiHu?action=diff HTTP/1.1" 200 9222 "-" "Mozilla/5.0 (compatible; Barkrowler/0.9; +https://babbar.tech/crawler)"
154.54.249.196 - - [30/Aug/2022:16:09:07 +0200] "GET /PmWikiHu/GNUGPL?action=edit HTTP/1.1" 200 8623 "-" "Mozilla/5.0 (compatible; Barkrowler/0.9; +https://babbar.tech/crawler)"
85.25.177.139 - - [30/Aug/2022:16:09:37 +0200] "GET /PodCast/RURAkt2TIl1?action=edit&restore=diff:1373742989:1372237855:&preview=y HTTP/1.1" 200 8734 "-" "Mozilla/5.0 (Macintosh; Intel Mac OS X 10.15; rv:103.0) Gecko/20100101 Firefox/103.0"
154.54.249.196 - - [30/Aug/2022:16:09:37 +0200] "GET /PmWikiHu/Alapok?action=upload HTTP/1.1" 200 8523 "-" "Mozilla/5.0 (compatible; Barkrowler/0.9; +https://babbar.tech/crawler)"
154.54.249.196 - - [30/Aug/2022:16:10:13 +0200] "GET /PmWikiHu/SimpleTables2?action=edit HTTP/1.1" 200 8725 "-" "Mozilla/5.0 (compatible; Barkrowler/0.9; +https://babbar.tech/crawler)"
154.54.249.196 - - [30/Aug/2022:16:10:44 +0200] "GET /PmWikiHu/SimpleTables2?action=upload HTTP/1.1" 200 8625 "-" "Mozilla/5.0 (compatible; Barkrowler/0.9; +https://babbar.tech/crawler)"
154.54.249.196 - - [30/Aug/2022:16:11:18 +0200] "GET /PmWikiHu/WikiStyleExamples?action=edit HTTP/1.1" 200 8781 "-" "Mozilla/5.0 (compatible; Barkrowler/0.9; +https://babbar.tech/crawler)"
85.25.177.139 - - [30/Aug/2022:16:11:32 +0200] "GET /PodCast/RURAkt2TIl1?action=edit&restore=diff:1373743037:1373742989:&preview=y HTTP/1.1" 200 8734 "-" "Mozilla/5.0 (Macintosh; Intel Mac OS X 10.15; rv:103.0) Gecko/20100101 Firefox/103.0"
154.54.249.196 - - [30/Aug/2022:16:11:51 +0200] "GET /PmWikiHu/WikiStyleExamples?action=print HTTP/1.1" 404 2437 "-" "Mozilla/5.0 (compatible; Barkrowler/0.9; +https://babbar.tech/crawler)"
154.54.249.196 - - [30/Aug/2022:16:12:21 +0200] "GET /robots.txt HTTP/1.1" 200 - "-" "Mozilla/5.0 (compatible; Barkrowler/0.9; +https://babbar.tech/crawler)"
108.62.24.149 - - [30/Aug/2022:16:12:46 +0200] "GET /Texte/Rezension HTTP/1.1" 200 11812 "http://www.pro-zurituutsch.ch" "Mozilla/5.0 (Windows NT 10.0; Win64; x64) AppleWebKit/537.36 (KHTML, like Gecko) Chrome/62.0.3202.94 Safari/537.36"
154.54.249.196 - - [30/Aug/2022:16:12:53 +0200] "GET /PmWikiLt/PmWikiLt?action=upload HTTP/1.1" 200 8555 "-" "Mozilla/5.0 (compatible; Barkrowler/0.9; +https://babbar.tech/crawler)"
216.244.66.243 - - [30/Aug/2022:16:13:06 +0200] "GET /PmWikiFr/TestTom HTTP/1.1" 200 47119 "-" "Mozilla/5.0 (compatible; DotBot/1.2; +https://opensiteexplorer.org/dotbot; help@moz.com)"
85.25.177.139 - - [30/Aug/2022:16:13:27 +0200] "GET /Texte/GDicht?action=print HTTP/1.1" 200 2287 "-" "Mozilla/5.0 (Macintosh; Intel Mac OS X 10.15; rv:103.0) Gecko/20100101 Firefox/103.0"
154.54.249.196 - - [30/Aug/2022:16:13:28 +0200] "GET /PmWikiNl/TekstOpmaakBrochure HTTP/1.1" 200 6910 "-" "Mozilla/5.0 (compatible; Barkrowler/0.9; +https://babbar.tech/crawler)"
154.54.249.196 - - [30/Aug/2022:16:14:00 +0200] "GET /PmWikiNl/Basisbeginselen?action=upload HTTP/1.1" 200 7249 "-" "Mozilla/5.0 (compatible; Barkrowler/0.9; +https://babbar.tech/crawler)"
85.25.177.139 - - [30/Aug/2022:16:14:21 +0200] "GET /Texte/Schrybwys?action=edit&restore=diff:1163037260:1163037207:&preview=y HTTP/1.1" 200 8667 "-" "Mozilla/5.0 (Macintosh; Intel Mac OS X 10.15; rv:103.0) Gecko/20100101 Firefox/103.0"
154.54.249.196 - - [30/Aug/2022:16:14:37 +0200] "GET /PmWikiNl/Basisbeginselen?action=print HTTP/1.1" 200 21690 "-" "Mozilla/5.0 (compatible; Barkrowler/0.9; +https://babbar.tech/crawler)"
154.54.249.196 - - [30/Aug/2022:16:15:07 +0200] "GET /PmWikiNl/Basisbeginselen?action=edit HTTP/1.1" 200 7349 "-" "Mozilla/5.0 (compatible; Barkrowler/0.9; +https://babbar.tech/crawler)"
154.54.249.196 - - [30/Aug/2022:16:15:39 +0200] "GET /PmWikiNl/Basisbeginselen?action=diff HTTP/1.1" 200 7930 "-" "Mozilla/5.0 (compatible; Barkrowler/0.9; +https://babbar.tech/crawler)"
154.54.249.196 - - [30/Aug/2022:16:16:06 +0200] "GET /PmWikiDe/IncludeOtherPages?action=diff HTTP/1.1" 200 7831 "-" "Mozilla/5.0 (compatible; Barkrowler/0.9; +https://babbar.tech/crawler)"
85.25.177.139 - - [30/Aug/2022:16:16:06 +0200] "GET /Texte/Schrybwys?action=edit&restore=diff:1178724104:1177686222:&preview=y HTTP/1.1" 200 8667 "-" "Mozilla/5.0 (Macintosh; Intel Mac OS X 10.15; rv:103.0) Gecko/20100101 Firefox/103.0"
216.244.66.243 - - [30/Aug/2022:16:16:22 +0200] "GET /PmWikiRu/WikiWord?from=PmWikiRu.WikiWords HTTP/1.1" 200 14339 "-" "Mozilla/5.0 (compatible; DotBot/1.2; +https://opensiteexplorer.org/dotbot; help@moz.com)"
85.25.177.139 - - [30/Aug/2022:16:16:43 +0200] "GET /Texte/Schrybwys?action=edit&restore=diff:1163036782:1163036745:&preview=y HTTP/1.1" 200 8667 "-" "Mozilla/5.0 (Macintosh; Intel Mac OS X 10.15; rv:103.0) Gecko/20100101 Firefox/103.0"
154.54.249.196 - - [30/Aug/2022:16:16:45 +0200] "GET /PmWikiDe/IncludeOtherPages?action=upload HTTP/1.1" 200 7146 "-" "Mozilla/5.0 (compatible; Barkrowler/0.9; +https://babbar.tech/crawler)"
154.54.249.196 - - [30/Aug/2022:16:17:19 +0200] "GET /PmWikiDe/IncludeOtherPages?action=print HTTP/1.1" 200 5376 "-" "Mozilla/5.0 (compatible; Barkrowler/0.9; +https://babbar.tech/crawler)"
154.54.249.196 - - [30/Aug/2022:16:17:53 +0200] "GET /PmWikiDe/PatrickMichaud?action=upload HTTP/1.1" 200 7092 "-" "Mozilla/5.0 (compatible; Barkrowler/0.9; +https://babbar.tech/crawler)"
154.54.249.196 - - [30/Aug/2022:16:18:22 +0200] "GET /PmWikiDe/PatrickMichaud?action=diff HTTP/1.1" 200 7771 "-" "Mozilla/5.0 (compatible; Barkrowler/0.9; +https://babbar.tech/crawler)"
85.25.177.139 - - [30/Aug/2022:16:18:26 +0200] "GET /Texte/Schrybwys?action=edit&restore=diff:1163036928:1163036782:&preview=y HTTP/1.1" 200 8667 "-" "Mozilla/5.0 (Macintosh; Intel Mac OS X 10.15; rv:103.0) Gecko/20100101 Firefox/103.0"
154.54.249.196 - - [30/Aug/2022:16:18:54 +0200] "GET /PmWikiDe/PatrickMichaud?action=print HTTP/1.1" 200 2881 "-" "Mozilla/5.0 (compatible; Barkrowler/0.9; +https://babbar.tech/crawler)"
85.25.177.139 - - [30/Aug/2022:16:19:03 +0200] "GET /Texte/Schrybwys?action=edit&restore=diff:1178724179:1178724104:&preview=y HTTP/1.1" 200 8667 "-" "Mozilla/5.0 (Macintosh; Intel Mac OS X 10.15; rv:103.0) Gecko/20100101 Firefox/103.0"
154.54.249.196 - - [30/Aug/2022:16:19:27 +0200] "GET /PmWikiDe/SearchImprovements?action=print HTTP/1.1" 404 2441 "-" "Mozilla/5.0 (compatible; Barkrowler/0.9; +https://babbar.tech/crawler)"
154.54.249.196 - - [30/Aug/2022:16:20:08 +0200] "GET /PmWikiDe/PerGroupCustomizations?action=diff HTTP/1.1" 200 7901 "-" "Mozilla/5.0 (compatible; Barkrowler/0.9; +https://babbar.tech/crawler)"
85.25.177.139 - - [30/Aug/2022:16:20:19 +0200] "GET /Texte/Schrybwys?action=diff&source=y&minor=n HTTP/1.1" 200 28321 "-" "Mozilla/5.0 (Macintosh; Intel Mac OS X 10.15; rv:103.0) Gecko/20100101 Firefox/103.0"
185.191.171.3 - - [30/Aug/2022:16:20:24 +0200] "GET /robots.txt HTTP/1.1" 200 - "-" "Mozilla/5.0 (compatible; SemrushBot/7~bl; +http://www.semrush.com/bot.html)"
185.191.171.38 - - [30/Aug/2022:16:20:24 +0200] "GET /PmWikiFr/BasicVariables HTTP/1.1" 200 20502 "-" "Mozilla/5.0 (compatible; SemrushBot/7~bl; +http://www.semrush.com/bot.html)"
154.54.249.196 - - [30/Aug/2022:16:20:41 +0200] "GET /PmWikiDe/DeletingPages?action=edit HTTP/1.1" 200 7186 "-" "Mozilla/5.0 (compatible; Barkrowler/0.9; +https://babbar.tech/crawler)"
154.54.249.196 - - [30/Aug/2022:16:21:16 +0200] "GET /PmWikiDe/DeletingPages?action=print HTTP/1.1" 200 3936 "-" "Mozilla/5.0 (compatible; Barkrowler/0.9; +https://babbar.tech/crawler)"
154.54.249.196 - - [30/Aug/2022:16:21:49 +0200] "GET /robots.txt HTTP/1.1" 200 - "-" "Mozilla/5.0 (compatible; Barkrowler/0.9; +https://babbar.tech/crawler)"
154.54.249.196 - - [30/Aug/2022:16:22:23 +0200] "GET /PmWikiDe/DeletingPages?action=upload HTTP/1.1" 200 7086 "-" "Mozilla/5.0 (compatible; Barkrowler/0.9; +https://babbar.tech/crawler)"
85.25.177.139 - - [30/Aug/2022:16:22:27 +0200] "GET /Texte/Schrybwys?action=edit&restore=diff:1163037163:1163036928:&preview=y HTTP/1.1" 200 8667 "-" "Mozilla/5.0 (Macintosh; Intel Mac OS X 10.15; rv:103.0) Gecko/20100101 Firefox/103.0"
154.54.249.196 - - [30/Aug/2022:16:22:54 +0200] "GET /PmWikiDe/BasicVariables?action=diff HTTP/1.1" 200 7785 "-" "Mozilla/5.0 (compatible; Barkrowler/0.9; +https://babbar.tech/crawler)"
194.209.200.2 - - [30/Aug/2022:16:23:09 +0200] "GET /robots.txt HTTP/1.1" 200 - "-" "Mozilla/5.0 (compatible; TMMBot/0.2; +http://www.dslab.ch)/Nutch-1.15"
194.209.200.2 - - [30/Aug/2022:16:23:09 +0200] "GET /Texte/Limericks HTTP/1.1" 200 8087 "-" "Mozilla/5.0 (compatible; TMMBot/0.2; +http://www.dslab.ch)/Nutch-1.15"
194.209.200.2 - - [30/Aug/2022:16:23:13 +0200] "GET /Texte/Schrybwys HTTP/1.1" 200 11028 "-" "Mozilla/5.0 (compatible; TMMBot/0.2; +http://www.dslab.ch)/Nutch-1.15"
154.54.249.196 - - [30/Aug/2022:16:23:28 +0200] "GET /PmWikiDe/BasicVariables?action=upload HTTP/1.1" 200 7106 "-" "Mozilla/5.0 (compatible; Barkrowler/0.9; +https://babbar.tech/crawler)"
194.209.200.2 - - [30/Aug/2022:16:23:59 +0200] "GET /Texte/ArsAmatoria HTTP/1.1" 200 12369 "-" "Mozilla/5.0 (compatible; TMMBot/0.2; +http://www.dslab.ch)/Nutch-1.15"
154.54.249.196 - - [30/Aug/2022:16:24:03 +0200] "GET /PmWikiDe/BasicVariables?action=print HTTP/1.1" 200 12292 "-" "Mozilla/5.0 (compatible; Barkrowler/0.9; +https://babbar.tech/crawler)"
40.77.167.37 - - [30/Aug/2022:16:24:06 +0200] "GET /Site/72Mourte1476 HTTP/1.1" 200 21149 "-" "Mozilla/5.0 (compatible; bingbot/2.0; +http://www.bing.com/bingbot.htm)"
194.209.200.2 - - [30/Aug/2022:16:24:14 +0200] "GET /Texte/GDicht HTTP/1.1" 200 8050 "-" "Mozilla/5.0 (compatible; TMMBot/0.2; +http://www.dslab.ch)/Nutch-1.15"
85.25.177.139 - - [30/Aug/2022:16:24:28 +0200] "GET /Texte/GDicht?action=diff&source=y&minor=n HTTP/1.1" 200 9532 "-" "Mozilla/5.0 (Macintosh; Intel Mac OS X 10.15; rv:103.0) Gecko/20100101 Firefox/103.0"
154.54.249.196 - - [30/Aug/2022:16:24:36 +0200] "GET /PmWikiDe/Internationalizations?action=diff HTTP/1.1" 200 7881 "-" "Mozilla/5.0 (compatible; Barkrowler/0.9; +https://babbar.tech/crawler)"
194.209.200.2 - - [30/Aug/2022:16:24:40 +0200] "GET /Texte/Styluebige HTTP/1.1" 200 9998 "-" "Mozilla/5.0 (compatible; TMMBot/0.2; +http://www.dslab.ch)/Nutch-1.15"
154.54.249.196 - - [30/Aug/2022:16:25:10 +0200] "GET /PmWikiDe/MailingLists?action=diff HTTP/1.1" 200 7739 "-" "Mozilla/5.0 (compatible; Barkrowler/0.9; +https://babbar.tech/crawler)"
154.54.249.196 - - [30/Aug/2022:16:25:42 +0200] "GET /PmWikiDe/PageTextVariables?action=edit HTTP/1.1" 200 7236 "-" "Mozilla/5.0 (compatible; Barkrowler/0.9; +https://babbar.tech/crawler)"
194.209.200.2 - - [30/Aug/2022:16:25:53 +0200] "GET /Texte/Gloosse HTTP/1.1" 200 8061 "-" "Mozilla/5.0 (compatible; TMMBot/0.2; +http://www.dslab.ch)/Nutch-1.15"
85.25.177.139 - - [30/Aug/2022:16:26:12 +0200] "GET /Texte/ZurcherischEnglish?action=print HTTP/1.1" 200 2391 "-" "Mozilla/5.0 (Macintosh; Intel Mac OS X 10.15; rv:103.0) Gecko/20100101 Firefox/103.0"
154.54.249.196 - - [30/Aug/2022:16:26:13 +0200] "GET /PmWikiDe/MarkupVariables?action=edit HTTP/1.1" 200 7206 "-" "Mozilla/5.0 (compatible; Barkrowler/0.9; +https://babbar.tech/crawler)"
154.54.249.196 - - [30/Aug/2022:16:26:44 +0200] "GET /PmWikiDe/MarkupMasterIndex?action=diff HTTP/1.1" 200 7839 "-" "Mozilla/5.0 (compatible; Barkrowler/0.9; +https://babbar.tech/crawler)"
85.25.177.139 - - [30/Aug/2022:16:26:51 +0200] "GET /PodCast/Gottesliebe?action=diff HTTP/1.1" 200 26391 "-" "Mozilla/5.0 (Macintosh; Intel Mac OS X 10.15; rv:103.0) Gecko/20100101 Firefox/103.0"
154.54.249.196 - - [30/Aug/2022:16:27:17 +0200] "GET /PmWikiDe/MarkupMasterIndex?action=print HTTP/1.1" 200 16553 "-" "Mozilla/5.0 (compatible; Barkrowler/0.9; +https://babbar.tech/crawler)"
