216.244.66.243 - - [30/Aug/2022:13:34:47 +0200] "GET /PodCast/Eidsprofulaxe HTTP/1.1" 200 8686 "-" "Mozilla/5.0 (compatible; DotBot/1.2; +https://opensiteexplorer.org/dotbot; help@moz.com)"
194.209.200.2 - - [30/Aug/2022:13:34:48 +0200] "GET /Texte/Styluebige HTTP/1.1" 200 9998 "-" "Mozilla/5.0 (compatible; TMMBot/0.2; +http://www.dslab.ch)/Nutch-1.15"
85.25.177.139 - - [30/Aug/2022:13:35:01 +0200] "GET /PodCast/StroubiZyt1?action=diff HTTP/1.1" 200 20980 "-" "Mozilla/5.0 (Macintosh; Intel Mac OS X 10.15; rv:103.0) Gecko/20100101 Firefox/103.0"
216.244.66.243 - - [30/Aug/2022:13:35:04 +0200] "GET /PodCast/Boundeswaal HTTP/1.1" 200 12917 "-" "Mozilla/5.0 (compatible; DotBot/1.2; +https://opensiteexplorer.org/dotbot; help@moz.com)"
216.244.66.243 - - [30/Aug/2022:13:35:09 +0200] "GET /PodCast/Doping HTTP/1.1" 200 8075 "-" "Mozilla/5.0 (compatible; DotBot/1.2; +https://opensiteexplorer.org/dotbot; help@moz.com)"
154.54.249.196 - - [30/Aug/2022:13:35:11 +0200] "GET /Bestellen/Pschtellformoular?action=edit HTTP/1.1" 200 8789 "-" "Mozilla/5.0 (compatible; Barkrowler/0.9; +https://babbar.tech/crawler)"
85.25.177.139 - - [30/Aug/2022:13:35:33 +0200] "GET /Texte/ArsAmatoria?action=edit&restore=diff:1163056822:1163056782:&preview=y HTTP/1.1" 200 8697 "-" "Mozilla/5.0 (Macintosh; Intel Mac OS X 10.15; rv:103.0) Gecko/20100101 Firefox/103.0"
154.54.249.196 - - [30/Aug/2022:13:35:41 +0200] "GET /Bestellen/Pschtellformoular?action=upload HTTP/1.1" 200 8689 "-" "Mozilla/5.0 (compatible; Barkrowler/0.9; +https://babbar.tech/crawler)"
194.209.200.2 - - [30/Aug/2022:13:35:57 +0200] "GET /Texte/Gloosse HTTP/1.1" 200 8061 "-" "Mozilla/5.0 (compatible; TMMBot/0.2; +http://www.dslab.ch)/Nutch-1.15"
154.54.249.196 - - [30/Aug/2022:13:36:15 +0200] "GET /robots.txt HTTP/1.1" 200 - "-" "Mozilla/5.0 (compatible; Barkrowler/0.9; +https://babbar.tech/crawler)"
154.54.249.196 - - [30/Aug/2022:13:36:43 +0200] "GET /Bestellen/Pschtellformoular?action=print HTTP/1.1" 200 4206 "-" "Mozilla/5.0 (compatible; Barkrowler/0.9; +https://babbar.tech/crawler)"
85.25.177.139 - - [30/Aug/2022:13:37:03 +0200] "GET /PodCast/Wistaria02?action=print HTTP/1.1" 200 10545 "-" "Mozilla/5.0 (Macintosh; Intel Mac OS X 10.15; rv:103.0) Gecko/20100101 Firefox/103.0"
154.54.249.196 - - [30/Aug/2022:13:37:19 +0200] "GET /Localization/SampleConfigFileLocalization?action=edit HTTP/1.1" 200 8991 "-" "Mozilla/5.0 (compatible; Barkrowler/0.9; +https://babbar.tech/crawler)"
85.25.177.139 - - [30/Aug/2022:13:37:42 +0200] "GET /Texte/ArsAmatoria?action=edit&restore=diff:1163055654:1163055578:&preview=y HTTP/1.1" 200 8697 "-" "Mozilla/5.0 (Macintosh; Intel Mac OS X 10.15; rv:103.0) Gecko/20100101 Firefox/103.0"
154.54.249.196 - - [30/Aug/2022:13:37:47 +0200] "GET /Admin/Links?action=diff&source=n&minor=y HTTP/1.1" 200 22755 "-" "Mozilla/5.0 (compatible; Barkrowler/0.9; +https://babbar.tech/crawler)"
194.209.200.2 - - [30/Aug/2022:13:38:08 +0200] "GET /Hilfe/AnleitungTonbeispiele HTTP/1.1" 200 9878 "-" "Mozilla/5.0 (compatible; TMMBot/0.2; +http://www.dslab.ch)/Nutch-1.15"
154.54.249.196 - - [30/Aug/2022:13:38:23 +0200] "GET /Admin/Links?action=diff&source=n&minor=n HTTP/1.1" 200 22145 "-" "Mozilla/5.0 (compatible; Barkrowler/0.9; +https://babbar.tech/crawler)"
154.54.249.196 - - [30/Aug/2022:13:38:54 +0200] "GET /Admin/Links?action=diff&source=y&minor=y HTTP/1.1" 200 24486 "-" "Mozilla/5.0 (compatible; Barkrowler/0.9; +https://babbar.tech/crawler)"
154.54.249.196 - - [30/Aug/2022:13:39:27 +0200] "GET /Admin/Links?action=diff&source=y&minor=n HTTP/1.1" 200 23814 "-" "Mozilla/5.0 (compatible; Barkrowler/0.9; +https://babbar.tech/crawler)"
85.25.177.139 - - [30/Aug/2022:13:39:41 +0200] "GET /Texte/ArsAmatoria?action=edit&restore=diff:1163055578:1163055471:&preview=y HTTP/1.1" 200 8697 "-" "Mozilla/5.0 (Macintosh; Intel Mac OS X 10.15; rv:103.0) Gecko/20100101 Firefox/103.0"
42.236.10.88 - - [30/Aug/2022:13:39:54 +0200] "GET / HTTP/1.1" 200 15085 "http://www.pro-zurituutsch.ch/" "Mozilla/5.0 (Windows NT 6.1; WOW64) AppleWebKit/537.36 (KHTML, like Gecko) Chrome/50.0.2661.102 Safari/537.36; 360Spider"
154.54.249.196 - - [30/Aug/2022:13:39:56 +0200] "GET /Admin/Pro-ZurituutschStatuten?action=print HTTP/1.1" 200 3673 "-" "Mozilla/5.0 (compatible; Barkrowler/0.9; +https://babbar.tech/crawler)"
154.54.249.196 - - [30/Aug/2022:13:40:38 +0200] "GET /Admin/Pro-ZurituutschStatuten?action=edit HTTP/1.1" 200 8819 "-" "Mozilla/5.0 (compatible; Barkrowler/0.9; +https://babbar.tech/crawler)"
154.54.249.196 - - [30/Aug/2022:13:41:07 +0200] "GET /Admin/Pro-ZurituutschStatuten?action=upload HTTP/1.1" 200 8719 "-" "Mozilla/5.0 (compatible; Barkrowler/0.9; +https://babbar.tech/crawler)"
85.25.177.139 - - [30/Aug/2022:13:41:19 +0200] "GET /Texte/ArsAmatoria?action=edit&restore=diff:1163055471:1163055417:&preview=y HTTP/1.1" 200 8697 "-" "Mozilla/5.0 (Macintosh; Intel Mac OS X 10.15; rv:103.0) Gecko/20100101 Firefox/103.0"
154.54.249.196 - - [30/Aug/2022:13:41:41 +0200] "GET /Category/Layout?action=diff&source=n&minor=y HTTP/1.1" 200 9192 "-" "Mozilla/5.0 (compatible; Barkrowler/0.9; +https://babbar.tech/crawler)"
85.25.177.139 - - [30/Aug/2022:13:41:42 +0200] "GET /PodCast/Wistaria02?action=diff HTTP/1.1" 200 22384 "-" "Mozilla/5.0 (Macintosh; Intel Mac OS X 10.15; rv:103.0) Gecko/20100101 Firefox/103.0"
154.54.249.196 - - [30/Aug/2022:13:42:15 +0200] "GET /Category/Layout?action=diff&source=n&minor=n HTTP/1.1" 200 9190 "-" "Mozilla/5.0 (compatible; Barkrowler/0.9; +https://babbar.tech/crawler)"
154.54.249.196 - - [30/Aug/2022:13:42:50 +0200] "GET /RUR01/01Akt1Tail1?action=edit HTTP/1.1" 200 8658 "-" "Mozilla/5.0 (compatible; Barkrowler/0.9; +https://babbar.tech/crawler)"
85.25.177.139 - - [30/Aug/2022:13:43:05 +0200] "GET /PodCast/Wistaria02?action=upload HTTP/1.1" 200 8566 "-" "Mozilla/5.0 (Macintosh; Intel Mac OS X 10.15; rv:103.0) Gecko/20100101 Firefox/103.0"
154.54.249.196 - - [30/Aug/2022:13:43:20 +0200] "GET /RUR01/02Akt1Tail2?action=edit HTTP/1.1" 200 8658 "-" "Mozilla/5.0 (compatible; Barkrowler/0.9; +https://babbar.tech/crawler)"
114.119.141.217 - - [30/Aug/2022:13:43:24 +0200] "GET /PmWiki/LayoutVariables?action=diff&source=n&minor=y HTTP/1.1" 403 18 "http://www.pro-zurituutsch.ch/PmWiki/LayoutVariables?action=diff" "Mozilla/5.0 (Linux; Android 7.0;) AppleWebKit/537.36 (KHTML, like Gecko) Mobile Safari/537.36 (compatible; PetalBot;+https://webmaster.petalsearch.com/site/petalbot)"
85.25.177.139 - - [30/Aug/2022:13:43:54 +0200] "GET /Texte/ArsAmatoria?action=edit&restore=diff:1163055958:1163055916:&preview=y HTTP/1.1" 200 8697 "-" "Mozilla/5.0 (Macintosh; Intel Mac OS X 10.15; rv:103.0) Gecko/20100101 Firefox/103.0"
154.54.249.196 - - [30/Aug/2022:13:43:57 +0200] "GET /RUR01/02Akt1Tail2?action=print HTTP/1.1" 404 2398 "-" "Mozilla/5.0 (compatible; Barkrowler/0.9; +https://babbar.tech/crawler)"
216.244.66.243 - - [30/Aug/2022:13:44:07 +0200] "GET /PmWikiFr/ChangementDuGroupePrincipal HTTP/1.1" 200 12856 "-" "Mozilla/5.0 (compatible; DotBot/1.2; +https://opensiteexplorer.org/dotbot; help@moz.com)"
154.54.249.196 - - [30/Aug/2022:13:44:26 +0200] "GET /Site/Email?action=diff&source=y&minor=y HTTP/1.1" 200 10327 "-" "Mozilla/5.0 (compatible; Barkrowler/0.9; +https://babbar.tech/crawler)"
154.54.249.196 - - [30/Aug/2022:13:44:54 +0200] "GET /Site/Email?action=diff&source=y&minor=n HTTP/1.1" 200 10325 "-" "Mozilla/5.0 (compatible; Barkrowler/0.9; +https://babbar.tech/crawler)"
85.25.177.139 - - [30/Aug/2022:13:45:18 +0200] "GET /Admin/AdresseStiftung?action=edit HTTP/1.1" 200 8707 "-" "Mozilla/5.0 (Macintosh; Intel Mac OS X 10.15; rv:103.0) Gecko/20100101 Firefox/103.0"
154.54.249.196 - - [30/Aug/2022:13:45:30 +0200] "GET /robots.txt HTTP/1.1" 200 - "-" "Mozilla/5.0 (compatible; Barkrowler/0.9; +https://babbar.tech/crawler)"
154.54.249.196 - - [30/Aug/2022:13:46:03 +0200] "GET /Site/152Konschtanz1485?action=diff HTTP/1.1" 200 25667 "-" "Mozilla/5.0 (compatible; Barkrowler/0.9; +https://babbar.tech/crawler)"
154.54.249.196 - - [30/Aug/2022:13:46:37 +0200] "GET /Site/152Konschtanz1485?action=upload HTTP/1.1" 200 8623 "-" "Mozilla/5.0 (compatible; Barkrowler/0.9; +https://babbar.tech/crawler)"
154.54.249.196 - - [30/Aug/2022:13:47:08 +0200] "GET /Site/63Frawmeuischter1470?action=print HTTP/1.1" 200 6494 "-" "Mozilla/5.0 (compatible; Barkrowler/0.9; +https://babbar.tech/crawler)"
154.54.249.196 - - [30/Aug/2022:13:47:43 +0200] "GET /Site/63Frawmeuischter1470?action=edit HTTP/1.1" 200 8765 "-" "Mozilla/5.0 (compatible; Barkrowler/0.9; +https://babbar.tech/crawler)"
85.25.177.139 - - [30/Aug/2022:13:47:53 +0200] "GET /Gast/Podcast?action=print HTTP/1.1" 200 2344 "-" "Mozilla/5.0 (Macintosh; Intel Mac OS X 10.15; rv:103.0) Gecko/20100101 Firefox/103.0"
154.54.249.196 - - [30/Aug/2022:13:48:17 +0200] "GET /Site/63Frawmeuischter1470?action=upload HTTP/1.1" 200 8665 "-" "Mozilla/5.0 (compatible; Barkrowler/0.9; +https://babbar.tech/crawler)"
85.25.177.139 - - [30/Aug/2022:13:48:19 +0200] "GET /PodCast/Limerick30?action=diff HTTP/1.1" 200 12047 "-" "Mozilla/5.0 (Macintosh; Intel Mac OS X 10.15; rv:103.0) Gecko/20100101 Firefox/103.0"
154.54.249.196 - - [30/Aug/2022:13:48:51 +0200] "GET /Site/162Predigerchoor1489?action=print HTTP/1.1" 200 10035 "-" "Mozilla/5.0 (compatible; Barkrowler/0.9; +https://babbar.tech/crawler)"
154.54.249.196 - - [30/Aug/2022:13:49:22 +0200] "GET /Site/162Predigerchoor1489?action=edit HTTP/1.1" 200 8765 "-" "Mozilla/5.0 (compatible; Barkrowler/0.9; +https://babbar.tech/crawler)"
85.25.177.139 - - [30/Aug/2022:13:49:31 +0200] "GET /Texte HTTP/1.1" 404 8123 "-" "Mozilla/5.0 (Macintosh; Intel Mac OS X 10.15; rv:103.0) Gecko/20100101 Firefox/103.0"
185.191.171.15 - - [30/Aug/2022:13:49:40 +0200] "GET /robots.txt HTTP/1.1" 200 - "-" "Mozilla/5.0 (compatible; SemrushBot/7~bl; +http://www.semrush.com/bot.html)"
185.191.171.3 - - [30/Aug/2022:13:49:40 +0200] "GET /PmWikiRu/WikiPage?action=print HTTP/1.1" 403 18 "-" "Mozilla/5.0 (compatible; SemrushBot/7~bl; +http://www.semrush.com/bot.html)"
154.54.249.196 - - [30/Aug/2022:13:49:54 +0200] "GET /Site/WGA3Frejersfuess?action=edit HTTP/1.1" 200 8709 "-" "Mozilla/5.0 (compatible; Barkrowler/0.9; +https://babbar.tech/crawler)"
154.54.249.196 - - [30/Aug/2022:13:50:27 +0200] "GET /Site/WGA3Frejersfuess?action=upload HTTP/1.1" 200 8609 "-" "Mozilla/5.0 (compatible; Barkrowler/0.9; +https://babbar.tech/crawler)"
154.54.249.196 - - [30/Aug/2022:13:51:00 +0200] "GET /Site/WGA3Frejersfuess?action=print HTTP/1.1" 404 2413 "-" "Mozilla/5.0 (compatible; Barkrowler/0.9; +https://babbar.tech/crawler)"
85.25.177.139 - - [30/Aug/2022:13:51:01 +0200] "GET /Hilfe/AnleitungTonbeispiele?action=print HTTP/1.1" 200 4056 "-" "Mozilla/5.0 (Macintosh; Intel Mac OS X 10.15; rv:103.0) Gecko/20100101 Firefox/103.0"
154.54.249.196 - - [30/Aug/2022:13:51:32 +0200] "GET /Site/WGA3Frejersfuess?action=diff HTTP/1.1" 200 9284 "-" "Mozilla/5.0 (compatible; Barkrowler/0.9; +https://babbar.tech/crawler)"
85.25.177.139 - - [30/Aug/2022:13:52:05 +0200] "GET /PodCast/Limerick30?action=upload HTTP/1.1" 200 8566 "-" "Mozilla/5.0 (Macintosh; Intel Mac OS X 10.15; rv:103.0) Gecko/20100101 Firefox/103.0"
154.54.249.196 - - [30/Aug/2022:13:52:11 +0200] "GET /Site/KonzRtchroonikVI08 HTTP/1.1" 404 8303 "-" "Mozilla/5.0 (compatible; Barkrowler/0.9; +https://babbar.tech/crawler)"
154.54.249.196 - - [30/Aug/2022:13:52:44 +0200] "GET /Site/Baadstoubegass2?action=print HTTP/1.1" 200 2310 "-" "Mozilla/5.0 (compatible; Barkrowler/0.9; +https://babbar.tech/crawler)"
154.54.249.196 - - [30/Aug/2022:13:53:15 +0200] "GET /Site/Baadstoubegass2?action=upload HTTP/1.1" 200 8593 "-" "Mozilla/5.0 (compatible; Barkrowler/0.9; +https://babbar.tech/crawler)"
85.25.177.139 - - [30/Aug/2022:13:53:22 +0200] "GET /Hilfe/AnleitungTonbeispiele?action=edit&restore=diff:1163037365:1163037365:&preview=y HTTP/1.1" 200 8837 "-" "Mozilla/5.0 (Macintosh; Intel Mac OS X 10.15; rv:103.0) Gecko/20100101 Firefox/103.0"
154.54.249.196 - - [30/Aug/2022:13:53:48 +0200] "GET /Site/Baadstoubegass2?action=edit HTTP/1.1" 200 8693 "-" "Mozilla/5.0 (compatible; Barkrowler/0.9; +https://babbar.tech/crawler)"
154.54.249.196 - - [30/Aug/2022:13:54:20 +0200] "GET /Site/Baadstoubegass1?action=print HTTP/1.1" 200 2310 "-" "Mozilla/5.0 (compatible; Barkrowler/0.9; +https://babbar.tech/crawler)"
85.25.177.139 - - [30/Aug/2022:13:54:51 +0200] "GET /Hilfe/AnleitungTonbeispiele?action=edit&restore=diff:1163037395:1163037365:&preview=y HTTP/1.1" 200 8837 "-" "Mozilla/5.0 (Macintosh; Intel Mac OS X 10.15; rv:103.0) Gecko/20100101 Firefox/103.0"
154.54.249.196 - - [30/Aug/2022:13:54:54 +0200] "GET /robots.txt HTTP/1.1" 200 - "-" "Mozilla/5.0 (compatible; Barkrowler/0.9; +https://babbar.tech/crawler)"
154.54.249.196 - - [30/Aug/2022:13:55:26 +0200] "GET /Site/Baadstoubegass1?action=upload HTTP/1.1" 200 8593 "-" "Mozilla/5.0 (compatible; Barkrowler/0.9; +https://babbar.tech/crawler)"
154.54.249.196 - - [30/Aug/2022:13:56:00 +0200] "GET /Site/Baadstoubegass1?action=edit HTTP/1.1" 200 8693 "-" "Mozilla/5.0 (compatible; Barkrowler/0.9; +https://babbar.tech/crawler)"
85.25.177.139 - - [30/Aug/2022:13:56:16 +0200] "GET /Hilfe/AnleitungTonbeispiele?action=edit&restore=diff:1163037804:1163037395:&preview=y HTTP/1.1" 200 8837 "-" "Mozilla/5.0 (Macintosh; Intel Mac OS X 10.15; rv:103.0) Gecko/20100101 Firefox/103.0"
154.54.249.196 - - [30/Aug/2022:13:56:37 +0200] "GET /Site/192HouhsRech1509?action=diff HTTP/1.1" 200 24392 "-" "Mozilla/5.0 (compatible; Barkrowler/0.9; +https://babbar.tech/crawler)"
154.54.249.196 - - [30/Aug/2022:13:57:06 +0200] "GET /Site/161Predigerchoor1489?action=print HTTP/1.1" 200 9154 "-" "Mozilla/5.0 (compatible; Barkrowler/0.9; +https://babbar.tech/crawler)"
66.249.76.228 - - [30/Aug/2022:13:57:37 +0200] "GET /PodCast/IndexPage?action=rss HTTP/1.1" 200 6298 "-" "Mozilla/5.0 (compatible; Googlebot/2.1; +http://www.google.com/bot.html)"
154.54.249.196 - - [30/Aug/2022:13:57:40 +0200] "GET /Site/161Predigerchoor1489?action=edit HTTP/1.1" 200 8765 "-" "Mozilla/5.0 (compatible; Barkrowler/0.9; +https://babbar.tech/crawler)"
85.25.177.139 - - [30/Aug/2022:13:57:47 +0200] "GET /Site/22Baadstoubegass?action=edit HTTP/1.1" 200 8707 "-" "Mozilla/5.0 (Macintosh; Intel Mac OS X 10.15; rv:103.0) Gecko/20100101 Firefox/103.0"
154.54.249.196 - - [30/Aug/2022:13:58:14 +0200] "GET /Site/151Konschtanz1485?action=diff HTTP/1.1" 200 16908 "-" "Mozilla/5.0 (compatible; Barkrowler/0.9; +https://babbar.tech/crawler)"
154.54.249.196 - - [30/Aug/2022:13:58:51 +0200] "GET /Site/151Konschtanz1485?action=upload HTTP/1.1" 200 8623 "-" "Mozilla/5.0 (compatible; Barkrowler/0.9; +https://babbar.tech/crawler)"
154.54.249.196 - - [30/Aug/2022:13:59:20 +0200] "GET /Site/151Konschtanz1485?action=print HTTP/1.1" 200 7558 "-" "Mozilla/5.0 (compatible; Barkrowler/0.9; +https://babbar.tech/crawler)"
85.25.177.139 - - [30/Aug/2022:13:59:34 +0200] "GET /Site/22Baadstoubegass?action=upload HTTP/1.1" 200 8607 "-" "Mozilla/5.0 (Macintosh; Intel Mac OS X 10.15; rv:103.0) Gecko/20100101 Firefox/103.0"
154.54.249.196 - - [30/Aug/2022:13:59:51 +0200] "GET /Group/Name?action=diff&source=y&minor=n HTTP/1.1" 200 9102 "-" "Mozilla/5.0 (compatible; Barkrowler/0.9; +https://babbar.tech/crawler)"
154.54.249.196 - - [30/Aug/2022:14:00:21 +0200] "GET /Gast/Podcast?action=diff&source=n&minor=y HTTP/1.1" 200 9686 "-" "Mozilla/5.0 (compatible; Barkrowler/0.9; +https://babbar.tech/crawler)"
154.54.249.196 - - [30/Aug/2022:14:00:52 +0200] "GET /Gast/Podcast?action=diff&source=n&minor=n HTTP/1.1" 200 9684 "-" "Mozilla/5.0 (compatible; Barkrowler/0.9; +https://babbar.tech/crawler)"
154.54.249.196 - - [30/Aug/2022:14:01:26 +0200] "GET /Gast/Podcast?action=diff&source=y&minor=n HTTP/1.1" 200 9710 "-" "Mozilla/5.0 (compatible; Barkrowler/0.9; +https://babbar.tech/crawler)"
85.25.177.139 - - [30/Aug/2022:14:01:40 +0200] "GET /PodCast/Spraachverglych?action=upload HTTP/1.1" 200 8634 "-" "Mozilla/5.0 (Macintosh; Intel Mac OS X 10.15; rv:103.0) Gecko/20100101 Firefox/103.0"
154.54.249.196 - - [30/Aug/2022:14:01:54 +0200] "GET /AndereSeite/PstLlformoular?action=edit HTTP/1.1" 200 8778 "-" "Mozilla/5.0 (compatible; Barkrowler/0.9; +https://babbar.tech/crawler)"
154.54.249.196 - - [30/Aug/2022:14:02:27 +0200] "GET /AndereSeite/PstLlformoular?action=print HTTP/1.1" 404 2440 "-" "Mozilla/5.0 (compatible; Barkrowler/0.9; +https://babbar.tech/crawler)"
154.54.249.196 - - [30/Aug/2022:14:02:58 +0200] "GET /AndereSeite/PstLlformoular?action=upload HTTP/1.1" 200 8678 "-" "Mozilla/5.0 (compatible; Barkrowler/0.9; +https://babbar.tech/crawler)"
85.25.177.139 - - [30/Aug/2022:14:03:24 +0200] "GET /Site/22Baadstoubegass?action=print HTTP/1.1" 200 12702 "-" "Mozilla/5.0 (Macintosh; Intel Mac OS X 10.15; rv:103.0) Gecko/20100101 Firefox/103.0"
194.209.200.2 - - [30/Aug/2022:14:03:26 +0200] "GET /robots.txt HTTP/1.1" 200 - "-" "Mozilla/5.0 (compatible; TMMBot/0.2; +http://www.dslab.ch)/Nutch-1.15"
194.209.200.2 - - [30/Aug/2022:14:03:26 +0200] "GET /Texte/Limericks HTTP/1.1" 200 8087 "-" "Mozilla/5.0 (compatible; TMMBot/0.2; +http://www.dslab.ch)/Nutch-1.15"
154.54.249.196 - - [30/Aug/2022:14:03:28 +0200] "GET /Main/SearchWiki?action=diff&source=n&minor=y HTTP/1.1" 200 9194 "-" "Mozilla/5.0 (compatible; Barkrowler/0.9; +https://babbar.tech/crawler)"
194.209.200.2 - - [30/Aug/2022:14:03:30 +0200] "GET /Texte/Schrybwys HTTP/1.1" 200 11028 "-" "Mozilla/5.0 (compatible; TMMBot/0.2; +http://www.dslab.ch)/Nutch-1.15"
85.25.177.139 - - [30/Aug/2022:14:03:43 +0200] "GET /PodCast/Spraachverglych?action=print HTTP/1.1" 200 10273 "-" "Mozilla/5.0 (Macintosh; Intel Mac OS X 10.15; rv:103.0) Gecko/20100101 Firefox/103.0"
154.54.249.196 - - [30/Aug/2022:14:03:59 +0200] "GET /robots.txt HTTP/1.1" 200 - "-" "Mozilla/5.0 (compatible; Barkrowler/0.9; +https://babbar.tech/crawler)"
154.54.249.196 - - [30/Aug/2022:14:04:28 +0200] "GET /Main/SearchWiki?action=diff&source=y&minor=y HTTP/1.1" 200 9186 "-" "Mozilla/5.0 (compatible; Barkrowler/0.9; +https://babbar.tech/crawler)"
194.209.200.2 - - [30/Aug/2022:14:04:29 +0200] "GET /Texte/GDicht HTTP/1.1" 200 8050 "-" "Mozilla/5.0 (compatible; TMMBot/0.2; +http://www.dslab.ch)/Nutch-1.15"
194.209.200.2 - - [30/Aug/2022:14:04:54 +0200] "GET /Texte/Styluebige HTTP/1.1" 200 9998 "-" "Mozilla/5.0 (compatible; TMMBot/0.2; +http://www.dslab.ch)/Nutch-1.15"
154.54.249.196 - - [30/Aug/2022:14:05:03 +0200] "GET /Main/SearchWiki?action=diff&source=y&minor=n HTTP/1.1" 200 9184 "-" "Mozilla/5.0 (compatible; Barkrowler/0.9; +https://babbar.tech/crawler)"
85.25.177.139 - - [30/Aug/2022:14:05:35 +0200] "GET /PodCast/Spraachverglych?action=edit HTTP/1.1" 200 8734 "-" "Mozilla/5.0 (Macintosh; Intel Mac OS X 10.15; rv:103.0) Gecko/20100101 Firefox/103.0"
154.54.249.196 - - [30/Aug/2022:14:05:37 +0200] "GET /Main/Blocklist?action=diff&source=y&minor=y HTTP/1.1" 200 9168 "-" "Mozilla/5.0 (compatible; Barkrowler/0.9; +https://babbar.tech/crawler)"
194.209.200.2 - - [30/Aug/2022:14:06:04 +0200] "GET /Texte/Gloosse HTTP/1.1" 200 8061 "-" "Mozilla/5.0 (compatible; TMMBot/0.2; +http://www.dslab.ch)/Nutch-1.15"
154.54.249.196 - - [30/Aug/2022:14:06:24 +0200] "GET /Main/Blocklist?action=diff&source=y&minor=n HTTP/1.1" 200 9166 "-" "Mozilla/5.0 (compatible; Barkrowler/0.9; +https://babbar.tech/crawler)"
154.54.249.196 - - [30/Aug/2022:14:06:59 +0200] "GET /Main/Blocklist?action=diff&source=n&minor=y HTTP/1.1" 200 9176 "-" "Mozilla/5.0 (compatible; Barkrowler/0.9; +https://babbar.tech/crawler)"
85.25.177.139 - - [30/Aug/2022:14:07:17 +0200] "GET /PodCast/Spraachverglych?action=diff HTTP/1.1" 200 23243 "-" "Mozilla/5.0 (Macintosh; Intel Mac OS X 10.15; rv:103.0) Gecko/20100101 Firefox/103.0"
154.54.249.196 - - [30/Aug/2022:14:07:36 +0200] "GET /Main/Blocklist?action=diff&source=n&minor=n HTTP/1.1" 200 9174 "-" "Mozilla/5.0 (compatible; Barkrowler/0.9; +https://babbar.tech/crawler)"
154.54.249.196 - - [30/Aug/2022:14:08:11 +0200] "GET /PmWiki/SimultaneousEdits?action=edit HTTP/1.1" 200 8750 "-" "Mozilla/5.0 (compatible; Barkrowler/0.9; +https://babbar.tech/crawler)"
154.54.249.196 - - [30/Aug/2022:14:08:44 +0200] "GET /PmWiki/SimultaneousEdits?action=print HTTP/1.1" 200 4885 "-" "Mozilla/5.0 (compatible; Barkrowler/0.9; +https://babbar.tech/crawler)"
194.209.200.2 - - [30/Aug/2022:14:09:07 +0200] "GET /Hilfe/AnleitungTonbeispiele HTTP/1.1" 200 9878 "-" "Mozilla/5.0 (compatible; TMMBot/0.2; +http://www.dslab.ch)/Nutch-1.15"
54.36.148.216 - - [30/Aug/2022:14:09:08 +0200] "GET / HTTP/1.1" 200 15085 "-" "Mozilla/5.0 (compatible; AhrefsBot/7.0; +http://ahrefs.com/robot/)"
154.54.249.196 - - [30/Aug/2022:14:09:12 +0200] "GET /PmWiki/SimultaneousEdits?action=upload HTTP/1.1" 200 8650 "-" "Mozilla/5.0 (compatible; Barkrowler/0.9; +https://babbar.tech/crawler)"
85.25.177.139 - - [30/Aug/2022:14:09:40 +0200] "GET /Texte/Roman?action=upload HTTP/1.1" 200 8465 "-" "Mozilla/5.0 (Macintosh; Intel Mac OS X 10.15; rv:103.0) Gecko/20100101 Firefox/103.0"
154.54.249.196 - - [30/Aug/2022:14:09:54 +0200] "GET /PmWikiEs/PmWikiEs?action=diff HTTP/1.1" 200 9222 "-" "Mozilla/5.0 (compatible; Barkrowler/0.9; +https://babbar.tech/crawler)"
154.54.249.196 - - [30/Aug/2022:14:10:25 +0200] "GET /PmWikiVi/PmWikiVi?action=upload HTTP/1.1" 200 11492 "-" "Mozilla/5.0 (compatible; Barkrowler/0.9; +https://babbar.tech/crawler)"
85.25.177.139 - - [30/Aug/2022:14:10:57 +0200] "GET /Texte/Roman?action=edit&restore=diff:1163035251:1163035196:&preview=y HTTP/1.1" 200 8611 "-" "Mozilla/5.0 (Macintosh; Intel Mac OS X 10.15; rv:103.0) Gecko/20100101 Firefox/103.0"
154.54.249.196 - - [30/Aug/2022:14:11:03 +0200] "GET /PmWikiVi/MeoHieuChinh HTTP/1.1" 200 18517 "-" "Mozilla/5.0 (compatible; Barkrowler/0.9; +https://babbar.tech/crawler)"
85.25.177.139 - - [30/Aug/2022:14:11:34 +0200] "GET /PodCast/Sbysst?action=edit HTTP/1.1" 200 8608 "-" "Mozilla/5.0 (Macintosh; Intel Mac OS X 10.15; rv:103.0) Gecko/20100101 Firefox/103.0"
154.54.249.196 - - [30/Aug/2022:14:11:35 +0200] "GET /PmWikiVi/HPThRa?action=edit HTTP/1.1" 200 11564 "-" "Mozilla/5.0 (compatible; Barkrowler/0.9; +https://babbar.tech/crawler)"
154.54.249.196 - - [30/Aug/2022:14:12:13 +0200] "GET /PmWikiPt/PmWikiPt?action=edit HTTP/1.1" 200 8655 "-" "Mozilla/5.0 (compatible; Barkrowler/0.9; +https://babbar.tech/crawler)"
216.244.66.243 - - [30/Aug/2022:14:12:33 +0200] "GET /robots.txt HTTP/1.1" 200 - "-" "Mozilla/5.0 (compatible; DotBot/1.2; +https://opensiteexplorer.org/dotbot; help@moz.com)"
154.54.249.196 - - [30/Aug/2022:14:12:54 +0200] "GET /PmWikiPt/PmWikiPt?action=upload HTTP/1.1" 200 8555 "-" "Mozilla/5.0 (compatible; Barkrowler/0.9; +https://babbar.tech/crawler)"
154.54.249.196 - - [30/Aug/2022:14:13:26 +0200] "GET /PmWikiPo/PmWikiPo?action=upload HTTP/1.1" 200 8555 "-" "Mozilla/5.0 (compatible; Barkrowler/0.9; +https://babbar.tech/crawler)"
154.54.249.196 - - [30/Aug/2022:14:14:02 +0200] "GET /robots.txt HTTP/1.1" 200 - "-" "Mozilla/5.0 (compatible; Barkrowler/0.9; +https://babbar.tech/crawler)"
85.25.177.139 - - [30/Aug/2022:14:14:06 +0200] "GET /Texte/Roman?action=edit&restore=diff:1163035280:1163035251:&preview=y HTTP/1.1" 200 8611 "-" "Mozilla/5.0 (Macintosh; Intel Mac OS X 10.15; rv:103.0) Gecko/20100101 Firefox/103.0"
154.54.249.196 - - [30/Aug/2022:14:14:33 +0200] "GET /PmWikiPl/PmWikiPl?action=upload HTTP/1.1" 200 8555 "-" "Mozilla/5.0 (compatible; Barkrowler/0.9; +https://babbar.tech/crawler)"
154.54.249.196 - - [30/Aug/2022:14:15:14 +0200] "GET /PmWikiPtBr/EdicaoBasica HTTP/1.1" 200 23857 "-" "Mozilla/5.0 (compatible; Barkrowler/0.9; +https://babbar.tech/crawler)"
85.25.177.139 - - [30/Aug/2022:14:15:21 +0200] "GET /PodCast/Sbysst?action=diff HTTP/1.1" 200 19560 "-" "Mozilla/5.0 (Macintosh; Intel Mac OS X 10.15; rv:103.0) Gecko/20100101 Firefox/103.0"
154.54.249.196 - - [30/Aug/2022:14:15:47 +0200] "GET /PmWikiPtBr/OutrasLinguas HTTP/1.1" 200 9981 "-" "Mozilla/5.0 (compatible; Barkrowler/0.9; +https://babbar.tech/crawler)"
85.25.177.139 - - [30/Aug/2022:14:16:01 +0200] "GET /Texte/Roman?action=edit&restore=diff:1177685343:1177684705:&preview=y HTTP/1.1" 200 8611 "-" "Mozilla/5.0 (Macintosh; Intel Mac OS X 10.15; rv:103.0) Gecko/20100101 Firefox/103.0"
154.54.249.196 - - [30/Aug/2022:14:16:22 +0200] "GET /PmWikiPtBr/Colaboradores?action=edit HTTP/1.1" 200 7911 "-" "Mozilla/5.0 (compatible; Barkrowler/0.9; +https://babbar.tech/crawler)"
185.191.171.22 - - [30/Aug/2022:14:16:29 +0200] "GET /PmWikiFr/Cookbook?action=edit HTTP/1.1" 404 18 "-" "Mozilla/5.0 (compatible; SemrushBot/7~bl; +http://www.semrush.com/bot.html)"
154.54.249.196 - - [30/Aug/2022:14:16:53 +0200] "GET /PmWikiPtBr/InterMap?action=edit HTTP/1.1" 200 7843 "-" "Mozilla/5.0 (compatible; Barkrowler/0.9; +https://babbar.tech/crawler)"
154.54.249.196 - - [30/Aug/2022:14:17:33 +0200] "GET /PmWikiPtBr/RecentChanges?action=edit HTTP/1.1" 200 7913 "-" "Mozilla/5.0 (compatible; Barkrowler/0.9; +https://babbar.tech/crawler)"
154.54.249.196 - - [30/Aug/2022:14:18:06 +0200] "GET /PmWikiPtBr/RecentChanges?action=upload HTTP/1.1" 200 7813 "-" "Mozilla/5.0 (compatible; Barkrowler/0.9; +https://babbar.tech/crawler)"
85.25.177.139 - - [30/Aug/2022:14:18:34 +0200] "GET /Texte/Roman?action=edit&restore=diff:1178995205:1178724245:&preview=y HTTP/1.1" 200 8611 "-" "Mozilla/5.0 (Macintosh; Intel Mac OS X 10.15; rv:103.0) Gecko/20100101 Firefox/103.0"
154.54.249.196 - - [30/Aug/2022:14:18:39 +0200] "GET /PmWikiPtBr/RecentChanges?action=diff HTTP/1.1" 200 8494 "-" "Mozilla/5.0 (compatible; Barkrowler/0.9; +https://babbar.tech/crawler)"
154.54.249.196 - - [30/Aug/2022:14:19:08 +0200] "GET /PmWikiPtBr/RecentChanges?action=print HTTP/1.1" 404 2431 "-" "Mozilla/5.0 (compatible; Barkrowler/0.9; +https://babbar.tech/crawler)"
154.54.249.196 - - [30/Aug/2022:14:19:41 +0200] "GET /PmWikiSi/PmWikiSi?action=upload HTTP/1.1" 200 8555 "-" "Mozilla/5.0 (compatible; Barkrowler/0.9; +https://babbar.tech/crawler)"
154.54.249.196 - - [30/Aug/2022:14:20:14 +0200] "GET /PmWikiSl/PmWikiSl?action=upload HTTP/1.1" 200 8555 "-" "Mozilla/5.0 (compatible; Barkrowler/0.9; +https://babbar.tech/crawler)"
154.54.249.196 - - [30/Aug/2022:14:20:45 +0200] "GET /PmWikiKr/PmWikiKr?action=print HTTP/1.1" 200 3599 "-" "Mozilla/5.0 (compatible; Barkrowler/0.9; +https://babbar.tech/crawler)"
154.54.249.196 - - [30/Aug/2022:14:21:29 +0200] "GET /PmWikiKr/PmWikiKr?action=upload HTTP/1.1" 200 8555 "-" "Mozilla/5.0 (compatible; Barkrowler/0.9; +https://babbar.tech/crawler)"
154.54.249.196 - - [30/Aug/2022:14:22:05 +0200] "GET /PmWikiKr/PmWikiKr?action=edit HTTP/1.1" 200 8655 "-" "Mozilla/5.0 (compatible; Barkrowler/0.9; +https://babbar.tech/crawler)"
85.25.177.139 - - [30/Aug/2022:14:22:27 +0200] "GET /robots.txt HTTP/1.1" 200 - "-" "Mozilla/5.0 (Macintosh; Intel Mac OS X 10.15; rv:103.0) Gecko/20100101 Firefox/103.0"
85.25.177.139 - - [30/Aug/2022:14:22:28 +0200] "GET /PodCast/Sbysst?action=upload HTTP/1.1" 200 8508 "-" "Mozilla/5.0 (Macintosh; Intel Mac OS X 10.15; rv:103.0) Gecko/20100101 Firefox/103.0"
185.191.171.15 - - [30/Aug/2022:14:22:31 +0200] "GET /PmWikiRu/DeletingPages?action=upload HTTP/1.1" 403 18 "-" "Mozilla/5.0 (compatible; SemrushBot/7~bl; +http://www.semrush.com/bot.html)"
154.54.249.196 - - [30/Aug/2022:14:22:44 +0200] "GET /PmWikiNl/SidebarNl?action=diff HTTP/1.1" 200 7840 "-" "Mozilla/5.0 (compatible; Barkrowler/0.9; +https://babbar.tech/crawler)"
154.54.249.196 - - [30/Aug/2022:14:23:19 +0200] "GET /PmWikiNl/EditQuickReference?action=edit HTTP/1.1" 200 7399 "-" "Mozilla/5.0 (compatible; Barkrowler/0.9; +https://babbar.tech/crawler)"
85.25.177.139 - - [30/Aug/2022:14:23:21 +0200] "GET /Texte/Roman?action=edit&restore=diff:1180443133:1179764445:&preview=y HTTP/1.1" 200 8611 "-" "Mozilla/5.0 (Macintosh; Intel Mac OS X 10.15; rv:103.0) Gecko/20100101 Firefox/103.0"
154.54.249.196 - - [30/Aug/2022:14:23:54 +0200] "GET /robots.txt HTTP/1.1" 200 - "-" "Mozilla/5.0 (compatible; Barkrowler/0.9; +https://babbar.tech/crawler)"
154.54.249.196 - - [30/Aug/2022:14:24:20 +0200] "GET /PmWikiNl/EditQuickReference?action=print HTTP/1.1" 200 3586 "-" "Mozilla/5.0 (compatible; Barkrowler/0.9; +https://babbar.tech/crawler)"
154.54.249.196 - - [30/Aug/2022:14:24:55 +0200] "GET /PmWikiNl/EditQuickReference?action=upload HTTP/1.1" 200 7299 "-" "Mozilla/5.0 (compatible; Barkrowler/0.9; +https://babbar.tech/crawler)"
216.244.66.243 - - [30/Aug/2022:14:25:10 +0200] "GET /PmWikiFr/WikiAdministrator HTTP/1.1" 200 11096 "-" "Mozilla/5.0 (compatible; DotBot/1.2; +https://opensiteexplorer.org/dotbot; help@moz.com)"
85.25.177.139 - - [30/Aug/2022:14:25:27 +0200] "GET /Admin/Links?action=edit&restore=diff:1418663009:1418662856:&preview=y HTTP/1.1" 200 8611 "-" "Mozilla/5.0 (Macintosh; Intel Mac OS X 10.15; rv:103.0) Gecko/20100101 Firefox/103.0"
154.54.249.196 - - [30/Aug/2022:14:25:27 +0200] "GET /PmWikiNl/PmWikiNl?action=upload HTTP/1.1" 200 7159 "-" "Mozilla/5.0 (compatible; Barkrowler/0.9; +https://babbar.tech/crawler)"
85.25.177.139 - - [30/Aug/2022:14:25:58 +0200] "GET /Texte/Roman?action=edit&restore=diff:1231002311:1231002211:&preview=y HTTP/1.1" 200 8611 "-" "Mozilla/5.0 (Macintosh; Intel Mac OS X 10.15; rv:103.0) Gecko/20100101 Firefox/103.0"
154.54.249.196 - - [30/Aug/2022:14:26:00 +0200] "GET /PmWikiRo/PmWikiRo?action=upload HTTP/1.1" 200 8555 "-" "Mozilla/5.0 (compatible; Barkrowler/0.9; +https://babbar.tech/crawler)"
154.54.249.196 - - [30/Aug/2022:14:26:33 +0200] "GET /PmWikiRu/PmWikiRu?action=upload HTTP/1.1" 200 9103 "-" "Mozilla/5.0 (compatible; Barkrowler/0.9; +https://babbar.tech/crawler)"
154.54.249.196 - - [30/Aug/2022:14:27:22 +0200] "GET /PmWikiRu/PmWikiRu?action=print HTTP/1.1" 200 6488 "-" "Mozilla/5.0 (compatible; Barkrowler/0.9; +https://babbar.tech/crawler)"
154.54.249.196 - - [30/Aug/2022:14:27:55 +0200] "GET /PmWikiRu/PmWikiRu?action=edit HTTP/1.1" 200 9203 "-" "Mozilla/5.0 (compatible; Barkrowler/0.9; +https://babbar.tech/crawler)"
85.25.177.139 - - [30/Aug/2022:14:28:13 +0200] "GET /Admin/Links?action=edit&restore=diff:1503675398:1458752316:&preview=y HTTP/1.1" 200 8611 "-" "Mozilla/5.0 (Macintosh; Intel Mac OS X 10.15; rv:103.0) Gecko/20100101 Firefox/103.0"
154.54.249.196 - - [30/Aug/2022:14:28:31 +0200] "GET /PmWikiRu/PmWikiRu?action=diff HTTP/1.1" 200 9770 "-" "Mozilla/5.0 (compatible; Barkrowler/0.9; +https://babbar.tech/crawler)"
154.54.249.196 - - [30/Aug/2022:14:29:02 +0200] "GET /PmWikiRu/FmtPageName?action=diff HTTP/1.1" 200 9818 "-" "Mozilla/5.0 (compatible; Barkrowler/0.9; +https://babbar.tech/crawler)"
154.54.249.196 - - [30/Aug/2022:14:29:34 +0200] "GET /PmWikiRu/FmtPageName?action=print HTTP/1.1" 404 2413 "-" "Mozilla/5.0 (compatible; Barkrowler/0.9; +https://babbar.tech/crawler)"
154.54.249.196 - - [30/Aug/2022:14:30:08 +0200] "GET /PmWikiRu/UploadQuickReference?action=edit HTTP/1.1" 200 9371 "-" "Mozilla/5.0 (compatible; Barkrowler/0.9; +https://babbar.tech/crawler)"
85.25.177.139 - - [30/Aug/2022:14:30:15 +0200] "GET /Texte/Roman?action=edit&restore=diff:1179236325:1179236030:&preview=y HTTP/1.1" 200 8611 "-" "Mozilla/5.0 (Macintosh; Intel Mac OS X 10.15; rv:103.0) Gecko/20100101 Firefox/103.0"
154.54.249.196 - - [30/Aug/2022:14:30:54 +0200] "GET /PmWikiRu/UploadQuickReference?action=upload HTTP/1.1" 200 9271 "-" "Mozilla/5.0 (compatible; Barkrowler/0.9; +https://babbar.tech/crawler)"
154.54.249.196 - - [30/Aug/2022:14:31:31 +0200] "GET /PmWikiRu/UploadQuickReference?action=print HTTP/1.1" 200 4198 "-" "Mozilla/5.0 (compatible; Barkrowler/0.9; +https://babbar.tech/crawler)"
154.54.249.196 - - [30/Aug/2022:14:32:04 +0200] "GET /PmWikiRu/Skins?skin=monobook HTTP/1.1" 200 25244 "-" "Mozilla/5.0 (compatible; Barkrowler/0.9; +https://babbar.tech/crawler)"
85.25.177.139 - - [30/Aug/2022:14:32:16 +0200] "GET /Texte/Roman?action=edit&restore=diff:1177685460:1177685343:&preview=y HTTP/1.1" 200 8611 "-" "Mozilla/5.0 (Macintosh; Intel Mac OS X 10.15; rv:103.0) Gecko/20100101 Firefox/103.0"
154.54.249.196 - - [30/Aug/2022:14:32:38 +0200] "GET /PmWikiRu/AvailableActions?action=diff HTTP/1.1" 200 9932 "-" "Mozilla/5.0 (compatible; Barkrowler/0.9; +https://babbar.tech/crawler)"
154.54.249.196 - - [30/Aug/2022:14:33:10 +0200] "GET /PmWikiRu/MarkupExpressions?action=edit HTTP/1.1" 200 9327 "-" "Mozilla/5.0 (compatible; Barkrowler/0.9; +https://babbar.tech/crawler)"
154.54.249.196 - - [30/Aug/2022:14:33:45 +0200] "GET /robots.txt HTTP/1.1" 200 - "-" "Mozilla/5.0 (compatible; Barkrowler/0.9; +https://babbar.tech/crawler)"
154.54.249.196 - - [30/Aug/2022:14:34:22 +0200] "GET /PmWikiRu/UrlApprovals?action=diff HTTP/1.1" 200 9832 "-" "Mozilla/5.0 (compatible; Barkrowler/0.9; +https://babbar.tech/crawler)"
85.25.177.139 - - [30/Aug/2022:14:34:32 +0200] "GET /Texte/Roman?action=edit&restore=diff:1231001832:1231001605:&preview=y HTTP/1.1" 200 8611 "-" "Mozilla/5.0 (Macintosh; Intel Mac OS X 10.15; rv:103.0) Gecko/20100101 Firefox/103.0"
154.54.249.196 - - [30/Aug/2022:14:34:54 +0200] "GET /PmWikiRu/InitialSetupTasks?action=print HTTP/1.1" 200 13510 "-" "Mozilla/5.0 (compatible; Barkrowler/0.9; +https://babbar.tech/crawler)"
154.54.249.196 - - [30/Aug/2022:14:35:27 +0200] "GET /PmWikiRu/EditQuickReference?action=edit HTTP/1.1" 200 9343 "-" "Mozilla/5.0 (compatible; Barkrowler/0.9; +https://babbar.tech/crawler)"
154.54.249.196 - - [30/Aug/2022:14:35:56 +0200] "GET /PmWikiRu/EditQuickReference?action=upload HTTP/1.1" 200 9243 "-" "Mozilla/5.0 (compatible; Barkrowler/0.9; +https://babbar.tech/crawler)"
85.25.177.139 - - [30/Aug/2022:14:36:15 +0200] "GET /Texte/Roman?action=edit&restore=diff:1179235988:1179235412:&preview=y HTTP/1.1" 200 8611 "-" "Mozilla/5.0 (Macintosh; Intel Mac OS X 10.15; rv:103.0) Gecko/20100101 Firefox/103.0"
154.54.249.196 - - [30/Aug/2022:14:36:30 +0200] "GET /PmWikiRu/EditQuickReference?action=print HTTP/1.1" 200 6132 "-" "Mozilla/5.0 (compatible; Barkrowler/0.9; +https://babbar.tech/crawler)"
154.54.249.196 - - [30/Aug/2022:14:37:07 +0200] "GET /PmWikiRu/WikiStyleExamples?action=edit HTTP/1.1" 200 9361 "-" "Mozilla/5.0 (compatible; Barkrowler/0.9; +https://babbar.tech/crawler)"
154.54.249.196 - - [30/Aug/2022:14:37:43 +0200] "GET /PmWikiRu/WikiStyleExamples?action=print HTTP/1.1" 200 15020 "-" "Mozilla/5.0 (compatible; Barkrowler/0.9; +https://babbar.tech/crawler)"
85.25.177.139 - - [30/Aug/2022:14:37:49 +0200] "GET /Texte/Roman?action=edit&restore=diff:1163035078:1163035010:&preview=y HTTP/1.1" 200 8611 "-" "Mozilla/5.0 (Macintosh; Intel Mac OS X 10.15; rv:103.0) Gecko/20100101 Firefox/103.0"
154.54.249.196 - - [30/Aug/2022:14:38:14 +0200] "GET /PmWikiRu/WikiStyleExamples?action=upload HTTP/1.1" 200 9261 "-" "Mozilla/5.0 (compatible; Barkrowler/0.9; +https://babbar.tech/crawler)"
194.209.200.2 - - [30/Aug/2022:14:38:25 +0200] "GET /robots.txt HTTP/1.1" 200 - "-" "Mozilla/5.0 (compatible; TMMBot/0.2; +http://www.dslab.ch)/Nutch-1.15"
194.209.200.2 - - [30/Aug/2022:14:38:25 +0200] "GET /Texte/Limericks HTTP/1.1" 200 8087 "-" "Mozilla/5.0 (compatible; TMMBot/0.2; +http://www.dslab.ch)/Nutch-1.15"
85.25.177.139 - - [30/Aug/2022:14:38:27 +0200] "GET /Admin/Links?action=diff&source=y&minor=n HTTP/1.1" 200 23814 "-" "Mozilla/5.0 (Macintosh; Intel Mac OS X 10.15; rv:103.0) Gecko/20100101 Firefox/103.0"
194.209.200.2 - - [30/Aug/2022:14:38:30 +0200] "GET /Texte/Schrybwys HTTP/1.1" 200 11028 "-" "Mozilla/5.0 (compatible; TMMBot/0.2; +http://www.dslab.ch)/Nutch-1.15"
154.54.249.196 - - [30/Aug/2022:14:38:52 +0200] "GET /PmWikiRu/WikiFarmsAdvanced?action=edit HTTP/1.1" 200 9329 "-" "Mozilla/5.0 (compatible; Barkrowler/0.9; +https://babbar.tech/crawler)"
154.54.249.196 - - [30/Aug/2022:14:39:26 +0200] "GET /PmWikiRu/WikiFarmsAdvanced?action=upload HTTP/1.1" 200 9229 "-" "Mozilla/5.0 (compatible; Barkrowler/0.9; +https://babbar.tech/crawler)"
194.209.200.2 - - [30/Aug/2022:14:39:27 +0200] "GET /Texte/ArsAmatoria HTTP/1.1" 200 12369 "-" "Mozilla/5.0 (compatible; TMMBot/0.2; +http://www.dslab.ch)/Nutch-1.15"
194.209.200.2 - - [30/Aug/2022:14:39:43 +0200] "GET /Texte/GDicht HTTP/1.1" 200 8050 "-" "Mozilla/5.0 (compatible; TMMBot/0.2; +http://www.dslab.ch)/Nutch-1.15"
157.55.39.60 - - [30/Aug/2022:14:39:55 +0200] "GET /Site/Search?pagename=Site%2FSearch&q= HTTP/1.1" 200 10615 "-" "Mozilla/5.0 (compatible; bingbot/2.0; +http://www.bing.com/bingbot.htm)"
154.54.249.196 - - [30/Aug/2022:14:39:58 +0200] "GET /PmWikiRu/WikiFarmsAdvanced?action=diff HTTP/1.1" 200 9914 "-" "Mozilla/5.0 (compatible; Barkrowler/0.9; +https://babbar.tech/crawler)"
85.25.177.139 - - [30/Aug/2022:14:39:59 +0200] "GET /Texte/Roman?action=edit&restore=diff:1178723458:1178723423:&preview=y HTTP/1.1" 200 8611 "-" "Mozilla/5.0 (Macintosh; Intel Mac OS X 10.15; rv:103.0) Gecko/20100101 Firefox/103.0"
194.209.200.2 - - [30/Aug/2022:14:40:18 +0200] "GET /Texte/Styluebige HTTP/1.1" 200 9998 "-" "Mozilla/5.0 (compatible; TMMBot/0.2; +http://www.dslab.ch)/Nutch-1.15"
154.54.249.196 - - [30/Aug/2022:14:40:37 +0200] "GET /PmWikiRu/WikiFarmsAdvanced?action=print HTTP/1.1" 404 2437 "-" "Mozilla/5.0 (compatible; Barkrowler/0.9; +https://babbar.tech/crawler)"
154.54.249.196 - - [30/Aug/2022:14:41:09 +0200] "GET /PmWikiRu/WikiGroupMotivation?action=edit HTTP/1.1" 200 9357 "-" "Mozilla/5.0 (compatible; Barkrowler/0.9; +https://babbar.tech/crawler)"
194.209.200.2 - - [30/Aug/2022:14:41:49 +0200] "GET /Texte/Gloosse HTTP/1.1" 200 8061 "-" "Mozilla/5.0 (compatible; TMMBot/0.2; +http://www.dslab.ch)/Nutch-1.15"
154.54.249.196 - - [30/Aug/2022:14:41:53 +0200] "GET /PmWikiRu/SearchImprovements?action=print HTTP/1.1" 404 2441 "-" "Mozilla/5.0 (compatible; Barkrowler/0.9; +https://babbar.tech/crawler)"
154.54.249.196 - - [30/Aug/2022:14:42:21 +0200] "GET /PmWikiRu/SearchImprovements?action=upload HTTP/1.1" 200 9241 "-" "Mozilla/5.0 (compatible; Barkrowler/0.9; +https://babbar.tech/crawler)"
85.25.177.139 - - [30/Aug/2022:14:42:44 +0200] "GET /Texte/Roman?action=edit&restore=diff:1163035430:1163035280:&preview=y HTTP/1.1" 200 8611 "-" "Mozilla/5.0 (Macintosh; Intel Mac OS X 10.15; rv:103.0) Gecko/20100101 Firefox/103.0"
154.54.249.196 - - [30/Aug/2022:14:42:56 +0200] "GET /PmWikiRu/SearchImprovements?action=edit HTTP/1.1" 200 9341 "-" "Mozilla/5.0 (compatible; Barkrowler/0.9; +https://babbar.tech/crawler)"
154.54.249.196 - - [30/Aug/2022:14:43:28 +0200] "GET /robots.txt HTTP/1.1" 200 - "-" "Mozilla/5.0 (compatible; Barkrowler/0.9; +https://babbar.tech/crawler)"
85.25.177.139 - - [30/Aug/2022:14:44:04 +0200] "GET /Admin/Links?action=edit&restore=diff:1231706746:1231706710:&preview=y HTTP/1.1" 200 8611 "-" "Mozilla/5.0 (Macintosh; Intel Mac OS X 10.15; rv:103.0) Gecko/20100101 Firefox/103.0"
154.54.249.196 - - [30/Aug/2022:14:44:04 +0200] "GET /PmWikiRu/ConditionalMarkup?action=print HTTP/1.1" 200 15376 "-" "Mozilla/5.0 (compatible; Barkrowler/0.9; +https://babbar.tech/crawler)"
194.209.200.2 - - [30/Aug/2022:14:44:33 +0200] "GET /Hilfe/AnleitungTonbeispiele HTTP/1.1" 200 9878 "-" "Mozilla/5.0 (compatible; TMMBot/0.2; +http://www.dslab.ch)/Nutch-1.15"
154.54.249.196 - - [30/Aug/2022:14:44:41 +0200] "GET /PmWikiRu/ConditionalMarkup?action=edit HTTP/1.1" 200 9357 "-" "Mozilla/5.0 (compatible; Barkrowler/0.9; +https://babbar.tech/crawler)"
85.25.177.139 - - [30/Aug/2022:14:44:49 +0200] "GET /Texte/Limericks?action=diff&source=n&minor=n HTTP/1.1" 200 9587 "-" "Mozilla/5.0 (Macintosh; Intel Mac OS X 10.15; rv:103.0) Gecko/20100101 Firefox/103.0"
154.54.249.196 - - [30/Aug/2022:14:45:15 +0200] "GET /PmWikiRu/ConditionalMarkup?action=upload HTTP/1.1" 200 9257 "-" "Mozilla/5.0 (compatible; Barkrowler/0.9; +https://babbar.tech/crawler)"
154.54.249.196 - - [30/Aug/2022:14:45:53 +0200] "GET /PmWikiRu/PagelistVariables?action=edit HTTP/1.1" 200 9327 "-" "Mozilla/5.0 (compatible; Barkrowler/0.9; +https://babbar.tech/crawler)"
154.54.249.196 - - [30/Aug/2022:14:46:31 +0200] "GET /PmWikiRu/PagelistVariables?action=upload HTTP/1.1" 200 9227 "-" "Mozilla/5.0 (compatible; Barkrowler/0.9; +https://babbar.tech/crawler)"
85.25.177.139 - - [30/Aug/2022:14:46:42 +0200] "GET /Hilfe/Quicktime?action=upload HTTP/1.1" 200 8521 "-" "Mozilla/5.0 (Macintosh; Intel Mac OS X 10.15; rv:103.0) Gecko/20100101 Firefox/103.0"
154.54.249.196 - - [30/Aug/2022:14:47:07 +0200] "GET /PmWikiRu/PagelistVariables?action=print HTTP/1.1" 404 2437 "-" "Mozilla/5.0 (compatible; Barkrowler/0.9; +https://babbar.tech/crawler)"
154.54.249.196 - - [30/Aug/2022:14:47:46 +0200] "GET /PmWikiRu/PagelistVariables?action=diff HTTP/1.1" 200 9912 "-" "Mozilla/5.0 (compatible; Barkrowler/0.9; +https://babbar.tech/crawler)"
154.54.249.196 - - [30/Aug/2022:14:48:23 +0200] "GET /PmWikiRu/PageTextVariables?action=edit HTTP/1.1" 200 9329 "-" "Mozilla/5.0 (compatible; Barkrowler/0.9; +https://babbar.tech/crawler)"
154.54.249.196 - - [30/Aug/2022:14:48:56 +0200] "GET /PmWikiRu/DebugVariables?action=edit HTTP/1.1" 200 9285 "-" "Mozilla/5.0 (compatible; Barkrowler/0.9; +https://babbar.tech/crawler)"
154.54.249.196 - - [30/Aug/2022:14:49:36 +0200] "GET /PmWikiTw/PmWikiTw?action=upload HTTP/1.1" 200 8555 "-" "Mozilla/5.0 (compatible; Barkrowler/0.9; +https://babbar.tech/crawler)"
154.54.249.196 - - [30/Aug/2022:14:50:10 +0200] "GET /PmWikiTw/PmWikiTw?action=print HTTP/1.1" 200 3217 "-" "Mozilla/5.0 (compatible; Barkrowler/0.9; +https://babbar.tech/crawler)"
66.249.76.237 - - [30/Aug/2022:14:50:15 +0200] "GET /PodCast/IndexPage?action=rss HTTP/1.1" 200 6298 "-" "Mozilla/5.0 (compatible; Googlebot/2.1; +http://www.google.com/bot.html)"
85.25.177.139 - - [30/Aug/2022:14:50:16 +0200] "GET /robots.txt HTTP/1.1" 200 - "-" "Mozilla/5.0 (Macintosh; Intel Mac OS X 10.15; rv:103.0) Gecko/20100101 Firefox/103.0"
85.25.177.139 - - [30/Aug/2022:14:50:16 +0200] "GET /Admin/Links?action=edit&restore=diff:1447604629:1418663009:&preview=y HTTP/1.1" 200 8611 "-" "Mozilla/5.0 (Macintosh; Intel Mac OS X 10.15; rv:103.0) Gecko/20100101 Firefox/103.0"
154.54.249.196 - - [30/Aug/2022:14:50:42 +0200] "GET /PmWikiTw/PmWikiTw?action=edit HTTP/1.1" 200 8655 "-" "Mozilla/5.0 (compatible; Barkrowler/0.9; +https://babbar.tech/crawler)"
154.54.249.196 - - [30/Aug/2022:14:51:15 +0200] "GET /PmWikiTw/PmWikiTw?action=diff HTTP/1.1" 200 9222 "-" "Mozilla/5.0 (compatible; Barkrowler/0.9; +https://babbar.tech/crawler)"
85.25.177.139 - - [30/Aug/2022:14:51:37 +0200] "GET /Hilfe/Quicktime?action=print HTTP/1.1" 200 3312 "-" "Mozilla/5.0 (Macintosh; Intel Mac OS X 10.15; rv:103.0) Gecko/20100101 Firefox/103.0"
154.54.249.196 - - [30/Aug/2022:14:51:51 +0200] "GET /PmWikiTr/PmWikiTr?action=edit HTTP/1.1" 200 8655 "-" "Mozilla/5.0 (compatible; Barkrowler/0.9; +https://babbar.tech/crawler)"
154.54.249.196 - - [30/Aug/2022:14:52:35 +0200] "GET /PmWikiTr/PmWikiTr?action=upload HTTP/1.1" 200 8555 "-" "Mozilla/5.0 (compatible; Barkrowler/0.9; +https://babbar.tech/crawler)"
85.25.177.139 - - [30/Aug/2022:14:53:04 +0200] "GET /Hilfe/Quicktime?action=diff HTTP/1.1" 200 11115 "-" "Mozilla/5.0 (Macintosh; Intel Mac OS X 10.15; rv:103.0) Gecko/20100101 Firefox/103.0"
154.54.249.196 - - [30/Aug/2022:14:53:06 +0200] "GET /PmWikiTa/PmWikiTa?action=diff HTTP/1.1" 200 9222 "-" "Mozilla/5.0 (compatible; Barkrowler/0.9; +https://babbar.tech/crawler)"
154.54.249.196 - - [30/Aug/2022:14:53:46 +0200] "GET /robots.txt HTTP/1.1" 200 - "-" "Mozilla/5.0 (compatible; Barkrowler/0.9; +https://babbar.tech/crawler)"
85.25.177.139 - - [30/Aug/2022:14:53:59 +0200] "GET /Admin/Links?action=edit&restore=diff:1201807102:1177580651:&preview=y HTTP/1.1" 200 8611 "-" "Mozilla/5.0 (Macintosh; Intel Mac OS X 10.15; rv:103.0) Gecko/20100101 Firefox/103.0"
154.54.249.196 - - [30/Aug/2022:14:54:25 +0200] "GET /PmWikiJa/ViewModes?action=diff HTTP/1.1" 200 9236 "-" "Mozilla/5.0 (compatible; Barkrowler/0.9; +https://babbar.tech/crawler)"
154.54.249.196 - - [30/Aug/2022:14:55:08 +0200] "GET /PmWikiJa/VisitorsLogging?action=edit HTTP/1.1" 200 8751 "-" "Mozilla/5.0 (compatible; Barkrowler/0.9; +https://babbar.tech/crawler)"
154.54.249.196 - - [30/Aug/2022:14:55:38 +0200] "GET /PmWikiJa/VisitorsLogging?action=diff HTTP/1.1" 200 9332 "-" "Mozilla/5.0 (compatible; Barkrowler/0.9; +https://babbar.tech/crawler)"
85.25.177.139 - - [30/Aug/2022:14:56:04 +0200] "GET /Admin/Links?action=edit&restore=diff:1231706772:1231706746:&preview=y HTTP/1.1" 200 8611 "-" "Mozilla/5.0 (Macintosh; Intel Mac OS X 10.15; rv:103.0) Gecko/20100101 Firefox/103.0"
154.54.249.196 - - [30/Aug/2022:14:56:15 +0200] "GET /PmWikiJa/VisitorsLogging?action=upload HTTP/1.1" 200 8651 "-" "Mozilla/5.0 (compatible; Barkrowler/0.9; +https://babbar.tech/crawler)"
154.54.249.196 - - [30/Aug/2022:14:56:44 +0200] "GET /PmWikiJa/VisitorsLogging?action=print HTTP/1.1" 404 2429 "-" "Mozilla/5.0 (compatible; Barkrowler/0.9; +https://babbar.tech/crawler)"
154.54.249.196 - - [30/Aug/2022:14:57:18 +0200] "GET /PmWikiJa/CountGlyphs?action=print HTTP/1.1" 404 2413 "-" "Mozilla/5.0 (compatible; Barkrowler/0.9; +https://babbar.tech/crawler)"
85.25.177.139 - - [30/Aug/2022:14:57:18 +0200] "GET /Hilfe/Quicktime?action=edit HTTP/1.1" 200 8621 "-" "Mozilla/5.0 (Macintosh; Intel Mac OS X 10.15; rv:103.0) Gecko/20100101 Firefox/103.0"
154.54.249.196 - - [30/Aug/2022:14:58:00 +0200] "GET /PmWikiJa/CountGlyphs?action=edit HTTP/1.1" 200 8695 "-" "Mozilla/5.0 (compatible; Barkrowler/0.9; +https://babbar.tech/crawler)"
216.244.66.243 - - [30/Aug/2022:14:58:06 +0200] "GET /robots.txt HTTP/1.1" 200 - "-" "Mozilla/5.0 (compatible; DotBot/1.2; +https://opensiteexplorer.org/dotbot; help@moz.com)"
85.25.177.139 - - [30/Aug/2022:14:58:19 +0200] "GET /Admin/Links?action=edit&restore=diff:1233091516:1233091485:&preview=y HTTP/1.1" 200 8611 "-" "Mozilla/5.0 (Macintosh; Intel Mac OS X 10.15; rv:103.0) Gecko/20100101 Firefox/103.0"
154.54.249.196 - - [30/Aug/2022:14:58:45 +0200] "GET /PmWikiJa/PrintingWithStyle?action=edit HTTP/1.1" 200 8781 "-" "Mozilla/5.0 (compatible; Barkrowler/0.9; +https://babbar.tech/crawler)"
154.54.249.196 - - [30/Aug/2022:14:59:19 +0200] "GET /PmWikiJa/ConditionalExtensions?action=diff HTTP/1.1" 200 9428 "-" "Mozilla/5.0 (compatible; Barkrowler/0.9; +https://babbar.tech/crawler)"
154.54.249.196 - - [30/Aug/2022:14:59:59 +0200] "GET /PmWikiJa/HorizontalVerticalMenu?action=print HTTP/1.1" 404 2457 "-" "Mozilla/5.0 (compatible; Barkrowler/0.9; +https://babbar.tech/crawler)"
85.25.177.139 - - [30/Aug/2022:15:00:24 +0200] "GET /Admin/Links?action=edit&restore=diff:1418662856:1361974943:&preview=y HTTP/1.1" 200 8611 "-" "Mozilla/5.0 (Macintosh; Intel Mac OS X 10.15; rv:103.0) Gecko/20100101 Firefox/103.0"
154.54.249.196 - - [30/Aug/2022:15:00:30 +0200] "GET /PmWikiJa/HorizontalVerticalMenu?action=edit HTTP/1.1" 200 8851 "-" "Mozilla/5.0 (compatible; Barkrowler/0.9; +https://babbar.tech/crawler)"
154.54.249.196 - - [30/Aug/2022:15:01:07 +0200] "GET /PmWikiJa/HorizontalVerticalMenu?action=upload HTTP/1.1" 200 8751 "-" "Mozilla/5.0 (compatible; Barkrowler/0.9; +https://babbar.tech/crawler)"
154.54.249.196 - - [30/Aug/2022:15:01:35 +0200] "GET /PmWikiJa/ChessMarkup?action=upload HTTP/1.1" 200 8595 "-" "Mozilla/5.0 (compatible; Barkrowler/0.9; +https://babbar.tech/crawler)"
154.54.249.196 - - [30/Aug/2022:15:02:10 +0200] "GET /PmWikiJa/ChangeTimeFormat?action=edit HTTP/1.1" 200 8767 "-" "Mozilla/5.0 (compatible; Barkrowler/0.9; +https://babbar.tech/crawler)"
85.25.177.139 - - [30/Aug/2022:15:02:22 +0200] "GET /PodCast HTTP/1.1" 302 167 "-" "Mozilla/5.0 (Macintosh; Intel Mac OS X 10.15; rv:103.0) Gecko/20100101 Firefox/103.0"
154.54.249.196 - - [30/Aug/2022:15:02:40 +0200] "GET /PmWikiJa/ChangeTimeFormat?action=diff HTTP/1.1" 200 9350 "-" "Mozilla/5.0 (compatible; Barkrowler/0.9; +https://babbar.tech/crawler)"
85.25.177.139 - - [30/Aug/2022:15:03:05 +0200] "GET /Admin/Links?action=edit&restore=diff:1447604686:1447604629:&preview=y HTTP/1.1" 200 8611 "-" "Mozilla/5.0 (Macintosh; Intel Mac OS X 10.15; rv:103.0) Gecko/20100101 Firefox/103.0"
154.54.249.196 - - [30/Aug/2022:15:03:13 +0200] "GET /PmWikiJa/ChangeTimeFormat?action=upload HTTP/1.1" 200 8667 "-" "Mozilla/5.0 (compatible; Barkrowler/0.9; +https://babbar.tech/crawler)"
114.119.140.99 - - [30/Aug/2022:15:03:35 +0200] "GET /PmWiki/UpgradingFromPmWiki1?action=diff&source=y&minor=y HTTP/1.1" 403 18 "http://www.pro-zurituutsch.ch/PmWiki/UpgradingFromPmWiki1?action=diff&source=y&minor=n" "Mozilla/5.0 (Linux; Android 7.0;) AppleWebKit/537.36 (KHTML, like Gecko) Mobile Safari/537.36 (compatible; PetalBot;+https://webmaster.petalsearch.com/site/petalbot)"
85.25.177.139 - - [30/Aug/2022:15:05:05 +0200] "GET /Admin/Links?action=edit&restore=diff:1458752256:1458752239:&preview=y HTTP/1.1" 200 8611 "-" "Mozilla/5.0 (Macintosh; Intel Mac OS X 10.15; rv:103.0) Gecko/20100101 Firefox/103.0"
154.54.249.196 - - [30/Aug/2022:15:05:37 +0200] "GET /robots.txt HTTP/1.1" 200 - "-" "Mozilla/5.0 (compatible; Barkrowler/0.9; +https://babbar.tech/crawler)"
85.25.177.139 - - [30/Aug/2022:15:06:22 +0200] "GET /PodCast/Schlaaffloos1?action=edit&restore=diff:1447019590:1320340034:&preview=y HTTP/1.1" 200 8754 "-" "Mozilla/5.0 (Macintosh; Intel Mac OS X 10.15; rv:103.0) Gecko/20100101 Firefox/103.0"
154.54.249.196 - - [30/Aug/2022:15:06:24 +0200] "GET /PmWikiJa/ChangeTimeFormat?action=print HTTP/1.1" 200 7053 "-" "Mozilla/5.0 (compatible; Barkrowler/0.9; +https://babbar.tech/crawler)"
154.54.249.196 - - [30/Aug/2022:15:06:56 +0200] "GET /PmWikiJa/GroupHomePageChange?action=edit HTTP/1.1" 200 8811 "-" "Mozilla/5.0 (compatible; Barkrowler/0.9; +https://babbar.tech/crawler)"
85.25.177.139 - - [30/Aug/2022:15:07:01 +0200] "GET /Admin/Links?action=edit&restore=diff:1503675448:1503675398:&preview=y HTTP/1.1" 200 8611 "-" "Mozilla/5.0 (Macintosh; Intel Mac OS X 10.15; rv:103.0) Gecko/20100101 Firefox/103.0"
154.54.249.196 - - [30/Aug/2022:15:07:33 +0200] "GET /PmWikiJa/GroupHomePageChange?action=upload HTTP/1.1" 200 8711 "-" "Mozilla/5.0 (compatible; Barkrowler/0.9; +https://babbar.tech/crawler)"
154.54.249.196 - - [30/Aug/2022:15:08:02 +0200] "GET /PmWikiJa/GroupHomePageChange?action=print HTTP/1.1" 404 2445 "-" "Mozilla/5.0 (compatible; Barkrowler/0.9; +https://babbar.tech/crawler)"
