66.249.76.251 - - [19/Aug/2022:00:04:35 +0200] "GET /PodCast/IndexPage?action=rss HTTP/1.1" 200 6298 "-" "Mozilla/5.0 (compatible; Googlebot/2.1; +http://www.google.com/bot.html)"
194.209.200.2 - - [19/Aug/2022:00:14:08 +0200] "GET /robots.txt HTTP/1.1" 200 - "-" "Mozilla/5.0 (compatible; TMMBot/0.2; +http://www.dslab.ch)/Nutch-1.15"
194.209.200.2 - - [19/Aug/2022:00:14:08 +0200] "GET /Texte/Rezension HTTP/1.1" 200 11812 "-" "Mozilla/5.0 (compatible; TMMBot/0.2; +http://www.dslab.ch)/Nutch-1.15"
194.209.200.2 - - [19/Aug/2022:00:16:13 +0200] "GET /Admin/Jahresbericht HTTP/1.1" 200 45530 "-" "Mozilla/5.0 (compatible; TMMBot/0.2; +http://www.dslab.ch)/Nutch-1.15"
194.209.200.2 - - [19/Aug/2022:00:16:38 +0200] "GET /Texte/Schrybwys HTTP/1.1" 200 11028 "-" "Mozilla/5.0 (compatible; TMMBot/0.2; +http://www.dslab.ch)/Nutch-1.15"
85.25.177.139 - - [19/Aug/2022:00:17:41 +0200] "GET /robots.txt HTTP/1.1" 200 - "-" "SEO Scanner/1.2.4 (SEO Crawler; seoscanners.info; info@seoscanners.info)"
85.25.177.139 - - [19/Aug/2022:00:17:41 +0200] "GET /Admin/ZurStiftung?action=upload HTTP/1.1" 403 18 "-" "SEO Scanner/1.2.4 (SEO Crawler; seoscanners.info; info@seoscanners.info)"
194.209.200.2 - - [19/Aug/2022:00:18:26 +0200] "GET /Texte/Metamorphoses HTTP/1.1" 200 9045 "-" "Mozilla/5.0 (compatible; TMMBot/0.2; +http://www.dslab.ch)/Nutch-1.15"
194.209.200.2 - - [19/Aug/2022:00:20:35 +0200] "GET /Admin/Pro-ZurituutschStatuten HTTP/1.1" 200 9580 "-" "Mozilla/5.0 (compatible; TMMBot/0.2; +http://www.dslab.ch)/Nutch-1.15"
194.209.200.2 - - [19/Aug/2022:00:22:09 +0200] "GET /Hilfe/AnleitungTonbeispiele HTTP/1.1" 200 9878 "-" "Mozilla/5.0 (compatible; TMMBot/0.2; +http://www.dslab.ch)/Nutch-1.15"
185.191.171.43 - - [19/Aug/2022:00:29:35 +0200] "GET /Texte/Metamorphoses?action=upload HTTP/1.1" 403 18 "-" "Mozilla/5.0 (compatible; SemrushBot/7~bl; +http://www.semrush.com/bot.html)"
185.191.171.45 - - [19/Aug/2022:00:34:02 +0200] "GET /PmWikiDe/Passwords?action=diff HTTP/1.1" 403 18 "-" "Mozilla/5.0 (compatible; SemrushBot/7~bl; +http://www.semrush.com/bot.html)"
185.191.171.39 - - [19/Aug/2022:00:35:19 +0200] "GET /PmWikiFr/UrlApprovals?action=diff HTTP/1.1" 403 18 "-" "Mozilla/5.0 (compatible; SemrushBot/7~bl; +http://www.semrush.com/bot.html)"
3.216.185.164 - - [19/Aug/2022:00:36:26 +0200] "GET /PodCast/IndexPage?action=rss HTTP/1.1" 200 6298 "-" "PocketCasts/1.0 (Pocket Casts Feed Parser; +http://pocketcasts.com/)"
37.19.210.69 - - [19/Aug/2022:00:39:56 +0200] "GET /Texte/Rezension HTTP/1.1" 200 11812 "http://www.pro-zurituutsch.ch" "Mozilla/5.0 (Windows NT 10.0; Win64; x64) AppleWebKit/537.36 (KHTML, like Gecko) Chrome/62.0.3202.94 Safari/537.36"
42.236.10.81 - - [19/Aug/2022:00:40:09 +0200] "GET / HTTP/1.1" 200 15085 "http://www.pro-zurituutsch.ch/" "Mozilla/5.0 (iPhone; CPU iPhone OS 11_0 like Mac OS X) AppleWebKit/604.1.34 (KHTML, like Gecko) Version/11.0 Mobile/15A5341f Safari/604.1;360Spider"
20.191.45.212 - - [19/Aug/2022:00:47:40 +0200] "GET / HTTP/1.1" 200 15085 "http://www.pro-zurituutsch.ch/" "Mozilla/5.0 (compatible; DuckDuckGo-Favicons-Bot/1.0; +http://duckduckgo.com)"
20.191.45.212 - - [19/Aug/2022:00:47:41 +0200] "GET /pub/skins/pro-zurituutsch/images/favicon.ico HTTP/1.1" 200 1406 "http://www.pro-zurituutsch.ch/pub/skins/pro-zurituutsch/images/favicon.ico" "Mozilla/5.0 (compatible; DuckDuckGo-Favicons-Bot/1.0; +http://duckduckgo.com)"
194.209.200.2 - - [19/Aug/2022:00:48:51 +0200] "GET /robots.txt HTTP/1.1" 200 - "-" "Mozilla/5.0 (compatible; TMMBot/0.2; +http://www.dslab.ch)/Nutch-1.15"
194.209.200.2 - - [19/Aug/2022:00:48:51 +0200] "GET /Texte/Rezension HTTP/1.1" 200 11812 "-" "Mozilla/5.0 (compatible; TMMBot/0.2; +http://www.dslab.ch)/Nutch-1.15"
194.209.200.2 - - [19/Aug/2022:00:50:46 +0200] "GET /Admin/Jahresbericht HTTP/1.1" 200 45530 "-" "Mozilla/5.0 (compatible; TMMBot/0.2; +http://www.dslab.ch)/Nutch-1.15"
194.209.200.2 - - [19/Aug/2022:00:51:09 +0200] "GET /Texte/Schrybwys HTTP/1.1" 200 11028 "-" "Mozilla/5.0 (compatible; TMMBot/0.2; +http://www.dslab.ch)/Nutch-1.15"
194.209.200.2 - - [19/Aug/2022:00:52:44 +0200] "GET /Texte/Metamorphoses HTTP/1.1" 200 9045 "-" "Mozilla/5.0 (compatible; TMMBot/0.2; +http://www.dslab.ch)/Nutch-1.15"
194.209.200.2 - - [19/Aug/2022:00:54:56 +0200] "GET /Admin/Pro-ZurituutschStatuten HTTP/1.1" 200 9580 "-" "Mozilla/5.0 (compatible; TMMBot/0.2; +http://www.dslab.ch)/Nutch-1.15"
194.209.200.2 - - [19/Aug/2022:00:56:38 +0200] "GET /Hilfe/AnleitungTonbeispiele HTTP/1.1" 200 9878 "-" "Mozilla/5.0 (compatible; TMMBot/0.2; +http://www.dslab.ch)/Nutch-1.15"
66.249.76.253 - - [19/Aug/2022:00:57:45 +0200] "GET /PodCast/IndexPage?action=rss HTTP/1.1" 200 6298 "-" "Mozilla/5.0 (compatible; Googlebot/2.1; +http://www.google.com/bot.html)"
185.191.171.25 - - [19/Aug/2022:01:10:14 +0200] "GET /robots.txt HTTP/1.1" 200 - "-" "Mozilla/5.0 (compatible; SemrushBot/7~bl; +http://www.semrush.com/bot.html)"
185.191.171.17 - - [19/Aug/2022:01:10:21 +0200] "GET /PmWikiFr/GroupHeaders?action=upload HTTP/1.1" 403 18 "-" "Mozilla/5.0 (compatible; SemrushBot/7~bl; +http://www.semrush.com/bot.html)"
85.25.177.139 - - [19/Aug/2022:01:17:14 +0200] "GET /robots.txt HTTP/1.1" 200 - "-" "SEO Scanner/1.2.4 (SEO Crawler; seoscanners.info; info@seoscanners.info)"
85.25.177.139 - - [19/Aug/2022:01:17:14 +0200] "GET /Admin/ZurStiftung?action=upload HTTP/1.1" 403 18 "-" "SEO Scanner/1.2.4 (SEO Crawler; seoscanners.info; info@seoscanners.info)"
209.107.204.225 - - [19/Aug/2022:01:25:09 +0200] "GET /Texte/Rezension HTTP/1.1" 200 11812 "http://www.pro-zurituutsch.ch" "Mozilla/5.0 (Windows NT 10.0; Win64; x64) AppleWebKit/537.36 (KHTML, like Gecko) Chrome/62.0.3202.94 Safari/537.36"
194.209.200.2 - - [19/Aug/2022:01:39:15 +0200] "GET /robots.txt HTTP/1.1" 200 - "-" "Mozilla/5.0 (compatible; TMMBot/0.2; +http://www.dslab.ch)/Nutch-1.15"
194.209.200.2 - - [19/Aug/2022:01:39:15 +0200] "GET /Texte/Rezension HTTP/1.1" 200 11812 "-" "Mozilla/5.0 (compatible; TMMBot/0.2; +http://www.dslab.ch)/Nutch-1.15"
194.209.200.2 - - [19/Aug/2022:01:41:42 +0200] "GET /Admin/Jahresbericht HTTP/1.1" 200 45530 "-" "Mozilla/5.0 (compatible; TMMBot/0.2; +http://www.dslab.ch)/Nutch-1.15"
194.209.200.2 - - [19/Aug/2022:01:42:11 +0200] "GET /Texte/Schrybwys HTTP/1.1" 200 11028 "-" "Mozilla/5.0 (compatible; TMMBot/0.2; +http://www.dslab.ch)/Nutch-1.15"
185.191.171.5 - - [19/Aug/2022:01:43:24 +0200] "GET /PmWiki/Categories HTTP/1.1" 200 20895 "-" "Mozilla/5.0 (compatible; SemrushBot/7~bl; +http://www.semrush.com/bot.html)"
194.209.200.2 - - [19/Aug/2022:01:43:57 +0200] "GET /Texte/Metamorphoses HTTP/1.1" 200 9045 "-" "Mozilla/5.0 (compatible; TMMBot/0.2; +http://www.dslab.ch)/Nutch-1.15"
194.209.200.2 - - [19/Aug/2022:01:45:43 +0200] "GET /Admin/Pro-ZurituutschStatuten HTTP/1.1" 200 9580 "-" "Mozilla/5.0 (compatible; TMMBot/0.2; +http://www.dslab.ch)/Nutch-1.15"
194.209.200.2 - - [19/Aug/2022:01:47:06 +0200] "GET /Hilfe/AnleitungTonbeispiele HTTP/1.1" 200 9878 "-" "Mozilla/5.0 (compatible; TMMBot/0.2; +http://www.dslab.ch)/Nutch-1.15"
66.249.76.251 - - [19/Aug/2022:01:49:14 +0200] "GET /PodCast/IndexPage?action=rss HTTP/1.1" 200 6298 "-" "Mozilla/5.0 (compatible; Googlebot/2.1; +http://www.google.com/bot.html)"
185.191.171.3 - - [19/Aug/2022:01:59:03 +0200] "GET /Texte/Metamorphoses?action=print HTTP/1.1" 403 18 "-" "Mozilla/5.0 (compatible; SemrushBot/7~bl; +http://www.semrush.com/bot.html)"
8.29.198.27 - - [19/Aug/2022:02:02:40 +0200] "GET /PodCast/IndexPage?action=rss HTTP/1.1" 200 6298 "-" "Feedly/1.0 (+http://www.feedly.com/fetcher.html; 3 subscribers; like FeedFetcher-Google)"
185.191.171.11 - - [19/Aug/2022:02:13:38 +0200] "GET /robots.txt HTTP/1.1" 200 - "-" "Mozilla/5.0 (compatible; SemrushBot/7~bl; +http://www.semrush.com/bot.html)"
185.191.171.2 - - [19/Aug/2022:02:13:38 +0200] "GET /PmWikiNl/SidebarNl?action=edit HTTP/1.1" 403 18 "-" "Mozilla/5.0 (compatible; SemrushBot/7~bl; +http://www.semrush.com/bot.html)"
194.209.200.2 - - [19/Aug/2022:02:15:07 +0200] "GET /robots.txt HTTP/1.1" 200 - "-" "Mozilla/5.0 (compatible; TMMBot/0.2; +http://www.dslab.ch)/Nutch-1.15"
194.209.200.2 - - [19/Aug/2022:02:15:07 +0200] "GET /Texte/Rezension HTTP/1.1" 200 11812 "-" "Mozilla/5.0 (compatible; TMMBot/0.2; +http://www.dslab.ch)/Nutch-1.15"
194.209.200.2 - - [19/Aug/2022:02:17:02 +0200] "GET /Admin/Jahresbericht HTTP/1.1" 200 45530 "-" "Mozilla/5.0 (compatible; TMMBot/0.2; +http://www.dslab.ch)/Nutch-1.15"
85.25.177.139 - - [19/Aug/2022:02:17:07 +0200] "GET /robots.txt HTTP/1.1" 200 - "-" "SEO Scanner/1.2.4 (SEO Crawler; seoscanners.info; info@seoscanners.info)"
85.25.177.139 - - [19/Aug/2022:02:17:07 +0200] "GET /Admin/ZurStiftung?action=diff HTTP/1.1" 403 18 "-" "SEO Scanner/1.2.4 (SEO Crawler; seoscanners.info; info@seoscanners.info)"
194.209.200.2 - - [19/Aug/2022:02:17:26 +0200] "GET /Texte/Schrybwys HTTP/1.1" 200 11028 "-" "Mozilla/5.0 (compatible; TMMBot/0.2; +http://www.dslab.ch)/Nutch-1.15"
194.209.200.2 - - [19/Aug/2022:02:19:07 +0200] "GET /Texte/Metamorphoses HTTP/1.1" 200 9045 "-" "Mozilla/5.0 (compatible; TMMBot/0.2; +http://www.dslab.ch)/Nutch-1.15"
194.209.200.2 - - [19/Aug/2022:02:20:57 +0200] "GET /Admin/Pro-ZurituutschStatuten HTTP/1.1" 200 9580 "-" "Mozilla/5.0 (compatible; TMMBot/0.2; +http://www.dslab.ch)/Nutch-1.15"
194.209.200.2 - - [19/Aug/2022:02:22:19 +0200] "GET /Hilfe/AnleitungTonbeispiele HTTP/1.1" 200 9878 "-" "Mozilla/5.0 (compatible; TMMBot/0.2; +http://www.dslab.ch)/Nutch-1.15"
114.119.141.194 - - [19/Aug/2022:02:25:38 +0200] "GET /PmWikiPt/WikiWikiWeb?action=upload HTTP/1.1" 403 18 "http://www.pro-zurituutsch.ch/PmWikiPt/WikiWikiWeb" "Mozilla/5.0 (Linux; Android 7.0;) AppleWebKit/537.36 (KHTML, like Gecko) Mobile Safari/537.36 (compatible; PetalBot;+https://webmaster.petalsearch.com/site/petalbot)"
168.119.51.163 - - [19/Aug/2022:02:29:55 +0200] "GET /robots.txt HTTP/1.1" 200 - "-" "Mozilla/5.0 (compatible; um-IC/1.0; mailto: techinfo@ubermetrics-technologies.com; Windows NT 6.1; WOW64; rv:40.0) Gecko/20100101 Firefox/40.1"
168.119.51.163 - - [19/Aug/2022:02:29:55 +0200] "GET /PodCast/IndexPage?action=rss HTTP/1.1" 200 6298 "-" "Mozilla/5.0 (compatible; um-IC/1.0; mailto: techinfo@ubermetrics-technologies.com; Windows NT 6.1; WOW64; rv:40.0) Gecko/20100101 Firefox/40.1"
185.191.171.35 - - [19/Aug/2022:02:31:01 +0200] "GET /PmWikiCs/ProhledatWiki?action=diff HTTP/1.1" 403 18 "-" "Mozilla/5.0 (compatible; SemrushBot/7~bl; +http://www.semrush.com/bot.html)"
185.191.171.9 - - [19/Aug/2022:02:39:13 +0200] "GET /PmWikiCs/ProhledatWiki?action=edit HTTP/1.1" 403 18 "-" "Mozilla/5.0 (compatible; SemrushBot/7~bl; +http://www.semrush.com/bot.html)"
185.191.171.2 - - [19/Aug/2022:02:50:12 +0200] "GET /PmWikiDe/PageDirectives?action=print HTTP/1.1" 403 18 "-" "Mozilla/5.0 (compatible; SemrushBot/7~bl; +http://www.semrush.com/bot.html)"
185.191.171.16 - - [19/Aug/2022:02:50:24 +0200] "GET /PmWikiDe/GroupHeaders?action=upload HTTP/1.1" 403 18 "-" "Mozilla/5.0 (compatible; SemrushBot/7~bl; +http://www.semrush.com/bot.html)"
194.209.200.2 - - [19/Aug/2022:02:52:25 +0200] "GET /robots.txt HTTP/1.1" 200 - "-" "Mozilla/5.0 (compatible; TMMBot/0.2; +http://www.dslab.ch)/Nutch-1.15"
194.209.200.2 - - [19/Aug/2022:02:52:25 +0200] "GET /Admin/Jahresbericht HTTP/1.1" 200 45530 "-" "Mozilla/5.0 (compatible; TMMBot/0.2; +http://www.dslab.ch)/Nutch-1.15"
194.209.200.2 - - [19/Aug/2022:02:52:50 +0200] "GET /Texte/Schrybwys HTTP/1.1" 200 11028 "-" "Mozilla/5.0 (compatible; TMMBot/0.2; +http://www.dslab.ch)/Nutch-1.15"
185.191.171.44 - - [19/Aug/2022:02:54:02 +0200] "GET /PmWikiDe/SimpleTables?action=upload HTTP/1.1" 403 18 "-" "Mozilla/5.0 (compatible; SemrushBot/7~bl; +http://www.semrush.com/bot.html)"
194.209.200.2 - - [19/Aug/2022:02:54:30 +0200] "GET /Texte/Metamorphoses HTTP/1.1" 200 9045 "-" "Mozilla/5.0 (compatible; TMMBot/0.2; +http://www.dslab.ch)/Nutch-1.15"
85.25.177.139 - - [19/Aug/2022:02:55:58 +0200] "GET /robots.txt HTTP/1.1" 200 - "-" "SEO Scanner/1.2.4 (SEO Crawler; seoscanners.info; info@seoscanners.info)"
85.25.177.139 - - [19/Aug/2022:02:55:58 +0200] "GET /Admin/Links?action=diff HTTP/1.1" 403 18 "-" "SEO Scanner/1.2.4 (SEO Crawler; seoscanners.info; info@seoscanners.info)"
194.209.200.2 - - [19/Aug/2022:02:56:24 +0200] "GET /Admin/Pro-ZurituutschStatuten HTTP/1.1" 200 9580 "-" "Mozilla/5.0 (compatible; TMMBot/0.2; +http://www.dslab.ch)/Nutch-1.15"
66.249.76.253 - - [19/Aug/2022:02:56:41 +0200] "GET /PodCast/IndexPage?action=rss HTTP/1.1" 200 6298 "-" "Mozilla/5.0 (compatible; Googlebot/2.1; +http://www.google.com/bot.html)"
194.209.200.2 - - [19/Aug/2022:02:57:51 +0200] "GET /Hilfe/AnleitungTonbeispiele HTTP/1.1" 200 9878 "-" "Mozilla/5.0 (compatible; TMMBot/0.2; +http://www.dslab.ch)/Nutch-1.15"
193.138.213.206 - - [19/Aug/2022:03:05:10 +0200] "GET /robots.txt HTTP/1.1" 200 - "-" "Mozilla/5.0 (compatible; TigerBot/8.83; Tiger.ch)"
193.138.213.206 - - [19/Aug/2022:03:05:11 +0200] "GET / HTTP/1.1" 200 15085 "-" "Mozilla/5.0 (compatible; TigerBot/8.83; Tiger.ch)"
193.138.213.206 - - [19/Aug/2022:03:05:13 +0200] "GET /PodCast/Wienechtsgschicht HTTP/1.1" 200 12139 "-" "Mozilla/5.0 (compatible; TigerBot/8.83; Tiger.ch)"
193.138.213.206 - - [19/Aug/2022:03:05:17 +0200] "GET /PodCast/Nostalgy HTTP/1.1" 200 8823 "-" "Mozilla/5.0 (compatible; TigerBot/8.83; Tiger.ch)"
193.138.213.206 - - [19/Aug/2022:03:05:19 +0200] "GET /PodCast/Rassewaan HTTP/1.1" 200 11016 "-" "Mozilla/5.0 (compatible; TigerBot/8.83; Tiger.ch)"
193.138.213.206 - - [19/Aug/2022:03:05:21 +0200] "GET /PodCast/Amor HTTP/1.1" 200 9825 "-" "Mozilla/5.0 (compatible; TigerBot/8.83; Tiger.ch)"
193.138.213.206 - - [19/Aug/2022:03:05:22 +0200] "GET /PodCast/Bachtelberg HTTP/1.1" 200 9172 "-" "Mozilla/5.0 (compatible; TigerBot/8.83; Tiger.ch)"
193.138.213.206 - - [19/Aug/2022:03:05:23 +0200] "GET /PodCast/Fanatiker HTTP/1.1" 200 8890 "-" "Mozilla/5.0 (compatible; TigerBot/8.83; Tiger.ch)"
193.138.213.206 - - [19/Aug/2022:03:05:26 +0200] "GET /PodCast/Eidsprofulaxe HTTP/1.1" 200 8686 "-" "Mozilla/5.0 (compatible; TigerBot/8.83; Tiger.ch)"
193.138.213.206 - - [19/Aug/2022:03:05:28 +0200] "GET /PodCast/Maitli HTTP/1.1" 200 9744 "-" "Mozilla/5.0 (compatible; TigerBot/8.83; Tiger.ch)"
193.138.213.206 - - [19/Aug/2022:03:05:30 +0200] "GET /PodCast/Traktandelyschte HTTP/1.1" 200 9239 "-" "Mozilla/5.0 (compatible; TigerBot/8.83; Tiger.ch)"
193.138.213.206 - - [19/Aug/2022:03:05:31 +0200] "GET /PodCast/Bankett HTTP/1.1" 200 9109 "-" "Mozilla/5.0 (compatible; TigerBot/8.83; Tiger.ch)"
193.138.213.206 - - [19/Aug/2022:03:05:32 +0200] "GET /PodCast/Voorwort HTTP/1.1" 200 10874 "-" "Mozilla/5.0 (compatible; TigerBot/8.83; Tiger.ch)"
193.138.213.206 - - [19/Aug/2022:03:05:33 +0200] "GET /PodCast/Verglych HTTP/1.1" 200 9163 "-" "Mozilla/5.0 (compatible; TigerBot/8.83; Tiger.ch)"
193.138.213.206 - - [19/Aug/2022:03:05:37 +0200] "GET /PodCast/Apschlouss HTTP/1.1" 200 9058 "-" "Mozilla/5.0 (compatible; TigerBot/8.83; Tiger.ch)"
193.138.213.206 - - [19/Aug/2022:03:05:38 +0200] "GET /PodCast/Missbrouhch HTTP/1.1" 200 15166 "-" "Mozilla/5.0 (compatible; TigerBot/8.83; Tiger.ch)"
193.138.213.206 - - [19/Aug/2022:03:05:39 +0200] "GET /PodCast/Email HTTP/1.1" 200 10291 "-" "Mozilla/5.0 (compatible; TigerBot/8.83; Tiger.ch)"
193.138.213.206 - - [19/Aug/2022:03:05:41 +0200] "GET /PodCast/PodCast HTTP/1.1" 200 29790 "-" "Mozilla/5.0 (compatible; TigerBot/8.83; Tiger.ch)"
193.138.213.206 - - [19/Aug/2022:03:05:43 +0200] "GET /PodCast/BanquiQuali HTTP/1.1" 200 11738 "-" "Mozilla/5.0 (compatible; TigerBot/8.83; Tiger.ch)"
193.138.213.206 - - [19/Aug/2022:03:05:44 +0200] "GET /PodCast/Ereuffnig HTTP/1.1" 200 9128 "-" "Mozilla/5.0 (compatible; TigerBot/8.83; Tiger.ch)"
193.138.213.206 - - [19/Aug/2022:03:05:45 +0200] "GET /PodCast/Lobbiing HTTP/1.1" 200 9035 "-" "Mozilla/5.0 (compatible; TigerBot/8.83; Tiger.ch)"
193.138.213.206 - - [19/Aug/2022:03:05:46 +0200] "GET /PodCast/RootiLinje HTTP/1.1" 200 12935 "-" "Mozilla/5.0 (compatible; TigerBot/8.83; Tiger.ch)"
193.138.213.206 - - [19/Aug/2022:03:05:47 +0200] "GET /PodCast/Bombe HTTP/1.1" 200 8662 "-" "Mozilla/5.0 (compatible; TigerBot/8.83; Tiger.ch)"
193.138.213.206 - - [19/Aug/2022:03:05:48 +0200] "GET /PodCast/Erfruschig HTTP/1.1" 200 8972 "-" "Mozilla/5.0 (compatible; TigerBot/8.83; Tiger.ch)"
193.138.213.206 - - [19/Aug/2022:03:05:50 +0200] "GET /PodCast/Prometheus HTTP/1.1" 200 12520 "-" "Mozilla/5.0 (compatible; TigerBot/8.83; Tiger.ch)"
193.138.213.206 - - [19/Aug/2022:03:05:51 +0200] "GET /Bestellung/Pschtellformoular HTTP/1.1" 200 11189 "-" "Mozilla/5.0 (compatible; TigerBot/8.83; Tiger.ch)"
193.138.213.206 - - [19/Aug/2022:03:05:52 +0200] "GET /PodCast/Quaalewaal HTTP/1.1" 200 8939 "-" "Mozilla/5.0 (compatible; TigerBot/8.83; Tiger.ch)"
193.138.213.206 - - [19/Aug/2022:03:05:54 +0200] "GET /PodCast/Erinerig HTTP/1.1" 200 8726 "-" "Mozilla/5.0 (compatible; TigerBot/8.83; Tiger.ch)"
193.138.213.206 - - [19/Aug/2022:03:05:55 +0200] "GET /PodCast/Ouhsggwise1 HTTP/1.1" 200 21392 "-" "Mozilla/5.0 (compatible; TigerBot/8.83; Tiger.ch)"
193.138.213.206 - - [19/Aug/2022:03:05:56 +0200] "GET /PodCast/Puzzle HTTP/1.1" 200 10433 "-" "Mozilla/5.0 (compatible; TigerBot/8.83; Tiger.ch)"
193.138.213.206 - - [19/Aug/2022:03:05:57 +0200] "GET /PodCast/JBJ401 HTTP/1.1" 200 20406 "-" "Mozilla/5.0 (compatible; TigerBot/8.83; Tiger.ch)"
193.138.213.206 - - [19/Aug/2022:03:06:00 +0200] "GET /PodCast/JBJ201 HTTP/1.1" 200 21992 "-" "Mozilla/5.0 (compatible; TigerBot/8.83; Tiger.ch)"
193.138.213.206 - - [19/Aug/2022:03:06:01 +0200] "GET /PodCast/Boundeswaal HTTP/1.1" 200 12917 "-" "Mozilla/5.0 (compatible; TigerBot/8.83; Tiger.ch)"
193.138.213.206 - - [19/Aug/2022:03:06:02 +0200] "GET /PodCast/Scheuhnemischt HTTP/1.1" 200 12454 "-" "Mozilla/5.0 (compatible; TigerBot/8.83; Tiger.ch)"
193.138.213.206 - - [19/Aug/2022:03:06:05 +0200] "GET /PodCast/FrawimSchatte HTTP/1.1" 200 14992 "-" "Mozilla/5.0 (compatible; TigerBot/8.83; Tiger.ch)"
193.138.213.206 - - [19/Aug/2022:03:06:07 +0200] "GET /Hilfe/RealOne HTTP/1.1" 200 10362 "-" "Mozilla/5.0 (compatible; TigerBot/8.83; Tiger.ch)"
193.138.213.206 - - [19/Aug/2022:03:06:08 +0200] "GET /PodCast/Haiweeturgg HTTP/1.1" 200 11503 "-" "Mozilla/5.0 (compatible; TigerBot/8.83; Tiger.ch)"
193.138.213.206 - - [19/Aug/2022:03:06:10 +0200] "GET /PodCast/Roman3 HTTP/1.1" 200 13777 "-" "Mozilla/5.0 (compatible; TigerBot/8.83; Tiger.ch)"
193.138.213.206 - - [19/Aug/2022:03:06:11 +0200] "GET /PodCast/Gagetail HTTP/1.1" 200 8688 "-" "Mozilla/5.0 (compatible; TigerBot/8.83; Tiger.ch)"
193.138.213.206 - - [19/Aug/2022:03:06:13 +0200] "GET /PodCast/Limerick33 HTTP/1.1" 200 8889 "-" "Mozilla/5.0 (compatible; TigerBot/8.83; Tiger.ch)"
193.138.213.206 - - [19/Aug/2022:03:06:14 +0200] "GET /PodCast/Limerick32 HTTP/1.1" 200 8883 "-" "Mozilla/5.0 (compatible; TigerBot/8.83; Tiger.ch)"
193.138.213.206 - - [19/Aug/2022:03:06:15 +0200] "GET /PodCast/Limerick31 HTTP/1.1" 200 8584 "-" "Mozilla/5.0 (compatible; TigerBot/8.83; Tiger.ch)"
193.138.213.206 - - [19/Aug/2022:03:06:16 +0200] "GET /PodCast/Sidereuhsli HTTP/1.1" 200 8939 "-" "Mozilla/5.0 (compatible; TigerBot/8.83; Tiger.ch)"
193.138.213.206 - - [19/Aug/2022:03:06:17 +0200] "GET /PodCast/Limerick30 HTTP/1.1" 200 8709 "-" "Mozilla/5.0 (compatible; TigerBot/8.83; Tiger.ch)"
193.138.213.206 - - [19/Aug/2022:03:06:19 +0200] "GET /PodCast/Limerick29 HTTP/1.1" 200 8812 "-" "Mozilla/5.0 (compatible; TigerBot/8.83; Tiger.ch)"
193.138.213.206 - - [19/Aug/2022:03:06:20 +0200] "GET /PodCast/Schaidig1 HTTP/1.1" 200 19206 "-" "Mozilla/5.0 (compatible; TigerBot/8.83; Tiger.ch)"
193.138.213.206 - - [19/Aug/2022:03:06:21 +0200] "GET /PodCast/SprAlAner HTTP/1.1" 200 9962 "-" "Mozilla/5.0 (compatible; TigerBot/8.83; Tiger.ch)"
193.138.213.206 - - [19/Aug/2022:03:06:23 +0200] "GET /PodCast/SprChlaage HTTP/1.1" 200 13697 "-" "Mozilla/5.0 (compatible; TigerBot/8.83; Tiger.ch)"
193.138.213.206 - - [19/Aug/2022:03:06:24 +0200] "GET /PodCast/JBJ501 HTTP/1.1" 200 21897 "-" "Mozilla/5.0 (compatible; TigerBot/8.83; Tiger.ch)"
193.138.213.206 - - [19/Aug/2022:03:06:26 +0200] "GET /PodCast/Freuidechrafft HTTP/1.1" 200 17025 "-" "Mozilla/5.0 (compatible; TigerBot/8.83; Tiger.ch)"
193.138.213.206 - - [19/Aug/2022:03:06:27 +0200] "GET /PodCast/JBJKap1 HTTP/1.1" 200 21037 "-" "Mozilla/5.0 (compatible; TigerBot/8.83; Tiger.ch)"
193.138.213.206 - - [19/Aug/2022:03:06:29 +0200] "GET /PodCast/JBJ202 HTTP/1.1" 200 20558 "-" "Mozilla/5.0 (compatible; TigerBot/8.83; Tiger.ch)"
193.138.213.206 - - [19/Aug/2022:03:06:31 +0200] "GET /PodCast/JBJ301 HTTP/1.1" 200 14945 "-" "Mozilla/5.0 (compatible; TigerBot/8.83; Tiger.ch)"
193.138.213.206 - - [19/Aug/2022:03:06:32 +0200] "GET /PodCast/Waffeschoutz11 HTTP/1.1" 200 16222 "-" "Mozilla/5.0 (compatible; TigerBot/8.83; Tiger.ch)"
193.138.213.206 - - [19/Aug/2022:03:06:33 +0200] "GET /PodCast/JBJ302 HTTP/1.1" 200 15480 "-" "Mozilla/5.0 (compatible; TigerBot/8.83; Tiger.ch)"
193.138.213.206 - - [19/Aug/2022:03:06:35 +0200] "GET /PodCast/Ynachte2 HTTP/1.1" 200 18582 "-" "Mozilla/5.0 (compatible; TigerBot/8.83; Tiger.ch)"
193.138.213.206 - - [19/Aug/2022:03:06:36 +0200] "GET /PodCast/Metamorfoose HTTP/1.1" 200 9584 "-" "Mozilla/5.0 (compatible; TigerBot/8.83; Tiger.ch)"
193.138.213.206 - - [19/Aug/2022:03:06:37 +0200] "GET /PodCast/Gramatik HTTP/1.1" 200 23244 "-" "Mozilla/5.0 (compatible; TigerBot/8.83; Tiger.ch)"
193.138.213.206 - - [19/Aug/2022:03:06:39 +0200] "GET /PodCast/Styluebige HTTP/1.1" 200 9354 "-" "Mozilla/5.0 (compatible; TigerBot/8.83; Tiger.ch)"
193.138.213.206 - - [19/Aug/2022:03:06:40 +0200] "GET /PodCast/Liebhaber1 HTTP/1.1" 200 9854 "-" "Mozilla/5.0 (compatible; TigerBot/8.83; Tiger.ch)"
193.138.213.206 - - [19/Aug/2022:03:06:41 +0200] "GET /PodCast/Liebhaber2 HTTP/1.1" 200 9886 "-" "Mozilla/5.0 (compatible; TigerBot/8.83; Tiger.ch)"
193.138.213.206 - - [19/Aug/2022:03:06:42 +0200] "GET /PodCast/StroubiZyt2 HTTP/1.1" 200 16782 "-" "Mozilla/5.0 (compatible; TigerBot/8.83; Tiger.ch)"
193.138.213.206 - - [19/Aug/2022:03:06:44 +0200] "GET /PodCast/RURAkt1TIl4 HTTP/1.1" 200 25270 "-" "Mozilla/5.0 (compatible; TigerBot/8.83; Tiger.ch)"
193.138.213.206 - - [19/Aug/2022:03:06:45 +0200] "GET /PodCast/Ouhsggwise2 HTTP/1.1" 200 20341 "-" "Mozilla/5.0 (compatible; TigerBot/8.83; Tiger.ch)"
193.138.213.206 - - [19/Aug/2022:03:06:47 +0200] "GET /PodCast/Gschyder HTTP/1.1" 200 11945 "-" "Mozilla/5.0 (compatible; TigerBot/8.83; Tiger.ch)"
193.138.213.206 - - [19/Aug/2022:03:06:48 +0200] "GET /PodCast/Chile HTTP/1.1" 200 15112 "-" "Mozilla/5.0 (compatible; TigerBot/8.83; Tiger.ch)"
193.138.213.206 - - [19/Aug/2022:03:06:49 +0200] "GET /PodCast/Glawbessund HTTP/1.1" 200 22790 "-" "Mozilla/5.0 (compatible; TigerBot/8.83; Tiger.ch)"
193.138.213.206 - - [19/Aug/2022:03:06:51 +0200] "GET /PodCast/Begriffbegryffe HTTP/1.1" 200 9885 "-" "Mozilla/5.0 (compatible; TigerBot/8.83; Tiger.ch)"
193.138.213.206 - - [19/Aug/2022:03:06:52 +0200] "GET /PodCast/Apsourdistan2 HTTP/1.1" 200 10988 "-" "Mozilla/5.0 (compatible; TigerBot/8.83; Tiger.ch)"
193.138.213.206 - - [19/Aug/2022:03:06:53 +0200] "GET /PodCast/Demokraty HTTP/1.1" 200 13145 "-" "Mozilla/5.0 (compatible; TigerBot/8.83; Tiger.ch)"
193.138.213.206 - - [19/Aug/2022:03:06:54 +0200] "GET /PodCast/Patriarch HTTP/1.1" 200 19129 "-" "Mozilla/5.0 (compatible; TigerBot/8.83; Tiger.ch)"
193.138.213.206 - - [19/Aug/2022:03:06:56 +0200] "GET /PodCast/Euirokraty HTTP/1.1" 200 15097 "-" "Mozilla/5.0 (compatible; TigerBot/8.83; Tiger.ch)"
193.138.213.206 - - [19/Aug/2022:03:06:59 +0200] "GET /PodCast/Ouhsschaffig HTTP/1.1" 200 12619 "-" "Mozilla/5.0 (compatible; TigerBot/8.83; Tiger.ch)"
193.138.213.206 - - [19/Aug/2022:03:07:00 +0200] "GET /PodCast/Amaisehugel HTTP/1.1" 200 10785 "-" "Mozilla/5.0 (compatible; TigerBot/8.83; Tiger.ch)"
193.138.213.206 - - [19/Aug/2022:03:07:01 +0200] "GET /PodCast/Zwangsnaarig HTTP/1.1" 200 13078 "-" "Mozilla/5.0 (compatible; TigerBot/8.83; Tiger.ch)"
193.138.213.206 - - [19/Aug/2022:03:07:02 +0200] "GET /PodCast/Schlaaffloos1 HTTP/1.1" 200 15552 "-" "Mozilla/5.0 (compatible; TigerBot/8.83; Tiger.ch)"
193.138.213.206 - - [19/Aug/2022:03:07:04 +0200] "GET /PodCast/Griechestroom HTTP/1.1" 200 12408 "-" "Mozilla/5.0 (compatible; TigerBot/8.83; Tiger.ch)"
193.138.213.206 - - [19/Aug/2022:03:07:05 +0200] "GET /PodCast/Maassestaab HTTP/1.1" 200 15762 "-" "Mozilla/5.0 (compatible; TigerBot/8.83; Tiger.ch)"
193.138.213.206 - - [19/Aug/2022:03:07:06 +0200] "GET /PodCast/Resoultat HTTP/1.1" 200 11319 "-" "Mozilla/5.0 (compatible; TigerBot/8.83; Tiger.ch)"
193.138.213.206 - - [19/Aug/2022:03:07:08 +0200] "GET /PodCast/Eenlichkait HTTP/1.1" 200 12529 "-" "Mozilla/5.0 (compatible; TigerBot/8.83; Tiger.ch)"
193.138.213.206 - - [19/Aug/2022:03:07:09 +0200] "GET /PodCast/Gottesliebe HTTP/1.1" 200 13456 "-" "Mozilla/5.0 (compatible; TigerBot/8.83; Tiger.ch)"
193.138.213.206 - - [19/Aug/2022:03:07:10 +0200] "GET /PodCast/Verlaine HTTP/1.1" 200 9380 "-" "Mozilla/5.0 (compatible; TigerBot/8.83; Tiger.ch)"
193.138.213.206 - - [19/Aug/2022:03:07:12 +0200] "GET /PodCast/JBJ701 HTTP/1.1" 200 19698 "-" "Mozilla/5.0 (compatible; TigerBot/8.83; Tiger.ch)"
193.138.213.206 - - [19/Aug/2022:03:07:13 +0200] "GET /PodCast/JBJ602 HTTP/1.1" 200 21033 "-" "Mozilla/5.0 (compatible; TigerBot/8.83; Tiger.ch)"
193.138.213.206 - - [19/Aug/2022:03:07:14 +0200] "GET /PodCast/UberGebuure HTTP/1.1" 200 15628 "-" "Mozilla/5.0 (compatible; TigerBot/8.83; Tiger.ch)"
193.138.213.206 - - [19/Aug/2022:03:07:15 +0200] "GET /Admin/Jahresbericht HTTP/1.1" 200 45530 "-" "Mozilla/5.0 (compatible; TigerBot/8.83; Tiger.ch)"
193.138.213.206 - - [19/Aug/2022:03:07:18 +0200] "GET /PodCast/JBJNaawort HTTP/1.1" 200 17472 "-" "Mozilla/5.0 (compatible; TigerBot/8.83; Tiger.ch)"
193.138.213.206 - - [19/Aug/2022:03:07:19 +0200] "GET /PodCast/JBJ702 HTTP/1.1" 200 22843 "-" "Mozilla/5.0 (compatible; TigerBot/8.83; Tiger.ch)"
193.138.213.206 - - [19/Aug/2022:03:07:20 +0200] "GET /PodCast/SprKoulNyd HTTP/1.1" 200 12297 "-" "Mozilla/5.0 (compatible; TigerBot/8.83; Tiger.ch)"
193.138.213.206 - - [19/Aug/2022:03:07:22 +0200] "GET /PodCast/SprProfSchwzTggs HTTP/1.1" 200 13011 "-" "Mozilla/5.0 (compatible; TigerBot/8.83; Tiger.ch)"
193.138.213.206 - - [19/Aug/2022:03:07:23 +0200] "GET /PodCast/SpruchTampoToummOuhsreedeVerwandt HTTP/1.1" 200 11685 "-" "Mozilla/5.0 (compatible; TigerBot/8.83; Tiger.ch)"
193.138.213.206 - - [19/Aug/2022:03:07:24 +0200] "GET /PodCast/Rezmebeforeyou HTTP/1.1" 200 10227 "-" "Mozilla/5.0 (compatible; TigerBot/8.83; Tiger.ch)"
193.138.213.206 - - [19/Aug/2022:03:07:25 +0200] "GET /PodCast/RezPflInt HTTP/1.1" 200 9633 "-" "Mozilla/5.0 (compatible; TigerBot/8.83; Tiger.ch)"
193.138.213.206 - - [19/Aug/2022:03:07:27 +0200] "GET /PodCast/REZlangeTage HTTP/1.1" 200 10125 "-" "Mozilla/5.0 (compatible; TigerBot/8.83; Tiger.ch)"
193.138.213.206 - - [19/Aug/2022:03:07:29 +0200] "GET /PodCast/Bagdad-Marlboro HTTP/1.1" 200 9714 "-" "Mozilla/5.0 (compatible; TigerBot/8.83; Tiger.ch)"
193.138.213.206 - - [19/Aug/2022:03:07:30 +0200] "GET /PodCast/JBJ601 HTTP/1.1" 200 22465 "-" "Mozilla/5.0 (compatible; TigerBot/8.83; Tiger.ch)"
193.138.213.206 - - [19/Aug/2022:03:07:31 +0200] "GET /PodCast/JBJ502 HTTP/1.1" 200 21457 "-" "Mozilla/5.0 (compatible; TigerBot/8.83; Tiger.ch)"
193.138.213.206 - - [19/Aug/2022:03:07:33 +0200] "GET /Hilfe/AnleitungTonbeispiele HTTP/1.1" 200 9878 "-" "Mozilla/5.0 (compatible; TigerBot/8.83; Tiger.ch)"
193.138.213.206 - - [19/Aug/2022:03:07:34 +0200] "GET /Texte/Roman HTTP/1.1" 200 38741 "-" "Mozilla/5.0 (compatible; TigerBot/8.83; Tiger.ch)"
193.138.213.206 - - [19/Aug/2022:03:07:37 +0200] "GET /PodCast/Stuurchrieg HTTP/1.1" 200 12261 "-" "Mozilla/5.0 (compatible; TigerBot/8.83; Tiger.ch)"
193.138.213.206 - - [19/Aug/2022:03:07:39 +0200] "GET /PodCast/Scheffwachsel HTTP/1.1" 200 12557 "-" "Mozilla/5.0 (compatible; TigerBot/8.83; Tiger.ch)"
193.138.213.206 - - [19/Aug/2022:03:07:41 +0200] "GET /PodCast/Boni2 HTTP/1.1" 200 13222 "-" "Mozilla/5.0 (compatible; TigerBot/8.83; Tiger.ch)"
193.138.213.206 - - [19/Aug/2022:03:07:42 +0200] "GET /PodCast/DreiChunge HTTP/1.1" 200 10224 "-" "Mozilla/5.0 (compatible; TigerBot/8.83; Tiger.ch)"
193.138.213.206 - - [19/Aug/2022:03:07:43 +0200] "GET /PodCast/Kounschtrandite HTTP/1.1" 200 13143 "-" "Mozilla/5.0 (compatible; TigerBot/8.83; Tiger.ch)"
193.138.213.206 - - [19/Aug/2022:03:07:44 +0200] "GET /PodCast/Fallgroueb HTTP/1.1" 200 12827 "-" "Mozilla/5.0 (compatible; TigerBot/8.83; Tiger.ch)"
193.138.213.206 - - [19/Aug/2022:03:07:45 +0200] "GET /PodCast/Zrouggtratte HTTP/1.1" 200 12344 "-" "Mozilla/5.0 (compatible; TigerBot/8.83; Tiger.ch)"
193.138.213.206 - - [19/Aug/2022:03:07:47 +0200] "GET /PodCast/Reschpakt HTTP/1.1" 200 13691 "-" "Mozilla/5.0 (compatible; TigerBot/8.83; Tiger.ch)"
193.138.213.206 - - [19/Aug/2022:03:07:48 +0200] "GET /PodCast/RURAkt2TIl1 HTTP/1.1" 200 24356 "-" "Mozilla/5.0 (compatible; TigerBot/8.83; Tiger.ch)"
193.138.213.206 - - [19/Aug/2022:03:07:50 +0200] "GET /Admin/Pro-ZurituutschStatuten HTTP/1.1" 200 9580 "-" "Mozilla/5.0 (compatible; TigerBot/8.83; Tiger.ch)"
193.138.213.206 - - [19/Aug/2022:03:07:51 +0200] "GET /PodCast/JBJInhaltsverzaichnis HTTP/1.1" 200 12203 "-" "Mozilla/5.0 (compatible; TigerBot/8.83; Tiger.ch)"
193.138.213.206 - - [19/Aug/2022:03:07:52 +0200] "GET /PodCast/RURAachundigoung HTTP/1.1" 200 9329 "-" "Mozilla/5.0 (compatible; TigerBot/8.83; Tiger.ch)"
193.138.213.206 - - [19/Aug/2022:03:07:55 +0200] "GET /PodCast/RURAkt2TIl4 HTTP/1.1" 200 23659 "-" "Mozilla/5.0 (compatible; TigerBot/8.83; Tiger.ch)"
193.138.213.206 - - [19/Aug/2022:03:07:56 +0200] "GET /PodCast/Zugle2 HTTP/1.1" 200 20425 "-" "Mozilla/5.0 (compatible; TigerBot/8.83; Tiger.ch)"
193.138.213.206 - - [19/Aug/2022:03:07:57 +0200] "GET /PodCast/Zugle HTTP/1.1" 200 19132 "-" "Mozilla/5.0 (compatible; TigerBot/8.83; Tiger.ch)"
193.138.213.206 - - [19/Aug/2022:03:07:58 +0200] "GET /PodCast/Boundestaatebound HTTP/1.1" 200 13172 "-" "Mozilla/5.0 (compatible; TigerBot/8.83; Tiger.ch)"
193.138.213.206 - - [19/Aug/2022:03:08:00 +0200] "GET /PodCast/Erdegluck HTTP/1.1" 200 16727 "-" "Mozilla/5.0 (compatible; TigerBot/8.83; Tiger.ch)"
193.138.213.206 - - [19/Aug/2022:03:08:02 +0200] "GET /PodCast/Sbysst HTTP/1.1" 200 17403 "-" "Mozilla/5.0 (compatible; TigerBot/8.83; Tiger.ch)"
193.138.213.206 - - [19/Aug/2022:03:08:03 +0200] "GET /PodCast/PodCastJissai HTTP/1.1" 200 14554 "-" "Mozilla/5.0 (compatible; TigerBot/8.83; Tiger.ch)"
193.138.213.206 - - [19/Aug/2022:03:08:05 +0200] "GET /PodCast/Wandermaasse HTTP/1.1" 200 11009 "-" "Mozilla/5.0 (compatible; TigerBot/8.83; Tiger.ch)"
193.138.213.206 - - [19/Aug/2022:03:08:06 +0200] "GET /PodCast/Schlaaffloos2 HTTP/1.1" 200 15361 "-" "Mozilla/5.0 (compatible; TigerBot/8.83; Tiger.ch)"
193.138.213.206 - - [19/Aug/2022:03:08:08 +0200] "GET /PodCast/SpruchZ HTTP/1.1" 200 10496 "-" "Mozilla/5.0 (compatible; TigerBot/8.83; Tiger.ch)"
193.138.213.206 - - [19/Aug/2022:03:08:09 +0200] "GET /PodCast/REZTheLightBetweenOceans HTTP/1.1" 200 10126 "-" "Mozilla/5.0 (compatible; TigerBot/8.83; Tiger.ch)"
193.138.213.206 - - [19/Aug/2022:03:08:10 +0200] "GET /PodCast/REZMockingbird HTTP/1.1" 200 11553 "-" "Mozilla/5.0 (compatible; TigerBot/8.83; Tiger.ch)"
193.138.213.206 - - [19/Aug/2022:03:08:11 +0200] "GET /PodCast/Falschmaldig HTTP/1.1" 200 11091 "-" "Mozilla/5.0 (compatible; TigerBot/8.83; Tiger.ch)"
193.138.213.206 - - [19/Aug/2022:03:08:12 +0200] "GET /PodCast/AbsNov16 HTTP/1.1" 200 12438 "-" "Mozilla/5.0 (compatible; TigerBot/8.83; Tiger.ch)"
193.138.213.206 - - [19/Aug/2022:03:08:13 +0200] "GET /PodCast/Boschpochrank HTTP/1.1" 200 11394 "-" "Mozilla/5.0 (compatible; TigerBot/8.83; Tiger.ch)"
193.138.213.206 - - [19/Aug/2022:03:08:14 +0200] "GET /PodCast/Poutschology HTTP/1.1" 200 14651 "-" "Mozilla/5.0 (compatible; TigerBot/8.83; Tiger.ch)"
193.138.213.206 - - [19/Aug/2022:03:08:16 +0200] "GET /PodCast/Zwangsabonemang HTTP/1.1" 200 15007 "-" "Mozilla/5.0 (compatible; TigerBot/8.83; Tiger.ch)"
193.138.213.206 - - [19/Aug/2022:03:08:17 +0200] "GET /PodCast/Rucktrittstrioumpf HTTP/1.1" 200 13948 "-" "Mozilla/5.0 (compatible; TigerBot/8.83; Tiger.ch)"
193.138.213.206 - - [19/Aug/2022:03:08:18 +0200] "GET /PodCast/STounkel HTTP/1.1" 200 9500 "-" "Mozilla/5.0 (compatible; TigerBot/8.83; Tiger.ch)"
193.138.213.206 - - [19/Aug/2022:03:08:22 +0200] "GET /PodCast/Limerick121314 HTTP/1.1" 200 9449 "-" "Mozilla/5.0 (compatible; TigerBot/8.83; Tiger.ch)"
193.138.213.206 - - [19/Aug/2022:03:08:23 +0200] "GET /PodCast/Limerick911 HTTP/1.1" 200 9383 "-" "Mozilla/5.0 (compatible; TigerBot/8.83; Tiger.ch)"
193.138.213.206 - - [19/Aug/2022:03:08:24 +0200] "GET /PodCast/Frueligsschwyge HTTP/1.1" 200 10289 "-" "Mozilla/5.0 (compatible; TigerBot/8.83; Tiger.ch)"
193.138.213.206 - - [19/Aug/2022:03:08:27 +0200] "GET /PodCast/Wistaria01 HTTP/1.1" 200 23568 "-" "Mozilla/5.0 (compatible; TigerBot/8.83; Tiger.ch)"
193.138.213.206 - - [19/Aug/2022:03:08:28 +0200] "GET /PodCast/Apvantyv HTTP/1.1" 200 11346 "-" "Mozilla/5.0 (compatible; TigerBot/8.83; Tiger.ch)"
193.138.213.206 - - [19/Aug/2022:03:08:30 +0200] "GET /PodCast/Wistaria02 HTTP/1.1" 200 16370 "-" "Mozilla/5.0 (compatible; TigerBot/8.83; Tiger.ch)"
193.138.213.206 - - [19/Aug/2022:03:08:31 +0200] "GET /Admin/Links HTTP/1.1" 200 14193 "-" "Mozilla/5.0 (compatible; TigerBot/8.83; Tiger.ch)"
193.138.213.206 - - [19/Aug/2022:03:08:32 +0200] "GET /PodCast/Roman1 HTTP/1.1" 200 11804 "-" "Mozilla/5.0 (compatible; TigerBot/8.83; Tiger.ch)"
193.138.213.206 - - [19/Aug/2022:03:08:34 +0200] "GET /Site/PodCast HTTP/1.1" 200 40934 "-" "Mozilla/5.0 (compatible; TigerBot/8.83; Tiger.ch)"
193.138.213.206 - - [19/Aug/2022:03:08:35 +0200] "GET /Main/Home?action=upload HTTP/1.1" 403 18 "-" "Mozilla/5.0 (compatible; TigerBot/8.83; Tiger.ch)"
193.138.213.206 - - [19/Aug/2022:03:08:37 +0200] "GET /Main/Home?action=diff HTTP/1.1" 403 18 "-" "Mozilla/5.0 (compatible; TigerBot/8.83; Tiger.ch)"
45.72.48.130 - - [19/Aug/2022:03:12:04 +0200] "GET / HTTP/1.1" 200 15085 "-" "Mozilla/5.0 (Windows NT 10.0; Win64; x64) AppleWebKit/537.36 (KHTML, like Gecko) Chrome/88.0.4324.190 Safari/537.36"
45.72.48.130 - - [19/Aug/2022:03:12:07 +0200] "GET /robots.txt HTTP/1.1" 200 - "-" "Mozilla/5.0 (Windows NT 10.0; Win64; x64) AppleWebKit/537.36 (KHTML, like Gecko) Chrome/88.0.4324.190 Safari/537.36"
45.72.48.130 - - [19/Aug/2022:03:12:08 +0200] "GET /ads.txt HTTP/1.1" 404 273 "-" "Mozilla/5.0 (Windows NT 10.0; Win64; x64) AppleWebKit/537.36 (KHTML, like Gecko) Chrome/88.0.4324.190 Safari/537.36"
46.161.11.144 - - [19/Aug/2022:03:12:54 +0200] "GET /Texte/Limericks HTTP/1.0" 200 8087 "http://www.pro-zurituutsch.ch/Texte/Limericks" "Mozilla/5.0 (Windows NT 6.3; Win64; x64) AppleWebKit/537.36 (KHTML, like Gecko) Chrome/90.0.4430.85 Safari/537.36 Edg/90.0.818.46"
3.216.185.164 - - [19/Aug/2022:03:17:55 +0200] "GET /PodCast/IndexPage?action=rss HTTP/1.1" 200 6298 "-" "PocketCasts/1.0 (Pocket Casts Feed Parser; +http://pocketcasts.com/)"
23.100.232.233 - - [19/Aug/2022:03:43:26 +0200] "GET /Texte/Schrybwys HTTP/1.1" 200 11028 "-" "Mozilla/5.0 (compatible; MSIE 9.0; Windows NT 6.1; Trident/5.0;  Trident/5.0)"
23.100.232.233 - - [19/Aug/2022:03:43:26 +0200] "GET /pub/skins/pro-zurituutsch/gila.css HTTP/1.1" 200 10186 "http://www.pro-zurituutsch.ch/Texte/Schrybwys" "Mozilla/5.0 (compatible; MSIE 9.0; Windows NT 6.1; Trident/5.0;  Trident/5.0)"
194.209.200.2 - - [19/Aug/2022:03:44:29 +0200] "GET /robots.txt HTTP/1.1" 200 - "-" "Mozilla/5.0 (compatible; TMMBot/0.2; +http://www.dslab.ch)/Nutch-1.15"
194.209.200.2 - - [19/Aug/2022:03:44:29 +0200] "GET /Admin/Jahresbericht HTTP/1.1" 200 45530 "-" "Mozilla/5.0 (compatible; TMMBot/0.2; +http://www.dslab.ch)/Nutch-1.15"
39.173.107.114 - - [19/Aug/2022:03:44:32 +0200] "GET / HTTP/1.1" 200 15085 "-" "Mozilla/5.0 (iPhone; CPU iPhone OS 10_3 like Mac OS X) AppleWebKit/602.1.50 (KHTML, like Gecko) CriOS/56.0.2924.75 Mobile/14E5239e YisouSpider/5.0 Safari/602.1"
101.67.49.243 - - [19/Aug/2022:03:44:33 +0200] "GET /pub/skins/pro-zurituutsch/gila.css HTTP/1.1" 200 10186 "http://www.pro-zurituutsch.ch/" "Mozilla/5.0 (iPhone; CPU iPhone OS 10_3 like Mac OS X) AppleWebKit/602.1.50 (KHTML, like Gecko) CriOS/56.0.2924.75 Mobile/14E5239e YisouSpider/5.0 Safari/602.1"
194.209.200.2 - - [19/Aug/2022:03:44:51 +0200] "GET /Texte/Schrybwys HTTP/1.1" 200 11028 "-" "Mozilla/5.0 (compatible; TMMBot/0.2; +http://www.dslab.ch)/Nutch-1.15"
194.209.200.2 - - [19/Aug/2022:03:46:31 +0200] "GET /Texte/Metamorphoses HTTP/1.1" 200 9045 "-" "Mozilla/5.0 (compatible; TMMBot/0.2; +http://www.dslab.ch)/Nutch-1.15"
194.209.200.2 - - [19/Aug/2022:03:48:18 +0200] "GET /Admin/Pro-ZurituutschStatuten HTTP/1.1" 200 9580 "-" "Mozilla/5.0 (compatible; TMMBot/0.2; +http://www.dslab.ch)/Nutch-1.15"
194.209.200.2 - - [19/Aug/2022:03:49:42 +0200] "GET /Hilfe/AnleitungTonbeispiele HTTP/1.1" 200 9878 "-" "Mozilla/5.0 (compatible; TMMBot/0.2; +http://www.dslab.ch)/Nutch-1.15"
114.119.141.146 - - [19/Aug/2022:03:50:44 +0200] "GET /PmWikiDe/PageDirectives?action=print HTTP/1.1" 403 18 "http://www.pro-zurituutsch.ch/PmWikiDe/PageDirectives" "Mozilla/5.0 (Linux; Android 7.0;) AppleWebKit/537.36 (KHTML, like Gecko) Mobile Safari/537.36 (compatible; PetalBot;+https://webmaster.petalsearch.com/site/petalbot)"
66.249.76.253 - - [19/Aug/2022:03:57:02 +0200] "GET /PodCast/IndexPage?action=rss HTTP/1.1" 200 6298 "-" "Mozilla/5.0 (compatible; Googlebot/2.1; +http://www.google.com/bot.html)"
54.242.118.27 - - [19/Aug/2022:04:09:50 +0200] "GET /PodCast/IndexPage?action=rss HTTP/1.1" 200 6298 "-" "PlayerFM/1.0 Podcast Sync (1 subscribers; url=https://player.fm/series/podcast-2872909)"
185.191.171.15 - - [19/Aug/2022:04:25:11 +0200] "GET /robots.txt HTTP/1.1" 200 - "-" "Mozilla/5.0 (compatible; SemrushBot/7~bl; +http://www.semrush.com/bot.html)"
185.191.171.38 - - [19/Aug/2022:04:25:12 +0200] "GET /PmWikiFr/Backlinks?action=edit HTTP/1.1" 404 18 "-" "Mozilla/5.0 (compatible; SemrushBot/7~bl; +http://www.semrush.com/bot.html)"
85.25.177.139 - - [19/Aug/2022:04:30:34 +0200] "GET /robots.txt HTTP/1.1" 200 - "-" "SEO Scanner/1.2.4 (SEO Crawler; seoscanners.info; info@seoscanners.info)"
85.25.177.139 - - [19/Aug/2022:04:30:34 +0200] "GET /Admin/Links?action=upload HTTP/1.1" 403 18 "-" "SEO Scanner/1.2.4 (SEO Crawler; seoscanners.info; info@seoscanners.info)"
194.209.200.2 - - [19/Aug/2022:04:37:22 +0200] "GET /robots.txt HTTP/1.1" 200 - "-" "Mozilla/5.0 (compatible; TMMBot/0.2; +http://www.dslab.ch)/Nutch-1.15"
194.209.200.2 - - [19/Aug/2022:04:37:22 +0200] "GET /Admin/Jahresbericht HTTP/1.1" 200 45530 "-" "Mozilla/5.0 (compatible; TMMBot/0.2; +http://www.dslab.ch)/Nutch-1.15"
194.209.200.2 - - [19/Aug/2022:04:37:44 +0200] "GET /Texte/Schrybwys HTTP/1.1" 200 11028 "-" "Mozilla/5.0 (compatible; TMMBot/0.2; +http://www.dslab.ch)/Nutch-1.15"
194.209.200.2 - - [19/Aug/2022:04:39:18 +0200] "GET /Texte/Metamorphoses HTTP/1.1" 200 9045 "-" "Mozilla/5.0 (compatible; TMMBot/0.2; +http://www.dslab.ch)/Nutch-1.15"
194.209.200.2 - - [19/Aug/2022:04:41:07 +0200] "GET /Admin/Pro-ZurituutschStatuten HTTP/1.1" 200 9580 "-" "Mozilla/5.0 (compatible; TMMBot/0.2; +http://www.dslab.ch)/Nutch-1.15"
194.209.200.2 - - [19/Aug/2022:04:42:30 +0200] "GET /Hilfe/AnleitungTonbeispiele HTTP/1.1" 200 9878 "-" "Mozilla/5.0 (compatible; TMMBot/0.2; +http://www.dslab.ch)/Nutch-1.15"
191.96.185.102 - - [19/Aug/2022:04:47:37 +0200] "GET /Texte/Rezension HTTP/1.1" 200 11812 "http://www.pro-zurituutsch.ch" "Mozilla/5.0 (Windows NT 10.0; Win64; x64) AppleWebKit/537.36 (KHTML, like Gecko) Chrome/62.0.3202.94 Safari/537.36"
66.249.76.253 - - [19/Aug/2022:04:50:35 +0200] "GET /PodCast/IndexPage?action=rss HTTP/1.1" 200 6298 "-" "Mozilla/5.0 (compatible; Googlebot/2.1; +http://www.google.com/bot.html)"
85.25.177.139 - - [19/Aug/2022:05:04:01 +0200] "GET /robots.txt HTTP/1.1" 200 - "-" "SEO Scanner/1.2.4 (SEO Crawler; seoscanners.info; info@seoscanners.info)"
85.25.177.139 - - [19/Aug/2022:05:04:01 +0200] "GET /Admin/Links?action=upload HTTP/1.1" 403 18 "-" "SEO Scanner/1.2.4 (SEO Crawler; seoscanners.info; info@seoscanners.info)"
85.25.177.139 - - [19/Aug/2022:05:04:12 +0200] "GET /Admin/Links?action=edit HTTP/1.1" 403 18 "-" "SEO Scanner/1.2.4 (SEO Crawler; seoscanners.info; info@seoscanners.info)"
54.242.118.27 - - [19/Aug/2022:05:09:12 +0200] "GET /PodCast/IndexPage?action=rss HTTP/1.1" 200 6298 "-" "PlayerFM/1.0 Podcast Sync (1 subscribers; url=https://player.fm/series/podcast-2872909)"
194.209.200.2 - - [19/Aug/2022:05:09:34 +0200] "GET /robots.txt HTTP/1.1" 200 - "-" "Mozilla/5.0 (compatible; TMMBot/0.2; +http://www.dslab.ch)/Nutch-1.15"
194.209.200.2 - - [19/Aug/2022:05:09:34 +0200] "GET /Admin/Jahresbericht HTTP/1.1" 200 45530 "-" "Mozilla/5.0 (compatible; TMMBot/0.2; +http://www.dslab.ch)/Nutch-1.15"
194.209.200.2 - - [19/Aug/2022:05:09:57 +0200] "GET /Texte/Schrybwys HTTP/1.1" 200 11028 "-" "Mozilla/5.0 (compatible; TMMBot/0.2; +http://www.dslab.ch)/Nutch-1.15"
194.209.200.2 - - [19/Aug/2022:05:11:35 +0200] "GET /Texte/Metamorphoses HTTP/1.1" 200 9045 "-" "Mozilla/5.0 (compatible; TMMBot/0.2; +http://www.dslab.ch)/Nutch-1.15"
194.209.200.2 - - [19/Aug/2022:05:13:25 +0200] "GET /Admin/Pro-ZurituutschStatuten HTTP/1.1" 200 9580 "-" "Mozilla/5.0 (compatible; TMMBot/0.2; +http://www.dslab.ch)/Nutch-1.15"
194.209.200.2 - - [19/Aug/2022:05:14:48 +0200] "GET /Hilfe/AnleitungTonbeispiele HTTP/1.1" 200 9878 "-" "Mozilla/5.0 (compatible; TMMBot/0.2; +http://www.dslab.ch)/Nutch-1.15"
185.191.171.3 - - [19/Aug/2022:05:19:43 +0200] "GET /PmWikiFr/Security?action=diff HTTP/1.1" 403 18 "-" "Mozilla/5.0 (compatible; SemrushBot/7~bl; +http://www.semrush.com/bot.html)"
85.25.177.139 - - [19/Aug/2022:05:35:39 +0200] "GET /robots.txt HTTP/1.1" 200 - "-" "SEO Scanner/1.2.4 (SEO Crawler; seoscanners.info; info@seoscanners.info)"
85.25.177.139 - - [19/Aug/2022:05:35:39 +0200] "GET /Texte/ArsAmatoria?action=edit HTTP/1.1" 403 18 "-" "SEO Scanner/1.2.4 (SEO Crawler; seoscanners.info; info@seoscanners.info)"
185.180.143.145 - - [19/Aug/2022:05:38:21 +0200] "GET / HTTP/1.1" 200 15085 "-" "Mozilla/5.0 (Windows NT 10.0; WOW64) AppleWebKit/537.36 (KHTML, like Gecko) Chrome/66.0.3359.117 Safari/537.36"
194.209.200.2 - - [19/Aug/2022:05:41:23 +0200] "GET /robots.txt HTTP/1.1" 200 - "-" "Mozilla/5.0 (compatible; TMMBot/0.2; +http://www.dslab.ch)/Nutch-1.15"
194.209.200.2 - - [19/Aug/2022:05:41:23 +0200] "GET /Admin/Jahresbericht HTTP/1.1" 200 45530 "-" "Mozilla/5.0 (compatible; TMMBot/0.2; +http://www.dslab.ch)/Nutch-1.15"
194.209.200.2 - - [19/Aug/2022:05:41:47 +0200] "GET /Texte/Schrybwys HTTP/1.1" 200 11028 "-" "Mozilla/5.0 (compatible; TMMBot/0.2; +http://www.dslab.ch)/Nutch-1.15"
194.209.200.2 - - [19/Aug/2022:05:43:30 +0200] "GET /Texte/Metamorphoses HTTP/1.1" 200 9045 "-" "Mozilla/5.0 (compatible; TMMBot/0.2; +http://www.dslab.ch)/Nutch-1.15"
194.209.200.2 - - [19/Aug/2022:05:45:32 +0200] "GET /Admin/Pro-ZurituutschStatuten HTTP/1.1" 200 9580 "-" "Mozilla/5.0 (compatible; TMMBot/0.2; +http://www.dslab.ch)/Nutch-1.15"
194.209.200.2 - - [19/Aug/2022:05:47:06 +0200] "GET /Hilfe/AnleitungTonbeispiele HTTP/1.1" 200 9878 "-" "Mozilla/5.0 (compatible; TMMBot/0.2; +http://www.dslab.ch)/Nutch-1.15"
54.36.148.203 - - [19/Aug/2022:05:52:35 +0200] "GET /robots.txt HTTP/1.1" 200 - "-" "Mozilla/5.0 (compatible; AhrefsBot/7.0; +http://ahrefs.com/robot/)"
54.36.148.28 - - [19/Aug/2022:05:52:35 +0200] "GET / HTTP/1.1" 200 15085 "-" "Mozilla/5.0 (compatible; AhrefsBot/7.0; +http://ahrefs.com/robot/)"
66.249.76.225 - - [19/Aug/2022:05:56:35 +0200] "GET /robots.txt HTTP/1.1" 200 - "-" "Mozilla/5.0 (compatible; Googlebot/2.1; +http://www.google.com/bot.html)"
66.249.76.253 - - [19/Aug/2022:05:56:35 +0200] "GET /PodCast/IndexPage?action=rss HTTP/1.1" 200 6298 "-" "Mozilla/5.0 (compatible; Googlebot/2.1; +http://www.google.com/bot.html)"
3.216.185.164 - - [19/Aug/2022:06:02:43 +0200] "GET /PodCast/IndexPage?action=rss HTTP/1.1" 200 6298 "-" "PocketCasts/1.0 (Pocket Casts Feed Parser; +http://pocketcasts.com/)"
54.36.148.75 - - [19/Aug/2022:06:10:30 +0200] "GET /Admin/Pro-ZurituutschStatuten HTTP/1.1" 200 9580 "-" "Mozilla/5.0 (compatible; AhrefsBot/7.0; +http://ahrefs.com/robot/)"
85.25.177.139 - - [19/Aug/2022:06:31:42 +0200] "GET /robots.txt HTTP/1.1" 200 - "-" "SEO Scanner/1.2.4 (SEO Crawler; seoscanners.info; info@seoscanners.info)"
85.25.177.139 - - [19/Aug/2022:06:31:42 +0200] "GET /Texte/ArsAmatoria?action=upload HTTP/1.1" 403 18 "-" "SEO Scanner/1.2.4 (SEO Crawler; seoscanners.info; info@seoscanners.info)"
194.209.200.2 - - [19/Aug/2022:06:36:37 +0200] "GET /robots.txt HTTP/1.1" 200 - "-" "Mozilla/5.0 (compatible; TMMBot/0.2; +http://www.dslab.ch)/Nutch-1.15"
194.209.200.2 - - [19/Aug/2022:06:36:37 +0200] "GET /Admin/Jahresbericht HTTP/1.1" 200 45530 "-" "Mozilla/5.0 (compatible; TMMBot/0.2; +http://www.dslab.ch)/Nutch-1.15"
194.209.200.2 - - [19/Aug/2022:06:37:00 +0200] "GET /Texte/Schrybwys HTTP/1.1" 200 11028 "-" "Mozilla/5.0 (compatible; TMMBot/0.2; +http://www.dslab.ch)/Nutch-1.15"
185.159.157.25 - - [19/Aug/2022:06:38:04 +0200] "GET / HTTP/1.1" 200 15085 "-" "Mozilla/5.0 (Windows NT 6.1) AppleWebKit/537.36 (KHTML, like Gecko) Chrome/91.0.4472.101 Safari/537.36"
185.159.157.25 - - [19/Aug/2022:06:38:04 +0200] "GET /pub/skins/pro-zurituutsch/gila.css HTTP/1.1" 200 10186 "http://www.pro-zurituutsch.ch/" "Mozilla/5.0 (Windows NT 6.1) AppleWebKit/537.36 (KHTML, like Gecko) Chrome/91.0.4472.101 Safari/537.36"
185.159.157.25 - - [19/Aug/2022:06:38:04 +0200] "GET /uploads/Main/logo.jpg HTTP/1.1" 200 29066 "http://www.pro-zurituutsch.ch/" "Mozilla/5.0 (Windows NT 6.1) AppleWebKit/537.36 (KHTML, like Gecko) Chrome/91.0.4472.101 Safari/537.36"
185.159.157.25 - - [19/Aug/2022:06:38:05 +0200] "GET /pub/skins/pro-zurituutsch/images/external.png HTTP/1.1" 200 165 "http://www.pro-zurituutsch.ch/pub/skins/pro-zurituutsch/gila.css" "Mozilla/5.0 (Windows NT 6.1) AppleWebKit/537.36 (KHTML, like Gecko) Chrome/91.0.4472.101 Safari/537.36"
185.159.157.25 - - [19/Aug/2022:06:38:05 +0200] "GET /pub/skins/pro-zurituutsch/images/favicon.ico HTTP/1.1" 200 1406 "http://www.pro-zurituutsch.ch/" "Mozilla/5.0 (Windows NT 6.1) AppleWebKit/537.36 (KHTML, like Gecko) Chrome/91.0.4472.101 Safari/537.36"
194.209.200.2 - - [19/Aug/2022:06:38:33 +0200] "GET /Texte/Metamorphoses HTTP/1.1" 200 9045 "-" "Mozilla/5.0 (compatible; TMMBot/0.2; +http://www.dslab.ch)/Nutch-1.15"
185.159.157.25 - - [19/Aug/2022:06:39:58 +0200] "GET /Site/PodCast HTTP/1.1" 200 40934 "http://www.pro-zurituutsch.ch/" "Mozilla/5.0 (Windows NT 6.1) AppleWebKit/537.36 (KHTML, like Gecko) Chrome/91.0.4472.101 Safari/537.36"
194.209.200.2 - - [19/Aug/2022:06:40:23 +0200] "GET /Admin/Pro-ZurituutschStatuten HTTP/1.1" 200 9580 "-" "Mozilla/5.0 (compatible; TMMBot/0.2; +http://www.dslab.ch)/Nutch-1.15"
185.159.157.25 - - [19/Aug/2022:06:40:55 +0200] "GET /PodCast/Spraachverglych HTTP/1.1" 200 16146 "http://www.pro-zurituutsch.ch/Site/PodCast" "Mozilla/5.0 (Windows NT 6.1) AppleWebKit/537.36 (KHTML, like Gecko) Chrome/91.0.4472.101 Safari/537.36"
185.159.157.25 - - [19/Aug/2022:06:40:56 +0200] "GET /uploads/Texte/Speaker.jpg HTTP/1.1" 200 1016 "http://www.pro-zurituutsch.ch/PodCast/Spraachverglych" "Mozilla/5.0 (Windows NT 6.1) AppleWebKit/537.36 (KHTML, like Gecko) Chrome/91.0.4472.101 Safari/537.36"
185.159.157.25 - - [19/Aug/2022:06:40:56 +0200] "GET /pub/skins/pro-zurituutsch/images/attachment.png HTTP/1.1" 200 184 "http://www.pro-zurituutsch.ch/pub/skins/pro-zurituutsch/gila.css" "Mozilla/5.0 (Windows NT 6.1) AppleWebKit/537.36 (KHTML, like Gecko) Chrome/91.0.4472.101 Safari/537.36"
194.209.200.2 - - [19/Aug/2022:06:41:46 +0200] "GET /Hilfe/AnleitungTonbeispiele HTTP/1.1" 200 9878 "-" "Mozilla/5.0 (compatible; TMMBot/0.2; +http://www.dslab.ch)/Nutch-1.15"
185.159.157.25 - - [19/Aug/2022:06:41:46 +0200] "GET /uploads/PodCast/Spraachverglych.mp3 HTTP/1.1" 200 11541621 "http://www.pro-zurituutsch.ch/PodCast/Spraachverglych" "Mozilla/5.0 (Windows NT 6.1) AppleWebKit/537.36 (KHTML, like Gecko) Chrome/91.0.4472.101 Safari/537.36"
185.159.157.25 - - [19/Aug/2022:06:41:46 +0200] "GET /uploads/PodCast/Spraachverglych.mp3 HTTP/1.1" 206 11541621 "http://www.pro-zurituutsch.ch/uploads/PodCast/Spraachverglych.mp3" "Mozilla/5.0 (Windows NT 6.1) AppleWebKit/537.36 (KHTML, like Gecko) Chrome/91.0.4472.101 Safari/537.36"
185.159.157.25 - - [19/Aug/2022:06:42:02 +0200] "GET /PodCast/Spraachverglych HTTP/1.1" 200 16146 "http://www.pro-zurituutsch.ch/Site/PodCast" "Mozilla/5.0 (Windows NT 6.1) AppleWebKit/537.36 (KHTML, like Gecko) Chrome/91.0.4472.101 Safari/537.36"
185.159.157.25 - - [19/Aug/2022:06:42:10 +0200] "GET /Site/PodCast HTTP/1.1" 200 40934 "http://www.pro-zurituutsch.ch/PodCast/Spraachverglych" "Mozilla/5.0 (Windows NT 6.1) AppleWebKit/537.36 (KHTML, like Gecko) Chrome/91.0.4472.101 Safari/537.36"
185.159.157.25 - - [19/Aug/2022:06:42:15 +0200] "GET /PodCast/PodCast HTTP/1.1" 200 29790 "http://www.pro-zurituutsch.ch/Site/PodCast" "Mozilla/5.0 (Windows NT 6.1) AppleWebKit/537.36 (KHTML, like Gecko) Chrome/91.0.4472.101 Safari/537.36"
185.159.157.25 - - [19/Aug/2022:06:42:20 +0200] "GET /Site/WGA5Herz HTTP/1.1" 200 20138 "http://www.pro-zurituutsch.ch/PodCast/PodCast" "Mozilla/5.0 (Windows NT 6.1) AppleWebKit/537.36 (KHTML, like Gecko) Chrome/91.0.4472.101 Safari/537.36"
185.159.157.25 - - [19/Aug/2022:06:42:24 +0200] "GET /Site/PodCast HTTP/1.1" 200 40934 "http://www.pro-zurituutsch.ch/Site/WGA5Herz" "Mozilla/5.0 (Windows NT 6.1) AppleWebKit/537.36 (KHTML, like Gecko) Chrome/91.0.4472.101 Safari/537.36"
185.159.157.25 - - [19/Aug/2022:06:42:30 +0200] "GET /PodCast/SprAlAner HTTP/1.1" 200 9962 "http://www.pro-zurituutsch.ch/Site/PodCast" "Mozilla/5.0 (Windows NT 6.1) AppleWebKit/537.36 (KHTML, like Gecko) Chrome/91.0.4472.101 Safari/537.36"
185.159.157.25 - - [19/Aug/2022:06:42:33 +0200] "GET /uploads/PodCast/SprAllAner.mp3 HTTP/1.1" 200 2467767 "http://www.pro-zurituutsch.ch/PodCast/SprAlAner" "Mozilla/5.0 (Windows NT 6.1) AppleWebKit/537.36 (KHTML, like Gecko) Chrome/91.0.4472.101 Safari/537.36"
