85.25.177.139 - - [09/Oct/2022:05:11:55 +0200] "GET /PmWiki/WikiWikiWeb?action=edit HTTP/1.1" 200 8668 "-" "Mozilla/5.0 (Macintosh; Intel Mac OS X 10.15; rv:103.0) Gecko/20100101 Firefox/103.0"
85.25.177.139 - - [09/Oct/2022:05:12:44 +0200] "GET /PmWikiDe/WikiStyleExamples?action=print HTTP/1.1" 200 13343 "-" "Mozilla/5.0 (Macintosh; Intel Mac OS X 10.15; rv:103.0) Gecko/20100101 Firefox/103.0"
194.209.200.2 - - [09/Oct/2022:05:13:51 +0200] "GET /Texte/Gloosse HTTP/1.1" 200 8061 "-" "Mozilla/5.0 (compatible; TMMBot/0.2; +http://www.dslab.ch)/Nutch-1.15"
194.209.200.2 - - [09/Oct/2022:05:14:44 +0200] "GET /Admin/Pro-ZurituutschStatuten HTTP/1.1" 200 9580 "-" "Mozilla/5.0 (compatible; TMMBot/0.2; +http://www.dslab.ch)/Nutch-1.15"
85.25.177.139 - - [09/Oct/2022:05:15:09 +0200] "GET /PmWiki/WikiWikiWeb?action=upload HTTP/1.1" 200 8568 "-" "Mozilla/5.0 (Macintosh; Intel Mac OS X 10.15; rv:103.0) Gecko/20100101 Firefox/103.0"
85.25.177.139 - - [09/Oct/2022:05:16:37 +0200] "GET /PodCast/Redeleere?action=diff&source=y&minor=y HTTP/1.1" 200 16730 "-" "Mozilla/5.0 (Macintosh; Intel Mac OS X 10.15; rv:103.0) Gecko/20100101 Firefox/103.0"
85.25.177.139 - - [09/Oct/2022:05:18:12 +0200] "GET /PmWiki/Uploads?action=diff&source=n&minor=y HTTP/1.1" 200 9177 "-" "Mozilla/5.0 (Macintosh; Intel Mac OS X 10.15; rv:103.0) Gecko/20100101 Firefox/103.0"
85.25.177.139 - - [09/Oct/2022:05:19:58 +0200] "GET /PmWiki/Uploads?action=diff&source=y&minor=n HTTP/1.1" 200 9167 "-" "Mozilla/5.0 (Macintosh; Intel Mac OS X 10.15; rv:103.0) Gecko/20100101 Firefox/103.0"
85.25.177.139 - - [09/Oct/2022:05:21:29 +0200] "GET /PmWikiDe/WikiStyleExamples?action=diff HTTP/1.1" 200 7829 "-" "Mozilla/5.0 (Macintosh; Intel Mac OS X 10.15; rv:103.0) Gecko/20100101 Firefox/103.0"
85.25.177.139 - - [09/Oct/2022:05:23:29 +0200] "GET /PmWikiDe/WikiAdministrator?action=diff HTTP/1.1" 200 7829 "-" "Mozilla/5.0 (Macintosh; Intel Mac OS X 10.15; rv:103.0) Gecko/20100101 Firefox/103.0"
85.25.177.139 - - [09/Oct/2022:05:25:50 +0200] "GET /PmWikiDe/WikiAdministrator?action=upload HTTP/1.1" 200 7144 "-" "Mozilla/5.0 (Macintosh; Intel Mac OS X 10.15; rv:103.0) Gecko/20100101 Firefox/103.0"
85.25.177.139 - - [09/Oct/2022:05:27:24 +0200] "GET /PmWikiDe/WikiAdministrator?action=edit HTTP/1.1" 200 7244 "-" "Mozilla/5.0 (Macintosh; Intel Mac OS X 10.15; rv:103.0) Gecko/20100101 Firefox/103.0"
85.25.177.139 - - [09/Oct/2022:05:30:08 +0200] "GET /PmWiki/BackupAndRestore HTTP/1.1" 200 16230 "-" "Mozilla/5.0 (Macintosh; Intel Mac OS X 10.15; rv:103.0) Gecko/20100101 Firefox/103.0"
85.25.177.139 - - [09/Oct/2022:05:30:52 +0200] "GET /PmWikiDe/CustomWikiStyles?action=print HTTP/1.1" 404 2433 "-" "Mozilla/5.0 (Macintosh; Intel Mac OS X 10.15; rv:103.0) Gecko/20100101 Firefox/103.0"
85.25.177.139 - - [09/Oct/2022:05:33:03 +0200] "GET /PmWiki/UploadsAdmin?action=diff HTTP/1.1" 200 9269 "-" "Mozilla/5.0 (Macintosh; Intel Mac OS X 10.15; rv:103.0) Gecko/20100101 Firefox/103.0"
64.124.8.26 - - [09/Oct/2022:05:33:20 +0200] "GET /robots.txt HTTP/1.1" 200 - "-" "Mozilla/5.0 (X11; Linux x86_64) AppleWebKit/537.36 (KHTML, like Gecko) Chrome/61.0.3163.79 Safari/537.36"
64.124.8.26 - - [09/Oct/2022:05:33:20 +0200] "GET /PodCast/Redeleere HTTP/1.1" 200 14206 "-" "Mozilla/5.0 (X11; Linux x86_64) AppleWebKit/537.36 (KHTML, like Gecko) Chrome/61.0.3163.79 Safari/537.36"
85.25.177.139 - - [09/Oct/2022:05:33:49 +0200] "GET /PmWikiDe/CustomWikiStyles?action=upload HTTP/1.1" 200 7122 "-" "Mozilla/5.0 (Macintosh; Intel Mac OS X 10.15; rv:103.0) Gecko/20100101 Firefox/103.0"
85.25.177.139 - - [09/Oct/2022:05:35:34 +0200] "GET /PmWikiDe/CustomWikiStyles?action=diff HTTP/1.1" 200 7805 "-" "Mozilla/5.0 (Macintosh; Intel Mac OS X 10.15; rv:103.0) Gecko/20100101 Firefox/103.0"
85.25.177.139 - - [09/Oct/2022:05:36:31 +0200] "GET /PmWiki/Security?action=edit HTTP/1.1" 200 8622 "-" "Mozilla/5.0 (Macintosh; Intel Mac OS X 10.15; rv:103.0) Gecko/20100101 Firefox/103.0"
85.25.177.139 - - [09/Oct/2022:05:37:49 +0200] "GET /PmWikiDe/WikiStyles?action=diff&source=y&minor=n HTTP/1.1" 200 7701 "-" "Mozilla/5.0 (Macintosh; Intel Mac OS X 10.15; rv:103.0) Gecko/20100101 Firefox/103.0"
85.25.177.139 - - [09/Oct/2022:05:39:56 +0200] "GET /robots.txt HTTP/1.1" 200 - "-" "Mozilla/5.0 (Macintosh; Intel Mac OS X 10.15; rv:103.0) Gecko/20100101 Firefox/103.0"
85.25.177.139 - - [09/Oct/2022:05:39:56 +0200] "GET /SiteAdmin/NotifyList?action=edit HTTP/1.1" 200 8694 "-" "Mozilla/5.0 (Macintosh; Intel Mac OS X 10.15; rv:103.0) Gecko/20100101 Firefox/103.0"
85.25.177.139 - - [09/Oct/2022:05:40:06 +0200] "GET /PmWikiDe/WikiStyles?action=diff&source=n&minor=y HTTP/1.1" 200 7711 "-" "Mozilla/5.0 (Macintosh; Intel Mac OS X 10.15; rv:103.0) Gecko/20100101 Firefox/103.0"
64.124.8.26 - - [09/Oct/2022:05:41:27 +0200] "GET /Bestellen/Pschtellf HTTP/1.1" 200 11129 "-" "Mozilla/5.0 (X11; Linux x86_64) AppleWebKit/537.36 (KHTML, like Gecko) Chrome/61.0.3163.79 Safari/537.36"
85.25.177.139 - - [09/Oct/2022:05:44:43 +0200] "GET /PmWiki/Notify?action=upload HTTP/1.1" 200 8494 "-" "Mozilla/5.0 (Macintosh; Intel Mac OS X 10.15; rv:103.0) Gecko/20100101 Firefox/103.0"
194.209.200.2 - - [09/Oct/2022:05:45:26 +0200] "GET /robots.txt HTTP/1.1" 200 - "-" "Mozilla/5.0 (compatible; TMMBot/0.2; +http://www.dslab.ch)/Nutch-1.15"
194.209.200.2 - - [09/Oct/2022:05:45:26 +0200] "GET /Texte/Limericks HTTP/1.1" 200 8087 "-" "Mozilla/5.0 (compatible; TMMBot/0.2; +http://www.dslab.ch)/Nutch-1.15"
194.209.200.2 - - [09/Oct/2022:05:45:30 +0200] "GET /Texte/Schrybwys HTTP/1.1" 200 11028 "-" "Mozilla/5.0 (compatible; TMMBot/0.2; +http://www.dslab.ch)/Nutch-1.15"
194.209.200.2 - - [09/Oct/2022:05:46:13 +0200] "GET /Texte/ArsAmatoria HTTP/1.1" 200 12369 "-" "Mozilla/5.0 (compatible; TMMBot/0.2; +http://www.dslab.ch)/Nutch-1.15"
85.25.177.139 - - [09/Oct/2022:05:47:20 +0200] "GET /PmWikIDe/WikiAdministrator?action=edit HTTP/1.1" 200 8780 "-" "Mozilla/5.0 (Macintosh; Intel Mac OS X 10.15; rv:103.0) Gecko/20100101 Firefox/103.0"
194.209.200.2 - - [09/Oct/2022:05:47:58 +0200] "GET /Texte/Gloosse HTTP/1.1" 200 8061 "-" "Mozilla/5.0 (compatible; TMMBot/0.2; +http://www.dslab.ch)/Nutch-1.15"
194.209.200.2 - - [09/Oct/2022:05:48:45 +0200] "GET /Admin/Pro-ZurituutschStatuten HTTP/1.1" 200 9580 "-" "Mozilla/5.0 (compatible; TMMBot/0.2; +http://www.dslab.ch)/Nutch-1.15"
85.25.177.139 - - [09/Oct/2022:05:50:14 +0200] "GET /PmWikiDe/GroupHeaders?action=upload HTTP/1.1" 200 7080 "-" "Mozilla/5.0 (Macintosh; Intel Mac OS X 10.15; rv:103.0) Gecko/20100101 Firefox/103.0"
66.249.76.220 - - [09/Oct/2022:05:50:20 +0200] "GET /PodCast/IndexPage?action=rss HTTP/1.1" 200 6298 "-" "Mozilla/5.0 (compatible; Googlebot/2.1; +http://www.google.com/bot.html)"
85.25.177.139 - - [09/Oct/2022:05:51:13 +0200] "GET /PmWiki/Audiences?action=upload HTTP/1.1" 200 8536 "-" "Mozilla/5.0 (Macintosh; Intel Mac OS X 10.15; rv:103.0) Gecko/20100101 Firefox/103.0"
85.25.177.139 - - [09/Oct/2022:05:55:02 +0200] "GET /PmWiki/Security?action=diff HTTP/1.1" 200 9185 "-" "Mozilla/5.0 (Macintosh; Intel Mac OS X 10.15; rv:103.0) Gecko/20100101 Firefox/103.0"
64.124.8.26 - - [09/Oct/2022:05:55:16 +0200] "GET /PodCast/Sidereuhsli HTTP/1.1" 200 8939 "-" "Mozilla/5.0 (X11; Linux x86_64) AppleWebKit/537.36 (KHTML, like Gecko) Chrome/61.0.3163.79 Safari/537.36"
85.25.177.139 - - [09/Oct/2022:05:59:00 +0200] "GET /PmWikiDe/GroupHeaders?action=edit HTTP/1.1" 200 7180 "-" "Mozilla/5.0 (Macintosh; Intel Mac OS X 10.15; rv:103.0) Gecko/20100101 Firefox/103.0"
66.249.76.222 - - [09/Oct/2022:05:59:22 +0200] "GET /PodCast/IndexPage?action=rss HTTP/1.1" 200 6298 "-" "Mozilla/5.0 (compatible; Googlebot/2.1; +http://www.google.com/bot.html)"
85.25.177.139 - - [09/Oct/2022:05:59:53 +0200] "GET /PmWiki/Security?action=upload HTTP/1.1" 200 8522 "-" "Mozilla/5.0 (Macintosh; Intel Mac OS X 10.15; rv:103.0) Gecko/20100101 Firefox/103.0"
64.124.8.26 - - [09/Oct/2022:06:02:50 +0200] "GET /PodCast/Antyki HTTP/1.1" 200 8306 "-" "Mozilla/5.0 (X11; Linux x86_64) AppleWebKit/537.36 (KHTML, like Gecko) Chrome/61.0.3163.79 Safari/537.36"
85.25.177.139 - - [09/Oct/2022:06:03:46 +0200] "GET /PmWikiDe/GroupHeaders?action=diff HTTP/1.1" 200 7755 "-" "Mozilla/5.0 (Macintosh; Intel Mac OS X 10.15; rv:103.0) Gecko/20100101 Firefox/103.0"
85.25.177.139 - - [09/Oct/2022:06:03:54 +0200] "GET /PmWiki/Contributors?action=upload HTTP/1.1" 200 8578 "-" "Mozilla/5.0 (Macintosh; Intel Mac OS X 10.15; rv:103.0) Gecko/20100101 Firefox/103.0"
64.124.8.26 - - [09/Oct/2022:06:04:16 +0200] "GET /PodCast/PodCast HTTP/1.1" 200 29790 "-" "Mozilla/5.0 (X11; Linux x86_64) AppleWebKit/537.36 (KHTML, like Gecko) Chrome/61.0.3163.79 Safari/537.36"
85.25.177.139 - - [09/Oct/2022:06:06:17 +0200] "GET /PmWiki/Tables?action=diff&source=n&minor=y HTTP/1.1" 200 9161 "-" "Mozilla/5.0 (Macintosh; Intel Mac OS X 10.15; rv:103.0) Gecko/20100101 Firefox/103.0"
85.25.177.139 - - [09/Oct/2022:06:08:42 +0200] "GET /PmWiki/Tables?action=diff&source=y&minor=n HTTP/1.1" 200 9151 "-" "Mozilla/5.0 (Macintosh; Intel Mac OS X 10.15; rv:103.0) Gecko/20100101 Firefox/103.0"
103.143.77.181 - - [09/Oct/2022:06:09:23 +0200] "GET /Texte/Rezension HTTP/1.1" 200 11812 "http://www.pro-zurituutsch.ch" "Mozilla/5.0 (Windows NT 10.0; Win64; x64) AppleWebKit/537.36 (KHTML, like Gecko) Chrome/62.0.3202.94 Safari/537.36"
85.25.177.139 - - [09/Oct/2022:06:09:31 +0200] "GET /PmWiki/Passwords?action=diff&source=y&minor=y HTTP/1.1" 200 9201 "-" "Mozilla/5.0 (Macintosh; Intel Mac OS X 10.15; rv:103.0) Gecko/20100101 Firefox/103.0"
85.25.177.139 - - [09/Oct/2022:06:11:08 +0200] "GET /PmWiki/Contributors?action=print HTTP/1.1" 200 5332 "-" "Mozilla/5.0 (Macintosh; Intel Mac OS X 10.15; rv:103.0) Gecko/20100101 Firefox/103.0"
85.25.177.139 - - [09/Oct/2022:06:12:41 +0200] "GET /PmWiki/Contributors?action=diff HTTP/1.1" 200 9249 "-" "Mozilla/5.0 (Macintosh; Intel Mac OS X 10.15; rv:103.0) Gecko/20100101 Firefox/103.0"
85.25.177.139 - - [09/Oct/2022:06:14:04 +0200] "GET /PmWiki/Contributors?action=edit HTTP/1.1" 200 8678 "-" "Mozilla/5.0 (Macintosh; Intel Mac OS X 10.15; rv:103.0) Gecko/20100101 Firefox/103.0"
85.25.177.139 - - [09/Oct/2022:06:17:34 +0200] "GET /PmWiki/I18nVariables?action=upload HTTP/1.1" 200 8594 "-" "Mozilla/5.0 (Macintosh; Intel Mac OS X 10.15; rv:103.0) Gecko/20100101 Firefox/103.0"
85.25.177.139 - - [09/Oct/2022:06:17:39 +0200] "GET /PmWiki/Passwords?action=diff&source=n&minor=n HTTP/1.1" 200 9207 "-" "Mozilla/5.0 (Macintosh; Intel Mac OS X 10.15; rv:103.0) Gecko/20100101 Firefox/103.0"
85.25.177.139 - - [09/Oct/2022:06:18:40 +0200] "GET /PmWikiDe/DesignNotes?action=edit HTTP/1.1" 200 7170 "-" "Mozilla/5.0 (Macintosh; Intel Mac OS X 10.15; rv:103.0) Gecko/20100101 Firefox/103.0"
194.209.200.2 - - [09/Oct/2022:06:20:00 +0200] "GET /robots.txt HTTP/1.1" 200 - "-" "Mozilla/5.0 (compatible; TMMBot/0.2; +http://www.dslab.ch)/Nutch-1.15"
194.209.200.2 - - [09/Oct/2022:06:20:00 +0200] "GET /Texte/Limericks HTTP/1.1" 200 8087 "-" "Mozilla/5.0 (compatible; TMMBot/0.2; +http://www.dslab.ch)/Nutch-1.15"
194.209.200.2 - - [09/Oct/2022:06:20:04 +0200] "GET /Texte/Schrybwys HTTP/1.1" 200 11028 "-" "Mozilla/5.0 (compatible; TMMBot/0.2; +http://www.dslab.ch)/Nutch-1.15"
194.209.200.2 - - [09/Oct/2022:06:23:39 +0200] "GET /Admin/Pro-ZurituutschStatuten HTTP/1.1" 200 9580 "-" "Mozilla/5.0 (compatible; TMMBot/0.2; +http://www.dslab.ch)/Nutch-1.15"
157.55.39.76 - - [09/Oct/2022:06:27:49 +0200] "GET /Site/61Sanggale1465 HTTP/1.1" 200 18601 "-" "Mozilla/5.0 (compatible; bingbot/2.0; +http://www.bing.com/bingbot.htm)"
85.25.177.139 - - [09/Oct/2022:06:34:33 +0200] "GET /robots.txt HTTP/1.1" 200 - "-" "Mozilla/5.0 (Macintosh; Intel Mac OS X 10.15; rv:103.0) Gecko/20100101 Firefox/103.0"
85.25.177.139 - - [09/Oct/2022:06:34:35 +0200] "GET /PmWiki/I18nVariables?action=print HTTP/1.1" 200 4882 "-" "Mozilla/5.0 (Macintosh; Intel Mac OS X 10.15; rv:103.0) Gecko/20100101 Firefox/103.0"
85.25.177.139 - - [09/Oct/2022:06:34:57 +0200] "GET /PmWikiDe/References?action=edit HTTP/1.1" 200 7134 "-" "Mozilla/5.0 (Macintosh; Intel Mac OS X 10.15; rv:103.0) Gecko/20100101 Firefox/103.0"
85.25.177.139 - - [09/Oct/2022:06:36:18 +0200] "GET /PmWiki/I18nVariables?action=edit HTTP/1.1" 200 8694 "-" "Mozilla/5.0 (Macintosh; Intel Mac OS X 10.15; rv:103.0) Gecko/20100101 Firefox/103.0"
85.25.177.139 - - [09/Oct/2022:06:37:08 +0200] "GET /PmWikiDe/PageLocking?action=edit HTTP/1.1" 200 7150 "-" "Mozilla/5.0 (Macintosh; Intel Mac OS X 10.15; rv:103.0) Gecko/20100101 Firefox/103.0"
85.25.177.139 - - [09/Oct/2022:06:38:02 +0200] "GET /SiteAdmin/Status HTTP/1.1" 200 8522 "-" "Mozilla/5.0 (Macintosh; Intel Mac OS X 10.15; rv:103.0) Gecko/20100101 Firefox/103.0"
85.25.177.139 - - [09/Oct/2022:06:38:44 +0200] "GET /PmWiki/DesignNotes HTTP/1.1" 200 13315 "-" "Mozilla/5.0 (Macintosh; Intel Mac OS X 10.15; rv:103.0) Gecko/20100101 Firefox/103.0"
85.25.177.139 - - [09/Oct/2022:06:40:21 +0200] "GET /PmWiki/PageFileFormat?action=upload HTTP/1.1" 200 8610 "-" "Mozilla/5.0 (Macintosh; Intel Mac OS X 10.15; rv:103.0) Gecko/20100101 Firefox/103.0"
85.25.177.139 - - [09/Oct/2022:06:41:54 +0200] "GET /PmWikiDe/DesignNotes?action=print HTTP/1.1" 200 5461 "-" "Mozilla/5.0 (Macintosh; Intel Mac OS X 10.15; rv:103.0) Gecko/20100101 Firefox/103.0"
85.25.177.139 - - [09/Oct/2022:06:42:18 +0200] "GET /PmWiki/PageFileFormat?action=diff HTTP/1.1" 200 9285 "-" "Mozilla/5.0 (Macintosh; Intel Mac OS X 10.15; rv:103.0) Gecko/20100101 Firefox/103.0"
85.25.177.139 - - [09/Oct/2022:06:43:48 +0200] "GET /PmWikiDe/FilePermissions?action=edit HTTP/1.1" 200 7206 "-" "Mozilla/5.0 (Macintosh; Intel Mac OS X 10.15; rv:103.0) Gecko/20100101 Firefox/103.0"
85.25.177.139 - - [09/Oct/2022:06:44:26 +0200] "GET /PmWiki/DocumentationIndex?action=upload HTTP/1.1" 200 8664 "-" "Mozilla/5.0 (Macintosh; Intel Mac OS X 10.15; rv:103.0) Gecko/20100101 Firefox/103.0"
85.25.177.139 - - [09/Oct/2022:06:45:49 +0200] "GET /PmWiki/DocumentationIndex?action=diff HTTP/1.1" 200 9347 "-" "Mozilla/5.0 (Macintosh; Intel Mac OS X 10.15; rv:103.0) Gecko/20100101 Firefox/103.0"
85.25.177.139 - - [09/Oct/2022:06:46:22 +0200] "GET /PmWikiDe/SimultaneousEdits HTTP/1.1" 200 6689 "-" "Mozilla/5.0 (Macintosh; Intel Mac OS X 10.15; rv:103.0) Gecko/20100101 Firefox/103.0"
85.25.177.139 - - [09/Oct/2022:06:48:05 +0200] "GET /PmWikiDe/DesignNotes?action=diff HTTP/1.1" 200 7743 "-" "Mozilla/5.0 (Macintosh; Intel Mac OS X 10.15; rv:103.0) Gecko/20100101 Firefox/103.0"
85.25.177.139 - - [09/Oct/2022:06:48:39 +0200] "GET /Site/112Stans1481?action=diff&source=y&minor=y HTTP/1.1" 200 20285 "-" "Mozilla/5.0 (Macintosh; Intel Mac OS X 10.15; rv:103.0) Gecko/20100101 Firefox/103.0"
85.25.177.139 - - [09/Oct/2022:06:49:53 +0200] "GET /PmWikiDe/DesignNotes?action=upload HTTP/1.1" 200 7070 "-" "Mozilla/5.0 (Macintosh; Intel Mac OS X 10.15; rv:103.0) Gecko/20100101 Firefox/103.0"
66.249.76.193 - - [09/Oct/2022:06:50:15 +0200] "GET /PodCast/IndexPage?action=rss HTTP/1.1" 200 6298 "-" "Mozilla/5.0 (compatible; Googlebot/2.1; +http://www.google.com/bot.html)"
3.216.185.164 - - [09/Oct/2022:06:50:38 +0200] "GET /PodCast/IndexPage?action=rss HTTP/1.1" 200 6298 "-" "PocketCasts/1.0 (Pocket Casts Feed Parser; +http://pocketcasts.com/)"
85.25.177.139 - - [09/Oct/2022:06:50:41 +0200] "GET /Category/GroupFooter?action=print HTTP/1.1" 200 2998 "-" "Mozilla/5.0 (Macintosh; Intel Mac OS X 10.15; rv:103.0) Gecko/20100101 Firefox/103.0"
85.25.177.139 - - [09/Oct/2022:06:52:16 +0200] "GET /PmWikiDe/HierarchicalGroups?action=edit HTTP/1.1" 200 7248 "-" "Mozilla/5.0 (Macintosh; Intel Mac OS X 10.15; rv:103.0) Gecko/20100101 Firefox/103.0"
85.25.177.139 - - [09/Oct/2022:06:52:59 +0200] "GET /PmWiki/LinkVariables?action=print HTTP/1.1" 200 13391 "-" "Mozilla/5.0 (Macintosh; Intel Mac OS X 10.15; rv:103.0) Gecko/20100101 Firefox/103.0"
85.25.177.139 - - [09/Oct/2022:06:54:35 +0200] "GET /PmWikiDe/SearchImprovements?action=edit HTTP/1.1" 200 7248 "-" "Mozilla/5.0 (Macintosh; Intel Mac OS X 10.15; rv:103.0) Gecko/20100101 Firefox/103.0"
85.25.177.139 - - [09/Oct/2022:06:55:16 +0200] "GET /PmWiki/FmtPageName?action=upload HTTP/1.1" 200 8568 "-" "Mozilla/5.0 (Macintosh; Intel Mac OS X 10.15; rv:103.0) Gecko/20100101 Firefox/103.0"
194.209.200.2 - - [09/Oct/2022:06:56:11 +0200] "GET /robots.txt HTTP/1.1" 200 - "-" "Mozilla/5.0 (compatible; TMMBot/0.2; +http://www.dslab.ch)/Nutch-1.15"
194.209.200.2 - - [09/Oct/2022:06:56:11 +0200] "GET /Texte/Limericks HTTP/1.1" 200 8087 "-" "Mozilla/5.0 (compatible; TMMBot/0.2; +http://www.dslab.ch)/Nutch-1.15"
194.209.200.2 - - [09/Oct/2022:06:56:15 +0200] "GET /Texte/Schrybwys HTTP/1.1" 200 11028 "-" "Mozilla/5.0 (compatible; TMMBot/0.2; +http://www.dslab.ch)/Nutch-1.15"
185.191.171.1 - - [09/Oct/2022:06:56:17 +0200] "GET /robots.txt HTTP/1.1" 200 - "-" "Mozilla/5.0 (compatible; SemrushBot/7~bl; +http://www.semrush.com/bot.html)"
185.191.171.11 - - [09/Oct/2022:06:56:17 +0200] "GET /PmWikiDe/SpezielleInstallationen HTTP/1.1" 200 11385 "-" "Mozilla/5.0 (compatible; SemrushBot/7~bl; +http://www.semrush.com/bot.html)"
85.25.177.139 - - [09/Oct/2022:06:56:49 +0200] "GET /PmWiki/FmtPageName?action=diff HTTP/1.1" 200 9237 "-" "Mozilla/5.0 (Macintosh; Intel Mac OS X 10.15; rv:103.0) Gecko/20100101 Firefox/103.0"
194.209.200.2 - - [09/Oct/2022:06:57:02 +0200] "GET /Texte/ArsAmatoria HTTP/1.1" 200 12369 "-" "Mozilla/5.0 (compatible; TMMBot/0.2; +http://www.dslab.ch)/Nutch-1.15"
85.25.177.139 - - [09/Oct/2022:06:58:30 +0200] "GET /PmWiki/FmtPageName?action=edit HTTP/1.1" 200 8668 "-" "Mozilla/5.0 (Macintosh; Intel Mac OS X 10.15; rv:103.0) Gecko/20100101 Firefox/103.0"
85.25.177.139 - - [09/Oct/2022:06:59:09 +0200] "GET /PmWikiDe/PatrickMichaud?action=edit HTTP/1.1" 200 7192 "-" "Mozilla/5.0 (Macintosh; Intel Mac OS X 10.15; rv:103.0) Gecko/20100101 Firefox/103.0"
85.25.177.139 - - [09/Oct/2022:06:59:46 +0200] "GET /PmWiki/SkinTemplates?action=edit HTTP/1.1" 200 8694 "-" "Mozilla/5.0 (Macintosh; Intel Mac OS X 10.15; rv:103.0) Gecko/20100101 Firefox/103.0"
194.209.200.2 - - [09/Oct/2022:06:59:48 +0200] "GET /Admin/Pro-ZurituutschStatuten HTTP/1.1" 200 9580 "-" "Mozilla/5.0 (compatible; TMMBot/0.2; +http://www.dslab.ch)/Nutch-1.15"
85.25.177.139 - - [09/Oct/2022:07:01:02 +0200] "GET /PmWiki/SkinTemplates?action=upload HTTP/1.1" 200 8594 "-" "Mozilla/5.0 (Macintosh; Intel Mac OS X 10.15; rv:103.0) Gecko/20100101 Firefox/103.0"
85.25.177.139 - - [09/Oct/2022:07:02:07 +0200] "GET /PmWiki/SkinTemplates?action=diff&source=y&minor=n HTTP/1.1" 200 9265 "-" "Mozilla/5.0 (Macintosh; Intel Mac OS X 10.15; rv:103.0) Gecko/20100101 Firefox/103.0"
85.25.177.139 - - [09/Oct/2022:07:04:00 +0200] "GET /PmWiki/PatrickMichaud HTTP/1.1" 200 9037 "-" "Mozilla/5.0 (Macintosh; Intel Mac OS X 10.15; rv:103.0) Gecko/20100101 Firefox/103.0"
85.25.177.139 - - [09/Oct/2022:07:04:37 +0200] "GET /PmWiki/SkinTemplates?action=diff&source=n&minor=y HTTP/1.1" 200 9275 "-" "Mozilla/5.0 (Macintosh; Intel Mac OS X 10.15; rv:103.0) Gecko/20100101 Firefox/103.0"
66.249.76.222 - - [09/Oct/2022:07:05:01 +0200] "GET /PodCast/IndexPage?action=rss HTTP/1.1" 200 6298 "-" "Mozilla/5.0 (compatible; Googlebot/2.1; +http://www.google.com/bot.html)"
85.25.177.139 - - [09/Oct/2022:07:05:43 +0200] "GET /Site/LocalTemplates?action=print HTTP/1.1" 404 2405 "-" "Mozilla/5.0 (Macintosh; Intel Mac OS X 10.15; rv:103.0) Gecko/20100101 Firefox/103.0"
85.25.177.139 - - [09/Oct/2022:07:06:29 +0200] "GET /PmWikiDe/PatrickMichaud?action=diff HTTP/1.1" 200 7771 "-" "Mozilla/5.0 (Macintosh; Intel Mac OS X 10.15; rv:103.0) Gecko/20100101 Firefox/103.0"
85.25.177.139 - - [09/Oct/2022:07:07:45 +0200] "GET /PodCast/JBN01Kap?action=diff&source=y&minor=y HTTP/1.1" 200 10509 "-" "Mozilla/5.0 (Macintosh; Intel Mac OS X 10.15; rv:103.0) Gecko/20100101 Firefox/103.0"
185.191.171.40 - - [09/Oct/2022:07:08:02 +0200] "GET /PmWikiFr/CheminDeRecherche HTTP/1.1" 200 12066 "-" "Mozilla/5.0 (compatible; SemrushBot/7~bl; +http://www.semrush.com/bot.html)"
85.25.177.139 - - [09/Oct/2022:07:08:20 +0200] "GET /PmWikiDe/PatrickMichaud?action=upload HTTP/1.1" 200 7092 "-" "Mozilla/5.0 (Macintosh; Intel Mac OS X 10.15; rv:103.0) Gecko/20100101 Firefox/103.0"
85.25.177.139 - - [09/Oct/2022:07:10:09 +0200] "GET /PmWikiDe/PatrickMichaud?action=print HTTP/1.1" 200 2881 "-" "Mozilla/5.0 (Macintosh; Intel Mac OS X 10.15; rv:103.0) Gecko/20100101 Firefox/103.0"
85.25.177.139 - - [09/Oct/2022:07:10:55 +0200] "GET /Site/LocalTemplates?action=diff&source=n&minor=y HTTP/1.1" 200 9258 "-" "Mozilla/5.0 (Macintosh; Intel Mac OS X 10.15; rv:103.0) Gecko/20100101 Firefox/103.0"
85.25.177.139 - - [09/Oct/2022:07:12:44 +0200] "GET /Site/141Taagsatzig1484?action=diff&source=n&minor=y HTTP/1.1" 200 9978 "-" "Mozilla/5.0 (Macintosh; Intel Mac OS X 10.15; rv:103.0) Gecko/20100101 Firefox/103.0"
85.25.177.139 - - [09/Oct/2022:07:13:11 +0200] "GET /PodCast/AntiikiUndAnderiGschichte?action=edit&restore=diff:1391098811:1391098797:&preview=y HTTP/1.1" 200 8926 "-" "Mozilla/5.0 (Macintosh; Intel Mac OS X 10.15; rv:103.0) Gecko/20100101 Firefox/103.0"
85.25.177.139 - - [09/Oct/2022:07:15:04 +0200] "GET /Site/141Taagsatzig1484?action=edit&restore=diff:1260723771:1260723771:&preview=y HTTP/1.1" 200 8769 "-" "Mozilla/5.0 (Macintosh; Intel Mac OS X 10.15; rv:103.0) Gecko/20100101 Firefox/103.0"
85.25.177.139 - - [09/Oct/2022:07:15:46 +0200] "GET /PodCast/AntiikiUndAnderiGschichte?action=diff&source=n&minor=y HTTP/1.1" 200 13191 "-" "Mozilla/5.0 (Macintosh; Intel Mac OS X 10.15; rv:103.0) Gecko/20100101 Firefox/103.0"
85.25.177.139 - - [09/Oct/2022:07:17:04 +0200] "GET /PmWiki/InterMap?action=diff HTTP/1.1" 200 9187 "-" "Mozilla/5.0 (Macintosh; Intel Mac OS X 10.15; rv:103.0) Gecko/20100101 Firefox/103.0"
85.25.177.139 - - [09/Oct/2022:07:17:43 +0200] "GET /PodCast/AntiikiUndAnderiGschichte?action=edit&restore=diff:1391098248:1391098165:&preview=y HTTP/1.1" 200 8926 "-" "Mozilla/5.0 (Macintosh; Intel Mac OS X 10.15; rv:103.0) Gecko/20100101 Firefox/103.0"
85.25.177.139 - - [09/Oct/2022:07:19:27 +0200] "GET /PmWiki/WikiAdministrator?action=upload HTTP/1.1" 200 8650 "-" "Mozilla/5.0 (Macintosh; Intel Mac OS X 10.15; rv:103.0) Gecko/20100101 Firefox/103.0"
85.25.177.139 - - [09/Oct/2022:07:20:07 +0200] "GET /PmWiki/InterMap?action=edit HTTP/1.1" 200 8624 "-" "Mozilla/5.0 (Macintosh; Intel Mac OS X 10.15; rv:103.0) Gecko/20100101 Firefox/103.0"
85.25.177.139 - - [09/Oct/2022:07:21:53 +0200] "GET /PmWiki/WikiAdministrator?action=diff&source=n&minor=y HTTP/1.1" 200 9339 "-" "Mozilla/5.0 (Macintosh; Intel Mac OS X 10.15; rv:103.0) Gecko/20100101 Firefox/103.0"
85.25.177.139 - - [09/Oct/2022:07:23:34 +0200] "GET /PmWiki/InterMap?action=upload HTTP/1.1" 200 8524 "-" "Mozilla/5.0 (Macintosh; Intel Mac OS X 10.15; rv:103.0) Gecko/20100101 Firefox/103.0"
85.25.177.139 - - [09/Oct/2022:07:24:45 +0200] "GET /PmWiki/WikiAdministrator?action=diff&source=y&minor=n HTTP/1.1" 200 9329 "-" "Mozilla/5.0 (Macintosh; Intel Mac OS X 10.15; rv:103.0) Gecko/20100101 Firefox/103.0"
85.25.177.139 - - [09/Oct/2022:07:26:42 +0200] "GET /PmWikiDe/InterMap?action=edit HTTP/1.1" 200 7122 "-" "Mozilla/5.0 (Macintosh; Intel Mac OS X 10.15; rv:103.0) Gecko/20100101 Firefox/103.0"
85.25.177.139 - - [09/Oct/2022:07:27:14 +0200] "GET /PmWiki/LinkSchemes?action=upload HTTP/1.1" 200 8566 "-" "Mozilla/5.0 (Macintosh; Intel Mac OS X 10.15; rv:103.0) Gecko/20100101 Firefox/103.0"
85.25.177.139 - - [09/Oct/2022:07:29:13 +0200] "GET /PmWikiDe/ConditionalMarkup?action=edit HTTP/1.1" 200 7234 "-" "Mozilla/5.0 (Macintosh; Intel Mac OS X 10.15; rv:103.0) Gecko/20100101 Firefox/103.0"
194.209.200.2 - - [09/Oct/2022:07:30:05 +0200] "GET /robots.txt HTTP/1.1" 200 - "-" "Mozilla/5.0 (compatible; TMMBot/0.2; +http://www.dslab.ch)/Nutch-1.15"
194.209.200.2 - - [09/Oct/2022:07:30:05 +0200] "GET /Texte/Limericks HTTP/1.1" 200 8087 "-" "Mozilla/5.0 (compatible; TMMBot/0.2; +http://www.dslab.ch)/Nutch-1.15"
194.209.200.2 - - [09/Oct/2022:07:30:09 +0200] "GET /Texte/Schrybwys HTTP/1.1" 200 11028 "-" "Mozilla/5.0 (compatible; TMMBot/0.2; +http://www.dslab.ch)/Nutch-1.15"
85.25.177.139 - - [09/Oct/2022:07:30:29 +0200] "GET /PmWiki/LinkSchemes?action=diff HTTP/1.1" 200 9235 "-" "Mozilla/5.0 (Macintosh; Intel Mac OS X 10.15; rv:103.0) Gecko/20100101 Firefox/103.0"
85.25.177.139 - - [09/Oct/2022:07:32:28 +0200] "GET /Profiles/FelixWyss?action=diff&source=n&minor=n HTTP/1.1" 200 9240 "-" "Mozilla/5.0 (Macintosh; Intel Mac OS X 10.15; rv:103.0) Gecko/20100101 Firefox/103.0"
85.25.177.139 - - [09/Oct/2022:07:33:05 +0200] "GET /PmWikiDe/InterMap?action=upload HTTP/1.1" 200 7022 "-" "Mozilla/5.0 (Macintosh; Intel Mac OS X 10.15; rv:103.0) Gecko/20100101 Firefox/103.0"
194.209.200.2 - - [09/Oct/2022:07:33:24 +0200] "GET /Admin/Pro-ZurituutschStatuten HTTP/1.1" 200 9580 "-" "Mozilla/5.0 (compatible; TMMBot/0.2; +http://www.dslab.ch)/Nutch-1.15"
185.191.171.8 - - [09/Oct/2022:07:34:16 +0200] "GET /PmWikiDe/Images HTTP/1.1" 200 18198 "-" "Mozilla/5.0 (compatible; SemrushBot/7~bl; +http://www.semrush.com/bot.html)"
85.25.177.139 - - [09/Oct/2022:07:35:00 +0200] "GET /PmWikiDe/InterMap?action=diff HTTP/1.1" 200 7689 "-" "Mozilla/5.0 (Macintosh; Intel Mac OS X 10.15; rv:103.0) Gecko/20100101 Firefox/103.0"
85.25.177.139 - - [09/Oct/2022:07:35:45 +0200] "GET /Profiles/FelixWyss?action=diff&source=y&minor=y HTTP/1.1" 200 9234 "-" "Mozilla/5.0 (Macintosh; Intel Mac OS X 10.15; rv:103.0) Gecko/20100101 Firefox/103.0"
85.25.177.139 - - [09/Oct/2022:07:38:09 +0200] "GET /Site/51Trouttike?action=diff&source=n&minor=n HTTP/1.1" 200 20317 "-" "Mozilla/5.0 (Macintosh; Intel Mac OS X 10.15; rv:103.0) Gecko/20100101 Firefox/103.0"
85.25.177.139 - - [09/Oct/2022:07:38:58 +0200] "GET /PmWiki/Installation?action=diff&source=y&minor=n HTTP/1.1" 200 9261 "-" "Mozilla/5.0 (Macintosh; Intel Mac OS X 10.15; rv:103.0) Gecko/20100101 Firefox/103.0"
85.25.177.139 - - [09/Oct/2022:07:41:19 +0200] "GET /PmWiki/Requirements?action=upload HTTP/1.1" 200 8578 "-" "Mozilla/5.0 (Macintosh; Intel Mac OS X 10.15; rv:103.0) Gecko/20100101 Firefox/103.0"
85.25.177.139 - - [09/Oct/2022:07:42:02 +0200] "GET /Site/51Trouttike?action=edit&restore=diff:1242574407:1242574366:&preview=y HTTP/1.1" 200 8683 "-" "Mozilla/5.0 (Macintosh; Intel Mac OS X 10.15; rv:103.0) Gecko/20100101 Firefox/103.0"
85.25.177.139 - - [09/Oct/2022:07:42:52 +0200] "GET /PmWiki/Requirements?action=edit HTTP/1.1" 200 8678 "-" "Mozilla/5.0 (Macintosh; Intel Mac OS X 10.15; rv:103.0) Gecko/20100101 Firefox/103.0"
85.25.177.139 - - [09/Oct/2022:07:44:23 +0200] "GET /PmWiki/Requirements?action=diff HTTP/1.1" 200 9249 "-" "Mozilla/5.0 (Macintosh; Intel Mac OS X 10.15; rv:103.0) Gecko/20100101 Firefox/103.0"
85.25.177.139 - - [09/Oct/2022:07:45:49 +0200] "GET /PmWiki/Requirements?action=print HTTP/1.1" 200 4212 "-" "Mozilla/5.0 (Macintosh; Intel Mac OS X 10.15; rv:103.0) Gecko/20100101 Firefox/103.0"
85.25.177.139 - - [09/Oct/2022:07:47:05 +0200] "GET /Site/51Trouttike?action=diff&source=y&minor=y HTTP/1.1" 200 19859 "-" "Mozilla/5.0 (Macintosh; Intel Mac OS X 10.15; rv:103.0) Gecko/20100101 Firefox/103.0"
85.25.177.139 - - [09/Oct/2022:07:47:50 +0200] "GET /PmWiki/LayoutVariables?action=diff&source=n&minor=y HTTP/1.1" 200 9307 "-" "Mozilla/5.0 (Macintosh; Intel Mac OS X 10.15; rv:103.0) Gecko/20100101 Firefox/103.0"
85.25.177.139 - - [09/Oct/2022:07:50:14 +0200] "GET /Site/51Trouttike?action=edit&restore=diff:1244057043:1242662633:&preview=y HTTP/1.1" 200 8683 "-" "Mozilla/5.0 (Macintosh; Intel Mac OS X 10.15; rv:103.0) Gecko/20100101 Firefox/103.0"
66.249.76.193 - - [09/Oct/2022:07:50:16 +0200] "GET /PodCast/IndexPage?action=rss HTTP/1.1" 200 6298 "-" "Mozilla/5.0 (compatible; Googlebot/2.1; +http://www.google.com/bot.html)"
85.25.177.139 - - [09/Oct/2022:07:51:46 +0200] "GET /PmWiki/LayoutVariables?action=diff&source=y&minor=n HTTP/1.1" 200 9297 "-" "Mozilla/5.0 (Macintosh; Intel Mac OS X 10.15; rv:103.0) Gecko/20100101 Firefox/103.0"
85.25.177.139 - - [09/Oct/2022:07:52:25 +0200] "GET /Site/51Trouttike?action=edit&restore=diff:1242574535:1242574407:&preview=y HTTP/1.1" 200 8683 "-" "Mozilla/5.0 (Macintosh; Intel Mac OS X 10.15; rv:103.0) Gecko/20100101 Firefox/103.0"
85.25.177.139 - - [09/Oct/2022:07:54:28 +0200] "GET /PmWiki/LayoutVariables?action=edit HTTP/1.1" 200 8722 "-" "Mozilla/5.0 (Macintosh; Intel Mac OS X 10.15; rv:103.0) Gecko/20100101 Firefox/103.0"
62.210.215.119 - - [09/Oct/2022:07:55:27 +0200] "GET /PodCast/IndexPage?action=rss HTTP/1.1" 200 6298 "-" "Mozilla/5.0 (X11; Linux i686) AppleWebKit/537.36 (KHTML, like Gecko) Chrome/30.0.1599.66 Safari/537.36"
85.25.177.139 - - [09/Oct/2022:07:56:52 +0200] "GET /PmWiki/LayoutVariables?action=upload HTTP/1.1" 200 8622 "-" "Mozilla/5.0 (Macintosh; Intel Mac OS X 10.15; rv:103.0) Gecko/20100101 Firefox/103.0"
85.25.177.139 - - [09/Oct/2022:07:57:41 +0200] "GET /Help/AnleitungTonbeispiele?action=print HTTP/1.1" 404 2433 "-" "Mozilla/5.0 (Macintosh; Intel Mac OS X 10.15; rv:103.0) Gecko/20100101 Firefox/103.0"
85.25.177.139 - - [09/Oct/2022:07:59:07 +0200] "GET /Site/Site?action=diff&source=y&minor=y HTTP/1.1" 200 9116 "-" "Mozilla/5.0 (Macintosh; Intel Mac OS X 10.15; rv:103.0) Gecko/20100101 Firefox/103.0"
194.209.200.2 - - [09/Oct/2022:08:00:05 +0200] "GET /robots.txt HTTP/1.1" 200 - "-" "Mozilla/5.0 (compatible; TMMBot/0.2; +http://www.dslab.ch)/Nutch-1.15"
194.209.200.2 - - [09/Oct/2022:08:00:05 +0200] "GET /Texte/Limericks HTTP/1.1" 200 8087 "-" "Mozilla/5.0 (compatible; TMMBot/0.2; +http://www.dslab.ch)/Nutch-1.15"
194.209.200.2 - - [09/Oct/2022:08:00:10 +0200] "GET /Texte/Schrybwys HTTP/1.1" 200 11028 "-" "Mozilla/5.0 (compatible; TMMBot/0.2; +http://www.dslab.ch)/Nutch-1.15"
85.25.177.139 - - [09/Oct/2022:08:00:31 +0200] "GET /PmWiki/SimultaneousEdits?action=diff HTTP/1.1" 200 9331 "-" "Mozilla/5.0 (Macintosh; Intel Mac OS X 10.15; rv:103.0) Gecko/20100101 Firefox/103.0"
194.209.200.2 - - [09/Oct/2022:08:00:53 +0200] "GET /Texte/ArsAmatoria HTTP/1.1" 200 12369 "-" "Mozilla/5.0 (compatible; TMMBot/0.2; +http://www.dslab.ch)/Nutch-1.15"
85.25.177.139 - - [09/Oct/2022:08:01:58 +0200] "GET /PmWiki/WikiFarms?action=edit HTTP/1.1" 200 8638 "-" "Mozilla/5.0 (Macintosh; Intel Mac OS X 10.15; rv:103.0) Gecko/20100101 Firefox/103.0"
85.25.177.139 - - [09/Oct/2022:08:03:14 +0200] "GET /Texte/AnleitungTonbeispiele?action=diff&source=y&minor=y HTTP/1.1" 200 9378 "-" "Mozilla/5.0 (Macintosh; Intel Mac OS X 10.15; rv:103.0) Gecko/20100101 Firefox/103.0"
194.209.200.2 - - [09/Oct/2022:08:03:21 +0200] "GET /Admin/Pro-ZurituutschStatuten HTTP/1.1" 200 9580 "-" "Mozilla/5.0 (compatible; TMMBot/0.2; +http://www.dslab.ch)/Nutch-1.15"
85.25.177.139 - - [09/Oct/2022:08:04:15 +0200] "GET /PmWiki/WikiFarms?action=diff HTTP/1.1" 200 9203 "-" "Mozilla/5.0 (Macintosh; Intel Mac OS X 10.15; rv:103.0) Gecko/20100101 Firefox/103.0"
85.25.177.139 - - [09/Oct/2022:08:05:33 +0200] "GET /Texte/AnleitungTonbeispiele?action=diff&source=n&minor=n HTTP/1.1" 200 9384 "-" "Mozilla/5.0 (Macintosh; Intel Mac OS X 10.15; rv:103.0) Gecko/20100101 Firefox/103.0"
85.25.177.139 - - [09/Oct/2022:08:06:13 +0200] "GET /PmWiki/WikiFarms?action=upload HTTP/1.1" 200 8538 "-" "Mozilla/5.0 (Macintosh; Intel Mac OS X 10.15; rv:103.0) Gecko/20100101 Firefox/103.0"
66.249.76.220 - - [09/Oct/2022:08:07:56 +0200] "GET /PodCast/IndexPage?action=rss HTTP/1.1" 200 6298 "-" "Mozilla/5.0 (compatible; Googlebot/2.1; +http://www.google.com/bot.html)"
85.25.177.139 - - [09/Oct/2022:08:08:26 +0200] "GET /Site/102Ramft1478?action=edit HTTP/1.1" 200 8653 "-" "Mozilla/5.0 (Macintosh; Intel Mac OS X 10.15; rv:103.0) Gecko/20100101 Firefox/103.0"
85.25.177.139 - - [09/Oct/2022:08:09:54 +0200] "GET /PmWiki/WikiFarmTerminology HTTP/1.1" 200 15320 "-" "Mozilla/5.0 (Macintosh; Intel Mac OS X 10.15; rv:103.0) Gecko/20100101 Firefox/103.0"
85.25.177.139 - - [09/Oct/2022:08:12:13 +0200] "GET /Site/102Ramft1478?action=edit&restore=diff:1251207184:1250417492:&preview=y HTTP/1.1" 200 8699 "-" "Mozilla/5.0 (Macintosh; Intel Mac OS X 10.15; rv:103.0) Gecko/20100101 Firefox/103.0"
168.119.51.163 - - [09/Oct/2022:08:12:59 +0200] "GET /robots.txt HTTP/1.1" 200 - "-" "Mozilla/5.0 (compatible; um-IC/1.0; mailto: techinfo@ubermetrics-technologies.com; Windows NT 6.1; WOW64; rv:40.0) Gecko/20100101 Firefox/40.1"
168.119.51.163 - - [09/Oct/2022:08:12:59 +0200] "GET /PodCast/IndexPage?action=rss HTTP/1.1" 200 6298 "-" "Mozilla/5.0 (compatible; um-IC/1.0; mailto: techinfo@ubermetrics-technologies.com; Windows NT 6.1; WOW64; rv:40.0) Gecko/20100101 Firefox/40.1"
85.25.177.139 - - [09/Oct/2022:08:13:37 +0200] "GET /PmWiki/InitialSetupTasks?action=upload HTTP/1.1" 200 8652 "-" "Mozilla/5.0 (Macintosh; Intel Mac OS X 10.15; rv:103.0) Gecko/20100101 Firefox/103.0"
85.25.177.139 - - [09/Oct/2022:08:14:31 +0200] "GET /Site/102Ramft1478?action=edit&restore=diff:1250417266:1250417163:&preview=y HTTP/1.1" 200 8699 "-" "Mozilla/5.0 (Macintosh; Intel Mac OS X 10.15; rv:103.0) Gecko/20100101 Firefox/103.0"
85.25.177.139 - - [09/Oct/2022:08:16:34 +0200] "GET /Site/SideBar HTTP/1.1" 200 10494 "-" "Mozilla/5.0 (Macintosh; Intel Mac OS X 10.15; rv:103.0) Gecko/20100101 Firefox/103.0"
85.25.177.139 - - [09/Oct/2022:08:17:58 +0200] "GET /Site/102Ramft1478?action=diff&source=n&minor=y HTTP/1.1" 200 24864 "-" "Mozilla/5.0 (Macintosh; Intel Mac OS X 10.15; rv:103.0) Gecko/20100101 Firefox/103.0"
85.25.177.139 - - [09/Oct/2022:08:19:43 +0200] "GET /Site/102Ramft1478?action=edit&restore=diff:1250416521:1250416521:&preview=y HTTP/1.1" 200 8699 "-" "Mozilla/5.0 (Macintosh; Intel Mac OS X 10.15; rv:103.0) Gecko/20100101 Firefox/103.0"
85.25.177.139 - - [09/Oct/2022:08:20:47 +0200] "GET /PmWiki/InitialSetupTasks?action=edit HTTP/1.1" 200 8752 "-" "Mozilla/5.0 (Macintosh; Intel Mac OS X 10.15; rv:103.0) Gecko/20100101 Firefox/103.0"
85.25.177.139 - - [09/Oct/2022:08:21:13 +0200] "GET /Texte/AnleitungTonbeispiele?action=print HTTP/1.1" 404 2438 "-" "Mozilla/5.0 (Macintosh; Intel Mac OS X 10.15; rv:103.0) Gecko/20100101 Firefox/103.0"
85.25.177.139 - - [09/Oct/2022:08:22:16 +0200] "GET /PmWikiDe/Images?action=upload HTTP/1.1" 200 6978 "-" "Mozilla/5.0 (Macintosh; Intel Mac OS X 10.15; rv:103.0) Gecko/20100101 Firefox/103.0"
85.25.177.139 - - [09/Oct/2022:08:23:12 +0200] "GET /Site/PageActions?action=edit HTTP/1.1" 200 8637 "-" "Mozilla/5.0 (Macintosh; Intel Mac OS X 10.15; rv:103.0) Gecko/20100101 Firefox/103.0"
85.25.177.139 - - [09/Oct/2022:08:25:25 +0200] "GET /Site/PageActions?action=diff HTTP/1.1" 200 9202 "-" "Mozilla/5.0 (Macintosh; Intel Mac OS X 10.15; rv:103.0) Gecko/20100101 Firefox/103.0"
85.25.177.139 - - [09/Oct/2022:08:26:13 +0200] "GET /PmWikiDe/Images?action=diff HTTP/1.1" 200 7641 "-" "Mozilla/5.0 (Macintosh; Intel Mac OS X 10.15; rv:103.0) Gecko/20100101 Firefox/103.0"
85.25.177.139 - - [09/Oct/2022:08:27:46 +0200] "GET /Site/PageActions?action=upload HTTP/1.1" 200 8537 "-" "Mozilla/5.0 (Macintosh; Intel Mac OS X 10.15; rv:103.0) Gecko/20100101 Firefox/103.0"
85.25.177.139 - - [09/Oct/2022:08:29:16 +0200] "GET /PmWikiDe/Images?action=edit HTTP/1.1" 200 7078 "-" "Mozilla/5.0 (Macintosh; Intel Mac OS X 10.15; rv:103.0) Gecko/20100101 Firefox/103.0"
85.25.177.139 - - [09/Oct/2022:08:31:00 +0200] "GET /Main/WikiSandbox?action=diff&source=y&minor=n HTTP/1.1" 200 9200 "-" "Mozilla/5.0 (Macintosh; Intel Mac OS X 10.15; rv:103.0) Gecko/20100101 Firefox/103.0"
85.25.177.139 - - [09/Oct/2022:08:31:42 +0200] "GET /PmWiki/Installation?action=upload HTTP/1.1" 200 8592 "-" "Mozilla/5.0 (Macintosh; Intel Mac OS X 10.15; rv:103.0) Gecko/20100101 Firefox/103.0"
85.25.177.139 - - [09/Oct/2022:08:33:08 +0200] "GET /Category/Security?action=diff HTTP/1.1" 200 9216 "-" "Mozilla/5.0 (Macintosh; Intel Mac OS X 10.15; rv:103.0) Gecko/20100101 Firefox/103.0"
85.25.177.139 - - [09/Oct/2022:08:33:35 +0200] "GET /PmWiki/ChangeLog?action=diff HTTP/1.1" 200 9203 "-" "Mozilla/5.0 (Macintosh; Intel Mac OS X 10.15; rv:103.0) Gecko/20100101 Firefox/103.0"
85.25.177.139 - - [09/Oct/2022:08:35:09 +0200] "GET /Category/Security?action=print HTTP/1.1" 200 2305 "-" "Mozilla/5.0 (Macintosh; Intel Mac OS X 10.15; rv:103.0) Gecko/20100101 Firefox/103.0"
194.209.200.2 - - [09/Oct/2022:08:35:10 +0200] "GET /robots.txt HTTP/1.1" 200 - "-" "Mozilla/5.0 (compatible; TMMBot/0.2; +http://www.dslab.ch)/Nutch-1.15"
194.209.200.2 - - [09/Oct/2022:08:35:10 +0200] "GET /Texte/Limericks HTTP/1.1" 200 8087 "-" "Mozilla/5.0 (compatible; TMMBot/0.2; +http://www.dslab.ch)/Nutch-1.15"
194.209.200.2 - - [09/Oct/2022:08:35:14 +0200] "GET /Texte/Schrybwys HTTP/1.1" 200 11028 "-" "Mozilla/5.0 (compatible; TMMBot/0.2; +http://www.dslab.ch)/Nutch-1.15"
3.216.185.164 - - [09/Oct/2022:08:35:38 +0200] "GET /PodCast/IndexPage?action=rss HTTP/1.1" 200 6298 "-" "PocketCasts/1.0 (Pocket Casts Feed Parser; +http://pocketcasts.com/)"
194.209.200.2 - - [09/Oct/2022:08:35:56 +0200] "GET /Texte/ArsAmatoria HTTP/1.1" 200 12369 "-" "Mozilla/5.0 (compatible; TMMBot/0.2; +http://www.dslab.ch)/Nutch-1.15"
85.25.177.139 - - [09/Oct/2022:08:36:18 +0200] "GET /PmWiki/WikiStructure?action=diff HTTP/1.1" 200 9267 "-" "Mozilla/5.0 (Macintosh; Intel Mac OS X 10.15; rv:103.0) Gecko/20100101 Firefox/103.0"
85.25.177.139 - - [09/Oct/2022:08:38:23 +0200] "GET /PmWiki/WikiPage HTTP/1.1" 200 9644 "-" "Mozilla/5.0 (Macintosh; Intel Mac OS X 10.15; rv:103.0) Gecko/20100101 Firefox/103.0"
194.209.200.2 - - [09/Oct/2022:08:38:35 +0200] "GET /Admin/Pro-ZurituutschStatuten HTTP/1.1" 200 9580 "-" "Mozilla/5.0 (compatible; TMMBot/0.2; +http://www.dslab.ch)/Nutch-1.15"
85.25.177.139 - - [09/Oct/2022:08:39:22 +0200] "GET /Category/Security?action=upload HTTP/1.1" 200 8549 "-" "Mozilla/5.0 (Macintosh; Intel Mac OS X 10.15; rv:103.0) Gecko/20100101 Firefox/103.0"
85.25.177.139 - - [09/Oct/2022:08:41:26 +0200] "GET /PodCast/Maitli?action=edit&restore=diff:1177679399:1163401314:&preview=y HTTP/1.1" 200 8654 "-" "Mozilla/5.0 (Macintosh; Intel Mac OS X 10.15; rv:103.0) Gecko/20100101 Firefox/103.0"
185.191.171.9 - - [09/Oct/2022:08:41:33 +0200] "GET /robots.txt HTTP/1.1" 200 - "-" "Mozilla/5.0 (compatible; SemrushBot/7~bl; +http://www.semrush.com/bot.html)"
185.191.171.9 - - [09/Oct/2022:08:41:33 +0200] "GET /PmWikiFr/PageVariables HTTP/1.1" 200 13835 "-" "Mozilla/5.0 (compatible; SemrushBot/7~bl; +http://www.semrush.com/bot.html)"
85.25.177.139 - - [09/Oct/2022:08:42:47 +0200] "GET /PmWiki/WikiStructure?action=edit HTTP/1.1" 200 8694 "-" "Mozilla/5.0 (Macintosh; Intel Mac OS X 10.15; rv:103.0) Gecko/20100101 Firefox/103.0"
85.25.177.139 - - [09/Oct/2022:08:43:23 +0200] "GET /PodCast/Maitli?action=edit&restore=diff:1177679441:1177679399:&preview=y HTTP/1.1" 200 8654 "-" "Mozilla/5.0 (Macintosh; Intel Mac OS X 10.15; rv:103.0) Gecko/20100101 Firefox/103.0"
85.25.177.139 - - [09/Oct/2022:08:44:36 +0200] "GET /PmWiki/EditVariables?action=diff HTTP/1.1" 200 9267 "-" "Mozilla/5.0 (Macintosh; Intel Mac OS X 10.15; rv:103.0) Gecko/20100101 Firefox/103.0"
85.25.177.139 - - [09/Oct/2022:08:45:17 +0200] "GET /PodCast/Maitli?action=edit&restore=diff:1163064478:1163064478:&preview=y HTTP/1.1" 200 8654 "-" "Mozilla/5.0 (Macintosh; Intel Mac OS X 10.15; rv:103.0) Gecko/20100101 Firefox/103.0"
85.25.177.139 - - [09/Oct/2022:08:47:06 +0200] "GET /PodCast/Maitli?action=diff&source=n&minor=n HTTP/1.1" 200 15235 "-" "Mozilla/5.0 (Macintosh; Intel Mac OS X 10.15; rv:103.0) Gecko/20100101 Firefox/103.0"
85.25.177.139 - - [09/Oct/2022:08:47:53 +0200] "GET /PmWiki/CustomWikiStyles?action=edit HTTP/1.1" 200 8738 "-" "Mozilla/5.0 (Macintosh; Intel Mac OS X 10.15; rv:103.0) Gecko/20100101 Firefox/103.0"
85.25.177.139 - - [09/Oct/2022:08:49:27 +0200] "GET /PodCast/Abderhalde0Inhalt?action=print HTTP/1.1" 404 2432 "-" "Mozilla/5.0 (Macintosh; Intel Mac OS X 10.15; rv:103.0) Gecko/20100101 Firefox/103.0"
66.249.76.222 - - [09/Oct/2022:08:50:16 +0200] "GET /PodCast/IndexPage?action=rss HTTP/1.1" 200 6298 "-" "Mozilla/5.0 (compatible; Googlebot/2.1; +http://www.google.com/bot.html)"
85.25.177.139 - - [09/Oct/2022:08:50:56 +0200] "GET /PmWiki/CustomWikiStyles?action=diff HTTP/1.1" 200 9317 "-" "Mozilla/5.0 (Macintosh; Intel Mac OS X 10.15; rv:103.0) Gecko/20100101 Firefox/103.0"
85.25.177.139 - - [09/Oct/2022:08:51:51 +0200] "GET /PmWiki/BasicVariables?action=diff&source=n&minor=y HTTP/1.1" 200 9291 "-" "Mozilla/5.0 (Macintosh; Intel Mac OS X 10.15; rv:103.0) Gecko/20100101 Firefox/103.0"
85.25.177.139 - - [09/Oct/2022:08:53:08 +0200] "GET /PmWiki/BasicVariables?action=diff&source=y&minor=n HTTP/1.1" 200 9281 "-" "Mozilla/5.0 (Macintosh; Intel Mac OS X 10.15; rv:103.0) Gecko/20100101 Firefox/103.0"
85.25.177.139 - - [09/Oct/2022:08:53:55 +0200] "GET /PmWiki/UploadVariables?action=edit HTTP/1.1" 200 8722 "-" "Mozilla/5.0 (Macintosh; Intel Mac OS X 10.15; rv:103.0) Gecko/20100101 Firefox/103.0"
85.25.177.139 - - [09/Oct/2022:08:54:35 +0200] "GET /SiteAdmin/Status?action=print HTTP/1.1" 200 2733 "-" "Mozilla/5.0 (Macintosh; Intel Mac OS X 10.15; rv:103.0) Gecko/20100101 Firefox/103.0"
85.25.177.139 - - [09/Oct/2022:08:56:11 +0200] "GET /PodCast/142Taagsatzig1484?action=diff&source=n&minor=n HTTP/1.1" 200 9355 "-" "Mozilla/5.0 (Macintosh; Intel Mac OS X 10.15; rv:103.0) Gecko/20100101 Firefox/103.0"
85.25.177.139 - - [09/Oct/2022:08:56:36 +0200] "GET /PmWiki/UploadVariables?action=diff HTTP/1.1" 200 9299 "-" "Mozilla/5.0 (Macintosh; Intel Mac OS X 10.15; rv:103.0) Gecko/20100101 Firefox/103.0"
85.25.177.139 - - [09/Oct/2022:08:58:40 +0200] "GET /Site/51Trouttike?action=upload HTTP/1.1" 200 8537 "-" "Mozilla/5.0 (Macintosh; Intel Mac OS X 10.15; rv:103.0) Gecko/20100101 Firefox/103.0"
85.25.177.139 - - [09/Oct/2022:08:59:30 +0200] "GET /PodCast/142Taagsatzig1484?action=diff&source=y&minor=y HTTP/1.1" 200 9349 "-" "Mozilla/5.0 (Macintosh; Intel Mac OS X 10.15; rv:103.0) Gecko/20100101 Firefox/103.0"
85.25.177.139 - - [09/Oct/2022:09:00:34 +0200] "GET /Site/PageNotFound?action=diff HTTP/1.1" 200 9220 "-" "Mozilla/5.0 (Macintosh; Intel Mac OS X 10.15; rv:103.0) Gecko/20100101 Firefox/103.0"
85.25.177.139 - - [09/Oct/2022:09:02:08 +0200] "GET /PmWikiDe/TableDirectives?action=diff&source=y&minor=y HTTP/1.1" 200 7791 "-" "Mozilla/5.0 (Macintosh; Intel Mac OS X 10.15; rv:103.0) Gecko/20100101 Firefox/103.0"
85.25.177.139 - - [09/Oct/2022:09:02:43 +0200] "GET /Site/PageNotFound?action=edit HTTP/1.1" 200 8653 "-" "Mozilla/5.0 (Macintosh; Intel Mac OS X 10.15; rv:103.0) Gecko/20100101 Firefox/103.0"
85.25.177.139 - - [09/Oct/2022:09:04:24 +0200] "GET /Site/PageNotFound?action=upload HTTP/1.1" 200 8553 "-" "Mozilla/5.0 (Macintosh; Intel Mac OS X 10.15; rv:103.0) Gecko/20100101 Firefox/103.0"
85.25.177.139 - - [09/Oct/2022:09:05:49 +0200] "GET /PmWikiDe/TableDirectives?action=diff&source=n&minor=n HTTP/1.1" 200 7797 "-" "Mozilla/5.0 (Macintosh; Intel Mac OS X 10.15; rv:103.0) Gecko/20100101 Firefox/103.0"
85.25.177.139 - - [09/Oct/2022:09:08:01 +0200] "GET /PodCast/Finanzsischteem?action=diff&source=y&minor=y HTTP/1.1" 200 27060 "-" "Mozilla/5.0 (Macintosh; Intel Mac OS X 10.15; rv:103.0) Gecko/20100101 Firefox/103.0"
194.209.200.2 - - [09/Oct/2022:09:08:56 +0200] "GET /robots.txt HTTP/1.1" 200 - "-" "Mozilla/5.0 (compatible; TMMBot/0.2; +http://www.dslab.ch)/Nutch-1.15"
194.209.200.2 - - [09/Oct/2022:09:08:56 +0200] "GET /Texte/Limericks HTTP/1.1" 200 8087 "-" "Mozilla/5.0 (compatible; TMMBot/0.2; +http://www.dslab.ch)/Nutch-1.15"
194.209.200.2 - - [09/Oct/2022:09:09:00 +0200] "GET /Texte/Schrybwys HTTP/1.1" 200 11028 "-" "Mozilla/5.0 (compatible; TMMBot/0.2; +http://www.dslab.ch)/Nutch-1.15"
85.25.177.139 - - [09/Oct/2022:09:09:16 +0200] "GET /PmWikiDe/PageDirectives?action=upload HTTP/1.1" 200 7094 "-" "Mozilla/5.0 (Macintosh; Intel Mac OS X 10.15; rv:103.0) Gecko/20100101 Firefox/103.0"
194.209.200.2 - - [09/Oct/2022:09:09:44 +0200] "GET /Texte/ArsAmatoria HTTP/1.1" 200 12369 "-" "Mozilla/5.0 (compatible; TMMBot/0.2; +http://www.dslab.ch)/Nutch-1.15"
85.25.177.139 - - [09/Oct/2022:09:10:59 +0200] "GET /PodCast/Finanzsischteem?action=edit&restore=diff:1224489845:1224489845:&preview=y HTTP/1.1" 200 8780 "-" "Mozilla/5.0 (Macintosh; Intel Mac OS X 10.15; rv:103.0) Gecko/20100101 Firefox/103.0"
85.25.177.139 - - [09/Oct/2022:09:11:31 +0200] "GET /PmWikiDe/PageDirectives?action=diff HTTP/1.1" 200 7773 "-" "Mozilla/5.0 (Macintosh; Intel Mac OS X 10.15; rv:103.0) Gecko/20100101 Firefox/103.0"
66.249.76.220 - - [09/Oct/2022:09:11:42 +0200] "GET /PodCast/IndexPage?action=rss HTTP/1.1" 200 6298 "-" "Mozilla/5.0 (compatible; Googlebot/2.1; +http://www.google.com/bot.html)"
194.209.200.2 - - [09/Oct/2022:09:12:22 +0200] "GET /Admin/Pro-ZurituutschStatuten HTTP/1.1" 200 9580 "-" "Mozilla/5.0 (compatible; TMMBot/0.2; +http://www.dslab.ch)/Nutch-1.15"
85.25.177.139 - - [09/Oct/2022:09:12:56 +0200] "GET /PmWiki/PmWiki?action=diff HTTP/1.1" 200 9155 "-" "Mozilla/5.0 (Macintosh; Intel Mac OS X 10.15; rv:103.0) Gecko/20100101 Firefox/103.0"
85.25.177.139 - - [09/Oct/2022:09:14:18 +0200] "GET /PmWikiDe/PageDirectives?action=edit HTTP/1.1" 200 7194 "-" "Mozilla/5.0 (Macintosh; Intel Mac OS X 10.15; rv:103.0) Gecko/20100101 Firefox/103.0"
85.25.177.139 - - [09/Oct/2022:09:15:15 +0200] "GET /PodCast/131MIringe1483?action=diff&source=n&minor=n HTTP/1.1" 200 9309 "-" "Mozilla/5.0 (Macintosh; Intel Mac OS X 10.15; rv:103.0) Gecko/20100101 Firefox/103.0"
85.25.177.139 - - [09/Oct/2022:09:16:00 +0200] "GET /PmWikiDe/PageDirectives?action=print HTTP/1.1" 200 5690 "-" "Mozilla/5.0 (Macintosh; Intel Mac OS X 10.15; rv:103.0) Gecko/20100101 Firefox/103.0"
85.25.177.139 - - [09/Oct/2022:09:17:31 +0200] "GET /PodCast/SprAllAner?action=diff&source=y&minor=y HTTP/1.1" 200 9635 "-" "Mozilla/5.0 (Macintosh; Intel Mac OS X 10.15; rv:103.0) Gecko/20100101 Firefox/103.0"
85.25.177.139 - - [09/Oct/2022:09:19:21 +0200] "GET /PodCast/131MIringe1483?action=diff&source=y&minor=y HTTP/1.1" 200 9303 "-" "Mozilla/5.0 (Macintosh; Intel Mac OS X 10.15; rv:103.0) Gecko/20100101 Firefox/103.0"
85.25.177.139 - - [09/Oct/2022:09:20:42 +0200] "GET /PmWiki/DesignNotes?action=print HTTP/1.1" 200 5927 "-" "Mozilla/5.0 (Macintosh; Intel Mac OS X 10.15; rv:103.0) Gecko/20100101 Firefox/103.0"
85.25.177.139 - - [09/Oct/2022:09:22:16 +0200] "GET /PodCast/32Meuischtergass?action=diff&source=n&minor=n HTTP/1.1" 200 9337 "-" "Mozilla/5.0 (Macintosh; Intel Mac OS X 10.15; rv:103.0) Gecko/20100101 Firefox/103.0"
185.191.171.17 - - [09/Oct/2022:09:22:22 +0200] "GET /PmWikiRo/PmWikiRo HTTP/1.1" 200 9084 "-" "Mozilla/5.0 (compatible; SemrushBot/7~bl; +http://www.semrush.com/bot.html)"
85.25.177.139 - - [09/Oct/2022:09:23:03 +0200] "GET /PmWiki/Functions?action=print HTTP/1.1" 200 28571 "-" "Mozilla/5.0 (Macintosh; Intel Mac OS X 10.15; rv:103.0) Gecko/20100101 Firefox/103.0"
85.25.177.139 - - [09/Oct/2022:09:24:35 +0200] "GET /PmWikiDe/GroupAttributes HTTP/1.1" 200 6663 "-" "Mozilla/5.0 (Macintosh; Intel Mac OS X 10.15; rv:103.0) Gecko/20100101 Firefox/103.0"
85.25.177.139 - - [09/Oct/2022:09:25:43 +0200] "GET /PodCast/Waalanalutisch?action=edit&restore=diff:1193935540:1193935444:&preview=y HTTP/1.1" 200 8766 "-" "Mozilla/5.0 (Macintosh; Intel Mac OS X 10.15; rv:103.0) Gecko/20100101 Firefox/103.0"
85.25.177.139 - - [09/Oct/2022:09:26:16 +0200] "GET /PmWikiDe/WikiGroup?action=edit HTTP/1.1" 200 7124 "-" "Mozilla/5.0 (Macintosh; Intel Mac OS X 10.15; rv:103.0) Gecko/20100101 Firefox/103.0"
85.25.177.139 - - [09/Oct/2022:09:27:13 +0200] "GET /PodCast/Waalanalutisch?action=diff&source=y&minor=n HTTP/1.1" 200 30654 "-" "Mozilla/5.0 (Macintosh; Intel Mac OS X 10.15; rv:103.0) Gecko/20100101 Firefox/103.0"
85.25.177.139 - - [09/Oct/2022:09:27:57 +0200] "GET /PmWikiDe/WikiGroup?action=diff HTTP/1.1" 200 7693 "-" "Mozilla/5.0 (Macintosh; Intel Mac OS X 10.15; rv:103.0) Gecko/20100101 Firefox/103.0"
85.25.177.139 - - [09/Oct/2022:09:28:33 +0200] "GET /PodCast/Waalanalutisch?action=edit&restore=diff:1193934428:1193934428:&preview=y HTTP/1.1" 200 8766 "-" "Mozilla/5.0 (Macintosh; Intel Mac OS X 10.15; rv:103.0) Gecko/20100101 Firefox/103.0"
85.25.177.139 - - [09/Oct/2022:09:30:39 +0200] "GET /PmWikiDe/WikiPage?action=edit HTTP/1.1" 200 7108 "-" "Mozilla/5.0 (Macintosh; Intel Mac OS X 10.15; rv:103.0) Gecko/20100101 Firefox/103.0"
85.25.177.139 - - [09/Oct/2022:09:32:36 +0200] "GET /Category HTTP/1.1" 200 8720 "-" "Mozilla/5.0 (Macintosh; Intel Mac OS X 10.15; rv:103.0) Gecko/20100101 Firefox/103.0"
85.25.177.139 - - [09/Oct/2022:09:33:11 +0200] "GET /PodCast/Waalanalutisch?action=edit&restore=diff:1193935319:1193934428:&preview=y HTTP/1.1" 200 8766 "-" "Mozilla/5.0 (Macintosh; Intel Mac OS X 10.15; rv:103.0) Gecko/20100101 Firefox/103.0"
85.25.177.139 - - [09/Oct/2022:09:35:16 +0200] "GET /PmWiki/MarkupExpressions?action=diff&source=n&minor=y HTTP/1.1" 200 9339 "-" "Mozilla/5.0 (Macintosh; Intel Mac OS X 10.15; rv:103.0) Gecko/20100101 Firefox/103.0"
85.25.177.139 - - [09/Oct/2022:09:36:04 +0200] "GET /PmWikiDe/Links?action=edit HTTP/1.1" 200 7070 "-" "Mozilla/5.0 (Macintosh; Intel Mac OS X 10.15; rv:103.0) Gecko/20100101 Firefox/103.0"
85.25.177.139 - - [09/Oct/2022:09:37:16 +0200] "GET /PmWiki/MarkupExpressions?action=diff&source=y&minor=n HTTP/1.1" 200 9329 "-" "Mozilla/5.0 (Macintosh; Intel Mac OS X 10.15; rv:103.0) Gecko/20100101 Firefox/103.0"
34.224.22.126 - - [09/Oct/2022:09:38:17 +0200] "GET /PodCast/IndexPage?action=rss HTTP/1.1" 200 6298 "-" "PlayerFM/1.0 Podcast Sync (1 subscribers; url=https://player.fm/series/podcast-2872909)"
85.25.177.139 - - [09/Oct/2022:09:39:24 +0200] "GET /Category/Category?action=diff&source=y&minor=n HTTP/1.1" 200 9214 "-" "Mozilla/5.0 (Macintosh; Intel Mac OS X 10.15; rv:103.0) Gecko/20100101 Firefox/103.0"
85.25.177.139 - - [09/Oct/2022:09:40:16 +0200] "GET /PmWikiDe/PmWiki HTTP/1.1" 302 190 "-" "Mozilla/5.0 (Macintosh; Intel Mac OS X 10.15; rv:103.0) Gecko/20100101 Firefox/103.0"
85.25.177.139 - - [09/Oct/2022:09:42:06 +0200] "GET /PmWiki/CustomMarkup?action=ruleset HTTP/1.1" 200 5824 "-" "Mozilla/5.0 (Macintosh; Intel Mac OS X 10.15; rv:103.0) Gecko/20100101 Firefox/103.0"
