216.244.66.243 - - [13/Nov/2022:00:05:17 +0100] "GET /PmWikiFr/Categories HTTP/1.1" 200 18044 "-" "Mozilla/5.0 (compatible; DotBot/1.2; +https://opensiteexplorer.org/dotbot; help@moz.com)"
216.244.66.243 - - [13/Nov/2022:00:05:22 +0100] "GET /uploads/PodCast/JBJ701.mp3 HTTP/1.1" 200 26391366 "-" "Mozilla/5.0 (compatible; DotBot/1.2; +https://opensiteexplorer.org/dotbot; help@moz.com)"
194.209.200.2 - - [13/Nov/2022:00:05:55 +0100] "GET /robots.txt HTTP/1.1" 200 - "-" "Mozilla/5.0 (compatible; TMMBot/0.2; +http://www.dslab.ch)/Nutch-1.15"
194.209.200.2 - - [13/Nov/2022:00:05:55 +0100] "GET /Texte/Schrybwys HTTP/1.1" 200 11028 "-" "Mozilla/5.0 (compatible; TMMBot/0.2; +http://www.dslab.ch)/Nutch-1.15"
157.55.39.48 - - [13/Nov/2022:00:06:07 +0100] "GET /PodCast/WGA3FrejersfuSs?action=edit HTTP/1.1" 404 18 "-" "Mozilla/5.0 AppleWebKit/537.36 (KHTML, like Gecko; compatible; bingbot/2.0; +http://www.bing.com/bingbot.htm) Chrome/103.0.5060.134 Safari/537.36"
194.209.200.2 - - [13/Nov/2022:00:06:52 +0100] "GET /Texte/GDicht HTTP/1.1" 200 8050 "-" "Mozilla/5.0 (compatible; TMMBot/0.2; +http://www.dslab.ch)/Nutch-1.15"
194.209.200.2 - - [13/Nov/2022:00:07:28 +0100] "GET /Texte/Metamorphoses HTTP/1.1" 200 9045 "-" "Mozilla/5.0 (compatible; TMMBot/0.2; +http://www.dslab.ch)/Nutch-1.15"
85.25.185.196 - - [13/Nov/2022:00:08:37 +0100] "GET /PodCast/RURAkt2TIl3 HTTP/1.1" 200 22871 "-" "Mozilla/5.0 (Macintosh; Intel Mac OS X 10.15; rv:103.0) Gecko/20100101 Firefox/103.0"
216.244.66.243 - - [13/Nov/2022:00:08:47 +0100] "GET /PmWiki/WikiWords HTTP/1.1" 302 189 "-" "Mozilla/5.0 (compatible; DotBot/1.2; +https://opensiteexplorer.org/dotbot; help@moz.com)"
157.55.39.48 - - [13/Nov/2022:00:13:08 +0100] "GET /Site/Leerbouech HTTP/1.1" 200 10755 "-" "Mozilla/5.0 (compatible; bingbot/2.0; +http://www.bing.com/bingbot.htm)"
157.55.39.14 - - [13/Nov/2022:00:17:07 +0100] "GET /PodCast/PrSidNtewaal HTTP/1.1" 200 8763 "-" "Mozilla/5.0 AppleWebKit/537.36 (KHTML, like Gecko; compatible; bingbot/2.0; +http://www.bing.com/bingbot.htm) Chrome/103.0.5060.134 Safari/537.36"
85.25.185.196 - - [13/Nov/2022:00:17:35 +0100] "GET /PodCast/Stuurchrieg HTTP/1.1" 200 12261 "-" "Mozilla/5.0 (Macintosh; Intel Mac OS X 10.15; rv:103.0) Gecko/20100101 Firefox/103.0"
54.36.148.144 - - [13/Nov/2022:00:20:08 +0100] "GET /PmWikiFr HTTP/1.1" 302 169 "-" "Mozilla/5.0 (compatible; AhrefsBot/7.0; +http://ahrefs.com/robot/)"
66.249.70.204 - - [13/Nov/2022:00:21:43 +0100] "GET /PodCast/IndexPage?action=rss HTTP/1.1" 200 6298 "-" "Mozilla/5.0 (compatible; Googlebot/2.1; +http://www.google.com/bot.html)"
85.25.185.196 - - [13/Nov/2022:00:24:41 +0100] "GET /PodCast/Chouechetailet HTTP/1.1" 200 14480 "-" "Mozilla/5.0 (Macintosh; Intel Mac OS X 10.15; rv:103.0) Gecko/20100101 Firefox/103.0"
216.244.66.243 - - [13/Nov/2022:00:25:23 +0100] "GET /robots.txt HTTP/1.1" 200 - "-" "Mozilla/5.0 (compatible; DotBot/1.2; +https://opensiteexplorer.org/dotbot; help@moz.com)"
157.55.39.14 - - [13/Nov/2022:00:25:48 +0100] "GET /PodCast/Falschmaldig?action=upload HTTP/1.1" 403 18 "-" "Mozilla/5.0 AppleWebKit/537.36 (KHTML, like Gecko; compatible; bingbot/2.0; +http://www.bing.com/bingbot.htm) Chrome/103.0.5060.134 Safari/537.36"
85.25.185.196 - - [13/Nov/2022:00:32:48 +0100] "GET /PodCast/Limerick31 HTTP/1.1" 200 8584 "-" "Mozilla/5.0 (Macintosh; Intel Mac OS X 10.15; rv:103.0) Gecko/20100101 Firefox/103.0"
85.25.185.196 - - [13/Nov/2022:00:35:45 +0100] "GET /PodCast/Boni2 HTTP/1.1" 200 13222 "-" "Mozilla/5.0 (Macintosh; Intel Mac OS X 10.15; rv:103.0) Gecko/20100101 Firefox/103.0"
85.25.185.196 - - [13/Nov/2022:00:37:02 +0100] "GET /PodCast/Sounegsang HTTP/1.1" 200 14204 "-" "Mozilla/5.0 (Macintosh; Intel Mac OS X 10.15; rv:103.0) Gecko/20100101 Firefox/103.0"
85.25.185.196 - - [13/Nov/2022:00:39:18 +0100] "GET /PodCast/JBJ402 HTTP/1.1" 200 20809 "-" "Mozilla/5.0 (Macintosh; Intel Mac OS X 10.15; rv:103.0) Gecko/20100101 Firefox/103.0"
3.216.185.164 - - [13/Nov/2022:00:41:25 +0100] "GET /PodCast/IndexPage?action=rss HTTP/1.1" 200 6298 "-" "PocketCasts/1.0 (Pocket Casts Feed Parser; +http://pocketcasts.com/)"
194.209.200.2 - - [13/Nov/2022:00:42:17 +0100] "GET /robots.txt HTTP/1.1" 200 - "-" "Mozilla/5.0 (compatible; TMMBot/0.2; +http://www.dslab.ch)/Nutch-1.15"
194.209.200.2 - - [13/Nov/2022:00:42:17 +0100] "GET /Texte/Schrybwys HTTP/1.1" 200 11028 "-" "Mozilla/5.0 (compatible; TMMBot/0.2; +http://www.dslab.ch)/Nutch-1.15"
185.191.171.38 - - [13/Nov/2022:00:42:21 +0100] "GET /robots.txt HTTP/1.1" 200 - "-" "Mozilla/5.0 (compatible; SemrushBot/7~bl; +http://www.semrush.com/bot.html)"
185.191.171.41 - - [13/Nov/2022:00:42:22 +0100] "GET /PmWikiFr/XLPage HTTP/1.1" 200 20124 "-" "Mozilla/5.0 (compatible; SemrushBot/7~bl; +http://www.semrush.com/bot.html)"
194.209.200.2 - - [13/Nov/2022:00:43:12 +0100] "GET /Texte/GDicht HTTP/1.1" 200 8050 "-" "Mozilla/5.0 (compatible; TMMBot/0.2; +http://www.dslab.ch)/Nutch-1.15"
194.209.200.2 - - [13/Nov/2022:00:43:47 +0100] "GET /Texte/Metamorphoses HTTP/1.1" 200 9045 "-" "Mozilla/5.0 (compatible; TMMBot/0.2; +http://www.dslab.ch)/Nutch-1.15"
85.25.185.196 - - [13/Nov/2022:00:45:36 +0100] "GET /PodCast/RURAkt1TIl5 HTTP/1.1" 200 18957 "-" "Mozilla/5.0 (Macintosh; Intel Mac OS X 10.15; rv:103.0) Gecko/20100101 Firefox/103.0"
207.46.13.19 - - [13/Nov/2022:00:53:13 +0100] "GET /PodCast/Site191Rech1509?action=print HTTP/1.1" 403 18 "-" "Mozilla/5.0 (compatible; bingbot/2.0; +http://www.bing.com/bingbot.htm)"
216.244.66.243 - - [13/Nov/2022:00:54:03 +0100] "GET /PodCast/Styluebige HTTP/1.1" 200 9354 "-" "Mozilla/5.0 (compatible; DotBot/1.2; +https://opensiteexplorer.org/dotbot; help@moz.com)"
85.25.185.196 - - [13/Nov/2022:00:54:59 +0100] "GET /Site/132MIringe1483?action=edit HTTP/1.1" 200 8683 "-" "Mozilla/5.0 (Macintosh; Intel Mac OS X 10.15; rv:103.0) Gecko/20100101 Firefox/103.0"
216.244.66.243 - - [13/Nov/2022:00:57:04 +0100] "GET /PodCast/Lobbiing HTTP/1.1" 200 9035 "-" "Mozilla/5.0 (compatible; DotBot/1.2; +https://opensiteexplorer.org/dotbot; help@moz.com)"
207.46.13.19 - - [13/Nov/2022:01:00:34 +0100] "GET /PodCast/SprForKom HTTP/1.1" 200 8355 "-" "Mozilla/5.0 AppleWebKit/537.36 (KHTML, like Gecko; compatible; bingbot/2.0; +http://www.bing.com/bingbot.htm) Chrome/103.0.5060.134 Safari/537.36"
40.77.167.46 - - [13/Nov/2022:01:03:37 +0100] "GET /Admin/ZurStiftung?action=edit HTTP/1.1" 403 18 "-" "Mozilla/5.0 AppleWebKit/537.36 (KHTML, like Gecko; compatible; bingbot/2.0; +http://www.bing.com/bingbot.htm) Chrome/103.0.5060.134 Safari/537.36"
85.25.185.196 - - [13/Nov/2022:01:06:14 +0100] "GET /Site/141TaagsatzigIV1484 HTTP/1.1" 200 18313 "-" "Mozilla/5.0 (Macintosh; Intel Mac OS X 10.15; rv:103.0) Gecko/20100101 Firefox/103.0"
216.244.66.243 - - [13/Nov/2022:01:06:47 +0100] "GET /PmWikiFr/Audiences HTTP/1.1" 200 14307 "-" "Mozilla/5.0 (compatible; DotBot/1.2; +https://opensiteexplorer.org/dotbot; help@moz.com)"
216.244.66.243 - - [13/Nov/2022:01:06:53 +0100] "GET /uploads/PodCast/KounschtRandite.mp3 HTTP/1.1" 200 7963102 "-" "Mozilla/5.0 (compatible; DotBot/1.2; +https://opensiteexplorer.org/dotbot; help@moz.com)"
216.244.66.243 - - [13/Nov/2022:01:07:22 +0100] "GET /uploads/PodCast/RaffyniAkt1Tail3.mp3 HTTP/1.1" 200 18671643 "-" "Mozilla/5.0 (compatible; DotBot/1.2; +https://opensiteexplorer.org/dotbot; help@moz.com)"
85.25.185.196 - - [13/Nov/2022:01:07:49 +0100] "GET /PodCast/JBJ501 HTTP/1.1" 200 21897 "-" "Mozilla/5.0 (Macintosh; Intel Mac OS X 10.15; rv:103.0) Gecko/20100101 Firefox/103.0"
168.119.51.163 - - [13/Nov/2022:01:12:09 +0100] "GET /robots.txt HTTP/1.1" 200 - "-" "Mozilla/5.0 (compatible; um-IC/1.0; mailto: techinfo@ubermetrics-technologies.com; Windows NT 6.1; WOW64; rv:40.0) Gecko/20100101 Firefox/40.1"
168.119.51.163 - - [13/Nov/2022:01:12:09 +0100] "GET /PodCast/IndexPage?action=rss HTTP/1.1" 200 6298 "-" "Mozilla/5.0 (compatible; um-IC/1.0; mailto: techinfo@ubermetrics-technologies.com; Windows NT 6.1; WOW64; rv:40.0) Gecko/20100101 Firefox/40.1"
85.25.185.196 - - [13/Nov/2022:01:14:22 +0100] "GET /PodCast/Hafering HTTP/1.1" 200 14273 "-" "Mozilla/5.0 (Macintosh; Intel Mac OS X 10.15; rv:103.0) Gecko/20100101 Firefox/103.0"
194.209.200.2 - - [13/Nov/2022:01:16:30 +0100] "GET /robots.txt HTTP/1.1" 200 - "-" "Mozilla/5.0 (compatible; TMMBot/0.2; +http://www.dslab.ch)/Nutch-1.15"
194.209.200.2 - - [13/Nov/2022:01:16:30 +0100] "GET /Texte/Schrybwys HTTP/1.1" 200 11028 "-" "Mozilla/5.0 (compatible; TMMBot/0.2; +http://www.dslab.ch)/Nutch-1.15"
194.209.200.2 - - [13/Nov/2022:01:17:30 +0100] "GET /Texte/GDicht HTTP/1.1" 200 8050 "-" "Mozilla/5.0 (compatible; TMMBot/0.2; +http://www.dslab.ch)/Nutch-1.15"
85.25.185.196 - - [13/Nov/2022:01:17:33 +0100] "GET /Site/161Predigerchoor1489 HTTP/1.1" 200 15057 "-" "Mozilla/5.0 (Macintosh; Intel Mac OS X 10.15; rv:103.0) Gecko/20100101 Firefox/103.0"
194.209.200.2 - - [13/Nov/2022:01:18:07 +0100] "GET /Texte/Metamorphoses HTTP/1.1" 200 9045 "-" "Mozilla/5.0 (compatible; TMMBot/0.2; +http://www.dslab.ch)/Nutch-1.15"
157.55.39.48 - - [13/Nov/2022:01:19:48 +0100] "GET /PodCast/IndexPage?action=print HTTP/1.1" 403 18 "-" "Mozilla/5.0 AppleWebKit/537.36 (KHTML, like Gecko; compatible; bingbot/2.0; +http://www.bing.com/bingbot.htm) Chrome/103.0.5060.134 Safari/537.36"
85.25.185.196 - - [13/Nov/2022:01:21:27 +0100] "GET /PodCast/RURAktITail1 HTTP/1.1" 200 19498 "-" "Mozilla/5.0 (Macintosh; Intel Mac OS X 10.15; rv:103.0) Gecko/20100101 Firefox/103.0"
40.77.167.46 - - [13/Nov/2022:01:30:07 +0100] "GET /PodCast/Limerick121314?action=upload HTTP/1.1" 403 18 "-" "Mozilla/5.0 AppleWebKit/537.36 (KHTML, like Gecko; compatible; bingbot/2.0; +http://www.bing.com/bingbot.htm) Chrome/103.0.5060.134 Safari/537.36"
66.249.76.220 - - [13/Nov/2022:01:30:13 +0100] "GET /PodCast/IndexPage?action=rss HTTP/1.1" 200 6298 "-" "Mozilla/5.0 (compatible; Googlebot/2.1; +http://www.google.com/bot.html)"
85.25.185.196 - - [13/Nov/2022:01:31:32 +0100] "GET /PodCast/Schaidig1 HTTP/1.1" 200 19206 "-" "Mozilla/5.0 (Macintosh; Intel Mac OS X 10.15; rv:103.0) Gecko/20100101 Firefox/103.0"
40.77.167.46 - - [13/Nov/2022:01:32:21 +0100] "GET /PodCast/Missbrouhch?action=print HTTP/1.1" 403 18 "-" "Mozilla/5.0 (compatible; bingbot/2.0; +http://www.bing.com/bingbot.htm)"
157.55.39.14 - - [13/Nov/2022:01:33:45 +0100] "GET /PodCast/Traktandelyschte?action=diff HTTP/1.1" 403 18 "-" "Mozilla/5.0 (compatible; bingbot/2.0; +http://www.bing.com/bingbot.htm)"
85.25.185.196 - - [13/Nov/2022:01:35:31 +0100] "GET /PodCast/Bombe HTTP/1.1" 200 8662 "-" "Mozilla/5.0 (Macintosh; Intel Mac OS X 10.15; rv:103.0) Gecko/20100101 Firefox/103.0"
216.244.66.243 - - [13/Nov/2022:01:36:15 +0100] "GET /robots.txt HTTP/1.1" 200 - "-" "Mozilla/5.0 (compatible; DotBot/1.2; +https://opensiteexplorer.org/dotbot; help@moz.com)"
85.25.185.196 - - [13/Nov/2022:01:39:07 +0100] "GET /Site/WGA6Klynikerfaarig HTTP/1.1" 200 15713 "-" "Mozilla/5.0 (Macintosh; Intel Mac OS X 10.15; rv:103.0) Gecko/20100101 Firefox/103.0"
207.46.13.19 - - [13/Nov/2022:01:39:27 +0100] "GET /PodCast/Bagdad-Marlboro?action=diff HTTP/1.1" 403 18 "-" "Mozilla/5.0 AppleWebKit/537.36 (KHTML, like Gecko; compatible; bingbot/2.0; +http://www.bing.com/bingbot.htm) Chrome/103.0.5060.134 Safari/537.36"
85.25.185.196 - - [13/Nov/2022:01:41:44 +0100] "GET /Site/Tessynfaart HTTP/1.1" 200 16858 "-" "Mozilla/5.0 (Macintosh; Intel Mac OS X 10.15; rv:103.0) Gecko/20100101 Firefox/103.0"
40.77.167.46 - - [13/Nov/2022:01:43:56 +0100] "GET /PodCast/PodCast?action=upload HTTP/1.1" 403 18 "-" "Mozilla/5.0 AppleWebKit/537.36 (KHTML, like Gecko; compatible; bingbot/2.0; +http://www.bing.com/bingbot.htm) Chrome/103.0.5060.134 Safari/537.36"
157.55.39.48 - - [13/Nov/2022:01:45:01 +0100] "GET /PodCast/Zwangsnaarig?action=diff HTTP/1.1" 403 18 "-" "Mozilla/5.0 (compatible; bingbot/2.0; +http://www.bing.com/bingbot.htm)"
85.25.185.196 - - [13/Nov/2022:01:46:51 +0100] "GET /PodCast/Griechestroom HTTP/1.1" 200 12408 "-" "Mozilla/5.0 (Macintosh; Intel Mac OS X 10.15; rv:103.0) Gecko/20100101 Firefox/103.0"
85.25.185.196 - - [13/Nov/2022:01:48:14 +0100] "GET /PodCast/MI2009?action=edit HTTP/1.1" 200 8610 "-" "Mozilla/5.0 (Macintosh; Intel Mac OS X 10.15; rv:103.0) Gecko/20100101 Firefox/103.0"
207.46.13.19 - - [13/Nov/2022:01:49:39 +0100] "GET /PodCast/Griechestroom?action=diff HTTP/1.1" 403 18 "-" "Mozilla/5.0 (compatible; bingbot/2.0; +http://www.bing.com/bingbot.htm)"
85.25.185.196 - - [13/Nov/2022:01:51:11 +0100] "GET /PodCast/Fanatiker HTTP/1.1" 200 8890 "-" "Mozilla/5.0 (Macintosh; Intel Mac OS X 10.15; rv:103.0) Gecko/20100101 Firefox/103.0"
194.209.200.2 - - [13/Nov/2022:01:52:00 +0100] "GET /robots.txt HTTP/1.1" 200 - "-" "Mozilla/5.0 (compatible; TMMBot/0.2; +http://www.dslab.ch)/Nutch-1.15"
194.209.200.2 - - [13/Nov/2022:01:52:00 +0100] "GET /Texte/Schrybwys HTTP/1.1" 200 11028 "-" "Mozilla/5.0 (compatible; TMMBot/0.2; +http://www.dslab.ch)/Nutch-1.15"
194.209.200.2 - - [13/Nov/2022:01:52:59 +0100] "GET /Texte/GDicht HTTP/1.1" 200 8050 "-" "Mozilla/5.0 (compatible; TMMBot/0.2; +http://www.dslab.ch)/Nutch-1.15"
194.209.200.2 - - [13/Nov/2022:01:53:35 +0100] "GET /Texte/Metamorphoses HTTP/1.1" 200 9045 "-" "Mozilla/5.0 (compatible; TMMBot/0.2; +http://www.dslab.ch)/Nutch-1.15"
85.25.185.196 - - [13/Nov/2022:02:01:02 +0100] "GET /PodCast/Quaalewaal HTTP/1.1" 200 8939 "-" "Mozilla/5.0 (Macintosh; Intel Mac OS X 10.15; rv:103.0) Gecko/20100101 Firefox/103.0"
216.244.66.243 - - [13/Nov/2022:02:01:28 +0100] "GET /PodCast/Metamorfoose HTTP/1.1" 200 9584 "-" "Mozilla/5.0 (compatible; DotBot/1.2; +https://opensiteexplorer.org/dotbot; help@moz.com)"
216.244.66.243 - - [13/Nov/2022:02:02:18 +0100] "GET /Site/142Taagsatzig1484 HTTP/1.1" 200 12692 "-" "Mozilla/5.0 (compatible; DotBot/1.2; +https://opensiteexplorer.org/dotbot; help@moz.com)"
157.55.39.105 - - [13/Nov/2022:02:04:39 +0100] "GET /PodCast/Etnastara HTTP/1.1" 200 8114 "-" "Mozilla/5.0 AppleWebKit/537.36 (KHTML, like Gecko; compatible; bingbot/2.0; +http://www.bing.com/bingbot.htm) Chrome/103.0.5060.134 Safari/537.36"
85.25.185.196 - - [13/Nov/2022:02:04:44 +0100] "GET /Site/122Sitkouscht1482 HTTP/1.1" 200 19228 "-" "Mozilla/5.0 (Macintosh; Intel Mac OS X 10.15; rv:103.0) Gecko/20100101 Firefox/103.0"
216.244.66.243 - - [13/Nov/2022:02:08:59 +0100] "GET /uploads/PodCast/Boundeswaal.mp3 HTTP/1.1" 200 5520915 "-" "Mozilla/5.0 (compatible; DotBot/1.2; +https://opensiteexplorer.org/dotbot; help@moz.com)"
216.244.66.243 - - [13/Nov/2022:02:09:10 +0100] "GET /uploads/PodCast/Roman3.mp3 HTTP/1.1" 200 16115021 "-" "Mozilla/5.0 (compatible; DotBot/1.2; +https://opensiteexplorer.org/dotbot; help@moz.com)"
85.25.185.196 - - [13/Nov/2022:02:09:31 +0100] "GET /PodCast/SprAlAner HTTP/1.1" 200 9962 "-" "Mozilla/5.0 (Macintosh; Intel Mac OS X 10.15; rv:103.0) Gecko/20100101 Firefox/103.0"
216.244.66.243 - - [13/Nov/2022:02:11:04 +0100] "GET /Site/Search HTTP/1.1" 200 10556 "-" "Mozilla/5.0 (compatible; DotBot/1.2; +https://opensiteexplorer.org/dotbot; help@moz.com)"
157.55.39.14 - - [13/Nov/2022:02:13:30 +0100] "GET /PodCast/Limerick1 HTTP/1.1" 200 8694 "-" "Mozilla/5.0 (compatible; bingbot/2.0; +http://www.bing.com/bingbot.htm)"
85.25.185.196 - - [13/Nov/2022:02:14:05 +0100] "GET /PodCast/StroubiZyt1 HTTP/1.1" 200 17947 "-" "Mozilla/5.0 (Macintosh; Intel Mac OS X 10.15; rv:103.0) Gecko/20100101 Firefox/103.0"
85.25.185.196 - - [13/Nov/2022:02:14:44 +0100] "GET /Site/PodCast?action=upload HTTP/1.1" 200 8481 "-" "Mozilla/5.0 (Macintosh; Intel Mac OS X 10.15; rv:103.0) Gecko/20100101 Firefox/103.0"
85.25.185.196 - - [13/Nov/2022:02:21:30 +0100] "GET /PodCast/Poutschology HTTP/1.1" 200 14651 "-" "Mozilla/5.0 (Macintosh; Intel Mac OS X 10.15; rv:103.0) Gecko/20100101 Firefox/103.0"
194.209.200.2 - - [13/Nov/2022:02:26:13 +0100] "GET /robots.txt HTTP/1.1" 200 - "-" "Mozilla/5.0 (compatible; TMMBot/0.2; +http://www.dslab.ch)/Nutch-1.15"
194.209.200.2 - - [13/Nov/2022:02:26:13 +0100] "GET /Texte/Schrybwys HTTP/1.1" 200 11028 "-" "Mozilla/5.0 (compatible; TMMBot/0.2; +http://www.dslab.ch)/Nutch-1.15"
157.55.39.105 - - [13/Nov/2022:02:26:32 +0100] "GET /PodCast/200Quellen?action=edit HTTP/1.1" 404 18 "-" "Mozilla/5.0 (compatible; bingbot/2.0; +http://www.bing.com/bingbot.htm)"
194.209.200.2 - - [13/Nov/2022:02:27:11 +0100] "GET /Texte/GDicht HTTP/1.1" 200 8050 "-" "Mozilla/5.0 (compatible; TMMBot/0.2; +http://www.dslab.ch)/Nutch-1.15"
85.25.185.196 - - [13/Nov/2022:02:27:12 +0100] "GET /PodCast/JBJNaawort HTTP/1.1" 200 17472 "-" "Mozilla/5.0 (Macintosh; Intel Mac OS X 10.15; rv:103.0) Gecko/20100101 Firefox/103.0"
194.209.200.2 - - [13/Nov/2022:02:27:46 +0100] "GET /Texte/Metamorphoses HTTP/1.1" 200 9045 "-" "Mozilla/5.0 (compatible; TMMBot/0.2; +http://www.dslab.ch)/Nutch-1.15"
85.25.185.196 - - [13/Nov/2022:02:28:55 +0100] "GET /Site/Blickestoorff2 HTTP/1.1" 200 18706 "-" "Mozilla/5.0 (Macintosh; Intel Mac OS X 10.15; rv:103.0) Gecko/20100101 Firefox/103.0"
85.25.185.196 - - [13/Nov/2022:02:32:01 +0100] "GET /Site/PodCast?action=diff HTTP/1.1" 200 219924 "-" "Mozilla/5.0 (Macintosh; Intel Mac OS X 10.15; rv:103.0) Gecko/20100101 Firefox/103.0"
66.249.70.210 - - [13/Nov/2022:02:33:18 +0100] "GET /PodCast/IndexPage?action=rss HTTP/1.1" 200 6298 "-" "Mozilla/5.0 (compatible; Googlebot/2.1; +http://www.google.com/bot.html)"
157.55.39.171 - - [13/Nov/2022:02:34:35 +0100] "GET /Bestellen/Pschtellformoular HTTP/1.1" 200 10113 "-" "Mozilla/5.0 AppleWebKit/537.36 (KHTML, like Gecko; compatible; bingbot/2.0; +http://www.bing.com/bingbot.htm) Chrome/103.0.5060.134 Safari/537.36"
157.55.39.171 - - [13/Nov/2022:02:35:24 +0100] "GET /PodCast/Rassewaan?action=print HTTP/1.1" 403 18 "-" "Mozilla/5.0 (compatible; bingbot/2.0; +http://www.bing.com/bingbot.htm)"
85.25.185.196 - - [13/Nov/2022:02:36:28 +0100] "GET /PodCast/Freuidechrafft HTTP/1.1" 200 17025 "-" "Mozilla/5.0 (Macintosh; Intel Mac OS X 10.15; rv:103.0) Gecko/20100101 Firefox/103.0"
157.55.39.105 - - [13/Nov/2022:02:37:27 +0100] "GET /PodCast/Lobbiing?action=upload HTTP/1.1" 403 18 "-" "Mozilla/5.0 AppleWebKit/537.36 (KHTML, like Gecko; compatible; bingbot/2.0; +http://www.bing.com/bingbot.htm) Chrome/103.0.5060.134 Safari/537.36"
85.25.185.196 - - [13/Nov/2022:02:38:15 +0100] "GET /PodCast/Erfruschig HTTP/1.1" 200 8972 "-" "Mozilla/5.0 (Macintosh; Intel Mac OS X 10.15; rv:103.0) Gecko/20100101 Firefox/103.0"
85.25.185.196 - - [13/Nov/2022:02:41:38 +0100] "GET /Site/112Stans1481 HTTP/1.1" 200 17240 "-" "Mozilla/5.0 (Macintosh; Intel Mac OS X 10.15; rv:103.0) Gecko/20100101 Firefox/103.0"
157.55.39.105 - - [13/Nov/2022:02:42:38 +0100] "GET /PodCast/Waalanalutisch?action=print HTTP/1.1" 403 18 "-" "Mozilla/5.0 AppleWebKit/537.36 (KHTML, like Gecko; compatible; bingbot/2.0; +http://www.bing.com/bingbot.htm) Chrome/103.0.5060.134 Safari/537.36"
85.25.185.196 - - [13/Nov/2022:02:45:02 +0100] "GET /PodCast/Roman3 HTTP/1.1" 200 13777 "-" "Mozilla/5.0 (Macintosh; Intel Mac OS X 10.15; rv:103.0) Gecko/20100101 Firefox/103.0"
85.25.185.196 - - [13/Nov/2022:02:47:02 +0100] "GET /Site/152Konschtanz1485 HTTP/1.1" 200 21228 "-" "Mozilla/5.0 (Macintosh; Intel Mac OS X 10.15; rv:103.0) Gecko/20100101 Firefox/103.0"
85.25.185.196 - - [13/Nov/2022:02:53:22 +0100] "GET /PodCast/Hinkeljouged1 HTTP/1.1" 200 23519 "-" "Mozilla/5.0 (Macintosh; Intel Mac OS X 10.15; rv:103.0) Gecko/20100101 Firefox/103.0"
85.25.185.196 - - [13/Nov/2022:02:54:09 +0100] "GET /PodCast/Lydja HTTP/1.1" 200 9714 "-" "Mozilla/5.0 (Macintosh; Intel Mac OS X 10.15; rv:103.0) Gecko/20100101 Firefox/103.0"
85.25.185.196 - - [13/Nov/2022:02:58:49 +0100] "GET /PodCast/RURAkt1TIl3 HTTP/1.1" 200 22147 "-" "Mozilla/5.0 (Macintosh; Intel Mac OS X 10.15; rv:103.0) Gecko/20100101 Firefox/103.0"
207.46.13.19 - - [13/Nov/2022:02:59:35 +0100] "GET /PodCast/Eenlichkait?action=upload HTTP/1.1" 403 18 "-" "Mozilla/5.0 (compatible; bingbot/2.0; +http://www.bing.com/bingbot.htm)"
18.234.234.213 - - [13/Nov/2022:03:00:28 +0100] "GET /PodCast/IndexPage?action=rss HTTP/1.1" 200 6298 "https://www.google.com/" "Mozilla/5.0 (Windows NT 10.0; Win64; x64) AppleWebKit/537.36 (KHTML, like Gecko) Chrome/64.0.3282.140 Safari/537.36 Edge/18.17763"
194.209.200.2 - - [13/Nov/2022:03:00:29 +0100] "GET /robots.txt HTTP/1.1" 200 - "-" "Mozilla/5.0 (compatible; TMMBot/0.2; +http://www.dslab.ch)/Nutch-1.15"
194.209.200.2 - - [13/Nov/2022:03:00:29 +0100] "GET /Texte/Schrybwys HTTP/1.1" 200 11028 "-" "Mozilla/5.0 (compatible; TMMBot/0.2; +http://www.dslab.ch)/Nutch-1.15"
194.209.200.2 - - [13/Nov/2022:03:01:30 +0100] "GET /Texte/GDicht HTTP/1.1" 200 8050 "-" "Mozilla/5.0 (compatible; TMMBot/0.2; +http://www.dslab.ch)/Nutch-1.15"
194.209.200.2 - - [13/Nov/2022:03:02:07 +0100] "GET /Texte/Metamorphoses HTTP/1.1" 200 9045 "-" "Mozilla/5.0 (compatible; TMMBot/0.2; +http://www.dslab.ch)/Nutch-1.15"
85.25.185.196 - - [13/Nov/2022:03:02:35 +0100] "GET /PodCast/Wistaria02 HTTP/1.1" 200 16370 "-" "Mozilla/5.0 (Macintosh; Intel Mac OS X 10.15; rv:103.0) Gecko/20100101 Firefox/103.0"
85.25.185.196 - - [13/Nov/2022:03:05:12 +0100] "GET /PodCast/Prometheus HTTP/1.1" 200 12520 "-" "Mozilla/5.0 (Macintosh; Intel Mac OS X 10.15; rv:103.0) Gecko/20100101 Firefox/103.0"
40.77.167.46 - - [13/Nov/2022:03:11:46 +0100] "GET /PodCast/Roman1?action=diff HTTP/1.1" 403 18 "-" "Mozilla/5.0 (compatible; bingbot/2.0; +http://www.bing.com/bingbot.htm)"
157.55.39.14 - - [13/Nov/2022:03:12:25 +0100] "GET /PodCast/Gschyder?action=print HTTP/1.1" 403 18 "-" "Mozilla/5.0 (compatible; bingbot/2.0; +http://www.bing.com/bingbot.htm)"
85.25.185.196 - - [13/Nov/2022:03:13:46 +0100] "GET /PodCast/Limerick35 HTTP/1.1" 200 8268 "-" "Mozilla/5.0 (Macintosh; Intel Mac OS X 10.15; rv:103.0) Gecko/20100101 Firefox/103.0"
40.77.167.46 - - [13/Nov/2022:03:15:50 +0100] "GET /PodCast/Gagetail HTTP/1.1" 200 8688 "-" "Mozilla/5.0 (compatible; bingbot/2.0; +http://www.bing.com/bingbot.htm)"
85.25.185.196 - - [13/Nov/2022:03:17:35 +0100] "GET /PodCast/Wortwaarte HTTP/1.1" 200 9483 "-" "Mozilla/5.0 (Macintosh; Intel Mac OS X 10.15; rv:103.0) Gecko/20100101 Firefox/103.0"
85.25.185.196 - - [13/Nov/2022:03:19:15 +0100] "GET /PodCast/Puzzle HTTP/1.1" 200 10433 "-" "Mozilla/5.0 (Macintosh; Intel Mac OS X 10.15; rv:103.0) Gecko/20100101 Firefox/103.0"
85.25.185.196 - - [13/Nov/2022:03:21:01 +0100] "GET /PodCast/JBJ301 HTTP/1.1" 200 14945 "-" "Mozilla/5.0 (Macintosh; Intel Mac OS X 10.15; rv:103.0) Gecko/20100101 Firefox/103.0"
3.90.210.80 - - [13/Nov/2022:03:21:27 +0100] "GET /PodCast/IndexPage?action=rss HTTP/1.1" 200 6298 "-" "PlayerFM/1.0 Podcast Sync (1 subscribers; url=https://player.fm/series/podcast-2872909)"
157.55.39.14 - - [13/Nov/2022:03:21:36 +0100] "GET /PodCast/Bankett?action=upload HTTP/1.1" 403 18 "-" "Mozilla/5.0 AppleWebKit/537.36 (KHTML, like Gecko; compatible; bingbot/2.0; +http://www.bing.com/bingbot.htm) Chrome/103.0.5060.134 Safari/537.36"
114.119.151.197 - - [13/Nov/2022:03:29:31 +0100] "GET /robots.txt HTTP/1.1" 200 - "-" "Mozilla/5.0 (compatible;PetalBot;+https://webmaster.petalsearch.com/site/petalbot)"
85.25.185.196 - - [13/Nov/2022:03:31:36 +0100] "GET /PodCast/JBJ301 HTTP/1.1" 200 14945 "-" "Mozilla/5.0 (Macintosh; Intel Mac OS X 10.15; rv:103.0) Gecko/20100101 Firefox/103.0"
85.25.185.196 - - [13/Nov/2022:03:32:19 +0100] "GET /PodCast/RURAkt2TIl2 HTTP/1.1" 200 8393 "-" "Mozilla/5.0 (Macintosh; Intel Mac OS X 10.15; rv:103.0) Gecko/20100101 Firefox/103.0"
66.249.70.204 - - [13/Nov/2022:03:34:25 +0100] "GET /PodCast/IndexPage?action=rss HTTP/1.1" 200 6298 "-" "Mozilla/5.0 (compatible; Googlebot/2.1; +http://www.google.com/bot.html)"
85.25.185.196 - - [13/Nov/2022:03:35:40 +0100] "GET /Site/181Room1500 HTTP/1.1" 200 21927 "-" "Mozilla/5.0 (Macintosh; Intel Mac OS X 10.15; rv:103.0) Gecko/20100101 Firefox/103.0"
85.25.185.196 - - [13/Nov/2022:03:36:35 +0100] "GET /PodCast/FrawimSchatte HTTP/1.1" 200 14992 "-" "Mozilla/5.0 (Macintosh; Intel Mac OS X 10.15; rv:103.0) Gecko/20100101 Firefox/103.0"
85.25.185.196 - - [13/Nov/2022:03:42:17 +0100] "GET /PodCast/JBJ202 HTTP/1.1" 200 20558 "-" "Mozilla/5.0 (Macintosh; Intel Mac OS X 10.15; rv:103.0) Gecko/20100101 Firefox/103.0"
194.209.200.2 - - [13/Nov/2022:03:48:03 +0100] "GET /robots.txt HTTP/1.1" 200 - "-" "Mozilla/5.0 (compatible; TMMBot/0.2; +http://www.dslab.ch)/Nutch-1.15"
194.209.200.2 - - [13/Nov/2022:03:48:03 +0100] "GET /Texte/Schrybwys HTTP/1.1" 200 11028 "-" "Mozilla/5.0 (compatible; TMMBot/0.2; +http://www.dslab.ch)/Nutch-1.15"
85.25.185.196 - - [13/Nov/2022:03:49:28 +0100] "GET /PodCast/JBJ302 HTTP/1.1" 200 15480 "-" "Mozilla/5.0 (Macintosh; Intel Mac OS X 10.15; rv:103.0) Gecko/20100101 Firefox/103.0"
194.209.200.2 - - [13/Nov/2022:03:49:33 +0100] "GET /Texte/GDicht HTTP/1.1" 200 8050 "-" "Mozilla/5.0 (compatible; TMMBot/0.2; +http://www.dslab.ch)/Nutch-1.15"
194.209.200.2 - - [13/Nov/2022:03:50:44 +0100] "GET /Texte/Metamorphoses HTTP/1.1" 200 9045 "-" "Mozilla/5.0 (compatible; TMMBot/0.2; +http://www.dslab.ch)/Nutch-1.15"
85.25.185.196 - - [13/Nov/2022:03:51:07 +0100] "GET /Site/192HouhsRech1509 HTTP/1.1" 200 21137 "-" "Mozilla/5.0 (Macintosh; Intel Mac OS X 10.15; rv:103.0) Gecko/20100101 Firefox/103.0"
85.25.185.196 - - [13/Nov/2022:03:53:11 +0100] "GET /PodCast/SpruchTampoToummOuhsreedeVerwandt HTTP/1.1" 200 11685 "-" "Mozilla/5.0 (Macintosh; Intel Mac OS X 10.15; rv:103.0) Gecko/20100101 Firefox/103.0"
194.209.200.2 - - [13/Nov/2022:03:54:51 +0100] "GET /Hilfe/AnleitungTonbeispiele HTTP/1.1" 200 9878 "-" "Mozilla/5.0 (compatible; TMMBot/0.2; +http://www.dslab.ch)/Nutch-1.15"
216.244.66.243 - - [13/Nov/2022:03:57:49 +0100] "GET /robots.txt HTTP/1.1" 200 - "-" "Mozilla/5.0 (compatible; DotBot/1.2; +https://opensiteexplorer.org/dotbot; help@moz.com)"
157.55.39.14 - - [13/Nov/2022:03:58:50 +0100] "GET /PodCast/UberGebuure?action=diff HTTP/1.1" 403 18 "-" "Mozilla/5.0 (compatible; bingbot/2.0; +http://www.bing.com/bingbot.htm)"
85.25.185.196 - - [13/Nov/2022:04:03:27 +0100] "GET /PodCast/JBJ401 HTTP/1.1" 200 20406 "-" "Mozilla/5.0 (Macintosh; Intel Mac OS X 10.15; rv:103.0) Gecko/20100101 Firefox/103.0"
85.25.185.196 - - [13/Nov/2022:04:05:03 +0100] "GET /PodCast/Limerick27 HTTP/1.1" 200 8704 "-" "Mozilla/5.0 (Macintosh; Intel Mac OS X 10.15; rv:103.0) Gecko/20100101 Firefox/103.0"
40.77.167.99 - - [13/Nov/2022:04:05:40 +0100] "GET /robots.txt HTTP/1.1" 200 - "-" "Mozilla/5.0 AppleWebKit/537.36 (KHTML, like Gecko; compatible; bingbot/2.0; +http://www.bing.com/bingbot.htm) Chrome/103.0.5060.134 Safari/537.36"
85.25.185.196 - - [13/Nov/2022:04:05:47 +0100] "GET /PodCast/Limerick36B HTTP/1.1" 200 8174 "-" "Mozilla/5.0 (Macintosh; Intel Mac OS X 10.15; rv:103.0) Gecko/20100101 Firefox/103.0"
157.55.39.105 - - [13/Nov/2022:04:05:52 +0100] "GET /PodCast/Glawbessund HTTP/1.1" 200 22790 "-" "Mozilla/5.0 AppleWebKit/537.36 (KHTML, like Gecko; compatible; bingbot/2.0; +http://www.bing.com/bingbot.htm) Chrome/103.0.5060.134 Safari/537.36"
85.25.185.196 - - [13/Nov/2022:04:13:10 +0100] "GET /PodCast/Ouhsggwise2 HTTP/1.1" 200 20341 "-" "Mozilla/5.0 (Macintosh; Intel Mac OS X 10.15; rv:103.0) Gecko/20100101 Firefox/103.0"
85.25.185.196 - - [13/Nov/2022:04:14:31 +0100] "GET /PodCast/JBJKap1 HTTP/1.1" 200 21037 "-" "Mozilla/5.0 (Macintosh; Intel Mac OS X 10.15; rv:103.0) Gecko/20100101 Firefox/103.0"
81.17.57.144 - - [13/Nov/2022:04:16:44 +0100] "GET /robots.txt HTTP/1.1" 200 - "-" "Mozilla/5.0 (compatible; MJ12bot/v1.4.8; http://mj12bot.com/)"
81.17.57.144 - - [13/Nov/2022:04:16:45 +0100] "GET /Gast/Podcast HTTP/1.1" 200 8106 "-" "Mozilla/5.0 (compatible; MJ12bot/v1.4.8; http://mj12bot.com/)"
81.17.57.144 - - [13/Nov/2022:04:16:47 +0100] "GET /Gast/Podcast?action=diff HTTP/1.1" 403 18 "-" "Mozilla/5.0 (compatible; MJ12bot/v1.4.8; http://mj12bot.com/)"
81.17.57.144 - - [13/Nov/2022:04:16:49 +0100] "GET /Gast/Podcast?action=edit HTTP/1.1" 403 18 "-" "Mozilla/5.0 (compatible; MJ12bot/v1.4.8; http://mj12bot.com/)"
81.17.57.144 - - [13/Nov/2022:04:16:50 +0100] "GET /Gast/Podcast?action=print HTTP/1.1" 403 18 "-" "Mozilla/5.0 (compatible; MJ12bot/v1.4.8; http://mj12bot.com/)"
81.17.57.144 - - [13/Nov/2022:04:16:53 +0100] "GET /Gast/Podcast?action=upload HTTP/1.1" 403 18 "-" "Mozilla/5.0 (compatible; MJ12bot/v1.4.8; http://mj12bot.com/)"
81.17.57.144 - - [13/Nov/2022:04:16:54 +0100] "GET /JissIBNJoussouff3/01 HTTP/1.1" 200 8171 "-" "Mozilla/5.0 (compatible; MJ12bot/v1.4.8; http://mj12bot.com/)"
81.17.57.144 - - [13/Nov/2022:04:16:56 +0100] "GET /JissIBNJoussouff3/01?action=diff HTTP/1.1" 403 18 "-" "Mozilla/5.0 (compatible; MJ12bot/v1.4.8; http://mj12bot.com/)"
81.17.57.144 - - [13/Nov/2022:04:16:57 +0100] "GET /JissIBNJoussouff3/01?action=edit HTTP/1.1" 403 18 "-" "Mozilla/5.0 (compatible; MJ12bot/v1.4.8; http://mj12bot.com/)"
81.17.57.144 - - [13/Nov/2022:04:16:59 +0100] "GET /JissIBNJoussouff3/01?action=print HTTP/1.1" 403 18 "-" "Mozilla/5.0 (compatible; MJ12bot/v1.4.8; http://mj12bot.com/)"
81.17.57.144 - - [13/Nov/2022:04:17:01 +0100] "GET /JissIBNJoussouff3/01?action=upload HTTP/1.1" 403 18 "-" "Mozilla/5.0 (compatible; MJ12bot/v1.4.8; http://mj12bot.com/)"
81.17.57.144 - - [13/Nov/2022:04:17:03 +0100] "GET /JissIBNJoussouff3/02 HTTP/1.1" 200 8155 "-" "Mozilla/5.0 (compatible; MJ12bot/v1.4.8; http://mj12bot.com/)"
81.17.57.144 - - [13/Nov/2022:04:17:05 +0100] "GET /JissIBNJoussouff3/02?action=diff HTTP/1.1" 403 18 "-" "Mozilla/5.0 (compatible; MJ12bot/v1.4.8; http://mj12bot.com/)"
81.17.57.144 - - [13/Nov/2022:04:17:06 +0100] "GET /JissIBNJoussouff3/02?action=edit HTTP/1.1" 403 18 "-" "Mozilla/5.0 (compatible; MJ12bot/v1.4.8; http://mj12bot.com/)"
81.17.57.144 - - [13/Nov/2022:04:17:08 +0100] "GET /JissIBNJoussouff3/02?action=print HTTP/1.1" 403 18 "-" "Mozilla/5.0 (compatible; MJ12bot/v1.4.8; http://mj12bot.com/)"
81.17.57.144 - - [13/Nov/2022:04:17:10 +0100] "GET /JissIBNJoussouff3/02?action=upload HTTP/1.1" 403 18 "-" "Mozilla/5.0 (compatible; MJ12bot/v1.4.8; http://mj12bot.com/)"
81.17.57.144 - - [13/Nov/2022:04:17:11 +0100] "GET /JissIBNJoussouff4/02 HTTP/1.1" 200 8155 "-" "Mozilla/5.0 (compatible; MJ12bot/v1.4.8; http://mj12bot.com/)"
81.17.57.144 - - [13/Nov/2022:04:17:13 +0100] "GET /JissIBNJoussouff4/02?action=diff HTTP/1.1" 403 18 "-" "Mozilla/5.0 (compatible; MJ12bot/v1.4.8; http://mj12bot.com/)"
81.17.57.144 - - [13/Nov/2022:04:17:15 +0100] "GET /JissIBNJoussouff4/02?action=edit HTTP/1.1" 403 18 "-" "Mozilla/5.0 (compatible; MJ12bot/v1.4.8; http://mj12bot.com/)"
81.17.57.144 - - [13/Nov/2022:04:17:17 +0100] "GET /JissIBNJoussouff4/02?action=print HTTP/1.1" 403 18 "-" "Mozilla/5.0 (compatible; MJ12bot/v1.4.8; http://mj12bot.com/)"
81.17.57.144 - - [13/Nov/2022:04:17:18 +0100] "GET /JissIBNJoussouff4/02?action=upload HTTP/1.1" 403 18 "-" "Mozilla/5.0 (compatible; MJ12bot/v1.4.8; http://mj12bot.com/)"
81.17.57.144 - - [13/Nov/2022:04:17:20 +0100] "GET /JissIBNJoussouff7/01 HTTP/1.1" 200 8155 "-" "Mozilla/5.0 (compatible; MJ12bot/v1.4.8; http://mj12bot.com/)"
81.17.57.144 - - [13/Nov/2022:04:17:22 +0100] "GET /JissIBNJoussouff7/01?action=diff HTTP/1.1" 403 18 "-" "Mozilla/5.0 (compatible; MJ12bot/v1.4.8; http://mj12bot.com/)"
81.17.57.144 - - [13/Nov/2022:04:17:24 +0100] "GET /JissIBNJoussouff7/01?action=edit HTTP/1.1" 403 18 "-" "Mozilla/5.0 (compatible; MJ12bot/v1.4.8; http://mj12bot.com/)"
81.17.57.144 - - [13/Nov/2022:04:17:25 +0100] "GET /JissIBNJoussouff7/01?action=print HTTP/1.1" 403 18 "-" "Mozilla/5.0 (compatible; MJ12bot/v1.4.8; http://mj12bot.com/)"
81.17.57.144 - - [13/Nov/2022:04:17:27 +0100] "GET /JissIBNJoussouff7/01?action=upload HTTP/1.1" 403 18 "-" "Mozilla/5.0 (compatible; MJ12bot/v1.4.8; http://mj12bot.com/)"
81.17.57.144 - - [13/Nov/2022:04:17:29 +0100] "GET /Main/Home?action=diff HTTP/1.1" 403 18 "-" "Mozilla/5.0 (compatible; MJ12bot/v1.4.8; http://mj12bot.com/)"
81.17.57.144 - - [13/Nov/2022:04:17:30 +0100] "GET /Main/Home?action=edit HTTP/1.1" 403 18 "-" "Mozilla/5.0 (compatible; MJ12bot/v1.4.8; http://mj12bot.com/)"
81.17.57.144 - - [13/Nov/2022:04:17:32 +0100] "GET /Main/Home?action=print HTTP/1.1" 403 18 "-" "Mozilla/5.0 (compatible; MJ12bot/v1.4.8; http://mj12bot.com/)"
81.17.57.144 - - [13/Nov/2022:04:17:34 +0100] "GET /Main/Home?action=upload HTTP/1.1" 403 18 "-" "Mozilla/5.0 (compatible; MJ12bot/v1.4.8; http://mj12bot.com/)"
81.17.57.144 - - [13/Nov/2022:04:17:35 +0100] "GET /PodCast/Kinovolch HTTP/1.1" 200 13807 "-" "Mozilla/5.0 (compatible; MJ12bot/v1.4.8; http://mj12bot.com/)"
81.17.57.144 - - [13/Nov/2022:04:17:37 +0100] "GET /PodCast/Kinovolch?action=diff HTTP/1.1" 403 18 "-" "Mozilla/5.0 (compatible; MJ12bot/v1.4.8; http://mj12bot.com/)"
81.17.57.144 - - [13/Nov/2022:04:17:39 +0100] "GET /PodCast/Kinovolch?action=edit HTTP/1.1" 403 18 "-" "Mozilla/5.0 (compatible; MJ12bot/v1.4.8; http://mj12bot.com/)"
81.17.57.144 - - [13/Nov/2022:04:17:41 +0100] "GET /PodCast/Kinovolch?action=print HTTP/1.1" 403 18 "-" "Mozilla/5.0 (compatible; MJ12bot/v1.4.8; http://mj12bot.com/)"
81.17.57.144 - - [13/Nov/2022:04:17:42 +0100] "GET /PodCast/Kinovolch?action=upload HTTP/1.1" 403 18 "-" "Mozilla/5.0 (compatible; MJ12bot/v1.4.8; http://mj12bot.com/)"
81.17.57.144 - - [13/Nov/2022:04:17:44 +0100] "GET /PodCast/Kossorpsk HTTP/1.1" 200 16055 "-" "Mozilla/5.0 (compatible; MJ12bot/v1.4.8; http://mj12bot.com/)"
81.17.57.144 - - [13/Nov/2022:04:17:46 +0100] "GET /PodCast/Kossorpsk?action=diff HTTP/1.1" 403 18 "-" "Mozilla/5.0 (compatible; MJ12bot/v1.4.8; http://mj12bot.com/)"
81.17.57.144 - - [13/Nov/2022:04:17:48 +0100] "GET /PodCast/Kossorpsk?action=edit HTTP/1.1" 403 18 "-" "Mozilla/5.0 (compatible; MJ12bot/v1.4.8; http://mj12bot.com/)"
81.17.57.144 - - [13/Nov/2022:04:17:49 +0100] "GET /PodCast/Kossorpsk?action=print HTTP/1.1" 403 18 "-" "Mozilla/5.0 (compatible; MJ12bot/v1.4.8; http://mj12bot.com/)"
81.17.57.144 - - [13/Nov/2022:04:17:51 +0100] "GET /PodCast/Kossorpsk?action=upload HTTP/1.1" 403 18 "-" "Mozilla/5.0 (compatible; MJ12bot/v1.4.8; http://mj12bot.com/)"
81.17.57.144 - - [13/Nov/2022:04:17:52 +0100] "GET /PodCast/LanierFuture HTTP/1.1" 200 10061 "-" "Mozilla/5.0 (compatible; MJ12bot/v1.4.8; http://mj12bot.com/)"
81.17.57.144 - - [13/Nov/2022:04:17:54 +0100] "GET /PodCast/LanierFuture?action=diff HTTP/1.1" 403 18 "-" "Mozilla/5.0 (compatible; MJ12bot/v1.4.8; http://mj12bot.com/)"
81.17.57.144 - - [13/Nov/2022:04:17:56 +0100] "GET /PodCast/LanierFuture?action=edit HTTP/1.1" 403 18 "-" "Mozilla/5.0 (compatible; MJ12bot/v1.4.8; http://mj12bot.com/)"
81.17.57.144 - - [13/Nov/2022:04:17:58 +0100] "GET /PodCast/LanierFuture?action=print HTTP/1.1" 403 18 "-" "Mozilla/5.0 (compatible; MJ12bot/v1.4.8; http://mj12bot.com/)"
81.17.57.144 - - [13/Nov/2022:04:17:59 +0100] "GET /PodCast/LanierFuture?action=upload HTTP/1.1" 403 18 "-" "Mozilla/5.0 (compatible; MJ12bot/v1.4.8; http://mj12bot.com/)"
81.17.57.144 - - [13/Nov/2022:04:18:01 +0100] "GET /PodCast/Limerick31 HTTP/1.1" 200 8584 "-" "Mozilla/5.0 (compatible; MJ12bot/v1.4.8; http://mj12bot.com/)"
81.17.57.144 - - [13/Nov/2022:04:18:03 +0100] "GET /PodCast/Limerick31?action=diff HTTP/1.1" 403 18 "-" "Mozilla/5.0 (compatible; MJ12bot/v1.4.8; http://mj12bot.com/)"
85.25.185.196 - - [13/Nov/2022:04:18:04 +0100] "GET /Site/151Konschtanz1485 HTTP/1.1" 200 13431 "-" "Mozilla/5.0 (Macintosh; Intel Mac OS X 10.15; rv:103.0) Gecko/20100101 Firefox/103.0"
81.17.57.144 - - [13/Nov/2022:04:18:04 +0100] "GET /PodCast/Limerick31?action=edit HTTP/1.1" 403 18 "-" "Mozilla/5.0 (compatible; MJ12bot/v1.4.8; http://mj12bot.com/)"
81.17.57.144 - - [13/Nov/2022:04:18:06 +0100] "GET /PodCast/Limerick31?action=print HTTP/1.1" 403 18 "-" "Mozilla/5.0 (compatible; MJ12bot/v1.4.8; http://mj12bot.com/)"
81.17.57.144 - - [13/Nov/2022:04:18:08 +0100] "GET /PodCast/Limerick31?action=upload HTTP/1.1" 403 18 "-" "Mozilla/5.0 (compatible; MJ12bot/v1.4.8; http://mj12bot.com/)"
81.17.57.144 - - [13/Nov/2022:04:18:09 +0100] "GET /PodCast/Limerick32 HTTP/1.1" 200 8883 "-" "Mozilla/5.0 (compatible; MJ12bot/v1.4.8; http://mj12bot.com/)"
85.25.185.196 - - [13/Nov/2022:04:21:07 +0100] "GET /PodCast/Zugle HTTP/1.1" 200 19132 "-" "Mozilla/5.0 (Macintosh; Intel Mac OS X 10.15; rv:103.0) Gecko/20100101 Firefox/103.0"
81.17.57.144 - - [13/Nov/2022:04:22:39 +0100] "GET /PodCast/Limerick32?action=diff HTTP/1.1" 403 18 "-" "Mozilla/5.0 (compatible; MJ12bot/v1.4.8; http://mj12bot.com/)"
81.17.57.144 - - [13/Nov/2022:04:22:40 +0100] "GET /PodCast/Limerick32?action=edit HTTP/1.1" 403 18 "-" "Mozilla/5.0 (compatible; MJ12bot/v1.4.8; http://mj12bot.com/)"
81.17.57.144 - - [13/Nov/2022:04:22:42 +0100] "GET /PodCast/Limerick32?action=print HTTP/1.1" 403 18 "-" "Mozilla/5.0 (compatible; MJ12bot/v1.4.8; http://mj12bot.com/)"
81.17.57.144 - - [13/Nov/2022:04:22:43 +0100] "GET /PodCast/Limerick32?action=upload HTTP/1.1" 403 18 "-" "Mozilla/5.0 (compatible; MJ12bot/v1.4.8; http://mj12bot.com/)"
81.17.57.144 - - [13/Nov/2022:04:22:45 +0100] "GET /PodCast/Poutschology HTTP/1.1" 200 14651 "-" "Mozilla/5.0 (compatible; MJ12bot/v1.4.8; http://mj12bot.com/)"
81.17.57.144 - - [13/Nov/2022:04:22:46 +0100] "GET /PodCast/Poutschology?action=diff HTTP/1.1" 403 18 "-" "Mozilla/5.0 (compatible; MJ12bot/v1.4.8; http://mj12bot.com/)"
81.17.57.144 - - [13/Nov/2022:04:22:48 +0100] "GET /PodCast/Poutschology?action=edit HTTP/1.1" 403 18 "-" "Mozilla/5.0 (compatible; MJ12bot/v1.4.8; http://mj12bot.com/)"
81.17.57.144 - - [13/Nov/2022:04:22:49 +0100] "GET /PodCast/Poutschology?action=print HTTP/1.1" 403 18 "-" "Mozilla/5.0 (compatible; MJ12bot/v1.4.8; http://mj12bot.com/)"
81.17.57.144 - - [13/Nov/2022:04:22:51 +0100] "GET /PodCast/Poutschology?action=upload HTTP/1.1" 403 18 "-" "Mozilla/5.0 (compatible; MJ12bot/v1.4.8; http://mj12bot.com/)"
81.17.57.144 - - [13/Nov/2022:04:22:53 +0100] "GET /PodCast/Povritalia1 HTTP/1.1" 200 13515 "-" "Mozilla/5.0 (compatible; MJ12bot/v1.4.8; http://mj12bot.com/)"
81.17.57.144 - - [13/Nov/2022:04:22:54 +0100] "GET /PodCast/Povritalia1?action=diff HTTP/1.1" 403 18 "-" "Mozilla/5.0 (compatible; MJ12bot/v1.4.8; http://mj12bot.com/)"
81.17.57.144 - - [13/Nov/2022:04:22:56 +0100] "GET /PodCast/Povritalia1?action=edit HTTP/1.1" 403 18 "-" "Mozilla/5.0 (compatible; MJ12bot/v1.4.8; http://mj12bot.com/)"
81.17.57.144 - - [13/Nov/2022:04:22:57 +0100] "GET /PodCast/Povritalia1?action=print HTTP/1.1" 403 18 "-" "Mozilla/5.0 (compatible; MJ12bot/v1.4.8; http://mj12bot.com/)"
81.17.57.144 - - [13/Nov/2022:04:22:59 +0100] "GET /PodCast/Povritalia1?action=upload HTTP/1.1" 403 18 "-" "Mozilla/5.0 (compatible; MJ12bot/v1.4.8; http://mj12bot.com/)"
81.17.57.144 - - [13/Nov/2022:04:23:00 +0100] "GET /PodCast/Povritalia2 HTTP/1.1" 200 14332 "-" "Mozilla/5.0 (compatible; MJ12bot/v1.4.8; http://mj12bot.com/)"
81.17.57.144 - - [13/Nov/2022:04:23:02 +0100] "GET /PodCast/Povritalia2?action=diff HTTP/1.1" 403 18 "-" "Mozilla/5.0 (compatible; MJ12bot/v1.4.8; http://mj12bot.com/)"
81.17.57.144 - - [13/Nov/2022:04:23:03 +0100] "GET /PodCast/Povritalia2?action=edit HTTP/1.1" 403 18 "-" "Mozilla/5.0 (compatible; MJ12bot/v1.4.8; http://mj12bot.com/)"
81.17.57.144 - - [13/Nov/2022:04:23:05 +0100] "GET /PodCast/Povritalia2?action=print HTTP/1.1" 403 18 "-" "Mozilla/5.0 (compatible; MJ12bot/v1.4.8; http://mj12bot.com/)"
81.17.57.144 - - [13/Nov/2022:04:23:07 +0100] "GET /PodCast/Povritalia2?action=upload HTTP/1.1" 403 18 "-" "Mozilla/5.0 (compatible; MJ12bot/v1.4.8; http://mj12bot.com/)"
81.17.57.144 - - [13/Nov/2022:04:23:08 +0100] "GET /PodCast/Rutlirapport HTTP/1.1" 200 8153 "-" "Mozilla/5.0 (compatible; MJ12bot/v1.4.8; http://mj12bot.com/)"
81.17.57.144 - - [13/Nov/2022:04:23:10 +0100] "GET /PodCast/Rutlirapport?action=diff HTTP/1.1" 403 18 "-" "Mozilla/5.0 (compatible; MJ12bot/v1.4.8; http://mj12bot.com/)"
81.17.57.144 - - [13/Nov/2022:04:23:11 +0100] "GET /PodCast/Rutlirapport?action=edit HTTP/1.1" 403 18 "-" "Mozilla/5.0 (compatible; MJ12bot/v1.4.8; http://mj12bot.com/)"
81.17.57.144 - - [13/Nov/2022:04:23:13 +0100] "GET /PodCast/Rutlirapport?action=print HTTP/1.1" 403 18 "-" "Mozilla/5.0 (compatible; MJ12bot/v1.4.8; http://mj12bot.com/)"
81.17.57.144 - - [13/Nov/2022:04:23:15 +0100] "GET /PodCast/Rutlirapport?action=upload HTTP/1.1" 403 18 "-" "Mozilla/5.0 (compatible; MJ12bot/v1.4.8; http://mj12bot.com/)"
81.17.57.144 - - [13/Nov/2022:04:23:16 +0100] "GET /PodCast/SprAntBea HTTP/1.1" 200 11671 "-" "Mozilla/5.0 (compatible; MJ12bot/v1.4.8; http://mj12bot.com/)"
81.17.57.144 - - [13/Nov/2022:04:23:18 +0100] "GET /PodCast/SprAntBea?action=diff HTTP/1.1" 403 18 "-" "Mozilla/5.0 (compatible; MJ12bot/v1.4.8; http://mj12bot.com/)"
81.17.57.144 - - [13/Nov/2022:04:23:20 +0100] "GET /PodCast/SprAntBea?action=edit HTTP/1.1" 403 18 "-" "Mozilla/5.0 (compatible; MJ12bot/v1.4.8; http://mj12bot.com/)"
81.17.57.144 - - [13/Nov/2022:04:23:21 +0100] "GET /PodCast/SprAntBea?action=print HTTP/1.1" 403 18 "-" "Mozilla/5.0 (compatible; MJ12bot/v1.4.8; http://mj12bot.com/)"
81.17.57.144 - - [13/Nov/2022:04:23:23 +0100] "GET /PodCast/SprAntBea?action=upload HTTP/1.1" 403 18 "-" "Mozilla/5.0 (compatible; MJ12bot/v1.4.8; http://mj12bot.com/)"
216.244.66.243 - - [13/Nov/2022:04:26:55 +0100] "GET /PodCast/Inselschwyz HTTP/1.1" 200 13310 "-" "Mozilla/5.0 (compatible; DotBot/1.2; +https://opensiteexplorer.org/dotbot; help@moz.com)"
207.46.13.19 - - [13/Nov/2022:04:27:15 +0100] "GET /PodCast/Schlaaffloos2?action=upload HTTP/1.1" 403 18 "-" "Mozilla/5.0 (compatible; bingbot/2.0; +http://www.bing.com/bingbot.htm)"
85.25.185.196 - - [13/Nov/2022:04:28:09 +0100] "GET /PodCast/FHrereid2?action=edit HTTP/1.1" 200 8654 "-" "Mozilla/5.0 (Macintosh; Intel Mac OS X 10.15; rv:103.0) Gecko/20100101 Firefox/103.0"
194.209.200.2 - - [13/Nov/2022:04:28:31 +0100] "GET /robots.txt HTTP/1.1" 200 - "-" "Mozilla/5.0 (compatible; TMMBot/0.2; +http://www.dslab.ch)/Nutch-1.15"
194.209.200.2 - - [13/Nov/2022:04:28:31 +0100] "GET /Texte/Schrybwys HTTP/1.1" 200 11028 "-" "Mozilla/5.0 (compatible; TMMBot/0.2; +http://www.dslab.ch)/Nutch-1.15"
194.209.200.2 - - [13/Nov/2022:04:29:32 +0100] "GET /Texte/GDicht HTTP/1.1" 200 8050 "-" "Mozilla/5.0 (compatible; TMMBot/0.2; +http://www.dslab.ch)/Nutch-1.15"
85.25.185.196 - - [13/Nov/2022:04:30:04 +0100] "GET /PodCast/Eenlichkait HTTP/1.1" 200 12529 "-" "Mozilla/5.0 (Macintosh; Intel Mac OS X 10.15; rv:103.0) Gecko/20100101 Firefox/103.0"
216.244.66.243 - - [13/Nov/2022:04:30:42 +0100] "GET /uploads/Site/43Fasnacht.mp3 HTTP/1.1" 200 10322140 "-" "Mozilla/5.0 (compatible; DotBot/1.2; +https://opensiteexplorer.org/dotbot; help@moz.com)"
3.216.185.164 - - [13/Nov/2022:04:32:04 +0100] "GET /PodCast/IndexPage?action=rss HTTP/1.1" 200 6298 "-" "PocketCasts/1.0 (Pocket Casts Feed Parser; +http://pocketcasts.com/)"
157.55.39.105 - - [13/Nov/2022:04:33:25 +0100] "GET /PodCast/Erdegluck?action=diff HTTP/1.1" 403 18 "-" "Mozilla/5.0 (compatible; bingbot/2.0; +http://www.bing.com/bingbot.htm)"
216.244.66.243 - - [13/Nov/2022:04:33:17 +0100] "GET /uploads/PodCast/LCG0071Hinkeljouged.mp3 HTTP/1.1" 200 23005025 "-" "Mozilla/5.0 (compatible; DotBot/1.2; +https://opensiteexplorer.org/dotbot; help@moz.com)"
157.55.39.14 - - [13/Nov/2022:04:33:43 +0100] "GET /PodCast/BanquiQuali?action=diff HTTP/1.1" 403 18 "-" "Mozilla/5.0 AppleWebKit/537.36 (KHTML, like Gecko; compatible; bingbot/2.0; +http://www.bing.com/bingbot.htm) Chrome/103.0.5060.134 Safari/537.36"
85.25.185.196 - - [13/Nov/2022:04:37:11 +0100] "GET /PodCast/Apvantyv HTTP/1.1" 200 11346 "-" "Mozilla/5.0 (Macintosh; Intel Mac OS X 10.15; rv:103.0) Gecko/20100101 Firefox/103.0"
85.25.185.196 - - [13/Nov/2022:04:38:46 +0100] "GET /PodCast/Metamorfoose HTTP/1.1" 200 9584 "-" "Mozilla/5.0 (Macintosh; Intel Mac OS X 10.15; rv:103.0) Gecko/20100101 Firefox/103.0"
3.219.254.95 - - [13/Nov/2022:04:39:22 +0100] "GET /PodCast/IndexPage?action=rss HTTP/1.1" 200 6298 "-" "PocketCasts/1.0 (Pocket Casts Feed Parser; +http://pocketcasts.com/)"
65.109.24.4 - - [13/Nov/2022:04:40:48 +0100] "GET /robots.txt HTTP/1.1" 200 - "-" "Mozilla/5.0 (compatible; MJ12bot/v1.4.8; http://mj12bot.com/)"
65.109.24.4 - - [13/Nov/2022:04:40:54 +0100] "GET /Main/Home HTTP/1.1" 200 15085 "-" "Mozilla/5.0 (compatible; MJ12bot/v1.4.8; http://mj12bot.com/)"
85.25.185.196 - - [13/Nov/2022:04:41:41 +0100] "GET /PodCast/Rezmebeforeyou HTTP/1.1" 200 10227 "-" "Mozilla/5.0 (Macintosh; Intel Mac OS X 10.15; rv:103.0) Gecko/20100101 Firefox/103.0"
66.249.76.220 - - [13/Nov/2022:04:42:09 +0100] "GET /PodCast/IndexPage?action=rss HTTP/1.1" 200 6298 "-" "Mozilla/5.0 (compatible; Googlebot/2.1; +http://www.google.com/bot.html)"
85.25.185.196 - - [13/Nov/2022:04:46:50 +0100] "GET /PodCast/Limerick30 HTTP/1.1" 200 8709 "-" "Mozilla/5.0 (Macintosh; Intel Mac OS X 10.15; rv:103.0) Gecko/20100101 Firefox/103.0"
37.139.53.50 - - [13/Nov/2022:04:48:02 +0100] "GET /Hilfe/RealOne HTTP/1.0" 200 10362 "http://www.pro-zurituutsch.ch/Hilfe/RealOne" "Mozilla/5.0 (Windows NT 6.1; ) AppleWebKit/537.36 (KHTML, like Gecko) Chrome/90.0.4430.72 Safari/537.36"
85.25.185.196 - - [13/Nov/2022:04:48:12 +0100] "GET /Site/WGA1Begaabig HTTP/1.1" 200 17047 "-" "Mozilla/5.0 (Macintosh; Intel Mac OS X 10.15; rv:103.0) Gecko/20100101 Firefox/103.0"
85.25.185.196 - - [13/Nov/2022:04:53:41 +0100] "GET /PodCast/RURAkt1TIl4 HTTP/1.1" 200 25270 "-" "Mozilla/5.0 (Macintosh; Intel Mac OS X 10.15; rv:103.0) Gecko/20100101 Firefox/103.0"
157.55.39.171 - - [13/Nov/2022:04:53:43 +0100] "GET /PodCast/Limerick34 HTTP/1.1" 200 8268 "-" "Mozilla/5.0 AppleWebKit/537.36 (KHTML, like Gecko; compatible; bingbot/2.0; +http://www.bing.com/bingbot.htm) Chrome/103.0.5060.134 Safari/537.36"
44.228.64.221 - - [13/Nov/2022:04:58:07 +0100] "GET / HTTP/1.1" 200 15085 "-" "Python/3.8 aiohttp/3.8.3"
85.25.185.196 - - [13/Nov/2022:04:59:55 +0100] "GET /PodCast/Zrouggtratte HTTP/1.1" 200 12344 "-" "Mozilla/5.0 (Macintosh; Intel Mac OS X 10.15; rv:103.0) Gecko/20100101 Firefox/103.0"
157.55.39.14 - - [13/Nov/2022:05:00:37 +0100] "GET /PodCast/Zrouggtratte HTTP/1.1" 200 12344 "-" "Mozilla/5.0 AppleWebKit/537.36 (KHTML, like Gecko; compatible; bingbot/2.0; +http://www.bing.com/bingbot.htm) Chrome/103.0.5060.134 Safari/537.36"
194.209.200.2 - - [13/Nov/2022:05:00:55 +0100] "GET /robots.txt HTTP/1.1" 200 - "-" "Mozilla/5.0 (compatible; TMMBot/0.2; +http://www.dslab.ch)/Nutch-1.15"
194.209.200.2 - - [13/Nov/2022:05:00:55 +0100] "GET /Texte/Schrybwys HTTP/1.1" 200 11028 "-" "Mozilla/5.0 (compatible; TMMBot/0.2; +http://www.dslab.ch)/Nutch-1.15"
194.209.200.2 - - [13/Nov/2022:05:01:53 +0100] "GET /Texte/GDicht HTTP/1.1" 200 8050 "-" "Mozilla/5.0 (compatible; TMMBot/0.2; +http://www.dslab.ch)/Nutch-1.15"
157.55.39.14 - - [13/Nov/2022:05:02:28 +0100] "GET /PodCast/Verglych?action=diff HTTP/1.1" 403 18 "-" "Mozilla/5.0 AppleWebKit/537.36 (KHTML, like Gecko; compatible; bingbot/2.0; +http://www.bing.com/bingbot.htm) Chrome/103.0.5060.134 Safari/537.36"
194.209.200.2 - - [13/Nov/2022:05:02:29 +0100] "GET /Texte/Metamorphoses HTTP/1.1" 200 9045 "-" "Mozilla/5.0 (compatible; TMMBot/0.2; +http://www.dslab.ch)/Nutch-1.15"
40.77.167.99 - - [13/Nov/2022:05:03:26 +0100] "GET /robots.txt HTTP/1.1" 200 - "-" "Mozilla/5.0 AppleWebKit/537.36 (KHTML, like Gecko; compatible; bingbot/2.0; +http://www.bing.com/bingbot.htm) Chrome/103.0.5060.134 Safari/537.36"
216.244.66.243 - - [13/Nov/2022:05:03:28 +0100] "GET /robots.txt HTTP/1.1" 200 - "-" "Mozilla/5.0 (compatible; DotBot/1.2; +https://opensiteexplorer.org/dotbot; help@moz.com)"
85.25.185.196 - - [13/Nov/2022:05:03:56 +0100] "GET /PodCast/Limerick33 HTTP/1.1" 200 8889 "-" "Mozilla/5.0 (Macintosh; Intel Mac OS X 10.15; rv:103.0) Gecko/20100101 Firefox/103.0"
40.77.167.46 - - [13/Nov/2022:05:06:07 +0100] "GET /Texte/Gloosse?action=print HTTP/1.1" 403 18 "-" "Mozilla/5.0 AppleWebKit/537.36 (KHTML, like Gecko; compatible; bingbot/2.0; +http://www.bing.com/bingbot.htm) Chrome/103.0.5060.134 Safari/537.36"
157.55.39.105 - - [13/Nov/2022:05:09:08 +0100] "GET /PodCast/Chile?action=upload HTTP/1.1" 403 18 "-" "Mozilla/5.0 (compatible; bingbot/2.0; +http://www.bing.com/bingbot.htm)"
85.25.185.196 - - [13/Nov/2022:05:13:02 +0100] "GET /Site/72Mourte1476 HTTP/1.1" 200 21149 "-" "Mozilla/5.0 (Macintosh; Intel Mac OS X 10.15; rv:103.0) Gecko/20100101 Firefox/103.0"
157.55.39.105 - - [13/Nov/2022:05:13:09 +0100] "GET /Site/131MIringe1483?action=edit HTTP/1.1" 404 18 "-" "Mozilla/5.0 AppleWebKit/537.36 (KHTML, like Gecko; compatible; bingbot/2.0; +http://www.bing.com/bingbot.htm) Chrome/103.0.5060.134 Safari/537.36"
85.25.185.196 - - [13/Nov/2022:05:17:15 +0100] "GET /PodCast/RURAkt1Tail2 HTTP/1.1" 200 8408 "-" "Mozilla/5.0 (Macintosh; Intel Mac OS X 10.15; rv:103.0) Gecko/20100101 Firefox/103.0"
85.25.185.196 - - [13/Nov/2022:05:20:35 +0100] "GET /Site/51Trouttike HTTP/1.1" 200 13817 "-" "Mozilla/5.0 (Macintosh; Intel Mac OS X 10.15; rv:103.0) Gecko/20100101 Firefox/103.0"
85.25.185.196 - - [13/Nov/2022:05:25:45 +0100] "GET /PodCast/Zwangsnaarig HTTP/1.1" 200 13078 "-" "Mozilla/5.0 (Macintosh; Intel Mac OS X 10.15; rv:103.0) Gecko/20100101 Firefox/103.0"
195.191.219.132 - - [13/Nov/2022:05:30:04 +0100] "GET /robots.txt HTTP/1.1" 200 - "-" "Mozilla/5.0 (compatible; MJ12bot/v1.4.8; http://mj12bot.com/)"
195.191.219.132 - - [13/Nov/2022:05:30:07 +0100] "GET / HTTP/1.1" 200 15085 "-" "Mozilla/5.0 (compatible; MJ12bot/v1.4.8; http://mj12bot.com/)"
216.244.66.243 - - [13/Nov/2022:05:32:40 +0100] "GET /PodCast/JBJ301 HTTP/1.1" 200 14945 "-" "Mozilla/5.0 (compatible; DotBot/1.2; +https://opensiteexplorer.org/dotbot; help@moz.com)"
216.244.66.243 - - [13/Nov/2022:05:32:45 +0100] "GET /PodCast/JBJ702 HTTP/1.1" 200 22843 "-" "Mozilla/5.0 (compatible; DotBot/1.2; +https://opensiteexplorer.org/dotbot; help@moz.com)"
85.25.185.196 - - [13/Nov/2022:05:33:07 +0100] "GET /PodCast/Eereroueff HTTP/1.1" 200 18747 "-" "Mozilla/5.0 (Macintosh; Intel Mac OS X 10.15; rv:103.0) Gecko/20100101 Firefox/103.0"
207.46.13.19 - - [13/Nov/2022:05:34:03 +0100] "GET /PodCast/RURAkt2TIl4?action=diff HTTP/1.1" 403 18 "-" "Mozilla/5.0 (compatible; bingbot/2.0; +http://www.bing.com/bingbot.htm)"
