27.115.124.45 - - [16/Mar/2022:14:41:06 +0100] "GET /pub/skins/pro-zurituutsch/images/favicon.ico HTTP/1.1" 200 1406 "-" "Mozilla/5.0 (Windows NT 10.0; WOW64) AppleWebKit/537.36 (KHTML, like Gecko) Chrome/78.0.3904.108 Safari/537.36"
45.56.103.4 - - [16/Mar/2022:14:42:32 +0100] "GET /PodCast/IndexPage?action=rss HTTP/1.1" 200 6298 "-" "PlayerFM/1.0 Podcast Sync (1 subscribers; url=https://player.fm/series/podcast-2872909)"
3.238.108.82 - - [16/Mar/2022:14:42:34 +0100] "GET / HTTP/1.1" 200 14638 "-" "Mozilla/5.0 (Windows NT 6.2; Win64; x64) AppleWebKit/537.36 (KHTML, like Gecko) Chrome/32.0.1667.0 Safari/537.36"
66.249.70.124 - - [16/Mar/2022:14:43:31 +0100] "GET /PodCast/IndexPage?action=rss HTTP/1.1" 200 6298 "-" "Mozilla/5.0 (compatible; Googlebot/2.1; +http://www.google.com/bot.html)"
114.119.130.62 - - [16/Mar/2022:14:52:46 +0100] "GET /Main/HomePage?action=upload HTTP/1.1" 403 18 "-" "Mozilla/5.0 (Linux; Android 7.0;) AppleWebKit/537.36 (KHTML, like Gecko) Mobile Safari/537.36 (compatible; PetalBot;+https://webmaster.petalsearch.com/site/petalbot)"
185.191.171.5 - - [16/Mar/2022:14:57:28 +0100] "GET /robots.txt HTTP/1.1" 200 - "-" "Mozilla/5.0 (compatible; SemrushBot/7~bl; +http://www.semrush.com/bot.html)"
185.191.171.25 - - [16/Mar/2022:14:57:28 +0100] "GET /PmWikiFr/A?action=search&fmt=title&q=link%3DPmWikiFr.Menu HTTP/1.1" 404 18 "-" "Mozilla/5.0 (compatible; SemrushBot/7~bl; +http://www.semrush.com/bot.html)"
194.209.200.2 - - [16/Mar/2022:14:58:08 +0100] "GET /robots.txt HTTP/1.1" 200 - "-" "Mozilla/5.0 (compatible; TMMBot/0.2; +http://www.dslab.ch)/Nutch-1.15"
194.209.200.2 - - [16/Mar/2022:14:58:08 +0100] "GET / HTTP/1.1" 200 14638 "-" "Mozilla/5.0 (compatible; TMMBot/0.2; +http://www.dslab.ch)/Nutch-1.15"
194.209.200.2 - - [16/Mar/2022:15:00:05 +0100] "GET /robots.txt HTTP/1.1" 200 - "-" "Mozilla/5.0 (compatible; TMMBot/0.2; +http://www.dslab.ch)/Nutch-1.15"
194.209.200.2 - - [16/Mar/2022:15:00:05 +0100] "GET /Texte/Rezension HTTP/1.1" 200 11812 "-" "Mozilla/5.0 (compatible; TMMBot/0.2; +http://www.dslab.ch)/Nutch-1.15"
185.191.171.20 - - [16/Mar/2022:15:03:08 +0100] "GET /PmWikiCs/TextFormattingRules HTTP/1.1" 200 18392 "-" "Mozilla/5.0 (compatible; SemrushBot/7~bl; +http://www.semrush.com/bot.html)"
194.209.200.2 - - [16/Mar/2022:15:03:16 +0100] "GET /Admin/Jahresbericht HTTP/1.1" 200 45530 "-" "Mozilla/5.0 (compatible; TMMBot/0.2; +http://www.dslab.ch)/Nutch-1.15"
194.209.200.2 - - [16/Mar/2022:15:05:42 +0100] "GET /Texte/GDicht HTTP/1.1" 200 8050 "-" "Mozilla/5.0 (compatible; TMMBot/0.2; +http://www.dslab.ch)/Nutch-1.15"
194.209.200.2 - - [16/Mar/2022:15:06:42 +0100] "GET /Texte/Styluebige HTTP/1.1" 200 9998 "-" "Mozilla/5.0 (compatible; TMMBot/0.2; +http://www.dslab.ch)/Nutch-1.15"
194.209.200.2 - - [16/Mar/2022:15:06:46 +0100] "GET /Admin/Links HTTP/1.1" 200 14193 "-" "Mozilla/5.0 (compatible; TMMBot/0.2; +http://www.dslab.ch)/Nutch-1.15"
194.209.200.2 - - [16/Mar/2022:15:07:06 +0100] "GET /Texte/Metamorphoses HTTP/1.1" 200 9045 "-" "Mozilla/5.0 (compatible; TMMBot/0.2; +http://www.dslab.ch)/Nutch-1.15"
185.191.171.15 - - [16/Mar/2022:15:07:52 +0100] "GET /PmWikiIt/WikiStyles?action=edit HTTP/1.1" 404 18 "-" "Mozilla/5.0 (compatible; SemrushBot/7~bl; +http://www.semrush.com/bot.html)"
194.209.200.2 - - [16/Mar/2022:15:10:49 +0100] "GET /Admin/Pro-ZurituutschStatuten HTTP/1.1" 200 9580 "-" "Mozilla/5.0 (compatible; TMMBot/0.2; +http://www.dslab.ch)/Nutch-1.15"
194.209.200.2 - - [16/Mar/2022:15:11:27 +0100] "GET /Admin/ZurStiftung HTTP/1.1" 200 10864 "-" "Mozilla/5.0 (compatible; TMMBot/0.2; +http://www.dslab.ch)/Nutch-1.15"
194.209.200.2 - - [16/Mar/2022:15:12:10 +0100] "GET /Texte/Bitterbeuhsi HTTP/1.1" 200 9255 "-" "Mozilla/5.0 (compatible; TMMBot/0.2; +http://www.dslab.ch)/Nutch-1.15"
194.209.200.2 - - [16/Mar/2022:15:12:36 +0100] "GET /Gast/Podcast HTTP/1.1" 200 8106 "-" "Mozilla/5.0 (compatible; TMMBot/0.2; +http://www.dslab.ch)/Nutch-1.15"
194.209.200.2 - - [16/Mar/2022:15:13:12 +0100] "GET /Hilfe/AnleitungTonbeispiele HTTP/1.1" 200 9878 "-" "Mozilla/5.0 (compatible; TMMBot/0.2; +http://www.dslab.ch)/Nutch-1.15"
114.119.130.91 - - [16/Mar/2022:15:13:52 +0100] "GET /PodCast/JBJ502?action=edit HTTP/1.1" 403 18 "-" "Mozilla/5.0 (Linux; Android 7.0;) AppleWebKit/537.36 (KHTML, like Gecko) Mobile Safari/537.36 (compatible; PetalBot;+https://webmaster.petalsearch.com/site/petalbot)"
185.191.171.21 - - [16/Mar/2022:15:14:39 +0100] "GET /PmWikiFr/EditQuickReference?action=edit HTTP/1.1" 403 18 "-" "Mozilla/5.0 (compatible; SemrushBot/7~bl; +http://www.semrush.com/bot.html)"
185.191.171.21 - - [16/Mar/2022:15:26:19 +0100] "GET /Texte/ArsAmatoria?action=diff HTTP/1.1" 403 18 "-" "Mozilla/5.0 (compatible; SemrushBot/7~bl; +http://www.semrush.com/bot.html)"
62.210.80.27 - - [16/Mar/2022:15:28:54 +0100] "GET /Texte/Rezension HTTP/1.1" 200 11812 "http://www.pro-zurituutsch.ch" "Mozilla/5.0 (Windows NT 10.0; Win64; x64) AppleWebKit/537.36 (KHTML, like Gecko) Chrome/62.0.3202.94 Safari/537.36"
66.249.70.126 - - [16/Mar/2022:15:35:05 +0100] "GET /PodCast/IndexPage?action=rss HTTP/1.1" 200 6298 "-" "Mozilla/5.0 (compatible; Googlebot/2.1; +http://www.google.com/bot.html)"
194.209.200.2 - - [16/Mar/2022:15:37:45 +0100] "GET /robots.txt HTTP/1.1" 200 - "-" "Mozilla/5.0 (compatible; TMMBot/0.2; +http://www.dslab.ch)/Nutch-1.15"
194.209.200.2 - - [16/Mar/2022:15:37:45 +0100] "GET /Texte/Rezension HTTP/1.1" 200 11812 "-" "Mozilla/5.0 (compatible; TMMBot/0.2; +http://www.dslab.ch)/Nutch-1.15"
194.209.200.2 - - [16/Mar/2022:15:38:16 +0100] "GET /Texte/ZurcherischEnglish HTTP/1.1" 200 8274 "-" "Mozilla/5.0 (compatible; TMMBot/0.2; +http://www.dslab.ch)/Nutch-1.15"
194.209.200.2 - - [16/Mar/2022:15:39:33 +0100] "GET /Admin/Jahresbericht HTTP/1.1" 200 45530 "-" "Mozilla/5.0 (compatible; TMMBot/0.2; +http://www.dslab.ch)/Nutch-1.15"
194.209.200.2 - - [16/Mar/2022:15:40:52 +0100] "GET /Texte/GDicht HTTP/1.1" 200 8050 "-" "Mozilla/5.0 (compatible; TMMBot/0.2; +http://www.dslab.ch)/Nutch-1.15"
194.209.200.2 - - [16/Mar/2022:15:41:18 +0100] "GET /Texte/Styluebige HTTP/1.1" 200 9998 "-" "Mozilla/5.0 (compatible; TMMBot/0.2; +http://www.dslab.ch)/Nutch-1.15"
194.209.200.2 - - [16/Mar/2022:15:41:19 +0100] "GET /Admin/Links HTTP/1.1" 200 14193 "-" "Mozilla/5.0 (compatible; TMMBot/0.2; +http://www.dslab.ch)/Nutch-1.15"
194.209.200.2 - - [16/Mar/2022:15:41:28 +0100] "GET /Texte/Metamorphoses HTTP/1.1" 200 9045 "-" "Mozilla/5.0 (compatible; TMMBot/0.2; +http://www.dslab.ch)/Nutch-1.15"
194.209.200.2 - - [16/Mar/2022:15:43:11 +0100] "GET /Admin/Pro-ZurituutschStatuten HTTP/1.1" 200 9580 "-" "Mozilla/5.0 (compatible; TMMBot/0.2; +http://www.dslab.ch)/Nutch-1.15"
194.209.200.2 - - [16/Mar/2022:15:43:33 +0100] "GET /Admin/ZurStiftung HTTP/1.1" 200 10864 "-" "Mozilla/5.0 (compatible; TMMBot/0.2; +http://www.dslab.ch)/Nutch-1.15"
194.209.200.2 - - [16/Mar/2022:15:43:55 +0100] "GET /Texte/Bitterbeuhsi HTTP/1.1" 200 9255 "-" "Mozilla/5.0 (compatible; TMMBot/0.2; +http://www.dslab.ch)/Nutch-1.15"
185.191.171.2 - - [16/Mar/2022:15:43:59 +0100] "GET /PmWikiDe/RecentChanges?action=edit HTTP/1.1" 404 18 "-" "Mozilla/5.0 (compatible; SemrushBot/7~bl; +http://www.semrush.com/bot.html)"
194.209.200.2 - - [16/Mar/2022:15:44:05 +0100] "GET /Gast/Podcast HTTP/1.1" 200 8106 "-" "Mozilla/5.0 (compatible; TMMBot/0.2; +http://www.dslab.ch)/Nutch-1.15"
3.216.185.164 - - [16/Mar/2022:15:48:51 +0100] "GET /PodCast/IndexPage?action=rss HTTP/1.1" 200 6298 "-" "PocketCasts/1.0 (Pocket Casts Feed Parser; +http://pocketcasts.com/)"
54.36.148.144 - - [16/Mar/2022:15:57:58 +0100] "GET / HTTP/1.1" 200 14638 "-" "Mozilla/5.0 (compatible; AhrefsBot/7.0; +http://ahrefs.com/robot/)"
185.191.171.41 - - [16/Mar/2022:16:06:21 +0100] "GET /robots.txt HTTP/1.1" 200 - "-" "Mozilla/5.0 (compatible; SemrushBot/7~bl; +http://www.semrush.com/bot.html)"
185.191.171.26 - - [16/Mar/2022:16:06:22 +0100] "GET /PmWikiDe/Passwords?action=print HTTP/1.1" 403 18 "-" "Mozilla/5.0 (compatible; SemrushBot/7~bl; +http://www.semrush.com/bot.html)"
185.191.171.10 - - [16/Mar/2022:16:10:29 +0100] "GET /PmWikiRu/A?action=search&fmt=title&q=link%3DPmWikiRu.Glossary HTTP/1.1" 404 18 "-" "Mozilla/5.0 (compatible; SemrushBot/7~bl; +http://www.semrush.com/bot.html)"
194.209.200.2 - - [16/Mar/2022:16:11:38 +0100] "GET /robots.txt HTTP/1.1" 200 - "-" "Mozilla/5.0 (compatible; TMMBot/0.2; +http://www.dslab.ch)/Nutch-1.15"
194.209.200.2 - - [16/Mar/2022:16:11:38 +0100] "GET /Texte/Rezension HTTP/1.1" 200 11812 "-" "Mozilla/5.0 (compatible; TMMBot/0.2; +http://www.dslab.ch)/Nutch-1.15"
194.209.200.2 - - [16/Mar/2022:16:12:18 +0100] "GET /Texte/ZurcherischEnglish HTTP/1.1" 200 8274 "-" "Mozilla/5.0 (compatible; TMMBot/0.2; +http://www.dslab.ch)/Nutch-1.15"
194.209.200.2 - - [16/Mar/2022:16:15:53 +0100] "GET /Texte/GDicht HTTP/1.1" 200 8050 "-" "Mozilla/5.0 (compatible; TMMBot/0.2; +http://www.dslab.ch)/Nutch-1.15"
194.209.200.2 - - [16/Mar/2022:16:16:24 +0100] "GET /Texte/Styluebige HTTP/1.1" 200 9998 "-" "Mozilla/5.0 (compatible; TMMBot/0.2; +http://www.dslab.ch)/Nutch-1.15"
194.209.200.2 - - [16/Mar/2022:16:16:27 +0100] "GET /Admin/Links HTTP/1.1" 200 14193 "-" "Mozilla/5.0 (compatible; TMMBot/0.2; +http://www.dslab.ch)/Nutch-1.15"
194.209.200.2 - - [16/Mar/2022:16:16:36 +0100] "GET /Texte/Metamorphoses HTTP/1.1" 200 9045 "-" "Mozilla/5.0 (compatible; TMMBot/0.2; +http://www.dslab.ch)/Nutch-1.15"
194.209.200.2 - - [16/Mar/2022:16:18:54 +0100] "GET /Admin/Pro-ZurituutschStatuten HTTP/1.1" 200 9580 "-" "Mozilla/5.0 (compatible; TMMBot/0.2; +http://www.dslab.ch)/Nutch-1.15"
194.209.200.2 - - [16/Mar/2022:16:19:30 +0100] "GET /Admin/ZurStiftung HTTP/1.1" 200 10864 "-" "Mozilla/5.0 (compatible; TMMBot/0.2; +http://www.dslab.ch)/Nutch-1.15"
194.209.200.2 - - [16/Mar/2022:16:20:06 +0100] "GET /Texte/Bitterbeuhsi HTTP/1.1" 200 9255 "-" "Mozilla/5.0 (compatible; TMMBot/0.2; +http://www.dslab.ch)/Nutch-1.15"
194.209.200.2 - - [16/Mar/2022:16:20:24 +0100] "GET /Gast/Podcast HTTP/1.1" 200 8106 "-" "Mozilla/5.0 (compatible; TMMBot/0.2; +http://www.dslab.ch)/Nutch-1.15"
185.191.171.38 - - [16/Mar/2022:16:33:07 +0100] "GET /PmWikiRu/ConditionalMarkup?action=print HTTP/1.1" 403 18 "-" "Mozilla/5.0 (compatible; SemrushBot/7~bl; +http://www.semrush.com/bot.html)"
66.249.70.124 - - [16/Mar/2022:16:34:21 +0100] "GET /PodCast/IndexPage?action=rss HTTP/1.1" 200 6298 "-" "Mozilla/5.0 (compatible; Googlebot/2.1; +http://www.google.com/bot.html)"
185.191.171.6 - - [16/Mar/2022:16:35:11 +0100] "GET /PmWikiFr/PathVariables HTTP/1.1" 200 19426 "-" "Mozilla/5.0 (compatible; SemrushBot/7~bl; +http://www.semrush.com/bot.html)"
168.119.51.163 - - [16/Mar/2022:16:40:19 +0100] "GET /robots.txt HTTP/1.1" 200 - "-" "Mozilla/5.0 (compatible; um-IC/1.0; mailto: techinfo@ubermetrics-technologies.com; Windows NT 6.1; WOW64; rv:40.0) Gecko/20100101 Firefox/40.1"
168.119.51.163 - - [16/Mar/2022:16:40:19 +0100] "GET /PodCast/IndexPage?action=rss HTTP/1.1" 200 6298 "-" "Mozilla/5.0 (compatible; um-IC/1.0; mailto: techinfo@ubermetrics-technologies.com; Windows NT 6.1; WOW64; rv:40.0) Gecko/20100101 Firefox/40.1"
20.71.12.143 - - [16/Mar/2022:16:45:20 +0100] "GET /uploads/Texte/ZurSchreibweise.jpg HTTP/1.1" 200 90748 "-" "DuckDuckBot/1.1; (+http://duckduckgo.com/duckduckbot.html)"
194.209.200.2 - - [16/Mar/2022:16:47:43 +0100] "GET /robots.txt HTTP/1.1" 200 - "-" "Mozilla/5.0 (compatible; TMMBot/0.2; +http://www.dslab.ch)/Nutch-1.15"
194.209.200.2 - - [16/Mar/2022:16:47:43 +0100] "GET /Texte/Rezension HTTP/1.1" 200 11812 "-" "Mozilla/5.0 (compatible; TMMBot/0.2; +http://www.dslab.ch)/Nutch-1.15"
194.209.200.2 - - [16/Mar/2022:16:48:15 +0100] "GET /Texte/ZurcherischEnglish HTTP/1.1" 200 8274 "-" "Mozilla/5.0 (compatible; TMMBot/0.2; +http://www.dslab.ch)/Nutch-1.15"
194.209.200.2 - - [16/Mar/2022:16:49:58 +0100] "GET /Texte/Schrybwys HTTP/1.1" 200 11028 "-" "Mozilla/5.0 (compatible; TMMBot/0.2; +http://www.dslab.ch)/Nutch-1.15"
194.209.200.2 - - [16/Mar/2022:16:50:58 +0100] "GET /Texte/GDicht HTTP/1.1" 200 8050 "-" "Mozilla/5.0 (compatible; TMMBot/0.2; +http://www.dslab.ch)/Nutch-1.15"
194.209.200.2 - - [16/Mar/2022:16:51:25 +0100] "GET /Texte/Styluebige HTTP/1.1" 200 9998 "-" "Mozilla/5.0 (compatible; TMMBot/0.2; +http://www.dslab.ch)/Nutch-1.15"
194.209.200.2 - - [16/Mar/2022:16:51:28 +0100] "GET /Admin/Links HTTP/1.1" 200 14193 "-" "Mozilla/5.0 (compatible; TMMBot/0.2; +http://www.dslab.ch)/Nutch-1.15"
194.209.200.2 - - [16/Mar/2022:16:51:36 +0100] "GET /Texte/Metamorphoses HTTP/1.1" 200 9045 "-" "Mozilla/5.0 (compatible; TMMBot/0.2; +http://www.dslab.ch)/Nutch-1.15"
185.191.171.21 - - [16/Mar/2022:16:52:43 +0100] "GET /PmWikiRu/Variables?action=print HTTP/1.1" 403 18 "-" "Mozilla/5.0 (compatible; SemrushBot/7~bl; +http://www.semrush.com/bot.html)"
194.209.200.2 - - [16/Mar/2022:16:53:22 +0100] "GET /Admin/Pro-ZurituutschStatuten HTTP/1.1" 200 9580 "-" "Mozilla/5.0 (compatible; TMMBot/0.2; +http://www.dslab.ch)/Nutch-1.15"
194.209.200.2 - - [16/Mar/2022:16:53:45 +0100] "GET /Admin/ZurStiftung HTTP/1.1" 200 10864 "-" "Mozilla/5.0 (compatible; TMMBot/0.2; +http://www.dslab.ch)/Nutch-1.15"
194.209.200.2 - - [16/Mar/2022:16:54:08 +0100] "GET /Texte/Bitterbeuhsi HTTP/1.1" 200 9255 "-" "Mozilla/5.0 (compatible; TMMBot/0.2; +http://www.dslab.ch)/Nutch-1.15"
194.209.200.2 - - [16/Mar/2022:16:54:17 +0100] "GET /Gast/Podcast HTTP/1.1" 200 8106 "-" "Mozilla/5.0 (compatible; TMMBot/0.2; +http://www.dslab.ch)/Nutch-1.15"
185.191.171.17 - - [16/Mar/2022:17:01:23 +0100] "GET /PmWikiPtBr/PmWikiPtBr HTTP/1.1" 200 11136 "-" "Mozilla/5.0 (compatible; SemrushBot/7~bl; +http://www.semrush.com/bot.html)"
185.191.171.6 - - [16/Mar/2022:17:02:48 +0100] "GET /PmWikiIt/IndiceDocumentazione?action=edit HTTP/1.1" 403 18 "-" "Mozilla/5.0 (compatible; SemrushBot/7~bl; +http://www.semrush.com/bot.html)"
185.191.171.13 - - [16/Mar/2022:17:13:49 +0100] "GET /robots.txt HTTP/1.1" 200 - "-" "Mozilla/5.0 (compatible; SemrushBot/7~bl; +http://www.semrush.com/bot.html)"
185.191.171.40 - - [16/Mar/2022:17:13:49 +0100] "GET /PmWikiIt/Terminologia?action=edit HTTP/1.1" 403 18 "-" "Mozilla/5.0 (compatible; SemrushBot/7~bl; +http://www.semrush.com/bot.html)"
194.209.200.2 - - [16/Mar/2022:17:15:29 +0100] "GET /robots.txt HTTP/1.1" 200 - "-" "Mozilla/5.0 (compatible; TMMBot/0.2; +http://www.dslab.ch)/Nutch-1.15"
194.209.200.2 - - [16/Mar/2022:17:15:29 +0100] "GET /Texte/Rezension HTTP/1.1" 200 11812 "-" "Mozilla/5.0 (compatible; TMMBot/0.2; +http://www.dslab.ch)/Nutch-1.15"
194.209.200.2 - - [16/Mar/2022:17:19:39 +0100] "GET /Texte/Limericks HTTP/1.1" 200 8087 "-" "Mozilla/5.0 (compatible; TMMBot/0.2; +http://www.dslab.ch)/Nutch-1.15"
194.209.200.2 - - [16/Mar/2022:17:22:13 +0100] "GET /Texte/GDicht HTTP/1.1" 200 8050 "-" "Mozilla/5.0 (compatible; TMMBot/0.2; +http://www.dslab.ch)/Nutch-1.15"
194.209.200.2 - - [16/Mar/2022:17:23:10 +0100] "GET /Texte/Styluebige HTTP/1.1" 200 9998 "-" "Mozilla/5.0 (compatible; TMMBot/0.2; +http://www.dslab.ch)/Nutch-1.15"
194.209.200.2 - - [16/Mar/2022:17:23:13 +0100] "GET /Admin/Links HTTP/1.1" 200 14193 "-" "Mozilla/5.0 (compatible; TMMBot/0.2; +http://www.dslab.ch)/Nutch-1.15"
194.209.200.2 - - [16/Mar/2022:17:23:36 +0100] "GET /Texte/Metamorphoses HTTP/1.1" 200 9045 "-" "Mozilla/5.0 (compatible; TMMBot/0.2; +http://www.dslab.ch)/Nutch-1.15"
194.209.200.2 - - [16/Mar/2022:17:26:43 +0100] "GET /Admin/Pro-ZurituutschStatuten HTTP/1.1" 200 9580 "-" "Mozilla/5.0 (compatible; TMMBot/0.2; +http://www.dslab.ch)/Nutch-1.15"
194.209.200.2 - - [16/Mar/2022:17:28:21 +0100] "GET /Gast/Podcast HTTP/1.1" 200 8106 "-" "Mozilla/5.0 (compatible; TMMBot/0.2; +http://www.dslab.ch)/Nutch-1.15"
66.249.70.124 - - [16/Mar/2022:17:33:27 +0100] "GET /PodCast/IndexPage?action=rss HTTP/1.1" 200 6298 "-" "Mozilla/5.0 (compatible; Googlebot/2.1; +http://www.google.com/bot.html)"
185.191.171.44 - - [16/Mar/2022:17:34:11 +0100] "GET /PmWikiIt/Passwords?action=edit HTTP/1.1" 404 18 "-" "Mozilla/5.0 (compatible; SemrushBot/7~bl; +http://www.semrush.com/bot.html)"
216.244.66.243 - - [16/Mar/2022:17:39:19 +0100] "GET /robots.txt HTTP/1.1" 200 - "-" "Mozilla/5.0 (compatible; DotBot/1.2; +https://opensiteexplorer.org/dotbot; help@moz.com)"
154.54.249.202 - - [16/Mar/2022:17:47:42 +0100] "GET /robots.txt HTTP/1.1" 200 - "-" "Mozilla/5.0 (compatible; Barkrowler/0.9; +https://babbar.tech/crawler)"
154.54.249.202 - - [16/Mar/2022:17:47:57 +0100] "GET /PodCast/JBJKap1 HTTP/1.1" 200 21037 "-" "Mozilla/5.0 (compatible; Barkrowler/0.9; +https://babbar.tech/crawler)"
185.191.171.36 - - [16/Mar/2022:17:47:58 +0100] "GET /PmWikiFr/Menu?action=upload HTTP/1.1" 403 18 "-" "Mozilla/5.0 (compatible; SemrushBot/7~bl; +http://www.semrush.com/bot.html)"
154.54.249.202 - - [16/Mar/2022:17:48:12 +0100] "GET /PodCast/UploadQuickReference HTTP/1.1" 200 16430 "-" "Mozilla/5.0 (compatible; Barkrowler/0.9; +https://babbar.tech/crawler)"
194.209.200.2 - - [16/Mar/2022:17:48:15 +0100] "GET /robots.txt HTTP/1.1" 200 - "-" "Mozilla/5.0 (compatible; TMMBot/0.2; +http://www.dslab.ch)/Nutch-1.15"
194.209.200.2 - - [16/Mar/2022:17:48:15 +0100] "GET /Texte/Rezension HTTP/1.1" 200 11812 "-" "Mozilla/5.0 (compatible; TMMBot/0.2; +http://www.dslab.ch)/Nutch-1.15"
154.54.249.202 - - [16/Mar/2022:17:48:28 +0100] "GET /PodCast/RSSPodcasts?action=print HTTP/1.1" 200 3073 "-" "Mozilla/5.0 (compatible; Barkrowler/0.9; +https://babbar.tech/crawler)"
154.54.249.202 - - [16/Mar/2022:17:48:43 +0100] "GET /PodCast/Roman2?action=print HTTP/1.1" 200 6487 "-" "Mozilla/5.0 (compatible; Barkrowler/0.9; +https://babbar.tech/crawler)"
154.54.249.202 - - [16/Mar/2022:17:48:58 +0100] "GET /PodCast/Tagigspricht HTTP/1.1" 200 8153 "-" "Mozilla/5.0 (compatible; Barkrowler/0.9; +https://babbar.tech/crawler)"
154.54.249.202 - - [16/Mar/2022:17:49:13 +0100] "GET /PodCast/Nostalgy?action=edit HTTP/1.1" 200 8636 "-" "Mozilla/5.0 (compatible; Barkrowler/0.9; +https://babbar.tech/crawler)"
154.54.249.202 - - [16/Mar/2022:17:49:29 +0100] "GET /PodCast/Limerick36B HTTP/1.1" 200 8174 "-" "Mozilla/5.0 (compatible; Barkrowler/0.9; +https://babbar.tech/crawler)"
154.54.249.202 - - [16/Mar/2022:17:49:44 +0100] "GET /PodCast/Limerick121314 HTTP/1.1" 200 9449 "-" "Mozilla/5.0 (compatible; Barkrowler/0.9; +https://babbar.tech/crawler)"
154.54.249.202 - - [16/Mar/2022:17:50:00 +0100] "GET /PodCast/AntRaat?action=print HTTP/1.1" 404 2392 "-" "Mozilla/5.0 (compatible; Barkrowler/0.9; +https://babbar.tech/crawler)"
154.54.249.202 - - [16/Mar/2022:17:50:16 +0100] "GET /PodCast/AntRaat?action=edit HTTP/1.1" 200 8624 "-" "Mozilla/5.0 (compatible; Barkrowler/0.9; +https://babbar.tech/crawler)"
185.191.171.43 - - [16/Mar/2022:17:50:22 +0100] "GET /PmWiki/UploadVariables HTTP/1.1" 200 24052 "-" "Mozilla/5.0 (compatible; SemrushBot/7~bl; +http://www.semrush.com/bot.html)"
194.209.200.2 - - [16/Mar/2022:17:50:28 +0100] "GET /Texte/Limericks HTTP/1.1" 200 8087 "-" "Mozilla/5.0 (compatible; TMMBot/0.2; +http://www.dslab.ch)/Nutch-1.15"
216.244.66.243 - - [16/Mar/2022:17:50:29 +0100] "GET /PmWikiFr/MultipleWikis HTTP/1.1" 200 10289 "-" "Mozilla/5.0 (compatible; DotBot/1.2; +https://opensiteexplorer.org/dotbot; help@moz.com)"
154.54.249.202 - - [16/Mar/2022:17:50:31 +0100] "GET /PodCast/AntRaat?action=upload HTTP/1.1" 200 8524 "-" "Mozilla/5.0 (compatible; Barkrowler/0.9; +https://babbar.tech/crawler)"
154.54.249.202 - - [16/Mar/2022:17:50:47 +0100] "GET /PodCast/101Ramft1478 HTTP/1.1" 404 8260 "-" "Mozilla/5.0 (compatible; Barkrowler/0.9; +https://babbar.tech/crawler)"
154.54.249.202 - - [16/Mar/2022:17:51:03 +0100] "GET /PodCast/StRbe?action=diff HTTP/1.1" 200 10775 "-" "Mozilla/5.0 (compatible; Barkrowler/0.9; +https://babbar.tech/crawler)"
154.54.249.202 - - [16/Mar/2022:17:51:18 +0100] "GET /PodCast/StRbe?action=upload HTTP/1.1" 200 8496 "-" "Mozilla/5.0 (compatible; Barkrowler/0.9; +https://babbar.tech/crawler)"
194.209.200.2 - - [16/Mar/2022:17:51:19 +0100] "GET /Texte/ArsAmatoria HTTP/1.1" 200 12369 "-" "Mozilla/5.0 (compatible; TMMBot/0.2; +http://www.dslab.ch)/Nutch-1.15"
194.209.200.2 - - [16/Mar/2022:17:51:32 +0100] "GET /Texte/GDicht HTTP/1.1" 200 8050 "-" "Mozilla/5.0 (compatible; TMMBot/0.2; +http://www.dslab.ch)/Nutch-1.15"
154.54.249.202 - - [16/Mar/2022:17:51:34 +0100] "GET /PodCast/StRbe?action=print HTTP/1.1" 200 2419 "-" "Mozilla/5.0 (compatible; Barkrowler/0.9; +https://babbar.tech/crawler)"
154.54.249.202 - - [16/Mar/2022:17:51:49 +0100] "GET /PodCast/Fanatiker?action=print HTTP/1.1" 200 3077 "-" "Mozilla/5.0 (compatible; Barkrowler/0.9; +https://babbar.tech/crawler)"
194.209.200.2 - - [16/Mar/2022:17:52:01 +0100] "GET /Texte/Styluebige HTTP/1.1" 200 9998 "-" "Mozilla/5.0 (compatible; TMMBot/0.2; +http://www.dslab.ch)/Nutch-1.15"
194.209.200.2 - - [16/Mar/2022:17:52:03 +0100] "GET /Admin/Links HTTP/1.1" 200 14193 "-" "Mozilla/5.0 (compatible; TMMBot/0.2; +http://www.dslab.ch)/Nutch-1.15"
154.54.249.202 - - [16/Mar/2022:17:52:04 +0100] "GET /PodCast/Fanatiker?action=edit HTTP/1.1" 200 8650 "-" "Mozilla/5.0 (compatible; Barkrowler/0.9; +https://babbar.tech/crawler)"
194.209.200.2 - - [16/Mar/2022:17:52:11 +0100] "GET /Texte/Metamorphoses HTTP/1.1" 200 9045 "-" "Mozilla/5.0 (compatible; TMMBot/0.2; +http://www.dslab.ch)/Nutch-1.15"
154.54.249.202 - - [16/Mar/2022:17:52:20 +0100] "GET /PodCast/102Ramft1478 HTTP/1.1" 404 8260 "-" "Mozilla/5.0 (compatible; Barkrowler/0.9; +https://babbar.tech/crawler)"
154.54.249.202 - - [16/Mar/2022:17:52:35 +0100] "GET /Profiles/SteveAgl?action=diff HTTP/1.1" 200 9218 "-" "Mozilla/5.0 (compatible; Barkrowler/0.9; +https://babbar.tech/crawler)"
154.54.249.202 - - [16/Mar/2022:17:52:50 +0100] "GET /Profiles/SteveAgl?action=upload HTTP/1.1" 200 8551 "-" "Mozilla/5.0 (compatible; Barkrowler/0.9; +https://babbar.tech/crawler)"
154.54.249.202 - - [16/Mar/2022:17:53:05 +0100] "GET /Cookbook/CSVAction?action=print HTTP/1.1" 404 2405 "-" "Mozilla/5.0 (compatible; Barkrowler/0.9; +https://babbar.tech/crawler)"
154.54.249.202 - - [16/Mar/2022:17:53:21 +0100] "GET /Cookbook/CSVAction?action=edit HTTP/1.1" 200 8665 "-" "Mozilla/5.0 (compatible; Barkrowler/0.9; +https://babbar.tech/crawler)"
154.54.249.202 - - [16/Mar/2022:17:53:36 +0100] "GET /Cookbook/CSVAction?action=upload HTTP/1.1" 200 8565 "-" "Mozilla/5.0 (compatible; Barkrowler/0.9; +https://babbar.tech/crawler)"
154.54.249.202 - - [16/Mar/2022:17:53:51 +0100] "GET /Cookbook/SiteInformation?action=edit HTTP/1.1" 200 8749 "-" "Mozilla/5.0 (compatible; Barkrowler/0.9; +https://babbar.tech/crawler)"
194.209.200.2 - - [16/Mar/2022:17:54:03 +0100] "GET /Admin/Pro-ZurituutschStatuten HTTP/1.1" 200 9580 "-" "Mozilla/5.0 (compatible; TMMBot/0.2; +http://www.dslab.ch)/Nutch-1.15"
154.54.249.202 - - [16/Mar/2022:17:54:07 +0100] "GET /Cookbook/SiteInformation?action=diff HTTP/1.1" 200 9330 "-" "Mozilla/5.0 (compatible; Barkrowler/0.9; +https://babbar.tech/crawler)"
154.54.249.202 - - [16/Mar/2022:17:54:22 +0100] "GET /Cookbook/SiteInformation?action=upload HTTP/1.1" 200 8649 "-" "Mozilla/5.0 (compatible; Barkrowler/0.9; +https://babbar.tech/crawler)"
194.209.200.2 - - [16/Mar/2022:17:54:27 +0100] "GET /Admin/ZurStiftung HTTP/1.1" 200 10864 "-" "Mozilla/5.0 (compatible; TMMBot/0.2; +http://www.dslab.ch)/Nutch-1.15"
185.191.171.24 - - [16/Mar/2022:17:54:34 +0100] "GET /Admin/AdresseStiftung?action=print HTTP/1.1" 403 18 "-" "Mozilla/5.0 (compatible; SemrushBot/7~bl; +http://www.semrush.com/bot.html)"
154.54.249.202 - - [16/Mar/2022:17:54:38 +0100] "GET /Cookbook/SiteInformation?action=print HTTP/1.1" 404 2429 "-" "Mozilla/5.0 (compatible; Barkrowler/0.9; +https://babbar.tech/crawler)"
194.209.200.2 - - [16/Mar/2022:17:54:50 +0100] "GET /Texte/Bitterbeuhsi HTTP/1.1" 200 9255 "-" "Mozilla/5.0 (compatible; TMMBot/0.2; +http://www.dslab.ch)/Nutch-1.15"
154.54.249.202 - - [16/Mar/2022:17:54:53 +0100] "GET /Cookbook/Guestbook?action=upload HTTP/1.1" 200 8563 "-" "Mozilla/5.0 (compatible; Barkrowler/0.9; +https://babbar.tech/crawler)"
194.209.200.2 - - [16/Mar/2022:17:55:01 +0100] "GET /Gast/Podcast HTTP/1.1" 200 8106 "-" "Mozilla/5.0 (compatible; TMMBot/0.2; +http://www.dslab.ch)/Nutch-1.15"
154.54.249.202 - - [16/Mar/2022:17:55:09 +0100] "GET /Admin/ZurStiftung?action=edit HTTP/1.1" 200 8651 "-" "Mozilla/5.0 (compatible; Barkrowler/0.9; +https://babbar.tech/crawler)"
154.54.249.202 - - [16/Mar/2022:17:55:24 +0100] "GET /Admin/ZurStiftung?action=upload HTTP/1.1" 200 8551 "-" "Mozilla/5.0 (compatible; Barkrowler/0.9; +https://babbar.tech/crawler)"
154.54.249.202 - - [16/Mar/2022:17:55:39 +0100] "GET /Admin/ZurStiftung?action=print HTTP/1.1" 200 5103 "-" "Mozilla/5.0 (compatible; Barkrowler/0.9; +https://babbar.tech/crawler)"
154.54.249.202 - - [16/Mar/2022:17:55:55 +0100] "GET /Admin/ZurStiftung?action=diff HTTP/1.1" 200 35297 "-" "Mozilla/5.0 (compatible; Barkrowler/0.9; +https://babbar.tech/crawler)"
154.54.249.202 - - [16/Mar/2022:17:56:10 +0100] "GET /Category/PmWikiDesign?action=diff HTTP/1.1" 200 9284 "-" "Mozilla/5.0 (compatible; Barkrowler/0.9; +https://babbar.tech/crawler)"
154.54.249.202 - - [16/Mar/2022:17:56:25 +0100] "GET /Category/PmWikiDesign?action=upload HTTP/1.1" 200 8609 "-" "Mozilla/5.0 (compatible; Barkrowler/0.9; +https://babbar.tech/crawler)"
154.54.249.202 - - [16/Mar/2022:17:56:41 +0100] "GET /Category/PmWikiDesign?action=print HTTP/1.1" 200 2317 "-" "Mozilla/5.0 (compatible; Barkrowler/0.9; +https://babbar.tech/crawler)"
154.54.249.202 - - [16/Mar/2022:17:56:56 +0100] "GET /Category/WikiFarms?action=diff HTTP/1.1" 200 9234 "-" "Mozilla/5.0 (compatible; Barkrowler/0.9; +https://babbar.tech/crawler)"
154.54.249.202 - - [16/Mar/2022:17:57:12 +0100] "GET /Category/DocumentationToDo?action=edit HTTP/1.1" 200 8779 "-" "Mozilla/5.0 (compatible; Barkrowler/0.9; +https://babbar.tech/crawler)"
154.54.249.202 - - [16/Mar/2022:17:57:27 +0100] "GET /Category/DocumentationToDo?action=print HTTP/1.1" 200 2332 "-" "Mozilla/5.0 (compatible; Barkrowler/0.9; +https://babbar.tech/crawler)"
154.54.249.202 - - [16/Mar/2022:17:57:42 +0100] "GET /Category/DocumentationToDo?action=upload HTTP/1.1" 200 8679 "-" "Mozilla/5.0 (compatible; Barkrowler/0.9; +https://babbar.tech/crawler)"
154.54.249.202 - - [16/Mar/2022:17:57:58 +0100] "GET /RUR01/01Akt1Tail1 HTTP/1.1" 404 8222 "-" "Mozilla/5.0 (compatible; Barkrowler/0.9; +https://babbar.tech/crawler)"
185.191.171.24 - - [16/Mar/2022:17:58:05 +0100] "GET /PmWikiDe/ConfigFileLocalization?action=upload HTTP/1.1" 403 18 "-" "Mozilla/5.0 (compatible; SemrushBot/7~bl; +http://www.semrush.com/bot.html)"
154.54.249.202 - - [16/Mar/2022:17:58:13 +0100] "GET /Vietnamese/HomePage?action=diff HTTP/1.1" 200 9250 "-" "Mozilla/5.0 (compatible; Barkrowler/0.9; +https://babbar.tech/crawler)"
154.54.249.202 - - [16/Mar/2022:17:58:28 +0100] "GET /Site/UploadQuickReference?action=edit HTTP/1.1" 200 8765 "-" "Mozilla/5.0 (compatible; Barkrowler/0.9; +https://babbar.tech/crawler)"
154.54.249.202 - - [16/Mar/2022:17:58:43 +0100] "GET /Site/UploadQuickReference?action=upload HTTP/1.1" 200 8665 "-" "Mozilla/5.0 (compatible; Barkrowler/0.9; +https://babbar.tech/crawler)"
154.54.249.202 - - [16/Mar/2022:17:58:59 +0100] "GET /Site/UploadQuickReference?action=browse HTTP/1.1" 200 30704 "-" "Mozilla/5.0 (compatible; Barkrowler/0.9; +https://babbar.tech/crawler)"
154.54.249.202 - - [16/Mar/2022:17:59:14 +0100] "GET /Site/Verglych?action=upload HTTP/1.1" 200 8493 "-" "Mozilla/5.0 (compatible; Barkrowler/0.9; +https://babbar.tech/crawler)"
154.54.249.202 - - [16/Mar/2022:17:59:29 +0100] "GET /Site/171AmStadelhofe HTTP/1.1" 200 27839 "-" "Mozilla/5.0 (compatible; Barkrowler/0.9; +https://babbar.tech/crawler)"
154.54.249.202 - - [16/Mar/2022:17:59:45 +0100] "GET /Site/191Houhsraech1509 HTTP/1.1" 200 21817 "-" "Mozilla/5.0 (compatible; Barkrowler/0.9; +https://babbar.tech/crawler)"
154.54.249.202 - - [16/Mar/2022:18:00:00 +0100] "GET /Site/191Raech1509?action=print HTTP/1.1" 200 2301 "-" "Mozilla/5.0 (compatible; Barkrowler/0.9; +https://babbar.tech/crawler)"
154.54.249.202 - - [16/Mar/2022:18:00:15 +0100] "GET /Site/191Raech1509?action=edit HTTP/1.1" 200 8653 "-" "Mozilla/5.0 (compatible; Barkrowler/0.9; +https://babbar.tech/crawler)"
154.54.249.202 - - [16/Mar/2022:18:00:31 +0100] "GET /Site/Tessynfaart?action=upload HTTP/1.1" 200 8535 "-" "Mozilla/5.0 (compatible; Barkrowler/0.9; +https://babbar.tech/crawler)"
154.54.249.202 - - [16/Mar/2022:18:00:47 +0100] "GET /Site/Tessynfaart?action=print HTTP/1.1" 200 11049 "-" "Mozilla/5.0 (compatible; Barkrowler/0.9; +https://babbar.tech/crawler)"
154.54.249.202 - - [16/Mar/2022:18:01:02 +0100] "GET /Site/Tessynfaart?action=edit HTTP/1.1" 200 8635 "-" "Mozilla/5.0 (compatible; Barkrowler/0.9; +https://babbar.tech/crawler)"
154.54.249.202 - - [16/Mar/2022:18:01:17 +0100] "GET /Site/Tessynfaart?action=diff HTTP/1.1" 200 24015 "-" "Mozilla/5.0 (compatible; Barkrowler/0.9; +https://babbar.tech/crawler)"
154.54.249.202 - - [16/Mar/2022:18:01:33 +0100] "GET /Site/AllRecentUploads?action=edit HTTP/1.1" 200 8709 "-" "Mozilla/5.0 (compatible; Barkrowler/0.9; +https://babbar.tech/crawler)"
154.54.249.202 - - [16/Mar/2022:18:01:48 +0100] "GET /Site/AllRecentUploads?action=upload HTTP/1.1" 200 8609 "-" "Mozilla/5.0 (compatible; Barkrowler/0.9; +https://babbar.tech/crawler)"
154.54.249.202 - - [16/Mar/2022:18:02:03 +0100] "GET /Site/112Stans1481?action=print HTTP/1.1" 200 11417 "-" "Mozilla/5.0 (compatible; Barkrowler/0.9; +https://babbar.tech/crawler)"
154.54.249.202 - - [16/Mar/2022:18:02:19 +0100] "GET /Site/112Stans1481?action=edit HTTP/1.1" 200 8653 "-" "Mozilla/5.0 (compatible; Barkrowler/0.9; +https://babbar.tech/crawler)"
154.54.249.202 - - [16/Mar/2022:18:02:35 +0100] "GET /Site/112Stans1481?action=upload HTTP/1.1" 200 8553 "-" "Mozilla/5.0 (compatible; Barkrowler/0.9; +https://babbar.tech/crawler)"
154.54.249.202 - - [16/Mar/2022:18:02:51 +0100] "GET /Site/Apschlouss?action=diff HTTP/1.1" 200 10482 "-" "Mozilla/5.0 (compatible; Barkrowler/0.9; +https://babbar.tech/crawler)"
154.54.249.202 - - [16/Mar/2022:18:03:06 +0100] "GET /Site/22Baadstoubegass HTTP/1.1" 200 18563 "-" "Mozilla/5.0 (compatible; Barkrowler/0.9; +https://babbar.tech/crawler)"
154.54.249.202 - - [16/Mar/2022:18:03:23 +0100] "GET /Site/101Ramft1478?action=edit HTTP/1.1" 200 8653 "-" "Mozilla/5.0 (compatible; Barkrowler/0.9; +https://babbar.tech/crawler)"
154.54.249.202 - - [16/Mar/2022:18:03:38 +0100] "GET /Site/101Ramft1478?action=upload HTTP/1.1" 200 8553 "-" "Mozilla/5.0 (compatible; Barkrowler/0.9; +https://babbar.tech/crawler)"
154.54.249.202 - - [16/Mar/2022:18:03:53 +0100] "GET /Site/101Ramft1478?action=print HTTP/1.1" 200 10075 "-" "Mozilla/5.0 (compatible; Barkrowler/0.9; +https://babbar.tech/crawler)"
154.54.249.202 - - [16/Mar/2022:18:04:09 +0100] "GET /Site/101Ramft1478?action=diff HTTP/1.1" 200 19191 "-" "Mozilla/5.0 (compatible; Barkrowler/0.9; +https://babbar.tech/crawler)"
154.54.249.202 - - [16/Mar/2022:18:04:24 +0100] "GET /Site/72Mourte1476?action=print HTTP/1.1" 200 15326 "-" "Mozilla/5.0 (compatible; Barkrowler/0.9; +https://babbar.tech/crawler)"
154.54.249.202 - - [16/Mar/2022:18:04:40 +0100] "GET /Site/72Mourte1476?action=edit HTTP/1.1" 200 8653 "-" "Mozilla/5.0 (compatible; Barkrowler/0.9; +https://babbar.tech/crawler)"
154.54.249.202 - - [16/Mar/2022:18:04:56 +0100] "GET /Site/111Stans1481?action=print HTTP/1.1" 200 8968 "-" "Mozilla/5.0 (compatible; Barkrowler/0.9; +https://babbar.tech/crawler)"
154.54.249.202 - - [16/Mar/2022:18:05:11 +0100] "GET /Site/111Stans1481?action=edit HTTP/1.1" 200 8653 "-" "Mozilla/5.0 (compatible; Barkrowler/0.9; +https://babbar.tech/crawler)"
154.54.249.202 - - [16/Mar/2022:18:05:28 +0100] "GET /Site/111Stans1481?action=upload HTTP/1.1" 200 8553 "-" "Mozilla/5.0 (compatible; Barkrowler/0.9; +https://babbar.tech/crawler)"
154.54.249.202 - - [16/Mar/2022:18:05:45 +0100] "GET /Site/EditQuickReference?action=edit HTTP/1.1" 200 8737 "-" "Mozilla/5.0 (compatible; Barkrowler/0.9; +https://babbar.tech/crawler)"
154.54.249.202 - - [16/Mar/2022:18:06:01 +0100] "GET /Site/EditQuickReference?action=upload HTTP/1.1" 200 8637 "-" "Mozilla/5.0 (compatible; Barkrowler/0.9; +https://babbar.tech/crawler)"
154.54.249.202 - - [16/Mar/2022:18:06:17 +0100] "GET /Site/51Trouttike?action=edit HTTP/1.1" 200 8637 "-" "Mozilla/5.0 (compatible; Barkrowler/0.9; +https://babbar.tech/crawler)"
154.54.249.202 - - [16/Mar/2022:18:06:33 +0100] "GET /Site/51Trouttike?action=diff HTTP/1.1" 200 19859 "-" "Mozilla/5.0 (compatible; Barkrowler/0.9; +https://babbar.tech/crawler)"
154.54.249.202 - - [16/Mar/2022:18:06:49 +0100] "GET /Site/51Trouttike?action=upload HTTP/1.1" 200 8537 "-" "Mozilla/5.0 (compatible; Barkrowler/0.9; +https://babbar.tech/crawler)"
154.54.249.202 - - [16/Mar/2022:18:07:04 +0100] "GET /Site/51Trouttike?action=print HTTP/1.1" 200 8006 "-" "Mozilla/5.0 (compatible; Barkrowler/0.9; +https://babbar.tech/crawler)"
154.54.249.202 - - [16/Mar/2022:18:07:20 +0100] "GET /Site/WGA2Eergyz HTTP/1.1" 200 17403 "-" "Mozilla/5.0 (compatible; Barkrowler/0.9; +https://babbar.tech/crawler)"
154.54.249.202 - - [16/Mar/2022:18:07:35 +0100] "GET /Site/WGA1Begaabig HTTP/1.1" 200 17047 "-" "Mozilla/5.0 (compatible; Barkrowler/0.9; +https://babbar.tech/crawler)"
154.54.249.202 - - [16/Mar/2022:18:07:51 +0100] "GET /Site/WGA0Inhalt?action=edit HTTP/1.1" 200 8625 "-" "Mozilla/5.0 (compatible; Barkrowler/0.9; +https://babbar.tech/crawler)"
154.54.249.202 - - [16/Mar/2022:18:08:07 +0100] "GET /Site/102Ramft1478?action=print HTTP/1.1" 200 11564 "-" "Mozilla/5.0 (compatible; Barkrowler/0.9; +https://babbar.tech/crawler)"
154.54.249.202 - - [16/Mar/2022:18:08:24 +0100] "GET /Site/102Ramft1478?action=edit HTTP/1.1" 200 8653 "-" "Mozilla/5.0 (compatible; Barkrowler/0.9; +https://babbar.tech/crawler)"
154.54.249.202 - - [16/Mar/2022:18:08:40 +0100] "GET /Site/102Ramft1478?action=upload HTTP/1.1" 200 8553 "-" "Mozilla/5.0 (compatible; Barkrowler/0.9; +https://babbar.tech/crawler)"
154.54.249.202 - - [16/Mar/2022:18:08:56 +0100] "GET /Site/Baadstoubegass2 HTTP/1.1" 200 8158 "-" "Mozilla/5.0 (compatible; Barkrowler/0.9; +https://babbar.tech/crawler)"
154.54.249.202 - - [16/Mar/2022:18:09:11 +0100] "GET /Site/Baadstoubegass1 HTTP/1.1" 200 8158 "-" "Mozilla/5.0 (compatible; Barkrowler/0.9; +https://babbar.tech/crawler)"
154.54.249.202 - - [16/Mar/2022:18:09:27 +0100] "GET /Site/Preferences?setprefs= HTTP/1.1" 200 11217 "-" "Mozilla/5.0 (compatible; Barkrowler/0.9; +https://babbar.tech/crawler)"
154.54.249.202 - - [16/Mar/2022:18:09:43 +0100] "GET /Site/71Mourte1476?action=print HTTP/1.1" 200 11311 "-" "Mozilla/5.0 (compatible; Barkrowler/0.9; +https://babbar.tech/crawler)"
154.54.249.202 - - [16/Mar/2022:18:10:00 +0100] "GET /Site/71Mourte1476?action=edit HTTP/1.1" 200 8653 "-" "Mozilla/5.0 (compatible; Barkrowler/0.9; +https://babbar.tech/crawler)"
154.54.249.202 - - [16/Mar/2022:18:10:17 +0100] "GET /Site/62Mulhouse1468?action=edit HTTP/1.1" 200 8681 "-" "Mozilla/5.0 (compatible; Barkrowler/0.9; +https://babbar.tech/crawler)"
154.54.249.202 - - [16/Mar/2022:18:10:33 +0100] "GET /Site/62Mulhouse1468?action=upload HTTP/1.1" 200 8581 "-" "Mozilla/5.0 (compatible; Barkrowler/0.9; +https://babbar.tech/crawler)"
154.54.249.202 - - [16/Mar/2022:18:10:49 +0100] "GET /Site/62Mulhouse1468?action=print HTTP/1.1" 200 10361 "-" "Mozilla/5.0 (compatible; Barkrowler/0.9; +https://babbar.tech/crawler)"
154.54.249.202 - - [16/Mar/2022:18:11:05 +0100] "GET /Site/62Mulhouse1468?action=diff HTTP/1.1" 200 20994 "-" "Mozilla/5.0 (compatible; Barkrowler/0.9; +https://babbar.tech/crawler)"
154.54.249.202 - - [16/Mar/2022:18:11:21 +0100] "GET /Hilfe/AnleitungTonbeispiele HTTP/1.1" 200 9878 "-" "Mozilla/5.0 (compatible; Barkrowler/0.9; +https://babbar.tech/crawler)"
154.54.249.202 - - [16/Mar/2022:18:11:37 +0100] "GET /Hilfe/Passwort?action=diff HTTP/1.1" 200 9168 "-" "Mozilla/5.0 (compatible; Barkrowler/0.9; +https://babbar.tech/crawler)"
154.54.249.202 - - [16/Mar/2022:18:11:53 +0100] "GET /Texte/Schrybwys?action=edit HTTP/1.1" 200 8621 "-" "Mozilla/5.0 (compatible; Barkrowler/0.9; +https://babbar.tech/crawler)"
154.54.249.202 - - [16/Mar/2022:18:12:09 +0100] "GET /Texte/Schrybwys?action=upload HTTP/1.1" 200 8521 "-" "Mozilla/5.0 (compatible; Barkrowler/0.9; +https://babbar.tech/crawler)"
154.54.249.202 - - [16/Mar/2022:18:12:27 +0100] "GET /Texte/Schrybwys?action=diff HTTP/1.1" 200 28323 "-" "Mozilla/5.0 (compatible; Barkrowler/0.9; +https://babbar.tech/crawler)"
154.54.249.202 - - [16/Mar/2022:18:12:45 +0100] "GET /Texte/Schrybwys?action=print HTTP/1.1" 200 5237 "-" "Mozilla/5.0 (compatible; Barkrowler/0.9; +https://babbar.tech/crawler)"
154.54.249.202 - - [16/Mar/2022:18:13:01 +0100] "GET /Texte/AnleitungTonbeispiele HTTP/1.1" 404 8355 "-" "Mozilla/5.0 (compatible; Barkrowler/0.9; +https://babbar.tech/crawler)"
154.54.249.202 - - [16/Mar/2022:18:13:18 +0100] "GET /Main/AllRecentChangesShort?action=edit HTTP/1.1" 200 8781 "-" "Mozilla/5.0 (compatible; Barkrowler/0.9; +https://babbar.tech/crawler)"
154.54.249.202 - - [16/Mar/2022:18:13:33 +0100] "GET /Main/AllRecentChangesShort?action=upload HTTP/1.1" 200 8681 "-" "Mozilla/5.0 (compatible; Barkrowler/0.9; +https://babbar.tech/crawler)"
154.54.249.202 - - [16/Mar/2022:18:13:48 +0100] "GET /Main/AllRecentChangesShort?action=diff HTTP/1.1" 200 9366 "-" "Mozilla/5.0 (compatible; Barkrowler/0.9; +https://babbar.tech/crawler)"
154.54.249.202 - - [16/Mar/2022:18:14:03 +0100] "GET /Main/AllRecentChangesShort?action=print HTTP/1.1" 404 2433 "-" "Mozilla/5.0 (compatible; Barkrowler/0.9; +https://babbar.tech/crawler)"
154.54.249.202 - - [16/Mar/2022:18:14:20 +0100] "GET /Main/ToutesLesModifs?action=edit HTTP/1.1" 200 8695 "-" "Mozilla/5.0 (compatible; Barkrowler/0.9; +https://babbar.tech/crawler)"
154.54.249.202 - - [16/Mar/2022:18:14:36 +0100] "GET /Main/ToutesLesModifs?action=print HTTP/1.1" 404 2409 "-" "Mozilla/5.0 (compatible; Barkrowler/0.9; +https://babbar.tech/crawler)"
154.54.249.202 - - [16/Mar/2022:18:14:52 +0100] "GET /Main/ToutesLesModifs?action=upload HTTP/1.1" 200 8595 "-" "Mozilla/5.0 (compatible; Barkrowler/0.9; +https://babbar.tech/crawler)"
154.54.249.202 - - [16/Mar/2022:18:15:08 +0100] "GET /uploads/PodCast/Rezmebeforeyou HTTP/1.1" 304 - "-" "Mozilla/5.0 (compatible; Barkrowler/0.9; +https://babbar.tech/crawler)"
154.54.249.202 - - [16/Mar/2022:18:15:23 +0100] "GET /PmWiki/CustomMarkup?action=print HTTP/1.1" 200 23946 "-" "Mozilla/5.0 (compatible; Barkrowler/0.9; +https://babbar.tech/crawler)"
154.54.249.202 - - [16/Mar/2022:18:15:39 +0100] "GET /PmWiki/CustomMarkup?action=edit HTTP/1.1" 200 8680 "-" "Mozilla/5.0 (compatible; Barkrowler/0.9; +https://babbar.tech/crawler)"
154.54.249.202 - - [16/Mar/2022:18:15:54 +0100] "GET /PmWiki/CustomMarkup?action=upload HTTP/1.1" 200 8580 "-" "Mozilla/5.0 (compatible; Barkrowler/0.9; +https://babbar.tech/crawler)"
154.54.249.202 - - [16/Mar/2022:18:16:09 +0100] "GET /PmWiki/CustomInterMap?action=print HTTP/1.1" 302 194 "-" "Mozilla/5.0 (compatible; Barkrowler/0.9; +https://babbar.tech/crawler)"
194.209.200.2 - - [16/Mar/2022:18:16:24 +0100] "GET /robots.txt HTTP/1.1" 200 - "-" "Mozilla/5.0 (compatible; TMMBot/0.2; +http://www.dslab.ch)/Nutch-1.15"
194.209.200.2 - - [16/Mar/2022:18:16:24 +0100] "GET /Texte/Rezension HTTP/1.1" 200 11812 "-" "Mozilla/5.0 (compatible; TMMBot/0.2; +http://www.dslab.ch)/Nutch-1.15"
154.54.249.202 - - [16/Mar/2022:18:16:25 +0100] "GET /PmWiki/MyNewPage?action=edit HTTP/1.1" 200 8640 "-" "Mozilla/5.0 (compatible; Barkrowler/0.9; +https://babbar.tech/crawler)"
154.54.249.202 - - [16/Mar/2022:18:16:40 +0100] "GET /PmWiki/MyNewPage?action=diff HTTP/1.1" 200 9205 "-" "Mozilla/5.0 (compatible; Barkrowler/0.9; +https://babbar.tech/crawler)"
185.191.171.5 - - [16/Mar/2022:18:16:46 +0100] "GET /robots.txt HTTP/1.1" 200 - "-" "Mozilla/5.0 (compatible; SemrushBot/7~bl; +http://www.semrush.com/bot.html)"
185.191.171.42 - - [16/Mar/2022:18:16:46 +0100] "GET /PmWikiIt/IndiceDocumentazione?action=diff HTTP/1.1" 403 18 "-" "Mozilla/5.0 (compatible; SemrushBot/7~bl; +http://www.semrush.com/bot.html)"
154.54.249.202 - - [16/Mar/2022:18:16:55 +0100] "GET /PmWiki/MyNewPage?action=upload HTTP/1.1" 200 8540 "-" "Mozilla/5.0 (compatible; Barkrowler/0.9; +https://babbar.tech/crawler)"
194.209.200.2 - - [16/Mar/2022:18:16:58 +0100] "GET /Texte/ZurcherischEnglish HTTP/1.1" 200 8274 "-" "Mozilla/5.0 (compatible; TMMBot/0.2; +http://www.dslab.ch)/Nutch-1.15"
154.54.249.202 - - [16/Mar/2022:18:17:11 +0100] "GET /PmWiki/MyNewPage?action=print HTTP/1.1" 404 2395 "-" "Mozilla/5.0 (compatible; Barkrowler/0.9; +https://babbar.tech/crawler)"
154.54.249.202 - - [16/Mar/2022:18:17:27 +0100] "GET /PmWiki/SitePreferences?action=print HTTP/1.1" 200 3752 "-" "Mozilla/5.0 (compatible; Barkrowler/0.9; +https://babbar.tech/crawler)"
154.54.249.202 - - [16/Mar/2022:18:17:42 +0100] "GET /PmWiki/SitePreferences?action=edit HTTP/1.1" 200 8722 "-" "Mozilla/5.0 (compatible; Barkrowler/0.9; +https://babbar.tech/crawler)"
154.54.249.202 - - [16/Mar/2022:18:17:58 +0100] "GET /PmWiki/LayoutVariables?action=edit HTTP/1.1" 200 8722 "-" "Mozilla/5.0 (compatible; Barkrowler/0.9; +https://babbar.tech/crawler)"
154.54.249.202 - - [16/Mar/2022:18:18:15 +0100] "GET /PmWiki/ContactUs?action=diff HTTP/1.1" 200 9203 "-" "Mozilla/5.0 (compatible; Barkrowler/0.9; +https://babbar.tech/crawler)"
154.54.249.202 - - [16/Mar/2022:18:18:30 +0100] "GET /PmWiki/LinkSchemes?action=edit HTTP/1.1" 200 8666 "-" "Mozilla/5.0 (compatible; Barkrowler/0.9; +https://babbar.tech/crawler)"
154.54.249.202 - - [16/Mar/2022:18:18:46 +0100] "GET /PmWiki/LinkSchemes?action=print HTTP/1.1" 404 2403 "-" "Mozilla/5.0 (compatible; Barkrowler/0.9; +https://babbar.tech/crawler)"
154.54.249.202 - - [16/Mar/2022:18:19:02 +0100] "GET /PmWiki/LinkSchemes?action=upload HTTP/1.1" 200 8566 "-" "Mozilla/5.0 (compatible; Barkrowler/0.9; +https://babbar.tech/crawler)"
50.87.233.200 - - [16/Mar/2022:18:19:18 +0100] "GET / HTTP/1.1" 200 14638 "-" "-"
154.54.249.202 - - [16/Mar/2022:18:19:18 +0100] "GET /PmWiki/GroupAttributes?action=diff HTTP/1.1" 200 9299 "-" "Mozilla/5.0 (compatible; Barkrowler/0.9; +https://babbar.tech/crawler)"
154.54.249.202 - - [16/Mar/2022:18:19:33 +0100] "GET /PmWiki/GroupAttributes?action=print HTTP/1.1" 404 2419 "-" "Mozilla/5.0 (compatible; Barkrowler/0.9; +https://babbar.tech/crawler)"
194.209.200.2 - - [16/Mar/2022:18:19:34 +0100] "GET /Texte/ArsAmatoria HTTP/1.1" 200 12369 "-" "Mozilla/5.0 (compatible; TMMBot/0.2; +http://www.dslab.ch)/Nutch-1.15"
194.209.200.2 - - [16/Mar/2022:18:19:47 +0100] "GET /Texte/GDicht HTTP/1.1" 200 8050 "-" "Mozilla/5.0 (compatible; TMMBot/0.2; +http://www.dslab.ch)/Nutch-1.15"
154.54.249.202 - - [16/Mar/2022:18:19:49 +0100] "GET /PmWiki/GroupAttributes?action=edit HTTP/1.1" 200 8722 "-" "Mozilla/5.0 (compatible; Barkrowler/0.9; +https://babbar.tech/crawler)"
154.54.249.202 - - [16/Mar/2022:18:20:04 +0100] "GET /PmWiki/GroupAttributes?action=upload HTTP/1.1" 200 8622 "-" "Mozilla/5.0 (compatible; Barkrowler/0.9; +https://babbar.tech/crawler)"
194.209.200.2 - - [16/Mar/2022:18:20:16 +0100] "GET /Texte/Styluebige HTTP/1.1" 200 9998 "-" "Mozilla/5.0 (compatible; TMMBot/0.2; +http://www.dslab.ch)/Nutch-1.15"
194.209.200.2 - - [16/Mar/2022:18:20:17 +0100] "GET /Admin/Links HTTP/1.1" 200 14193 "-" "Mozilla/5.0 (compatible; TMMBot/0.2; +http://www.dslab.ch)/Nutch-1.15"
154.54.249.202 - - [16/Mar/2022:18:20:20 +0100] "GET /PmWiki/GroupHeaders?action=print HTTP/1.1" 200 7410 "-" "Mozilla/5.0 (compatible; Barkrowler/0.9; +https://babbar.tech/crawler)"
194.209.200.2 - - [16/Mar/2022:18:20:26 +0100] "GET /Texte/Metamorphoses HTTP/1.1" 200 9045 "-" "Mozilla/5.0 (compatible; TMMBot/0.2; +http://www.dslab.ch)/Nutch-1.15"
154.54.249.202 - - [16/Mar/2022:18:20:36 +0100] "GET /PmWiki/GroupHeaders?action=upload HTTP/1.1" 200 8612 "-" "Mozilla/5.0 (compatible; Barkrowler/0.9; +https://babbar.tech/crawler)"
154.54.249.202 - - [16/Mar/2022:18:20:52 +0100] "GET /PmWiki/GroupHeaders?action=edit HTTP/1.1" 200 8712 "-" "Mozilla/5.0 (compatible; Barkrowler/0.9; +https://babbar.tech/crawler)"
154.54.249.202 - - [16/Mar/2022:18:21:07 +0100] "GET /PmWiki/GroupCustomizations?action=edit HTTP/1.1" 200 8778 "-" "Mozilla/5.0 (compatible; Barkrowler/0.9; +https://babbar.tech/crawler)"
154.54.249.202 - - [16/Mar/2022:18:21:22 +0100] "GET /PmWiki/MailingList?action=edit HTTP/1.1" 200 8666 "-" "Mozilla/5.0 (compatible; Barkrowler/0.9; +https://babbar.tech/crawler)"
154.54.249.202 - - [16/Mar/2022:18:21:38 +0100] "GET /PmWiki/MailingList?action=upload HTTP/1.1" 200 8566 "-" "Mozilla/5.0 (compatible; Barkrowler/0.9; +https://babbar.tech/crawler)"
154.54.249.202 - - [16/Mar/2022:18:21:54 +0100] "GET /PmWiki/MailingList?action=diff HTTP/1.1" 200 9235 "-" "Mozilla/5.0 (compatible; Barkrowler/0.9; +https://babbar.tech/crawler)"
154.54.249.202 - - [16/Mar/2022:18:22:09 +0100] "GET /PmWiki/MailingList?action=print HTTP/1.1" 404 2403 "-" "Mozilla/5.0 (compatible; Barkrowler/0.9; +https://babbar.tech/crawler)"
154.54.249.202 - - [16/Mar/2022:18:22:24 +0100] "GET /PmWikiEs/PmWikiEs HTTP/1.1" 200 9407 "-" "Mozilla/5.0 (compatible; Barkrowler/0.9; +https://babbar.tech/crawler)"
51.222.253.12 - - [16/Mar/2022:18:22:25 +0100] "GET /robots.txt HTTP/1.1" 200 - "-" "Mozilla/5.0 (compatible; AhrefsBot/7.0; +http://ahrefs.com/robot/)"
54.36.149.49 - - [16/Mar/2022:18:22:26 +0100] "GET / HTTP/1.1" 200 14638 "-" "Mozilla/5.0 (compatible; AhrefsBot/7.0; +http://ahrefs.com/robot/)"
154.54.249.202 - - [16/Mar/2022:18:22:40 +0100] "GET /PmWikiSi/Prevajanja HTTP/1.1" 200 18708 "-" "Mozilla/5.0 (compatible; Barkrowler/0.9; +https://babbar.tech/crawler)"
194.209.200.2 - - [16/Mar/2022:18:22:42 +0100] "GET /Admin/ZurStiftung HTTP/1.1" 200 10864 "-" "Mozilla/5.0 (compatible; TMMBot/0.2; +http://www.dslab.ch)/Nutch-1.15"
154.54.249.202 - - [16/Mar/2022:18:22:56 +0100] "GET /PmWikiNl/SidebarNl HTTP/1.1" 200 7647 "-" "Mozilla/5.0 (compatible; Barkrowler/0.9; +https://babbar.tech/crawler)"
194.209.200.2 - - [16/Mar/2022:18:23:06 +0100] "GET /Texte/Bitterbeuhsi HTTP/1.1" 200 9255 "-" "Mozilla/5.0 (compatible; TMMBot/0.2; +http://www.dslab.ch)/Nutch-1.15"
154.54.249.202 - - [16/Mar/2022:18:23:11 +0100] "GET /PmWikiNl/WikiZoeken HTTP/1.1" 200 8748 "-" "Mozilla/5.0 (compatible; Barkrowler/0.9; +https://babbar.tech/crawler)"
194.209.200.2 - - [16/Mar/2022:18:23:17 +0100] "GET /Gast/Podcast HTTP/1.1" 200 8106 "-" "Mozilla/5.0 (compatible; TMMBot/0.2; +http://www.dslab.ch)/Nutch-1.15"
154.54.249.202 - - [16/Mar/2022:18:23:28 +0100] "GET /PmWikiNl/WikiSandbox HTTP/1.1" 200 6760 "-" "Mozilla/5.0 (compatible; Barkrowler/0.9; +https://babbar.tech/crawler)"
154.54.249.202 - - [16/Mar/2022:18:23:43 +0100] "GET /PmWikiNl/WikiWikiWeb HTTP/1.1" 200 11101 "-" "Mozilla/5.0 (compatible; Barkrowler/0.9; +https://babbar.tech/crawler)"
154.54.249.202 - - [16/Mar/2022:18:24:02 +0100] "GET /PmWikiRu/UploadVariables HTTP/1.1" 404 10044 "-" "Mozilla/5.0 (compatible; Barkrowler/0.9; +https://babbar.tech/crawler)"
154.54.249.202 - - [16/Mar/2022:18:24:19 +0100] "GET /PmWikiRu/FAQ?action=diff HTTP/1.1" 200 9696 "-" "Mozilla/5.0 (compatible; Barkrowler/0.9; +https://babbar.tech/crawler)"
154.54.249.202 - - [16/Mar/2022:18:24:34 +0100] "GET /PmWikiRu/FAQ?action=upload HTTP/1.1" 200 9039 "-" "Mozilla/5.0 (compatible; Barkrowler/0.9; +https://babbar.tech/crawler)"
154.54.249.202 - - [16/Mar/2022:18:24:49 +0100] "GET /PmWikiRu/FAQ?action=print HTTP/1.1" 200 12272 "-" "Mozilla/5.0 (compatible; Barkrowler/0.9; +https://babbar.tech/crawler)"
154.54.249.202 - - [16/Mar/2022:18:25:05 +0100] "GET /PmWikiRu/TableDirectives HTTP/1.1" 200 25080 "-" "Mozilla/5.0 (compatible; Barkrowler/0.9; +https://babbar.tech/crawler)"
154.54.249.202 - - [16/Mar/2022:18:25:20 +0100] "GET /PmWikiRu/PathVariables HTTP/1.1" 404 10000 "-" "Mozilla/5.0 (compatible; Barkrowler/0.9; +https://babbar.tech/crawler)"
154.54.249.202 - - [16/Mar/2022:18:25:35 +0100] "GET /PmWikiRu/AvailableActions HTTP/1.1" 200 16563 "-" "Mozilla/5.0 (compatible; Barkrowler/0.9; +https://babbar.tech/crawler)"
154.54.249.202 - - [16/Mar/2022:18:25:51 +0100] "GET /PmWikiRu/Links?action=diff HTTP/1.1" 200 9732 "-" "Mozilla/5.0 (compatible; Barkrowler/0.9; +https://babbar.tech/crawler)"
154.54.249.202 - - [16/Mar/2022:18:26:06 +0100] "GET /PmWikiRu/Links?action=upload HTTP/1.1" 200 9071 "-" "Mozilla/5.0 (compatible; Barkrowler/0.9; +https://babbar.tech/crawler)"
154.54.249.202 - - [16/Mar/2022:18:26:22 +0100] "GET /PmWikiRu/LayoutVariables HTTP/1.1" 404 10044 "-" "Mozilla/5.0 (compatible; Barkrowler/0.9; +https://babbar.tech/crawler)"
154.54.249.202 - - [16/Mar/2022:18:26:37 +0100] "GET /PmWikiRu/Forms?action=diff HTTP/1.1" 200 9718 "-" "Mozilla/5.0 (compatible; Barkrowler/0.9; +https://babbar.tech/crawler)"
154.54.249.202 - - [16/Mar/2022:18:26:53 +0100] "GET /PmWikiRu/Forms?action=upload HTTP/1.1" 200 9057 "-" "Mozilla/5.0 (compatible; Barkrowler/0.9; +https://babbar.tech/crawler)"
154.54.249.202 - - [16/Mar/2022:18:27:08 +0100] "GET /PmWikiRu/Forms?action=print HTTP/1.1" 404 2389 "-" "Mozilla/5.0 (compatible; Barkrowler/0.9; +https://babbar.tech/crawler)"
154.54.249.202 - - [16/Mar/2022:18:27:23 +0100] "GET /PmWikiRu/Version?action=diff HTTP/1.1" 200 9750 "-" "Mozilla/5.0 (compatible; Barkrowler/0.9; +https://babbar.tech/crawler)"
154.54.249.202 - - [16/Mar/2022:18:27:39 +0100] "GET /PmWikiRu/Version?action=upload HTTP/1.1" 200 9085 "-" "Mozilla/5.0 (compatible; Barkrowler/0.9; +https://babbar.tech/crawler)"
154.54.249.202 - - [16/Mar/2022:18:27:55 +0100] "GET /PmWikiRu/Version?action=print HTTP/1.1" 404 2397 "-" "Mozilla/5.0 (compatible; Barkrowler/0.9; +https://babbar.tech/crawler)"
154.54.249.202 - - [16/Mar/2022:18:28:10 +0100] "GET /PmWikiRu/EditVariables HTTP/1.1" 404 10000 "-" "Mozilla/5.0 (compatible; Barkrowler/0.9; +https://babbar.tech/crawler)"
154.54.249.202 - - [16/Mar/2022:18:28:26 +0100] "GET /PmWikiRu/CustomWikiStyles HTTP/1.1" 200 18297 "-" "Mozilla/5.0 (compatible; Barkrowler/0.9; +https://babbar.tech/crawler)"
