154.54.249.202 - - [16/Mar/2022:21:38:19 +0100] "GET /PmWikiJa/ToDo?action=print HTTP/1.1" 404 2385 "-" "Mozilla/5.0 (compatible; Barkrowler/0.9; +https://babbar.tech/crawler)"
154.54.249.202 - - [16/Mar/2022:21:38:35 +0100] "GET /PmWikiJa/ToDo?action=upload HTTP/1.1" 200 8497 "-" "Mozilla/5.0 (compatible; Barkrowler/0.9; +https://babbar.tech/crawler)"
154.54.249.202 - - [16/Mar/2022:21:38:50 +0100] "GET /PmWikiJa/PITS?action=edit HTTP/1.1" 200 8595 "-" "Mozilla/5.0 (compatible; Barkrowler/0.9; +https://babbar.tech/crawler)"
154.54.249.202 - - [16/Mar/2022:21:39:05 +0100] "GET /PmWikiJa/PITS?action=diff HTTP/1.1" 200 9154 "-" "Mozilla/5.0 (compatible; Barkrowler/0.9; +https://babbar.tech/crawler)"
154.54.249.202 - - [16/Mar/2022:21:39:21 +0100] "GET /PmWikiJa/PITS?action=upload HTTP/1.1" 200 8495 "-" "Mozilla/5.0 (compatible; Barkrowler/0.9; +https://babbar.tech/crawler)"
154.54.249.202 - - [16/Mar/2022:21:39:36 +0100] "GET /PmWikiJa/PITS?action=print HTTP/1.1" 404 2385 "-" "Mozilla/5.0 (compatible; Barkrowler/0.9; +https://babbar.tech/crawler)"
154.54.249.202 - - [16/Mar/2022:21:39:51 +0100] "GET /PmWikiJa/RandomPage?action=print HTTP/1.1" 404 2409 "-" "Mozilla/5.0 (compatible; Barkrowler/0.9; +https://babbar.tech/crawler)"
154.54.249.202 - - [16/Mar/2022:21:40:07 +0100] "GET /PmWikiJa/RandomPage?action=edit HTTP/1.1" 200 8681 "-" "Mozilla/5.0 (compatible; Barkrowler/0.9; +https://babbar.tech/crawler)"
154.54.249.202 - - [16/Mar/2022:21:40:22 +0100] "GET /PmWikiJa/EProtect?action=edit HTTP/1.1" 200 8653 "-" "Mozilla/5.0 (compatible; Barkrowler/0.9; +https://babbar.tech/crawler)"
154.54.249.202 - - [16/Mar/2022:21:40:38 +0100] "GET /PmWikiJa/EProtect?action=diff HTTP/1.1" 200 9220 "-" "Mozilla/5.0 (compatible; Barkrowler/0.9; +https://babbar.tech/crawler)"
154.54.249.202 - - [16/Mar/2022:21:40:53 +0100] "GET /PmWikiJa/EProtect?action=upload HTTP/1.1" 200 8553 "-" "Mozilla/5.0 (compatible; Barkrowler/0.9; +https://babbar.tech/crawler)"
154.54.249.202 - - [16/Mar/2022:21:41:08 +0100] "GET /PmWikiJa/EProtect?action=print HTTP/1.1" 404 2401 "-" "Mozilla/5.0 (compatible; Barkrowler/0.9; +https://babbar.tech/crawler)"
154.54.249.202 - - [16/Mar/2022:21:41:23 +0100] "GET /PmWikiJa/PmWikiJa HTTP/1.1" 200 12463 "-" "Mozilla/5.0 (compatible; Barkrowler/0.9; +https://babbar.tech/crawler)"
154.54.249.202 - - [16/Mar/2022:21:41:38 +0100] "GET /PmWikiJa/AtLinks?action=print HTTP/1.1" 404 2397 "-" "Mozilla/5.0 (compatible; Barkrowler/0.9; +https://babbar.tech/crawler)"
154.54.249.202 - - [16/Mar/2022:21:41:54 +0100] "GET /PmWikiJa/AtLinks?action=edit HTTP/1.1" 200 8639 "-" "Mozilla/5.0 (compatible; Barkrowler/0.9; +https://babbar.tech/crawler)"
154.54.249.202 - - [16/Mar/2022:21:42:10 +0100] "GET /PmWikiJa/Applet?action=edit HTTP/1.1" 200 8623 "-" "Mozilla/5.0 (compatible; Barkrowler/0.9; +https://babbar.tech/crawler)"
154.54.249.202 - - [16/Mar/2022:21:42:25 +0100] "GET /PmWikiJa/Applet?action=print HTTP/1.1" 404 2393 "-" "Mozilla/5.0 (compatible; Barkrowler/0.9; +https://babbar.tech/crawler)"
54.36.149.84 - - [16/Mar/2022:21:42:39 +0100] "GET /Hilfe/AnleitungTonbeispiele HTTP/1.1" 200 9878 "-" "Mozilla/5.0 (compatible; AhrefsBot/7.0; +http://ahrefs.com/robot/)"
154.54.249.202 - - [16/Mar/2022:21:42:41 +0100] "GET /PmWikiJa/Applet?action=upload HTTP/1.1" 200 8523 "-" "Mozilla/5.0 (compatible; Barkrowler/0.9; +https://babbar.tech/crawler)"
154.54.249.202 - - [16/Mar/2022:21:42:56 +0100] "GET /PmWikiJa/ThisSite?action=edit HTTP/1.1" 200 8653 "-" "Mozilla/5.0 (compatible; Barkrowler/0.9; +https://babbar.tech/crawler)"
154.54.249.202 - - [16/Mar/2022:21:43:11 +0100] "GET /PmWikiJa/Functions?action=edit HTTP/1.1" 200 8665 "-" "Mozilla/5.0 (compatible; Barkrowler/0.9; +https://babbar.tech/crawler)"
154.54.249.202 - - [16/Mar/2022:21:43:26 +0100] "GET /PmWikiJa/Functions?action=upload HTTP/1.1" 200 8565 "-" "Mozilla/5.0 (compatible; Barkrowler/0.9; +https://babbar.tech/crawler)"
154.54.249.202 - - [16/Mar/2022:21:43:42 +0100] "GET /PmWikiJa/Voting?action=edit HTTP/1.1" 200 8623 "-" "Mozilla/5.0 (compatible; Barkrowler/0.9; +https://babbar.tech/crawler)"
207.241.231.151 - - [16/Mar/2022:21:43:42 +0100] "GET /robots.txt HTTP/1.0" 200 - "-" "Mozilla/5.0 (compatible; archive.org_bot +http://archive.org/details/archive.org_bot)"
207.241.231.151 - - [16/Mar/2022:21:43:43 +0100] "GET /Texte/Rezension HTTP/1.0" 200 11812 "http://pro-zurituutsch.ch/" "Mozilla/5.0 (compatible; archive.org_bot +http://archive.org/details/archive.org_bot)"
207.241.231.151 - - [16/Mar/2022:21:43:44 +0100] "GET /Texte/Limericks HTTP/1.0" 200 8087 "http://pro-zurituutsch.ch/" "Mozilla/5.0 (compatible; archive.org_bot +http://archive.org/details/archive.org_bot)"
154.54.249.202 - - [16/Mar/2022:21:43:57 +0100] "GET /PmWikiJa/Voting?action=diff HTTP/1.1" 200 9186 "-" "Mozilla/5.0 (compatible; Barkrowler/0.9; +https://babbar.tech/crawler)"
207.241.231.151 - - [16/Mar/2022:21:44:01 +0100] "GET /Main/Home?action=diff HTTP/1.0" 403 18 "http://pro-zurituutsch.ch/" "Mozilla/5.0 (compatible; archive.org_bot +http://archive.org/details/archive.org_bot)"
154.54.249.202 - - [16/Mar/2022:21:44:12 +0100] "GET /PmWikiJa/Voting?action=upload HTTP/1.1" 200 8523 "-" "Mozilla/5.0 (compatible; Barkrowler/0.9; +https://babbar.tech/crawler)"
154.54.249.202 - - [16/Mar/2022:21:44:27 +0100] "GET /PmWikiJa/Voting?action=print HTTP/1.1" 404 2393 "-" "Mozilla/5.0 (compatible; Barkrowler/0.9; +https://babbar.tech/crawler)"
154.54.249.202 - - [16/Mar/2022:21:44:43 +0100] "GET /PmWikiJa/AuthUser?action=edit HTTP/1.1" 200 8653 "-" "Mozilla/5.0 (compatible; Barkrowler/0.9; +https://babbar.tech/crawler)"
154.54.249.202 - - [16/Mar/2022:21:44:58 +0100] "GET /PmWikiJa/Blocklist?action=edit HTTP/1.1" 200 8665 "-" "Mozilla/5.0 (compatible; Barkrowler/0.9; +https://babbar.tech/crawler)"
154.54.249.202 - - [16/Mar/2022:21:45:13 +0100] "GET /PmWikiJa/Blocklist?action=upload HTTP/1.1" 200 8565 "-" "Mozilla/5.0 (compatible; Barkrowler/0.9; +https://babbar.tech/crawler)"
185.191.171.6 - - [16/Mar/2022:21:45:20 +0100] "GET /PmWikiFr/MultipleWikis?action=print HTTP/1.1" 403 18 "-" "Mozilla/5.0 (compatible; SemrushBot/7~bl; +http://www.semrush.com/bot.html)"
185.191.171.40 - - [16/Mar/2022:21:45:22 +0100] "GET /PmWikiFr/GroupHeaders?action=print HTTP/1.1" 403 18 "-" "Mozilla/5.0 (compatible; SemrushBot/7~bl; +http://www.semrush.com/bot.html)"
154.54.249.202 - - [16/Mar/2022:21:45:33 +0100] "GET /PmWikiJa/Blocklist?action=print HTTP/1.1" 404 2405 "-" "Mozilla/5.0 (compatible; Barkrowler/0.9; +https://babbar.tech/crawler)"
154.54.249.202 - - [16/Mar/2022:21:45:48 +0100] "GET /PmWikiJa/Blocklist?action=diff HTTP/1.1" 200 9234 "-" "Mozilla/5.0 (compatible; Barkrowler/0.9; +https://babbar.tech/crawler)"
154.54.249.202 - - [16/Mar/2022:21:46:03 +0100] "GET /PmWikiJa/BreakPage?action=print HTTP/1.1" 404 2405 "-" "Mozilla/5.0 (compatible; Barkrowler/0.9; +https://babbar.tech/crawler)"
154.54.249.202 - - [16/Mar/2022:21:46:18 +0100] "GET /PmWikiJa/BreakPage?action=edit HTTP/1.1" 200 8667 "-" "Mozilla/5.0 (compatible; Barkrowler/0.9; +https://babbar.tech/crawler)"
54.36.148.198 - - [16/Mar/2022:21:46:27 +0100] "GET /Texte/Gloosse HTTP/1.1" 200 8061 "-" "Mozilla/5.0 (compatible; AhrefsBot/7.0; +http://ahrefs.com/robot/)"
154.54.249.202 - - [16/Mar/2022:21:46:33 +0100] "GET /PmWikiJa/BreakPage?action=upload HTTP/1.1" 200 8567 "-" "Mozilla/5.0 (compatible; Barkrowler/0.9; +https://babbar.tech/crawler)"
154.54.249.202 - - [16/Mar/2022:21:46:49 +0100] "GET /PmWikiJa/ImportText?action=edit HTTP/1.1" 200 8681 "-" "Mozilla/5.0 (compatible; Barkrowler/0.9; +https://babbar.tech/crawler)"
154.54.249.202 - - [16/Mar/2022:21:47:04 +0100] "GET /PmWikiJa/PictureGallery?action=print HTTP/1.1" 404 2425 "-" "Mozilla/5.0 (compatible; Barkrowler/0.9; +https://babbar.tech/crawler)"
154.54.249.202 - - [16/Mar/2022:21:47:19 +0100] "GET /PmWikiJa/PictureGallery?action=edit HTTP/1.1" 200 8737 "-" "Mozilla/5.0 (compatible; Barkrowler/0.9; +https://babbar.tech/crawler)"
154.54.249.202 - - [16/Mar/2022:21:47:34 +0100] "GET /PmWikiJa/FastSearch?action=print HTTP/1.1" 404 2409 "-" "Mozilla/5.0 (compatible; Barkrowler/0.9; +https://babbar.tech/crawler)"
154.54.249.202 - - [16/Mar/2022:21:47:50 +0100] "GET /PmWikiJa/FastSearch?action=edit HTTP/1.1" 200 8681 "-" "Mozilla/5.0 (compatible; Barkrowler/0.9; +https://babbar.tech/crawler)"
154.54.249.202 - - [16/Mar/2022:21:48:05 +0100] "GET /PmWikiJa/FastSearch?action=upload HTTP/1.1" 200 8581 "-" "Mozilla/5.0 (compatible; Barkrowler/0.9; +https://babbar.tech/crawler)"
154.54.249.202 - - [16/Mar/2022:21:48:20 +0100] "GET /PmWikiJa/EasyGallery?action=edit HTTP/1.1" 200 8695 "-" "Mozilla/5.0 (compatible; Barkrowler/0.9; +https://babbar.tech/crawler)"
154.54.249.202 - - [16/Mar/2022:21:48:36 +0100] "GET /PmWikiJa/SectionEdit?action=edit HTTP/1.1" 200 8695 "-" "Mozilla/5.0 (compatible; Barkrowler/0.9; +https://babbar.tech/crawler)"
154.54.249.202 - - [16/Mar/2022:21:48:51 +0100] "GET /PmWikiJa/UserAuth?action=edit HTTP/1.1" 200 8653 "-" "Mozilla/5.0 (compatible; Barkrowler/0.9; +https://babbar.tech/crawler)"
154.54.249.202 - - [16/Mar/2022:21:49:06 +0100] "GET /PmWikiJa/ActionLog?action=edit HTTP/1.1" 200 8667 "-" "Mozilla/5.0 (compatible; Barkrowler/0.9; +https://babbar.tech/crawler)"
154.54.249.202 - - [16/Mar/2022:21:49:21 +0100] "GET /PmWikiJa/ImageSets?action=edit HTTP/1.1" 200 8667 "-" "Mozilla/5.0 (compatible; Barkrowler/0.9; +https://babbar.tech/crawler)"
154.54.249.202 - - [16/Mar/2022:21:49:37 +0100] "GET /PmWikiJa/NewsList?action=edit HTTP/1.1" 200 8653 "-" "Mozilla/5.0 (compatible; Barkrowler/0.9; +https://babbar.tech/crawler)"
154.54.249.202 - - [16/Mar/2022:21:49:52 +0100] "GET /PmWikiJa/NewsList?action=diff HTTP/1.1" 200 9220 "-" "Mozilla/5.0 (compatible; Barkrowler/0.9; +https://babbar.tech/crawler)"
154.54.249.202 - - [16/Mar/2022:21:50:07 +0100] "GET /PmWikiJa/NewsList?action=upload HTTP/1.1" 200 8553 "-" "Mozilla/5.0 (compatible; Barkrowler/0.9; +https://babbar.tech/crawler)"
154.54.249.202 - - [16/Mar/2022:21:50:22 +0100] "GET /PmWikiJa/NewsList?action=print HTTP/1.1" 404 2401 "-" "Mozilla/5.0 (compatible; Barkrowler/0.9; +https://babbar.tech/crawler)"
54.36.149.33 - - [16/Mar/2022:21:50:26 +0100] "GET /Texte/Schrybwys HTTP/1.1" 200 11028 "-" "Mozilla/5.0 (compatible; AhrefsBot/7.0; +http://ahrefs.com/robot/)"
154.54.249.202 - - [16/Mar/2022:21:50:37 +0100] "GET /PmWikiJa/Forms?action=diff HTTP/1.1" 200 9170 "-" "Mozilla/5.0 (compatible; Barkrowler/0.9; +https://babbar.tech/crawler)"
154.54.249.202 - - [16/Mar/2022:21:50:53 +0100] "GET /PmWikiJa/Forms?action=upload HTTP/1.1" 200 8509 "-" "Mozilla/5.0 (compatible; Barkrowler/0.9; +https://babbar.tech/crawler)"
154.54.249.202 - - [16/Mar/2022:21:51:08 +0100] "GET /PmWikiJa/Forum?action=diff HTTP/1.1" 200 9170 "-" "Mozilla/5.0 (compatible; Barkrowler/0.9; +https://babbar.tech/crawler)"
154.54.249.202 - - [16/Mar/2022:21:51:24 +0100] "GET /PmWikiJa/Forum?action=upload HTTP/1.1" 200 8509 "-" "Mozilla/5.0 (compatible; Barkrowler/0.9; +https://babbar.tech/crawler)"
154.54.249.202 - - [16/Mar/2022:21:51:40 +0100] "GET /PmWikiJa/FormGuideSystem HTTP/1.1" 404 8317 "-" "Mozilla/5.0 (compatible; Barkrowler/0.9; +https://babbar.tech/crawler)"
154.54.249.202 - - [16/Mar/2022:21:51:55 +0100] "GET /PmWikiJa/Fortune?action=edit HTTP/1.1" 200 8637 "-" "Mozilla/5.0 (compatible; Barkrowler/0.9; +https://babbar.tech/crawler)"
154.54.249.202 - - [16/Mar/2022:21:52:11 +0100] "GET /PmWikiJa/Fortune?action=upload HTTP/1.1" 200 8537 "-" "Mozilla/5.0 (compatible; Barkrowler/0.9; +https://babbar.tech/crawler)"
154.54.249.202 - - [16/Mar/2022:21:52:26 +0100] "GET /PmWikiJa/Fortune?action=print HTTP/1.1" 404 2397 "-" "Mozilla/5.0 (compatible; Barkrowler/0.9; +https://babbar.tech/crawler)"
154.54.249.202 - - [16/Mar/2022:21:52:42 +0100] "GET /PmWikiJa/Fortune?action=diff HTTP/1.1" 200 9202 "-" "Mozilla/5.0 (compatible; Barkrowler/0.9; +https://babbar.tech/crawler)"
154.54.249.202 - - [16/Mar/2022:21:52:57 +0100] "GET /PmWikiJa/Backlinks?action=upload HTTP/1.1" 200 8565 "-" "Mozilla/5.0 (compatible; Barkrowler/0.9; +https://babbar.tech/crawler)"
154.54.249.202 - - [16/Mar/2022:21:53:12 +0100] "GET /PmWikiJa/Backlinks?action=print HTTP/1.1" 404 2405 "-" "Mozilla/5.0 (compatible; Barkrowler/0.9; +https://babbar.tech/crawler)"
194.209.200.2 - - [16/Mar/2022:21:53:25 +0100] "GET /robots.txt HTTP/1.1" 200 - "-" "Mozilla/5.0 (compatible; TMMBot/0.2; +http://www.dslab.ch)/Nutch-1.15"
194.209.200.2 - - [16/Mar/2022:21:53:25 +0100] "GET /Texte/ZurcherischEnglish HTTP/1.1" 200 8274 "-" "Mozilla/5.0 (compatible; TMMBot/0.2; +http://www.dslab.ch)/Nutch-1.15"
154.54.249.202 - - [16/Mar/2022:21:53:28 +0100] "GET /PmWikiJa/Backlinks?action=edit HTTP/1.1" 200 8665 "-" "Mozilla/5.0 (compatible; Barkrowler/0.9; +https://babbar.tech/crawler)"
154.54.249.202 - - [16/Mar/2022:21:53:43 +0100] "GET /PmWikiJa/Backlinks?action=diff HTTP/1.1" 200 9234 "-" "Mozilla/5.0 (compatible; Barkrowler/0.9; +https://babbar.tech/crawler)"
154.54.249.202 - - [16/Mar/2022:21:53:59 +0100] "GET /PmWikiDe/EditForms?action=print HTTP/1.1" 404 2405 "-" "Mozilla/5.0 (compatible; Barkrowler/0.9; +https://babbar.tech/crawler)"
154.54.249.202 - - [16/Mar/2022:21:54:16 +0100] "GET /PmWikiDe/EditForms?action=edit HTTP/1.1" 200 7122 "-" "Mozilla/5.0 (compatible; Barkrowler/0.9; +https://babbar.tech/crawler)"
154.54.249.202 - - [16/Mar/2022:21:54:38 +0100] "GET /PmWikiDe/EditForms?action=upload HTTP/1.1" 200 7022 "-" "Mozilla/5.0 (compatible; Barkrowler/0.9; +https://babbar.tech/crawler)"
154.54.249.202 - - [16/Mar/2022:21:54:53 +0100] "GET /PmWikiDe/Drafts?action=edit HTTP/1.1" 200 7078 "-" "Mozilla/5.0 (compatible; Barkrowler/0.9; +https://babbar.tech/crawler)"
194.209.200.2 - - [16/Mar/2022:21:55:00 +0100] "GET /Texte/Schrybwys HTTP/1.1" 200 11028 "-" "Mozilla/5.0 (compatible; TMMBot/0.2; +http://www.dslab.ch)/Nutch-1.15"
154.54.249.202 - - [16/Mar/2022:21:55:10 +0100] "GET /PmWikiDe/Drafts?action=diff HTTP/1.1" 200 7641 "-" "Mozilla/5.0 (compatible; Barkrowler/0.9; +https://babbar.tech/crawler)"
154.54.249.202 - - [16/Mar/2022:21:55:26 +0100] "GET /PmWikiDe/Drafts?action=upload HTTP/1.1" 200 6978 "-" "Mozilla/5.0 (compatible; Barkrowler/0.9; +https://babbar.tech/crawler)"
154.54.249.202 - - [16/Mar/2022:21:55:41 +0100] "GET /PmWikiDe/Drafts?action=print HTTP/1.1" 404 2393 "-" "Mozilla/5.0 (compatible; Barkrowler/0.9; +https://babbar.tech/crawler)"
194.209.200.2 - - [16/Mar/2022:21:55:44 +0100] "GET /Texte/ArsAmatoria HTTP/1.1" 200 12369 "-" "Mozilla/5.0 (compatible; TMMBot/0.2; +http://www.dslab.ch)/Nutch-1.15"
154.54.249.202 - - [16/Mar/2022:21:55:56 +0100] "GET /PmWikiDe/PmWiki?action=print HTTP/1.1" 302 190 "-" "Mozilla/5.0 (compatible; Barkrowler/0.9; +https://babbar.tech/crawler)"
168.119.51.163 - - [16/Mar/2022:21:55:56 +0100] "GET /robots.txt HTTP/1.1" 200 - "-" "Mozilla/5.0 (compatible; um-IC/1.0; mailto: techinfo@ubermetrics-technologies.com; Windows NT 6.1; WOW64; rv:40.0) Gecko/20100101 Firefox/40.1"
168.119.51.163 - - [16/Mar/2022:21:55:56 +0100] "GET /PodCast/IndexPage?action=rss HTTP/1.1" 200 6298 "-" "Mozilla/5.0 (compatible; um-IC/1.0; mailto: techinfo@ubermetrics-technologies.com; Windows NT 6.1; WOW64; rv:40.0) Gecko/20100101 Firefox/40.1"
194.209.200.2 - - [16/Mar/2022:21:55:57 +0100] "GET /Texte/GDicht HTTP/1.1" 200 8050 "-" "Mozilla/5.0 (compatible; TMMBot/0.2; +http://www.dslab.ch)/Nutch-1.15"
154.54.249.202 - - [16/Mar/2022:21:56:12 +0100] "GET /PmWikiDe/PmWiki?action=edit HTTP/1.1" 200 7080 "-" "Mozilla/5.0 (compatible; Barkrowler/0.9; +https://babbar.tech/crawler)"
194.209.200.2 - - [16/Mar/2022:21:56:25 +0100] "GET /Admin/Links HTTP/1.1" 200 14193 "-" "Mozilla/5.0 (compatible; TMMBot/0.2; +http://www.dslab.ch)/Nutch-1.15"
154.54.249.202 - - [16/Mar/2022:21:56:28 +0100] "GET /PmWikiDe/Upgrades?action=upload HTTP/1.1" 200 7006 "-" "Mozilla/5.0 (compatible; Barkrowler/0.9; +https://babbar.tech/crawler)"
194.209.200.2 - - [16/Mar/2022:21:56:32 +0100] "GET /Texte/Metamorphoses HTTP/1.1" 200 9045 "-" "Mozilla/5.0 (compatible; TMMBot/0.2; +http://www.dslab.ch)/Nutch-1.15"
154.54.249.202 - - [16/Mar/2022:21:56:44 +0100] "GET /PmWikiDe/Upgrades?action=print HTTP/1.1" 200 6318 "-" "Mozilla/5.0 (compatible; Barkrowler/0.9; +https://babbar.tech/crawler)"
154.54.249.202 - - [16/Mar/2022:21:56:59 +0100] "GET /PmWikiDe/Upgrades?action=edit HTTP/1.1" 200 7106 "-" "Mozilla/5.0 (compatible; Barkrowler/0.9; +https://babbar.tech/crawler)"
154.54.249.202 - - [16/Mar/2022:21:57:15 +0100] "GET /PmWikiDe/Upgrades?action=diff HTTP/1.1" 200 7673 "-" "Mozilla/5.0 (compatible; Barkrowler/0.9; +https://babbar.tech/crawler)"
154.54.249.202 - - [16/Mar/2022:21:57:31 +0100] "GET /PmWikiDe/FullName?action=diff HTTP/1.1" 200 7675 "-" "Mozilla/5.0 (compatible; Barkrowler/0.9; +https://babbar.tech/crawler)"
154.54.249.202 - - [16/Mar/2022:21:57:47 +0100] "GET /PmWikiDe/FullName?action=print HTTP/1.1" 404 2401 "-" "Mozilla/5.0 (compatible; Barkrowler/0.9; +https://babbar.tech/crawler)"
154.54.249.202 - - [16/Mar/2022:21:58:02 +0100] "GET /PmWikiDe/FullName?action=edit HTTP/1.1" 200 7108 "-" "Mozilla/5.0 (compatible; Barkrowler/0.9; +https://babbar.tech/crawler)"
194.209.200.2 - - [16/Mar/2022:21:58:15 +0100] "GET /Admin/Pro-ZurituutschStatuten HTTP/1.1" 200 9580 "-" "Mozilla/5.0 (compatible; TMMBot/0.2; +http://www.dslab.ch)/Nutch-1.15"
154.54.249.202 - - [16/Mar/2022:21:58:19 +0100] "GET /PmWikiDe/FullName?action=upload HTTP/1.1" 200 7008 "-" "Mozilla/5.0 (compatible; Barkrowler/0.9; +https://babbar.tech/crawler)"
154.54.249.202 - - [16/Mar/2022:21:58:35 +0100] "GET /PmWikiDe/WikiWord?action=edit HTTP/1.1" 200 7108 "-" "Mozilla/5.0 (compatible; Barkrowler/0.9; +https://babbar.tech/crawler)"
194.209.200.2 - - [16/Mar/2022:21:58:36 +0100] "GET /Admin/ZurStiftung HTTP/1.1" 200 10864 "-" "Mozilla/5.0 (compatible; TMMBot/0.2; +http://www.dslab.ch)/Nutch-1.15"
154.54.249.202 - - [16/Mar/2022:21:58:50 +0100] "GET /PmWikiDe/WikiWord?action=diff HTTP/1.1" 200 7675 "-" "Mozilla/5.0 (compatible; Barkrowler/0.9; +https://babbar.tech/crawler)"
194.209.200.2 - - [16/Mar/2022:21:58:58 +0100] "GET /Texte/Bitterbeuhsi HTTP/1.1" 200 9255 "-" "Mozilla/5.0 (compatible; TMMBot/0.2; +http://www.dslab.ch)/Nutch-1.15"
154.54.249.202 - - [16/Mar/2022:21:59:07 +0100] "GET /PmWikiDe/WikiWord?action=upload HTTP/1.1" 200 7008 "-" "Mozilla/5.0 (compatible; Barkrowler/0.9; +https://babbar.tech/crawler)"
194.209.200.2 - - [16/Mar/2022:21:59:08 +0100] "GET /Gast/Podcast HTTP/1.1" 200 8106 "-" "Mozilla/5.0 (compatible; TMMBot/0.2; +http://www.dslab.ch)/Nutch-1.15"
154.54.249.202 - - [16/Mar/2022:21:59:22 +0100] "GET /PmWikiDe/WikiWord?action=print HTTP/1.1" 200 4526 "-" "Mozilla/5.0 (compatible; Barkrowler/0.9; +https://babbar.tech/crawler)"
154.54.249.202 - - [16/Mar/2022:21:59:38 +0100] "GET /PmWikiDe/WikiPage?action=diff HTTP/1.1" 200 7675 "-" "Mozilla/5.0 (compatible; Barkrowler/0.9; +https://babbar.tech/crawler)"
154.54.249.202 - - [16/Mar/2022:21:59:54 +0100] "GET /PmWikiDe/WikiPage?action=print HTTP/1.1" 404 2401 "-" "Mozilla/5.0 (compatible; Barkrowler/0.9; +https://babbar.tech/crawler)"
154.54.249.202 - - [16/Mar/2022:22:00:09 +0100] "GET /PmWikiDe/WikiPage?action=edit HTTP/1.1" 200 7108 "-" "Mozilla/5.0 (compatible; Barkrowler/0.9; +https://babbar.tech/crawler)"
154.54.249.202 - - [16/Mar/2022:22:00:25 +0100] "GET /PmWikiDe/WikiPage?action=upload HTTP/1.1" 200 7008 "-" "Mozilla/5.0 (compatible; Barkrowler/0.9; +https://babbar.tech/crawler)"
154.54.249.202 - - [16/Mar/2022:22:00:41 +0100] "GET /PmWikiDe/WikiTrails?action=print HTTP/1.1" 200 7746 "-" "Mozilla/5.0 (compatible; Barkrowler/0.9; +https://babbar.tech/crawler)"
154.54.249.202 - - [16/Mar/2022:22:00:58 +0100] "GET /PmWikiDe/WikiTrails?action=edit HTTP/1.1" 200 7142 "-" "Mozilla/5.0 (compatible; Barkrowler/0.9; +https://babbar.tech/crawler)"
154.54.249.202 - - [16/Mar/2022:22:01:13 +0100] "GET /PmWikiDe/WikiNode?action=edit HTTP/1.1" 200 7108 "-" "Mozilla/5.0 (compatible; Barkrowler/0.9; +https://babbar.tech/crawler)"
154.54.249.202 - - [16/Mar/2022:22:01:31 +0100] "GET /PmWikiDe/WikiNode?action=diff HTTP/1.1" 200 7675 "-" "Mozilla/5.0 (compatible; Barkrowler/0.9; +https://babbar.tech/crawler)"
154.54.249.202 - - [16/Mar/2022:22:01:47 +0100] "GET /PmWikiDe/WikiNode?action=upload HTTP/1.1" 200 7008 "-" "Mozilla/5.0 (compatible; Barkrowler/0.9; +https://babbar.tech/crawler)"
154.54.249.202 - - [16/Mar/2022:22:02:04 +0100] "GET /PmWikiDe/WikiNode?action=print HTTP/1.1" 200 5122 "-" "Mozilla/5.0 (compatible; Barkrowler/0.9; +https://babbar.tech/crawler)"
154.54.249.202 - - [16/Mar/2022:22:02:21 +0100] "GET /PmWikiDe/Wikigruppen?action=edit HTTP/1.1" 200 7148 "-" "Mozilla/5.0 (compatible; Barkrowler/0.9; +https://babbar.tech/crawler)"
154.54.249.202 - - [16/Mar/2022:22:02:38 +0100] "GET /PmWikiDe/Wikigruppen?action=upload HTTP/1.1" 200 7048 "-" "Mozilla/5.0 (compatible; Barkrowler/0.9; +https://babbar.tech/crawler)"
154.54.249.202 - - [16/Mar/2022:22:02:54 +0100] "GET /PmWikiDe/Wikigruppen?action=diff HTTP/1.1" 200 7721 "-" "Mozilla/5.0 (compatible; Barkrowler/0.9; +https://babbar.tech/crawler)"
154.54.249.202 - - [16/Mar/2022:22:03:10 +0100] "GET /PmWikiDe/Wikigruppen?action=print HTTP/1.1" 404 2413 "-" "Mozilla/5.0 (compatible; Barkrowler/0.9; +https://babbar.tech/crawler)"
154.54.249.202 - - [16/Mar/2022:22:03:25 +0100] "GET /PmWikiDe/Wikifarm?action=edit HTTP/1.1" 200 7106 "-" "Mozilla/5.0 (compatible; Barkrowler/0.9; +https://babbar.tech/crawler)"
154.54.249.202 - - [16/Mar/2022:22:03:41 +0100] "GET /PmWikiDe/Wikifarm?action=upload HTTP/1.1" 200 7006 "-" "Mozilla/5.0 (compatible; Barkrowler/0.9; +https://babbar.tech/crawler)"
154.54.249.202 - - [16/Mar/2022:22:03:56 +0100] "GET /PmWikiDe/Wikifarm?action=diff HTTP/1.1" 200 7673 "-" "Mozilla/5.0 (compatible; Barkrowler/0.9; +https://babbar.tech/crawler)"
154.54.249.202 - - [16/Mar/2022:22:04:12 +0100] "GET /PmWikiDe/Wikifarm?action=print HTTP/1.1" 404 2401 "-" "Mozilla/5.0 (compatible; Barkrowler/0.9; +https://babbar.tech/crawler)"
154.54.249.202 - - [16/Mar/2022:22:04:28 +0100] "GET /PmWikiDe/WikiStyleExamples HTTP/1.1" 200 17473 "-" "Mozilla/5.0 (compatible; Barkrowler/0.9; +https://babbar.tech/crawler)"
154.54.249.202 - - [16/Mar/2022:22:04:44 +0100] "GET /PmWikiDe/WikiStyles?action=print HTTP/1.1" 200 14118 "-" "Mozilla/5.0 (compatible; Barkrowler/0.9; +https://babbar.tech/crawler)"
154.54.249.202 - - [16/Mar/2022:22:05:00 +0100] "GET /PmWikiDe/WikiStyles?action=edit HTTP/1.1" 200 7132 "-" "Mozilla/5.0 (compatible; Barkrowler/0.9; +https://babbar.tech/crawler)"
154.54.249.202 - - [16/Mar/2022:22:05:15 +0100] "GET /PmWikiDe/WikiStyles?action=upload HTTP/1.1" 200 7032 "-" "Mozilla/5.0 (compatible; Barkrowler/0.9; +https://babbar.tech/crawler)"
154.54.249.202 - - [16/Mar/2022:22:05:31 +0100] "GET /PmWikiDe/WikiWords?action=print HTTP/1.1" 404 2405 "-" "Mozilla/5.0 (compatible; Barkrowler/0.9; +https://babbar.tech/crawler)"
154.54.249.202 - - [16/Mar/2022:22:05:46 +0100] "GET /PmWikiDe/WikiWords?action=edit HTTP/1.1" 200 7122 "-" "Mozilla/5.0 (compatible; Barkrowler/0.9; +https://babbar.tech/crawler)"
154.54.249.202 - - [16/Mar/2022:22:06:02 +0100] "GET /PmWikiDe/WikiWords?action=upload HTTP/1.1" 200 7022 "-" "Mozilla/5.0 (compatible; Barkrowler/0.9; +https://babbar.tech/crawler)"
154.54.249.202 - - [16/Mar/2022:22:06:19 +0100] "GET /PmWikiDe/WikiGroup?action=upload HTTP/1.1" 200 7024 "-" "Mozilla/5.0 (compatible; Barkrowler/0.9; +https://babbar.tech/crawler)"
154.54.249.202 - - [16/Mar/2022:22:06:46 +0100] "GET /PmWikiDe/WikiGroup?action=print HTTP/1.1" 200 13281 "-" "Mozilla/5.0 (compatible; Barkrowler/0.9; +https://babbar.tech/crawler)"
154.54.249.202 - - [16/Mar/2022:22:07:02 +0100] "GET /PmWikiDe/WikiGroup?action=edit HTTP/1.1" 200 7124 "-" "Mozilla/5.0 (compatible; Barkrowler/0.9; +https://babbar.tech/crawler)"
154.54.249.202 - - [16/Mar/2022:22:07:17 +0100] "GET /PmWikiDe/WikiGroup?action=diff HTTP/1.1" 200 7693 "-" "Mozilla/5.0 (compatible; Barkrowler/0.9; +https://babbar.tech/crawler)"
154.54.249.202 - - [16/Mar/2022:22:07:32 +0100] "GET /PmWikiDe/WikiGroups?action=edit HTTP/1.1" 200 7136 "-" "Mozilla/5.0 (compatible; Barkrowler/0.9; +https://babbar.tech/crawler)"
154.54.249.202 - - [16/Mar/2022:22:07:51 +0100] "GET /PmWikiDe/WikiGroups?action=upload HTTP/1.1" 200 7036 "-" "Mozilla/5.0 (compatible; Barkrowler/0.9; +https://babbar.tech/crawler)"
154.54.249.202 - - [16/Mar/2022:22:08:06 +0100] "GET /PmWikiDe/WikiGroups?action=print HTTP/1.1" 404 2409 "-" "Mozilla/5.0 (compatible; Barkrowler/0.9; +https://babbar.tech/crawler)"
154.54.249.202 - - [16/Mar/2022:22:08:22 +0100] "GET /PmWikiDe/WikiGroups?action=diff HTTP/1.1" 200 7707 "-" "Mozilla/5.0 (compatible; Barkrowler/0.9; +https://babbar.tech/crawler)"
154.54.249.202 - - [16/Mar/2022:22:08:37 +0100] "GET /PmWikiDe/AdvancedTables?action=print HTTP/1.1" 302 205 "-" "Mozilla/5.0 (compatible; Barkrowler/0.9; +https://babbar.tech/crawler)"
154.54.249.202 - - [16/Mar/2022:22:08:52 +0100] "GET /PmWikiDe/AdvancedTables?action=edit HTTP/1.1" 200 7192 "-" "Mozilla/5.0 (compatible; Barkrowler/0.9; +https://babbar.tech/crawler)"
154.54.249.202 - - [16/Mar/2022:22:09:08 +0100] "GET /PmWikiDe/AdvancedTables?action=upload HTTP/1.1" 200 7092 "-" "Mozilla/5.0 (compatible; Barkrowler/0.9; +https://babbar.tech/crawler)"
154.54.249.202 - - [16/Mar/2022:22:09:24 +0100] "GET /PmWikiDe/Troubleshooting?action=print HTTP/1.1" 404 2429 "-" "Mozilla/5.0 (compatible; Barkrowler/0.9; +https://babbar.tech/crawler)"
154.54.249.202 - - [16/Mar/2022:22:09:41 +0100] "GET /PmWikiDe/Troubleshooting?action=edit HTTP/1.1" 200 7204 "-" "Mozilla/5.0 (compatible; Barkrowler/0.9; +https://babbar.tech/crawler)"
154.54.249.202 - - [16/Mar/2022:22:10:00 +0100] "GET /PmWikiDe/XLPage?action=edit HTTP/1.1" 200 7080 "-" "Mozilla/5.0 (compatible; Barkrowler/0.9; +https://babbar.tech/crawler)"
154.54.249.202 - - [16/Mar/2022:22:10:15 +0100] "GET /PmWikiDe/Glossary?action=upload HTTP/1.1" 200 7006 "-" "Mozilla/5.0 (compatible; Barkrowler/0.9; +https://babbar.tech/crawler)"
154.54.249.202 - - [16/Mar/2022:22:10:30 +0100] "GET /PmWikiDe/Glossary?action=print HTTP/1.1" 404 2401 "-" "Mozilla/5.0 (compatible; Barkrowler/0.9; +https://babbar.tech/crawler)"
154.54.249.202 - - [16/Mar/2022:22:10:47 +0100] "GET /PmWikiDe/Glossary?action=edit HTTP/1.1" 200 7106 "-" "Mozilla/5.0 (compatible; Barkrowler/0.9; +https://babbar.tech/crawler)"
154.54.249.202 - - [16/Mar/2022:22:11:02 +0100] "GET /PmWikiDe/Glossary?action=diff HTTP/1.1" 200 7673 "-" "Mozilla/5.0 (compatible; Barkrowler/0.9; +https://babbar.tech/crawler)"
154.54.249.202 - - [16/Mar/2022:22:11:18 +0100] "GET /PmWikiDe/Variables?action=edit HTTP/1.1" 200 7120 "-" "Mozilla/5.0 (compatible; Barkrowler/0.9; +https://babbar.tech/crawler)"
154.54.249.202 - - [16/Mar/2022:22:11:33 +0100] "GET /PmWikiDe/Variables?action=upload HTTP/1.1" 200 7020 "-" "Mozilla/5.0 (compatible; Barkrowler/0.9; +https://babbar.tech/crawler)"
154.54.249.202 - - [16/Mar/2022:22:11:48 +0100] "GET /PmWikiDe/Variables?action=print HTTP/1.1" 200 55317 "-" "Mozilla/5.0 (compatible; Barkrowler/0.9; +https://babbar.tech/crawler)"
154.54.249.202 - - [16/Mar/2022:22:12:04 +0100] "GET /PmWikiDe/Variables?action=diff HTTP/1.1" 200 7689 "-" "Mozilla/5.0 (compatible; Barkrowler/0.9; +https://babbar.tech/crawler)"
154.54.249.202 - - [16/Mar/2022:22:12:19 +0100] "GET /PmWikiDe/Blocklist?action=upload HTTP/1.1" 200 7020 "-" "Mozilla/5.0 (compatible; Barkrowler/0.9; +https://babbar.tech/crawler)"
154.54.249.202 - - [16/Mar/2022:22:12:34 +0100] "GET /PmWikiDe/Blocklist?action=print HTTP/1.1" 404 2405 "-" "Mozilla/5.0 (compatible; Barkrowler/0.9; +https://babbar.tech/crawler)"
154.54.249.202 - - [16/Mar/2022:22:12:50 +0100] "GET /PmWikiDe/Blocklist?action=edit HTTP/1.1" 200 7120 "-" "Mozilla/5.0 (compatible; Barkrowler/0.9; +https://babbar.tech/crawler)"
154.54.249.202 - - [16/Mar/2022:22:13:05 +0100] "GET /PmWikiDe/Blocklist?action=diff HTTP/1.1" 200 7689 "-" "Mozilla/5.0 (compatible; Barkrowler/0.9; +https://babbar.tech/crawler)"
154.54.249.202 - - [16/Mar/2022:22:13:21 +0100] "GET /PmWikiDa/PmWikiDa HTTP/1.1" 200 9029 "-" "Mozilla/5.0 (compatible; Barkrowler/0.9; +https://babbar.tech/crawler)"
154.54.249.202 - - [16/Mar/2022:22:13:36 +0100] "GET /PmWikiCs/WikiWord?action=edit HTTP/1.1" 200 8653 "-" "Mozilla/5.0 (compatible; Barkrowler/0.9; +https://babbar.tech/crawler)"
185.191.171.15 - - [16/Mar/2022:22:13:43 +0100] "GET /PmWikiJa/EditTemplates?action=upload HTTP/1.1" 403 18 "-" "Mozilla/5.0 (compatible; SemrushBot/7~bl; +http://www.semrush.com/bot.html)"
154.54.249.202 - - [16/Mar/2022:22:13:52 +0100] "GET /PmWikiCs/WikiWord?action=upload HTTP/1.1" 200 8553 "-" "Mozilla/5.0 (compatible; Barkrowler/0.9; +https://babbar.tech/crawler)"
154.54.249.202 - - [16/Mar/2022:22:14:07 +0100] "GET /PmWikiCs/WikiWord?action=diff HTTP/1.1" 200 9220 "-" "Mozilla/5.0 (compatible; Barkrowler/0.9; +https://babbar.tech/crawler)"
154.54.249.202 - - [16/Mar/2022:22:14:23 +0100] "GET /PmWikiCs/WikiWord?action=print HTTP/1.1" 404 2401 "-" "Mozilla/5.0 (compatible; Barkrowler/0.9; +https://babbar.tech/crawler)"
154.54.249.202 - - [16/Mar/2022:22:14:38 +0100] "GET /PmWikiCs/XLPage?action=print HTTP/1.1" 200 10410 "-" "Mozilla/5.0 (compatible; Barkrowler/0.9; +https://babbar.tech/crawler)"
154.54.249.202 - - [16/Mar/2022:22:14:54 +0100] "GET /PmWikiCs/XLPage?action=edit HTTP/1.1" 200 8625 "-" "Mozilla/5.0 (compatible; Barkrowler/0.9; +https://babbar.tech/crawler)"
154.54.249.202 - - [16/Mar/2022:22:15:10 +0100] "GET /PmWikiCa/PmWikiCa HTTP/1.1" 200 9107 "-" "Mozilla/5.0 (compatible; Barkrowler/0.9; +https://babbar.tech/crawler)"
154.54.249.202 - - [16/Mar/2022:22:15:25 +0100] "GET /PmWikiHu/PmWikiHu HTTP/1.1" 200 10647 "-" "Mozilla/5.0 (compatible; Barkrowler/0.9; +https://babbar.tech/crawler)"
154.54.249.202 - - [16/Mar/2022:22:15:40 +0100] "GET /PmWikiHu/Upgrades?action=print HTTP/1.1" 404 2401 "-" "Mozilla/5.0 (compatible; Barkrowler/0.9; +https://babbar.tech/crawler)"
154.54.249.202 - - [16/Mar/2022:22:15:55 +0100] "GET /PmWikiHu/Upgrades?action=edit HTTP/1.1" 200 8651 "-" "Mozilla/5.0 (compatible; Barkrowler/0.9; +https://babbar.tech/crawler)"
185.191.171.36 - - [16/Mar/2022:22:16:03 +0100] "GET /PmWikiIt/SimpleTables?action=edit HTTP/1.1" 404 18 "-" "Mozilla/5.0 (compatible; SemrushBot/7~bl; +http://www.semrush.com/bot.html)"
154.54.249.202 - - [16/Mar/2022:22:16:10 +0100] "GET /PmWikiHu/Upgrades?action=upload HTTP/1.1" 200 8551 "-" "Mozilla/5.0 (compatible; Barkrowler/0.9; +https://babbar.tech/crawler)"
154.54.249.202 - - [16/Mar/2022:22:16:26 +0100] "GET /PmWikiHu/Uploads?action=edit HTTP/1.1" 200 8637 "-" "Mozilla/5.0 (compatible; Barkrowler/0.9; +https://babbar.tech/crawler)"
154.54.249.202 - - [16/Mar/2022:22:16:42 +0100] "GET /PmWikiHu/Uploads?action=print HTTP/1.1" 404 2397 "-" "Mozilla/5.0 (compatible; Barkrowler/0.9; +https://babbar.tech/crawler)"
154.54.249.202 - - [16/Mar/2022:22:16:57 +0100] "GET /PmWikiHu/Uploads?action=upload HTTP/1.1" 200 8537 "-" "Mozilla/5.0 (compatible; Barkrowler/0.9; +https://babbar.tech/crawler)"
154.54.249.202 - - [16/Mar/2022:22:17:12 +0100] "GET /PmWikiHu/TipsForEditing HTTP/1.1" 200 8197 "-" "Mozilla/5.0 (compatible; Barkrowler/0.9; +https://babbar.tech/crawler)"
154.54.249.202 - - [16/Mar/2022:22:17:27 +0100] "GET /PmWikiHu/InterMap?action=edit HTTP/1.1" 200 8653 "-" "Mozilla/5.0 (compatible; Barkrowler/0.9; +https://babbar.tech/crawler)"
154.54.249.202 - - [16/Mar/2022:22:17:43 +0100] "GET /PmWikiHu/Installation?action=edit HTTP/1.1" 200 8707 "-" "Mozilla/5.0 (compatible; Barkrowler/0.9; +https://babbar.tech/crawler)"
154.54.249.202 - - [16/Mar/2022:22:17:58 +0100] "GET /PmWikiHu/Installation?action=upload HTTP/1.1" 200 8607 "-" "Mozilla/5.0 (compatible; Barkrowler/0.9; +https://babbar.tech/crawler)"
154.54.249.202 - - [16/Mar/2022:22:18:14 +0100] "GET /PmWikiHu/Installation?action=print HTTP/1.1" 404 2417 "-" "Mozilla/5.0 (compatible; Barkrowler/0.9; +https://babbar.tech/crawler)"
154.54.249.202 - - [16/Mar/2022:22:18:30 +0100] "GET /PmWikiHu/Installation?action=diff HTTP/1.1" 200 9282 "-" "Mozilla/5.0 (compatible; Barkrowler/0.9; +https://babbar.tech/crawler)"
154.54.249.202 - - [16/Mar/2022:22:18:45 +0100] "GET /PmWikiHu/Contributors?action=edit HTTP/1.1" 200 8707 "-" "Mozilla/5.0 (compatible; Barkrowler/0.9; +https://babbar.tech/crawler)"
138.199.59.221 - - [16/Mar/2022:22:18:57 +0100] "GET /Texte/Rezension HTTP/1.1" 200 11812 "http://www.pro-zurituutsch.ch" "Mozilla/5.0 (Windows NT 10.0; Win64; x64) AppleWebKit/537.36 (KHTML, like Gecko) Chrome/62.0.3202.94 Safari/537.36"
154.54.249.202 - - [16/Mar/2022:22:19:01 +0100] "GET /PmWikiHu/Passwords?action=edit HTTP/1.1" 200 8665 "-" "Mozilla/5.0 (compatible; Barkrowler/0.9; +https://babbar.tech/crawler)"
154.54.249.202 - - [16/Mar/2022:22:19:16 +0100] "GET /PmWikiHu/Passwords?action=print HTTP/1.1" 404 2405 "-" "Mozilla/5.0 (compatible; Barkrowler/0.9; +https://babbar.tech/crawler)"
154.54.249.202 - - [16/Mar/2022:22:19:32 +0100] "GET /PmWikiHu/Passwords?action=upload HTTP/1.1" 200 8565 "-" "Mozilla/5.0 (compatible; Barkrowler/0.9; +https://babbar.tech/crawler)"
154.54.249.202 - - [16/Mar/2022:22:19:48 +0100] "GET /PmWikiHu/Directives?action=edit HTTP/1.1" 200 8679 "-" "Mozilla/5.0 (compatible; Barkrowler/0.9; +https://babbar.tech/crawler)"
154.54.249.202 - - [16/Mar/2022:22:20:03 +0100] "GET /PmWikiHu/WikiGroup?action=print HTTP/1.1" 404 2405 "-" "Mozilla/5.0 (compatible; Barkrowler/0.9; +https://babbar.tech/crawler)"
154.54.249.202 - - [16/Mar/2022:22:20:18 +0100] "GET /PmWikiHu/WikiGroup?action=edit HTTP/1.1" 200 8667 "-" "Mozilla/5.0 (compatible; Barkrowler/0.9; +https://babbar.tech/crawler)"
154.54.249.202 - - [16/Mar/2022:22:20:35 +0100] "GET /PmWikiHu/WikiGroup?action=upload HTTP/1.1" 200 8567 "-" "Mozilla/5.0 (compatible; Barkrowler/0.9; +https://babbar.tech/crawler)"
154.54.249.202 - - [16/Mar/2022:22:20:51 +0100] "GET /PmWikiHu/Categories?action=diff HTTP/1.1" 200 9250 "-" "Mozilla/5.0 (compatible; Barkrowler/0.9; +https://babbar.tech/crawler)"
154.54.249.202 - - [16/Mar/2022:22:21:06 +0100] "GET /PmWikiHu/Categories?action=upload HTTP/1.1" 200 8579 "-" "Mozilla/5.0 (compatible; Barkrowler/0.9; +https://babbar.tech/crawler)"
154.54.249.202 - - [16/Mar/2022:22:21:22 +0100] "GET /PmWikiHu/PageHistory?action=edit HTTP/1.1" 200 8695 "-" "Mozilla/5.0 (compatible; Barkrowler/0.9; +https://babbar.tech/crawler)"
154.54.249.202 - - [16/Mar/2022:22:21:37 +0100] "GET /PmWikiHu/PageHistory?action=upload HTTP/1.1" 200 8595 "-" "Mozilla/5.0 (compatible; Barkrowler/0.9; +https://babbar.tech/crawler)"
154.54.249.202 - - [16/Mar/2022:22:21:52 +0100] "GET /PmWikiHu/PageHistory?action=print HTTP/1.1" 404 2413 "-" "Mozilla/5.0 (compatible; Barkrowler/0.9; +https://babbar.tech/crawler)"
154.54.249.202 - - [16/Mar/2022:22:22:07 +0100] "GET /PmWikiHu/PageHistory?action=diff HTTP/1.1" 200 9268 "-" "Mozilla/5.0 (compatible; Barkrowler/0.9; +https://babbar.tech/crawler)"
194.209.200.2 - - [16/Mar/2022:22:22:11 +0100] "GET /robots.txt HTTP/1.1" 200 - "-" "Mozilla/5.0 (compatible; TMMBot/0.2; +http://www.dslab.ch)/Nutch-1.15"
194.209.200.2 - - [16/Mar/2022:22:22:11 +0100] "GET /Texte/ZurcherischEnglish HTTP/1.1" 200 8274 "-" "Mozilla/5.0 (compatible; TMMBot/0.2; +http://www.dslab.ch)/Nutch-1.15"
154.54.249.202 - - [16/Mar/2022:22:22:23 +0100] "GET /PmWikiLt/PmWikiLt HTTP/1.1" 200 9549 "-" "Mozilla/5.0 (compatible; Barkrowler/0.9; +https://babbar.tech/crawler)"
154.54.249.202 - - [16/Mar/2022:22:22:39 +0100] "GET /PmWikiZhCn/SideBar HTTP/1.1" 200 15269 "-" "Mozilla/5.0 (compatible; Barkrowler/0.9; +https://babbar.tech/crawler)"
154.54.249.202 - - [16/Mar/2022:22:22:55 +0100] "GET /PmWikiVi/TinhNang HTTP/1.1" 200 25913 "-" "Mozilla/5.0 (compatible; Barkrowler/0.9; +https://babbar.tech/crawler)"
154.54.249.202 - - [16/Mar/2022:22:23:11 +0100] "GET /PmWikiVi/Links?action=diff HTTP/1.1" 200 12107 "-" "Mozilla/5.0 (compatible; Barkrowler/0.9; +https://babbar.tech/crawler)"
194.209.200.2 - - [16/Mar/2022:22:23:27 +0100] "GET /Admin/Jahresbericht HTTP/1.1" 200 45530 "-" "Mozilla/5.0 (compatible; TMMBot/0.2; +http://www.dslab.ch)/Nutch-1.15"
154.54.249.202 - - [16/Mar/2022:22:23:27 +0100] "GET /PmWikiVi/Links?action=print HTTP/1.1" 404 2389 "-" "Mozilla/5.0 (compatible; Barkrowler/0.9; +https://babbar.tech/crawler)"
154.54.249.202 - - [16/Mar/2022:22:23:43 +0100] "GET /PmWikiVi/Links?action=edit HTTP/1.1" 200 11546 "-" "Mozilla/5.0 (compatible; Barkrowler/0.9; +https://babbar.tech/crawler)"
194.209.200.2 - - [16/Mar/2022:22:23:49 +0100] "GET /Texte/Schrybwys HTTP/1.1" 200 11028 "-" "Mozilla/5.0 (compatible; TMMBot/0.2; +http://www.dslab.ch)/Nutch-1.15"
154.54.249.202 - - [16/Mar/2022:22:24:02 +0100] "GET /PmWikiVi/Links?action=upload HTTP/1.1" 200 11446 "-" "Mozilla/5.0 (compatible; Barkrowler/0.9; +https://babbar.tech/crawler)"
154.54.249.202 - - [16/Mar/2022:22:24:19 +0100] "GET /PmWikiVi/SideBar?action=print HTTP/1.1" 200 9826 "-" "Mozilla/5.0 (compatible; Barkrowler/0.9; +https://babbar.tech/crawler)"
154.54.249.202 - - [16/Mar/2022:22:24:35 +0100] "GET /PmWikiVi/SideBar?action=edit HTTP/1.1" 200 11576 "-" "Mozilla/5.0 (compatible; Barkrowler/0.9; +https://babbar.tech/crawler)"
194.209.200.2 - - [16/Mar/2022:22:24:48 +0100] "GET /Texte/GDicht HTTP/1.1" 200 8050 "-" "Mozilla/5.0 (compatible; TMMBot/0.2; +http://www.dslab.ch)/Nutch-1.15"
154.54.249.202 - - [16/Mar/2022:22:24:50 +0100] "GET /PmWikiVi/ChMI?action=print HTTP/1.1" 404 2385 "-" "Mozilla/5.0 (compatible; Barkrowler/0.9; +https://babbar.tech/crawler)"
154.54.249.202 - - [16/Mar/2022:22:25:06 +0100] "GET /PmWikiVi/ChMI?action=edit HTTP/1.1" 200 11534 "-" "Mozilla/5.0 (compatible; Barkrowler/0.9; +https://babbar.tech/crawler)"
194.209.200.2 - - [16/Mar/2022:22:25:16 +0100] "GET /Admin/Links HTTP/1.1" 200 14193 "-" "Mozilla/5.0 (compatible; TMMBot/0.2; +http://www.dslab.ch)/Nutch-1.15"
154.54.249.202 - - [16/Mar/2022:22:25:21 +0100] "GET /PmWikiVi/ChMI?action=upload HTTP/1.1" 200 11434 "-" "Mozilla/5.0 (compatible; Barkrowler/0.9; +https://babbar.tech/crawler)"
194.209.200.2 - - [16/Mar/2022:22:25:24 +0100] "GET /Texte/Metamorphoses HTTP/1.1" 200 9045 "-" "Mozilla/5.0 (compatible; TMMBot/0.2; +http://www.dslab.ch)/Nutch-1.15"
154.54.249.202 - - [16/Mar/2022:22:25:37 +0100] "GET /PmWikiNl/Links?action=diff HTTP/1.1" 200 7774 "-" "Mozilla/5.0 (compatible; Barkrowler/0.9; +https://babbar.tech/crawler)"
154.54.249.202 - - [16/Mar/2022:22:25:52 +0100] "GET /PmWikiNl/Cookbook?action=diff HTTP/1.1" 200 7822 "-" "Mozilla/5.0 (compatible; Barkrowler/0.9; +https://babbar.tech/crawler)"
154.54.249.202 - - [16/Mar/2022:22:26:08 +0100] "GET /PmWikiNl/Cookbook?action=print HTTP/1.1" 404 2401 "-" "Mozilla/5.0 (compatible; Barkrowler/0.9; +https://babbar.tech/crawler)"
154.54.249.202 - - [16/Mar/2022:22:26:23 +0100] "GET /PmWikiNl/Cookbook?action=edit HTTP/1.1" 200 7255 "-" "Mozilla/5.0 (compatible; Barkrowler/0.9; +https://babbar.tech/crawler)"
154.54.249.202 - - [16/Mar/2022:22:26:38 +0100] "GET /PmWikiNl/Cookbook?action=upload HTTP/1.1" 200 7155 "-" "Mozilla/5.0 (compatible; Barkrowler/0.9; +https://babbar.tech/crawler)"
154.54.249.202 - - [16/Mar/2022:22:26:54 +0100] "GET /PmWikiNl/InterMap?action=print HTTP/1.1" 404 2401 "-" "Mozilla/5.0 (compatible; Barkrowler/0.9; +https://babbar.tech/crawler)"
194.209.200.2 - - [16/Mar/2022:22:27:09 +0100] "GET /Admin/Pro-ZurituutschStatuten HTTP/1.1" 200 9580 "-" "Mozilla/5.0 (compatible; TMMBot/0.2; +http://www.dslab.ch)/Nutch-1.15"
154.54.249.202 - - [16/Mar/2022:22:27:09 +0100] "GET /PmWikiNl/InterMap?action=edit HTTP/1.1" 200 7257 "-" "Mozilla/5.0 (compatible; Barkrowler/0.9; +https://babbar.tech/crawler)"
154.54.249.202 - - [16/Mar/2022:22:27:24 +0100] "GET /PmWikiNl/Installation?action=print HTTP/1.1" 404 2417 "-" "Mozilla/5.0 (compatible; Barkrowler/0.9; +https://babbar.tech/crawler)"
194.209.200.2 - - [16/Mar/2022:22:27:35 +0100] "GET /Admin/ZurStiftung HTTP/1.1" 200 10864 "-" "Mozilla/5.0 (compatible; TMMBot/0.2; +http://www.dslab.ch)/Nutch-1.15"
154.54.249.202 - - [16/Mar/2022:22:27:40 +0100] "GET /PmWikiNl/Installation?action=edit HTTP/1.1" 200 7311 "-" "Mozilla/5.0 (compatible; Barkrowler/0.9; +https://babbar.tech/crawler)"
154.54.249.202 - - [16/Mar/2022:22:27:55 +0100] "GET /PmWikiNl/Basisbeginselen HTTP/1.1" 200 24495 "-" "Mozilla/5.0 (compatible; Barkrowler/0.9; +https://babbar.tech/crawler)"
154.54.249.202 - - [16/Mar/2022:22:28:10 +0100] "GET /PmWikiRu/References?action=print HTTP/1.1" 200 4999 "-" "Mozilla/5.0 (compatible; Barkrowler/0.9; +https://babbar.tech/crawler)"
194.209.200.2 - - [16/Mar/2022:22:28:23 +0100] "GET /Texte/Bitterbeuhsi HTTP/1.1" 200 9255 "-" "Mozilla/5.0 (compatible; TMMBot/0.2; +http://www.dslab.ch)/Nutch-1.15"
154.54.249.202 - - [16/Mar/2022:22:28:26 +0100] "GET /PmWikiDe/IncludeOtherPages HTTP/1.1" 200 9659 "-" "Mozilla/5.0 (compatible; Barkrowler/0.9; +https://babbar.tech/crawler)"
154.54.249.202 - - [16/Mar/2022:22:28:42 +0100] "GET /PmWikiDe/Links?action=diff HTTP/1.1" 200 7631 "-" "Mozilla/5.0 (compatible; Barkrowler/0.9; +https://babbar.tech/crawler)"
194.209.200.2 - - [16/Mar/2022:22:28:46 +0100] "GET /Gast/Podcast HTTP/1.1" 200 8106 "-" "Mozilla/5.0 (compatible; TMMBot/0.2; +http://www.dslab.ch)/Nutch-1.15"
154.54.249.202 - - [16/Mar/2022:22:28:57 +0100] "GET /PmWikiDe/Contributors?action=diff HTTP/1.1" 200 7735 "-" "Mozilla/5.0 (compatible; Barkrowler/0.9; +https://babbar.tech/crawler)"
154.54.249.202 - - [16/Mar/2022:22:29:13 +0100] "GET /PmWikiDe/Contributors?action=upload HTTP/1.1" 200 7060 "-" "Mozilla/5.0 (compatible; Barkrowler/0.9; +https://babbar.tech/crawler)"
154.54.249.202 - - [16/Mar/2022:22:29:29 +0100] "GET /PmWikiDe/Contributors?action=print HTTP/1.1" 200 5527 "-" "Mozilla/5.0 (compatible; Barkrowler/0.9; +https://babbar.tech/crawler)"
185.191.171.13 - - [16/Mar/2022:22:29:37 +0100] "GET /PmWikiFr/MailingLists?action=diff HTTP/1.1" 403 18 "-" "Mozilla/5.0 (compatible; SemrushBot/7~bl; +http://www.semrush.com/bot.html)"
154.54.249.202 - - [16/Mar/2022:22:29:44 +0100] "GET /PmWikiDe/ContactUs?action=edit HTTP/1.1" 200 7122 "-" "Mozilla/5.0 (compatible; Barkrowler/0.9; +https://babbar.tech/crawler)"
154.54.249.202 - - [16/Mar/2022:22:30:00 +0100] "GET /PmWikiDe/ContactUs?action=diff HTTP/1.1" 200 7691 "-" "Mozilla/5.0 (compatible; Barkrowler/0.9; +https://babbar.tech/crawler)"
154.54.249.202 - - [16/Mar/2022:22:30:15 +0100] "GET /PmWikiDe/ContactUs?action=upload HTTP/1.1" 200 7022 "-" "Mozilla/5.0 (compatible; Barkrowler/0.9; +https://babbar.tech/crawler)"
154.54.249.202 - - [16/Mar/2022:22:30:32 +0100] "GET /PmWikiDe/ContactUs?action=print HTTP/1.1" 404 2405 "-" "Mozilla/5.0 (compatible; Barkrowler/0.9; +https://babbar.tech/crawler)"
154.54.249.202 - - [16/Mar/2022:22:30:48 +0100] "GET /PmWikiDe/PatrickMichaud HTTP/1.1" 200 7193 "-" "Mozilla/5.0 (compatible; Barkrowler/0.9; +https://babbar.tech/crawler)"
154.54.249.202 - - [16/Mar/2022:22:31:05 +0100] "GET /PmWikiDe/GroupHeaders?action=edit HTTP/1.1" 200 7180 "-" "Mozilla/5.0 (compatible; Barkrowler/0.9; +https://babbar.tech/crawler)"
154.54.249.202 - - [16/Mar/2022:22:31:20 +0100] "GET /PmWikiDe/GroupHeaders?action=upload HTTP/1.1" 200 7080 "-" "Mozilla/5.0 (compatible; Barkrowler/0.9; +https://babbar.tech/crawler)"
154.54.249.202 - - [16/Mar/2022:22:31:36 +0100] "GET /PmWikiDe/GroupHeaders?action=print HTTP/1.1" 200 5406 "-" "Mozilla/5.0 (compatible; Barkrowler/0.9; +https://babbar.tech/crawler)"
154.54.249.202 - - [16/Mar/2022:22:31:51 +0100] "GET /PmWikiDe/GroupAttributes?action=edit HTTP/1.1" 200 7206 "-" "Mozilla/5.0 (compatible; Barkrowler/0.9; +https://babbar.tech/crawler)"
154.54.249.202 - - [16/Mar/2022:22:32:07 +0100] "GET /PmWikiDe/GroupAttributes?action=diff HTTP/1.1" 200 7787 "-" "Mozilla/5.0 (compatible; Barkrowler/0.9; +https://babbar.tech/crawler)"
154.54.249.202 - - [16/Mar/2022:22:32:22 +0100] "GET /PmWikiDe/GroupAttributes?action=upload HTTP/1.1" 200 7106 "-" "Mozilla/5.0 (compatible; Barkrowler/0.9; +https://babbar.tech/crawler)"
154.54.249.202 - - [16/Mar/2022:22:32:38 +0100] "GET /PmWikiDe/GroupAttributes?action=print HTTP/1.1" 200 2326 "-" "Mozilla/5.0 (compatible; Barkrowler/0.9; +https://babbar.tech/crawler)"
154.54.249.202 - - [16/Mar/2022:22:32:53 +0100] "GET /PmWikiDe/Terminologie?action=edit HTTP/1.1" 200 7162 "-" "Mozilla/5.0 (compatible; Barkrowler/0.9; +https://babbar.tech/crawler)"
154.54.249.202 - - [16/Mar/2022:22:33:09 +0100] "GET /PmWikiDe/Terminologie?action=diff HTTP/1.1" 200 7737 "-" "Mozilla/5.0 (compatible; Barkrowler/0.9; +https://babbar.tech/crawler)"
154.54.249.202 - - [16/Mar/2022:22:33:24 +0100] "GET /PmWikiDe/Terminologie?action=upload HTTP/1.1" 200 7062 "-" "Mozilla/5.0 (compatible; Barkrowler/0.9; +https://babbar.tech/crawler)"
154.54.249.202 - - [16/Mar/2022:22:33:40 +0100] "GET /PmWikiDe/Terminologie?action=print HTTP/1.1" 200 4954 "-" "Mozilla/5.0 (compatible; Barkrowler/0.9; +https://babbar.tech/crawler)"
154.54.249.202 - - [16/Mar/2022:22:33:56 +0100] "GET /PmWikiDe/Passwords?action=print HTTP/1.1" 200 8642 "-" "Mozilla/5.0 (compatible; Barkrowler/0.9; +https://babbar.tech/crawler)"
154.54.249.202 - - [16/Mar/2022:22:34:11 +0100] "GET /PmWikiDe/Passwords?action=edit HTTP/1.1" 200 7122 "-" "Mozilla/5.0 (compatible; Barkrowler/0.9; +https://babbar.tech/crawler)"
154.54.249.202 - - [16/Mar/2022:22:34:27 +0100] "GET /PmWikiDe/ListLocal?action=diff HTTP/1.1" 200 7691 "-" "Mozilla/5.0 (compatible; Barkrowler/0.9; +https://babbar.tech/crawler)"
154.54.249.202 - - [16/Mar/2022:22:34:42 +0100] "GET /PmWikiDe/ListLocal?action=upload HTTP/1.1" 200 7022 "-" "Mozilla/5.0 (compatible; Barkrowler/0.9; +https://babbar.tech/crawler)"
154.54.249.202 - - [16/Mar/2022:22:35:03 +0100] "GET /PmWikiDe/DeletingPages HTTP/1.1" 200 8100 "-" "Mozilla/5.0 (compatible; Barkrowler/0.9; +https://babbar.tech/crawler)"
154.54.249.202 - - [16/Mar/2022:22:35:19 +0100] "GET /PmWikiDe/BasicVariables HTTP/1.1" 200 16116 "-" "Mozilla/5.0 (compatible; Barkrowler/0.9; +https://babbar.tech/crawler)"
154.54.249.202 - - [16/Mar/2022:22:35:34 +0100] "GET /PmWikiDe/Forms?action=diff HTTP/1.1" 200 7625 "-" "Mozilla/5.0 (compatible; Barkrowler/0.9; +https://babbar.tech/crawler)"
154.54.249.202 - - [16/Mar/2022:22:35:51 +0100] "GET /PmWikiDe/Audiences?action=upload HTTP/1.1" 200 7024 "-" "Mozilla/5.0 (compatible; Barkrowler/0.9; +https://babbar.tech/crawler)"
154.54.249.202 - - [16/Mar/2022:22:36:06 +0100] "GET /PmWikiDe/Audiences?action=print HTTP/1.1" 200 7822 "-" "Mozilla/5.0 (compatible; Barkrowler/0.9; +https://babbar.tech/crawler)"
154.54.249.202 - - [16/Mar/2022:22:36:21 +0100] "GET /PmWikiDe/Audiences?action=edit HTTP/1.1" 200 7124 "-" "Mozilla/5.0 (compatible; Barkrowler/0.9; +https://babbar.tech/crawler)"
154.54.249.202 - - [16/Mar/2022:22:36:37 +0100] "GET /PmWikiDe/Audiences?action=diff HTTP/1.1" 200 7693 "-" "Mozilla/5.0 (compatible; Barkrowler/0.9; +https://babbar.tech/crawler)"
185.191.171.39 - - [16/Mar/2022:22:36:52 +0100] "GET /robots.txt HTTP/1.1" 200 - "-" "Mozilla/5.0 (compatible; SemrushBot/7~bl; +http://www.semrush.com/bot.html)"
154.54.249.202 - - [16/Mar/2022:22:36:52 +0100] "GET /PmWikiDe/AuthUser?action=edit HTTP/1.1" 200 7108 "-" "Mozilla/5.0 (compatible; Barkrowler/0.9; +https://babbar.tech/crawler)"
185.191.171.3 - - [16/Mar/2022:22:36:53 +0100] "GET /PmWikiDa/PmWikiDa HTTP/1.1" 200 9029 "-" "Mozilla/5.0 (compatible; SemrushBot/7~bl; +http://www.semrush.com/bot.html)"
154.54.249.202 - - [16/Mar/2022:22:37:07 +0100] "GET /PmWikiDe/MailPosts?action=edit HTTP/1.1" 200 7178 "-" "Mozilla/5.0 (compatible; Barkrowler/0.9; +https://babbar.tech/crawler)"
154.54.249.202 - - [16/Mar/2022:22:37:23 +0100] "GET /PmWikiDe/PageHistory?action=diff HTTP/1.1" 200 7727 "-" "Mozilla/5.0 (compatible; Barkrowler/0.9; +https://babbar.tech/crawler)"
154.54.249.202 - - [16/Mar/2022:22:37:39 +0100] "GET /PmWikiDe/InterMap?action=diff HTTP/1.1" 200 7689 "-" "Mozilla/5.0 (compatible; Barkrowler/0.9; +https://babbar.tech/crawler)"
185.191.171.36 - - [16/Mar/2022:22:37:43 +0100] "GET /Texte/Bitterbeuhsi HTTP/1.1" 200 9255 "-" "Mozilla/5.0 (compatible; SemrushBot/7~bl; +http://www.semrush.com/bot.html)"
154.54.249.202 - - [16/Mar/2022:22:37:55 +0100] "GET /PmWikiDe/InterMap?action=upload HTTP/1.1" 200 7022 "-" "Mozilla/5.0 (compatible; Barkrowler/0.9; +https://babbar.tech/crawler)"
154.54.249.202 - - [16/Mar/2022:22:38:11 +0100] "GET /PmWikiDe/MarkupMasterIndex HTTP/1.1" 200 20069 "-" "Mozilla/5.0 (compatible; Barkrowler/0.9; +https://babbar.tech/crawler)"
3.219.254.95 - - [16/Mar/2022:22:38:21 +0100] "GET /PodCast/IndexPage?action=rss HTTP/1.1" 200 6298 "-" "PocketCasts/1.0 (Pocket Casts Feed Parser; +http://pocketcasts.com/)"
154.54.249.202 - - [16/Mar/2022:22:38:26 +0100] "GET /PmWikiDe/SitePages?action=diff HTTP/1.1" 200 7691 "-" "Mozilla/5.0 (compatible; Barkrowler/0.9; +https://babbar.tech/crawler)"
154.54.249.202 - - [16/Mar/2022:22:38:41 +0100] "GET /PmWikiDe/SitePages?action=upload HTTP/1.1" 200 7022 "-" "Mozilla/5.0 (compatible; Barkrowler/0.9; +https://babbar.tech/crawler)"
154.54.249.202 - - [16/Mar/2022:22:38:57 +0100] "GET /PmWikiDe/BackupAndRestore HTTP/1.1" 200 11570 "-" "Mozilla/5.0 (compatible; Barkrowler/0.9; +https://babbar.tech/crawler)"
154.54.249.202 - - [16/Mar/2022:22:39:13 +0100] "GET /PmWikiCs/Sandbox?action=diff HTTP/1.1" 200 9202 "-" "Mozilla/5.0 (compatible; Barkrowler/0.9; +https://babbar.tech/crawler)"
154.54.249.202 - - [16/Mar/2022:22:39:29 +0100] "GET /PmWikiCs/Sandbox?action=upload HTTP/1.1" 200 8537 "-" "Mozilla/5.0 (compatible; Barkrowler/0.9; +https://babbar.tech/crawler)"
154.54.249.202 - - [16/Mar/2022:22:39:45 +0100] "GET /PmWikiCs/Sandbox?action=print HTTP/1.1" 200 4060 "-" "Mozilla/5.0 (compatible; Barkrowler/0.9; +https://babbar.tech/crawler)"
66.249.70.97 - - [16/Mar/2022:22:39:46 +0100] "GET /PodCast/IndexPage?action=rss HTTP/1.1" 200 6298 "-" "Mozilla/5.0 (compatible; Googlebot/2.1; +http://www.google.com/bot.html)"
